app
app/Application
app/Application/Election
app/Application/Election/Contracts
app/Application/Election/Contracts/ElectionLifecycleContract.php
app/Application/Election/Contracts/ElectionLifecycleFactory.php
app/Application/Election/Deprecation
app/Application/Election/Deprecation/DeprecationAccessGuard.php
app/Application/Election/Deprecation/DeprecationPolicy.php
app/Application/Election/Deprecation/ElectionReadModel.php
app/Application/Election/Deprecation/QueryPolicyGuard.php
app/Application/Election/Facades
app/Application/Election/Facades/ElectionLifecycle.php
app/Application/Election/Governance
app/Application/Election/Governance/ElectionStateWriteContext.php
app/Application/Election/LifecycleSnapshot
app/Application/Election/Monitoring
app/Application/Election/Monitoring/ConstitutionalDriftMonitor.php
app/Application/Election/Monitoring/ConstitutionalMetrics.php
app/Application/Election/Monitoring/ConstitutionalMetricsContract.php
app/Application/Election/Monitoring/DriftMonitorInterface.php
app/Application/Election/Monitoring/SSOTViolationEvent.php
app/Application/Election/Services
app/Application/Election/Services/ConstitutionalTransitionGuard.php
app/Application/Election/Services/ElectionLifecycleEngineImpl.php
app/Application/Locale
app/Application/Locale/DetectLocaleUseCase.php
app/Concerns
app/Concerns/Synchronizable.php
app/Console
app/Console/Commands
app/Console/Commands/ActivateElectionCommand.php
app/Console/Commands/AddHimaniCandidateCommand.php
app/Console/Commands/AddHimaniDirectCommand.php
app/Console/Commands/ArchitectureBaselineCommand.php
app/Console/Commands/AssignUserToOrganisation.php
app/Console/Commands/AuditCleanup.php
app/Console/Commands/BackfillCanonicalGeoIds.php
app/Console/Commands/BackfillElectionState.php
app/Console/Commands/BackfillMemberDirectories.php
app/Console/Commands/BulkApproveVoters.php
app/Console/Commands/BulkDisapproveVoters.php
app/Console/Commands/CheckVereinswahlenKeywords.php
app/Console/Commands/CleanupExpiredVoterSlugs.php
app/Console/Commands/ComprehensiveTestCommand.php
app/Console/Commands/CreateFullElectionSimulationCommand.php
app/Console/Commands/CreateRandomVotesCommand.php
app/Console/Commands/CreateSampleVotesCommand.php
app/Console/Commands/DebugVoterSlug.php
app/Console/Commands/DiagnoseOrganisationMismatch.php
app/Console/Commands/ElectionConstitutionHealth.php
app/Console/Commands/EndVotingPeriod.php
app/Console/Commands/ExpireMemberships.php
app/Console/Commands/FlushExpiringVoterCaches.php
app/Console/Commands/GenerateRecoverySlug.php
app/Console/Commands/GovernanceRebuildProjections.php
app/Console/Commands/ImportUsers.php
app/Console/Commands/ListAllElections.php
app/Console/Commands/OptimizeMeta.php
app/Console/Commands/PeriodicSynshronise.php
app/Console/Commands/PopulateAllPostsCommand.php
app/Console/Commands/ProcessElectionAutoTransitions.php
app/Console/Commands/ProcessMembershipExpiryCommand.php
app/Console/Commands/ProcessOutboxEvents.php
app/Console/Commands/PublishResults.php
app/Console/Commands/ResetElection.php
app/Console/Commands/SetupDemoElection.php
app/Console/Commands/SetupTestElectionCommand.php
app/Console/Commands/SimplePopulateCommand.php
app/Console/Commands/StartVotingPeriod.php
app/Console/Commands/TestRunActivateStructureCommand.php
app/Console/Commands/TestVoteCountingCommand.php
app/Console/Commands/TestWebInterfaceCommand.php
app/Console/Commands/TestWithHimaniCommand.php
app/Console/Commands/UnpublishResults.php
app/Console/Commands/ValidateDashboardResolverLogging.php
app/Console/Commands/VerifyArchitecture.php
app/Contexts
app/Contexts/Committee
app/Contexts/Committee/Application
app/Contexts/Committee/Application/ReadModel
app/Contexts/Committee/Application/ReadModel/CommitteeMembershipReadModelAdapter.php
app/Contexts/Committee/Application/ReadModel/CommitteeMembershipStats.php
app/Contexts/Committee/Application/ReadModel/CommitteeMemberView.php
app/Contexts/Committee/Infrastructure
app/Contexts/Committee/Infrastructure/Persistence
app/Contexts/Committee/Infrastructure/Persistence/EloquentCommitteeMembershipReadModelAdapter.php
app/Contexts/Elections
app/Contexts/Elections/Application
app/Contexts/Elections/Application/Commands
app/Contexts/Elections/Application/Commands/AssignVoterCommand.php
app/Contexts/Elections/Application/Commands/BulkAssignVotersCommand.php
app/Contexts/Elections/Application/Handlers
app/Contexts/Elections/Application/Handlers/AssignVoterHandler.php
app/Contexts/Elections/Application/Handlers/BulkAssignVotersHandler.php
app/Contexts/Elections/Domain
app/Contexts/Elections/Domain/Exceptions
app/Contexts/Elections/Domain/Exceptions/DuplicateVoterException.php
app/Contexts/Elections/Domain/Exceptions/VoterNotEligibleException.php
app/Contexts/Elections/Domain/Policies
app/Contexts/Elections/Domain/Policies/ElectionOnlyPolicy.php
app/Contexts/Elections/Domain/Policies/FullMembershipPolicy.php
app/Contexts/Elections/Domain/Policies/VoterEligibilityPolicy.php
app/Contexts/Elections/Domain/Repositories
app/Contexts/Elections/Domain/Repositories/VoterRepositoryInterface.php
app/Contexts/Elections/Domain/ValueObjects
app/Contexts/Elections/Domain/ValueObjects/EligibilityContext.php
app/Contexts/Elections/Infrastructure
app/Contexts/Elections/Infrastructure/Policies
app/Contexts/Elections/Infrastructure/Policies/EloquentVoterEligibilityQueryService.php
app/Contexts/Elections/Infrastructure/Repositories
app/Contexts/Elections/Infrastructure/Repositories/EloquentVoterRepository.php
app/Contexts/Finance
app/Contexts/Finance/Events
app/Contexts/Finance/Events/FeePaidProjection.php
app/Contexts/Geography
app/Contexts/Geography/Application
app/Contexts/Geography/Application/DTOs
app/Contexts/Geography/Application/DTOs/CascaderConfigDTO.php
app/Contexts/Geography/Application/DTOs/GeoHierarchyResponse.php
app/Contexts/Geography/Application/DTOs/GeoUnitResponse.php
app/Contexts/Geography/Application/DTOs/GeoUnitResponseMapper.php
app/Contexts/Geography/Application/DTOs/GeoUnitSummaryResponse.php
app/Contexts/Geography/Application/Jobs
app/Contexts/Geography/Application/Jobs/InstallGeographyModule.php
app/Contexts/Geography/Application/Services
app/Contexts/Geography/Application/Services/DailyGeographySync.php
app/Contexts/Geography/Application/Services/GeographyAntiCorruptionLayer.php
app/Contexts/Geography/Application/Services/GeographyCandidateService.php
app/Contexts/Geography/Application/Services/GeographyMirrorService.php
app/Contexts/Geography/Application/Services/GeographyService.php
app/Contexts/Geography/Application/Services/GeoHierarchyProjectionBuilder.php
app/Contexts/Geography/Application/Services/GeoReferenceBuilder.php
app/Contexts/Geography/Application/Services/GeoReferenceParser.php
app/Contexts/Geography/Domain
app/Contexts/Geography/Domain/Entities
app/Contexts/Geography/Domain/Entities/GeoAdministrativeUnit.php
app/Contexts/Geography/Domain/Enums
app/Contexts/Geography/Domain/Enums/GeoLevelType.php
app/Contexts/Geography/Domain/Exceptions
app/Contexts/Geography/Domain/Exceptions/CountryNotSupportedException.php
app/Contexts/Geography/Domain/Exceptions/InvalidHierarchyException.php
app/Contexts/Geography/Domain/Exceptions/InvalidParentChildException.php
app/Contexts/Geography/Domain/Exceptions/MaxHierarchyDepthException.php
app/Contexts/Geography/Domain/Exceptions/MissingRequiredLevelException.php
app/Contexts/Geography/Domain/Models
app/Contexts/Geography/Domain/Models/Country.php
app/Contexts/Geography/Domain/Models/GeoAdministrativeUnit.php
app/Contexts/Geography/Domain/Models/TenantGeographyProfile.php
app/Contexts/Geography/Domain/Repositories
app/Contexts/Geography/Domain/Repositories/FuzzyMatchingRepositoryInterface.php
app/Contexts/Geography/Domain/Repositories/GeoUnitRepositoryInterface.php
app/Contexts/Geography/Domain/Services
app/Contexts/Geography/Domain/Services/FuzzyMatchingService.php
app/Contexts/Geography/Domain/Services/GeographicStructureTypeValidator.php
app/Contexts/Geography/Domain/Services/GeographyDomainService.php
app/Contexts/Geography/Domain/Services/GeographyLevelClassifier.php
app/Contexts/Geography/Domain/Services/GeographyPathService.php
app/Contexts/Geography/Domain/Services/GeoLevelMappingResolver.php
app/Contexts/Geography/Domain/ValueObjects
app/Contexts/Geography/Domain/ValueObjects/CountryCode.php
app/Contexts/Geography/Domain/ValueObjects/GeographicCode.php
app/Contexts/Geography/Domain/ValueObjects/GeographicLevelConfig.php
app/Contexts/Geography/Domain/ValueObjects/GeographicScope.php
app/Contexts/Geography/Domain/ValueObjects/GeographicStructure.php
app/Contexts/Geography/Domain/ValueObjects/GeographyHierarchy.php
app/Contexts/Geography/Domain/ValueObjects/GeographyLevel.php
app/Contexts/Geography/Domain/ValueObjects/GeoPath.php
app/Contexts/Geography/Domain/ValueObjects/GeoReference.php
app/Contexts/Geography/Domain/ValueObjects/GeoUnitId.php
app/Contexts/Geography/Domain/ValueObjects/LocalizedName.php
app/Contexts/Geography/Domain/ValueObjects/MatchCategory.php
app/Contexts/Geography/Domain/ValueObjects/MatchResult.php
app/Contexts/Geography/Domain/ValueObjects/PotentialMatches.php
app/Contexts/Geography/Domain/ValueObjects/SimilarityScore.php
app/Contexts/Geography/Http
app/Contexts/Geography/Http/Controllers
app/Contexts/Geography/Http/Controllers/AdministrativeUnitController.php
app/Contexts/Geography/Http/Controllers/CountryController.php
app/Contexts/Geography/Http/Controllers/GeographyController.php
app/Contexts/Geography/Http/Requests
app/Contexts/Geography/Http/Requests/AdministrativeUnitRequest.php
app/Contexts/Geography/Http/Requests/GeographyHierarchyRequest.php
app/Contexts/Geography/Http/Resources
app/Contexts/Geography/Http/Resources/AdministrativeUnitResource.php
app/Contexts/Geography/Http/Resources/CountryResource.php
app/Contexts/Geography/Http/Resources/GeographyHierarchyResource.php
app/Contexts/Geography/Infrastructure
app/Contexts/Geography/Infrastructure/Database
app/Contexts/Geography/Infrastructure/Database/Migrations
app/Contexts/Geography/Infrastructure/Database/Migrations/Landlord
app/Contexts/Geography/Infrastructure/Database/Migrations/Landlord/2025_01_01_000001_create_countries_table.php
app/Contexts/Geography/Infrastructure/Database/Migrations/Landlord/2025_01_01_000002_create_geo_administrative_units_table.php
app/Contexts/Geography/Infrastructure/Database/Migrations/Landlord/2026_01_14_000003_extend_level_range_add_continents.php
app/Contexts/Geography/Infrastructure/Database/Migrations/Landlord/2026_05_11_000001_add_version_to_geo_administrative_units.php
app/Contexts/Geography/Infrastructure/Database/Migrations/Neuer Ordner
app/Contexts/Geography/Infrastructure/Database/Migrations/Tenant
app/Contexts/Geography/Infrastructure/Database/Migrations/Tenant/2025_01_01_000001_create_geo_administrative_units_table.php
app/Contexts/Geography/Infrastructure/Database/Migrations/Tenant/2026_01_14_000001_extend_admin_level_range_to_0_10.php
app/Contexts/Geography/Infrastructure/Database/Migrations/Tenant/2026_05_11_000001_add_version_to_geo_administrative_units.php
app/Contexts/Geography/Infrastructure/Database/Seeders
app/Contexts/Geography/Infrastructure/Database/Seeders/CountriesSeeder.php
app/Contexts/Geography/Infrastructure/Database/Seeders/NepalGeographySeeder.php
app/Contexts/Geography/Infrastructure/Exceptions
app/Contexts/Geography/Infrastructure/Exceptions/ConcurrencyException.php
app/Contexts/Geography/Infrastructure/Providers
app/Contexts/Geography/Infrastructure/Providers/GeographyServiceProvider.php
app/Contexts/Geography/Infrastructure/Repositories
app/Contexts/Geography/Infrastructure/Repositories/EloquentFuzzyMatchingRepository.php
app/Contexts/Geography/Infrastructure/Repositories/EloquentGeoUnitRepository.php
app/Contexts/Geography/Infrastructure/Services
app/Contexts/Geography/Infrastructure/Services/DatabaseGeoLevelMappingResolver.php
app/Contexts/Geography/Infrastructure/Services/GeographyLookupService.php
app/Contexts/Geography/Infrastructure/Validators
app/Contexts/Geography/Infrastructure/Validators/GeographicStructureValidator.php
app/Contexts/Governance
app/Contexts/Governance/API
app/Contexts/Governance/API/V1
app/Contexts/Governance/API/V1/Controllers
app/Contexts/Governance/API/V1/Controllers/GovernanceCommitteeController.php
app/Contexts/Governance/API/V1/Controllers/GovernanceHealthController.php
app/Contexts/Governance/API/V1/Controllers/GovernanceHierarchyController.php
app/Contexts/Governance/API/V1/Requests
app/Contexts/Governance/API/V1/Requests/HierarchyQueryRequest.php
app/Contexts/Governance/API/V1/Responses
app/Contexts/Governance/API/V1/Responses/CommitteeChildrenResponse.php
app/Contexts/Governance/API/V1/Responses/CommitteeGovernanceResponse.php
app/Contexts/Governance/API/V1/Responses/CommitteeHierarchyResponse.php
app/Contexts/Governance/API/V1/Responses/CommitteeSummaryResponse.php
app/Contexts/Governance/API/V1/Responses/ErrorResponse.php
app/Contexts/Governance/API/V1/Responses/GovernanceHealthResponse.php
app/Contexts/Governance/Application
app/Contexts/Governance/Application/Approval
app/Contexts/Governance/Application/Approval/ApprovalProcessRepository.php
app/Contexts/Governance/Application/Approval/ApprovalProcessState.php
app/Contexts/Governance/Application/Approval/Commands
app/Contexts/Governance/Application/Approval/Commands/AbortDecision.php
app/Contexts/Governance/Application/Approval/Commands/FinalizeDecision.php
app/Contexts/Governance/Application/Approval/Commands/StartApprovalProcess.php
app/Contexts/Governance/Application/Approval/GovernanceApprovalProcessManager.php
app/Contexts/Governance/Application/Approval/Services
app/Contexts/Governance/Application/Authority
app/Contexts/Governance/Application/Authority/AuthorityGraphValidator.php
app/Contexts/Governance/Application/Commands
app/Contexts/Governance/Application/Commands/RemoveCommitteeMemberCommand.php
app/Contexts/Governance/Application/Contracts
app/Contexts/Governance/Application/Contracts/CommandBusInterface.php
app/Contexts/Governance/Application/DTOs
app/Contexts/Governance/Application/DTOs/CommitteeHierarchyRecord.php
app/Contexts/Governance/Application/DTOs/CommitteeMembersResponseDTO.php
app/Contexts/Governance/Application/DTOs/CommitteeTreeNode.php
app/Contexts/Governance/Application/DTOs/GeoUnitQueryFilter.php
app/Contexts/Governance/Application/DTOs/GovernanceGeoUnitResponse.php
app/Contexts/Governance/Application/DTOs/RebuildResult.php
app/Contexts/Governance/Application/Handlers
app/Contexts/Governance/Application/Handlers/RemoveCommitteeMemberHandler.php
app/Contexts/Governance/Application/Ports
app/Contexts/Governance/Application/Ports/CacheInterface.php
app/Contexts/Governance/Application/Ports/CommitteeGovernanceProjectorInterface.php
app/Contexts/Governance/Application/Ports/CommitteeHierarchyQueryInterface.php
app/Contexts/Governance/Application/Ports/CommitteeProjectionRebuildRepository.php
app/Contexts/Governance/Application/Ports/GovernanceClock.php
app/Contexts/Governance/Application/Ports/LockInterface.php
app/Contexts/Governance/Application/Ports/RebuildRunRepository.php
app/Contexts/Governance/Application/Queries
app/Contexts/Governance/Application/Queries/CommitteeMemberQueryService.php
app/Contexts/Governance/Application/Services
app/Contexts/Governance/Application/Services/CommitteeHierarchyBuilder.php
app/Contexts/Governance/Application/Services/GovernanceGeoUnitQueryService.php
app/Contexts/Governance/Application/Services/GovernanceProjectionRebuilder.php
app/Contexts/Governance/Application/UseCases
app/Contexts/Governance/Application/UseCases/GetCommitteeHierarchy.php
app/Contexts/Governance/Domain
app/Contexts/Governance/Domain/Approval
app/Contexts/Governance/Domain/Approval/Events
app/Contexts/Governance/Domain/Approval/Events/ApprovalGranted.php
app/Contexts/Governance/Domain/Approval/Events/ApprovalRejected.php
app/Contexts/Governance/Domain/Approval/Events/ApprovalRequested.php
app/Contexts/Governance/Domain/Approval/Policies
app/Contexts/Governance/Domain/Approval/Policies/ApprovalRequirementPolicy.php
app/Contexts/Governance/Domain/Approval/ValueObjects
app/Contexts/Governance/Domain/Approval/ValueObjects/ApprovalId.php
app/Contexts/Governance/Domain/Approval/ValueObjects/ApprovalStatus.php
app/Contexts/Governance/Domain/Approval/ValueObjects/IdempotencyKey.php
app/Contexts/Governance/Domain/Authority
app/Contexts/Governance/Domain/Authority/AuthorityAssignment.php
app/Contexts/Governance/Domain/Authority/AuthorityAssignmentRepository.php
app/Contexts/Governance/Domain/Authority/AuthorityResolver.php
app/Contexts/Governance/Domain/Authority/Events
app/Contexts/Governance/Domain/Authority/Events/AuthorityDelegated.php
app/Contexts/Governance/Domain/Authority/Events/AuthorityRevoked.php
app/Contexts/Governance/Domain/Authority/Policies
app/Contexts/Governance/Domain/Authority/Policies/DelegationLifecyclePolicy.php
app/Contexts/Governance/Domain/Authority/ValueObjects
app/Contexts/Governance/Domain/Authority/ValueObjects/AuthorityAssignmentId.php
app/Contexts/Governance/Domain/Authority/ValueObjects/AuthorityEffectivePeriod.php
app/Contexts/Governance/Domain/Authority/ValueObjects/DelegationScope.php
app/Contexts/Governance/Domain/Authority/ValueObjects/DelegationStatus.php
app/Contexts/Governance/Domain/Authority/ValueObjects/DelegationType.php
app/Contexts/Governance/Domain/Committee
app/Contexts/Governance/Domain/Committee/Committee.php
app/Contexts/Governance/Domain/Committee/CommitteeGovernanceInterpreter.php
app/Contexts/Governance/Domain/Committee/CommitteeId.php
app/Contexts/Governance/Domain/Committee/CommitteeRepositoryInterface.php
app/Contexts/Governance/Domain/Committee/Enums
app/Contexts/Governance/Domain/Committee/Enums/CommitteeRole.php
app/Contexts/Governance/Domain/Committee/Events
app/Contexts/Governance/Domain/Committee/Events/MemberAssignedToCommittee.php
app/Contexts/Governance/Domain/Committee/Events/MemberRemovedFromCommittee.php
app/Contexts/Governance/Domain/Committee/Policies
app/Contexts/Governance/Domain/Committee/Policies/ConstitutionalLegitimacyPolicy.php
app/Contexts/Governance/Domain/Committee/Policies/OperationalStatePolicy.php
app/Contexts/Governance/Domain/Committee/Policies/TemporalGovernancePolicy.php
app/Contexts/Governance/Domain/Committee/ViewModels
app/Contexts/Governance/Domain/Committee/ViewModels/CommitteeGovernanceProjection.php
app/Contexts/Governance/Domain/Events
app/Contexts/Governance/Domain/Events/GovernanceDecisionRecorded.php
app/Contexts/Governance/Domain/GovernanceDecision.php
app/Contexts/Governance/Domain/Replay
app/Contexts/Governance/Domain/Replay/GovernanceStateReconstructionService.php
app/Contexts/Governance/Domain/ValueObjects
app/Contexts/Governance/Domain/ValueObjects/AuthorityChain.php
app/Contexts/Governance/Domain/ValueObjects/AuthorityPath.php
app/Contexts/Governance/Domain/ValueObjects/ConstitutionalBasis.php
app/Contexts/Governance/Domain/ValueObjects/DecisionTrace.php
app/Contexts/Governance/Domain/ValueObjects/GovernanceDecisionId.php
app/Contexts/Governance/Domain/ValueObjects/GovernanceRole.php
app/Contexts/Governance/Domain/ValueObjects/Legitimacy.php
app/Contexts/Governance/Infrastructure
app/Contexts/Governance/Infrastructure/Clock
app/Contexts/Governance/Infrastructure/Clock/SystemClock.php
app/Contexts/Governance/Infrastructure/Database
app/Contexts/Governance/Infrastructure/Database/Migrations
app/Contexts/Governance/Infrastructure/Database/Migrations/Landlord
app/Contexts/Governance/Infrastructure/Database/Migrations/Landlord/2026_05_10_000004_create_projection_rebuild_runs_table.php
app/Contexts/Governance/Infrastructure/Database/Migrations/Landlord/2026_05_10_000005_add_projection_freshness_metadata.php
app/Contexts/Governance/Infrastructure/Projection
app/Contexts/Governance/Infrastructure/Projection/CommitteeMemberProjectionListener.php
app/Contexts/Governance/Infrastructure/Projections
app/Contexts/Governance/Infrastructure/Projections/CommitteeGovernanceProjectionModel.php
app/Contexts/Governance/Infrastructure/Projections/CommitteeGovernanceProjector.php
app/Contexts/Governance/Infrastructure/Projections/ProcessedEventModel.php
app/Contexts/Governance/Infrastructure/Providers
app/Contexts/Governance/Infrastructure/Providers/GovernanceServiceProvider.php
app/Contexts/Governance/Infrastructure/Repositories
app/Contexts/Governance/Infrastructure/Repositories/CommitteeHierarchyRepository.php
app/Contexts/Governance/Infrastructure/Repositories/EloquentCommitteeProjectionRebuildRepository.php
app/Contexts/Governance/Infrastructure/Repositories/EloquentCommitteeRepository.php
app/Contexts/Governance/Infrastructure/Repositories/EloquentRebuildRunRepository.php
app/Contexts/Membership
app/Contexts/Membership/Application
app/Contexts/Membership/Application/Application
app/Contexts/Membership/Application/Application/DTOs
app/Contexts/Membership/Application/Application/DTOs/ApproveMembershipApplicationCommand.php
app/Contexts/Membership/Application/Application/DTOs/RejectMembershipApplicationCommand.php
app/Contexts/Membership/Application/Application/DTOs/SubmitApplicationCommand.php
app/Contexts/Membership/Application/Application/DTOs/SubmitMembershipApplicationCommand.php
app/Contexts/Membership/Application/Application/UseCases
app/Contexts/Membership/Application/Application/UseCases/ApproveApplication.php
app/Contexts/Membership/Application/Application/UseCases/ApproveMembershipApplication.php
app/Contexts/Membership/Application/Application/UseCases/RejectApplication.php
app/Contexts/Membership/Application/Application/UseCases/RejectMembershipApplication.php
app/Contexts/Membership/Application/Application/UseCases/SubmitApplication.php
app/Contexts/Membership/Application/Application/UseCases/SubmitMembershipApplication.php
app/Contexts/Membership/Application/Commands
app/Contexts/Membership/Application/Commands/MemberImportCommand.php
app/Contexts/Membership/Application/Commands/RegisterMemberCommand.php
app/Contexts/Membership/Application/Committee
app/Contexts/Membership/Application/Committee/AssignMemberToCommittee.php
app/Contexts/Membership/Application/Committee/Commands
app/Contexts/Membership/Application/Committee/Commands/AssignMemberWithGeoCommand.php
app/Contexts/Membership/Application/Committee/CommitteeSlugAvailabilityService.php
app/Contexts/Membership/Application/Committee/CreateCommittee.php
app/Contexts/Membership/Application/Committee/CreateCommitteeUseCase.php
app/Contexts/Membership/Application/Committee/DTOs
app/Contexts/Membership/Application/Committee/DTOs/AssignMemberDto.php
app/Contexts/Membership/Application/Committee/DTOs/AssignmentDTO.php
app/Contexts/Membership/Application/Committee/DTOs/CommitteeDashboardDTO.php
app/Contexts/Membership/Application/Committee/DTOs/CreateCommitteeCommand.php
app/Contexts/Membership/Application/Committee/DTOs/InternalCreateCommitteeCommand.php
app/Contexts/Membership/Application/Committee/DTOs/RemoveMemberDto.php
app/Contexts/Membership/Application/Committee/DTOs/SlugAvailabilityResult.php
app/Contexts/Membership/Application/Committee/DTOs/UpdateCommitteeDetailsCommand.php
app/Contexts/Membership/Application/Committee/GetCommitteeDashboard.php
app/Contexts/Membership/Application/Committee/Handlers
app/Contexts/Membership/Application/Committee/Handlers/AssignMemberToCommitteeHandler.php
app/Contexts/Membership/Application/Committee/InternalCreateCommittee.php
app/Contexts/Membership/Application/Committee/Policies
app/Contexts/Membership/Application/Committee/Policies/GovernanceAccessPolicyInterface.php
app/Contexts/Membership/Application/Committee/Policies/GovernanceCapabilityContextFactory.php
app/Contexts/Membership/Application/Committee/Policies/GovernanceCapabilityPolicy.php
app/Contexts/Membership/Application/Committee/Policies/PermissiveGovernanceAccessPolicy.php
app/Contexts/Membership/Application/Committee/Ports
app/Contexts/Membership/Application/Committee/Ports/CommitteeRepositoryPort.php
app/Contexts/Membership/Application/Committee/Ports/EventBusPort.php
app/Contexts/Membership/Application/Committee/RemoveMemberFromCommittee.php
app/Contexts/Membership/Application/Committee/Services
app/Contexts/Membership/Application/Committee/Services/CommitteeCategoryDerivationService.php
app/Contexts/Membership/Application/Committee/Services/NearbyCommitteesQueryService.php
app/Contexts/Membership/Application/Committee/UpdateCommitteeDetails.php
app/Contexts/Membership/Application/Committee/UseCases
app/Contexts/Membership/Application/Committee/UseCases/CreateCommittee
app/Contexts/Membership/Application/Committee/UseCases/CreateCommittee/CreateCommitteeCommand.php
app/Contexts/Membership/Application/Committee/UseCases/CreateCommittee/CreateCommitteeHandler.php
app/Contexts/Membership/Application/Committee/UseCases/CreateCommittee/CreateCommitteeResult.php
app/Contexts/Membership/Application/Committee/UseCases/GetCommittee
app/Contexts/Membership/Application/Committee/UseCases/GetCommittee/GetCommitteeQuery.php
app/Contexts/Membership/Application/Committee/UseCases/StoreCommittee
app/Contexts/Membership/Application/Committee/UseCases/StoreCommittee/StoreCommitteeCommand.php
app/Contexts/Membership/Application/Committee/UseCases/StoreCommittee/StoreCommitteeUseCase.php
app/Contexts/Membership/Application/Committee/Views
app/Contexts/Membership/Application/Committee/Views/CommitteeDashboardView.php
app/Contexts/Membership/Application/CommitteeStructure
app/Contexts/Membership/Application/CommitteeStructure/ActivateCommitteeStructure.php
app/Contexts/Membership/Application/CommitteeStructure/ActivateCommitteeStructureUseCase.php
app/Contexts/Membership/Application/CommitteeStructure/DefineCommitteeStructure.php
app/Contexts/Membership/Application/DTO
app/Contexts/Membership/Application/DTO/MemberDirectory.php
app/Contexts/Membership/Application/DTO/MemberImportResult.php
app/Contexts/Membership/Application/DTOs
app/Contexts/Membership/Application/DTOs/CsvImportPreviewDto.php
app/Contexts/Membership/Application/DTOs/CsvImportResultDto.php
app/Contexts/Membership/Application/DTOs/CsvParseResult.php
app/Contexts/Membership/Application/DTOs/DesktopRegistrationDto.php
app/Contexts/Membership/Application/DTOs/MemberApprovalDto.php
app/Contexts/Membership/Application/DTOs/MemberImportResult.php
app/Contexts/Membership/Application/DTOs/MemberRejectionDto.php
app/Contexts/Membership/Application/DTOs/MobileRegistrationDto.php
app/Contexts/Membership/Application/Fee
app/Contexts/Membership/Application/Fee/DTOs
app/Contexts/Membership/Application/Fee/DTOs/RecordFeePaymentCommand.php
app/Contexts/Membership/Application/Fee/DTOs/WaiveFeeCommand.php
app/Contexts/Membership/Application/Fee/UseCases
app/Contexts/Membership/Application/Fee/UseCases/RecordFeePayment.php
app/Contexts/Membership/Application/Fee/UseCases/WaiveFee.php
app/Contexts/Membership/Application/Handlers
app/Contexts/Membership/Application/Handlers/RegisterMemberHandler.php
app/Contexts/Membership/Application/Interfaces
app/Contexts/Membership/Application/Interfaces/FeatureGateAdapterInterface.php
app/Contexts/Membership/Application/Interfaces/TenantUserProvisioningInterface.php
app/Contexts/Membership/Application/Jobs
app/Contexts/Membership/Application/Jobs/InstallMembershipModule.php
app/Contexts/Membership/Application/Member
app/Contexts/Membership/Application/Member/DTOs
app/Contexts/Membership/Application/Member/DTOs/MemberView.php
app/Contexts/Membership/Application/Member/DTOs/RegisterMemberCommand.php
app/Contexts/Membership/Application/Member/Listeners
app/Contexts/Membership/Application/Member/Listeners/MemberFeeStateListener.php
app/Contexts/Membership/Application/Member/UseCases
app/Contexts/Membership/Application/Member/UseCases/ActivateMember.php
app/Contexts/Membership/Application/Member/UseCases/ArchiveMember.php
app/Contexts/Membership/Application/Member/UseCases/RegisterMember.php
app/Contexts/Membership/Application/Member/UseCases/SuspendMember.php
app/Contexts/Membership/Application/Membership
app/Contexts/Membership/Application/Membership/ApplyForCommitteeMembership
app/Contexts/Membership/Application/Membership/ApplyForCommitteeMembership/ApplyForCommitteeMembershipCommand.php
app/Contexts/Membership/Application/Membership/ApplyForCommitteeMembership/ApplyForCommitteeMembershipHandler.php
app/Contexts/Membership/Application/Membership/Ports
app/Contexts/Membership/Application/Membership/Ports/CommitteeAssociationRepositoryPort.php
app/Contexts/Membership/Application/Membership/Ports/MemberGeoPathProviderPort.php
app/Contexts/Membership/Application/Membership/Ports/MembershipApplicationRepositoryPort.php
app/Contexts/Membership/Application/Membership/Ports/MembershipLineageRepositoryPort.php
app/Contexts/Membership/Application/Membership/Query
app/Contexts/Membership/Application/Membership/Query/EligibleCommitteeQueryService.php
app/Contexts/Membership/Application/Membership/Query/EligibleCommitteeQueryServiceImpl.php
app/Contexts/Membership/Application/Membership/Query/EligibleCommitteeView.php
app/Contexts/Membership/Application/Membership/Query/MyCommitteesQueryService.php
app/Contexts/Membership/Application/Membership/Query/MyCommitteeView.php
app/Contexts/Membership/Application/Membership/Query/Ports
app/Contexts/Membership/Application/Membership/Query/Ports/CommitteeGeoPathProviderPort.php
app/Contexts/Membership/Application/Membership/RestoreMembership
app/Contexts/Membership/Application/Membership/RestoreMembership/RestoreMembershipCommand.php
app/Contexts/Membership/Application/Membership/RestoreMembership/RestoreMembershipHandler.php
app/Contexts/Membership/Application/Membership/ReviewMembershipApplication
app/Contexts/Membership/Application/Membership/ReviewMembershipApplication/ReviewMembershipApplicationCommand.php
app/Contexts/Membership/Application/Membership/ReviewMembershipApplication/ReviewMembershipApplicationHandler.php
app/Contexts/Membership/Application/Membership/SuspendMembership
app/Contexts/Membership/Application/Membership/SuspendMembership/SuspendMembershipCommand.php
app/Contexts/Membership/Application/Membership/SuspendMembership/SuspendMembershipHandler.php
app/Contexts/Membership/Application/Membership/TerminateMembership
app/Contexts/Membership/Application/Membership/TerminateMembership/TerminateMembershipCommand.php
app/Contexts/Membership/Application/Membership/TerminateMembership/TerminateMembershipHandler.php
app/Contexts/Membership/Application/Policies
app/Contexts/Membership/Application/Policies/MembershipTypePolicy.php
app/Contexts/Membership/Application/Projections
app/Contexts/Membership/Application/Projections/MemberDirectoryProjector.php
app/Contexts/Membership/Application/Requests
app/Contexts/Membership/Application/Requests/CreateMemberRequest.php
app/Contexts/Membership/Application/Services
app/Contexts/Membership/Application/Services/CsvImportService.php
app/Contexts/Membership/Application/Services/DesktopMemberApprovalService.php
app/Contexts/Membership/Application/Services/DesktopMemberRegistrationService.php
app/Contexts/Membership/Application/Services/DesktopMemberRejectionService.php
app/Contexts/Membership/Application/Services/FeatureGateAdapter.php
app/Contexts/Membership/Application/Services/MemberGeographyValidator.php
app/Contexts/Membership/Application/Services/MemberImportService.php
app/Contexts/Membership/Application/Services/MemberRegistrationService.php
app/Contexts/Membership/Application/Services/MobileMemberRegistrationService.php
app/Contexts/Membership/Application/Services/TenantUserProvisioningService.php
app/Contexts/Membership/Application/Services/TenantUserValidator.php
app/Contexts/Membership/Domain
app/Contexts/Membership/Domain/Application
app/Contexts/Membership/Domain/Application/Application.php
app/Contexts/Membership/Domain/Application/ApplicationId.php
app/Contexts/Membership/Domain/Application/ApplicationStatus.php
app/Contexts/Membership/Domain/Application/Events
app/Contexts/Membership/Domain/Application/Events/ApplicationApproved.php
app/Contexts/Membership/Domain/Application/Events/ApplicationRejected.php
app/Contexts/Membership/Domain/Application/Events/ApplicationSubmitted.php
app/Contexts/Membership/Domain/Committee
app/Contexts/Membership/Domain/Committee/Actor
app/Contexts/Membership/Domain/Committee/Actor/ActorPosition.php
app/Contexts/Membership/Domain/Committee/Capability
app/Contexts/Membership/Domain/Committee/Capability/CapabilityContext.php
app/Contexts/Membership/Domain/Committee/Capability/CapabilityDecisionTrace.php
app/Contexts/Membership/Domain/Committee/Capability/CapabilityEvaluation.php
app/Contexts/Membership/Domain/Committee/Capability/CommitteeCreationPolicy.php
app/Contexts/Membership/Domain/Committee/Capability/CommitteeModificationPolicy.php
app/Contexts/Membership/Domain/Committee/Capability/DecisionStep.php
app/Contexts/Membership/Domain/Committee/Capability/EvaluationResult.php
app/Contexts/Membership/Domain/Committee/Capability/GovernanceCapabilityPolicyEngine.php
app/Contexts/Membership/Domain/Committee/Capability/InstitutionalCapabilityPolicy.php
app/Contexts/Membership/Domain/Committee/Capability/Rule
app/Contexts/Membership/Domain/Committee/Capability/Rule/ActorChairsCommitteeRule.php
app/Contexts/Membership/Domain/Committee/Capability/Rule/ActorHasAuthorityRule.php
app/Contexts/Membership/Domain/Committee/Capability/Rule/ActorIsOwnerRule.php
app/Contexts/Membership/Domain/Committee/Capability/Rule/CapabilityRule.php
app/Contexts/Membership/Domain/Committee/Capability/Rule/EpochIsActiveRule.php
app/Contexts/Membership/Domain/Committee/Capability/Rule/GeoScopeValidRule.php
app/Contexts/Membership/Domain/Committee/Capability/Rule/OrgIsActiveRule.php
app/Contexts/Membership/Domain/Committee/Capability/StructureActivationPolicy.php
app/Contexts/Membership/Domain/Committee/Capability/StructureDeprecationPolicy.php
app/Contexts/Membership/Domain/Committee/Capability/TracingGovernanceCapabilityPolicyEngine.php
app/Contexts/Membership/Domain/Committee/Committee.php
app/Contexts/Membership/Domain/Committee/CommitteeAssignment.php
app/Contexts/Membership/Domain/Committee/CommitteeConstitution.php
app/Contexts/Membership/Domain/Committee/CommitteeCreationPolicy.php
app/Contexts/Membership/Domain/Committee/CommitteeLevel.php
app/Contexts/Membership/Domain/Committee/CommitteeStatus.php
app/Contexts/Membership/Domain/Committee/CommitteeStructure.php
app/Contexts/Membership/Domain/Committee/CommitteeStructureActivationService.php
app/Contexts/Membership/Domain/Committee/CommitteeStructureId.php
app/Contexts/Membership/Domain/Committee/CommitteeStructureRegistry.php
app/Contexts/Membership/Domain/Committee/Constitutional
app/Contexts/Membership/Domain/Committee/Constitutional/ConstitutionalArbitrationKernel.php
app/Contexts/Membership/Domain/Committee/Constitutional/ConstitutionalArbitrationPolicy.php
app/Contexts/Membership/Domain/Committee/Constitutional/ConstitutionalArbitrationTrace.php
app/Contexts/Membership/Domain/Committee/Constitutional/ConstitutionalDecision.php
app/Contexts/Membership/Domain/Committee/Constitutional/ConstitutionalGovernanceDecision.php
app/Contexts/Membership/Domain/Committee/Constitutional/ConstitutionalReason.php
app/Contexts/Membership/Domain/Committee/Constitutional/ConstitutionalScope.php
app/Contexts/Membership/Domain/Committee/Constitutional/ConstitutionalSeverity.php
app/Contexts/Membership/Domain/Committee/Constitutional/DefaultConstitutionalArbitrationPolicy.php
app/Contexts/Membership/Domain/Committee/Constitutional/DefaultTemporalLegitimacyPolicy.php
app/Contexts/Membership/Domain/Committee/Constitutional/Doctrine
app/Contexts/Membership/Domain/Committee/Constitutional/Doctrine/ConstitutionalArticleReference.php
app/Contexts/Membership/Domain/Committee/Constitutional/Doctrine/ConstitutionalArticleReferenceCollection.php
app/Contexts/Membership/Domain/Committee/Constitutional/Doctrine/DoctrineArtifact.php
app/Contexts/Membership/Domain/Committee/Constitutional/Doctrine/DoctrineArtifactHash.php
app/Contexts/Membership/Domain/Committee/Constitutional/Doctrine/DoctrineProvenance.php
app/Contexts/Membership/Domain/Committee/Constitutional/Doctrine/DoctrineRegistryInterface.php
app/Contexts/Membership/Domain/Committee/Constitutional/Doctrine/InMemoryDoctrineRegistry.php
app/Contexts/Membership/Domain/Committee/Constitutional/Epoch
app/Contexts/Membership/Domain/Committee/Constitutional/Epoch/InstitutionalEpoch.php
app/Contexts/Membership/Domain/Committee/Constitutional/FixedClock.php
app/Contexts/Membership/Domain/Committee/Constitutional/GovernanceArchaeologyRecord.php
app/Contexts/Membership/Domain/Committee/Constitutional/GovernanceClock.php
app/Contexts/Membership/Domain/Committee/Constitutional/GovernanceDecisionNotFoundException.php
app/Contexts/Membership/Domain/Committee/Constitutional/GovernanceDecisionSnapshot.php
app/Contexts/Membership/Domain/Committee/Constitutional/GovernanceDecisionStore.php
app/Contexts/Membership/Domain/Committee/Constitutional/GovernanceLegitimacy.php
app/Contexts/Membership/Domain/Committee/Constitutional/GovernanceReplayService.php
app/Contexts/Membership/Domain/Committee/Constitutional/Jurisdiction
app/Contexts/Membership/Domain/Committee/Constitutional/Jurisdiction/GovernanceJurisdictionId.php
app/Contexts/Membership/Domain/Committee/Constitutional/LegitimacyEvaluator.php
app/Contexts/Membership/Domain/Committee/Constitutional/LegitimacyImpact.php
app/Contexts/Membership/Domain/Committee/Constitutional/LegitimacyPolicy.php
app/Contexts/Membership/Domain/Committee/Constitutional/Lineage
app/Contexts/Membership/Domain/Committee/Constitutional/Lineage/GovernanceLineageEdge.php
app/Contexts/Membership/Domain/Committee/Constitutional/Lineage/GovernanceLineageGraph.php
app/Contexts/Membership/Domain/Committee/Constitutional/Lineage/GovernanceLineageNode.php
app/Contexts/Membership/Domain/Committee/Constitutional/Projection
app/Contexts/Membership/Domain/Committee/Constitutional/Projection/ProjectionAntiCorruptionBoundary.php
app/Contexts/Membership/Domain/Committee/Constitutional/Provenance
app/Contexts/Membership/Domain/Committee/Constitutional/Provenance/GovernanceProvenance.php
app/Contexts/Membership/Domain/Committee/Constitutional/Replay
app/Contexts/Membership/Domain/Committee/Constitutional/Replay/ReplayCertification.php
app/Contexts/Membership/Domain/Committee/Constitutional/Replay/ScopeAwareReplayValidator.php
app/Contexts/Membership/Domain/Committee/Constitutional/Replay/ScopeMismatchException.php
app/Contexts/Membership/Domain/Committee/Constitutional/Semantics
app/Contexts/Membership/Domain/Committee/Constitutional/Semantics/Exception
app/Contexts/Membership/Domain/Committee/Constitutional/Semantics/Exception/DuplicateSemanticCodeException.php
app/Contexts/Membership/Domain/Committee/Constitutional/Semantics/Exception/SemanticEvolutionViolationException.php
app/Contexts/Membership/Domain/Committee/Constitutional/Semantics/GovernanceSemanticCategory.php
app/Contexts/Membership/Domain/Committee/Constitutional/Semantics/GovernanceSemanticCode.php
app/Contexts/Membership/Domain/Committee/Constitutional/Semantics/GovernanceSemanticCollection.php
app/Contexts/Membership/Domain/Committee/Constitutional/Semantics/GovernanceSemanticDefinition.php
app/Contexts/Membership/Domain/Committee/Constitutional/Semantics/GovernanceSemanticRegistry.php
app/Contexts/Membership/Domain/Committee/Constitutional/Semantics/ImmutableSemanticEvolutionPolicy.php
app/Contexts/Membership/Domain/Committee/Constitutional/Snapshot
app/Contexts/Membership/Domain/Committee/Constitutional/Snapshot/CanonicalConstitutionalSerializer.php
app/Contexts/Membership/Domain/Committee/Constitutional/Snapshot/ConstitutionalReplayFingerprint.php
app/Contexts/Membership/Domain/Committee/Constitutional/Snapshot/NoOpSnapshotMigrationPolicy.php
app/Contexts/Membership/Domain/Committee/Constitutional/Snapshot/SnapshotDecisionData.php
app/Contexts/Membership/Domain/Committee/Constitutional/Snapshot/SnapshotIdentity.php
app/Contexts/Membership/Domain/Committee/Constitutional/Snapshot/SnapshotIntegrityData.php
app/Contexts/Membership/Domain/Committee/Constitutional/Snapshot/SnapshotIntegrityHash.php
app/Contexts/Membership/Domain/Committee/Constitutional/Snapshot/SnapshotMigrationPolicy.php
app/Contexts/Membership/Domain/Committee/Constitutional/Snapshot/SnapshotSchemaVersion.php
app/Contexts/Membership/Domain/Committee/Constitutional/Snapshot/SnapshotTraceData.php
app/Contexts/Membership/Domain/Committee/Constitutional/SnapshotIntegrityViolationException.php
app/Contexts/Membership/Domain/Committee/Constitutional/SnapshotMetadata.php
app/Contexts/Membership/Domain/Committee/Constitutional/SystemClock.php
app/Contexts/Membership/Domain/Committee/Constitutional/TemporalAuthorityWindow.php
app/Contexts/Membership/Domain/Committee/Constitutional/TemporalWindowState.php
app/Contexts/Membership/Domain/Committee/Constitutional/Timeline
app/Contexts/Membership/Domain/Committee/Constitutional/Timeline/DecidedAtSequencePolicy.php
app/Contexts/Membership/Domain/Committee/Constitutional/Timeline/GovernanceTimelineProjection.php
app/Contexts/Membership/Domain/Committee/Constitutional/Timeline/GovernanceTimelineProjector.php
app/Contexts/Membership/Domain/Committee/Constitutional/Timeline/PersistedAtSequencePolicy.php
app/Contexts/Membership/Domain/Committee/Constitutional/Timeline/TimelineSequencePolicy.php
app/Contexts/Membership/Domain/Committee/ConstitutionalCommittee.php
app/Contexts/Membership/Domain/Committee/Context
app/Contexts/Membership/Domain/Committee/Context/ActorContext.php
app/Contexts/Membership/Domain/Committee/Context/CommitteeLineageView.php
app/Contexts/Membership/Domain/Committee/Context/CommitteeStructureEpochContext.php
app/Contexts/Membership/Domain/Committee/Context/GeographicScope.php
app/Contexts/Membership/Domain/Committee/Context/OrganisationGovernanceContext.php
app/Contexts/Membership/Domain/Committee/DomainEventsBuffer.php
app/Contexts/Membership/Domain/Committee/Events
app/Contexts/Membership/Domain/Committee/Events/CommitteeCreated.php
app/Contexts/Membership/Domain/Committee/Events/CommitteeEstablished.php
app/Contexts/Membership/Domain/Committee/Events/CommitteeLifecycleChanged.php
app/Contexts/Membership/Domain/Committee/Events/CommitteeParentAttached.php
app/Contexts/Membership/Domain/Committee/Events/CommitteeTermUpdated.php
app/Contexts/Membership/Domain/Committee/Exceptions
app/Contexts/Membership/Domain/Committee/Exceptions/CannotEvolveNonActiveStructure.php
app/Contexts/Membership/Domain/Committee/Exceptions/CapabilityDeniedException.php
app/Contexts/Membership/Domain/Committee/Exceptions/CommitteeEligibilityException.php
app/Contexts/Membership/Domain/Committee/Exceptions/GeographicScopeViolationException.php
app/Contexts/Membership/Domain/Committee/Exceptions/GovernanceStateViolationException.php
app/Contexts/Membership/Domain/Committee/Exceptions/InvalidCommitteeSlugException.php
app/Contexts/Membership/Domain/Committee/Factories
app/Contexts/Membership/Domain/Committee/Factories/CommitteeGeoIdentityFactory.php
app/Contexts/Membership/Domain/Committee/Factories/GeoPathChainFactory.php
app/Contexts/Membership/Domain/Committee/Geo
app/Contexts/Membership/Domain/Committee/Geo/Authority
app/Contexts/Membership/Domain/Committee/Geo/Authority/AuthorityClassification.php
app/Contexts/Membership/Domain/Committee/Geo/Authority/AuthorityClassifier.php
app/Contexts/Membership/Domain/Committee/Geo/Authority/AuthorityResolver.php
app/Contexts/Membership/Domain/Committee/Geo/Authority/ResolvedAuthority.php
app/Contexts/Membership/Domain/Committee/Geo/Conflict
app/Contexts/Membership/Domain/Committee/Geo/Conflict/AuthorityConflict.php
app/Contexts/Membership/Domain/Committee/Geo/Conflict/AuthorityConflictCollection.php
app/Contexts/Membership/Domain/Committee/Geo/Conflict/ConflictDetectionEngine.php
app/Contexts/Membership/Domain/Committee/Geo/Conflict/ConflictType.php
app/Contexts/Membership/Domain/Committee/Geo/Graph
app/Contexts/Membership/Domain/Committee/Geo/Graph/DelegationEdge.php
app/Contexts/Membership/Domain/Committee/Geo/Graph/DelegationType.php
app/Contexts/Membership/Domain/Committee/Geo/Graph/GeoAuthorityGraph.php
app/Contexts/Membership/Domain/Committee/Geo/Graph/JurisdictionNode.php
app/Contexts/Membership/Domain/Committee/Geo/Kernel
app/Contexts/Membership/Domain/Committee/Geo/Kernel/CapabilityType.php
app/Contexts/Membership/Domain/Committee/Geo/Kernel/GovernanceDecision.php
app/Contexts/Membership/Domain/Committee/Geo/Kernel/GovernanceDecisionIdGenerator.php
app/Contexts/Membership/Domain/Committee/Geo/Kernel/GovernanceDecisionKernel.php
app/Contexts/Membership/Domain/Committee/Geo/Kernel/UuidGovernanceDecisionIdGenerator.php
app/Contexts/Membership/Domain/Committee/Geo/Precedence
app/Contexts/Membership/Domain/Committee/Geo/Precedence/AuthorityPrecedencePolicy.php
app/Contexts/Membership/Domain/Committee/Geo/Precedence/AuthorityPrecedenceRanking.php
app/Contexts/Membership/Domain/Committee/Geo/Precedence/DefaultAuthorityPrecedencePolicy.php
app/Contexts/Membership/Domain/Committee/Geo/Resolution
app/Contexts/Membership/Domain/Committee/Geo/Resolution/AuthorityResolutionType.php
app/Contexts/Membership/Domain/Committee/Geo/Resolution/AuthoritySelectionPolicy.php
app/Contexts/Membership/Domain/Committee/Geo/Resolution/ConflictResolutionPolicy.php
app/Contexts/Membership/Domain/Committee/Geo/Resolution/DefaultConflictResolutionPolicy.php
app/Contexts/Membership/Domain/Committee/Geo/Resolution/FinalAuthorityDecision.php
app/Contexts/Membership/Domain/Committee/Geo/Resolution/StableAuthoritySelectionPolicy.php
app/Contexts/Membership/Domain/Committee/GeoPolicy.php
app/Contexts/Membership/Domain/Committee/GeoScope.php
app/Contexts/Membership/Domain/Committee/GovernanceState.php
app/Contexts/Membership/Domain/Committee/GovernanceTemplatePreset.php
app/Contexts/Membership/Domain/Committee/Internal
app/Contexts/Membership/Domain/Committee/Internal/CommitteeIdentity.php
app/Contexts/Membership/Domain/Committee/Policies
app/Contexts/Membership/Domain/Committee/Policies/CommitteeClassificationPolicy.php
app/Contexts/Membership/Domain/Committee/Policies/CommitteeEligibilityPolicy.php
app/Contexts/Membership/Domain/Committee/Policies/CommitteeHierarchyPolicy.php
app/Contexts/Membership/Domain/Committee/Policies/EligibilityPolicy.php
app/Contexts/Membership/Domain/Committee/Policies/GovernanceMatrix.php
app/Contexts/Membership/Domain/Committee/Policies/GovernancePolicy.php
app/Contexts/Membership/Domain/Committee/Policies/MatrixCell.php
app/Contexts/Membership/Domain/Committee/Ports
app/Contexts/Membership/Domain/Committee/Ports/GeoContextPort.php
app/Contexts/Membership/Domain/Committee/Ports/GeographicJurisdiction.php
app/Contexts/Membership/Domain/Committee/Ports/GeographicJurisdictionProvider.php
app/Contexts/Membership/Domain/Committee/Projections
app/Contexts/Membership/Domain/Committee/Projections/GeoSemanticProjection.php
app/Contexts/Membership/Domain/Committee/Repositories
app/Contexts/Membership/Domain/Committee/Repositories/CommitteeRepositoryInterface.php
app/Contexts/Membership/Domain/Committee/Repositories/CommitteeStructureRepositoryInterface.php
app/Contexts/Membership/Domain/Committee/Repository
app/Contexts/Membership/Domain/Committee/Repository/CommitteeSlugReadRepository.php
app/Contexts/Membership/Domain/Committee/Services
app/Contexts/Membership/Domain/Committee/Services/CommitteePolicyResolver.php
app/Contexts/Membership/Domain/Committee/Services/GeographicEligibilityValidator.php
app/Contexts/Membership/Domain/Committee/Services/GeographicScopeRelationService.php
app/Contexts/Membership/Domain/Committee/Services/GeoSemanticProjectionBuilder.php
app/Contexts/Membership/Domain/Committee/Strategies
app/Contexts/Membership/Domain/Committee/Strategies/CentralCommitteeStructure.php
app/Contexts/Membership/Domain/Committee/Strategies/CommitteeStructure.php
app/Contexts/Membership/Domain/Committee/Strategies/GenericCommitteeStructure.php
app/Contexts/Membership/Domain/Committee/Strategies/GeographicCommitteeStructure.php
app/Contexts/Membership/Domain/Committee/Strategies/StudentWingStructure.php
app/Contexts/Membership/Domain/Committee/Strategies/WomenWingStructure.php
app/Contexts/Membership/Domain/Committee/Strategies/YouthWingStructure.php
app/Contexts/Membership/Domain/Committee/StructureStatus.php
app/Contexts/Membership/Domain/Committee/ValueObjects
app/Contexts/Membership/Domain/Committee/ValueObjects/CommitteeCategory.php
app/Contexts/Membership/Domain/Committee/ValueObjects/CommitteeFacts.php
app/Contexts/Membership/Domain/Committee/ValueObjects/CommitteeGeoIdentity.php
app/Contexts/Membership/Domain/Committee/ValueObjects/CommitteeId.php
app/Contexts/Membership/Domain/Committee/ValueObjects/CommitteePolicy.php
app/Contexts/Membership/Domain/Committee/ValueObjects/CommitteeSlug.php
app/Contexts/Membership/Domain/Committee/ValueObjects/CommitteeSnapshot.php
app/Contexts/Membership/Domain/Committee/ValueObjects/EffectivePeriod.php
app/Contexts/Membership/Domain/Committee/ValueObjects/GeoPathChain.php
app/Contexts/Membership/Domain/Committee/ValueObjects/GovernanceAssignment.php
app/Contexts/Membership/Domain/Committee/ValueObjects/Jurisdiction.php
app/Contexts/Membership/Domain/Committee/ValueObjects/LegacyJurisdiction.php
app/Contexts/Membership/Domain/Committee/ValueObjects/MemberId.php
app/Contexts/Membership/Domain/Committee/ValueObjects/StructuralOperationalState.php
app/Contexts/Membership/Domain/Committee/ValueObjects/TermPeriod.php
app/Contexts/Membership/Domain/Events
app/Contexts/Membership/Domain/Events/CommitteeFormed.php
app/Contexts/Membership/Domain/Events/CommitteeMemberAssigned.php
app/Contexts/Membership/Domain/Events/CommitteeMemberRemoved.php
app/Contexts/Membership/Domain/Events/CommitteeMemberRoleUpdated.php
app/Contexts/Membership/Domain/Events/CommitteeStructureActivated.php
app/Contexts/Membership/Domain/Events/CommitteeStructureDefined.php
app/Contexts/Membership/Domain/Events/GovernanceDecisionProduced.php
app/Contexts/Membership/Domain/Events/MemberApproved.php
app/Contexts/Membership/Domain/Events/MemberRegistered.php
app/Contexts/Membership/Domain/Events/MemberRejected.php
app/Contexts/Membership/Domain/Exceptions
app/Contexts/Membership/Domain/Exceptions/CommitteeNotFoundException.php
app/Contexts/Membership/Domain/Exceptions/DomainKernelException.php
app/Contexts/Membership/Domain/Exceptions/InvalidGeographyException.php
app/Contexts/Membership/Domain/Exceptions/InvalidMemberGeographyException.php
app/Contexts/Membership/Domain/Exceptions/InvalidTenantUserException.php
app/Contexts/Membership/Domain/Factories
app/Contexts/Membership/Domain/Fee
app/Contexts/Membership/Domain/Fee/Events
app/Contexts/Membership/Domain/Fee/Events/FeeOverdue.php
app/Contexts/Membership/Domain/Fee/Events/FeePaid.php
app/Contexts/Membership/Domain/Fee/Events/FeeWaived.php
app/Contexts/Membership/Domain/Fee/Fee.php
app/Contexts/Membership/Domain/Fee/FeeId.php
app/Contexts/Membership/Domain/Fee/FeeStatus.php
app/Contexts/Membership/Domain/Fee/Services
app/Contexts/Membership/Domain/Fee/Services/PaymentPolicy.php
app/Contexts/Membership/Domain/Fee/ValueObjects
app/Contexts/Membership/Domain/Fee/ValueObjects/PaymentDetails.php
app/Contexts/Membership/Domain/Member
app/Contexts/Membership/Domain/Member/Events
app/Contexts/Membership/Domain/Member/Events/MemberActivated.php
app/Contexts/Membership/Domain/Member/Events/MemberArchived.php
app/Contexts/Membership/Domain/Member/Events/MemberRegistered.php
app/Contexts/Membership/Domain/Member/Events/MemberSuspended.php
app/Contexts/Membership/Domain/Member/Member.php
app/Contexts/Membership/Domain/Member/MemberId.php
app/Contexts/Membership/Domain/Member/MemberStatus.php
app/Contexts/Membership/Domain/Member/ValueObjects
app/Contexts/Membership/Domain/Member/ValueObjects/FeePeriod.php
app/Contexts/Membership/Domain/Member/ValueObjects/FeeState.php
app/Contexts/Membership/Domain/Member/ValueObjects/MemberResidenceGeoIdentity.php
app/Contexts/Membership/Domain/Member/ValueObjects/MemberSnapshot.php
app/Contexts/Membership/Domain/Member/ValueObjects/PersonalInfo.php
app/Contexts/Membership/Domain/Membership
app/Contexts/Membership/Domain/Membership/CommitteeAssociation.php
app/Contexts/Membership/Domain/Membership/CommitteeAssociationLifecyclePolicy.php
app/Contexts/Membership/Domain/Membership/Events
app/Contexts/Membership/Domain/Membership/Events/CommitteeMembershipApplicationApproved.php
app/Contexts/Membership/Domain/Membership/Events/CommitteeMembershipApplicationRejected.php
app/Contexts/Membership/Domain/Membership/Events/CommitteeMembershipApplicationSubmitted.php
app/Contexts/Membership/Domain/Membership/Events/MemberAssignedToCommittee.php
app/Contexts/Membership/Domain/Membership/Events/MembershipReapplied.php
app/Contexts/Membership/Domain/Membership/Events/MembershipRestored.php
app/Contexts/Membership/Domain/Membership/Events/MembershipSuspended.php
app/Contexts/Membership/Domain/Membership/Events/MembershipTerminated.php
app/Contexts/Membership/Domain/Membership/Exceptions
app/Contexts/Membership/Domain/Membership/Exceptions/DuplicateActiveAssociationException.php
app/Contexts/Membership/Domain/Membership/Exceptions/InvalidAssociationTransitionException.php
app/Contexts/Membership/Domain/Membership/Exceptions/InvalidLineageTransitionException.php
app/Contexts/Membership/Domain/Membership/Exceptions/InvalidMembershipConstructionException.php
app/Contexts/Membership/Domain/Membership/Exceptions/InvalidMembershipLineageException.php
app/Contexts/Membership/Domain/Membership/MembershipApplication.php
app/Contexts/Membership/Domain/Membership/MembershipLineage.php
app/Contexts/Membership/Domain/Membership/MembershipTransitionPolicy.php
app/Contexts/Membership/Domain/Membership/ValueObjects
app/Contexts/Membership/Domain/Membership/ValueObjects/ActorId.php
app/Contexts/Membership/Domain/Membership/ValueObjects/ApplicationReason.php
app/Contexts/Membership/Domain/Membership/ValueObjects/ApplicationStatus.php
app/Contexts/Membership/Domain/Membership/ValueObjects/AssociationId.php
app/Contexts/Membership/Domain/Membership/ValueObjects/LineageId.php
app/Contexts/Membership/Domain/Membership/ValueObjects/MembershipApplicationId.php
app/Contexts/Membership/Domain/Membership/ValueObjects/MembershipStatus.php
app/Contexts/Membership/Domain/Membership/ValueObjects/TransitionReason.php
app/Contexts/Membership/Domain/Models
app/Contexts/Membership/Domain/Models/Member.legacy.php.backup
app/Contexts/Membership/Domain/Models/Member.php
app/Contexts/Membership/Domain/Policies
app/Contexts/Membership/Domain/Policies/MembershipTypePolicyInterface.php
app/Contexts/Membership/Domain/Repositories
app/Contexts/Membership/Domain/Repositories/ApplicationRepositoryInterface.php
app/Contexts/Membership/Domain/Repositories/CommitteeRepositoryInterface.php
app/Contexts/Membership/Domain/Repositories/FeeRepositoryInterface.php
app/Contexts/Membership/Domain/Repositories/MemberRepositoryInterface.php
app/Contexts/Membership/Domain/Repositories/MembershipTypeRepositoryInterface.php
app/Contexts/Membership/Domain/Repositories/TenantUserRepositoryInterface.php
app/Contexts/Membership/Domain/Services
app/Contexts/Membership/Domain/Services/CsvRowValidator.php
app/Contexts/Membership/Domain/Services/GeographyLookupInterface.php
app/Contexts/Membership/Domain/Services/GeographyResolverInterface.php
app/Contexts/Membership/Domain/Services/IdentityVerificationInterface.php
app/Contexts/Membership/Domain/Services/MembershipTypeValidationInterface.php
app/Contexts/Membership/Domain/Services/TenantUserProvisioningInterface.php
app/Contexts/Membership/Domain/Shared
app/Contexts/Membership/Domain/Shared/Identity
app/Contexts/Membership/Domain/Shared/Identity/CommitteeIdBridge.php
app/Contexts/Membership/Domain/Traits
app/Contexts/Membership/Domain/Traits/RecordsEvents.php
app/Contexts/Membership/Domain/ValueObjects
app/Contexts/Membership/Domain/ValueObjects/CommitteeAssignmentId.php
app/Contexts/Membership/Domain/ValueObjects/CommitteeFacts.php
app/Contexts/Membership/Domain/ValueObjects/CommitteeId.php
app/Contexts/Membership/Domain/ValueObjects/CommitteeName.php
app/Contexts/Membership/Domain/ValueObjects/CommitteeStatus.php
app/Contexts/Membership/Domain/ValueObjects/CommitteeType.php
app/Contexts/Membership/Domain/ValueObjects/ConstitutionalLegitimacy.php
app/Contexts/Membership/Domain/ValueObjects/CsvRowValidationError.php
app/Contexts/Membership/Domain/ValueObjects/CsvRowWarning.php
app/Contexts/Membership/Domain/ValueObjects/EffectivePeriod.php
app/Contexts/Membership/Domain/ValueObjects/Email.php
app/Contexts/Membership/Domain/ValueObjects/GeoReference.php
app/Contexts/Membership/Domain/ValueObjects/MemberId.php
app/Contexts/Membership/Domain/ValueObjects/MembershipType.php
app/Contexts/Membership/Domain/ValueObjects/MembershipTypeId.php
app/Contexts/Membership/Domain/ValueObjects/MemberStatus.php
app/Contexts/Membership/Domain/ValueObjects/NominationType.php
app/Contexts/Membership/Domain/ValueObjects/PersonalInfo.php
app/Contexts/Membership/Domain/ValueObjects/RegistrationChannel.php
app/Contexts/Membership/Domain/ValueObjects/Role.php
app/Contexts/Membership/Domain/ValueObjects/RolePath.php
app/Contexts/Membership/Domain/ValueObjects/StructuralOperationalState.php
app/Contexts/Membership/Domain/ValueObjects/TemporalGovernanceState.php
app/Contexts/Membership/Domain/ValueObjects/TenantId.php
app/Contexts/Membership/Domain/ValueObjects/TenantUserId.php
app/Contexts/Membership/Domain/ValueObjects/TermPeriod.php
app/Contexts/Membership/Domain/ValueObjects/UserId.php
app/Contexts/Membership/Domain/Voting
app/Contexts/Membership/Domain/Voting/ReasonCode.php
app/Contexts/Membership/Domain/Voting/VotingEligibilityPolicy.php
app/Contexts/Membership/Domain/Voting/VotingEligibilityResult.php
app/Contexts/Membership/Http
app/Contexts/Membership/Http/Controllers
app/Contexts/Membership/Http/Requests
app/Contexts/Membership/Http/Resources
app/Contexts/Membership/Infrastructure
app/Contexts/Membership/Infrastructure/Adapters
app/Contexts/Membership/Infrastructure/Adapters/MembershipGeoReferenceAdapter.php
app/Contexts/Membership/Infrastructure/Application
app/Contexts/Membership/Infrastructure/Application/TransactionalActivateCommitteeStructure.php
app/Contexts/Membership/Infrastructure/Application/TransactionalCreateCommittee.php
app/Contexts/Membership/Infrastructure/Casts
app/Contexts/Membership/Infrastructure/Casts/MemberIdCast.php
app/Contexts/Membership/Infrastructure/Casts/MemberStatusCast.php
app/Contexts/Membership/Infrastructure/Casts/PersonalInfoCast.php
app/Contexts/Membership/Infrastructure/Database
app/Contexts/Membership/Infrastructure/Database/Migrations
app/Contexts/Membership/Infrastructure/Database/Migrations/Landlord
app/Contexts/Membership/Infrastructure/Database/Migrations/Landlord/2026_05_06_000004_add_unique_active_structure_constraint.php
app/Contexts/Membership/Infrastructure/Database/Migrations/Tenant
app/Contexts/Membership/Infrastructure/Database/Migrations/Tenant/2026_01_16_000002_create_committees_table.php
app/Contexts/Membership/Infrastructure/Database/Migrations/Tenant/2026_01_16_000003_create_committee_assignments_table.php
app/Contexts/Membership/Infrastructure/Database/Migrations/Tenant/2026_01_16_000004_create_role_hierarchy_table.php
app/Contexts/Membership/Infrastructure/Database/Migrations/Tenant/2026_01_16_000005_create_role_localizations_table.php
app/Contexts/Membership/Infrastructure/Database/Migrations/Tenant/2026_01_16_000006_create_committee_role_mappings_table.php
app/Contexts/Membership/Infrastructure/Database/Migrations/Tenant/2026_05_03_000001_create_membership_payments_table.php
app/Contexts/Membership/Infrastructure/Database/Migrations/Tenant/2026_05_06_000001_create_committee_structures_tables.php
app/Contexts/Membership/Infrastructure/Database/Migrations/Tenant/2026_05_07_000001_add_governance_snapshot_columns_to_committees.php
app/Contexts/Membership/Infrastructure/Database/Migrations/Tenant/2026_05_07_000002_refine_governance_snapshot_semantics.php
app/Contexts/Membership/Infrastructure/Database/Migrations/Tenant/2026_05_08_000001_create_governance_decisions_table.php
app/Contexts/Membership/Infrastructure/Database/Migrations/Tenant/2026_05_12_000001_create_constitutional_committees_table.php
app/Contexts/Membership/Infrastructure/Database/Migrations/Tenant/2026_05_13_000001_add_residence_geo_unit_id_to_members.php
app/Contexts/Membership/Infrastructure/Database/Migrations/Tenant/2026_05_14_000001_create_committee_membership_applications_table.php
app/Contexts/Membership/Infrastructure/Database/Seeders
app/Contexts/Membership/Infrastructure/Database/Seeders/MembershipDatabaseSeeder.php
app/Contexts/Membership/Infrastructure/EventMapping
app/Contexts/Membership/Infrastructure/EventMapping/DomainEventToOutboxMapper.php
app/Contexts/Membership/Infrastructure/Events
app/Contexts/Membership/Infrastructure/Events/LaravelEventBusAdapter.php
app/Contexts/Membership/Infrastructure/Http
app/Contexts/Membership/Infrastructure/Http/Controllers
app/Contexts/Membership/Infrastructure/Http/Controllers/Desktop
app/Contexts/Membership/Infrastructure/Http/Controllers/Desktop/CommitteeMembershipApplicationController.php
app/Contexts/Membership/Infrastructure/Http/Controllers/Desktop/MemberApprovalController.php
app/Contexts/Membership/Infrastructure/Http/Controllers/Desktop/MemberController.php
app/Contexts/Membership/Infrastructure/Http/Controllers/Desktop/MemberImportController.php
app/Contexts/Membership/Infrastructure/Http/Controllers/Mobile
app/Contexts/Membership/Infrastructure/Http/Controllers/Mobile/MemberController.php
app/Contexts/Membership/Infrastructure/Http/Requests
app/Contexts/Membership/Infrastructure/Http/Requests/Desktop
app/Contexts/Membership/Infrastructure/Http/Requests/Desktop/ApplyForCommitteeMembershipRequest.php
app/Contexts/Membership/Infrastructure/Http/Requests/Desktop/ApproveMemberRequest.php
app/Contexts/Membership/Infrastructure/Http/Requests/Desktop/ImportCsvExecuteRequest.php
app/Contexts/Membership/Infrastructure/Http/Requests/Desktop/ImportCsvPreviewRequest.php
app/Contexts/Membership/Infrastructure/Http/Requests/Desktop/RegisterMemberRequest.php
app/Contexts/Membership/Infrastructure/Http/Requests/Desktop/RejectMemberRequest.php
app/Contexts/Membership/Infrastructure/Http/Requests/Desktop/ReviewMembershipApplicationRequest.php
app/Contexts/Membership/Infrastructure/Http/Requests/Mobile
app/Contexts/Membership/Infrastructure/Http/Requests/Mobile/RegisterMemberRequest.php
app/Contexts/Membership/Infrastructure/Http/Resources
app/Contexts/Membership/Infrastructure/Http/Resources/Desktop
app/Contexts/Membership/Infrastructure/Http/Resources/Desktop/DesktopMemberResource.php
app/Contexts/Membership/Infrastructure/Http/Resources/MobileMemberResource.php
app/Contexts/Membership/Infrastructure/Jobs
app/Contexts/Membership/Infrastructure/Jobs/CleanupExpiredInvitations.php
app/Contexts/Membership/Infrastructure/Jobs/GenerateAnnualMembershipFees.php
app/Contexts/Membership/Infrastructure/Jobs/MarkOverdueMembers.php
app/Contexts/Membership/Infrastructure/Jobs/SendRenewalReminder.php
app/Contexts/Membership/Infrastructure/Models
app/Contexts/Membership/Infrastructure/Models/ApplicationContextModel.php
app/Contexts/Membership/Infrastructure/Models/CommitteeAssignmentModel.php
app/Contexts/Membership/Infrastructure/Models/CommitteeAssociationModel.php
app/Contexts/Membership/Infrastructure/Models/CommitteeMembershipApplicationModel.php
app/Contexts/Membership/Infrastructure/Models/CommitteeModel.php
app/Contexts/Membership/Infrastructure/Models/FeeContextModel.php
app/Contexts/Membership/Infrastructure/Models/MemberContextModel.php
app/Contexts/Membership/Infrastructure/Persistence
app/Contexts/Membership/Infrastructure/Persistence/CommitteeRepositoryPort.php
app/Contexts/Membership/Infrastructure/Persistence/EloquentCommitteeRepository.php
app/Contexts/Membership/Infrastructure/Persistence/Models
app/Contexts/Membership/Infrastructure/Persistence/Models/CommitteeStructureLevelModel.php
app/Contexts/Membership/Infrastructure/Persistence/Models/CommitteeStructureModel.php
app/Contexts/Membership/Infrastructure/Persistence/Models/GovernanceDecisionSnapshotModel.php
app/Contexts/Membership/Infrastructure/Persistence/Repositories
app/Contexts/Membership/Infrastructure/Persistence/Repositories/EloquentCommitteeStructureRepository.php
app/Contexts/Membership/Infrastructure/Persistence/Repositories/EloquentGovernanceDecisionStore.php
app/Contexts/Membership/Infrastructure/Ports
app/Contexts/Membership/Infrastructure/Ports/GeographyContextAdapter.php
app/Contexts/Membership/Infrastructure/Projections
app/Contexts/Membership/Infrastructure/Projections/MemberDirectoryProjectionWorker.php
app/Contexts/Membership/Infrastructure/Providers
app/Contexts/Membership/Infrastructure/Providers/MembershipServiceProvider.php
app/Contexts/Membership/Infrastructure/Query
app/Contexts/Membership/Infrastructure/Query/EloquentCommitteeGeoPathProvider.php
app/Contexts/Membership/Infrastructure/Query/SessionMemberGeoPathProvider.php
app/Contexts/Membership/Infrastructure/Query/StubCommitteeGeoPathProvider.php
app/Contexts/Membership/Infrastructure/Query/StubMembershipApplicationRepository.php
app/Contexts/Membership/Infrastructure/Repositories
app/Contexts/Membership/Infrastructure/Repositories/CommitteeRepository.php
app/Contexts/Membership/Infrastructure/Repositories/EloquentApplicationRepository.php
app/Contexts/Membership/Infrastructure/Repositories/EloquentCommitteeAggregateRepository.php
app/Contexts/Membership/Infrastructure/Repositories/EloquentCommitteeAssociationRepository.php
app/Contexts/Membership/Infrastructure/Repositories/EloquentCommitteeMembershipApplicationRepository.php
app/Contexts/Membership/Infrastructure/Repositories/EloquentCommitteeRepository.php
app/Contexts/Membership/Infrastructure/Repositories/EloquentFeeRepository.php
app/Contexts/Membership/Infrastructure/Repositories/EloquentMemberRepository.php
app/Contexts/Membership/Infrastructure/Repositories/EloquentMembershipLineageRepository.php
app/Contexts/Membership/Infrastructure/Repositories/EloquentMembershipTypeRepository.php
app/Contexts/Membership/Infrastructure/Repositories/EloquentTenantUserRepository.php
app/Contexts/Membership/Infrastructure/Repositories/MemberDirectoryRepository.php
app/Contexts/Membership/Infrastructure/Repositories/MemberDirectoryRepositoryInterface.php
app/Contexts/Membership/Infrastructure/Repository
app/Contexts/Membership/Infrastructure/Repository/EloquentCommitteeSlugReadRepository.php
app/Contexts/Membership/Infrastructure/Services
app/Contexts/Membership/Infrastructure/Services/CanonicalGeoIdentityData.php
app/Contexts/Membership/Infrastructure/Services/CanonicalGeoSerializer.php
app/Contexts/Membership/Infrastructure/Services/CsvParser.php
app/Contexts/Membership/Infrastructure/Services/EloquentMembershipTypeValidator.php
app/Contexts/Membership/Infrastructure/Services/GeographicJurisdictionProviderAdapter.php
app/Contexts/Membership/Infrastructure/Services/GeographyValidationAdapter.php
app/Contexts/Membership/Infrastructure/Services/OutboxService.php
app/Contexts/Membership/Infrastructure/Services/TenantAuthProvisioningAdapter.php
app/Contexts/Membership/Infrastructure/Services/TenantUserIdentityVerification.php
app/Contexts/Shared
app/Contexts/Shared/Domain
app/Contexts/Shared/Domain/DomainEvent.php
app/Contexts/Shared/Domain/Events
app/Contexts/Shared/Domain/Events/IntegrationEvent.php
app/Contexts/Shared/Domain/TenantAggregateRoot.php
app/Contexts/Shared/Domain/ValueObjects
app/Contexts/Shared/Domain/ValueObjects/ActorId.php
app/Contexts/Shared/Domain/ValueObjects/TenantId.php
app/Contexts/Shared/Infrastructure
app/Contexts/Shared/Infrastructure/Outbox
app/Contexts/Shared/Infrastructure/Outbox/IntegrationEvent.php
app/Contexts/Shared/Infrastructure/Outbox/OutboxEvent.php
app/Contexts/Shared/Infrastructure/Outbox/OutboxEventProcessor.php
app/Contexts/Shared/Infrastructure/Outbox/OutboxRepository.php
app/Contexts/Shared/Infrastructure/Outbox/OutboxWriter.php
app/Contexts/Shared/Infrastructure/Outbox/OutboxWriterInterface.php
app/Contracts
app/Contracts/PaymentGateway.php
app/Contracts/PaymentIntent.php
app/Contracts/PaymentResult.php
app/Contracts/RefundResult.php
app/Contracts/TenantContextInterface.php
app/developer_guide
app/developer_guide/TRANSLATIONS.md
app/Domain
app/Domain/Election
app/Domain/Election/Constitution
app/Domain/Election/Constitution/ElectionConstitution.php
app/Domain/Election/Enum
app/Domain/Election/Enum/ElectionAction.php
app/Domain/Election/Enum/ElectionLifecycleState.php
app/Domain/Election/Enum/ElectionMode.php
app/Domain/Election/Enum/ElectionRole.php
app/Domain/Election/Enum/ElectionState.php
app/Domain/Election/Events
app/Domain/Election/Events/AdministrationCompleted.php
app/Domain/Election/Events/BulkVotersAssignedToElection.php
app/Domain/Election/Events/ElectionApproved.php
app/Domain/Election/Events/ElectionCreated.php
app/Domain/Election/Events/ElectionRejected.php
app/Domain/Election/Events/ElectionSubmittedForApproval.php
app/Domain/Election/Events/NominationCompleted.php
app/Domain/Election/Events/ResultsPublished.php
app/Domain/Election/Events/VoterAssignedToElection.php
app/Domain/Election/Events/VotingClosed.php
app/Domain/Election/Events/VotingOpened.php
app/Domain/Election/Exceptions
app/Domain/Election/Exceptions/InvalidTransitionException.php
app/Domain/Election/Models
app/Domain/Election/Models/ElectionUser.php
app/Domain/Election/Services
app/Domain/Election/Services/ElectionLifecycleEngine.php
app/Domain/Election/StateMachine
app/Domain/Election/StateMachine/ElectionStateMachine.php
app/Domain/Election/StateMachine/Exceptions
app/Domain/Election/StateMachine/Exceptions/InvalidTransitionException.php
app/Domain/Election/StateMachine/Transition.php
app/Domain/Election/StateMachine/TransitionMatrix.php
app/Domain/Election/StateMachine/TransitionTrigger.php
app/Domain/Election/ValueObjects
app/Domain/Election/ValueObjects/ElectionLifecycleSnapshot.php
app/Domain/Finance
app/Domain/Finance/Controllers
app/Domain/Finance/Models
app/Domain/Finance/Notifications
app/Domain/Finance/Notifications/FinanceNotification.php
app/Domain/Finance/Services
app/Domain/Finance/Services/FinanceNotificationService.php
app/Domain/Locale
app/Domain/Locale/Policies
app/Domain/Locale/Policies/LocalePolicy.php
app/Domain/Locale/ValueObjects
app/Domain/Locale/ValueObjects/Locale.php
app/Domain/Shared
app/Domain/Shared/Exceptions
app/Domain/Shared/Exceptions/InvalidMoneyException.php
app/Domain/Shared/ValueObjects
app/Domain/Shared/ValueObjects/Money.php
app/Domain/ValueObjects
app/Domain/ValueObjects/OrganisationGovernanceStatus.php
app/Domain/Voting
app/Domain/Voting/Aggregate
app/Domain/Voting/Aggregate/VotingSession.php
app/Domain/Voting/QuorumRule
app/Domain/Voting/QuorumRule/CompositeQuorumRule.php
app/Domain/Voting/QuorumRule/Evaluation
app/Domain/Voting/QuorumRule/Evaluation/CompositeQuorumEvaluationResult.php
app/Domain/Voting/QuorumRule/Evaluation/QuorumRuleEvaluationEngine.php
app/Domain/Voting/QuorumRule/QuorumOperator.php
app/Domain/Voting/QuorumRule/QuorumRule.php
app/Domain/Voting/QuorumRule/Rules
app/Domain/Voting/QuorumRule/Rules/MinimumAbsoluteQuorumRule.php
app/Domain/Voting/QuorumRule/Rules/MinimumBasisPointQuorumRule.php
app/Domain/Voting/Semantics
app/Domain/Voting/Semantics/GovernanceSemanticDefinition.php
app/Domain/Voting/Semantics/SemanticCategory.php
app/Domain/Voting/Semantics/SemanticIntent.php
app/Domain/Voting/Service
app/Domain/Voting/Service/EligibilityEvaluator.php
app/Domain/Voting/Service/QuorumCalculator.php
app/Domain/Voting/Service/VoteAggregator.php
app/Domain/Voting/Service/VotingEngine.php
app/Domain/Voting/ValueObject
app/Domain/Voting/ValueObject/BallotCollection.php
app/Domain/Voting/ValueObject/EligibilitySnapshot.php
app/Domain/Voting/ValueObject/QuorumDefinition.php
app/Domain/Voting/ValueObject/VotingOutcome.php
app/Enums
app/Enums/VotingStep.php
app/Events
app/Events/ElectionStateChangedEvent.php
app/Events/Event.php
app/Events/Membership
app/Events/Membership/MembershipApplicationApproved.php
app/Events/Membership/MembershipApplicationRejected.php
app/Events/Membership/MembershipFeePaid.php
app/Events/Membership/MembershipRenewed.php
app/Events/MembershipFeePaid.php
app/Events/Newsletter
app/Events/Newsletter/NewsletterEmailFailed.php
app/Events/Newsletter/NewsletterEmailSent.php
app/Events/OrganisationCreated.php
app/Exceptions
app/Exceptions/ApplicationAlreadyProcessedException.php
app/Exceptions/DeprecatedFieldException.php
app/Exceptions/DeprecatedQueryException.php
app/Exceptions/DomainException.php
app/Exceptions/DuplicateVoteException.php
app/Exceptions/FeeAlreadyPaidException.php
app/Exceptions/Handler.php
app/Exceptions/InvalidNewsletterStateException.php
app/Exceptions/InvalidRealVoteException.php
app/Exceptions/InvalidTransitionException.php
app/Exceptions/OrganisationMismatchException.php
app/Exceptions/UnauthorizedStateMutationException.php
app/Exceptions/Voting
app/Exceptions/Voting/AlreadyVotedException.php
app/Exceptions/Voting/ConsistencyException.php
app/Exceptions/Voting/ElectionException.php
app/Exceptions/Voting/ElectionMismatchException.php
app/Exceptions/Voting/ElectionNotFoundException.php
app/Exceptions/Voting/ExpiredVoterSlugException.php
app/Exceptions/Voting/InvalidVoterSlugException.php
app/Exceptions/Voting/NoActiveElectionException.php
app/Exceptions/Voting/NoDemoElectionException.php
app/Exceptions/Voting/OrganisationMismatchException.php
app/Exceptions/Voting/SlugOwnershipException.php
app/Exceptions/Voting/TenantIsolationException.php
app/Exceptions/Voting/VoteException.php
app/Exceptions/Voting/VoterSlugException.php
app/Exceptions/Voting/VoteVerificationException.php
app/Exceptions/Voting/VotingException.php
app/Helpers
app/Helpers/BreadcrumbHelper.php
app/Helpers/ElectionAudit.php
app/Helpers/helpers.php
app/Helpers/SchemaGenerator.php
app/Helpers/SeoHelper.php
app/Helpers/tenant.php
app/Helpers/TenantHelper.php
app/Helpers/VotingValidator.php
app/Http
app/Http/Controllers
app/Http/Controllers/Admin
app/Http/Controllers/Admin/AdminElectionController.php
app/Http/Controllers/Admin/GeoUnitController.php
app/Http/Controllers/Admin/GovernanceLevelController.php
app/Http/Controllers/Admin/PlatformDashboardController.php
app/Http/Controllers/Admin/VotingSecurityController.php
app/Http/Controllers/AdminDashboardController.php
app/Http/Controllers/Api
app/Http/Controllers/Api/DemoSetupController.php
app/Http/Controllers/Api/Governance
app/Http/Controllers/Api/Governance/CommitteeMemberController.php
app/Http/Controllers/Api/MemberCommitteesController.php
app/Http/Controllers/Api/OrganizationController.php
app/Http/Controllers/AssignmentController.php
app/Http/Controllers/Auth
app/Http/Controllers/Auth/AuthController.php
app/Http/Controllers/Auth/DeleteAccountController.php
app/Http/Controllers/Auth/LoginController.php
app/Http/Controllers/Auth/PasswordResetController.php
app/Http/Controllers/Auth/PasswordUpdateController.php
app/Http/Controllers/Auth/RegisterController.php
app/Http/Controllers/Auth/VerificationController.php
app/Http/Controllers/CalendarController.php
app/Http/Controllers/CandidacyApplicationController.php
app/Http/Controllers/CandidacyController.php
app/Http/Controllers/CodeController.php
app/Http/Controllers/CommissionDashboardController.php
app/Http/Controllers/Committee
app/Http/Controllers/Committee/CommitteeDashboardController.php
app/Http/Controllers/Committee/CommitteeManagementController.php
app/Http/Controllers/Committee/CommitteeMemberController.php
app/Http/Controllers/Committee/CreateCommitteeController.php
app/Http/Controllers/Committee/MemberGeographyController.php
app/Http/Controllers/Committee/MemberSearchController.php
app/Http/Controllers/CommitteeController.php
app/Http/Controllers/CommitteeType.php
app/Http/Controllers/Contribution
app/Http/Controllers/Contribution/ContributionController.php
app/Http/Controllers/Controller.php
app/Http/Controllers/DashboardController.php
app/Http/Controllers/DeligateCandidacyController.php
app/Http/Controllers/DeligateCodeController.php
app/Http/Controllers/DeligateVoteController.php
app/Http/Controllers/Demo
app/Http/Controllers/Demo/DemoCodeController.php
app/Http/Controllers/Demo/DemoResultController.php
app/Http/Controllers/Demo/DemoVoteController.php
app/Http/Controllers/Demo/PublicDemoController.php
app/Http/Controllers/DiagnosticController.php
app/Http/Controllers/Election
app/Http/Controllers/Election/CandidacyManagementController.php
app/Http/Controllers/Election/CandidacyReviewController.php
app/Http/Controllers/Election/ElectionManagementController.php
app/Http/Controllers/Election/ElectionSettingsController.php
app/Http/Controllers/Election/PostManagementController.php
app/Http/Controllers/Election/VoterImportController.php
app/Http/Controllers/Election/VoterVerificationController.php
app/Http/Controllers/ElectionArchitectureController.php
app/Http/Controllers/ElectionController.php
app/Http/Controllers/ElectionOfficerController.php
app/Http/Controllers/ElectionOfficerInvitationController.php
app/Http/Controllers/ElectionProcessController.php
app/Http/Controllers/ElectionVoterController.php
app/Http/Controllers/ElectionVotingController.php
app/Http/Controllers/EmergencyDashboardController.php
app/Http/Controllers/EventController.php
app/Http/Controllers/FeedController.php
app/Http/Controllers/Finance
app/Http/Controllers/Finance/IncomeController.php
app/Http/Controllers/Finance/OutcomeController.php
app/Http/Controllers/Geography
app/Http/Controllers/Geography/GeographicLevelController.php
app/Http/Controllers/Geography/OrganisationGeographyController.php
app/Http/Controllers/Geography/RegionController.php
app/Http/Controllers/GoogleAccountController.php
app/Http/Controllers/GoogleController.php
app/Http/Controllers/GoogleLoginController.php
app/Http/Controllers/GoogleWebhookController.php
app/Http/Controllers/GovernanceSetupController.php
app/Http/Controllers/HasVotedController.php
app/Http/Controllers/ImageController.php
app/Http/Controllers/Import
app/Http/Controllers/Import/OrganisationUserImportController.php
app/Http/Controllers/LocaleController.php
app/Http/Controllers/LocationController.php
app/Http/Controllers/MakeurlController.php
app/Http/Controllers/MemberController.php
app/Http/Controllers/Membership
app/Http/Controllers/Membership/CommitteeMembershipApplicationController.php
app/Http/Controllers/Membership/MembershipApplicationController.php
app/Http/Controllers/Membership/MembershipDashboardController.php
app/Http/Controllers/Membership/MembershipFeeController.php
app/Http/Controllers/Membership/MembershipRenewalController.php
app/Http/Controllers/Membership/MembershipTypeController.php
app/Http/Controllers/Membership/OrganisationNewsletterController.php
app/Http/Controllers/Membership/OrganisationParticipantController.php
app/Http/Controllers/Membership/OrganisationRoleController.php
app/Http/Controllers/Membership/ParticipantImportController.php
app/Http/Controllers/Membership/ParticipantInvitationController.php
app/Http/Controllers/Membership/PublicMembershipApplicationController.php
app/Http/Controllers/MessageController.php
app/Http/Controllers/NewsletterUnsubscribeController.php
app/Http/Controllers/NoticeController.php
app/Http/Controllers/OpenionController.php
app/Http/Controllers/Organisation
app/Http/Controllers/Organisation/OrganisationMemberInvitationController.php
app/Http/Controllers/OrganisationController.php
app/Http/Controllers/OrganisationGeographyController.php
app/Http/Controllers/Organisations
app/Http/Controllers/Organisations/MemberImportController.php
app/Http/Controllers/OrganisationSettingsController.php
app/Http/Controllers/ParticipantController.php
app/Http/Controllers/PostController.php
app/Http/Controllers/RegisterController.php
app/Http/Controllers/ResultController.php
app/Http/Controllers/RobotsController.php
app/Http/Controllers/RoleController.php
app/Http/Controllers/RoleSelectionController.php
app/Http/Controllers/SecurityPageController.php
app/Http/Controllers/SitemapController.php
app/Http/Controllers/SmsController.php
app/Http/Controllers/SocialController.php
app/Http/Controllers/StudentController.php
app/Http/Controllers/SynchronizationController.php
app/Http/Controllers/Test.php
app/Http/Controllers/TestController.php
app/Http/Controllers/UploadController.php
app/Http/Controllers/UserController.php
app/Http/Controllers/VoteController.php
app/Http/Controllers/VoterDashboardController.php
app/Http/Controllers/VoterInvitationController.php
app/Http/Controllers/VoterlistController.php
app/Http/Controllers/VoterSlugController.php
app/Http/Controllers/VotingReceiptController.php
app/Http/Controllers/VotingSecurityPageController.php
app/Http/Controllers/WelcomeDashboardController.php
app/Http/Middleware
app/Http/Middleware/Authenticate.php
app/Http/Middleware/CheckUserRole.php
app/Http/Middleware/CheckVotingWindow.php
app/Http/Middleware/ElectionMiddleware.php
app/Http/Middleware/ElectionSSOTInterceptor.php
app/Http/Middleware/EncryptCookies.php
app/Http/Middleware/EnsureCommitteeMember.php
app/Http/Middleware/EnsureDemoElection.php
app/Http/Middleware/EnsureElectionState.php
app/Http/Middleware/EnsureElectionVoter.php
app/Http/Middleware/EnsureOrganisationMember.php
app/Http/Middleware/EnsurePlatformAdmin.php
app/Http/Middleware/EnsureRealVoteOrganisation.php
app/Http/Middleware/EnsureVoterSlugWindow.php
app/Http/Middleware/EnsureVoterStepOrder.php
app/Http/Middleware/ForceJsonResponse.php
app/Http/Middleware/HandleInertiaRequests.php
app/Http/Middleware/IdentifyTenantFromHeader.php
app/Http/Middleware/InjectPageMeta.php
app/Http/Middleware/NoCacheMiddleware.php
app/Http/Middleware/PreloadAssets.php
app/Http/Middleware/PreventRequestsDuringMaintenance.php
app/Http/Middleware/RedirectIfAuthenticated.php
app/Http/Middleware/SetLocale.php
app/Http/Middleware/TenantContext.php
app/Http/Middleware/TrackPerformance.php
app/Http/Middleware/TrimStrings.php
app/Http/Middleware/TrustHosts.php
app/Http/Middleware/TrustProxies.php
app/Http/Middleware/ValidateVoterSlugWindow.php
app/Http/Middleware/ValidateVotingIp.php
app/Http/Middleware/VerifyCsrfToken.php
app/Http/Middleware/VerifyVoterSlug.php
app/Http/Middleware/VerifyVoterSlugConsistency.php
app/Http/Middleware/VoteEligibility.php
app/Http/Middleware/VoterSlugStep.php
app/Http/Requests
app/Http/Requests/Committee
app/Http/Requests/Committee/CreateCommitteeRequest.php
app/Http/Requests/Committee/StoreCommitteeRequest.php
app/Http/Requests/Election
app/Http/Requests/Election/StoreVoteRequest.php
app/Http/Requests/Election/UpdateElectionSettingsRequest.php
app/Http/Requests/LoginRequest.php
app/Http/Requests/Membership
app/Http/Requests/StoreImage.php
app/Http/Requests/StoreOrganisationRequest.php
app/Http/Requests/StoreOrganizationRequest.php
app/Http/Responses
app/Http/Responses/LoginResponse.php
app/Http/Responses/RegisterResponse.php
app/Imports
app/Imports/OrganisationUserImport.php
app/Interfaces
app/Interfaces/ImageRepositoryInterface.php
app/Jobs
app/Jobs/DispatchNewsletterBatchJob.php
app/Jobs/PeriodicSynchronizations.php
app/Jobs/ProcessMemberImportJob.php
app/Jobs/RefreshWebhookSynchronizations.php
app/Jobs/SendNewsletterBatchJob.php
app/Jobs/SendVoterInvitation.php
app/Jobs/SynchronizeGCalendar.php
app/Jobs/SynchronizeGoogleCalendars.php
app/Jobs/SynchronizeGoogleEvents.php
app/Jobs/SynchronizeGoogleResource.php
app/Jobs/WatchGoogleCalendars.php
app/Jobs/WatchGoogleEvents.php
app/Jobs/WatchGoogleResource.php
app/Listeners
app/Listeners/CreateIncomeForMembershipFee.php
app/Listeners/CreateUserOrganisationRole.php
app/Listeners/EventListener.php
app/Listeners/Finance
app/Listeners/Finance/CreateIncomeFromFeePaidProjection.php
app/Listeners/InvalidateMembershipDashboardCache.php
app/Listeners/Membership
app/Listeners/Membership/RecalculateMemberFeeStatus.php
app/Listeners/Newsletter
app/Listeners/Newsletter/UpdateNewsletterCounters.php
app/Mail
app/Mail/Membership
app/Mail/Membership/PublicApplicationAdminNotificationMail.php
app/Mail/Membership/PublicApplicationConfirmationMail.php
app/Mail/OrganisationCreatedMail.php
app/Mail/OrganisationInvitationMail.php
app/Mail/OrganisationNewsletterMail.php
app/Mail/OrganizationCreatedMail.php
app/Mail/RepresentativeInvitationMail.php
app/Mail/VerifyEmailMail.php
app/Mail/VoterInvitationMail.php
app/Models
app/Models/BaseResult.php
app/Models/BaseVote.php
app/Models/BreadcrumbHelper.php
app/Models/Calendar.php
app/Models/Candidacy.php
app/Models/CandidacyApplication.php
app/Models/Code.php
app/Models/CommitteeMemberProjection.php
app/Models/Contribution.php
app/Models/DeadLetterEntry.php
app/Models/DeligateCandidacy.php
app/Models/DeligatePost.php
app/Models/DeligateVote.php
app/Models/Demo
app/Models/Demo/DemoCode.php
app/Models/DemoCandidacy.php
app/Models/DemoCode.php
app/Models/DemoPost.php
app/Models/DemoResult.php
app/Models/DemoVote.php
app/Models/DemoVoterSlug.php
app/Models/DemoVoterSlugStep.php
app/Models/Election.php
app/Models/ElectionAuditLog.php
app/Models/ElectionMembership.php
app/Models/ElectionOfficer.php
app/Models/ElectionStateTransition.php
app/Models/Event.php
app/Models/GoogleAccount.php
app/Models/GovernanceLevelDefinition.php
app/Models/Image.php
app/Models/Income.php
app/Models/Member.php
app/Models/MemberImportJob.php
app/Models/MembershipApplication.php
app/Models/MembershipFee.php
app/Models/MembershipPayment.php
app/Models/MembershipRenewal.php
app/Models/MembershipType.php
app/Models/Message.php
app/Models/NewsletterAttachment.php
app/Models/NewsletterAuditLog.php
app/Models/NewsletterRecipient.php
app/Models/Notice.php
app/Models/Openion.php
app/Models/Organisation.php
app/Models/OrganisationInvitation.php
app/Models/OrganisationNewsletter.php
app/Models/OrganisationParticipant.php
app/Models/OrganisationUser.php
app/Models/Outcome.php
app/Models/PointsLedger.php
app/Models/Post.php
app/Models/PublicDemoSession.php
app/Models/ReceiptCode.php
app/Models/Region.php
app/Models/Result.php
app/Models/Sms.php
app/Models/Student.php
app/Models/Synchronization.php
app/Models/Traits
app/Models/Traits/ScopedByOrganisation.php
app/Models/Upload.php
app/Models/User.php
app/Models/UserOrganisationRole.php
app/Models/Vote.php
app/Models/Voter.php
app/Models/VoterInvitation.php
app/Models/VoterRegistration.php
app/Models/VoterSlug.php
app/Models/VoterSlugStep.php
app/Models/VoterVerification.php
app/Notifications
app/Notifications/CsvRowEmailNotification.php
app/Notifications/ElectionReadyForActivation.php
app/Notifications/OfficerAppointedNotification.php
app/Notifications/SecondVerificationCode.php
app/Notifications/SendFirstVerificationCode.php
app/Notifications/SendVoteSavingCode.php
app/Notifications/WelcomeEmailNotification.php
app/Observers
app/Observers/UserOrganisationObserver.php
app/Policies
app/Policies/ElectionOfficerPolicy.php
app/Policies/ElectionPolicy.php
app/Policies/GeoUnitPolicy.php
app/Policies/MembershipPolicy.php
app/Policies/OrganisationPolicy.php
app/Providers
app/Providers/AppServiceProvider.php
app/Providers/AuthServiceProvider.php
app/Providers/BroadcastServiceProvider.php
app/Providers/EventServiceProvider.php
app/Providers/JetstreamServiceProvider.php
app/Providers/RepositoryServiceProvider.php
app/Providers/RouteServiceProvider.php
app/Providers/SEOServiceProvider.php
app/Repositories
app/Repositories/ImageRepository.php
app/Services
app/Services/CacheService.php
app/Services/ContributionPointsService.php
app/Services/Dashboard
app/Services/Dashboard/Blocks
app/Services/Dashboard/Blocks/OrganizationStatusBlock.php
app/Services/Dashboard/TrustSignalService.php
app/Services/Dashboard/UserStateBuilder.php
app/Services/DashboardResolver.php
app/Services/DemoElectionCreationService.php
app/Services/DemoElectionResolver.php
app/Services/DemoVotingService.php
app/Services/DeviceFingerprint.php
app/Services/DiagnoseRedirectLoop.php
app/Services/ElectionAuditService.php
app/Services/ElectionCacheService.php
app/Services/ElectionClockService.php
app/Services/ElectionService.php
app/Services/ElectionSettingsService.php
app/Services/GaneshStandardFormula.php
app/Services/GeoLocation
app/Services/GeoLocation/Contracts
app/Services/GeoLocation/Contracts/GeoIpProvider.php
app/Services/GeoLocation/developer_guide
app/Services/GeoLocation/developer_guide/ARCHITECTURE.md
app/Services/GeoLocation/developer_guide/DECISIONS.md
app/Services/GeoLocation/developer_guide/IMPLEMENTATION.md
app/Services/GeoLocation/developer_guide/INDEX.md
app/Services/GeoLocation/developer_guide/PROVIDER_GUIDE.md
app/Services/GeoLocation/developer_guide/TESTING.md
app/Services/GeoLocation/Facades
app/Services/GeoLocation/Facades/GeoLocation.php
app/Services/GeoLocation/GeoLocationServiceProvider.php
app/Services/GeoLocation/Providers
app/Services/GeoLocation/Providers/IpApiProvider.php
app/Services/GeoLocation/README.md
app/Services/GeoLocation/Services
app/Services/GeoLocation/Services/GeoLocationService.php
app/Services/GeoLocation/ValueObjects
app/Services/GeoLocation/ValueObjects/Location.php
app/Services/Google.php
app/Services/Governance
app/Services/Governance/GovernanceGeographyProjectionBuilder.php
app/Services/LeaderboardService.php
app/Services/ManualPaymentGateway.php
app/Services/MembershipPaymentService.php
app/Services/NewsletterService.php
app/Services/OrganisationUserImportService.php
app/Services/ParticipantImportService.php
app/Services/RealVotingService.php
app/Services/SeoService.php
app/Services/TenantContext.php
app/Services/VoterEligibilityService.php
app/Services/VoterImportService.php
app/Services/VoterProgressService.php
app/Services/VoterRecoveryService.php
app/Services/VoterSlugService.php
app/Services/VoterStepTrackingService.php
app/Services/Voting
app/Services/Voting/DeviceFingerprintService.php
app/Services/VotingSecurityService.php
app/Services/VotingService.php
app/Services/VotingServiceFactory.php
app/Shared
app/Shared/Architecture
app/Shared/Architecture/Baseline
app/Shared/Architecture/Baseline/BaselineManager.php
app/Shared/Architecture/Baseline/EnforcementLevel.php
app/Shared/Architecture/Baseline/StructuredViolation.php
app/Shared/Architecture/Config
app/Shared/Architecture/Config/GeographyRuleset.php
app/Shared/Architecture/Graph
app/Shared/Architecture/Graph/DependencyGraph.php
app/Shared/Architecture/Graph/DependencyGraphBuilder.php
app/Shared/Architecture/Parser
app/Shared/Architecture/Parser/ClassLike.php
app/Shared/Architecture/Parser/Import.php
app/Shared/Architecture/Parser/Method.php
app/Shared/Architecture/Parser/ParsedFileCache.php
app/Shared/Architecture/Parser/ParseFailurePolicy.php
app/Shared/Architecture/Parser/PhpFile.php
app/Shared/Architecture/Parser/PhpFileParser.php
app/Shared/Architecture/Parser/PhpFileView.php
app/Shared/Architecture/Parser/PhpFileVisitor.php
app/Shared/Architecture/Parser/SemanticIndex.php
app/Shared/Architecture/Parser/SemanticIndexBuilder.php
app/Shared/Architecture/Rule
app/Shared/Architecture/Rule/ArchitectureRule.php
app/Shared/Architecture/Rule/DependencyDirectionRule.php
app/Shared/Architecture/Rule/FinalClassRule.php
app/Shared/Architecture/Rule/ImmutableDtoRule.php
app/Shared/Architecture/Rule/JsonSerializableRule.php
app/Shared/Architecture/Rule/NoEloquentOutsideInfrastructureRule.php
app/Shared/Architecture/Rule/NoFrameworkImportsRule.php
app/Shared/Architecture/Rule/NoInfrastructureImportsRule.php
app/Shared/Architecture/Rule/NoPublicSettersRule.php
app/Shared/Architecture/Rule/ReadonlyValueObjectRule.php
app/Shared/Architecture/Rule/RuleCategory.php
app/Shared/Architecture/Rule/RuleResult.php
app/Shared/Architecture/Rule/RuleSeverity.php
app/Shared/Architecture/Rule/SemanticIndexProvider.php
app/Shared/Architecture/Runner
app/Shared/Architecture/Runner/ArchitectureTestBase.php
app/Shared/Architecture/Runner/RuleRunner.php
app/Shared/Architecture/Services
app/Shared/Architecture/Services/FileDiscoveryService.php
app/Shared/Architecture/Services/ImportScanner.php
app/Shared/Domain
app/Shared/Domain/AggregateRoot.php
app/Shared/Domain/Concerns
app/Shared/Domain/Concerns/RecordsEvents.php
app/Shared/Domain/Events
app/Shared/Domain/Events/AbstractDomainEvent.php
app/Shared/Domain/Events/EventBus.php
app/Shared/Infrastructure
app/Shared/Infrastructure/Events
app/Shared/Infrastructure/Events/LaravelEventBus.php
app/Traits
app/Traits/BelongsToTenant.php
app/Traits/ChecksElectionAccess.php
app/Traits/EnsuresVoterMembership.php
app/Traits/HasAuditFields.php
app/Traits/HasOrganisation.php
app/Traits/Voting
app/Traits/Voting/CodeVerificationTrait.php
app/Traits/Voting/VoteStorageTrait.php
