 
  [30;43;1m WARN [39;49;22m Your XML configuration validates against a deprecated schema. Migrate your XML configuration using "--migrate-configuration"!
       
   FAIL  Tests\Unit\Controllers\DemoResultControllerTest
  ✓ mode 1 returns global demo results                                                                         119.01s  
  ⨯ mode 2 returns organisation scoped results                                                                   1.60s  
  ⨯ data isolation mode1 does not see mode2 data                                                                 0.30s  
  ⨯ vote counting is accurate                                                                                    0.18s  
  ⨯ no vote option counted correctly                                                                             0.46s  
  ✓ demo result requires authentication                                                                          0.37s  
  ! pdf download mode1 works → Test code or tested code closed output buffers other than its own                 4.49s  
  ! pdf download mode2 works → Test code or tested code closed output buffers other than its own                 0.37s  
  ✓ verify results endpoint                                                                                      0.34s  
  ────────────────────────────────────────────────────────────────────────────────────────────────────────────────────  
   FAILED  Tests\Unit\Controllers\DemoResultControllerTest > mode 2 returns organisation scoped results                 
  Property [posts] was marked as invalid using a closure.
Failed asserting that false is true.

  at tests\Unit\Controllers\DemoResultControllerTest.php:83
     79▕         $response->assertInertia(fn ($page) =>
     80▕             $page
     81▕                 ->component('Demo/Result/Index')
     82▕                 ->where('mode', 'organisation')
  ➜  83▕                 ->where('posts', fn ($postsData) => count($postsData) === 2)
     84▕         );
     85▕     }
     86▕ 
     87▕     /**

  1   vendor\inertiajs\inertia-laravel\src\Testing\TestResponseMacros.php:18
  2   vendor\laravel\framework\src\Illuminate\Macroable\Traits\Macroable.php:126

  ────────────────────────────────────────────────────────────────────────────────────────────────────────────────────  
   FAILED  Tests\Unit\Controllers\DemoResultControllerTest > data isolation mode1 does not see mode2…  ErrorException   
  Undefined array key "posts"

  at tests\Unit\Controllers\DemoResultControllerTest.php:111
    107▕         $response = $this->actingAs($this->user)
    108▕             ->get('/demo/global/result');
    109▕ 
    110▕         // Assert - Should only see global posts
  ➜ 111▕         $this->assertEquals(2, count($response['posts']));
    112▕ 
    113▕         foreach ($response['posts'] as $post) {
    114▕             $this->assertNull($post->organisation_id);
    115▕         }

  ────────────────────────────────────────────────────────────────────────────────────────────────────────────────────  
   FAILED  Tests\Unit\Controllers\DemoResultControllerTest > vote counting is accurate                          Error   
  Class "Database\Factories\DemoCandidacyFactory" not found

  at vendor\laravel\framework\src\Illuminate\Database\Eloquent\Factories\Factory.php:864
    860▕     public static function factoryForModel(string $modelName)
    861▕     {
    862▕         $factory = static::resolveFactoryName($modelName);
    863▕ 
  ➜ 864▕         return $factory::new();
    865▕     }
    866▕ 
    867▕     /**
    868▕      * Specify the callback that should be invoked to guess factory names based on dynamic relationship names.

  1   vendor\laravel\framework\src\Illuminate\Database\Eloquent\Factories\Factory.php:864
  2   vendor\laravel\framework\src\Illuminate\Database\Eloquent\Factories\HasFactory.php:21

  ────────────────────────────────────────────────────────────────────────────────────────────────────────────────────  
   FAILED  Tests\Unit\Controllers\DemoResultControllerTest > no vote option counted correctly          ErrorException   
  Undefined array key "final_result"

  at tests\Unit\Controllers\DemoResultControllerTest.php:235
    231▕         $response = $this->actingAs($this->user)
    232▕             ->get('/demo/global/result');
    233▕ 
    234▕         // Assert
  ➜ 235▕         $postResult = collect($response['final_result']['posts'])->first();
    236▕         $this->assertEquals(2, $postResult['no_vote_count']);
    237▕     }
    238▕ 
    239▕     /**


  Tests:    4 failed, 2 risky, 3 passed (40 assertions)
  Duration: 127.95s

