   
  [30;43;1m WARN [39;49;22m Your XML configuration validates against a deprecated schema. Migrate your XML configuration using "--migrate-configuration"!

  [30;43;1m WARN [39;49;22m Metadata found in doc-comment for method Tests\Unit\Application\Committee\CommitteeGeoBoundaryTest::test_committee_records_geo_on_update_operational_geo(). Metadata in doc-comments is deprecated and will no longer be supported in PHPUnit 12. Update your test code to use attributes instead.

  [30;43;1m WARN [39;49;22m Metadata found in doc-comment for method Tests\Unit\Application\Committee\CommitteeGeoBoundaryTest::test_update_committee_details_calls_update_operational_geo_when_geo_provided(). Metadata in doc-comments is deprecated and will no longer be supported in PHPUnit 12. Update your test code to use attributes instead.

  [30;43;1m WARN [39;49;22m Metadata found in doc-comment for method Tests\Unit\Application\Committee\CommitteeGeoBoundaryTest::test_update_committee_details_skips_geo_when_null(). Metadata in doc-comments is deprecated and will no longer be supported in PHPUnit 12. Update your test code to use attributes instead.

  [30;43;1m WARN [39;49;22m Metadata found in doc-comment for method Tests\Unit\Application\Committee\CommitteeGeoBoundaryTest::test_eloquent_aggregate_repository_persists_region_and_country_codes(). Metadata in doc-comments is deprecated and will no longer be supported in PHPUnit 12. Update your test code to use attributes instead.

  [30;43;1m WARN [39;49;22m Metadata found in doc-comment for method Tests\Unit\Application\Committee\CommitteeGeoBoundaryTest::test_eloquent_repository_regenerates_slug_on_name_change(). Metadata in doc-comments is deprecated and will no longer be supported in PHPUnit 12. Update your test code to use attributes instead.

  [30;43;1m WARN [39;49;22m Metadata found in doc-comment for method Tests\Unit\Application\Election\ConstitutionalDriftMonitorTest::ssot_violation_event_is_json_serializable(). Metadata in doc-comments is deprecated and will no longer be supported in PHPUnit 12. Update your test code to use attributes instead.

  [30;43;1m WARN [39;49;22m Metadata found in doc-comment for method Tests\Unit\Application\Election\ConstitutionalDriftMonitorTest::drift_monitor_logs_to_constitutional_integrity_channel(). Metadata in doc-comments is deprecated and will no longer be supported in PHPUnit 12. Update your test code to use attributes instead.

  [30;43;1m WARN [39;49;22m Metadata found in doc-comment for method Tests\Unit\Application\Election\ConstitutionalDriftMonitorTest::drift_monitor_does_not_throw_on_record(). Metadata in doc-comments is deprecated and will no longer be supported in PHPUnit 12. Update your test code to use attributes instead.

  [30;43;1m WARN [39;49;22m Metadata found in doc-comment for method Tests\Unit\Application\Election\ConstitutionalDriftMonitorTest::drift_monitor_logs_violation_type_and_layer(). Metadata in doc-comments is deprecated and will no longer be supported in PHPUnit 12. Update your test code to use attributes instead.

  [30;43;1m WARN [39;49;22m Metadata found in doc-comment for method Tests\Unit\Application\Election\DriftMonitorIntegrationTest::deprecation_access_guard_fires_to_drift_monitor_on_violation(). Metadata in doc-comments is deprecated and will no longer be supported in PHPUnit 12. Update your test code to use attributes instead.

  [30;43;1m WARN [39;49;22m Metadata found in doc-comment for method Tests\Unit\Application\Election\DriftMonitorIntegrationTest::query_policy_guard_fires_to_drift_monitor_on_violation(). Metadata in doc-comments is deprecated and will no longer be supported in PHPUnit 12. Update your test code to use attributes instead.

  [30;43;1m WARN [39;49;22m Metadata found in doc-comment for method Tests\Unit\Application\Election\DriftMonitorIntegrationTest::drift_monitor_receives_correct_layer_from_access_guard(). Metadata in doc-comments is deprecated and will no longer be supported in PHPUnit 12. Update your test code to use attributes instead.

  [30;43;1m WARN [39;49;22m Metadata found in doc-comment for method Tests\Unit\Application\Election\DriftMonitorIntegrationTest::guards_with_no_monitor_still_pass(). Metadata in doc-comments is deprecated and will no longer be supported in PHPUnit 12. Update your test code to use attributes instead.

  [30;43;1m WARN [39;49;22m Metadata found in doc-comment for method Tests\Unit\Application\Election\ElectionLifecycleContractTest::contract_is_bound_in_service_container(). Metadata in doc-comments is deprecated and will no longer be supported in PHPUnit 12. Update your test code to use attributes instead.

  [30;43;1m WARN [39;49;22m Metadata found in doc-comment for method Tests\Unit\Application\Election\ElectionLifecycleContractTest::contract_resolves_to_factory_instance(). Metadata in doc-comments is deprecated and will no longer be supported in PHPUnit 12. Update your test code to use attributes instead.

  [30;43;1m WARN [39;49;22m Metadata found in doc-comment for method Tests\Unit\Application\Election\ElectionLifecycleContractTest::contract_of_returns_lifecycle_instance(). Metadata in doc-comments is deprecated and will no longer be supported in PHPUnit 12. Update your test code to use attributes instead.

  [30;43;1m WARN [39;49;22m Metadata found in doc-comment for method Tests\Unit\Application\Election\ElectionLifecycleContractTest::contract_of_lifecycle_can_vote_returns_bool(). Metadata in doc-comments is deprecated and will no longer be supported in PHPUnit 12. Update your test code to use attributes instead.

  [30;43;1m WARN [39;49;22m Metadata found in doc-comment for method Tests\Unit\Application\Locale\DetectLocaleUseCaseTest::org_language_overrides_geo_detected_language(). Metadata in doc-comments is deprecated and will no longer be supported in PHPUnit 12. Update your test code to use attributes instead.

  [30;43;1m WARN [39;49;22m Metadata found in doc-comment for method Tests\Unit\Application\Locale\DetectLocaleUseCaseTest::geo_detected_language_used_when_no_org_language(). Metadata in doc-comments is deprecated and will no longer be supported in PHPUnit 12. Update your test code to use attributes instead.

  [30;43;1m WARN [39;49;22m Metadata found in doc-comment for method Tests\Unit\Application\Locale\DetectLocaleUseCaseTest::unsupported_language_falls_back_to_english(). Metadata in doc-comments is deprecated and will no longer be supported in PHPUnit 12. Update your test code to use attributes instead.

  [30;43;1m WARN [39;49;22m Metadata found in doc-comment for method Tests\Unit\Application\Locale\DetectLocaleUseCaseTest::org_language_overrides_unsupported_geo_detected(). Metadata in doc-comments is deprecated and will no longer be supported in PHPUnit 12. Update your test code to use attributes instead.

  [30;43;1m WARN [39;49;22m Metadata found in doc-comment for method Tests\Unit\Application\Locale\DetectLocaleUseCaseTest::browser_accept_language_header_used_for_private_ip(). Metadata in doc-comments is deprecated and will no longer be supported in PHPUnit 12. Update your test code to use attributes instead.

  [30;43;1m WARN [39;49;22m Metadata found in doc-comment for method Tests\Unit\Application\Locale\DetectLocaleUseCaseTest::unsupported_browser_language_falls_back_to_english(). Metadata in doc-comments is deprecated and will no longer be supported in PHPUnit 12. Update your test code to use attributes instead.

  [30;43;1m WARN [39;49;22m Metadata found in doc-comment for method Tests\Unit\Application\Locale\DetectLocaleUseCaseTest::nepali_org_language_is_respected(). Metadata in doc-comments is deprecated and will no longer be supported in PHPUnit 12. Update your test code to use attributes instead.

  [30;43;1m WARN [39;49;22m Metadata found in doc-comment for method Tests\Unit\Application\Locale\DetectLocaleUseCaseTest::german_speaking_countries_map_to_de(). Metadata in doc-comments is deprecated and will no longer be supported in PHPUnit 12. Update your test code to use attributes instead.

  [30;43;1m WARN [39;49;22m Metadata found in doc-comment for method Tests\Unit\Application\Locale\DetectLocaleUseCaseTest::nepali_country_maps_to_np(). Metadata in doc-comments is deprecated and will no longer be supported in PHPUnit 12. Update your test code to use attributes instead.

  [30;43;1m WARN [39;49;22m Metadata found in doc-comment for method Tests\Unit\Console\Commands\SovereigntyConvergenceReportTest::it_reports_no_divergences_when_store_is_empty(). Metadata in doc-comments is deprecated and will no longer be supported in PHPUnit 12. Update your test code to use attributes instead.

  [30;43;1m WARN [39;49;22m Metadata found in doc-comment for method Tests\Unit\Console\Commands\SovereigntyConvergenceReportTest::it_reports_divergences_when_they_exist(). Metadata in doc-comments is deprecated and will no longer be supported in PHPUnit 12. Update your test code to use attributes instead.

  [30;43;1m WARN [39;49;22m Metadata found in doc-comment for method Tests\Unit\Console\Commands\SovereigntyConvergenceReportTest::it_reports_convergence_when_no_leaks(). Metadata in doc-comments is deprecated and will no longer be supported in PHPUnit 12. Update your test code to use attributes instead.

  [30;43;1m WARN [39;49;22m Metadata found in doc-comment for method Tests\Unit\Console\Commands\SovereigntyConvergenceReportTest::it_outputs_json_when_requested(). Metadata in doc-comments is deprecated and will no longer be supported in PHPUnit 12. Update your test code to use attributes instead.

  [30;43;1m WARN [39;49;22m Metadata found in doc-comment for method Tests\Unit\Console\Commands\SovereigntyConvergenceReportTest::it_never_determines_retirement_safety_automatically(). Metadata in doc-comments is deprecated and will no longer be supported in PHPUnit 12. Update your test code to use attributes instead.

  [30;43;1m WARN [39;49;22m Metadata found in doc-comment for method Tests\Unit\Console\Commands\SovereigntyConvergenceReportTest::it_masks_ip_addresses_for_display(). Metadata in doc-comments is deprecated and will no longer be supported in PHPUnit 12. Update your test code to use attributes instead.

  [30;43;1m WARN [39;49;22m Metadata found in doc-comment for method Tests\Unit\Console\Commands\SovereigntyConvergenceReportTest::it_respects_since_filter(). Metadata in doc-comments is deprecated and will no longer be supported in PHPUnit 12. Update your test code to use attributes instead.

  [30;43;1m WARN [39;49;22m Metadata found in doc-comment for method Tests\Unit\Constitutional\Election\SSOTArchitectureInvariantsTest::no_migrated_controller_queries_election_with_is_active_column(). Metadata in doc-comments is deprecated and will no longer be supported in PHPUnit 12. Update your test code to use attributes instead.

  [30;43;1m WARN [39;49;22m Metadata found in doc-comment for method Tests\Unit\Constitutional\Election\SSOTArchitectureInvariantsTest::no_migrated_controller_reads_election_status_directly(). Metadata in doc-comments is deprecated and will no longer be supported in PHPUnit 12. Update your test code to use attributes instead.

  [30;43;1m WARN [39;49;22m Metadata found in doc-comment for method Tests\Unit\Constitutional\Election\SSOTArchitectureInvariantsTest::all_migrated_controllers_import_lifecycle_facade(). Metadata in doc-comments is deprecated and will no longer be supported in PHPUnit 12. Update your test code to use attributes instead.

  [30;43;1m WARN [39;49;22m Metadata found in doc-comment for method Tests\Unit\Constitutional\Election\SSOTArchitectureInvariantsTest::no_controller_injects_lifecycle_engine_directly(). Metadata in doc-comments is deprecated and will no longer be supported in PHPUnit 12. Update your test code to use attributes instead.

  [30;43;1m WARN [39;49;22m Metadata found in doc-comment for method Tests\Unit\Constitutional\Election\SSOTArchitectureInvariantsTest::deprecation_policy_guards_only_known_deprecated_fields(). Metadata in doc-comments is deprecated and will no longer be supported in PHPUnit 12. Update your test code to use attributes instead.

  [30;43;1m WARN [39;49;22m Metadata found in doc-comment for method Tests\Unit\Constitutional\Membership\MutationResistance\AggregateConsistency\MembershipLineageConsistencyTest::it_prevents_illegal_status_transition_sequences(). Metadata in doc-comments is deprecated and will no longer be supported in PHPUnit 12. Update your test code to use attributes instead.

  [30;43;1m WARN [39;49;22m Metadata found in doc-comment for method Tests\Unit\Constitutional\Membership\MutationResistance\AggregateConsistency\MembershipLineageConsistencyTest::it_prevents_duplicate_terminal_status_in_episode_chain(). Metadata in doc-comments is deprecated and will no longer be supported in PHPUnit 12. Update your test code to use attributes instead.

  [30;43;1m WARN [39;49;22m Metadata found in doc-comment for method Tests\Unit\Constitutional\Membership\MutationResistance\AggregateConsistency\MembershipLineageConsistencyTest::it_requires_active_status_before_suspension(). Metadata in doc-comments is deprecated and will no longer be supported in PHPUnit 12. Update your test code to use attributes instead.

  [30;43;1m WARN [39;49;22m Metadata found in doc-comment for method Tests\Unit\Constitutional\Membership\MutationResistance\AggregateConsistency\MembershipLineageConsistencyTest::it_prevents_restoration_from_terminated_status(). Metadata in doc-comments is deprecated and will no longer be supported in PHPUnit 12. Update your test code to use attributes instead.

  [30;43;1m WARN [39;49;22m Metadata found in doc-comment for method Tests\Unit\Constitutional\Membership\MutationResistance\AggregateConsistency\MembershipLineageConsistencyTest::it_detects_impossible_episode_chain_gaps(). Metadata in doc-comments is deprecated and will no longer be supported in PHPUnit 12. Update your test code to use attributes instead.

  [30;43;1m WARN [39;49;22m Metadata found in doc-comment for method Tests\Unit\Constitutional\Membership\MutationResistance\ConstructorSafety\CommitteeAssociationConstructorSafetyTest::it_rejects_construction_of_suspended_without_actor_id(). Metadata in doc-comments is deprecated and will no longer be supported in PHPUnit 12. Update your test code to use attributes instead.

  [30;43;1m WARN [39;49;22m Metadata found in doc-comment for method Tests\Unit\Constitutional\Membership\MutationResistance\ConstructorSafety\CommitteeAssociationConstructorSafetyTest::it_rejects_construction_of_terminated_without_termination_reason(). Metadata in doc-comments is deprecated and will no longer be supported in PHPUnit 12. Update your test code to use attributes instead.

  [30;43;1m WARN [39;49;22m Metadata found in doc-comment for method Tests\Unit\Constitutional\Membership\MutationResistance\ConstructorSafety\CommitteeAssociationConstructorSafetyTest::it_prevents_direct_instantiation_of_invalid_status_combinations(). Metadata in doc-comments is deprecated and will no longer be supported in PHPUnit 12. Update your test code to use attributes instead.

  [30;43;1m WARN [39;49;22m Metadata found in doc-comment for method Tests\Unit\Constitutional\Membership\MutationResistance\ConstructorSafety\CommitteeAssociationConstructorSafetyTest::it_rejects_active_status_with_unexpected_audit_fields(). Metadata in doc-comments is deprecated and will no longer be supported in PHPUnit 12. Update your test code to use attributes instead.

  [30;43;1m WARN [39;49;22m Metadata found in doc-comment for method Tests\Unit\Constitutional\Membership\MutationResistance\ConstructorSafety\CommitteeAssociationConstructorSafetyTest::it_rejects_transition_without_timestamp_when_status_changes(). Metadata in doc-comments is deprecated and will no longer be supported in PHPUnit 12. Update your test code to use attributes instead.

  [30;43;1m WARN [39;49;22m Metadata found in doc-comment for method Tests\Unit\Constitutional\Membership\MutationResistance\ConstructorSafety\MembershipLineageConstructorSafetyTest::it_rejects_lineage_reconstitution_with_impossible_episode_sequence(). Metadata in doc-comments is deprecated and will no longer be supported in PHPUnit 12. Update your test code to use attributes instead.

  [30;43;1m WARN [39;49;22m Metadata found in doc-comment for method Tests\Unit\Constitutional\Membership\MutationResistance\ConstructorSafety\MembershipLineageConstructorSafetyTest::it_rejects_establishment_with_invalid_initial_episode(). Metadata in doc-comments is deprecated and will no longer be supported in PHPUnit 12. Update your test code to use attributes instead.

  [30;43;1m WARN [39;49;22m Metadata found in doc-comment for method Tests\Unit\Constitutional\Membership\MutationResistance\ConstructorSafety\MembershipLineageConstructorSafetyTest::it_prevents_lineage_creation_with_empty_episodes(). Metadata in doc-comments is deprecated and will no longer be supported in PHPUnit 12. Update your test code to use attributes instead.

  [30;43;1m WARN [39;49;22m Metadata found in doc-comment for method Tests\Unit\Constitutional\Membership\MutationResistance\EventIntegrity\MembershipEventEmissionTest::it_guarantees_exactly_one_membership_suspended_event_per_suspension(). Metadata in doc-comments is deprecated and will no longer be supported in PHPUnit 12. Update your test code to use attributes instead.

  [30;43;1m WARN [39;49;22m Metadata found in doc-comment for method Tests\Unit\Constitutional\Membership\MutationResistance\EventIntegrity\MembershipEventEmissionTest::it_prevents_duplicate_event_emission_on_single_transition(). Metadata in doc-comments is deprecated and will no longer be supported in PHPUnit 12. Update your test code to use attributes instead.

  [30;43;1m WARN [39;49;22m Metadata found in doc-comment for method Tests\Unit\Constitutional\Membership\MutationResistance\EventIntegrity\MembershipEventEmissionTest::it_guarantees_exactly_one_membership_restored_event_per_restoration(). Metadata in doc-comments is deprecated and will no longer be supported in PHPUnit 12. Update your test code to use attributes instead.

  [30;43;1m WARN [39;49;22m Metadata found in doc-comment for method Tests\Unit\Constitutional\Membership\MutationResistance\EventIntegrity\MembershipEventEmissionTest::it_guarantees_exactly_one_membership_terminated_event_per_termination(). Metadata in doc-comments is deprecated and will no longer be supported in PHPUnit 12. Update your test code to use attributes instead.

  [30;43;1m WARN [39;49;22m Metadata found in doc-comment for method Tests\Unit\Constitutional\Membership\MutationResistance\EventIntegrity\MembershipEventEmissionTest::it_requires_complete_event_payload_on_suspension(). Metadata in doc-comments is deprecated and will no longer be supported in PHPUnit 12. Update your test code to use attributes instead.

  [30;43;1m WARN [39;49;22m Metadata found in doc-comment for method Tests\Unit\Constitutional\Membership\MutationResistance\EventIntegrity\MembershipEventOrderingTest::it_guarantees_event_dispatch_after_persistence_completes(). Metadata in doc-comments is deprecated and will no longer be supported in PHPUnit 12. Update your test code to use attributes instead.

  [30;43;1m WARN [39;49;22m Metadata found in doc-comment for method Tests\Unit\Constitutional\Membership\MutationResistance\EventIntegrity\MembershipEventOrderingTest::it_preserves_event_ordering_across_multiple_transitions(). Metadata in doc-comments is deprecated and will no longer be supported in PHPUnit 12. Update your test code to use attributes instead.

  [30;43;1m WARN [39;49;22m Metadata found in doc-comment for method Tests\Unit\Constitutional\Membership\MutationResistance\EventIntegrity\MembershipEventOrderingTest::it_guarantees_replay_events_match_persistence_order(). Metadata in doc-comments is deprecated and will no longer be supported in PHPUnit 12. Update your test code to use attributes instead.

  [30;43;1m WARN [39;49;22m Metadata found in doc-comment for method Tests\Unit\Constitutional\Membership\MutationResistance\HydrationIntegrity\EventReplayIntegrityTest::it_guarantees_replay_result_equals_database_snapshot(). Metadata in doc-comments is deprecated and will no longer be supported in PHPUnit 12. Update your test code to use attributes instead.

  [30;43;1m WARN [39;49;22m Metadata found in doc-comment for method Tests\Unit\Constitutional\Membership\MutationResistance\HydrationIntegrity\EventReplayIntegrityTest::it_detects_missing_events_in_replay_stream(). Metadata in doc-comments is deprecated and will no longer be supported in PHPUnit 12. Update your test code to use attributes instead.

  [30;43;1m WARN [39;49;22m Metadata found in doc-comment for method Tests\Unit\Constitutional\Membership\MutationResistance\HydrationIntegrity\EventReplayIntegrityTest::it_prevents_double_application_of_duplicate_events(). Metadata in doc-comments is deprecated and will no longer be supported in PHPUnit 12. Update your test code to use attributes instead.

  [30;43;1m WARN [39;49;22m Metadata found in doc-comment for method Tests\Unit\Constitutional\Membership\MutationResistance\HydrationIntegrity\EventReplayIntegrityTest::it_guarantees_deterministic_replay_regardless_of_ordering(). Metadata in doc-comments is deprecated and will no longer be supported in PHPUnit 12. Update your test code to use attributes instead.

  [30;43;1m WARN [39;49;22m Metadata found in doc-comment for method Tests\Unit\Constitutional\Membership\MutationResistance\HydrationIntegrity\MembershipHydrationIntegrityTest::it_rejects_hydration_of_suspended_without_actor_id(). Metadata in doc-comments is deprecated and will no longer be supported in PHPUnit 12. Update your test code to use attributes instead.

  [30;43;1m WARN [39;49;22m Metadata found in doc-comment for method Tests\Unit\Constitutional\Membership\MutationResistance\HydrationIntegrity\MembershipHydrationIntegrityTest::it_rejects_hydration_of_terminated_without_reason(). Metadata in doc-comments is deprecated and will no longer be supported in PHPUnit 12. Update your test code to use attributes instead.

  [30;43;1m WARN [39;49;22m Metadata found in doc-comment for method Tests\Unit\Constitutional\Membership\MutationResistance\HydrationIntegrity\MembershipHydrationIntegrityTest::it_prevents_partial_episode_reconstruction_from_database(). Metadata in doc-comments is deprecated and will no longer be supported in PHPUnit 12. Update your test code to use attributes instead.

  [30;43;1m WARN [39;49;22m Metadata found in doc-comment for method Tests\Unit\Constitutional\Membership\MutationResistance\HydrationIntegrity\MembershipHydrationIntegrityTest::it_detects_impossible_episode_chains_during_hydration(). Metadata in doc-comments is deprecated and will no longer be supported in PHPUnit 12. Update your test code to use attributes instead.

  [30;43;1m WARN [39;49;22m Metadata found in doc-comment for method Tests\Unit\Constitutional\Membership\MutationResistance\Immutability\CommitteeAssociationImmutabilityTest::it_guarantees_suspend_returns_new_instance_not_original(). Metadata in doc-comments is deprecated and will no longer be supported in PHPUnit 12. Update your test code to use attributes instead.

  [30;43;1m WARN [39;49;22m Metadata found in doc-comment for method Tests\Unit\Constitutional\Membership\MutationResistance\Immutability\CommitteeAssociationImmutabilityTest::it_preserves_immutability_original_unchanged_after_transition(). Metadata in doc-comments is deprecated and will no longer be supported in PHPUnit 12. Update your test code to use attributes instead.

  [30;43;1m WARN [39;49;22m Metadata found in doc-comment for method Tests\Unit\Constitutional\Membership\MutationResistance\Immutability\CommitteeAssociationImmutabilityTest::it_prevents_external_modification_of_episode_reference(). Metadata in doc-comments is deprecated and will no longer be supported in PHPUnit 12. Update your test code to use attributes instead.

  [30;43;1m WARN [39;49;22m Metadata found in doc-comment for method Tests\Unit\Constitutional\Membership\MutationResistance\Immutability\CommitteeAssociationImmutabilityTest::it_prevents_mutation_through_episodes_collection_reference(). Metadata in doc-comments is deprecated and will no longer be supported in PHPUnit 12. Update your test code to use attributes instead.

  [30;43;1m WARN [39;49;22m Metadata found in doc-comment for method Tests\Unit\Constitutional\Membership\MutationResistance\Immutability\MembershipLineageImmutabilityTest::it_prevents_direct_array_mutation_of_episodes(). Metadata in doc-comments is deprecated and will no longer be supported in PHPUnit 12. Update your test code to use attributes instead.

  [30;43;1m WARN [39;49;22m Metadata found in doc-comment for method Tests\Unit\Constitutional\Membership\MutationResistance\Immutability\MembershipLineageImmutabilityTest::it_guarantees_lineage_snapshot_immutability(). Metadata in doc-comments is deprecated and will no longer be supported in PHPUnit 12. Update your test code to use attributes instead.

  [30;43;1m WARN [39;49;22m Metadata found in doc-comment for method Tests\Unit\Contexts\Membership\Domain\Committee\CommitteeAssignmentTest::reconstruct_creates_assignment_with_all_fields(). Metadata in doc-comments is deprecated and will no longer be supported in PHPUnit 12. Update your test code to use attributes instead.

  [30;43;1m WARN [39;49;22m Metadata found in doc-comment for method Tests\Unit\Contexts\Membership\Domain\Committee\CommitteeAssignmentTest::reconstruct_with_null_optional_fields_works(). Metadata in doc-comments is deprecated and will no longer be supported in PHPUnit 12. Update your test code to use attributes instead.

  [30;43;1m WARN [39;49;22m Metadata found in doc-comment for method Tests\Unit\Contexts\Membership\Domain\Committee\CommitteeAssignmentTest::reconstruct_with_leftDate_sets_isActive_false(). Metadata in doc-comments is deprecated and will no longer be supported in PHPUnit 12. Update your test code to use attributes instead.

  [30;43;1m WARN [39;49;22m Metadata found in doc-comment for method Tests\Unit\Contexts\Membership\Domain\Committee\CommitteeAssignmentTest::reconstruct_without_leftDate_sets_isActive_true(). Metadata in doc-comments is deprecated and will no longer be supported in PHPUnit 12. Update your test code to use attributes instead.

  [30;43;1m WARN [39;49;22m Metadata found in doc-comment for method Tests\Unit\Contexts\Membership\Domain\Committee\CommitteeAssignmentTest::reconstruct_preserves_joinedDate_timezone(). Metadata in doc-comments is deprecated and will no longer be supported in PHPUnit 12. Update your test code to use attributes instead.

  [30;43;1m WARN [39;49;22m Metadata found in doc-comment for method Tests\Unit\Contexts\Membership\Domain\Committee\CommitteeAssignmentTest::reconstruct_with_volunteered_nomination_type_works(). Metadata in doc-comments is deprecated and will no longer be supported in PHPUnit 12. Update your test code to use attributes instead.

  [30;43;1m WARN [39;49;22m Metadata found in doc-comment for method Tests\Unit\Contexts\Membership\Domain\Committee\CommitteeAssignmentTest::reconstruct_with_metadata_preserves_complex_data(). Metadata in doc-comments is deprecated and will no longer be supported in PHPUnit 12. Update your test code to use attributes instead.

  [30;43;1m WARN [39;49;22m Metadata found in doc-comment for method Tests\Unit\Contexts\Membership\Domain\Committee\CommitteeReconstitutionTest::reconstruct_with_structure_creates_committee(). Metadata in doc-comments is deprecated and will no longer be supported in PHPUnit 12. Update your test code to use attributes instead.

  [30;43;1m WARN [39;49;22m Metadata found in doc-comment for method Tests\Unit\Contexts\Membership\Domain\Committee\CommitteeReconstitutionTest::reconstruct_without_structure_throws_LogicException(). Metadata in doc-comments is deprecated and will no longer be supported in PHPUnit 12. Update your test code to use attributes instead.

  [30;43;1m WARN [39;49;22m Metadata found in doc-comment for method Tests\Unit\Contexts\Membership\Domain\Committee\CommitteeReconstitutionTest::reconstruct_with_empty_assignments_exposes_via_getAssignments(). Metadata in doc-comments is deprecated and will no longer be supported in PHPUnit 12. Update your test code to use attributes instead.

  [30;43;1m WARN [39;49;22m Metadata found in doc-comment for method Tests\Unit\Contexts\Membership\Domain\Committee\CommitteeReconstitutionTest::reconstruct_with_assignments_exposes_them_correctly(). Metadata in doc-comments is deprecated and will no longer be supported in PHPUnit 12. Update your test code to use attributes instead.

  [30;43;1m WARN [39;49;22m Metadata found in doc-comment for method Tests\Unit\Contexts\Membership\Domain\Committee\CommitteeReconstitutionTest::reconstruct_enforces_structure_required(). Metadata in doc-comments is deprecated and will no longer be supported in PHPUnit 12. Update your test code to use attributes instead.

  [30;43;1m WARN [39;49;22m Metadata found in doc-comment for method Tests\Unit\Contexts\Membership\Domain\Committee\CommitteeReconstitutionTest::assign_member_on_reconstituted_committee_has_structure_available(). Metadata in doc-comments is deprecated and will no longer be supported in PHPUnit 12. Update your test code to use attributes instead.

  [30;43;1m WARN [39;49;22m Metadata found in doc-comment for method Tests\Unit\Contexts\Membership\Domain\Committee\CommitteeReconstitutionTest::reconstruct_with_pre_loaded_assignments_keeps_them_loaded(). Metadata in doc-comments is deprecated and will no longer be supported in PHPUnit 12. Update your test code to use attributes instead.

  [30;43;1m WARN [39;49;22m Metadata found in doc-comment for method Tests\Unit\Contexts\Membership\Domain\Committee\CommitteeStructureRegistryTest::forType_central_returns_CentralCommitteeStructure(). Metadata in doc-comments is deprecated and will no longer be supported in PHPUnit 12. Update your test code to use attributes instead.

  [30;43;1m WARN [39;49;22m Metadata found in doc-comment for method Tests\Unit\Contexts\Membership\Domain\Committee\CommitteeStructureRegistryTest::forType_province_returns_GeographicCommitteeStructure(). Metadata in doc-comments is deprecated and will no longer be supported in PHPUnit 12. Update your test code to use attributes instead.

  [30;43;1m WARN [39;49;22m Metadata found in doc-comment for method Tests\Unit\Contexts\Membership\Domain\Committee\CommitteeStructureRegistryTest::forType_district_returns_GeographicCommitteeStructure(). Metadata in doc-comments is deprecated and will no longer be supported in PHPUnit 12. Update your test code to use attributes instead.

  [30;43;1m WARN [39;49;22m Metadata found in doc-comment for method Tests\Unit\Contexts\Membership\Domain\Committee\CommitteeStructureRegistryTest::forType_ward_returns_GeographicCommitteeStructure(). Metadata in doc-comments is deprecated and will no longer be supported in PHPUnit 12. Update your test code to use attributes instead.

  [30;43;1m WARN [39;49;22m Metadata found in doc-comment for method Tests\Unit\Contexts\Membership\Domain\Committee\CommitteeStructureRegistryTest::forType_youth_returns_YouthWingStructure(). Metadata in doc-comments is deprecated and will no longer be supported in PHPUnit 12. Update your test code to use attributes instead.

  [30;43;1m WARN [39;49;22m Metadata found in doc-comment for method Tests\Unit\Contexts\Membership\Domain\Committee\CommitteeStructureRegistryTest::forType_women_returns_WomenWingStructure(). Metadata in doc-comments is deprecated and will no longer be supported in PHPUnit 12. Update your test code to use attributes instead.

  [30;43;1m WARN [39;49;22m Metadata found in doc-comment for method Tests\Unit\Contexts\Membership\Domain\Committee\CommitteeStructureRegistryTest::forType_student_returns_StudentWingStructure(). Metadata in doc-comments is deprecated and will no longer be supported in PHPUnit 12. Update your test code to use attributes instead.

  [30;43;1m WARN [39;49;22m Metadata found in doc-comment for method Tests\Unit\Contexts\Membership\Domain\Committee\CommitteeStructureRegistryTest::forType_unknown_throws_DomainException(). Metadata in doc-comments is deprecated and will no longer be supported in PHPUnit 12. Update your test code to use attributes instead.

  [30;43;1m WARN [39;49;22m Metadata found in doc-comment for method Tests\Unit\Contexts\Membership\Domain\Fee\FeeTest::fee_starts_as_pending(). Metadata in doc-comments is deprecated and will no longer be supported in PHPUnit 12. Update your test code to use attributes instead.

  [30;43;1m WARN [39;49;22m Metadata found in doc-comment for method Tests\Unit\Contexts\Membership\Domain\Fee\FeeTest::mark_as_paid_with_payment_details_transitions_status(). Metadata in doc-comments is deprecated and will no longer be supported in PHPUnit 12. Update your test code to use attributes instead.

  [30;43;1m WARN [39;49;22m Metadata found in doc-comment for method Tests\Unit\Contexts\Membership\Domain\Fee\FeeTest::mark_as_paid_stores_payment_details_on_fee(). Metadata in doc-comments is deprecated and will no longer be supported in PHPUnit 12. Update your test code to use attributes instead.

  [30;43;1m WARN [39;49;22m Metadata found in doc-comment for method Tests\Unit\Contexts\Membership\Domain\Fee\FeeTest::mark_as_paid_fires_fee_paid_event(). Metadata in doc-comments is deprecated and will no longer be supported in PHPUnit 12. Update your test code to use attributes instead.

  [30;43;1m WARN [39;49;22m Metadata found in doc-comment for method Tests\Unit\Contexts\Membership\Domain\Fee\FeeTest::mark_as_paid_on_already_paid_fee_throws_domain_exception(). Metadata in doc-comments is deprecated and will no longer be supported in PHPUnit 12. Update your test code to use attributes instead.

  [30;43;1m WARN [39;49;22m Metadata found in doc-comment for method Tests\Unit\Contexts\Membership\Domain\Fee\FeeTest::mark_as_paid_on_overdue_fee_is_allowed(). Metadata in doc-comments is deprecated and will no longer be supported in PHPUnit 12. Update your test code to use attributes instead.

  [30;43;1m WARN [39;49;22m Metadata found in doc-comment for method Tests\Unit\Contexts\Membership\Domain\Fee\FeeTest::waive_transitions_status_to_waived(). Metadata in doc-comments is deprecated and will no longer be supported in PHPUnit 12. Update your test code to use attributes instead.

  [30;43;1m WARN [39;49;22m Metadata found in doc-comment for method Tests\Unit\Contexts\Membership\Domain\Fee\FeeTest::waive_on_paid_fee_throws_domain_exception(). Metadata in doc-comments is deprecated and will no longer be supported in PHPUnit 12. Update your test code to use attributes instead.

  [30;43;1m WARN [39;49;22m Metadata found in doc-comment for method Tests\Unit\Contexts\Membership\Domain\Fee\FeeTest::waive_on_overdue_fee_throws_domain_exception(). Metadata in doc-comments is deprecated and will no longer be supported in PHPUnit 12. Update your test code to use attributes instead.

  [30;43;1m WARN [39;49;22m Metadata found in doc-comment for method Tests\Unit\Contexts\Membership\Domain\Fee\FeeTest::waive_fires_fee_waived_event_with_reason(). Metadata in doc-comments is deprecated and will no longer be supported in PHPUnit 12. Update your test code to use attributes instead.

  [30;43;1m WARN [39;49;22m Metadata found in doc-comment for method Tests\Unit\Contexts\Membership\Domain\Fee\FeeTest::paid_fee_has_payment_details(). Metadata in doc-comments is deprecated and will no longer be supported in PHPUnit 12. Update your test code to use attributes instead.

  [30;43;1m WARN [39;49;22m Metadata found in doc-comment for method Tests\Unit\Contexts\Membership\Domain\Fee\FeeTest::unpaid_fee_has_no_payment_details(). Metadata in doc-comments is deprecated and will no longer be supported in PHPUnit 12. Update your test code to use attributes instead.

  [30;43;1m WARN [39;49;22m Metadata found in doc-comment for method Tests\Unit\Contexts\Membership\Domain\Fee\PaymentPolicyTest::allows_pending_fee_for_matching_tenant(). Metadata in doc-comments is deprecated and will no longer be supported in PHPUnit 12. Update your test code to use attributes instead.

  [30;43;1m WARN [39;49;22m Metadata found in doc-comment for method Tests\Unit\Contexts\Membership\Domain\Fee\PaymentPolicyTest::allows_overdue_fee_for_matching_tenant(). Metadata in doc-comments is deprecated and will no longer be supported in PHPUnit 12. Update your test code to use attributes instead.

  [30;43;1m WARN [39;49;22m Metadata found in doc-comment for method Tests\Unit\Contexts\Membership\Domain\Fee\PaymentPolicyTest::throws_when_fee_belongs_to_different_tenant(). Metadata in doc-comments is deprecated and will no longer be supported in PHPUnit 12. Update your test code to use attributes instead.

  [30;43;1m WARN [39;49;22m Metadata found in doc-comment for method Tests\Unit\Contexts\Membership\Domain\Fee\PaymentPolicyTest::throws_when_fee_is_already_paid(). Metadata in doc-comments is deprecated and will no longer be supported in PHPUnit 12. Update your test code to use attributes instead.

  [30;43;1m WARN [39;49;22m Metadata found in doc-comment for method Tests\Unit\Contexts\Membership\Domain\Fee\PaymentPolicyTest::throws_when_transaction_reference_already_exists(). Metadata in doc-comments is deprecated and will no longer be supported in PHPUnit 12. Update your test code to use attributes instead.

  [30;43;1m WARN [39;49;22m Metadata found in doc-comment for method Tests\Unit\Contexts\Membership\Domain\Fee\PaymentPolicyTest::allows_null_transaction_reference_without_duplicate_check(). Metadata in doc-comments is deprecated and will no longer be supported in PHPUnit 12. Update your test code to use attributes instead.

  [30;43;1m WARN [39;49;22m Metadata found in doc-comment for method Tests\Unit\Contexts\Membership\Infrastructure\Repositories\CommitteeRepositoryTest::repository_persists_assignment_on_save(). Metadata in doc-comments is deprecated and will no longer be supported in PHPUnit 12. Update your test code to use attributes instead.

  [30;43;1m WARN [39;49;22m Metadata found in doc-comment for method Tests\Unit\Contexts\Membership\Infrastructure\Repositories\CommitteeRepositoryTest::repository_loads_assignments_on_find(). Metadata in doc-comments is deprecated and will no longer be supported in PHPUnit 12. Update your test code to use attributes instead.

  [30;43;1m WARN [39;49;22m Metadata found in doc-comment for method Tests\Unit\Contexts\Membership\Infrastructure\Repositories\CommitteeRepositoryTest::repository_syncs_removed_assignments(). Metadata in doc-comments is deprecated and will no longer be supported in PHPUnit 12. Update your test code to use attributes instead.

  [30;43;1m WARN [39;49;22m Metadata found in doc-comment for method Tests\Unit\Contexts\Membership\Infrastructure\Repositories\CommitteeRepositoryTest::repository_updates_existing_assignment_on_save(). Metadata in doc-comments is deprecated and will no longer be supported in PHPUnit 12. Update your test code to use attributes instead.

  [30;43;1m WARN [39;49;22m Metadata found in doc-comment for method Tests\Unit\Contexts\Membership\Infrastructure\Repositories\CommitteeRepositoryTest::round_trip_assign_save_reload_see_assignment(). Metadata in doc-comments is deprecated and will no longer be supported in PHPUnit 12. Update your test code to use attributes instead.

  [30;43;1m WARN [39;49;22m Metadata found in doc-comment for method Tests\Unit\Contexts\Membership\Infrastructure\Repositories\CommitteeRepositoryTest::round_trip_remove_save_reload_see_no_active_assignment(). Metadata in doc-comments is deprecated and will no longer be supported in PHPUnit 12. Update your test code to use attributes instead.

  [30;43;1m WARN [39;49;22m Metadata found in doc-comment for method Tests\Unit\DemoVoteVerificationFlowTest::demo_vote_voting_code_is_concatenated_with_vote_id(). Metadata in doc-comments is deprecated and will no longer be supported in PHPUnit 12. Update your test code to use attributes instead.

  [30;43;1m WARN [39;49;22m Metadata found in doc-comment for class Tests\Unit\DemoVoteVerificationFlowTest. Metadata in doc-comments is deprecated and will no longer be supported in PHPUnit 12. Update your test code to use attributes instead.

  [30;43;1m WARN [39;49;22m Metadata found in doc-comment for method Tests\Unit\DemoVoteVerificationFlowTest::demo_vote_can_be_found_by_voting_code(). Metadata in doc-comments is deprecated and will no longer be supported in PHPUnit 12. Update your test code to use attributes instead.

  [30;43;1m WARN [39;49;22m Metadata found in doc-comment for method Tests\Unit\DemoVoteVerificationFlowTest::different_demo_votes_have_different_voting_codes(). Metadata in doc-comments is deprecated and will no longer be supported in PHPUnit 12. Update your test code to use attributes instead.

  [30;43;1m WARN [39;49;22m Metadata found in doc-comment for method Tests\Unit\DemoVoteVerificationFlowTest::demo_vote_with_no_candidates_can_be_retrieved_by_voting_code(). Metadata in doc-comments is deprecated and will no longer be supported in PHPUnit 12. Update your test code to use attributes instead.

  [30;43;1m WARN [39;49;22m Metadata found in doc-comment for method Tests\Unit\Domain\Committee\Constitutional\ArchitectureFitnessTest::test_constitutional_domain_files_have_no_laravel_imports(). Metadata in doc-comments is deprecated and will no longer be supported in PHPUnit 12. Update your test code to use attributes instead.

  [30;43;1m WARN [39;49;22m Metadata found in doc-comment for method Tests\Unit\Domain\Committee\Constitutional\ArchitectureFitnessTest::test_all_constitutional_vos_are_final_and_readonly(). Metadata in doc-comments is deprecated and will no longer be supported in PHPUnit 12. Update your test code to use attributes instead.

  [30;43;1m WARN [39;49;22m Metadata found in doc-comment for method Tests\Unit\Domain\Committee\Constitutional\ArchitectureFitnessTest::test_replay_service_does_not_depend_on_projection_boundary(). Metadata in doc-comments is deprecated and will no longer be supported in PHPUnit 12. Update your test code to use attributes instead.

  [30;43;1m WARN [39;49;22m Metadata found in doc-comment for method Tests\Unit\Domain\Committee\Constitutional\ArchitectureFitnessTest::test_governance_replay_service_has_no_eloquent_constructor_params(). Metadata in doc-comments is deprecated and will no longer be supported in PHPUnit 12. Update your test code to use attributes instead.

  [30;43;1m WARN [39;49;22m Metadata found in doc-comment for method Tests\Unit\Domain\Committee\Constitutional\ArchitectureFitnessTest::test_lineage_graph_does_not_import_snapshot_store(). Metadata in doc-comments is deprecated and will no longer be supported in PHPUnit 12. Update your test code to use attributes instead.

  [30;43;1m WARN [39;49;22m Metadata found in doc-comment for method Tests\Unit\Domain\Committee\Constitutional\Doctrine\ConstitutionalArticleRegistryTest::test_article_reference_holds_id_and_title(). Metadata in doc-comments is deprecated and will no longer be supported in PHPUnit 12. Update your test code to use attributes instead.

  [30;43;1m WARN [39;49;22m Metadata found in doc-comment for method Tests\Unit\Domain\Committee\Constitutional\Doctrine\ConstitutionalArticleRegistryTest::test_collection_add_is_immutable(). Metadata in doc-comments is deprecated and will no longer be supported in PHPUnit 12. Update your test code to use attributes instead.

  [30;43;1m WARN [39;49;22m Metadata found in doc-comment for method Tests\Unit\Domain\Committee\Constitutional\Doctrine\ConstitutionalArticleRegistryTest::test_collection_filters_by_scope(). Metadata in doc-comments is deprecated and will no longer be supported in PHPUnit 12. Update your test code to use attributes instead.

  [30;43;1m WARN [39;49;22m Metadata found in doc-comment for method Tests\Unit\Domain\Committee\Constitutional\Doctrine\ConstitutionalArticleRegistryTest::test_collection_to_article_codes_returns_string_array(). Metadata in doc-comments is deprecated and will no longer be supported in PHPUnit 12. Update your test code to use attributes instead.

  [30;43;1m WARN [39;49;22m Metadata found in doc-comment for method Tests\Unit\Domain\Committee\Constitutional\Doctrine\DoctrineArtifactTest::test_artifact_holds_all_fields_including_provenance(). Metadata in doc-comments is deprecated and will no longer be supported in PHPUnit 12. Update your test code to use attributes instead.

  [30;43;1m WARN [39;49;22m Metadata found in doc-comment for method Tests\Unit\Domain\Committee\Constitutional\Doctrine\DoctrineArtifactTest::test_artifact_hash_is_deterministic(). Metadata in doc-comments is deprecated and will no longer be supported in PHPUnit 12. Update your test code to use attributes instead.

  [30;43;1m WARN [39;49;22m Metadata found in doc-comment for method Tests\Unit\Domain\Committee\Constitutional\Doctrine\DoctrineArtifactTest::test_artifact_hash_fails_for_tampered_rules(). Metadata in doc-comments is deprecated and will no longer be supported in PHPUnit 12. Update your test code to use attributes instead.

  [30;43;1m WARN [39;49;22m Metadata found in doc-comment for method Tests\Unit\Domain\Committee\Constitutional\Doctrine\DoctrineArtifactTest::test_is_effective_at_true_within_window(). Metadata in doc-comments is deprecated and will no longer be supported in PHPUnit 12. Update your test code to use attributes instead.

  [30;43;1m WARN [39;49;22m Metadata found in doc-comment for method Tests\Unit\Domain\Committee\Constitutional\Doctrine\DoctrineArtifactTest::test_is_effective_at_false_after_expiry(). Metadata in doc-comments is deprecated and will no longer be supported in PHPUnit 12. Update your test code to use attributes instead.

  [30;43;1m WARN [39;49;22m Metadata found in doc-comment for method Tests\Unit\Domain\Committee\Constitutional\Doctrine\DoctrineArtifactTest::test_unordered_rules_produce_same_hash_as_sorted(). Metadata in doc-comments is deprecated and will no longer be supported in PHPUnit 12. Update your test code to use attributes instead.

  [30;43;1m WARN [39;49;22m Metadata found in doc-comment for method Tests\Unit\Domain\Committee\Constitutional\Doctrine\DoctrineProvenanceTest::test_provenance_holds_all_fields(). Metadata in doc-comments is deprecated and will no longer be supported in PHPUnit 12. Update your test code to use attributes instead.

  [30;43;1m WARN [39;49;22m Metadata found in doc-comment for method Tests\Unit\Domain\Committee\Constitutional\Doctrine\DoctrineProvenanceTest::test_supersedes_true_when_doctrine_id_set(). Metadata in doc-comments is deprecated and will no longer be supported in PHPUnit 12. Update your test code to use attributes instead.

  [30;43;1m WARN [39;49;22m Metadata found in doc-comment for method Tests\Unit\Domain\Committee\Constitutional\Doctrine\DoctrineProvenanceTest::test_is_superseded_false_when_null(). Metadata in doc-comments is deprecated and will no longer be supported in PHPUnit 12. Update your test code to use attributes instead.

  [30;43;1m WARN [39;49;22m Metadata found in doc-comment for method Tests\Unit\Domain\Committee\Constitutional\Doctrine\InMemoryDoctrineRegistryTest::test_registry_stores_and_retrieves_by_version(). Metadata in doc-comments is deprecated and will no longer be supported in PHPUnit 12. Update your test code to use attributes instead.

  [30;43;1m WARN [39;49;22m Metadata found in doc-comment for method Tests\Unit\Domain\Committee\Constitutional\Doctrine\InMemoryDoctrineRegistryTest::test_registry_returns_null_for_unknown_version(). Metadata in doc-comments is deprecated and will no longer be supported in PHPUnit 12. Update your test code to use attributes instead.

  [30;43;1m WARN [39;49;22m Metadata found in doc-comment for method Tests\Unit\Domain\Committee\Constitutional\Doctrine\InMemoryDoctrineRegistryTest::test_find_effective_at_returns_artifact_in_scope_and_time(). Metadata in doc-comments is deprecated and will no longer be supported in PHPUnit 12. Update your test code to use attributes instead.

  [30;43;1m WARN [39;49;22m Metadata found in doc-comment for method Tests\Unit\Domain\Committee\Constitutional\Epoch\InstitutionalEpochTest::test_epoch_is_active_within_window(). Metadata in doc-comments is deprecated and will no longer be supported in PHPUnit 12. Update your test code to use attributes instead.

  [30;43;1m WARN [39;49;22m Metadata found in doc-comment for method Tests\Unit\Domain\Committee\Constitutional\Epoch\InstitutionalEpochTest::test_epoch_is_not_active_before_start(). Metadata in doc-comments is deprecated and will no longer be supported in PHPUnit 12. Update your test code to use attributes instead.

  [30;43;1m WARN [39;49;22m Metadata found in doc-comment for method Tests\Unit\Domain\Committee\Constitutional\Epoch\InstitutionalEpochTest::test_open_epoch_has_no_end_date(). Metadata in doc-comments is deprecated and will no longer be supported in PHPUnit 12. Update your test code to use attributes instead.

  [30;43;1m WARN [39;49;22m Metadata found in doc-comment for method Tests\Unit\Domain\Committee\Constitutional\Jurisdiction\GovernanceJurisdictionIdTest::test_from_string_preserves_value(). Metadata in doc-comments is deprecated and will no longer be supported in PHPUnit 12. Update your test code to use attributes instead.

  [30;43;1m WARN [39;49;22m Metadata found in doc-comment for method Tests\Unit\Domain\Committee\Constitutional\Jurisdiction\GovernanceJurisdictionIdTest::test_equals_returns_true_for_same_value(). Metadata in doc-comments is deprecated and will no longer be supported in PHPUnit 12. Update your test code to use attributes instead.

  [30;43;1m WARN [39;49;22m Metadata found in doc-comment for method Tests\Unit\Domain\Committee\Constitutional\Jurisdiction\GovernanceJurisdictionIdTest::test_empty_string_throws_invalid_argument(). Metadata in doc-comments is deprecated and will no longer be supported in PHPUnit 12. Update your test code to use attributes instead.

  [30;43;1m WARN [39;49;22m Metadata found in doc-comment for method Tests\Unit\Domain\Committee\Constitutional\Lineage\GovernanceLineageGraphTest::test_graph_stores_and_retrieves_node(). Metadata in doc-comments is deprecated and will no longer be supported in PHPUnit 12. Update your test code to use attributes instead.

  [30;43;1m WARN [39;49;22m Metadata found in doc-comment for method Tests\Unit\Domain\Committee\Constitutional\Lineage\GovernanceLineageGraphTest::test_successors_returns_linked_nodes(). Metadata in doc-comments is deprecated and will no longer be supported in PHPUnit 12. Update your test code to use attributes instead.

  [30;43;1m WARN [39;49;22m Metadata found in doc-comment for method Tests\Unit\Domain\Committee\Constitutional\Lineage\GovernanceLineageGraphTest::test_branches_detects_fork(). Metadata in doc-comments is deprecated and will no longer be supported in PHPUnit 12. Update your test code to use attributes instead.

  [30;43;1m WARN [39;49;22m Metadata found in doc-comment for method Tests\Unit\Domain\Committee\Constitutional\Lineage\GovernanceLineageGraphTest::test_linear_graph_has_no_branches(). Metadata in doc-comments is deprecated and will no longer be supported in PHPUnit 12. Update your test code to use attributes instead.

  [30;43;1m WARN [39;49;22m Metadata found in doc-comment for method Tests\Unit\Domain\Committee\Constitutional\Provenance\GovernanceProvenanceTest::test_provenance_holds_all_fields(). Metadata in doc-comments is deprecated and will no longer be supported in PHPUnit 12. Update your test code to use attributes instead.

  [30;43;1m WARN [39;49;22m Metadata found in doc-comment for method Tests\Unit\Domain\Committee\Constitutional\Provenance\GovernanceProvenanceTest::test_was_migrated_true_when_version_set(). Metadata in doc-comments is deprecated and will no longer be supported in PHPUnit 12. Update your test code to use attributes instead.

  [30;43;1m WARN [39;49;22m Metadata found in doc-comment for method Tests\Unit\Domain\Committee\Constitutional\Provenance\GovernanceProvenanceTest::test_is_certified_false_when_id_null(). Metadata in doc-comments is deprecated and will no longer be supported in PHPUnit 12. Update your test code to use attributes instead.

  [30;43;1m WARN [39;49;22m Metadata found in doc-comment for method Tests\Unit\Domain\Committee\Constitutional\ReplayPersistenceVerificationTest::test_persist_then_replay_returns_same_legitimacy(). Metadata in doc-comments is deprecated and will no longer be supported in PHPUnit 12. Update your test code to use attributes instead.

  [30;43;1m WARN [39;49;22m Metadata found in doc-comment for method Tests\Unit\Domain\Committee\Constitutional\ReplayPersistenceVerificationTest::test_replay_fingerprint_matches_persisted_snapshot(). Metadata in doc-comments is deprecated and will no longer be supported in PHPUnit 12. Update your test code to use attributes instead.

  [30;43;1m WARN [39;49;22m Metadata found in doc-comment for method Tests\Unit\Domain\Committee\Constitutional\ReplayPersistenceVerificationTest::test_integrity_hash_verifies_after_round_trip(). Metadata in doc-comments is deprecated and will no longer be supported in PHPUnit 12. Update your test code to use attributes instead.

  [30;43;1m WARN [39;49;22m Metadata found in doc-comment for method Tests\Unit\Domain\Committee\Constitutional\Replay\ReplayCertificationTest::test_certification_equivalent_when_all_5_dimensions_match(). Metadata in doc-comments is deprecated and will no longer be supported in PHPUnit 12. Update your test code to use attributes instead.

  [30;43;1m WARN [39;49;22m Metadata found in doc-comment for method Tests\Unit\Domain\Committee\Constitutional\Replay\ReplayCertificationTest::test_certification_detects_legitimacy_drift(). Metadata in doc-comments is deprecated and will no longer be supported in PHPUnit 12. Update your test code to use attributes instead.

  [30;43;1m WARN [39;49;22m Metadata found in doc-comment for method Tests\Unit\Domain\Committee\Constitutional\Replay\ReplayCertificationTest::test_certification_detects_scope_drift(). Metadata in doc-comments is deprecated and will no longer be supported in PHPUnit 12. Update your test code to use attributes instead.

  [30;43;1m WARN [39;49;22m Metadata found in doc-comment for method Tests\Unit\Domain\Committee\Constitutional\Replay\ReplayCertificationTest::test_certification_detects_doctrine_version_drift(). Metadata in doc-comments is deprecated and will no longer be supported in PHPUnit 12. Update your test code to use attributes instead.

  [30;43;1m WARN [39;49;22m Metadata found in doc-comment for method Tests\Unit\Domain\Committee\Constitutional\Replay\ReplayCertificationTest::test_certification_reason_names_all_breach_dimensions(). Metadata in doc-comments is deprecated and will no longer be supported in PHPUnit 12. Update your test code to use attributes instead.

  [30;43;1m WARN [39;49;22m Metadata found in doc-comment for method Tests\Unit\Domain\Committee\Constitutional\Replay\ScopeAwareReplayValidatorTest::test_national_snapshot_validates_under_national_scope(). Metadata in doc-comments is deprecated and will no longer be supported in PHPUnit 12. Update your test code to use attributes instead.

  [30;43;1m WARN [39;49;22m Metadata found in doc-comment for method Tests\Unit\Domain\Committee\Constitutional\Replay\ScopeAwareReplayValidatorTest::test_national_snapshot_throws_when_replayed_under_regional_scope(). Metadata in doc-comments is deprecated and will no longer be supported in PHPUnit 12. Update your test code to use attributes instead.

  [30;43;1m WARN [39;49;22m Metadata found in doc-comment for method Tests\Unit\Domain\Committee\Constitutional\Replay\ScopeAwareReplayValidatorTest::test_null_scope_snapshot_validates_under_any_scope(). Metadata in doc-comments is deprecated and will no longer be supported in PHPUnit 12. Update your test code to use attributes instead.

  [30;43;1m WARN [39;49;22m Metadata found in doc-comment for method Tests\Unit\Domain\Committee\Constitutional\Replay\ScopeAwareReplayValidatorTest::test_scope_mismatch_exception_message_contains_both_scopes(). Metadata in doc-comments is deprecated and will no longer be supported in PHPUnit 12. Update your test code to use attributes instead.

  [30;43;1m WARN [39;49;22m Metadata found in doc-comment for method Tests\Unit\Domain\Committee\Constitutional\SemanticInvarianceTest::test_same_reason_with_enum_or_string_produces_identical_json(). Metadata in doc-comments is deprecated and will no longer be supported in PHPUnit 12. Update your test code to use attributes instead.

  [30;43;1m WARN [39;49;22m Metadata found in doc-comment for method Tests\Unit\Domain\Committee\Constitutional\SemanticInvarianceTest::test_fingerprint_stable_regardless_of_rules_insertion_order(). Metadata in doc-comments is deprecated and will no longer be supported in PHPUnit 12. Update your test code to use attributes instead.

  [30;43;1m WARN [39;49;22m Metadata found in doc-comment for method Tests\Unit\Domain\Committee\Constitutional\SemanticInvarianceTest::test_replay_uses_stored_legitimacy_not_live_evaluation(). Metadata in doc-comments is deprecated and will no longer be supported in PHPUnit 12. Update your test code to use attributes instead.

  [30;43;1m WARN [39;49;22m Metadata found in doc-comment for method Tests\Unit\Domain\Committee\Constitutional\SemanticInvarianceTest::test_constitutional_replay_fingerprint_unaffected_by_non_semantic_fields(). Metadata in doc-comments is deprecated and will no longer be supported in PHPUnit 12. Update your test code to use attributes instead.

  [30;43;1m WARN [39;49;22m Metadata found in doc-comment for method Tests\Unit\Domain\Committee\Constitutional\SemanticInvarianceTest::test_snapshot_integrity_unaffected_by_governance_provenance_addition(). Metadata in doc-comments is deprecated and will no longer be supported in PHPUnit 12. Update your test code to use attributes instead.

  [30;43;1m WARN [39;49;22m Metadata found in doc-comment for method Tests\Unit\Domain\Committee\Constitutional\Semantics\ArchitectureFitnessTest::test_all_semantic_classes_are_final(). Metadata in doc-comments is deprecated and will no longer be supported in PHPUnit 12. Update your test code to use attributes instead.

  [30;43;1m WARN [39;49;22m Metadata found in doc-comment for method Tests\Unit\Domain\Committee\Constitutional\Semantics\ArchitectureFitnessTest::test_all_semantic_exceptions_are_final(). Metadata in doc-comments is deprecated and will no longer be supported in PHPUnit 12. Update your test code to use attributes instead.

  [30;43;1m WARN [39;49;22m Metadata found in doc-comment for method Tests\Unit\Domain\Committee\Constitutional\Semantics\ArchitectureFitnessTest::test_semantic_layer_has_no_laravel_imports(). Metadata in doc-comments is deprecated and will no longer be supported in PHPUnit 12. Update your test code to use attributes instead.

  [30;43;1m WARN [39;49;22m Metadata found in doc-comment for method Tests\Unit\Domain\Committee\Constitutional\Semantics\ArchitectureFitnessTest::test_semantic_code_has_no_setters(). Metadata in doc-comments is deprecated and will no longer be supported in PHPUnit 12. Update your test code to use attributes instead.

  [30;43;1m WARN [39;49;22m Metadata found in doc-comment for method Tests\Unit\Domain\Committee\Constitutional\Semantics\ArchitectureFitnessTest::test_semantic_definition_has_no_setters(). Metadata in doc-comments is deprecated and will no longer be supported in PHPUnit 12. Update your test code to use attributes instead.

  [30;43;1m WARN [39;49;22m Metadata found in doc-comment for method Tests\Unit\Domain\Committee\Constitutional\Semantics\ArchitectureFitnessTest::test_semantic_registry_enforces_deterministic_ordering(). Metadata in doc-comments is deprecated and will no longer be supported in PHPUnit 12. Update your test code to use attributes instead.

  [30;43;1m WARN [39;49;22m Metadata found in doc-comment for method Tests\Unit\Domain\Committee\Constitutional\Semantics\ArchitectureFitnessTest::test_semantic_collection_enforces_uniqueness(). Metadata in doc-comments is deprecated and will no longer be supported in PHPUnit 12. Update your test code to use attributes instead.

  [30;43;1m WARN [39;49;22m Metadata found in doc-comment for method Tests\Unit\Domain\Committee\Constitutional\Semantics\ArchitectureFitnessTest::test_semantic_evolution_policy_prevents_mutations(). Metadata in doc-comments is deprecated and will no longer be supported in PHPUnit 12. Update your test code to use attributes instead.

  [30;43;1m WARN [39;49;22m Metadata found in doc-comment for method Tests\Unit\Domain\Committee\Constitutional\Semantics\ArchitectureFitnessTest::test_semantic_definition_properties_are_immutable(). Metadata in doc-comments is deprecated and will no longer be supported in PHPUnit 12. Update your test code to use attributes instead.

  [30;43;1m WARN [39;49;22m Metadata found in doc-comment for method Tests\Unit\Domain\Committee\Constitutional\Semantics\GovernanceSemanticCategoryTest::test_authority_category_exists(). Metadata in doc-comments is deprecated and will no longer be supported in PHPUnit 12. Update your test code to use attributes instead.

  [30;43;1m WARN [39;49;22m Metadata found in doc-comment for method Tests\Unit\Domain\Committee\Constitutional\Semantics\GovernanceSemanticCategoryTest::test_legitimacy_category_exists(). Metadata in doc-comments is deprecated and will no longer be supported in PHPUnit 12. Update your test code to use attributes instead.

  [30;43;1m WARN [39;49;22m Metadata found in doc-comment for method Tests\Unit\Domain\Committee\Constitutional\Semantics\GovernanceSemanticCategoryTest::test_delegation_category_exists(). Metadata in doc-comments is deprecated and will no longer be supported in PHPUnit 12. Update your test code to use attributes instead.

  [30;43;1m WARN [39;49;22m Metadata found in doc-comment for method Tests\Unit\Domain\Committee\Constitutional\Semantics\GovernanceSemanticCategoryTest::test_participation_category_exists(). Metadata in doc-comments is deprecated and will no longer be supported in PHPUnit 12. Update your test code to use attributes instead.

  [30;43;1m WARN [39;49;22m Metadata found in doc-comment for method Tests\Unit\Domain\Committee\Constitutional\Semantics\GovernanceSemanticCategoryTest::test_certification_category_exists(). Metadata in doc-comments is deprecated and will no longer be supported in PHPUnit 12. Update your test code to use attributes instead.

  [30;43;1m WARN [39;49;22m Metadata found in doc-comment for method Tests\Unit\Domain\Committee\Constitutional\Semantics\GovernanceSemanticCategoryTest::test_temporal_category_exists(). Metadata in doc-comments is deprecated and will no longer be supported in PHPUnit 12. Update your test code to use attributes instead.

  [30;43;1m WARN [39;49;22m Metadata found in doc-comment for method Tests\Unit\Domain\Committee\Constitutional\Semantics\GovernanceSemanticCategoryTest::test_jurisdiction_category_exists(). Metadata in doc-comments is deprecated and will no longer be supported in PHPUnit 12. Update your test code to use attributes instead.

  [30;43;1m WARN [39;49;22m Metadata found in doc-comment for method Tests\Unit\Domain\Committee\Constitutional\Semantics\GovernanceSemanticCategoryTest::test_mandate_category_exists(). Metadata in doc-comments is deprecated and will no longer be supported in PHPUnit 12. Update your test code to use attributes instead.

  [30;43;1m WARN [39;49;22m Metadata found in doc-comment for method Tests\Unit\Domain\Committee\Constitutional\Semantics\GovernanceSemanticCategoryTest::test_conflict_category_exists(). Metadata in doc-comments is deprecated and will no longer be supported in PHPUnit 12. Update your test code to use attributes instead.

  [30;43;1m WARN [39;49;22m Metadata found in doc-comment for method Tests\Unit\Domain\Committee\Constitutional\Semantics\GovernanceSemanticCategoryTest::test_provenance_category_exists(). Metadata in doc-comments is deprecated and will no longer be supported in PHPUnit 12. Update your test code to use attributes instead.

  [30;43;1m WARN [39;49;22m Metadata found in doc-comment for method Tests\Unit\Domain\Committee\Constitutional\Semantics\GovernanceSemanticCategoryTest::test_category_values_are_immutable(). Metadata in doc-comments is deprecated and will no longer be supported in PHPUnit 12. Update your test code to use attributes instead.

  [30;43;1m WARN [39;49;22m Metadata found in doc-comment for method Tests\Unit\Domain\Committee\Constitutional\Semantics\GovernanceSemanticCategoryTest::test_category_names_remain_stable(). Metadata in doc-comments is deprecated and will no longer be supported in PHPUnit 12. Update your test code to use attributes instead.

  [30;43;1m WARN [39;49;22m Metadata found in doc-comment for method Tests\Unit\Domain\Committee\Constitutional\Semantics\GovernanceSemanticCodeTest::test_semantic_code_preserves_exact_value(). Metadata in doc-comments is deprecated and will no longer be supported in PHPUnit 12. Update your test code to use attributes instead.

  [30;43;1m WARN [39;49;22m Metadata found in doc-comment for method Tests\Unit\Domain\Committee\Constitutional\Semantics\GovernanceSemanticCodeTest::test_semantic_code_equality_works(). Metadata in doc-comments is deprecated and will no longer be supported in PHPUnit 12. Update your test code to use attributes instead.

  [30;43;1m WARN [39;49;22m Metadata found in doc-comment for method Tests\Unit\Domain\Committee\Constitutional\Semantics\GovernanceSemanticCodeTest::test_semantic_code_rejects_empty_values(). Metadata in doc-comments is deprecated and will no longer be supported in PHPUnit 12. Update your test code to use attributes instead.

  [30;43;1m WARN [39;49;22m Metadata found in doc-comment for method Tests\Unit\Domain\Committee\Constitutional\Semantics\GovernanceSemanticCodeTest::test_semantic_code_rejects_whitespace_only_values(). Metadata in doc-comments is deprecated and will no longer be supported in PHPUnit 12. Update your test code to use attributes instead.

  [30;43;1m WARN [39;49;22m Metadata found in doc-comment for method Tests\Unit\Domain\Committee\Constitutional\Semantics\GovernanceSemanticCodeTest::test_semantic_code_normalizes_casing_consistently(). Metadata in doc-comments is deprecated and will no longer be supported in PHPUnit 12. Update your test code to use attributes instead.

  [30;43;1m WARN [39;49;22m Metadata found in doc-comment for method Tests\Unit\Domain\Committee\Constitutional\Semantics\GovernanceSemanticCodeTest::test_semantic_code_is_immutable(). Metadata in doc-comments is deprecated and will no longer be supported in PHPUnit 12. Update your test code to use attributes instead.

  [30;43;1m WARN [39;49;22m Metadata found in doc-comment for method Tests\Unit\Domain\Committee\Constitutional\Semantics\GovernanceSemanticCodeTest::test_semantic_code_supports_replay_safe_equality(). Metadata in doc-comments is deprecated and will no longer be supported in PHPUnit 12. Update your test code to use attributes instead.

  [30;43;1m WARN [39;49;22m Metadata found in doc-comment for method Tests\Unit\Domain\Committee\Constitutional\Semantics\GovernanceSemanticCollectionTest::test_collection_constructed_from_array(). Metadata in doc-comments is deprecated and will no longer be supported in PHPUnit 12. Update your test code to use attributes instead.

  [30;43;1m WARN [39;49;22m Metadata found in doc-comment for method Tests\Unit\Domain\Committee\Constitutional\Semantics\GovernanceSemanticCollectionTest::test_collection_add_returns_new_instance(). Metadata in doc-comments is deprecated and will no longer be supported in PHPUnit 12. Update your test code to use attributes instead.

  [30;43;1m WARN [39;49;22m Metadata found in doc-comment for method Tests\Unit\Domain\Committee\Constitutional\Semantics\GovernanceSemanticCollectionTest::test_collection_prevents_duplicate_codes(). Metadata in doc-comments is deprecated and will no longer be supported in PHPUnit 12. Update your test code to use attributes instead.

  [30;43;1m WARN [39;49;22m Metadata found in doc-comment for method Tests\Unit\Domain\Committee\Constitutional\Semantics\GovernanceSemanticCollectionTest::test_collection_retrieves_by_code(). Metadata in doc-comments is deprecated and will no longer be supported in PHPUnit 12. Update your test code to use attributes instead.

  [30;43;1m WARN [39;49;22m Metadata found in doc-comment for method Tests\Unit\Domain\Committee\Constitutional\Semantics\GovernanceSemanticCollectionTest::test_collection_returns_null_for_unknown_code(). Metadata in doc-comments is deprecated and will no longer be supported in PHPUnit 12. Update your test code to use attributes instead.

  [30;43;1m WARN [39;49;22m Metadata found in doc-comment for method Tests\Unit\Domain\Committee\Constitutional\Semantics\GovernanceSemanticCollectionTest::test_collection_all_returns_deterministic_order(). Metadata in doc-comments is deprecated and will no longer be supported in PHPUnit 12. Update your test code to use attributes instead.

  [30;43;1m WARN [39;49;22m Metadata found in doc-comment for method Tests\Unit\Domain\Committee\Constitutional\Semantics\GovernanceSemanticCollectionTest::test_collection_canonical_serialization_is_deterministic(). Metadata in doc-comments is deprecated and will no longer be supported in PHPUnit 12. Update your test code to use attributes instead.

  [30;43;1m WARN [39;49;22m Metadata found in doc-comment for method Tests\Unit\Domain\Committee\Constitutional\Semantics\GovernanceSemanticCollectionTest::test_collection_serialization_produces_valid_json(). Metadata in doc-comments is deprecated and will no longer be supported in PHPUnit 12. Update your test code to use attributes instead.

  [30;43;1m WARN [39;49;22m Metadata found in doc-comment for method Tests\Unit\Domain\Committee\Constitutional\Semantics\GovernanceSemanticCollectionTest::test_empty_collection_is_valid(). Metadata in doc-comments is deprecated and will no longer be supported in PHPUnit 12. Update your test code to use attributes instead.

  [30;43;1m WARN [39;49;22m Metadata found in doc-comment for method Tests\Unit\Domain\Committee\Constitutional\Semantics\GovernanceSemanticCollectionTest::test_collection_count_is_accurate(). Metadata in doc-comments is deprecated and will no longer be supported in PHPUnit 12. Update your test code to use attributes instead.

  [30;43;1m WARN [39;49;22m Metadata found in doc-comment for method Tests\Unit\Domain\Committee\Constitutional\Semantics\GovernanceSemanticDefinitionTest::test_semantic_definition_contains_category(). Metadata in doc-comments is deprecated and will no longer be supported in PHPUnit 12. Update your test code to use attributes instead.

  [30;43;1m WARN [39;49;22m Metadata found in doc-comment for method Tests\Unit\Domain\Committee\Constitutional\Semantics\GovernanceSemanticDefinitionTest::test_semantic_definition_contains_semantic_code(). Metadata in doc-comments is deprecated and will no longer be supported in PHPUnit 12. Update your test code to use attributes instead.

  [30;43;1m WARN [39;49;22m Metadata found in doc-comment for method Tests\Unit\Domain\Committee\Constitutional\Semantics\GovernanceSemanticDefinitionTest::test_semantic_definition_contains_canonical_meaning(). Metadata in doc-comments is deprecated and will no longer be supported in PHPUnit 12. Update your test code to use attributes instead.

  [30;43;1m WARN [39;49;22m Metadata found in doc-comment for method Tests\Unit\Domain\Committee\Constitutional\Semantics\GovernanceSemanticDefinitionTest::test_semantic_definition_contains_replay_implications(). Metadata in doc-comments is deprecated and will no longer be supported in PHPUnit 12. Update your test code to use attributes instead.

  [30;43;1m WARN [39;49;22m Metadata found in doc-comment for method Tests\Unit\Domain\Committee\Constitutional\Semantics\GovernanceSemanticDefinitionTest::test_semantic_definition_contains_legitimacy_implications(). Metadata in doc-comments is deprecated and will no longer be supported in PHPUnit 12. Update your test code to use attributes instead.

  [30;43;1m WARN [39;49;22m Metadata found in doc-comment for method Tests\Unit\Domain\Committee\Constitutional\Semantics\GovernanceSemanticDefinitionTest::test_semantic_definition_is_immutable(). Metadata in doc-comments is deprecated and will no longer be supported in PHPUnit 12. Update your test code to use attributes instead.

  [30;43;1m WARN [39;49;22m Metadata found in doc-comment for method Tests\Unit\Domain\Committee\Constitutional\Semantics\GovernanceSemanticDefinitionTest::test_semantic_definition_supports_deterministic_serialization(). Metadata in doc-comments is deprecated and will no longer be supported in PHPUnit 12. Update your test code to use attributes instead.

  [30;43;1m WARN [39;49;22m Metadata found in doc-comment for method Tests\Unit\Domain\Committee\Constitutional\Semantics\GovernanceSemanticDefinitionTest::test_semantic_meaning_cannot_be_empty(). Metadata in doc-comments is deprecated and will no longer be supported in PHPUnit 12. Update your test code to use attributes instead.

  [30;43;1m WARN [39;49;22m Metadata found in doc-comment for method Tests\Unit\Domain\Committee\Constitutional\Semantics\GovernanceSemanticDefinitionTest::test_replay_implications_cannot_be_empty(). Metadata in doc-comments is deprecated and will no longer be supported in PHPUnit 12. Update your test code to use attributes instead.

  [30;43;1m WARN [39;49;22m Metadata found in doc-comment for method Tests\Unit\Domain\Committee\Constitutional\Semantics\GovernanceSemanticRegistryTest::test_semantic_definition_can_be_registered(). Metadata in doc-comments is deprecated and will no longer be supported in PHPUnit 12. Update your test code to use attributes instead.

  [30;43;1m WARN [39;49;22m Metadata found in doc-comment for method Tests\Unit\Domain\Committee\Constitutional\Semantics\GovernanceSemanticRegistryTest::test_semantic_definition_can_be_retrieved_by_code(). Metadata in doc-comments is deprecated and will no longer be supported in PHPUnit 12. Update your test code to use attributes instead.

  [30;43;1m WARN [39;49;22m Metadata found in doc-comment for method Tests\Unit\Domain\Committee\Constitutional\Semantics\GovernanceSemanticRegistryTest::test_duplicate_semantic_code_throws_exception(). Metadata in doc-comments is deprecated and will no longer be supported in PHPUnit 12. Update your test code to use attributes instead.

  [30;43;1m WARN [39;49;22m Metadata found in doc-comment for method Tests\Unit\Domain\Committee\Constitutional\Semantics\GovernanceSemanticRegistryTest::test_unknown_semantic_code_returns_null(). Metadata in doc-comments is deprecated and will no longer be supported in PHPUnit 12. Update your test code to use attributes instead.

  [30;43;1m WARN [39;49;22m Metadata found in doc-comment for method Tests\Unit\Domain\Committee\Constitutional\Semantics\GovernanceSemanticRegistryTest::test_registry_preserves_deterministic_ordering(). Metadata in doc-comments is deprecated and will no longer be supported in PHPUnit 12. Update your test code to use attributes instead.

  [30;43;1m WARN [39;49;22m Metadata found in doc-comment for method Tests\Unit\Domain\Committee\Constitutional\Semantics\GovernanceSemanticRegistryTest::test_registry_serialization_is_canonical(). Metadata in doc-comments is deprecated and will no longer be supported in PHPUnit 12. Update your test code to use attributes instead.

  [30;43;1m WARN [39;49;22m Metadata found in doc-comment for method Tests\Unit\Domain\Committee\Constitutional\Semantics\GovernanceSemanticRegistryTest::test_registry_cannot_mutate_registered_definitions(). Metadata in doc-comments is deprecated and will no longer be supported in PHPUnit 12. Update your test code to use attributes instead.

  [30;43;1m WARN [39;49;22m Metadata found in doc-comment for method Tests\Unit\Domain\Committee\Constitutional\Semantics\SemanticEvolutionPolicyTest::test_semantic_meaning_may_not_change_after_publication(). Metadata in doc-comments is deprecated and will no longer be supported in PHPUnit 12. Update your test code to use attributes instead.

  [30;43;1m WARN [39;49;22m Metadata found in doc-comment for method Tests\Unit\Domain\Committee\Constitutional\Semantics\SemanticEvolutionPolicyTest::test_replay_implications_may_not_change_retroactively(). Metadata in doc-comments is deprecated and will no longer be supported in PHPUnit 12. Update your test code to use attributes instead.

  [30;43;1m WARN [39;49;22m Metadata found in doc-comment for method Tests\Unit\Domain\Committee\Constitutional\Semantics\SemanticEvolutionPolicyTest::test_legitimacy_implications_may_not_change_retroactively(). Metadata in doc-comments is deprecated and will no longer be supported in PHPUnit 12. Update your test code to use attributes instead.

  [30;43;1m WARN [39;49;22m Metadata found in doc-comment for method Tests\Unit\Domain\Committee\Constitutional\Semantics\SemanticEvolutionPolicyTest::test_semantic_additions_are_allowed(). Metadata in doc-comments is deprecated and will no longer be supported in PHPUnit 12. Update your test code to use attributes instead.

  [30;43;1m WARN [39;49;22m Metadata found in doc-comment for method Tests\Unit\Domain\Committee\Constitutional\Semantics\SemanticEvolutionPolicyTest::test_semantic_removal_is_prohibited(). Metadata in doc-comments is deprecated and will no longer be supported in PHPUnit 12. Update your test code to use attributes instead.

  [30;43;1m WARN [39;49;22m Metadata found in doc-comment for method Tests\Unit\Domain\Committee\Constitutional\Semantics\SemanticEvolutionPolicyTest::test_semantic_category_mutation_is_prohibited(). Metadata in doc-comments is deprecated and will no longer be supported in PHPUnit 12. Update your test code to use attributes instead.

  [30;43;1m WARN [39;49;22m Metadata found in doc-comment for method Tests\Unit\Domain\Committee\Constitutional\Semantics\SemanticEvolutionPolicyTest::test_policy_violation_throws_correct_exception(). Metadata in doc-comments is deprecated and will no longer be supported in PHPUnit 12. Update your test code to use attributes instead.

  [30;43;1m WARN [39;49;22m Metadata found in doc-comment for method Tests\Unit\Domain\Committee\Constitutional\Semantics\SemanticInvarianceTest::test_same_semantic_definition_produces_same_serialization(). Metadata in doc-comments is deprecated and will no longer be supported in PHPUnit 12. Update your test code to use attributes instead.

  [30;43;1m WARN [39;49;22m Metadata found in doc-comment for method Tests\Unit\Domain\Committee\Constitutional\Semantics\SemanticInvarianceTest::test_deterministic_ordering_across_collections(). Metadata in doc-comments is deprecated and will no longer be supported in PHPUnit 12. Update your test code to use attributes instead.

  [30;43;1m WARN [39;49;22m Metadata found in doc-comment for method Tests\Unit\Domain\Committee\Constitutional\Semantics\SemanticInvarianceTest::test_semantic_evolution_policy_prevents_drift(). Metadata in doc-comments is deprecated and will no longer be supported in PHPUnit 12. Update your test code to use attributes instead.

  [30;43;1m WARN [39;49;22m Metadata found in doc-comment for method Tests\Unit\Domain\Committee\Constitutional\Semantics\SemanticInvarianceTest::test_identical_registrations_produce_identical_hashes(). Metadata in doc-comments is deprecated and will no longer be supported in PHPUnit 12. Update your test code to use attributes instead.

  [30;43;1m WARN [39;49;22m Metadata found in doc-comment for method Tests\Unit\Domain\Committee\Constitutional\Semantics\SemanticInvarianceTest::test_historical_semantics_remain_canonical(). Metadata in doc-comments is deprecated and will no longer be supported in PHPUnit 12. Update your test code to use attributes instead.

  [30;43;1m WARN [39;49;22m Metadata found in doc-comment for method Tests\Unit\Domain\Committee\Constitutional\Semantics\SemanticInvarianceTest::test_semantic_category_filter_preserves_invariance(). Metadata in doc-comments is deprecated and will no longer be supported in PHPUnit 12. Update your test code to use attributes instead.

  [30;43;1m WARN [39;49;22m Metadata found in doc-comment for method Tests\Unit\Domain\Committee\Constitutional\Semantics\SemanticInvarianceTest::test_collection_immutability_preserves_invariance(). Metadata in doc-comments is deprecated and will no longer be supported in PHPUnit 12. Update your test code to use attributes instead.

  [30;43;1m WARN [39;49;22m Metadata found in doc-comment for method Tests\Unit\Domain\Committee\Constitutional\Semantics\SemanticInvarianceTest::test_empty_collection_invariance(). Metadata in doc-comments is deprecated and will no longer be supported in PHPUnit 12. Update your test code to use attributes instead.

  [30;43;1m WARN [39;49;22m Metadata found in doc-comment for method Tests\Unit\Domain\Committee\Constitutional\Timeline\TimelineSequencePolicyTest::test_decided_at_policy_orders_earlier_decision_first(). Metadata in doc-comments is deprecated and will no longer be supported in PHPUnit 12. Update your test code to use attributes instead.

  [30;43;1m WARN [39;49;22m Metadata found in doc-comment for method Tests\Unit\Domain\Committee\Constitutional\Timeline\TimelineSequencePolicyTest::test_persisted_at_policy_orders_by_persistence_time(). Metadata in doc-comments is deprecated and will no longer be supported in PHPUnit 12. Update your test code to use attributes instead.

  [30;43;1m WARN [39;49;22m Metadata found in doc-comment for method Tests\Unit\Domain\Committee\Constitutional\Timeline\TimelineSequencePolicyTest::test_same_timestamp_produces_zero(). Metadata in doc-comments is deprecated and will no longer be supported in PHPUnit 12. Update your test code to use attributes instead.

  [30;43;1m WARN [39;49;22m Metadata found in doc-comment for method Tests\Unit\Domain\Committee\Constitutional\TypedConstitutionalSemanticsTest::test_constitutional_severity_values_match_legacy_constants(). Metadata in doc-comments is deprecated and will no longer be supported in PHPUnit 12. Update your test code to use attributes instead.

  [30;43;1m WARN [39;49;22m Metadata found in doc-comment for method Tests\Unit\Domain\Committee\Constitutional\TypedConstitutionalSemanticsTest::test_legitimacy_impact_values_match_legacy_constants(). Metadata in doc-comments is deprecated and will no longer be supported in PHPUnit 12. Update your test code to use attributes instead.

  [30;43;1m WARN [39;49;22m Metadata found in doc-comment for method Tests\Unit\Domain\Committee\Constitutional\TypedConstitutionalSemanticsTest::test_constitutional_reason_accepts_typed_severity(). Metadata in doc-comments is deprecated and will no longer be supported in PHPUnit 12. Update your test code to use attributes instead.

  [30;43;1m WARN [39;49;22m Metadata found in doc-comment for method Tests\Unit\Domain\Committee\Constitutional\TypedConstitutionalSemanticsTest::test_constitutional_reason_factory_produces_typed_impact(). Metadata in doc-comments is deprecated and will no longer be supported in PHPUnit 12. Update your test code to use attributes instead.

  [30;43;1m WARN [39;49;22m Metadata found in doc-comment for method Tests\Unit\Domain\Committee\Constitutional\TypedConstitutionalSemanticsTest::test_canonical_serializer_json_unchanged_after_typed_migration(). Metadata in doc-comments is deprecated and will no longer be supported in PHPUnit 12. Update your test code to use attributes instead.

  [30;43;1m WARN [39;49;22m Metadata found in doc-comment for class Tests\Unit\Domain\Election\Security\ConstitutionalParityTest. Metadata in doc-comments is deprecated and will no longer be supported in PHPUnit 12. Update your test code to use attributes instead.

  [30;43;1m WARN [39;49;22m Metadata found in doc-comment for method Tests\Unit\Domain\Election\Security\DivergenceSeverityTest::test_from_divergence(). Metadata in doc-comments is deprecated and will no longer be supported in PHPUnit 12. Update your test code to use attributes instead.

  [30;43;1m WARN [39;49;22m Metadata found in doc-comment for method Tests\Unit\Domain\Election\Security\DivergenceSeverityTest::test_blocks_transfer(). Metadata in doc-comments is deprecated and will no longer be supported in PHPUnit 12. Update your test code to use attributes instead.

  [30;43;1m WARN [39;49;22m Metadata found in doc-comment for method Tests\Unit\Domain\Election\Security\DivergenceSeverityTest::test_requires_investigation(). Metadata in doc-comments is deprecated and will no longer be supported in PHPUnit 12. Update your test code to use attributes instead.

  [30;43;1m WARN [39;49;22m Metadata found in doc-comment for class Tests\Unit\Domain\Election\Security\ExtractionMethodsTest. Metadata in doc-comments is deprecated and will no longer be supported in PHPUnit 12. Update your test code to use attributes instead.

  [30;43;1m WARN [39;49;22m Class OverlaySignalCategoryTest cannot be found in C:\Users\nabra\OneDrive\Desktop\roshyara\xamp\nrna\nrna-eu\tests\Unit\Domain\Election\Security\OverlaySignalCategoryTest.php

  [30;43;1m WARN [39;49;22m Metadata found in doc-comment for method Tests\Unit\Domain\Election\Security\SovereigntyConvergenceFitnessTest::test_F1_no_singular_authority_fields(). Metadata in doc-comments is deprecated and will no longer be supported in PHPUnit 12. Update your test code to use attributes instead.

  [30;43;1m WARN [39;49;22m Metadata found in doc-comment for method Tests\Unit\Domain\Voting\QuorumRule\CompositeQuorumRuleTest::test_composable_quorum_evaluation_and_operator(). Metadata in doc-comments is deprecated and will no longer be supported in PHPUnit 12. Update your test code to use attributes instead.

  [30;43;1m WARN [39;49;22m Metadata found in doc-comment for method Tests\Unit\Domain\Voting\QuorumRule\CompositeQuorumRuleTest::test_rule_composition_determinism_different_insertion_orders(). Metadata in doc-comments is deprecated and will no longer be supported in PHPUnit 12. Update your test code to use attributes instead.

  [30;43;1m WARN [39;49;22m Metadata found in doc-comment for method Tests\Unit\Domain\Voting\QuorumRule\CompositeQuorumRuleTest::test_participation_constraint_enforcement_fails_when_below_threshold(). Metadata in doc-comments is deprecated and will no longer be supported in PHPUnit 12. Update your test code to use attributes instead.

  [30;43;1m WARN [39;49;22m Metadata found in doc-comment for method Tests\Unit\Domain\Voting\QuorumRule\CompositeQuorumRuleTest::test_eligibility_aware_quorum_percentage_uses_eligible_count(). Metadata in doc-comments is deprecated and will no longer be supported in PHPUnit 12. Update your test code to use attributes instead.

  [30;43;1m WARN [39;49;22m Metadata found in doc-comment for method Tests\Unit\Domain\Voting\QuorumRule\CompositeQuorumRuleTest::test_replay_stability_fingerprint_identical_across_executions(). Metadata in doc-comments is deprecated and will no longer be supported in PHPUnit 12. Update your test code to use attributes instead.

  [30;43;1m WARN [39;49;22m Metadata found in doc-comment for method Tests\Unit\Domain\Voting\QuorumRule\CompositeQuorumRuleTest::test_no_semantic_mutation_rules_immutable_after_construction(). Metadata in doc-comments is deprecated and will no longer be supported in PHPUnit 12. Update your test code to use attributes instead.

  [30;43;1m WARN [39;49;22m Metadata found in doc-comment for method Tests\Unit\Domain\Voting\QuorumRule\CompositeQuorumRuleTest::test_tree_permutation_equivalence_same_result_regardless_of_order(). Metadata in doc-comments is deprecated and will no longer be supported in PHPUnit 12. Update your test code to use attributes instead.

  [30;43;1m WARN [39;49;22m Metadata found in doc-comment for method Tests\Unit\Domain\Voting\QuorumRule\CompositeQuorumRuleTest::test_rule_identity_collision_resistance_same_structure_equals_same_identity(). Metadata in doc-comments is deprecated and will no longer be supported in PHPUnit 12. Update your test code to use attributes instead.

  [30;43;1m WARN [39;49;22m Metadata found in doc-comment for method Tests\Unit\Domain\Voting\QuorumRule\CompositeQuorumRuleTest::test_composite_normalization_enforced_tree_is_canonical_after_construction(). Metadata in doc-comments is deprecated and will no longer be supported in PHPUnit 12. Update your test code to use attributes instead.

  [30;43;1m WARN [39;49;22m Metadata found in doc-comment for method Tests\Unit\Domain\Voting\QuorumRule\CompositeQuorumRuleTest::test_identity_is_not_equal_to_fingerprint_and_both_are_stable(). Metadata in doc-comments is deprecated and will no longer be supported in PHPUnit 12. Update your test code to use attributes instead.

  [30;43;1m WARN [39;49;22m Metadata found in doc-comment for method Tests\Unit\Domain\Voting\QuorumRule\CompositeQuorumRuleTest::test_identity_includes_schema_and_normalization_version(). Metadata in doc-comments is deprecated and will no longer be supported in PHPUnit 12. Update your test code to use attributes instead.

  [30;43;1m WARN [39;49;22m Metadata found in doc-comment for method Tests\Unit\Domain\Voting\QuorumRule\CompositeQuorumRuleTest::test_weighted_quorum_requires_explicit_threshold_not_implicit_and(). Metadata in doc-comments is deprecated and will no longer be supported in PHPUnit 12. Update your test code to use attributes instead.

  [30;43;1m WARN [39;49;22m Metadata found in doc-comment for method Tests\Unit\Domain\Voting\QuorumRule\CompositeQuorumRuleTest::test_weighted_weights_are_integers_only(). Metadata in doc-comments is deprecated and will no longer be supported in PHPUnit 12. Update your test code to use attributes instead.

  [30;43;1m WARN [39;49;22m Metadata found in doc-comment for method Tests\Unit\Domain\Voting\QuorumRule\CompositeQuorumRuleTest::test_percentage_rules_use_integer_basis_points_only(). Metadata in doc-comments is deprecated and will no longer be supported in PHPUnit 12. Update your test code to use attributes instead.

  [30;43;1m WARN [39;49;22m Metadata found in doc-comment for method Tests\Unit\Domain\Voting\QuorumRule\CompositeQuorumRuleTest::test_no_ordering_key_system_exists_only_identity_based_ordering(). Metadata in doc-comments is deprecated and will no longer be supported in PHPUnit 12. Update your test code to use attributes instead.

  [30;43;1m WARN [39;49;22m Metadata found in doc-comment for method Tests\Unit\Domain\Voting\QuorumRule\CompositeQuorumRuleTest::test_fingerprint_layers_are_distinct_and_independent(). Metadata in doc-comments is deprecated and will no longer be supported in PHPUnit 12. Update your test code to use attributes instead.

  [30;43;1m WARN [39;49;22m Metadata found in doc-comment for method Tests\Unit\Domain\Voting\Semantics\GovernanceSemanticDefinitionTest::semantically_equivalent_rules_share_semantic_identity(). Metadata in doc-comments is deprecated and will no longer be supported in PHPUnit 12. Update your test code to use attributes instead.

  [30;43;1m WARN [39;49;22m Metadata found in doc-comment for method Tests\Unit\Domain\Voting\Semantics\GovernanceSemanticDefinitionTest::structural_fingerprints_differ_despite_semantic_equivalence(). Metadata in doc-comments is deprecated and will no longer be supported in PHPUnit 12. Update your test code to use attributes instead.

  [30;43;1m WARN [39;49;22m Metadata found in doc-comment for method Tests\Unit\Domain\Voting\Semantics\GovernanceSemanticDefinitionTest::semantic_identity_is_stable_across_child_ordering(). Metadata in doc-comments is deprecated and will no longer be supported in PHPUnit 12. Update your test code to use attributes instead.

  [30;43;1m WARN [39;49;22m Metadata found in doc-comment for method Tests\Unit\Domain\Voting\Semantics\GovernanceSemanticDefinitionTest::semantic_definition_is_immutable_after_construction(). Metadata in doc-comments is deprecated and will no longer be supported in PHPUnit 12. Update your test code to use attributes instead.

  [30;43;1m WARN [39;49;22m Metadata found in doc-comment for method Tests\Unit\Domain\Voting\Semantics\GovernanceSemanticDefinitionTest::semantic_schema_version_participates_in_identity(). Metadata in doc-comments is deprecated and will no longer be supported in PHPUnit 12. Update your test code to use attributes instead.

  [30;43;1m WARN [39;49;22m Metadata found in doc-comment for method Tests\Unit\Domain\Voting\Semantics\GovernanceSemanticDefinitionTest::constitutional_intent_classification_is_preserved(). Metadata in doc-comments is deprecated and will no longer be supported in PHPUnit 12. Update your test code to use attributes instead.

  [30;43;1m WARN [39;49;22m Metadata found in doc-comment for method Tests\Unit\Domain\Voting\Semantics\GovernanceSemanticDefinitionTest::semantic_normalization_pipeline_canonicalizes_aliases(). Metadata in doc-comments is deprecated and will no longer be supported in PHPUnit 12. Update your test code to use attributes instead.

  [30;43;1m WARN [39;49;22m Metadata found in doc-comment for method Tests\Unit\Domain\Voting\Semantics\GovernanceSemanticDefinitionTest::semantic_equivalence_is_independent_from_structural_compilation(). Metadata in doc-comments is deprecated and will no longer be supported in PHPUnit 12. Update your test code to use attributes instead.

  [30;43;1m WARN [39;49;22m Metadata found in doc-comment for method Tests\Unit\Domain\Voting\Semantics\GovernanceSemanticDefinitionTest::governance_meaning_is_replay_stable_across_executions(). Metadata in doc-comments is deprecated and will no longer be supported in PHPUnit 12. Update your test code to use attributes instead.

  [30;43;1m WARN [39;49;22m Metadata found in doc-comment for method Tests\Unit\Domain\Voting\Semantics\GovernanceSemanticDefinitionTest::semantic_layer_separates_intent_from_evaluation_strategy(). Metadata in doc-comments is deprecated and will no longer be supported in PHPUnit 12. Update your test code to use attributes instead.

  [30;43;1m WARN [39;49;22m Metadata found in doc-comment for method Tests\Unit\Domain\Voting\VotingEngineTest::test_engine_executes_and_returns_voting_session(). Metadata in doc-comments is deprecated and will no longer be supported in PHPUnit 12. Update your test code to use attributes instead.

  [30;43;1m WARN [39;49;22m Metadata found in doc-comment for method Tests\Unit\Domain\Voting\VotingEngineTest::test_voting_engine_is_deterministic(). Metadata in doc-comments is deprecated and will no longer be supported in PHPUnit 12. Update your test code to use attributes instead.

  [30;43;1m WARN [39;49;22m Metadata found in doc-comment for method Tests\Unit\Domain\Voting\VotingEngineTest::test_voting_engine_is_order_independent(). Metadata in doc-comments is deprecated and will no longer be supported in PHPUnit 12. Update your test code to use attributes instead.

  [30;43;1m WARN [39;49;22m Metadata found in doc-comment for method Tests\Unit\Domain\Voting\VotingEngineTest::test_voting_engine_evaluates_quorum_correctly(). Metadata in doc-comments is deprecated and will no longer be supported in PHPUnit 12. Update your test code to use attributes instead.

  [30;43;1m WARN [39;49;22m Metadata found in doc-comment for method Tests\Unit\Domain\Voting\VotingEngineTest::test_voting_engine_filters_ineligible_voters(). Metadata in doc-comments is deprecated and will no longer be supported in PHPUnit 12. Update your test code to use attributes instead.

  [30;43;1m WARN [39;49;22m Metadata found in doc-comment for method Tests\Unit\Domain\Voting\VotingEngineTest::test_voting_session_is_immutable(). Metadata in doc-comments is deprecated and will no longer be supported in PHPUnit 12. Update your test code to use attributes instead.

  [30;43;1m WARN [39;49;22m Metadata found in doc-comment for method Tests\Unit\Domain\Voting\VotingEngineTest::test_voting_engine_computes_outcome(). Metadata in doc-comments is deprecated and will no longer be supported in PHPUnit 12. Update your test code to use attributes instead.

  [30;43;1m WARN [39;49;22m Metadata found in doc-comment for method Tests\Unit\Domain\Voting\VotingEngineTest::test_voting_session_fingerprint_determinism(). Metadata in doc-comments is deprecated and will no longer be supported in PHPUnit 12. Update your test code to use attributes instead.

  [30;43;1m WARN [39;49;22m Metadata found in doc-comment for method Tests\Unit\Domain\Voting\VotingEngineTest::test_voting_engine_with_empty_ballots(). Metadata in doc-comments is deprecated and will no longer be supported in PHPUnit 12. Update your test code to use attributes instead.

  [30;43;1m WARN [39;49;22m Metadata found in doc-comment for method Tests\Unit\Election\BusinessConditionsTest::can_enter_administration_phase_when_election_created(). Metadata in doc-comments is deprecated and will no longer be supported in PHPUnit 12. Update your test code to use attributes instead.

  [30;43;1m WARN [39;49;22m Metadata found in doc-comment for method Tests\Unit\Election\BusinessConditionsTest::cannot_enter_administration_phase_without_posts(). Metadata in doc-comments is deprecated and will no longer be supported in PHPUnit 12. Update your test code to use attributes instead.

  [30;43;1m WARN [39;49;22m Metadata found in doc-comment for method Tests\Unit\Election\BusinessConditionsTest::cannot_enter_administration_phase_without_voters(). Metadata in doc-comments is deprecated and will no longer be supported in PHPUnit 12. Update your test code to use attributes instead.

  [30;43;1m WARN [39;49;22m Metadata found in doc-comment for method Tests\Unit\Election\BusinessConditionsTest::cannot_enter_administration_phase_without_committee_members(). Metadata in doc-comments is deprecated and will no longer be supported in PHPUnit 12. Update your test code to use attributes instead.

  [30;43;1m WARN [39;49;22m Metadata found in doc-comment for method Tests\Unit\Election\BusinessConditionsTest::can_enter_administration_when_all_conditions_met(). Metadata in doc-comments is deprecated and will no longer be supported in PHPUnit 12. Update your test code to use attributes instead.

  [30;43;1m WARN [39;49;22m Metadata found in doc-comment for method Tests\Unit\Election\BusinessConditionsTest::cannot_enter_nomination_without_administration_completed(). Metadata in doc-comments is deprecated and will no longer be supported in PHPUnit 12. Update your test code to use attributes instead.

  [30;43;1m WARN [39;49;22m Metadata found in doc-comment for method Tests\Unit\Election\BusinessConditionsTest::can_enter_nomination_when_administration_completed_and_conditions_met(). Metadata in doc-comments is deprecated and will no longer be supported in PHPUnit 12. Update your test code to use attributes instead.

  [30;43;1m WARN [39;49;22m Metadata found in doc-comment for method Tests\Unit\Election\BusinessConditionsTest::cannot_enter_nomination_without_posts_even_if_admin_completed(). Metadata in doc-comments is deprecated and will no longer be supported in PHPUnit 12. Update your test code to use attributes instead.

  [30;43;1m WARN [39;49;22m Metadata found in doc-comment for method Tests\Unit\Election\BusinessConditionsTest::cannot_enter_nomination_without_voters_even_if_admin_completed(). Metadata in doc-comments is deprecated and will no longer be supported in PHPUnit 12. Update your test code to use attributes instead.

  [30;43;1m WARN [39;49;22m Metadata found in doc-comment for method Tests\Unit\Election\BusinessConditionsTest::cannot_enter_voting_without_nomination_completed(). Metadata in doc-comments is deprecated and will no longer be supported in PHPUnit 12. Update your test code to use attributes instead.

  [30;43;1m WARN [39;49;22m Metadata found in doc-comment for method Tests\Unit\Election\BusinessConditionsTest::cannot_enter_voting_without_candidates(). Metadata in doc-comments is deprecated and will no longer be supported in PHPUnit 12. Update your test code to use attributes instead.

  [30;43;1m WARN [39;49;22m Metadata found in doc-comment for method Tests\Unit\Election\BusinessConditionsTest::cannot_enter_voting_with_pending_candidacies(). Metadata in doc-comments is deprecated and will no longer be supported in PHPUnit 12. Update your test code to use attributes instead.

  [30;43;1m WARN [39;49;22m Metadata found in doc-comment for method Tests\Unit\Election\BusinessConditionsTest::can_enter_voting_when_all_conditions_met(). Metadata in doc-comments is deprecated and will no longer be supported in PHPUnit 12. Update your test code to use attributes instead.

  [30;43;1m WARN [39;49;22m Metadata found in doc-comment for method Tests\Unit\Election\BusinessConditionsTest::cannot_enter_counting_while_voting_active(). Metadata in doc-comments is deprecated and will no longer be supported in PHPUnit 12. Update your test code to use attributes instead.

  [30;43;1m WARN [39;49;22m Metadata found in doc-comment for method Tests\Unit\Election\BusinessConditionsTest::cannot_enter_counting_without_voting_locked(). Metadata in doc-comments is deprecated and will no longer be supported in PHPUnit 12. Update your test code to use attributes instead.

  [30;43;1m WARN [39;49;22m Metadata found in doc-comment for method Tests\Unit\Election\BusinessConditionsTest::cannot_enter_counting_without_votes(). Metadata in doc-comments is deprecated and will no longer be supported in PHPUnit 12. Update your test code to use attributes instead.

  [30;43;1m WARN [39;49;22m Metadata found in doc-comment for method Tests\Unit\Election\BusinessConditionsTest::can_enter_counting_when_voting_ended_and_locked(). Metadata in doc-comments is deprecated and will no longer be supported in PHPUnit 12. Update your test code to use attributes instead.

  [30;43;1m WARN [39;49;22m Metadata found in doc-comment for method Tests\Unit\Election\BusinessConditionsTest::can_enter_results_when_results_published(). Metadata in doc-comments is deprecated and will no longer be supported in PHPUnit 12. Update your test code to use attributes instead.

  [30;43;1m WARN [39;49;22m Metadata found in doc-comment for method Tests\Unit\Election\BusinessConditionsTest::cannot_enter_results_until_published(). Metadata in doc-comments is deprecated and will no longer be supported in PHPUnit 12. Update your test code to use attributes instead.

  [30;43;1m WARN [39;49;22m Metadata found in doc-comment for method Tests\Unit\Election\BusinessConditionsTest::returns_blocked_reason_when_cannot_enter_voting(). Metadata in doc-comments is deprecated and will no longer be supported in PHPUnit 12. Update your test code to use attributes instead.

  [30;43;1m WARN [39;49;22m Metadata found in doc-comment for method Tests\Unit\Election\BusinessConditionsTest::returns_multiple_blocked_reasons_when_applicable(). Metadata in doc-comments is deprecated and will no longer be supported in PHPUnit 12. Update your test code to use attributes instead.

  [30;43;1m WARN [39;49;22m Metadata found in doc-comment for method Tests\Unit\Election\BusinessConditionsTest::respects_minimum_candidates_requirement_from_config(). Metadata in doc-comments is deprecated and will no longer be supported in PHPUnit 12. Update your test code to use attributes instead.

  [30;43;1m WARN [39;49;22m Metadata found in doc-comment for method Tests\Unit\Election\DerivedStateTest::returns_administration_state_for_new_election(). Metadata in doc-comments is deprecated and will no longer be supported in PHPUnit 12. Update your test code to use attributes instead.

  [30;43;1m WARN [39;49;22m Metadata found in doc-comment for method Tests\Unit\Election\DerivedStateTest::returns_draft_state_when_missing_setup_requirements(). Metadata in doc-comments is deprecated and will no longer be supported in PHPUnit 12. Update your test code to use attributes instead.

  [30;43;1m WARN [39;49;22m Metadata found in doc-comment for method Tests\Unit\Election\DerivedStateTest::returns_nomination_state_when_administration_completed(). Metadata in doc-comments is deprecated and will no longer be supported in PHPUnit 12. Update your test code to use attributes instead.

  [30;43;1m WARN [39;49;22m Metadata found in doc-comment for method Tests\Unit\Election\DerivedStateTest::returns_nomination_blocked_when_admin_completed_but_missing_candidates(). Metadata in doc-comments is deprecated and will no longer be supported in PHPUnit 12. Update your test code to use attributes instead.

  [30;43;1m WARN [39;49;22m Metadata found in doc-comment for method Tests\Unit\Election\DerivedStateTest::returns_voting_state_when_time_window_active_and_conditions_met(). Metadata in doc-comments is deprecated and will no longer be supported in PHPUnit 12. Update your test code to use attributes instead.

  [30;43;1m WARN [39;49;22m Metadata found in doc-comment for method Tests\Unit\Election\DerivedStateTest::returns_voting_blocked_when_time_active_but_no_candidates(). Metadata in doc-comments is deprecated and will no longer be supported in PHPUnit 12. Update your test code to use attributes instead.

  [30;43;1m WARN [39;49;22m Metadata found in doc-comment for method Tests\Unit\Election\DerivedStateTest::returns_voting_blocked_when_pending_candidacies_exist(). Metadata in doc-comments is deprecated and will no longer be supported in PHPUnit 12. Update your test code to use attributes instead.

  [30;43;1m WARN [39;49;22m Metadata found in doc-comment for method Tests\Unit\Election\DerivedStateTest::returns_voting_state_only_during_voting_window(). Metadata in doc-comments is deprecated and will no longer be supported in PHPUnit 12. Update your test code to use attributes instead.

  [30;43;1m WARN [39;49;22m Metadata found in doc-comment for method Tests\Unit\Election\DerivedStateTest::returns_counting_state_after_voting_window_ends(). Metadata in doc-comments is deprecated and will no longer be supported in PHPUnit 12. Update your test code to use attributes instead.

  [30;43;1m WARN [39;49;22m Metadata found in doc-comment for method Tests\Unit\Election\DerivedStateTest::returns_counting_blocked_when_voting_not_locked(). Metadata in doc-comments is deprecated and will no longer be supported in PHPUnit 12. Update your test code to use attributes instead.

  [30;43;1m WARN [39;49;22m Metadata found in doc-comment for method Tests\Unit\Election\DerivedStateTest::returns_counting_blocked_when_no_votes_recorded(). Metadata in doc-comments is deprecated and will no longer be supported in PHPUnit 12. Update your test code to use attributes instead.

  [30;43;1m WARN [39;49;22m Metadata found in doc-comment for method Tests\Unit\Election\DerivedStateTest::returns_results_state_when_results_published(). Metadata in doc-comments is deprecated and will no longer be supported in PHPUnit 12. Update your test code to use attributes instead.

  [30;43;1m WARN [39;49;22m Metadata found in doc-comment for method Tests\Unit\Election\DerivedStateTest::returns_results_state_regardless_of_other_conditions(). Metadata in doc-comments is deprecated and will no longer be supported in PHPUnit 12. Update your test code to use attributes instead.

  [30;43;1m WARN [39;49;22m Metadata found in doc-comment for method Tests\Unit\Election\DerivedStateTest::state_transitions_through_expected_sequence(). Metadata in doc-comments is deprecated and will no longer be supported in PHPUnit 12. Update your test code to use attributes instead.

  [30;43;1m WARN [39;49;22m Metadata found in doc-comment for method Tests\Unit\Election\StateTransitionValidationTest::allows_transition_from_administration_to_nomination(). Metadata in doc-comments is deprecated and will no longer be supported in PHPUnit 12. Update your test code to use attributes instead.

  [30;43;1m WARN [39;49;22m Metadata found in doc-comment for method Tests\Unit\Election\StateTransitionValidationTest::allows_transition_from_nomination_to_voting(). Metadata in doc-comments is deprecated and will no longer be supported in PHPUnit 12. Update your test code to use attributes instead.

  [30;43;1m WARN [39;49;22m Metadata found in doc-comment for method Tests\Unit\Election\StateTransitionValidationTest::allows_transition_from_voting_to_counting(). Metadata in doc-comments is deprecated and will no longer be supported in PHPUnit 12. Update your test code to use attributes instead.

  [30;43;1m WARN [39;49;22m Metadata found in doc-comment for method Tests\Unit\Election\StateTransitionValidationTest::rejects_transition_to_voting_without_candidates(). Metadata in doc-comments is deprecated and will no longer be supported in PHPUnit 12. Update your test code to use attributes instead.

  [30;43;1m WARN [39;49;22m Metadata found in doc-comment for method Tests\Unit\Election\StateTransitionValidationTest::rejects_transition_to_voting_with_pending_candidacies(). Metadata in doc-comments is deprecated and will no longer be supported in PHPUnit 12. Update your test code to use attributes instead.

  [30;43;1m WARN [39;49;22m Metadata found in doc-comment for method Tests\Unit\Election\StateTransitionValidationTest::rejects_transition_to_counting_while_voting_active(). Metadata in doc-comments is deprecated and will no longer be supported in PHPUnit 12. Update your test code to use attributes instead.

  [30;43;1m WARN [39;49;22m Metadata found in doc-comment for method Tests\Unit\Election\StateTransitionValidationTest::rejects_transition_to_counting_without_votes(). Metadata in doc-comments is deprecated and will no longer be supported in PHPUnit 12. Update your test code to use attributes instead.

  [30;43;1m WARN [39;49;22m Metadata found in doc-comment for method Tests\Unit\Election\StateTransitionValidationTest::rejects_transition_backward_from_voting_to_nomination(). Metadata in doc-comments is deprecated and will no longer be supported in PHPUnit 12. Update your test code to use attributes instead.

  [30;43;1m WARN [39;49;22m Metadata found in doc-comment for method Tests\Unit\Election\StateTransitionValidationTest::rejects_transition_backward_from_results_to_voting(). Metadata in doc-comments is deprecated and will no longer be supported in PHPUnit 12. Update your test code to use attributes instead.

  [30;43;1m WARN [39;49;22m Metadata found in doc-comment for method Tests\Unit\Election\StateTransitionValidationTest::rejects_jumping_from_nomination_directly_to_counting(). Metadata in doc-comments is deprecated and will no longer be supported in PHPUnit 12. Update your test code to use attributes instead.

  [30;43;1m WARN [39;49;22m Metadata found in doc-comment for method Tests\Unit\Election\StateTransitionValidationTest::rejects_jumping_from_administration_directly_to_voting(). Metadata in doc-comments is deprecated and will no longer be supported in PHPUnit 12. Update your test code to use attributes instead.

  [30;43;1m WARN [39;49;22m Metadata found in doc-comment for method Tests\Unit\Election\StateTransitionValidationTest::can_provide_reason_for_blocked_transition(). Metadata in doc-comments is deprecated and will no longer be supported in PHPUnit 12. Update your test code to use attributes instead.

  [30;43;1m WARN [39;49;22m Metadata found in doc-comment for method Tests\Unit\Election\StateTransitionValidationTest::can_list_all_blocking_reasons(). Metadata in doc-comments is deprecated and will no longer be supported in PHPUnit 12. Update your test code to use attributes instead.

  [30;43;1m WARN [39;49;22m Metadata found in doc-comment for method Tests\Unit\Election\StateTransitionValidationTest::respects_minimum_candidates_config_for_transition(). Metadata in doc-comments is deprecated and will no longer be supported in PHPUnit 12. Update your test code to use attributes instead.

  [30;43;1m WARN [39;49;22m Metadata found in doc-comment for method Tests\Unit\EmptyCandidatesNoVoteCorrectionTest::candidate_json_with_empty_candidates_array_should_have_no_vote_true(). Metadata in doc-comments is deprecated and will no longer be supported in PHPUnit 12. Update your test code to use attributes instead.

  [30;43;1m WARN [39;49;22m Metadata found in doc-comment for class Tests\Unit\EmptyCandidatesNoVoteCorrectionTest. Metadata in doc-comments is deprecated and will no longer be supported in PHPUnit 12. Update your test code to use attributes instead.

  [30;43;1m WARN [39;49;22m Metadata found in doc-comment for method Tests\Unit\EmptyCandidatesNoVoteCorrectionTest::candidate_json_with_candidates_should_have_no_vote_false(). Metadata in doc-comments is deprecated and will no longer be supported in PHPUnit 12. Update your test code to use attributes instead.

  [30;43;1m WARN [39;49;22m Metadata found in doc-comment for method Tests\Unit\EmptyCandidatesNoVoteCorrectionTest::multiple_positions_each_corrected_independently(). Metadata in doc-comments is deprecated and will no longer be supported in PHPUnit 12. Update your test code to use attributes instead.

  [30;43;1m WARN [39;49;22m Metadata found in doc-comment for method Tests\Unit\Helpers\ValidateVotingIpWithResponseReturnTest::success_array_has_valid_when_no_voting_ip(). Metadata in doc-comments is deprecated and will no longer be supported in PHPUnit 12. Update your test code to use attributes instead.

  [30;43;1m WARN [39;49;22m Metadata found in doc-comment for method Tests\Unit\Helpers\ValidateVotingIpWithResponseReturnTest::success_array_has_skip_reason_when_no_voting_ip(). Metadata in doc-comments is deprecated and will no longer be supported in PHPUnit 12. Update your test code to use attributes instead.

  [30;43;1m WARN [39;49;22m Metadata found in doc-comment for method Tests\Unit\Helpers\ValidateVotingIpWithResponseReturnTest::success_array_does_not_contain_current_ip_when_no_voting_ip(). Metadata in doc-comments is deprecated and will no longer be supported in PHPUnit 12. Update your test code to use attributes instead.

  [30;43;1m WARN [39;49;22m Metadata found in doc-comment for method Tests\Unit\Helpers\ValidateVotingIpWithResponseReturnTest::success_array_does_not_contain_registered_ip_when_no_voting_ip(). Metadata in doc-comments is deprecated and will no longer be supported in PHPUnit 12. Update your test code to use attributes instead.

  [30;43;1m WARN [39;49;22m Metadata found in doc-comment for method Tests\Unit\Helpers\ValidateVotingIpWithResponseReturnTest::success_array_does_not_contain_ip_fields_when_ip_matches(). Metadata in doc-comments is deprecated and will no longer be supported in PHPUnit 12. Update your test code to use attributes instead.

  [30;43;1m WARN [39;49;22m Metadata found in doc-comment for method Tests\Unit\Helpers\ValidateVotingIpWithResponseReturnTest::denial_inertia_does_not_contain_ip_props(). Metadata in doc-comments is deprecated and will no longer be supported in PHPUnit 12. Update your test code to use attributes instead.

  [30;43;1m WARN [39;49;22m Metadata found in doc-comment for method Tests\Unit\Helpers\ValidateVotingIpWithResponseReturnTest::denial_inertia_contains_constitutional_evidence(). Metadata in doc-comments is deprecated and will no longer be supported in PHPUnit 12. Update your test code to use attributes instead.

  [30;43;1m WARN [39;49;22m Metadata found in doc-comment for method Tests\Unit\Infrastructure\Observation\DivergenceTelemetryStoreTest::it_records_and_retrieves_observations(). Metadata in doc-comments is deprecated and will no longer be supported in PHPUnit 12. Update your test code to use attributes instead.

  [30;43;1m WARN [39;49;22m Metadata found in doc-comment for method Tests\Unit\Infrastructure\Observation\DivergenceTelemetryStoreTest::it_records_multiple_observations_in_order(). Metadata in doc-comments is deprecated and will no longer be supported in PHPUnit 12. Update your test code to use attributes instead.

  [30;43;1m WARN [39;49;22m Metadata found in doc-comment for method Tests\Unit\Infrastructure\Observation\DivergenceTelemetryStoreTest::it_appends_timestamp_automatically(). Metadata in doc-comments is deprecated and will no longer be supported in PHPUnit 12. Update your test code to use attributes instead.

  [30;43;1m WARN [39;49;22m Metadata found in doc-comment for method Tests\Unit\Infrastructure\Observation\DivergenceTelemetryStoreTest::it_returns_empty_array_when_no_observations(). Metadata in doc-comments is deprecated and will no longer be supported in PHPUnit 12. Update your test code to use attributes instead.

  [30;43;1m WARN [39;49;22m Metadata found in doc-comment for method Tests\Unit\Infrastructure\Observation\DivergenceTelemetryStoreTest::it_returns_empty_array_when_file_does_not_exist(). Metadata in doc-comments is deprecated and will no longer be supported in PHPUnit 12. Update your test code to use attributes instead.

  [30;43;1m WARN [39;49;22m Metadata found in doc-comment for method Tests\Unit\Infrastructure\Observation\DivergenceTelemetryStoreTest::it_counts_observations(). Metadata in doc-comments is deprecated and will no longer be supported in PHPUnit 12. Update your test code to use attributes instead.

  [30;43;1m WARN [39;49;22m Metadata found in doc-comment for method Tests\Unit\Infrastructure\Observation\DivergenceTelemetryStoreTest::it_filters_by_time_range(). Metadata in doc-comments is deprecated and will no longer be supported in PHPUnit 12. Update your test code to use attributes instead.

  [30;43;1m WARN [39;49;22m Metadata found in doc-comment for method Tests\Unit\Infrastructure\Observation\DivergenceTelemetryStoreTest::it_is_append_only(). Metadata in doc-comments is deprecated and will no longer be supported in PHPUnit 12. Update your test code to use attributes instead.

  [30;43;1m WARN [39;49;22m Metadata found in doc-comment for method Tests\Unit\Infrastructure\Observation\DivergenceTelemetryStoreTest::it_handles_unicode_in_observations(). Metadata in doc-comments is deprecated and will no longer be supported in PHPUnit 12. Update your test code to use attributes instead.

  [30;43;1m WARN [39;49;22m Metadata found in doc-comment for method Tests\Unit\Infrastructure\Observation\DivergenceTelemetryStoreTest::it_clears_only_for_testing(). Metadata in doc-comments is deprecated and will no longer be supported in PHPUnit 12. Update your test code to use attributes instead.

  [30;43;1m WARN [39;49;22m Metadata found in doc-comment for method Tests\Unit\Jobs\ProcessMembershipExpiryJobTest::pending_applications_past_expiry_are_auto_rejected(). Metadata in doc-comments is deprecated and will no longer be supported in PHPUnit 12. Update your test code to use attributes instead.

  [30;43;1m WARN [39;49;22m Metadata found in doc-comment for method Tests\Unit\Jobs\ProcessMembershipExpiryJobTest::non_expired_applications_are_untouched(). Metadata in doc-comments is deprecated and will no longer be supported in PHPUnit 12. Update your test code to use attributes instead.

  [30;43;1m WARN [39;49;22m Metadata found in doc-comment for method Tests\Unit\Jobs\ProcessMembershipExpiryJobTest::pending_fees_past_due_are_marked_overdue(). Metadata in doc-comments is deprecated and will no longer be supported in PHPUnit 12. Update your test code to use attributes instead.

  [30;43;1m WARN [39;49;22m Metadata found in doc-comment for method Tests\Unit\Jobs\ProcessMembershipExpiryJobTest::fees_not_yet_due_are_untouched(). Metadata in doc-comments is deprecated and will no longer be supported in PHPUnit 12. Update your test code to use attributes instead.

  [30;43;1m WARN [39;49;22m Metadata found in doc-comment for method Tests\Unit\Middleware\EnsureOrganisationMemberTest::it_allows_member_access_to_organization(). Metadata in doc-comments is deprecated and will no longer be supported in PHPUnit 12. Update your test code to use attributes instead.

  [30;43;1m WARN [39;49;22m Metadata found in doc-comment for method Tests\Unit\Middleware\EnsureOrganisationMemberTest::it_blocks_non_member_access_with_403(). Metadata in doc-comments is deprecated and will no longer be supported in PHPUnit 12. Update your test code to use attributes instead.

  [30;43;1m WARN [39;49;22m Metadata found in doc-comment for method Tests\Unit\Middleware\EnsureOrganisationMemberTest::it_returns_404_when_organization_not_found(). Metadata in doc-comments is deprecated and will no longer be supported in PHPUnit 12. Update your test code to use attributes instead.

  [30;43;1m WARN [39;49;22m Metadata found in doc-comment for method Tests\Unit\Middleware\EnsureOrganisationMemberTest::it_requires_authentication(). Metadata in doc-comments is deprecated and will no longer be supported in PHPUnit 12. Update your test code to use attributes instead.

  [30;43;1m WARN [39;49;22m Metadata found in doc-comment for method Tests\Unit\Middleware\EnsureOrganisationMemberTest::it_stores_organization_in_request_attributes(). Metadata in doc-comments is deprecated and will no longer be supported in PHPUnit 12. Update your test code to use attributes instead.

  [30;43;1m WARN [39;49;22m Metadata found in doc-comment for method Tests\Unit\Middleware\EnsureOrganisationMemberTest::it_sets_session_context_for_belongs_to_tenant(). Metadata in doc-comments is deprecated and will no longer be supported in PHPUnit 12. Update your test code to use attributes instead.

  [30;43;1m WARN [39;49;22m Metadata found in doc-comment for method Tests\Unit\Middleware\EnsureOrganisationMemberTest::it_logs_successful_access_attempt(). Metadata in doc-comments is deprecated and will no longer be supported in PHPUnit 12. Update your test code to use attributes instead.

  [30;43;1m WARN [39;49;22m Metadata found in doc-comment for method Tests\Unit\Middleware\EnsureOrganisationMemberTest::it_logs_unauthorized_access_attempt(). Metadata in doc-comments is deprecated and will no longer be supported in PHPUnit 12. Update your test code to use attributes instead.

  [30;43;1m WARN [39;49;22m Metadata found in doc-comment for method Tests\Unit\Middleware\EnsureOrganisationMemberTest::it_returns_json_error_for_api_requests(). Metadata in doc-comments is deprecated and will no longer be supported in PHPUnit 12. Update your test code to use attributes instead.

  [30;43;1m WARN [39;49;22m Metadata found in doc-comment for method Tests\Unit\Middleware\EnsureOrganisationMemberTest::it_allows_commission_member_access(). Metadata in doc-comments is deprecated and will no longer be supported in PHPUnit 12. Update your test code to use attributes instead.

  [30;43;1m WARN [39;49;22m Metadata found in doc-comment for method Tests\Unit\Middleware\EnsureOrganisationMemberTest::it_only_allows_access_to_member_organizations(). Metadata in doc-comments is deprecated and will no longer be supported in PHPUnit 12. Update your test code to use attributes instead.

  [30;43;1m WARN [39;49;22m Metadata found in doc-comment for method Tests\Unit\Middleware\EnsureOrganisationMemberTest::it_extracts_slug_from_route_parameter(). Metadata in doc-comments is deprecated and will no longer be supported in PHPUnit 12. Update your test code to use attributes instead.

  [30;43;1m WARN [39;49;22m Metadata found in doc-comment for method Tests\Unit\Middleware\EnsureOrganisationMemberTest::it_resolves_organisation_by_uuid(). Metadata in doc-comments is deprecated and will no longer be supported in PHPUnit 12. Update your test code to use attributes instead.

  [30;43;1m WARN [39;49;22m Metadata found in doc-comment for method Tests\Unit\Middleware\EnsureOrganisationMemberTest::it_blocks_access_to_soft_deleted_organisation(). Metadata in doc-comments is deprecated and will no longer be supported in PHPUnit 12. Update your test code to use attributes instead.

  [30;43;1m WARN [39;49;22m Metadata found in doc-comment for method Tests\Unit\Middleware\EnsureOrganisationMemberTest::it_logs_complete_security_context_on_cross_org_access(). Metadata in doc-comments is deprecated and will no longer be supported in PHPUnit 12. Update your test code to use attributes instead.

  [30;43;1m WARN [39;49;22m Metadata found in doc-comment for method Tests\Unit\Middleware\TenantContextTest::it_sets_tenant_context_for_authenticated_user(). Metadata in doc-comments is deprecated and will no longer be supported in PHPUnit 12. Update your test code to use attributes instead.

  [30;43;1m WARN [39;49;22m Metadata found in doc-comment for method Tests\Unit\Middleware\TenantContextTest::it_denies_access_if_user_has_no_organisation_role(). Metadata in doc-comments is deprecated and will no longer be supported in PHPUnit 12. Update your test code to use attributes instead.

  [30;43;1m WARN [39;49;22m Metadata found in doc-comment for method Tests\Unit\Middleware\TenantContextTest::it_handles_demo_users_without_organisation(). Metadata in doc-comments is deprecated and will no longer be supported in PHPUnit 12. Update your test code to use attributes instead.

  [30;43;1m WARN [39;49;22m Metadata found in doc-comment for method Tests\Unit\Middleware\TenantContextTest::it_uses_cache_for_organisation_lookup(). Metadata in doc-comments is deprecated and will no longer be supported in PHPUnit 12. Update your test code to use attributes instead.

  [30;43;1m WARN [39;49;22m Metadata found in doc-comment for method Tests\Unit\Middleware\TenantContextTest::it_skips_tenant_context_for_guests(). Metadata in doc-comments is deprecated and will no longer be supported in PHPUnit 12. Update your test code to use attributes instead.

  [30;43;1m WARN [39;49;22m Metadata found in doc-comment for method Tests\Unit\Middleware\TenantContextTest::it_prevents_privilege_escalation_when_role_missing(). Metadata in doc-comments is deprecated and will no longer be supported in PHPUnit 12. Update your test code to use attributes instead.

  [30;43;1m WARN [39;49;22m Metadata found in doc-comment for method Tests\Unit\Middleware\TenantContextTest::it_allows_users_with_multiple_organisation_roles(). Metadata in doc-comments is deprecated and will no longer be supported in PHPUnit 12. Update your test code to use attributes instead.

  [30;43;1m WARN [39;49;22m Metadata found in doc-comment for method Tests\Unit\Middleware\ValidateVotingIpTest::it_allows_request_when_ip_control_is_disabled(). Metadata in doc-comments is deprecated and will no longer be supported in PHPUnit 12. Update your test code to use attributes instead.

  [30;43;1m WARN [39;49;22m Metadata found in doc-comment for method Tests\Unit\Middleware\ValidateVotingIpTest::it_allows_request_when_user_has_no_ip_restriction(). Metadata in doc-comments is deprecated and will no longer be supported in PHPUnit 12. Update your test code to use attributes instead.

  [30;43;1m WARN [39;49;22m Metadata found in doc-comment for method Tests\Unit\Middleware\ValidateVotingIpTest::it_allows_request_when_ip_matches(). Metadata in doc-comments is deprecated and will no longer be supported in PHPUnit 12. Update your test code to use attributes instead.

  [30;43;1m WARN [39;49;22m Metadata found in doc-comment for method Tests\Unit\Middleware\ValidateVotingIpTest::it_blocks_request_when_ip_does_not_match(). Metadata in doc-comments is deprecated and will no longer be supported in PHPUnit 12. Update your test code to use attributes instead.

  [30;43;1m WARN [39;49;22m Metadata found in doc-comment for method Tests\Unit\Middleware\ValidateVotingIpTest::it_handles_unauthenticated_requests(). Metadata in doc-comments is deprecated and will no longer be supported in PHPUnit 12. Update your test code to use attributes instead.

  [30;43;1m WARN [39;49;22m Metadata found in doc-comment for method Tests\Unit\Middleware\ValidateVotingIpTest::it_includes_bilingual_error_message_on_mismatch(). Metadata in doc-comments is deprecated and will no longer be supported in PHPUnit 12. Update your test code to use attributes instead.

  [30;43;1m WARN [39;49;22m Metadata found in doc-comment for method Tests\Unit\Middleware\ValidateVotingIpTest::it_gets_correct_client_ip(). Metadata in doc-comments is deprecated and will no longer be supported in PHPUnit 12. Update your test code to use attributes instead.

  [30;43;1m WARN [39;49;22m Metadata found in doc-comment for method Tests\Unit\Middleware\ValidateVotingIpTest::it_passes_through_in_constitutional_mode_when_ip_mismatches(). Metadata in doc-comments is deprecated and will no longer be supported in PHPUnit 12. Update your test code to use attributes instead.

  [30;43;1m WARN [39;49;22m Metadata found in doc-comment for method Tests\Unit\Middleware\ValidateVotingIpTest::it_blocks_in_legacy_mode_when_ip_mismatches(). Metadata in doc-comments is deprecated and will no longer be supported in PHPUnit 12. Update your test code to use attributes instead.

  [30;43;1m WARN [39;49;22m Metadata found in doc-comment for method Tests\Unit\Middleware\ValidateVotingIpTest::it_passes_through_in_constitutional_mode_when_ip_matches(). Metadata in doc-comments is deprecated and will no longer be supported in PHPUnit 12. Update your test code to use attributes instead.

  [30;43;1m WARN [39;49;22m Metadata found in doc-comment for method Tests\Unit\Models\CandidacyTest::candidacy_belongs_to_organisation(). Metadata in doc-comments is deprecated and will no longer be supported in PHPUnit 12. Update your test code to use attributes instead.

  [30;43;1m WARN [39;49;22m Metadata found in doc-comment for method Tests\Unit\Models\CandidacyTest::candidacy_belongs_to_post(). Metadata in doc-comments is deprecated and will no longer be supported in PHPUnit 12. Update your test code to use attributes instead.

  [30;43;1m WARN [39;49;22m Metadata found in doc-comment for method Tests\Unit\Models\CandidacyTest::candidacy_belongs_to_user(). Metadata in doc-comments is deprecated and will no longer be supported in PHPUnit 12. Update your test code to use attributes instead.

  [30;43;1m WARN [39;49;22m Metadata found in doc-comment for method Tests\Unit\Models\CandidacyTest::candidacy_accesses_election_via_post(). Metadata in doc-comments is deprecated and will no longer be supported in PHPUnit 12. Update your test code to use attributes instead.

  [30;43;1m WARN [39;49;22m Metadata found in doc-comment for method Tests\Unit\Models\CandidacyTest::candidacy_scope_for_organisation_filters_correctly(). Metadata in doc-comments is deprecated and will no longer be supported in PHPUnit 12. Update your test code to use attributes instead.

  [30;43;1m WARN [39;49;22m Metadata found in doc-comment for method Tests\Unit\Models\CandidacyTest::candidacy_scope_approved_filters_status(). Metadata in doc-comments is deprecated and will no longer be supported in PHPUnit 12. Update your test code to use attributes instead.

  [30;43;1m WARN [39;49;22m Metadata found in doc-comment for method Tests\Unit\Models\CandidacyTest::candidacy_has_no_direct_election_relationship(). Metadata in doc-comments is deprecated and will no longer be supported in PHPUnit 12. Update your test code to use attributes instead.

  [30;43;1m WARN [39;49;22m Metadata found in doc-comment for method Tests\Unit\Models\CodeTest::code_belongs_to_user(). Metadata in doc-comments is deprecated and will no longer be supported in PHPUnit 12. Update your test code to use attributes instead.

  [30;43;1m WARN [39;49;22m Metadata found in doc-comment for method Tests\Unit\Models\CodeTest::code_belongs_to_election(). Metadata in doc-comments is deprecated and will no longer be supported in PHPUnit 12. Update your test code to use attributes instead.

  [30;43;1m WARN [39;49;22m Metadata found in doc-comment for method Tests\Unit\Models\CodeTest::code_belongs_to_organisation(). Metadata in doc-comments is deprecated and will no longer be supported in PHPUnit 12. Update your test code to use attributes instead.

  [30;43;1m WARN [39;49;22m Metadata found in doc-comment for method Tests\Unit\Models\CodeTest::code_first_use_marks_code1_used(). Metadata in doc-comments is deprecated and will no longer be supported in PHPUnit 12. Update your test code to use attributes instead.

  [30;43;1m WARN [39;49;22m Metadata found in doc-comment for method Tests\Unit\Models\CodeTest::code_second_use_marks_code2_used(). Metadata in doc-comments is deprecated and will no longer be supported in PHPUnit 12. Update your test code to use attributes instead.

  [30;43;1m WARN [39;49;22m Metadata found in doc-comment for method Tests\Unit\Models\CodeTest::code_prevents_third_use(). Metadata in doc-comments is deprecated and will no longer be supported in PHPUnit 12. Update your test code to use attributes instead.

  [30;43;1m WARN [39;49;22m Metadata found in doc-comment for method Tests\Unit\Models\CodeTest::code_scope_for_organisation_filters(). Metadata in doc-comments is deprecated and will no longer be supported in PHPUnit 12. Update your test code to use attributes instead.

  [30;43;1m WARN [39;49;22m Metadata found in doc-comment for method Tests\Unit\Models\CodeTest::code_scope_for_election_filters(). Metadata in doc-comments is deprecated and will no longer be supported in PHPUnit 12. Update your test code to use attributes instead.

  [30;43;1m WARN [39;49;22m Metadata found in doc-comment for method Tests\Unit\Models\CodeTest::code_scope_unused_returns_available(). Metadata in doc-comments is deprecated and will no longer be supported in PHPUnit 12. Update your test code to use attributes instead.

  [30;43;1m WARN [39;49;22m Metadata found in doc-comment for method Tests\Unit\Models\CodeTest::code_tracks_usage_timestamps(). Metadata in doc-comments is deprecated and will no longer be supported in PHPUnit 12. Update your test code to use attributes instead.

  [30;43;1m WARN [39;49;22m Metadata found in doc-comment for method Tests\Unit\Models\Demo\DemoCodeTest::demo_code_extends_code_model(). Metadata in doc-comments is deprecated and will no longer be supported in PHPUnit 12. Update your test code to use attributes instead.

  [30;43;1m WARN [39;49;22m Metadata found in doc-comment for method Tests\Unit\Models\Demo\DemoCodeTest::demo_code_uses_demo_codes_table(). Metadata in doc-comments is deprecated and will no longer be supported in PHPUnit 12. Update your test code to use attributes instead.

  [30;43;1m WARN [39;49;22m Metadata found in doc-comment for method Tests\Unit\Models\Demo\DemoCodeTest::demo_code_belongs_to_election(). Metadata in doc-comments is deprecated and will no longer be supported in PHPUnit 12. Update your test code to use attributes instead.

  [30;43;1m WARN [39;49;22m Metadata found in doc-comment for method Tests\Unit\Models\Demo\DemoCodeTest::demo_code_tracks_usage(). Metadata in doc-comments is deprecated and will no longer be supported in PHPUnit 12. Update your test code to use attributes instead.

  [30;43;1m WARN [39;49;22m Metadata found in doc-comment for method Tests\Unit\Models\Demo\DemoCodeTest::demo_code_is_demo_returns_true(). Metadata in doc-comments is deprecated and will no longer be supported in PHPUnit 12. Update your test code to use attributes instead.

  [30;43;1m WARN [39;49;22m Metadata found in doc-comment for method Tests\Unit\Models\Demo\DemoCodeTest::demo_code_is_real_returns_false(). Metadata in doc-comments is deprecated and will no longer be supported in PHPUnit 12. Update your test code to use attributes instead.

  [30;43;1m WARN [39;49;22m Metadata found in doc-comment for method Tests\Unit\Models\Demo\DemoCodeTest::demo_code_scope_for_demo_election(). Metadata in doc-comments is deprecated and will no longer be supported in PHPUnit 12. Update your test code to use attributes instead.

  [30;43;1m WARN [39;49;22m Metadata found in doc-comment for method Tests\Unit\Models\Demo\DemoCodeTest::demo_code_can_be_reset(). Metadata in doc-comments is deprecated and will no longer be supported in PHPUnit 12. Update your test code to use attributes instead.

  [30;43;1m WARN [39;49;22m Metadata found in doc-comment for method Tests\Unit\Models\Demo\DemoCodeTest::demo_code_isolation_from_real_codes(). Metadata in doc-comments is deprecated and will no longer be supported in PHPUnit 12. Update your test code to use attributes instead.

  [30;43;1m WARN [39;49;22m Metadata found in doc-comment for method Tests\Unit\Models\Demo\DemoVoteTest::demo_vote_uses_demo_votes_table(). Metadata in doc-comments is deprecated and will no longer be supported in PHPUnit 12. Update your test code to use attributes instead.

  [30;43;1m WARN [39;49;22m Metadata found in doc-comment for method Tests\Unit\Models\Demo\DemoVoteTest::demo_vote_belongs_to_organisation(). Metadata in doc-comments is deprecated and will no longer be supported in PHPUnit 12. Update your test code to use attributes instead.

  [30;43;1m WARN [39;49;22m Metadata found in doc-comment for method Tests\Unit\Models\Demo\DemoVoteTest::demo_vote_belongs_to_election(). Metadata in doc-comments is deprecated and will no longer be supported in PHPUnit 12. Update your test code to use attributes instead.

  [30;43;1m WARN [39;49;22m Metadata found in doc-comment for method Tests\Unit\Models\Demo\DemoVoteTest::demo_vote_is_demo_returns_true(). Metadata in doc-comments is deprecated and will no longer be supported in PHPUnit 12. Update your test code to use attributes instead.

  [30;43;1m WARN [39;49;22m Metadata found in doc-comment for method Tests\Unit\Models\Demo\DemoVoteTest::demo_vote_is_real_returns_false(). Metadata in doc-comments is deprecated and will no longer be supported in PHPUnit 12. Update your test code to use attributes instead.

  [30;43;1m WARN [39;49;22m Metadata found in doc-comment for method Tests\Unit\Models\Demo\DemoVoteTest::demo_vote_has_no_user_relationship(). Metadata in doc-comments is deprecated and will no longer be supported in PHPUnit 12. Update your test code to use attributes instead.

  [30;43;1m WARN [39;49;22m Metadata found in doc-comment for method Tests\Unit\Models\Demo\DemoVoteTest::demo_vote_scope_for_organisation_filters(). Metadata in doc-comments is deprecated and will no longer be supported in PHPUnit 12. Update your test code to use attributes instead.

  [30;43;1m WARN [39;49;22m Metadata found in doc-comment for method Tests\Unit\Models\Demo\DemoVoteTest::demo_vote_scope_for_election_filters(). Metadata in doc-comments is deprecated and will no longer be supported in PHPUnit 12. Update your test code to use attributes instead.

  [30;43;1m WARN [39;49;22m Metadata found in doc-comment for method Tests\Unit\Models\Demo\DemoVoteTest::demo_vote_stores_candidate_selections(). Metadata in doc-comments is deprecated and will no longer be supported in PHPUnit 12. Update your test code to use attributes instead.

  [30;43;1m WARN [39;49;22m Metadata found in doc-comment for method Tests\Unit\Models\Demo\DemoVoteTest::demo_vote_isolation_from_real_votes(). Metadata in doc-comments is deprecated and will no longer be supported in PHPUnit 12. Update your test code to use attributes instead.

  [30;43;1m WARN [39;49;22m Metadata found in doc-comment for method Tests\Unit\Models\Demo\DemoVoteTest::demo_vote_scope_current_session_filters(). Metadata in doc-comments is deprecated and will no longer be supported in PHPUnit 12. Update your test code to use attributes instead.

  [30;43;1m WARN [39;49;22m Metadata found in doc-comment for method Tests\Unit\Models\Demo\DemoVoterSlugTest::demo_voter_slug_uses_demo_voter_slugs_table(). Metadata in doc-comments is deprecated and will no longer be supported in PHPUnit 12. Update your test code to use attributes instead.

  [30;43;1m WARN [39;49;22m Metadata found in doc-comment for method Tests\Unit\Models\Demo\DemoVoterSlugTest::demo_voter_slug_belongs_to_user(). Metadata in doc-comments is deprecated and will no longer be supported in PHPUnit 12. Update your test code to use attributes instead.

  [30;43;1m WARN [39;49;22m Metadata found in doc-comment for method Tests\Unit\Models\Demo\DemoVoterSlugTest::demo_voter_slug_belongs_to_election(). Metadata in doc-comments is deprecated and will no longer be supported in PHPUnit 12. Update your test code to use attributes instead.

  [30;43;1m WARN [39;49;22m Metadata found in doc-comment for method Tests\Unit\Models\Demo\DemoVoterSlugTest::demo_voter_slug_tracks_step_progress(). Metadata in doc-comments is deprecated and will no longer be supported in PHPUnit 12. Update your test code to use attributes instead.

  [30;43;1m WARN [39;49;22m Metadata found in doc-comment for method Tests\Unit\Models\Demo\DemoVoterSlugTest::demo_voter_slug_scope_for_election_filters(). Metadata in doc-comments is deprecated and will no longer be supported in PHPUnit 12. Update your test code to use attributes instead.

  [30;43;1m WARN [39;49;22m Metadata found in doc-comment for method Tests\Unit\Models\Demo\DemoVoterSlugTest::demo_voter_slug_scope_for_user_filters(). Metadata in doc-comments is deprecated and will no longer be supported in PHPUnit 12. Update your test code to use attributes instead.

  [30;43;1m WARN [39;49;22m Metadata found in doc-comment for method Tests\Unit\Models\Demo\DemoVoterSlugTest::demo_voter_slug_is_demo_returns_true(). Metadata in doc-comments is deprecated and will no longer be supported in PHPUnit 12. Update your test code to use attributes instead.

  [30;43;1m WARN [39;49;22m Metadata found in doc-comment for method Tests\Unit\Models\Demo\DemoVoterSlugTest::demo_voter_slug_isolation_from_real_slugs(). Metadata in doc-comments is deprecated and will no longer be supported in PHPUnit 12. Update your test code to use attributes instead.

  [30;43;1m WARN [39;49;22m Metadata found in doc-comment for method Tests\Unit\Models\ElectionMembershipTest::mark_as_voted_sets_has_voted_true_and_stamps_voted_at(). Metadata in doc-comments is deprecated and will no longer be supported in PHPUnit 12. Update your test code to use attributes instead.

  [30;43;1m WARN [39;49;22m Metadata found in doc-comment for method Tests\Unit\Models\ElectionMembershipTest::new_membership_defaults_has_voted_to_false(). Metadata in doc-comments is deprecated and will no longer be supported in PHPUnit 12. Update your test code to use attributes instead.

  [30;43;1m WARN [39;49;22m Metadata found in doc-comment for method Tests\Unit\Models\ElectionMembershipTest::scope_not_voted_excludes_members_who_have_voted(). Metadata in doc-comments is deprecated and will no longer be supported in PHPUnit 12. Update your test code to use attributes instead.

  [30;43;1m WARN [39;49;22m Metadata found in doc-comment for method Tests\Unit\Models\ElectionTest::election_belongs_to_organisation(). Metadata in doc-comments is deprecated and will no longer be supported in PHPUnit 12. Update your test code to use attributes instead.

  [30;43;1m WARN [39;49;22m Metadata found in doc-comment for method Tests\Unit\Models\ElectionTest::election_has_many_posts(). Metadata in doc-comments is deprecated and will no longer be supported in PHPUnit 12. Update your test code to use attributes instead.

  [30;43;1m WARN [39;49;22m Metadata found in doc-comment for method Tests\Unit\Models\ElectionTest::election_has_many_candidacies_through_posts(). Metadata in doc-comments is deprecated and will no longer be supported in PHPUnit 12. Update your test code to use attributes instead.

  [30;43;1m WARN [39;49;22m Metadata found in doc-comment for method Tests\Unit\Models\ElectionTest::election_scope_for_organisation_filters_correctly(). Metadata in doc-comments is deprecated and will no longer be supported in PHPUnit 12. Update your test code to use attributes instead.

  [30;43;1m WARN [39;49;22m Metadata found in doc-comment for method Tests\Unit\Models\ElectionTest::election_is_demo_returns_correct_boolean(). Metadata in doc-comments is deprecated and will no longer be supported in PHPUnit 12. Update your test code to use attributes instead.

  [30;43;1m WARN [39;49;22m Metadata found in doc-comment for method Tests\Unit\Models\ElectionTest::election_is_real_returns_correct_boolean(). Metadata in doc-comments is deprecated and will no longer be supported in PHPUnit 12. Update your test code to use attributes instead.

  [30;43;1m WARN [39;49;22m Metadata found in doc-comment for method Tests\Unit\Models\ElectionTest::election_is_currently_active_checks_dates_and_flag(). Metadata in doc-comments is deprecated and will no longer be supported in PHPUnit 12. Update your test code to use attributes instead.

  [30;43;1m WARN [39;49;22m Metadata found in doc-comment for method Tests\Unit\Models\ElectionTest::election_with_essential_relations_scope_loads_data(). Metadata in doc-comments is deprecated and will no longer be supported in PHPUnit 12. Update your test code to use attributes instead.

  [30;43;1m WARN [39;49;22m Metadata found in doc-comment for method Tests\Unit\Models\MemberTest::can_self_renew_within_30_days_before_expiry(). Metadata in doc-comments is deprecated and will no longer be supported in PHPUnit 12. Update your test code to use attributes instead.

  [30;43;1m WARN [39;49;22m Metadata found in doc-comment for method Tests\Unit\Models\MemberTest::can_self_renew_within_90_days_after_expiry(). Metadata in doc-comments is deprecated and will no longer be supported in PHPUnit 12. Update your test code to use attributes instead.

  [30;43;1m WARN [39;49;22m Metadata found in doc-comment for method Tests\Unit\Models\MemberTest::cannot_self_renew_91_days_after_expiry(). Metadata in doc-comments is deprecated and will no longer be supported in PHPUnit 12. Update your test code to use attributes instead.

  [30;43;1m WARN [39;49;22m Metadata found in doc-comment for method Tests\Unit\Models\MemberTest::lifetime_member_cannot_self_renew(). Metadata in doc-comments is deprecated and will no longer be supported in PHPUnit 12. Update your test code to use attributes instead.

  [30;43;1m WARN [39;49;22m Metadata found in doc-comment for method Tests\Unit\Models\MemberTest::ended_member_cannot_self_renew(). Metadata in doc-comments is deprecated and will no longer be supported in PHPUnit 12. Update your test code to use attributes instead.

  [30;43;1m WARN [39;49;22m Metadata found in doc-comment for method Tests\Unit\Models\MemberTest::end_membership_sets_status_ended_with_reason(). Metadata in doc-comments is deprecated and will no longer be supported in PHPUnit 12. Update your test code to use attributes instead.

  [30;43;1m WARN [39;49;22m Metadata found in doc-comment for method Tests\Unit\Models\MemberTest::end_membership_waives_pending_fees(). Metadata in doc-comments is deprecated and will no longer be supported in PHPUnit 12. Update your test code to use attributes instead.

  [30;43;1m WARN [39;49;22m Metadata found in doc-comment for method Tests\Unit\Models\MemberTest::end_membership_removes_from_active_elections(). Metadata in doc-comments is deprecated and will no longer be supported in PHPUnit 12. Update your test code to use attributes instead.

  [30;43;1m WARN [39;49;22m Metadata found in doc-comment for method Tests\Unit\Models\MembershipApplicationTest::it_belongs_to_an_organisation(). Metadata in doc-comments is deprecated and will no longer be supported in PHPUnit 12. Update your test code to use attributes instead.

  [30;43;1m WARN [39;49;22m Metadata found in doc-comment for method Tests\Unit\Models\MembershipApplicationTest::it_belongs_to_a_user(). Metadata in doc-comments is deprecated and will no longer be supported in PHPUnit 12. Update your test code to use attributes instead.

  [30;43;1m WARN [39;49;22m Metadata found in doc-comment for method Tests\Unit\Models\MembershipApplicationTest::it_belongs_to_a_membership_type(). Metadata in doc-comments is deprecated and will no longer be supported in PHPUnit 12. Update your test code to use attributes instead.

  [30;43;1m WARN [39;49;22m Metadata found in doc-comment for method Tests\Unit\Models\MembershipApplicationTest::it_is_pending_when_status_is_submitted(). Metadata in doc-comments is deprecated and will no longer be supported in PHPUnit 12. Update your test code to use attributes instead.

  [30;43;1m WARN [39;49;22m Metadata found in doc-comment for method Tests\Unit\Models\MembershipApplicationTest::it_is_pending_when_status_is_under_review(). Metadata in doc-comments is deprecated and will no longer be supported in PHPUnit 12. Update your test code to use attributes instead.

  [30;43;1m WARN [39;49;22m Metadata found in doc-comment for method Tests\Unit\Models\MembershipApplicationTest::it_is_not_pending_when_approved(). Metadata in doc-comments is deprecated and will no longer be supported in PHPUnit 12. Update your test code to use attributes instead.

  [30;43;1m WARN [39;49;22m Metadata found in doc-comment for method Tests\Unit\Models\MembershipApplicationTest::it_is_expired_when_expires_at_is_in_the_past(). Metadata in doc-comments is deprecated and will no longer be supported in PHPUnit 12. Update your test code to use attributes instead.

  [30;43;1m WARN [39;49;22m Metadata found in doc-comment for method Tests\Unit\Models\MembershipApplicationTest::it_is_not_expired_when_expires_at_is_in_the_future(). Metadata in doc-comments is deprecated and will no longer be supported in PHPUnit 12. Update your test code to use attributes instead.

  [30;43;1m WARN [39;49;22m Metadata found in doc-comment for method Tests\Unit\Models\MembershipApplicationTest::user_cannot_have_two_pending_applications_for_same_org(). Metadata in doc-comments is deprecated and will no longer be supported in PHPUnit 12. Update your test code to use attributes instead.

  [30;43;1m WARN [39;49;22m Metadata found in doc-comment for method Tests\Unit\Models\MembershipApplicationTest::it_soft_deletes(). Metadata in doc-comments is deprecated and will no longer be supported in PHPUnit 12. Update your test code to use attributes instead.

  [30;43;1m WARN [39;49;22m Metadata found in doc-comment for method Tests\Unit\Models\MembershipFeeTest::it_belongs_to_a_member(). Metadata in doc-comments is deprecated and will no longer be supported in PHPUnit 12. Update your test code to use attributes instead.

  [30;43;1m WARN [39;49;22m Metadata found in doc-comment for method Tests\Unit\Models\MembershipFeeTest::fee_amount_snapshot_is_stored_at_time_of_creation(). Metadata in doc-comments is deprecated and will no longer be supported in PHPUnit 12. Update your test code to use attributes instead.

  [30;43;1m WARN [39;49;22m Metadata found in doc-comment for method Tests\Unit\Models\MembershipFeeTest::overdue_scope_returns_past_due_pending_fees(). Metadata in doc-comments is deprecated and will no longer be supported in PHPUnit 12. Update your test code to use attributes instead.

  [30;43;1m WARN [39;49;22m Metadata found in doc-comment for method Tests\Unit\Models\MembershipFeeTest::paid_scope_filters_correctly(). Metadata in doc-comments is deprecated and will no longer be supported in PHPUnit 12. Update your test code to use attributes instead.

  [30;43;1m WARN [39;49;22m Metadata found in doc-comment for method Tests\Unit\Models\MembershipFeeTest::idempotency_key_must_be_unique(). Metadata in doc-comments is deprecated and will no longer be supported in PHPUnit 12. Update your test code to use attributes instead.

  [30;43;1m WARN [39;49;22m Metadata found in doc-comment for method Tests\Unit\Models\MembershipRenewalTest::it_belongs_to_a_member(). Metadata in doc-comments is deprecated and will no longer be supported in PHPUnit 12. Update your test code to use attributes instead.

  [30;43;1m WARN [39;49;22m Metadata found in doc-comment for method Tests\Unit\Models\MembershipRenewalTest::it_belongs_to_renewed_by_user(). Metadata in doc-comments is deprecated and will no longer be supported in PHPUnit 12. Update your test code to use attributes instead.

  [30;43;1m WARN [39;49;22m Metadata found in doc-comment for method Tests\Unit\Models\MembershipRenewalTest::it_belongs_to_a_membership_type(). Metadata in doc-comments is deprecated and will no longer be supported in PHPUnit 12. Update your test code to use attributes instead.

  [30;43;1m WARN [39;49;22m Metadata found in doc-comment for method Tests\Unit\Models\MembershipRenewalTest::new_expires_at_is_after_old_expires_at(). Metadata in doc-comments is deprecated and will no longer be supported in PHPUnit 12. Update your test code to use attributes instead.

  [30;43;1m WARN [39;49;22m Metadata found in doc-comment for method Tests\Unit\Models\MembershipRenewalTest::it_links_to_a_membership_fee(). Metadata in doc-comments is deprecated and will no longer be supported in PHPUnit 12. Update your test code to use attributes instead.

  [30;43;1m WARN [39;49;22m Metadata found in doc-comment for method Tests\Unit\Models\MembershipRenewalTest::fee_link_is_optional(). Metadata in doc-comments is deprecated and will no longer be supported in PHPUnit 12. Update your test code to use attributes instead.

  [30;43;1m WARN [39;49;22m Metadata found in doc-comment for method Tests\Unit\Models\MembershipTypeTest::it_belongs_to_an_organisation(). Metadata in doc-comments is deprecated and will no longer be supported in PHPUnit 12. Update your test code to use attributes instead.

  [30;43;1m WARN [39;49;22m Metadata found in doc-comment for method Tests\Unit\Models\MembershipTypeTest::active_scope_filters_out_inactive_types(). Metadata in doc-comments is deprecated and will no longer be supported in PHPUnit 12. Update your test code to use attributes instead.

  [30;43;1m WARN [39;49;22m Metadata found in doc-comment for method Tests\Unit\Models\MembershipTypeTest::it_is_lifetime_when_duration_months_is_null(). Metadata in doc-comments is deprecated and will no longer be supported in PHPUnit 12. Update your test code to use attributes instead.

  [30;43;1m WARN [39;49;22m Metadata found in doc-comment for method Tests\Unit\Models\MembershipTypeTest::it_is_not_lifetime_when_duration_months_is_set(). Metadata in doc-comments is deprecated and will no longer be supported in PHPUnit 12. Update your test code to use attributes instead.

  [30;43;1m WARN [39;49;22m Metadata found in doc-comment for method Tests\Unit\Models\MembershipTypeTest::slug_must_be_unique_per_organisation(). Metadata in doc-comments is deprecated and will no longer be supported in PHPUnit 12. Update your test code to use attributes instead.

  [30;43;1m WARN [39;49;22m Metadata found in doc-comment for method Tests\Unit\Models\MembershipTypeTest::different_organisations_can_have_same_slug(). Metadata in doc-comments is deprecated and will no longer be supported in PHPUnit 12. Update your test code to use attributes instead.

  [30;43;1m WARN [39;49;22m Metadata found in doc-comment for method Tests\Unit\Models\MembershipTypeTest::it_soft_deletes(). Metadata in doc-comments is deprecated and will no longer be supported in PHPUnit 12. Update your test code to use attributes instead.

  [30;43;1m WARN [39;49;22m Metadata found in doc-comment for method Tests\Unit\Models\OrganisationTest::organisation_has_many_elections(). Metadata in doc-comments is deprecated and will no longer be supported in PHPUnit 12. Update your test code to use attributes instead.

  [30;43;1m WARN [39;49;22m Metadata found in doc-comment for method Tests\Unit\Models\OrganisationTest::organisation_has_many_posts(). Metadata in doc-comments is deprecated and will no longer be supported in PHPUnit 12. Update your test code to use attributes instead.

  [30;43;1m WARN [39;49;22m Metadata found in doc-comment for method Tests\Unit\Models\OrganisationTest::organisation_has_many_user_organisation_roles(). Metadata in doc-comments is deprecated and will no longer be supported in PHPUnit 12. Update your test code to use attributes instead.

  [30;43;1m WARN [39;49;22m Metadata found in doc-comment for method Tests\Unit\Models\OrganisationTest::organisation_belongs_to_many_users_via_pivot(). Metadata in doc-comments is deprecated and will no longer be supported in PHPUnit 12. Update your test code to use attributes instead.

  [30;43;1m WARN [39;49;22m Metadata found in doc-comment for method Tests\Unit\Models\OrganisationTest::organisation_is_platform_returns_correct_boolean(). Metadata in doc-comments is deprecated and will no longer be supported in PHPUnit 12. Update your test code to use attributes instead.

  [30;43;1m WARN [39;49;22m Metadata found in doc-comment for method Tests\Unit\Models\OrganisationTest::organisation_is_tenant_returns_correct_boolean(). Metadata in doc-comments is deprecated and will no longer be supported in PHPUnit 12. Update your test code to use attributes instead.

  [30;43;1m WARN [39;49;22m Metadata found in doc-comment for method Tests\Unit\Models\OrganisationTest::organisation_get_default_platform_returns_platform_org(). Metadata in doc-comments is deprecated and will no longer be supported in PHPUnit 12. Update your test code to use attributes instead.

  [30;43;1m WARN [39;49;22m Metadata found in doc-comment for method Tests\Unit\Models\OrganisationTest::organisation_users_pivot_includes_role(). Metadata in doc-comments is deprecated and will no longer be supported in PHPUnit 12. Update your test code to use attributes instead.

  [30;43;1m WARN [39;49;22m Metadata found in doc-comment for method Tests\Unit\Models\PostTest::post_belongs_to_organisation(). Metadata in doc-comments is deprecated and will no longer be supported in PHPUnit 12. Update your test code to use attributes instead.

  [30;43;1m WARN [39;49;22m Metadata found in doc-comment for method Tests\Unit\Models\PostTest::post_belongs_to_election(). Metadata in doc-comments is deprecated and will no longer be supported in PHPUnit 12. Update your test code to use attributes instead.

  [30;43;1m WARN [39;49;22m Metadata found in doc-comment for method Tests\Unit\Models\PostTest::post_has_many_candidacies(). Metadata in doc-comments is deprecated and will no longer be supported in PHPUnit 12. Update your test code to use attributes instead.

  [30;43;1m WARN [39;49;22m Metadata found in doc-comment for method Tests\Unit\Models\PostTest::post_scope_for_organisation_filters_correctly(). Metadata in doc-comments is deprecated and will no longer be supported in PHPUnit 12. Update your test code to use attributes instead.

  [30;43;1m WARN [39;49;22m Metadata found in doc-comment for method Tests\Unit\Models\PostTest::post_scope_for_election_filters_correctly(). Metadata in doc-comments is deprecated and will no longer be supported in PHPUnit 12. Update your test code to use attributes instead.

  [30;43;1m WARN [39;49;22m Metadata found in doc-comment for method Tests\Unit\Models\ResultTest::result_belongs_to_vote(). Metadata in doc-comments is deprecated and will no longer be supported in PHPUnit 12. Update your test code to use attributes instead.

  [30;43;1m WARN [39;49;22m Metadata found in doc-comment for method Tests\Unit\Models\ResultTest::result_belongs_to_election(). Metadata in doc-comments is deprecated and will no longer be supported in PHPUnit 12. Update your test code to use attributes instead.

  [30;43;1m WARN [39;49;22m Metadata found in doc-comment for method Tests\Unit\Models\ResultTest::result_belongs_to_post(). Metadata in doc-comments is deprecated and will no longer be supported in PHPUnit 12. Update your test code to use attributes instead.

  [30;43;1m WARN [39;49;22m Metadata found in doc-comment for method Tests\Unit\Models\ResultTest::result_has_NO_user_relationship(). Metadata in doc-comments is deprecated and will no longer be supported in PHPUnit 12. Update your test code to use attributes instead.

  [30;43;1m WARN [39;49;22m Metadata found in doc-comment for method Tests\Unit\Models\ResultTest::result_scope_for_organisation_filters(). Metadata in doc-comments is deprecated and will no longer be supported in PHPUnit 12. Update your test code to use attributes instead.

  [30;43;1m WARN [39;49;22m Metadata found in doc-comment for method Tests\Unit\Models\ResultTest::result_scope_for_election_filters(). Metadata in doc-comments is deprecated and will no longer be supported in PHPUnit 12. Update your test code to use attributes instead.

  [30;43;1m WARN [39;49;22m Metadata found in doc-comment for method Tests\Unit\Models\UserOrganisationRoleTest::user_organisation_role_belongs_to_user(). Metadata in doc-comments is deprecated and will no longer be supported in PHPUnit 12. Update your test code to use attributes instead.

  [30;43;1m WARN [39;49;22m Metadata found in doc-comment for method Tests\Unit\Models\UserOrganisationRoleTest::user_organisation_role_belongs_to_organisation(). Metadata in doc-comments is deprecated and will no longer be supported in PHPUnit 12. Update your test code to use attributes instead.

  [30;43;1m WARN [39;49;22m Metadata found in doc-comment for method Tests\Unit\Models\UserOrganisationRoleTest::user_organisation_role_scope_with_role_filters_correctly(). Metadata in doc-comments is deprecated and will no longer be supported in PHPUnit 12. Update your test code to use attributes instead.

  [30;43;1m WARN [39;49;22m Metadata found in doc-comment for method Tests\Unit\Models\UserOrganisationRoleTest::unique_constraint_prevents_duplicate_user_org_pair(). Metadata in doc-comments is deprecated and will no longer be supported in PHPUnit 12. Update your test code to use attributes instead.

  [30;43;1m WARN [39;49;22m Metadata found in doc-comment for method Tests\Unit\Models\UserTest::user_belongs_to_current_organisation(). Metadata in doc-comments is deprecated and will no longer be supported in PHPUnit 12. Update your test code to use attributes instead.

  [30;43;1m WARN [39;49;22m Metadata found in doc-comment for method Tests\Unit\Models\UserTest::user_belongs_to_many_organisations_via_pivot(). Metadata in doc-comments is deprecated and will no longer be supported in PHPUnit 12. Update your test code to use attributes instead.

  [30;43;1m WARN [39;49;22m Metadata found in doc-comment for method Tests\Unit\Models\UserTest::user_has_many_organisation_roles(). Metadata in doc-comments is deprecated and will no longer be supported in PHPUnit 12. Update your test code to use attributes instead.

  [30;43;1m WARN [39;49;22m Metadata found in doc-comment for method Tests\Unit\Models\UserTest::user_has_many_candidacies(). Metadata in doc-comments is deprecated and will no longer be supported in PHPUnit 12. Update your test code to use attributes instead.

  [30;43;1m WARN [39;49;22m Metadata found in doc-comment for method Tests\Unit\Models\UserTest::user_has_no_direct_vote_relationship(). Metadata in doc-comments is deprecated and will no longer be supported in PHPUnit 12. Update your test code to use attributes instead.

  [30;43;1m WARN [39;49;22m Metadata found in doc-comment for method Tests\Unit\Models\UserTest::user_has_no_direct_result_relationship(). Metadata in doc-comments is deprecated and will no longer be supported in PHPUnit 12. Update your test code to use attributes instead.

  [30;43;1m WARN [39;49;22m Metadata found in doc-comment for method Tests\Unit\Models\VoteTest::vote_belongs_to_election(). Metadata in doc-comments is deprecated and will no longer be supported in PHPUnit 12. Update your test code to use attributes instead.

  [30;43;1m WARN [39;49;22m Metadata found in doc-comment for method Tests\Unit\Models\VoteTest::vote_belongs_to_organisation(). Metadata in doc-comments is deprecated and will no longer be supported in PHPUnit 12. Update your test code to use attributes instead.

  [30;43;1m WARN [39;49;22m Metadata found in doc-comment for method Tests\Unit\Models\VoteTest::vote_has_NO_user_relationship(). Metadata in doc-comments is deprecated and will no longer be supported in PHPUnit 12. Update your test code to use attributes instead.

  [30;43;1m WARN [39;49;22m Metadata found in doc-comment for method Tests\Unit\Models\VoteTest::vote_has_NO_voter_slug_relationship(). Metadata in doc-comments is deprecated and will no longer be supported in PHPUnit 12. Update your test code to use attributes instead.

  [30;43;1m WARN [39;49;22m Metadata found in doc-comment for method Tests\Unit\Models\VoteTest::vote_has_NO_code_relationship(). Metadata in doc-comments is deprecated and will no longer be supported in PHPUnit 12. Update your test code to use attributes instead.

  [30;43;1m WARN [39;49;22m Metadata found in doc-comment for method Tests\Unit\Models\VoteTest::vote_scope_for_election_filters(). Metadata in doc-comments is deprecated and will no longer be supported in PHPUnit 12. Update your test code to use attributes instead.

  [30;43;1m WARN [39;49;22m Metadata found in doc-comment for method Tests\Unit\Models\VoteTest::vote_scope_for_organisation_filters(). Metadata in doc-comments is deprecated and will no longer be supported in PHPUnit 12. Update your test code to use attributes instead.

  [30;43;1m WARN [39;49;22m Metadata found in doc-comment for method Tests\Unit\Models\VoteTest::vote_voting_code_is_unique(). Metadata in doc-comments is deprecated and will no longer be supported in PHPUnit 12. Update your test code to use attributes instead.

  [30;43;1m WARN [39;49;22m Metadata found in doc-comment for method Tests\Unit\Models\VoteTest::vote_cannot_be_linked_to_user(). Metadata in doc-comments is deprecated and will no longer be supported in PHPUnit 12. Update your test code to use attributes instead.

  [30;43;1m WARN [39;49;22m Metadata found in doc-comment for method Tests\Unit\Models\VoteTest::vote_anonymity_verified_by_code(). Metadata in doc-comments is deprecated and will no longer be supported in PHPUnit 12. Update your test code to use attributes instead.

  [30;43;1m WARN [39;49;22m Metadata found in doc-comment for method Tests\Unit\Models\VoteTest::vote_has_receipt_hash_for_verification(). Metadata in doc-comments is deprecated and will no longer be supported in PHPUnit 12. Update your test code to use attributes instead.

  [30;43;1m WARN [39;49;22m Metadata found in doc-comment for method Tests\Unit\Models\VoteTest::vote_has_participation_proof_for_admin_verification(). Metadata in doc-comments is deprecated and will no longer be supported in PHPUnit 12. Update your test code to use attributes instead.

  [30;43;1m WARN [39;49;22m Metadata found in doc-comment for method Tests\Unit\Models\VoteTest::vote_can_store_encrypted_vote_data(). Metadata in doc-comments is deprecated and will no longer be supported in PHPUnit 12. Update your test code to use attributes instead.

  [30;43;1m WARN [39;49;22m Metadata found in doc-comment for method Tests\Unit\Models\VoteTest::vote_can_verify_by_receipt(). Metadata in doc-comments is deprecated and will no longer be supported in PHPUnit 12. Update your test code to use attributes instead.

  [30;43;1m WARN [39;49;22m Metadata found in doc-comment for method Tests\Unit\Models\VoteTest::vote_can_prove_participation(). Metadata in doc-comments is deprecated and will no longer be supported in PHPUnit 12. Update your test code to use attributes instead.

  [30;43;1m WARN [39;49;22m Metadata found in doc-comment for method Tests\Unit\Models\VoteTest::vote_has_device_fingerprint_for_fraud_detection(). Metadata in doc-comments is deprecated and will no longer be supported in PHPUnit 12. Update your test code to use attributes instead.

  [30;43;1m WARN [39;49;22m Metadata found in doc-comment for method Tests\Unit\Models\VoteTest::vote_can_detect_duplicate_device(). Metadata in doc-comments is deprecated and will no longer be supported in PHPUnit 12. Update your test code to use attributes instead.

  [30;43;1m WARN [39;49;22m Metadata found in doc-comment for method Tests\Unit\Models\VoterSlugTest::voter_slug_belongs_to_user(). Metadata in doc-comments is deprecated and will no longer be supported in PHPUnit 12. Update your test code to use attributes instead.

  [30;43;1m WARN [39;49;22m Metadata found in doc-comment for method Tests\Unit\Models\VoterSlugTest::voter_slug_belongs_to_election(). Metadata in doc-comments is deprecated and will no longer be supported in PHPUnit 12. Update your test code to use attributes instead.

  [30;43;1m WARN [39;49;22m Metadata found in doc-comment for method Tests\Unit\Models\VoterSlugTest::voter_slug_belongs_to_organisation(). Metadata in doc-comments is deprecated and will no longer be supported in PHPUnit 12. Update your test code to use attributes instead.

  [30;43;1m WARN [39;49;22m Metadata found in doc-comment for method Tests\Unit\Models\VoterSlugTest::voter_slug_has_unique_slug_per_election(). Metadata in doc-comments is deprecated and will no longer be supported in PHPUnit 12. Update your test code to use attributes instead.

  [30;43;1m WARN [39;49;22m Metadata found in doc-comment for method Tests\Unit\Models\VoterSlugTest::voter_slug_scope_for_organisation(). Metadata in doc-comments is deprecated and will no longer be supported in PHPUnit 12. Update your test code to use attributes instead.

  [30;43;1m WARN [39;49;22m Metadata found in doc-comment for method Tests\Unit\Models\VoterSlugTest::voter_slug_scope_for_election(). Metadata in doc-comments is deprecated and will no longer be supported in PHPUnit 12. Update your test code to use attributes instead.

  [30;43;1m WARN [39;49;22m Metadata found in doc-comment for method Tests\Unit\Models\VoterSlugTest::voter_slug_tracks_current_step(). Metadata in doc-comments is deprecated and will no longer be supported in PHPUnit 12. Update your test code to use attributes instead.

  [30;43;1m WARN [39;49;22m Metadata found in doc-comment for method Tests\Unit\Models\VoterSlugTest::voter_slug_one_way_relationship_to_votes(). Metadata in doc-comments is deprecated and will no longer be supported in PHPUnit 12. Update your test code to use attributes instead.

  [30;43;1m WARN [39;49;22m Metadata found in doc-comment for method Tests\Unit\NoVoteOptionDatabaseStorageTest::demo_vote_with_no_vote_true_saves_true_to_database(). Metadata in doc-comments is deprecated and will no longer be supported in PHPUnit 12. Update your test code to use attributes instead.

  [30;43;1m WARN [39;49;22m Metadata found in doc-comment for class Tests\Unit\NoVoteOptionDatabaseStorageTest. Metadata in doc-comments is deprecated and will no longer be supported in PHPUnit 12. Update your test code to use attributes instead.

  [30;43;1m WARN [39;49;22m Metadata found in doc-comment for method Tests\Unit\NoVoteOptionDatabaseStorageTest::can_query_votes_by_no_vote_status(). Metadata in doc-comments is deprecated and will no longer be supported in PHPUnit 12. Update your test code to use attributes instead.

  [30;43;1m WARN [39;49;22m Metadata found in doc-comment for method Tests\Unit\NoVoteOptionDatabaseStorageTest::save_vote_method_respects_no_vote_option_from_input(). Metadata in doc-comments is deprecated and will no longer be supported in PHPUnit 12. Update your test code to use attributes instead.

  [30;43;1m WARN [39;49;22m Metadata found in doc-comment for method Tests\Unit\OrganisationStandardizationTest::all_tables_use_correct_column_name(). Metadata in doc-comments is deprecated and will no longer be supported in PHPUnit 12. Update your test code to use attributes instead.

  [30;43;1m WARN [39;49;22m Metadata found in doc-comment for method Tests\Unit\OrganisationStandardizationTest::no_duplicate_organization_columns(). Metadata in doc-comments is deprecated and will no longer be supported in PHPUnit 12. Update your test code to use attributes instead.

  [30;43;1m WARN [39;49;22m Metadata found in doc-comment for method Tests\Unit\OrganisationStandardizationTest::user_model_can_access_organisation_relationship(). Metadata in doc-comments is deprecated and will no longer be supported in PHPUnit 12. Update your test code to use attributes instead.

  [30;43;1m WARN [39;49;22m Metadata found in doc-comment for method Tests\Unit\OrganisationStandardizationTest::election_model_can_access_organisation_relationship(). Metadata in doc-comments is deprecated and will no longer be supported in PHPUnit 12. Update your test code to use attributes instead.

  [30;43;1m WARN [39;49;22m Metadata found in doc-comment for method Tests\Unit\OrganisationStandardizationTest::creating_model_with_org_id_gets_normalized(). Metadata in doc-comments is deprecated and will no longer be supported in PHPUnit 12. Update your test code to use attributes instead.

  [30;43;1m WARN [39;49;22m Metadata found in doc-comment for method Tests\Unit\OrganisationStandardizationTest::organisation_id_column_is_not_nullable(). Metadata in doc-comments is deprecated and will no longer be supported in PHPUnit 12. Update your test code to use attributes instead.

  [30;43;1m WARN [39;49;22m Metadata found in doc-comment for method Tests\Unit\OrganisationStandardizationTest::organisation_id_default_is_zero(). Metadata in doc-comments is deprecated and will no longer be supported in PHPUnit 12. Update your test code to use attributes instead.

  [30;43;1m WARN [39;49;22m Metadata found in doc-comment for method Tests\Unit\OrganisationStandardizationTest::for_organisation_scope_works_correctly(). Metadata in doc-comments is deprecated and will no longer be supported in PHPUnit 12. Update your test code to use attributes instead.

  [30;43;1m WARN [39;49;22m Metadata found in doc-comment for method Tests\Unit\OrganisationStandardizationTest::include_platform_scope_works_correctly(). Metadata in doc-comments is deprecated and will no longer be supported in PHPUnit 12. Update your test code to use attributes instead.

  [30;43;1m WARN [39;49;22m Metadata found in doc-comment for method Tests\Unit\Policies\MembershipPolicyTest::owner_can_view_applications(). Metadata in doc-comments is deprecated and will no longer be supported in PHPUnit 12. Update your test code to use attributes instead.

  [30;43;1m WARN [39;49;22m Metadata found in doc-comment for method Tests\Unit\Policies\MembershipPolicyTest::admin_can_view_applications(). Metadata in doc-comments is deprecated and will no longer be supported in PHPUnit 12. Update your test code to use attributes instead.

  [30;43;1m WARN [39;49;22m Metadata found in doc-comment for method Tests\Unit\Policies\MembershipPolicyTest::commission_can_view_applications(). Metadata in doc-comments is deprecated and will no longer be supported in PHPUnit 12. Update your test code to use attributes instead.

  [30;43;1m WARN [39;49;22m Metadata found in doc-comment for method Tests\Unit\Policies\MembershipPolicyTest::voter_cannot_view_applications(). Metadata in doc-comments is deprecated and will no longer be supported in PHPUnit 12. Update your test code to use attributes instead.

  [30;43;1m WARN [39;49;22m Metadata found in doc-comment for method Tests\Unit\Policies\MembershipPolicyTest::member_cannot_view_applications(). Metadata in doc-comments is deprecated and will no longer be supported in PHPUnit 12. Update your test code to use attributes instead.

  [30;43;1m WARN [39;49;22m Metadata found in doc-comment for method Tests\Unit\Policies\MembershipPolicyTest::owner_can_approve_applications(). Metadata in doc-comments is deprecated and will no longer be supported in PHPUnit 12. Update your test code to use attributes instead.

  [30;43;1m WARN [39;49;22m Metadata found in doc-comment for method Tests\Unit\Policies\MembershipPolicyTest::admin_can_approve_applications(). Metadata in doc-comments is deprecated and will no longer be supported in PHPUnit 12. Update your test code to use attributes instead.

  [30;43;1m WARN [39;49;22m Metadata found in doc-comment for method Tests\Unit\Policies\MembershipPolicyTest::commission_cannot_approve_applications(). Metadata in doc-comments is deprecated and will no longer be supported in PHPUnit 12. Update your test code to use attributes instead.

  [30;43;1m WARN [39;49;22m Metadata found in doc-comment for method Tests\Unit\Policies\MembershipPolicyTest::voter_cannot_approve_applications(). Metadata in doc-comments is deprecated and will no longer be supported in PHPUnit 12. Update your test code to use attributes instead.

  [30;43;1m WARN [39;49;22m Metadata found in doc-comment for method Tests\Unit\Policies\MembershipPolicyTest::owner_can_reject_applications(). Metadata in doc-comments is deprecated and will no longer be supported in PHPUnit 12. Update your test code to use attributes instead.

  [30;43;1m WARN [39;49;22m Metadata found in doc-comment for method Tests\Unit\Policies\MembershipPolicyTest::admin_can_reject_applications(). Metadata in doc-comments is deprecated and will no longer be supported in PHPUnit 12. Update your test code to use attributes instead.

  [30;43;1m WARN [39;49;22m Metadata found in doc-comment for method Tests\Unit\Policies\MembershipPolicyTest::commission_cannot_reject_applications(). Metadata in doc-comments is deprecated and will no longer be supported in PHPUnit 12. Update your test code to use attributes instead.

  [30;43;1m WARN [39;49;22m Metadata found in doc-comment for method Tests\Unit\Policies\MembershipPolicyTest::owner_can_manage_membership_types(). Metadata in doc-comments is deprecated and will no longer be supported in PHPUnit 12. Update your test code to use attributes instead.

  [30;43;1m WARN [39;49;22m Metadata found in doc-comment for method Tests\Unit\Policies\MembershipPolicyTest::admin_cannot_manage_membership_types(). Metadata in doc-comments is deprecated and will no longer be supported in PHPUnit 12. Update your test code to use attributes instead.

  [30;43;1m WARN [39;49;22m Metadata found in doc-comment for method Tests\Unit\Policies\MembershipPolicyTest::commission_cannot_manage_membership_types(). Metadata in doc-comments is deprecated and will no longer be supported in PHPUnit 12. Update your test code to use attributes instead.

  [30;43;1m WARN [39;49;22m Metadata found in doc-comment for method Tests\Unit\Policies\MembershipPolicyTest::owner_can_record_fee_payment(). Metadata in doc-comments is deprecated and will no longer be supported in PHPUnit 12. Update your test code to use attributes instead.

  [30;43;1m WARN [39;49;22m Metadata found in doc-comment for method Tests\Unit\Policies\MembershipPolicyTest::admin_can_record_fee_payment(). Metadata in doc-comments is deprecated and will no longer be supported in PHPUnit 12. Update your test code to use attributes instead.

  [30;43;1m WARN [39;49;22m Metadata found in doc-comment for method Tests\Unit\Policies\MembershipPolicyTest::commission_cannot_record_fee_payment(). Metadata in doc-comments is deprecated and will no longer be supported in PHPUnit 12. Update your test code to use attributes instead.

  [30;43;1m WARN [39;49;22m Metadata found in doc-comment for method Tests\Unit\Policies\MembershipPolicyTest::member_cannot_record_fee_payment(). Metadata in doc-comments is deprecated and will no longer be supported in PHPUnit 12. Update your test code to use attributes instead.

  [30;43;1m WARN [39;49;22m Metadata found in doc-comment for method Tests\Unit\Policies\MembershipPolicyTest::owner_can_initiate_renewal(). Metadata in doc-comments is deprecated and will no longer be supported in PHPUnit 12. Update your test code to use attributes instead.

  [30;43;1m WARN [39;49;22m Metadata found in doc-comment for method Tests\Unit\Policies\MembershipPolicyTest::admin_can_initiate_renewal(). Metadata in doc-comments is deprecated and will no longer be supported in PHPUnit 12. Update your test code to use attributes instead.

  [30;43;1m WARN [39;49;22m Metadata found in doc-comment for method Tests\Unit\Policies\MembershipPolicyTest::commission_cannot_initiate_renewal(). Metadata in doc-comments is deprecated and will no longer be supported in PHPUnit 12. Update your test code to use attributes instead.

  [30;43;1m WARN [39;49;22m Metadata found in doc-comment for method Tests\Unit\Policies\MembershipPolicyTest::member_can_initiate_own_renewal(). Metadata in doc-comments is deprecated and will no longer be supported in PHPUnit 12. Update your test code to use attributes instead.

  [30;43;1m WARN [39;49;22m Metadata found in doc-comment for method Tests\Unit\Policies\MembershipPolicyTest::member_cannot_initiate_renewal_for_others(). Metadata in doc-comments is deprecated and will no longer be supported in PHPUnit 12. Update your test code to use attributes instead.

  [30;43;1m WARN [39;49;22m Metadata found in doc-comment for method Tests\Unit\Policies\MembershipPolicyTest::admin_of_other_org_cannot_view_applications(). Metadata in doc-comments is deprecated and will no longer be supported in PHPUnit 12. Update your test code to use attributes instead.

  [30;43;1m WARN [39;49;22m Metadata found in doc-comment for method Tests\Unit\Services\DemoElectionCreationServiceTest::test_creates_election_with_correct_organisation_id(). Metadata in doc-comments is deprecated and will no longer be supported in PHPUnit 12. Update your test code to use attributes instead.

  [30;43;1m WARN [39;49;22m Metadata found in doc-comment for method Tests\Unit\Services\DemoElectionCreationServiceTest::test_creates_national_posts_with_candidates(). Metadata in doc-comments is deprecated and will no longer be supported in PHPUnit 12. Update your test code to use attributes instead.

  [30;43;1m WARN [39;49;22m Metadata found in doc-comment for method Tests\Unit\Services\DemoElectionCreationServiceTest::test_creates_regional_posts_for_europe(). Metadata in doc-comments is deprecated and will no longer be supported in PHPUnit 12. Update your test code to use attributes instead.

  [30;43;1m WARN [39;49;22m Metadata found in doc-comment for method Tests\Unit\Services\DemoElectionResolverTest::returns_org_specific_demo_when_user_has_org_and_org_demo_exists(). Metadata in doc-comments is deprecated and will no longer be supported in PHPUnit 12. Update your test code to use attributes instead.

  [30;43;1m WARN [39;49;22m Metadata found in doc-comment for method Tests\Unit\Services\DemoElectionResolverTest::returns_platform_demo_when_user_has_org_but_no_org_specific_demo(). Metadata in doc-comments is deprecated and will no longer be supported in PHPUnit 12. Update your test code to use attributes instead.

  [30;43;1m WARN [39;49;22m Metadata found in doc-comment for method Tests\Unit\Services\DemoElectionResolverTest::returns_null_when_user_has_org_but_no_demos_exist(). Metadata in doc-comments is deprecated and will no longer be supported in PHPUnit 12. Update your test code to use attributes instead.

  [30;43;1m WARN [39;49;22m Metadata found in doc-comment for method Tests\Unit\Services\DemoElectionResolverTest::returns_platform_demo_for_default_user_when_platform_demo_exists(). Metadata in doc-comments is deprecated and will no longer be supported in PHPUnit 12. Update your test code to use attributes instead.

  [30;43;1m WARN [39;49;22m Metadata found in doc-comment for method Tests\Unit\Services\DemoElectionResolverTest::returns_null_for_default_user_when_no_platform_demo_exists(). Metadata in doc-comments is deprecated and will no longer be supported in PHPUnit 12. Update your test code to use attributes instead.

  [30;43;1m WARN [39;49;22m Metadata found in doc-comment for method Tests\Unit\Services\DemoElectionResolverTest::ignores_non_demo_elections(). Metadata in doc-comments is deprecated and will no longer be supported in PHPUnit 12. Update your test code to use attributes instead.

  [30;43;1m WARN [39;49;22m Metadata found in doc-comment for method Tests\Unit\Services\DemoElectionResolverTest::prioritizes_org_specific_demo_over_platform_demo(). Metadata in doc-comments is deprecated and will no longer be supported in PHPUnit 12. Update your test code to use attributes instead.

  [30;43;1m WARN [39;49;22m Metadata found in doc-comment for method Tests\Unit\Services\DemoElectionResolverTest::validation_returns_true_for_valid_org_election(). Metadata in doc-comments is deprecated and will no longer be supported in PHPUnit 12. Update your test code to use attributes instead.

  [30;43;1m WARN [39;49;22m Metadata found in doc-comment for method Tests\Unit\Services\DemoElectionResolverTest::validation_returns_true_for_platform_demo_and_org_user(). Metadata in doc-comments is deprecated and will no longer be supported in PHPUnit 12. Update your test code to use attributes instead.

  [30;43;1m WARN [39;49;22m Metadata found in doc-comment for method Tests\Unit\Services\DemoElectionResolverTest::validation_returns_true_for_platform_demo_and_default_user(). Metadata in doc-comments is deprecated and will no longer be supported in PHPUnit 12. Update your test code to use attributes instead.

  [30;43;1m WARN [39;49;22m Metadata found in doc-comment for method Tests\Unit\Services\DemoElectionResolverTest::validation_returns_false_for_wrong_org_demo(). Metadata in doc-comments is deprecated and will no longer be supported in PHPUnit 12. Update your test code to use attributes instead.

  [30;43;1m WARN [39;49;22m Metadata found in doc-comment for method Tests\Unit\Services\DemoElectionResolverTest::validation_returns_false_for_non_demo_elections(). Metadata in doc-comments is deprecated and will no longer be supported in PHPUnit 12. Update your test code to use attributes instead.

  [30;43;1m WARN [39;49;22m Metadata found in doc-comment for method Tests\Unit\Services\DemoElectionResolverTest::validation_returns_false_when_default_user_accesses_org_demo(). Metadata in doc-comments is deprecated and will no longer be supported in PHPUnit 12. Update your test code to use attributes instead.

  [30;43;1m WARN [39;49;22m Metadata found in doc-comment for method Tests\Unit\Services\DemoElectionResolverTest::correctly_identifies_election_among_multiple_demos(). Metadata in doc-comments is deprecated and will no longer be supported in PHPUnit 12. Update your test code to use attributes instead.

  [30;43;1m WARN [39;49;22m Metadata found in doc-comment for method Tests\Unit\Services\DeviceFingerprintTest::it_generates_consistent_hash_for_same_device(). Metadata in doc-comments is deprecated and will no longer be supported in PHPUnit 12. Update your test code to use attributes instead.

  [30;43;1m WARN [39;49;22m Metadata found in doc-comment for method Tests\Unit\Services\DeviceFingerprintTest::it_generates_different_hash_for_different_ips(). Metadata in doc-comments is deprecated and will no longer be supported in PHPUnit 12. Update your test code to use attributes instead.

  [30;43;1m WARN [39;49;22m Metadata found in doc-comment for method Tests\Unit\Services\DeviceFingerprintTest::it_respects_max_votes_per_device_config(). Metadata in doc-comments is deprecated and will no longer be supported in PHPUnit 12. Update your test code to use attributes instead.

  [30;43;1m WARN [39;49;22m Metadata found in doc-comment for method Tests\Unit\Services\DeviceFingerprintTest::it_blocks_when_max_votes_reached(). Metadata in doc-comments is deprecated and will no longer be supported in PHPUnit 12. Update your test code to use attributes instead.

  [30;43;1m WARN [39;49;22m Metadata found in doc-comment for method Tests\Unit\Services\DeviceFingerprintTest::it_detects_anomalous_patterns(). Metadata in doc-comments is deprecated and will no longer be supported in PHPUnit 12. Update your test code to use attributes instead.

  [30;43;1m WARN [39;49;22m Metadata found in doc-comment for method Tests\Unit\Services\DeviceFingerprintTest::it_returns_family_voting_message_when_configured(). Metadata in doc-comments is deprecated and will no longer be supported in PHPUnit 12. Update your test code to use attributes instead.

  [30;43;1m WARN [39;49;22m Metadata found in doc-comment for method Tests\Unit\Services\DeviceFingerprintTest::it_gets_device_statistics(). Metadata in doc-comments is deprecated and will no longer be supported in PHPUnit 12. Update your test code to use attributes instead.

  [30;43;1m WARN [39;49;22m Metadata found in doc-comment for method Tests\Unit\Services\ElectionSettingsServiceTest::it_returns_database_value_over_env(). Metadata in doc-comments is deprecated and will no longer be supported in PHPUnit 12. Update your test code to use attributes instead.

  [30;43;1m WARN [39;49;22m Metadata found in doc-comment for method Tests\Unit\Services\ElectionSettingsServiceTest::it_caches_settings_with_configurable_ttl(). Metadata in doc-comments is deprecated and will no longer be supported in PHPUnit 12. Update your test code to use attributes instead.

  [30;43;1m WARN [39;49;22m Metadata found in doc-comment for method Tests\Unit\Services\ElectionSettingsServiceTest::it_maps_selection_constraint_exact_to_yes(). Metadata in doc-comments is deprecated and will no longer be supported in PHPUnit 12. Update your test code to use attributes instead.

  [30;43;1m WARN [39;49;22m Metadata found in doc-comment for method Tests\Unit\Services\ElectionSettingsServiceTest::it_maps_selection_constraint_range_to_yes(). Metadata in doc-comments is deprecated and will no longer be supported in PHPUnit 12. Update your test code to use attributes instead.

  [30;43;1m WARN [39;49;22m Metadata found in doc-comment for method Tests\Unit\Services\ElectionSettingsServiceTest::it_maps_selection_constraint_minimum_to_yes(). Metadata in doc-comments is deprecated and will no longer be supported in PHPUnit 12. Update your test code to use attributes instead.

  [30;43;1m WARN [39;49;22m Metadata found in doc-comment for method Tests\Unit\Services\ElectionSettingsServiceTest::it_maps_selection_constraint_any_to_no(). Metadata in doc-comments is deprecated and will no longer be supported in PHPUnit 12. Update your test code to use attributes instead.

  [30;43;1m WARN [39;49;22m Metadata found in doc-comment for method Tests\Unit\Services\ElectionSettingsServiceTest::it_maps_selection_constraint_maximum_to_no(). Metadata in doc-comments is deprecated and will no longer be supported in PHPUnit 12. Update your test code to use attributes instead.

  [30;43;1m WARN [39;49;22m Metadata found in doc-comment for method Tests\Unit\Services\ElectionSettingsServiceTest::it_handles_invalid_key_with_default(). Metadata in doc-comments is deprecated and will no longer be supported in PHPUnit 12. Update your test code to use attributes instead.

  [30;43;1m WARN [39;49;22m Metadata found in doc-comment for method Tests\Unit\Services\ElectionSettingsServiceTest::it_provides_ip_whitelist_setting(). Metadata in doc-comments is deprecated and will no longer be supported in PHPUnit 12. Update your test code to use attributes instead.

  [30;43;1m WARN [39;49;22m Metadata found in doc-comment for method Tests\Unit\Services\ElectionSettingsServiceTest::it_provides_no_vote_enabled_setting(). Metadata in doc-comments is deprecated and will no longer be supported in PHPUnit 12. Update your test code to use attributes instead.

  [30;43;1m WARN [39;49;22m Metadata found in doc-comment for method Tests\Unit\Services\ElectionSettingsServiceTest::it_provides_no_vote_label_setting(). Metadata in doc-comments is deprecated and will no longer be supported in PHPUnit 12. Update your test code to use attributes instead.

  [30;43;1m WARN [39;49;22m Metadata found in doc-comment for method Tests\Unit\Services\ElectionSettingsServiceTest::it_invalidates_cache_on_election_update(). Metadata in doc-comments is deprecated and will no longer be supported in PHPUnit 12. Update your test code to use attributes instead.

  [30;43;1m WARN [39;49;22m Metadata found in doc-comment for method Tests\Unit\Services\VotingSecurityServiceTest::it_detects_when_ip_control_is_enabled(). Metadata in doc-comments is deprecated and will no longer be supported in PHPUnit 12. Update your test code to use attributes instead.

  [30;43;1m WARN [39;49;22m Metadata found in doc-comment for method Tests\Unit\Services\VotingSecurityServiceTest::it_detects_when_ip_control_is_disabled(). Metadata in doc-comments is deprecated and will no longer be supported in PHPUnit 12. Update your test code to use attributes instead.

  [30;43;1m WARN [39;49;22m Metadata found in doc-comment for method Tests\Unit\Services\VotingSecurityServiceTest::it_allows_voting_when_ip_control_is_disabled(). Metadata in doc-comments is deprecated and will no longer be supported in PHPUnit 12. Update your test code to use attributes instead.

  [30;43;1m WARN [39;49;22m Metadata found in doc-comment for method Tests\Unit\Services\VotingSecurityServiceTest::it_allows_voting_when_user_has_no_ip_restriction(). Metadata in doc-comments is deprecated and will no longer be supported in PHPUnit 12. Update your test code to use attributes instead.

  [30;43;1m WARN [39;49;22m Metadata found in doc-comment for method Tests\Unit\Services\VotingSecurityServiceTest::it_allows_voting_when_ip_matches(). Metadata in doc-comments is deprecated and will no longer be supported in PHPUnit 12. Update your test code to use attributes instead.

  [30;43;1m WARN [39;49;22m Metadata found in doc-comment for method Tests\Unit\Services\VotingSecurityServiceTest::it_blocks_voting_when_ip_does_not_match(). Metadata in doc-comments is deprecated and will no longer be supported in PHPUnit 12. Update your test code to use attributes instead.

  [30;43;1m WARN [39;49;22m Metadata found in doc-comment for method Tests\Unit\Services\VotingSecurityServiceTest::it_checks_if_user_can_vote_from_specific_ip(). Metadata in doc-comments is deprecated and will no longer be supported in PHPUnit 12. Update your test code to use attributes instead.

  [30;43;1m WARN [39;49;22m Metadata found in doc-comment for method Tests\Unit\Services\VotingSecurityServiceTest::it_provides_approval_config_when_control_enabled(). Metadata in doc-comments is deprecated and will no longer be supported in PHPUnit 12. Update your test code to use attributes instead.

  [30;43;1m WARN [39;49;22m Metadata found in doc-comment for method Tests\Unit\Services\VotingSecurityServiceTest::it_provides_approval_config_when_control_disabled(). Metadata in doc-comments is deprecated and will no longer be supported in PHPUnit 12. Update your test code to use attributes instead.

  [30;43;1m WARN [39;49;22m Metadata found in doc-comment for method Tests\Unit\Services\VotingSecurityServiceTest::it_generates_complete_ip_audit_trail(). Metadata in doc-comments is deprecated and will no longer be supported in PHPUnit 12. Update your test code to use attributes instead.

  [30;43;1m WARN [39;49;22m Metadata found in doc-comment for method Tests\Unit\Services\VotingSecurityServiceTest::it_validates_complete_voter_eligibility(). Metadata in doc-comments is deprecated and will no longer be supported in PHPUnit 12. Update your test code to use attributes instead.

  [30;43;1m WARN [39;49;22m Metadata found in doc-comment for method Tests\Unit\Services\VotingSecurityServiceTest::it_validates_voter_eligibility_checks_basic_requirements(). Metadata in doc-comments is deprecated and will no longer be supported in PHPUnit 12. Update your test code to use attributes instead.

  [30;43;1m WARN [39;49;22m Metadata found in doc-comment for method Tests\Unit\Services\VotingSecurityServiceTest::it_provides_system_status(). Metadata in doc-comments is deprecated and will no longer be supported in PHPUnit 12. Update your test code to use attributes instead.

  [30;43;1m WARN [39;49;22m Metadata found in doc-comment for method Tests\Unit\Services\VotingSecurityServiceTest::it_returns_correct_ip_match_status_when_control_disabled(). Metadata in doc-comments is deprecated and will no longer be supported in PHPUnit 12. Update your test code to use attributes instead.

  [30;43;1m WARN [39;49;22m Metadata found in doc-comment for method Tests\Unit\Services\VotingSecurityServiceTest::it_returns_correct_ip_match_status_when_no_restriction(). Metadata in doc-comments is deprecated and will no longer be supported in PHPUnit 12. Update your test code to use attributes instead.

  [30;43;1m WARN [39;49;22m Metadata found in doc-comment for method Tests\Unit\Services\VotingSecurityServiceTest::it_returns_correct_ip_match_status_when_match(). Metadata in doc-comments is deprecated and will no longer be supported in PHPUnit 12. Update your test code to use attributes instead.

  [30;43;1m WARN [39;49;22m Metadata found in doc-comment for method Tests\Unit\SimpleVoteCountingTest::test_simple_vote_counting_with_no_votes(). Metadata in doc-comments is deprecated and will no longer be supported in PHPUnit 12. Update your test code to use attributes instead.

  [30;43;1m WARN [39;49;22m Metadata found in doc-comment for method Tests\Unit\Traits\HasAuditFieldsTest::it_returns_audit_trail_array(). Metadata in doc-comments is deprecated and will no longer be supported in PHPUnit 12. Update your test code to use attributes instead.

  [30;43;1m WARN [39;49;22m Metadata found in doc-comment for method Tests\Unit\Traits\HasAuditFieldsTest::it_determines_suspended_status(). Metadata in doc-comments is deprecated and will no longer be supported in PHPUnit 12. Update your test code to use attributes instead.

  [30;43;1m WARN [39;49;22m Metadata found in doc-comment for method Tests\Unit\Traits\HasAuditFieldsTest::it_merges_fillable_fields(). Metadata in doc-comments is deprecated and will no longer be supported in PHPUnit 12. Update your test code to use attributes instead.

  [30;43;1m WARN [39;49;22m Metadata found in doc-comment for method Tests\Unit\Traits\HasAuditFieldsTest::it_casts_dates(). Metadata in doc-comments is deprecated and will no longer be supported in PHPUnit 12. Update your test code to use attributes instead.

  [30;43;1m WARN [39;49;22m Metadata found in doc-comment for method Tests\Unit\VoteDataSanitizationTest::it_sanitizes_selection_with_no_vote_false_and_empty_candidates(). Metadata in doc-comments is deprecated and will no longer be supported in PHPUnit 12. Update your test code to use attributes instead.

  [30;43;1m WARN [39;49;22m Metadata found in doc-comment for class Tests\Unit\VoteDataSanitizationTest. Metadata in doc-comments is deprecated and will no longer be supported in PHPUnit 12. Update your test code to use attributes instead.

  [30;43;1m WARN [39;49;22m Metadata found in doc-comment for method Tests\Unit\VoteDataSanitizationTest::it_does_not_modify_valid_no_vote_selection(). Metadata in doc-comments is deprecated and will no longer be supported in PHPUnit 12. Update your test code to use attributes instead.

  [30;43;1m WARN [39;49;22m Metadata found in doc-comment for method Tests\Unit\VoteDataSanitizationTest::it_does_not_modify_valid_vote_with_candidates(). Metadata in doc-comments is deprecated and will no longer be supported in PHPUnit 12. Update your test code to use attributes instead.

  [30;43;1m WARN [39;49;22m Metadata found in doc-comment for method Tests\Unit\VoteDataSanitizationTest::it_preserves_no_vote_false_when_multiple_candidates_exist(). Metadata in doc-comments is deprecated and will no longer be supported in PHPUnit 12. Update your test code to use attributes instead.

  [30;43;1m WARN [39;49;22m Metadata found in doc-comment for method Tests\Unit\VoteDataSanitizationTest::it_sanitizes_complete_vote_data_structure(). Metadata in doc-comments is deprecated and will no longer be supported in PHPUnit 12. Update your test code to use attributes instead.

  [30;43;1m WARN [39;49;22m Metadata found in doc-comment for method Tests\Unit\VoteDataSanitizationTest::it_handles_null_candidates_array(). Metadata in doc-comments is deprecated and will no longer be supported in PHPUnit 12. Update your test code to use attributes instead.

  [30;43;1m WARN [39;49;22m Metadata found in doc-comment for method Tests\Unit\VoteDataSanitizationTest::it_handles_missing_candidates_key(). Metadata in doc-comments is deprecated and will no longer be supported in PHPUnit 12. Update your test code to use attributes instead.

  [30;43;1m WARN [39;49;22m Metadata found in doc-comment for method Tests\Unit\VoteDataSanitizationTest::it_handles_missing_no_vote_key(). Metadata in doc-comments is deprecated and will no longer be supported in PHPUnit 12. Update your test code to use attributes instead.

  [30;43;1m WARN [39;49;22m Metadata found in doc-comment for method Tests\Unit\VoteDataSanitizationTest::it_skips_null_selections_in_vote_data(). Metadata in doc-comments is deprecated and will no longer be supported in PHPUnit 12. Update your test code to use attributes instead.

  [30;43;1m WARN [39;49;22m Metadata found in doc-comment for method Tests\Unit\VoteDataSanitizationTest::it_fixes_production_bug_pattern(). Metadata in doc-comments is deprecated and will no longer be supported in PHPUnit 12. Update your test code to use attributes instead.

  [30;43;1m WARN [39;49;22m Metadata found in doc-comment for method Tests\Unit\VoteDataSanitizationTest::it_efficiently_sanitizes_maximum_positions(). Metadata in doc-comments is deprecated and will no longer be supported in PHPUnit 12. Update your test code to use attributes instead.

  [30;43;1m WARN [39;49;22m Metadata found in doc-comment for method Tests\Unit\VoteDataValidationTest::it_rejects_inconsistent_no_vote_false_with_empty_candidates(). Metadata in doc-comments is deprecated and will no longer be supported in PHPUnit 12. Update your test code to use attributes instead.

  [30;43;1m WARN [39;49;22m Metadata found in doc-comment for class Tests\Unit\VoteDataValidationTest. Metadata in doc-comments is deprecated and will no longer be supported in PHPUnit 12. Update your test code to use attributes instead.

  [30;43;1m WARN [39;49;22m Metadata found in doc-comment for method Tests\Unit\VoteDataValidationTest::it_accepts_valid_no_vote_true_with_empty_candidates(). Metadata in doc-comments is deprecated and will no longer be supported in PHPUnit 12. Update your test code to use attributes instead.

  [30;43;1m WARN [39;49;22m Metadata found in doc-comment for method Tests\Unit\VoteDataValidationTest::it_accepts_valid_vote_with_candidates(). Metadata in doc-comments is deprecated and will no longer be supported in PHPUnit 12. Update your test code to use attributes instead.

  [30;43;1m WARN [39;49;22m Metadata found in doc-comment for method Tests\Unit\VoteDataValidationTest::it_rejects_regional_selections_with_bug_pattern(). Metadata in doc-comments is deprecated and will no longer be supported in PHPUnit 12. Update your test code to use attributes instead.

  [30;43;1m WARN [39;49;22m Metadata found in doc-comment for method Tests\Unit\VoteDataValidationTest::it_rejects_too_many_candidates(). Metadata in doc-comments is deprecated and will no longer be supported in PHPUnit 12. Update your test code to use attributes instead.

  [30;43;1m WARN [39;49;22m Metadata found in doc-comment for method Tests\Unit\VoteDataValidationTest::it_validates_exact_count_when_select_all_required(). Metadata in doc-comments is deprecated and will no longer be supported in PHPUnit 12. Update your test code to use attributes instead.

  [30;43;1m WARN [39;49;22m Metadata found in doc-comment for method Tests\Unit\VoteDataValidationTest::it_validates_mixed_selections_correctly(). Metadata in doc-comments is deprecated and will no longer be supported in PHPUnit 12. Update your test code to use attributes instead.

  [30;43;1m WARN [39;49;22m Metadata found in doc-comment for method Tests\Unit\VoteDataValidationTest::it_requires_at_least_one_selection(). Metadata in doc-comments is deprecated and will no longer be supported in PHPUnit 12. Update your test code to use attributes instead.

  [30;43;1m WARN [39;49;22m Metadata found in doc-comment for method Tests\Unit\VoteDataValidationTest::it_accepts_all_positions_skipped(). Metadata in doc-comments is deprecated and will no longer be supported in PHPUnit 12. Update your test code to use attributes instead.

  [30;43;1m WARN [39;49;22m Metadata found in doc-comment for method Tests\Unit\VoteDataValidationTest::it_handles_complex_real_world_scenario(). Metadata in doc-comments is deprecated and will no longer be supported in PHPUnit 12. Update your test code to use attributes instead.

  [30;43;1m WARN [39;49;22m Metadata found in doc-comment for method Tests\Unit\VoteDataValidationTest::it_catches_production_bug_in_validation(). Metadata in doc-comments is deprecated and will no longer be supported in PHPUnit 12. Update your test code to use attributes instead.

  [30;43;1m WARN [39;49;22m Metadata found in doc-comment for class Tests\Unit\VoteFrontendValidationTest. Metadata in doc-comments is deprecated and will no longer be supported in PHPUnit 12. Update your test code to use attributes instead.

  [30;43;1m WARN [39;49;22m Metadata found in doc-comment for method Tests\Unit\VoteFrontendValidationTest::test_red_validation_should_reject_empty_candidates_without_no_vote(). Metadata in doc-comments is deprecated and will no longer be supported in PHPUnit 12. Update your test code to use attributes instead.

  [30;43;1m WARN [39;49;22m Metadata found in doc-comment for method Tests\Unit\VoteFrontendValidationTest::test_red_validation_should_reject_empty_regional_candidates(). Metadata in doc-comments is deprecated and will no longer be supported in PHPUnit 12. Update your test code to use attributes instead.

  [30;43;1m WARN [39;49;22m Metadata found in doc-comment for method Tests\Unit\VoteFrontendValidationTest::test_green_validation_accepts_valid_skip(). Metadata in doc-comments is deprecated and will no longer be supported in PHPUnit 12. Update your test code to use attributes instead.

  [30;43;1m WARN [39;49;22m Metadata found in doc-comment for method Tests\Unit\VoteFrontendValidationTest::test_green_validation_accepts_valid_vote(). Metadata in doc-comments is deprecated and will no longer be supported in PHPUnit 12. Update your test code to use attributes instead.

  [30;43;1m WARN [39;49;22m Metadata found in doc-comment for method Tests\Unit\VoteFrontendValidationTest::test_red_validation_catches_bug_in_mixed_selections(). Metadata in doc-comments is deprecated and will no longer be supported in PHPUnit 12. Update your test code to use attributes instead.

  [30;43;1m WARN [39;49;22m Metadata found in doc-comment for method Tests\Unit\VoteFrontendValidationTest::test_red_validation_catches_production_bug_pattern(). Metadata in doc-comments is deprecated and will no longer be supported in PHPUnit 12. Update your test code to use attributes instead.

  [30;43;1m WARN [39;49;22m Metadata found in doc-comment for method Tests\Unit\VoteFrontendValidationTest::test_green_strict_mode_with_zero_candidates_is_caught(). Metadata in doc-comments is deprecated and will no longer be supported in PHPUnit 12. Update your test code to use attributes instead.

  [30;43;1m WARN [39;49;22m Metadata found in doc-comment for method Tests\Unit\VoteFrontendValidationTest::test_red_validation_provides_helpful_error_message(). Metadata in doc-comments is deprecated and will no longer be supported in PHPUnit 12. Update your test code to use attributes instead.

  [30;43;1m WARN [39;49;22m Metadata found in doc-comment for method Tests\Unit\VoterProgressServiceTest::it_advances_from_current_step(). Metadata in doc-comments is deprecated and will no longer be supported in PHPUnit 12. Update your test code to use attributes instead.

  [30;43;1m WARN [39;49;22m Metadata found in doc-comment for method Tests\Unit\VoterProgressServiceTest::it_does_not_advance_from_wrong_step(). Metadata in doc-comments is deprecated and will no longer be supported in PHPUnit 12. Update your test code to use attributes instead.

  [30;43;1m WARN [39;49;22m Metadata found in doc-comment for method Tests\Unit\VoterProgressServiceTest::it_handles_non_existent_routes(). Metadata in doc-comments is deprecated and will no longer be supported in PHPUnit 12. Update your test code to use attributes instead.

  [30;43;1m WARN [39;49;22m Metadata found in doc-comment for method Tests\Unit\VoterProgressServiceTest::it_does_not_advance_beyond_final_step(). Metadata in doc-comments is deprecated and will no longer be supported in PHPUnit 12. Update your test code to use attributes instead.

  [30;43;1m WARN [39;49;22m Metadata found in doc-comment for method Tests\Unit\VoterProgressServiceTest::it_updates_step_meta_when_advancing(). Metadata in doc-comments is deprecated and will no longer be supported in PHPUnit 12. Update your test code to use attributes instead.

  [30;43;1m WARN [39;49;22m Metadata found in doc-comment for method Tests\Unit\VoterProgressServiceTest::it_can_reset_to_beginning(). Metadata in doc-comments is deprecated and will no longer be supported in PHPUnit 12. Update your test code to use attributes instead.

  [30;43;1m WARN [39;49;22m Metadata found in doc-comment for method Tests\Unit\VoterProgressServiceTest::it_can_get_next_route_name(). Metadata in doc-comments is deprecated and will no longer be supported in PHPUnit 12. Update your test code to use attributes instead.

  [30;43;1m WARN [39;49;22m Metadata found in doc-comment for method Tests\Unit\VoterProgressServiceTest::it_returns_null_for_final_step_next_route(). Metadata in doc-comments is deprecated and will no longer be supported in PHPUnit 12. Update your test code to use attributes instead.

  [30;43;1m WARN [39;49;22m Metadata found in doc-comment for method Tests\Unit\VoterSlugServiceTest::it_generates_slug_for_user(). Metadata in doc-comments is deprecated and will no longer be supported in PHPUnit 12. Update your test code to use attributes instead.

  [30;43;1m WARN [39;49;22m Metadata found in doc-comment for method Tests\Unit\VoterSlugServiceTest::it_generates_unique_slugs(). Metadata in doc-comments is deprecated and will no longer be supported in PHPUnit 12. Update your test code to use attributes instead.

  [30;43;1m WARN [39;49;22m Metadata found in doc-comment for method Tests\Unit\VoterSlugServiceTest::it_revokes_previous_active_slugs_when_generating_new_one(). Metadata in doc-comments is deprecated and will no longer be supported in PHPUnit 12. Update your test code to use attributes instead.

  [30;43;1m WARN [39;49;22m Metadata found in doc-comment for method Tests\Unit\VoterSlugServiceTest::it_gets_active_slug_for_user(). Metadata in doc-comments is deprecated and will no longer be supported in PHPUnit 12. Update your test code to use attributes instead.

  [30;43;1m WARN [39;49;22m Metadata found in doc-comment for method Tests\Unit\VoterSlugServiceTest::it_returns_null_when_no_active_slug_exists(). Metadata in doc-comments is deprecated and will no longer be supported in PHPUnit 12. Update your test code to use attributes instead.

  [30;43;1m WARN [39;49;22m Metadata found in doc-comment for method Tests\Unit\VoterSlugServiceTest::it_returns_null_when_only_expired_slugs_exist(). Metadata in doc-comments is deprecated and will no longer be supported in PHPUnit 12. Update your test code to use attributes instead.

  [30;43;1m WARN [39;49;22m Metadata found in doc-comment for method Tests\Unit\VoterSlugServiceTest::it_can_revoke_specific_slug(). Metadata in doc-comments is deprecated and will no longer be supported in PHPUnit 12. Update your test code to use attributes instead.

  [30;43;1m WARN [39;49;22m Metadata found in doc-comment for method Tests\Unit\VoterSlugServiceTest::it_can_revoke_all_slugs_for_user(). Metadata in doc-comments is deprecated and will no longer be supported in PHPUnit 12. Update your test code to use attributes instead.

  [30;43;1m WARN [39;49;22m Metadata found in doc-comment for method Tests\Unit\VoterSlugServiceTest::it_can_extend_slug_expiry(). Metadata in doc-comments is deprecated and will no longer be supported in PHPUnit 12. Update your test code to use attributes instead.

  [30;43;1m WARN [39;49;22m Metadata found in doc-comment for method Tests\Unit\VoterSlugServiceTest::it_cannot_extend_inactive_slug_expiry(). Metadata in doc-comments is deprecated and will no longer be supported in PHPUnit 12. Update your test code to use attributes instead.

  [30;43;1m WARN [39;49;22m Metadata found in doc-comment for method Tests\Unit\VoterSlugServiceTest::it_can_cleanup_expired_slugs(). Metadata in doc-comments is deprecated and will no longer be supported in PHPUnit 12. Update your test code to use attributes instead.

  [30;43;1m WARN [39;49;22m Metadata found in doc-comment for method Tests\Unit\VoterSlugServiceTest::it_builds_voting_link(). Metadata in doc-comments is deprecated and will no longer be supported in PHPUnit 12. Update your test code to use attributes instead.

  [30;43;1m WARN [39;49;22m Metadata found in doc-comment for method Tests\Feature\Accessibility\VoterControllerAccessibilityTest::it_has_proper_semantic_html_structure(). Metadata in doc-comments is deprecated and will no longer be supported in PHPUnit 12. Update your test code to use attributes instead.

  [30;43;1m WARN [39;49;22m Metadata found in doc-comment for method Tests\Feature\Accessibility\VoterControllerAccessibilityTest::it_has_proper_heading_hierarchy(). Metadata in doc-comments is deprecated and will no longer be supported in PHPUnit 12. Update your test code to use attributes instead.

  [30;43;1m WARN [39;49;22m Metadata found in doc-comment for method Tests\Feature\Accessibility\VoterControllerAccessibilityTest::it_provides_aria_labels_for_all_buttons(). Metadata in doc-comments is deprecated and will no longer be supported in PHPUnit 12. Update your test code to use attributes instead.

  [30;43;1m WARN [39;49;22m Metadata found in doc-comment for method Tests\Feature\Accessibility\VoterControllerAccessibilityTest::it_associates_labels_with_form_inputs(). Metadata in doc-comments is deprecated and will no longer be supported in PHPUnit 12. Update your test code to use attributes instead.

  [30;43;1m WARN [39;49;22m Metadata found in doc-comment for method Tests\Feature\Accessibility\VoterControllerAccessibilityTest::it_provides_alt_text_for_images(). Metadata in doc-comments is deprecated and will no longer be supported in PHPUnit 12. Update your test code to use attributes instead.

  [30;43;1m WARN [39;49;22m Metadata found in doc-comment for method Tests\Feature\Accessibility\VoterControllerAccessibilityTest::it_provides_screen_reader_announcements(). Metadata in doc-comments is deprecated and will no longer be supported in PHPUnit 12. Update your test code to use attributes instead.

  [30;43;1m WARN [39;49;22m Metadata found in doc-comment for method Tests\Feature\Accessibility\VoterControllerAccessibilityTest::it_supports_keyboard_navigation(). Metadata in doc-comments is deprecated and will no longer be supported in PHPUnit 12. Update your test code to use attributes instead.

  [30;43;1m WARN [39;49;22m Metadata found in doc-comment for method Tests\Feature\Accessibility\VoterControllerAccessibilityTest::it_has_visible_focus_indicators(). Metadata in doc-comments is deprecated and will no longer be supported in PHPUnit 12. Update your test code to use attributes instead.

  [30;43;1m WARN [39;49;22m Metadata found in doc-comment for method Tests\Feature\Accessibility\VoterControllerAccessibilityTest::it_provides_skip_links(). Metadata in doc-comments is deprecated and will no longer be supported in PHPUnit 12. Update your test code to use attributes instead.

  [30;43;1m WARN [39;49;22m Metadata found in doc-comment for method Tests\Feature\Accessibility\VoterControllerAccessibilityTest::it_has_adequate_touch_target_sizes(). Metadata in doc-comments is deprecated and will no longer be supported in PHPUnit 12. Update your test code to use attributes instead.

  [30;43;1m WARN [39;49;22m Metadata found in doc-comment for method Tests\Feature\Accessibility\VoterControllerAccessibilityTest::it_has_sufficient_color_contrast(). Metadata in doc-comments is deprecated and will no longer be supported in PHPUnit 12. Update your test code to use attributes instead.

  [30;43;1m WARN [39;49;22m Metadata found in doc-comment for method Tests\Feature\Accessibility\VoterControllerAccessibilityTest::it_supports_dark_mode(). Metadata in doc-comments is deprecated and will no longer be supported in PHPUnit 12. Update your test code to use attributes instead.

  [30;43;1m WARN [39;49;22m Metadata found in doc-comment for method Tests\Feature\Accessibility\VoterControllerAccessibilityTest::it_is_responsive_for_mobile_devices(). Metadata in doc-comments is deprecated and will no longer be supported in PHPUnit 12. Update your test code to use attributes instead.

  [30;43;1m WARN [39;49;22m Metadata found in doc-comment for method Tests\Feature\Accessibility\VoterControllerAccessibilityTest::it_respects_prefers_reduced_motion(). Metadata in doc-comments is deprecated and will no longer be supported in PHPUnit 12. Update your test code to use attributes instead.

  [30;43;1m WARN [39;49;22m Metadata found in doc-comment for method Tests\Feature\Accessibility\VoterControllerAccessibilityTest::it_supports_high_contrast_mode(). Metadata in doc-comments is deprecated and will no longer be supported in PHPUnit 12. Update your test code to use attributes instead.

  [30;43;1m WARN [39;49;22m Metadata found in doc-comment for method Tests\Feature\Accessibility\VoterControllerAccessibilityTest::it_has_accessible_table_structure(). Metadata in doc-comments is deprecated and will no longer be supported in PHPUnit 12. Update your test code to use attributes instead.

  [30;43;1m WARN [39;49;22m Metadata found in doc-comment for method Tests\Feature\Accessibility\VoterControllerAccessibilityTest::it_has_accessible_forms(). Metadata in doc-comments is deprecated and will no longer be supported in PHPUnit 12. Update your test code to use attributes instead.

  [30;43;1m WARN [39;49;22m Metadata found in doc-comment for method Tests\Feature\Accessibility\VoterControllerAccessibilityTest::it_makes_error_messages_accessible(). Metadata in doc-comments is deprecated and will no longer be supported in PHPUnit 12. Update your test code to use attributes instead.

  [30;43;1m WARN [39;49;22m Metadata found in doc-comment for method Tests\Feature\Accessibility\VoterControllerAccessibilityTest::it_has_accessible_links(). Metadata in doc-comments is deprecated and will no longer be supported in PHPUnit 12. Update your test code to use attributes instead.

  [30;43;1m WARN [39;49;22m Metadata found in doc-comment for method Tests\Feature\Accessibility\VoterControllerAccessibilityTest::it_makes_status_badges_accessible(). Metadata in doc-comments is deprecated and will no longer be supported in PHPUnit 12. Update your test code to use attributes instead.

  [30;43;1m WARN [39;49;22m Metadata found in doc-comment for method Tests\Feature\Accessibility\VoterControllerAccessibilityTest::it_has_accessible_pagination(). Metadata in doc-comments is deprecated and will no longer be supported in PHPUnit 12. Update your test code to use attributes instead.

  [30;43;1m WARN [39;49;22m Metadata found in doc-comment for method Tests\Feature\Accessibility\VoterControllerAccessibilityTest::it_includes_language_attribute(). Metadata in doc-comments is deprecated and will no longer be supported in PHPUnit 12. Update your test code to use attributes instead.

  [30;43;1m WARN [39;49;22m Metadata found in doc-comment for method Tests\Feature\Accessibility\VoterControllerAccessibilityTest::it_allows_text_resizing(). Metadata in doc-comments is deprecated and will no longer be supported in PHPUnit 12. Update your test code to use attributes instead.

  [30;43;1m WARN [39;49;22m Metadata found in doc-comment for method Tests\Feature\Accessibility\VoterControllerAccessibilityTest::it_does_not_use_automatic_redirects(). Metadata in doc-comments is deprecated and will no longer be supported in PHPUnit 12. Update your test code to use attributes instead.

  [30;43;1m WARN [39;49;22m Metadata found in doc-comment for method Tests\Feature\Accessibility\VoterControllerAccessibilityTest::it_manages_focus_in_interactive_elements(). Metadata in doc-comments is deprecated and will no longer be supported in PHPUnit 12. Update your test code to use attributes instead.

  [30;43;1m WARN [39;49;22m Metadata found in doc-comment for method Tests\Feature\AdminRecoverySlugTest::committee_member_can_generate_recovery_slug_for_voter(). Metadata in doc-comments is deprecated and will no longer be supported in PHPUnit 12. Update your test code to use attributes instead.

  [30;43;1m WARN [39;49;22m Metadata found in doc-comment for method Tests\Feature\AdminRecoverySlugTest::cannot_generate_recovery_slug_for_completed_voter(). Metadata in doc-comments is deprecated and will no longer be supported in PHPUnit 12. Update your test code to use attributes instead.

  [30;43;1m WARN [39;49;22m Metadata found in doc-comment for method Tests\Feature\AdminRecoverySlugTest::cannot_generate_recovery_slug_for_ineligible_voter(). Metadata in doc-comments is deprecated and will no longer be supported in PHPUnit 12. Update your test code to use attributes instead.

  [30;43;1m WARN [39;49;22m Metadata found in doc-comment for method Tests\Feature\Admin\ElectionApprovalTest::super_admin_can_view_pending_elections(). Metadata in doc-comments is deprecated and will no longer be supported in PHPUnit 12. Update your test code to use attributes instead.

  [30;43;1m WARN [39;49;22m Metadata found in doc-comment for method Tests\Feature\Admin\ElectionApprovalTest::non_super_admin_cannot_view_pending_elections(). Metadata in doc-comments is deprecated and will no longer be supported in PHPUnit 12. Update your test code to use attributes instead.

  [30;43;1m WARN [39;49;22m Metadata found in doc-comment for method Tests\Feature\Admin\ElectionApprovalTest::super_admin_can_approve_pending_election(). Metadata in doc-comments is deprecated and will no longer be supported in PHPUnit 12. Update your test code to use attributes instead.

  [30;43;1m WARN [39;49;22m Metadata found in doc-comment for method Tests\Feature\Admin\ElectionApprovalTest::super_admin_can_reject_pending_election(). Metadata in doc-comments is deprecated and will no longer be supported in PHPUnit 12. Update your test code to use attributes instead.

  [30;43;1m WARN [39;49;22m Metadata found in doc-comment for method Tests\Feature\Admin\ElectionApprovalTest::org_admin_cannot_approve_election(). Metadata in doc-comments is deprecated and will no longer be supported in PHPUnit 12. Update your test code to use attributes instead.

  [30;43;1m WARN [39;49;22m Metadata found in doc-comment for method Tests\Feature\Admin\ElectionApprovalTest::unauthenticated_user_cannot_access_admin_routes(). Metadata in doc-comments is deprecated and will no longer be supported in PHPUnit 12. Update your test code to use attributes instead.

  [30;43;1m WARN [39;49;22m Metadata found in doc-comment for method Tests\Feature\Admin\ElectionApprovalTest::approval_creates_audit_record_with_super_admin_actor(). Metadata in doc-comments is deprecated and will no longer be supported in PHPUnit 12. Update your test code to use attributes instead.

  [30;43;1m WARN [39;49;22m Metadata found in doc-comment for method Tests\Feature\Admin\ElectionApprovalTest::cannot_approve_election_not_in_pending_state(). Metadata in doc-comments is deprecated and will no longer be supported in PHPUnit 12. Update your test code to use attributes instead.

  [30;43;1m WARN [39;49;22m Metadata found in doc-comment for method Tests\Feature\Audit\ElectionAuditServiceTest::it_creates_election_folder_on_first_log(). Metadata in doc-comments is deprecated and will no longer be supported in PHPUnit 12. Update your test code to use attributes instead.

  [30;43;1m WARN [39;49;22m Metadata found in doc-comment for method Tests\Feature\Audit\ElectionAuditServiceTest::it_writes_jsonl_entry_with_correct_format(). Metadata in doc-comments is deprecated and will no longer be supported in PHPUnit 12. Update your test code to use attributes instead.

  [30;43;1m WARN [39;49;22m Metadata found in doc-comment for method Tests\Feature\Audit\ElectionAuditServiceTest::it_masks_email_in_logs(). Metadata in doc-comments is deprecated and will no longer be supported in PHPUnit 12. Update your test code to use attributes instead.

  [30;43;1m WARN [39;49;22m Metadata found in doc-comment for method Tests\Feature\Audit\ElectionAuditServiceTest::it_writes_to_separate_files_by_category(). Metadata in doc-comments is deprecated and will no longer be supported in PHPUnit 12. Update your test code to use attributes instead.

  [30;43;1m WARN [39;49;22m Metadata found in doc-comment for method Tests\Feature\Audit\ElectionAuditServiceTest::it_captures_ip_address_when_provided(). Metadata in doc-comments is deprecated and will no longer be supported in PHPUnit 12. Update your test code to use attributes instead.

  [30;43;1m WARN [39;49;22m Metadata found in doc-comment for method Tests\Feature\Audit\ElectionAuditServiceTest::it_handles_null_user_gracefully(). Metadata in doc-comments is deprecated and will no longer be supported in PHPUnit 12. Update your test code to use attributes instead.

  [30;43;1m WARN [39;49;22m Metadata found in doc-comment for method Tests\Feature\Auth\DashboardResolverPriorityTest::priority_1_active_voting_session_redirects_to_voting_portal(). Metadata in doc-comments is deprecated and will no longer be supported in PHPUnit 12. Update your test code to use attributes instead.

  [30;43;1m WARN [39;49;22m Metadata found in doc-comment for method Tests\Feature\Auth\DashboardResolverPriorityTest::priority_1_takes_precedence_over_multiple_active_elections(). Metadata in doc-comments is deprecated and will no longer be supported in PHPUnit 12. Update your test code to use attributes instead.

  [30;43;1m WARN [39;49;22m Metadata found in doc-comment for method Tests\Feature\Auth\DashboardResolverPriorityTest::priority_2_active_election_redirects_to_election_dashboard(). Metadata in doc-comments is deprecated and will no longer be supported in PHPUnit 12. Update your test code to use attributes instead.

  [30;43;1m WARN [39;49;22m Metadata found in doc-comment for method Tests\Feature\Auth\DashboardResolverPriorityTest::priority_2_skips_elections_where_user_already_voted(). Metadata in doc-comments is deprecated and will no longer be supported in PHPUnit 12. Update your test code to use attributes instead.

  [30;43;1m WARN [39;49;22m Metadata found in doc-comment for method Tests\Feature\Auth\DashboardResolverPriorityTest::priority_2_ignores_elections_outside_voting_window(). Metadata in doc-comments is deprecated and will no longer be supported in PHPUnit 12. Update your test code to use attributes instead.

  [30;43;1m WARN [39;49;22m Metadata found in doc-comment for method Tests\Feature\Auth\DashboardResolverPriorityTest::priority_3_new_user_verified_but_no_org_goes_to_welcome(). Metadata in doc-comments is deprecated and will no longer be supported in PHPUnit 12. Update your test code to use attributes instead.

  [30;43;1m WARN [39;49;22m Metadata found in doc-comment for method Tests\Feature\Auth\DashboardResolverPriorityTest::priority_3_new_user_with_platform_org_only_goes_to_welcome(). Metadata in doc-comments is deprecated and will no longer be supported in PHPUnit 12. Update your test code to use attributes instead.

  [30;43;1m WARN [39;49;22m Metadata found in doc-comment for method Tests\Feature\Auth\DashboardResolverPriorityTest::priority_3_skips_if_user_already_onboarded(). Metadata in doc-comments is deprecated and will no longer be supported in PHPUnit 12. Update your test code to use attributes instead.

  [30;43;1m WARN [39;49;22m Metadata found in doc-comment for method Tests\Feature\Auth\DashboardResolverPriorityTest::priority_4_user_with_multiple_roles_goes_to_role_selection(). Metadata in doc-comments is deprecated and will no longer be supported in PHPUnit 12. Update your test code to use attributes instead.

  [30;43;1m WARN [39;49;22m Metadata found in doc-comment for method Tests\Feature\Auth\DashboardResolverPriorityTest::priority_4_user_with_admin_and_commission_roles_goes_to_role_selection(). Metadata in doc-comments is deprecated and will no longer be supported in PHPUnit 12. Update your test code to use attributes instead.

  [30;43;1m WARN [39;49;22m Metadata found in doc-comment for method Tests\Feature\Auth\DashboardResolverPriorityTest::priority_5_single_admin_role_redirects_to_organisation_page(). Metadata in doc-comments is deprecated and will no longer be supported in PHPUnit 12. Update your test code to use attributes instead.

  [30;43;1m WARN [39;49;22m Metadata found in doc-comment for method Tests\Feature\Auth\DashboardResolverPriorityTest::priority_5_single_commission_role_redirects_to_commission_dashboard(). Metadata in doc-comments is deprecated and will no longer be supported in PHPUnit 12. Update your test code to use attributes instead.

  [30;43;1m WARN [39;49;22m Metadata found in doc-comment for method Tests\Feature\Auth\DashboardResolverPriorityTest::priority_6_user_with_no_roles_goes_to_default_dashboard(). Metadata in doc-comments is deprecated and will no longer be supported in PHPUnit 12. Update your test code to use attributes instead.

  [30;43;1m WARN [39;49;22m Metadata found in doc-comment for method Tests\Feature\Auth\DashboardResolverPriorityTest::active_voting_takes_precedence_over_new_user_welcome(). Metadata in doc-comments is deprecated and will no longer be supported in PHPUnit 12. Update your test code to use attributes instead.

  [30;43;1m WARN [39;49;22m Metadata found in doc-comment for method Tests\Feature\Auth\DashboardResolverPriorityTest::active_election_takes_precedence_over_new_user_welcome(). Metadata in doc-comments is deprecated and will no longer be supported in PHPUnit 12. Update your test code to use attributes instead.

  [30;43;1m WARN [39;49;22m Metadata found in doc-comment for method Tests\Feature\Auth\DashboardResolverPriorityTest::roles_take_precedence_over_welcome_when_onboarded(). Metadata in doc-comments is deprecated and will no longer be supported in PHPUnit 12. Update your test code to use attributes instead.

  [30;43;1m WARN [39;49;22m Metadata found in doc-comment for method Tests\Feature\Auth\LoginFlowDebugTest::trace_first_time_user_login_flow(). Metadata in doc-comments is deprecated and will no longer be supported in PHPUnit 12. Update your test code to use attributes instead.

  [30;43;1m WARN [39;49;22m Metadata found in doc-comment for method Tests\Feature\Auth\LoginOrganisationAccessTest::newly_registered_user_has_pivot_record_created(). Metadata in doc-comments is deprecated and will no longer be supported in PHPUnit 12. Update your test code to use attributes instead.

  [30;43;1m WARN [39;49;22m Metadata found in doc-comment for method Tests\Feature\Auth\LoginOrganisationAccessTest::user_can_access_their_default_organisation_after_login(). Metadata in doc-comments is deprecated and will no longer be supported in PHPUnit 12. Update your test code to use attributes instead.

  [30;43;1m WARN [39;49;22m Metadata found in doc-comment for method Tests\Feature\Auth\LoginOrganisationAccessTest::user_membership_check_query_returns_correct_result(). Metadata in doc-comments is deprecated and will no longer be supported in PHPUnit 12. Update your test code to use attributes instead.

  [30;43;1m WARN [39;49;22m Metadata found in doc-comment for method Tests\Feature\Auth\LoginOrganisationAccessTest::pivot_record_data_integrity_check(). Metadata in doc-comments is deprecated and will no longer be supported in PHPUnit 12. Update your test code to use attributes instead.

  [30;43;1m WARN [39;49;22m Metadata found in doc-comment for method Tests\Feature\Auth\RegistrationAndLoginTest::user_factory_assigns_platform_organisation_by_default(). Metadata in doc-comments is deprecated and will no longer be supported in PHPUnit 12. Update your test code to use attributes instead.

  [30;43;1m WARN [39;49;22m Metadata found in doc-comment for method Tests\Feature\Auth\RegistrationAndLoginTest::user_can_access_publicdigit_organisation(). Metadata in doc-comments is deprecated and will no longer be supported in PHPUnit 12. Update your test code to use attributes instead.

  [30;43;1m WARN [39;49;22m Metadata found in doc-comment for method Tests\Feature\Auth\RegistrationAndLoginTest::user_not_member_of_org_gets_403(). Metadata in doc-comments is deprecated and will no longer be supported in PHPUnit 12. Update your test code to use attributes instead.

  [30;43;1m WARN [39;49;22m Metadata found in doc-comment for method Tests\Feature\Auth\RegistrationAndLoginTest::registration_creates_pivot_record(). Metadata in doc-comments is deprecated and will no longer be supported in PHPUnit 12. Update your test code to use attributes instead.

  [30;43;1m WARN [39;49;22m Metadata found in doc-comment for method Tests\Feature\Auth\RegistrationAndLoginTest::registered_user_can_access_publicdigit_after_email_verification(). Metadata in doc-comments is deprecated and will no longer be supported in PHPUnit 12. Update your test code to use attributes instead.

  [30;43;1m WARN [39;49;22m Metadata found in doc-comment for method Tests\Feature\Auth\RegistrationAndLoginTest::new_user_dashboard_resolves_to_welcome(). Metadata in doc-comments is deprecated and will no longer be supported in PHPUnit 12. Update your test code to use attributes instead.

  [30;43;1m WARN [39;49;22m Metadata found in doc-comment for method Tests\Feature\Auth\RegistrationAndLoginTest::user_with_stale_org_id_uses_platform_via_pivot(). Metadata in doc-comments is deprecated and will no longer be supported in PHPUnit 12. Update your test code to use attributes instead.

  [30;43;1m WARN [39;49;22m Metadata found in doc-comment for method Tests\Feature\Auth\RegistrationAndLoginTest::platform_user_not_onboarded_redirects_to_welcome(). Metadata in doc-comments is deprecated and will no longer be supported in PHPUnit 12. Update your test code to use attributes instead.

  [30;43;1m WARN [39;49;22m Metadata found in doc-comment for method Tests\Feature\Auth\RegistrationAndLoginTest::onboarded_platform_user_redirects_to_dashboard(). Metadata in doc-comments is deprecated and will no longer be supported in PHPUnit 12. Update your test code to use attributes instead.

  [30;43;1m WARN [39;49;22m Metadata found in doc-comment for method Tests\Feature\Auth\RegistrationAndLoginTest::user_with_multiple_orgs_has_correct_memberships(). Metadata in doc-comments is deprecated and will no longer be supported in PHPUnit 12. Update your test code to use attributes instead.

  [30;43;1m WARN [39;49;22m Metadata found in doc-comment for method Tests\Feature\Auth\RegistrationMultiTenancyTest::registration_creates_platform_membership(). Metadata in doc-comments is deprecated and will no longer be supported in PHPUnit 12. Update your test code to use attributes instead.

  [30;43;1m WARN [39;49;22m Metadata found in doc-comment for method Tests\Feature\Auth\RegistrationMultiTenancyTest::user_can_create_tenant_organisation(). Metadata in doc-comments is deprecated and will no longer be supported in PHPUnit 12. Update your test code to use attributes instead.

  [30;43;1m WARN [39;49;22m Metadata found in doc-comment for method Tests\Feature\Auth\RegistrationMultiTenancyTest::user_can_check_if_has_tenant_organisation(). Metadata in doc-comments is deprecated and will no longer be supported in PHPUnit 12. Update your test code to use attributes instead.

  [30;43;1m WARN [39;49;22m Metadata found in doc-comment for method Tests\Feature\Auth\RegistrationMultiTenancyTest::user_can_get_owned_organisation(). Metadata in doc-comments is deprecated and will no longer be supported in PHPUnit 12. Update your test code to use attributes instead.

  [30;43;1m WARN [39;49;22m Metadata found in doc-comment for method Tests\Feature\Auth\RegistrationMultiTenancyTest::user_can_switch_organisations(). Metadata in doc-comments is deprecated and will no longer be supported in PHPUnit 12. Update your test code to use attributes instead.

  [30;43;1m WARN [39;49;22m Metadata found in doc-comment for method Tests\Feature\Auth\RegistrationMultiTenancyTest::user_cannot_switch_to_unowned_organisation(). Metadata in doc-comments is deprecated and will no longer be supported in PHPUnit 12. Update your test code to use attributes instead.

  [30;43;1m WARN [39;49;22m Metadata found in doc-comment for method Tests\Feature\Auth\RegistrationMultiTenancyTest::dashboard_shows_demo_when_no_tenant(). Metadata in doc-comments is deprecated and will no longer be supported in PHPUnit 12. Update your test code to use attributes instead.

  [30;43;1m WARN [39;49;22m Metadata found in doc-comment for method Tests\Feature\Auth\RegistrationMultiTenancyTest::dashboard_shows_real_when_has_tenant(). Metadata in doc-comments is deprecated and will no longer be supported in PHPUnit 12. Update your test code to use attributes instead.

  [30;43;1m WARN [39;49;22m Metadata found in doc-comment for method Tests\Feature\Auth\VoterInvitationSetPasswordTest::voter_can_set_password_and_redirects_to_election(). Metadata in doc-comments is deprecated and will no longer be supported in PHPUnit 12. Update your test code to use attributes instead.

  [30;43;1m WARN [39;49;22m Metadata found in doc-comment for method Tests\Feature\Auth\VoterInvitationSetPasswordTest::redirect_fails_if_election_slug_is_missing(). Metadata in doc-comments is deprecated and will no longer be supported in PHPUnit 12. Update your test code to use attributes instead.

  [30;43;1m WARN [39;49;22m Metadata found in doc-comment for method Tests\Feature\CodeControllerSlugRedirectTest::code_submission_redirects_to_slug_based_agreement_url(). Metadata in doc-comments is deprecated and will no longer be supported in PHPUnit 12. Update your test code to use attributes instead.

  [30;43;1m WARN [39;49;22m Metadata found in doc-comment for method Tests\Feature\CodeControllerSlugRedirectTest::code_submission_without_slug_redirects_to_regular_agreement_url(). Metadata in doc-comments is deprecated and will no longer be supported in PHPUnit 12. Update your test code to use attributes instead.

  [30;43;1m WARN [39;49;22m Metadata found in doc-comment for method Tests\Feature\CodeControllerSlugRedirectTest::invalid_code_redirects_to_slug_based_create_url(). Metadata in doc-comments is deprecated and will no longer be supported in PHPUnit 12. Update your test code to use attributes instead.

  [30;43;1m WARN [39;49;22m Metadata found in doc-comment for method Tests\Feature\CodeControllerSlugRedirectTest::user_with_existing_voting_session_redirects_to_slug_based_agreement(). Metadata in doc-comments is deprecated and will no longer be supported in PHPUnit 12. Update your test code to use attributes instead.

  [30;43;1m WARN [39;49;22m Metadata found in doc-comment for method Tests\Feature\Consistency\CoreTenantConsistencyTest::platform_election_is_accessible_to_all_users(). Metadata in doc-comments is deprecated and will no longer be supported in PHPUnit 12. Update your test code to use attributes instead.

  [30;43;1m WARN [39;49;22m Metadata found in doc-comment for method Tests\Feature\Consistency\CoreTenantConsistencyTest::organization_election_is_isolated_to_own_users(). Metadata in doc-comments is deprecated and will no longer be supported in PHPUnit 12. Update your test code to use attributes instead.

  [30;43;1m WARN [39;49;22m Metadata found in doc-comment for method Tests\Feature\Consistency\CoreTenantConsistencyTest::voter_slugs_lock_users_to_elections(). Metadata in doc-comments is deprecated and will no longer be supported in PHPUnit 12. Update your test code to use attributes instead.

  [30;43;1m WARN [39;49;22m Metadata found in doc-comment for method Tests\Feature\Consistency\CoreTenantConsistencyTest::codes_maintain_election_and_organization_context(). Metadata in doc-comments is deprecated and will no longer be supported in PHPUnit 12. Update your test code to use attributes instead.

  [30;43;1m WARN [39;49;22m Metadata found in doc-comment for method Tests\Feature\Consistency\CoreTenantConsistencyTest::belongs_to_tenant_trait_scopes_queries(). Metadata in doc-comments is deprecated and will no longer be supported in PHPUnit 12. Update your test code to use attributes instead.

  [30;43;1m WARN [39;49;22m Metadata found in doc-comment for method Tests\Feature\Consistency\CoreTenantConsistencyTest::platform_organisation_with_id_zero_is_recognized(). Metadata in doc-comments is deprecated and will no longer be supported in PHPUnit 12. Update your test code to use attributes instead.

  [30;43;1m WARN [39;49;22m Metadata found in doc-comment for method Tests\Feature\Consistency\CoreTenantConsistencyTest::election_status_field_tracks_state(). Metadata in doc-comments is deprecated and will no longer be supported in PHPUnit 12. Update your test code to use attributes instead.

  [30;43;1m WARN [39;49;22m Metadata found in doc-comment for method Tests\Feature\Consistency\CoreTenantConsistencyTest::multiple_elections_per_organization_are_supported(). Metadata in doc-comments is deprecated and will no longer be supported in PHPUnit 12. Update your test code to use attributes instead.

  [30;43;1m WARN [39;49;22m Metadata found in doc-comment for method Tests\Feature\Consistency\CoreTenantConsistencyTest::user_with_org_id_zero_is_platform_user(). Metadata in doc-comments is deprecated and will no longer be supported in PHPUnit 12. Update your test code to use attributes instead.

  [30;43;1m WARN [39;49;22m Metadata found in doc-comment for method Tests\Feature\Consistency\CoreTenantConsistencyTest::voter_slug_and_election_organisation_must_be_consistent(). Metadata in doc-comments is deprecated and will no longer be supported in PHPUnit 12. Update your test code to use attributes instead.

  [30;43;1m WARN [39;49;22m Metadata found in doc-comment for method Tests\Feature\Consistency\TenantConsistencyTest::platform_election_is_accessible_to_all_organisations(). Metadata in doc-comments is deprecated and will no longer be supported in PHPUnit 12. Update your test code to use attributes instead.

  [30;43;1m WARN [39;49;22m Metadata found in doc-comment for method Tests\Feature\Consistency\TenantConsistencyTest::organisation_election_is_only_accessible_to_its_own_users(). Metadata in doc-comments is deprecated and will no longer be supported in PHPUnit 12. Update your test code to use attributes instead.

  [30;43;1m WARN [39;49;22m Metadata found in doc-comment for method Tests\Feature\Consistency\TenantConsistencyTest::posts_belong_to_correct_organisation_and_election(). Metadata in doc-comments is deprecated and will no longer be supported in PHPUnit 12. Update your test code to use attributes instead.

  [30;43;1m WARN [39;49;22m Metadata found in doc-comment for method Tests\Feature\Consistency\TenantConsistencyTest::candidates_belong_to_correct_organisation_and_election(). Metadata in doc-comments is deprecated and will no longer be supported in PHPUnit 12. Update your test code to use attributes instead.

  [30;43;1m WARN [39;49;22m Metadata found in doc-comment for method Tests\Feature\Consistency\TenantConsistencyTest::codes_are_created_with_correct_organisation_and_election(). Metadata in doc-comments is deprecated and will no longer be supported in PHPUnit 12. Update your test code to use attributes instead.

  [30;43;1m WARN [39;49;22m Metadata found in doc-comment for method Tests\Feature\Consistency\TenantConsistencyTest::voter_slugs_lock_user_to_specific_election(). Metadata in doc-comments is deprecated and will no longer be supported in PHPUnit 12. Update your test code to use attributes instead.

  [30;43;1m WARN [39;49;22m Metadata found in doc-comment for method Tests\Feature\Consistency\TenantConsistencyTest::votes_are_anonymous_but_maintain_organisation_and_election_context(). Metadata in doc-comments is deprecated and will no longer be supported in PHPUnit 12. Update your test code to use attributes instead.

  [30;43;1m WARN [39;49;22m Metadata found in doc-comment for method Tests\Feature\Consistency\TenantConsistencyTest::results_aggregate_votes_correctly_by_organisation_and_election(). Metadata in doc-comments is deprecated and will no longer be supported in PHPUnit 12. Update your test code to use attributes instead.

  [30;43;1m WARN [39;49;22m Metadata found in doc-comment for method Tests\Feature\Consistency\TenantConsistencyTest::cross_organisation_data_is_strictly_isolated(). Metadata in doc-comments is deprecated and will no longer be supported in PHPUnit 12. Update your test code to use attributes instead.

  [30;43;1m WARN [39;49;22m Metadata found in doc-comment for method Tests\Feature\Consistency\TenantConsistencyTest::middleware_chain_enforces_organisation_consistency(). Metadata in doc-comments is deprecated and will no longer be supported in PHPUnit 12. Update your test code to use attributes instead.

  [30;43;1m WARN [39;49;22m Metadata found in doc-comment for method Tests\Feature\Consistency\TenantConsistencyTest::database_constraints_prevent_organisation_mismatch(). Metadata in doc-comments is deprecated and will no longer be supported in PHPUnit 12. Update your test code to use attributes instead.

  [30;43;1m WARN [39;49;22m Metadata found in doc-comment for method Tests\Feature\Consistency\TenantConsistencyTest::platform_user_can_access_all_organisations_data(). Metadata in doc-comments is deprecated and will no longer be supported in PHPUnit 12. Update your test code to use attributes instead.

  [30;43;1m WARN [39;49;22m Metadata found in doc-comment for method Tests\Feature\Consistency\TenantIsolationTest::platform_organisation_exists_with_platform_slug(). Metadata in doc-comments is deprecated and will no longer be supported in PHPUnit 12. Update your test code to use attributes instead.

  [30;43;1m WARN [39;49;22m Metadata found in doc-comment for method Tests\Feature\Consistency\TenantIsolationTest::platform_elections_have_platform_organisation_id(). Metadata in doc-comments is deprecated and will no longer be supported in PHPUnit 12. Update your test code to use attributes instead.

  [30;43;1m WARN [39;49;22m Metadata found in doc-comment for method Tests\Feature\Consistency\TenantIsolationTest::elections_have_status_field(). Metadata in doc-comments is deprecated and will no longer be supported in PHPUnit 12. Update your test code to use attributes instead.

  [30;43;1m WARN [39;49;22m Metadata found in doc-comment for method Tests\Feature\Consistency\TenantIsolationTest::voter_slug_has_election_id(). Metadata in doc-comments is deprecated and will no longer be supported in PHPUnit 12. Update your test code to use attributes instead.

  [30;43;1m WARN [39;49;22m Metadata found in doc-comment for method Tests\Feature\Consistency\TenantIsolationTest::code_maintains_election_and_org_context(). Metadata in doc-comments is deprecated and will no longer be supported in PHPUnit 12. Update your test code to use attributes instead.

  [30;43;1m WARN [39;49;22m Metadata found in doc-comment for method Tests\Feature\Consistency\TenantIsolationTest::multiple_organisations_are_isolated(). Metadata in doc-comments is deprecated and will no longer be supported in PHPUnit 12. Update your test code to use attributes instead.

  [30;43;1m WARN [39;49;22m Metadata found in doc-comment for method Tests\Feature\Consistency\TenantIsolationTest::voter_slug_relationship_to_election_exists(). Metadata in doc-comments is deprecated and will no longer be supported in PHPUnit 12. Update your test code to use attributes instead.

  [30;43;1m WARN [39;49;22m Metadata found in doc-comment for method Tests\Feature\Consistency\TenantIsolationTest::voter_slug_is_immutable_to_election(). Metadata in doc-comments is deprecated and will no longer be supported in PHPUnit 12. Update your test code to use attributes instead.

  [30;43;1m WARN [39;49;22m Metadata found in doc-comment for method Tests\Feature\Consistency\TenantIsolationTest::multiple_users_can_be_assigned_to_different_organisations(). Metadata in doc-comments is deprecated and will no longer be supported in PHPUnit 12. Update your test code to use attributes instead.

  [30;43;1m WARN [39;49;22m Metadata found in doc-comment for method Tests\Feature\Console\SetupDemoElectionTest::it_creates_demo_election_with_slug_parameter(). Metadata in doc-comments is deprecated and will no longer be supported in PHPUnit 12. Update your test code to use attributes instead.

  [30;43;1m WARN [39;49;22m Metadata found in doc-comment for method Tests\Feature\Console\SetupDemoElectionTest::it_creates_demo_election_with_id_parameter(). Metadata in doc-comments is deprecated and will no longer be supported in PHPUnit 12. Update your test code to use attributes instead.

  [30;43;1m WARN [39;49;22m Metadata found in doc-comment for method Tests\Feature\Console\SetupDemoElectionTest::it_fails_with_nonexistent_organisation(). Metadata in doc-comments is deprecated and will no longer be supported in PHPUnit 12. Update your test code to use attributes instead.

  [30;43;1m WARN [39;49;22m Metadata found in doc-comment for method Tests\Feature\Console\SetupDemoElectionTest::it_creates_national_posts(). Metadata in doc-comments is deprecated and will no longer be supported in PHPUnit 12. Update your test code to use attributes instead.

  [30;43;1m WARN [39;49;22m Metadata found in doc-comment for method Tests\Feature\Console\SetupDemoElectionTest::it_creates_regional_posts(). Metadata in doc-comments is deprecated and will no longer be supported in PHPUnit 12. Update your test code to use attributes instead.

  [30;43;1m WARN [39;49;22m Metadata found in doc-comment for method Tests\Feature\Console\SetupDemoElectionTest::it_creates_candidates_for_posts(). Metadata in doc-comments is deprecated and will no longer be supported in PHPUnit 12. Update your test code to use attributes instead.

  [30;43;1m WARN [39;49;22m Metadata found in doc-comment for method Tests\Feature\Console\SetupDemoElectionTest::it_resets_existing_demo_election_with_force_flag(). Metadata in doc-comments is deprecated and will no longer be supported in PHPUnit 12. Update your test code to use attributes instead.

  [30;43;1m WARN [39;49;22m Metadata found in doc-comment for method Tests\Feature\Console\SetupDemoElectionTest::it_handles_soft_deleted_election_with_clean_flag(). Metadata in doc-comments is deprecated and will no longer be supported in PHPUnit 12. Update your test code to use attributes instead.

  [30;43;1m WARN [39;49;22m Metadata found in doc-comment for method Tests\Feature\Console\SetupDemoElectionTest::it_reuses_existing_demo_election_without_force(). Metadata in doc-comments is deprecated and will no longer be supported in PHPUnit 12. Update your test code to use attributes instead.

  [30;43;1m WARN [39;49;22m Metadata found in doc-comment for method Tests\Feature\Console\SetupDemoElectionTest::it_sets_election_as_active(). Metadata in doc-comments is deprecated and will no longer be supported in PHPUnit 12. Update your test code to use attributes instead.

  [30;43;1m WARN [39;49;22m Metadata found in doc-comment for method Tests\Feature\Console\SetupDemoElectionTest::it_creates_posts_with_correct_position_order(). Metadata in doc-comments is deprecated and will no longer be supported in PHPUnit 12. Update your test code to use attributes instead.

  [30;43;1m WARN [39;49;22m Metadata found in doc-comment for method Tests\Feature\Console\SetupDemoElectionTest::it_creates_unique_candidate_names(). Metadata in doc-comments is deprecated and will no longer be supported in PHPUnit 12. Update your test code to use attributes instead.

  [30;43;1m WARN [39;49;22m Metadata found in doc-comment for method Tests\Feature\Console\SetupDemoElectionTest::it_scopes_election_to_organisation(). Metadata in doc-comments is deprecated and will no longer be supported in PHPUnit 12. Update your test code to use attributes instead.

  [30;43;1m WARN [39;49;22m Metadata found in doc-comment for method Tests\Feature\Console\SetupDemoElectionTest::it_handles_soft_deleted_election_without_force(). Metadata in doc-comments is deprecated and will no longer be supported in PHPUnit 12. Update your test code to use attributes instead.

  [30;43;1m WARN [39;49;22m Metadata found in doc-comment for method Tests\Feature\Console\SetupDemoElectionTest::it_creates_all_regions_with_proper_count(). Metadata in doc-comments is deprecated and will no longer be supported in PHPUnit 12. Update your test code to use attributes instead.

  [30;43;1m WARN [39;49;22m Metadata found in doc-comment for method Tests\Feature\Console\SetupDemoElectionTest::it_creates_correct_candidate_counts(). Metadata in doc-comments is deprecated and will no longer be supported in PHPUnit 12. Update your test code to use attributes instead.

  [30;43;1m WARN [39;49;22m Metadata found in doc-comment for method Tests\Feature\Console\SetupDemoElectionTest::it_uses_default_organization_publicdigit(). Metadata in doc-comments is deprecated and will no longer be supported in PHPUnit 12. Update your test code to use attributes instead.

  [30;43;1m WARN [39;49;22m Metadata found in doc-comment for method Tests\Feature\Contribution\ContributionPointsServiceTest::it_calculates_points_and_writes_to_ledger(). Metadata in doc-comments is deprecated and will no longer be supported in PHPUnit 12. Update your test code to use attributes instead.

  [30;43;1m WARN [39;49;22m Metadata found in doc-comment for method Tests\Feature\Contribution\ContributionPointsServiceTest::weekly_cap_is_enforced_across_multiple_contributions(). Metadata in doc-comments is deprecated and will no longer be supported in PHPUnit 12. Update your test code to use attributes instead.

  [30;43;1m WARN [39;49;22m Metadata found in doc-comment for method Tests\Feature\Contribution\ContributionPointsServiceTest::it_returns_zero_points_when_weekly_cap_already_reached(). Metadata in doc-comments is deprecated and will no longer be supported in PHPUnit 12. Update your test code to use attributes instead.

  [30;43;1m WARN [39;49;22m Metadata found in doc-comment for method Tests\Feature\Contribution\ContributionPointsServiceTest::non_micro_tracks_are_not_subject_to_weekly_cap(). Metadata in doc-comments is deprecated and will no longer be supported in PHPUnit 12. Update your test code to use attributes instead.

  [30;43;1m WARN [39;49;22m Metadata found in doc-comment for method Tests\Feature\Contribution\ContributionPointsServiceTest::get_weekly_points_sums_only_current_week_earned_entries(). Metadata in doc-comments is deprecated and will no longer be supported in PHPUnit 12. Update your test code to use attributes instead.

  [30;43;1m WARN [39;49;22m Metadata found in doc-comment for method Tests\Feature\Contribution\LeaderboardServiceTest::public_users_appear_with_real_name(). Metadata in doc-comments is deprecated and will no longer be supported in PHPUnit 12. Update your test code to use attributes instead.

  [30;43;1m WARN [39;49;22m Metadata found in doc-comment for method Tests\Feature\Contribution\LeaderboardServiceTest::anonymous_users_appear_as_contributor_number(). Metadata in doc-comments is deprecated and will no longer be supported in PHPUnit 12. Update your test code to use attributes instead.

  [30;43;1m WARN [39;49;22m Metadata found in doc-comment for method Tests\Feature\Contribution\LeaderboardServiceTest::private_users_are_excluded_from_leaderboard(). Metadata in doc-comments is deprecated and will no longer be supported in PHPUnit 12. Update your test code to use attributes instead.

  [30;43;1m WARN [39;49;22m Metadata found in doc-comment for method Tests\Feature\Contribution\LeaderboardServiceTest::leaderboard_is_sorted_by_total_points_descending(). Metadata in doc-comments is deprecated and will no longer be supported in PHPUnit 12. Update your test code to use attributes instead.

  [30;43;1m WARN [39;49;22m Metadata found in doc-comment for method Tests\Feature\Contribution\LeaderboardServiceTest::leaderboard_is_scoped_to_organisation(). Metadata in doc-comments is deprecated and will no longer be supported in PHPUnit 12. Update your test code to use attributes instead.

  [30;43;1m WARN [39;49;22m Metadata found in doc-comment for method Tests\Feature\Contribution\PointsCalculatorTest::micro_track_contribution_calculates_correctly(). Metadata in doc-comments is deprecated and will no longer be supported in PHPUnit 12. Update your test code to use attributes instead.

  [30;43;1m WARN [39;49;22m Metadata found in doc-comment for method Tests\Feature\Contribution\PointsCalculatorTest::weekly_cap_enforces_on_micro_track(). Metadata in doc-comments is deprecated and will no longer be supported in PHPUnit 12. Update your test code to use attributes instead.

  [30;43;1m WARN [39;49;22m Metadata found in doc-comment for method Tests\Feature\Contribution\PointsCalculatorTest::standard_track_with_photo_verification(). Metadata in doc-comments is deprecated and will no longer be supported in PHPUnit 12. Update your test code to use attributes instead.

  [30;43;1m WARN [39;49;22m Metadata found in doc-comment for method Tests\Feature\Contribution\PointsCalculatorTest::major_track_with_institutional_verification_and_recurring_bonus(). Metadata in doc-comments is deprecated and will no longer be supported in PHPUnit 12. Update your test code to use attributes instead.

  [30;43;1m WARN [39;49;22m Metadata found in doc-comment for method Tests\Feature\Contribution\PointsCalculatorTest::synergy_multiplier_rewards_unique_skills(). Metadata in doc-comments is deprecated and will no longer be supported in PHPUnit 12. Update your test code to use attributes instead.

  [30;43;1m WARN [39;49;22m Metadata found in doc-comment for method Tests\Feature\Contribution\PointsCalculatorTest::multiplier_cap_prevents_explosion(). Metadata in doc-comments is deprecated and will no longer be supported in PHPUnit 12. Update your test code to use attributes instead.

  [30;43;1m WARN [39;49;22m Metadata found in doc-comment for method Tests\Feature\Contribution\PointsCalculatorTest::diminishing_returns_applies_after_20_hours(). Metadata in doc-comments is deprecated and will no longer be supported in PHPUnit 12. Update your test code to use attributes instead.

  [30;43;1m WARN [39;49;22m Metadata found in doc-comment for method Tests\Feature\Contribution\PointsCalculatorTest::community_attestation_provides_grassroots_alternative(). Metadata in doc-comments is deprecated and will no longer be supported in PHPUnit 12. Update your test code to use attributes instead.

  [30;43;1m WARN [39;49;22m Metadata found in doc-comment for method Tests\Feature\Contribution\PointsCalculatorTest::points_are_stored_as_integers(). Metadata in doc-comments is deprecated and will no longer be supported in PHPUnit 12. Update your test code to use attributes instead.

  [30;43;1m WARN [39;49;22m Metadata found in doc-comment for method Tests\Feature\DebugUserFactoryTest::can_create_user_with_factory(). Metadata in doc-comments is deprecated and will no longer be supported in PHPUnit 12. Update your test code to use attributes instead.

  [30;43;1m WARN [39;49;22m Metadata found in doc-comment for method Tests\Feature\DebugUserFactoryTest::can_create_user_in_database(). Metadata in doc-comments is deprecated and will no longer be supported in PHPUnit 12. Update your test code to use attributes instead.

  [30;43;1m WARN [39;49;22m Metadata found in doc-comment for method Tests\Feature\DebugUserFactoryTest::can_create_user_with_factory_and_save(). Metadata in doc-comments is deprecated and will no longer be supported in PHPUnit 12. Update your test code to use attributes instead.

  [30;43;1m WARN [39;49;22m Metadata found in doc-comment for method Tests\Feature\DemoAndRealElectionVotingTest::demo_vote_verification_code_is_generated_on_save(). Metadata in doc-comments is deprecated and will no longer be supported in PHPUnit 12. Update your test code to use attributes instead.

  [30;43;1m WARN [39;49;22m Metadata found in doc-comment for method Tests\Feature\DemoAndRealElectionVotingTest::demo_vote_can_be_verified_by_verification_code(). Metadata in doc-comments is deprecated and will no longer be supported in PHPUnit 12. Update your test code to use attributes instead.

  [30;43;1m WARN [39;49;22m Metadata found in doc-comment for method Tests\Feature\DemoAndRealElectionVotingTest::demo_vote_verification_code_is_unique_per_vote(). Metadata in doc-comments is deprecated and will no longer be supported in PHPUnit 12. Update your test code to use attributes instead.

  [30;43;1m WARN [39;49;22m Metadata found in doc-comment for method Tests\Feature\DemoAndRealElectionVotingTest::demo_election_allows_multiple_votes_per_user(). Metadata in doc-comments is deprecated and will no longer be supported in PHPUnit 12. Update your test code to use attributes instead.

  [30;43;1m WARN [39;49;22m Metadata found in doc-comment for method Tests\Feature\DemoAndRealElectionVotingTest::demo_votes_are_stored_separately_from_real_votes(). Metadata in doc-comments is deprecated and will no longer be supported in PHPUnit 12. Update your test code to use attributes instead.

  [30;43;1m WARN [39;49;22m Metadata found in doc-comment for method Tests\Feature\DemoAndRealElectionVotingTest::real_election_blocks_second_vote(). Metadata in doc-comments is deprecated and will no longer be supported in PHPUnit 12. Update your test code to use attributes instead.

  [30;43;1m WARN [39;49;22m Metadata found in doc-comment for method Tests\Feature\DemoAndRealElectionVotingTest::real_election_vote_has_no_verification_code_at_save(). Metadata in doc-comments is deprecated and will no longer be supported in PHPUnit 12. Update your test code to use attributes instead.

  [30;43;1m WARN [39;49;22m Metadata found in doc-comment for method Tests\Feature\DemoAndRealElectionVotingTest::real_vote_verification_uses_email_based_code(). Metadata in doc-comments is deprecated and will no longer be supported in PHPUnit 12. Update your test code to use attributes instead.

  [30;43;1m WARN [39;49;22m Metadata found in doc-comment for method Tests\Feature\DemoAndRealElectionVotingTest::demo_election_voter_progresses_through_5_steps(). Metadata in doc-comments is deprecated and will no longer be supported in PHPUnit 12. Update your test code to use attributes instead.

  [30;43;1m WARN [39;49;22m Metadata found in doc-comment for method Tests\Feature\DemoAndRealElectionVotingTest::demo_and_real_elections_have_separate_voter_slugs(). Metadata in doc-comments is deprecated and will no longer be supported in PHPUnit 12. Update your test code to use attributes instead.

  [30;43;1m WARN [39;49;22m Metadata found in doc-comment for method Tests\Feature\DemoAndRealElectionVotingTest::demo_vote_verification_code_can_be_copied_and_pasted(). Metadata in doc-comments is deprecated and will no longer be supported in PHPUnit 12. Update your test code to use attributes instead.

  [30;43;1m WARN [39;49;22m Metadata found in doc-comment for method Tests\Feature\DemoAndRealElectionVotingTest::demo_vote_verification_code_format_is_hex_32_chars(). Metadata in doc-comments is deprecated and will no longer be supported in PHPUnit 12. Update your test code to use attributes instead.

  [30;43;1m WARN [39;49;22m Metadata found in doc-comment for method Tests\Feature\DemoAndRealElectionVotingTest::demo_election_type_is_correctly_identified(). Metadata in doc-comments is deprecated and will no longer be supported in PHPUnit 12. Update your test code to use attributes instead.

  [30;43;1m WARN [39;49;22m Metadata found in doc-comment for method Tests\Feature\DemoAndRealElectionVotingTest::real_election_type_is_correctly_identified(). Metadata in doc-comments is deprecated and will no longer be supported in PHPUnit 12. Update your test code to use attributes instead.

  [30;43;1m WARN [39;49;22m Metadata found in doc-comment for method Tests\Feature\DemoAndRealElectionVotingTest::votes_belong_to_correct_election_type(). Metadata in doc-comments is deprecated and will no longer be supported in PHPUnit 12. Update your test code to use attributes instead.

  [30;43;1m WARN [39;49;22m Metadata found in doc-comment for method Tests\Feature\DemoAndRealElectionVotingTest::demo_vote_stores_all_candidate_selections(). Metadata in doc-comments is deprecated and will no longer be supported in PHPUnit 12. Update your test code to use attributes instead.

  [30;43;1m WARN [39;49;22m Metadata found in doc-comment for method Tests\Feature\DemoAndRealElectionVotingTest::demo_vote_no_vote_option_is_stored_correctly(). Metadata in doc-comments is deprecated and will no longer be supported in PHPUnit 12. Update your test code to use attributes instead.

  [30;43;1m WARN [39;49;22m Metadata found in doc-comment for method Tests\Feature\DemoVoteVerificationCodeTest::generated_verification_code_matches_stored_code(). Metadata in doc-comments is deprecated and will no longer be supported in PHPUnit 12. Update your test code to use attributes instead.

  [30;43;1m WARN [39;49;22m Metadata found in doc-comment for class Tests\Feature\DemoVoteVerificationCodeTest. Metadata in doc-comments is deprecated and will no longer be supported in PHPUnit 12. Update your test code to use attributes instead.

  [30;43;1m WARN [39;49;22m Metadata found in doc-comment for method Tests\Feature\DemoVoteVerificationCodeTest::lookup_demo_vote_by_verification_code_finds_vote(). Metadata in doc-comments is deprecated and will no longer be supported in PHPUnit 12. Update your test code to use attributes instead.

  [30;43;1m WARN [39;49;22m Metadata found in doc-comment for method Tests\Feature\DemoVoteVerificationCodeTest::whitespace_handling_in_verification_code(). Metadata in doc-comments is deprecated and will no longer be supported in PHPUnit 12. Update your test code to use attributes instead.

  [30;43;1m WARN [39;49;22m Metadata found in doc-comment for method Tests\Feature\DemoVoteVerificationCodeTest::retrieved_code_matches_stored_code_exactly(). Metadata in doc-comments is deprecated and will no longer be supported in PHPUnit 12. Update your test code to use attributes instead.

  [30;43;1m WARN [39;49;22m Metadata found in doc-comment for method Tests\Feature\DemoVoteVerificationCodeTest::non_existent_verification_code_returns_null(). Metadata in doc-comments is deprecated and will no longer be supported in PHPUnit 12. Update your test code to use attributes instead.

  [30;43;1m WARN [39;49;22m Metadata found in doc-comment for method Tests\Feature\DemoVoteVerificationCodeTest::verification_code_format_with_underscore_and_number(). Metadata in doc-comments is deprecated and will no longer be supported in PHPUnit 12. Update your test code to use attributes instead.

  [30;43;1m WARN [39;49;22m Metadata found in doc-comment for method Tests\Feature\Demo\OrgDemoVotePersistenceTest::demo_vote_organisation_id_uses_election_when_session_absent(). Metadata in doc-comments is deprecated and will no longer be supported in PHPUnit 12. Update your test code to use attributes instead.

  [30;43;1m WARN [39;49;22m Metadata found in doc-comment for method Tests\Feature\Demo\OrgDemoVotePersistenceTest::demo_result_organisation_id_uses_election_when_session_absent(). Metadata in doc-comments is deprecated and will no longer be supported in PHPUnit 12. Update your test code to use attributes instead.

  [30;43;1m WARN [39;49;22m Metadata found in doc-comment for method Tests\Feature\Demo\OrgDemoVotePersistenceTest::demo_vote_uses_session_organisation_when_present(). Metadata in doc-comments is deprecated and will no longer be supported in PHPUnit 12. Update your test code to use attributes instead.

  [30;43;1m WARN [39;49;22m Metadata found in doc-comment for method Tests\Feature\Demo\OrgDemoVotePersistenceTest::demo_votes_are_never_null_for_org_demo_elections(). Metadata in doc-comments is deprecated and will no longer be supported in PHPUnit 12. Update your test code to use attributes instead.

  [30;43;1m WARN [39;49;22m Metadata found in doc-comment for method Tests\Feature\Demo\PublicDemoFlowTest::anonymous_visitor_can_start_public_demo(). Metadata in doc-comments is deprecated and will no longer be supported in PHPUnit 12. Update your test code to use attributes instead.

  [30;43;1m WARN [39;49;22m Metadata found in doc-comment for method Tests\Feature\Demo\PublicDemoFlowTest::same_session_reuses_existing_demo_session(). Metadata in doc-comments is deprecated and will no longer be supported in PHPUnit 12. Update your test code to use attributes instead.

  [30;43;1m WARN [39;49;22m Metadata found in doc-comment for method Tests\Feature\Demo\PublicDemoFlowTest::step1_renders_code_entry_page_with_code_displayed(). Metadata in doc-comments is deprecated and will no longer be supported in PHPUnit 12. Update your test code to use attributes instead.

  [30;43;1m WARN [39;49;22m Metadata found in doc-comment for method Tests\Feature\Demo\PublicDemoFlowTest::step1_accepts_the_displayed_code_and_advances(). Metadata in doc-comments is deprecated and will no longer be supported in PHPUnit 12. Update your test code to use attributes instead.

  [30;43;1m WARN [39;49;22m Metadata found in doc-comment for method Tests\Feature\Demo\PublicDemoFlowTest::step1_rejects_wrong_code(). Metadata in doc-comments is deprecated and will no longer be supported in PHPUnit 12. Update your test code to use attributes instead.

  [30;43;1m WARN [39;49;22m Metadata found in doc-comment for method Tests\Feature\Demo\PublicDemoFlowTest::step2_renders_agreement_page(). Metadata in doc-comments is deprecated and will no longer be supported in PHPUnit 12. Update your test code to use attributes instead.

  [30;43;1m WARN [39;49;22m Metadata found in doc-comment for method Tests\Feature\Demo\PublicDemoFlowTest::step2_agreement_accepted_advances_to_vote(). Metadata in doc-comments is deprecated and will no longer be supported in PHPUnit 12. Update your test code to use attributes instead.

  [30;43;1m WARN [39;49;22m Metadata found in doc-comment for method Tests\Feature\Demo\PublicDemoFlowTest::step3_renders_vote_page(). Metadata in doc-comments is deprecated and will no longer be supported in PHPUnit 12. Update your test code to use attributes instead.

  [30;43;1m WARN [39;49;22m Metadata found in doc-comment for method Tests\Feature\Demo\PublicDemoFlowTest::step3_vote_saved_and_advances_to_verify(). Metadata in doc-comments is deprecated and will no longer be supported in PHPUnit 12. Update your test code to use attributes instead.

  [30;43;1m WARN [39;49;22m Metadata found in doc-comment for method Tests\Feature\Demo\PublicDemoFlowTest::step4_renders_verify_page(). Metadata in doc-comments is deprecated and will no longer be supported in PHPUnit 12. Update your test code to use attributes instead.

  [30;43;1m WARN [39;49;22m Metadata found in doc-comment for method Tests\Feature\Demo\PublicDemoFlowTest::step4_final_submit_records_vote_and_advances(). Metadata in doc-comments is deprecated and will no longer be supported in PHPUnit 12. Update your test code to use attributes instead.

  [30;43;1m WARN [39;49;22m Metadata found in doc-comment for method Tests\Feature\Demo\PublicDemoFlowTest::step5_thank_you_page_renders(). Metadata in doc-comments is deprecated and will no longer be supported in PHPUnit 12. Update your test code to use attributes instead.

  [30;43;1m WARN [39;49;22m Metadata found in doc-comment for method Tests\Feature\Demo\PublicDemoFlowTest::two_independent_sessions_get_isolated_demo_sessions(). Metadata in doc-comments is deprecated and will no longer be supported in PHPUnit 12. Update your test code to use attributes instead.

  [30;43;1m WARN [39;49;22m Metadata found in doc-comment for method Tests\Feature\Demo\PublicDemoResultsTest::public_demo_results_route_is_defined(). Metadata in doc-comments is deprecated and will no longer be supported in PHPUnit 12. Update your test code to use attributes instead.

  [30;43;1m WARN [39;49;22m Metadata found in doc-comment for method Tests\Feature\Demo\PublicDemoResultsTest::it_renders_the_inertia_index_with_calculated_aggregates(). Metadata in doc-comments is deprecated and will no longer be supported in PHPUnit 12. Update your test code to use attributes instead.

  [30;43;1m WARN [39;49;22m Metadata found in doc-comment for method Tests\Feature\Demo\PublicDemoResultsTest::it_redirects_to_guide_if_election_is_inactive(). Metadata in doc-comments is deprecated and will no longer be supported in PHPUnit 12. Update your test code to use attributes instead.

  [30;43;1m WARN [39;49;22m Metadata found in doc-comment for method Tests\Feature\ElectionStateMachineTest::fresh_election_defaults_to_draft_state(). Metadata in doc-comments is deprecated and will no longer be supported in PHPUnit 12. Update your test code to use attributes instead.

  [30;43;1m WARN [39;49;22m Metadata found in doc-comment for method Tests\Feature\ElectionStateMachineTest::state_is_nomination_after_administration_completed(). Metadata in doc-comments is deprecated and will no longer be supported in PHPUnit 12. Update your test code to use attributes instead.

  [30;43;1m WARN [39;49;22m Metadata found in doc-comment for method Tests\Feature\ElectionStateMachineTest::state_remains_nomination_after_nomination_completed_until_voting_starts(). Metadata in doc-comments is deprecated and will no longer be supported in PHPUnit 12. Update your test code to use attributes instead.

  [30;43;1m WARN [39;49;22m Metadata found in doc-comment for method Tests\Feature\ElectionStateMachineTest::state_is_voting_when_within_voting_window(). Metadata in doc-comments is deprecated and will no longer be supported in PHPUnit 12. Update your test code to use attributes instead.

  [30;43;1m WARN [39;49;22m Metadata found in doc-comment for method Tests\Feature\ElectionStateMachineTest::state_is_results_pending_after_voting_ends_without_publication(). Metadata in doc-comments is deprecated and will no longer be supported in PHPUnit 12. Update your test code to use attributes instead.

  [30;43;1m WARN [39;49;22m Metadata found in doc-comment for method Tests\Feature\ElectionStateMachineTest::state_is_results_when_results_published_at_is_set(). Metadata in doc-comments is deprecated and will no longer be supported in PHPUnit 12. Update your test code to use attributes instead.

  [30;43;1m WARN [39;49;22m Metadata found in doc-comment for method Tests\Feature\ElectionStateMachineTest::results_state_takes_priority_over_voting_window(). Metadata in doc-comments is deprecated and will no longer be supported in PHPUnit 12. Update your test code to use attributes instead.

  [30;43;1m WARN [39;49;22m Metadata found in doc-comment for method Tests\Feature\ElectionStateMachineTest::administration_state_allows_manage_posts(). Metadata in doc-comments is deprecated and will no longer be supported in PHPUnit 12. Update your test code to use attributes instead.

  [30;43;1m WARN [39;49;22m Metadata found in doc-comment for method Tests\Feature\ElectionStateMachineTest::nomination_state_allows_candidacy_actions(). Metadata in doc-comments is deprecated and will no longer be supported in PHPUnit 12. Update your test code to use attributes instead.

  [30;43;1m WARN [39;49;22m Metadata found in doc-comment for method Tests\Feature\ElectionStateMachineTest::voting_state_allows_cast_vote_only(). Metadata in doc-comments is deprecated and will no longer be supported in PHPUnit 12. Update your test code to use attributes instead.

  [30;43;1m WARN [39;49;22m Metadata found in doc-comment for method Tests\Feature\ElectionStateMachineTest::results_state_allows_view_results(). Metadata in doc-comments is deprecated and will no longer be supported in PHPUnit 12. Update your test code to use attributes instead.

  [30;43;1m WARN [39;49;22m Metadata found in doc-comment for method Tests\Feature\ElectionStateMachineTest::cannot_complete_administration_without_posts(). Metadata in doc-comments is deprecated and will no longer be supported in PHPUnit 12. Update your test code to use attributes instead.

  [30;43;1m WARN [39;49;22m Metadata found in doc-comment for method Tests\Feature\ElectionStateMachineTest::cannot_complete_administration_without_voters(). Metadata in doc-comments is deprecated and will no longer be supported in PHPUnit 12. Update your test code to use attributes instead.

  [30;43;1m WARN [39;49;22m Metadata found in doc-comment for method Tests\Feature\ElectionStateMachineTest::complete_administration_transitions_to_nomination(). Metadata in doc-comments is deprecated and will no longer be supported in PHPUnit 12. Update your test code to use attributes instead.

  [30;43;1m WARN [39;49;22m Metadata found in doc-comment for method Tests\Feature\ElectionStateMachineTest::completing_administration_auto_sets_nomination_suggested_dates(). Metadata in doc-comments is deprecated and will no longer be supported in PHPUnit 12. Update your test code to use attributes instead.

  [30;43;1m WARN [39;49;22m Metadata found in doc-comment for method Tests\Feature\ElectionStateMachineTest::cannot_complete_nomination_with_pending_candidates(). Metadata in doc-comments is deprecated and will no longer be supported in PHPUnit 12. Update your test code to use attributes instead.

  [30;43;1m WARN [39;49;22m Metadata found in doc-comment for method Tests\Feature\ElectionStateMachineTest::complete_nomination_transitions_state_correctly(). Metadata in doc-comments is deprecated and will no longer be supported in PHPUnit 12. Update your test code to use attributes instead.

  [30;43;1m WARN [39;49;22m Metadata found in doc-comment for method Tests\Feature\ElectionStateMachineTest::completing_nomination_auto_sets_voting_dates(). Metadata in doc-comments is deprecated and will no longer be supported in PHPUnit 12. Update your test code to use attributes instead.

  [30;43;1m WARN [39;49;22m Metadata found in doc-comment for method Tests\Feature\ElectionStateMachineTest::force_close_nomination_rejects_pending_candidates(). Metadata in doc-comments is deprecated and will no longer be supported in PHPUnit 12. Update your test code to use attributes instead.

  [30;43;1m WARN [39;49;22m Metadata found in doc-comment for method Tests\Feature\ElectionStateMachineTest::cannot_force_close_nomination_after_voting_started(). Metadata in doc-comments is deprecated and will no longer be supported in PHPUnit 12. Update your test code to use attributes instead.

  [30;43;1m WARN [39;49;22m Metadata found in doc-comment for method Tests\Feature\ElectionStateMachineTest::cannot_complete_administration_before_scheduled_start(). Metadata in doc-comments is deprecated and will no longer be supported in PHPUnit 12. Update your test code to use attributes instead.

  [30;43;1m WARN [39;49;22m Metadata found in doc-comment for method Tests\Feature\ElectionStateMachineTest::can_complete_administration_on_or_after_scheduled_start(). Metadata in doc-comments is deprecated and will no longer be supported in PHPUnit 12. Update your test code to use attributes instead.

  [30;43;1m WARN [39;49;22m Metadata found in doc-comment for method Tests\Feature\ElectionStateMachineTest::cannot_open_voting_before_voting_start_date(). Metadata in doc-comments is deprecated and will no longer be supported in PHPUnit 12. Update your test code to use attributes instead.

  [30;43;1m WARN [39;49;22m Metadata found in doc-comment for method Tests\Feature\ElectionStateMachineTest::can_open_voting_on_or_after_voting_start_date(). Metadata in doc-comments is deprecated and will no longer be supported in PHPUnit 12. Update your test code to use attributes instead.

  [30;43;1m WARN [39;49;22m Metadata found in doc-comment for method Tests\Feature\ElectionStateMachineTest::why_cannot_open_voting_returns_reason_when_before_voting_start(). Metadata in doc-comments is deprecated and will no longer be supported in PHPUnit 12. Update your test code to use attributes instead.

  [30;43;1m WARN [39;49;22m Metadata found in doc-comment for method Tests\Feature\ElectionStateMachineTest::validates_voting_start_before_voting_end(). Metadata in doc-comments is deprecated and will no longer be supported in PHPUnit 12. Update your test code to use attributes instead.

  [30;43;1m WARN [39;49;22m Metadata found in doc-comment for method Tests\Feature\ElectionStateMachineTest::validates_voting_start_not_in_the_past(). Metadata in doc-comments is deprecated and will no longer be supported in PHPUnit 12. Update your test code to use attributes instead.

  [30;43;1m WARN [39;49;22m Metadata found in doc-comment for method Tests\Feature\ElectionStateMachineTest::state_info_returns_correct_color_for_each_state(). Metadata in doc-comments is deprecated and will no longer be supported in PHPUnit 12. Update your test code to use attributes instead.

  [30;43;1m WARN [39;49;22m Metadata found in doc-comment for method Tests\Feature\ElectionStateMachineTest::complete_administration_route_transitions_state(). Metadata in doc-comments is deprecated and will no longer be supported in PHPUnit 12. Update your test code to use attributes instead.

  [30;43;1m WARN [39;49;22m Metadata found in doc-comment for method Tests\Feature\ElectionStateMachineTest::complete_administration_route_requires_reason(). Metadata in doc-comments is deprecated and will no longer be supported in PHPUnit 12. Update your test code to use attributes instead.

  [30;43;1m WARN [39;49;22m Metadata found in doc-comment for method Tests\Feature\ElectionStateMachineTest::cannot_complete_administration_without_committee_members(). Metadata in doc-comments is deprecated and will no longer be supported in PHPUnit 12. Update your test code to use attributes instead.

  [30;43;1m WARN [39;49;22m Metadata found in doc-comment for method Tests\Feature\ElectionStateMachineTest::cannot_manage_settings_during_voting_phase(). Metadata in doc-comments is deprecated and will no longer be supported in PHPUnit 12. Update your test code to use attributes instead.

  [30;43;1m WARN [39;49;22m Metadata found in doc-comment for method Tests\Feature\ElectionStateMachineTest::auto_transition_flag_defaults_to_true(). Metadata in doc-comments is deprecated and will no longer be supported in PHPUnit 12. Update your test code to use attributes instead.

  [30;43;1m WARN [39;49;22m Metadata found in doc-comment for method Tests\Feature\ElectionStateMachineTest::grace_period_setting_applies_correctly(). Metadata in doc-comments is deprecated and will no longer be supported in PHPUnit 12. Update your test code to use attributes instead.

  [30;43;1m WARN [39;49;22m Metadata found in doc-comment for method Tests\Feature\ElectionStateMachineTest::election_created_event_is_dispatched_on_creation(). Metadata in doc-comments is deprecated and will no longer be supported in PHPUnit 12. Update your test code to use attributes instead.

  [30;43;1m WARN [39;49;22m Metadata found in doc-comment for method Tests\Feature\ElectionStateMachineTest::election_approved_event_is_dispatched(). Metadata in doc-comments is deprecated and will no longer be supported in PHPUnit 12. Update your test code to use attributes instead.

  [30;43;1m WARN [39;49;22m Metadata found in doc-comment for method Tests\Feature\ElectionStateMachineTest::administration_completed_event_is_dispatched(). Metadata in doc-comments is deprecated and will no longer be supported in PHPUnit 12. Update your test code to use attributes instead.

  [30;43;1m WARN [39;49;22m Metadata found in doc-comment for method Tests\Feature\ElectionStateMachineTest::nomination_completed_event_is_dispatched(). Metadata in doc-comments is deprecated and will no longer be supported in PHPUnit 12. Update your test code to use attributes instead.

  [30;43;1m WARN [39;49;22m Metadata found in doc-comment for method Tests\Feature\ElectionStateMachineTest::voting_opened_event_is_dispatched(). Metadata in doc-comments is deprecated and will no longer be supported in PHPUnit 12. Update your test code to use attributes instead.

  [30;43;1m WARN [39;49;22m Metadata found in doc-comment for method Tests\Feature\ElectionStateMachineTest::voting_closed_event_is_dispatched(). Metadata in doc-comments is deprecated and will no longer be supported in PHPUnit 12. Update your test code to use attributes instead.

  [30;43;1m WARN [39;49;22m Metadata found in doc-comment for method Tests\Feature\ElectionTimelineSettingsTest::timeline_page_is_accessible(). Metadata in doc-comments is deprecated and will no longer be supported in PHPUnit 12. Update your test code to use attributes instead.

  [30;43;1m WARN [39;49;22m Metadata found in doc-comment for method Tests\Feature\ElectionTimelineSettingsTest::timeline_page_redirects_guest_to_login(). Metadata in doc-comments is deprecated and will no longer be supported in PHPUnit 12. Update your test code to use attributes instead.

  [30;43;1m WARN [39;49;22m Metadata found in doc-comment for method Tests\Feature\ElectionTimelineSettingsTest::can_update_administration_dates(). Metadata in doc-comments is deprecated and will no longer be supported in PHPUnit 12. Update your test code to use attributes instead.

  [30;43;1m WARN [39;49;22m Metadata found in doc-comment for method Tests\Feature\ElectionTimelineSettingsTest::validates_end_date_after_start_date(). Metadata in doc-comments is deprecated and will no longer be supported in PHPUnit 12. Update your test code to use attributes instead.

  [30;43;1m WARN [39;49;22m Metadata found in doc-comment for method Tests\Feature\ElectionTimelineSettingsTest::can_update_all_phases_at_once(). Metadata in doc-comments is deprecated and will no longer be supported in PHPUnit 12. Update your test code to use attributes instead.

  [30;43;1m WARN [39;49;22m Metadata found in doc-comment for method Tests\Feature\ElectionTimelineSettingsTest::non_admin_cannot_update_timeline(). Metadata in doc-comments is deprecated and will no longer be supported in PHPUnit 12. Update your test code to use attributes instead.

  [30;43;1m WARN [39;49;22m Metadata found in doc-comment for method Tests\Feature\ElectionTimelineSettingsTest::validates_nomination_dates_chronologically(). Metadata in doc-comments is deprecated and will no longer be supported in PHPUnit 12. Update your test code to use attributes instead.

  [30;43;1m WARN [39;49;22m Metadata found in doc-comment for method Tests\Feature\ElectionTimelineSettingsTest::validates_phase_chronological_order(). Metadata in doc-comments is deprecated and will no longer be supported in PHPUnit 12. Update your test code to use attributes instead.

  [30;43;1m WARN [39;49;22m Metadata found in doc-comment for method Tests\Feature\ElectionTimelineSettingsTest::voting_start_date_cannot_be_in_past(). Metadata in doc-comments is deprecated and will no longer be supported in PHPUnit 12. Update your test code to use attributes instead.

  [30;43;1m WARN [39;49;22m Metadata found in doc-comment for method Tests\Feature\ElectionTimelineSettingsTest::setting_results_published_at_auto_publishes_results(). Metadata in doc-comments is deprecated and will no longer be supported in PHPUnit 12. Update your test code to use attributes instead.

  [30;43;1m WARN [39;49;22m Metadata found in doc-comment for method Tests\Feature\Election\CapacityApprovalTest::election_with_expected_40_voters_auto_approves(). Metadata in doc-comments is deprecated and will no longer be supported in PHPUnit 12. Update your test code to use attributes instead.

  [30;43;1m WARN [39;49;22m Metadata found in doc-comment for method Tests\Feature\Election\CapacityApprovalTest::election_with_expected_41_voters_goes_to_pending_approval(). Metadata in doc-comments is deprecated and will no longer be supported in PHPUnit 12. Update your test code to use attributes instead.

  [30;43;1m WARN [39;49;22m Metadata found in doc-comment for method Tests\Feature\Election\CapacityApprovalTest::auto_submit_creates_single_system_audit_record(). Metadata in doc-comments is deprecated and will no longer be supported in PHPUnit 12. Update your test code to use attributes instead.

  [30;43;1m WARN [39;49;22m Metadata found in doc-comment for method Tests\Feature\Election\CapacityApprovalTest::manual_submit_creates_manual_audit_record(). Metadata in doc-comments is deprecated and will no longer be supported in PHPUnit 12. Update your test code to use attributes instead.

  [30;43;1m WARN [39;49;22m Metadata found in doc-comment for method Tests\Feature\Election\CapacityApprovalTest::requires_approval_returns_true_when_over_limit(). Metadata in doc-comments is deprecated and will no longer be supported in PHPUnit 12. Update your test code to use attributes instead.

  [30;43;1m WARN [39;49;22m Metadata found in doc-comment for method Tests\Feature\Election\CapacityApprovalTest::requires_approval_returns_false_when_at_limit(). Metadata in doc-comments is deprecated and will no longer be supported in PHPUnit 12. Update your test code to use attributes instead.

  [30;43;1m WARN [39;49;22m Metadata found in doc-comment for method Tests\Feature\Election\CapacityApprovalTest::cannot_import_more_voters_than_expected_count(). Metadata in doc-comments is deprecated and will no longer be supported in PHPUnit 12. Update your test code to use attributes instead.

  [30;43;1m WARN [39;49;22m Metadata found in doc-comment for method Tests\Feature\Election\CapacityApprovalTest::can_import_voters_up_to_expected_count(). Metadata in doc-comments is deprecated and will no longer be supported in PHPUnit 12. Update your test code to use attributes instead.

  [30;43;1m WARN [39;49;22m Metadata found in doc-comment for class Tests\Feature\Election\ConstitutionalParityIntegrationTest. Metadata in doc-comments is deprecated and will no longer be supported in PHPUnit 12. Update your test code to use attributes instead.

  [30;43;1m WARN [39;49;22m Metadata found in doc-comment for method Tests\Feature\Election\CsvVoterImportTest::admin_can_import_voters_via_csv(). Metadata in doc-comments is deprecated and will no longer be supported in PHPUnit 12. Update your test code to use attributes instead.

  [30;43;1m WARN [39;49;22m Metadata found in doc-comment for method Tests\Feature\Election\CsvVoterImportTest::csv_import_validates_email_format(). Metadata in doc-comments is deprecated and will no longer be supported in PHPUnit 12. Update your test code to use attributes instead.

  [30;43;1m WARN [39;49;22m Metadata found in doc-comment for method Tests\Feature\Election\CsvVoterImportTest::csv_import_skips_already_assigned_voters(). Metadata in doc-comments is deprecated and will no longer be supported in PHPUnit 12. Update your test code to use attributes instead.

  [30;43;1m WARN [39;49;22m Metadata found in doc-comment for method Tests\Feature\Election\CsvVoterImportTest::csv_import_respects_membership_mode(). Metadata in doc-comments is deprecated and will no longer be supported in PHPUnit 12. Update your test code to use attributes instead.

  [30;43;1m WARN [39;49;22m Metadata found in doc-comment for method Tests\Feature\Election\CsvVoterImportTest::csv_import_handles_large_files_gracefully(). Metadata in doc-comments is deprecated and will no longer be supported in PHPUnit 12. Update your test code to use attributes instead.

  [30;43;1m WARN [39;49;22m Metadata found in doc-comment for method Tests\Feature\Election\ElectionSettingsControllerTest::admin_can_view_election_settings_page(). Metadata in doc-comments is deprecated and will no longer be supported in PHPUnit 12. Update your test code to use attributes instead.

  [30;43;1m WARN [39;49;22m Metadata found in doc-comment for method Tests\Feature\Election\ElectionSettingsControllerTest::non_admin_cannot_view_election_settings(). Metadata in doc-comments is deprecated and will no longer be supported in PHPUnit 12. Update your test code to use attributes instead.

  [30;43;1m WARN [39;49;22m Metadata found in doc-comment for method Tests\Feature\Election\ElectionSettingsControllerTest::settings_page_shows_has_votes_flag_for_demo_election(). Metadata in doc-comments is deprecated and will no longer be supported in PHPUnit 12. Update your test code to use attributes instead.

  [30;43;1m WARN [39;49;22m Metadata found in doc-comment for method Tests\Feature\Election\ElectionSettingsControllerTest::admin_can_update_basic_settings(). Metadata in doc-comments is deprecated and will no longer be supported in PHPUnit 12. Update your test code to use attributes instead.

  [30;43;1m WARN [39;49;22m Metadata found in doc-comment for method Tests\Feature\Election\ElectionSettingsControllerTest::optimistic_locking_prevents_stale_writes(). Metadata in doc-comments is deprecated and will no longer be supported in PHPUnit 12. Update your test code to use attributes instead.

  [30;43;1m WARN [39;49;22m Metadata found in doc-comment for method Tests\Feature\Election\ElectionSettingsControllerTest::active_election_with_votes_requires_confirmation(). Metadata in doc-comments is deprecated and will no longer be supported in PHPUnit 12. Update your test code to use attributes instead.

  [30;43;1m WARN [39;49;22m Metadata found in doc-comment for method Tests\Feature\Election\ElectionSettingsControllerTest::active_election_with_confirmation_allows_update(). Metadata in doc-comments is deprecated and will no longer be supported in PHPUnit 12. Update your test code to use attributes instead.

  [30;43;1m WARN [39;49;22m Metadata found in doc-comment for method Tests\Feature\Election\ElectionSettingsControllerTest::array_fields_are_properly_detected_for_changes(). Metadata in doc-comments is deprecated and will no longer be supported in PHPUnit 12. Update your test code to use attributes instead.

  [30;43;1m WARN [39;49;22m Metadata found in doc-comment for method Tests\Feature\Election\ElectionSettingsControllerTest::settings_changes_are_recorded_in_audit_trail(). Metadata in doc-comments is deprecated and will no longer be supported in PHPUnit 12. Update your test code to use attributes instead.

  [30;43;1m WARN [39;49;22m Metadata found in doc-comment for method Tests\Feature\Election\ElectionSettingsControllerTest::settings_cache_is_invalidated_on_update(). Metadata in doc-comments is deprecated and will no longer be supported in PHPUnit 12. Update your test code to use attributes instead.

  [30;43;1m WARN [39;49;22m Metadata found in doc-comment for method Tests\Feature\Election\ElectionSettingsControllerTest::validation_rejects_invalid_ip_restriction_max(). Metadata in doc-comments is deprecated and will no longer be supported in PHPUnit 12. Update your test code to use attributes instead.

  [30;43;1m WARN [39;49;22m Metadata found in doc-comment for method Tests\Feature\Election\ElectionSettingsControllerTest::validation_rejects_invalid_voter_verification_mode(). Metadata in doc-comments is deprecated and will no longer be supported in PHPUnit 12. Update your test code to use attributes instead.

  [30;43;1m WARN [39;49;22m Metadata found in doc-comment for method Tests\Feature\Election\ElectionSettingsControllerTest::no_changes_recorded_if_all_values_remain_same(). Metadata in doc-comments is deprecated and will no longer be supported in PHPUnit 12. Update your test code to use attributes instead.

  [30;43;1m WARN [39;49;22m Metadata found in doc-comment for method Tests\Feature\Election\ElectionSettingsTest::test_admin_can_view_settings_page(). Metadata in doc-comments is deprecated and will no longer be supported in PHPUnit 12. Update your test code to use attributes instead.

  [30;43;1m WARN [39;49;22m Metadata found in doc-comment for method Tests\Feature\Election\ElectionSettingsTest::test_admin_can_update_settings(). Metadata in doc-comments is deprecated and will no longer be supported in PHPUnit 12. Update your test code to use attributes instead.

  [30;43;1m WARN [39;49;22m Metadata found in doc-comment for method Tests\Feature\Election\ElectionSettingsTest::test_settings_version_increments_on_each_update(). Metadata in doc-comments is deprecated and will no longer be supported in PHPUnit 12. Update your test code to use attributes instead.

  [30;43;1m WARN [39;49;22m Metadata found in doc-comment for method Tests\Feature\Election\ElectionSettingsTest::test_non_admin_cannot_update_settings(). Metadata in doc-comments is deprecated and will no longer be supported in PHPUnit 12. Update your test code to use attributes instead.

  [30;43;1m WARN [39;49;22m Metadata found in doc-comment for method Tests\Feature\Election\ElectionSettingsTest::test_optimistic_lock_rejects_stale_version(). Metadata in doc-comments is deprecated and will no longer be supported in PHPUnit 12. Update your test code to use attributes instead.

  [30;43;1m WARN [39;49;22m Metadata found in doc-comment for method Tests\Feature\Election\ElectionSettingsTest::test_ip_restriction_blocks_excess_votes_from_same_ip(). Metadata in doc-comments is deprecated and will no longer be supported in PHPUnit 12. Update your test code to use attributes instead.

  [30;43;1m WARN [39;49;22m Metadata found in doc-comment for method Tests\Feature\Election\ElectionSettingsTest::test_whitelisted_ip_bypasses_restriction(). Metadata in doc-comments is deprecated and will no longer be supported in PHPUnit 12. Update your test code to use attributes instead.

  [30;43;1m WARN [39;49;22m Metadata found in doc-comment for method Tests\Feature\Election\ElectionSettingsTest::test_no_vote_option_setting_persists_correctly(). Metadata in doc-comments is deprecated and will no longer be supported in PHPUnit 12. Update your test code to use attributes instead.

  [30;43;1m WARN [39;49;22m Metadata found in doc-comment for method Tests\Feature\Election\ElectionSettingsTest::test_selection_constraint_persists_correctly(). Metadata in doc-comments is deprecated and will no longer be supported in PHPUnit 12. Update your test code to use attributes instead.

  [30;43;1m WARN [39;49;22m Metadata found in doc-comment for method Tests\Feature\Election\ElectionShowControllerTest::guest_is_redirected_to_login(). Metadata in doc-comments is deprecated and will no longer be supported in PHPUnit 12. Update your test code to use attributes instead.

  [30;43;1m WARN [39;49;22m Metadata found in doc-comment for method Tests\Feature\Election\ElectionShowControllerTest::unknown_slug_returns_404(). Metadata in doc-comments is deprecated and will no longer be supported in PHPUnit 12. Update your test code to use attributes instead.

  [30;43;1m WARN [39;49;22m Metadata found in doc-comment for method Tests\Feature\Election\ElectionShowControllerTest::demo_election_returns_404(). Metadata in doc-comments is deprecated and will no longer be supported in PHPUnit 12. Update your test code to use attributes instead.

  [30;43;1m WARN [39;49;22m Metadata found in doc-comment for method Tests\Feature\Election\ElectionShowControllerTest::eligible_voter_sees_can_vote_true_and_has_voted_false(). Metadata in doc-comments is deprecated and will no longer be supported in PHPUnit 12. Update your test code to use attributes instead.

  [30;43;1m WARN [39;49;22m Metadata found in doc-comment for method Tests\Feature\Election\ElectionShowControllerTest::voted_user_sees_has_voted_true_and_can_vote_false(). Metadata in doc-comments is deprecated and will no longer be supported in PHPUnit 12. Update your test code to use attributes instead.

  [30;43;1m WARN [39;49;22m Metadata found in doc-comment for method Tests\Feature\Election\ElectionShowControllerTest::non_member_sees_can_vote_false(). Metadata in doc-comments is deprecated and will no longer be supported in PHPUnit 12. Update your test code to use attributes instead.

  [30;43;1m WARN [39;49;22m Metadata found in doc-comment for method Tests\Feature\Election\ElectionShowControllerTest::renders_election_show_inertia_component(). Metadata in doc-comments is deprecated and will no longer be supported in PHPUnit 12. Update your test code to use attributes instead.

  [30;43;1m WARN [39;49;22m Metadata found in doc-comment for method Tests\Feature\Election\ElectionShowControllerTest::dashboard_resolver_redirects_to_elections_show_for_single_election(). Metadata in doc-comments is deprecated and will no longer be supported in PHPUnit 12. Update your test code to use attributes instead.

  [30;43;1m WARN [39;49;22m Metadata found in doc-comment for method Tests\Feature\Election\ElectionShowControllerTest::start_for_eligible_voter_creates_voter_slug_and_redirects(). Metadata in doc-comments is deprecated and will no longer be supported in PHPUnit 12. Update your test code to use attributes instead.

  [30;43;1m WARN [39;49;22m Metadata found in doc-comment for method Tests\Feature\Election\ElectionShowControllerTest::start_for_non_member_redirects_with_error(). Metadata in doc-comments is deprecated and will no longer be supported in PHPUnit 12. Update your test code to use attributes instead.

  [30;43;1m WARN [39;49;22m Metadata found in doc-comment for method Tests\Feature\Election\ElectionShowControllerTest::start_for_already_voted_redirects_with_info(). Metadata in doc-comments is deprecated and will no longer be supported in PHPUnit 12. Update your test code to use attributes instead.

  [30;43;1m WARN [39;49;22m Metadata found in doc-comment for method Tests\Feature\Election\ElectionShowControllerTest::start_reuses_existing_active_voter_slug(). Metadata in doc-comments is deprecated and will no longer be supported in PHPUnit 12. Update your test code to use attributes instead.

  [30;43;1m WARN [39;49;22m Metadata found in doc-comment for method Tests\Feature\Election\ElectionSuspensionTest::suspend_route_redirects_when_chief_posts(). Metadata in doc-comments is deprecated and will no longer be supported in PHPUnit 12. Update your test code to use attributes instead.

  [30;43;1m WARN [39;49;22m Metadata found in doc-comment for method Tests\Feature\Election\ElectionSuspensionTest::suspend_sets_suspended_at_and_engine_derives_suspended(). Metadata in doc-comments is deprecated and will no longer be supported in PHPUnit 12. Update your test code to use attributes instead.

  [30;43;1m WARN [39;49;22m Metadata found in doc-comment for method Tests\Feature\Election\ElectionSuspensionTest::suspend_stores_governance_metadata(). Metadata in doc-comments is deprecated and will no longer be supported in PHPUnit 12. Update your test code to use attributes instead.

  [30;43;1m WARN [39;49;22m Metadata found in doc-comment for method Tests\Feature\Election\ElectionSuspensionTest::suspend_allowed_for_chief(). Metadata in doc-comments is deprecated and will no longer be supported in PHPUnit 12. Update your test code to use attributes instead.

  [30;43;1m WARN [39;49;22m Metadata found in doc-comment for method Tests\Feature\Election\ElectionSuspensionTest::suspend_allowed_for_platform_admin(). Metadata in doc-comments is deprecated and will no longer be supported in PHPUnit 12. Update your test code to use attributes instead.

  [30;43;1m WARN [39;49;22m Metadata found in doc-comment for method Tests\Feature\Election\ElectionSuspensionTest::suspend_denied_for_deputy(). Metadata in doc-comments is deprecated and will no longer be supported in PHPUnit 12. Update your test code to use attributes instead.

  [30;43;1m WARN [39;49;22m Metadata found in doc-comment for method Tests\Feature\Election\ElectionSuspensionTest::suspend_denied_for_ordinary_user(). Metadata in doc-comments is deprecated and will no longer be supported in PHPUnit 12. Update your test code to use attributes instead.

  [30;43;1m WARN [39;49;22m Metadata found in doc-comment for method Tests\Feature\Election\ElectionSuspensionTest::suspend_validates_reason_required(). Metadata in doc-comments is deprecated and will no longer be supported in PHPUnit 12. Update your test code to use attributes instead.

  [30;43;1m WARN [39;49;22m Metadata found in doc-comment for method Tests\Feature\Election\ElectionSuspensionTest::suspend_validates_reason_min_length(). Metadata in doc-comments is deprecated and will no longer be supported in PHPUnit 12. Update your test code to use attributes instead.

  [30;43;1m WARN [39;49;22m Metadata found in doc-comment for method Tests\Feature\Election\ElectionSuspensionTest::suspend_fails_when_already_suspended(). Metadata in doc-comments is deprecated and will no longer be supported in PHPUnit 12. Update your test code to use attributes instead.

  [30;43;1m WARN [39;49;22m Metadata found in doc-comment for method Tests\Feature\Election\ElectionSuspensionTest::suspend_creates_governance_audit_record(). Metadata in doc-comments is deprecated and will no longer be supported in PHPUnit 12. Update your test code to use attributes instead.

  [30;43;1m WARN [39;49;22m Metadata found in doc-comment for method Tests\Feature\Election\ElectionSuspensionTest::suspension_overlay_short_circuits_all_capabilities_except_resume(). Metadata in doc-comments is deprecated and will no longer be supported in PHPUnit 12. Update your test code to use attributes instead.

  [30;43;1m WARN [39;49;22m Metadata found in doc-comment for method Tests\Feature\Election\ElectionSuspensionTest::suspension_does_not_alter_lifecycle_progression(). Metadata in doc-comments is deprecated and will no longer be supported in PHPUnit 12. Update your test code to use attributes instead.

  [30;43;1m WARN [39;49;22m Metadata found in doc-comment for method Tests\Feature\Election\ElectionSuspensionTest::suspend_then_resume_restores_full_capability_map(). Metadata in doc-comments is deprecated and will no longer be supported in PHPUnit 12. Update your test code to use attributes instead.

  [30;43;1m WARN [39;49;22m Metadata found in doc-comment for method Tests\Feature\Election\ElectionSuspensionTest::suspend_accepts_valid_categories(). Metadata in doc-comments is deprecated and will no longer be supported in PHPUnit 12. Update your test code to use attributes instead.

  [30;43;1m WARN [39;49;22m Metadata found in doc-comment for method Tests\Feature\Election\ElectionSuspensionTest::suspend_rejects_invalid_category(). Metadata in doc-comments is deprecated and will no longer be supported in PHPUnit 12. Update your test code to use attributes instead.

  [30;43;1m WARN [39;49;22m Metadata found in doc-comment for method Tests\Feature\Election\ElectionSuspensionTest::suspension_does_not_appear_in_lifecycle_progression(). Metadata in doc-comments is deprecated and will no longer be supported in PHPUnit 12. Update your test code to use attributes instead.

  [30;43;1m WARN [39;49;22m Metadata found in doc-comment for method Tests\Feature\Election\ElectionSuspensionTest::voting_active_suspend_resume_preserves_lifecycle_position(). Metadata in doc-comments is deprecated and will no longer be supported in PHPUnit 12. Update your test code to use attributes instead.

  [30;43;1m WARN [39;49;22m Metadata found in doc-comment for method Tests\Feature\Election\ElectionSuspensionTest::setup_nomination_suspend_resume_preserves_lifecycle_position(). Metadata in doc-comments is deprecated and will no longer be supported in PHPUnit 12. Update your test code to use attributes instead.

  [30;43;1m WARN [39;49;22m Metadata found in doc-comment for method Tests\Feature\Election\ElectionSuspensionTest::setup_administration_suspend_resume_preserves_lifecycle_position(). Metadata in doc-comments is deprecated and will no longer be supported in PHPUnit 12. Update your test code to use attributes instead.

  [30;43;1m WARN [39;49;22m Metadata found in doc-comment for method Tests\Feature\Election\VoterImportStateGateTest::import_page_is_accessible_in_setup_administration_state(). Metadata in doc-comments is deprecated and will no longer be supported in PHPUnit 12. Update your test code to use attributes instead.

  [30;43;1m WARN [39;49;22m Metadata found in doc-comment for method Tests\Feature\Election\VoterImportStateGateTest::import_page_is_forbidden_in_draft_state(). Metadata in doc-comments is deprecated and will no longer be supported in PHPUnit 12. Update your test code to use attributes instead.

  [30;43;1m WARN [39;49;22m Metadata found in doc-comment for method Tests\Feature\Election\VoterImportStateGateTest::import_page_is_forbidden_in_voting_active_state(). Metadata in doc-comments is deprecated and will no longer be supported in PHPUnit 12. Update your test code to use attributes instead.

  [30;43;1m WARN [39;49;22m Metadata found in doc-comment for method Tests\Feature\Election\VoterImportStateGateTest::import_page_is_forbidden_in_approved_state(). Metadata in doc-comments is deprecated and will no longer be supported in PHPUnit 12. Update your test code to use attributes instead.

  [30;43;1m WARN [39;49;22m Metadata found in doc-comment for method Tests\Feature\Election\VoterImportStateGateTest::template_download_is_forbidden_outside_setup_administration(). Metadata in doc-comments is deprecated and will no longer be supported in PHPUnit 12. Update your test code to use attributes instead.

  [30;43;1m WARN [39;49;22m Metadata found in doc-comment for method Tests\Feature\Election\VoterImportStateGateTest::preview_is_forbidden_outside_setup_administration(). Metadata in doc-comments is deprecated and will no longer be supported in PHPUnit 12. Update your test code to use attributes instead.

  [30;43;1m WARN [39;49;22m Metadata found in doc-comment for method Tests\Feature\Election\VoterImportStateGateTest::import_action_is_forbidden_outside_setup_administration(). Metadata in doc-comments is deprecated and will no longer be supported in PHPUnit 12. Update your test code to use attributes instead.

  [30;43;1m WARN [39;49;22m Metadata found in doc-comment for method Tests\Feature\Election\VoterImportStateGateTest::tutorial_is_accessible_regardless_of_state(). Metadata in doc-comments is deprecated and will no longer be supported in PHPUnit 12. Update your test code to use attributes instead.

  [30;43;1m WARN [39;49;22m Metadata found in doc-comment for method Tests\Feature\Election\VoterImportStateGateTest::unauthorized_users_cannot_access_import_even_in_correct_state(). Metadata in doc-comments is deprecated and will no longer be supported in PHPUnit 12. Update your test code to use attributes instead.

  [30;43;1m WARN [39;49;22m Metadata found in doc-comment for method Tests\Feature\Election\VotingButtonsStateMachineIntegrationTest::open_voting_transitions_from_nomination_to_voting(). Metadata in doc-comments is deprecated and will no longer be supported in PHPUnit 12. Update your test code to use attributes instead.

  [30;43;1m WARN [39;49;22m Metadata found in doc-comment for method Tests\Feature\Election\VotingButtonsStateMachineIntegrationTest::open_voting_rejects_if_not_in_nomination_state(). Metadata in doc-comments is deprecated and will no longer be supported in PHPUnit 12. Update your test code to use attributes instead.

  [30;43;1m WARN [39;49;22m Metadata found in doc-comment for method Tests\Feature\Election\VotingButtonsStateMachineIntegrationTest::open_voting_rejects_if_missing_candidates(). Metadata in doc-comments is deprecated and will no longer be supported in PHPUnit 12. Update your test code to use attributes instead.

  [30;43;1m WARN [39;49;22m Metadata found in doc-comment for method Tests\Feature\Election\VotingButtonsStateMachineIntegrationTest::close_voting_transitions_from_voting_to_results_pending(). Metadata in doc-comments is deprecated and will no longer be supported in PHPUnit 12. Update your test code to use attributes instead.

  [30;43;1m WARN [39;49;22m Metadata found in doc-comment for method Tests\Feature\Election\VotingButtonsStateMachineIntegrationTest::close_voting_rejects_if_not_in_voting_state(). Metadata in doc-comments is deprecated and will no longer be supported in PHPUnit 12. Update your test code to use attributes instead.

  [30;43;1m WARN [39;49;22m Metadata found in doc-comment for method Tests\Feature\Election\VotingButtonsStateMachineIntegrationTest::close_voting_prevents_double_close(). Metadata in doc-comments is deprecated and will no longer be supported in PHPUnit 12. Update your test code to use attributes instead.

  [30;43;1m WARN [39;49;22m Metadata found in doc-comment for method Tests\Feature\Election\VotingButtonsStateMachineIntegrationTest::open_voting_records_actor_id_in_audit(). Metadata in doc-comments is deprecated and will no longer be supported in PHPUnit 12. Update your test code to use attributes instead.

  [30;43;1m WARN [39;49;22m Metadata found in doc-comment for method Tests\Feature\Election\VotingButtonsStateMachineIntegrationTest::close_voting_records_actor_id_in_audit(). Metadata in doc-comments is deprecated and will no longer be supported in PHPUnit 12. Update your test code to use attributes instead.

  [30;43;1m WARN [39;49;22m Metadata found in doc-comment for method Tests\Feature\Election\VotingButtonsStateMachineIntegrationTest::open_voting_is_idempotent_with_concurrent_requests(). Metadata in doc-comments is deprecated and will no longer be supported in PHPUnit 12. Update your test code to use attributes instead.

  [30;43;1m WARN [39;49;22m Metadata found in doc-comment for method Tests\Feature\Election\VotingClosureValidationTest::close_voting_works_even_if_voting_started_in_past(). Metadata in doc-comments is deprecated and will no longer be supported in PHPUnit 12. Update your test code to use attributes instead.

  [30;43;1m WARN [39;49;22m Metadata found in doc-comment for method Tests\Feature\Election\VotingClosureValidationTest::enforce_voting_lock_works_even_if_voting_started_in_past(). Metadata in doc-comments is deprecated and will no longer be supported in PHPUnit 12. Update your test code to use attributes instead.

  [30;43;1m WARN [39;49;22m Metadata found in doc-comment for method Tests\Feature\Election\VotingClosureValidationTest::validateTimelineForEdit_rejects_past_voting_start_on_update(). Metadata in doc-comments is deprecated and will no longer be supported in PHPUnit 12. Update your test code to use attributes instead.

  [30;43;1m WARN [39;49;22m Metadata found in doc-comment for method Tests\Feature\Election\VotingClosureValidationTest::validateTimelineForEdit_rejects_past_voting_start_directly(). Metadata in doc-comments is deprecated and will no longer be supported in PHPUnit 12. Update your test code to use attributes instead.

  [30;43;1m WARN [39;49;22m Metadata found in doc-comment for method Tests\Feature\Election\VotingClosureValidationTest::validateTimeline_permissive_accepts_past_voting_start(). Metadata in doc-comments is deprecated and will no longer be supported in PHPUnit 12. Update your test code to use attributes instead.

  [30;43;1m WARN [39;49;22m Metadata found in doc-comment for method Tests\Feature\Election\VotingClosureValidationTest::validateTimeline_still_validates_chronological_order(). Metadata in doc-comments is deprecated and will no longer be supported in PHPUnit 12. Update your test code to use attributes instead.

  [30;43;1m WARN [39;49;22m Metadata found in doc-comment for method Tests\Feature\Election\VotingClosureValidationTest::validateTimelineForEdit_validates_chronological_order(). Metadata in doc-comments is deprecated and will no longer be supported in PHPUnit 12. Update your test code to use attributes instead.

  [30;43;1m WARN [39;49;22m Metadata found in doc-comment for method Tests\Feature\Election\VotingClosureValidationTest::validateTimelineForEdit_allows_future_voting_start(). Metadata in doc-comments is deprecated and will no longer be supported in PHPUnit 12. Update your test code to use attributes instead.

  [30;43;1m WARN [39;49;22m Metadata found in doc-comment for method Tests\Feature\Election\VotingClosureValidationTest::real_election_type_enforces_strict_timeline_validation(). Metadata in doc-comments is deprecated and will no longer be supported in PHPUnit 12. Update your test code to use attributes instead.

  [30;43;1m WARN [39;49;22m Metadata found in doc-comment for method Tests\Feature\EmailVerificationTest::first_time_user_redirected_to_welcome_dashboard_after_email_verification(). Metadata in doc-comments is deprecated and will no longer be supported in PHPUnit 12. Update your test code to use attributes instead.

  [30;43;1m WARN [39;49;22m Metadata found in doc-comment for method Tests\Feature\EmailVerificationTest::existing_user_with_roles_redirected_to_roles_dashboard_after_email_verification(). Metadata in doc-comments is deprecated and will no longer be supported in PHPUnit 12. Update your test code to use attributes instead.

  [30;43;1m WARN [39;49;22m Metadata found in doc-comment for method Tests\Feature\ExceptionHandlingTest::invalid_voter_slug_throws_404(). Metadata in doc-comments is deprecated and will no longer be supported in PHPUnit 12. Update your test code to use attributes instead.

  [30;43;1m WARN [39;49;22m Metadata found in doc-comment for method Tests\Feature\ExceptionHandlingTest::expired_voter_slug_throws_appropriate_error(). Metadata in doc-comments is deprecated and will no longer be supported in PHPUnit 12. Update your test code to use attributes instead.

  [30;43;1m WARN [39;49;22m Metadata found in doc-comment for method Tests\Feature\ExceptionHandlingTest::unauthenticated_user_cannot_access_voting_routes(). Metadata in doc-comments is deprecated and will no longer be supported in PHPUnit 12. Update your test code to use attributes instead.

  [30;43;1m WARN [39;49;22m Metadata found in doc-comment for method Tests\Feature\ExceptionHandlingTest::cross_organisation_access_returns_404(). Metadata in doc-comments is deprecated and will no longer be supported in PHPUnit 12. Update your test code to use attributes instead.

  [30;43;1m WARN [39;49;22m Metadata found in doc-comment for method Tests\Feature\ExceptionHandlingTest::inactive_voter_slug_is_rejected(). Metadata in doc-comments is deprecated and will no longer be supported in PHPUnit 12. Update your test code to use attributes instead.

  [30;43;1m WARN [39;49;22m Metadata found in doc-comment for method Tests\Feature\ExceptionHandlingTest::exception_provides_user_friendly_message(). Metadata in doc-comments is deprecated and will no longer be supported in PHPUnit 12. Update your test code to use attributes instead.

  [30;43;1m WARN [39;49;22m Metadata found in doc-comment for method Tests\Feature\ExceptionHandlingTest::organisation_mismatch_returns_500_or_404(). Metadata in doc-comments is deprecated and will no longer be supported in PHPUnit 12. Update your test code to use attributes instead.

  [30;43;1m WARN [39;49;22m Metadata found in doc-comment for method Tests\Feature\ExceptionHandlingTest::invalid_election_type_returns_appropriate_error(). Metadata in doc-comments is deprecated and will no longer be supported in PHPUnit 12. Update your test code to use attributes instead.

  [30;43;1m WARN [39;49;22m Metadata found in doc-comment for method Tests\Feature\ExistingVotingControllersIntegrationTest::slug_based_code_controller_create_works(). Metadata in doc-comments is deprecated and will no longer be supported in PHPUnit 12. Update your test code to use attributes instead.

  [30;43;1m WARN [39;49;22m Metadata found in doc-comment for method Tests\Feature\ExistingVotingControllersIntegrationTest::slug_based_code_controller_store_advances_step(). Metadata in doc-comments is deprecated and will no longer be supported in PHPUnit 12. Update your test code to use attributes instead.

  [30;43;1m WARN [39;49;22m Metadata found in doc-comment for method Tests\Feature\ExistingVotingControllersIntegrationTest::slug_based_vote_controller_create_requires_step_3(). Metadata in doc-comments is deprecated and will no longer be supported in PHPUnit 12. Update your test code to use attributes instead.

  [30;43;1m WARN [39;49;22m Metadata found in doc-comment for method Tests\Feature\ExistingVotingControllersIntegrationTest::vote_submission_advances_through_steps(). Metadata in doc-comments is deprecated and will no longer be supported in PHPUnit 12. Update your test code to use attributes instead.

  [30;43;1m WARN [39;49;22m Metadata found in doc-comment for method Tests\Feature\ExistingVotingControllersIntegrationTest::existing_vote_eligibility_middleware_works_with_slugs(). Metadata in doc-comments is deprecated and will no longer be supported in PHPUnit 12. Update your test code to use attributes instead.

  [30;43;1m WARN [39;49;22m Metadata found in doc-comment for method Tests\Feature\ExistingVotingControllersIntegrationTest::slug_expiry_blocks_access_to_existing_controllers(). Metadata in doc-comments is deprecated and will no longer be supported in PHPUnit 12. Update your test code to use attributes instead.

  [30;43;1m WARN [39;49;22m Metadata found in doc-comment for method Tests\Feature\ExistingVotingControllersIntegrationTest::code_creation_stores_slug_reference(). Metadata in doc-comments is deprecated and will no longer be supported in PHPUnit 12. Update your test code to use attributes instead.

  [30;43;1m WARN [39;49;22m Metadata found in doc-comment for method Tests\Feature\Finance\FeePaidProjectionTest::fee_paid_creates_income_record(). Metadata in doc-comments is deprecated and will no longer be supported in PHPUnit 12. Update your test code to use attributes instead.

  [30;43;1m WARN [39;49;22m Metadata found in doc-comment for method Tests\Feature\Finance\FeePaidProjectionTest::income_projection_is_idempotent(). Metadata in doc-comments is deprecated and will no longer be supported in PHPUnit 12. Update your test code to use attributes instead.

  [30;43;1m WARN [39;49;22m Metadata found in doc-comment for method Tests\Feature\Finance\FeePaidProjectionTest::income_preserves_event_audit_trail_in_metadata(). Metadata in doc-comments is deprecated and will no longer be supported in PHPUnit 12. Update your test code to use attributes instead.

  [30;43;1m WARN [39;49;22m Metadata found in doc-comment for method Tests\Feature\Finance\FeePaidProjectionTest::income_uses_payment_received_date_for_period(). Metadata in doc-comments is deprecated and will no longer be supported in PHPUnit 12. Update your test code to use attributes instead.

  [30;43;1m WARN [39;49;22m Metadata found in doc-comment for method Tests\Feature\Finance\FeePaidProjectionTest::non_fee_paid_events_are_ignored(). Metadata in doc-comments is deprecated and will no longer be supported in PHPUnit 12. Update your test code to use attributes instead.

  [30;43;1m WARN [39;49;22m Metadata found in doc-comment for method Tests\Feature\Import\OrganisationUserImportTest::import_page_can_be_accessed(). Metadata in doc-comments is deprecated and will no longer be supported in PHPUnit 12. Update your test code to use attributes instead.

  [30;43;1m WARN [39;49;22m Metadata found in doc-comment for method Tests\Feature\Import\OrganisationUserImportTest::template_can_be_downloaded(). Metadata in doc-comments is deprecated and will no longer be supported in PHPUnit 12. Update your test code to use attributes instead.

  [30;43;1m WARN [39;49;22m Metadata found in doc-comment for method Tests\Feature\Import\OrganisationUserImportTest::preview_shows_valid_rows(). Metadata in doc-comments is deprecated and will no longer be supported in PHPUnit 12. Update your test code to use attributes instead.

  [30;43;1m WARN [39;49;22m Metadata found in doc-comment for method Tests\Feature\Import\OrganisationUserImportTest::import_creates_users_and_hierarchy(). Metadata in doc-comments is deprecated and will no longer be supported in PHPUnit 12. Update your test code to use attributes instead.

  [30;43;1m WARN [39;49;22m Metadata found in doc-comment for method Tests\Feature\Import\OrganisationUserImportTest::import_validates_required_fields(). Metadata in doc-comments is deprecated and will no longer be supported in PHPUnit 12. Update your test code to use attributes instead.

  [30;43;1m WARN [39;49;22m Metadata found in doc-comment for method Tests\Feature\Import\OrganisationUserImportTest::non_owner_cannot_access_import(). Metadata in doc-comments is deprecated and will no longer be supported in PHPUnit 12. Update your test code to use attributes instead.

  [30;43;1m WARN [39;49;22m Metadata found in doc-comment for method Tests\Feature\Import\OrganisationUserImportTest::export_downloads_current_users(). Metadata in doc-comments is deprecated and will no longer be supported in PHPUnit 12. Update your test code to use attributes instead.

  [30;43;1m WARN [39;49;22m Metadata found in doc-comment for method Tests\Feature\Import\OrganisationUserImportTest::import_handles_existing_users(). Metadata in doc-comments is deprecated and will no longer be supported in PHPUnit 12. Update your test code to use attributes instead.

  [30;43;1m WARN [39;49;22m Metadata found in doc-comment for method Tests\Feature\Membership\Domain\MemberCanVoteInElectionTest::full_member_with_paid_fees_can_vote_in_active_election(). Metadata in doc-comments is deprecated and will no longer be supported in PHPUnit 12. Update your test code to use attributes instead.

  [30;43;1m WARN [39;49;22m Metadata found in doc-comment for method Tests\Feature\Membership\Domain\MemberCanVoteInElectionTest::full_member_with_exempt_fees_can_vote_in_active_election(). Metadata in doc-comments is deprecated and will no longer be supported in PHPUnit 12. Update your test code to use attributes instead.

  [30;43;1m WARN [39;49;22m Metadata found in doc-comment for method Tests\Feature\Membership\Domain\MemberCanVoteInElectionTest::full_member_with_unpaid_fees_cannot_vote(). Metadata in doc-comments is deprecated and will no longer be supported in PHPUnit 12. Update your test code to use attributes instead.

  [30;43;1m WARN [39;49;22m Metadata found in doc-comment for method Tests\Feature\Membership\Domain\MemberCanVoteInElectionTest::full_member_with_partial_fees_cannot_vote(). Metadata in doc-comments is deprecated and will no longer be supported in PHPUnit 12. Update your test code to use attributes instead.

  [30;43;1m WARN [39;49;22m Metadata found in doc-comment for method Tests\Feature\Membership\Domain\MemberCanVoteInElectionTest::associate_member_cannot_vote_even_with_paid_fees(). Metadata in doc-comments is deprecated and will no longer be supported in PHPUnit 12. Update your test code to use attributes instead.

  [30;43;1m WARN [39;49;22m Metadata found in doc-comment for method Tests\Feature\Membership\Domain\MemberCanVoteInElectionTest::associate_member_cannot_vote_even_with_exempt_fees(). Metadata in doc-comments is deprecated and will no longer be supported in PHPUnit 12. Update your test code to use attributes instead.

  [30;43;1m WARN [39;49;22m Metadata found in doc-comment for method Tests\Feature\Membership\Domain\MemberCanVoteInElectionTest::expired_member_cannot_vote_regardless_of_fees(). Metadata in doc-comments is deprecated and will no longer be supported in PHPUnit 12. Update your test code to use attributes instead.

  [30;43;1m WARN [39;49;22m Metadata found in doc-comment for method Tests\Feature\Membership\Domain\MemberCanVoteInElectionTest::suspended_member_cannot_vote(). Metadata in doc-comments is deprecated and will no longer be supported in PHPUnit 12. Update your test code to use attributes instead.

  [30;43;1m WARN [39;49;22m Metadata found in doc-comment for method Tests\Feature\Membership\Domain\MemberCanVoteInElectionTest::member_cannot_vote_in_election_from_different_organisation(). Metadata in doc-comments is deprecated and will no longer be supported in PHPUnit 12. Update your test code to use attributes instead.

  [30;43;1m WARN [39;49;22m Metadata found in doc-comment for method Tests\Feature\Membership\Domain\MemberCanVoteInElectionTest::voter_platform_role_without_member_record_is_not_covered_by_member_model(). Metadata in doc-comments is deprecated and will no longer be supported in PHPUnit 12. Update your test code to use attributes instead.

  [30;43;1m WARN [39;49;22m Metadata found in doc-comment for method Tests\Feature\Membership\Domain\MemberVotingRightsTest::full_member_with_paid_fees_has_full_voting_rights(). Metadata in doc-comments is deprecated and will no longer be supported in PHPUnit 12. Update your test code to use attributes instead.

  [30;43;1m WARN [39;49;22m Metadata found in doc-comment for method Tests\Feature\Membership\Domain\MemberVotingRightsTest::full_member_with_partial_fees_has_voice_only_voting_rights(). Metadata in doc-comments is deprecated and will no longer be supported in PHPUnit 12. Update your test code to use attributes instead.

  [30;43;1m WARN [39;49;22m Metadata found in doc-comment for method Tests\Feature\Membership\Domain\MemberVotingRightsTest::full_member_with_unpaid_fees_has_no_voting_rights(). Metadata in doc-comments is deprecated and will no longer be supported in PHPUnit 12. Update your test code to use attributes instead.

  [30;43;1m WARN [39;49;22m Metadata found in doc-comment for method Tests\Feature\Membership\Domain\MemberVotingRightsTest::full_member_with_exempt_fees_has_full_voting_rights(). Metadata in doc-comments is deprecated and will no longer be supported in PHPUnit 12. Update your test code to use attributes instead.

  [30;43;1m WARN [39;49;22m Metadata found in doc-comment for method Tests\Feature\Membership\Domain\MemberVotingRightsTest::associate_member_with_paid_fees_has_voice_only_not_full(). Metadata in doc-comments is deprecated and will no longer be supported in PHPUnit 12. Update your test code to use attributes instead.

  [30;43;1m WARN [39;49;22m Metadata found in doc-comment for method Tests\Feature\Membership\Domain\MemberVotingRightsTest::associate_member_with_unpaid_fees_has_no_voting_rights(). Metadata in doc-comments is deprecated and will no longer be supported in PHPUnit 12. Update your test code to use attributes instead.

  [30;43;1m WARN [39;49;22m Metadata found in doc-comment for method Tests\Feature\Membership\Domain\MemberVotingRightsTest::expired_member_always_has_no_voting_rights(). Metadata in doc-comments is deprecated and will no longer be supported in PHPUnit 12. Update your test code to use attributes instead.

  [30;43;1m WARN [39;49;22m Metadata found in doc-comment for method Tests\Feature\Membership\Domain\MemberVotingRightsTest::suspended_member_always_has_no_voting_rights(). Metadata in doc-comments is deprecated and will no longer be supported in PHPUnit 12. Update your test code to use attributes instead.

  [30;43;1m WARN [39;49;22m Metadata found in doc-comment for method Tests\Feature\Membership\Domain\MemberVotingRightsTest::member_stores_fees_status_in_database(). Metadata in doc-comments is deprecated and will no longer be supported in PHPUnit 12. Update your test code to use attributes instead.

  [30;43;1m WARN [39;49;22m Metadata found in doc-comment for method Tests\Feature\Membership\Domain\MemberVotingRightsTest::fees_status_defaults_to_unpaid_when_not_specified(). Metadata in doc-comments is deprecated and will no longer be supported in PHPUnit 12. Update your test code to use attributes instead.

  [30;43;1m WARN [39;49;22m Metadata found in doc-comment for method Tests\Feature\Membership\Domain\MemberVotingRightsTest::membership_type_stores_grants_voting_rights_flag(). Metadata in doc-comments is deprecated and will no longer be supported in PHPUnit 12. Update your test code to use attributes instead.

  [30;43;1m WARN [39;49;22m Metadata found in doc-comment for method Tests\Feature\Membership\Domain\MemberVotingRightsTest::grants_voting_rights_defaults_to_false_on_new_types(). Metadata in doc-comments is deprecated and will no longer be supported in PHPUnit 12. Update your test code to use attributes instead.

  [30;43;1m WARN [39;49;22m Metadata found in doc-comment for method Tests\Feature\Membership\Domain\MembershipTypeVotingRightsTest::membership_types_table_has_grants_voting_rights_column(). Metadata in doc-comments is deprecated and will no longer be supported in PHPUnit 12. Update your test code to use attributes instead.

  [30;43;1m WARN [39;49;22m Metadata found in doc-comment for method Tests\Feature\Membership\Domain\MembershipTypeVotingRightsTest::new_membership_type_defaults_grants_voting_rights_to_false(). Metadata in doc-comments is deprecated and will no longer be supported in PHPUnit 12. Update your test code to use attributes instead.

  [30;43;1m WARN [39;49;22m Metadata found in doc-comment for method Tests\Feature\Membership\Domain\MembershipTypeVotingRightsTest::full_member_type_has_grants_voting_rights_true(). Metadata in doc-comments is deprecated and will no longer be supported in PHPUnit 12. Update your test code to use attributes instead.

  [30;43;1m WARN [39;49;22m Metadata found in doc-comment for method Tests\Feature\Membership\Domain\MembershipTypeVotingRightsTest::full_member_scope_returns_types_with_voting_rights(). Metadata in doc-comments is deprecated and will no longer be supported in PHPUnit 12. Update your test code to use attributes instead.

  [30;43;1m WARN [39;49;22m Metadata found in doc-comment for method Tests\Feature\Membership\Domain\MembershipTypeVotingRightsTest::associate_member_type_has_grants_voting_rights_false(). Metadata in doc-comments is deprecated and will no longer be supported in PHPUnit 12. Update your test code to use attributes instead.

  [30;43;1m WARN [39;49;22m Metadata found in doc-comment for method Tests\Feature\Membership\Domain\MembershipTypeVotingRightsTest::associate_member_scope_returns_types_without_voting_rights(). Metadata in doc-comments is deprecated and will no longer be supported in PHPUnit 12. Update your test code to use attributes instead.

  [30;43;1m WARN [39;49;22m Metadata found in doc-comment for method Tests\Feature\Membership\Domain\MembershipTypeVotingRightsTest::full_member_scope_is_scoped_to_organisation(). Metadata in doc-comments is deprecated and will no longer be supported in PHPUnit 12. Update your test code to use attributes instead.

  [30;43;1m WARN [39;49;22m Metadata found in doc-comment for method Tests\Feature\Membership\Domain\MembershipTypeVotingRightsTest::membership_type_can_be_upgraded_from_associate_to_full(). Metadata in doc-comments is deprecated and will no longer be supported in PHPUnit 12. Update your test code to use attributes instead.

  [30;43;1m WARN [39;49;22m Metadata found in doc-comment for method Tests\Feature\Membership\Domain\MembershipTypeVotingRightsTest::membership_type_can_be_downgraded_from_full_to_associate(). Metadata in doc-comments is deprecated and will no longer be supported in PHPUnit 12. Update your test code to use attributes instead.

  [30;43;1m WARN [39;49;22m Metadata found in doc-comment for method Tests\Feature\Membership\Domain\OrganisationParticipantTest::organisation_participants_table_exists(). Metadata in doc-comments is deprecated and will no longer be supported in PHPUnit 12. Update your test code to use attributes instead.

  [30;43;1m WARN [39;49;22m Metadata found in doc-comment for method Tests\Feature\Membership\Domain\OrganisationParticipantTest::organisation_participants_table_has_required_columns(). Metadata in doc-comments is deprecated and will no longer be supported in PHPUnit 12. Update your test code to use attributes instead.

  [30;43;1m WARN [39;49;22m Metadata found in doc-comment for method Tests\Feature\Membership\Domain\OrganisationParticipantTest::can_create_staff_participant(). Metadata in doc-comments is deprecated and will no longer be supported in PHPUnit 12. Update your test code to use attributes instead.

  [30;43;1m WARN [39;49;22m Metadata found in doc-comment for method Tests\Feature\Membership\Domain\OrganisationParticipantTest::can_create_guest_participant_with_expiry(). Metadata in doc-comments is deprecated and will no longer be supported in PHPUnit 12. Update your test code to use attributes instead.

  [30;43;1m WARN [39;49;22m Metadata found in doc-comment for method Tests\Feature\Membership\Domain\OrganisationParticipantTest::can_create_election_committee_participant(). Metadata in doc-comments is deprecated and will no longer be supported in PHPUnit 12. Update your test code to use attributes instead.

  [30;43;1m WARN [39;49;22m Metadata found in doc-comment for method Tests\Feature\Membership\Domain\OrganisationParticipantTest::participant_type_must_be_one_of_allowed_values(). Metadata in doc-comments is deprecated and will no longer be supported in PHPUnit 12. Update your test code to use attributes instead.

  [30;43;1m WARN [39;49;22m Metadata found in doc-comment for method Tests\Feature\Membership\Domain\OrganisationParticipantTest::guest_with_past_expiry_date_is_expired(). Metadata in doc-comments is deprecated and will no longer be supported in PHPUnit 12. Update your test code to use attributes instead.

  [30;43;1m WARN [39;49;22m Metadata found in doc-comment for method Tests\Feature\Membership\Domain\OrganisationParticipantTest::guest_with_future_expiry_date_is_not_expired(). Metadata in doc-comments is deprecated and will no longer be supported in PHPUnit 12. Update your test code to use attributes instead.

  [30;43;1m WARN [39;49;22m Metadata found in doc-comment for method Tests\Feature\Membership\Domain\OrganisationParticipantTest::staff_participant_without_expiry_is_never_expired(). Metadata in doc-comments is deprecated and will no longer be supported in PHPUnit 12. Update your test code to use attributes instead.

  [30;43;1m WARN [39;49;22m Metadata found in doc-comment for method Tests\Feature\Membership\Domain\OrganisationParticipantTest::staff_scope_returns_only_staff_participants(). Metadata in doc-comments is deprecated and will no longer be supported in PHPUnit 12. Update your test code to use attributes instead.

  [30;43;1m WARN [39;49;22m Metadata found in doc-comment for method Tests\Feature\Membership\Domain\OrganisationParticipantTest::guests_scope_returns_only_guest_participants(). Metadata in doc-comments is deprecated and will no longer be supported in PHPUnit 12. Update your test code to use attributes instead.

  [30;43;1m WARN [39;49;22m Metadata found in doc-comment for method Tests\Feature\Membership\Domain\OrganisationParticipantTest::election_committee_scope_returns_only_committee_participants(). Metadata in doc-comments is deprecated and will no longer be supported in PHPUnit 12. Update your test code to use attributes instead.

  [30;43;1m WARN [39;49;22m Metadata found in doc-comment for method Tests\Feature\Membership\Domain\OrganisationParticipantTest::organisation_has_participants_relationship(). Metadata in doc-comments is deprecated and will no longer be supported in PHPUnit 12. Update your test code to use attributes instead.

  [30;43;1m WARN [39;49;22m Metadata found in doc-comment for method Tests\Feature\Membership\Domain\OrganisationParticipantTest::organisation_staff_returns_only_staff(). Metadata in doc-comments is deprecated and will no longer be supported in PHPUnit 12. Update your test code to use attributes instead.

  [30;43;1m WARN [39;49;22m Metadata found in doc-comment for method Tests\Feature\Membership\Domain\OrganisationParticipantTest::organisation_guests_returns_only_guests(). Metadata in doc-comments is deprecated and will no longer be supported in PHPUnit 12. Update your test code to use attributes instead.

  [30;43;1m WARN [39;49;22m Metadata found in doc-comment for method Tests\Feature\Membership\Domain\OrganisationParticipantTest::organisation_election_committee_returns_only_committee_members(). Metadata in doc-comments is deprecated and will no longer be supported in PHPUnit 12. Update your test code to use attributes instead.

  [30;43;1m WARN [39;49;22m Metadata found in doc-comment for method Tests\Feature\Membership\Domain\OrganisationParticipantTest::participants_are_scoped_to_their_organisation(). Metadata in doc-comments is deprecated and will no longer be supported in PHPUnit 12. Update your test code to use attributes instead.

  [30;43;1m WARN [39;49;22m Metadata found in doc-comment for method Tests\Feature\Membership\Domain\OrganisationParticipantTest::user_with_only_member_role_in_user_organisation_roles_is_not_a_participant(). Metadata in doc-comments is deprecated and will no longer be supported in PHPUnit 12. Update your test code to use attributes instead.

  [30;43;1m WARN [39;49;22m Metadata found in doc-comment for method Tests\Feature\Membership\Domain\OrganisationParticipantTest::participant_and_member_can_coexist_for_same_user(). Metadata in doc-comments is deprecated and will no longer be supported in PHPUnit 12. Update your test code to use attributes instead.

  [30;43;1m WARN [39;49;22m Metadata found in doc-comment for method Tests\Feature\Membership\FeePaymentTest::guest_cannot_record_payment(). Metadata in doc-comments is deprecated and will no longer be supported in PHPUnit 12. Update your test code to use attributes instead.

  [30;43;1m WARN [39;49;22m Metadata found in doc-comment for method Tests\Feature\Membership\FeePaymentTest::non_admin_cannot_record_payment(). Metadata in doc-comments is deprecated and will no longer be supported in PHPUnit 12. Update your test code to use attributes instead.

  [30;43;1m WARN [39;49;22m Metadata found in doc-comment for method Tests\Feature\Membership\FeePaymentTest::record_payment_marks_fee_as_paid(). Metadata in doc-comments is deprecated and will no longer be supported in PHPUnit 12. Update your test code to use attributes instead.

  [30;43;1m WARN [39;49;22m Metadata found in doc-comment for method Tests\Feature\Membership\FeePaymentTest::record_payment_persists_payment_method(). Metadata in doc-comments is deprecated and will no longer be supported in PHPUnit 12. Update your test code to use attributes instead.

  [30;43;1m WARN [39;49;22m Metadata found in doc-comment for method Tests\Feature\Membership\FeePaymentTest::record_payment_persists_transaction_reference(). Metadata in doc-comments is deprecated and will no longer be supported in PHPUnit 12. Update your test code to use attributes instead.

  [30;43;1m WARN [39;49;22m Metadata found in doc-comment for method Tests\Feature\Membership\FeePaymentTest::record_payment_with_duplicate_transaction_reference_throws(). Metadata in doc-comments is deprecated and will no longer be supported in PHPUnit 12. Update your test code to use attributes instead.

  [30;43;1m WARN [39;49;22m Metadata found in doc-comment for method Tests\Feature\Membership\FeePaymentTest::cannot_pay_fee_from_different_tenant(). Metadata in doc-comments is deprecated and will no longer be supported in PHPUnit 12. Update your test code to use attributes instead.

  [30;43;1m WARN [39;49;22m Metadata found in doc-comment for method Tests\Feature\Membership\FeePaymentTest::cannot_pay_already_paid_fee(). Metadata in doc-comments is deprecated and will no longer be supported in PHPUnit 12. Update your test code to use attributes instead.

  [30;43;1m WARN [39;49;22m Metadata found in doc-comment for method Tests\Feature\Membership\FeeWaiverTest::guest_cannot_waive(). Metadata in doc-comments is deprecated and will no longer be supported in PHPUnit 12. Update your test code to use attributes instead.

  [30;43;1m WARN [39;49;22m Metadata found in doc-comment for method Tests\Feature\Membership\FeeWaiverTest::non_admin_cannot_waive(). Metadata in doc-comments is deprecated and will no longer be supported in PHPUnit 12. Update your test code to use attributes instead.

  [30;43;1m WARN [39;49;22m Metadata found in doc-comment for method Tests\Feature\Membership\FeeWaiverTest::waive_changes_status_to_waived(). Metadata in doc-comments is deprecated and will no longer be supported in PHPUnit 12. Update your test code to use attributes instead.

  [30;43;1m WARN [39;49;22m Metadata found in doc-comment for method Tests\Feature\Membership\FeeWaiverTest::paid_fee_cannot_be_waived(). Metadata in doc-comments is deprecated and will no longer be supported in PHPUnit 12. Update your test code to use attributes instead.

  [30;43;1m WARN [39;49;22m Metadata found in doc-comment for method Tests\Feature\Membership\FeeWaiverTest::cannot_waive_fee_from_different_tenant(). Metadata in doc-comments is deprecated and will no longer be supported in PHPUnit 12. Update your test code to use attributes instead.

  [30;43;1m WARN [39;49;22m Metadata found in doc-comment for method Tests\Feature\Membership\MembershipApplicationTest::guest_cannot_submit_application(). Metadata in doc-comments is deprecated and will no longer be supported in PHPUnit 12. Update your test code to use attributes instead.

  [30;43;1m WARN [39;49;22m Metadata found in doc-comment for method Tests\Feature\Membership\MembershipApplicationTest::existing_member_cannot_apply_again(). Metadata in doc-comments is deprecated and will no longer be supported in PHPUnit 12. Update your test code to use attributes instead.

  [30;43;1m WARN [39;49;22m Metadata found in doc-comment for method Tests\Feature\Membership\MembershipApplicationTest::user_with_pending_application_cannot_apply_again(). Metadata in doc-comments is deprecated and will no longer be supported in PHPUnit 12. Update your test code to use attributes instead.

  [30;43;1m WARN [39;49;22m Metadata found in doc-comment for method Tests\Feature\Membership\MembershipApplicationTest::valid_application_creates_record_with_submitted_status(). Metadata in doc-comments is deprecated and will no longer be supported in PHPUnit 12. Update your test code to use attributes instead.

  [30;43;1m WARN [39;49;22m Metadata found in doc-comment for method Tests\Feature\Membership\MembershipApplicationTest::admin_can_view_all_applications(). Metadata in doc-comments is deprecated and will no longer be supported in PHPUnit 12. Update your test code to use attributes instead.

  [30;43;1m WARN [39;49;22m Metadata found in doc-comment for method Tests\Feature\Membership\MembershipApplicationTest::member_cannot_view_applications_index(). Metadata in doc-comments is deprecated and will no longer be supported in PHPUnit 12. Update your test code to use attributes instead.

  [30;43;1m WARN [39;49;22m Metadata found in doc-comment for method Tests\Feature\Membership\MembershipApplicationTest::approve_creates_organisation_user_and_member(). Metadata in doc-comments is deprecated and will no longer be supported in PHPUnit 12. Update your test code to use attributes instead.

  [30;43;1m WARN [39;49;22m Metadata found in doc-comment for method Tests\Feature\Membership\MembershipApplicationTest::approve_creates_pending_membership_fee(). Metadata in doc-comments is deprecated and will no longer be supported in PHPUnit 12. Update your test code to use attributes instead.

  [30;43;1m WARN [39;49;22m Metadata found in doc-comment for method Tests\Feature\Membership\MembershipApplicationTest::approve_fires_membership_application_approved_event(). Metadata in doc-comments is deprecated and will no longer be supported in PHPUnit 12. Update your test code to use attributes instead.

  [30;43;1m WARN [39;49;22m Metadata found in doc-comment for method Tests\Feature\Membership\MembershipApplicationTest::reject_sets_status_to_rejected_with_reason(). Metadata in doc-comments is deprecated and will no longer be supported in PHPUnit 12. Update your test code to use attributes instead.

  [30;43;1m WARN [39;49;22m Metadata found in doc-comment for method Tests\Feature\Membership\MembershipApplicationTest::reject_fires_membership_application_rejected_event(). Metadata in doc-comments is deprecated and will no longer be supported in PHPUnit 12. Update your test code to use attributes instead.

  [30;43;1m WARN [39;49;22m Metadata found in doc-comment for method Tests\Feature\Membership\MembershipApplicationTest::approved_application_cannot_be_approved_again(). Metadata in doc-comments is deprecated and will no longer be supported in PHPUnit 12. Update your test code to use attributes instead.

  [30;43;1m WARN [39;49;22m Metadata found in doc-comment for method Tests\Feature\Membership\MembershipApplicationTest::concurrent_approval_is_handled_gracefully(). Metadata in doc-comments is deprecated and will no longer be supported in PHPUnit 12. Update your test code to use attributes instead.

  [30;43;1m WARN [39;49;22m Metadata found in doc-comment for method Tests\Feature\Membership\MembershipApplicationTest::expired_application_is_rejected_by_daily_job(). Metadata in doc-comments is deprecated and will no longer be supported in PHPUnit 12. Update your test code to use attributes instead.

  [30;43;1m WARN [39;49;22m Metadata found in doc-comment for method Tests\Feature\Membership\MembershipDashboardTest::owner_can_access_dashboard(). Metadata in doc-comments is deprecated and will no longer be supported in PHPUnit 12. Update your test code to use attributes instead.

  [30;43;1m WARN [39;49;22m Metadata found in doc-comment for method Tests\Feature\Membership\MembershipDashboardTest::admin_can_access_dashboard(). Metadata in doc-comments is deprecated and will no longer be supported in PHPUnit 12. Update your test code to use attributes instead.

  [30;43;1m WARN [39;49;22m Metadata found in doc-comment for method Tests\Feature\Membership\MembershipDashboardTest::commission_can_access_dashboard(). Metadata in doc-comments is deprecated and will no longer be supported in PHPUnit 12. Update your test code to use attributes instead.

  [30;43;1m WARN [39;49;22m Metadata found in doc-comment for method Tests\Feature\Membership\MembershipDashboardTest::member_can_access_own_dashboard(). Metadata in doc-comments is deprecated and will no longer be supported in PHPUnit 12. Update your test code to use attributes instead.

  [30;43;1m WARN [39;49;22m Metadata found in doc-comment for method Tests\Feature\Membership\MembershipDashboardTest::outsider_cannot_access_dashboard(). Metadata in doc-comments is deprecated and will no longer be supported in PHPUnit 12. Update your test code to use attributes instead.

  [30;43;1m WARN [39;49;22m Metadata found in doc-comment for method Tests\Feature\Membership\MembershipDashboardTest::guest_cannot_access_dashboard(). Metadata in doc-comments is deprecated and will no longer be supported in PHPUnit 12. Update your test code to use attributes instead.

  [30;43;1m WARN [39;49;22m Metadata found in doc-comment for method Tests\Feature\Membership\MembershipDashboardTest::dashboard_only_shows_applications_for_this_organisation(). Metadata in doc-comments is deprecated and will no longer be supported in PHPUnit 12. Update your test code to use attributes instead.

  [30;43;1m WARN [39;49;22m Metadata found in doc-comment for method Tests\Feature\Membership\MembershipDashboardTest::owner_dashboard_contains_required_stat_keys(). Metadata in doc-comments is deprecated and will no longer be supported in PHPUnit 12. Update your test code to use attributes instead.

  [30;43;1m WARN [39;49;22m Metadata found in doc-comment for method Tests\Feature\Membership\MembershipDashboardTest::member_dashboard_contains_member_self_data(). Metadata in doc-comments is deprecated and will no longer be supported in PHPUnit 12. Update your test code to use attributes instead.

  [30;43;1m WARN [39;49;22m Metadata found in doc-comment for method Tests\Feature\Membership\MembershipFeeTest::admin_can_view_member_fees(). Metadata in doc-comments is deprecated and will no longer be supported in PHPUnit 12. Update your test code to use attributes instead.

  [30;43;1m WARN [39;49;22m Metadata found in doc-comment for method Tests\Feature\Membership\MembershipFeeTest::admin_can_record_payment(). Metadata in doc-comments is deprecated and will no longer be supported in PHPUnit 12. Update your test code to use attributes instead.

  [30;43;1m WARN [39;49;22m Metadata found in doc-comment for method Tests\Feature\Membership\MembershipFeeTest::payment_fires_membership_fee_paid_event(). Metadata in doc-comments is deprecated and will no longer be supported in PHPUnit 12. Update your test code to use attributes instead.

  [30;43;1m WARN [39;49;22m Metadata found in doc-comment for method Tests\Feature\Membership\MembershipFeeTest::member_cannot_record_own_payment(). Metadata in doc-comments is deprecated and will no longer be supported in PHPUnit 12. Update your test code to use attributes instead.

  [30;43;1m WARN [39;49;22m Metadata found in doc-comment for method Tests\Feature\Membership\MembershipFeeTest::already_paid_fee_cannot_be_paid_again(). Metadata in doc-comments is deprecated and will no longer be supported in PHPUnit 12. Update your test code to use attributes instead.

  [30;43;1m WARN [39;49;22m Metadata found in doc-comment for method Tests\Feature\Membership\MembershipFeeTest::admin_can_waive_a_fee(). Metadata in doc-comments is deprecated and will no longer be supported in PHPUnit 12. Update your test code to use attributes instead.

  [30;43;1m WARN [39;49;22m Metadata found in doc-comment for method Tests\Feature\Membership\MembershipFeeTest::duplicate_payment_with_same_idempotency_key_returns_conflict(). Metadata in doc-comments is deprecated and will no longer be supported in PHPUnit 12. Update your test code to use attributes instead.

  [30;43;1m WARN [39;49;22m Metadata found in doc-comment for method Tests\Feature\Membership\MembershipRenewalTest::admin_can_renew_any_member(). Metadata in doc-comments is deprecated and will no longer be supported in PHPUnit 12. Update your test code to use attributes instead.

  [30;43;1m WARN [39;49;22m Metadata found in doc-comment for method Tests\Feature\Membership\MembershipRenewalTest::renewal_updates_member_expires_at(). Metadata in doc-comments is deprecated and will no longer be supported in PHPUnit 12. Update your test code to use attributes instead.

  [30;43;1m WARN [39;49;22m Metadata found in doc-comment for method Tests\Feature\Membership\MembershipRenewalTest::renewal_creates_a_linked_fee(). Metadata in doc-comments is deprecated and will no longer be supported in PHPUnit 12. Update your test code to use attributes instead.

  [30;43;1m WARN [39;49;22m Metadata found in doc-comment for method Tests\Feature\Membership\MembershipRenewalTest::renewal_fires_membership_renewed_event(). Metadata in doc-comments is deprecated and will no longer be supported in PHPUnit 12. Update your test code to use attributes instead.

  [30;43;1m WARN [39;49;22m Metadata found in doc-comment for method Tests\Feature\Membership\MembershipRenewalTest::member_can_self_renew_within_window(). Metadata in doc-comments is deprecated and will no longer be supported in PHPUnit 12. Update your test code to use attributes instead.

  [30;43;1m WARN [39;49;22m Metadata found in doc-comment for method Tests\Feature\Membership\MembershipRenewalTest::member_cannot_renew_more_than_90_days_after_expiry(). Metadata in doc-comments is deprecated and will no longer be supported in PHPUnit 12. Update your test code to use attributes instead.

  [30;43;1m WARN [39;49;22m Metadata found in doc-comment for method Tests\Feature\Membership\MembershipRenewalTest::lifetime_member_cannot_be_renewed(). Metadata in doc-comments is deprecated and will no longer be supported in PHPUnit 12. Update your test code to use attributes instead.

  [30;43;1m WARN [39;49;22m Metadata found in doc-comment for method Tests\Feature\Membership\MembershipTypeTest::only_owner_can_create_type(). Metadata in doc-comments is deprecated and will no longer be supported in PHPUnit 12. Update your test code to use attributes instead.

  [30;43;1m WARN [39;49;22m Metadata found in doc-comment for method Tests\Feature\Membership\MembershipTypeTest::admin_cannot_create_type(). Metadata in doc-comments is deprecated and will no longer be supported in PHPUnit 12. Update your test code to use attributes instead.

  [30;43;1m WARN [39;49;22m Metadata found in doc-comment for method Tests\Feature\Membership\MembershipTypeTest::only_owner_can_update_type(). Metadata in doc-comments is deprecated and will no longer be supported in PHPUnit 12. Update your test code to use attributes instead.

  [30;43;1m WARN [39;49;22m Metadata found in doc-comment for method Tests\Feature\Membership\MembershipTypeTest::admin_cannot_update_type(). Metadata in doc-comments is deprecated and will no longer be supported in PHPUnit 12. Update your test code to use attributes instead.

  [30;43;1m WARN [39;49;22m Metadata found in doc-comment for method Tests\Feature\Membership\MembershipTypeTest::slug_must_be_unique_per_organisation(). Metadata in doc-comments is deprecated and will no longer be supported in PHPUnit 12. Update your test code to use attributes instead.

  [30;43;1m WARN [39;49;22m Metadata found in doc-comment for method Tests\Feature\Membership\MembershipTypeTest::deactivated_type_cannot_be_used_for_new_applications(). Metadata in doc-comments is deprecated and will no longer be supported in PHPUnit 12. Update your test code to use attributes instead.

  [30;43;1m WARN [39;49;22m Metadata found in doc-comment for method Tests\Feature\Membership\OutboxIntegrationTest::payment_creates_outbox_event(). Metadata in doc-comments is deprecated and will no longer be supported in PHPUnit 12. Update your test code to use attributes instead.

  [30;43;1m WARN [39;49;22m Metadata found in doc-comment for method Tests\Feature\Membership\OutboxIntegrationTest::outbox_event_persists_payload(). Metadata in doc-comments is deprecated and will no longer be supported in PHPUnit 12. Update your test code to use attributes instead.

  [30;43;1m WARN [39;49;22m Metadata found in doc-comment for method Tests\Feature\Membership\OutboxIntegrationTest::outbox_event_can_be_marked_processed(). Metadata in doc-comments is deprecated and will no longer be supported in PHPUnit 12. Update your test code to use attributes instead.

  [30;43;1m WARN [39;49;22m Metadata found in doc-comment for method Tests\Feature\Membership\OutboxIntegrationTest::outbox_event_can_be_rescheduled(). Metadata in doc-comments is deprecated and will no longer be supported in PHPUnit 12. Update your test code to use attributes instead.

  [30;43;1m WARN [39;49;22m Metadata found in doc-comment for method Tests\Feature\Membership\OutboxIntegrationTest::waived_fee_creates_outbox_event(). Metadata in doc-comments is deprecated and will no longer be supported in PHPUnit 12. Update your test code to use attributes instead.

  [30;43;1m WARN [39;49;22m Metadata found in doc-comment for method Tests\Feature\MiddlewareChainTest::layer_1_verifies_voter_slug_exists(). Metadata in doc-comments is deprecated and will no longer be supported in PHPUnit 12. Update your test code to use attributes instead.

  [30;43;1m WARN [39;49;22m Metadata found in doc-comment for method Tests\Feature\MiddlewareChainTest::layer_1_rejects_invalid_voter_slug(). Metadata in doc-comments is deprecated and will no longer be supported in PHPUnit 12. Update your test code to use attributes instead.

  [30;43;1m WARN [39;49;22m Metadata found in doc-comment for method Tests\Feature\MiddlewareChainTest::layer_1_verifies_slug_belongs_to_user(). Metadata in doc-comments is deprecated and will no longer be supported in PHPUnit 12. Update your test code to use attributes instead.

  [30;43;1m WARN [39;49;22m Metadata found in doc-comment for method Tests\Feature\MiddlewareChainTest::layer_2_validates_voter_slug_not_expired(). Metadata in doc-comments is deprecated and will no longer be supported in PHPUnit 12. Update your test code to use attributes instead.

  [30;43;1m WARN [39;49;22m Metadata found in doc-comment for method Tests\Feature\MiddlewareChainTest::layer_2_rejects_access_when_election_inactive(). Metadata in doc-comments is deprecated and will no longer be supported in PHPUnit 12. Update your test code to use attributes instead.

  [30;43;1m WARN [39;49;22m Metadata found in doc-comment for method Tests\Feature\MiddlewareChainTest::layer_3_verifies_organisation_consistency(). Metadata in doc-comments is deprecated and will no longer be supported in PHPUnit 12. Update your test code to use attributes instead.

  [30;43;1m WARN [39;49;22m Metadata found in doc-comment for method Tests\Feature\MiddlewareChainTest::layer_3_rejects_organisation_mismatch(). Metadata in doc-comments is deprecated and will no longer be supported in PHPUnit 12. Update your test code to use attributes instead.

  [30;43;1m WARN [39;49;22m Metadata found in doc-comment for method Tests\Feature\MiddlewareChainTest::all_three_layers_execute_in_order(). Metadata in doc-comments is deprecated and will no longer be supported in PHPUnit 12. Update your test code to use attributes instead.

  [30;43;1m WARN [39;49;22m Metadata found in doc-comment for method Tests\Feature\MiddlewareChainTest::early_layer_failure_prevents_later_layers(). Metadata in doc-comments is deprecated and will no longer be supported in PHPUnit 12. Update your test code to use attributes instead.

  [30;43;1m WARN [39;49;22m Metadata found in doc-comment for method Tests\Feature\Middleware\EnsureOrganisationMemberTest::user_can_access_organisation_they_are_member_of(). Metadata in doc-comments is deprecated and will no longer be supported in PHPUnit 12. Update your test code to use attributes instead.

  [30;43;1m WARN [39;49;22m Metadata found in doc-comment for method Tests\Feature\Middleware\EnsureOrganisationMemberTest::user_cannot_access_organisation_they_are_not_member_of(). Metadata in doc-comments is deprecated and will no longer be supported in PHPUnit 12. Update your test code to use attributes instead.

  [30;43;1m WARN [39;49;22m Metadata found in doc-comment for method Tests\Feature\Middleware\EnsureOrganisationMemberTest::unauthenticated_user_cannot_access_organisation_routes(). Metadata in doc-comments is deprecated and will no longer be supported in PHPUnit 12. Update your test code to use attributes instead.

  [30;43;1m WARN [39;49;22m Metadata found in doc-comment for method Tests\Feature\Middleware\EnsureOrganisationMemberTest::middleware_prevents_member_import_for_non_members(). Metadata in doc-comments is deprecated and will no longer be supported in PHPUnit 12. Update your test code to use attributes instead.

  [30;43;1m WARN [39;49;22m Metadata found in doc-comment for method Tests\Feature\Middleware\EnsureOrganisationMemberTest::member_can_access_import_page_for_their_organisation(). Metadata in doc-comments is deprecated and will no longer be supported in PHPUnit 12. Update your test code to use attributes instead.

  [30;43;1m WARN [39;49;22m Metadata found in doc-comment for method Tests\Feature\Middleware\EnsureOrganisationMemberTest::middleware_validates_organisation_exists(). Metadata in doc-comments is deprecated and will no longer be supported in PHPUnit 12. Update your test code to use attributes instead.

  [30;43;1m WARN [39;49;22m Metadata found in doc-comment for method Tests\Feature\Newsletter\NewsletterAudienceSegmentationTest::test_dispatch_all_members_targets_active_members_only(). Metadata in doc-comments is deprecated and will no longer be supported in PHPUnit 12. Update your test code to use attributes instead.

  [30;43;1m WARN [39;49;22m Metadata found in doc-comment for method Tests\Feature\Newsletter\NewsletterAudienceSegmentationTest::test_dispatch_full_members_excludes_associate_members(). Metadata in doc-comments is deprecated and will no longer be supported in PHPUnit 12. Update your test code to use attributes instead.

  [30;43;1m WARN [39;49;22m Metadata found in doc-comment for method Tests\Feature\Newsletter\NewsletterAudienceSegmentationTest::test_dispatch_election_voters_uses_election_membership_table(). Metadata in doc-comments is deprecated and will no longer be supported in PHPUnit 12. Update your test code to use attributes instead.

  [30;43;1m WARN [39;49;22m Metadata found in doc-comment for method Tests\Feature\Newsletter\NewsletterAudienceSegmentationTest::test_dispatch_election_not_voted_excludes_already_voted(). Metadata in doc-comments is deprecated and will no longer be supported in PHPUnit 12. Update your test code to use attributes instead.

  [30;43;1m WARN [39;49;22m Metadata found in doc-comment for method Tests\Feature\Newsletter\NewsletterAudienceSegmentationTest::test_dispatch_election_committee_uses_election_officers_table(). Metadata in doc-comments is deprecated and will no longer be supported in PHPUnit 12. Update your test code to use attributes instead.

  [30;43;1m WARN [39;49;22m Metadata found in doc-comment for method Tests\Feature\Newsletter\NewsletterAudienceSegmentationTest::test_preview_count_returns_correct_recipient_count(). Metadata in doc-comments is deprecated and will no longer be supported in PHPUnit 12. Update your test code to use attributes instead.

  [30;43;1m WARN [39;49;22m Metadata found in doc-comment for method Tests\Feature\Newsletter\NewsletterAudienceSegmentationTest::test_non_member_election_participant_receives_newsletter_without_member_id(). Metadata in doc-comments is deprecated and will no longer be supported in PHPUnit 12. Update your test code to use attributes instead.

  [30;43;1m WARN [39;49;22m Metadata found in doc-comment for method Tests\Feature\Newsletter\NewsletterAudienceSegmentationTest::test_store_creates_newsletter_with_audience_type_and_meta(). Metadata in doc-comments is deprecated and will no longer be supported in PHPUnit 12. Update your test code to use attributes instead.

  [30;43;1m WARN [39;49;22m Metadata found in doc-comment for method Tests\Feature\Newsletter\NewsletterAudienceSegmentationTest::test_dispatch_respects_newsletter_unsubscribe_even_in_election_segments(). Metadata in doc-comments is deprecated and will no longer be supported in PHPUnit 12. Update your test code to use attributes instead.

  [30;43;1m WARN [39;49;22m Metadata found in doc-comment for method Tests\Feature\Newsletter\NewsletterAudienceSegmentationTest::test_dispatch_respects_hard_bounce_exclusion(). Metadata in doc-comments is deprecated and will no longer be supported in PHPUnit 12. Update your test code to use attributes instead.

  [30;43;1m WARN [39;49;22m Metadata found in doc-comment for method Tests\Feature\Newsletter\NewsletterAudienceSegmentationTest::test_store_validates_election_id_required_for_election_audience_types(). Metadata in doc-comments is deprecated and will no longer be supported in PHPUnit 12. Update your test code to use attributes instead.

  [30;43;1m WARN [39;49;22m Metadata found in doc-comment for method Tests\Feature\Newsletter\NewsletterAudienceSegmentationTest::test_store_rejects_unknown_audience_type(). Metadata in doc-comments is deprecated and will no longer be supported in PHPUnit 12. Update your test code to use attributes instead.

  [30;43;1m WARN [39;49;22m Metadata found in doc-comment for method Tests\Feature\Newsletter\NewsletterAudienceSegmentationTest::test_store_rate_limits_max_10_newsletters_per_hour(). Metadata in doc-comments is deprecated and will no longer be supported in PHPUnit 12. Update your test code to use attributes instead.

  [30;43;1m WARN [39;49;22m Metadata found in doc-comment for method Tests\Feature\Newsletter\NewsletterAudienceSegmentationTest::test_preview_count_rate_limits_30_requests_per_minute(). Metadata in doc-comments is deprecated and will no longer be supported in PHPUnit 12. Update your test code to use attributes instead.

  [30;43;1m WARN [39;49;22m Metadata found in doc-comment for method Tests\Feature\Newsletter\NewsletterAudienceSegmentationTest::test_dispatch_handles_audience_with_zero_recipients_gracefully(). Metadata in doc-comments is deprecated and will no longer be supported in PHPUnit 12. Update your test code to use attributes instead.

  [30;43;1m WARN [39;49;22m Metadata found in doc-comment for method Tests\Feature\Newsletter\NewsletterAudienceSegmentationTest::test_dispatch_does_not_duplicate_recipients_across_overlapping_segments(). Metadata in doc-comments is deprecated and will no longer be supported in PHPUnit 12. Update your test code to use attributes instead.

  [30;43;1m WARN [39;49;22m Metadata found in doc-comment for method Tests\Feature\Newsletter\NewsletterAudienceSegmentationTest::test_audience_resolution_result_is_cached_for_5_minutes(). Metadata in doc-comments is deprecated and will no longer be supported in PHPUnit 12. Update your test code to use attributes instead.

  [30;43;1m WARN [39;49;22m Metadata found in doc-comment for method Tests\Feature\Newsletter\NewsletterAudienceSegmentationTest::test_concurrent_newsletter_dispatches_do_not_duplicate_recipients(). Metadata in doc-comments is deprecated and will no longer be supported in PHPUnit 12. Update your test code to use attributes instead.

  [30;43;1m WARN [39;49;22m Metadata found in doc-comment for method Tests\Feature\Newsletter\NewsletterAudienceSegmentationTest::test_gdpr_consent_source_stored_per_recipient(). Metadata in doc-comments is deprecated and will no longer be supported in PHPUnit 12. Update your test code to use attributes instead.

  [30;43;1m WARN [39;49;22m Metadata found in doc-comment for method Tests\Feature\Newsletter\NewsletterAudienceSegmentationTest::test_dispatch_ignores_cache_to_ensure_fresh_data_at_send_time(). Metadata in doc-comments is deprecated and will no longer be supported in PHPUnit 12. Update your test code to use attributes instead.

  [30;43;1m WARN [39;49;22m Metadata found in doc-comment for method Tests\Feature\Newsletter\NewsletterAudienceSegmentationTest::test_multi_segment_selection_removes_duplicate_emails(). Metadata in doc-comments is deprecated and will no longer be supported in PHPUnit 12. Update your test code to use attributes instead.

  [30;43;1m WARN [39;49;22m Metadata found in doc-comment for method Tests\Feature\OrganisationIsolationTest::test_election_queries_auto_scope_to_current_organisation(). Metadata in doc-comments is deprecated and will no longer be supported in PHPUnit 12. Update your test code to use attributes instead.

  [30;43;1m WARN [39;49;22m Metadata found in doc-comment for method Tests\Feature\OrganisationIsolationTest::test_cannot_see_other_org_election_by_direct_uuid(). Metadata in doc-comments is deprecated and will no longer be supported in PHPUnit 12. Update your test code to use attributes instead.

  [30;43;1m WARN [39;49;22m Metadata found in doc-comment for method Tests\Feature\OrganisationIsolationTest::test_election_creation_auto_sets_organisation_id_from_session(). Metadata in doc-comments is deprecated and will no longer be supported in PHPUnit 12. Update your test code to use attributes instead.

  [30;43;1m WARN [39;49;22m Metadata found in doc-comment for method Tests\Feature\OrganisationIsolationTest::test_posts_are_isolated_per_organisation(). Metadata in doc-comments is deprecated and will no longer be supported in PHPUnit 12. Update your test code to use attributes instead.

  [30;43;1m WARN [39;49;22m Metadata found in doc-comment for method Tests\Feature\OrganisationIsolationTest::test_codes_are_isolated_per_organisation(). Metadata in doc-comments is deprecated and will no longer be supported in PHPUnit 12. Update your test code to use attributes instead.

  [30;43;1m WARN [39;49;22m Metadata found in doc-comment for method Tests\Feature\OrganisationIsolationTest::test_voter_slugs_are_isolated_per_organisation(). Metadata in doc-comments is deprecated and will no longer be supported in PHPUnit 12. Update your test code to use attributes instead.

  [30;43;1m WARN [39;49;22m Metadata found in doc-comment for method Tests\Feature\OrganisationIsolationTest::test_candidacies_are_isolated_per_organisation(). Metadata in doc-comments is deprecated and will no longer be supported in PHPUnit 12. Update your test code to use attributes instead.

  [30;43;1m WARN [39;49;22m Metadata found in doc-comment for method Tests\Feature\OrganisationIsolationTest::test_votes_are_isolated_per_organisation(). Metadata in doc-comments is deprecated and will no longer be supported in PHPUnit 12. Update your test code to use attributes instead.

  [30;43;1m WARN [39;49;22m Metadata found in doc-comment for method Tests\Feature\OrganisationIsolationTest::test_results_are_isolated_per_organisation(). Metadata in doc-comments is deprecated and will no longer be supported in PHPUnit 12. Update your test code to use attributes instead.

  [30;43;1m WARN [39;49;22m Metadata found in doc-comment for method Tests\Feature\OrganisationIsolationTest::test_without_session_context_election_returns_empty(). Metadata in doc-comments is deprecated and will no longer be supported in PHPUnit 12. Update your test code to use attributes instead.

  [30;43;1m WARN [39;49;22m Metadata found in doc-comment for method Tests\Feature\OrganisationIsolationTest::test_election_count_respects_organisation_scope(). Metadata in doc-comments is deprecated and will no longer be supported in PHPUnit 12. Update your test code to use attributes instead.

  [30;43;1m WARN [39;49;22m Metadata found in doc-comment for method Tests\Feature\OrganisationIsolationTest::test_election_find_returns_null_for_other_org(). Metadata in doc-comments is deprecated and will no longer be supported in PHPUnit 12. Update your test code to use attributes instead.

  [30;43;1m WARN [39;49;22m Metadata found in doc-comment for method Tests\Feature\OrganisationIsolationTest::belongs_to_tenant_does_not_n_plus_one_on_platform_context(). Metadata in doc-comments is deprecated and will no longer be supported in PHPUnit 12. Update your test code to use attributes instead.

  [30;43;1m WARN [39;49;22m Metadata found in doc-comment for method Tests\Feature\Organisation\OrganisationSettingsTest::admin_can_view_settings_page(). Metadata in doc-comments is deprecated and will no longer be supported in PHPUnit 12. Update your test code to use attributes instead.

  [30;43;1m WARN [39;49;22m Metadata found in doc-comment for method Tests\Feature\Organisation\OrganisationSettingsTest::admin_can_update_membership_mode(). Metadata in doc-comments is deprecated and will no longer be supported in PHPUnit 12. Update your test code to use attributes instead.

  [30;43;1m WARN [39;49;22m Metadata found in doc-comment for method Tests\Feature\Organisation\OrganisationSettingsTest::non_admin_cannot_access_settings(). Metadata in doc-comments is deprecated and will no longer be supported in PHPUnit 12. Update your test code to use attributes instead.

  [30;43;1m WARN [39;49;22m Metadata found in doc-comment for method Tests\Feature\Organisations\VoterControllerIntegrationTest::it_handles_complete_voter_approval_workflow(). Metadata in doc-comments is deprecated and will no longer be supported in PHPUnit 12. Update your test code to use attributes instead.

  [30;43;1m WARN [39;49;22m Metadata found in doc-comment for method Tests\Feature\Organisations\VoterControllerIntegrationTest::it_handles_complete_voter_suspension_workflow(). Metadata in doc-comments is deprecated and will no longer be supported in PHPUnit 12. Update your test code to use attributes instead.

  [30;43;1m WARN [39;49;22m Metadata found in doc-comment for method Tests\Feature\Organisations\VoterControllerIntegrationTest::it_handles_bulk_operations_workflow(). Metadata in doc-comments is deprecated and will no longer be supported in PHPUnit 12. Update your test code to use attributes instead.

  [30;43;1m WARN [39;49;22m Metadata found in doc-comment for method Tests\Feature\Organisations\VoterControllerIntegrationTest::it_handles_pagination_and_filtering_workflow(). Metadata in doc-comments is deprecated and will no longer be supported in PHPUnit 12. Update your test code to use attributes instead.

  [30;43;1m WARN [39;49;22m Metadata found in doc-comment for method Tests\Feature\Organisations\VoterControllerIntegrationTest::it_properly_manages_cache_across_operations(). Metadata in doc-comments is deprecated and will no longer be supported in PHPUnit 12. Update your test code to use attributes instead.

  [30;43;1m WARN [39;49;22m Metadata found in doc-comment for method Tests\Feature\Organisations\VoterControllerIntegrationTest::it_allows_multiple_commission_members_to_perform_actions(). Metadata in doc-comments is deprecated and will no longer be supported in PHPUnit 12. Update your test code to use attributes instead.

  [30;43;1m WARN [39;49;22m Metadata found in doc-comment for method Tests\Feature\Organisations\VoterControllerIntegrationTest::it_grants_new_permissions_after_role_change(). Metadata in doc-comments is deprecated and will no longer be supported in PHPUnit 12. Update your test code to use attributes instead.

  [30;43;1m WARN [39;49;22m Metadata found in doc-comment for method Tests\Feature\Organisations\VoterControllerIntegrationTest::it_handles_organization_with_no_voters(). Metadata in doc-comments is deprecated and will no longer be supported in PHPUnit 12. Update your test code to use attributes instead.

  [30;43;1m WARN [39;49;22m Metadata found in doc-comment for method Tests\Feature\Organisations\VoterControllerIntegrationTest::it_tracks_ip_address_per_approval(). Metadata in doc-comments is deprecated and will no longer be supported in PHPUnit 12. Update your test code to use attributes instead.

  [30;43;1m WARN [39;49;22m Metadata found in doc-comment for method Tests\Feature\Organisations\VoterControllerIntegrationTest::it_handles_sequential_bulk_operations(). Metadata in doc-comments is deprecated and will no longer be supported in PHPUnit 12. Update your test code to use attributes instead.

  [30;43;1m WARN [39;49;22m Metadata found in doc-comment for method Tests\Feature\Organisations\VoterControllerIntegrationTest::it_sets_appropriate_flash_messages(). Metadata in doc-comments is deprecated and will no longer be supported in PHPUnit 12. Update your test code to use attributes instead.

  [30;43;1m WARN [39;49;22m Metadata found in doc-comment for method Tests\Feature\organisations\VoterControllerSecurityTest::it_prevents_cross_organization_voter_list_access(). Metadata in doc-comments is deprecated and will no longer be supported in PHPUnit 12. Update your test code to use attributes instead.

  [30;43;1m WARN [39;49;22m Metadata found in doc-comment for method Tests\Feature\organisations\VoterControllerSecurityTest::it_prevents_cross_organization_voter_approval(). Metadata in doc-comments is deprecated and will no longer be supported in PHPUnit 12. Update your test code to use attributes instead.

  [30;43;1m WARN [39;49;22m Metadata found in doc-comment for method Tests\Feature\organisations\VoterControllerSecurityTest::it_prevents_cross_organization_voter_suspension(). Metadata in doc-comments is deprecated and will no longer be supported in PHPUnit 12. Update your test code to use attributes instead.

  [30;43;1m WARN [39;49;22m Metadata found in doc-comment for method Tests\Feature\organisations\VoterControllerSecurityTest::it_prevents_org2_user_approving_org1_voters(). Metadata in doc-comments is deprecated and will no longer be supported in PHPUnit 12. Update your test code to use attributes instead.

  [30;43;1m WARN [39;49;22m Metadata found in doc-comment for method Tests\Feature\organisations\VoterControllerSecurityTest::it_prevents_cross_organization_bulk_approve(). Metadata in doc-comments is deprecated and will no longer be supported in PHPUnit 12. Update your test code to use attributes instead.

  [30;43;1m WARN [39;49;22m Metadata found in doc-comment for method Tests\Feature\organisations\VoterControllerSecurityTest::it_prevents_cross_organization_bulk_suspend(). Metadata in doc-comments is deprecated and will no longer be supported in PHPUnit 12. Update your test code to use attributes instead.

  [30;43;1m WARN [39;49;22m Metadata found in doc-comment for method Tests\Feature\organisations\VoterControllerSecurityTest::it_requires_commission_role_for_approval(). Metadata in doc-comments is deprecated and will no longer be supported in PHPUnit 12. Update your test code to use attributes instead.

  [30;43;1m WARN [39;49;22m Metadata found in doc-comment for method Tests\Feature\organisations\VoterControllerSecurityTest::it_requires_commission_role_for_bulk_approve(). Metadata in doc-comments is deprecated and will no longer be supported in PHPUnit 12. Update your test code to use attributes instead.

  [30;43;1m WARN [39;49;22m Metadata found in doc-comment for method Tests\Feature\organisations\VoterControllerSecurityTest::it_prevents_sql_injection_in_voter_id(). Metadata in doc-comments is deprecated and will no longer be supported in PHPUnit 12. Update your test code to use attributes instead.

  [30;43;1m WARN [39;49;22m Metadata found in doc-comment for method Tests\Feature\organisations\VoterControllerSecurityTest::it_validates_organization_from_route_not_request(). Metadata in doc-comments is deprecated and will no longer be supported in PHPUnit 12. Update your test code to use attributes instead.

  [30;43;1m WARN [39;49;22m Metadata found in doc-comment for method Tests\Feature\organisations\VoterControllerSecurityTest::it_records_actual_approver_identity(). Metadata in doc-comments is deprecated and will no longer be supported in PHPUnit 12. Update your test code to use attributes instead.

  [30;43;1m WARN [39;49;22m Metadata found in doc-comment for method Tests\Feature\organisations\VoterControllerSecurityTest::it_filters_voters_by_organization_in_bulk_approve(). Metadata in doc-comments is deprecated and will no longer be supported in PHPUnit 12. Update your test code to use attributes instead.

  [30;43;1m WARN [39;49;22m Metadata found in doc-comment for method Tests\Feature\organisations\VoterControllerSecurityTest::it_validates_organization_slug_integrity(). Metadata in doc-comments is deprecated and will no longer be supported in PHPUnit 12. Update your test code to use attributes instead.

  [30;43;1m WARN [39;49;22m Metadata found in doc-comment for method Tests\Feature\organisations\VoterControllerSecurityTest::it_requires_csrf_token_for_state_changes(). Metadata in doc-comments is deprecated and will no longer be supported in PHPUnit 12. Update your test code to use attributes instead.

  [30;43;1m WARN [39;49;22m Metadata found in doc-comment for method Tests\Feature\organisations\VoterControllerSecurityTest::it_logs_all_approval_attempts(). Metadata in doc-comments is deprecated and will no longer be supported in PHPUnit 12. Update your test code to use attributes instead.

  [30;43;1m WARN [39;49;22m Metadata found in doc-comment for method Tests\Feature\organisations\VoterControllerSecurityTest::it_prevents_privilege_escalation_attacks(). Metadata in doc-comments is deprecated and will no longer be supported in PHPUnit 12. Update your test code to use attributes instead.

  [30;43;1m WARN [39;49;22m Metadata found in doc-comment for method Tests\Feature\organisations\VoterControllerSecurityTest::it_prevents_information_disclosure(). Metadata in doc-comments is deprecated and will no longer be supported in PHPUnit 12. Update your test code to use attributes instead.

  [30;43;1m WARN [39;49;22m Metadata found in doc-comment for method Tests\Feature\organisations\VoterControllerTest::it_displays_voter_list_for_organization_members(). Metadata in doc-comments is deprecated and will no longer be supported in PHPUnit 12. Update your test code to use attributes instead.

  [30;43;1m WARN [39;49;22m Metadata found in doc-comment for method Tests\Feature\organisations\VoterControllerTest::it_blocks_non_member_access_to_voter_list(). Metadata in doc-comments is deprecated and will no longer be supported in PHPUnit 12. Update your test code to use attributes instead.

  [30;43;1m WARN [39;49;22m Metadata found in doc-comment for method Tests\Feature\organisations\VoterControllerTest::it_redirects_unauthenticated_users_to_login(). Metadata in doc-comments is deprecated and will no longer be supported in PHPUnit 12. Update your test code to use attributes instead.

  [30;43;1m WARN [39;49;22m Metadata found in doc-comment for method Tests\Feature\organisations\VoterControllerTest::it_shows_correct_statistics(). Metadata in doc-comments is deprecated and will no longer be supported in PHPUnit 12. Update your test code to use attributes instead.

  [30;43;1m WARN [39;49;22m Metadata found in doc-comment for method Tests\Feature\organisations\VoterControllerTest::it_filters_voters_by_search_query(). Metadata in doc-comments is deprecated and will no longer be supported in PHPUnit 12. Update your test code to use attributes instead.

  [30;43;1m WARN [39;49;22m Metadata found in doc-comment for method Tests\Feature\organisations\VoterControllerTest::it_filters_voters_by_status(). Metadata in doc-comments is deprecated and will no longer be supported in PHPUnit 12. Update your test code to use attributes instead.

  [30;43;1m WARN [39;49;22m Metadata found in doc-comment for method Tests\Feature\organisations\VoterControllerTest::it_allows_commission_member_to_approve_voter(). Metadata in doc-comments is deprecated and will no longer be supported in PHPUnit 12. Update your test code to use attributes instead.

  [30;43;1m WARN [39;49;22m Metadata found in doc-comment for method Tests\Feature\organisations\VoterControllerTest::it_blocks_regular_member_from_approving_voter(). Metadata in doc-comments is deprecated and will no longer be supported in PHPUnit 12. Update your test code to use attributes instead.

  [30;43;1m WARN [39;49;22m Metadata found in doc-comment for method Tests\Feature\organisations\VoterControllerTest::it_allows_commission_member_to_suspend_voter(). Metadata in doc-comments is deprecated and will no longer be supported in PHPUnit 12. Update your test code to use attributes instead.

  [30;43;1m WARN [39;49;22m Metadata found in doc-comment for method Tests\Feature\organisations\VoterControllerTest::it_blocks_regular_member_from_suspending_voter(). Metadata in doc-comments is deprecated and will no longer be supported in PHPUnit 12. Update your test code to use attributes instead.

  [30;43;1m WARN [39;49;22m Metadata found in doc-comment for method Tests\Feature\organisations\VoterControllerTest::it_prevents_cross_organization_voter_approval(). Metadata in doc-comments is deprecated and will no longer be supported in PHPUnit 12. Update your test code to use attributes instead.

  [30;43;1m WARN [39;49;22m Metadata found in doc-comment for method Tests\Feature\organisations\VoterControllerTest::it_allows_bulk_approve_of_voters(). Metadata in doc-comments is deprecated and will no longer be supported in PHPUnit 12. Update your test code to use attributes instead.

  [30;43;1m WARN [39;49;22m Metadata found in doc-comment for method Tests\Feature\organisations\VoterControllerTest::it_returns_error_for_empty_bulk_approve(). Metadata in doc-comments is deprecated and will no longer be supported in PHPUnit 12. Update your test code to use attributes instead.

  [30;43;1m WARN [39;49;22m Metadata found in doc-comment for method Tests\Feature\organisations\VoterControllerTest::it_allows_bulk_suspend_of_voters(). Metadata in doc-comments is deprecated and will no longer be supported in PHPUnit 12. Update your test code to use attributes instead.

  [30;43;1m WARN [39;49;22m Metadata found in doc-comment for method Tests\Feature\organisations\VoterControllerTest::it_paginates_voter_list(). Metadata in doc-comments is deprecated and will no longer be supported in PHPUnit 12. Update your test code to use attributes instead.

  [30;43;1m WARN [39;49;22m Metadata found in doc-comment for method Tests\Feature\organisations\VoterControllerTest::it_only_shows_voters_from_the_organization(). Metadata in doc-comments is deprecated and will no longer be supported in PHPUnit 12. Update your test code to use attributes instead.

  [30;43;1m WARN [39;49;22m Metadata found in doc-comment for method Tests\Feature\organisations\VoterControllerTest::it_invalidates_cache_on_voter_approval(). Metadata in doc-comments is deprecated and will no longer be supported in PHPUnit 12. Update your test code to use attributes instead.

  [30;43;1m WARN [39;49;22m Metadata found in doc-comment for method Tests\Feature\organisations\VoterControllerTest::it_invalidates_cache_on_bulk_approval(). Metadata in doc-comments is deprecated and will no longer be supported in PHPUnit 12. Update your test code to use attributes instead.

  [30;43;1m WARN [39;49;22m Metadata found in doc-comment for method Tests\Feature\organisations\VoterControllerTest::it_records_ip_address_on_approval(). Metadata in doc-comments is deprecated and will no longer be supported in PHPUnit 12. Update your test code to use attributes instead.

  [30;43;1m WARN [39;49;22m Metadata found in doc-comment for method Tests\Feature\organisations\VoterControllerTest::it_indicates_commission_member_in_response(). Metadata in doc-comments is deprecated and will no longer be supported in PHPUnit 12. Update your test code to use attributes instead.

  [30;43;1m WARN [39;49;22m Metadata found in doc-comment for method Tests\Feature\organisations\VoterControllerTest::it_allows_approval_of_voters_regardless_of_voting_status(). Metadata in doc-comments is deprecated and will no longer be supported in PHPUnit 12. Update your test code to use attributes instead.

  [30;43;1m WARN [39;49;22m Metadata found in doc-comment for method Tests\Feature\organisations\VoterControllerTest::it_loads_organization_context(). Metadata in doc-comments is deprecated and will no longer be supported in PHPUnit 12. Update your test code to use attributes instead.

  [30;43;1m WARN [39;49;22m Metadata found in doc-comment for method Tests\Feature\organisations\VoterControllerTest::it_preserves_filters_in_response(). Metadata in doc-comments is deprecated and will no longer be supported in PHPUnit 12. Update your test code to use attributes instead.

  [30;43;1m WARN [39;49;22m Metadata found in doc-comment for method Tests\Feature\organisations\VoterControllerTest::it_shows_success_message_after_approval(). Metadata in doc-comments is deprecated and will no longer be supported in PHPUnit 12. Update your test code to use attributes instead.

  [30;43;1m WARN [39;49;22m Metadata found in doc-comment for method Tests\Feature\organisations\VoterControllerTest::it_only_shows_voters_not_non_voters(). Metadata in doc-comments is deprecated and will no longer be supported in PHPUnit 12. Update your test code to use attributes instead.

  [30;43;1m WARN [39;49;22m Metadata found in doc-comment for method Tests\Feature\organisations\VoterControllerTest::it_prevents_voter_lookup_across_organizations(). Metadata in doc-comments is deprecated and will no longer be supported in PHPUnit 12. Update your test code to use attributes instead.

  [30;43;1m WARN [39;49;22m Metadata found in doc-comment for method Tests\Feature\organisations\VoterControllerTest::it_handles_non_existent_voter_gracefully(). Metadata in doc-comments is deprecated and will no longer be supported in PHPUnit 12. Update your test code to use attributes instead.

  [30;43;1m WARN [39;49;22m Metadata found in doc-comment for method Tests\Feature\PreventMultipleVotingTest::user_can_only_have_one_active_slug_at_a_time(). Metadata in doc-comments is deprecated and will no longer be supported in PHPUnit 12. Update your test code to use attributes instead.

  [30;43;1m WARN [39;49;22m Metadata found in doc-comment for method Tests\Feature\PreventMultipleVotingTest::security_service_detects_and_fixes_multiple_active_slugs(). Metadata in doc-comments is deprecated and will no longer be supported in PHPUnit 12. Update your test code to use attributes instead.

  [30;43;1m WARN [39;49;22m Metadata found in doc-comment for method Tests\Feature\PreventMultipleVotingTest::security_service_blocks_slug_generation_for_ineligible_users(). Metadata in doc-comments is deprecated and will no longer be supported in PHPUnit 12. Update your test code to use attributes instead.

  [30;43;1m WARN [39;49;22m Metadata found in doc-comment for method Tests\Feature\PreventMultipleVotingTest::security_service_blocks_users_with_existing_active_slug(). Metadata in doc-comments is deprecated and will no longer be supported in PHPUnit 12. Update your test code to use attributes instead.

  [30;43;1m WARN [39;49;22m Metadata found in doc-comment for method Tests\Feature\PreventMultipleVotingTest::middleware_blocks_access_when_multiple_slugs_detected(). Metadata in doc-comments is deprecated and will no longer be supported in PHPUnit 12. Update your test code to use attributes instead.

  [30;43;1m WARN [39;49;22m Metadata found in doc-comment for method Tests\Feature\PreventMultipleVotingTest::completed_voters_cannot_access_any_voting_urls(). Metadata in doc-comments is deprecated and will no longer be supported in PHPUnit 12. Update your test code to use attributes instead.

  [30;43;1m WARN [39;49;22m Metadata found in doc-comment for method Tests\Feature\PreventMultipleVotingTest::security_audit_identifies_violations(). Metadata in doc-comments is deprecated and will no longer be supported in PHPUnit 12. Update your test code to use attributes instead.

  [30;43;1m WARN [39;49;22m Metadata found in doc-comment for method Tests\Feature\PreventMultipleVotingTest::emergency_lockdown_deactivates_all_user_slugs(). Metadata in doc-comments is deprecated and will no longer be supported in PHPUnit 12. Update your test code to use attributes instead.

  [30;43;1m WARN [39;49;22m Metadata found in doc-comment for method Tests\Feature\PreventMultipleVotingTest::rate_limiting_prevents_excessive_requests(). Metadata in doc-comments is deprecated and will no longer be supported in PHPUnit 12. Update your test code to use attributes instead.

  [30;43;1m WARN [39;49;22m Metadata found in doc-comment for method Tests\Feature\Priority1IsolationTest::test_messages_are_scoped_to_organisation(). Metadata in doc-comments is deprecated and will no longer be supported in PHPUnit 12. Update your test code to use attributes instead.

  [30;43;1m WARN [39;49;22m Metadata found in doc-comment for method Tests\Feature\Priority1IsolationTest::test_message_find_returns_null_for_other_org(). Metadata in doc-comments is deprecated and will no longer be supported in PHPUnit 12. Update your test code to use attributes instead.

  [30;43;1m WARN [39;49;22m Metadata found in doc-comment for method Tests\Feature\Priority1IsolationTest::test_message_creation_auto_fills_organisation_id(). Metadata in doc-comments is deprecated and will no longer be supported in PHPUnit 12. Update your test code to use attributes instead.

  [30;43;1m WARN [39;49;22m Metadata found in doc-comment for method Tests\Feature\Priority1IsolationTest::test_images_are_scoped_to_organisation(). Metadata in doc-comments is deprecated and will no longer be supported in PHPUnit 12. Update your test code to use attributes instead.

  [30;43;1m WARN [39;49;22m Metadata found in doc-comment for method Tests\Feature\Priority1IsolationTest::test_image_find_returns_null_for_other_org(). Metadata in doc-comments is deprecated and will no longer be supported in PHPUnit 12. Update your test code to use attributes instead.

  [30;43;1m WARN [39;49;22m Metadata found in doc-comment for method Tests\Feature\Priority1IsolationTest::test_image_creation_auto_fills_organisation_id(). Metadata in doc-comments is deprecated and will no longer be supported in PHPUnit 12. Update your test code to use attributes instead.

  [30;43;1m WARN [39;49;22m Metadata found in doc-comment for method Tests\Feature\Priority1IsolationTest::test_uploads_are_scoped_to_organisation(). Metadata in doc-comments is deprecated and will no longer be supported in PHPUnit 12. Update your test code to use attributes instead.

  [30;43;1m WARN [39;49;22m Metadata found in doc-comment for method Tests\Feature\Priority1IsolationTest::test_upload_find_returns_null_for_other_org(). Metadata in doc-comments is deprecated and will no longer be supported in PHPUnit 12. Update your test code to use attributes instead.

  [30;43;1m WARN [39;49;22m Metadata found in doc-comment for method Tests\Feature\Priority1IsolationTest::test_upload_creation_auto_fills_organisation_id(). Metadata in doc-comments is deprecated and will no longer be supported in PHPUnit 12. Update your test code to use attributes instead.

  [30;43;1m WARN [39;49;22m Metadata found in doc-comment for method Tests\Feature\Priority1IsolationTest::test_calendars_are_scoped_to_organisation(). Metadata in doc-comments is deprecated and will no longer be supported in PHPUnit 12. Update your test code to use attributes instead.

  [30;43;1m WARN [39;49;22m Metadata found in doc-comment for method Tests\Feature\Priority1IsolationTest::test_calendar_find_returns_null_for_other_org(). Metadata in doc-comments is deprecated and will no longer be supported in PHPUnit 12. Update your test code to use attributes instead.

  [30;43;1m WARN [39;49;22m Metadata found in doc-comment for method Tests\Feature\Priority1IsolationTest::test_calendar_creation_auto_fills_organisation_id(). Metadata in doc-comments is deprecated and will no longer be supported in PHPUnit 12. Update your test code to use attributes instead.

  [30;43;1m WARN [39;49;22m Metadata found in doc-comment for method Tests\Feature\Priority1IsolationTest::test_events_are_scoped_to_organisation(). Metadata in doc-comments is deprecated and will no longer be supported in PHPUnit 12. Update your test code to use attributes instead.

  [30;43;1m WARN [39;49;22m Metadata found in doc-comment for method Tests\Feature\Priority1IsolationTest::test_event_find_returns_null_for_other_org(). Metadata in doc-comments is deprecated and will no longer be supported in PHPUnit 12. Update your test code to use attributes instead.

  [30;43;1m WARN [39;49;22m Metadata found in doc-comment for method Tests\Feature\Priority1IsolationTest::test_event_creation_auto_fills_organisation_id(). Metadata in doc-comments is deprecated and will no longer be supported in PHPUnit 12. Update your test code to use attributes instead.

  [30;43;1m WARN [39;49;22m Metadata found in doc-comment for method Tests\Feature\Priority1IsolationTest::test_event_calendar_relationship_respects_isolation(). Metadata in doc-comments is deprecated and will no longer be supported in PHPUnit 12. Update your test code to use attributes instead.

  [30;43;1m WARN [39;49;22m Metadata found in doc-comment for method Tests\Feature\Priority1IsolationTest::test_multiple_org_isolation_verified(). Metadata in doc-comments is deprecated and will no longer be supported in PHPUnit 12. Update your test code to use attributes instead.

  [30;43;1m WARN [39;49;22m Metadata found in doc-comment for method Tests\Feature\Public\PublicDemoResultsPageTest::public_demo_results_returns_200(). Metadata in doc-comments is deprecated and will no longer be supported in PHPUnit 12. Update your test code to use attributes instead.

  [30;43;1m WARN [39;49;22m Metadata found in doc-comment for method Tests\Feature\Public\PublicDemoResultsPageTest::public_demo_results_shows_empty_posts_when_no_data(). Metadata in doc-comments is deprecated and will no longer be supported in PHPUnit 12. Update your test code to use attributes instead.

  [30;43;1m WARN [39;49;22m Metadata found in doc-comment for method Tests\Feature\Public\PublicDemoResultsPageTest::unauthenticated_users_can_access(). Metadata in doc-comments is deprecated and will no longer be supported in PHPUnit 12. Update your test code to use attributes instead.

  [30;43;1m WARN [39;49;22m Metadata found in doc-comment for method Tests\Feature\Public\PublicDemoResultsPageTest::authenticated_users_can_also_access(). Metadata in doc-comments is deprecated and will no longer be supported in PHPUnit 12. Update your test code to use attributes instead.

  [30;43;1m WARN [39;49;22m Metadata found in doc-comment for method Tests\Feature\RealVoteVerificationTest::real_vote_with_no_vote_true_saves_true_to_database(). Metadata in doc-comments is deprecated and will no longer be supported in PHPUnit 12. Update your test code to use attributes instead.

  [30;43;1m WARN [39;49;22m Metadata found in doc-comment for class Tests\Feature\RealVoteVerificationTest. Metadata in doc-comments is deprecated and will no longer be supported in PHPUnit 12. Update your test code to use attributes instead.

  [30;43;1m WARN [39;49;22m Metadata found in doc-comment for method Tests\Feature\RealVoteVerificationTest::save_vote_method_saves_real_vote_with_no_vote_option(). Metadata in doc-comments is deprecated and will no longer be supported in PHPUnit 12. Update your test code to use attributes instead.

  [30;43;1m WARN [39;49;22m Metadata found in doc-comment for method Tests\Feature\RealVoteVerificationTest::real_vote_does_not_store_verification_code(). Metadata in doc-comments is deprecated and will no longer be supported in PHPUnit 12. Update your test code to use attributes instead.

  [30;43;1m WARN [39;49;22m Metadata found in doc-comment for method Tests\Feature\RealVoteVerificationTest::real_and_demo_votes_use_same_save_vote_method(). Metadata in doc-comments is deprecated and will no longer be supported in PHPUnit 12. Update your test code to use attributes instead.

  [30;43;1m WARN [39;49;22m Metadata found in doc-comment for method Tests\Feature\RealVoteVerificationTest::real_vote_can_query_by_no_vote_status(). Metadata in doc-comments is deprecated and will no longer be supported in PHPUnit 12. Update your test code to use attributes instead.

  [30;43;1m WARN [39;49;22m Metadata found in doc-comment for method Tests\Feature\RealVoteVerificationTest::votes_table_schema_does_not_have_verification_code_column(). Metadata in doc-comments is deprecated and will no longer be supported in PHPUnit 12. Update your test code to use attributes instead.

  [30;43;1m WARN [39;49;22m Metadata found in doc-comment for method Tests\Feature\RealVoteVerificationTest::real_vote_with_false_no_vote_saves_correctly(). Metadata in doc-comments is deprecated and will no longer be supported in PHPUnit 12. Update your test code to use attributes instead.

  [30;43;1m WARN [39;49;22m Metadata found in doc-comment for method Tests\Feature\RealWorldVotingFlowTest::complete_voting_flow_from_dashboard_uses_slug_based_urls(). Metadata in doc-comments is deprecated and will no longer be supported in PHPUnit 12. Update your test code to use attributes instead.

  [30;43;1m WARN [39;49;22m Metadata found in doc-comment for method Tests\Feature\RealWorldVotingFlowTest::manual_test_of_code_submission_behavior(). Metadata in doc-comments is deprecated and will no longer be supported in PHPUnit 12. Update your test code to use attributes instead.

  [30;43;1m WARN [39;49;22m Metadata found in doc-comment for method Tests\Feature\ResultCalculationTest::results_table_has_candidate_id_not_candidacy_id(). Metadata in doc-comments is deprecated and will no longer be supported in PHPUnit 12. Update your test code to use attributes instead.

  [30;43;1m WARN [39;49;22m Metadata found in doc-comment for method Tests\Feature\ResultCalculationTest::results_table_has_vote_hash_column(). Metadata in doc-comments is deprecated and will no longer be supported in PHPUnit 12. Update your test code to use attributes instead.

  [30;43;1m WARN [39;49;22m Metadata found in doc-comment for method Tests\Feature\ResultCalculationTest::demo_results_table_uses_candidate_id(). Metadata in doc-comments is deprecated and will no longer be supported in PHPUnit 12. Update your test code to use attributes instead.

  [30;43;1m WARN [39;49;22m Metadata found in doc-comment for method Tests\Feature\ResultCalculationTest::base_result_model_has_candidate_relationship(). Metadata in doc-comments is deprecated and will no longer be supported in PHPUnit 12. Update your test code to use attributes instead.

  [30;43;1m WARN [39;49;22m Metadata found in doc-comment for method Tests\Feature\ResultCalculationTest::base_result_model_has_for_candidate_scope(). Metadata in doc-comments is deprecated and will no longer be supported in PHPUnit 12. Update your test code to use attributes instead.

  [30;43;1m WARN [39;49;22m Metadata found in doc-comment for method Tests\Feature\ResultCalculationTest::base_result_model_has_top_candidates_method(). Metadata in doc-comments is deprecated and will no longer be supported in PHPUnit 12. Update your test code to use attributes instead.

  [30;43;1m WARN [39;49;22m Metadata found in doc-comment for method Tests\Feature\ResultCalculationTest::result_model_has_count_for_candidate_method(). Metadata in doc-comments is deprecated and will no longer be supported in PHPUnit 12. Update your test code to use attributes instead.

  [30;43;1m WARN [39;49;22m Metadata found in doc-comment for method Tests\Feature\ResultCalculationTest::results_table_has_required_audit_columns(). Metadata in doc-comments is deprecated and will no longer be supported in PHPUnit 12. Update your test code to use attributes instead.

  [30;43;1m WARN [39;49;22m Metadata found in doc-comment for method Tests\Feature\ResultCalculationTest::result_fillable_includes_candidate_id(). Metadata in doc-comments is deprecated and will no longer be supported in PHPUnit 12. Update your test code to use attributes instead.

  [30;43;1m WARN [39;49;22m Metadata found in doc-comment for method Tests\Feature\ResultCalculationTest::result_fillable_includes_vote_hash(). Metadata in doc-comments is deprecated and will no longer be supported in PHPUnit 12. Update your test code to use attributes instead.

  [30;43;1m WARN [39;49;22m Metadata found in doc-comment for method Tests\Feature\ResultCalculationTest::result_fillable_excludes_candidacy_id(). Metadata in doc-comments is deprecated and will no longer be supported in PHPUnit 12. Update your test code to use attributes instead.

  [30;43;1m WARN [39;49;22m Metadata found in doc-comment for method Tests\Feature\ResultCalculationTest::demo_result_fillable_includes_candidate_id(). Metadata in doc-comments is deprecated and will no longer be supported in PHPUnit 12. Update your test code to use attributes instead.

  [30;43;1m WARN [39;49;22m Metadata found in doc-comment for method Tests\Feature\ResultCalculationTest::result_model_has_for_post_scope(). Metadata in doc-comments is deprecated and will no longer be supported in PHPUnit 12. Update your test code to use attributes instead.

  [30;43;1m WARN [39;49;22m Metadata found in doc-comment for method Tests\Feature\RouteBindingTest::real_slug_resolves_to_voter_slug_model(). Metadata in doc-comments is deprecated and will no longer be supported in PHPUnit 12. Update your test code to use attributes instead.

  [30;43;1m WARN [39;49;22m Metadata found in doc-comment for method Tests\Feature\RouteBindingTest::demo_slug_resolves_to_demo_voter_slug_model(). Metadata in doc-comments is deprecated and will no longer be supported in PHPUnit 12. Update your test code to use attributes instead.

  [30;43;1m WARN [39;49;22m Metadata found in doc-comment for method Tests\Feature\RouteBindingTest::invalid_slug_returns_404(). Metadata in doc-comments is deprecated and will no longer be supported in PHPUnit 12. Update your test code to use attributes instead.

  [30;43;1m WARN [39;49;22m Metadata found in doc-comment for method Tests\Feature\RouteBindingTest::expired_slug_is_detected(). Metadata in doc-comments is deprecated and will no longer be supported in PHPUnit 12. Update your test code to use attributes instead.

  [30;43;1m WARN [39;49;22m Metadata found in doc-comment for method Tests\Feature\RouteBindingTest::real_slug_has_required_properties(). Metadata in doc-comments is deprecated and will no longer be supported in PHPUnit 12. Update your test code to use attributes instead.

  [30;43;1m WARN [39;49;22m Metadata found in doc-comment for method Tests\Feature\RouteBindingTest::demo_slug_has_platform_organisation(). Metadata in doc-comments is deprecated and will no longer be supported in PHPUnit 12. Update your test code to use attributes instead.

  [30;43;1m WARN [39;49;22m Metadata found in doc-comment for method Tests\Feature\RouteBindingTest::real_slug_not_in_demo_table(). Metadata in doc-comments is deprecated and will no longer be supported in PHPUnit 12. Update your test code to use attributes instead.

  [30;43;1m WARN [39;49;22m Metadata found in doc-comment for method Tests\Feature\RouteBindingTest::demo_slug_not_in_real_table(). Metadata in doc-comments is deprecated and will no longer be supported in PHPUnit 12. Update your test code to use attributes instead.

  [30;43;1m WARN [39;49;22m Metadata found in doc-comment for method Tests\Feature\RouteBindingTest::slug_lookup_is_case_sensitive(). Metadata in doc-comments is deprecated and will no longer be supported in PHPUnit 12. Update your test code to use attributes instead.

  [30;43;1m WARN [39;49;22m Metadata found in doc-comment for method Tests\Feature\RouteBindingTest::binding_can_use_without_global_scopes(). Metadata in doc-comments is deprecated and will no longer be supported in PHPUnit 12. Update your test code to use attributes instead.

  [30;43;1m WARN [39;49;22m Metadata found in doc-comment for method Tests\Feature\RouteBindingTest::expired_slug_has_past_expiration_time(). Metadata in doc-comments is deprecated and will no longer be supported in PHPUnit 12. Update your test code to use attributes instead.

  [30;43;1m WARN [39;49;22m Metadata found in doc-comment for method Tests\Feature\RouteBindingTest::active_slug_has_future_expiration_time(). Metadata in doc-comments is deprecated and will no longer be supported in PHPUnit 12. Update your test code to use attributes instead.

  [30;43;1m WARN [39;49;22m Metadata found in doc-comment for method Tests\Feature\RouteBindingTest::multiple_slugs_for_different_users_are_isolated(). Metadata in doc-comments is deprecated and will no longer be supported in PHPUnit 12. Update your test code to use attributes instead.

  [30;43;1m WARN [39;49;22m Metadata found in doc-comment for method Tests\Feature\RouteBindingTest::inactive_slug_is_still_findable(). Metadata in doc-comments is deprecated and will no longer be supported in PHPUnit 12. Update your test code to use attributes instead.

  [30;43;1m WARN [39;49;22m Metadata found in doc-comment for method Tests\Feature\RouteBindingTest::slug_lookup_returns_single_result(). Metadata in doc-comments is deprecated and will no longer be supported in PHPUnit 12. Update your test code to use attributes instead.

  [30;43;1m WARN [39;49;22m Metadata found in doc-comment for method Tests\Feature\RouteBindingTest::slug_column_has_database_index_mysql(). Metadata in doc-comments is deprecated and will no longer be supported in PHPUnit 12. Update your test code to use attributes instead.

  [30;43;1m WARN [39;49;22m Metadata found in doc-comment for method Tests\Feature\RouteBindingTest::slug_column_has_database_index_postgresql(). Metadata in doc-comments is deprecated and will no longer be supported in PHPUnit 12. Update your test code to use attributes instead.

  [30;43;1m WARN [39;49;22m Metadata found in doc-comment for method Tests\Feature\Security\VoterControllerPenetrationTest::it_prevents_sql_injection_in_search_parameter(). Metadata in doc-comments is deprecated and will no longer be supported in PHPUnit 12. Update your test code to use attributes instead.

  [30;43;1m WARN [39;49;22m Metadata found in doc-comment for method Tests\Feature\Security\VoterControllerPenetrationTest::it_prevents_sql_injection_in_voter_id(). Metadata in doc-comments is deprecated and will no longer be supported in PHPUnit 12. Update your test code to use attributes instead.

  [30;43;1m WARN [39;49;22m Metadata found in doc-comment for method Tests\Feature\Security\VoterControllerPenetrationTest::it_prevents_xss_in_search_results(). Metadata in doc-comments is deprecated and will no longer be supported in PHPUnit 12. Update your test code to use attributes instead.

  [30;43;1m WARN [39;49;22m Metadata found in doc-comment for method Tests\Feature\Security\VoterControllerPenetrationTest::it_requires_valid_csrf_token_on_approval(). Metadata in doc-comments is deprecated and will no longer be supported in PHPUnit 12. Update your test code to use attributes instead.

  [30;43;1m WARN [39;49;22m Metadata found in doc-comment for method Tests\Feature\Security\VoterControllerPenetrationTest::it_prevents_authorization_bypass_for_non_members(). Metadata in doc-comments is deprecated and will no longer be supported in PHPUnit 12. Update your test code to use attributes instead.

  [30;43;1m WARN [39;49;22m Metadata found in doc-comment for method Tests\Feature\Security\VoterControllerPenetrationTest::it_prevents_privilege_escalation_to_commission(). Metadata in doc-comments is deprecated and will no longer be supported in PHPUnit 12. Update your test code to use attributes instead.

  [30;43;1m WARN [39;49;22m Metadata found in doc-comment for method Tests\Feature\Security\VoterControllerPenetrationTest::it_prevents_mass_assignment_vulnerabilities(). Metadata in doc-comments is deprecated and will no longer be supported in PHPUnit 12. Update your test code to use attributes instead.

  [30;43;1m WARN [39;49;22m Metadata found in doc-comment for method Tests\Feature\Security\VoterControllerPenetrationTest::it_prevents_insecure_direct_object_reference(). Metadata in doc-comments is deprecated and will no longer be supported in PHPUnit 12. Update your test code to use attributes instead.

  [30;43;1m WARN [39;49;22m Metadata found in doc-comment for method Tests\Feature\Security\VoterControllerPenetrationTest::it_validates_organization_parameter_cannot_be_spoofed(). Metadata in doc-comments is deprecated and will no longer be supported in PHPUnit 12. Update your test code to use attributes instead.

  [30;43;1m WARN [39;49;22m Metadata found in doc-comment for method Tests\Feature\Security\VoterControllerPenetrationTest::it_prevents_command_injection_attempts(). Metadata in doc-comments is deprecated and will no longer be supported in PHPUnit 12. Update your test code to use attributes instead.

  [30;43;1m WARN [39;49;22m Metadata found in doc-comment for method Tests\Feature\Security\VoterControllerPenetrationTest::it_prevents_path_traversal_attacks(). Metadata in doc-comments is deprecated and will no longer be supported in PHPUnit 12. Update your test code to use attributes instead.

  [30;43;1m WARN [39;49;22m Metadata found in doc-comment for method Tests\Feature\Security\VoterControllerPenetrationTest::it_prevents_authentication_bypass(). Metadata in doc-comments is deprecated and will no longer be supported in PHPUnit 12. Update your test code to use attributes instead.

  [30;43;1m WARN [39;49;22m Metadata found in doc-comment for method Tests\Feature\Security\VoterControllerPenetrationTest::it_prevents_session_fixation(). Metadata in doc-comments is deprecated and will no longer be supported in PHPUnit 12. Update your test code to use attributes instead.

  [30;43;1m WARN [39;49;22m Metadata found in doc-comment for method Tests\Feature\Security\VoterControllerPenetrationTest::it_handles_business_logic_edge_cases(). Metadata in doc-comments is deprecated and will no longer be supported in PHPUnit 12. Update your test code to use attributes instead.

  [30;43;1m WARN [39;49;22m Metadata found in doc-comment for method Tests\Feature\Security\VoterControllerPenetrationTest::it_sanitizes_user_input(). Metadata in doc-comments is deprecated and will no longer be supported in PHPUnit 12. Update your test code to use attributes instead.

  [30;43;1m WARN [39;49;22m Metadata found in doc-comment for method Tests\Feature\Security\VoterControllerPenetrationTest::it_prevents_type_juggling_attacks(). Metadata in doc-comments is deprecated and will no longer be supported in PHPUnit 12. Update your test code to use attributes instead.

  [30;43;1m WARN [39;49;22m Metadata found in doc-comment for method Tests\Feature\Security\VoterControllerPenetrationTest::it_validates_http_method(). Metadata in doc-comments is deprecated and will no longer be supported in PHPUnit 12. Update your test code to use attributes instead.

  [30;43;1m WARN [39;49;22m Metadata found in doc-comment for method Tests\Feature\Security\VoterControllerPenetrationTest::it_prevents_open_redirects(). Metadata in doc-comments is deprecated and will no longer be supported in PHPUnit 12. Update your test code to use attributes instead.

  [30;43;1m WARN [39;49;22m Metadata found in doc-comment for method Tests\Feature\Security\VoterControllerPenetrationTest::it_should_rate_limit_sensitive_operations(). Metadata in doc-comments is deprecated and will no longer be supported in PHPUnit 12. Update your test code to use attributes instead.

  [30;43;1m WARN [39;49;22m Metadata found in doc-comment for method Tests\Feature\Security\VoterControllerPenetrationTest::it_does_not_expose_sensitive_data(). Metadata in doc-comments is deprecated and will no longer be supported in PHPUnit 12. Update your test code to use attributes instead.

  [30;43;1m WARN [39;49;22m Metadata found in doc-comment for method Tests\Feature\Security\VoterControllerPenetrationTest::it_should_include_security_headers(). Metadata in doc-comments is deprecated and will no longer be supported in PHPUnit 12. Update your test code to use attributes instead.

  [30;43;1m WARN [39;49;22m Metadata found in doc-comment for method Tests\Feature\Security\VoterControllerPenetrationTest::it_handles_concurrent_modifications(). Metadata in doc-comments is deprecated and will no longer be supported in PHPUnit 12. Update your test code to use attributes instead.

  [30;43;1m WARN [39;49;22m Metadata found in doc-comment for method Tests\Feature\Security\VoterControllerPenetrationTest::it_limits_bulk_operation_size(). Metadata in doc-comments is deprecated and will no longer be supported in PHPUnit 12. Update your test code to use attributes instead.

  [30;43;1m WARN [39;49;22m Metadata found in doc-comment for method Tests\Feature\Seeders\DemoCandidacySeederTest::demo_candidacy_seeder_creates_candidates(). Metadata in doc-comments is deprecated and will no longer be supported in PHPUnit 12. Update your test code to use attributes instead.

  [30;43;1m WARN [39;49;22m Metadata found in doc-comment for method Tests\Feature\Seeders\DemoCandidacySeederTest::demo_candidacy_seeder_is_idempotent(). Metadata in doc-comments is deprecated and will no longer be supported in PHPUnit 12. Update your test code to use attributes instead.

  [30;43;1m WARN [39;49;22m Metadata found in doc-comment for method Tests\Feature\Seeders\DemoCandidacySeederTest::demo_candidacy_seeder_skips_posts_with_existing_candidates(). Metadata in doc-comments is deprecated and will no longer be supported in PHPUnit 12. Update your test code to use attributes instead.

  [30;43;1m WARN [39;49;22m Metadata found in doc-comment for method Tests\Feature\Seeders\DemoCandidacySeederTest::demo_candidacy_seeder_uses_correct_election_slug(). Metadata in doc-comments is deprecated and will no longer be supported in PHPUnit 12. Update your test code to use attributes instead.

  [30;43;1m WARN [39;49;22m Metadata found in doc-comment for method Tests\Feature\Seeders\DemoElectionSeederTest::demo_election_seeder_creates_posts(). Metadata in doc-comments is deprecated and will no longer be supported in PHPUnit 12. Update your test code to use attributes instead.

  [30;43;1m WARN [39;49;22m Metadata found in doc-comment for method Tests\Feature\Seeders\DemoElectionSeederTest::demo_election_seeder_creates_idempotent_posts(). Metadata in doc-comments is deprecated and will no longer be supported in PHPUnit 12. Update your test code to use attributes instead.

  [30;43;1m WARN [39;49;22m Metadata found in doc-comment for method Tests\Feature\Seeders\DemoElectionSeederTest::demo_election_seeder_does_not_create_candidates(). Metadata in doc-comments is deprecated and will no longer be supported in PHPUnit 12. Update your test code to use attributes instead.

  [30;43;1m WARN [39;49;22m Metadata found in doc-comment for method Tests\Feature\Seeders\ElectionSeederTest::election_seeder_creates_demo_election_with_platform_org(). Metadata in doc-comments is deprecated and will no longer be supported in PHPUnit 12. Update your test code to use attributes instead.

  [30;43;1m WARN [39;49;22m Metadata found in doc-comment for method Tests\Feature\Seeders\ElectionSeederTest::election_seeder_creates_real_election_with_platform_org(). Metadata in doc-comments is deprecated and will no longer be supported in PHPUnit 12. Update your test code to use attributes instead.

  [30;43;1m WARN [39;49;22m Metadata found in doc-comment for method Tests\Feature\Seeders\ElectionSeederTest::election_seeder_is_idempotent(). Metadata in doc-comments is deprecated and will no longer be supported in PHPUnit 12. Update your test code to use attributes instead.

  [30;43;1m WARN [39;49;22m Metadata found in doc-comment for method Tests\Feature\Seeders\ElectionSeederTest::election_seeder_uses_platform_org_uuid(). Metadata in doc-comments is deprecated and will no longer be supported in PHPUnit 12. Update your test code to use attributes instead.

  [30;43;1m WARN [39;49;22m Metadata found in doc-comment for method Tests\Feature\Seeders\OrganisationSeederTest::organisation_seeder_creates_platform_organisation(). Metadata in doc-comments is deprecated and will no longer be supported in PHPUnit 12. Update your test code to use attributes instead.

  [30;43;1m WARN [39;49;22m Metadata found in doc-comment for method Tests\Feature\Seeders\OrganisationSeederTest::organisation_seeder_is_idempotent(). Metadata in doc-comments is deprecated and will no longer be supported in PHPUnit 12. Update your test code to use attributes instead.

  [30;43;1m WARN [39;49;22m Metadata found in doc-comment for method Tests\Feature\Seeders\OrganisationSeederTest::organisation_seeder_uses_correct_search_keys(). Metadata in doc-comments is deprecated and will no longer be supported in PHPUnit 12. Update your test code to use attributes instead.

  [30;43;1m WARN [39;49;22m Metadata found in doc-comment for method Tests\Feature\Seeders\PlatformAdminSeederTest::platform_admin_seeder_creates_admin_user(). Metadata in doc-comments is deprecated and will no longer be supported in PHPUnit 12. Update your test code to use attributes instead.

  [30;43;1m WARN [39;49;22m Metadata found in doc-comment for method Tests\Feature\Seeders\PlatformAdminSeederTest::platform_admin_seeder_creates_pivot_record(). Metadata in doc-comments is deprecated and will no longer be supported in PHPUnit 12. Update your test code to use attributes instead.

  [30;43;1m WARN [39;49;22m Metadata found in doc-comment for method Tests\Feature\Seeders\PlatformAdminSeederTest::platform_admin_seeder_is_idempotent(). Metadata in doc-comments is deprecated and will no longer be supported in PHPUnit 12. Update your test code to use attributes instead.

  [30;43;1m WARN [39;49;22m Metadata found in doc-comment for method Tests\Feature\Seeders\PlatformAdminSeederTest::platform_admin_seeder_fails_without_platform_org(). Metadata in doc-comments is deprecated and will no longer be supported in PHPUnit 12. Update your test code to use attributes instead.

  [30;43;1m WARN [39;49;22m Metadata found in doc-comment for method Tests\Feature\Services\DashboardResolverElectionPriorityTest::user_with_no_active_elections_counts_zero(). Metadata in doc-comments is deprecated and will no longer be supported in PHPUnit 12. Update your test code to use attributes instead.

  [30;43;1m WARN [39;49;22m Metadata found in doc-comment for method Tests\Feature\Services\DashboardResolverElectionPriorityTest::user_with_one_active_election_counts_one(). Metadata in doc-comments is deprecated and will no longer be supported in PHPUnit 12. Update your test code to use attributes instead.

  [30;43;1m WARN [39;49;22m Metadata found in doc-comment for method Tests\Feature\Services\DashboardResolverElectionPriorityTest::user_who_already_voted_counts_zero(). Metadata in doc-comments is deprecated and will no longer be supported in PHPUnit 12. Update your test code to use attributes instead.

  [30;43;1m WARN [39;49;22m Metadata found in doc-comment for method Tests\Feature\Services\DashboardResolverElectionPriorityTest::future_active_election_is_counted(). Metadata in doc-comments is deprecated and will no longer be supported in PHPUnit 12. Update your test code to use attributes instead.

  [30;43;1m WARN [39;49;22m Metadata found in doc-comment for method Tests\Feature\Services\DashboardResolverElectionPriorityTest::demo_election_not_counted(). Metadata in doc-comments is deprecated and will no longer be supported in PHPUnit 12. Update your test code to use attributes instead.

  [30;43;1m WARN [39;49;22m Metadata found in doc-comment for method Tests\Feature\Services\DashboardResolverElectionPriorityTest::user_with_no_eligible_elections_skips_priority_3(). Metadata in doc-comments is deprecated and will no longer be supported in PHPUnit 12. Update your test code to use attributes instead.

  [30;43;1m WARN [39;49;22m Metadata found in doc-comment for method Tests\Feature\Services\DashboardResolverElectionPriorityTest::user_with_one_eligible_election_redirects_to_election_dashboard(). Metadata in doc-comments is deprecated and will no longer be supported in PHPUnit 12. Update your test code to use attributes instead.

  [30;43;1m WARN [39;49;22m Metadata found in doc-comment for method Tests\Feature\Services\DashboardResolverElectionPriorityTest::user_with_two_eligible_elections_redirects_to_org_show(). Metadata in doc-comments is deprecated and will no longer be supported in PHPUnit 12. Update your test code to use attributes instead.

  [30;43;1m WARN [39;49;22m Metadata found in doc-comment for method Tests\Feature\Services\DashboardResolverElectionPriorityTest::user_who_already_voted_skips_priority_3(). Metadata in doc-comments is deprecated and will no longer be supported in PHPUnit 12. Update your test code to use attributes instead.

  [30;43;1m WARN [39;49;22m Metadata found in doc-comment for method Tests\Feature\Services\DemoElectionAutoCreationTest::test_auto_creates_org_specific_demo_when_user_accesses_voting(). Metadata in doc-comments is deprecated and will no longer be supported in PHPUnit 12. Update your test code to use attributes instead.

  [30;43;1m WARN [39;49;22m Metadata found in doc-comment for method Tests\Feature\Services\DemoElectionAutoCreationTest::test_uses_existing_org_demo_when_already_created(). Metadata in doc-comments is deprecated and will no longer be supported in PHPUnit 12. Update your test code to use attributes instead.

  [30;43;1m WARN [39;49;22m Metadata found in doc-comment for method Tests\Feature\Services\DemoElectionAutoCreationTest::test_organisation_id_propagated_to_all_demo_data(). Metadata in doc-comments is deprecated and will no longer be supported in PHPUnit 12. Update your test code to use attributes instead.

  [30;43;1m WARN [39;49;22m Metadata found in doc-comment for method Tests\Feature\Services\VoterSlugServiceTest::generates_slug_with_correct_org_specific_election(). Metadata in doc-comments is deprecated and will no longer be supported in PHPUnit 12. Update your test code to use attributes instead.

  [30;43;1m WARN [39;49;22m Metadata found in doc-comment for method Tests\Feature\Services\VoterSlugServiceTest::generates_slug_falls_back_to_platform_demo_but_saves_correct_org(). Metadata in doc-comments is deprecated and will no longer be supported in PHPUnit 12. Update your test code to use attributes instead.

  [30;43;1m WARN [39;49;22m Metadata found in doc-comment for method Tests\Feature\Services\VoterSlugServiceTest::generates_slug_for_default_user_with_platform_demo(). Metadata in doc-comments is deprecated and will no longer be supported in PHPUnit 12. Update your test code to use attributes instead.

  [30;43;1m WARN [39;49;22m Metadata found in doc-comment for method Tests\Feature\Services\VoterSlugServiceTest::throws_exception_when_no_demo_election_exists(). Metadata in doc-comments is deprecated and will no longer be supported in PHPUnit 12. Update your test code to use attributes instead.

  [30;43;1m WARN [39;49;22m Metadata found in doc-comment for method Tests\Feature\Services\VoterSlugServiceTest::generates_slug_with_explicit_election_id(). Metadata in doc-comments is deprecated and will no longer be supported in PHPUnit 12. Update your test code to use attributes instead.

  [30;43;1m WARN [39;49;22m Metadata found in doc-comment for method Tests\Feature\Services\VoterSlugServiceTest::generates_slug_with_session_election_id(). Metadata in doc-comments is deprecated and will no longer be supported in PHPUnit 12. Update your test code to use attributes instead.

  [30;43;1m WARN [39;49;22m Metadata found in doc-comment for method Tests\Feature\Services\VoterSlugServiceTest::generates_unique_slugs_on_multiple_calls(). Metadata in doc-comments is deprecated and will no longer be supported in PHPUnit 12. Update your test code to use attributes instead.

  [30;43;1m WARN [39;49;22m Metadata found in doc-comment for method Tests\Feature\Services\VoterSlugServiceTest::generates_new_slug_different_from_previous(). Metadata in doc-comments is deprecated and will no longer be supported in PHPUnit 12. Update your test code to use attributes instead.

  [30;43;1m WARN [39;49;22m Metadata found in doc-comment for method Tests\Feature\Services\VoterSlugServiceTest::slug_expiry_set_to_thirty_minutes(). Metadata in doc-comments is deprecated and will no longer be supported in PHPUnit 12. Update your test code to use attributes instead.

  [30;43;1m WARN [39;49;22m Metadata found in doc-comment for method Tests\Feature\Services\VoterSlugServiceTest::retrieves_active_slug_for_user(). Metadata in doc-comments is deprecated and will no longer be supported in PHPUnit 12. Update your test code to use attributes instead.

  [30;43;1m WARN [39;49;22m Metadata found in doc-comment for method Tests\Feature\Services\VoterSlugServiceTest::returns_null_when_user_has_no_active_slug(). Metadata in doc-comments is deprecated and will no longer be supported in PHPUnit 12. Update your test code to use attributes instead.

  [30;43;1m WARN [39;49;22m Metadata found in doc-comment for method Tests\Feature\Services\VoterSlugServiceTest::does_not_return_expired_slug(). Metadata in doc-comments is deprecated and will no longer be supported in PHPUnit 12. Update your test code to use attributes instead.

  [30;43;1m WARN [39;49;22m Metadata found in doc-comment for method Tests\Feature\Services\VoterSlugServiceTest::does_not_return_inactive_slug(). Metadata in doc-comments is deprecated and will no longer be supported in PHPUnit 12. Update your test code to use attributes instead.

  [30;43;1m WARN [39;49;22m Metadata found in doc-comment for method Tests\Feature\Services\VoterSlugServiceTest::revokes_specific_slug(). Metadata in doc-comments is deprecated and will no longer be supported in PHPUnit 12. Update your test code to use attributes instead.

  [30;43;1m WARN [39;49;22m Metadata found in doc-comment for method Tests\Feature\Services\VoterSlugServiceTest::revoke_all_slugs_method_is_callable(). Metadata in doc-comments is deprecated and will no longer be supported in PHPUnit 12. Update your test code to use attributes instead.

  [30;43;1m WARN [39;49;22m Metadata found in doc-comment for method Tests\Feature\Services\VoterSlugServiceTest::extend_slug_expiry_method_is_callable(). Metadata in doc-comments is deprecated and will no longer be supported in PHPUnit 12. Update your test code to use attributes instead.

  [30;43;1m WARN [39;49;22m Metadata found in doc-comment for method Tests\Feature\Services\VoterSlugServiceTest::cannot_extend_inactive_slug(). Metadata in doc-comments is deprecated and will no longer be supported in PHPUnit 12. Update your test code to use attributes instead.

  [30;43;1m WARN [39;49;22m Metadata found in doc-comment for method Tests\Feature\Services\VoterSlugServiceTest::cleanup_expired_slugs_method_is_callable(). Metadata in doc-comments is deprecated and will no longer be supported in PHPUnit 12. Update your test code to use attributes instead.

  [30;43;1m WARN [39;49;22m Metadata found in doc-comment for method Tests\Feature\Services\VoterSlugServiceTest::creates_slug_when_none_exists(). Metadata in doc-comments is deprecated and will no longer be supported in PHPUnit 12. Update your test code to use attributes instead.

  [30;43;1m WARN [39;49;22m Metadata found in doc-comment for method Tests\Feature\Services\VoterSlugServiceTest::get_or_create_returns_active_slug(). Metadata in doc-comments is deprecated and will no longer be supported in PHPUnit 12. Update your test code to use attributes instead.

  [30;43;1m WARN [39;49;22m Metadata found in doc-comment for method Tests\Feature\Services\VoterSlugServiceTest::creates_new_slug_when_existing_expired(). Metadata in doc-comments is deprecated and will no longer be supported in PHPUnit 12. Update your test code to use attributes instead.

  [30;43;1m WARN [39;49;22m Metadata found in doc-comment for method Tests\Feature\Services\VoterSlugServiceTest::validates_slug_for_user(). Metadata in doc-comments is deprecated and will no longer be supported in PHPUnit 12. Update your test code to use attributes instead.

  [30;43;1m WARN [39;49;22m Metadata found in doc-comment for method Tests\Feature\Services\VoterSlugServiceTest::returns_null_when_slug_belongs_to_different_user(). Metadata in doc-comments is deprecated and will no longer be supported in PHPUnit 12. Update your test code to use attributes instead.

  [30;43;1m WARN [39;49;22m Metadata found in doc-comment for method Tests\Feature\Services\VoterSlugServiceTest::returns_null_for_inactive_slug_validation(). Metadata in doc-comments is deprecated and will no longer be supported in PHPUnit 12. Update your test code to use attributes instead.

  [30;43;1m WARN [39;49;22m Metadata found in doc-comment for method Tests\Feature\Services\VoterSlugServiceTest::returns_null_for_expired_slug_validation(). Metadata in doc-comments is deprecated and will no longer be supported in PHPUnit 12. Update your test code to use attributes instead.

  [30;43;1m WARN [39;49;22m Metadata found in doc-comment for method Tests\Feature\Services\VoterSlugServiceTest::builds_voting_link_correctly(). Metadata in doc-comments is deprecated and will no longer be supported in PHPUnit 12. Update your test code to use attributes instead.

  [30;43;1m WARN [39;49;22m Metadata found in doc-comment for method Tests\Feature\Services\VoterSlugServiceTest::CRITICAL_slug_has_correct_election_and_org_for_org_user(). Metadata in doc-comments is deprecated and will no longer be supported in PHPUnit 12. Update your test code to use attributes instead.

  [30;43;1m WARN [39;49;22m Metadata found in doc-comment for method Tests\Feature\Services\VoterSlugServiceTest::CRITICAL_organisation_id_is_saved_from_election(). Metadata in doc-comments is deprecated and will no longer be supported in PHPUnit 12. Update your test code to use attributes instead.

  [30;43;1m WARN [39;49;22m Metadata found in doc-comment for method Tests\Feature\Services\VoterSlugServiceTest::CRITICAL_correct_election_per_organisation(). Metadata in doc-comments is deprecated and will no longer be supported in PHPUnit 12. Update your test code to use attributes instead.

  [30;43;1m WARN [39;49;22m Metadata found in doc-comment for method Tests\Feature\TenantIsolationComprehensiveTest::user_cannot_access_other_organisation_election(). Metadata in doc-comments is deprecated and will no longer be supported in PHPUnit 12. Update your test code to use attributes instead.

  [30;43;1m WARN [39;49;22m Metadata found in doc-comment for method Tests\Feature\TenantIsolationComprehensiveTest::organisation_election_scoping_is_enforced(). Metadata in doc-comments is deprecated and will no longer be supported in PHPUnit 12. Update your test code to use attributes instead.

  [30;43;1m WARN [39;49;22m Metadata found in doc-comment for method Tests\Feature\TenantIsolationComprehensiveTest::votes_are_scoped_to_organisation(). Metadata in doc-comments is deprecated and will no longer be supported in PHPUnit 12. Update your test code to use attributes instead.

  [30;43;1m WARN [39;49;22m Metadata found in doc-comment for method Tests\Feature\TenantIsolationComprehensiveTest::codes_are_scoped_to_user_organisation(). Metadata in doc-comments is deprecated and will no longer be supported in PHPUnit 12. Update your test code to use attributes instead.

  [30;43;1m WARN [39;49;22m Metadata found in doc-comment for method Tests\Feature\TenantIsolationComprehensiveTest::database_level_constraints_enforce_organisation_isolation(). Metadata in doc-comments is deprecated and will no longer be supported in PHPUnit 12. Update your test code to use attributes instead.

  [30;43;1m WARN [39;49;22m Metadata found in doc-comment for method Tests\Feature\TenantIsolationComprehensiveTest::session_context_enforces_tenant_scoping(). Metadata in doc-comments is deprecated and will no longer be supported in PHPUnit 12. Update your test code to use attributes instead.

  [30;43;1m WARN [39;49;22m Metadata found in doc-comment for method Tests\Feature\TenantIsolationComprehensiveTest::user_cannot_switch_to_other_organisation(). Metadata in doc-comments is deprecated and will no longer be supported in PHPUnit 12. Update your test code to use attributes instead.

  [30;43;1m WARN [39;49;22m Metadata found in doc-comment for method Tests\Feature\TenantIsolationComprehensiveTest::organisation_users_are_isolated(). Metadata in doc-comments is deprecated and will no longer be supported in PHPUnit 12. Update your test code to use attributes instead.

  [30;43;1m WARN [39;49;22m Metadata found in doc-comment for method Tests\Feature\TenantIsolationComprehensiveTest::cross_organisation_query_attempt_fails_safely(). Metadata in doc-comments is deprecated and will no longer be supported in PHPUnit 12. Update your test code to use attributes instead.

  [30;43;1m WARN [39;49;22m Metadata found in doc-comment for method Tests\Feature\TenantIsolationComprehensiveTest::organisation_data_completely_separate(). Metadata in doc-comments is deprecated and will no longer be supported in PHPUnit 12. Update your test code to use attributes instead.

  [30;43;1m WARN [39;49;22m Metadata found in doc-comment for method Tests\Feature\TenantIsolationComprehensiveTest::platform_organisation_special_case(). Metadata in doc-comments is deprecated and will no longer be supported in PHPUnit 12. Update your test code to use attributes instead.

  [30;43;1m WARN [39;49;22m Metadata found in doc-comment for method Tests\Feature\TenantIsolationTest::test_user_from_org1_cannot_see_org2_users(). Metadata in doc-comments is deprecated and will no longer be supported in PHPUnit 12. Update your test code to use attributes instead.

  [30;43;1m WARN [39;49;22m Metadata found in doc-comment for method Tests\Feature\TenantIsolationTest::test_user_from_org2_cannot_see_org1_users(). Metadata in doc-comments is deprecated and will no longer be supported in PHPUnit 12. Update your test code to use attributes instead.

  [30;43;1m WARN [39;49;22m Metadata found in doc-comment for method Tests\Feature\TenantIsolationTest::test_default_user_cannot_see_organization_users(). Metadata in doc-comments is deprecated and will no longer be supported in PHPUnit 12. Update your test code to use attributes instead.

  [30;43;1m WARN [39;49;22m Metadata found in doc-comment for method Tests\Feature\TenantIsolationTest::test_user_cannot_access_another_org_user_by_id(). Metadata in doc-comments is deprecated and will no longer be supported in PHPUnit 12. Update your test code to use attributes instead.

  [30;43;1m WARN [39;49;22m Metadata found in doc-comment for method Tests\Feature\TenantIsolationTest::test_user_can_access_own_user_record_by_id(). Metadata in doc-comments is deprecated and will no longer be supported in PHPUnit 12. Update your test code to use attributes instead.

  [30;43;1m WARN [39;49;22m Metadata found in doc-comment for method Tests\Feature\TenantIsolationTest::test_new_record_gets_organisation_id_automatically_org1(). Metadata in doc-comments is deprecated and will no longer be supported in PHPUnit 12. Update your test code to use attributes instead.

  [30;43;1m WARN [39;49;22m Metadata found in doc-comment for method Tests\Feature\TenantIsolationTest::test_new_record_gets_organisation_id_automatically_org2(). Metadata in doc-comments is deprecated and will no longer be supported in PHPUnit 12. Update your test code to use attributes instead.

  [30;43;1m WARN [39;49;22m Metadata found in doc-comment for method Tests\Feature\TenantIsolationTest::test_new_record_gets_null_organisation_id_for_default_user(). Metadata in doc-comments is deprecated and will no longer be supported in PHPUnit 12. Update your test code to use attributes instead.

  [30;43;1m WARN [39;49;22m Metadata found in doc-comment for method Tests\Feature\TenantIsolationTest::test_user_cannot_override_organisation_id(). Metadata in doc-comments is deprecated and will no longer be supported in PHPUnit 12. Update your test code to use attributes instead.

  [30;43;1m WARN [39;49;22m Metadata found in doc-comment for method Tests\Feature\TenantIsolationTest::test_tenant_context_set_in_session_on_login(). Metadata in doc-comments is deprecated and will no longer be supported in PHPUnit 12. Update your test code to use attributes instead.

  [30;43;1m WARN [39;49;22m Metadata found in doc-comment for method Tests\Feature\TenantIsolationTest::test_tenant_context_null_for_default_users(). Metadata in doc-comments is deprecated and will no longer be supported in PHPUnit 12. Update your test code to use attributes instead.

  [30;43;1m WARN [39;49;22m Metadata found in doc-comment for method Tests\Feature\TenantIsolationTest::test_logs_go_to_separate_files_per_organisation(). Metadata in doc-comments is deprecated and will no longer be supported in PHPUnit 12. Update your test code to use attributes instead.

  [30;43;1m WARN [39;49;22m Metadata found in doc-comment for method Tests\Feature\TenantIsolationTest::test_different_orgs_have_separate_log_files(). Metadata in doc-comments is deprecated and will no longer be supported in PHPUnit 12. Update your test code to use attributes instead.

  [30;43;1m WARN [39;49;22m Metadata found in doc-comment for method Tests\Feature\TenantIsolationTest::test_log_entry_includes_user_id_and_org_id(). Metadata in doc-comments is deprecated and will no longer be supported in PHPUnit 12. Update your test code to use attributes instead.

  [30;43;1m WARN [39;49;22m Metadata found in doc-comment for method Tests\Feature\TenantIsolationTest::test_default_users_log_to_default_log_file(). Metadata in doc-comments is deprecated and will no longer be supported in PHPUnit 12. Update your test code to use attributes instead.

  [30;43;1m WARN [39;49;22m Metadata found in doc-comment for method Tests\Feature\TenantIsolationTest::test_global_scope_applies_to_all_queries(). Metadata in doc-comments is deprecated and will no longer be supported in PHPUnit 12. Update your test code to use attributes instead.

  [30;43;1m WARN [39;49;22m Metadata found in doc-comment for method Tests\Feature\TenantIsolationTest::test_global_scope_applies_to_find_queries(). Metadata in doc-comments is deprecated and will no longer be supported in PHPUnit 12. Update your test code to use attributes instead.

  [30;43;1m WARN [39;49;22m Metadata found in doc-comment for method Tests\Feature\TenantIsolationTest::test_global_scope_can_be_bypassed_with_without_global_scopes(). Metadata in doc-comments is deprecated and will no longer be supported in PHPUnit 12. Update your test code to use attributes instead.

  [30;43;1m WARN [39;49;22m Metadata found in doc-comment for method Tests\Feature\TenantIsolationTest::test_unauthenticated_user_cannot_query(). Metadata in doc-comments is deprecated and will no longer be supported in PHPUnit 12. Update your test code to use attributes instead.

  [30;43;1m WARN [39;49;22m Metadata found in doc-comment for method Tests\Feature\TenantIsolationTest::test_session_context_empty_when_unauthenticated(). Metadata in doc-comments is deprecated and will no longer be supported in PHPUnit 12. Update your test code to use attributes instead.

  [30;43;1m WARN [39;49;22m Metadata found in doc-comment for method Tests\Feature\TenantIsolationTest::test_null_organisation_id_is_valid(). Metadata in doc-comments is deprecated and will no longer be supported in PHPUnit 12. Update your test code to use attributes instead.

  [30;43;1m WARN [39;49;22m Metadata found in doc-comment for method Tests\Feature\TenantIsolationTest::test_count_respects_global_scope(). Metadata in doc-comments is deprecated and will no longer be supported in PHPUnit 12. Update your test code to use attributes instead.

  [30;43;1m WARN [39;49;22m Metadata found in doc-comment for method Tests\Feature\TenantIsolationTest::test_exists_respects_global_scope(). Metadata in doc-comments is deprecated and will no longer be supported in PHPUnit 12. Update your test code to use attributes instead.

  [30;43;1m WARN [39;49;22m Metadata found in doc-comment for method Tests\Feature\TenantIsolationTest::test_posts_are_scoped_by_organisation(). Metadata in doc-comments is deprecated and will no longer be supported in PHPUnit 12. Update your test code to use attributes instead.

  [30;43;1m WARN [39;49;22m Metadata found in doc-comment for method Tests\Feature\TenantIsolationTest::test_new_post_auto_fills_organisation_id(). Metadata in doc-comments is deprecated and will no longer be supported in PHPUnit 12. Update your test code to use attributes instead.

  [30;43;1m WARN [39;49;22m Metadata found in doc-comment for method Tests\Feature\TenantIsolationTest::test_candidacies_are_scoped_by_organisation(). Metadata in doc-comments is deprecated and will no longer be supported in PHPUnit 12. Update your test code to use attributes instead.

  [30;43;1m WARN [39;49;22m Metadata found in doc-comment for method Tests\Feature\TenantIsolationTest::test_codes_are_scoped_by_organisation(). Metadata in doc-comments is deprecated and will no longer be supported in PHPUnit 12. Update your test code to use attributes instead.

  [30;43;1m WARN [39;49;22m Metadata found in doc-comment for method Tests\Feature\TenantIsolationTest::test_new_code_auto_fills_organisation_id(). Metadata in doc-comments is deprecated and will no longer be supported in PHPUnit 12. Update your test code to use attributes instead.

  [30;43;1m WARN [39;49;22m Metadata found in doc-comment for method Tests\Feature\TenantIsolationTest::test_votes_are_scoped_by_organisation(). Metadata in doc-comments is deprecated and will no longer be supported in PHPUnit 12. Update your test code to use attributes instead.

  [30;43;1m WARN [39;49;22m Metadata found in doc-comment for method Tests\Feature\TenantIsolationTest::test_vote_counts_respect_tenant_isolation(). Metadata in doc-comments is deprecated and will no longer be supported in PHPUnit 12. Update your test code to use attributes instead.

  [30;43;1m WARN [39;49;22m Metadata found in doc-comment for method Tests\Feature\TenantIsolationTest::test_new_vote_auto_fills_organisation_id(). Metadata in doc-comments is deprecated and will no longer be supported in PHPUnit 12. Update your test code to use attributes instead.

  [30;43;1m WARN [39;49;22m Metadata found in doc-comment for method Tests\Feature\TenantIsolationTest::test_results_are_scoped_by_organisation(). Metadata in doc-comments is deprecated and will no longer be supported in PHPUnit 12. Update your test code to use attributes instead.

  [30;43;1m WARN [39;49;22m Metadata found in doc-comment for method Tests\Feature\TenantIsolationTest::test_new_result_auto_fills_organisation_id(). Metadata in doc-comments is deprecated and will no longer be supported in PHPUnit 12. Update your test code to use attributes instead.

  [30;43;1m WARN [39;49;22m Metadata found in doc-comment for method Tests\Feature\UserHierarchyTest::user_can_become_organisation_user(). Metadata in doc-comments is deprecated and will no longer be supported in PHPUnit 12. Update your test code to use attributes instead.

  [30;43;1m WARN [39;49;22m Metadata found in doc-comment for method Tests\Feature\UserHierarchyTest::organisation_user_is_isolated_per_organisation(). Metadata in doc-comments is deprecated and will no longer be supported in PHPUnit 12. Update your test code to use attributes instead.

  [30;43;1m WARN [39;49;22m Metadata found in doc-comment for method Tests\Feature\UserHierarchyTest::organisation_user_can_become_member(). Metadata in doc-comments is deprecated and will no longer be supported in PHPUnit 12. Update your test code to use attributes instead.

  [30;43;1m WARN [39;49;22m Metadata found in doc-comment for method Tests\Feature\UserHierarchyTest::member_is_isolated_per_organisation(). Metadata in doc-comments is deprecated and will no longer be supported in PHPUnit 12. Update your test code to use attributes instead.

  [30;43;1m WARN [39;49;22m Metadata found in doc-comment for method Tests\Feature\UserHierarchyTest::member_can_become_voter_for_election(). Metadata in doc-comments is deprecated and will no longer be supported in PHPUnit 12. Update your test code to use attributes instead.

  [30;43;1m WARN [39;49;22m Metadata found in doc-comment for method Tests\Feature\UserHierarchyTest::voter_is_isolated_per_organisation(). Metadata in doc-comments is deprecated and will no longer be supported in PHPUnit 12. Update your test code to use attributes instead.

  [30;43;1m WARN [39;49;22m Metadata found in doc-comment for method Tests\Feature\UserHierarchyTest::voter_unique_per_member_per_election(). Metadata in doc-comments is deprecated and will no longer be supported in PHPUnit 12. Update your test code to use attributes instead.

  [30;43;1m WARN [39;49;22m Metadata found in doc-comment for method Tests\Feature\UserHierarchyTest::member_can_vote_in_multiple_elections(). Metadata in doc-comments is deprecated and will no longer be supported in PHPUnit 12. Update your test code to use attributes instead.

  [30;43;1m WARN [39;49;22m Metadata found in doc-comment for method Tests\Feature\UserHierarchyTest::voter_can_vote_returns_true_when_eligible(). Metadata in doc-comments is deprecated and will no longer be supported in PHPUnit 12. Update your test code to use attributes instead.

  [30;43;1m WARN [39;49;22m Metadata found in doc-comment for method Tests\Feature\UserHierarchyTest::voter_can_vote_returns_false_when_already_voted(). Metadata in doc-comments is deprecated and will no longer be supported in PHPUnit 12. Update your test code to use attributes instead.

  [30;43;1m WARN [39;49;22m Metadata found in doc-comment for method Tests\Feature\UserHierarchyTest::code_has_voter_relationship(). Metadata in doc-comments is deprecated and will no longer be supported in PHPUnit 12. Update your test code to use attributes instead.

  [30;43;1m WARN [39;49;22m Metadata found in doc-comment for method Tests\Feature\UserHierarchyTest::voter_slug_has_voter_relationship(). Metadata in doc-comments is deprecated and will no longer be supported in PHPUnit 12. Update your test code to use attributes instead.

  [30;43;1m WARN [39;49;22m Metadata found in doc-comment for method Tests\Feature\UserHierarchyTest::user_hierarchy_traversal(). Metadata in doc-comments is deprecated and will no longer be supported in PHPUnit 12. Update your test code to use attributes instead.

  [30;43;1m WARN [39;49;22m Metadata found in doc-comment for method Tests\Feature\UserHierarchyTest::mark_as_voted_updates_status(). Metadata in doc-comments is deprecated and will no longer be supported in PHPUnit 12. Update your test code to use attributes instead.

  [30;43;1m WARN [39;49;22m Metadata found in doc-comment for method Tests\Feature\UserHierarchyTest::organisation_user_role_is_tracked(). Metadata in doc-comments is deprecated and will no longer be supported in PHPUnit 12. Update your test code to use attributes instead.

  [30;43;1m WARN [39;49;22m Metadata found in doc-comment for method Tests\Feature\UserHierarchyTest::member_expiry_is_enforced(). Metadata in doc-comments is deprecated and will no longer be supported in PHPUnit 12. Update your test code to use attributes instead.

  [30;43;1m WARN [39;49;22m Metadata found in doc-comment for method Tests\Feature\UserHierarchyTest::voter_ineligibility_reason_is_recorded(). Metadata in doc-comments is deprecated and will no longer be supported in PHPUnit 12. Update your test code to use attributes instead.

  [30;43;1m WARN [39;49;22m Metadata found in doc-comment for method Tests\Feature\UuidMultiTenancyTest::organisation_uses_uuid_primary_key(). Metadata in doc-comments is deprecated and will no longer be supported in PHPUnit 12. Update your test code to use attributes instead.

  [30;43;1m WARN [39;49;22m Metadata found in doc-comment for method Tests\Feature\UuidMultiTenancyTest::organisation_has_type_field(). Metadata in doc-comments is deprecated and will no longer be supported in PHPUnit 12. Update your test code to use attributes instead.

  [30;43;1m WARN [39;49;22m Metadata found in doc-comment for method Tests\Feature\UuidMultiTenancyTest::organisation_has_type_checking_methods(). Metadata in doc-comments is deprecated and will no longer be supported in PHPUnit 12. Update your test code to use attributes instead.

  [30;43;1m WARN [39;49;22m Metadata found in doc-comment for method Tests\Feature\UuidMultiTenancyTest::organisation_get_default_platform(). Metadata in doc-comments is deprecated and will no longer be supported in PHPUnit 12. Update your test code to use attributes instead.

  [30;43;1m WARN [39;49;22m Metadata found in doc-comment for method Tests\Feature\UuidMultiTenancyTest::user_uses_uuid_primary_key(). Metadata in doc-comments is deprecated and will no longer be supported in PHPUnit 12. Update your test code to use attributes instead.

  [30;43;1m WARN [39;49;22m Metadata found in doc-comment for method Tests\Feature\UuidMultiTenancyTest::user_belongs_to_multiple_organisations(). Metadata in doc-comments is deprecated and will no longer be supported in PHPUnit 12. Update your test code to use attributes instead.

  [30;43;1m WARN [39;49;22m Metadata found in doc-comment for method Tests\Feature\UuidMultiTenancyTest::user_belongs_to_organisation_method(). Metadata in doc-comments is deprecated and will no longer be supported in PHPUnit 12. Update your test code to use attributes instead.

  [30;43;1m WARN [39;49;22m Metadata found in doc-comment for method Tests\Feature\UuidMultiTenancyTest::user_get_role_in_organisation(). Metadata in doc-comments is deprecated and will no longer be supported in PHPUnit 12. Update your test code to use attributes instead.

  [30;43;1m WARN [39;49;22m Metadata found in doc-comment for method Tests\Feature\UuidMultiTenancyTest::user_organisation_role_uses_uuid_primary_key(). Metadata in doc-comments is deprecated and will no longer be supported in PHPUnit 12. Update your test code to use attributes instead.

  [30;43;1m WARN [39;49;22m Metadata found in doc-comment for method Tests\Feature\UuidMultiTenancyTest::user_organisation_role_unique_constraint(). Metadata in doc-comments is deprecated and will no longer be supported in PHPUnit 12. Update your test code to use attributes instead.

  [30;43;1m WARN [39;49;22m Metadata found in doc-comment for method Tests\Feature\UuidMultiTenancyTest::election_uses_uuid_primary_key(). Metadata in doc-comments is deprecated and will no longer be supported in PHPUnit 12. Update your test code to use attributes instead.

  [30;43;1m WARN [39;49;22m Metadata found in doc-comment for method Tests\Feature\UuidMultiTenancyTest::election_scope_for_organisation(). Metadata in doc-comments is deprecated and will no longer be supported in PHPUnit 12. Update your test code to use attributes instead.

  [30;43;1m WARN [39;49;22m Metadata found in doc-comment for method Tests\Feature\UuidMultiTenancyTest::tenant_context_service_manages_context(). Metadata in doc-comments is deprecated and will no longer be supported in PHPUnit 12. Update your test code to use attributes instead.

  [30;43;1m WARN [39;49;22m Metadata found in doc-comment for method Tests\Feature\UuidMultiTenancyTest::tenant_context_validates_membership(). Metadata in doc-comments is deprecated and will no longer be supported in PHPUnit 12. Update your test code to use attributes instead.

  [30;43;1m WARN [39;49;22m Metadata found in doc-comment for method Tests\Feature\UuidMultiTenancyTest::tenant_context_persists_to_session(). Metadata in doc-comments is deprecated and will no longer be supported in PHPUnit 12. Update your test code to use attributes instead.

  [30;43;1m WARN [39;49;22m Metadata found in doc-comment for method Tests\Feature\UuidMultiTenancyTest::tenant_context_resolves_from_session(). Metadata in doc-comments is deprecated and will no longer be supported in PHPUnit 12. Update your test code to use attributes instead.

  [30;43;1m WARN [39;49;22m Metadata found in doc-comment for method Tests\Feature\UuidMultiTenancyTest::tenant_context_organisation_type_checks(). Metadata in doc-comments is deprecated and will no longer be supported in PHPUnit 12. Update your test code to use attributes instead.

  [30;43;1m WARN [39;49;22m Metadata found in doc-comment for method Tests\Feature\VoteAnonymityTest::votes_table_has_no_user_id_column(). Metadata in doc-comments is deprecated and will no longer be supported in PHPUnit 12. Update your test code to use attributes instead.

  [30;43;1m WARN [39;49;22m Metadata found in doc-comment for method Tests\Feature\VoteAnonymityTest::vote_cannot_be_linked_to_user(). Metadata in doc-comments is deprecated and will no longer be supported in PHPUnit 12. Update your test code to use attributes instead.

  [30;43;1m WARN [39;49;22m Metadata found in doc-comment for method Tests\Feature\VoteAnonymityTest::vote_hash_provides_cryptographic_proof_without_user_identity(). Metadata in doc-comments is deprecated and will no longer be supported in PHPUnit 12. Update your test code to use attributes instead.

  [30;43;1m WARN [39;49;22m Metadata found in doc-comment for method Tests\Feature\VoteAnonymityTest::code_model_links_user_to_voting_permission_not_vote_content(). Metadata in doc-comments is deprecated and will no longer be supported in PHPUnit 12. Update your test code to use attributes instead.

  [30;43;1m WARN [39;49;22m Metadata found in doc-comment for method Tests\Feature\VoteAnonymityTest::multiple_votes_cannot_be_attributed_to_same_user(). Metadata in doc-comments is deprecated and will no longer be supported in PHPUnit 12. Update your test code to use attributes instead.

  [30;43;1m WARN [39;49;22m Metadata found in doc-comment for method Tests\Feature\VoteAnonymityTest::election_results_have_no_user_identity(). Metadata in doc-comments is deprecated and will no longer be supported in PHPUnit 12. Update your test code to use attributes instead.

  [30;43;1m WARN [39;49;22m Metadata found in doc-comment for method Tests\Feature\VoteAnonymityTest::voter_cannot_coerce_vote_because_vote_is_not_traceable(). Metadata in doc-comments is deprecated and will no longer be supported in PHPUnit 12. Update your test code to use attributes instead.

  [30;43;1m WARN [39;49;22m Metadata found in doc-comment for method Tests\Feature\VoteAnonymityTest::vote_data_schema_enforces_anonymity(). Metadata in doc-comments is deprecated and will no longer be supported in PHPUnit 12. Update your test code to use attributes instead.

  [30;43;1m WARN [39;49;22m Metadata found in doc-comment for method Tests\Feature\VoteBugFixIntegrationTest::it_sanitizes_buggy_vote_data_on_submission(). Metadata in doc-comments is deprecated and will no longer be supported in PHPUnit 12. Update your test code to use attributes instead.

  [30;43;1m WARN [39;49;22m Metadata found in doc-comment for class Tests\Feature\VoteBugFixIntegrationTest. Metadata in doc-comments is deprecated and will no longer be supported in PHPUnit 12. Update your test code to use attributes instead.

  [30;43;1m WARN [39;49;22m Metadata found in doc-comment for method Tests\Feature\VoteBugFixIntegrationTest::it_saves_corrected_vote_to_database(). Metadata in doc-comments is deprecated and will no longer be supported in PHPUnit 12. Update your test code to use attributes instead.

  [30;43;1m WARN [39;49;22m Metadata found in doc-comment for method Tests\Feature\VoteBugFixIntegrationTest::it_preserves_valid_vote_data(). Metadata in doc-comments is deprecated and will no longer be supported in PHPUnit 12. Update your test code to use attributes instead.

  [30;43;1m WARN [39;49;22m Metadata found in doc-comment for method Tests\Feature\VoteBugFixIntegrationTest::it_preserves_valid_skip_data(). Metadata in doc-comments is deprecated and will no longer be supported in PHPUnit 12. Update your test code to use attributes instead.

  [30;43;1m WARN [39;49;22m Metadata found in doc-comment for method Tests\Feature\VoteBugFixIntegrationTest::it_sanitizes_only_buggy_selections_in_mixed_data(). Metadata in doc-comments is deprecated and will no longer be supported in PHPUnit 12. Update your test code to use attributes instead.

  [30;43;1m WARN [39;49;22m Metadata found in doc-comment for method Tests\Feature\VoteBugFixIntegrationTest::it_logs_warning_when_fixing_inconsistent_data(). Metadata in doc-comments is deprecated and will no longer be supported in PHPUnit 12. Update your test code to use attributes instead.

  [30;43;1m WARN [39;49;22m Metadata found in doc-comment for method Tests\Feature\VoteBugFixIntegrationTest::it_requires_authentication_for_vote_submission(). Metadata in doc-comments is deprecated and will no longer be supported in PHPUnit 12. Update your test code to use attributes instead.

  [30;43;1m WARN [39;49;22m Metadata found in doc-comment for method Tests\Feature\VoteBugFixIntegrationTest::it_requires_agreement_checkbox(). Metadata in doc-comments is deprecated and will no longer be supported in PHPUnit 12. Update your test code to use attributes instead.

  [30;43;1m WARN [39;49;22m Metadata found in doc-comment for method Tests\Feature\VoteBugFixIntegrationTest::it_fixes_all_positions_with_bug_pattern(). Metadata in doc-comments is deprecated and will no longer be supported in PHPUnit 12. Update your test code to use attributes instead.

  [30;43;1m WARN [39;49;22m Metadata found in doc-comment for method Tests\Feature\VoteControllerDownloadPdfTest::it_returns_pdf_with_correct_headers(). Metadata in doc-comments is deprecated and will no longer be supported in PHPUnit 12. Update your test code to use attributes instead.

  [30;43;1m WARN [39;49;22m Metadata found in doc-comment for method Tests\Feature\VoteControllerDownloadPdfTest::it_generates_pdf_with_voter_information(). Metadata in doc-comments is deprecated and will no longer be supported in PHPUnit 12. Update your test code to use attributes instead.

  [30;43;1m WARN [39;49;22m Metadata found in doc-comment for method Tests\Feature\VoteControllerDownloadPdfTest::it_generates_pdf_with_election_information(). Metadata in doc-comments is deprecated and will no longer be supported in PHPUnit 12. Update your test code to use attributes instead.

  [30;43;1m WARN [39;49;22m Metadata found in doc-comment for method Tests\Feature\VoteControllerDownloadPdfTest::it_returns_404_when_session_data_missing(). Metadata in doc-comments is deprecated and will no longer be supported in PHPUnit 12. Update your test code to use attributes instead.

  [30;43;1m WARN [39;49;22m Metadata found in doc-comment for method Tests\Feature\VoteControllerDownloadPdfTest::it_returns_403_when_session_data_invalid(). Metadata in doc-comments is deprecated and will no longer be supported in PHPUnit 12. Update your test code to use attributes instead.

  [30;43;1m WARN [39;49;22m Metadata found in doc-comment for method Tests\Feature\VoteControllerDownloadPdfTest::it_generates_pdf_with_vote_selections(). Metadata in doc-comments is deprecated and will no longer be supported in PHPUnit 12. Update your test code to use attributes instead.

  [30;43;1m WARN [39;49;22m Metadata found in doc-comment for method Tests\Feature\VoteControllerDownloadPdfTest::it_generates_pdf_with_vote_statistics(). Metadata in doc-comments is deprecated and will no longer be supported in PHPUnit 12. Update your test code to use attributes instead.

  [30;43;1m WARN [39;49;22m Metadata found in doc-comment for method Tests\Feature\VoteControllerDownloadPdfTest::pdf_filename_contains_timestamp(). Metadata in doc-comments is deprecated and will no longer be supported in PHPUnit 12. Update your test code to use attributes instead.

  [30;43;1m WARN [39;49;22m Metadata found in doc-comment for method Tests\Feature\VoteControllerTest::real_election_blocks_create_page_for_already_voted_user(). Metadata in doc-comments is deprecated and will no longer be supported in PHPUnit 12. Update your test code to use attributes instead.

  [30;43;1m WARN [39;49;22m Metadata found in doc-comment for method Tests\Feature\VoteControllerTest::real_election_blocks_first_submission_for_already_voted_user(). Metadata in doc-comments is deprecated and will no longer be supported in PHPUnit 12. Update your test code to use attributes instead.

  [30;43;1m WARN [39;49;22m Metadata found in doc-comment for method Tests\Feature\VoteControllerTest::real_election_fetches_code_by_election_id_not_relationship(). Metadata in doc-comments is deprecated and will no longer be supported in PHPUnit 12. Update your test code to use attributes instead.

  [30;43;1m WARN [39;49;22m Metadata found in doc-comment for method Tests\Feature\VoteControllerTest::vote_pre_check_handles_simple_mode_correctly(). Metadata in doc-comments is deprecated and will no longer be supported in PHPUnit 12. Update your test code to use attributes instead.

  [30;43;1m WARN [39;49;22m Metadata found in doc-comment for method Tests\Feature\VoteControllerTest::vote_pre_check_handles_strict_mode_correctly(). Metadata in doc-comments is deprecated and will no longer be supported in PHPUnit 12. Update your test code to use attributes instead.

  [30;43;1m WARN [39;49;22m Metadata found in doc-comment for method Tests\Feature\VoteControllerTest::second_code_check_strict_mode_requires_code2_used(). Metadata in doc-comments is deprecated and will no longer be supported in PHPUnit 12. Update your test code to use attributes instead.

  [30;43;1m WARN [39;49;22m Metadata found in doc-comment for method Tests\Feature\VoteControllerTest::verify_first_submission_routes_to_real_verify_page(). Metadata in doc-comments is deprecated and will no longer be supported in PHPUnit 12. Update your test code to use attributes instead.

  [30;43;1m WARN [39;49;22m Metadata found in doc-comment for method Tests\Feature\VoteControllerTest::save_vote_generates_verifiable_receipt_hash(). Metadata in doc-comments is deprecated and will no longer be supported in PHPUnit 12. Update your test code to use attributes instead.

  [30;43;1m WARN [39;49;22m Metadata found in doc-comment for method Tests\Feature\VoteControllerTest::vote_post_check_ip_rate_limiting_is_scoped_to_election(). Metadata in doc-comments is deprecated and will no longer be supported in PHPUnit 12. Update your test code to use attributes instead.

  [30;43;1m WARN [39;49;22m Metadata found in doc-comment for method Tests\Feature\VoteControllerTest::get_election_throws_on_organisation_mismatch(). Metadata in doc-comments is deprecated and will no longer be supported in PHPUnit 12. Update your test code to use attributes instead.

  [30;43;1m WARN [39;49;22m Metadata found in doc-comment for method Tests\Feature\VoteControllerTest::create_exposes_election_settings_in_props(). Metadata in doc-comments is deprecated and will no longer be supported in PHPUnit 12. Update your test code to use attributes instead.

  [30;43;1m WARN [39;49;22m Metadata found in doc-comment for method Tests\Feature\VoteControllerTest::first_submission_rejects_no_vote_when_disabled(). Metadata in doc-comments is deprecated and will no longer be supported in PHPUnit 12. Update your test code to use attributes instead.

  [30;43;1m WARN [39;49;22m Metadata found in doc-comment for method Tests\Feature\VoteControllerTest::first_submission_enforces_exact_constraint(). Metadata in doc-comments is deprecated and will no longer be supported in PHPUnit 12. Update your test code to use attributes instead.

  [30;43;1m WARN [39;49;22m Metadata found in doc-comment for method Tests\Feature\VoteReceiptVerificationTest::receipt_code_is_stored_when_vote_is_saved(). Metadata in doc-comments is deprecated and will no longer be supported in PHPUnit 12. Update your test code to use attributes instead.

  [30;43;1m WARN [39;49;22m Metadata found in doc-comment for method Tests\Feature\VoteReceiptVerificationTest::receipt_codes_page_is_inaccessible_before_results_published(). Metadata in doc-comments is deprecated and will no longer be supported in PHPUnit 12. Update your test code to use attributes instead.

  [30;43;1m WARN [39;49;22m Metadata found in doc-comment for method Tests\Feature\VoteReceiptVerificationTest::receipt_codes_page_is_accessible_after_results_published(). Metadata in doc-comments is deprecated and will no longer be supported in PHPUnit 12. Update your test code to use attributes instead.

  [30;43;1m WARN [39;49;22m Metadata found in doc-comment for method Tests\Feature\VoteReceiptVerificationTest::receipt_codes_are_displayed_in_randomized_order(). Metadata in doc-comments is deprecated and will no longer be supported in PHPUnit 12. Update your test code to use attributes instead.

  [30;43;1m WARN [39;49;22m Metadata found in doc-comment for method Tests\Feature\VoteReceiptVerificationTest::vote_can_be_marked_as_reverified(). Metadata in doc-comments is deprecated and will no longer be supported in PHPUnit 12. Update your test code to use attributes instead.

  [30;43;1m WARN [39;49;22m Metadata found in doc-comment for method Tests\Feature\VoteReceiptVerificationTest::reverified_status_shows_green_tickmark_in_list(). Metadata in doc-comments is deprecated and will no longer be supported in PHPUnit 12. Update your test code to use attributes instead.

  [30;43;1m WARN [39;49;22m Metadata found in doc-comment for method Tests\Feature\VoteReceiptVerificationTest::receipt_code_cannot_be_reverified_twice(). Metadata in doc-comments is deprecated and will no longer be supported in PHPUnit 12. Update your test code to use attributes instead.

  [30;43;1m WARN [39;49;22m Metadata found in doc-comment for method Tests\Feature\VoteReceiptVerificationTest::receipt_codes_show_reverified_statistics(). Metadata in doc-comments is deprecated and will no longer be supported in PHPUnit 12. Update your test code to use attributes instead.

  [30;43;1m WARN [39;49;22m Metadata found in doc-comment for method Tests\Feature\VoteStorageTest::vote_table_has_vote_hash_column(). Metadata in doc-comments is deprecated and will no longer be supported in PHPUnit 12. Update your test code to use attributes instead.

  [30;43;1m WARN [39;49;22m Metadata found in doc-comment for method Tests\Feature\VoteStorageTest::vote_table_has_no_user_id_column(). Metadata in doc-comments is deprecated and will no longer be supported in PHPUnit 12. Update your test code to use attributes instead.

  [30;43;1m WARN [39;49;22m Metadata found in doc-comment for method Tests\Feature\VoteStorageTest::vote_table_has_no_vote_posts_not_no_vote_option(). Metadata in doc-comments is deprecated and will no longer be supported in PHPUnit 12. Update your test code to use attributes instead.

  [30;43;1m WARN [39;49;22m Metadata found in doc-comment for method Tests\Feature\VoteStorageTest::vote_model_casts_no_vote_posts_as_array(). Metadata in doc-comments is deprecated and will no longer be supported in PHPUnit 12. Update your test code to use attributes instead.

  [30;43;1m WARN [39;49;22m Metadata found in doc-comment for method Tests\Feature\VoteStorageTest::vote_hash_is_hidden_from_api_responses(). Metadata in doc-comments is deprecated and will no longer be supported in PHPUnit 12. Update your test code to use attributes instead.

  [30;43;1m WARN [39;49;22m Metadata found in doc-comment for method Tests\Feature\VoteStorageTest::demo_vote_table_uses_vote_hash(). Metadata in doc-comments is deprecated and will no longer be supported in PHPUnit 12. Update your test code to use attributes instead.

  [30;43;1m WARN [39;49;22m Metadata found in doc-comment for method Tests\Feature\VoteStorageTest::vote_has_organisation_id_for_audit(). Metadata in doc-comments is deprecated and will no longer be supported in PHPUnit 12. Update your test code to use attributes instead.

  [30;43;1m WARN [39;49;22m Metadata found in doc-comment for method Tests\Feature\VoteStorageTest::vote_has_election_id_for_audit(). Metadata in doc-comments is deprecated and will no longer be supported in PHPUnit 12. Update your test code to use attributes instead.

  [30;43;1m WARN [39;49;22m Metadata found in doc-comment for method Tests\Feature\VoteStorageTest::base_vote_model_has_verifybycode_method(). Metadata in doc-comments is deprecated and will no longer be supported in PHPUnit 12. Update your test code to use attributes instead.

  [30;43;1m WARN [39;49;22m Metadata found in doc-comment for method Tests\Feature\VoteStorageTest::base_vote_model_has_getverificationdata_method(). Metadata in doc-comments is deprecated and will no longer be supported in PHPUnit 12. Update your test code to use attributes instead.

  [30;43;1m WARN [39;49;22m Metadata found in doc-comment for method Tests\Feature\VoteStorageTest::vote_model_has_no_user_relationship(). Metadata in doc-comments is deprecated and will no longer be supported in PHPUnit 12. Update your test code to use attributes instead.

  [30;43;1m WARN [39;49;22m Metadata found in doc-comment for method Tests\Feature\VoteStorageTest::vote_fillable_includes_vote_hash(). Metadata in doc-comments is deprecated and will no longer be supported in PHPUnit 12. Update your test code to use attributes instead.

  [30;43;1m WARN [39;49;22m Metadata found in doc-comment for method Tests\Feature\VoteStorageTest::vote_fillable_includes_no_vote_posts(). Metadata in doc-comments is deprecated and will no longer be supported in PHPUnit 12. Update your test code to use attributes instead.

  [30;43;1m WARN [39;49;22m Metadata found in doc-comment for method Tests\Feature\VoteStorageTest::vote_fillable_excludes_user_id(). Metadata in doc-comments is deprecated and will no longer be supported in PHPUnit 12. Update your test code to use attributes instead.

  [30;43;1m WARN [39;49;22m Metadata found in doc-comment for method Tests\Feature\VoteStorageTest::demo_vote_fillable_includes_vote_hash(). Metadata in doc-comments is deprecated and will no longer be supported in PHPUnit 12. Update your test code to use attributes instead.

  [30;43;1m WARN [39;49;22m Metadata found in doc-comment for method Tests\Feature\VoteVerifyTest::verify_to_show_renders_inertia_page_for_authenticated_user(). Metadata in doc-comments is deprecated and will no longer be supported in PHPUnit 12. Update your test code to use attributes instead.

  [30;43;1m WARN [39;49;22m Metadata found in doc-comment for method Tests\Feature\VoteVerifyTest::verify_to_show_redirects_guest_to_login(). Metadata in doc-comments is deprecated and will no longer be supported in PHPUnit 12. Update your test code to use attributes instead.

  [30;43;1m WARN [39;49;22m Metadata found in doc-comment for method Tests\Feature\VoteVerifyTest::submit_code_with_valid_code_shows_vote_data(). Metadata in doc-comments is deprecated and will no longer be supported in PHPUnit 12. Update your test code to use attributes instead.

  [30;43;1m WARN [39;49;22m Metadata found in doc-comment for method Tests\Feature\VoteVerifyTest::submit_code_requires_voting_code_field(). Metadata in doc-comments is deprecated and will no longer be supported in PHPUnit 12. Update your test code to use attributes instead.

  [30;43;1m WARN [39;49;22m Metadata found in doc-comment for method Tests\Feature\VoteVerifyTest::submit_code_rejects_code_without_underscore_separator(). Metadata in doc-comments is deprecated and will no longer be supported in PHPUnit 12. Update your test code to use attributes instead.

  [30;43;1m WARN [39;49;22m Metadata found in doc-comment for method Tests\Feature\VoteVerifyTest::submit_code_rejects_code_with_invalid_uuid_portion(). Metadata in doc-comments is deprecated and will no longer be supported in PHPUnit 12. Update your test code to use attributes instead.

  [30;43;1m WARN [39;49;22m Metadata found in doc-comment for method Tests\Feature\VoteVerifyTest::submit_code_rejects_tampered_private_key(). Metadata in doc-comments is deprecated and will no longer be supported in PHPUnit 12. Update your test code to use attributes instead.

  [30;43;1m WARN [39;49;22m Metadata found in doc-comment for method Tests\Feature\VoteVerifyTest::submit_code_rejects_nonexistent_vote_id(). Metadata in doc-comments is deprecated and will no longer be supported in PHPUnit 12. Update your test code to use attributes instead.

  [30;43;1m WARN [39;49;22m Metadata found in doc-comment for method Tests\Feature\VoteVerifyTest::extract_vote_data_parses_valid_verification_code(). Metadata in doc-comments is deprecated and will no longer be supported in PHPUnit 12. Update your test code to use attributes instead.

  [30;43;1m WARN [39;49;22m Metadata found in doc-comment for method Tests\Feature\VoteVerifyTest::extract_vote_data_fails_without_underscore(). Metadata in doc-comments is deprecated and will no longer be supported in PHPUnit 12. Update your test code to use attributes instead.

  [30;43;1m WARN [39;49;22m Metadata found in doc-comment for method Tests\Feature\VoteVerifyTest::extract_vote_data_fails_when_uuid_part_is_not_a_uuid(). Metadata in doc-comments is deprecated and will no longer be supported in PHPUnit 12. Update your test code to use attributes instead.

  [30;43;1m WARN [39;49;22m Metadata found in doc-comment for method Tests\Feature\VoteVerifyTest::retrieve_vote_record_returns_vote_for_valid_code(). Metadata in doc-comments is deprecated and will no longer be supported in PHPUnit 12. Update your test code to use attributes instead.

  [30;43;1m WARN [39;49;22m Metadata found in doc-comment for method Tests\Feature\VoteVerifyTest::retrieve_vote_record_fails_for_wrong_private_key(). Metadata in doc-comments is deprecated and will no longer be supported in PHPUnit 12. Update your test code to use attributes instead.

  [30;43;1m WARN [39;49;22m Metadata found in doc-comment for method Tests\Feature\VoteVerifyTest::retrieve_vote_record_fails_for_nonexistent_vote(). Metadata in doc-comments is deprecated and will no longer be supported in PHPUnit 12. Update your test code to use attributes instead.

  [30;43;1m WARN [39;49;22m Metadata found in doc-comment for method Tests\Feature\VoteVerifyTest::vote_record_has_no_user_id(). Metadata in doc-comments is deprecated and will no longer be supported in PHPUnit 12. Update your test code to use attributes instead.

  [30;43;1m WARN [39;49;22m Metadata found in doc-comment for method Tests\Feature\Vote\VoteControllerPropTest::denial_response_uses_vote_denied_component(). Metadata in doc-comments is deprecated and will no longer be supported in PHPUnit 12. Update your test code to use attributes instead.

  [30;43;1m WARN [39;49;22m Metadata found in doc-comment for method Tests\Feature\Vote\VoteControllerPropTest::denial_response_props_contain_no_ip_fields(). Metadata in doc-comments is deprecated and will no longer be supported in PHPUnit 12. Update your test code to use attributes instead.

  [30;43;1m WARN [39;49;22m Metadata found in doc-comment for method Tests\Feature\VoterDashboardIntegrationTest::voter_can_start_voting_from_dashboard(). Metadata in doc-comments is deprecated and will no longer be supported in PHPUnit 12. Update your test code to use attributes instead.

  [30;43;1m WARN [39;49;22m Metadata found in doc-comment for method Tests\Feature\VoterDashboardIntegrationTest::voter_with_existing_slug_redirects_to_current_step(). Metadata in doc-comments is deprecated and will no longer be supported in PHPUnit 12. Update your test code to use attributes instead.

  [30;43;1m WARN [39;49;22m Metadata found in doc-comment for method Tests\Feature\VoterDashboardIntegrationTest::ineligible_voter_cannot_start_voting(). Metadata in doc-comments is deprecated and will no longer be supported in PHPUnit 12. Update your test code to use attributes instead.

  [30;43;1m WARN [39;49;22m Metadata found in doc-comment for method Tests\Feature\VoterDashboardIntegrationTest::voter_who_has_already_voted_cannot_start_new_voting(). Metadata in doc-comments is deprecated and will no longer be supported in PHPUnit 12. Update your test code to use attributes instead.

  [30;43;1m WARN [39;49;22m Metadata found in doc-comment for method Tests\Feature\VoterRecoveryTest::election_committee_can_allow_voter_to_revote_after_problems(). Metadata in doc-comments is deprecated and will no longer be supported in PHPUnit 12. Update your test code to use attributes instead.

  [30;43;1m WARN [39;49;22m Metadata found in doc-comment for method Tests\Feature\VoterRecoveryTest::recovery_service_maintains_full_audit_trail(). Metadata in doc-comments is deprecated and will no longer be supported in PHPUnit 12. Update your test code to use attributes instead.

  [30;43;1m WARN [39;49;22m Metadata found in doc-comment for method Tests\Feature\VoterRecoveryTest::recovery_service_prevents_abuse_with_rate_limiting(). Metadata in doc-comments is deprecated and will no longer be supported in PHPUnit 12. Update your test code to use attributes instead.

  [30;43;1m WARN [39;49;22m Metadata found in doc-comment for method Tests\Feature\VoterRecoveryTest::committee_can_identify_users_needing_recovery(). Metadata in doc-comments is deprecated and will no longer be supported in PHPUnit 12. Update your test code to use attributes instead.

  [30;43;1m WARN [39;49;22m Metadata found in doc-comment for method Tests\Feature\VoterSlugFeatureTest::user_can_generate_voting_slug(). Metadata in doc-comments is deprecated and will no longer be supported in PHPUnit 12. Update your test code to use attributes instead.

  [30;43;1m WARN [39;49;22m Metadata found in doc-comment for method Tests\Feature\VoterSlugFeatureTest::valid_slug_allows_access_to_protected_route(). Metadata in doc-comments is deprecated and will no longer be supported in PHPUnit 12. Update your test code to use attributes instead.

  [30;43;1m WARN [39;49;22m Metadata found in doc-comment for method Tests\Feature\VoterSlugFeatureTest::invalid_slug_returns_403(). Metadata in doc-comments is deprecated and will no longer be supported in PHPUnit 12. Update your test code to use attributes instead.

  [30;43;1m WARN [39;49;22m Metadata found in doc-comment for method Tests\Feature\VoterSlugFeatureTest::expired_slug_returns_403(). Metadata in doc-comments is deprecated and will no longer be supported in PHPUnit 12. Update your test code to use attributes instead.

  [30;43;1m WARN [39;49;22m Metadata found in doc-comment for method Tests\Feature\VoterSlugFeatureTest::inactive_slug_returns_403(). Metadata in doc-comments is deprecated and will no longer be supported in PHPUnit 12. Update your test code to use attributes instead.

  [30;43;1m WARN [39;49;22m Metadata found in doc-comment for method Tests\Feature\VoterSlugFeatureTest::generating_new_slug_revokes_previous_active_slugs(). Metadata in doc-comments is deprecated and will no longer be supported in PHPUnit 12. Update your test code to use attributes instead.

  [30;43;1m WARN [39;49;22m Metadata found in doc-comment for method Tests\Feature\VoterSlugFeatureTest::middleware_makes_voter_available_in_request(). Metadata in doc-comments is deprecated and will no longer be supported in PHPUnit 12. Update your test code to use attributes instead.

  [30;43;1m WARN [39;49;22m Metadata found in doc-comment for method Tests\Feature\VoterSlugFeatureTest::unauthenticated_user_cannot_generate_slug(). Metadata in doc-comments is deprecated and will no longer be supported in PHPUnit 12. Update your test code to use attributes instead.

  [30;43;1m WARN [39;49;22m Metadata found in doc-comment for method Tests\Feature\VoterStepWorkflowTest::voter_slug_has_default_step_1(). Metadata in doc-comments is deprecated and will no longer be supported in PHPUnit 12. Update your test code to use attributes instead.

  [30;43;1m WARN [39;49;22m Metadata found in doc-comment for method Tests\Feature\VoterStepWorkflowTest::voter_can_access_current_step_route(). Metadata in doc-comments is deprecated and will no longer be supported in PHPUnit 12. Update your test code to use attributes instead.

  [30;43;1m WARN [39;49;22m Metadata found in doc-comment for method Tests\Feature\VoterStepWorkflowTest::voter_cannot_access_future_step_route(). Metadata in doc-comments is deprecated and will no longer be supported in PHPUnit 12. Update your test code to use attributes instead.

  [30;43;1m WARN [39;49;22m Metadata found in doc-comment for method Tests\Feature\VoterStepWorkflowTest::voter_can_access_previous_step_route(). Metadata in doc-comments is deprecated and will no longer be supported in PHPUnit 12. Update your test code to use attributes instead.

  [30;43;1m WARN [39;49;22m Metadata found in doc-comment for method Tests\Feature\VoterStepWorkflowTest::step_progression_works_correctly(). Metadata in doc-comments is deprecated and will no longer be supported in PHPUnit 12. Update your test code to use attributes instead.

  [30;43;1m WARN [39;49;22m Metadata found in doc-comment for method Tests\Feature\VoterStepWorkflowTest::step_meta_can_store_additional_data(). Metadata in doc-comments is deprecated and will no longer be supported in PHPUnit 12. Update your test code to use attributes instead.

  [30;43;1m WARN [39;49;22m Metadata found in doc-comment for method Tests\Feature\VoterStepWorkflowTest::election_steps_config_is_accessible(). Metadata in doc-comments is deprecated and will no longer be supported in PHPUnit 12. Update your test code to use attributes instead.

  [30;43;1m WARN [39;49;22m Metadata found in doc-comment for method Tests\Feature\VoterWorkflowIntegrationTest::complete_voter_workflow_with_step_enforcement(). Metadata in doc-comments is deprecated and will no longer be supported in PHPUnit 12. Update your test code to use attributes instead.

  [30;43;1m WARN [39;49;22m Metadata found in doc-comment for method Tests\Feature\VoterWorkflowIntegrationTest::voter_can_navigate_backwards(). Metadata in doc-comments is deprecated and will no longer be supported in PHPUnit 12. Update your test code to use attributes instead.

  [30;43;1m WARN [39;49;22m Metadata found in doc-comment for method Tests\Feature\VoterWorkflowIntegrationTest::expired_slug_blocks_access(). Metadata in doc-comments is deprecated and will no longer be supported in PHPUnit 12. Update your test code to use attributes instead.

  [30;43;1m WARN [39;49;22m Metadata found in doc-comment for method Tests\Feature\VoterWorkflowIntegrationTest::inactive_slug_blocks_access(). Metadata in doc-comments is deprecated and will no longer be supported in PHPUnit 12. Update your test code to use attributes instead.

  [30;43;1m WARN [39;49;22m Metadata found in doc-comment for method Tests\Feature\VoterWorkflowIntegrationTest::non_step_routes_pass_through_middleware(). Metadata in doc-comments is deprecated and will no longer be supported in PHPUnit 12. Update your test code to use attributes instead.

  [30;43;1m WARN [39;49;22m Metadata found in doc-comment for method Tests\Feature\VoterWorkflowIntegrationTest::step_meta_persists_throughout_workflow(). Metadata in doc-comments is deprecated and will no longer be supported in PHPUnit 12. Update your test code to use attributes instead.

  [30;43;1m WARN [39;49;22m Metadata found in doc-comment for method Tests\Feature\Voter\VoterImportElectionOnlyTest::test_preview_shows_new_for_unknown_email_in_election_only_mode(). Metadata in doc-comments is deprecated and will no longer be supported in PHPUnit 12. Update your test code to use attributes instead.

  [30;43;1m WARN [39;49;22m Metadata found in doc-comment for method Tests\Feature\Voter\VoterImportElectionOnlyTest::test_preview_shows_existing_for_known_email(). Metadata in doc-comments is deprecated and will no longer be supported in PHPUnit 12. Update your test code to use attributes instead.

  [30;43;1m WARN [39;49;22m Metadata found in doc-comment for method Tests\Feature\Voter\VoterImportElectionOnlyTest::test_import_creates_user_for_unknown_email(). Metadata in doc-comments is deprecated and will no longer be supported in PHPUnit 12. Update your test code to use attributes instead.

  [30;43;1m WARN [39;49;22m Metadata found in doc-comment for method Tests\Feature\Voter\VoterImportElectionOnlyTest::test_import_links_user_to_organisation(). Metadata in doc-comments is deprecated and will no longer be supported in PHPUnit 12. Update your test code to use attributes instead.

  [30;43;1m WARN [39;49;22m Metadata found in doc-comment for method Tests\Feature\Voter\VoterImportElectionOnlyTest::test_import_assigns_user_as_voter_to_election(). Metadata in doc-comments is deprecated and will no longer be supported in PHPUnit 12. Update your test code to use attributes instead.

  [30;43;1m WARN [39;49;22m Metadata found in doc-comment for method Tests\Feature\Voter\VoterImportElectionOnlyTest::test_import_creates_voter_invitation(). Metadata in doc-comments is deprecated and will no longer be supported in PHPUnit 12. Update your test code to use attributes instead.

  [30;43;1m WARN [39;49;22m Metadata found in doc-comment for method Tests\Feature\Voter\VoterImportElectionOnlyTest::test_import_dispatches_send_invitation_job(). Metadata in doc-comments is deprecated and will no longer be supported in PHPUnit 12. Update your test code to use attributes instead.

  [30;43;1m WARN [39;49;22m Metadata found in doc-comment for method Tests\Feature\Voter\VoterImportElectionOnlyTest::test_import_does_not_duplicate_invitation_on_reimport(). Metadata in doc-comments is deprecated and will no longer be supported in PHPUnit 12. Update your test code to use attributes instead.

  [30;43;1m WARN [39;49;22m Metadata found in doc-comment for method Tests\Feature\Voter\VoterImportElectionOnlyTest::test_invitation_token_shows_set_password_page(). Metadata in doc-comments is deprecated and will no longer be supported in PHPUnit 12. Update your test code to use attributes instead.

  [30;43;1m WARN [39;49;22m Metadata found in doc-comment for method Tests\Feature\Voter\VoterImportElectionOnlyTest::test_set_password_logs_in_user_and_redirects(). Metadata in doc-comments is deprecated and will no longer be supported in PHPUnit 12. Update your test code to use attributes instead.

  [30;43;1m WARN [39;49;22m Metadata found in doc-comment for method Tests\Feature\Voter\VoterImportElectionOnlyTest::test_expired_token_returns_404(). Metadata in doc-comments is deprecated and will no longer be supported in PHPUnit 12. Update your test code to use attributes instead.

  [30;43;1m WARN [39;49;22m Metadata found in doc-comment for method Tests\Feature\Voter\VoterImportElectionOnlyTest::test_used_token_returns_404(). Metadata in doc-comments is deprecated and will no longer be supported in PHPUnit 12. Update your test code to use attributes instead.

  [30;43;1m WARN [39;49;22m Metadata found in doc-comment for method Tests\Feature\Voter\VoterImportElectionOnlyTest::test_rate_limiting_blocks_after_10_attempts(). Metadata in doc-comments is deprecated and will no longer be supported in PHPUnit 12. Update your test code to use attributes instead.

  [30;43;1m WARN [39;49;22m Metadata found in doc-comment for method Tests\Feature\Voter\VoterImportElectionOnlyTest::test_transaction_rolls_back_on_election_membership_failure(). Metadata in doc-comments is deprecated and will no longer be supported in PHPUnit 12. Update your test code to use attributes instead.

  [30;43;1m WARN [39;49;22m Metadata found in doc-comment for method Tests\Feature\Voter\VoterImportElectionOnlyTest::test_language_fallback_to_de_when_languages_is_empty(). Metadata in doc-comments is deprecated and will no longer be supported in PHPUnit 12. Update your test code to use attributes instead.

  [30;43;1m WARN [39;49;22m Metadata found in doc-comment for method Tests\Feature\Voting\IpValidationTest::voter_with_ip_restriction_can_vote_from_registered_ip(). Metadata in doc-comments is deprecated and will no longer be supported in PHPUnit 12. Update your test code to use attributes instead.

  [30;43;1m WARN [39;49;22m Metadata found in doc-comment for method Tests\Feature\Voting\IpValidationTest::voter_with_ip_restriction_cannot_vote_from_different_ip(). Metadata in doc-comments is deprecated and will no longer be supported in PHPUnit 12. Update your test code to use attributes instead.

  [30;43;1m WARN [39;49;22m Metadata found in doc-comment for method Tests\Feature\Voting\IpValidationTest::voter_without_ip_restriction_can_vote_from_any_ip(). Metadata in doc-comments is deprecated and will no longer be supported in PHPUnit 12. Update your test code to use attributes instead.

  [30;43;1m WARN [39;49;22m Metadata found in doc-comment for method Tests\Feature\Voting\IpValidationTest::ip_control_disabled_allows_voting_from_any_ip(). Metadata in doc-comments is deprecated and will no longer be supported in PHPUnit 12. Update your test code to use attributes instead.

  [30;43;1m WARN [39;49;22m Metadata found in doc-comment for method Tests\Feature\Voting\IpValidationTest::voter_approval_sets_ip_restriction_when_control_enabled(). Metadata in doc-comments is deprecated and will no longer be supported in PHPUnit 12. Update your test code to use attributes instead.

  [30;43;1m WARN [39;49;22m Metadata found in doc-comment for method Tests\Feature\Voting\IpValidationTest::voter_approval_does_not_set_ip_restriction_when_control_disabled(). Metadata in doc-comments is deprecated and will no longer be supported in PHPUnit 12. Update your test code to use attributes instead.

  [30;43;1m WARN [39;49;22m Metadata found in doc-comment for method Tests\Feature\Voting\IpValidationTest::ip_mismatch_error_message_is_bilingual(). Metadata in doc-comments is deprecated and will no longer be supported in PHPUnit 12. Update your test code to use attributes instead.

  [30;43;1m WARN [39;49;22m Metadata found in doc-comment for method Tests\Feature\Voting\IpValidationTest::multiple_voting_attempts_from_different_ips_are_logged(). Metadata in doc-comments is deprecated and will no longer be supported in PHPUnit 12. Update your test code to use attributes instead.

  [30;43;1m WARN [39;49;22m Metadata found in doc-comment for method Tests\Feature\Voting\VoteResultIntegrityTest::vote_save_populates_data_checksum(). Metadata in doc-comments is deprecated and will no longer be supported in PHPUnit 12. Update your test code to use attributes instead.

  [30;43;1m WARN [39;49;22m Metadata found in doc-comment for method Tests\Feature\Voting\VoteResultIntegrityTest::verify_checksum_detects_tampering(). Metadata in doc-comments is deprecated and will no longer be supported in PHPUnit 12. Update your test code to use attributes instead.

  [30;43;1m WARN [39;49;22m Metadata found in doc-comment for method Tests\Feature\Voting\VoteResultIntegrityTest::verify_results_integrity_detects_missing_results(). Metadata in doc-comments is deprecated and will no longer be supported in PHPUnit 12. Update your test code to use attributes instead.

  [30;43;1m WARN [39;49;22m Metadata found in doc-comment for method Tests\Feature\Voting\VoteResultIntegrityTest::sync_results_restores_consistency(). Metadata in doc-comments is deprecated and will no longer be supported in PHPUnit 12. Update your test code to use attributes instead.

  [30;43;1m WARN [39;49;22m Metadata found in doc-comment for method Tests\Feature\Voting\VoteResultIntegrityTest::integrity_check_finds_all_votes_valid(). Metadata in doc-comments is deprecated and will no longer be supported in PHPUnit 12. Update your test code to use attributes instead.

  [30;43;1m WARN [39;49;22m Metadata found in doc-comment for method Tests\Feature\Voting\VoteResultIntegrityTest::publish_results_runs_integrity_check(). Metadata in doc-comments is deprecated and will no longer be supported in PHPUnit 12. Update your test code to use attributes instead.

  [30;43;1m WARN [39;49;22m Metadata found in doc-comment for method Tests\Feature\Voting\VoterAuditTrailTest::per_voter_audit_file_is_created(). Metadata in doc-comments is deprecated and will no longer be supported in PHPUnit 12. Update your test code to use attributes instead.

  [30;43;1m WARN [39;49;22m Metadata found in doc-comment for method Tests\Feature\Voting\VoterAuditTrailTest::per_voter_file_records_multiple_steps(). Metadata in doc-comments is deprecated and will no longer be supported in PHPUnit 12. Update your test code to use attributes instead.

  [30;43;1m WARN [39;49;22m Metadata found in doc-comment for method Tests\Feature\Voting\VoterAuditTrailTest::voter_email_is_masked_in_audit(). Metadata in doc-comments is deprecated and will no longer be supported in PHPUnit 12. Update your test code to use attributes instead.

  [30;43;1m WARN [39;49;22m Metadata found in doc-comment for method Tests\Feature\Voting\VoterAuditTrailTest::voter_name_with_special_chars_creates_safe_filename(). Metadata in doc-comments is deprecated and will no longer be supported in PHPUnit 12. Update your test code to use attributes instead.

  [30;43;1m WARN [39;49;22m Metadata found in doc-comment for method Tests\Feature\Voting\VoterAuditTrailTest::audit_trail_spans_entire_voting_flow(). Metadata in doc-comments is deprecated and will no longer be supported in PHPUnit 12. Update your test code to use attributes instead.

  [30;43;1m WARN [39;49;22m Metadata found in doc-comment for method Tests\Feature\Voting\VoterAuditTrailTest::admin_can_download_voter_audit_file(). Metadata in doc-comments is deprecated and will no longer be supported in PHPUnit 12. Update your test code to use attributes instead.

  [30;43;1m WARN [39;49;22m Metadata found in doc-comment for method Tests\Feature\Voting\VotingConcurrencyProtectionTest::cache_lock_prevents_concurrent_step_progression(). Metadata in doc-comments is deprecated and will no longer be supported in PHPUnit 12. Update your test code to use attributes instead.

  [30;43;1m WARN [39;49;22m Metadata found in doc-comment for method Tests\Feature\Voting\VotingConcurrencyProtectionTest::concurrent_has_voted_update_only_succeeds_once(). Metadata in doc-comments is deprecated and will no longer be supported in PHPUnit 12. Update your test code to use attributes instead.

  [30;43;1m WARN [39;49;22m Metadata found in doc-comment for method Tests\Feature\Voting\VotingConcurrencyProtectionTest::cache_lock_is_released_on_exception(). Metadata in doc-comments is deprecated and will no longer be supported in PHPUnit 12. Update your test code to use attributes instead.

  [30;43;1m WARN [39;49;22m Metadata found in doc-comment for method Tests\Feature\Voting\VotingConcurrencyProtectionTest::voter_slug_status_cannot_transition_to_voted_twice(). Metadata in doc-comments is deprecated and will no longer be supported in PHPUnit 12. Update your test code to use attributes instead.

  [30;43;1m WARN [39;49;22m Metadata found in doc-comment for method Tests\Feature\Voting\VotingEngineIntegrationTest::voter_slug_creation(). Metadata in doc-comments is deprecated and will no longer be supported in PHPUnit 12. Update your test code to use attributes instead.

  [30;43;1m WARN [39;49;22m Metadata found in doc-comment for method Tests\Feature\Voting\VotingEngineIntegrationTest::step_progression_1_to_5(). Metadata in doc-comments is deprecated and will no longer be supported in PHPUnit 12. Update your test code to use attributes instead.

  [30;43;1m WARN [39;49;22m Metadata found in doc-comment for method Tests\Feature\Voting\VotingEngineIntegrationTest::has_voted_prevents_double_voting(). Metadata in doc-comments is deprecated and will no longer be supported in PHPUnit 12. Update your test code to use attributes instead.

  [30;43;1m WARN [39;49;22m Metadata found in doc-comment for method Tests\Feature\Voting\VotingEngineIntegrationTest::slug_status_transitions_to_voted(). Metadata in doc-comments is deprecated and will no longer be supported in PHPUnit 12. Update your test code to use attributes instead.

  [30;43;1m WARN [39;49;22m Metadata found in doc-comment for method Tests\Feature\Voting\VotingEngineIntegrationTest::step_meta_stores_audit_data(). Metadata in doc-comments is deprecated and will no longer be supported in PHPUnit 12. Update your test code to use attributes instead.

  [30;43;1m WARN [39;49;22m Metadata found in doc-comment for method Tests\Feature\Voting\VotingEngineIntegrationTest::membership_status_tracks_voter_state(). Metadata in doc-comments is deprecated and will no longer be supported in PHPUnit 12. Update your test code to use attributes instead.

  [30;43;1m WARN [39;49;22m Metadata found in doc-comment for method Tests\Feature\Voting\VotingEngineIntegrationTest::expired_slug_can_be_marked_expired(). Metadata in doc-comments is deprecated and will no longer be supported in PHPUnit 12. Update your test code to use attributes instead.
         
  [30;42;1m PASS [39;49;22m[39m Tests\Unit\Application\CommitteeStructure\ActivateCommitteeStructureTest[39m
  [32;1m✓[39;22m[90m [39m[90mit activates a draft structure[39m[90m                                                                              [39m [90m6.24s[39m  
  [32;1m✓[39;22m[90m [39m[90mit deprecates existing active structure before activation[39m[90m                                                   [39m [90m0.28s[39m  
  [32;1m✓[39;22m[90m [39m[90mit fails if structure is not draft[39m[90m                                                                          [39m [90m0.14s[39m  
   
  [30;42;1m PASS [39;49;22m[39m Tests\Unit\Application\CommitteeStructure\DefineCommitteeStructureTest[39m
  [32;1m✓[39;22m[90m [39m[90mit creates structure in draft state[39m[90m                                                                         [39m [90m0.28s[39m  
               
  [39;41;1m FAIL [39;49;22m[39m Tests\Unit\Application\Committee\CommitteeGeoBoundaryTest[39m
  [32;1m✓[39;22m[90m [39m[90mcommittee records geo on update operational geo[39m[90m                                                             [39m [90m0.18s[39m  
  [32;1m✓[39;22m[90m [39m[90mupdate committee details calls update operational geo when geo provided[39m[90m                                     [39m [90m0.12s[39m  
  [32;1m✓[39;22m[90m [39m[90mupdate committee details skips geo when null[39m[90m                                                                [39m [90m0.13s[39m  
  [31;1m⨯[39;22m[90m [39m[90meloquent aggregate repository persists region and country codes[39m[90m                                             [39m [90m0.21s[39m  
  [32;1m✓[39;22m[90m [39m[90meloquent repository regenerates slug on name change[39m[90m                                                         [39m [90m0.16s[39m  
            
  [39;41;1m FAIL [39;49;22m[39m Tests\Unit\Application\Committee\CommitteeTransactionSafetyTest[39m
  [32;1m✓[39;22m[90m [39m[90mcontainer resolves transactional decorator not concrete[39m[90m                                                     [39m [90m0.15s[39m  
  [31;1m⨯[39;22m[90m [39m[90mpessimistic lock is acquired during creation[39m[90m                                                                [39m [90m0.26s[39m  
  [31;1m⨯[39;22m[90m [39m[90mrollback atomicity prevents partial state[39m[90m                                                                   [39m [90m0.27s[39m  
  [31;1m⨯[39;22m[90m [39m[90msnapshot stability under epoch evolution[39m[90m                                                                    [39m [90m0.16s[39m  
                  
  [39;41;1m FAIL [39;49;22m[39m Tests\Unit\Application\Committee\CreateCommitteeUseCaseTest[39m
  [31;1m⨯[39;22m[90m [39m[90mit creates committee from active structure[39m[90m                                                                  [39m [90m0.15s[39m  
  [32;1m✓[39;22m[90m [39m[90mit fails when no active structure exists[39m[90m                                                                    [39m [90m0.15s[39m  
  [32;1m✓[39;22m[90m [39m[90mit fails for invalid level index[39m[90m                                                                            [39m [90m0.16s[39m  
  [32;1m✓[39;22m[90m [39m[90mit fails when required geo missing[39m[90m                                                                          [39m [90m0.15s[39m  
  [31;1m⨯[39;22m[90m [39m[90mit snapshots structure data at creation time[39m[90m                                                                [39m [90m0.16s[39m  
  [31;1m⨯[39;22m[90m [39m[90mcommittee does not depend on structure after creation[39m[90m                                                       [39m [90m0.15s[39m  

  [30;42;1m PASS [39;49;22m[39m Tests\Unit\Application\Election\BallotAuthorization\BallotAuthorizationPolicyTest[39m
  [32;1m✓[39;22m[90m [39m[90mpolicy layers at preconditions[39m[90m                                                                              [39m [90m0.01s[39m  
  [32;1m✓[39;22m[90m [39m[90msingle code allows valid unconsumed[39m
  [32;1m✓[39;22m[90m [39m[90msingle code denies consumed[39m
  [32;1m✓[39;22m[90m [39m[90mdual code requires both tokens[39m
  [32;1m✓[39;22m[90m [39m[90mdual code requires view before commit[39m
  [32;1m✓[39;22m[90m [39m[90mabstains when no session[39m
  [32;1m✓[39;22m[90m [39m[90mindependent of trust state[39m
  [32;1m✓[39;22m[90m [39m[90mdual code allows when view completed[39m
                              
  [39;41;1m FAIL [39;49;22m[39m Tests\Unit\Application\Election\Capabilities\CanEditTimelineCapabilityTest[39m
  [32;1m✓[39;22m[90m [39m[90mcan edit timeline in draft state[39m[90m                                                                            [39m [90m0.20s[39m  
  [32;1m✓[39;22m[90m [39m[90mcannot edit timeline in submitted for approval state[39m[90m                                                        [39m [90m0.16s[39m  
  [32;1m✓[39;22m[90m [39m[90mcan edit timeline in approved state[39m[90m                                                                         [39m [90m0.19s[39m  
  [32;1m✓[39;22m[90m [39m[90mcan edit timeline in rejected state[39m[90m                                                                         [39m [90m0.15s[39m  
  [32;1m✓[39;22m[90m [39m[90mcan edit timeline in setup state[39m[90m                                                                            [39m [90m0.14s[39m  
  [32;1m✓[39;22m[90m [39m[90mcannot edit timeline in voting active state[39m[90m                                                                 [39m [90m0.15s[39m  
  [31;1m⨯[39;22m[90m [39m[90mcannot edit timeline in counting state[39m[90m                                                                      [39m [90m0.18s[39m  
  [32;1m✓[39;22m[90m [39m[90mcannot edit timeline in results published state[39m[90m                                                             [39m [90m0.14s[39m  
  [32;1m✓[39;22m[90m [39m[90mcannot edit timeline in archived state[39m[90m                                                                      [39m [90m0.23s[39m  
  [31;1m⨯[39;22m[90m [39m[90mcapability transitions correctly through states[39m[90m                                                             [39m [90m0.31s[39m  

  [30;42;1m PASS [39;49;22m[39m Tests\Unit\Application\Election\Capabilities\CapabilityContextTrustFieldTest[39m
  [32;1m✓[39;22m[90m [39m[90mtrust field is nullable default null[39m[90m                                                                        [39m [90m0.01s[39m  
  [32;1m✓[39;22m[90m [39m[90mtrust field accepts evaluation envelope[39m[90m                                                                     [39m [90m0.01s[39m  
  [32;1m✓[39;22m[90m [39m[90mnon voting context has null trust[39m
  [32;1m✓[39;22m[90m [39m[90mvoting context carries full envelope[39m

  [30;42;1m PASS [39;49;22m[39m Tests\Unit\Application\Election\Capabilities\CapabilityDenialReasonD5Test[39m
  [32;1m✓[39;22m[90m [39m[90mtrust denied has correct string value[39m
  [32;1m✓[39;22m[90m [39m[90mconstitutional review pending has correct string value[39m
  [32;1m✓[39;22m[90m [39m[90mtrust evaluation inconclusive has correct string value[39m
  [32;1m✓[39;22m[90m [39m[90mno existing cases renamed[39m

  [30;42;1m PASS [39;49;22m[39m Tests\Unit\Application\Election\Capabilities\CapabilityPolicyLayerD5Test[39m
  [32;1m✓[39;22m[90m [39m[90mtrust layer has priority 2[39m
  [32;1m✓[39;22m[90m [39m[90moverlay layer remains priority 1[39m
  [32;1m✓[39;22m[90m [39m[90mlifecycle layer updated to priority 3[39m
  [32;1m✓[39;22m[90m [39m[90mlayer priority ordering is sequential[39m

  [30;42;1m PASS [39;49;22m[39m Tests\Unit\Application\Election\Capabilities\ElectionCapabilitySnapshotTrustFieldTest[39m
  [32;1m✓[39;22m[90m [39m[90mtrust field is nullable[39m
  [32;1m✓[39;22m[90m [39m[90mtrust snapshot is projection only[39m
  [32;1m✓[39;22m[90m [39m[90msnapshot trust populated after resolver evaluates voting action[39m

  [30;42;1m PASS [39;49;22m[39m Tests\Unit\Application\Election\Capabilities\Policies\EvidenceCapabilityPolicySimplifiedTest[39m
  [32;1m✓[39;22m[90m [39m[90mcontext stable with sufficient evidence abstains[39m
  [32;1m✓[39;22m[90m [39m[90mattestation present requires reverification[39m
  [32;1m✓[39;22m[90m [39m[90mevidence inconsistent with sufficient evidence abstains[39m
  [32;1m✓[39;22m[90m [39m[90minsufficient evidence prohibits[39m
  [32;1m✓[39;22m[90m [39m[90mreview required prohibits[39m
  [32;1m✓[39;22m[90m [39m[90minconclusive prohibits[39m
  [32;1m✓[39;22m[90m [39m[90mattestation present overrides inconclusive[39m
  [32;1m✓[39;22m[90m [39m[90mmultiple signals with attestation prohibits[39m
  [32;1m✓[39;22m[90m [39m[90mmultiple signals without attestation follows evaluation state[39m
  [32;1m✓[39;22m[90m [39m[90msignal permutation invariance attestation ordering[39m
  [32;1m✓[39;22m[90m [39m[90msignal permutation invariance without attestation[39m
  [32;1m✓[39;22m[90m [39m[90mno simplified overlay falls back[39m
  [32;1m✓[39;22m[90m [39m[90mresolver output is deterministic for prohibition[39m
  [32;1m✓[39;22m[90m [39m[90mresolver output is deterministic for abstention[39m
  [32;1m✓[39;22m[90m [39m[90mresolver is idempotent across context reconstructions[39m
  [32;1m✓[39;22m[90m [39m[90mmonotonicity adding stable signals cannot weaken prohibition[39m
  [32;1m✓[39;22m[90m [39m[90mmonotonicity adding inconsistent signals cannot weaken prohibition[39m
  [32;1m✓[39;22m[90m [39m[90mmonotonicity empty context is weakest possible state[39m

  [30;42;1m PASS [39;49;22m[39m Tests\Unit\Application\Election\Capabilities\Policies\TrustCapabilityPolicyTest[39m
  [32;1m✓[39;22m[90m [39m[90mpolicy layer returns trust priority[39m[90m                                                                         [39m [90m0.01s[39m  
                                    
  [30;42;1m PASS [39;49;22m[39m Tests\Unit\Application\Election\CapabilityContextTest[39m
  [32;1m✓[39;22m[90m [39m[90mcontext with all properties[39m[90m                                                                                 [39m [90m0.19s[39m  
  [32;1m✓[39;22m[90m [39m[90mcontext with null user[39m[90m                                                                                      [39m [90m0.16s[39m  
  [32;1m✓[39;22m[90m [39m[90mis system action[39m[90m                                                                                            [39m [90m0.15s[39m  
  [32;1m✓[39;22m[90m [39m[90mis system action false with multiple roles[39m[90m                                                                  [39m [90m0.18s[39m  
  [32;1m✓[39;22m[90m [39m[90mis user authenticated[39m[90m                                                                                       [39m [90m0.16s[39m  
  [32;1m✓[39;22m[90m [39m[90mis user not authenticated[39m[90m                                                                                   [39m [90m0.15s[39m  
  [32;1m✓[39;22m[90m [39m[90maction requires role[39m[90m                                                                                        [39m [90m0.25s[39m  
  [32;1m✓[39;22m[90m [39m[90maction requires role empty roles[39m[90m                                                                            [39m [90m0.16s[39m  
  [32;1m✓[39;22m[90m [39m[90mis action allowed in state with matching state[39m[90m                                                              [39m [90m0.15s[39m  
  [32;1m✓[39;22m[90m [39m[90mis action allowed in state with non matching state[39m[90m                                                          [39m [90m0.15s[39m  
  [32;1m✓[39;22m[90m [39m[90mis action allowed in state empty allowed states[39m[90m                                                             [39m [90m0.14s[39m  
  [32;1m✓[39;22m[90m [39m[90menum state value comparison[39m[90m                                                                                 [39m [90m0.16s[39m  

  [30;42;1m PASS [39;49;22m[39m Tests\Unit\Application\Election\CapabilityDecisionTest[39m
  [32;1m✓[39;22m[90m [39m[90mgrant creates allowed decision[39m[90m                                                                              [39m [90m0.01s[39m  
  [32;1m✓[39;22m[90m [39m[90mabstain creates allowed decision[39m
  [32;1m✓[39;22m[90m [39m[90mdeny with reason[39m
  [32;1m✓[39;22m[90m [39m[90mdeny with reason and detail[39m
  [32;1m✓[39;22m[90m [39m[90mdeny with custom severity[39m
  [32;1m✓[39;22m[90m [39m[90mdeny defaults to hard block severity[39m
  [32;1m✓[39;22m[90m [39m[90mgrant severity[39m
  [32;1m✓[39;22m[90m [39m[90mall denial reasons can be denied[39m
  [32;1m✓[39;22m[90m [39m[90mdecision is immutable[39m

  [30;42;1m PASS [39;49;22m[39m Tests\Unit\Application\Election\CapabilityDenialReasonTest[39m
  [32;1m✓[39;22m[90m [39m[90menum has all required cases[39m
  [32;1m✓[39;22m[90m [39m[90msuspended label[39m
  [32;1m✓[39;22m[90m [39m[90mmissing role label[39m
  [32;1m✓[39;22m[90m [39m[90minvalid lifecycle label[39m
  [32;1m✓[39;22m[90m [39m[90munmet precondition label[39m
  [32;1m✓[39;22m[90m [39m[90menum values are strings[39m
  [32;1m✓[39;22m[90m [39m[90msuspended value[39m
  [32;1m✓[39;22m[90m [39m[90mmissing role value[39m
  [32;1m✓[39;22m[90m [39m[90minvalid lifecycle value[39m
  [32;1m✓[39;22m[90m [39m[90munmet precondition value[39m
               
  [30;42;1m PASS [39;49;22m[39m Tests\Unit\Application\Election\CapabilityPolicyInterfaceTest[39m
  [32;1m✓[39;22m[90m [39m[90mpolicy can grant capability[39m[90m                                                                                 [39m [90m0.13s[39m  
  [32;1m✓[39;22m[90m [39m[90mpolicy can deny capability[39m[90m                                                                                  [39m [90m0.14s[39m  
  [32;1m✓[39;22m[90m [39m[90mpolicy can abstain[39m[90m                                                                                          [39m [90m0.20s[39m  
  [32;1m✓[39;22m[90m [39m[90mpolicy declares layer[39m[90m                                                                                       [39m [90m0.17s[39m  
  [32;1m✓[39;22m[90m [39m[90mmultiple policies can coexist[39m[90m                                                                               [39m [90m0.15s[39m  

  [39;41;1m FAIL [39;49;22m[39m Tests\Unit\Application\Election\CapabilityPolicyLayerTest[39m
  [32;1m✓[39;22m[90m [39m[90menum has all required cases[39m
  [32;1m✓[39;22m[90m [39m[90moverlay priority[39m
  [31;1m⨯[39;22m[90m [39m[90mlifecycle priority[39m
  [31;1m⨯[39;22m[90m [39m[90mpreconditions priority[39m
  [31;1m⨯[39;22m[90m [39m[90mauthorization priority[39m
  [32;1m✓[39;22m[90m [39m[90moverlay dominates other layers[39m[90m                                                                              [39m [90m0.03s[39m  
  [32;1m✓[39;22m[90m [39m[90moverlay label[39m
  [32;1m✓[39;22m[90m [39m[90mlifecycle label[39m
  [32;1m✓[39;22m[90m [39m[90mpreconditions label[39m
  [32;1m✓[39;22m[90m [39m[90mauthorization label[39m

  [30;42;1m PASS [39;49;22m[39m Tests\Unit\Application\Election\CapabilitySeverityTest[39m
  [32;1m✓[39;22m[90m [39m[90menum has all required cases[39m
  [32;1m✓[39;22m[90m [39m[90mhard block is blocking[39m
  [32;1m✓[39;22m[90m [39m[90mgovernance hold is blocking[39m
  [32;1m✓[39;22m[90m [39m[90mwarning is not blocking[39m
  [32;1m✓[39;22m[90m [39m[90madvisory is not blocking[39m
  [32;1m✓[39;22m[90m [39m[90mhard block label[39m
  [32;1m✓[39;22m[90m [39m[90mgovernance hold label[39m
  [32;1m✓[39;22m[90m [39m[90mwarning label[39m
  [32;1m✓[39;22m[90m [39m[90madvisory label[39m
  [32;1m✓[39;22m[90m [39m[90menum values are strings[39m

  [30;42;1m PASS [39;49;22m[39m Tests\Unit\Application\Election\CapabilityTraceEntryTest[39m
  [32;1m✓[39;22m[90m [39m[90mgranted creates entry with granted outcome[39m
  [32;1m✓[39;22m[90m [39m[90mabstained creates entry with abstained outcome[39m
  [32;1m✓[39;22m[90m [39m[90mdenied creates entry with denied outcome[39m
  [32;1m✓[39;22m[90m [39m[90mdenied without detail[39m
  [32;1m✓[39;22m[90m [39m[90mshort circuit outcome[39m
  [32;1m✓[39;22m[90m [39m[90mshort circuit requires denial reason[39m
  [32;1m✓[39;22m[90m [39m[90mvalid outcomes[39m

  [30;42;1m PASS [39;49;22m[39m Tests\Unit\Application\Election\CapabilityTraceTest[39m
  [32;1m✓[39;22m[90m [39m[90mempty trace[39m
  [32;1m✓[39;22m[90m [39m[90madd entry to trace[39m
  [32;1m✓[39;22m[90m [39m[90mtrace is immutable[39m
  [32;1m✓[39;22m[90m [39m[90madd multiple entries[39m
  [32;1m✓[39;22m[90m [39m[90mhas denials[39m
  [32;1m✓[39;22m[90m [39m[90mdenials returns only denied entries[39m
  [32;1m✓[39;22m[90m [39m[90mfirst denial[39m
  [32;1m✓[39;22m[90m [39m[90mfirst denial returns null when no denials[39m
  [32;1m✓[39;22m[90m [39m[90mpolicy names[39m
  [32;1m✓[39;22m[90m [39m[90mempty trace policy names[39m

  [39;41;1m FAIL [39;49;22m[39m Tests\Unit\Application\Election\ConstitutionalDriftMonitorTest[39m
  [32;1m✓[39;22m[90m [39m[90mssot violation event is json serializable[39m[90m                                                                   [39m [90m0.01s[39m  
  [31;1m⨯[39;22m[90m [39m[90mdrift monitor logs to constitutional integrity channel[39m[90m                                                      [39m [90m0.05s[39m  
  [31;1m⨯[39;22m[90m [39m[90mdrift monitor does not throw on record[39m
  [31;1m⨯[39;22m[90m [39m[90mdrift monitor logs violation type and layer[39m
      
  [30;42;1m PASS [39;49;22m[39m Tests\Unit\Application\Election\ConstitutionalTransitionGuardPreconditionsTest[39m
  [32;1m✓[39;22m[90m [39m[90mcomplete administration preconditions use cached columns[39m[90m                                                    [39m [90m0.22s[39m  
  [32;1m✓[39;22m[90m [39m[90mhas committee members checks correct table[39m[90m                                                                  [39m [90m0.19s[39m  
                                       
  [39;41;1m FAIL [39;49;22m[39m Tests\Unit\Application\Election\ConstitutionalTransitionGuardTest[39m
  [32;1m✓[39;22m[90m [39m[90mguard allows action if state is allowed[39m[90m                                                                     [39m [90m0.24s[39m  
  [32;1m✓[39;22m[90m [39m[90mguard throws if state not allowed[39m[90m                                                                           [39m [90m0.16s[39m  
  [32;1m✓[39;22m[90m [39m[90mguard throws if action undefined[39m[90m                                                                            [39m [90m0.17s[39m  
  [32;1m✓[39;22m[90m [39m[90mguard verifies user role[39m[90m                                                                                    [39m [90m0.21s[39m  
  [32;1m✓[39;22m[90m [39m[90monly chief can open voting[39m[90m                                                                                  [39m [90m0.18s[39m  
  [32;1m✓[39;22m[90m [39m[90mchief and deputy can administer[39m[90m                                                                             [39m [90m0.12s[39m  
  [32;1m✓[39;22m[90m [39m[90mguard is injectable[39m[90m                                                                                         [39m [90m0.14s[39m  
  [31;1m⨯[39;22m[90m [39m[90mguard validates preconditions[39m[90m                                                                               [39m [90m0.13s[39m  
  [32;1m✓[39;22m[90m [39m[90msystem actions allowed without authenticated user[39m[90m                                                           [39m [90m0.14s[39m  
  [32;1m✓[39;22m[90m [39m[90msuspend is allowed from voting active[39m[90m                                                                       [39m [90m0.22s[39m  
  [32;1m✓[39;22m[90m [39m[90msuspend is not allowed from archived[39m[90m                                                                        [39m [90m0.24s[39m  
  [32;1m✓[39;22m[90m [39m[90mresume is allowed from suspended[39m[90m                                                                            [39m [90m0.19s[39m  
  [32;1m✓[39;22m[90m [39m[90mresume is not allowed from draft[39m[90m                                                                            [39m [90m0.19s[39m  
                     
  [39;41;1m FAIL [39;49;22m[39m Tests\Unit\Application\Election\DeprecationAccessGuardTest[39m
  [31;1m⨯[39;22m[90m [39m[90mguard logs warning for deprecated field access[39m[90m                                                              [39m [90m0.17s[39m  
  [31;1m⨯[39;22m[90m [39m[90mguard throws for strict deprecated field[39m[90m                                                                    [39m [90m0.13s[39m  
  [32;1m✓[39;22m[90m [39m[90mguard allows non deprecated fields[39m[90m                                                                          [39m [90m0.13s[39m  
  [31;1m⨯[39;22m[90m [39m[90mguard includes replacement in error[39m[90m                                                                         [39m [90m0.14s[39m  
  [31;1m⨯[39;22m[90m [39m[90mguard audit only mode logs without throwing[39m[90m                                                                 [39m [90m0.17s[39m  
  [32;1m✓[39;22m[90m [39m[90mguard is injectable[39m[90m                                                                                         [39m [90m0.32s[39m  
  [32;1m✓[39;22m[90m [39m[90mpolicy defines deprecated fields[39m[90m                                                                            [39m [90m0.22s[39m  
            
  [30;43;1m WARN [39;49;22m[39m Tests\Unit\Application\Election\DriftMonitorIntegrationTest[39m
  [32;1m✓[39;22m[90m [39m[90mdeprecation access guard fires to drift monitor on violation[39m[90m                                                [39m [90m1.59s[39m  
  [32;1m✓[39;22m[90m [39m[90mquery policy guard fires to drift monitor on violation[39m[90m                                                      [39m [90m0.17s[39m  
  [32;1m✓[39;22m[90m [39m[90mdrift monitor receives correct layer from access guard[39m[90m                                                      [39m [90m0.31s[39m  
  [33;1m![39;22m[90m [39m[90mguards with no monitor still pass[39m[90m [39m[33m→ This test did not perform any assertions[39m[90m                                [39m [90m0.22s[39m  

  [30;42;1m PASS [39;49;22m[39m Tests\Unit\Application\Election\ElectionCapabilityEntryTest[39m
  [32;1m✓[39;22m[90m [39m[90mallowed entry[39m[90m                                                                                               [39m [90m0.01s[39m  
  [32;1m✓[39;22m[90m [39m[90mallowed entry without role[39m
  [32;1m✓[39;22m[90m [39m[90mdenied entry[39m
  [32;1m✓[39;22m[90m [39m[90mdenied entry without detail[39m
  [32;1m✓[39;22m[90m [39m[90mdenied defaults to hard block[39m
  [32;1m✓[39;22m[90m [39m[90mdenied with all reasons[39m
  [32;1m✓[39;22m[90m [39m[90mentry is immutable[39m
  [32;1m✓[39;22m[90m [39m[90mdenied entry with multiple severity levels[39m
                        
  [39;41;1m FAIL [39;49;22m[39m Tests\Unit\Application\Election\ElectionCapabilityResolverTrustIntegrationTest[39m
  [32;1m✓[39;22m[90m [39m[90mresolver with no trust in context allows voting[39m[90m                                                             [39m [90m0.33s[39m  
  [31;1m⨯[39;22m[90m [39m[90mresolver denies when trust policy returns constitutional review pending[39m[90m                                     [39m [90m0.26s[39m  
  [31;1m⨯[39;22m[90m [39m[90mresolver denies when trust policy returns trust evaluation inconclusive[39m[90m                                     [39m [90m0.26s[39m  
  [31;1m⨯[39;22m[90m [39m[90mresolver denies when result not trusted[39m[90m                                                                     [39m [90m0.18s[39m  
  [31;1m⨯[39;22m[90m [39m[90mresolver allows vote when trust passes[39m[90m                                                                      [39m [90m0.20s[39m  
  [31;1m⨯[39;22m[90m [39m[90mtrust policy runs before lifecycle policy[39m[90m                                                                   [39m [90m0.24s[39m  
  [31;1m⨯[39;22m[90m [39m[90moverlay policy runs before trust policy[39m[90m                                                                     [39m [90m0.16s[39m  
  [31;1m⨯[39;22m[90m [39m[90mpolicies evaluated in priority order[39m[90m                                                                        [39m [90m0.14s[39m  

  [30;42;1m PASS [39;49;22m[39m Tests\Unit\Application\Election\ElectionCapabilitySnapshotTest[39m
  [32;1m✓[39;22m[90m [39m[90msnapshot with all properties[39m[90m                                                                                [39m [90m0.01s[39m  
  [32;1m✓[39;22m[90m [39m[90mcan check capability[39m
  [32;1m✓[39;22m[90m [39m[90mdenial reason returns null for allowed[39m
  [32;1m✓[39;22m[90m [39m[90mdenial reason returns reason for denied[39m
  [32;1m✓[39;22m[90m [39m[90mdenial reason returns null for nonexistent[39m
  [32;1m✓[39;22m[90m [39m[90msuspension flag[39m
  [32;1m✓[39;22m[90m [39m[90mempty snapshot[39m
  [32;1m✓[39;22m[90m [39m[90msnapshot is immutable[39m
  [32;1m✓[39;22m[90m [39m[90mtrace methods[39m
  [32;1m✓[39;22m[90m [39m[90mdenial detail method[39m
  [32;1m✓[39;22m[90m [39m[90mdenial detail returns null when allowed[39m
            
  [30;42;1m PASS [39;49;22m[39m Tests\Unit\Application\Election\ElectionLifecycleContractTest[39m
  [32;1m✓[39;22m[90m [39m[90mcontract is bound in service container[39m[90m                                                                      [39m [90m0.15s[39m  
  [32;1m✓[39;22m[90m [39m[90mcontract resolves to factory instance[39m[90m                                                                       [39m [90m0.14s[39m  
  [32;1m✓[39;22m[90m [39m[90mcontract of returns lifecycle instance[39m[90m                                                                      [39m [90m0.15s[39m  
  [32;1m✓[39;22m[90m [39m[90mcontract of lifecycle can vote returns bool[39m[90m                                                                 [39m [90m0.16s[39m  
                                                         
  [39;41;1m FAIL [39;49;22m[39m Tests\Unit\Application\Election\ElectionLifecycleFacadeTest[39m
  [32;1m✓[39;22m[90m [39m[90mfacade wraps election and provides snapshot[39m[90m                                                                 [39m [90m0.17s[39m  
  [32;1m✓[39;22m[90m [39m[90mfacade returns current state[39m[90m                                                                                [39m [90m0.15s[39m  
  [32;1m✓[39;22m[90m [39m[90mfacade accepts pre computed snapshot[39m[90m                                                                        [39m [90m0.14s[39m  
  [32;1m✓[39;22m[90m [39m[90mfacade can vote delegates to snapshot[39m[90m                                                                       [39m [90m0.16s[39m  
  [32;1m✓[39;22m[90m [39m[90mfacade can edit delegates to snapshot[39m[90m                                                                       [39m [90m0.14s[39m  
  [32;1m✓[39;22m[90m [39m[90mfacade can manage voters delegates to snapshot[39m[90m                                                              [39m [90m0.16s[39m  
  [32;1m✓[39;22m[90m [39m[90mfacade can publish results delegates to snapshot[39m[90m                                                            [39m [90m0.15s[39m  
  [32;1m✓[39;22m[90m [39m[90mfacade exposes is terminal[39m[90m                                                                                  [39m [90m0.16s[39m  
  [32;1m✓[39;22m[90m [39m[90mfacade exposes is in setup[39m[90m                                                                                  [39m [90m0.15s[39m  
  [32;1m✓[39;22m[90m [39m[90mfacade exposes is voting phase[39m[90m                                                                              [39m [90m0.17s[39m  
  [32;1m✓[39;22m[90m [39m[90mfacade exposes is locked[39m[90m                                                                                    [39m [90m0.17s[39m  
  [32;1m✓[39;22m[90m [39m[90mfacade exposes blocked reason[39m[90m                                                                               [39m [90m0.14s[39m  
  [32;1m✓[39;22m[90m [39m[90mfacade exposes allowed actions[39m[90m                                                                              [39m [90m0.15s[39m  
  [32;1m✓[39;22m[90m [39m[90mfacade exposes is action allowed[39m[90m                                                                            [39m [90m0.15s[39m  
  [31;1m⨯[39;22m[90m [39m[90mfacade preserves can transition to for backward compatibility[39m[90m                                               [39m [90m0.16s[39m  
  [31;1m⨯[39;22m[90m [39m[90mfacade guards queries against deprecated fields[39m[90m                                                             [39m [90m0.23s[39m  
  [32;1m✓[39;22m[90m [39m[90mfacade allows non deprecated field queries[39m[90m                                                                  [39m [90m0.16s[39m  
  [32;1m✓[39;22m[90m [39m[90mfacade exposes election passthrough[39m[90m                                                                         [39m [90m0.15s[39m  
  [32;1m✓[39;22m[90m [39m[90mfacade can be used in type hints[39m[90m                                                                            [39m [90m0.16s[39m  
               
  [39;41;1m FAIL [39;49;22m[39m Tests\Unit\Application\Election\ElectionReadModelTest[39m
  [31;1m⨯[39;22m[90m [39m[90mreading status through wrapper logs deprecation[39m[90m                                                             [39m [90m0.20s[39m  
  [31;1m⨯[39;22m[90m [39m[90mreading is active in strict mode throws[39m[90m                                                                     [39m [90m0.16s[39m  
  [31;1m⨯[39;22m[90m [39m[90mssot path does not trigger deprecation[39m[90m                                                                      [39m [90m0.26s[39m  
  [31;1m⨯[39;22m[90m [39m[90mread model is single entry point[39m[90m                                                                            [39m [90m0.32s[39m  
  [31;1m⨯[39;22m[90m [39m[90mread model can wrap any election[39m[90m                                                                            [39m [90m0.20s[39m  
                        
  [30;42;1m PASS [39;49;22m[39m Tests\Unit\Application\Election\LifecycleCapabilityBaselinePolicyTest[39m
  [32;1m✓[39;22m[90m [39m[90mpolicy declares lifecycle layer[39m[90m                                                                             [39m [90m0.16s[39m  
  [32;1m✓[39;22m[90m [39m[90mgrants when action allowed in state[39m[90m                                                                         [39m [90m0.14s[39m  
  [32;1m✓[39;22m[90m [39m[90mdenies when action not allowed in state[39m[90m                                                                     [39m [90m0.17s[39m  
  [32;1m✓[39;22m[90m [39m[90mdenies when no allowed states defined[39m[90m                                                                       [39m [90m0.16s[39m  
  [32;1m✓[39;22m[90m [39m[90mpure lifecycle only ignores role[39m[90m                                                                            [39m [90m0.38s[39m  
  [32;1m✓[39;22m[90m [39m[90mpure lifecycle only ignores preconditions[39m[90m                                                                   [39m [90m0.14s[39m  
  [32;1m✓[39;22m[90m [39m[90mgrants for all allowed states[39m[90m                                                                               [39m [90m0.12s[39m  
  [32;1m✓[39;22m[90m [39m[90mbaseline policy never abstains[39m[90m                                                                              [39m [90m0.15s[39m  
                     
  [30;42;1m PASS [39;49;22m[39m Tests\Unit\Application\Election\OrchestrationInvariantTest[39m
  [32;1m✓[39;22m[90m [39m[90moverlay short circuits lifecycle for suspended election[39m[90m                                                     [39m [90m0.16s[39m  
  [32;1m✓[39;22m[90m [39m[90mlifecycle grant cannot override overlay denial[39m[90m                                                              [39m [90m0.16s[39m  
  [32;1m✓[39;22m[90m [39m[90mtrace preserves termination order[39m[90m                                                                           [39m [90m0.15s[39m  
  [32;1m✓[39;22m[90m [39m[90mdownstream policies skipped after short circuit[39m[90m                                                             [39m [90m0.15s[39m  
  [32;1m✓[39;22m[90m [39m[90moverlay allows resume even when suspended[39m[90m                                                                   [39m [90m0.26s[39m  
  [32;1m✓[39;22m[90m [39m[90mresolver returns decision with complete trace[39m[90m                                                               [39m [90m0.14s[39m  
  [32;1m✓[39;22m[90m [39m[90msuspended election not affecting unsuspended[39m[90m                                                                [39m [90m0.17s[39m  
                     
  [30;42;1m PASS [39;49;22m[39m Tests\Unit\Application\Election\OverlayCapabilityPolicyTest[39m
  [32;1m✓[39;22m[90m [39m[90mpolicy declares overlay layer[39m[90m                                                                               [39m [90m0.24s[39m  
  [32;1m✓[39;22m[90m [39m[90mdenies with suspended outcome when election suspended[39m[90m                                                       [39m [90m0.13s[39m  
  [32;1m✓[39;22m[90m [39m[90mabstrains when election not suspended[39m[90m                                                                       [39m [90m0.12s[39m  
  [32;1m✓[39;22m[90m [39m[90mallows resume even when suspended[39m[90m                                                                           [39m [90m0.15s[39m  
  [32;1m✓[39;22m[90m [39m[90mdenies all actions except resume when suspended[39m[90m                                                             [39m [90m0.14s[39m  
  [32;1m✓[39;22m[90m [39m[90mabstains for all actions when not suspended[39m[90m                                                                 [39m [90m0.13s[39m  
  [32;1m✓[39;22m[90m [39m[90moverlay policy never grants[39m[90m                                                                                 [39m [90m0.13s[39m  
                     
  [39;41;1m FAIL [39;49;22m[39m Tests\Unit\Application\Election\QueryPolicyGuardTest[39m
  [32;1m✓[39;22m[90m [39m[90mguard allows non deprecated field queries[39m[90m                                                                   [39m [90m0.12s[39m  
  [31;1m⨯[39;22m[90m [39m[90mguard throws when deprecated field in query[39m[90m                                                                 [39m [90m0.14s[39m  
  [31;1m⨯[39;22m[90m [39m[90mguard throws for is active queries[39m[90m                                                                          [39m [90m0.14s[39m  
  [31;1m⨯[39;22m[90m [39m[90mguard includes context in exception[39m[90m                                                                         [39m [90m0.13s[39m  
  [31;1m⨯[39;22m[90m [39m[90mguard validates multiple query criteria[39m[90m                                                                     [39m [90m0.15s[39m  
  [32;1m✓[39;22m[90m [39m[90mguard is injectable[39m[90m                                                                                         [39m [90m0.25s[39m  
  [31;1m⨯[39;22m[90m [39m[90mguard logs deprecated query attempts[39m[90m                                                                        [39m [90m0.21s[39m  
               
  [30;43;1m WARN [39;49;22m[39m Tests\Unit\Application\Election\Security\CanonicalizationEquivalenceTest[39m
  [32;1m✓[39;22m[90m [39m[90msame raw ip same election always same hash[39m[90m                                                                  [39m [90m0.17s[39m  
  [32;1m✓[39;22m[90m [39m[90mdifferent elections same ip produce different hashes[39m[90m                                                        [39m [90m0.17s[39m  
  [32;1m✓[39;22m[90m [39m[90mcanonical hash determines continuity observation[39m[90m                                                            [39m [90m0.17s[39m  
  [33;1m-[39;22m[90m [39m[90mcanonicalization resilient to whitespace variation[39m[90m [39m[33m→ IP normalization gap: whitespace not trimmed before ha[39m[90m…[39m [90m0.18s[39m  
  [32;1m✓[39;22m[90m [39m[90mcanonicalization consistent for replay[39m[90m                                                                      [39m [90m1.18s[39m  

  [30;42;1m PASS [39;49;22m[39m Tests\Unit\Application\Election\Security\ConstitutionalTrustSnapshotTest[39m
  [32;1m✓[39;22m[90m [39m[90msnapshot is readonly[39m
  [32;1m✓[39;22m[90m [39m[90msplit authorization protocol flags[39m
  [32;1m✓[39;22m[90m [39m[90mdenial reason populated[39m
  [32;1m✓[39;22m[90m [39m[90mtrust provenance contains policy outcomes[39m
  [32;1m✓[39;22m[90m [39m[90msnapshot no behavior methods[39m

  [30;42;1m PASS [39;49;22m[39m Tests\Unit\Application\Election\Security\IpEvidenceDeterminismTest[39m
  [32;1m✓[39;22m[90m [39m[90msovereign outcome deterministic identical evidence set[39m[90m                                                      [39m [90m0.01s[39m  
  [32;1m✓[39;22m[90m [39m[90msovereign outcome deterministic reasoning preserved[39m
  [32;1m✓[39;22m[90m [39m[90msovereign outcome deterministic policy sequence preserved[39m
  [32;1m✓[39;22m[90m [39m[90mnetwork continuity deterministic regardless of evaluation context[39m
  [32;1m✓[39;22m[90m [39m[90mparticipation density deterministic at boundary[39m
  [32;1m✓[39;22m[90m [39m[90mnetwork hash deterministic same election[39m
  [32;1m✓[39;22m[90m [39m[90mnetwork hash different across elections[39m
  [32;1m✓[39;22m[90m [39m[90mconstitutional evidence snapshot immutable[39m
  [32;1m✓[39;22m[90m [39m[90mvote count frozen at evaluation time[39m
  [32;1m✓[39;22m[90m [39m[90mevaluation timestamp immutable[39m[90m                                                                              [39m [90m1.01s[39m  
                           
  [30;42;1m PASS [39;49;22m[39m Tests\Unit\Application\Election\Security\IpEvidenceLegacyEquivalenceTest[39m
  [32;1m✓[39;22m[90m [39m[90mlegacy ip mismatch equals evidence continuity inconsistent[39m[90m                                                  [39m [90m0.15s[39m  
  [32;1m✓[39;22m[90m [39m[90mlegacy ip match equals evidence continuity stable[39m[90m                                                           [39m [90m0.25s[39m  
  [32;1m✓[39;22m[90m [39m[90mlegacy ip frequency limit equals evidence density threshold[39m[90m                                                 [39m [90m0.27s[39m  
  [32;1m✓[39;22m[90m [39m[90mlegacy ip within limit equals evidence density allowed[39m[90m                                                      [39m [90m0.15s[39m  
  [32;1m✓[39;22m[90m [39m[90mlegacy boundary one below threshold equals evidence[39m[90m                                                         [39m [90m0.15s[39m  
  [32;1m✓[39;22m[90m [39m[90mlegacy boundary at exact threshold equals evidence[39m[90m                                                          [39m [90m0.14s[39m  
  [32;1m✓[39;22m[90m [39m[90mlegacy combined ip mismatch and frequency exceeds[39m[90m                                                           [39m [90m0.26s[39m  
  [32;1m✓[39;22m[90m [39m[90mlegacy ip match but frequency exceeds[39m[90m                                                                       [39m [90m0.15s[39m  
  [32;1m✓[39;22m[90m [39m[90mlegacy no constraints active[39m[90m                                                                                [39m [90m0.14s[39m  

  [30;43;1m WARN [39;49;22m[39m Tests\Unit\Application\Election\Security\IpEvidenceTopologyEquivalenceTest[39m
  [33;1m…[39;22m[90m [39m[90mtopology atomic assembly yields same outcome[39m[90m [39m[33m→ 4.1 — Atomic evidence assembly (all at once)[39m
  [33;1m…[39;22m[90m [39m[90mtopology incremental assembly yields same outcome[39m[90m [39m[33m→ 4.2 — Incremental assembly must yield identical outcome to atomic[39m
  [33;1m…[39;22m[90m [39m[90mtopology partition reconstruction network evidence[39m[90m [39m[33m→ 4.3 — Network evidence can be reconstructed from partitions[39m
  [33;1m…[39;22m[90m [39m[90mtopology partition reconstruction continuity evidence[39m[90m [39m[33m→ 4.4 — Continuity evidence can be reconstructed from partition[39m
  [33;1m…[39;22m[90m [39m[90mtopology multi partition network and verification[39m[90m [39m[33m→ 4.5 — Multiple partitions: network + verification[39m
  [33;1m…[39;22m[90m [39m[90mtopology arbitrary partition order[39m[90m [39m[33m→ 4.6 — Arbitrary partition order should not affect outcome[39m
  [33;1m…[39;22m[90m [39m[90mtopology single evaluation vs batch[39m[90m [39m[33m→ 4.7 — Single evaluation equals outcome from batch evaluation[39m
  [33;1m…[39;22m[90m [39m[90mtopology federation parallel evaluations[39m[90m [39m[33m→ 4.8 — Parallel evaluation topology (federation simulation)[39m
  [33;1m…[39;22m[90m [39m[90mtopology reason code consistent atomic[39m[90m [39m[33m→ 4.9 — Reason code identical across atomic evaluations[39m
  [33;1m…[39;22m[90m [39m[90mtopology policy sequence identical across topologies[39m[90m [39m[33m→ 4.10 — Policy outcome sequence identical regardless of topology[39m

  [30;42;1m PASS [39;49;22m[39m Tests\Unit\Application\Election\Security\OverlayAggregatorConstitutionalTest[39m
  [32;1m✓[39;22m[90m [39m[90maggregate returns constitutional observation context[39m[90m                                                        [39m [90m0.01s[39m  
  [32;1m✓[39;22m[90m [39m[90maggregate does not rank or weight signals[39m
  [32;1m✓[39;22m[90m [39m[90mempty overlay list returns empty context[39m
  [32;1m✓[39;22m[90m [39m[90mcontext is passive collection not ranking engine[39m

  [30;42;1m PASS [39;49;22m[39m Tests\Unit\Application\Election\Security\OverlayAggregatorTest[39m
  [32;1m✓[39;22m[90m [39m[90mno overlays returns no influence[39m
  [32;1m✓[39;22m[90m [39m[90moverlays aggregate signals[39m
  [32;1m✓[39;22m[90m [39m[90moverlay never mutates context facts[39m

  [30;42;1m PASS [39;49;22m[39m Tests\Unit\Application\Election\Security\OverlayRegistryTest[39m
  [32;1m✓[39;22m[90m [39m[90mregistry holds definitions not instances[39m
  [32;1m✓[39;22m[90m [39m[90mdefinitions ordered by stratification[39m
  [32;1m✓[39;22m[90m [39m[90mfind by identifier returns correct definition[39m
  [32;1m✓[39;22m[90m [39m[90mfind by identifier returns null for nonexistent[39m
  [32;1m✓[39;22m[90m [39m[90mall overlay classes exist in definitions[39m

  [30;42;1m PASS [39;49;22m[39m Tests\Unit\Application\Election\Security\Overlays\DeviceAnomalyOverlayTest[39m
  [32;1m✓[39;22m[90m [39m[90mreports stable when device stable[39m
  [32;1m✓[39;22m[90m [39m[90mreports attestation when device becomes volatile[39m
  [32;1m✓[39;22m[90m [39m[90midentifier matches registry[39m
            
  [30;42;1m PASS [39;49;22m[39m Tests\Unit\Application\Election\Security\Overlays\EmergencyConditionOverlayTest[39m
  [32;1m✓[39;22m[90m [39m[90mreports stable when overlay inactive[39m[90m                                                                        [39m [90m0.16s[39m  
  [32;1m✓[39;22m[90m [39m[90mreports evidence inconsistent when overlay active[39m[90m                                                           [39m [90m0.16s[39m  
  [32;1m✓[39;22m[90m [39m[90mevaluate never mutates context[39m[90m                                                                              [39m [90m0.19s[39m  
  [32;1m✓[39;22m[90m [39m[90midentifier matches registry[39m[90m                                                                                 [39m [90m0.18s[39m  
                     
  [30;42;1m PASS [39;49;22m[39m Tests\Unit\Application\Election\Security\Overlays\IpVelocityOverlayTest[39m
  [32;1m✓[39;22m[90m [39m[90mreports stable when velocity normal[39m[90m                                                                         [39m [90m0.16s[39m  
  [32;1m✓[39;22m[90m [39m[90mreports attestation when velocity threshold exceeded[39m[90m                                                        [39m [90m0.32s[39m  
  [32;1m✓[39;22m[90m [39m[90mreports stable when events outside aggregation window[39m[90m                                                       [39m [90m0.17s[39m  
  [32;1m✓[39;22m[90m [39m[90midentifier matches registry[39m[90m                                                                                 [39m [90m0.15s[39m  
  [32;1m✓[39;22m[90m [39m[90mvelocity breach simplified emits evidence inconsistent not attestation[39m[90m                                      [39m [90m0.15s[39m  
  [32;1m✓[39;22m[90m [39m[90mvelocity within limit simplified emits context stable[39m[90m                                                       [39m [90m0.16s[39m  
  [32;1m✓[39;22m[90m [39m[90mvelocity signal is observational not procedural[39m[90m                                                             [39m [90m0.16s[39m  
                        
  [30;42;1m PASS [39;49;22m[39m Tests\Unit\Application\Election\Security\Overlays\NetworkContinuityObservationTest[39m
  [32;1m✓[39;22m[90m [39m[90mnetwork continuity matched emits context stable[39m[90m                                                             [39m [90m0.28s[39m  
  [32;1m✓[39;22m[90m [39m[90mnetwork continuity mismatched emits evidence inconsistent[39m[90m                                                   [39m [90m0.15s[39m  
  [32;1m✓[39;22m[90m [39m[90mnetwork continuity no constraint emits context stable[39m[90m                                                       [39m [90m0.14s[39m  
  [32;1m✓[39;22m[90m [39m[90mnetwork continuity respects binding strategy none[39m[90m                                                           [39m [90m0.15s[39m  
  [32;1m✓[39;22m[90m [39m[90mnetwork continuity respects binding strategy strict[39m[90m                                                         [39m [90m0.14s[39m  
  [32;1m✓[39;22m[90m [39m[90mnetwork continuity preserves evidence context[39m[90m                                                               [39m [90m0.21s[39m  
  [32;1m✓[39;22m[90m [39m[90mnetwork continuity constitutional basis documented[39m[90m                                                          [39m [90m0.16s[39m  
  [32;1m✓[39;22m[90m [39m[90mnetwork continuity identifier registered[39m[90m                                                                    [39m [90m0.12s[39m  
         
  [30;42;1m PASS [39;49;22m[39m Tests\Unit\Application\Election\Security\Overlays\OverlayOrderingNeutralityTest[39m
  [32;1m✓[39;22m[90m [39m[90moverlay order network first density second identical to reverse[39m[90m                                             [39m [90m0.16s[39m  
  [32;1m✓[39;22m[90m [39m[90moverlay stable ordering is order independent[39m[90m                                                                [39m [90m0.16s[39m  
  [32;1m✓[39;22m[90m [39m[90moverlay coordinator aggregates order neutral[39m[90m                                                                [39m [90m0.26s[39m  
                              
  [30;42;1m PASS [39;49;22m[39m Tests\Unit\Application\Election\Security\Overlays\ParticipationDensityObservationTest[39m
  [32;1m✓[39;22m[90m [39m[90mparticipation density within threshold emits context stable[39m[90m                                                 [39m [90m0.15s[39m  
  [32;1m✓[39;22m[90m [39m[90mparticipation density equals threshold emits evidence inconsistent[39m[90m                                          [39m [90m0.15s[39m  
  [32;1m✓[39;22m[90m [39m[90mparticipation density exceeds threshold emits evidence inconsistent[39m[90m                                         [39m [90m0.27s[39m  
  [32;1m✓[39;22m[90m [39m[90mparticipation density boundary below threshold[39m[90m                                                              [39m [90m0.17s[39m  
  [32;1m✓[39;22m[90m [39m[90mparticipation density boundary at threshold[39m[90m                                                                 [39m [90m0.26s[39m  
  [32;1m✓[39;22m[90m [39m[90mparticipation density disabled emits context stable[39m[90m                                                         [39m [90m0.15s[39m  
  [32;1m✓[39;22m[90m [39m[90mparticipation density zero votes stable[39m[90m                                                                     [39m [90m0.15s[39m  
  [32;1m✓[39;22m[90m [39m[90mparticipation density preserves vote count evidence[39m[90m                                                         [39m [90m0.14s[39m  
  [32;1m✓[39;22m[90m [39m[90mparticipation density constitutional basis documents constraint[39m[90m                                             [39m [90m0.27s[39m  
  [32;1m✓[39;22m[90m [39m[90mparticipation density identifier registered[39m[90m                                                                 [39m [90m0.25s[39m  
               
  [30;42;1m PASS [39;49;22m[39m Tests\Unit\Application\Election\Security\Overlays\RegistrarAttestationElevationTest[39m
  [32;1m✓[39;22m[90m [39m[90mreports no constitutional concern when no registrar present[39m[90m                                                 [39m [90m0.15s[39m  
  [32;1m✓[39;22m[90m [39m[90mreports evidence inconsistent when registrar attested[39m[90m                                                       [39m [90m0.14s[39m  
  [32;1m✓[39;22m[90m [39m[90mreports stable when attestation unsatisfied[39m[90m                                                                 [39m [90m0.27s[39m  
  [32;1m✓[39;22m[90m [39m[90mreports stable when attestation revoked[39m[90m                                                                     [39m [90m0.14s[39m  
  [32;1m✓[39;22m[90m [39m[90midentifier matches registry[39m[90m                                                                                 [39m [90m0.14s[39m  
            
  [30;42;1m PASS [39;49;22m[39m Tests\Unit\Application\Election\Security\Overlays\SuspiciousActivityOverlayTest[39m
  [32;1m✓[39;22m[90m [39m[90mreports stable when activity normal[39m[90m                                                                         [39m [90m0.19s[39m  
  [32;1m✓[39;22m[90m [39m[90mreports attestation when suspicious activity detected[39m[90m                                                       [39m [90m0.19s[39m  
  [32;1m✓[39;22m[90m [39m[90mevaluate never mutates context[39m[90m                                                                              [39m [90m0.13s[39m  
  [32;1m✓[39;22m[90m [39m[90midentifier matches registry[39m[90m                                                                                 [39m [90m0.13s[39m  

  [30;42;1m PASS [39;49;22m[39m Tests\Unit\Application\Election\Security\Policies\DeviceBindingPolicyTest[39m
  [32;1m✓[39;22m[90m [39m[90mreports no concern when fingerprint not required[39m[90m                                                            [39m [90m0.01s[39m  
  [32;1m✓[39;22m[90m [39m[90mreports no concern when fingerprint exact match[39m
  [32;1m✓[39;22m[90m [39m[90mreports concern when no match and required[39m
  [32;1m✓[39;22m[90m [39m[90mreports no concern when no match but not required[39m

  [30;42;1m PASS [39;49;22m[39m Tests\Unit\Application\Election\Security\Policies\NetworkBindingPolicyTest[39m
  [32;1m✓[39;22m[90m [39m[90mreports no concern when restriction disabled[39m
  [32;1m✓[39;22m[90m [39m[90mreports no concern when ip whitelisted[39m
  [32;1m✓[39;22m[90m [39m[90mreports concern when unverified exceeds half limit[39m
  [32;1m✓[39;22m[90m [39m[90mreports no concern when attested within full limit[39m
  [32;1m✓[39;22m[90m [39m[90mreports no concern when registrar attested within 2x limit[39m
  [32;1m✓[39;22m[90m [39m[90mreports concern when registrar attested exceeds 2x limit[39m
  [32;1m✓[39;22m[90m [39m[90msupporting facts include vote count[39m

  [30;42;1m PASS [39;49;22m[39m Tests\Unit\Application\Election\Security\Policies\PolicyPurityTest[39m
  [32;1m✓[39;22m[90m [39m[90mverification policy returns constitutional finding[39m
  [32;1m✓[39;22m[90m [39m[90mverification policy no authority vocabulary[39m
  [32;1m✓[39;22m[90m [39m[90mpolicies implement constitutional policy interface[39m
  [32;1m✓[39;22m[90m [39m[90mpolicies declare identifier[39m
  [32;1m✓[39;22m[90m [39m[90mpolicies declare dependencies[39m
  [32;1m✓[39;22m[90m [39m[90mnetwork policy no constructor dependencies on resolver[39m
  [32;1m✓[39;22m[90m [39m[90mdevice policy no constructor dependencies on resolver[39m
  [32;1m✓[39;22m[90m [39m[90mverification policy no constructor dependencies on resolver[39m
  [32;1m✓[39;22m[90m [39m[90mnetwork policy evaluation is deterministic[39m
  [32;1m✓[39;22m[90m [39m[90mno policy returns voting trust result[39m
  [32;1m✓[39;22m[90m [39m[90mpolicy findings have minimal concern levels[39m

  [30;42;1m PASS [39;49;22m[39m Tests\Unit\Application\Election\Security\Policies\VerificationAttestationPolicyTest[39m
  [32;1m✓[39;22m[90m [39m[90mreports critical concern when not satisfied and required[39m
  [32;1m✓[39;22m[90m [39m[90mreports no concern when satisfied with registrar[39m
  [32;1m✓[39;22m[90m [39m[90mreports no concern when satisfied without registrar[39m
  [32;1m✓[39;22m[90m [39m[90mreports no concern when not required and not attested[39m
  [32;1m✓[39;22m[90m [39m[90mreports critical concern when attestation revoked[39m
  [32;1m✓[39;22m[90m [39m[90mfinding includes policy identifier[39m
  [32;1m✓[39;22m[90m [39m[90mpolicies do not call each other[39m

  [30;42;1m PASS [39;49;22m[39m Tests\Unit\Application\Election\Security\PolicySequenceTest[39m
  [32;1m✓[39;22m[90m [39m[90mall policies pass returns allow[39m
  [32;1m✓[39;22m[90m [39m[90mverification denial short circuits network and device[39m
  [32;1m✓[39;22m[90m [39m[90mtrust level from verification flows to network policy[39m
  [32;1m✓[39;22m[90m [39m[90mall three policy outcomes present when all pass[39m
  [32;1m✓[39;22m[90m [39m[90mdevice denial returns device reason[39m
               
  [39;41;1m FAIL [39;49;22m[39m Tests\Unit\Application\Election\Security\SecurityEventRecorderTest[39m
  [31;1m⨯[39;22m[90m [39m[90mdeny result always recorded[39m[90m                                                                                 [39m [90m0.16s[39m  
  [32;1m✓[39;22m[90m [39m[90mrecorder returns void[39m[90m                                                                                       [39m [90m0.13s[39m  
  [32;1m✓[39;22m[90m [39m[90mrecorder failure does not change trust result[39m[90m                                                               [39m [90m0.15s[39m  
  [31;1m⨯[39;22m[90m [39m[90mrecorded event has recorded at timestamp[39m[90m                                                                    [39m [90m0.20s[39m  
  [31;1m⨯[39;22m[90m [39m[90mevent preserves policy evaluation sequence[39m[90m                                                                  [39m [90m0.31s[39m  

  [30;42;1m PASS [39;49;22m[39m Tests\Unit\Application\Election\Security\Simplified\ConstitutionalEvidenceSnapshotTest[39m
  [32;1m✓[39;22m[90m [39m[90msnapshot frozen at construction[39m
  [32;1m✓[39;22m[90m [39m[90msame input produces same hash[39m
  [32;1m✓[39;22m[90m [39m[90msnapshot is readonly[39m
  [32;1m✓[39;22m[90m [39m[90mhas no behavioral methods[39m

  [30;42;1m PASS [39;49;22m[39m Tests\Unit\Application\Election\Security\Simplified\ConstitutionalPolicyTest[39m
  [32;1m✓[39;22m[90m [39m[90minterface requires evaluate method[39m
  [32;1m✓[39;22m[90m [39m[90minterface has only one method[39m

  [30;42;1m PASS [39;49;22m[39m Tests\Unit\Application\Election\Security\Simplified\DeviceBindingPolicyTest[39m
  [32;1m✓[39;22m[90m [39m[90mpasses when strategy none[39m
  [32;1m✓[39;22m[90m [39m[90mfingerprint required and exact match[39m
  [32;1m✓[39;22m[90m [39m[90mfingerprint required and no match[39m
  [32;1m✓[39;22m[90m [39m[90mnot required null fp passes[39m
  [32;1m✓[39;22m[90m [39m[90mreturns policy finding not authority[39m[90m                                                                        [39m [90m0.03s[39m  
  [32;1m✓[39;22m[90m [39m[90msupporting facts contain device details[39m

  [30;42;1m PASS [39;49;22m[39m Tests\Unit\Application\Election\Security\Simplified\NetworkBindingPolicyTest[39m
  [32;1m✓[39;22m[90m [39m[90mpasses when strategy none[39m[90m                                                                                   [39m [90m0.01s[39m  
  [32;1m✓[39;22m[90m [39m[90mip count within base limit[39m
  [32;1m✓[39;22m[90m [39m[90mip count exceeds base limit[39m
  [32;1m✓[39;22m[90m [39m[90mip strict current ip matches[39m
  [32;1m✓[39;22m[90m [39m[90mip strict current ip mismatch[39m
  [32;1m✓[39;22m[90m [39m[90mreturns policy finding not authority[39m
  [32;1m✓[39;22m[90m [39m[90mno threshold math in policy[39m

  [30;42;1m PASS [39;49;22m[39m Tests\Unit\Application\Election\Security\Simplified\PolicyFindingTest[39m
  [32;1m✓[39;22m[90m [39m[90mconstructs with all properties[39m
  [32;1m✓[39;22m[90m [39m[90mcan represent failure[39m
  [32;1m✓[39;22m[90m [39m[90mis readonly[39m
  [32;1m✓[39;22m[90m [39m[90mhas no behavioral methods[39m

  [30;42;1m PASS [39;49;22m[39m Tests\Unit\Application\Election\Security\Simplified\PolicyPurityTest[39m
  [32;1m✓[39;22m[90m [39m[90mpolicies do not import eloquent[39m[90m                                                                             [39m [90m0.06s[39m  
  [32;1m✓[39;22m[90m [39m[90mpolicies do not use authority methods[39m
  [32;1m✓[39;22m[90m [39m[90mpolicies have unique identifiers[39m
  [32;1m✓[39;22m[90m [39m[90mall policies implement constitutional policy[39m
  [32;1m✓[39;22m[90m [39m[90mpolicies do not return boolean or trust level[39m
  [32;1m✓[39;22m[90m [39m[90mpolicy file name matches class[39m

  [30;42;1m PASS [39;49;22m[39m Tests\Unit\Application\Election\Security\Simplified\SimplifiedPolicySequenceTest[39m
  [32;1m✓[39;22m[90m [39m[90mall pass returns sufficient evidence[39m
  [32;1m✓[39;22m[90m [39m[90mverification failure with all policies evaluated[39m
  [32;1m✓[39;22m[90m [39m[90mnetwork failure all policies still evaluated[39m
  [32;1m✓[39;22m[90m [39m[90mdevice failure reported[39m
  [32;1m✓[39;22m[90m [39m[90mpolicy outcome sequence preserves order[39m
  [32;1m✓[39;22m[90m [39m[90mtrust level is placeholder unverified[39m
  [32;1m✓[39;22m[90m [39m[90mnetwork strategy none passes[39m
  [32;1m✓[39;22m[90m [39m[90mreplay determinism[39m
  [32;1m✓[39;22m[90m [39m[90mfailure reason is evaluation reason code enum[39m
  [32;1m✓[39;22m[90m [39m[90mmultiple failures use appropriate reason code[39m

  [30;42;1m PASS [39;49;22m[39m Tests\Unit\Application\Election\Security\Simplified\SimplifiedTrustChainIntegrationTest[39m
  [32;1m✓[39;22m[90m [39m[90mfull chain abstains when all evidence valid[39m[90m                                                                 [39m [90m0.01s[39m  
  [32;1m✓[39;22m[90m [39m[90mfull chain prohibits when verification fails[39m
  [32;1m✓[39;22m[90m [39m[90mchain output is deterministic for identical snapshots[39m
  [32;1m✓[39;22m[90m [39m[90mchain with attestation signal prohibits[39m

  [30;42;1m PASS [39;49;22m[39m Tests\Unit\Application\Election\Security\Simplified\VerificationPolicyTest[39m
  [32;1m✓[39;22m[90m [39m[90mpasses when not required[39m
  [32;1m✓[39;22m[90m [39m[90mpasses when attested[39m
  [32;1m✓[39;22m[90m [39m[90mfails when required and not attested[39m
  [32;1m✓[39;22m[90m [39m[90mreturns policy finding not trust level[39m
  [32;1m✓[39;22m[90m [39m[90mno authority vocabulary in output[39m
  [32;1m✓[39;22m[90m [39m[90msupporting facts contain verification details[39m
         
  [30;42;1m PASS [39;49;22m[39m Tests\Unit\Application\Election\Security\SovereignEquivalenceTest[39m
  [32;1m✓[39;22m[90m [39m[90mnetwork binding policy denies insufficient evidence for mismatched ip[39m[90m                                       [39m [90m0.18s[39m  
  [32;1m✓[39;22m[90m [39m[90mnetwork binding policy allows when ips match[39m[90m                                                                [39m [90m0.33s[39m  
  [32;1m✓[39;22m[90m [39m[90msovereign equivalence proof complete[39m[90m                                                                        [39m [90m0.25s[39m  

  [30;42;1m PASS [39;49;22m[39m Tests\Unit\Application\Election\Security\SovereigntyBoundaryTest[39m
  [32;1m✓[39;22m[90m [39m[90mpolicies never allow or deny[39m
  [32;1m✓[39;22m[90m [39m[90moverlays never return authority types[39m
  [32;1m✓[39;22m[90m [39m[90msimplified policies never reference capability[39m
  [32;1m✓[39;22m[90m [39m[90msimplified policies never reference evaluation state[39m
  [32;1m✓[39;22m[90m [39m[90moverlay signal never references evaluation state[39m
  [32;1m✓[39;22m[90m [39m[90mpolicy finding has no trust level[39m
  [32;1m✓[39;22m[90m [39m[90msimplified policies have minimal public api[39m
  [32;1m✓[39;22m[90m [39m[90mdomain never imports application[39m
  [32;1m✓[39;22m[90m [39m[90msecurity domain never imports illuminate[39m[90m                                                                    [39m [90m0.04s[39m  
  [32;1m✓[39;22m[90m [39m[90msimplified policies never import eloquent[39m

  [30;42;1m PASS [39;49;22m[39m Tests\Unit\Application\Election\Security\TrustCapabilityContextTest[39m
  [32;1m✓[39;22m[90m [39m[90mcurrent trust level delegates to attestation[39m[90m                                                                [39m [90m0.01s[39m  
  [32;1m✓[39;22m[90m [39m[90mcurrent trust level unverified when not attested[39m
  [32;1m✓[39;22m[90m [39m[90mcontinuity preserved delegates to session[39m
  [32;1m✓[39;22m[90m [39m[90mcontinuity not preserved when ip changed[39m
  [32;1m✓[39;22m[90m [39m[90mcontext has no authority deriving methods[39m
         
  [30;42;1m PASS [39;49;22m[39m Tests\Unit\Application\Election\Security\TrustPolicyEvaluatorD4Test[39m
  [32;1m✓[39;22m[90m [39m[90mevaluate with overlays always runs policies[39m[90m                                                                 [39m [90m0.21s[39m  
  [32;1m✓[39;22m[90m [39m[90mevaluate returns voting trust result only[39m[90m                                                                   [39m [90m0.17s[39m  
  [32;1m✓[39;22m[90m [39m[90mevaluate hashes raw ip before use[39m[90m                                                                           [39m [90m0.15s[39m  
               
  [30;42;1m PASS [39;49;22m[39m Tests\Unit\Application\Election\Security\TrustPolicyEvaluatorTest[39m
  [32;1m✓[39;22m[90m [39m[90mevaluator returns voting trust result[39m[90m                                                                       [39m [90m0.19s[39m  
  [32;1m✓[39;22m[90m [39m[90mevaluator never returns capability array[39m[90m                                                                    [39m [90m0.16s[39m  
  [32;1m✓[39;22m[90m [39m[90mfull allow path[39m[90m                                                                                             [39m [90m0.13s[39m  
  [32;1m✓[39;22m[90m [39m[90mreturns only voting trust result[39m[90m                                                                            [39m [90m0.26s[39m  
  [32;1m✓[39;22m[90m [39m[90munverified context when no attestation required[39m[90m                                                             [39m [90m0.15s[39m  

  [30;42;1m PASS [39;49;22m[39m Tests\Unit\Application\Election\Security\TrustSnapshotAssemblerTest[39m
  [32;1m✓[39;22m[90m [39m[90massembles snapshot from allow result[39m
  [32;1m✓[39;22m[90m [39m[90massembles snapshot from deny result[39m
  [32;1m✓[39;22m[90m [39m[90mattestation valid from context[39m
  [32;1m✓[39;22m[90m [39m[90mrequires view token for dual code[39m

  [30;42;1m PASS [39;49;22m[39m Tests\Unit\Application\Election\VoterVerification\VoterVerificationPolicyTest[39m
  [32;1m✓[39;22m[90m [39m[90mpolicy layers at preconditions[39m
  [32;1m✓[39;22m[90m [39m[90mabstains when not required[39m
  [32;1m✓[39;22m[90m [39m[90mabstains when required and complete[39m
  [32;1m✓[39;22m[90m [39m[90mdenies when required and incomplete[39m
  [32;1m✓[39;22m[90m [39m[90mdoes not authorize participation[39m
  [32;1m✓[39;22m[90m [39m[90mabstains when no session data[39m
      
  [30;42;1m PASS [39;49;22m[39m Tests\Unit\Application\Election\VotersPreconditionTest[39m
  [32;1m✓[39;22m[90m [39m[90mhas voters precondition checks voters table not memberships[39m[90m                                                 [39m [90m0.26s[39m  
  [32;1m✓[39;22m[90m [39m[90mhas voters precondition fails when no voters exist[39m[90m                                                          [39m [90m0.18s[39m  

  [30;42;1m PASS [39;49;22m[39m Tests\Unit\Application\GeoReferenceBuilderTest[39m
  [32;1m✓[39;22m[90m [39m[90mbuild composite from valid selections[39m[90m                                                                       [39m [90m0.01s[39m  
  [32;1m✓[39;22m[90m [39m[90mbuild legacy when only country and geo provided[39m
  [32;1m✓[39;22m[90m [39m[90mthrows when required region missing[39m
  [32;1m✓[39;22m[90m [39m[90mthrows when required country missing[39m
  [32;1m✓[39;22m[90m [39m[90mbuild accepts partial for optional levels[39m
  [32;1m✓[39;22m[90m [39m[90mbuilt reference to string matches expected[39m

  [30;42;1m PASS [39;49;22m[39m Tests\Unit\Application\GeoReferenceParserTest[39m
  [32;1m✓[39;22m[90m [39m[90mparse legacy format returns correct geo reference[39m
  [32;1m✓[39;22m[90m [39m[90mparse composite format returns correct geo reference[39m
  [32;1m✓[39;22m[90m [39m[90mparse detects format by colon presence[39m
  [32;1m✓[39;22m[90m [39m[90mparse throws on empty string[39m
  [32;1m✓[39;22m[90m [39m[90mparse throws on malformed segment[39m

  [30;42;1m PASS [39;49;22m[39m Tests\Unit\Application\Locale\DetectLocaleUseCaseTest[39m
  [32;1m✓[39;22m[90m [39m[90morg language overrides geo detected language[39m[90m                                                                [39m [90m0.07s[39m  
  [32;1m✓[39;22m[90m [39m[90mgeo detected language used when no org language[39m
  [32;1m✓[39;22m[90m [39m[90munsupported language falls back to english[39m
  [32;1m✓[39;22m[90m [39m[90morg language overrides unsupported geo detected[39m
  [32;1m✓[39;22m[90m [39m[90mbrowser accept language header used for private ip[39m[90m                                                          [39m [90m0.03s[39m  
  [32;1m✓[39;22m[90m [39m[90munsupported browser language falls back to english[39m
  [32;1m✓[39;22m[90m [39m[90mnepali org language is respected[39m
  [32;1m✓[39;22m[90m [39m[90mgerman speaking countries map to de[39m[90m                                                                         [39m [90m0.02s[39m  
  [32;1m✓[39;22m[90m [39m[90mnepali country maps to np[39m
         
  [39;41;1m FAIL [39;49;22m[39m Tests\Unit\Application\TransactionalBoundaryTest[39m
  [31;1m⨯[39;22m[90m [39m[90mtransactional decorator executes use case inside transaction[39m[90m                                                [39m [90m0.30s[39m  
  [31;1m⨯[39;22m[90m [39m[90mtransaction rolls back on use case exception[39m[90m                                                                [39m [90m0.18s[39m  
  [31;1m⨯[39;22m[90m [39m[90mdecorator ensures transactional execution with state transitions[39m[90m                                            [39m [90m0.21s[39m  
                        
  [30;42;1m PASS [39;49;22m[39m Tests\Unit\Audit\ExecutionSequenceAuditTest[39m
  [32;1m✓[39;22m[90m [39m[90mmiddleware stack enforces identity not participation[39m[90m                                                        [39m [90m0.28s[39m  
  [32;1m✓[39;22m[90m [39m[90mform request authorize restricts identity only[39m[90m                                                              [39m [90m0.19s[39m  
  [32;1m✓[39;22m[90m [39m[90mmodel observers do not derive voting authority[39m[90m                                                              [39m [90m0.26s[39m  
  [32;1m✓[39;22m[90m [39m[90mdistinguishes legitimate early returns from authority bypasses[39m[90m                                              [39m [90m0.38s[39m  
  [32;1m✓[39;22m[90m [39m[90mcontroller evaluates capability before business logic[39m[90m                                                       [39m [90m0.26s[39m  
  [32;1m✓[39;22m[90m [39m[90mblade templates read snapshot capabilities not inline authority[39m[90m                                             [39m [90m0.29s[39m  
  [32;1m✓[39;22m[90m [39m[90mgates do not check voting participation capability[39m[90m                                                          [39m [90m0.23s[39m  
  [32;1m✓[39;22m[90m [39m[90mevent listeners do not derive voting authority[39m[90m                                                              [39m [90m0.32s[39m  
               
  [30;42;1m PASS [39;49;22m[39m Tests\Unit\Audit\MathematicalReproducibilityAuditTest[39m
  [32;1m✓[39;22m[90m [39m[90mtrust elevation thresholds are integer deterministic[39m[90m                                                        [39m [90m0.15s[39m  
  [32;1m✓[39;22m[90m [39m[90mno floating point threshold operations[39m[90m                                                                      [39m [90m0.18s[39m  
  [32;1m✓[39;22m[90m [39m[90msame evidence always produces same threshold values[39m[90m                                                         [39m [90m0.19s[39m  
  [32;1m✓[39;22m[90m [39m[90mtrust elevation respects integer boundaries[39m[90m                                                                 [39m [90m0.15s[39m  
  [32;1m✓[39;22m[90m [39m[90mthreshold values are positive integers[39m[90m                                                                      [39m [90m0.16s[39m  
                        
  [39;41;1m FAIL [39;49;22m[39m Tests\Unit\Audit\ReplayDeterminismAuditTest[39m
  [32;1m✓[39;22m[90m [39m[90msame snapshot produces identical trust evaluation state[39m[90m                                                     [39m [90m0.20s[39m  
  [32;1m✓[39;22m[90m [39m[90mpolicy sequence maintains deterministic evaluation order[39m[90m                                                    [39m [90m0.31s[39m  
  [32;1m✓[39;22m[90m [39m[90mtrust elevation uses deterministic integer math[39m[90m                                                             [39m [90m0.15s[39m  
  [31;1m⨯[39;22m[90m [39m[90moverlay aggregation maintains deterministic ordering[39m[90m                                                        [39m [90m0.26s[39m  
  [31;1m⨯[39;22m[90m [39m[90mresolver produces deterministic capability decisions[39m[90m                                                        [39m [90m0.21s[39m  
  [32;1m✓[39;22m[90m [39m[90mtemporal side effects do not affect determinism[39m[90m                                                             [39m [90m0.17s[39m  
  [32;1m✓[39;22m[90m [39m[90mpolicy sequence order is consistent across runs[39m[90m                                                             [39m [90m0.14s[39m  
  [31;1m⨯[39;22m[90m [39m[90moverlay sequence order is consistent across runs[39m[90m                                                            [39m [90m0.16s[39m  
                              
  [30;42;1m PASS [39;49;22m[39m Tests\Unit\Audit\SemanticRegressionAuditTest[39m
  [32;1m✓[39;22m[90m [39m[90mdomain application layers exclude forbidden vocabulary[39m[90m                                                      [39m [90m0.23s[39m  
  [32;1m✓[39;22m[90m [39m[90mpolicy classes implement evaluate method[39m[90m                                                                    [39m [90m0.25s[39m  
  [32;1m✓[39;22m[90m [39m[90moverlay classes return overlay signal type[39m[90m                                                                  [39m [90m0.28s[39m  
  [32;1m✓[39;22m[90m [39m[90mresolver uses evaluate terminology[39m[90m                                                                          [39m [90m0.27s[39m  
  [32;1m✓[39;22m[90m [39m[90mtrust vocabulary uses enum types[39m[90m                                                                            [39m [90m0.17s[39m  
  [32;1m✓[39;22m[90m [39m[90mform request authorize restricts identity not voting[39m[90m                                                        [39m [90m0.16s[39m  
  [32;1m✓[39;22m[90m [39m[90mblade templates read snapshot not inline authority[39m[90m                                                          [39m [90m0.28s[39m  
  [32;1m✓[39;22m[90m [39m[90mno forbidden vocabulary in critical files[39m[90m                                                                   [39m [90m0.16s[39m  
  [32;1m✓[39;22m[90m [39m[90mvoting trust result uses evaluation state enum[39m[90m                                                              [39m [90m0.15s[39m  
  [32;1m✓[39;22m[90m [39m[90mcapability denial uses typed reason enum[39m[90m                                                                    [39m [90m0.15s[39m  
            
  [39;41;1m FAIL [39;49;22m[39m Tests\Unit\Audit\TemporalDeterminismAuditTest[39m
  [31;1m⨯[39;22m[90m [39m[90mfrozen clock produces identical timestamps on replay[39m[90m                                                        [39m [90m0.20s[39m  
  [31;1m⨯[39;22m[90m [39m[90mtrust evaluation code excludes direct temporal access[39m[90m                                                       [39m [90m0.15s[39m  
  [32;1m✓[39;22m[90m [39m[90msecurity event recorder has injected clock[39m[90m                                                                  [39m [90m0.15s[39m  
  [32;1m✓[39;22m[90m [39m[90mclock interface returns immutable datetime[39m[90m                                                                  [39m [90m0.28s[39m  
               
  [30;42;1m PASS [39;49;22m[39m Tests\Unit\Committee\Application\GetCommitteeDashboardTest[39m
  [32;1m✓[39;22m[90m [39m[90mexecute returns dto with members[39m[90m                                                                            [39m [90m0.36s[39m  
  [32;1m✓[39;22m[90m [39m[90mexecute calls adapter not eloquent directly[39m[90m                                                                 [39m [90m0.27s[39m  
  [32;1m✓[39;22m[90m [39m[90mexecute throws when committee not found[39m[90m                                                                     [39m [90m0.16s[39m  
  [32;1m✓[39;22m[90m [39m[90mdto toarray returns correct structure[39m[90m                                                                       [39m [90m0.20s[39m  
  [32;1m✓[39;22m[90m [39m[90mdto serialization has no eloquent leakage[39m[90m                                                                   [39m [90m0.27s[39m  

  [30;42;1m PASS [39;49;22m[39m Tests\Unit\Committee\ReadModel\CommitteeMemberViewTest[39m
  [32;1m✓[39;22m[90m [39m[90mimmutable readonly properties[39m
  [32;1m✓[39;22m[90m [39m[90moptional fields default to null[39m
  [32;1m✓[39;22m[90m [39m[90mstatus key follows translation pattern[39m[90m                                                                      [39m [90m0.03s[39m  
  [32;1m✓[39;22m[90m [39m[90mrole key follows translation pattern[39m
  [32;1m✓[39;22m[90m [39m[90mno framework dependencies[39m
  [32;1m✓[39;22m[90m [39m[90mjoined at is datetimeimmutable[39m
  [32;1m✓[39;22m[90m [39m[90mclass is readonly[39m
  [32;1m✓[39;22m[90m [39m[90mcontract immutability guarantee[39m

  [30;42;1m PASS [39;49;22m[39m Tests\Unit\Console\Commands\GovernanceRebuildProjectionsTest[39m
  [32;1m✓[39;22m[90m [39m[90mhas correct signature[39m
  [32;1m✓[39;22m[90m [39m[90maccepts tenant option[39m
  [32;1m✓[39;22m[90m [39m[90maccepts force option[39m
  [32;1m✓[39;22m[90m [39m[90maccepts dry run option[39m
                     
  [30;42;1m PASS [39;49;22m[39m Tests\Unit\Console\Commands\SovereigntyConvergenceReportTest[39m
  [32;1m✓[39;22m[90m [39m[90mit reports no divergences when store is empty[39m[90m                                                               [39m [90m0.43s[39m  
  [32;1m✓[39;22m[90m [39m[90mit reports divergences when they exist[39m[90m                                                                      [39m [90m0.22s[39m  
  [32;1m✓[39;22m[90m [39m[90mit reports convergence when no leaks[39m[90m                                                                        [39m [90m0.32s[39m  
  [32;1m✓[39;22m[90m [39m[90mit outputs json when requested[39m[90m                                                                              [39m [90m0.16s[39m  
  [32;1m✓[39;22m[90m [39m[90mit never determines retirement safety automatically[39m[90m                                                         [39m [90m0.16s[39m  
  [32;1m✓[39;22m[90m [39m[90mit masks ip addresses for display[39m[90m                                                                           [39m [90m0.19s[39m  
  [32;1m✓[39;22m[90m [39m[90mit respects since filter[39m[90m                                                                                    [39m [90m0.19s[39m  
               
  [30;42;1m PASS [39;49;22m[39m Tests\Unit\Constitutional\Election\SSOTArchitectureInvariantsTest[39m
  [32;1m✓[39;22m[90m [39m[90mno migrated controller queries election with is active column[39m[90m                                               [39m [90m0.15s[39m  
  [32;1m✓[39;22m[90m [39m[90mno migrated controller reads election status directly[39m[90m                                                       [39m [90m0.25s[39m  
  [32;1m✓[39;22m[90m [39m[90mall migrated controllers import lifecycle facade[39m[90m                                                            [39m [90m0.15s[39m  
  [32;1m✓[39;22m[90m [39m[90mno controller injects lifecycle engine directly[39m[90m                                                             [39m [90m0.37s[39m  
  [32;1m✓[39;22m[90m [39m[90mdeprecation policy guards only known deprecated fields[39m[90m                                                      [39m [90m0.14s[39m  

  [30;42;1m PASS [39;49;22m[39m Tests\Unit\Constitutional\Membership\AcceptMemberTest[39m
  [32;1m✓[39;22m[90m [39m[90mcommittee accepts member into constitutional relationship[39m[90m                                                   [39m [90m0.01s[39m  
  [32;1m✓[39;22m[90m [39m[90meach constitutional relationship has permanent identity[39m
  [32;1m✓[39;22m[90m [39m[90mconstitutional relationship records its origin[39m

  [30;42;1m PASS [39;49;22m[39m Tests\Unit\Constitutional\Membership\AggregateBoundaryEnforcementTest[39m
  [32;1m✓[39;22m[90m [39m[90monly lineage can establish initial episode[39m[90m                                                                  [39m [90m0.01s[39m  
  [32;1m✓[39;22m[90m [39m[90mepisodes are immutable once added[39m
  [32;1m✓[39;22m[90m [39m[90msuspend transition only through aggregate method[39m
  [32;1m✓[39;22m[90m [39m[90mrestore transition only through aggregate method[39m
  [32;1m✓[39;22m[90m [39m[90mterminate is truly terminal[39m
  [32;1m✓[39;22m[90m [39m[90mreapply only available for terminated lineage[39m
  [32;1m✓[39;22m[90m [39m[90mhandler pattern is the only way to mutate[39m
               
  [30;42;1m PASS [39;49;22m[39m Tests\Unit\Constitutional\Membership\CommitteeIdPropagationTest[39m
  [32;1m✓[39;22m[90m [39m[90mrepository accepts legacy committee id and retrieves[39m[90m                                                        [39m [90m0.16s[39m  
  [32;1m✓[39;22m[90m [39m[90mmultiple committees with different legacy ids[39m[90m                                                               [39m [90m0.16s[39m  
  [32;1m✓[39;22m[90m [39m[90mrepository returns consistent id across multiple retrievals[39m[90m                                                 [39m [90m0.16s[39m  
  [32;1m✓[39;22m[90m [39m[90mbridge round trip maintains identity[39m[90m                                                                        [39m [90m0.13s[39m  
  [32;1m✓[39;22m[90m [39m[90mrepository exists method accepts legacy committee id[39m[90m                                                        [39m [90m0.15s[39m  

  [30;42;1m PASS [39;49;22m[39m Tests\Unit\Constitutional\Membership\LifecycleStateQueryTest[39m
  [32;1m✓[39;22m[90m [39m[90mactive lineage is active[39m
  [32;1m✓[39;22m[90m [39m[90mactive lineage is not suspended[39m
  [32;1m✓[39;22m[90m [39m[90mactive lineage is not terminated[39m
  [32;1m✓[39;22m[90m [39m[90mestablished lineage exists[39m
  [32;1m✓[39;22m[90m [39m[90msuspended lineage is suspended[39m
  [32;1m✓[39;22m[90m [39m[90msuspended lineage is not active[39m
  [32;1m✓[39;22m[90m [39m[90mterminated lineage is terminated[39m
  [32;1m✓[39;22m[90m [39m[90mrestored lineage is active again[39m
  [32;1m✓[39;22m[90m [39m[90mstatus mutual exclusivity exactly one true[39m

  [30;42;1m PASS [39;49;22m[39m Tests\Unit\Constitutional\Membership\MembershipLineageLifecycleTest[39m
  [32;1m✓[39;22m[90m [39m[90mactive membership can be suspended[39m
  [32;1m✓[39;22m[90m [39m[90msuspended membership can be restored[39m
  [32;1m✓[39;22m[90m [39m[90mactive membership can be terminated[39m
  [32;1m✓[39;22m[90m [39m[90msuspended membership can be terminated[39m
  [32;1m✓[39;22m[90m [39m[90mterminated membership cannot transition[39m
  [32;1m✓[39;22m[90m [39m[90mcannot restore active or terminated[39m
  [32;1m✓[39;22m[90m [39m[90mreapply creates new initial episode[39m
  [32;1m✓[39;22m[90m [39m[90mcannot reapply active or suspended[39m
  [32;1m✓[39;22m[90m [39m[90msuspend requires non empty reason[39m
  [32;1m✓[39;22m[90m [39m[90mfull lifecycle cycle[39m

  [30;42;1m PASS [39;49;22m[39m Tests\Unit\Constitutional\Membership\MembershipLineageTest[39m
  [32;1m✓[39;22m[90m [39m[90mlineage is established with initial episode[39m
  [32;1m✓[39;22m[90m [39m[90mlineage identity persists across lifecycle[39m
  [32;1m✓[39;22m[90m [39m[90mlineage can be reconstituted from episodes[39m
  [32;1m✓[39;22m[90m [39m[90mlineage current status reflects latest episode[39m
  [32;1m✓[39;22m[90m [39m[90monly terminated lineage can be reapplied[39m
  [32;1m✓[39;22m[90m [39m[90mlineage episodes form immutable history[39m

  [30;42;1m PASS [39;49;22m[39m Tests\Unit\Constitutional\Membership\MembershipTransitionPolicyTest[39m
  [32;1m✓[39;22m[90m [39m[90mit allows active to suspended[39m
  [32;1m✓[39;22m[90m [39m[90mit allows active to terminated[39m
  [32;1m✓[39;22m[90m [39m[90mit allows suspended to active[39m
  [32;1m✓[39;22m[90m [39m[90mit allows suspended to terminated[39m
  [32;1m✓[39;22m[90m [39m[90mit blocks terminated to active[39m
  [32;1m✓[39;22m[90m [39m[90mit blocks terminated to suspended[39m
  [32;1m✓[39;22m[90m [39m[90mit blocks active to active[39m
  [32;1m✓[39;22m[90m [39m[90mit rejects suspended without actor id[39m
  [32;1m✓[39;22m[90m [39m[90mit rejects suspended without reason[39m
  [32;1m✓[39;22m[90m [39m[90mit rejects suspended without timestamp[39m
  [32;1m✓[39;22m[90m [39m[90mit rejects terminated without actor id[39m
  [32;1m✓[39;22m[90m [39m[90mit rejects terminated without reason[39m
  [32;1m✓[39;22m[90m [39m[90mit rejects terminated without timestamp[39m
  [32;1m✓[39;22m[90m [39m[90mit accepts active with no audit fields[39m

  [30;42;1m PASS [39;49;22m[39m Tests\Unit\Constitutional\Membership\MutationResistance\AggregateConsistency\MembershipLineageConsistencyTest[39m
  [32;1m✓[39;22m[90m [39m[90mit prevents illegal status transition sequences[39m[90m                                                             [39m [90m0.01s[39m  
  [32;1m✓[39;22m[90m [39m[90mit prevents duplicate terminal status in episode chain[39m
  [32;1m✓[39;22m[90m [39m[90mit requires active status before suspension[39m
  [32;1m✓[39;22m[90m [39m[90mit prevents restoration from terminated status[39m
  [32;1m✓[39;22m[90m [39m[90mit detects impossible episode chain gaps[39m

  [30;42;1m PASS [39;49;22m[39m Tests\Unit\Constitutional\Membership\MutationResistance\ConstructorSafety\CommitteeAssociationConstructorSafetyTest[39m
  [32;1m✓[39;22m[90m [39m[90mit rejects construction of suspended without actor id[39m
  [32;1m✓[39;22m[90m [39m[90mit rejects construction of terminated without termination reason[39m
  [32;1m✓[39;22m[90m [39m[90mit prevents direct instantiation of invalid status combinations[39m
  [32;1m✓[39;22m[90m [39m[90mit rejects active status with unexpected audit fields[39m
  [32;1m✓[39;22m[90m [39m[90mit rejects transition without timestamp when status changes[39m

  [30;42;1m PASS [39;49;22m[39m Tests\Unit\Constitutional\Membership\MutationResistance\ConstructorSafety\MembershipLineageConstructorSafetyTest[39m
  [32;1m✓[39;22m[90m [39m[90mit rejects lineage reconstitution with impossible episode sequence[39m
  [32;1m✓[39;22m[90m [39m[90mit rejects establishment with invalid initial episode[39m
  [32;1m✓[39;22m[90m [39m[90mit prevents lineage creation with empty episodes[39m

  [30;42;1m PASS [39;49;22m[39m Tests\Unit\Constitutional\Membership\MutationResistance\EventIntegrity\MembershipEventEmissionTest[39m
  [32;1m✓[39;22m[90m [39m[90mit guarantees exactly one membership suspended event per suspension[39m
  [32;1m✓[39;22m[90m [39m[90mit prevents duplicate event emission on single transition[39m
  [32;1m✓[39;22m[90m [39m[90mit guarantees exactly one membership restored event per restoration[39m
  [32;1m✓[39;22m[90m [39m[90mit guarantees exactly one membership terminated event per termination[39m
  [32;1m✓[39;22m[90m [39m[90mit requires complete event payload on suspension[39m

  [30;42;1m PASS [39;49;22m[39m Tests\Unit\Constitutional\Membership\MutationResistance\EventIntegrity\MembershipEventOrderingTest[39m
  [32;1m✓[39;22m[90m [39m[90mit guarantees event dispatch after persistence completes[39m
  [32;1m✓[39;22m[90m [39m[90mit preserves event ordering across multiple transitions[39m
  [32;1m✓[39;22m[90m [39m[90mit guarantees replay events match persistence order[39m

  [30;42;1m PASS [39;49;22m[39m Tests\Unit\Constitutional\Membership\MutationResistance\HydrationIntegrity\EventReplayIntegrityTest[39m
  [32;1m✓[39;22m[90m [39m[90mit guarantees replay result equals database snapshot[39m
  [32;1m✓[39;22m[90m [39m[90mit detects missing events in replay stream[39m
  [32;1m✓[39;22m[90m [39m[90mit prevents double application of duplicate events[39m
  [32;1m✓[39;22m[90m [39m[90mit guarantees deterministic replay regardless of ordering[39m

  [30;42;1m PASS [39;49;22m[39m Tests\Unit\Constitutional\Membership\MutationResistance\HydrationIntegrity\MembershipHydrationIntegrityTest[39m
  [32;1m✓[39;22m[90m [39m[90mit rejects hydration of suspended without actor id[39m[90m                                                          [39m [90m0.02s[39m  
  [32;1m✓[39;22m[90m [39m[90mit rejects hydration of terminated without reason[39m
  [32;1m✓[39;22m[90m [39m[90mit prevents partial episode reconstruction from database[39m
  [32;1m✓[39;22m[90m [39m[90mit detects impossible episode chains during hydration[39m

  [30;42;1m PASS [39;49;22m[39m Tests\Unit\Constitutional\Membership\MutationResistance\Immutability\CommitteeAssociationImmutabilityTest[39m
  [32;1m✓[39;22m[90m [39m[90mit guarantees suspend returns new instance not original[39m
  [32;1m✓[39;22m[90m [39m[90mit preserves immutability original unchanged after transition[39m
  [32;1m✓[39;22m[90m [39m[90mit prevents external modification of episode reference[39m
  [32;1m✓[39;22m[90m [39m[90mit prevents mutation through episodes collection reference[39m

  [30;42;1m PASS [39;49;22m[39m Tests\Unit\Constitutional\Membership\MutationResistance\Immutability\MembershipLineageImmutabilityTest[39m
  [32;1m✓[39;22m[90m [39m[90mit prevents direct array mutation of episodes[39m
  [32;1m✓[39;22m[90m [39m[90mit guarantees lineage snapshot immutability[39m

  [30;42;1m PASS [39;49;22m[39m Tests\Unit\Constitutional\Membership\Query\EligibleCommitteeQueryServiceTest[39m
  [32;1m✓[39;22m[90m [39m[90mcentral committee eligible for member with no geo path[39m[90m                                                      [39m [90m0.03s[39m  
  [32;1m✓[39;22m[90m [39m[90mcentral committee eligible for member with geo path[39m
  [32;1m✓[39;22m[90m [39m[90mgeographic committee eligible when member path matches[39m
  [32;1m✓[39;22m[90m [39m[90mgeographic committee ineligible when member path does not match[39m
  [32;1m✓[39;22m[90m [39m[90mmember with empty geo path ineligible for geographic committee[39m
  [32;1m✓[39;22m[90m [39m[90minactive committee excluded from results[39m
  [32;1m✓[39;22m[90m [39m[90mdissolved committee excluded from results[39m
  [32;1m✓[39;22m[90m [39m[90meligible committee with active association has flag true[39m
  [32;1m✓[39;22m[90m [39m[90meligible committee without association has flag false[39m
  [32;1m✓[39;22m[90m [39m[90meligible committee with pending application has flag true[39m[90m                                                   [39m [90m0.04s[39m  
  [32;1m✓[39;22m[90m [39m[90meligible committee without pending application has flag false[39m
  [32;1m✓[39;22m[90m [39m[90mno committees returns empty array[39m
  [32;1m✓[39;22m[90m [39m[90mall ineligible committees returns empty array[39m
  [32;1m✓[39;22m[90m [39m[90mresults sorted by governance level ascending[39m
  [32;1m✓[39;22m[90m [39m[90mresults sorted by name when levels equal[39m

  [30;42;1m PASS [39;49;22m[39m Tests\Unit\Constitutional\Membership\ReapplyMembershipTest[39m
  [32;1m✓[39;22m[90m [39m[90mterminated member can reapply creating new constitutional relationship[39m[90m                                      [39m [90m0.01s[39m  
  [32;1m✓[39;22m[90m [39m[90mreapplication is separate from restoration[39m
  [32;1m✓[39;22m[90m [39m[90mreapplication preserves institutional history[39m
  [32;1m✓[39;22m[90m [39m[90mreapplied active membership grants governance rights[39m

  [30;42;1m PASS [39;49;22m[39m Tests\Unit\Constitutional\Membership\RestoreMembershipTest[39m
  [32;1m✓[39;22m[90m [39m[90msuspended membership can be restored to active[39m
  [32;1m✓[39;22m[90m [39m[90mrestored membership grants full governance rights[39m
  [32;1m✓[39;22m[90m [39m[90mrestoration is only valid from suspended state[39m

  [30;42;1m PASS [39;49;22m[39m Tests\Unit\Constitutional\Membership\SuspendMembershipTest[39m
  [32;1m✓[39;22m[90m [39m[90mactive membership can be suspended[39m
  [32;1m✓[39;22m[90m [39m[90msuspended membership does not grant governance rights[39m
  [32;1m✓[39;22m[90m [39m[90msuspension requires institutional justification[39m

  [30;42;1m PASS [39;49;22m[39m Tests\Unit\Constitutional\Membership\TerminateMembershipTest[39m
  [32;1m✓[39;22m[90m [39m[90mactive or suspended membership can be terminated[39m
  [32;1m✓[39;22m[90m [39m[90mterminated membership cannot be reactivated directly[39m
  [32;1m✓[39;22m[90m [39m[90mterminated membership grants no governance rights[39m
  [32;1m✓[39;22m[90m [39m[90mterminated membership remains queryable in history[39m
  [32;1m✓[39;22m[90m [39m[90mtermination requires institutional justification[39m

  [30;42;1m PASS [39;49;22m[39m Tests\Unit\Constitutional\Membership\ValueObjects\ActorIdTest[39m
  [32;1m✓[39;22m[90m [39m[90mit rejects empty string[39m
  [32;1m✓[39;22m[90m [39m[90mit rejects whitespace only[39m
  [32;1m✓[39;22m[90m [39m[90mit accepts valid actor id[39m
  [32;1m✓[39;22m[90m [39m[90mit is equal when values match[39m
  [32;1m✓[39;22m[90m [39m[90mit is not equal when values differ[39m

  [30;42;1m PASS [39;49;22m[39m Tests\Unit\Constitutional\Membership\ValueObjects\TransitionReasonTest[39m
  [32;1m✓[39;22m[90m [39m[90mit rejects empty string[39m
  [32;1m✓[39;22m[90m [39m[90mit rejects whitespace only[39m
  [32;1m✓[39;22m[90m [39m[90mit accepts valid reason[39m

  [30;42;1m PASS [39;49;22m[39m Tests\Unit\Constitutional\Membership\VotingEligibilityPolicyTest[39m
  [32;1m✓[39;22m[90m [39m[90mactive member is eligible for voting[39m
  [32;1m✓[39;22m[90m [39m[90msuspended member is ineligible with suspended reason[39m
  [32;1m✓[39;22m[90m [39m[90mterminated member is ineligible with terminated reason[39m
  [32;1m✓[39;22m[90m [39m[90mnull lineage is ineligible with no membership reason[39m
  [32;1m✓[39;22m[90m [39m[90mrestored member regains voting eligibility[39m
  [32;1m✓[39;22m[90m [39m[90mpolicy is deterministic full lifecycle[39m
            
  [30;42;1m PASS [39;49;22m[39m Tests\Unit\Contexts\Elections\AssignVoterHandlerTest[39m
  [32;1m✓[39;22m[90m [39m[90mthrows voter not eligible when policy rejects[39m[90m                                                               [39m [90m0.14s[39m  
  [32;1m✓[39;22m[90m [39m[90mcreates new membership for new voter[39m[90m                                                                        [39m [90m0.22s[39m  
  [32;1m✓[39;22m[90m [39m[90mrestores soft deleted membership instead of inserting duplicate[39m[90m                                             [39m [90m0.25s[39m  
  [32;1m✓[39;22m[90m [39m[90mthrows duplicate voter exception when already active[39m[90m                                                        [39m [90m0.24s[39m  
                     
  [30;43;1m DEPR [39;49;22m[39m Tests\Unit\Contexts\Elections\BulkAssignVotersHandlerTest[39m
  [32;1m✓[39;22m[90m [39m[90mfilters ineligible users before any writes[39m[90m                                                                  [39m [90m0.16s[39m  
  [32;1m✓[39;22m[90m [39m[90mexcludes already assigned users[39m[90m                                                                             [39m [90m0.12s[39m  
  [32;1m✓[39;22m[90m [39m[90mreturns correct success already existing invalid counts[39m[90m                                                     [39m [90m0.13s[39m  
  [32;1m✓[39;22m[90m [39m[90mprocesses large input in chunks of 500[39m[90m                                                                      [39m [90m0.17s[39m  
  [32;1m✓[39;22m[90m [39m[90mallows custom chunk size[39m[90m                                                                                    [39m [90m0.17s[39m  
  [33;1m![39;22m[90m [39m[90mwrites failed chunk rows to dead letter queue[39m[90m [39m[33m→ returnValue() is deprecated and will be removed in PHPUnit[39m[90m… [39m [90m0.53s[39m  
  [33;1m![39;22m[90m [39m[90mcontinues processing after chunk failure[39m[90m [39m[33m→ returnValue() is deprecated and will be removed in PHPUnit 12. U[39m[90m…[39m [90m0.69s[39m  

  [30;42;1m PASS [39;49;22m[39m Tests\Unit\Contexts\Geography\Application\DTOs\GeoHierarchyResponseTest[39m
  [32;1m✓[39;22m[90m [39m[90mit is leaf node by default[39m[90m                                                                                  [39m [90m0.01s[39m  
  [32;1m✓[39;22m[90m [39m[90mit supports direct child relationship[39m
  [32;1m✓[39;22m[90m [39m[90mit supports recursive tree structure[39m
  [32;1m✓[39;22m[90m [39m[90mit serializes consistently for projection layer[39m
  [32;1m✓[39;22m[90m [39m[90mit is immutable read model[39m
  [32;1m✓[39;22m[90m [39m[90mit is json serializable[39m

  [30;42;1m PASS [39;49;22m[39m Tests\Unit\Contexts\Geography\Application\DTOs\GeoUnitResponseTest[39m
  [32;1m✓[39;22m[90m [39m[90mit exposes all required fields[39m[90m                                                                              [39m [90m0.01s[39m  
  [32;1m✓[39;22m[90m [39m[90mit allows nullable fields[39m
  [32;1m✓[39;22m[90m [39m[90mjson contract is stable[39m
  [32;1m✓[39;22m[90m [39m[90mit supports read model contract semantics[39m
  [32;1m✓[39;22m[90m [39m[90mclass is immutable read model[39m
  [32;1m✓[39;22m[90m [39m[90mit is json serializable contract[39m[90m                                                                            [39m [90m0.04s[39m  

  [30;42;1m PASS [39;49;22m[39m Tests\Unit\Contexts\Geography\Application\DTOs\GeoUnitSummaryResponseTest[39m
  [32;1m✓[39;22m[90m [39m[90mit exposes required fields[39m
  [32;1m✓[39;22m[90m [39m[90mit accepts optional fields[39m
  [32;1m✓[39;22m[90m [39m[90mjson contract is stable[39m
  [32;1m✓[39;22m[90m [39m[90mclass is immutable read model[39m
  [32;1m✓[39;22m[90m [39m[90mit is json serializable contract[39m

  [30;42;1m PASS [39;49;22m[39m Tests\Unit\Contexts\Geography\Application\Services\GeoHierarchyProjectionBuilderTest[39m
  [32;1m✓[39;22m[90m [39m[90mit returns empty forest for empty input[39m
  [32;1m✓[39;22m[90m [39m[90mit builds single root node[39m
  [32;1m✓[39;22m[90m [39m[90mit builds parent child hierarchy[39m
  [32;1m✓[39;22m[90m [39m[90mit builds multi level hierarchy[39m
  [32;1m✓[39;22m[90m [39m[90mit handles multiple roots[39m
  [32;1m✓[39;22m[90m [39m[90mit handles unordered input[39m
  [32;1m✓[39;22m[90m [39m[90mbuild tree returns single root by id[39m
  [32;1m✓[39;22m[90m [39m[90mbuild tree returns null for missing root[39m
  [32;1m✓[39;22m[90m [39m[90mextract subtree finds node by id[39m
  [32;1m✓[39;22m[90m [39m[90mextract subtree returns null for missing id[39m
  [32;1m✓[39;22m[90m [39m[90mflatten ids returns all ids in dfs order[39m
  [32;1m✓[39;22m[90m [39m[90mit processes large flat list in order[39m
  [32;1m✓[39;22m[90m [39m[90mbuild is idempotent[39m

  [30;43;1m DEPR [39;49;22m[39m Tests\Unit\Contexts\Geography\Domain\GeoAdministrativeUnitTest[39m
  [32;1m✓[39;22m[90m [39m[90mcannot have self as parent[39m[90m                                                                                  [39m [90m0.01s[39m  
  [32;1m✓[39;22m[90m [39m[90mchild level must be higher than parent[39m
  [32;1m✓[39;22m[90m [39m[90mroot unit path must equal id[39m
  [32;1m✓[39;22m[90m [39m[90mchild path must end with child id[39m
  [32;1m✓[39;22m[90m [39m[90mchild path must contain parent id[39m
  [32;1m✓[39;22m[90m [39m[90mchild country must match parent country[39m
  [32;1m✓[39;22m[90m [39m[90mvalid from cannot be after valid to[39m
  [32;1m✓[39;22m[90m [39m[90mversion defaults to one[39m
  [33;1m![39;22m[90m [39m[90mcreate root unit[39m[90m [39m[33m→ GeographyLevel::isRoot() is deprecated. Root semantics are tenant-specific. Use TenantGe[39m[90m…[39m [90m0.13s[39m  
  [32;1m✓[39;22m[90m [39m[90mcreate child unit[39m[90m                                                                                           [39m [90m0.05s[39m  
  [32;1m✓[39;22m[90m [39m[90mupdate name[39m
  [32;1m✓[39;22m[90m [39m[90mupdate path validates hierarchy[39m
  [32;1m✓[39;22m[90m [39m[90mchange parent rejects self[39m
  [32;1m✓[39;22m[90m [39m[90mincrement version[39m
  [32;1m✓[39;22m[90m [39m[90mgetters return expected values[39m
                        
  [30;42;1m PASS [39;49;22m[39m Tests\Unit\Contexts\Geography\Infrastructure\EloquentGeoUnitRepositoryTest[39m
  [32;1m✓[39;22m[90m [39m[90msave creates new unit[39m[90m                                                                                       [39m [90m0.16s[39m  
  [32;1m✓[39;22m[90m [39m[90msave creates unit and can fetch back[39m[90m                                                                        [39m [90m0.20s[39m  
  [32;1m✓[39;22m[90m [39m[90msave updates existing unit and increments version[39m[90m                                                           [39m [90m0.23s[39m  
  [32;1m✓[39;22m[90m [39m[90msave throws concurrency exception on version mismatch[39m[90m                                                       [39m [90m0.17s[39m  
  [32;1m✓[39;22m[90m [39m[90msave creates child unit with correct hierarchy[39m[90m                                                              [39m [90m0.15s[39m  
  [32;1m✓[39;22m[90m [39m[90mdelete removes unit[39m[90m                                                                                         [39m [90m0.17s[39m  
  [32;1m✓[39;22m[90m [39m[90mfind by code returns unit[39m[90m                                                                                   [39m [90m0.17s[39m  
  [32;1m✓[39;22m[90m [39m[90mfind by code returns null when not found[39m[90m                                                                    [39m [90m0.14s[39m  

  [30;42;1m PASS [39;49;22m[39m Tests\Unit\Contexts\Governance\API\V1\Controllers\GovernanceCommitteeControllerTest[39m
  [32;1m✓[39;22m[90m [39m[90mshow returns 200 for valid id[39m[90m                                                                               [39m [90m0.01s[39m  
  [32;1m✓[39;22m[90m [39m[90mshow returns 404 for unknown id[39m
  [32;1m✓[39;22m[90m [39m[90mchildren returns 200 for valid parent[39m
  [32;1m✓[39;22m[90m [39m[90mchildren returns empty when no children[39m
  [32;1m✓[39;22m[90m [39m[90mchildren returns 404 for unknown id[39m
  [32;1m✓[39;22m[90m [39m[90mgovernance returns 200 for valid id[39m
  [32;1m✓[39;22m[90m [39m[90mgovernance returns 404 for unknown id[39m

  [30;42;1m PASS [39;49;22m[39m Tests\Unit\Contexts\Governance\API\V1\Controllers\GovernanceHealthControllerTest[39m
  [32;1m✓[39;22m[90m [39m[90mprojections returns healthy when generation exists[39m
  [32;1m✓[39;22m[90m [39m[90mprojections returns stale when no generation[39m
  [32;1m✓[39;22m[90m [39m[90mprojections includes freshness metadata[39m

  [30;42;1m PASS [39;49;22m[39m Tests\Unit\Contexts\Governance\API\V1\Controllers\GovernanceHierarchyControllerTest[39m
  [32;1m✓[39;22m[90m [39m[90mhierarchy returns 200 with data[39m
  [32;1m✓[39;22m[90m [39m[90mhierarchy returns cache control header[39m
  [32;1m✓[39;22m[90m [39m[90mhierarchy returns empty array when no committees[39m
  [32;1m✓[39;22m[90m [39m[90mhierarchy depth limits tree[39m
  [32;1m✓[39;22m[90m [39m[90mhierarchy search filters by name[39m
  [32;1m✓[39;22m[90m [39m[90mhierarchy state filter[39m
  [32;1m✓[39;22m[90m [39m[90mhierarchy meta includes projection generation[39m

  [30;42;1m PASS [39;49;22m[39m Tests\Unit\Contexts\Governance\API\V1\Responses\CommitteeChildrenResponseTest[39m
  [32;1m✓[39;22m[90m [39m[90mconstructs with children[39m
  [32;1m✓[39;22m[90m [39m[90mconstructs with empty children[39m
  [32;1m✓[39;22m[90m [39m[90mjson serialize returns expected structure[39m

  [30;42;1m PASS [39;49;22m[39m Tests\Unit\Contexts\Governance\API\V1\Responses\CommitteeGovernanceResponseTest[39m
  [32;1m✓[39;22m[90m [39m[90mconstructs with all fields[39m
  [32;1m✓[39;22m[90m [39m[90mconstructs with nullable fields[39m
  [32;1m✓[39;22m[90m [39m[90mjson serialize returns expected structure[39m
  [32;1m✓[39;22m[90m [39m[90mfrom array creates response[39m
  [32;1m✓[39;22m[90m [39m[90mfrom array uses defaults for missing fields[39m

  [30;42;1m PASS [39;49;22m[39m Tests\Unit\Contexts\Governance\API\V1\Responses\CommitteeHierarchyResponseTest[39m
  [32;1m✓[39;22m[90m [39m[90mconstructs with required fields[39m
  [32;1m✓[39;22m[90m [39m[90mconstructs with children[39m
  [32;1m✓[39;22m[90m [39m[90mjson serialize includes nested children[39m

  [30;42;1m PASS [39;49;22m[39m Tests\Unit\Contexts\Governance\API\V1\Responses\CommitteeSummaryResponseTest[39m
  [32;1m✓[39;22m[90m [39m[90mconstructs with all fields[39m
  [32;1m✓[39;22m[90m [39m[90mjson serialize returns expected structure[39m

  [30;42;1m PASS [39;49;22m[39m Tests\Unit\Contexts\Governance\API\V1\Responses\ErrorResponseTest[39m
  [32;1m✓[39;22m[90m [39m[90mconstructs with all fields[39m
  [32;1m✓[39;22m[90m [39m[90mdefault trace id is empty[39m
  [32;1m✓[39;22m[90m [39m[90mnot found factory[39m
  [32;1m✓[39;22m[90m [39m[90mvalidation error factory[39m
  [32;1m✓[39;22m[90m [39m[90mrate limited factory[39m
  [32;1m✓[39;22m[90m [39m[90minternal error factory[39m
  [32;1m✓[39;22m[90m [39m[90mprojection stale factory[39m
  [32;1m✓[39;22m[90m [39m[90mjson serialize returns error envelope[39m
  [32;1m✓[39;22m[90m [39m[90mnot found error has status 404[39m
  [32;1m✓[39;22m[90m [39m[90mvalidation error has status 400[39m
  [32;1m✓[39;22m[90m [39m[90mrate limited has status 429[39m
  [32;1m✓[39;22m[90m [39m[90minternal error has status 500[39m
  [32;1m✓[39;22m[90m [39m[90mprojection stale has status 409[39m

  [30;42;1m PASS [39;49;22m[39m Tests\Unit\Contexts\Governance\API\V1\Responses\GovernanceHealthResponseTest[39m
  [32;1m✓[39;22m[90m [39m[90mconstructs with all fields[39m
  [32;1m✓[39;22m[90m [39m[90mconstructs with default projection age[39m
  [32;1m✓[39;22m[90m [39m[90mjson serialize returns expected structure[39m

  [30;42;1m PASS [39;49;22m[39m Tests\Unit\Contexts\Governance\Application\Approval\ApprovalProcessStateTest[39m
  [32;1m✓[39;22m[90m [39m[90mcreates new state with pending status[39m[90m                                                                       [39m [90m0.01s[39m  
  [32;1m✓[39;22m[90m [39m[90mstart preserves ids[39m
  [32;1m✓[39;22m[90m [39m[90madd approval returns new instance[39m
  [32;1m✓[39;22m[90m [39m[90madd approval stays pending until all received[39m
  [32;1m✓[39;22m[90m [39m[90minv p05 becomes approved when all committees approve[39m
  [32;1m✓[39;22m[90m [39m[90msingle required approval immediately approves[39m
  [32;1m✓[39;22m[90m [39m[90minv p02 duplicate committee approval throws[39m
  [32;1m✓[39;22m[90m [39m[90mreject returns new instance with rejected status[39m
  [32;1m✓[39;22m[90m [39m[90minv p03 reject reason must be non empty[39m
  [32;1m✓[39;22m[90m [39m[90minv p03 reject whitespace reason throws[39m
  [32;1m✓[39;22m[90m [39m[90mexpire returns new instance with expired status[39m
  [32;1m✓[39;22m[90m [39m[90minv p01 cannot approve after rejection[39m
  [32;1m✓[39;22m[90m [39m[90minv p01 cannot approve after approval[39m
  [32;1m✓[39;22m[90m [39m[90minv p01 cannot reject after approval[39m
  [32;1m✓[39;22m[90m [39m[90minv p01 cannot reject after expiry[39m
  [32;1m✓[39;22m[90m [39m[90minv p01 cannot expire after approval[39m
  [32;1m✓[39;22m[90m [39m[90mis fully approved false when pending[39m
  [32;1m✓[39;22m[90m [39m[90mis fully approved true when all received[39m
  [32;1m✓[39;22m[90m [39m[90mversion increments on each transition[39m
  [32;1m✓[39;22m[90m [39m[90mstate is readonly class[39m

  [30;42;1m PASS [39;49;22m[39m Tests\Unit\Contexts\Governance\Application\Approval\Commands\AbortDecisionTest[39m
  [32;1m✓[39;22m[90m [39m[90mcarries all required fields[39m[90m                                                                                 [39m [90m0.01s[39m  
  [32;1m✓[39;22m[90m [39m[90mis readonly[39m

  [30;42;1m PASS [39;49;22m[39m Tests\Unit\Contexts\Governance\Application\Approval\Commands\FinalizeDecisionTest[39m
  [32;1m✓[39;22m[90m [39m[90mcarries all required fields[39m
  [32;1m✓[39;22m[90m [39m[90mis readonly[39m

  [30;42;1m PASS [39;49;22m[39m Tests\Unit\Contexts\Governance\Application\Approval\Commands\StartApprovalProcessTest[39m
  [32;1m✓[39;22m[90m [39m[90mcarries all required fields[39m
  [32;1m✓[39;22m[90m [39m[90mis readonly[39m

  [30;42;1m PASS [39;49;22m[39m Tests\Unit\Contexts\Governance\Application\Approval\GovernanceApprovalProcessManagerTest[39m
  [32;1m✓[39;22m[90m [39m[90mstarts process when decision requires approval[39m[90m                                                              [39m [90m0.03s[39m  
  [32;1m✓[39;22m[90m [39m[90mignores decision that does not require approval[39m
  [32;1m✓[39;22m[90m [39m[90minv p04 duplicate decision event is idempotent[39m
  [32;1m✓[39;22m[90m [39m[90mhandles approval granted and saves updated state[39m
  [32;1m✓[39;22m[90m [39m[90mdispatches finalize when all approvals received[39m
  [32;1m✓[39;22m[90m [39m[90mhandles approval rejected and dispatches abort[39m
  [32;1m✓[39;22m[90m [39m[90mapproval granted on terminal state is ignored[39m
  [32;1m✓[39;22m[90m [39m[90mapproval granted when state not found is ignored[39m
  [32;1m✓[39;22m[90m [39m[90mprocess manager is stateless[39m

  [30;42;1m PASS [39;49;22m[39m Tests\Unit\Contexts\Governance\Application\Authority\AuthorityGraphValidatorTest[39m
  [32;1m✓[39;22m[90m [39m[90mno cycle passes without exception[39m[90m                                                                           [39m [90m0.01s[39m  
  [32;1m✓[39;22m[90m [39m[90mdirect cycle throws domain exception[39m
  [32;1m✓[39;22m[90m [39m[90mtransitive cycle throws domain exception[39m
  [32;1m✓[39;22m[90m [39m[90mempty graph always passes[39m
  [32;1m✓[39;22m[90m [39m[90mis stateless[39m

  [30;42;1m PASS [39;49;22m[39m Tests\Unit\Contexts\Governance\Application\DTOs\CommitteeHierarchyRecordTest[39m
  [32;1m✓[39;22m[90m [39m[90mcreates record with all fields[39m
  [32;1m✓[39;22m[90m [39m[90mequals compares all fields[39m
  [32;1m✓[39;22m[90m [39m[90mis immutable readonly[39m

  [30;42;1m PASS [39;49;22m[39m Tests\Unit\Contexts\Governance\Application\DTOs\CommitteeTreeNodeTest[39m
  [32;1m✓[39;22m[90m [39m[90mcreates immutable tree node[39m[90m                                                                                 [39m [90m0.01s[39m  
  [32;1m✓[39;22m[90m [39m[90mall properties are readonly[39m
  [32;1m✓[39;22m[90m [39m[90mno add child method exists[39m
  [32;1m✓[39;22m[90m [39m[90mhas children returns true when children not empty[39m
  [32;1m✓[39;22m[90m [39m[90mhas children returns false when children empty[39m
  [32;1m✓[39;22m[90m [39m[90mcan create nested tree immutably[39m
                  
  [30;42;1m PASS [39;49;22m[39m Tests\Unit\Contexts\Governance\Application\GeoUnitQueryFilterTest[39m
  [32;1m✓[39;22m[90m [39m[90mfrom request parses all parameters[39m[90m                                                                          [39m [90m0.15s[39m  
  [32;1m✓[39;22m[90m [39m[90mfrom request handles empty strings as null[39m[90m                                                                  [39m [90m0.14s[39m  
  [32;1m✓[39;22m[90m [39m[90mfrom request handles missing keys as null[39m[90m                                                                   [39m [90m0.12s[39m  
  [32;1m✓[39;22m[90m [39m[90mto criteria returns only non null values[39m[90m                                                                    [39m [90m0.15s[39m  
  [32;1m✓[39;22m[90m [39m[90mhas filters returns false when all null[39m[90m                                                                     [39m [90m0.13s[39m  
  [32;1m✓[39;22m[90m [39m[90mhas filters returns true when any set[39m[90m                                                                       [39m [90m0.25s[39m  
                     
  [30;42;1m PASS [39;49;22m[39m Tests\Unit\Contexts\Governance\Application\GovernanceGeoUnitResponseTest[39m
  [32;1m✓[39;22m[90m [39m[90mfrom eloquent row sets all properties[39m[90m                                                                       [39m [90m0.14s[39m  
  [32;1m✓[39;22m[90m [39m[90mdepth calculated from path segments[39m[90m                                                                         [39m [90m0.25s[39m  
  [32;1m✓[39;22m[90m [39m[90mdepth is zero when path is null[39m[90m                                                                             [39m [90m0.24s[39m  
  [32;1m✓[39;22m[90m [39m[90mjson serialize uses snake case keys[39m[90m                                                                         [39m [90m0.14s[39m  
  [32;1m✓[39;22m[90m [39m[90mhas children returns false when children null[39m[90m                                                               [39m [90m0.26s[39m  
  [32;1m✓[39;22m[90m [39m[90mhas children returns true when children not empty[39m[90m                                                           [39m [90m0.14s[39m  
  [32;1m✓[39;22m[90m [39m[90mwith children creates new instance without mutating original[39m[90m                                                [39m [90m0.16s[39m  

  [30;42;1m PASS [39;49;22m[39m Tests\Unit\Contexts\Governance\Application\Services\CommitteeHierarchyBuilderTest[39m
  [32;1m✓[39;22m[90m [39m[90mbuilds tree from flat records[39m[90m                                                                               [39m [90m0.01s[39m  
  [32;1m✓[39;22m[90m [39m[90mbuilds correct parent child relationships[39m
  [32;1m✓[39;22m[90m [39m[90mdetects direct cycle and throws[39m
  [32;1m✓[39;22m[90m [39m[90mdetects transitive cycle and throws[39m
  [32;1m✓[39;22m[90m [39m[90mhandles orphans per quarantine policy[39m
  [32;1m✓[39;22m[90m [39m[90mmaintains order by level then name[39m
  [32;1m✓[39;22m[90m [39m[90mreturns empty array for empty input[39m
  [32;1m✓[39;22m[90m [39m[90mtree nodes are fully immutable[39m
  [32;1m✓[39;22m[90m [39m[90mgovernance projection is attached to nodes[39m

  [30;42;1m PASS [39;49;22m[39m Tests\Unit\Contexts\Governance\Application\Services\GovernanceProjectionRebuilderTest[39m
  [32;1m✓[39;22m[90m [39m[90mrebuilds all committees[39m[90m                                                                                     [39m [90m0.03s[39m  
  [32;1m✓[39;22m[90m [39m[90mrebuilds filtered by tenant[39m
  [32;1m✓[39;22m[90m [39m[90mskips when lock held[39m
  [32;1m✓[39;22m[90m [39m[90mfailure isolation[39m
  [32;1m✓[39;22m[90m [39m[90mreports progress[39m[90m                                                                                            [39m [90m0.05s[39m  
  [32;1m✓[39;22m[90m [39m[90mgeneration is generated[39m

  [30;42;1m PASS [39;49;22m[39m Tests\Unit\Contexts\Governance\Application\UseCases\GetCommitteeHierarchyTest[39m
  [32;1m✓[39;22m[90m [39m[90mreturns hierarchy tree[39m[90m                                                                                      [39m [90m0.01s[39m  
  [32;1m✓[39;22m[90m [39m[90mcaches records not trees[39m
  [32;1m✓[39;22m[90m [39m[90mhandles empty tenant[39m
  [32;1m✓[39;22m[90m [39m[90mcache invalidation[39m

  [30;42;1m PASS [39;49;22m[39m Tests\Unit\Contexts\Governance\Domain\Approval\Events\ApprovalGrantedTest[39m
  [32;1m✓[39;22m[90m [39m[90mcarries all required fields[39m
  [32;1m✓[39;22m[90m [39m[90mnotes can be empty string[39m
  [32;1m✓[39;22m[90m [39m[90mis immutable readonly[39m
  [32;1m✓[39;22m[90m [39m[90mhas private constructor[39m

  [30;42;1m PASS [39;49;22m[39m Tests\Unit\Contexts\Governance\Domain\Approval\Events\ApprovalRejectedTest[39m
  [32;1m✓[39;22m[90m [39m[90mcarries all required fields[39m
  [32;1m✓[39;22m[90m [39m[90mis immutable readonly[39m
  [32;1m✓[39;22m[90m [39m[90mhas private constructor[39m

  [30;42;1m PASS [39;49;22m[39m Tests\Unit\Contexts\Governance\Domain\Approval\Events\ApprovalRequestedTest[39m
  [32;1m✓[39;22m[90m [39m[90mcarries all required fields[39m
  [32;1m✓[39;22m[90m [39m[90mrequired approvals are committee id instances[39m
  [32;1m✓[39;22m[90m [39m[90mis immutable readonly[39m
  [32;1m✓[39;22m[90m [39m[90mhas private constructor[39m

  [30;42;1m PASS [39;49;22m[39m Tests\Unit\Contexts\Governance\Domain\Approval\Policies\ApprovalRequirementPolicyTest[39m
  [32;1m✓[39;22m[90m [39m[90mcommittee formation requires approval[39m
  [32;1m✓[39;22m[90m [39m[90mcommittee formation returns parent committee strategy[39m
  [32;1m✓[39;22m[90m [39m[90mconstitutional amendment requires approval[39m
  [32;1m✓[39;22m[90m [39m[90mconstitutional amendment returns icc board strategy[39m
  [32;1m✓[39;22m[90m [39m[90mauthority delegation requires approval[39m
  [32;1m✓[39;22m[90m [39m[90mauthority delegation returns source committee strategy[39m
  [32;1m✓[39;22m[90m [39m[90mroutine decision does not require approval[39m
  [32;1m✓[39;22m[90m [39m[90mroutine decision returns empty types[39m
  [32;1m✓[39;22m[90m [39m[90mpolicy is stateless no constructor dependencies[39m
  [32;1m✓[39;22m[90m [39m[90mpolicy has no instance properties[39m

  [30;42;1m PASS [39;49;22m[39m Tests\Unit\Contexts\Governance\Domain\Approval\ValueObjects\ApprovalIdTest[39m
  [32;1m✓[39;22m[90m [39m[90mgenerate produces uuid[39m[90m                                                                                      [39m [90m0.01s[39m  
  [32;1m✓[39;22m[90m [39m[90mtwo generated ids are different[39m
  [32;1m✓[39;22m[90m [39m[90mfrom constructs with known value[39m
  [32;1m✓[39;22m[90m [39m[90mfrom empty string throws[39m
  [32;1m✓[39;22m[90m [39m[90mfrom whitespace throws[39m
  [32;1m✓[39;22m[90m [39m[90mequals same value[39m
  [32;1m✓[39;22m[90m [39m[90mnot equals different value[39m

  [30;42;1m PASS [39;49;22m[39m Tests\Unit\Contexts\Governance\Domain\Approval\ValueObjects\ApprovalStatusTest[39m
  [32;1m✓[39;22m[90m [39m[90mhas four cases in correct order[39m
  [32;1m✓[39;22m[90m [39m[90mis string backed with correct values[39m
  [32;1m✓[39;22m[90m [39m[90mcan be constructed from string value[39m
  [32;1m✓[39;22m[90m [39m[90minvalid value throws[39m
  [32;1m✓[39;22m[90m [39m[90mis terminal returns false for pending[39m
  [32;1m✓[39;22m[90m [39m[90mis terminal returns true for approved[39m
  [32;1m✓[39;22m[90m [39m[90mis terminal returns true for rejected[39m
  [32;1m✓[39;22m[90m [39m[90mis terminal returns true for expired[39m

  [30;42;1m PASS [39;49;22m[39m Tests\Unit\Contexts\Governance\Domain\Approval\ValueObjects\IdempotencyKeyTest[39m
  [32;1m✓[39;22m[90m [39m[90mgenerate creates key with expected pattern[39m
  [32;1m✓[39;22m[90m [39m[90mdifferent timestamps produce different keys[39m
  [32;1m✓[39;22m[90m [39m[90mfrom constructs with known value[39m
  [32;1m✓[39;22m[90m [39m[90mfrom empty string throws[39m
  [32;1m✓[39;22m[90m [39m[90mfrom whitespace throws[39m
  [32;1m✓[39;22m[90m [39m[90mequals same value[39m
  [32;1m✓[39;22m[90m [39m[90mnot equals different value[39m

  [30;42;1m PASS [39;49;22m[39m Tests\Unit\Contexts\Governance\Domain\Authority\AuthorityAssignmentTest[39m
  [32;1m✓[39;22m[90m [39m[90mcreates active assignment with all fields[39m
  [32;1m✓[39;22m[90m [39m[90minv a01 cannot delegate to self[39m
  [32;1m✓[39;22m[90m [39m[90mactive assignment can be revoked[39m
  [32;1m✓[39;22m[90m [39m[90minv a02 cannot revoke already revoked assignment[39m
  [32;1m✓[39;22m[90m [39m[90minv a04 override without existing authority throws[39m
  [32;1m✓[39;22m[90m [39m[90mauthority type does not require existing authority flag[39m
  [32;1m✓[39;22m[90m [39m[90mtemporary type does not require existing authority flag[39m
  [32;1m✓[39;22m[90m [39m[90minv a05 delegated at in future throws[39m
  [32;1m✓[39;22m[90m [39m[90mdelegated at equal to now is valid[39m
  [32;1m✓[39;22m[90m [39m[90memits authority delegated event on creation[39m
  [32;1m✓[39;22m[90m [39m[90memits authority revoked event on revocation[39m
  [32;1m✓[39;22m[90m [39m[90mrelease events clears buffer[39m
  [32;1m✓[39;22m[90m [39m[90mis active at current time[39m
  [32;1m✓[39;22m[90m [39m[90mis not active at time before validity start[39m
  [32;1m✓[39;22m[90m [39m[90mrevoked assignment is not active at any time[39m
  [32;1m✓[39;22m[90m [39m[90mhas no public setters[39m

  [30;42;1m PASS [39;49;22m[39m Tests\Unit\Contexts\Governance\Domain\Authority\AuthorityResolverTest[39m
  [32;1m✓[39;22m[90m [39m[90mreturns null when no assignments exist[39m[90m                                                                      [39m [90m0.01s[39m  
  [32;1m✓[39;22m[90m [39m[90mreturns single active assignment[39m
  [32;1m✓[39;22m[90m [39m[90mreturns null for expired assignment[39m
  [32;1m✓[39;22m[90m [39m[90mresolves highest priority type when multiple active[39m
  [32;1m✓[39;22m[90m [39m[90mreturns null for revoked assignment[39m

  [30;42;1m PASS [39;49;22m[39m Tests\Unit\Contexts\Governance\Domain\Authority\Events\AuthorityDelegatedTest[39m
  [32;1m✓[39;22m[90m [39m[90mcarries all required fields[39m
  [32;1m✓[39;22m[90m [39m[90mcarries bounded validity when provided[39m
  [32;1m✓[39;22m[90m [39m[90mis readonly[39m
  [32;1m✓[39;22m[90m [39m[90mhas private constructor[39m
  [32;1m✓[39;22m[90m [39m[90mhas no public setters[39m
  [32;1m✓[39;22m[90m [39m[90mallowed public methods only[39m

  [30;42;1m PASS [39;49;22m[39m Tests\Unit\Contexts\Governance\Domain\Authority\Events\AuthorityRevokedTest[39m
  [32;1m✓[39;22m[90m [39m[90mcarries all required fields[39m
  [32;1m✓[39;22m[90m [39m[90mis readonly[39m
  [32;1m✓[39;22m[90m [39m[90mhas private constructor[39m
  [32;1m✓[39;22m[90m [39m[90mhas no public setters[39m

  [30;42;1m PASS [39;49;22m[39m Tests\Unit\Contexts\Governance\Domain\Authority\Policies\DelegationLifecyclePolicyTest[39m
  [32;1m✓[39;22m[90m [39m[90mactive can transition to revoked[39m
  [32;1m✓[39;22m[90m [39m[90mactive cannot remain active[39m
  [32;1m✓[39;22m[90m [39m[90mrevoked is terminal for all targets[39m
  [32;1m✓[39;22m[90m [39m[90mpolicy is stateless[39m

  [30;42;1m PASS [39;49;22m[39m Tests\Unit\Contexts\Governance\Domain\Authority\ValueObjects\AuthorityAssignmentIdTest[39m
  [32;1m✓[39;22m[90m [39m[90mgenerate produces non empty id[39m
  [32;1m✓[39;22m[90m [39m[90mtwo generated ids are different[39m
  [32;1m✓[39;22m[90m [39m[90mfrom constructs with known value[39m
  [32;1m✓[39;22m[90m [39m[90mfrom empty string throws[39m
  [32;1m✓[39;22m[90m [39m[90mequals same value[39m
  [32;1m✓[39;22m[90m [39m[90mnot equals different value[39m
  [32;1m✓[39;22m[90m [39m[90mhas private constructor[39m

  [30;42;1m PASS [39;49;22m[39m Tests\Unit\Contexts\Governance\Domain\Authority\ValueObjects\AuthorityEffectivePeriodTest[39m
  [32;1m✓[39;22m[90m [39m[90mopen ended period is active after start[39m
  [32;1m✓[39;22m[90m [39m[90mopen ended period is not active before start[39m
  [32;1m✓[39;22m[90m [39m[90mopen ended period has null end[39m
  [32;1m✓[39;22m[90m [39m[90mbounded period is active within range[39m
  [32;1m✓[39;22m[90m [39m[90mbounded period is not active after end[39m
  [32;1m✓[39;22m[90m [39m[90mbounded period is active exactly at end[39m
  [32;1m✓[39;22m[90m [39m[90mbounded end equal to start throws domain exception[39m
  [32;1m✓[39;22m[90m [39m[90mbounded end before start throws domain exception[39m
  [32;1m✓[39;22m[90m [39m[90mequals same open ended period[39m
  [32;1m✓[39;22m[90m [39m[90mequals same bounded period[39m
  [32;1m✓[39;22m[90m [39m[90mnot equals different end[39m
  [32;1m✓[39;22m[90m [39m[90mopen ended not equals bounded[39m
  [32;1m✓[39;22m[90m [39m[90mstart accessor[39m
  [32;1m✓[39;22m[90m [39m[90mis immutable[39m

  [30;42;1m PASS [39;49;22m[39m Tests\Unit\Contexts\Governance\Domain\Authority\ValueObjects\DelegationScopeTest[39m
  [32;1m✓[39;22m[90m [39m[90mconstructs from non empty string[39m[90m                                                                            [39m [90m0.01s[39m  
  [32;1m✓[39;22m[90m [39m[90mempty string throws domain exception[39m
  [32;1m✓[39;22m[90m [39m[90mwhitespace only string throws domain exception[39m
  [32;1m✓[39;22m[90m [39m[90mequals same scope[39m
  [32;1m✓[39;22m[90m [39m[90mnot equals different scope[39m
  [32;1m✓[39;22m[90m [39m[90mvalue is trimmed[39m
  [32;1m✓[39;22m[90m [39m[90mis immutable[39m

  [30;42;1m PASS [39;49;22m[39m Tests\Unit\Contexts\Governance\Domain\Authority\ValueObjects\DelegationStatusTest[39m
  [32;1m✓[39;22m[90m [39m[90mhas exactly two cases in correct order[39m
  [32;1m✓[39;22m[90m [39m[90mis string backed with correct values[39m
  [32;1m✓[39;22m[90m [39m[90mcan be constructed from string value[39m
  [32;1m✓[39;22m[90m [39m[90mrevoked represents irreversible constitutional revocation[39m

  [30;42;1m PASS [39;49;22m[39m Tests\Unit\Contexts\Governance\Domain\Authority\ValueObjects\DelegationTypeTest[39m
  [32;1m✓[39;22m[90m [39m[90mpriority order authority overrides override overrides temporary[39m
  [32;1m✓[39;22m[90m [39m[90mpriority values are canonical[39m
  [32;1m✓[39;22m[90m [39m[90mhas exactly three cases in correct order[39m
  [32;1m✓[39;22m[90m [39m[90mis string backed with correct values[39m
  [32;1m✓[39;22m[90m [39m[90mcan be constructed from string value[39m
  [32;1m✓[39;22m[90m [39m[90mpriority is used for resolution ordering[39m

  [30;42;1m PASS [39;49;22m[39m Tests\Unit\Contexts\Governance\Domain\Committee\Policies\ConstitutionalLegitimacyPolicyTest[39m
  [32;1m✓[39;22m[90m [39m[90mreturns legitimate when active committee with valid authority chain[39m
  [32;1m✓[39;22m[90m [39m[90mreturns legitimate when delegation status is active[39m
  [32;1m✓[39;22m[90m [39m[90mreturns unauthorized when committee is dissolved[39m
  [32;1m✓[39;22m[90m [39m[90mreturns unauthorized when committee is suspended[39m
  [32;1m✓[39;22m[90m [39m[90mreturns unauthorized when no authority chain provided[39m
  [32;1m✓[39;22m[90m [39m[90mreturns revoked when delegation status is revoked[39m
  [32;1m✓[39;22m[90m [39m[90mreturns unauthorized when authority chain too shallow[39m
  [32;1m✓[39;22m[90m [39m[90mpolicy is stateless[39m

  [30;42;1m PASS [39;49;22m[39m Tests\Unit\Contexts\Governance\Domain\Committee\Policies\OperationalStatePolicyTest[39m
  [32;1m✓[39;22m[90m [39m[90mreturns active for active committee[39m
  [32;1m✓[39;22m[90m [39m[90mreturns suspended for suspended committee[39m
  [32;1m✓[39;22m[90m [39m[90mreturns dissolved for dissolved committee[39m
  [32;1m✓[39;22m[90m [39m[90mthrows value error for invalid operational state[39m

  [30;42;1m PASS [39;49;22m[39m Tests\Unit\Contexts\Governance\Domain\Committee\Policies\TemporalGovernancePolicyTest[39m
  [32;1m✓[39;22m[90m [39m[90mreturns no term when term is null[39m
  [32;1m✓[39;22m[90m [39m[90mreturns valid when now within term[39m
  [32;1m✓[39;22m[90m [39m[90mreturns expiring when within 30 days of end[39m
  [32;1m✓[39;22m[90m [39m[90mreturns expiring when exactly 30 days before end[39m
  [32;1m✓[39;22m[90m [39m[90mreturns expired when now after term end[39m
  [32;1m✓[39;22m[90m [39m[90mreturns expired when now exactly at end[39m
  [32;1m✓[39;22m[90m [39m[90mreturns caretaker when post expiry without renewal[39m
  [32;1m✓[39;22m[90m [39m[90mreturns not yet active when now before term start[39m
  [32;1m✓[39;22m[90m [39m[90mpolicy is stateless[39m

  [30;42;1m PASS [39;49;22m[39m Tests\Unit\Contexts\Governance\Domain\Committee\ValueObjects\TemporalGovernanceStateTest[39m
  [32;1m✓[39;22m[90m [39m[90mhas six cases[39m
  [32;1m✓[39;22m[90m [39m[90mis string backed[39m
  [32;1m✓[39;22m[90m [39m[90mcan be constructed from string value[39m
  [32;1m✓[39;22m[90m [39m[90minvalid value throws[39m

  [30;42;1m PASS [39;49;22m[39m Tests\Unit\Contexts\Governance\Domain\Events\GovernanceDecisionRecordedTest[39m
  [32;1m✓[39;22m[90m [39m[90mit publishes governance fact with all required fields[39m
  [32;1m✓[39;22m[90m [39m[90mit has private constructor[39m
  [32;1m✓[39;22m[90m [39m[90mit is immutable readonly[39m
  [32;1m✓[39;22m[90m [39m[90mit is a historical fact with no behavioral methods[39m
  [32;1m✓[39;22m[90m [39m[90mall properties are typed value objects[39m
  [32;1m✓[39;22m[90m [39m[90mit has no public setters[39m
  [32;1m✓[39;22m[90m [39m[90moccurred at is immutable datetime[39m
  [32;1m✓[39;22m[90m [39m[90mauthority chain is frozen at event time[39m
  [32;1m✓[39;22m[90m [39m[90mcapability type is carried in event for consumer projection[39m
  [32;1m✓[39;22m[90m [39m[90meffective from is carried in event for temporal projections[39m

  [30;42;1m PASS [39;49;22m[39m Tests\Unit\Contexts\Governance\Domain\GovernanceDecisionTest[39m
  [32;1m✓[39;22m[90m [39m[90mit records governance decision immutably[39m[90m                                                                    [39m [90m0.01s[39m  
  [32;1m✓[39;22m[90m [39m[90mit has private constructor[39m
  [32;1m✓[39;22m[90m [39m[90mit is immutable readonly[39m
  [32;1m✓[39;22m[90m [39m[90mit is append only immutable aggregate[39m
  [32;1m✓[39;22m[90m [39m[90mcapability type cannot be empty[39m
  [32;1m✓[39;22m[90m [39m[90mlegitimacy is enforced by enum type system[39m
  [32;1m✓[39;22m[90m [39m[90meffective from must not be after decided at[39m
  [32;1m✓[39;22m[90m [39m[90mdecided at cannot be in future[39m
  [32;1m✓[39;22m[90m [39m[90mall properties are typed value objects[39m
  [32;1m✓[39;22m[90m [39m[90mno public setters on aggregate[39m
  [32;1m✓[39;22m[90m [39m[90mhistorical decision can be reconstructed at any replay time[39m

  [30;42;1m PASS [39;49;22m[39m Tests\Unit\Contexts\Governance\Domain\ValueObjects\AuthorityChainTest[39m
  [32;1m✓[39;22m[90m [39m[90mit captures authority snapshot with factory[39m
  [32;1m✓[39;22m[90m [39m[90mit derives authority level from path length[39m
  [32;1m✓[39;22m[90m [39m[90mit has private constructor[39m
  [32;1m✓[39;22m[90m [39m[90mit is immutable readonly[39m
  [32;1m✓[39;22m[90m [39m[90mvalue equality based on all fields[39m
  [32;1m✓[39;22m[90m [39m[90mit detects unequal authority chains[39m
  [32;1m✓[39;22m[90m [39m[90mit prevents empty delegation path[39m
  [32;1m✓[39;22m[90m [39m[90mauthority level cannot be passed as parameter[39m
  [32;1m✓[39;22m[90m [39m[90mall properties are typed value objects[39m
  [32;1m✓[39;22m[90m [39m[90mcaptured timestamp is immutable[39m

  [30;42;1m PASS [39;49;22m[39m Tests\Unit\Contexts\Governance\Domain\ValueObjects\ConstitutionalBasisTest[39m
  [32;1m✓[39;22m[90m [39m[90mit creates constitutional basis with article[39m
  [32;1m✓[39;22m[90m [39m[90mit creates with optional reference text[39m
  [32;1m✓[39;22m[90m [39m[90marticle cannot be empty[39m
  [32;1m✓[39;22m[90m [39m[90marticle cannot be whitespace only[39m
  [32;1m✓[39;22m[90m [39m[90mit has private constructor[39m
  [32;1m✓[39;22m[90m [39m[90mit is immutable readonly[39m
  [32;1m✓[39;22m[90m [39m[90mvalue equality with same values[39m
  [32;1m✓[39;22m[90m [39m[90mvalue inequality different article[39m
  [32;1m✓[39;22m[90m [39m[90mvalue inequality different reference text[39m
  [32;1m✓[39;22m[90m [39m[90mvalue inequality one with text one without[39m
  [32;1m✓[39;22m[90m [39m[90mis semantic citation only no logic methods[39m

  [30;42;1m PASS [39;49;22m[39m Tests\Unit\Contexts\Governance\Domain\ValueObjects\DecisionTraceTest[39m
  [32;1m✓[39;22m[90m [39m[90mit creates decision trace with required fields[39m
  [32;1m✓[39;22m[90m [39m[90mevaluated rules cannot be empty[39m
  [32;1m✓[39;22m[90m [39m[90mmatched clauses can be empty[39m
  [32;1m✓[39;22m[90m [39m[90mrejected constraints can be empty[39m
  [32;1m✓[39;22m[90m [39m[90mauthority path validation delegated to vo[39m
  [32;1m✓[39;22m[90m [39m[90mauthority path must start with icc delegated to vo[39m
  [32;1m✓[39;22m[90m [39m[90madjudicated by validation delegated to vo[39m
  [32;1m✓[39;22m[90m [39m[90mit has private constructor[39m
  [32;1m✓[39;22m[90m [39m[90mit is immutable readonly[39m
  [32;1m✓[39;22m[90m [39m[90mvalue equality[39m
  [32;1m✓[39;22m[90m [39m[90mvalue inequality different evaluated rules[39m
  [32;1m✓[39;22m[90m [39m[90mvalue inequality different authority path[39m
  [32;1m✓[39;22m[90m [39m[90mis forensic audit record only[39m

  [39;41;1m FAIL [39;49;22m[39m Tests\Unit\Contexts\Membership\Application\Committee\AssignMemberToCommitteeHandlerTest[39m
  [31;1m⨯[39;22m[90m [39m[90mthrows when member not found[39m
  [31;1m⨯[39;22m[90m [39m[90mthrows when committee not found[39m
  [31;1m⨯[39;22m[90m [39m[90mthrows when member has no residence for geographic committee[39m
  [31;1m⨯[39;22m[90m [39m[90massigns member to central committee without geo check[39m
  [31;1m⨯[39;22m[90m [39m[90mthrows when member geo not in committee area[39m
  [31;1m⨯[39;22m[90m [39m[90massigns member when residence is within committee area[39m
                        
  [39;41;1m FAIL [39;49;22m[39m Tests\Unit\Contexts\Membership\Application\Committee\CommitteeSlugAvailabilityServiceTest[39m
  [32;1m✓[39;22m[90m [39m[90mcheck returns not exists for available slug[39m[90m                                                                 [39m [90m0.16s[39m  
  [32;1m✓[39;22m[90m [39m[90mcheck returns exists for taken slug[39m[90m                                                                         [39m [90m0.18s[39m  
  [31;1m⨯[39;22m[90m [39m[90mcheck provides numeric suggestions[39m[90m                                                                          [39m [90m0.15s[39m  
  [31;1m⨯[39;22m[90m [39m[90mcheck skips taken numeric suggestions[39m[90m                                                                       [39m [90m0.14s[39m  
  [31;1m⨯[39;22m[90m [39m[90mcheck provides semantic suggestions[39m[90m                                                                         [39m [90m0.14s[39m  
  [31;1m⨯[39;22m[90m [39m[90mcheck returns max three suggestions[39m[90m                                                                         [39m [90m0.18s[39m  
  [31;1m⨯[39;22m[90m [39m[90mcheck is tenant scoped[39m[90m                                                                                      [39m [90m0.27s[39m  
  [32;1m✓[39;22m[90m [39m[90mcheck provides error key for taken slug[39m[90m                                                                     [39m [90m0.27s[39m  
            
  [39;41;1m FAIL [39;49;22m[39m Tests\Unit\Contexts\Membership\Application\Committee\GetCommitteeDashboardTest[39m
  [31;1m⨯[39;22m[90m [39m[90mreturns dashboard view for existing committee[39m
  [31;1m⨯[39;22m[90m [39m[90mthrows committee not found when id does not exist[39m
  [31;1m⨯[39;22m[90m [39m[90mthrows committee not found for different tenant[39m
  [31;1m⨯[39;22m[90m [39m[90mreturns view with empty sub committees for central[39m

  [30;42;1m PASS [39;49;22m[39m Tests\Unit\Contexts\Membership\Application\Committee\Services\CommitteeCategoryDerivationServiceTest[39m
  [32;1m✓[39;22m[90m [39m[90mderive with explicit type returns that type[39m[90m                                                                 [39m [90m0.01s[39m  
  [32;1m✓[39;22m[90m [39m[90mderive with explicit wing type returns wing[39m
  [32;1m✓[39;22m[90m [39m[90mderive with geo unit id derives from admin level[39m
  [32;1m✓[39;22m[90m [39m[90mderive with geo unit id and explicit type prefers type[39m
  [32;1m✓[39;22m[90m [39m[90mderive with geo unit id resolve fails defaults to central[39m
  [32;1m✓[39;22m[90m [39m[90mderive with no type no geo defaults to central[39m
  [32;1m✓[39;22m[90m [39m[90mderive with admin level 4 returns ward[39m

  [30;42;1m PASS [39;49;22m[39m Tests\Unit\Contexts\Membership\Application\Committee\UseCases\CreateCommittee\CreateCommitteeUseCaseTest[39m
  [32;1m✓[39;22m[90m [39m[90mcreates committee with valid assignment[39m[90m                                                                     [39m [90m0.01s[39m  
  [32;1m✓[39;22m[90m [39m[90mrejects invalid assignment[39m
  [32;1m✓[39;22m[90m [39m[90mcommittee emits established event[39m

  [39;41;1m FAIL [39;49;22m[39m Tests\Unit\Contexts\Membership\Application\Membership\ApplyForCommitteeMembershipHandlerTest[39m
  [31;1m⨯[39;22m[90m [39m[90mresidence application is stored and event is emitted[39m
  [31;1m⨯[39;22m[90m [39m[90mexception requires justification[39m
  [31;1m⨯[39;22m[90m [39m[90mmanual application skips eligibility check[39m
  [31;1m⨯[39;22m[90m [39m[90mineligible residence application is rejected[39m
  [31;1m⨯[39;22m[90m [39m[90mduplicate application is rejected[39m

  [39;41;1m FAIL [39;49;22m[39m Tests\Unit\Contexts\Membership\Application\Membership\RestoreMembershipHandlerTest[39m
  [31;1m⨯[39;22m[90m [39m[90mrestore suspended membership[39m[90m                                                                                [39m [90m0.01s[39m  
  [32;1m✓[39;22m[90m [39m[90mrestore active membership throws[39m
  [32;1m✓[39;22m[90m [39m[90mrestore non existent lineage throws[39m

  [39;41;1m FAIL [39;49;22m[39m Tests\Unit\Contexts\Membership\Application\Membership\ReviewMembershipApplicationHandlerTest[39m
  [31;1m⨯[39;22m[90m [39m[90mapprove creates committee association[39m
  [31;1m⨯[39;22m[90m [39m[90mreject marks application rejected[39m
  [31;1m⨯[39;22m[90m [39m[90mcannot approve already approved[39m
  [31;1m⨯[39;22m[90m [39m[90mcannot approve rejected application[39m

  [39;41;1m FAIL [39;49;22m[39m Tests\Unit\Contexts\Membership\Application\Membership\SuspendMembershipHandlerTest[39m
  [31;1m⨯[39;22m[90m [39m[90msuspend active membership[39m
  [32;1m✓[39;22m[90m [39m[90msuspend non active membership throws[39m
  [32;1m✓[39;22m[90m [39m[90msuspend non existent lineage throws[39m

  [39;41;1m FAIL [39;49;22m[39m Tests\Unit\Contexts\Membership\Application\Membership\TerminateMembershipHandlerTest[39m
  [31;1m⨯[39;22m[90m [39m[90mterminate active membership[39m
  [31;1m⨯[39;22m[90m [39m[90mterminate suspended membership[39m
  [32;1m✓[39;22m[90m [39m[90mterminate already terminated throws[39m
  [32;1m✓[39;22m[90m [39m[90mterminate non existent lineage throws[39m

  [39;41;1m FAIL [39;49;22m[39m Tests\Unit\Contexts\Membership\Domain\Committee\CommitteeAssignmentTest[39m
  [31;1m⨯[39;22m[90m [39m[90mreconstruct creates assignment with all fields[39m[90m                                                              [39m [90m0.01s[39m  
  [32;1m✓[39;22m[90m [39m[90mreconstruct with null optional fields works[39m
  [32;1m✓[39;22m[90m [39m[90mreconstruct with left date sets is active false[39m
  [32;1m✓[39;22m[90m [39m[90mreconstruct without left date sets is active true[39m
  [32;1m✓[39;22m[90m [39m[90mreconstruct preserves joined date timezone[39m
  [32;1m✓[39;22m[90m [39m[90mreconstruct with volunteered nomination type works[39m
  [32;1m✓[39;22m[90m [39m[90mreconstruct with metadata preserves complex data[39m

  [30;42;1m PASS [39;49;22m[39m Tests\Unit\Contexts\Membership\Domain\Committee\CommitteeConstitutionLifecycleTest[39m
  [32;1m✓[39;22m[90m [39m[90mit creates committee with identity[39m[90m                                                                          [39m [90m0.01s[39m  
  [32;1m✓[39;22m[90m [39m[90mit emits created event[39m

  [30;42;1m PASS [39;49;22m[39m Tests\Unit\Contexts\Membership\Domain\Committee\CommitteePolicyResolverTest[39m
  [32;1m✓[39;22m[90m [39m[90mcentral maps to level 1[39m
  [32;1m✓[39;22m[90m [39m[90mprovince maps to level 2[39m
  [32;1m✓[39;22m[90m [39m[90mdistrict maps to level 3[39m
  [32;1m✓[39;22m[90m [39m[90mward maps to level 4[39m
  [32;1m✓[39;22m[90m [39m[90mwing categories map to level 1[39m
  [32;1m✓[39;22m[90m [39m[90mcentral category resolves to central type and structure[39m
  [32;1m✓[39;22m[90m [39m[90mprovince category resolves to geographic type[39m
  [32;1m✓[39;22m[90m [39m[90mdistrict category resolves to geographic type[39m
  [32;1m✓[39;22m[90m [39m[90mward category resolves to geographic type[39m
  [32;1m✓[39;22m[90m [39m[90myouth category resolves to youth wing[39m
  [32;1m✓[39;22m[90m [39m[90mwomen category resolves to women wing[39m
  [32;1m✓[39;22m[90m [39m[90mstudent category resolves to student wing[39m
  [32;1m✓[39;22m[90m [39m[90mgeographic categories never resolve to central[39m
  [32;1m✓[39;22m[90m [39m[90mthrows when category level not in structure[39m

  [30;42;1m PASS [39;49;22m[39m Tests\Unit\Contexts\Membership\Domain\Committee\CommitteeReconstitutionTest[39m
  [32;1m✓[39;22m[90m [39m[90mreconstruct with structure creates committee[39m
  [32;1m✓[39;22m[90m [39m[90mreconstruct without structure throws logic exception[39m
  [32;1m✓[39;22m[90m [39m[90mreconstruct with empty assignments exposes via get assignments[39m
  [32;1m✓[39;22m[90m [39m[90mreconstruct with assignments exposes them correctly[39m
  [32;1m✓[39;22m[90m [39m[90mreconstruct enforces structure required[39m
  [32;1m✓[39;22m[90m [39m[90massign member on reconstituted committee has structure available[39m
  [32;1m✓[39;22m[90m [39m[90mreconstruct with pre loaded assignments keeps them loaded[39m

  [30;42;1m PASS [39;49;22m[39m Tests\Unit\Contexts\Membership\Domain\Committee\CommitteeStructureRegistryTest[39m
  [32;1m✓[39;22m[90m [39m[90mfor type central returns central committee structure[39m
  [32;1m✓[39;22m[90m [39m[90mfor type province returns geographic committee structure[39m
  [32;1m✓[39;22m[90m [39m[90mfor type district returns geographic committee structure[39m
  [32;1m✓[39;22m[90m [39m[90mfor type ward returns geographic committee structure[39m
  [32;1m✓[39;22m[90m [39m[90mfor type youth returns youth wing structure[39m
  [32;1m✓[39;22m[90m [39m[90mfor type women returns women wing structure[39m
  [32;1m✓[39;22m[90m [39m[90mfor type student returns student wing structure[39m
  [32;1m✓[39;22m[90m [39m[90mfor type unknown throws domain exception[39m

  [30;42;1m PASS [39;49;22m[39m Tests\Unit\Contexts\Membership\Domain\Committee\CommitteeTest[39m
  [32;1m✓[39;22m[90m [39m[90mgeographic committee requires geo reference[39m
  [32;1m✓[39;22m[90m [39m[90mcentral committee rejects geo reference[39m
  [32;1m✓[39;22m[90m [39m[90mcentral committee created without geography[39m
  [32;1m✓[39;22m[90m [39m[90mgeographic committee created with geo reference[39m
  [32;1m✓[39;22m[90m [39m[90mcommittee formation records domain event[39m
  [32;1m✓[39;22m[90m [39m[90mrole limit enforced by strategy[39m
  [32;1m✓[39;22m[90m [39m[90massignment lifecycle consistency[39m

  [30;42;1m PASS [39;49;22m[39m Tests\Unit\Contexts\Membership\Domain\Committee\GovernanceStateTest[39m
  [32;1m✓[39;22m[90m [39m[90mfresh state is active[39m
  [32;1m✓[39;22m[90m [39m[90msuspend active committee[39m
  [32;1m✓[39;22m[90m [39m[90mcannot suspend dissolved committee[39m
  [32;1m✓[39;22m[90m [39m[90mrestore suspended committee[39m
  [32;1m✓[39;22m[90m [39m[90mcannot restore dissolved committee[39m
  [32;1m✓[39;22m[90m [39m[90mdissolve active committee[39m
  [32;1m✓[39;22m[90m [39m[90mdissolve is terminal[39m
  [32;1m✓[39;22m[90m [39m[90mattach to valid parent[39m
  [32;1m✓[39;22m[90m [39m[90mcannot attach to self[39m
  [32;1m✓[39;22m[90m [39m[90mstart term[39m
  [32;1m✓[39;22m[90m [39m[90mcannot extend term backward[39m
  [32;1m✓[39;22m[90m [39m[90mextend term forward[39m
  [32;1m✓[39;22m[90m [39m[90mreconstruct applies all state[39m

  [30;42;1m PASS [39;49;22m[39m Tests\Unit\Contexts\Membership\Domain\Committee\Policies\CommitteeEligibilityPolicyTest[39m
  [32;1m✓[39;22m[90m [39m[90mis eligible returns true with data set "central committee covers all members"[39m[90m                               [39m [90m0.01s[39m  
  [32;1m✓[39;22m[90m [39m[90mis eligible returns true with data set "same geo unit"[39m
  [32;1m✓[39;22m[90m [39m[90mis eligible returns true with data set "member is direct child of committee"[39m
  [32;1m✓[39;22m[90m [39m[90mis eligible returns true with data set "member is deep descendant of committee"[39m
  [32;1m✓[39;22m[90m [39m[90mis eligible returns true with data set "central committee covers member with no residence"[39m
  [32;1m✓[39;22m[90m [39m[90mis eligible returns false with data set "member in different branch"[39m
  [32;1m✓[39;22m[90m [39m[90mis eligible returns false with data set "member is ancestor of committee (reversed)"[39m
  [32;1m✓[39;22m[90m [39m[90mis eligible returns false with data set "geographic committee with member without residence"[39m
  [32;1m✓[39;22m[90m [39m[90mis eligible returns false with data set "completely different hierarchy"[39m

  [30;42;1m PASS [39;49;22m[39m Tests\Unit\Contexts\Membership\Domain\Committee\Policies\CommitteeHierarchyPolicyTest[39m
  [32;1m✓[39;22m[90m [39m[90mit rejects self cycle[39m
  [32;1m✓[39;22m[90m [39m[90mit allows valid parent attachment[39m
  [32;1m✓[39;22m[90m [39m[90mit rejects graph cycle with direct ancestor[39m
  [32;1m✓[39;22m[90m [39m[90mit rejects graph cycle with grandparent[39m
  [32;1m✓[39;22m[90m [39m[90mit allows attachment when child is not in ancestors[39m
  [32;1m✓[39;22m[90m [39m[90mit handles complex hierarchy[39m

  [30;42;1m PASS [39;49;22m[39m Tests\Unit\Contexts\Membership\Domain\Committee\Policies\GovernancePolicyTest[39m
  [32;1m✓[39;22m[90m [39m[90mallows valid assignment[39m
  [32;1m✓[39;22m[90m [39m[90mrejects invalid assignment[39m
  [32;1m✓[39;22m[90m [39m[90mrejects absent assignment[39m

  [30;42;1m PASS [39;49;22m[39m Tests\Unit\Contexts\Membership\Domain\Committee\Services\GeographicEligibilityValidatorTest[39m
  [32;1m✓[39;22m[90m [39m[90mvalidate with data set "eligible: member in committee area"[39m[90m                                                 [39m [90m0.03s[39m  
  [32;1m✓[39;22m[90m [39m[90mvalidate with data set "ineligible: member in different branch"[39m
  [32;1m✓[39;22m[90m [39m[90mvalidate with data set "central committee (empty path) covers all"[39m
  [32;1m✓[39;22m[90m [39m[90mvalidate with data set "null member jurisdiction"[39m
  [32;1m✓[39;22m[90m [39m[90mvalidate with data set "null committee jurisdiction"[39m
  [32;1m✓[39;22m[90m [39m[90mvalidate with data set "both null"[39m

  [30;42;1m PASS [39;49;22m[39m Tests\Unit\Contexts\Membership\Domain\Committee\ValueObjects\CommitteeFactsTest[39m
  [32;1m✓[39;22m[90m [39m[90mit contains complete policy snapshot[39m
  [32;1m✓[39;22m[90m [39m[90mit represents committee without term[39m
  [32;1m✓[39;22m[90m [39m[90mit represents suspended committee[39m
  [32;1m✓[39;22m[90m [39m[90mit represents dissolved committee[39m
  [32;1m✓[39;22m[90m [39m[90mit does not expose mutability[39m

  [30;42;1m PASS [39;49;22m[39m Tests\Unit\Contexts\Membership\Domain\Committee\ValueObjects\CommitteeIdTest[39m
  [32;1m✓[39;22m[90m [39m[90mit generates valid uuid[39m
  [32;1m✓[39;22m[90m [39m[90mit creates committee id from string[39m
  [32;1m✓[39;22m[90m [39m[90mit rejects empty string[39m
  [32;1m✓[39;22m[90m [39m[90mit rejects whitespace only[39m
  [32;1m✓[39;22m[90m [39m[90mit supports value equality[39m
  [32;1m✓[39;22m[90m [39m[90mit detects unequal ids[39m
  [32;1m✓[39;22m[90m [39m[90mit is string castable[39m
  [32;1m✓[39;22m[90m [39m[90mit is readonly[39m

  [30;42;1m PASS [39;49;22m[39m Tests\Unit\Contexts\Membership\Domain\Committee\ValueObjects\CommitteeSlugTest[39m
  [32;1m✓[39;22m[90m [39m[90mfrom string normalizes input[39m
  [32;1m✓[39;22m[90m [39m[90mfrom string removes special characters[39m[90m                                                                      [39m [90m0.02s[39m  
  [32;1m✓[39;22m[90m [39m[90mfrom string collapses multiple hyphens[39m
  [32;1m✓[39;22m[90m [39m[90mfrom string trims leading trailing hyphens[39m
  [32;1m✓[39;22m[90m [39m[90mfrom string throws on empty[39m
  [32;1m✓[39;22m[90m [39m[90mfrom string throws on reserved admin[39m
  [32;1m✓[39;22m[90m [39m[90mfrom string throws on reserved api[39m
  [32;1m✓[39;22m[90m [39m[90mfrom string throws on reserved dashboard[39m
  [32;1m✓[39;22m[90m [39m[90mfrom string throws on reserved settings[39m
  [32;1m✓[39;22m[90m [39m[90mfrom name uses slug helper[39m
  [32;1m✓[39;22m[90m [39m[90mto string returns value[39m
  [32;1m✓[39;22m[90m [39m[90mvalue returns normalized string[39m
  [32;1m✓[39;22m[90m [39m[90mslug is immutable[39m

  [30;42;1m PASS [39;49;22m[39m Tests\Unit\Contexts\Membership\Domain\Committee\ValueObjects\EffectivePeriodTest[39m
  [32;1m✓[39;22m[90m [39m[90mit accepts open ended period[39m[90m                                                                                [39m [90m0.01s[39m  
  [32;1m✓[39;22m[90m [39m[90mit accepts bounded period[39m
  [32;1m✓[39;22m[90m [39m[90mit rejects bounded period with end before start[39m
  [32;1m✓[39;22m[90m [39m[90mit rejects bounded period with equal start and end[39m
  [32;1m✓[39;22m[90m [39m[90mit detects active open ended period[39m
  [32;1m✓[39;22m[90m [39m[90mit detects active bounded period[39m
  [32;1m✓[39;22m[90m [39m[90mit detects expired bounded period[39m
  [32;1m✓[39;22m[90m [39m[90mit detects future bounded period[39m
  [32;1m✓[39;22m[90m [39m[90mit supports value equality[39m
  [32;1m✓[39;22m[90m [39m[90mit detects unequal periods[39m
  [32;1m✓[39;22m[90m [39m[90mit detects unequal open ended vs bounded[39m
  [32;1m✓[39;22m[90m [39m[90mit is immutable[39m

  [30;42;1m PASS [39;49;22m[39m Tests\Unit\Contexts\Membership\Domain\Committee\ValueObjects\MemberIdTest[39m
  [32;1m✓[39;22m[90m [39m[90mit creates member id from string[39m
  [32;1m✓[39;22m[90m [39m[90mit rejects empty string[39m
  [32;1m✓[39;22m[90m [39m[90mit rejects whitespace only[39m
  [32;1m✓[39;22m[90m [39m[90mit normalizes whitespace[39m
  [32;1m✓[39;22m[90m [39m[90mit supports value equality[39m
  [32;1m✓[39;22m[90m [39m[90mit detects unequal member ids[39m
  [32;1m✓[39;22m[90m [39m[90mit is string castable[39m
  [32;1m✓[39;22m[90m [39m[90mit is readonly[39m

  [30;42;1m PASS [39;49;22m[39m Tests\Unit\Contexts\Membership\Domain\Committee\ValueObjects\TermPeriodTest[39m
  [32;1m✓[39;22m[90m [39m[90mit accepts valid period[39m
  [32;1m✓[39;22m[90m [39m[90mit rejects end before start[39m
  [32;1m✓[39;22m[90m [39m[90mit rejects equal start and end[39m
  [32;1m✓[39;22m[90m [39m[90mit is active between boundaries[39m
  [32;1m✓[39;22m[90m [39m[90mit is active at start boundary[39m
  [32;1m✓[39;22m[90m [39m[90mit is active at end boundary[39m
  [32;1m✓[39;22m[90m [39m[90mit is inactive before start[39m
  [32;1m✓[39;22m[90m [39m[90mit is inactive after end[39m
  [32;1m✓[39;22m[90m [39m[90mit supports value equality[39m
  [32;1m✓[39;22m[90m [39m[90mit detects unequal periods[39m
  [32;1m✓[39;22m[90m [39m[90mit is immutable[39m

  [39;41;1m FAIL [39;49;22m[39m Tests\Unit\Contexts\Membership\Domain\Fee\FeeTest[39m
  [31;1m⨯[39;22m[90m [39m[90mfee starts as pending[39m[90m                                                                                       [39m [90m0.01s[39m  
  [31;1m⨯[39;22m[90m [39m[90mmark as paid with payment details transitions status[39m
  [31;1m⨯[39;22m[90m [39m[90mmark as paid stores payment details on fee[39m
  [31;1m⨯[39;22m[90m [39m[90mmark as paid fires fee paid event[39m
  [31;1m⨯[39;22m[90m [39m[90mmark as paid on already paid fee throws domain exception[39m
  [31;1m⨯[39;22m[90m [39m[90mmark as paid on overdue fee is allowed[39m
  [31;1m⨯[39;22m[90m [39m[90mwaive transitions status to waived[39m
  [31;1m⨯[39;22m[90m [39m[90mwaive on paid fee throws domain exception[39m
  [31;1m⨯[39;22m[90m [39m[90mwaive on overdue fee throws domain exception[39m
  [31;1m⨯[39;22m[90m [39m[90mwaive fires fee waived event with reason[39m
  [31;1m⨯[39;22m[90m [39m[90mpaid fee has payment details[39m
  [31;1m⨯[39;22m[90m [39m[90munpaid fee has no payment details[39m

  [39;41;1m FAIL [39;49;22m[39m Tests\Unit\Contexts\Membership\Domain\Fee\PaymentPolicyTest[39m
  [31;1m⨯[39;22m[90m [39m[90mallows pending fee for matching tenant[39m[90m                                                                      [39m [90m0.01s[39m  
  [31;1m⨯[39;22m[90m [39m[90mallows overdue fee for matching tenant[39m
  [31;1m⨯[39;22m[90m [39m[90mthrows when fee belongs to different tenant[39m
  [31;1m⨯[39;22m[90m [39m[90mthrows when fee is already paid[39m
  [31;1m⨯[39;22m[90m [39m[90mthrows when transaction reference already exists[39m
  [31;1m⨯[39;22m[90m [39m[90mallows null transaction reference without duplicate check[39m

  [39;41;1m FAIL [39;49;22m[39m Tests\Unit\Contexts\Membership\Domain\Member\MemberTest[39m
  [31;1m⨯[39;22m[90m [39m[90mmember can be registered[39m[90m                                                                                    [39m [90m0.01s[39m  
  [31;1m⨯[39;22m[90m [39m[90mmember records registration event[39m
  [31;1m⨯[39;22m[90m [39m[90mmember can be activated[39m
  [31;1m⨯[39;22m[90m [39m[90mmember cannot be suspended if already suspended[39m
  [31;1m⨯[39;22m[90m [39m[90mmember can be suspended[39m
  [31;1m⨯[39;22m[90m [39m[90mmember can be archived[39m
  [31;1m⨯[39;22m[90m [39m[90mmember status transitions are valid[39m
  [31;1m⨯[39;22m[90m [39m[90mmember cannot transition from archived[39m

  [30;42;1m PASS [39;49;22m[39m Tests\Unit\Contexts\Membership\Domain\Membership\MembershipApplicationTest[39m
  [32;1m✓[39;22m[90m [39m[90mcan submit residence application when eligible[39m[90m                                                              [39m [90m0.01s[39m  
  [32;1m✓[39;22m[90m [39m[90mrejects ineligible residence application[39m
  [32;1m✓[39;22m[90m [39m[90mexception application requires justification[39m
  [32;1m✓[39;22m[90m [39m[90mmanual application skips eligibility check[39m
  [32;1m✓[39;22m[90m [39m[90mapprove transitions to approved and returns association[39m
  [32;1m✓[39;22m[90m [39m[90mreject transitions to rejected[39m
  [32;1m✓[39;22m[90m [39m[90mcannot approve already approved[39m
  [32;1m✓[39;22m[90m [39m[90mcannot approve rejected application[39m
  [32;1m✓[39;22m[90m [39m[90mcannot reject already rejected application[39m
  [32;1m✓[39;22m[90m [39m[90msubmission emits committee membership application submitted event[39m
  [32;1m✓[39;22m[90m [39m[90mapproval emits committee membership application approved event[39m
                  
  [30;42;1m PASS [39;49;22m[39m Tests\Unit\Contexts\Membership\Infrastructure\Repositories\CommitteeRepositoryTest[39m
  [32;1m✓[39;22m[90m [39m[90mrepository persists assignment on save[39m[90m                                                                      [39m [90m0.17s[39m  
  [32;1m✓[39;22m[90m [39m[90mrepository loads assignments on find[39m[90m                                                                        [39m [90m0.15s[39m  
  [32;1m✓[39;22m[90m [39m[90mrepository syncs removed assignments[39m[90m                                                                        [39m [90m0.17s[39m  
  [32;1m✓[39;22m[90m [39m[90mrepository updates existing assignment on save[39m[90m                                                              [39m [90m0.18s[39m  
  [32;1m✓[39;22m[90m [39m[90mround trip assign save reload see assignment[39m[90m                                                                [39m [90m0.17s[39m  
  [32;1m✓[39;22m[90m [39m[90mround trip remove save reload see no active assignment[39m[90m                                                      [39m [90m0.27s[39m  
               
  [39;41;1m FAIL [39;49;22m[39m Tests\Unit\Contexts\Membership\Infrastructure\Repositories\EloquentCommitteeRepositoryTest[39m
  [31;1m⨯[39;22m[90m [39m[90msave persists committee for current tenant[39m[90m                                                                  [39m [90m0.16s[39m  
  [31;1m⨯[39;22m[90m [39m[90mfind returns null for different tenant[39m[90m                                                                      [39m [90m0.15s[39m  
  [31;1m⨯[39;22m[90m [39m[90mfind by geography returns only own tenant committees[39m[90m                                                        [39m [90m0.14s[39m  
  [31;1m⨯[39;22m[90m [39m[90mrepository prevents cross tenant leak[39m[90m                                                                       [39m [90m0.15s[39m  
  [31;1m⨯[39;22m[90m [39m[90mraw db query bypasses tenant isolation[39m[90m                                                                      [39m [90m0.16s[39m  

  [30;42;1m PASS [39;49;22m[39m Tests\Unit\Contexts\Membership\Infrastructure\Services\CanonicalGeoSerializerTest[39m
  [32;1m✓[39;22m[90m [39m[90mserializes full identity region country geo[39m
  [32;1m✓[39;22m[90m [39m[90mserializes without region[39m
  [32;1m✓[39;22m[90m [39m[90mserializes without country[39m
  [32;1m✓[39;22m[90m [39m[90mserializes minimal geo only[39m
  [32;1m✓[39;22m[90m [39m[90mserialize returns null when no geo unit[39m
  [32;1m✓[39;22m[90m [39m[90mserialize is deterministic[39m
  [32;1m✓[39;22m[90m [39m[90mdeserializes full string[39m
  [32;1m✓[39;22m[90m [39m[90mdeserializes partial string without region[39m
  [32;1m✓[39;22m[90m [39m[90mdeserialize returns null on null input[39m
  [32;1m✓[39;22m[90m [39m[90mdeserialize returns null on empty string[39m
  [32;1m✓[39;22m[90m [39m[90mdeserialize returns null on invalid format[39m
  [32;1m✓[39;22m[90m [39m[90mdeserialize returns null when missing geo[39m
  [32;1m✓[39;22m[90m [39m[90mdeserialize ignores unknown keys[39m
  [32;1m✓[39;22m[90m [39m[90mserialize deserialize roundtrip[39m

  [30;42;1m PASS [39;49;22m[39m Tests\Unit\Contracts\VoterEligibilityPolicyContractTest[39m
  [32;1m✓[39;22m[90m [39m[90minterface exists[39m
  [32;1m✓[39;22m[90m [39m[90minterface has is eligible method[39m
  [32;1m✓[39;22m[90m [39m[90minterface is contract only[39m
                           
  [39;41;1m FAIL [39;49;22m[39m Tests\Unit\Controllers\DemoResultControllerTest[39m
  [31;1m⨯[39;22m[90m [39m[90mmode 1 returns global demo results[39m[90m                                                                          [39m [90m0.21s[39m  
  [31;1m⨯[39;22m[90m [39m[90mmode 2 returns organisation scoped results[39m[90m                                                                  [39m [90m0.21s[39m  
  [31;1m⨯[39;22m[90m [39m[90mdata isolation mode1 does not see mode2 data[39m[90m                                                                [39m [90m0.21s[39m  
  [31;1m⨯[39;22m[90m [39m[90mvote counting is accurate[39m[90m                                                                                   [39m [90m0.18s[39m  
  [31;1m⨯[39;22m[90m [39m[90mno vote option counted correctly[39m[90m                                                                            [39m [90m0.29s[39m  
  [32;1m✓[39;22m[90m [39m[90mdemo result requires authentication[39m[90m                                                                         [39m [90m0.17s[39m  
  [31;1m⨯[39;22m[90m [39m[90mpdf download mode1 works[39m[90m                                                                                    [39m [90m0.20s[39m  
  [31;1m⨯[39;22m[90m [39m[90mpdf download mode2 works[39m[90m                                                                                    [39m [90m0.21s[39m  
  [31;1m⨯[39;22m[90m [39m[90mverify results endpoint[39m[90m                                                                                     [39m [90m0.24s[39m  
                              
  [39;41;1m FAIL [39;49;22m[39m Tests\Unit\Controllers\VoteControllerValidationTest[39m
  [31;1m⨯[39;22m[90m [39m[90mrejects vote submission to demo election[39m
  [31;1m⨯[39;22m[90m [39m[90mrejects vote with mismatched organisation[39m
  [31;1m⨯[39;22m[90m [39m[90mallows vote with matching organisation[39m
  [31;1m⨯[39;22m[90m [39m[90mexplicitly sets organisation id on vote[39m
  [31;1m⨯[39;22m[90m [39m[90mexplicitly sets organisation id on results[39m
  [31;1m⨯[39;22m[90m [39m[90mvalidation happens before transaction[39m
  [31;1m⨯[39;22m[90m [39m[90mtransaction rolls back on model validation failure[39m
  [31;1m⨯[39;22m[90m [39m[90mlogs contain required security fields[39m
  [31;1m⨯[39;22m[90m [39m[90merror messages are user friendly[39m
  [31;1m⨯[39;22m[90m [39m[90mcontroller validation works with model validation[39m
            
  [39;41;1m FAIL [39;49;22m[39m Tests\Unit\DemoVoteVerificationFlowTest[39m
  [31;1m⨯[39;22m[90m [39m[90mdemo vote voting code is concatenated with vote id[39m[90m                                                          [39m [90m0.23s[39m  
  [31;1m⨯[39;22m[90m [39m[90mdemo vote can be found by voting code[39m[90m                                                                       [39m [90m0.21s[39m  
  [31;1m⨯[39;22m[90m [39m[90mdifferent demo votes have different voting codes[39m[90m                                                            [39m [90m0.33s[39m  
  [31;1m⨯[39;22m[90m [39m[90mdemo vote with no candidates can be retrieved by voting code[39m[90m                                                [39m [90m0.36s[39m  

  [30;42;1m PASS [39;49;22m[39m Tests\Unit\Demo\CandidateMappingLogicTest[39m
  [32;1m✓[39;22m[90m [39m[90mcandidate mapping with user name[39m
  [32;1m✓[39;22m[90m [39m[90mcandidate mapping fallback[39m
  [32;1m✓[39;22m[90m [39m[90mcorrect field names used[39m
         
  [39;41;1m FAIL [39;49;22m[39m Tests\Unit\Demo\DemoCandidateMappingTest[39m
  [31;1m⨯[39;22m[90m [39m[90mcandidate mapping uses correct fields[39m[90m                                                                       [39m [90m0.16s[39m  
  [31;1m⨯[39;22m[90m [39m[90mcandidate mapping with user name fallback[39m[90m                                                                   [39m [90m0.16s[39m  
  [31;1m⨯[39;22m[90m [39m[90mcandidate mapping fallback to candidacy name[39m[90m                                                                [39m [90m0.26s[39m  

  [39;41;1m FAIL [39;49;22m[39m Tests\Unit\Domain\CommitteeCreationPolicyTest[39m
  [31;1m⨯[39;22m[90m [39m[90mpasses for active structure valid level and correct geo[39m
  [31;1m⨯[39;22m[90m [39m[90mthrows for draft structure[39m
  [31;1m⨯[39;22m[90m [39m[90mthrows for unknown level index[39m
  [31;1m⨯[39;22m[90m [39m[90mthrows when required geo is null[39m
  [31;1m⨯[39;22m[90m [39m[90mpasses when optional geo is null[39m

  [39;41;1m FAIL [39;49;22m[39m Tests\Unit\Domain\CommitteeLevelTest[39m
  [32;1m✓[39;22m[90m [39m[90mgeo policy none does not require geo[39m
  [32;1m✓[39;22m[90m [39m[90mgeo policy required throws when geo null[39m
  [32;1m✓[39;22m[90m [39m[90mgeo policy optional passes when geo null[39m
  [32;1m✓[39;22m[90m [39m[90mgeo scope stores code string[39m
  [31;1m⨯[39;22m[90m [39m[90mcommittee level rejects index below 1[39m
  [31;1m⨯[39;22m[90m [39m[90mcommittee level rejects index above 10[39m
  [31;1m⨯[39;22m[90m [39m[90mcommittee level required policy needs geo scope[39m
  [31;1m⨯[39;22m[90m [39m[90mcommittee level none policy allows null geo scope[39m
  [31;1m⨯[39;22m[90m [39m[90mcommittee level to array roundtrip[39m
  [32;1m✓[39;22m[90m [39m[90mcommittee level from array restores all fields[39m
  [31;1m⨯[39;22m[90m [39m[90mcommittee level role limits defaults to empty array[39m

  [39;41;1m FAIL [39;49;22m[39m Tests\Unit\Domain\CommitteeStructureInvariantsTest[39m
  [31;1m⨯[39;22m[90m [39m[90mcannot skip level indexes[39m
  [31;1m⨯[39;22m[90m [39m[90mcannot create level with index 0[39m
  [31;1m⨯[39;22m[90m [39m[90mindex range constraint enforced at level creation[39m
  [32;1m✓[39;22m[90m [39m[90mstructure must have at least one level[39m
  [31;1m⨯[39;22m[90m [39m[90mall levels must have unique indexes[39m
  [31;1m⨯[39;22m[90m [39m[90mvalid structure with all 10 levels[39m
  [31;1m⨯[39;22m[90m [39m[90mget level with valid index[39m
  [31;1m⨯[39;22m[90m [39m[90massert can create committee validates status[39m
  [31;1m⨯[39;22m[90m [39m[90massert can create committee validates level exists[39m
  [31;1m⨯[39;22m[90m [39m[90massert can create committee validates geo policy[39m

  [39;41;1m FAIL [39;49;22m[39m Tests\Unit\Domain\CommitteeStructureStateMachineTest[39m
  [31;1m⨯[39;22m[90m [39m[90mcannot activate already active structure[39m
  [31;1m⨯[39;22m[90m [39m[90mcannot evolve draft structure[39m
  [31;1m⨯[39;22m[90m [39m[90mcannot evolve deprecated structure[39m
  [31;1m⨯[39;22m[90m [39m[90mstate transitions follow lifecycle[39m
  [31;1m⨯[39;22m[90m [39m[90mversion increments on evolve[39m
  [31;1m⨯[39;22m[90m [39m[90mactivation emits event with level count[39m
  [31;1m⨯[39;22m[90m [39m[90mcannot activate structure without levels[39m

  [39;41;1m FAIL [39;49;22m[39m Tests\Unit\Domain\CommitteeStructureTest[39m
  [31;1m⨯[39;22m[90m [39m[90mcan create structure in draft status[39m
  [32;1m✓[39;22m[90m [39m[90mrejects empty levels[39m
  [31;1m⨯[39;22m[90m [39m[90mrejects duplicate level indexes[39m
  [31;1m⨯[39;22m[90m [39m[90mrejects non contiguous level indexes[39m
  [31;1m⨯[39;22m[90m [39m[90mget level returns correct level[39m
  [31;1m⨯[39;22m[90m [39m[90mget level throws for unknown index[39m
  [31;1m⨯[39;22m[90m [39m[90mactivate changes status to active[39m
  [31;1m⨯[39;22m[90m [39m[90mevolve deprecates current and returns new draft[39m
  [31;1m⨯[39;22m[90m [39m[90mcannot create committee against draft structure[39m
  [31;1m⨯[39;22m[90m [39m[90mcannot create committee against deprecated structure[39m
  [31;1m⨯[39;22m[90m [39m[90mdomain event emitted on define[39m
                                       
  [30;42;1m PASS [39;49;22m[39m Tests\Unit\Domain\CommitteeStructure\TemporalIdentityTest[39m
  [32;1m✓[39;22m[90m [39m[90moriginal structure has version one[39m[90m                                                                          [39m [90m0.15s[39m  
  [32;1m✓[39;22m[90m [39m[90moriginal structure has no parent[39m[90m                                                                            [39m [90m0.14s[39m  
  [32;1m✓[39;22m[90m [39m[90mevolved structure increments version[39m[90m                                                                        [39m [90m0.23s[39m  
  [32;1m✓[39;22m[90m [39m[90mevolved structure records parent[39m[90m                                                                            [39m [90m0.13s[39m  
  [32;1m✓[39;22m[90m [39m[90mversion increments monotonically across chain[39m[90m                                                               [39m [90m0.14s[39m  
  [32;1m✓[39;22m[90m [39m[90mlineage chain is reconstructable[39m[90m                                                                            [39m [90m0.28s[39m  
  [32;1m✓[39;22m[90m [39m[90mevolution preserves tenant lineage[39m[90m                                                                          [39m [90m0.15s[39m  
  [32;1m✓[39;22m[90m [39m[90mstructure can have effective from date[39m[90m                                                                      [39m [90m0.14s[39m  
  [32;1m✓[39;22m[90m [39m[90mstructure can have effective until date[39m[90m                                                                     [39m [90m0.15s[39m  
  [32;1m✓[39;22m[90m [39m[90mevolved structure starts as draft[39m[90m                                                                           [39m [90m0.14s[39m  
  [32;1m✓[39;22m[90m [39m[90mparent becomes deprecated on evolution[39m[90m                                                                      [39m [90m0.16s[39m  
  [32;1m✓[39;22m[90m [39m[90mstructure reconstructs with full temporal context[39m[90m                                                           [39m [90m0.13s[39m  
  [32;1m✓[39;22m[90m [39m[90mreconstruction preserves lineage identity[39m[90m                                                                   [39m [90m0.13s[39m  
                                    
  [30;42;1m PASS [39;49;22m[39m Tests\Unit\Domain\CommitteeStructure\TemporalIntegrityConstraintsTest[39m
  [32;1m✓[39;22m[90m [39m[90mcannot create duplicate version within tenant[39m[90m                                                               [39m [90m0.17s[39m  
  [32;1m✓[39;22m[90m [39m[90mversion numbers are unique per tenant isolation[39m[90m                                                             [39m [90m0.16s[39m  
  [32;1m✓[39;22m[90m [39m[90mcannot create multiple draft successors[39m[90m                                                                     [39m [90m0.16s[39m  
  [32;1m✓[39;22m[90m [39m[90mprevents governance branching[39m[90m                                                                               [39m [90m0.21s[39m  
  [32;1m✓[39;22m[90m [39m[90mdraft successor can be replaced[39m[90m                                                                             [39m [90m0.28s[39m  
  [32;1m✓[39;22m[90m [39m[90mcannot evolve deprecated structure[39m[90m                                                                          [39m [90m0.15s[39m  
  [32;1m✓[39;22m[90m [39m[90monly active structures can evolve[39m[90m                                                                           [39m [90m0.16s[39m  
  [32;1m✓[39;22m[90m [39m[90mcan find draft successor of structure[39m[90m                                                                       [39m [90m0.15s[39m  
  [32;1m✓[39;22m[90m [39m[90mcan find structure by version[39m[90m                                                                               [39m [90m0.14s[39m  
  [32;1m✓[39;22m[90m [39m[90mcan retrieve full lineage chain[39m[90m                                                                             [39m [90m0.15s[39m  
  [32;1m✓[39;22m[90m [39m[90mlineage chain cannot have gaps[39m[90m                                                                              [39m [90m0.16s[39m  
  [32;1m✓[39;22m[90m [39m[90monly one active structure per tenant[39m[90m                                                                        [39m [90m0.19s[39m  

  [30;42;1m PASS [39;49;22m[39m Tests\Unit\Domain\Committee\Capability\GovernanceCapabilityPolicyEngineTest[39m
  [32;1m✓[39;22m[90m [39m[90mcommittee creation denies when organisation not active[39m[90m                                                      [39m [90m0.01s[39m  
  [32;1m✓[39;22m[90m [39m[90mcommittee creation denies when actor has no authority[39m
  [32;1m✓[39;22m[90m [39m[90mcommittee creation denies when epoch not active[39m
  [32;1m✓[39;22m[90m [39m[90mcommittee creation denies geo scope violation[39m
  [32;1m✓[39;22m[90m [39m[90mcommittee creation allows when all checks pass[39m
  [32;1m✓[39;22m[90m [39m[90mstructure activation denies when actor not owner[39m
  [32;1m✓[39;22m[90m [39m[90mstructure activation allows owner[39m
  [32;1m✓[39;22m[90m [39m[90mcommittee modification allows chair managing own committee[39m
  [32;1m✓[39;22m[90m [39m[90mstructure deprecation denies non owner[39m

  [30;42;1m PASS [39;49;22m[39m Tests\Unit\Domain\Committee\Capability\TracingGovernanceCapabilityPolicyEngineTest[39m
  [32;1m✓[39;22m[90m [39m[90mcommittee creation all checks pass includes trace[39m
  [32;1m✓[39;22m[90m [39m[90mcommittee creation denied at org inactive[39m
  [32;1m✓[39;22m[90m [39m[90mcommittee creation denied at no authority[39m
  [32;1m✓[39;22m[90m [39m[90mcommittee creation denied at geo violation[39m
  [32;1m✓[39;22m[90m [39m[90mcommittee creation denied at epoch inactive[39m
  [32;1m✓[39;22m[90m [39m[90mtrace carries capability name[39m
  [32;1m✓[39;22m[90m [39m[90mtrace evaluated at is datetime immutable[39m
  [32;1m✓[39;22m[90m [39m[90mstructure activation non owner traced[39m
  [32;1m✓[39;22m[90m [39m[90mtracing can be disabled[39m

  [30;42;1m PASS [39;49;22m[39m Tests\Unit\Domain\Committee\Constitutional\ArchitectureFitnessTest[39m
  [32;1m✓[39;22m[90m [39m[90mconstitutional domain files have no laravel imports[39m
  [32;1m✓[39;22m[90m [39m[90mall constitutional vos are final and readonly[39m
  [32;1m✓[39;22m[90m [39m[90mreplay service does not depend on projection boundary[39m
  [32;1m✓[39;22m[90m [39m[90mgovernance replay service has no eloquent constructor params[39m
  [32;1m✓[39;22m[90m [39m[90mlineage graph does not import snapshot store[39m

  [39;41;1m FAIL [39;49;22m[39m Tests\Unit\Domain\Committee\Constitutional\ConstitutionalArbitrationKernelTest[39m
  [31;1m⨯[39;22m[90m [39m[90mkernel returns constitutional governance decision[39m[90m                                                           [39m [90m0.02s[39m  
  [31;1m⨯[39;22m[90m [39m[90mkernel uses clock when at is null[39m
  [31;1m⨯[39;22m[90m [39m[90mkernel uses provided at when given[39m
  [31;1m⨯[39;22m[90m [39m[90mkernel decision id matches governance decision[39m

  [30;42;1m PASS [39;49;22m[39m Tests\Unit\Domain\Committee\Constitutional\ConstitutionalArbitrationTraceTest[39m
  [32;1m✓[39;22m[90m [39m[90mhas selected node when winner present[39m
  [32;1m✓[39;22m[90m [39m[90mhas no selected node when null[39m
  [32;1m✓[39;22m[90m [39m[90mdoctrine rules preserved[39m

  [30;42;1m PASS [39;49;22m[39m Tests\Unit\Domain\Committee\Constitutional\ConstitutionalDecisionTest[39m
  [32;1m✓[39;22m[90m [39m[90mwinner node preserved[39m
  [32;1m✓[39;22m[90m [39m[90mlegitimacy set correctly[39m
  [32;1m✓[39;22m[90m [39m[90mevaluated at preserved[39m

  [39;41;1m FAIL [39;49;22m[39m Tests\Unit\Domain\Committee\Constitutional\ConstitutionalGovernanceDecisionTest[39m
  [31;1m⨯[39;22m[90m [39m[90mid delegates to governance decision[39m
  [31;1m⨯[39;22m[90m [39m[90mwinner delegates to constitutional decision[39m
  [31;1m⨯[39;22m[90m [39m[90mis constitutionally valid when legitimate[39m

  [30;42;1m PASS [39;49;22m[39m Tests\Unit\Domain\Committee\Constitutional\ConstitutionalReasonTest[39m
  [32;1m✓[39;22m[90m [39m[90mresolved factory sets code and summary[39m
  [32;1m✓[39;22m[90m [39m[90mno authority factory has invalid impact[39m
  [32;1m✓[39;22m[90m [39m[90marticle codes preserved[39m

  [30;42;1m PASS [39;49;22m[39m Tests\Unit\Domain\Committee\Constitutional\ConstitutionalScopeTest[39m
  [32;1m✓[39;22m[90m [39m[90mnational scope has correct value[39m
  [32;1m✓[39;22m[90m [39m[90mall scope cases exist[39m
  [32;1m✓[39;22m[90m [39m[90mfrom value resolves correctly[39m

  [30;42;1m PASS [39;49;22m[39m Tests\Unit\Domain\Committee\Constitutional\DefaultConstitutionalArbitrationPolicyTest[39m
  [32;1m✓[39;22m[90m [39m[90mempty classification produces expired legitimacy[39m
  [32;1m✓[39;22m[90m [39m[90mexception authority produces legitimate decision[39m
  [32;1m✓[39;22m[90m [39m[90moverride authority produces legitimate decision[39m
  [32;1m✓[39;22m[90m [39m[90mtrace records winning node id[39m
  [32;1m✓[39;22m[90m [39m[90mtrace records doctrine rule applied[39m
  [32;1m✓[39;22m[90m [39m[90mno winner produces no authority reason[39m

  [30;42;1m PASS [39;49;22m[39m Tests\Unit\Domain\Committee\Constitutional\Doctrine\ConstitutionalArticleRegistryTest[39m
  [32;1m✓[39;22m[90m [39m[90marticle reference holds id and title[39m
  [32;1m✓[39;22m[90m [39m[90mcollection add is immutable[39m
  [32;1m✓[39;22m[90m [39m[90mcollection filters by scope[39m
  [32;1m✓[39;22m[90m [39m[90mcollection to article codes returns string array[39m

  [30;42;1m PASS [39;49;22m[39m Tests\Unit\Domain\Committee\Constitutional\Doctrine\DoctrineArtifactTest[39m
  [32;1m✓[39;22m[90m [39m[90martifact holds all fields including provenance[39m
  [32;1m✓[39;22m[90m [39m[90martifact hash is deterministic[39m
  [32;1m✓[39;22m[90m [39m[90martifact hash fails for tampered rules[39m
  [32;1m✓[39;22m[90m [39m[90mis effective at true within window[39m
  [32;1m✓[39;22m[90m [39m[90mis effective at false after expiry[39m
  [32;1m✓[39;22m[90m [39m[90munordered rules produce same hash as sorted[39m

  [30;42;1m PASS [39;49;22m[39m Tests\Unit\Domain\Committee\Constitutional\Doctrine\DoctrineProvenanceTest[39m
  [32;1m✓[39;22m[90m [39m[90mprovenance holds all fields[39m
  [32;1m✓[39;22m[90m [39m[90msupersedes true when doctrine id set[39m
  [32;1m✓[39;22m[90m [39m[90mis superseded false when null[39m

  [30;42;1m PASS [39;49;22m[39m Tests\Unit\Domain\Committee\Constitutional\Doctrine\InMemoryDoctrineRegistryTest[39m
  [32;1m✓[39;22m[90m [39m[90mregistry stores and retrieves by version[39m
  [32;1m✓[39;22m[90m [39m[90mregistry returns null for unknown version[39m
  [32;1m✓[39;22m[90m [39m[90mfind effective at returns artifact in scope and time[39m

  [30;42;1m PASS [39;49;22m[39m Tests\Unit\Domain\Committee\Constitutional\Epoch\InstitutionalEpochTest[39m
  [32;1m✓[39;22m[90m [39m[90mepoch is active within window[39m
  [32;1m✓[39;22m[90m [39m[90mepoch is not active before start[39m
  [32;1m✓[39;22m[90m [39m[90mopen epoch has no end date[39m

  [39;41;1m FAIL [39;49;22m[39m Tests\Unit\Domain\Committee\Constitutional\GovernanceArchaeologyRecordTest[39m
  [31;1m⨯[39;22m[90m [39m[90mdecision id accessor returns snapshot value[39m
  [31;1m⨯[39;22m[90m [39m[90mwas constitutionally valid true for legitimate[39m
  [31;1m⨯[39;22m[90m [39m[90mwas constitutionally valid false for expired[39m
  [31;1m⨯[39;22m[90m [39m[90mtemporal accessors distinguish decided at from replayed at[39m

  [39;41;1m FAIL [39;49;22m[39m Tests\Unit\Domain\Committee\Constitutional\GovernanceDecisionSnapshotTest[39m
  [31;1m⨯[39;22m[90m [39m[90mfrom decision sets all fields[39m
  [31;1m⨯[39;22m[90m [39m[90mintegrity hash is deterministic[39m
  [31;1m⨯[39;22m[90m [39m[90mverify integrity passes for intact snapshot[39m
  [31;1m⨯[39;22m[90m [39m[90mdifferent legitimacy produces different hash[39m
  [31;1m⨯[39;22m[90m [39m[90munsorted arrays produce same hash as sorted[39m

  [30;42;1m PASS [39;49;22m[39m Tests\Unit\Domain\Committee\Constitutional\GovernanceLegitimacyTest[39m
  [32;1m✓[39;22m[90m [39m[90mlegitimate is valid[39m
  [32;1m✓[39;22m[90m [39m[90mexpired is not valid[39m
  [32;1m✓[39;22m[90m [39m[90memergency and caretaker are temporary[39m

  [39;41;1m FAIL [39;49;22m[39m Tests\Unit\Domain\Committee\Constitutional\GovernanceReplayServiceTest[39m
  [31;1m⨯[39;22m[90m [39m[90mpersist stores snapshot and returns it[39m
  [31;1m⨯[39;22m[90m [39m[90mreplay returns archaeology record for known decision[39m
  [31;1m⨯[39;22m[90m [39m[90mreplay throws governance decision not found[39m
  [31;1m⨯[39;22m[90m [39m[90mreplay throws integrity violation on tampered snapshot[39m

  [30;42;1m PASS [39;49;22m[39m Tests\Unit\Domain\Committee\Constitutional\Jurisdiction\GovernanceJurisdictionIdTest[39m
  [32;1m✓[39;22m[90m [39m[90mfrom string preserves value[39m
  [32;1m✓[39;22m[90m [39m[90mequals returns true for same value[39m
  [32;1m✓[39;22m[90m [39m[90mempty string throws invalid argument[39m

  [30;42;1m PASS [39;49;22m[39m Tests\Unit\Domain\Committee\Constitutional\LegitimacyEvaluatorTest[39m
  [32;1m✓[39;22m[90m [39m[90mactive window evaluates to legitimate[39m
  [32;1m✓[39;22m[90m [39m[90mexpired window evaluates to expired[39m
  [32;1m✓[39;22m[90m [39m[90mfuture window evaluates to pending[39m

  [30;42;1m PASS [39;49;22m[39m Tests\Unit\Domain\Committee\Constitutional\Lineage\GovernanceLineageGraphTest[39m
  [32;1m✓[39;22m[90m [39m[90mgraph stores and retrieves node[39m
  [32;1m✓[39;22m[90m [39m[90msuccessors returns linked nodes[39m
  [32;1m✓[39;22m[90m [39m[90mbranches detects fork[39m
  [32;1m✓[39;22m[90m [39m[90mlinear graph has no branches[39m

  [39;41;1m FAIL [39;49;22m[39m Tests\Unit\Domain\Committee\Constitutional\ProjectionIsolationTest[39m
  [32;1m✓[39;22m[90m [39m[90mprojector constructor does not accept governance decision store[39m
  [31;1m⨯[39;22m[90m [39m[90mcorrupted projection does not affect snapshot integrity[39m
  [31;1m⨯[39;22m[90m [39m[90marchaeology record does not implement projection boundary[39m

  [30;42;1m PASS [39;49;22m[39m Tests\Unit\Domain\Committee\Constitutional\Provenance\GovernanceProvenanceTest[39m
  [32;1m✓[39;22m[90m [39m[90mprovenance holds all fields[39m
  [32;1m✓[39;22m[90m [39m[90mwas migrated true when version set[39m
  [32;1m✓[39;22m[90m [39m[90mis certified false when id null[39m

  [39;41;1m FAIL [39;49;22m[39m Tests\Unit\Domain\Committee\Constitutional\ReplayCompatibilityTest[39m
  [31;1m⨯[39;22m[90m [39m[90msnapshot v1 replays to identical archaeology record[39m
  [31;1m⨯[39;22m[90m [39m[90mcanonicalization stability unsorted arrays same fingerprint[39m
  [31;1m⨯[39;22m[90m [39m[90msnapshot mutation resistance single field[39m
  [31;1m⨯[39;22m[90m [39m[90mserializer cross check matches inline hashing[39m
  [31;1m⨯[39;22m[90m [39m[90mconstitutional drift stored legitimacy used not live evaluation[39m
  [31;1m⨯[39;22m[90m [39m[90msemantic fingerprint stability field order invariance[39m

  [30;42;1m PASS [39;49;22m[39m Tests\Unit\Domain\Committee\Constitutional\ReplayPersistenceVerificationTest[39m
  [32;1m✓[39;22m[90m [39m[90mpersist then replay returns same legitimacy[39m
  [32;1m✓[39;22m[90m [39m[90mreplay fingerprint matches persisted snapshot[39m
  [32;1m✓[39;22m[90m [39m[90mintegrity hash verifies after round trip[39m

  [30;42;1m PASS [39;49;22m[39m Tests\Unit\Domain\Committee\Constitutional\Replay\ReplayCertificationTest[39m
  [32;1m✓[39;22m[90m [39m[90mcertification equivalent when all 5 dimensions match[39m
  [32;1m✓[39;22m[90m [39m[90mcertification detects legitimacy drift[39m
  [32;1m✓[39;22m[90m [39m[90mcertification detects scope drift[39m
  [32;1m✓[39;22m[90m [39m[90mcertification detects doctrine version drift[39m
  [32;1m✓[39;22m[90m [39m[90mcertification reason names all breach dimensions[39m

  [30;42;1m PASS [39;49;22m[39m Tests\Unit\Domain\Committee\Constitutional\Replay\ScopeAwareReplayValidatorTest[39m
  [32;1m✓[39;22m[90m [39m[90mnational snapshot validates under national scope[39m
  [32;1m✓[39;22m[90m [39m[90mnational snapshot throws when replayed under regional scope[39m
  [32;1m✓[39;22m[90m [39m[90mnull scope snapshot validates under any scope[39m
  [32;1m✓[39;22m[90m [39m[90mscope mismatch exception message contains both scopes[39m

  [30;42;1m PASS [39;49;22m[39m Tests\Unit\Domain\Committee\Constitutional\SemanticInvarianceTest[39m
  [32;1m✓[39;22m[90m [39m[90msame reason with enum or string produces identical json[39m
  [32;1m✓[39;22m[90m [39m[90mfingerprint stable regardless of rules insertion order[39m
  [32;1m✓[39;22m[90m [39m[90mreplay uses stored legitimacy not live evaluation[39m
  [32;1m✓[39;22m[90m [39m[90mconstitutional replay fingerprint unaffected by non semantic fields[39m
  [32;1m✓[39;22m[90m [39m[90msnapshot integrity unaffected by governance provenance addition[39m

  [30;42;1m PASS [39;49;22m[39m Tests\Unit\Domain\Committee\Constitutional\Semantics\ArchitectureFitnessTest[39m
  [32;1m✓[39;22m[90m [39m[90mall semantic classes are final[39m[90m                                                                              [39m [90m0.01s[39m  
  [32;1m✓[39;22m[90m [39m[90mall semantic exceptions are final[39m
  [32;1m✓[39;22m[90m [39m[90msemantic layer has no laravel imports[39m
  [32;1m✓[39;22m[90m [39m[90msemantic code has no setters[39m
  [32;1m✓[39;22m[90m [39m[90msemantic definition has no setters[39m
  [32;1m✓[39;22m[90m [39m[90msemantic registry enforces deterministic ordering[39m
  [32;1m✓[39;22m[90m [39m[90msemantic collection enforces uniqueness[39m
  [32;1m✓[39;22m[90m [39m[90msemantic evolution policy prevents mutations[39m
  [32;1m✓[39;22m[90m [39m[90msemantic definition properties are immutable[39m

  [30;42;1m PASS [39;49;22m[39m Tests\Unit\Domain\Committee\Constitutional\Semantics\GovernanceSemanticCategoryTest[39m
  [32;1m✓[39;22m[90m [39m[90mauthority category exists[39m
  [32;1m✓[39;22m[90m [39m[90mlegitimacy category exists[39m
  [32;1m✓[39;22m[90m [39m[90mdelegation category exists[39m
  [32;1m✓[39;22m[90m [39m[90mparticipation category exists[39m
  [32;1m✓[39;22m[90m [39m[90mcertification category exists[39m
  [32;1m✓[39;22m[90m [39m[90mtemporal category exists[39m
  [32;1m✓[39;22m[90m [39m[90mjurisdiction category exists[39m
  [32;1m✓[39;22m[90m [39m[90mmandate category exists[39m
  [32;1m✓[39;22m[90m [39m[90mconflict category exists[39m
  [32;1m✓[39;22m[90m [39m[90mprovenance category exists[39m
  [32;1m✓[39;22m[90m [39m[90mcategory values are immutable[39m
  [32;1m✓[39;22m[90m [39m[90mcategory names remain stable[39m

  [30;42;1m PASS [39;49;22m[39m Tests\Unit\Domain\Committee\Constitutional\Semantics\GovernanceSemanticCodeTest[39m
  [32;1m✓[39;22m[90m [39m[90msemantic code preserves exact value[39m
  [32;1m✓[39;22m[90m [39m[90msemantic code equality works[39m
  [32;1m✓[39;22m[90m [39m[90msemantic code rejects empty values[39m
  [32;1m✓[39;22m[90m [39m[90msemantic code rejects whitespace only values[39m
  [32;1m✓[39;22m[90m [39m[90msemantic code normalizes casing consistently[39m
  [32;1m✓[39;22m[90m [39m[90msemantic code is immutable[39m
  [32;1m✓[39;22m[90m [39m[90msemantic code supports replay safe equality[39m

  [30;42;1m PASS [39;49;22m[39m Tests\Unit\Domain\Committee\Constitutional\Semantics\GovernanceSemanticCollectionTest[39m
  [32;1m✓[39;22m[90m [39m[90mcollection constructed from array[39m
  [32;1m✓[39;22m[90m [39m[90mcollection add returns new instance[39m
  [32;1m✓[39;22m[90m [39m[90mcollection prevents duplicate codes[39m
  [32;1m✓[39;22m[90m [39m[90mcollection retrieves by code[39m
  [32;1m✓[39;22m[90m [39m[90mcollection returns null for unknown code[39m
  [32;1m✓[39;22m[90m [39m[90mcollection all returns deterministic order[39m
  [32;1m✓[39;22m[90m [39m[90mcollection canonical serialization is deterministic[39m
  [32;1m✓[39;22m[90m [39m[90mcollection serialization produces valid json[39m
  [32;1m✓[39;22m[90m [39m[90mempty collection is valid[39m
  [32;1m✓[39;22m[90m [39m[90mcollection count is accurate[39m

  [30;42;1m PASS [39;49;22m[39m Tests\Unit\Domain\Committee\Constitutional\Semantics\GovernanceSemanticDefinitionTest[39m
  [32;1m✓[39;22m[90m [39m[90msemantic definition contains category[39m
  [32;1m✓[39;22m[90m [39m[90msemantic definition contains semantic code[39m
  [32;1m✓[39;22m[90m [39m[90msemantic definition contains canonical meaning[39m
  [32;1m✓[39;22m[90m [39m[90msemantic definition contains replay implications[39m
  [32;1m✓[39;22m[90m [39m[90msemantic definition contains legitimacy implications[39m
  [32;1m✓[39;22m[90m [39m[90msemantic definition is immutable[39m
  [32;1m✓[39;22m[90m [39m[90msemantic definition supports deterministic serialization[39m
  [32;1m✓[39;22m[90m [39m[90msemantic meaning cannot be empty[39m
  [32;1m✓[39;22m[90m [39m[90mreplay implications cannot be empty[39m

  [30;42;1m PASS [39;49;22m[39m Tests\Unit\Domain\Committee\Constitutional\Semantics\GovernanceSemanticRegistryTest[39m
  [32;1m✓[39;22m[90m [39m[90msemantic definition can be registered[39m
  [32;1m✓[39;22m[90m [39m[90msemantic definition can be retrieved by code[39m
  [32;1m✓[39;22m[90m [39m[90mduplicate semantic code throws exception[39m
  [32;1m✓[39;22m[90m [39m[90munknown semantic code returns null[39m
  [32;1m✓[39;22m[90m [39m[90mregistry preserves deterministic ordering[39m
  [32;1m✓[39;22m[90m [39m[90mregistry serialization is canonical[39m
  [32;1m✓[39;22m[90m [39m[90mregistry cannot mutate registered definitions[39m

  [30;42;1m PASS [39;49;22m[39m Tests\Unit\Domain\Committee\Constitutional\Semantics\SemanticEvolutionPolicyTest[39m
  [32;1m✓[39;22m[90m [39m[90msemantic meaning may not change after publication[39m
  [32;1m✓[39;22m[90m [39m[90mreplay implications may not change retroactively[39m
  [32;1m✓[39;22m[90m [39m[90mlegitimacy implications may not change retroactively[39m
  [32;1m✓[39;22m[90m [39m[90msemantic additions are allowed[39m
  [32;1m✓[39;22m[90m [39m[90msemantic removal is prohibited[39m
  [32;1m✓[39;22m[90m [39m[90msemantic category mutation is prohibited[39m
  [32;1m✓[39;22m[90m [39m[90mpolicy violation throws correct exception[39m

  [30;42;1m PASS [39;49;22m[39m Tests\Unit\Domain\Committee\Constitutional\Semantics\SemanticInvarianceTest[39m
  [32;1m✓[39;22m[90m [39m[90msame semantic definition produces same serialization[39m
  [32;1m✓[39;22m[90m [39m[90mdeterministic ordering across collections[39m
  [32;1m✓[39;22m[90m [39m[90msemantic evolution policy prevents drift[39m
  [32;1m✓[39;22m[90m [39m[90midentical registrations produce identical hashes[39m
  [32;1m✓[39;22m[90m [39m[90mhistorical semantics remain canonical[39m
  [32;1m✓[39;22m[90m [39m[90msemantic category filter preserves invariance[39m
  [32;1m✓[39;22m[90m [39m[90mcollection immutability preserves invariance[39m
  [32;1m✓[39;22m[90m [39m[90mempty collection invariance[39m

  [30;42;1m PASS [39;49;22m[39m Tests\Unit\Domain\Committee\Constitutional\SnapshotMetadataTest[39m
  [32;1m✓[39;22m[90m [39m[90mmetadata holds all version fields[39m
  [32;1m✓[39;22m[90m [39m[90mreplay engine version constant is defined[39m

  [39;41;1m FAIL [39;49;22m[39m Tests\Unit\Domain\Committee\Constitutional\Snapshot\CanonicalConstitutionalSerializerTest[39m
  [32;1m✓[39;22m[90m [39m[90mserialize reason produces deterministic output[39m
  [32;1m✓[39;22m[90m [39m[90mserialize trace produces deterministic output[39m
  [32;1m✓[39;22m[90m [39m[90munordered arrays serialize to same string[39m
  [31;1m⨯[39;22m[90m [39m[90mserializer reason output matches from decision inline logic[39m
  [31;1m⨯[39;22m[90m [39m[90mserializer trace output matches from decision inline logic[39m

  [39;41;1m FAIL [39;49;22m[39m Tests\Unit\Domain\Committee\Constitutional\Snapshot\ConstitutionalReplayFingerprintTest[39m
  [31;1m⨯[39;22m[90m [39m[90mfingerprint from same snapshot is identical[39m
  [31;1m⨯[39;22m[90m [39m[90mdifferent doctrine versions produce different fingerprints[39m
  [31;1m⨯[39;22m[90m [39m[90mdifferent legitimacy produces different fingerprint[39m
  [31;1m⨯[39;22m[90m [39m[90mstructural only fields do not affect fingerprint[39m

  [39;41;1m FAIL [39;49;22m[39m Tests\Unit\Domain\Committee\Constitutional\Snapshot\SnapshotDecompositionTest[39m
  [31;1m⨯[39;22m[90m [39m[90midentity groups correct fields[39m
  [31;1m⨯[39;22m[90m [39m[90mdecision data groups correct fields[39m
  [31;1m⨯[39;22m[90m [39m[90mtrace data groups correct fields[39m
  [31;1m⨯[39;22m[90m [39m[90mintegrity data groups correct fields[39m

  [39;41;1m FAIL [39;49;22m[39m Tests\Unit\Domain\Committee\Constitutional\Snapshot\SnapshotIntegrityHashTest[39m
  [31;1m⨯[39;22m[90m [39m[90mfrom snapshot produces non empty hash string[39m
  [31;1m⨯[39;22m[90m [39m[90mverify passes for intact snapshot[39m
  [31;1m⨯[39;22m[90m [39m[90mverify fails for tampered snapshot[39m

  [30;42;1m PASS [39;49;22m[39m Tests\Unit\Domain\Committee\Constitutional\Snapshot\SnapshotMigrationPolicyTest[39m
  [32;1m✓[39;22m[90m [39m[90mnoop policy can migrate same version[39m
  [32;1m✓[39;22m[90m [39m[90mnoop policy cannot migrate different versions[39m

  [30;42;1m PASS [39;49;22m[39m Tests\Unit\Domain\Committee\Constitutional\Snapshot\SnapshotSchemaVersionTest[39m
  [32;1m✓[39;22m[90m [39m[90mcurrent constant resolves to version string[39m
  [32;1m✓[39;22m[90m [39m[90mfrom string creates comparable version[39m
  [32;1m✓[39;22m[90m [39m[90mis compatible with same version true different false[39m

  [30;42;1m PASS [39;49;22m[39m Tests\Unit\Domain\Committee\Constitutional\TemporalAuthorityWindowTest[39m
  [32;1m✓[39;22m[90m [39m[90mopen ended window is active after start[39m
  [32;1m✓[39;22m[90m [39m[90mwindow is pending before start[39m
  [32;1m✓[39;22m[90m [39m[90mwindow is expired after end[39m
  [32;1m✓[39;22m[90m [39m[90mboundary dates are active[39m
  [32;1m✓[39;22m[90m [39m[90minvalid window throws when end before start[39m

  [30;42;1m PASS [39;49;22m[39m Tests\Unit\Domain\Committee\Constitutional\Timeline\GovernanceTimelineProjectionTest[39m
  [32;1m✓[39;22m[90m [39m[90mprojection holds all fields[39m
  [32;1m✓[39;22m[90m [39m[90mwas constitutionally valid true for legitimate[39m
  [32;1m✓[39;22m[90m [39m[90mwas constitutionally valid false for expired[39m

  [39;41;1m FAIL [39;49;22m[39m Tests\Unit\Domain\Committee\Constitutional\Timeline\GovernanceTimelineProjectorTest[39m
  [31;1m⨯[39;22m[90m [39m[90mproject returns timeline projection[39m
  [31;1m⨯[39;22m[90m [39m[90mprojection decision id matches snapshot[39m
  [31;1m⨯[39;22m[90m [39m[90mprojection is deterministic[39m

  [30;42;1m PASS [39;49;22m[39m Tests\Unit\Domain\Committee\Constitutional\Timeline\TimelineSequencePolicyTest[39m
  [32;1m✓[39;22m[90m [39m[90mdecided at policy orders earlier decision first[39m
  [32;1m✓[39;22m[90m [39m[90mpersisted at policy orders by persistence time[39m
  [32;1m✓[39;22m[90m [39m[90msame timestamp produces zero[39m

  [30;42;1m PASS [39;49;22m[39m Tests\Unit\Domain\Committee\Constitutional\TypedConstitutionalSemanticsTest[39m
  [32;1m✓[39;22m[90m [39m[90mconstitutional severity values match legacy constants[39m
  [32;1m✓[39;22m[90m [39m[90mlegitimacy impact values match legacy constants[39m
  [32;1m✓[39;22m[90m [39m[90mconstitutional reason accepts typed severity[39m
  [32;1m✓[39;22m[90m [39m[90mconstitutional reason factory produces typed impact[39m
  [32;1m✓[39;22m[90m [39m[90mcanonical serializer json unchanged after typed migration[39m

  [30;42;1m PASS [39;49;22m[39m Tests\Unit\Domain\Committee\Events\GovernanceDecisionProducedTest[39m
  [32;1m✓[39;22m[90m [39m[90mevent name is stable[39m
  [32;1m✓[39;22m[90m [39m[90mmetadata is structured and complete[39m
  [32;1m✓[39;22m[90m [39m[90mversion is set to one by default[39m

  [30;42;1m PASS [39;49;22m[39m Tests\Unit\Domain\Committee\Factories\CommitteeGeoIdentityFactoryTest[39m
  [32;1m✓[39;22m[90m [39m[90mcreate with valid id returns identity[39m
  [32;1m✓[39;22m[90m [39m[90mcreate with invalid id forwards exception[39m

  [30;42;1m PASS [39;49;22m[39m Tests\Unit\Domain\Committee\Geo\AuthorityClassifierTest[39m
  [32;1m✓[39;22m[90m [39m[90mnull root and no reachable returns empty classification[39m
  [32;1m✓[39;22m[90m [39m[90mroot node becomes direct authority[39m
  [32;1m✓[39;22m[90m [39m[90mauthority type edge classified as delegated[39m
  [32;1m✓[39;22m[90m [39m[90moverride type edge classified as override[39m
  [32;1m✓[39;22m[90m [39m[90mexception zone node classified as exception regardless of edge type[39m

  [30;42;1m PASS [39;49;22m[39m Tests\Unit\Domain\Committee\Geo\AuthorityResolverTest[39m
  [32;1m✓[39;22m[90m [39m[90mno matching node returns none authority[39m
  [32;1m✓[39;22m[90m [39m[90mdirect jurisdiction resolved for exact scope match[39m
  [32;1m✓[39;22m[90m [39m[90mdelegated jurisdictions populated from edges[39m
  [32;1m✓[39;22m[90m [39m[90moverride edges populate exception zones[39m
  [32;1m✓[39;22m[90m [39m[90mauthority score is 100 for direct jurisdiction[39m
  [32;1m✓[39;22m[90m [39m[90minactive root node returns none authority[39m

  [30;42;1m PASS [39;49;22m[39m Tests\Unit\Domain\Committee\Geo\ConflictDetectionEngineTest[39m
  [32;1m✓[39;22m[90m [39m[90mempty classification has no conflicts[39m
  [32;1m✓[39;22m[90m [39m[90msingle direct authority has no conflicts[39m
  [32;1m✓[39;22m[90m [39m[90mmultiple authorities trigger multi authority conflict[39m
  [32;1m✓[39;22m[90m [39m[90mexception zones trigger exception present conflict[39m
  [32;1m✓[39;22m[90m [39m[90moverrides trigger override present conflict[39m
  [32;1m✓[39;22m[90m [39m[90mdirect and delegated together trigger direct vs delegated conflict[39m

  [30;42;1m PASS [39;49;22m[39m Tests\Unit\Domain\Committee\Geo\DefaultAuthorityPrecedencePolicyTest[39m
  [32;1m✓[39;22m[90m [39m[90mempty classification returns empty ranking[39m
  [32;1m✓[39;22m[90m [39m[90mdirect authority has score 60[39m
  [32;1m✓[39;22m[90m [39m[90moverride ranked above direct[39m
  [32;1m✓[39;22m[90m [39m[90mexception zone ranked highest with score 100[39m

  [30;42;1m PASS [39;49;22m[39m Tests\Unit\Domain\Committee\Geo\GeoAuthorityGraphTest[39m
  [32;1m✓[39;22m[90m [39m[90mreachable from isolated node returns empty[39m
  [32;1m✓[39;22m[90m [39m[90mreachable through single active edge[39m
  [32;1m✓[39;22m[90m [39m[90mreachable through chain a to b to c[39m
  [32;1m✓[39;22m[90m [39m[90mexpired edge not traversed[39m
  [32;1m✓[39;22m[90m [39m[90mfuture edge not traversed[39m
  [32;1m✓[39;22m[90m [39m[90minactive target node excluded[39m
  [32;1m✓[39;22m[90m [39m[90mcycle detection terminates gracefully[39m
  [32;1m✓[39;22m[90m [39m[90mhas authority path true via valid delegation[39m
  [32;1m✓[39;22m[90m [39m[90mhas authority path false for disconnected nodes[39m

  [39;41;1m FAIL [39;49;22m[39m Tests\Unit\Domain\Committee\Geo\GovernanceDecisionKernelTest[39m
  [31;1m⨯[39;22m[90m [39m[90mkernel returns governance decision type[39m
  [31;1m⨯[39;22m[90m [39m[90mevaluation reflects capability engine result[39m
  [31;1m⨯[39;22m[90m [39m[90mclassification is empty without authority graph[39m
  [31;1m⨯[39;22m[90m [39m[90mno conflicts detected without graph[39m
  [31;1m⨯[39;22m[90m [39m[90moverride edge classified into override authority bucket[39m
  [31;1m⨯[39;22m[90m [39m[90mexception zone node classified into exceptions bucket[39m
  [31;1m⨯[39;22m[90m [39m[90mkernel records governance decision produced event[39m
  [31;1m⨯[39;22m[90m [39m[90mkernel decision always has final authority decision[39m
  [31;1m⨯[39;22m[90m [39m[90mempty graph produces none final decision[39m
  [31;1m⨯[39;22m[90m [39m[90mexception node in graph resolves as exception source[39m

  [39;41;1m FAIL [39;49;22m[39m Tests\Unit\Domain\Committee\Geo\Kernel\GovernanceDecisionIdTest[39m
  [31;1m⨯[39;22m[90m [39m[90mgenerate produces valid uuid format[39m
  [31;1m⨯[39;22m[90m [39m[90mfrom string preserves value[39m
  [31;1m⨯[39;22m[90m [39m[90mtwo generated ids are not equal[39m

  [30;42;1m PASS [39;49;22m[39m Tests\Unit\Domain\Committee\Geo\Resolution\DefaultConflictResolutionPolicyTest[39m
  [32;1m✓[39;22m[90m [39m[90mempty classification resolves to none[39m
  [32;1m✓[39;22m[90m [39m[90msingle exception wins[39m
  [32;1m✓[39;22m[90m [39m[90mexception beats override and direct[39m
  [32;1m✓[39;22m[90m [39m[90moverride wins without exception[39m
  [32;1m✓[39;22m[90m [39m[90moverride beats direct and delegated[39m
  [32;1m✓[39;22m[90m [39m[90mdirect wins without exception or override[39m
  [32;1m✓[39;22m[90m [39m[90mdirect beats delegated[39m
  [32;1m✓[39;22m[90m [39m[90mdelegated wins as last resort[39m
  [32;1m✓[39;22m[90m [39m[90mmultiple exceptions uses stable selection[39m

  [30;42;1m PASS [39;49;22m[39m Tests\Unit\Domain\Committee\Geo\Resolution\FinalAuthorityDecisionTest[39m
  [32;1m✓[39;22m[90m [39m[90mnone factory produces unresolved decision[39m
  [32;1m✓[39;22m[90m [39m[90mfrom factory produces resolved decision[39m
  [32;1m✓[39;22m[90m [39m[90mresolution reason preserved[39m

  [30;42;1m PASS [39;49;22m[39m Tests\Unit\Domain\Committee\Geo\Resolution\StableAuthoritySelectionPolicyTest[39m
  [32;1m✓[39;22m[90m [39m[90msingle node is returned[39m
  [32;1m✓[39;22m[90m [39m[90mlexicographically first id wins[39m
  [32;1m✓[39;22m[90m [39m[90malready sorted input is stable[39m

  [30;42;1m PASS [39;49;22m[39m Tests\Unit\Domain\Committee\Policies\CommitteeClassificationPolicyTest[39m
  [32;1m✓[39;22m[90m [39m[90madmin level 0 resolves to central[39m
  [32;1m✓[39;22m[90m [39m[90madmin level 1 resolves to central[39m
  [32;1m✓[39;22m[90m [39m[90madmin level 2 resolves to geographic[39m
  [32;1m✓[39;22m[90m [39m[90madmin level 3 resolves to geographic[39m
  [32;1m✓[39;22m[90m [39m[90madmin level 4 resolves to geographic[39m
  [32;1m✓[39;22m[90m [39m[90madmin level 5 resolves to geographic[39m
  [32;1m✓[39;22m[90m [39m[90mwith wing youth resolves to youth wing[39m
  [32;1m✓[39;22m[90m [39m[90mwith wing women resolves to women wing[39m
  [32;1m✓[39;22m[90m [39m[90mwith wing student resolves to student wing[39m
  [32;1m✓[39;22m[90m [39m[90mis geographic eligible level 0 returns false[39m
  [32;1m✓[39;22m[90m [39m[90mis geographic eligible level 1 returns false[39m
  [32;1m✓[39;22m[90m [39m[90mis geographic eligible level 2 returns true[39m
  [32;1m✓[39;22m[90m [39m[90mis geographic eligible level 5 returns true[39m
  [32;1m✓[39;22m[90m [39m[90mresolve is deterministic[39m
  [32;1m✓[39;22m[90m [39m[90madmin level 0 maps to central[39m
  [32;1m✓[39;22m[90m [39m[90madmin level 1 maps to central[39m
  [32;1m✓[39;22m[90m [39m[90madmin level 2 maps to province[39m
  [32;1m✓[39;22m[90m [39m[90madmin level 3 maps to district[39m
  [32;1m✓[39;22m[90m [39m[90madmin level 4 maps to ward[39m
  [32;1m✓[39;22m[90m [39m[90madmin level 5 maps to ward[39m

  [30;42;1m PASS [39;49;22m[39m Tests\Unit\Domain\Committee\Ports\GeographicJurisdictionTest[39m
  [32;1m✓[39;22m[90m [39m[90mcan be constructed with valid values[39m[90m                                                                        [39m [90m0.01s[39m  
  [32;1m✓[39;22m[90m [39m[90mis readonly cannot be modified[39m
  [32;1m✓[39;22m[90m [39m[90mtwo instances with same values are equal[39m
  [32;1m✓[39;22m[90m [39m[90mtwo instances with different values are not equal[39m

  [30;42;1m PASS [39;49;22m[39m Tests\Unit\Domain\Committee\Projections\GeoSemanticProjectionTest[39m
  [32;1m✓[39;22m[90m [39m[90mcan be constructed with all fields[39m
  [32;1m✓[39;22m[90m [39m[90mthrows for invalid geo unit id[39m
  [32;1m✓[39;22m[90m [39m[90mthrows for invalid admin level[39m
  [32;1m✓[39;22m[90m [39m[90mtwo projections with same values are equal[39m
  [32;1m✓[39;22m[90m [39m[90mtwo projections with different values are not equal[39m
  [32;1m✓[39;22m[90m [39m[90mcan accept empty region code[39m
  [32;1m✓[39;22m[90m [39m[90madmin level zero is valid[39m
  [32;1m✓[39;22m[90m [39m[90madmin level ten is valid[39m

  [30;42;1m PASS [39;49;22m[39m Tests\Unit\Domain\Committee\Services\GeoSemanticProjectionBuilderTest[39m
  [32;1m✓[39;22m[90m [39m[90mbuild with valid id returns projection[39m
  [32;1m✓[39;22m[90m [39m[90mbuild with unresolvable id returns null[39m
  [32;1m✓[39;22m[90m [39m[90mbuild delegates to provider[39m
  [32;1m✓[39;22m[90m [39m[90mbuild maps all fields correctly[39m
                        
  [30;42;1m PASS [39;49;22m[39m Tests\Unit\Domain\Committee\TemporalSnapshotTest[39m
  [32;1m✓[39;22m[90m [39m[90mcommittee snapshots created from structure id[39m[90m                                                               [39m [90m0.25s[39m  
  [32;1m✓[39;22m[90m [39m[90mcommittee snapshots structure version[39m[90m                                                                       [39m [90m0.14s[39m  
  [32;1m✓[39;22m[90m [39m[90mcommittee can be created with version context[39m[90m                                                               [39m [90m0.24s[39m  
  [32;1m✓[39;22m[90m [39m[90mcommittee snapshot is immutable after creation[39m[90m                                                              [39m [90m0.25s[39m  
  [32;1m✓[39;22m[90m [39m[90mcommittees from different structure versions are distinguishable[39m[90m                                            [39m [90m0.13s[39m  
  [32;1m✓[39;22m[90m [39m[90mcommittee reconstruction preserves temporal identity[39m[90m                                                        [39m [90m0.16s[39m  
  [32;1m✓[39;22m[90m [39m[90mcan query committee created from structure version[39m[90m                                                          [39m [90m0.26s[39m  
  [32;1m✓[39;22m[90m [39m[90mtemporal snapshot enables governance archaeology[39m[90m                                                            [39m [90m0.14s[39m  

  [30;42;1m PASS [39;49;22m[39m Tests\Unit\Domain\Committee\ValueObjects\CommitteeGeoIdentityTest[39m
  [32;1m✓[39;22m[90m [39m[90mcan be constructed with valid geo unit id[39m
  [32;1m✓[39;22m[90m [39m[90mthrows for negative geo unit id[39m
  [32;1m✓[39;22m[90m [39m[90mthrows for zero geo unit id[39m
  [32;1m✓[39;22m[90m [39m[90mtwo identical identities are equal[39m
  [32;1m✓[39;22m[90m [39m[90mtwo different identities are not equal[39m

  [30;42;1m PASS [39;49;22m[39m Tests\Unit\Domain\Election\Constitution\NetworkThresholdInterpreterTest[39m
  [32;1m✓[39;22m[90m [39m[90munverified threshold[39m
  [32;1m✓[39;22m[90m [39m[90mattested threshold[39m
  [32;1m✓[39;22m[90m [39m[90mcontinuity verified threshold[39m
  [32;1m✓[39;22m[90m [39m[90mregistrar attested threshold[39m
  [32;1m✓[39;22m[90m [39m[90mdeterministic same input same output[39m
  [32;1m✓[39;22m[90m [39m[90minteger only math[39m
  [32;1m✓[39;22m[90m [39m[90mzero max votes[39m
  [32;1m✓[39;22m[90m [39m[90msingle max vote[39m
  [32;1m✓[39;22m[90m [39m[90mis pure function with no side effects[39m
            
  [39;41;1m FAIL [39;49;22m[39m Tests\Unit\Domain\Election\ElectionConstitutionTargetStateTest[39m
  [32;1m✓[39;22m[90m [39m[90mall actions have target state[39m[90m                                                                               [39m [90m0.25s[39m  
  [31;1m⨯[39;22m[90m [39m[90mtarget states are correct[39m[90m                                                                                   [39m [90m0.14s[39m  
  [32;1m✓[39;22m[90m [39m[90mall target states are valid enum values[39m[90m                                                                     [39m [90m0.16s[39m  
  [32;1m✓[39;22m[90m [39m[90mtarget state is what engine derives after transition[39m[90m                                                        [39m [90m0.16s[39m  

  [30;42;1m PASS [39;49;22m[39m Tests\Unit\Domain\Election\ElectionConstitutionTest[39m
  [32;1m✓[39;22m[90m [39m[90mconstitution has rules for all actions[39m
  [32;1m✓[39;22m[90m [39m[90mget rules for action returns rule structure[39m
  [32;1m✓[39;22m[90m [39m[90mis action allowed in state checks state[39m
  [32;1m✓[39;22m[90m [39m[90madministration requires committee roles[39m
  [32;1m✓[39;22m[90m [39m[90monly chief can open voting[39m
  [32;1m✓[39;22m[90m [39m[90mcomplete administration has preconditions[39m
  [32;1m✓[39;22m[90m [39m[90mopen voting requires voting window[39m
  [32;1m✓[39;22m[90m [39m[90munknown action throws exception[39m
                                    
  [30;42;1m PASS [39;49;22m[39m Tests\Unit\Domain\Election\ElectionLifecycleEngineTest[39m
  [32;1m✓[39;22m[90m [39m[90mengine returns snapshot for any election[39m[90m                                                                    [39m [90m0.14s[39m  
  [32;1m✓[39;22m[90m [39m[90mdraft state when election just created[39m[90m                                                                      [39m [90m0.13s[39m  
  [32;1m✓[39;22m[90m [39m[90mapproved state when platform approved but setup not started[39m[90m                                                 [39m [90m0.16s[39m  
  [32;1m✓[39;22m[90m [39m[90msetup administration state when setup started but admin not complete[39m[90m                                        [39m [90m0.15s[39m  
  [32;1m✓[39;22m[90m [39m[90msetup administration when nomination window not yet open[39m[90m                                                    [39m [90m0.15s[39m  
  [32;1m✓[39;22m[90m [39m[90msetup nomination when admin complete and window open[39m[90m                                                        [39m [90m0.14s[39m  
  [32;1m✓[39;22m[90m [39m[90msetup nomination when admin complete and no dates set[39m[90m                                                       [39m [90m0.17s[39m  
  [32;1m✓[39;22m[90m [39m[90mdraft state provides correct permissions[39m[90m                                                                    [39m [90m0.28s[39m  
  [32;1m✓[39;22m[90m [39m[90mengine is injectable[39m[90m                                                                                        [39m [90m0.13s[39m  
  [32;1m✓[39;22m[90m [39m[90msnapshot is deterministic[39m[90m                                                                                   [39m [90m0.14s[39m  
  [32;1m✓[39;22m[90m [39m[90mengine derives suspended when suspended at is set[39m[90m                                                           [39m [90m0.14s[39m  
  [32;1m✓[39;22m[90m [39m[90msuspension is highest priority override[39m[90m                                                                     [39m [90m0.26s[39m  

  [30;42;1m PASS [39;49;22m[39m Tests\Unit\Domain\Election\ElectionLifecycleSnapshotTest[39m
  [32;1m✓[39;22m[90m [39m[90msnapshot is immutable[39m[90m                                                                                       [39m [90m0.01s[39m  
  [32;1m✓[39;22m[90m [39m[90mis active returns true only for voting active state[39m
  [32;1m✓[39;22m[90m [39m[90mis action allowed checks allowed actions[39m
  [32;1m✓[39;22m[90m [39m[90mblocked reason explains why action not allowed[39m
  [32;1m✓[39;22m[90m [39m[90mallowed actions empty when no transitions possible[39m
  [32;1m✓[39;22m[90m [39m[90mis locked indicates frozen state[39m

  [30;42;1m PASS [39;49;22m[39m Tests\Unit\Domain\Election\ElectionLifecycleStateTest[39m
  [32;1m✓[39;22m[90m [39m[90menum has correct case count[39m
  [32;1m✓[39;22m[90m [39m[90menum values are correct[39m
  [32;1m✓[39;22m[90m [39m[90mlabel returns human readable string[39m
  [32;1m✓[39;22m[90m [39m[90mcan create from string value[39m
  [32;1m✓[39;22m[90m [39m[90mthrows on invalid value[39m
  [32;1m✓[39;22m[90m [39m[90msetup administration state exists[39m
  [32;1m✓[39;22m[90m [39m[90msetup nomination state exists[39m
  [32;1m✓[39;22m[90m [39m[90msetup state removed[39m
  [32;1m✓[39;22m[90m [39m[90msuspended value is correct[39m
  [32;1m✓[39;22m[90m [39m[90msuspended label is election suspended[39m
  [32;1m✓[39;22m[90m [39m[90mis suspended returns true for suspended[39m
  [32;1m✓[39;22m[90m [39m[90mis suspended returns false for non suspended states[39m

  [30;42;1m PASS [39;49;22m[39m Tests\Unit\Domain\Election\Projection\ElectionLifecycleProjectionTest[39m
  [32;1m✓[39;22m[90m [39m[90mdraft has no completed states[39m
  [32;1m✓[39;22m[90m [39m[90msetup nomination has four prior states completed[39m
  [32;1m✓[39;22m[90m [39m[90marchived has all nine prior states completed[39m
  [32;1m✓[39;22m[90m [39m[90mrejected is not in linear progression[39m
  [32;1m✓[39;22m[90m [39m[90msuspended overlay projection unavailable[39m
  [32;1m✓[39;22m[90m [39m[90mvoting active has prior states completed[39m
  [32;1m✓[39;22m[90m [39m[90munknown state projection unavailable[39m

  [30;42;1m PASS [39;49;22m[39m Tests\Unit\Domain\Election\Replay\Event\ReplayEventsTest[39m
  [32;1m✓[39;22m[90m [39m[90mreplay session opened immutable[39m
  [32;1m✓[39;22m[90m [39m[90mreplay certification issued records matched outcome[39m
  [32;1m✓[39;22m[90m [39m[90mreplay divergence detected records mismatch[39m
  [32;1m✓[39;22m[90m [39m[90mreplay events have no laravel dependencies[39m

  [30;42;1m PASS [39;49;22m[39m Tests\Unit\Domain\Election\Replay\ReplayAssertionTest[39m
  [32;1m✓[39;22m[90m [39m[90massertion creates deterministic hash[39m
  [32;1m✓[39;22m[90m [39m[90mverify matched outcome[39m
  [32;1m✓[39;22m[90m [39m[90mverify mismatched outcome[39m
  [32;1m✓[39;22m[90m [39m[90massertion is readonly[39m

  [30;42;1m PASS [39;49;22m[39m Tests\Unit\Domain\Election\Replay\ReplayCertificationTest[39m
  [32;1m✓[39;22m[90m [39m[90mmatched certification factory[39m
  [32;1m✓[39;22m[90m [39m[90mdiverged certification factory[39m
  [32;1m✓[39;22m[90m [39m[90mcertification hash is deterministic[39m
  [32;1m✓[39;22m[90m [39m[90mcertification is readonly[39m

  [30;42;1m PASS [39;49;22m[39m Tests\Unit\Domain\Election\Replay\ReplayCompatibilityVersionTest[39m
  [32;1m✓[39;22m[90m [39m[90mcurrent version returns consistent value[39m
  [32;1m✓[39;22m[90m [39m[90mfrom string parses major minor[39m
  [32;1m✓[39;22m[90m [39m[90mmatching versions are equal[39m
  [32;1m✓[39;22m[90m [39m[90mdifferent versions are not equal[39m
  [32;1m✓[39;22m[90m [39m[90msame major is compatible[39m
  [32;1m✓[39;22m[90m [39m[90mdifferent major is not compatible[39m
  [32;1m✓[39;22m[90m [39m[90minvalid format throws exception[39m
  [32;1m✓[39;22m[90m [39m[90mpartial format throws exception[39m
  [32;1m✓[39;22m[90m [39m[90mdeterministic construction[39m

  [30;42;1m PASS [39;49;22m[39m Tests\Unit\Domain\Election\Replay\ReplayEvidenceEnvelopeTest[39m
  [32;1m✓[39;22m[90m [39m[90menvelope creates deterministic hash[39m
  [32;1m✓[39;22m[90m [39m[90mdifferent evidence produces different hash[39m
  [32;1m✓[39;22m[90m [39m[90mdifferent election identifier produces different hash[39m
  [32;1m✓[39;22m[90m [39m[90mverify integrity with correct hash[39m
  [32;1m✓[39;22m[90m [39m[90mverify integrity with incorrect hash[39m
  [32;1m✓[39;22m[90m [39m[90menvelope is readonly[39m
  [32;1m✓[39;22m[90m [39m[90mevidence count[39m

  [30;42;1m PASS [39;49;22m[39m Tests\Unit\Domain\Election\Replay\ReplaySessionTest[39m
  [32;1m✓[39;22m[90m [39m[90msession starts in sealed state[39m
  [32;1m✓[39;22m[90m [39m[90msession id is deterministic[39m
  [32;1m✓[39;22m[90m [39m[90msession lifecycle sealed to certified[39m
  [32;1m✓[39;22m[90m [39m[90msession detects divergence[39m
  [32;1m✓[39;22m[90m [39m[90mcannot record assertion twice[39m
  [32;1m✓[39;22m[90m [39m[90mcannot certify without assertion[39m
  [32;1m✓[39;22m[90m [39m[90mcannot certify twice[39m
  [32;1m✓[39;22m[90m [39m[90mcertification carries envelope hash[39m

  [30;42;1m PASS [39;49;22m[39m Tests\Unit\Domain\Election\Security\BallotAuthorizationProtocolTest[39m
  [32;1m✓[39;22m[90m [39m[90munified token protocol requires one step[39m
  [32;1m✓[39;22m[90m [39m[90msplit authorization protocol requires two steps[39m
  [32;1m✓[39;22m[90m [39m[90munified token does not require separate commit[39m
  [32;1m✓[39;22m[90m [39m[90msplit authorization requires separate commit[39m
  [32;1m✓[39;22m[90m [39m[90msplit authorization requires view token[39m

  [30;42;1m PASS [39;49;22m[39m Tests\Unit\Domain\Election\Security\CommitAuthorizationFreshnessTest[39m
  [32;1m✓[39;22m[90m [39m[90mfresh token within window[39m
  [32;1m✓[39;22m[90m [39m[90mstale token outside window[39m
  [32;1m✓[39;22m[90m [39m[90mused token is not fresh[39m
  [32;1m✓[39;22m[90m [39m[90mis replay when already used[39m
  [32;1m✓[39;22m[90m [39m[90mis not replay when unused[39m

  [30;42;1m PASS [39;49;22m[39m Tests\Unit\Domain\Election\Security\ConstitutionalParityTest[39m
  [32;1m✓[39;22m[90m [39m[90mhappy path all legitimate no overlay active lifecycle[39m
  [32;1m✓[39;22m[90m [39m[90moverlay review signal trust elevated lifecycle active[39m
  [32;1m✓[39;22m[90m [39m[90mlifecycle closed overrides trust legitimate[39m
  [32;1m✓[39;22m[90m [39m[90mdual code requirement single code denied[39m
  [32;1m✓[39;22m[90m [39m[90mtrust denied short circuits lifecycle evaluation[39m
  [32;1m✓[39;22m[90m [39m[90memergency overlay does not grant authority[39m
  [32;1m✓[39;22m[90m [39m[90msuspicious activity overlay inconclusive trust[39m
  [32;1m✓[39;22m[90m [39m[90mcommit token reuse replay rejected[39m
  [32;1m✓[39;22m[90m [39m[90mstale authorization freshness expired[39m
  [32;1m✓[39;22m[90m [39m[90mpolicy stratification overlay before trust[39m

  [30;42;1m PASS [39;49;22m[39m Tests\Unit\Domain\Election\Security\ConstitutionalTrustViolationTest[39m
  [32;1m✓[39;22m[90m [39m[90mlegitimacy failure has correct value[39m
  [32;1m✓[39;22m[90m [39m[90mnetwork limit exceeded has correct value[39m
  [32;1m✓[39;22m[90m [39m[90mconstitutional review pending has correct value[39m
  [32;1m✓[39;22m[90m [39m[90mno banned vocabulary in violation types[39m
  [32;1m✓[39;22m[90m [39m[90mall cases exist[39m

  [30;43;1m WARN [39;49;22m[39m Tests\Unit\Domain\Election\Security\ContextBoundaryFitnessTest[39m
  [32;1m✓[39;22m[90m [39m[90mf11 1a evidence must not import legitimacy[39m[90m                                                                  [39m [90m0.01s[39m  
  [32;1m✓[39;22m[90m [39m[90mf11 1b observation must not import legitimacy[39m
  [32;1m✓[39;22m[90m [39m[90mf11 1c legitimacy must not import observation directly[39m
  [32;1m✓[39;22m[90m [39m[90mf11 1d controllers must not derive legitimacy[39m[90m                                                               [39m [90m0.02s[39m  
  [32;1m✓[39;22m[90m [39m[90mf11 1e temporary context isolation[39m[90m                                                                          [39m [90m0.03s[39m  
  [33;1m…[39;22m[90m [39m[90mf11 1f projection must not reference legitimacy[39m[90m [39m[33m→ F11.1f requires P12 namespace migration for PHP-level enforcement. Vue/JS enforcement is covered by F8 fitness test.[39m
  [32;1m✓[39;22m[90m [39m[90mf11 2a legitimacy consumes only published language[39m[90m                                                          [39m [90m0.03s[39m  
  [32;1m✓[39;22m[90m [39m[90mf11 2b evaluation must not produce legitimacy[39m
  [32;1m✓[39;22m[90m [39m[90mf11 3a observation must not depend on evidence[39m
  [33;1m…[39;22m[90m [39m[90mf11 3b governance must not bypass legitimacy[39m[90m [39m[33m→ F11.3b requires P12 namespace migration for structural enforcement. Governance is a Generic Domain (per P4) — enforcement is convention-based.[39m
  [32;1m✓[39;22m[90m [39m[90mf11 4a envelope uses observation context[39m
  [32;1m✓[39;22m[90m [39m[90mf11 4b replay evidence is read only[39m

  [30;42;1m PASS [39;49;22m[39m Tests\Unit\Domain\Election\Security\D0_3a_ConstitutionalEnforcementTest[39m
  [32;1m✓[39;22m[90m [39m[90msufficient evidence maps to allowed[39m[90m                                                                         [39m [90m0.01s[39m  
  [32;1m✓[39;22m[90m [39m[90minsufficient evidence maps to denied[39m
  [32;1m✓[39;22m[90m [39m[90mreview required maps to deferred[39m
  [32;1m✓[39;22m[90m [39m[90minconclusive maps to investigate[39m
  [32;1m✓[39;22m[90m [39m[90mallowed outcome does not trigger enforcement[39m
  [32;1m✓[39;22m[90m [39m[90mdenied outcome triggers enforcement[39m
  [32;1m✓[39;22m[90m [39m[90mdeferred outcome triggers enforcement[39m
  [32;1m✓[39;22m[90m [39m[90minvestigate outcome triggers enforcement[39m
  [32;1m✓[39;22m[90m [39m[90midentical trust results produce identical outcomes[39m

  [30;42;1m PASS [39;49;22m[39m Tests\Unit\Domain\Election\Security\D1DomainObjectsTest[39m
  [32;1m✓[39;22m[90m [39m[90mtrust evaluation state has all cases[39m
  [32;1m✓[39;22m[90m [39m[90mtrust level has all cases[39m
  [32;1m✓[39;22m[90m [39m[90mballot authorization protocol has cases[39m
  [32;1m✓[39;22m[90m [39m[90mnetwork evidence is readonly[39m
  [32;1m✓[39;22m[90m [39m[90mdevice evidence captures fingerprint hash[39m
  [32;1m✓[39;22m[90m [39m[90mverification evidence required field[39m
  [32;1m✓[39;22m[90m [39m[90msession continuity preserves state[39m
  [32;1m✓[39;22m[90m [39m[90mtrust evidence aggregate bundles evidence[39m
  [32;1m✓[39;22m[90m [39m[90mvoting trust result captures evaluation state[39m
  [32;1m✓[39;22m[90m [39m[90mvoting trust result insufficient evidence[39m
  [32;1m✓[39;22m[90m [39m[90moverlay signal has three signal types[39m
  [32;1m✓[39;22m[90m [39m[90mconstitutional trust snapshot is readonly projection[39m
  [32;1m✓[39;22m[90m [39m[90mconstitutional trust snapshot denial reason[39m
  [32;1m✓[39;22m[90m [39m[90melection security event immutable[39m
  [32;1m✓[39;22m[90m [39m[90melection security event captures causality[39m
                  
  [30;42;1m PASS [39;49;22m[39m Tests\Unit\Domain\Election\Security\D2DatabaseMigrationsTest[39m
  [32;1m✓[39;22m[90m [39m[90melections table has trust columns[39m[90m                                                                           [39m [90m0.17s[39m  
  [32;1m✓[39;22m[90m [39m[90melection security events table exists[39m[90m                                                                       [39m [90m0.15s[39m  
  [32;1m✓[39;22m[90m [39m[90melection security events has required columns[39m[90m                                                               [39m [90m0.16s[39m  
  [32;1m✓[39;22m[90m [39m[90melection security events is append only[39m[90m                                                                     [39m [90m0.14s[39m  
  [32;1m✓[39;22m[90m [39m[90melection security events has indexes[39m[90m                                                                        [39m [90m0.14s[39m  
  [32;1m✓[39;22m[90m [39m[90melections table defaults[39m[90m                                                                                    [39m [90m0.14s[39m  

  [30;42;1m PASS [39;49;22m[39m Tests\Unit\Domain\Election\Security\D2_5ConstitutionalArticlesSnapshotTest[39m
  [32;1m✓[39;22m[90m [39m[90mschema defines valid network strategies[39m
  [32;1m✓[39;22m[90m [39m[90mschema defines valid device strategies[39m
  [32;1m✓[39;22m[90m [39m[90mschema defines valid ballot protocols[39m
  [32;1m✓[39;22m[90m [39m[90mconstitutional snapshot is readonly[39m
  [32;1m✓[39;22m[90m [39m[90mhasher produces deterministic hash[39m
  [32;1m✓[39;22m[90m [39m[90mhasher produces different hashes for different snapshots[39m
  [32;1m✓[39;22m[90m [39m[90mvalidator allows valid snapshot[39m
  [32;1m✓[39;22m[90m [39m[90mvalidator rejects max votes per ip below 1[39m
  [32;1m✓[39;22m[90m [39m[90mvalidator rejects max votes per ip above 100[39m
  [32;1m✓[39;22m[90m [39m[90mvalidator rejects invalid network strategy[39m
  [32;1m✓[39;22m[90m [39m[90mvalidator rejects invalid device strategy[39m
  [32;1m✓[39;22m[90m [39m[90mvalidator rejects invalid ballot protocol[39m
  [32;1m✓[39;22m[90m [39m[90mvalidator allows verification required true[39m
  [32;1m✓[39;22m[90m [39m[90mvalidator accepts all boundary values[39m

  [30;43;1m WARN [39;49;22m[39m Tests\Unit\Domain\Election\Security\D3TrustPolicyEvaluationTest[39m
  [32;1m✓[39;22m[90m [39m[90mvoting trust result captures sufficient evidence[39m
  [32;1m✓[39;22m[90m [39m[90mvoting trust result captures insufficient evidence[39m
  [32;1m✓[39;22m[90m [39m[90moverlay signal context stable[39m
  [33;1m![39;22m[90m [39m[90moverlay signal evidence inconsistent[39m[90m [39m[33m→ Undefined property: App\Domain\Election\Security\Simplified\OverlaySignal::$suggestedElevatedLevel[39m
  [32;1m✓[39;22m[90m [39m[90moverlay signal attestation present[39m
  [32;1m✓[39;22m[90m [39m[90mconstitutional trust snapshot is readonly projection[39m
  [32;1m✓[39;22m[90m [39m[90mconstitutional trust snapshot denial reason[39m
  [32;1m✓[39;22m[90m [39m[90mpolicy sequence captures evaluation order[39m
  [32;1m✓[39;22m[90m [39m[90mshort circuit stops at first insufficient evidence[39m

  [30;42;1m PASS [39;49;22m[39m Tests\Unit\Domain\Election\Security\D4OverlayGovernanceTest[39m
  [32;1m✓[39;22m[90m [39m[90memergency condition overlay returns context stable when no emergency[39m
  [32;1m✓[39;22m[90m [39m[90memergency condition overlay requires reverification on emergency[39m
  [32;1m✓[39;22m[90m [39m[90mregistrar attestation elevates when attested[39m
  [32;1m✓[39;22m[90m [39m[90mregistrar attestation returns context stable when not attested[39m
  [32;1m✓[39;22m[90m [39m[90msuspicious activity overlay requires reverification on anomaly[39m
  [32;1m✓[39;22m[90m [39m[90msuspicious activity overlay returns context stable when normal[39m
  [32;1m✓[39;22m[90m [39m[90mip velocity overlay returns context stable when under threshold[39m
  [32;1m✓[39;22m[90m [39m[90mip velocity overlay elevates when near threshold[39m
  [32;1m✓[39;22m[90m [39m[90mip velocity overlay requires reverification when exceeded[39m
  [32;1m✓[39;22m[90m [39m[90mdevice anomaly overlay returns context stable when device unchanged[39m
  [32;1m✓[39;22m[90m [39m[90mdevice anomaly overlay requires reverification on device change[39m
  [32;1m✓[39;22m[90m [39m[90moverlay coordinator aggregates multiple signals[39m
  [32;1m✓[39;22m[90m [39m[90moverlay coordinator evidence inconsistent overrides context stable[39m
  [32;1m✓[39;22m[90m [39m[90moverlay coordinator attestation present takes precedence[39m
  [32;1m✓[39;22m[90m [39m[90moverlay signal never grants authority[39m

  [39;41;1m FAIL [39;49;22m[39m Tests\Unit\Domain\Election\Security\D5ResolverIntegrationTest[39m
  [31;1m⨯[39;22m[90m [39m[90menvelope bundles evaluation result overlay and snapshot[39m[90m                                                     [39m [90m0.01s[39m  
  [31;1m⨯[39;22m[90m [39m[90menvelope is readonly[39m
  [32;1m✓[39;22m[90m [39m[90menvelope has no behavioral methods[39m
  [31;1m⨯[39;22m[90m [39m[90menvelope carries evaluation state not authority[39m
  [31;1m⨯[39;22m[90m [39m[90moverlay signal in envelope is influence only[39m
  [31;1m⨯[39;22m[90m [39m[90mfull pipeline evaluation[39m
  [31;1m⨯[39;22m[90m [39m[90mdenial pipeline[39m
  [31;1m⨯[39;22m[90m [39m[90minsufficient data pipeline[39m
  [31;1m⨯[39;22m[90m [39m[90mreview required pipeline[39m

  [30;42;1m PASS [39;49;22m[39m Tests\Unit\Domain\Election\Security\D6SovereigntyConvergenceTest[39m
  [32;1m✓[39;22m[90m [39m[90mdomain objects have no authority flags[39m
  [32;1m✓[39;22m[90m [39m[90moverlay signal has no instance methods[39m
  [32;1m✓[39;22m[90m [39m[90msnapshot has no behavioral methods[39m
  [32;1m✓[39;22m[90m [39m[90menvelope has no behavioral methods[39m
  [32;1m✓[39;22m[90m [39m[90mno domain object returns boolean[39m
  [32;1m✓[39;22m[90m [39m[90msufficient evidence allows voting in resolver[39m
  [32;1m✓[39;22m[90m [39m[90minsufficient evidence denies voting[39m
  [32;1m✓[39;22m[90m [39m[90mreview required defers to constitutional review[39m
  [32;1m✓[39;22m[90m [39m[90minconclusive blocks voting[39m
  [32;1m✓[39;22m[90m [39m[90melevate trust with sufficient evidence[39m
  [32;1m✓[39;22m[90m [39m[90mcausality chain preserved[39m
  [32;1m✓[39;22m[90m [39m[90menvelope contains event recordable data[39m

  [30;42;1m PASS [39;49;22m[39m Tests\Unit\Domain\Election\Security\DeviceTrustContextTest[39m
  [32;1m✓[39;22m[90m [39m[90mexact match satisfies device attestation[39m
  [32;1m✓[39;22m[90m [39m[90mno match does not satisfy device attestation[39m
  [32;1m✓[39;22m[90m [39m[90mnot required satisfies device attestation[39m
  [32;1m✓[39;22m[90m [39m[90mis volatile returns true for volatile[39m
  [32;1m✓[39;22m[90m [39m[90mis volatile returns false for stable[39m

  [30;42;1m PASS [39;49;22m[39m Tests\Unit\Domain\Election\Security\DivergenceSeverityTest[39m
  [32;1m✓[39;22m[90m [39m[90mhas five levels[39m
  [32;1m✓[39;22m[90m [39m[90mstring values[39m
  [32;1m✓[39;22m[90m [39m[90mfrom divergence with data set " procedural overreach is critical"[39m
  [32;1m✓[39;22m[90m [39m[90mfrom divergence with data set " sovereignty leak is critical"[39m
  [32;1m✓[39;22m[90m [39m[90mfrom divergence with data set " exposure is high"[39m
  [32;1m✓[39;22m[90m [39m[90mfrom divergence with data set " constitutional uncertainty is high"[39m
  [32;1m✓[39;22m[90m [39m[90mfrom divergence with data set " lineage mismatch is warning"[39m
  [32;1m✓[39;22m[90m [39m[90mfrom divergence with data set " topology mismatch is info"[39m
  [32;1m✓[39;22m[90m [39m[90mblocks transfer with data set " info does not block"[39m
  [32;1m✓[39;22m[90m [39m[90mblocks transfer with data set " warning does not block"[39m
  [32;1m✓[39;22m[90m [39m[90mblocks transfer with data set " high does not block"[39m
  [32;1m✓[39;22m[90m [39m[90mblocks transfer with data set " critical blocks"[39m
  [32;1m✓[39;22m[90m [39m[90mblocks transfer with data set " existential blocks"[39m
  [32;1m✓[39;22m[90m [39m[90mrequires investigation with data set " info does not require investigation"[39m
  [32;1m✓[39;22m[90m [39m[90mrequires investigation with data set " warning does not require investigation"[39m
  [32;1m✓[39;22m[90m [39m[90mrequires investigation with data set " high requires investigation"[39m
  [32;1m✓[39;22m[90m [39m[90mrequires investigation with data set " critical requires investigation"[39m
  [32;1m✓[39;22m[90m [39m[90mrequires investigation with data set " existential requires investigation"[39m
  [32;1m✓[39;22m[90m [39m[90mfrom divergence defaults to warning for unknown type[39m
  [32;1m✓[39;22m[90m [39m[90mcritical and existential are only blockers[39m
  [32;1m✓[39;22m[90m [39m[90mhigh critical existential require investigation[39m
  [32;1m✓[39;22m[90m [39m[90mhas no behavioral methods beyond value methods[39m

  [30;42;1m PASS [39;49;22m[39m Tests\Unit\Domain\Election\Security\DivergenceTypeTest[39m
  [32;1m✓[39;22m[90m [39m[90mhas six types[39m[90m                                                                                               [39m [90m0.01s[39m  
  [32;1m✓[39;22m[90m [39m[90mstring values[39m
  [32;1m✓[39;22m[90m [39m[90mclassify procedural overreach[39m
  [32;1m✓[39;22m[90m [39m[90mclassify sovereignty leak[39m
  [32;1m✓[39;22m[90m [39m[90mclassify lineage mismatch[39m
  [32;1m✓[39;22m[90m [39m[90mclassify topology mismatch[39m
  [32;1m✓[39;22m[90m [39m[90mclassify constitutional uncertainty[39m
  [32;1m✓[39;22m[90m [39m[90mclassify exposure[39m
  [32;1m✓[39;22m[90m [39m[90mclassify deferred with allowed legacy[39m
  [32;1m✓[39;22m[90m [39m[90mclassify investigate with denied legacy[39m
  [32;1m✓[39;22m[90m [39m[90mall outcome pairs classify without exception[39m
  [32;1m✓[39;22m[90m [39m[90mhas no behavioral methods beyond classify[39m

  [30;42;1m PASS [39;49;22m[39m Tests\Unit\Domain\Election\Security\ElectionSecurityEventTest[39m
  [32;1m✓[39;22m[90m [39m[90mevent is immutable[39m[90m                                                                                          [39m [90m0.01s[39m  
  [32;1m✓[39;22m[90m [39m[90mevent preserves trust levels[39m
  [32;1m✓[39;22m[90m [39m[90mevent preserves causality chain[39m
  [32;1m✓[39;22m[90m [39m[90mevent recorded at is immutable[39m
  [32;1m✓[39;22m[90m [39m[90mreplay rejected event type[39m

  [30;42;1m PASS [39;49;22m[39m Tests\Unit\Domain\Election\Security\Event\MigrationAndObservationalEventsTest[39m
  [32;1m✓[39;22m[90m [39m[90msovereignty boundary crossed records divergent outcomes[39m[90m                                                     [39m [90m0.01s[39m  
  [32;1m✓[39;22m[90m [39m[90mconstitutional fallback activated carries rollback context[39m
  [32;1m✓[39;22m[90m [39m[90mdivergence observed is non authoritative[39m
  [32;1m✓[39;22m[90m [39m[90mobservation recorded has no authority semantics[39m
  [32;1m✓[39;22m[90m [39m[90mobservational events have no laravel dependencies[39m

  [30;42;1m PASS [39;49;22m[39m Tests\Unit\Domain\Election\Security\Event\SovereignEventsTest[39m
  [32;1m✓[39;22m[90m [39m[90mlegitimacy evaluated immutable[39m
  [32;1m✓[39;22m[90m [39m[90mconstitutional denial issued carries enforcement semantics[39m
  [32;1m✓[39;22m[90m [39m[90mlegitimacy granted is distinct from evaluated[39m
  [32;1m✓[39;22m[90m [39m[90msovereign events have no laravel dependencies[39m

  [30;42;1m PASS [39;49;22m[39m Tests\Unit\Domain\Election\Security\ExtractionMethodsTest[39m
  [32;1m✓[39;22m[90m [39m[90mlegacy behavior extraction returns complete snapshot[39m
  [32;1m✓[39;22m[90m [39m[90mresolver behavior requires capability resolver[39m
  [32;1m✓[39;22m[90m [39m[90msnapshot equals compares all eight fields[39m
  [32;1m✓[39;22m[90m [39m[90msnapshot equals detects all field divergences[39m
  [32;1m✓[39;22m[90m [39m[90msnapshot divergent fields identifies differences[39m

  [30;42;1m PASS [39;49;22m[39m Tests\Unit\Domain\Election\Security\FingerprintMatchTypeTest[39m
  [32;1m✓[39;22m[90m [39m[90mexact match has correct value[39m
  [32;1m✓[39;22m[90m [39m[90mno match has correct value[39m
  [32;1m✓[39;22m[90m [39m[90mnot required has correct value[39m

  [30;42;1m PASS [39;49;22m[39m Tests\Unit\Domain\Election\Security\LegitimacyOutcomeTest[39m
  [32;1m✓[39;22m[90m [39m[90mhas four outcomes[39m
  [32;1m✓[39;22m[90m [39m[90mallowed maps from sufficient evidence[39m
  [32;1m✓[39;22m[90m [39m[90mdenied maps from insufficient evidence[39m
  [32;1m✓[39;22m[90m [39m[90mdeferred maps from review required[39m
  [32;1m✓[39;22m[90m [39m[90minvestigate maps from inconclusive[39m
  [32;1m✓[39;22m[90m [39m[90mall trust states map exhaustively[39m

  [30;42;1m PASS [39;49;22m[39m Tests\Unit\Domain\Election\Security\NetworkTrustEvidenceTest[39m
  [32;1m✓[39;22m[90m [39m[90mnot whitelisted when no whitelist[39m
  [32;1m✓[39;22m[90m [39m[90mnot whitelisted when empty whitelist[39m
  [32;1m✓[39;22m[90m [39m[90mwhitelisted when current ip in whitelist[39m
  [32;1m✓[39;22m[90m [39m[90mexceeds limit unverified trust level[39m
  [32;1m✓[39;22m[90m [39m[90mnot exceeds limit unverified trust level[39m
  [32;1m✓[39;22m[90m [39m[90mexceeds limit attested trust level[39m
  [32;1m✓[39;22m[90m [39m[90mexceeds limit continuity verified trust level[39m
  [32;1m✓[39;22m[90m [39m[90mexceeds limit registrar attested trust level[39m
  [32;1m✓[39;22m[90m [39m[90msatisfies network attestation when registered ip matches[39m
  [32;1m✓[39;22m[90m [39m[90msatisfies network attestation when restriction disabled[39m
  [32;1m✓[39;22m[90m [39m[90mremaining votes calculates correctly[39m

  [30;42;1m PASS [39;49;22m[39m Tests\Unit\Domain\Election\Security\OverlayObservationSummaryTest[39m
  [32;1m✓[39;22m[90m [39m[90mno observations returns minimal context[39m[90m                                                                     [39m [90m0.01s[39m  
  [32;1m✓[39;22m[90m [39m[90mcontext with context stable signals has no observations[39m
  [32;1m✓[39;22m[90m [39m[90mcontext with evidence inconsistent signal indicates concern[39m
  [32;1m✓[39;22m[90m [39m[90mcontext with attestation present signal[39m
  [32;1m✓[39;22m[90m [39m[90mcontext readonly immutability[39m

  [39;41;1m FAIL [39;49;22m[39m Tests\Unit\Domain\Election\Security\OverlaySignalTest[39m
  [31;1m⨯[39;22m[90m [39m[90mno influence signal returns all neutral values[39m
  [31;1m⨯[39;22m[90m [39m[90mdefer to governance signal indicates review required[39m
  [31;1m⨯[39;22m[90m [39m[90mcontinue signal has no concern[39m
  [31;1m⨯[39;22m[90m [39m[90mtrust elevation request carries suggested level[39m
  [31;1m⨯[39;22m[90m [39m[90msignal evidence context contains no raw pii[39m

  [30;42;1m PASS [39;49;22m[39m Tests\Unit\Domain\Election\Security\OverlayStratificationTest[39m
  [32;1m✓[39;22m[90m [39m[90memergency constitutional has correct value[39m
  [32;1m✓[39;22m[90m [39m[90mgovernance layer has correct value[39m
  [32;1m✓[39;22m[90m [39m[90moperational layer has correct value[39m
  [32;1m✓[39;22m[90m [39m[90mcontextual layer has correct value[39m
  [32;1m✓[39;22m[90m [39m[90mall cases exist[39m

  [30;42;1m PASS [39;49;22m[39m Tests\Unit\Domain\Election\Security\Simplified\ConstitutionalObservationContextTest[39m
  [32;1m✓[39;22m[90m [39m[90mholds all signals without ranking[39m
  [32;1m✓[39;22m[90m [39m[90mcount returns correct number[39m
  [32;1m✓[39;22m[90m [39m[90mall returns array of overlay signals[39m
  [32;1m✓[39;22m[90m [39m[90mempty context has zero count[39m
  [32;1m✓[39;22m[90m [39m[90mconflicting signals both preserved[39m
  [32;1m✓[39;22m[90m [39m[90mno ranking methods exist[39m
  [32;1m✓[39;22m[90m [39m[90mno authority methods exist[39m
  [32;1m✓[39;22m[90m [39m[90mordering is non sovereign[39m
  [32;1m✓[39;22m[90m [39m[90mempty factory returns empty context[39m
  [32;1m✓[39;22m[90m [39m[90mis empty returns correct state[39m
  [32;1m✓[39;22m[90m [39m[90mobservations property is readonly[39m

  [30;42;1m PASS [39;49;22m[39m Tests\Unit\Domain\Election\Security\Simplified\ParticipationEligibilityEvidenceTest[39m
  [32;1m✓[39;22m[90m [39m[90mis readonly[39m
  [32;1m✓[39;22m[90m [39m[90mall properties are public readonly[39m
  [32;1m✓[39;22m[90m [39m[90msuspended voter still captures evidence[39m
  [32;1m✓[39;22m[90m [39m[90mhas no behavioral methods[39m
  [32;1m✓[39;22m[90m [39m[90mhas no authority properties[39m

  [30;42;1m PASS [39;49;22m[39m Tests\Unit\Domain\Election\Security\SovereigntyConvergenceFitnessTest[39m
  [32;1m✓[39;22m[90m [39m[90mf1 no singular authority fields with data set " app\ domain\ election\ security\ simplified\ evaluation envelope::overlay signal"[39m
  [32;1m✓[39;22m[90m [39m[90mf1 no singular authority fields with data set " app\ domain\ election\ security\ simplified\ evaluation envelope::primary signal"[39m
  [32;1m✓[39;22m[90m [39m[90mf1 no singular authority fields with data set " app\ domain\ election\ security\ simplified\ evaluation envelope::strongest signal"[39m
  [32;1m✓[39;22m[90m [39m[90mf1 no singular authority fields with data set " app\ domain\ election\ security\ simplified\ evaluation envelope::highest severity"[39m
  [32;1m✓[39;22m[90m [39m[90mf1 no singular authority fields with data set " app\ domain\ election\ security\ simplified\ constitutional observation context::overlay signal"[39m
  [32;1m✓[39;22m[90m [39m[90mf1 no singular authority fields with data set " app\ domain\ election\ security\ simplified\ constitutional observation context::primary signal"[39m
  [32;1m✓[39;22m[90m [39m[90mf1 no singular authority fields with data set " app\ domain\ election\ security\ simplified\ constitutional observation context::strongest signal"[39m
  [32;1m✓[39;22m[90m [39m[90mf1 no singular authority fields with data set " app\ domain\ election\ security\ simplified\ constitutional observation context::highest severity"[39m
  [32;1m✓[39;22m[90m [39m[90mf1 no singular authority fields with data set " app\ domain\ election\ security\ simplified\ overlay signal::overlay signal"[39m
  [32;1m✓[39;22m[90m [39m[90mf1 no singular authority fields with data set " app\ domain\ election\ security\ simplified\ overlay signal::primary signal"[39m
  [32;1m✓[39;22m[90m [39m[90mf1 no singular authority fields with data set " app\ domain\ election\ security\ simplified\ overlay signal::strongest signal"[39m
  [32;1m✓[39;22m[90m [39m[90mf1 no singular authority fields with data set " app\ domain\ election\ security\ simplified\ overlay signal::highest severity"[39m
  [32;1m✓[39;22m[90m [39m[90mf1 no singular authority fields with data set " app\ domain\ election\ security\ simplified\ evidence snapshot::overlay signal"[39m
  [32;1m✓[39;22m[90m [39m[90mf1 no singular authority fields with data set " app\ domain\ election\ security\ simplified\ evidence snapshot::primary signal"[39m
  [32;1m✓[39;22m[90m [39m[90mf1 no singular authority fields with data set " app\ domain\ election\ security\ simplified\ evidence snapshot::strongest signal"[39m
  [32;1m✓[39;22m[90m [39m[90mf1 no singular authority fields with data set " app\ domain\ election\ security\ simplified\ evidence snapshot::highest severity"[39m
  [32;1m✓[39;22m[90m [39m[90mf1 no singular authority fields with data set " app\ domain\ election\ security\ simplified\ evidence evaluation result::overlay signal"[39m
  [32;1m✓[39;22m[90m [39m[90mf1 no singular authority fields with data set " app\ domain\ election\ security\ simplified\ evidence evaluation result::primary signal"[39m
  [32;1m✓[39;22m[90m [39m[90mf1 no singular authority fields with data set " app\ domain\ election\ security\ simplified\ evidence evaluation result::strongest signal"[39m
  [32;1m✓[39;22m[90m [39m[90mf1 no singular authority fields with data set " app\ domain\ election\ security\ simplified\ evidence evaluation result::highest severity"[39m
  [32;1m✓[39;22m[90m [39m[90mf2 envelope plurality uses observation context[39m
  [32;1m✓[39;22m[90m [39m[90mf2 envelope plurality preserves multiple signals[39m
  [32;1m✓[39;22m[90m [39m[90mf3 identical snapshots produce identical hash[39m
  [32;1m✓[39;22m[90m [39m[90mf3 different snapshots produce different hash[39m
  [32;1m✓[39;22m[90m [39m[90mf4 legitimacy outcome not used outside constitutional path[39m[90m                                                  [39m [90m0.65s[39m  
  [32;1m✓[39;22m[90m [39m[90mf4 trust evaluation state not used outside constitutional path[39m[90m                                              [39m [90m0.17s[39m  
  [32;1m✓[39;22m[90m [39m[90mf5 adding observations preserves count[39m
  [32;1m✓[39;22m[90m [39m[90mf5 observations property is readonly[39m
  [32;1m✓[39;22m[90m [39m[90mf6 same evidence produces same hash[39m
  [32;1m✓[39;22m[90m [39m[90mf10 no from trust state outside resolver[39m[90m                                                                    [39m [90m0.20s[39m  
  [32;1m✓[39;22m[90m [39m[90mf10 no trust state to outcome mapping outside resolver[39m[90m                                                      [39m [90m0.17s[39m  
  [32;1m✓[39;22m[90m [39m[90mfitness function enum has ten cases[39m
  [32;1m✓[39;22m[90m [39m[90mf4 f5 f6 f10 block transfer[39m

  [30;42;1m PASS [39;49;22m[39m Tests\Unit\Domain\Election\Security\SovereigntyDivergenceRecordTest[39m
  [32;1m✓[39;22m[90m [39m[90mis readonly[39m[90m                                                                                                 [39m [90m0.01s[39m  
  [32;1m✓[39;22m[90m [39m[90mrecords matched outcome[39m
  [32;1m✓[39;22m[90m [39m[90mrecords procedural overreach[39m
  [32;1m✓[39;22m[90m [39m[90mrecords sovereignty leak[39m
  [32;1m✓[39;22m[90m [39m[90mrecords constitutional uncertainty[39m
  [32;1m✓[39;22m[90m [39m[90mrecords divergence context[39m
  [32;1m✓[39;22m[90m [39m[90mhas no behavioral methods[39m
  [32;1m✓[39;22m[90m [39m[90mall outcome combinations are recordable[39m

  [30;42;1m PASS [39;49;22m[39m Tests\Unit\Domain\Election\Security\TrustEvaluationEnvelopeTest[39m
  [32;1m✓[39;22m[90m [39m[90menvelope bundles result and overlay observations[39m
  [32;1m✓[39;22m[90m [39m[90menvelope has no authority deriving methods[39m
  [32;1m✓[39;22m[90m [39m[90menvelope is readonly[39m
  [32;1m✓[39;22m[90m [39m[90menvelope result and observations accessible independently[39m

  [30;42;1m PASS [39;49;22m[39m Tests\Unit\Domain\Election\Security\TrustEvidencePrivacyPolicyTest[39m
  [32;1m✓[39;22m[90m [39m[90mhash ip returns hash not raw[39m
  [32;1m✓[39;22m[90m [39m[90mhash ip is deterministic[39m
  [32;1m✓[39;22m[90m [39m[90mhash fingerprint returns hash not raw[39m
  [32;1m✓[39;22m[90m [39m[90mcan retain raw ip defaults false[39m

  [30;42;1m PASS [39;49;22m[39m Tests\Unit\Domain\Election\Security\TrustLevelTest[39m
  [32;1m✓[39;22m[90m [39m[90munverified has correct string value[39m
  [32;1m✓[39;22m[90m [39m[90mattested has correct string value[39m
  [32;1m✓[39;22m[90m [39m[90mcontinuity verified has correct string value[39m
  [32;1m✓[39;22m[90m [39m[90mregistrar attested has correct string value[39m

  [30;42;1m PASS [39;49;22m[39m Tests\Unit\Domain\Election\Security\TrustValidityScopeTest[39m
  [32;1m✓[39;22m[90m [39m[90melection scoped has correct value[39m
  [32;1m✓[39;22m[90m [39m[90msession scoped has correct value[39m
  [32;1m✓[39;22m[90m [39m[90mdevice scoped has correct value[39m
  [32;1m✓[39;22m[90m [39m[90moverlay scoped has correct value[39m
  [32;1m✓[39;22m[90m [39m[90mmanual clear required has correct value[39m

  [30;42;1m PASS [39;49;22m[39m Tests\Unit\Domain\Election\Security\VerificationAttestationRecordTest[39m
  [32;1m✓[39;22m[90m [39m[90mis satisfied when required but not attested[39m
  [32;1m✓[39;22m[90m [39m[90mis satisfied when required and attested[39m
  [32;1m✓[39;22m[90m [39m[90mis satisfied when not required[39m
  [32;1m✓[39;22m[90m [39m[90mnetwork mismatch when hashes differ[39m
  [32;1m✓[39;22m[90m [39m[90mnetwork mismatch when hashes match[39m
  [32;1m✓[39;22m[90m [39m[90mdevice mismatch when hashes differ[39m
  [32;1m✓[39;22m[90m [39m[90mdevice mismatch when hashes match[39m
  [32;1m✓[39;22m[90m [39m[90mtrust level unverified when not attested[39m
  [32;1m✓[39;22m[90m [39m[90mtrust level attested when attested without registrar[39m
  [32;1m✓[39;22m[90m [39m[90mtrust level registrar attested when attested with registrar[39m

  [30;42;1m PASS [39;49;22m[39m Tests\Unit\Domain\Election\Security\VotingSessionTrustContinuityTest[39m
  [32;1m✓[39;22m[90m [39m[90mis preserved when ip and device unchanged[39m
  [32;1m✓[39;22m[90m [39m[90mrequires re attestation when ip changes[39m
  [32;1m✓[39;22m[90m [39m[90mrequires re attestation when device changes[39m
  [32;1m✓[39;22m[90m [39m[90mis invalidated when continuity state invalidated[39m

  [30;42;1m PASS [39;49;22m[39m Tests\Unit\Domain\Election\Security\VotingTrustResultTest[39m
  [32;1m✓[39;22m[90m [39m[90msufficient evidence creates sufficient result[39m
  [32;1m✓[39;22m[90m [39m[90minsufficient evidence creates insufficient result[39m
  [32;1m✓[39;22m[90m [39m[90maudit context is preserved[39m
  [32;1m✓[39;22m[90m [39m[90mpolicy outcome sequence is preserved[39m
  [32;1m✓[39;22m[90m [39m[90minsufficient evidence with unverified trust level[39m

  [30;42;1m PASS [39;49;22m[39m Tests\Unit\Domain\Election\TransitionTest[39m
  [32;1m✓[39;22m[90m [39m[90mactor id int is cast to string[39m
  [32;1m✓[39;22m[90m [39m[90mnull actor id defaults to system[39m
  [32;1m✓[39;22m[90m [39m[90mempty action throws invalid argument exception[39m
  [32;1m✓[39;22m[90m [39m[90mtrigger defaults to manual[39m
  [32;1m✓[39;22m[90m [39m[90mmanual factory sets correct trigger[39m
  [32;1m✓[39;22m[90m [39m[90mautomatic factory sets system actor[39m
  [32;1m✓[39;22m[90m [39m[90mautomatic factory with custom trigger[39m
  [32;1m✓[39;22m[90m [39m[90mgrace period factory sets grace period trigger[39m
  [32;1m✓[39;22m[90m [39m[90mwith metadata returns new immutable instance[39m
  [32;1m✓[39;22m[90m [39m[90mget metadata returns value or default[39m
  [32;1m✓[39;22m[90m [39m[90mis system triggered returns true for system actor[39m
  [32;1m✓[39;22m[90m [39m[90mreadonly properties prevent modification[39m
  [32;1m✓[39;22m[90m [39m[90mmetadata can be chained[39m
  [32;1m✓[39;22m[90m [39m[90mtrigger value can be accessed[39m

  [30;42;1m PASS [39;49;22m[39m Tests\Unit\Domain\Election\VoterSourceStrategyTest[39m
  [32;1m✓[39;22m[90m [39m[90mvoter source strategy has two cases[39m[90m                                                                         [39m [90m0.01s[39m  
  [32;1m✓[39;22m[90m [39m[90mmembership registry case exists[39m
  [32;1m✓[39;22m[90m [39m[90mimported voter registry case exists[39m
  [32;1m✓[39;22m[90m [39m[90mfrom organisation maps uses full membership[39m
  [32;1m✓[39;22m[90m [39m[90mis imported voter registry helper[39m
  [32;1m✓[39;22m[90m [39m[90mis membership registry helper[39m
  [32;1m✓[39;22m[90m [39m[90mlabel returns human readable string[39m
  [32;1m✓[39;22m[90m [39m[90menum works in switch[39m
                  
  [30;42;1m PASS [39;49;22m[39m Tests\Unit\Domain\GeoLevelMappingResolverTest[39m
  [32;1m✓[39;22m[90m [39m[90mresolve returns db level 1 for nepal province[39m[90m                                                               [39m [90m0.15s[39m  
  [32;1m✓[39;22m[90m [39m[90mresolve returns db level 2 for nepal district[39m[90m                                                               [39m [90m0.19s[39m  
  [32;1m✓[39;22m[90m [39m[90mresolve returns null for unknown country[39m[90m                                                                    [39m [90m0.14s[39m  
  [32;1m✓[39;22m[90m [39m[90mresolve returns null for unknown level type[39m[90m                                                                 [39m [90m0.16s[39m  
  [32;1m✓[39;22m[90m [39m[90mresolve is case insensitive match[39m[90m                                                                           [39m [90m0.13s[39m  
  [32;1m✓[39;22m[90m [39m[90mresolver reads from countries admin levels json[39m[90m                                                             [39m [90m0.20s[39m  

  [30;42;1m PASS [39;49;22m[39m Tests\Unit\Domain\GeoPathTest[39m
  [32;1m✓[39;22m[90m [39m[90mconstructor accepts positive integers[39m[90m                                                                       [39m [90m0.01s[39m  
  [32;1m✓[39;22m[90m [39m[90mconstructor rejects zero and negative[39m
  [32;1m✓[39;22m[90m [39m[90mconstructor rejects negative[39m
  [32;1m✓[39;22m[90m [39m[90mfrom array filters invalid values[39m
  [32;1m✓[39;22m[90m [39m[90mdepth returns count[39m
  [32;1m✓[39;22m[90m [39m[90mto string joins with dot[39m
  [32;1m✓[39;22m[90m [39m[90mempty creates zero depth path[39m

  [30;42;1m PASS [39;49;22m[39m Tests\Unit\Domain\GeoReferenceVOTest[39m
  [32;1m✓[39;22m[90m [39m[90mfrom string parses legacy format[39m[90m                                                                            [39m [90m0.01s[39m  
  [32;1m✓[39;22m[90m [39m[90mfrom string parses composite format[39m
  [32;1m✓[39;22m[90m [39m[90mfrom string throws on empty[39m
  [32;1m✓[39;22m[90m [39m[90mfrom string throws on whitespace only[39m
  [32;1m✓[39;22m[90m [39m[90mto string roundtrips legacy[39m
  [32;1m✓[39;22m[90m [39m[90mto string roundtrips composite[39m
  [32;1m✓[39;22m[90m [39m[90mis legacy true for legacy format[39m
  [32;1m✓[39;22m[90m [39m[90mis legacy false for composite[39m
  [32;1m✓[39;22m[90m [39m[90mfrom selections builds composite[39m
  [32;1m✓[39;22m[90m [39m[90mget country code returns country for composite[39m
  [32;1m✓[39;22m[90m [39m[90mget country code returns country for legacy[39m
  [32;1m✓[39;22m[90m [39m[90mgeo path is geo path instance[39m
  [32;1m✓[39;22m[90m [39m[90mcomposite with no geo units is valid[39m
  [32;1m✓[39;22m[90m [39m[90mlegacy with only country is valid[39m

  [30;42;1m PASS [39;49;22m[39m Tests\Unit\Domain\GeoReferenceValidUnitIdsTest[39m
  [32;1m✓[39;22m[90m [39m[90mget valid unit ids returns only positive integers[39m[90m                                                           [39m [90m0.01s[39m  
  [32;1m✓[39;22m[90m [39m[90mget valid unit ids skips zero and nulls[39m
  [32;1m✓[39;22m[90m [39m[90mis complete for structure true when all required levels filled[39m
  [32;1m✓[39;22m[90m [39m[90mis complete for structure false when required level missing[39m

  [30;42;1m PASS [39;49;22m[39m Tests\Unit\Domain\GeographicLevelConfigTypeTest[39m
  [32;1m✓[39;22m[90m [39m[90mcan create static level with null db level[39m[90m                                                                  [39m [90m0.01s[39m  
  [32;1m✓[39;22m[90m [39m[90mcan create region level with null db level[39m
  [32;1m✓[39;22m[90m [39m[90mcan create country level with null db level[39m
  [32;1m✓[39;22m[90m [39m[90mgeo unit type requires non null db level[39m
  [32;1m✓[39;22m[90m [39m[90mthrows on invalid type string[39m
  [32;1m✓[39;22m[90m [39m[90mfrom array defaults type to geo unit when key missing[39m
  [32;1m✓[39;22m[90m [39m[90mto array includes type field[39m

  [30;42;1m PASS [39;49;22m[39m Tests\Unit\Domain\GeographicStructureTest[39m
  [32;1m✓[39;22m[90m [39m[90mcan create for nepal with 4 default levels[39m[90m                                                                  [39m [90m0.01s[39m  
  [32;1m✓[39;22m[90m [39m[90mlevels are immutable value objects[39m
  [32;1m✓[39;22m[90m [39m[90mget max depth returns level count[39m
  [32;1m✓[39;22m[90m [39m[90mextend appends new level returns new instance[39m
  [32;1m✓[39;22m[90m [39m[90moriginal instance unchanged after extend[39m
  [32;1m✓[39;22m[90m [39m[90mcannot add level with duplicate index[39m
  [32;1m✓[39;22m[90m [39m[90mcannot add level with duplicate db level[39m
  [32;1m✓[39;22m[90m [39m[90mto array excludes count field[39m
  [32;1m✓[39;22m[90m [39m[90mto array includes db level field[39m
  [32;1m✓[39;22m[90m [39m[90mfrom array deserialises correctly[39m
  [32;1m✓[39;22m[90m [39m[90mget levels array returns only index db level label[39m

  [30;42;1m PASS [39;49;22m[39m Tests\Unit\Domain\GeographicStructureTypeValidatorTest[39m
  [32;1m✓[39;22m[90m [39m[90mvalid worldwide structure passes[39m[90m                                                                            [39m [90m0.01s[39m  
  [32;1m✓[39;22m[90m [39m[90mvalid nepal all geo unit passes[39m
  [32;1m✓[39;22m[90m [39m[90mthrows on region after country[39m
  [32;1m✓[39;22m[90m [39m[90mthrows on region after geo unit[39m
  [32;1m✓[39;22m[90m [39m[90mthrows on static not at index 1[39m
  [32;1m✓[39;22m[90m [39m[90mconstructor prevents geo unit without db level[39m
  [32;1m✓[39;22m[90m [39m[90mthrows on non sequential indices[39m
  [32;1m✓[39;22m[90m [39m[90mconstructor prevents unknown type[39m

  [30;42;1m PASS [39;49;22m[39m Tests\Unit\Domain\GeographicStructureWorldwideTest[39m
  [32;1m✓[39;22m[90m [39m[90mfor worldwide org returns 4 levels with correct types[39m
  [32;1m✓[39;22m[90m [39m[90mnull db levels allowed for non geo unit types[39m
  [32;1m✓[39;22m[90m [39m[90mget levels array includes type in output[39m
  [32;1m✓[39;22m[90m [39m[90mfrom array roundtrips worldwide structure[39m
  [32;1m✓[39;22m[90m [39m[90mfor nepal regression all geo unit[39m
  [32;1m✓[39;22m[90m [39m[90mextend appends geo unit level[39m

  [39;41;1m FAIL [39;49;22m[39m Tests\Unit\Domain\GeographyDomainServiceTest[39m
  [31;1m⨯[39;22m[90m [39m[90mvalid unit ids pass validation[39m[90m                                                                              [39m [90m0.05s[39m  
  [31;1m⨯[39;22m[90m [39m[90mnonexistent unit ids fail validation[39m
  [31;1m⨯[39;22m[90m [39m[90mout of order hierarchy fails validation[39m
  [32;1m✓[39;22m[90m [39m[90mempty unit ids pass validation[39m

  [30;42;1m PASS [39;49;22m[39m Tests\Unit\Domain\Shared\MoneyTest[39m
  [32;1m✓[39;22m[90m [39m[90mmoney cannot be negative[39m
  [32;1m✓[39;22m[90m [39m[90mmoney stores amount and currency[39m
  [32;1m✓[39;22m[90m [39m[90mtwo moneys with same values are equal[39m
  [32;1m✓[39;22m[90m [39m[90madd two moneys returns correct sum[39m
  [32;1m✓[39;22m[90m [39m[90mmoney rejects invalid currency[39m

  [30;42;1m PASS [39;49;22m[39m Tests\Unit\Domain\Voting\QuorumRule\CompositeQuorumRuleTest[39m
  [32;1m✓[39;22m[90m [39m[90mcomposable quorum evaluation and operator[39m
  [32;1m✓[39;22m[90m [39m[90mrule composition determinism different insertion orders[39m
  [32;1m✓[39;22m[90m [39m[90mparticipation constraint enforcement fails when below threshold[39m
  [32;1m✓[39;22m[90m [39m[90meligibility aware quorum percentage uses eligible count[39m
  [32;1m✓[39;22m[90m [39m[90mreplay stability fingerprint identical across executions[39m
  [32;1m✓[39;22m[90m [39m[90mno semantic mutation rules immutable after construction[39m
  [32;1m✓[39;22m[90m [39m[90mtree permutation equivalence same result regardless of order[39m
  [32;1m✓[39;22m[90m [39m[90mrule identity collision resistance same structure equals same identity[39m
  [32;1m✓[39;22m[90m [39m[90mcomposite normalization enforced tree is canonical after construction[39m
  [32;1m✓[39;22m[90m [39m[90midentity is not equal to fingerprint and both are stable[39m
  [32;1m✓[39;22m[90m [39m[90midentity includes schema and normalization version[39m
  [32;1m✓[39;22m[90m [39m[90mweighted quorum requires explicit threshold not implicit and[39m
  [32;1m✓[39;22m[90m [39m[90mweighted weights are integers only[39m
  [32;1m✓[39;22m[90m [39m[90mpercentage rules use integer basis points only[39m
  [32;1m✓[39;22m[90m [39m[90mno ordering key system exists only identity based ordering[39m
  [32;1m✓[39;22m[90m [39m[90mfingerprint layers are distinct and independent[39m

  [30;43;1m WARN [39;49;22m[39m Tests\Unit\Domain\Voting\Semantics\GovernanceSemanticDefinitionTest[39m
  [32;1m✓[39;22m[90m [39m[90msemantically equivalent rules share semantic identity[39m[90m                                                       [39m [90m0.01s[39m  
  [32;1m✓[39;22m[90m [39m[90mstructural fingerprints differ despite semantic equivalence[39m
  [32;1m✓[39;22m[90m [39m[90msemantic identity is stable across child ordering[39m
  [33;1m![39;22m[90m [39m[90msemantic definition is immutable after construction[39m[90m [39m[33m→ This test did not perform any assertions[39m
  [32;1m✓[39;22m[90m [39m[90msemantic schema version participates in identity[39m
  [32;1m✓[39;22m[90m [39m[90mconstitutional intent classification is preserved[39m
  [32;1m✓[39;22m[90m [39m[90msemantic normalization pipeline canonicalizes aliases[39m
  [32;1m✓[39;22m[90m [39m[90msemantic equivalence is independent from structural compilation[39m
  [32;1m✓[39;22m[90m [39m[90mgovernance meaning is replay stable across executions[39m
  [32;1m✓[39;22m[90m [39m[90msemantic layer separates intent from evaluation strategy[39m

  [30;42;1m PASS [39;49;22m[39m Tests\Unit\Domain\Voting\VotingEngineTest[39m
  [32;1m✓[39;22m[90m [39m[90mengine executes and returns voting session[39m[90m                                                                  [39m [90m0.01s[39m  
  [32;1m✓[39;22m[90m [39m[90mvoting engine is deterministic[39m
  [32;1m✓[39;22m[90m [39m[90mvoting engine is order independent[39m
  [32;1m✓[39;22m[90m [39m[90mvoting engine evaluates quorum correctly[39m
  [32;1m✓[39;22m[90m [39m[90mvoting engine filters ineligible voters[39m
  [32;1m✓[39;22m[90m [39m[90mvoting session is immutable[39m
  [32;1m✓[39;22m[90m [39m[90mvoting engine computes outcome[39m
  [32;1m✓[39;22m[90m [39m[90mvoting session fingerprint determinism[39m
  [32;1m✓[39;22m[90m [39m[90mvoting engine with empty ballots[39m
                                                                  
  [39;41;1m FAIL [39;49;22m[39m Tests\Unit\Election\BusinessConditionsTest[39m
  [32;1m✓[39;22m[90m [39m[90mcan enter administration phase when election created[39m[90m                                                        [39m [90m0.20s[39m  
  [32;1m✓[39;22m[90m [39m[90mcannot enter administration phase without posts[39m[90m                                                             [39m [90m0.20s[39m  
  [32;1m✓[39;22m[90m [39m[90mcannot enter administration phase without voters[39m[90m                                                            [39m [90m0.24s[39m  
  [32;1m✓[39;22m[90m [39m[90mcannot enter administration phase without committee members[39m[90m                                                 [39m [90m0.21s[39m  
  [32;1m✓[39;22m[90m [39m[90mcan enter administration when all conditions met[39m[90m                                                            [39m [90m0.17s[39m  
  [32;1m✓[39;22m[90m [39m[90mcannot enter nomination without administration completed[39m[90m                                                    [39m [90m0.21s[39m  
  [32;1m✓[39;22m[90m [39m[90mcan enter nomination when administration completed and conditions met[39m[90m                                       [39m [90m0.17s[39m  
  [32;1m✓[39;22m[90m [39m[90mcannot enter nomination without posts even if admin completed[39m[90m                                               [39m [90m0.18s[39m  
  [32;1m✓[39;22m[90m [39m[90mcannot enter nomination without voters even if admin completed[39m[90m                                              [39m [90m0.19s[39m  
  [32;1m✓[39;22m[90m [39m[90mcannot enter voting without nomination completed[39m[90m                                                            [39m [90m0.32s[39m  
  [32;1m✓[39;22m[90m [39m[90mcannot enter voting without candidates[39m[90m                                                                      [39m [90m0.22s[39m  
  [32;1m✓[39;22m[90m [39m[90mcannot enter voting with pending candidacies[39m[90m                                                                [39m [90m0.18s[39m  
  [31;1m⨯[39;22m[90m [39m[90mcan enter voting when all conditions met[39m[90m                                                                    [39m [90m0.30s[39m  
  [32;1m✓[39;22m[90m [39m[90mcannot enter counting while voting active[39m[90m                                                                   [39m [90m0.26s[39m  
  [32;1m✓[39;22m[90m [39m[90mcannot enter counting without voting locked[39m[90m                                                                 [39m [90m0.31s[39m  
  [32;1m✓[39;22m[90m [39m[90mcannot enter counting without votes[39m[90m                                                                         [39m [90m0.35s[39m  
  [32;1m✓[39;22m[90m [39m[90mcan enter counting when voting ended and locked[39m[90m                                                             [39m [90m0.40s[39m  
  [32;1m✓[39;22m[90m [39m[90mcan enter results when results published[39m[90m                                                                    [39m [90m0.24s[39m  
  [32;1m✓[39;22m[90m [39m[90mcannot enter results until published[39m[90m                                                                        [39m [90m0.32s[39m  
  [32;1m✓[39;22m[90m [39m[90mreturns blocked reason when cannot enter voting[39m[90m                                                             [39m [90m0.25s[39m  
  [31;1m⨯[39;22m[90m [39m[90mreturns multiple blocked reasons when applicable[39m[90m                                                            [39m [90m0.24s[39m  
  [31;1m⨯[39;22m[90m [39m[90mrespects minimum candidates requirement from config[39m[90m                                                         [39m [90m0.25s[39m  
                                          
  [39;41;1m FAIL [39;49;22m[39m Tests\Unit\Election\DerivedStateTest[39m
  [31;1m⨯[39;22m[90m [39m[90mreturns administration state for new election[39m[90m                                                               [39m [90m0.25s[39m  
  [32;1m✓[39;22m[90m [39m[90mreturns draft state when missing setup requirements[39m[90m                                                         [39m [90m0.23s[39m  
  [31;1m⨯[39;22m[90m [39m[90mreturns nomination state when administration completed[39m[90m                                                      [39m [90m0.23s[39m  
  [31;1m⨯[39;22m[90m [39m[90mreturns nomination blocked when admin completed but missing candidates[39m[90m                                      [39m [90m0.35s[39m  
  [31;1m⨯[39;22m[90m [39m[90mreturns voting state when time window active and conditions met[39m[90m                                             [39m [90m0.19s[39m  
  [31;1m⨯[39;22m[90m [39m[90mreturns voting blocked when time active but no candidates[39m[90m                                                   [39m [90m0.24s[39m  
  [31;1m⨯[39;22m[90m [39m[90mreturns voting blocked when pending candidacies exist[39m[90m                                                       [39m [90m0.23s[39m  
  [32;1m✓[39;22m[90m [39m[90mreturns voting state only during voting window[39m[90m                                                              [39m [90m0.22s[39m  
  [31;1m⨯[39;22m[90m [39m[90mreturns counting state after voting window ends[39m[90m                                                             [39m [90m0.22s[39m  
  [31;1m⨯[39;22m[90m [39m[90mreturns counting blocked when voting not locked[39m[90m                                                             [39m [90m0.20s[39m  
  [31;1m⨯[39;22m[90m [39m[90mreturns counting blocked when no votes recorded[39m[90m                                                             [39m [90m0.36s[39m  
  [31;1m⨯[39;22m[90m [39m[90mreturns results state when results published[39m[90m                                                                [39m [90m0.37s[39m  
  [31;1m⨯[39;22m[90m [39m[90mreturns results state regardless of other conditions[39m[90m                                                        [39m [90m0.30s[39m  
  [31;1m⨯[39;22m[90m [39m[90mstate transitions through expected sequence[39m[90m                                                                 [39m [90m0.36s[39m  
            
  [30;42;1m PASS [39;49;22m[39m Tests\Unit\Election\ElectionPublicationTest[39m
  [32;1m✓[39;22m[90m [39m[90melection cannot be published when not in counting state[39m[90m                                                     [39m [90m0.35s[39m  
  [32;1m✓[39;22m[90m [39m[90melection cannot be published twice[39m[90m                                                                          [39m [90m0.31s[39m  
  [32;1m✓[39;22m[90m [39m[90mpublish sets results published at timestamp[39m[90m                                                                 [39m [90m0.41s[39m  
  [32;1m✓[39;22m[90m [39m[90mresults published at is not cleared on unpublish[39m[90m                                                            [39m [90m0.32s[39m  
                                          
  [39;41;1m FAIL [39;49;22m[39m Tests\Unit\Election\StateTransitionValidationTest[39m
  [31;1m⨯[39;22m[90m [39m[90mallows transition from administration to nomination[39m[90m                                                         [39m [90m0.66s[39m  
  [31;1m⨯[39;22m[90m [39m[90mallows transition from nomination to voting[39m[90m                                                                 [39m [90m0.69s[39m  
  [31;1m⨯[39;22m[90m [39m[90mallows transition from voting to counting[39m[90m                                                                   [39m [90m0.35s[39m  
  [31;1m⨯[39;22m[90m [39m[90mrejects transition to voting without candidates[39m[90m                                                             [39m [90m0.32s[39m  
  [31;1m⨯[39;22m[90m [39m[90mrejects transition to voting with pending candidacies[39m[90m                                                       [39m [90m0.39s[39m  
  [31;1m⨯[39;22m[90m [39m[90mrejects transition to counting while voting active[39m[90m                                                          [39m [90m0.36s[39m  
  [31;1m⨯[39;22m[90m [39m[90mrejects transition to counting without votes[39m[90m                                                                [39m [90m0.29s[39m  
  [31;1m⨯[39;22m[90m [39m[90mrejects transition backward from voting to nomination[39m[90m                                                       [39m [90m0.32s[39m  
  [31;1m⨯[39;22m[90m [39m[90mrejects transition backward from results to voting[39m[90m                                                          [39m [90m0.32s[39m  
  [31;1m⨯[39;22m[90m [39m[90mrejects jumping from nomination directly to counting[39m[90m                                                        [39m [90m0.31s[39m  
  [31;1m⨯[39;22m[90m [39m[90mrejects jumping from administration directly to voting[39m[90m                                                      [39m [90m0.36s[39m  
  [32;1m✓[39;22m[90m [39m[90mcan provide reason for blocked transition[39m[90m                                                                   [39m [90m0.51s[39m  
  [32;1m✓[39;22m[90m [39m[90mcan list all blocking reasons[39m[90m                                                                               [39m [90m0.34s[39m  
  [31;1m⨯[39;22m[90m [39m[90mrespects minimum candidates config for transition[39m[90m                                                           [39m [90m0.29s[39m  

  [30;42;1m PASS [39;49;22m[39m Tests\Unit\Elections\Events\ResultsPublishedEventTest[39m
  [32;1m✓[39;22m[90m [39m[90mevent can be created with all fields[39m[90m                                                                        [39m [90m0.02s[39m  
  [32;1m✓[39;22m[90m [39m[90mevent is immutable[39m
  [32;1m✓[39;22m[90m [39m[90mevent contains only election publication concepts[39m

  [30;42;1m PASS [39;49;22m[39m Tests\Unit\Elections\Events\ResultsUnpublishedEventTest[39m
  [32;1m✓[39;22m[90m [39m[90mevent can be created with all fields[39m
  [32;1m✓[39;22m[90m [39m[90mevent is immutable[39m
         
  [39;41;1m FAIL [39;49;22m[39m Tests\Unit\EmptyCandidatesNoVoteCorrectionTest[39m
  [31;1m⨯[39;22m[90m [39m[90mcandidate json with empty candidates array should have no vote true[39m[90m                                         [39m [90m0.31s[39m  
  [31;1m⨯[39;22m[90m [39m[90mcandidate json with candidates should have no vote false[39m[90m                                                    [39m [90m0.32s[39m  
  [31;1m⨯[39;22m[90m [39m[90mmultiple positions each corrected independently[39m[90m                                                             [39m [90m0.31s[39m  
                  
  [30;42;1m PASS [39;49;22m[39m Tests\Unit\EnsureVoterSlugWindowTest[39m
  [32;1m✓[39;22m[90m [39m[90mvalid slug passes through middleware[39m[90m                                                                        [39m [90m0.30s[39m  
  [32;1m✓[39;22m[90m [39m[90mexpired slug is blocked[39m[90m                                                                                     [39m [90m0.28s[39m  
  [32;1m✓[39;22m[90m [39m[90minactive slug is blocked[39m[90m                                                                                    [39m [90m0.31s[39m  
  [32;1m✓[39;22m[90m [39m[90mslug from different user is blocked[39m[90m                                                                         [39m [90m0.45s[39m  
  [32;1m✓[39;22m[90m [39m[90mslug from different election is blocked[39m[90m                                                                     [39m [90m0.45s[39m  
  [32;1m✓[39;22m[90m [39m[90mnonexistent slug is blocked[39m[90m                                                                                 [39m [90m0.50s[39m  

  [39;41;1m FAIL [39;49;22m[39m Tests\Unit\Enums\VotingStepTest[39m
  [32;1m✓[39;22m[90m [39m[90mvoting step values[39m[90m                                                                                          [39m [90m0.01s[39m  
  [32;1m✓[39;22m[90m [39m[90mvoting step labels[39m
  [31;1m⨯[39;22m[90m [39m[90mvoting step timestamp columns[39m
  [32;1m✓[39;22m[90m [39m[90mvoting step previous[39m
  [32;1m✓[39;22m[90m [39m[90mvoting step next[39m
  [32;1m✓[39;22m[90m [39m[90mvoting step comparisons[39m
  [32;1m✓[39;22m[90m [39m[90mvoting step all ordered[39m
  [32;1m✓[39;22m[90m [39m[90mvoting step progress percentage[39m
  [32;1m✓[39;22m[90m [39m[90mvoting step through[39m
         
  [30;42;1m PASS [39;49;22m[39m Tests\Unit\Fee\FeePaymentDomainTest[39m
  [32;1m✓[39;22m[90m [39m[90mfee mark as paid emits fee paid event with complete context[39m[90m                                                 [39m [90m0.41s[39m  
  [32;1m✓[39;22m[90m [39m[90mfee cannot be marked paid twice[39m[90m                                                                             [39m [90m0.20s[39m  
  [32;1m✓[39;22m[90m [39m[90mfee paid event preserves all payment details[39m[90m                                                                [39m [90m0.25s[39m  

  [30;42;1m PASS [39;49;22m[39m Tests\Unit\Governance\Domain\CommitteeAggregateTest[39m
  [32;1m✓[39;22m[90m [39m[90mcan add member to committee[39m[90m                                                                                 [39m [90m0.01s[39m  
  [32;1m✓[39;22m[90m [39m[90madding duplicate member throws exception[39m
  [32;1m✓[39;22m[90m [39m[90mduplicate add throws before event[39m
  [32;1m✓[39;22m[90m [39m[90mcan remove member from committee[39m
  [32;1m✓[39;22m[90m [39m[90mremoving nonexistent member is safe[39m
  [32;1m✓[39;22m[90m [39m[90mmember assigned event is self sufficient[39m
  [32;1m✓[39;22m[90m [39m[90mmultiple members can be assigned[39m
  [32;1m✓[39;22m[90m [39m[90mevents are cleared on pull[39m

  [30;42;1m PASS [39;49;22m[39m Tests\Unit\Governance\Domain\CommitteeRoleAssignmentTest[39m
  [32;1m✓[39;22m[90m [39m[90mit assigns member with role[39m[90m                                                                                 [39m [90m0.01s[39m  
  [32;1m✓[39;22m[90m [39m[90mduplicate member assignment is rejected[39m
  [32;1m✓[39;22m[90m [39m[90mmember assignment preserves role type[39m
  [32;1m✓[39;22m[90m [39m[90mall role types are assignable[39m
                     
  [30;42;1m PASS [39;49;22m[39m Tests\Unit\Helpers\ValidateVotingIpWithResponseReturnTest[39m
  [32;1m✓[39;22m[90m [39m[90msuccess array has valid when no voting ip[39m[90m                                                                   [39m [90m0.29s[39m  
  [32;1m✓[39;22m[90m [39m[90msuccess array has skip reason when no voting ip[39m[90m                                                             [39m [90m0.27s[39m  
  [32;1m✓[39;22m[90m [39m[90msuccess array does not contain current ip when no voting ip[39m[90m                                                 [39m [90m0.32s[39m  
  [32;1m✓[39;22m[90m [39m[90msuccess array does not contain registered ip when no voting ip[39m[90m                                              [39m [90m0.22s[39m  
  [32;1m✓[39;22m[90m [39m[90msuccess array does not contain ip fields when ip matches[39m[90m                                                    [39m [90m0.25s[39m  
  [32;1m✓[39;22m[90m [39m[90mdenial inertia does not contain ip props[39m[90m                                                                    [39m [90m0.25s[39m  
  [32;1m✓[39;22m[90m [39m[90mdenial inertia contains constitutional evidence[39m[90m                                                             [39m [90m0.28s[39m  

  [30;42;1m PASS [39;49;22m[39m Tests\Unit\Http\EmergencyDashboardControllerUnitTest[39m
  [32;1m✓[39;22m[90m [39m[90memergency dashboard controller instantiates[39m[90m                                                                 [39m [90m0.01s[39m  
  [32;1m✓[39;22m[90m [39m[90mcontroller extends controller[39m
  [32;1m✓[39;22m[90m [39m[90mindex method exists[39m
  [32;1m✓[39;22m[90m [39m[90mlogout method exists[39m
  [32;1m✓[39;22m[90m [39m[90mhealth check method exists[39m
  [32;1m✓[39;22m[90m [39m[90mhelper methods exist[39m
  [32;1m✓[39;22m[90m [39m[90mmethod signatures are correct[39m
  [32;1m✓[39;22m[90m [39m[90mcontroller focuses on emergency dashboard[39m

  [39;41;1m FAIL [39;49;22m[39m Tests\Unit\Http\LoginResponseUnitTest[39m
  [31;1m⨯[39;22m[90m [39m[90mlogin response class exists[39m[90m                                                                                 [39m [90m0.01s[39m  
  [31;1m⨯[39;22m[90m [39m[90mlogin response has correct structure[39m
  [31;1m⨯[39;22m[90m [39m[90mlogin response has to response method[39m
  [31;1m⨯[39;22m[90m [39m[90mfallback chain methods exist[39m
  [31;1m⨯[39;22m[90m [39m[90mmaintenance mode methods exist[39m
  [31;1m⨯[39;22m[90m [39m[90mtracking methods exist[39m
  [31;1m⨯[39;22m[90m [39m[90mmonitoring methods exist[39m
  [31;1m⨯[39;22m[90m [39m[90mto response method is public[39m
  [31;1m⨯[39;22m[90m [39m[90mlogin response has constructor[39m

  [30;42;1m PASS [39;49;22m[39m Tests\Unit\Infrastructure\Election\Replay\CanonicalJsonSerializerTest[39m
  [32;1m✓[39;22m[90m [39m[90mkeys are sorted alphabetically[39m
  [32;1m✓[39;22m[90m [39m[90mnested keys are sorted alphabetically[39m
  [32;1m✓[39;22m[90m [39m[90mdatetime normalized to utc iso8601[39m
  [32;1m✓[39;22m[90m [39m[90mdatetime immutable normalized to utc[39m
  [32;1m✓[39;22m[90m [39m[90mfloats throw runtime exception[39m
  [32;1m✓[39;22m[90m [39m[90mfloat in nested array throws[39m
  [32;1m✓[39;22m[90m [39m[90mdeterministic same input same output[39m
  [32;1m✓[39;22m[90m [39m[90mdifferent input different output[39m
  [32;1m✓[39;22m[90m [39m[90mslashes are not escaped[39m
  [32;1m✓[39;22m[90m [39m[90municode is not escaped[39m
  [32;1m✓[39;22m[90m [39m[90mobject serialization[39m
  [32;1m✓[39;22m[90m [39m[90msequential arrays preserve order[39m

  [30;43;1m WARN [39;49;22m[39m Tests\Unit\Infrastructure\Observation\DivergenceTelemetryStoreTest[39m
  [32;1m✓[39;22m[90m [39m[90mit records and retrieves observations[39m[90m                                                                       [39m [90m0.02s[39m  
  [32;1m✓[39;22m[90m [39m[90mit records multiple observations in order[39m[90m                                                                   [39m [90m0.03s[39m  
  [32;1m✓[39;22m[90m [39m[90mit appends timestamp automatically[39m[90m                                                                          [39m [90m0.02s[39m  
  [32;1m✓[39;22m[90m [39m[90mit returns empty array when no observations[39m
  [32;1m✓[39;22m[90m [39m[90mit returns empty array when file does not exist[39m
  [32;1m✓[39;22m[90m [39m[90mit counts observations[39m[90m                                                                                      [39m [90m0.05s[39m  
  [33;1m![39;22m[90m [39m[90mit filters by time range[39m[90m [39m[33m→ This test did not perform any assertions[39m[90m                                         [39m [90m0.03s[39m  
  [32;1m✓[39;22m[90m [39m[90mit is append only[39m[90m                                                                                           [39m [90m0.02s[39m  
  [32;1m✓[39;22m[90m [39m[90mit handles unicode in observations[39m[90m                                                                          [39m [90m0.02s[39m  
  [32;1m✓[39;22m[90m [39m[90mit clears only for testing[39m[90m                                                                                  [39m [90m0.01s[39m  
               
  [39;41;1m FAIL [39;49;22m[39m Tests\Unit\Infrastructure\RepositoryAPIRefactorTest[39m
  [31;1m⨯[39;22m[90m [39m[90mpersist persists draft structure[39m[90m                                                                            [39m [90m0.33s[39m  
  [31;1m⨯[39;22m[90m [39m[90mpersist active structure persists all states[39m[90m                                                                [39m [90m0.26s[39m  
  [31;1m⨯[39;22m[90m [39m[90mrepository does not auto deprecate existing active[39m[90m                                                          [39m [90m0.29s[39m  
  [32;1m✓[39;22m[90m [39m[90mrepository interface has no lifecycle aware methods[39m[90m                                                         [39m [90m0.25s[39m  
  [31;1m⨯[39;22m[90m [39m[90mmultiple drafts can be persisted for same tenant[39m[90m                                                            [39m [90m0.18s[39m  

  [30;42;1m PASS [39;49;22m[39m Tests\Unit\Infrastructure\Services\GeographicJurisdictionProviderAdapterTest[39m
  [32;1m✓[39;22m[90m [39m[90mresolve with valid id returns jurisdiction[39m[90m                                                                  [39m [90m0.03s[39m  
  [32;1m✓[39;22m[90m [39m[90mresolve with invalid id returns null[39m
                              
  [39;41;1m FAIL [39;49;22m[39m Tests\Unit\Jobs\ProcessMemberImportJobTest[39m
  [31;1m⨯[39;22m[90m [39m[90mit parses semicolon csv and calls service[39m[90m                                                                   [39m [90m1.30s[39m  
  [31;1m⨯[39;22m[90m [39m[90mit marks job failed when file does not exist[39m[90m                                                                [39m [90m0.28s[39m  
  [31;1m⨯[39;22m[90m [39m[90mit deletes file after processing[39m[90m                                                                            [39m [90m0.35s[39m  
  [31;1m⨯[39;22m[90m [39m[90mit sets started at when processing begins[39m[90m                                                                   [39m [90m0.40s[39m  
  [31;1m⨯[39;22m[90m [39m[90mit handles missing email column[39m[90m                                                                             [39m [90m0.33s[39m  
  [31;1m⨯[39;22m[90m [39m[90mit detects comma delimiter[39m[90m                                                                                  [39m [90m0.28s[39m  
  [31;1m⨯[39;22m[90m [39m[90mit returns early if job not found[39m[90m                                                                           [39m [90m0.34s[39m  
  [31;1m⨯[39;22m[90m [39m[90mit processes empty csv[39m[90m                                                                                      [39m [90m0.28s[39m  
  [31;1m⨯[39;22m[90m [39m[90mit handles missing first and last name[39m[90m                                                                      [39m [90m0.41s[39m  
  [31;1m⨯[39;22m[90m [39m[90mit parses various email column names[39m[90m                                                                        [39m [90m0.30s[39m  
            
  [30;42;1m PASS [39;49;22m[39m Tests\Unit\Jobs\ProcessMembershipExpiryJobTest[39m
  [32;1m✓[39;22m[90m [39m[90mpending applications past expiry are auto rejected[39m[90m                                                          [39m [90m0.38s[39m  
  [32;1m✓[39;22m[90m [39m[90mnon expired applications are untouched[39m[90m                                                                      [39m [90m0.39s[39m  
  [32;1m✓[39;22m[90m [39m[90mpending fees past due are marked overdue[39m[90m                                                                    [39m [90m0.38s[39m  
  [32;1m✓[39;22m[90m [39m[90mfees not yet due are untouched[39m[90m                                                                              [39m [90m0.30s[39m  

  [30;42;1m PASS [39;49;22m[39m Tests\Unit\Membership\Application\MemberDirectoryProjectionTest[39m
  [32;1m✓[39;22m[90m [39m[90mprojector transforms member registered to directory model[39m[90m                                                   [39m [90m0.01s[39m  
  [32;1m✓[39;22m[90m [39m[90mnewly projected member has active status[39m
  [32;1m✓[39;22m[90m [39m[90mprojection respects tenant isolation[39m
  [32;1m✓[39;22m[90m [39m[90mprojection normalizes email to lowercase[39m
  [32;1m✓[39;22m[90m [39m[90mprojection model has all required fields[39m
  [32;1m✓[39;22m[90m [39m[90mprojection model is immutable[39m
  [32;1m✓[39;22m[90m [39m[90mprojector rejects event with missing email[39m
  [32;1m✓[39;22m[90m [39m[90mprojector has no domain service dependencies[39m
  [32;1m✓[39;22m[90m [39m[90mprojection preserves membership type variations[39m

  [30;42;1m PASS [39;49;22m[39m Tests\Unit\Membership\Application\MemberImportServiceTest[39m
  [32;1m✓[39;22m[90m [39m[90minvalid email format counted as failed not skipped[39m[90m                                                          [39m [90m0.01s[39m  
  [32;1m✓[39;22m[90m [39m[90mduplicate email is skipped not failed[39m
  [32;1m✓[39;22m[90m [39m[90minvalid membership type fails row[39m
  [32;1m✓[39;22m[90m [39m[90mmissing membership type id uses default[39m
  [32;1m✓[39;22m[90m [39m[90mmembership type override works[39m
  [32;1m✓[39;22m[90m [39m[90mgeo unit is optional[39m
  [32;1m✓[39;22m[90m [39m[90mrepository failure counted as failed[39m
  [32;1m✓[39;22m[90m [39m[90mbatch with mixed rows returns correct counts[39m
  [32;1m✓[39;22m[90m [39m[90mvalid row imports member and records outbox event[39m

  [30;42;1m PASS [39;49;22m[39m Tests\Unit\Membership\Infrastructure\MemberDirectoryProjectionWorkerTest[39m
  [32;1m✓[39;22m[90m [39m[90mworker processes single member registered event[39m[90m                                                             [39m [90m0.01s[39m  
  [32;1m✓[39;22m[90m [39m[90mworker processes batch of events[39m
  [32;1m✓[39;22m[90m [39m[90mworker idempotently processes duplicate events[39m
  [32;1m✓[39;22m[90m [39m[90mworker handles empty outbox gracefully[39m
  [32;1m✓[39;22m[90m [39m[90mworker does not mark processed on repository failure[39m
  [32;1m✓[39;22m[90m [39m[90mworker preserves tenant isolation across batch[39m
                                             
  [30;42;1m PASS [39;49;22m[39m Tests\Unit\Middleware\EnsureOrganisationMemberTest[39m
  [32;1m✓[39;22m[90m [39m[90mit allows member access to organization[39m[90m                                                                     [39m [90m0.29s[39m  
  [32;1m✓[39;22m[90m [39m[90mit blocks non member access with 403[39m[90m                                                                        [39m [90m0.25s[39m  
  [32;1m✓[39;22m[90m [39m[90mit returns 404 when organization not found[39m[90m                                                                  [39m [90m0.21s[39m  
  [32;1m✓[39;22m[90m [39m[90mit requires authentication[39m[90m                                                                                  [39m [90m0.24s[39m  
  [32;1m✓[39;22m[90m [39m[90mit stores organization in request attributes[39m[90m                                                                [39m [90m0.29s[39m  
  [32;1m✓[39;22m[90m [39m[90mit sets session context for belongs to tenant[39m[90m                                                               [39m [90m0.28s[39m  
  [32;1m✓[39;22m[90m [39m[90mit logs successful access attempt[39m[90m                                                                           [39m [90m0.22s[39m  
  [32;1m✓[39;22m[90m [39m[90mit logs unauthorized access attempt[39m[90m                                                                         [39m [90m0.37s[39m  
  [32;1m✓[39;22m[90m [39m[90mit returns json error for api requests[39m[90m                                                                      [39m [90m0.26s[39m  
  [32;1m✓[39;22m[90m [39m[90mit allows commission member access[39m[90m                                                                          [39m [90m0.35s[39m  
  [32;1m✓[39;22m[90m [39m[90mit only allows access to member organizations[39m[90m                                                               [39m [90m0.29s[39m  
  [32;1m✓[39;22m[90m [39m[90mit extracts slug from route parameter[39m[90m                                                                       [39m [90m0.27s[39m  
  [32;1m✓[39;22m[90m [39m[90mit resolves organisation by uuid[39m[90m                                                                            [39m [90m0.29s[39m  
  [32;1m✓[39;22m[90m [39m[90mit blocks access to soft deleted organisation[39m[90m                                                               [39m [90m0.30s[39m  
  [32;1m✓[39;22m[90m [39m[90mit logs complete security context on cross org access[39m[90m                                                       [39m [90m0.27s[39m  
                        
  [39;41;1m FAIL [39;49;22m[39m Tests\Unit\Middleware\EnsureRealVoteOrganisationTest[39m
  [31;1m⨯[39;22m[90m [39m[90mdemo election bypasses organisation check[39m
  [31;1m⨯[39;22m[90m [39m[90mreal election with matching organisation passes[39m
  [31;1m⨯[39;22m[90m [39m[90mreal election with mismatched organisation blocks[39m
  [31;1m⨯[39;22m[90m [39m[90mno election in request blocks[39m
  [31;1m⨯[39;22m[90m [39m[90munauthenticated user redirects to login[39m
  [31;1m⨯[39;22m[90m [39m[90mlogs to voting security on mismatch[39m
  [31;1m⨯[39;22m[90m [39m[90mlogs to voting audit on success[39m
  [31;1m⨯[39;22m[90m [39m[90merror response includes context[39m
                     
  [39;41;1m FAIL [39;49;22m[39m Tests\Unit\Middleware\TenantContextTest[39m
  [31;1m⨯[39;22m[90m [39m[90mit sets tenant context for authenticated user[39m[90m                                                               [39m [90m0.24s[39m  
  [31;1m⨯[39;22m[90m [39m[90mit denies access if user has no organisation role[39m[90m                                                           [39m [90m0.31s[39m  
  [31;1m⨯[39;22m[90m [39m[90mit handles demo users without organisation[39m[90m                                                                  [39m [90m0.44s[39m  
  [31;1m⨯[39;22m[90m [39m[90mit uses cache for organisation lookup[39m[90m                                                                       [39m [90m0.30s[39m  
  [32;1m✓[39;22m[90m [39m[90mit skips tenant context for guests[39m[90m                                                                          [39m [90m0.22s[39m  
  [31;1m⨯[39;22m[90m [39m[90mit prevents privilege escalation when role missing[39m[90m                                                          [39m [90m0.24s[39m  
  [31;1m⨯[39;22m[90m [39m[90mit allows users with multiple organisation roles[39m[90m                                                            [39m [90m0.24s[39m  
                              
  [39;41;1m FAIL [39;49;22m[39m Tests\Unit\Middleware\ValidateVotingIpTest[39m
  [32;1m✓[39;22m[90m [39m[90mit allows request when ip control is disabled[39m[90m                                                               [39m [90m0.27s[39m  
  [32;1m✓[39;22m[90m [39m[90mit allows request when user has no ip restriction[39m[90m                                                           [39m [90m0.25s[39m  
  [32;1m✓[39;22m[90m [39m[90mit allows request when ip matches[39m[90m                                                                           [39m [90m0.26s[39m  
  [31;1m⨯[39;22m[90m [39m[90mit blocks request when ip does not match[39m[90m                                                                    [39m [90m0.26s[39m  
  [32;1m✓[39;22m[90m [39m[90mit handles unauthenticated requests[39m[90m                                                                         [39m [90m0.24s[39m  
  [32;1m✓[39;22m[90m [39m[90mit includes bilingual error message on mismatch[39m[90m                                                             [39m [90m0.35s[39m  
  [32;1m✓[39;22m[90m [39m[90mit gets correct client ip[39m[90m                                                                                   [39m [90m0.25s[39m  
  [32;1m✓[39;22m[90m [39m[90mit passes through in constitutional mode when ip mismatches[39m[90m                                                 [39m [90m0.31s[39m  
  [32;1m✓[39;22m[90m [39m[90mit blocks in legacy mode when ip mismatches[39m[90m                                                                 [39m [90m0.31s[39m  
  [32;1m✓[39;22m[90m [39m[90mit passes through in constitutional mode when ip matches[39m[90m                                                    [39m [90m0.29s[39m  
                     
  [39;41;1m FAIL [39;49;22m[39m Tests\Unit\Models\CandidacyTest[39m
  [32;1m✓[39;22m[90m [39m[90mcandidacy belongs to organisation[39m[90m                                                                           [39m [90m0.42s[39m  
  [32;1m✓[39;22m[90m [39m[90mcandidacy belongs to post[39m[90m                                                                                   [39m [90m0.28s[39m  
  [31;1m⨯[39;22m[90m [39m[90mcandidacy belongs to user[39m[90m                                                                                   [39m [90m0.37s[39m  
  [32;1m✓[39;22m[90m [39m[90mcandidacy accesses election via post[39m[90m                                                                        [39m [90m0.38s[39m  
  [32;1m✓[39;22m[90m [39m[90mcandidacy scope for organisation filters correctly[39m[90m                                                          [39m [90m0.29s[39m  
  [32;1m✓[39;22m[90m [39m[90mcandidacy scope approved filters status[39m[90m                                                                     [39m [90m0.25s[39m  
  [32;1m✓[39;22m[90m [39m[90mcandidacy has no direct election relationship[39m[90m                                                               [39m [90m0.22s[39m  
                              
  [39;41;1m FAIL [39;49;22m[39m Tests\Unit\Models\CodeTest[39m
  [31;1m⨯[39;22m[90m [39m[90mcode belongs to user[39m[90m                                                                                        [39m [90m0.19s[39m  
  [31;1m⨯[39;22m[90m [39m[90mcode belongs to election[39m[90m                                                                                    [39m [90m0.27s[39m  
  [31;1m⨯[39;22m[90m [39m[90mcode belongs to organisation[39m[90m                                                                                [39m [90m0.30s[39m  
  [31;1m⨯[39;22m[90m [39m[90mcode first use marks code1 used[39m[90m                                                                             [39m [90m0.19s[39m  
  [31;1m⨯[39;22m[90m [39m[90mcode second use marks code2 used[39m[90m                                                                            [39m [90m0.23s[39m  
  [31;1m⨯[39;22m[90m [39m[90mcode prevents third use[39m[90m                                                                                     [39m [90m0.23s[39m  
  [32;1m✓[39;22m[90m [39m[90mcode scope for organisation filters[39m[90m                                                                         [39m [90m0.31s[39m  
  [31;1m⨯[39;22m[90m [39m[90mcode scope for election filters[39m[90m                                                                             [39m [90m0.28s[39m  
  [31;1m⨯[39;22m[90m [39m[90mcode scope unused returns available[39m[90m                                                                         [39m [90m0.34s[39m  
  [31;1m⨯[39;22m[90m [39m[90mcode tracks usage timestamps[39m[90m                                                                                [39m [90m0.35s[39m  
            
  [30;42;1m PASS [39;49;22m[39m Tests\Unit\Models\DeadLetterEntryTest[39m
  [32;1m✓[39;22m[90m [39m[90mcan create dead letter entry[39m[90m                                                                                [39m [90m0.41s[39m  
  [32;1m✓[39;22m[90m [39m[90mpayload is stored as json[39m[90m                                                                                   [39m [90m0.23s[39m  
  [32;1m✓[39;22m[90m [39m[90mcan query failed entries by queue and org[39m[90m                                                                   [39m [90m0.22s[39m  
  [32;1m✓[39;22m[90m [39m[90mtracks retry timestamp[39m[90m                                                                                      [39m [90m0.24s[39m  
                              
  [30;42;1m PASS [39;49;22m[39m Tests\Unit\Models\DemoCodeModelTest[39m
  [32;1m✓[39;22m[90m [39m[90mdemo code fillable includes voting code[39m[90m                                                                     [39m [90m0.30s[39m  
  [32;1m✓[39;22m[90m [39m[90mdemo code fillable includes device fingerprint hash[39m[90m                                                         [39m [90m0.23s[39m  
  [32;1m✓[39;22m[90m [39m[90mdemo code fillable includes voting time in minutes[39m[90m                                                          [39m [90m0.32s[39m  
  [32;1m✓[39;22m[90m [39m[90mdemo code fillable does not include nonexistent columns[39m[90m                                                     [39m [90m0.25s[39m  
  [32;1m✓[39;22m[90m [39m[90mdemo code can store voting code[39m[90m                                                                             [39m [90m0.29s[39m  
  [32;1m✓[39;22m[90m [39m[90mdemo code can store device fingerprint hash[39m[90m                                                                 [39m [90m0.28s[39m  
  [32;1m✓[39;22m[90m [39m[90mdemo code can store voting time in minutes[39m[90m                                                                  [39m [90m0.33s[39m  
  [32;1m✓[39;22m[90m [39m[90mdemo codes table has voting code column[39m[90m                                                                     [39m [90m0.28s[39m  
  [32;1m✓[39;22m[90m [39m[90mdemo code is expired method respects voting time in minutes[39m[90m                                                 [39m [90m0.23s[39m  
  [32;1m✓[39;22m[90m [39m[90mdemo code is not expired with longer window[39m[90m                                                                 [39m [90m0.26s[39m  
                  
  [39;41;1m FAIL [39;49;22m[39m Tests\Unit\Models\DemoVoteModelTest[39m
  [32;1m✓[39;22m[90m [39m[90mcasts includes cast at[39m[90m                                                                                      [39m [90m0.23s[39m  
  [32;1m✓[39;22m[90m [39m[90mcasts includes no vote posts[39m[90m                                                                                [39m [90m0.30s[39m  
  [32;1m✓[39;22m[90m [39m[90mbooted calls parent booted[39m[90m                                                                                  [39m [90m0.28s[39m  
  [32;1m✓[39;22m[90m [39m[90mvote hash in fillable[39m[90m                                                                                       [39m [90m0.24s[39m  
  [32;1m✓[39;22m[90m [39m[90mno vote posts in fillable[39m[90m                                                                                   [39m [90m0.19s[39m  
  [31;1m⨯[39;22m[90m [39m[90mdemo vote can be created with all fields[39m[90m                                                                    [39m [90m0.36s[39m  
                           
  [39;41;1m FAIL [39;49;22m[39m Tests\Unit\Models\Demo\DemoCodeTest[39m
  [32;1m✓[39;22m[90m [39m[90mdemo code extends code model[39m[90m                                                                                [39m [90m0.26s[39m  
  [32;1m✓[39;22m[90m [39m[90mdemo code uses demo codes table[39m[90m                                                                             [39m [90m0.25s[39m  
  [32;1m✓[39;22m[90m [39m[90mdemo code belongs to election[39m[90m                                                                               [39m [90m0.26s[39m  
  [32;1m✓[39;22m[90m [39m[90mdemo code tracks usage[39m[90m                                                                                      [39m [90m0.23s[39m  
  [32;1m✓[39;22m[90m [39m[90mdemo code is demo returns true[39m[90m                                                                              [39m [90m0.25s[39m  
  [32;1m✓[39;22m[90m [39m[90mdemo code is real returns false[39m[90m                                                                             [39m [90m0.30s[39m  
  [31;1m⨯[39;22m[90m [39m[90mdemo code scope for demo election[39m[90m                                                                           [39m [90m0.20s[39m  
  [32;1m✓[39;22m[90m [39m[90mdemo code can be reset[39m[90m                                                                                      [39m [90m0.22s[39m  
  [32;1m✓[39;22m[90m [39m[90mdemo code isolation from real codes[39m[90m                                                                         [39m [90m0.23s[39m  
                                 
  [39;41;1m FAIL [39;49;22m[39m Tests\Unit\Models\Demo\DemoVoteTest[39m
  [31;1m⨯[39;22m[90m [39m[90mdemo vote uses demo votes table[39m[90m                                                                             [39m [90m0.31s[39m  
  [32;1m✓[39;22m[90m [39m[90mdemo vote belongs to organisation[39m[90m                                                                           [39m [90m0.25s[39m  
  [32;1m✓[39;22m[90m [39m[90mdemo vote belongs to election[39m[90m                                                                               [39m [90m0.17s[39m  
  [32;1m✓[39;22m[90m [39m[90mdemo vote is demo returns true[39m[90m                                                                              [39m [90m0.26s[39m  
  [32;1m✓[39;22m[90m [39m[90mdemo vote is real returns false[39m[90m                                                                             [39m [90m0.21s[39m  
  [32;1m✓[39;22m[90m [39m[90mdemo vote has no user relationship[39m[90m                                                                          [39m [90m0.23s[39m  
  [32;1m✓[39;22m[90m [39m[90mdemo vote scope for organisation filters[39m[90m                                                                    [39m [90m0.27s[39m  
  [32;1m✓[39;22m[90m [39m[90mdemo vote scope for election filters[39m[90m                                                                        [39m [90m0.22s[39m  
  [31;1m⨯[39;22m[90m [39m[90mdemo vote stores candidate selections[39m[90m                                                                       [39m [90m0.26s[39m  
  [31;1m⨯[39;22m[90m [39m[90mdemo vote isolation from real votes[39m[90m                                                                         [39m [90m0.21s[39m  
  [31;1m⨯[39;22m[90m [39m[90mdemo vote scope current session filters[39m[90m                                                                     [39m [90m0.22s[39m  
                        
  [39;41;1m FAIL [39;49;22m[39m Tests\Unit\Models\Demo\DemoVoterSlugTest[39m
  [31;1m⨯[39;22m[90m [39m[90mdemo voter slug uses demo voter slugs table[39m[90m                                                                 [39m [90m0.24s[39m  
  [31;1m⨯[39;22m[90m [39m[90mdemo voter slug belongs to user[39m[90m                                                                             [39m [90m0.25s[39m  
  [31;1m⨯[39;22m[90m [39m[90mdemo voter slug belongs to election[39m[90m                                                                         [39m [90m0.23s[39m  
  [31;1m⨯[39;22m[90m [39m[90mdemo voter slug tracks step progress[39m[90m                                                                        [39m [90m0.20s[39m  
  [31;1m⨯[39;22m[90m [39m[90mdemo voter slug scope for election filters[39m[90m                                                                  [39m [90m0.21s[39m  
  [32;1m✓[39;22m[90m [39m[90mdemo voter slug scope for user filters[39m[90m                                                                      [39m [90m0.23s[39m  
  [31;1m⨯[39;22m[90m [39m[90mdemo voter slug is demo returns true[39m[90m                                                                        [39m [90m0.37s[39m  
  [31;1m⨯[39;22m[90m [39m[90mdemo voter slug isolation from real slugs[39m[90m                                                                   [39m [90m0.22s[39m  
                     
  [39;41;1m FAIL [39;49;22m[39m Tests\Unit\Models\ElectionMembershipSuspensionTest[39m
  [31;1m⨯[39;22m[90m [39m[90mpropose suspension sets fields[39m
  [31;1m⨯[39;22m[90m [39m[90mconfirm suspension sets inactive[39m
  [31;1m⨯[39;22m[90m [39m[90mcancel suspension proposal resets fields[39m
  [31;1m⨯[39;22m[90m [39m[90mis suspension proposed returns true when proposed[39m
  [31;1m⨯[39;22m[90m [39m[90mis suspension proposed returns false by default[39m
  [31;1m⨯[39;22m[90m [39m[90mcan confirm suspension false for proposer[39m
  [31;1m⨯[39;22m[90m [39m[90mcan confirm suspension true for different user[39m
                                                                                 
  [39;41;1m FAIL [39;49;22m[39m Tests\Unit\Models\ElectionMembershipTest[39m
  [32;1m✓[39;22m[90m [39m[90mis eligible returns true for active non expired membership[39m[90m                                                  [39m [90m0.25s[39m  
  [32;1m✓[39;22m[90m [39m[90mis eligible returns false when status is inactive[39m[90m                                                           [39m [90m0.41s[39m  
  [32;1m✓[39;22m[90m [39m[90mis eligible returns false when expires at is past[39m[90m                                                           [39m [90m0.32s[39m  
  [32;1m✓[39;22m[90m [39m[90mmark as voted updates last activity and sets inactive[39m[90m                                                       [39m [90m0.33s[39m  
  [32;1m✓[39;22m[90m [39m[90mremove sets status to removed and stores reason in metadata[39m[90m                                                 [39m [90m0.29s[39m  
  [32;1m✓[39;22m[90m [39m[90mmembership belongs to user[39m[90m                                                                                  [39m [90m0.32s[39m  
  [32;1m✓[39;22m[90m [39m[90mmembership belongs to election[39m[90m                                                                              [39m [90m0.28s[39m  
  [32;1m✓[39;22m[90m [39m[90muser has voter elections relationship[39m[90m                                                                       [39m [90m0.31s[39m  
  [31;1m⨯[39;22m[90m [39m[90melection eligible voters excludes expired memberships[39m[90m                                                       [39m [90m0.31s[39m  
  [32;1m✓[39;22m[90m [39m[90meligible scope excludes inactive memberships[39m[90m                                                                [39m [90m0.31s[39m  
  [31;1m⨯[39;22m[90m [39m[90mscope voters returns only voter role[39m[90m                                                                        [39m [90m0.31s[39m  
  [31;1m⨯[39;22m[90m [39m[90mscope for election isolates memberships per election[39m[90m                                                        [39m [90m0.39s[39m  
  [32;1m✓[39;22m[90m [39m[90mcomposite fk rejects membership with wrong organisation[39m[90m                                                     [39m [90m0.30s[39m  
  [31;1m⨯[39;22m[90m [39m[90mcascade delete removes memberships when user leaves organisation[39m[90m                                            [39m [90m0.32s[39m  
  [31;1m⨯[39;22m[90m [39m[90mvoter count is cached after first access[39m[90m                                                                    [39m [90m0.26s[39m  
  [32;1m✓[39;22m[90m [39m[90mvoter count cache is cleared when membership added[39m[90m                                                          [39m [90m0.35s[39m  
  [32;1m✓[39;22m[90m [39m[90mcache works with file driver no tags required[39m[90m                                                               [39m [90m0.39s[39m  
  [32;1m✓[39;22m[90m [39m[90mvoter stats returns correct structure[39m[90m                                                                       [39m [90m0.45s[39m  
  [32;1m✓[39;22m[90m [39m[90mvoter stats counts are accurate[39m[90m                                                                             [39m [90m0.28s[39m  
  [32;1m✓[39;22m[90m [39m[90mvoter stats is cached[39m[90m                                                                                       [39m [90m0.30s[39m  
  [32;1m✓[39;22m[90m [39m[90mvoter stats cache is cleared when membership changes[39m[90m                                                        [39m [90m0.24s[39m  
  [31;1m⨯[39;22m[90m [39m[90mflush expired voter caches command clears expiring election caches[39m[90m                                          [39m [90m0.30s[39m  
  [32;1m✓[39;22m[90m [39m[90mflush expired voter caches ignores elections with no expiring voters[39m[90m                                        [39m [90m0.46s[39m  
  [31;1m⨯[39;22m[90m [39m[90mflush expired voter caches clears already expired memberships[39m[90m                                               [39m [90m0.41s[39m  
  [32;1m✓[39;22m[90m [39m[90mmark as voted sets has voted true and stamps voted at[39m[90m                                                       [39m [90m0.27s[39m  
  [32;1m✓[39;22m[90m [39m[90mnew membership defaults has voted to false[39m[90m                                                                  [39m [90m0.34s[39m  
  [31;1m⨯[39;22m[90m [39m[90mscope not voted excludes members who have voted[39m[90m                                                             [39m [90m0.35s[39m  
                        
  [39;41;1m FAIL [39;49;22m[39m Tests\Unit\Models\ElectionTest[39m
  [32;1m✓[39;22m[90m [39m[90melection belongs to organisation[39m[90m                                                                            [39m [90m0.30s[39m  
  [32;1m✓[39;22m[90m [39m[90melection has many posts[39m[90m                                                                                     [39m [90m0.23s[39m  
  [31;1m⨯[39;22m[90m [39m[90melection has many candidacies through posts[39m[90m                                                                 [39m [90m0.20s[39m  
  [31;1m⨯[39;22m[90m [39m[90melection scope for organisation filters correctly[39m[90m                                                           [39m [90m0.21s[39m  
  [32;1m✓[39;22m[90m [39m[90melection is demo returns correct boolean[39m[90m                                                                    [39m [90m0.25s[39m  
  [32;1m✓[39;22m[90m [39m[90melection is real returns correct boolean[39m[90m                                                                    [39m [90m0.24s[39m  
  [32;1m✓[39;22m[90m [39m[90melection is currently active checks dates and flag[39m[90m                                                          [39m [90m0.24s[39m  
  [31;1m⨯[39;22m[90m [39m[90melection with essential relations scope loads data[39m[90m                                                          [39m [90m0.34s[39m  
                                       
  [30;42;1m PASS [39;49;22m[39m Tests\Unit\Models\Election\ConstitutionalImmutabilityTest[39m
  [32;1m✓[39;22m[90m [39m[90msecurity articles snapshot is frozen at creation[39m[90m                                                            [39m [90m0.24s[39m  
  [32;1m✓[39;22m[90m [39m[90mconstitutional hash validates snapshot integrity[39m[90m                                                            [39m [90m0.19s[39m  
  [32;1m✓[39;22m[90m [39m[90msecurity articles version locked at d2 5[39m[90m                                                                    [39m [90m0.24s[39m  
  [32;1m✓[39;22m[90m [39m[90mmutation via save throws exception[39m[90m                                                                          [39m [90m0.29s[39m  
  [32;1m✓[39;22m[90m [39m[90mmutation via property assignment persists[39m[90m                                                                   [39m [90m0.27s[39m  
  [32;1m✓[39;22m[90m [39m[90mmutation guard prevents hash tampering[39m[90m                                                                      [39m [90m0.22s[39m  
  [32;1m✓[39;22m[90m [39m[90mmutation guard prevents version change[39m[90m                                                                      [39m [90m0.22s[39m  
  [32;1m✓[39;22m[90m [39m[90msnapshot immutable across reload[39m[90m                                                                            [39m [90m0.26s[39m  
  [32;1m✓[39;22m[90m [39m[90mhash validates integrity after database load[39m[90m                                                                [39m [90m0.38s[39m  
  [32;1m✓[39;22m[90m [39m[90mmutable fields can still be updated[39m[90m                                                                         [39m [90m0.24s[39m  
  [32;1m✓[39;22m[90m [39m[90mconstitutional fields cannot be updated even via query builder[39m[90m                                              [39m [90m0.40s[39m  
  [32;1m✓[39;22m[90m [39m[90mall elections created have constitutional articles[39m[90m                                                          [39m [90m0.28s[39m  
  [32;1m✓[39;22m[90m [39m[90msnapshot captures all constitutional fields[39m[90m                                                                 [39m [90m0.16s[39m  
                        
  [30;42;1m PASS [39;49;22m[39m Tests\Unit\Models\MemberTest[39m
  [32;1m✓[39;22m[90m [39m[90mcan self renew within 30 days before expiry[39m[90m                                                                 [39m [90m0.35s[39m  
  [32;1m✓[39;22m[90m [39m[90mcan self renew within 90 days after expiry[39m[90m                                                                  [39m [90m0.30s[39m  
  [32;1m✓[39;22m[90m [39m[90mcannot self renew 91 days after expiry[39m[90m                                                                      [39m [90m0.26s[39m  
  [32;1m✓[39;22m[90m [39m[90mlifetime member cannot self renew[39m[90m                                                                           [39m [90m0.37s[39m  
  [32;1m✓[39;22m[90m [39m[90mended member cannot self renew[39m[90m                                                                              [39m [90m0.22s[39m  
  [32;1m✓[39;22m[90m [39m[90mend membership sets status ended with reason[39m[90m                                                                [39m [90m0.26s[39m  
  [32;1m✓[39;22m[90m [39m[90mend membership waives pending fees[39m[90m                                                                          [39m [90m0.27s[39m  
  [32;1m✓[39;22m[90m [39m[90mend membership removes from active elections[39m[90m                                                                [39m [90m0.29s[39m  
                              
  [39;41;1m FAIL [39;49;22m[39m Tests\Unit\Models\MembershipApplicationTest[39m
  [32;1m✓[39;22m[90m [39m[90mit belongs to an organisation[39m[90m                                                                               [39m [90m0.29s[39m  
  [32;1m✓[39;22m[90m [39m[90mit belongs to a user[39m[90m                                                                                        [39m [90m0.26s[39m  
  [32;1m✓[39;22m[90m [39m[90mit belongs to a membership type[39m[90m                                                                             [39m [90m0.28s[39m  
  [32;1m✓[39;22m[90m [39m[90mit is pending when status is submitted[39m[90m                                                                      [39m [90m0.23s[39m  
  [32;1m✓[39;22m[90m [39m[90mit is pending when status is under review[39m[90m                                                                   [39m [90m0.26s[39m  
  [32;1m✓[39;22m[90m [39m[90mit is not pending when approved[39m[90m                                                                             [39m [90m0.27s[39m  
  [32;1m✓[39;22m[90m [39m[90mit is expired when expires at is in the past[39m[90m                                                                [39m [90m0.25s[39m  
  [32;1m✓[39;22m[90m [39m[90mit is not expired when expires at is in the future[39m[90m                                                          [39m [90m0.23s[39m  
  [31;1m⨯[39;22m[90m [39m[90muser cannot have two pending applications for same org[39m[90m                                                      [39m [90m0.28s[39m  
  [32;1m✓[39;22m[90m [39m[90mit soft deletes[39m[90m                                                                                             [39m [90m0.40s[39m  
               
  [30;42;1m PASS [39;49;22m[39m Tests\Unit\Models\MembershipFeeTest[39m
  [32;1m✓[39;22m[90m [39m[90mit belongs to a member[39m[90m                                                                                      [39m [90m0.26s[39m  
  [32;1m✓[39;22m[90m [39m[90mfee amount snapshot is stored at time of creation[39m[90m                                                           [39m [90m0.32s[39m  
  [32;1m✓[39;22m[90m [39m[90moverdue scope returns past due pending fees[39m[90m                                                                 [39m [90m0.25s[39m  
  [32;1m✓[39;22m[90m [39m[90mpaid scope filters correctly[39m[90m                                                                                [39m [90m0.26s[39m  
  [32;1m✓[39;22m[90m [39m[90midempotency key must be unique[39m[90m                                                                              [39m [90m0.27s[39m  
                  
  [30;42;1m PASS [39;49;22m[39m Tests\Unit\Models\MembershipRenewalTest[39m
  [32;1m✓[39;22m[90m [39m[90mit belongs to a member[39m[90m                                                                                      [39m [90m0.39s[39m  
  [32;1m✓[39;22m[90m [39m[90mit belongs to renewed by user[39m[90m                                                                               [39m [90m0.37s[39m  
  [32;1m✓[39;22m[90m [39m[90mit belongs to a membership type[39m[90m                                                                             [39m [90m0.41s[39m  
  [32;1m✓[39;22m[90m [39m[90mnew expires at is after old expires at[39m[90m                                                                      [39m [90m0.23s[39m  
  [32;1m✓[39;22m[90m [39m[90mit links to a membership fee[39m[90m                                                                                [39m [90m0.42s[39m  
  [32;1m✓[39;22m[90m [39m[90mfee link is optional[39m[90m                                                                                        [39m [90m0.22s[39m  
                     
  [39;41;1m FAIL [39;49;22m[39m Tests\Unit\Models\MembershipTypeTest[39m
  [32;1m✓[39;22m[90m [39m[90mit belongs to an organisation[39m[90m                                                                               [39m [90m0.28s[39m  
  [31;1m⨯[39;22m[90m [39m[90mactive scope filters out inactive types[39m[90m                                                                     [39m [90m0.25s[39m  
  [32;1m✓[39;22m[90m [39m[90mit is lifetime when duration months is null[39m[90m                                                                 [39m [90m0.22s[39m  
  [32;1m✓[39;22m[90m [39m[90mit is not lifetime when duration months is set[39m[90m                                                              [39m [90m0.31s[39m  
  [32;1m✓[39;22m[90m [39m[90mslug must be unique per organisation[39m[90m                                                                        [39m [90m0.23s[39m  
  [31;1m⨯[39;22m[90m [39m[90mdifferent organisations can have same slug[39m[90m                                                                  [39m [90m0.30s[39m  
  [31;1m⨯[39;22m[90m [39m[90mit soft deletes[39m[90m                                                                                             [39m [90m0.23s[39m  
            
  [30;42;1m PASS [39;49;22m[39m Tests\Unit\Models\OrganisationGeographicLevelsTest[39m
  [32;1m✓[39;22m[90m [39m[90mget geographic structure returns nepal default when null[39m[90m                                                    [39m [90m0.21s[39m  
  [32;1m✓[39;22m[90m [39m[90mset geographic levels persists json[39m[90m                                                                         [39m [90m0.20s[39m  
  [32;1m✓[39;22m[90m [39m[90mget geographic structure deserialises from db[39m[90m                                                               [39m [90m0.27s[39m  
  [32;1m✓[39;22m[90m [39m[90mgeographic levels cast as array[39m[90m                                                                             [39m [90m0.21s[39m  
                        
  [39;41;1m FAIL [39;49;22m[39m Tests\Unit\Models\OrganisationTest[39m
  [32;1m✓[39;22m[90m [39m[90morganisation has many elections[39m[90m                                                                             [39m [90m0.35s[39m  
  [32;1m✓[39;22m[90m [39m[90morganisation has many posts[39m[90m                                                                                 [39m [90m0.20s[39m  
  [31;1m⨯[39;22m[90m [39m[90morganisation has many user organisation roles[39m[90m                                                               [39m [90m0.36s[39m  
  [31;1m⨯[39;22m[90m [39m[90morganisation belongs to many users via pivot[39m[90m                                                                [39m [90m0.19s[39m  
  [32;1m✓[39;22m[90m [39m[90morganisation is platform returns correct boolean[39m[90m                                                            [39m [90m0.35s[39m  
  [32;1m✓[39;22m[90m [39m[90morganisation is tenant returns correct boolean[39m[90m                                                              [39m [90m0.32s[39m  
  [32;1m✓[39;22m[90m [39m[90morganisation get default platform returns platform org[39m[90m                                                      [39m [90m0.23s[39m  
  [31;1m⨯[39;22m[90m [39m[90morganisation users pivot includes role[39m[90m                                                                      [39m [90m0.23s[39m  
               
  [30;42;1m PASS [39;49;22m[39m Tests\Unit\Models\PostTest[39m
  [32;1m✓[39;22m[90m [39m[90mpost belongs to organisation[39m[90m                                                                                [39m [90m0.30s[39m  
  [32;1m✓[39;22m[90m [39m[90mpost belongs to election[39m[90m                                                                                    [39m [90m0.22s[39m  
  [32;1m✓[39;22m[90m [39m[90mpost has many candidacies[39m[90m                                                                                   [39m [90m0.25s[39m  
  [32;1m✓[39;22m[90m [39m[90mpost scope for organisation filters correctly[39m[90m                                                               [39m [90m0.23s[39m  
  [32;1m✓[39;22m[90m [39m[90mpost scope for election filters correctly[39m[90m                                                                   [39m [90m0.24s[39m  
                  
  [39;41;1m FAIL [39;49;22m[39m Tests\Unit\Models\ResultTest[39m
  [31;1m⨯[39;22m[90m [39m[90mresult belongs to vote[39m[90m                                                                                      [39m [90m0.28s[39m  
  [31;1m⨯[39;22m[90m [39m[90mresult belongs to election[39m[90m                                                                                  [39m [90m0.20s[39m  
  [31;1m⨯[39;22m[90m [39m[90mresult belongs to post[39m[90m                                                                                      [39m [90m0.27s[39m  
  [32;1m✓[39;22m[90m [39m[90mresult has n o user relationship[39m[90m                                                                            [39m [90m0.25s[39m  
  [31;1m⨯[39;22m[90m [39m[90mresult scope for organisation filters[39m[90m                                                                       [39m [90m0.25s[39m  
  [32;1m✓[39;22m[90m [39m[90mresult scope for election filters[39m[90m                                                                           [39m [90m0.36s[39m  
                        
  [39;41;1m FAIL [39;49;22m[39m Tests\Unit\Models\Traits\ScopedByOrganisationTest[39m
  [32;1m✓[39;22m[90m [39m[90mit applies organisation id where clause when tenant context is set[39m[90m                                          [39m [90m0.37s[39m  
  [31;1m⨯[39;22m[90m [39m[90mit throws exception when tenant context is null[39m[90m                                                             [39m [90m0.25s[39m  
  [32;1m✓[39;22m[90m [39m[90mit auto fills organisation id on create when tenant context is set[39m[90m                                          [39m [90m0.21s[39m  
  [31;1m⨯[39;22m[90m [39m[90mit throws exception on create when tenant context is null[39m[90m                                                   [39m [90m0.33s[39m  
  [32;1m✓[39;22m[90m [39m[90mit does not overwrite organisation id on create if already set[39m[90m                                              [39m [90m0.22s[39m  
  [31;1m⨯[39;22m[90m [39m[90mit provides without tenant scope method to bypass global scope[39m[90m                                              [39m [90m0.37s[39m  
  [31;1m⨯[39;22m[90m [39m[90mit provides for tenant scope to query specific organisation[39m[90m                                                 [39m [90m0.22s[39m  
  [31;1m⨯[39;22m[90m [39m[90mit enforces strict isolation across multiple tenants[39m[90m                                                        [39m [90m0.23s[39m  
            
  [39;41;1m FAIL [39;49;22m[39m Tests\Unit\Models\UserOrganisationRoleTest[39m
  [31;1m⨯[39;22m[90m [39m[90muser organisation role belongs to user[39m[90m                                                                      [39m [90m0.33s[39m  
  [31;1m⨯[39;22m[90m [39m[90muser organisation role belongs to organisation[39m[90m                                                              [39m [90m0.21s[39m  
  [31;1m⨯[39;22m[90m [39m[90muser organisation role scope with role filters correctly[39m[90m                                                    [39m [90m0.36s[39m  
  [31;1m⨯[39;22m[90m [39m[90munique constraint prevents duplicate user org pair[39m[90m                                                          [39m [90m0.18s[39m  
                  
  [39;41;1m FAIL [39;49;22m[39m Tests\Unit\Models\UserTest[39m
  [31;1m⨯[39;22m[90m [39m[90muser belongs to current organisation[39m[90m                                                                        [39m [90m0.22s[39m  
  [31;1m⨯[39;22m[90m [39m[90muser belongs to many organisations via pivot[39m[90m                                                                [39m [90m0.22s[39m  
  [31;1m⨯[39;22m[90m [39m[90muser has many organisation roles[39m[90m                                                                            [39m [90m0.24s[39m  
  [31;1m⨯[39;22m[90m [39m[90muser has many candidacies[39m[90m                                                                                   [39m [90m0.22s[39m  
  [31;1m⨯[39;22m[90m [39m[90muser has no direct vote relationship[39m[90m                                                                        [39m [90m0.31s[39m  
  [31;1m⨯[39;22m[90m [39m[90muser has no direct result relationship[39m[90m                                                                      [39m [90m0.25s[39m  
                                                   
  [39;41;1m FAIL [39;49;22m[39m Tests\Unit\Models\VoteTest[39m
  [31;1m⨯[39;22m[90m [39m[90mvote belongs to election[39m[90m                                                                                    [39m [90m0.31s[39m  
  [31;1m⨯[39;22m[90m [39m[90mvote belongs to organisation[39m[90m                                                                                [39m [90m0.25s[39m  
  [31;1m⨯[39;22m[90m [39m[90mvote has n o user relationship[39m[90m                                                                              [39m [90m0.31s[39m  
  [32;1m✓[39;22m[90m [39m[90mvote has n o voter slug relationship[39m[90m                                                                        [39m [90m0.19s[39m  
  [32;1m✓[39;22m[90m [39m[90mvote has n o code relationship[39m[90m                                                                              [39m [90m0.22s[39m  
  [31;1m⨯[39;22m[90m [39m[90mvote scope for election filters[39m[90m                                                                             [39m [90m0.29s[39m  
  [31;1m⨯[39;22m[90m [39m[90mvote scope for organisation filters[39m[90m                                                                         [39m [90m0.25s[39m  
  [31;1m⨯[39;22m[90m [39m[90mvote voting code is unique[39m[90m                                                                                  [39m [90m0.32s[39m  
  [31;1m⨯[39;22m[90m [39m[90mvote cannot be linked to user[39m[90m                                                                               [39m [90m0.39s[39m  
  [31;1m⨯[39;22m[90m [39m[90mvote anonymity verified by code[39m[90m                                                                             [39m [90m0.25s[39m  
  [31;1m⨯[39;22m[90m [39m[90mvote has receipt hash for verification[39m[90m                                                                      [39m [90m0.29s[39m  
  [31;1m⨯[39;22m[90m [39m[90mvote has participation proof for admin verification[39m[90m                                                         [39m [90m0.30s[39m  
  [31;1m⨯[39;22m[90m [39m[90mvote can store encrypted vote data[39m[90m                                                                          [39m [90m0.27s[39m  
  [31;1m⨯[39;22m[90m [39m[90mvote can verify by receipt[39m[90m                                                                                  [39m [90m0.42s[39m  
  [31;1m⨯[39;22m[90m [39m[90mvote can prove participation[39m[90m                                                                                [39m [90m0.27s[39m  
  [31;1m⨯[39;22m[90m [39m[90mvote has device fingerprint for fraud detection[39m[90m                                                             [39m [90m0.27s[39m  
  [31;1m⨯[39;22m[90m [39m[90mvote can detect duplicate device[39m[90m                                                                            [39m [90m0.25s[39m  
                                       
  [39;41;1m FAIL [39;49;22m[39m Tests\Unit\Models\VoteValidationTest[39m
  [31;1m⨯[39;22m[90m [39m[90mreal vote without organisation id throws exception[39m
  [31;1m⨯[39;22m[90m [39m[90mreal vote without election id throws exception[39m
  [31;1m⨯[39;22m[90m [39m[90mreal vote with invalid election id throws exception[39m
  [31;1m⨯[39;22m[90m [39m[90mreal vote with mismatched organisation throws exception[39m
  [31;1m⨯[39;22m[90m [39m[90mvalid real vote passes validation[39m
  [31;1m⨯[39;22m[90m [39m[90mdemo vote bypasses real vote validation[39m
  [31;1m⨯[39;22m[90m [39m[90mreal result without organisation id throws exception[39m
  [31;1m⨯[39;22m[90m [39m[90mreal result without vote id throws exception[39m
  [31;1m⨯[39;22m[90m [39m[90mreal result with invalid vote id throws exception[39m
  [31;1m⨯[39;22m[90m [39m[90mreal result with mismatched organisation throws exception[39m
  [31;1m⨯[39;22m[90m [39m[90mvalid real result passes validation[39m
  [31;1m⨯[39;22m[90m [39m[90mdemo result bypasses real result validation[39m
  [31;1m⨯[39;22m[90m [39m[90mcomplete real voting workflow passes validation[39m
                              
  [30;42;1m PASS [39;49;22m[39m Tests\Unit\Models\VoterSlugExpirationTest[39m
  [32;1m✓[39;22m[90m [39m[90mexpired voter slug is marked inactive when retrieved[39m[90m                                                        [39m [90m0.25s[39m  
  [32;1m✓[39;22m[90m [39m[90mactive non expired voter slug remains active[39m[90m                                                                [39m [90m0.25s[39m  
  [32;1m✓[39;22m[90m [39m[90mdemo election slug is always new on retrieval[39m[90m                                                               [39m [90m0.29s[39m  
  [32;1m✓[39;22m[90m [39m[90mreal election reuses active non expired slug[39m[90m                                                                [39m [90m0.31s[39m  
  [32;1m✓[39;22m[90m [39m[90mreal election creates new slug when existing is expired[39m[90m                                                     [39m [90m0.42s[39m  
  [32;1m✓[39;22m[90m [39m[90mvoter slug automatically sets expiration on creation[39m[90m                                                        [39m [90m0.35s[39m  
  [32;1m✓[39;22m[90m [39m[90mvoter slug must belong to correct election[39m[90m                                                                  [39m [90m0.42s[39m  
  [32;1m✓[39;22m[90m [39m[90mvoter slug must belong to correct user[39m[90m                                                                      [39m [90m0.37s[39m  
  [32;1m✓[39;22m[90m [39m[90mservice rejects slug from wrong user election combination[39m[90m                                                   [39m [90m0.36s[39m  
  [32;1m✓[39;22m[90m [39m[90mservice validates slug ownership on retrieval[39m[90m                                                               [39m [90m0.27s[39m  
                        
  [39;41;1m FAIL [39;49;22m[39m Tests\Unit\Models\VoterSlugTest[39m
  [31;1m⨯[39;22m[90m [39m[90mvoter slug belongs to user[39m[90m                                                                                  [39m [90m0.33s[39m  
  [31;1m⨯[39;22m[90m [39m[90mvoter slug belongs to election[39m[90m                                                                              [39m [90m0.33s[39m  
  [31;1m⨯[39;22m[90m [39m[90mvoter slug belongs to organisation[39m[90m                                                                          [39m [90m0.24s[39m  
  [32;1m✓[39;22m[90m [39m[90mvoter slug has unique slug per election[39m[90m                                                                     [39m [90m0.35s[39m  
  [32;1m✓[39;22m[90m [39m[90mvoter slug scope for organisation[39m[90m                                                                           [39m [90m0.34s[39m  
  [32;1m✓[39;22m[90m [39m[90mvoter slug scope for election[39m[90m                                                                               [39m [90m0.34s[39m  
  [31;1m⨯[39;22m[90m [39m[90mvoter slug tracks current step[39m[90m                                                                              [39m [90m0.26s[39m  
  [32;1m✓[39;22m[90m [39m[90mvoter slug one way relationship to votes[39m[90m                                                                    [39m [90m0.19s[39m  
         
  [39;41;1m FAIL [39;49;22m[39m Tests\Unit\NoVoteOptionDatabaseStorageTest[39m
  [31;1m⨯[39;22m[90m [39m[90mdemo vote with no vote true saves true to database[39m[90m                                                          [39m [90m0.25s[39m  
  [31;1m⨯[39;22m[90m [39m[90mcan query votes by no vote status[39m[90m                                                                           [39m [90m0.27s[39m  
  [31;1m⨯[39;22m[90m [39m[90msave vote method respects no vote option from input[39m[90m                                                         [39m [90m0.26s[39m  
                     
  [39;41;1m FAIL [39;49;22m[39m Tests\Unit\Observers\UserOrganisationObserverTest[39m
  [31;1m⨯[39;22m[90m [39m[90mobserver invalidates cache on created[39m[90m                                                                       [39m [90m0.26s[39m  
  [31;1m⨯[39;22m[90m [39m[90mobserver invalidates cache on updated[39m[90m                                                                       [39m [90m0.28s[39m  
  [31;1m⨯[39;22m[90m [39m[90mobserver invalidates cache on deleted[39m[90m                                                                       [39m [90m0.24s[39m  
  [31;1m⨯[39;22m[90m [39m[90mobserver clears multiple cache keys[39m[90m                                                                         [39m [90m0.27s[39m  
  [31;1m⨯[39;22m[90m [39m[90mobserver handles multiple users[39m[90m                                                                             [39m [90m0.38s[39m  
  [33;1m![39;22m[90m [39m[90mobserver logs cache invalidation[39m[90m [39m[33m→ This test did not perform any assertions[39m[90m                                 [39m [90m0.26s[39m  
  [32;1m✓[39;22m[90m [39m[90mobserver handles soft deletes[39m[90m                                                                               [39m [90m0.27s[39m  
                           
  [39;41;1m FAIL [39;49;22m[39m Tests\Unit\OrganisationStandardizationTest[39m
  [31;1m⨯[39;22m[90m [39m[90mall tables use correct column name[39m[90m                                                                          [39m [90m0.21s[39m  
  [31;1m⨯[39;22m[90m [39m[90mno duplicate organization columns[39m[90m                                                                           [39m [90m0.22s[39m  
  [31;1m⨯[39;22m[90m [39m[90muser model can access organisation relationship[39m[90m                                                             [39m [90m0.20s[39m  
  [31;1m⨯[39;22m[90m [39m[90melection model can access organisation relationship[39m[90m                                                         [39m [90m0.35s[39m  
  [31;1m⨯[39;22m[90m [39m[90mcreating model with org id gets normalized[39m[90m                                                                  [39m [90m0.35s[39m  
  [31;1m⨯[39;22m[90m [39m[90morganisation id column is not nullable[39m[90m                                                                      [39m [90m0.27s[39m  
  [31;1m⨯[39;22m[90m [39m[90morganisation id default is zero[39m[90m                                                                             [39m [90m0.23s[39m  
  [31;1m⨯[39;22m[90m [39m[90mfor organisation scope works correctly[39m[90m                                                                      [39m [90m0.19s[39m  
  [31;1m⨯[39;22m[90m [39m[90minclude platform scope works correctly[39m[90m                                                                      [39m [90m0.31s[39m  

  [30;42;1m PASS [39;49;22m[39m Tests\Unit\Policies\ElectionOnlyPolicyDecisionTest[39m
  [32;1m✓[39;22m[90m [39m[90mactive voter qualifies[39m[90m                                                                                      [39m [90m0.02s[39m  
  [32;1m✓[39;22m[90m [39m[90minactive voter does not qualify[39m
  [32;1m✓[39;22m[90m [39m[90msoft deleted voter does not qualify[39m
  [32;1m✓[39;22m[90m [39m[90mrejects full membership mode[39m
  [32;1m✓[39;22m[90m [39m[90mrequires both active and not deleted[39m
  [32;1m✓[39;22m[90m [39m[90minterface method rejects wrong mode[39m
  [32;1m✓[39;22m[90m [39m[90minterface method accepts election only mode[39m
                                                                           
  [30;42;1m PASS [39;49;22m[39m Tests\Unit\Policies\MembershipPolicyTest[39m
  [32;1m✓[39;22m[90m [39m[90mowner can view applications[39m[90m                                                                                 [39m [90m0.44s[39m  
  [32;1m✓[39;22m[90m [39m[90madmin can view applications[39m[90m                                                                                 [39m [90m0.32s[39m  
  [32;1m✓[39;22m[90m [39m[90mcommission can view applications[39m[90m                                                                            [39m [90m0.27s[39m  
  [32;1m✓[39;22m[90m [39m[90mvoter cannot view applications[39m[90m                                                                              [39m [90m0.24s[39m  
  [32;1m✓[39;22m[90m [39m[90mmember cannot view applications[39m[90m                                                                             [39m [90m0.24s[39m  
  [32;1m✓[39;22m[90m [39m[90mowner can approve applications[39m[90m                                                                              [39m [90m0.21s[39m  
  [32;1m✓[39;22m[90m [39m[90madmin can approve applications[39m[90m                                                                              [39m [90m0.39s[39m  
  [32;1m✓[39;22m[90m [39m[90mcommission cannot approve applications[39m[90m                                                                      [39m [90m0.21s[39m  
  [32;1m✓[39;22m[90m [39m[90mvoter cannot approve applications[39m[90m                                                                           [39m [90m0.27s[39m  
  [32;1m✓[39;22m[90m [39m[90mowner can reject applications[39m[90m                                                                               [39m [90m0.22s[39m  
  [32;1m✓[39;22m[90m [39m[90madmin can reject applications[39m[90m                                                                               [39m [90m0.25s[39m  
  [32;1m✓[39;22m[90m [39m[90mcommission cannot reject applications[39m[90m                                                                       [39m [90m0.32s[39m  
  [32;1m✓[39;22m[90m [39m[90mowner can manage membership types[39m[90m                                                                           [39m [90m0.27s[39m  
  [32;1m✓[39;22m[90m [39m[90madmin cannot manage membership types[39m[90m                                                                        [39m [90m0.27s[39m  
  [32;1m✓[39;22m[90m [39m[90mcommission cannot manage membership types[39m[90m                                                                   [39m [90m0.27s[39m  
  [32;1m✓[39;22m[90m [39m[90mowner can record fee payment[39m[90m                                                                                [39m [90m0.29s[39m  
  [32;1m✓[39;22m[90m [39m[90madmin can record fee payment[39m[90m                                                                                [39m [90m0.21s[39m  
  [32;1m✓[39;22m[90m [39m[90mcommission cannot record fee payment[39m[90m                                                                        [39m [90m0.16s[39m  
  [32;1m✓[39;22m[90m [39m[90mmember cannot record fee payment[39m[90m                                                                            [39m [90m0.24s[39m  
  [32;1m✓[39;22m[90m [39m[90mowner can initiate renewal[39m[90m                                                                                  [39m [90m0.20s[39m  
  [32;1m✓[39;22m[90m [39m[90madmin can initiate renewal[39m[90m                                                                                  [39m [90m0.38s[39m  
  [32;1m✓[39;22m[90m [39m[90mcommission cannot initiate renewal[39m[90m                                                                          [39m [90m0.25s[39m  
  [32;1m✓[39;22m[90m [39m[90mmember can initiate own renewal[39m[90m                                                                             [39m [90m0.30s[39m  
  [32;1m✓[39;22m[90m [39m[90mmember cannot initiate renewal for others[39m[90m                                                                   [39m [90m0.22s[39m  
  [32;1m✓[39;22m[90m [39m[90madmin of other org cannot view applications[39m[90m                                                                 [39m [90m0.24s[39m  
               
  [39;41;1m FAIL [39;49;22m[39m Tests\Unit\ResultControllerVoteCountingTest[39m
  [31;1m⨯[39;22m[90m [39m[90mvote counting with candidate votes[39m
  [31;1m⨯[39;22m[90m [39m[90mvote counting with no votes[39m
  [31;1m⨯[39;22m[90m [39m[90mcomprehensive 100 voter scenario[39m
  [31;1m⨯[39;22m[90m [39m[90medge cases and mixed scenarios[39m
  [31;1m⨯[39;22m[90m [39m[90mpercentage calculations with no votes[39m
            
  [39;41;1m FAIL [39;49;22m[39m Tests\Unit\Services\DashboardResolverRoleTest[39m
  [31;1m⨯[39;22m[90m [39m[90mplatform member does not get admin role[39m[90m                                                                     [39m [90m0.32s[39m  
  [31;1m⨯[39;22m[90m [39m[90mnon platform admin gets admin role[39m[90m                                                                          [39m [90m0.35s[39m  
  [31;1m⨯[39;22m[90m [39m[90mplatform admin does not auto redirect[39m[90m                                                                       [39m [90m0.34s[39m  
  [31;1m⨯[39;22m[90m [39m[90mnewly verified user sees welcome page[39m[90m                                                                       [39m [90m0.20s[39m  
                                       
  [39;41;1m FAIL [39;49;22m[39m Tests\Unit\Services\DashboardResolverTest[39m
  [31;1m⨯[39;22m[90m [39m[90mfirst time user redirects to welcome dashboard[39m[90m                                                              [39m [90m0.20s[39m  
  [31;1m⨯[39;22m[90m [39m[90muser with organization redirects to admin[39m[90m                                                                   [39m [90m0.25s[39m  
  [31;1m⨯[39;22m[90m [39m[90muser with commission redirects to commission[39m[90m                                                                [39m [90m0.25s[39m  
  [31;1m⨯[39;22m[90m [39m[90muser with voter status redirects to voter[39m[90m                                                                   [39m [90m0.29s[39m  
  [31;1m⨯[39;22m[90m [39m[90muser with multiple roles redirects to selection[39m[90m                                                             [39m [90m0.34s[39m  
  [31;1m⨯[39;22m[90m [39m[90mlegacy user with admin role redirects to admin[39m[90m                                                              [39m [90m0.30s[39m  
  [31;1m⨯[39;22m[90m [39m[90mlegacy user with election officer role redirects to admin[39m[90m                                                   [39m [90m0.18s[39m  
  [31;1m⨯[39;22m[90m [39m[90mlegacy committee member redirects to commission[39m[90m                                                             [39m [90m0.28s[39m  
  [31;1m⨯[39;22m[90m [39m[90muser with no roles redirects to welcome[39m[90m                                                                     [39m [90m0.26s[39m  
  [31;1m⨯[39;22m[90m [39m[90mold account with no roles still is first time[39m[90m                                                               [39m [90m0.36s[39m  
  [31;1m⨯[39;22m[90m [39m[90muser with three roles shows selection[39m[90m                                                                       [39m [90m0.24s[39m  
  [31;1m⨯[39;22m[90m [39m[90mlegacy voter with no new roles redirects to voter dashboard[39m[90m                                                 [39m [90m0.33s[39m  
  [31;1m⨯[39;22m[90m [39m[90mresolve returns redirect response[39m[90m                                                                           [39m [90m0.23s[39m  

  [39;41;1m FAIL [39;49;22m[39m Tests\Unit\Services\DashboardResolverUnitTest[39m
  [31;1m⨯[39;22m[90m [39m[90mdashboard resolver instantiates[39m[90m                                                                             [39m [90m0.01s[39m  
  [31;1m⨯[39;22m[90m [39m[90mdashboard resolver has required methods[39m
  [32;1m✓[39;22m[90m [39m[90mresolve method has proper signature[39m
  [32;1m✓[39;22m[90m [39m[90mcache methods exist[39m
  [31;1m⨯[39;22m[90m [39m[90mvoting step methods exist[39m
  [32;1m✓[39;22m[90m [39m[90mredirect methods exist[39m
  [31;1m⨯[39;22m[90m [39m[90mservice can be resolved from container[39m
         
  [39;41;1m FAIL [39;49;22m[39m Tests\Unit\Services\DemoElectionCreationServiceTest[39m
  [31;1m⨯[39;22m[90m [39m[90mcreates election with correct organisation id[39m[90m                                                               [39m [90m0.25s[39m  
  [31;1m⨯[39;22m[90m [39m[90mcreates national posts with candidates[39m[90m                                                                      [39m [90m0.25s[39m  
  [31;1m⨯[39;22m[90m [39m[90mcreates regional posts for europe[39m[90m                                                                           [39m [90m0.35s[39m  
                                          
  [39;41;1m FAIL [39;49;22m[39m Tests\Unit\Services\DemoElectionResolverTest[39m
  [31;1m⨯[39;22m[90m [39m[90mreturns org specific demo when user has org and org demo exists[39m[90m                                             [39m [90m0.27s[39m  
  [31;1m⨯[39;22m[90m [39m[90mreturns platform demo when user has org but no org specific demo[39m[90m                                            [39m [90m0.22s[39m  
  [31;1m⨯[39;22m[90m [39m[90mreturns null when user has org but no demos exist[39m[90m                                                           [39m [90m0.20s[39m  
  [31;1m⨯[39;22m[90m [39m[90mreturns platform demo for default user when platform demo exists[39m[90m                                            [39m [90m0.24s[39m  
  [31;1m⨯[39;22m[90m [39m[90mreturns null for default user when no platform demo exists[39m[90m                                                  [39m [90m0.23s[39m  
  [31;1m⨯[39;22m[90m [39m[90mignores non demo elections[39m[90m                                                                                  [39m [90m0.24s[39m  
  [31;1m⨯[39;22m[90m [39m[90mprioritizes org specific demo over platform demo[39m[90m                                                            [39m [90m0.26s[39m  
  [31;1m⨯[39;22m[90m [39m[90mvalidation returns true for valid org election[39m[90m                                                              [39m [90m0.24s[39m  
  [31;1m⨯[39;22m[90m [39m[90mvalidation returns true for platform demo and org user[39m[90m                                                      [39m [90m0.25s[39m  
  [31;1m⨯[39;22m[90m [39m[90mvalidation returns true for platform demo and default user[39m[90m                                                  [39m [90m0.24s[39m  
  [31;1m⨯[39;22m[90m [39m[90mvalidation returns false for wrong org demo[39m[90m                                                                 [39m [90m0.25s[39m  
  [31;1m⨯[39;22m[90m [39m[90mvalidation returns false for non demo elections[39m[90m                                                             [39m [90m0.21s[39m  
  [31;1m⨯[39;22m[90m [39m[90mvalidation returns false when default user accesses org demo[39m[90m                                                [39m [90m0.38s[39m  
  [31;1m⨯[39;22m[90m [39m[90mcorrectly identifies election among multiple demos[39m[90m                                                          [39m [90m0.37s[39m  
                     
  [30;42;1m PASS [39;49;22m[39m Tests\Unit\Services\DeviceFingerprintTest[39m
  [32;1m✓[39;22m[90m [39m[90mit generates consistent hash for same device[39m[90m                                                                [39m [90m0.22s[39m  
  [32;1m✓[39;22m[90m [39m[90mit generates different hash for different ips[39m[90m                                                               [39m [90m0.19s[39m  
  [32;1m✓[39;22m[90m [39m[90mit respects max votes per device config[39m[90m                                                                     [39m [90m0.25s[39m  
  [32;1m✓[39;22m[90m [39m[90mit blocks when max votes reached[39m[90m                                                                            [39m [90m0.25s[39m  
  [32;1m✓[39;22m[90m [39m[90mit detects anomalous patterns[39m[90m                                                                               [39m [90m0.27s[39m  
  [32;1m✓[39;22m[90m [39m[90mit returns family voting message when configured[39m[90m                                                            [39m [90m0.23s[39m  
  [32;1m✓[39;22m[90m [39m[90mit gets device statistics[39m[90m                                                                                   [39m [90m0.26s[39m  
            
  [30;42;1m PASS [39;49;22m[39m Tests\Unit\Services\ElectionCacheServiceTest[39m
  [32;1m✓[39;22m[90m [39m[90mgenerates correct cache key format[39m[90m                                                                          [39m [90m0.33s[39m  
  [32;1m✓[39;22m[90m [39m[90mforgets all voter related keys[39m[90m                                                                              [39m [90m0.22s[39m  
  [32;1m✓[39;22m[90m [39m[90mdifferent organisations have isolated cache keys[39m[90m                                                            [39m [90m0.25s[39m  
  [32;1m✓[39;22m[90m [39m[90mdifferent elections have isolated cache keys[39m[90m                                                                [39m [90m0.37s[39m  
                                    
  [39;41;1m FAIL [39;49;22m[39m Tests\Unit\Services\ElectionSettingsServiceTest[39m
  [32;1m✓[39;22m[90m [39m[90mit returns database value over env[39m[90m                                                                          [39m [90m0.29s[39m  
  [32;1m✓[39;22m[90m [39m[90mit caches settings with configurable ttl[39m[90m                                                                    [39m [90m0.25s[39m  
  [32;1m✓[39;22m[90m [39m[90mit maps selection constraint exact to yes[39m[90m                                                                   [39m [90m0.26s[39m  
  [32;1m✓[39;22m[90m [39m[90mit maps selection constraint range to yes[39m[90m                                                                   [39m [90m0.26s[39m  
  [32;1m✓[39;22m[90m [39m[90mit maps selection constraint minimum to yes[39m[90m                                                                 [39m [90m0.29s[39m  
  [32;1m✓[39;22m[90m [39m[90mit maps selection constraint any to no[39m[90m                                                                      [39m [90m0.20s[39m  
  [32;1m✓[39;22m[90m [39m[90mit maps selection constraint maximum to no[39m[90m                                                                  [39m [90m0.25s[39m  
  [32;1m✓[39;22m[90m [39m[90mit handles invalid key with default[39m[90m                                                                         [39m [90m0.23s[39m  
  [32;1m✓[39;22m[90m [39m[90mit provides ip whitelist setting[39m[90m                                                                            [39m [90m0.27s[39m  
  [32;1m✓[39;22m[90m [39m[90mit provides no vote enabled setting[39m[90m                                                                         [39m [90m0.22s[39m  
  [32;1m✓[39;22m[90m [39m[90mit provides no vote label setting[39m[90m                                                                           [39m [90m0.26s[39m  
  [31;1m⨯[39;22m[90m [39m[90mit invalidates cache on election update[39m[90m                                                                     [39m [90m0.20s[39m  
                                                      
  [30;42;1m PASS [39;49;22m[39m Tests\Unit\Services\SeoServiceTest[39m
  [32;1m✓[39;22m[90m [39m[90mget meta returns required keys[39m[90m                                                                              [39m [90m0.24s[39m  
  [32;1m✓[39;22m[90m [39m[90mget meta caches result[39m[90m                                                                                      [39m [90m0.19s[39m  
  [32;1m✓[39;22m[90m [39m[90mget meta fallback on unknown page[39m[90m                                                                           [39m [90m0.21s[39m  
  [32;1m✓[39;22m[90m [39m[90mget meta title override applied[39m[90m                                                                             [39m [90m0.25s[39m  
  [32;1m✓[39;22m[90m [39m[90mget meta dashboard has noindex robots[39m[90m                                                                       [39m [90m0.19s[39m  
  [32;1m✓[39;22m[90m [39m[90mget meta hreflang has all locales[39m[90m                                                                           [39m [90m0.33s[39m  
  [32;1m✓[39;22m[90m [39m[90mget meta json ld contains website and organization[39m[90m                                                          [39m [90m0.18s[39m  
  [32;1m✓[39;22m[90m [39m[90mget meta reads seo from json locale file[39m[90m                                                                    [39m [90m0.24s[39m  
  [32;1m✓[39;22m[90m [39m[90mget meta reads seo from german json locale file[39m[90m                                                             [39m [90m0.29s[39m  
  [32;1m✓[39;22m[90m [39m[90mget meta demo result is noindex[39m[90m                                                                             [39m [90m0.18s[39m  
  [32;1m✓[39;22m[90m [39m[90mget meta json locale seo overrides php translation[39m[90m                                                          [39m [90m0.32s[39m  
  [32;1m✓[39;22m[90m [39m[90mget meta falls back to php when json has no seo section[39m[90m                                                     [39m [90m0.18s[39m  
  [32;1m✓[39;22m[90m [39m[90mget meta vereinswahlen injects service schema[39m[90m                                                               [39m [90m0.31s[39m  
  [32;1m✓[39;22m[90m [39m[90mget meta vereinswahlen without flag has no service schema[39m[90m                                                   [39m [90m0.24s[39m  
  [32;1m✓[39;22m[90m [39m[90mget meta returns german title for de locale[39m[90m                                                                 [39m [90m0.21s[39m  
  [32;1m✓[39;22m[90m [39m[90mget meta og locale matches app locale[39m[90m                                                                       [39m [90m0.24s[39m  
  [32;1m✓[39;22m[90m [39m[90mget meta title never exceeds 60 chars[39m[90m                                                                       [39m [90m0.33s[39m  
  [32;1m✓[39;22m[90m [39m[90mget meta description never exceeds 160 chars[39m[90m                                                                [39m [90m0.23s[39m  
                                                
  [39;41;1m FAIL [39;49;22m[39m Tests\Unit\Services\VotingSecurityServiceTest[39m
  [31;1m⨯[39;22m[90m [39m[90mit detects when ip control is enabled[39m
  [31;1m⨯[39;22m[90m [39m[90mit detects when ip control is disabled[39m
  [31;1m⨯[39;22m[90m [39m[90mit allows voting when ip control is disabled[39m
  [31;1m⨯[39;22m[90m [39m[90mit allows voting when user has no ip restriction[39m
  [31;1m⨯[39;22m[90m [39m[90mit allows voting when ip matches[39m
  [31;1m⨯[39;22m[90m [39m[90mit blocks voting when ip does not match[39m
  [31;1m⨯[39;22m[90m [39m[90mit checks if user can vote from specific ip[39m
  [31;1m⨯[39;22m[90m [39m[90mit provides approval config when control enabled[39m
  [31;1m⨯[39;22m[90m [39m[90mit provides approval config when control disabled[39m
  [31;1m⨯[39;22m[90m [39m[90mit generates complete ip audit trail[39m
  [31;1m⨯[39;22m[90m [39m[90mit validates complete voter eligibility[39m
  [31;1m⨯[39;22m[90m [39m[90mit validates voter eligibility checks basic requirements[39m
  [31;1m⨯[39;22m[90m [39m[90mit provides system status[39m
  [31;1m⨯[39;22m[90m [39m[90mit returns correct ip match status when control disabled[39m
  [31;1m⨯[39;22m[90m [39m[90mit returns correct ip match status when no restriction[39m
  [31;1m⨯[39;22m[90m [39m[90mit returns correct ip match status when match[39m
                  
  [30;42;1m PASS [39;49;22m[39m Tests\Unit\Services\Voting\DeviceFingerprintServiceTest[39m
  [32;1m✓[39;22m[90m [39m[90mgenerate fingerprint returns sha256 hash[39m[90m                                                                    [39m [90m0.24s[39m  
  [32;1m✓[39;22m[90m [39m[90msame device produces same fingerprint[39m[90m                                                                       [39m [90m0.21s[39m  
  [32;1m✓[39;22m[90m [39m[90mdifferent devices produce different fingerprints[39m[90m                                                            [39m [90m0.31s[39m  
  [32;1m✓[39;22m[90m [39m[90mgenerate anonymized metadata returns array[39m[90m                                                                  [39m [90m0.26s[39m  
  [32;1m✓[39;22m[90m [39m[90manonymized metadata contains no pii[39m[90m                                                                         [39m [90m0.19s[39m  
  [32;1m✓[39;22m[90m [39m[90mgenerate fingerprint returns null on error[39m[90m                                                                  [39m [90m0.19s[39m  

  [30;42;1m PASS [39;49;22m[39m Tests\Unit\Shared\Architecture\RuleResultTest[39m
  [32;1m✓[39;22m[90m [39m[90mit passes with empty violations[39m[90m                                                                             [39m [90m0.01s[39m  
  [32;1m✓[39;22m[90m [39m[90mit fails with violations[39m
  [32;1m✓[39;22m[90m [39m[90mit serializes to json[39m
  [32;1m✓[39;22m[90m [39m[90mseverity order[39m
  [32;1m✓[39;22m[90m [39m[90mcategory values[39m

  [30;42;1m PASS [39;49;22m[39m Tests\Unit\Shared\Architecture\RuleRunnerTest[39m
  [32;1m✓[39;22m[90m [39m[90mit runs all rules[39m
  [32;1m✓[39;22m[90m [39m[90mit filters by minimum severity[39m
  [32;1m✓[39;22m[90m [39m[90mit formats failures[39m
  [32;1m✓[39;22m[90m [39m[90mit returns only failed results[39m
   
  [39;41;1m FAIL [39;49;22m[39m Tests\Unit\SimpleVoteCountingTest[39m
  [31;1m⨯[39;22m[90m [39m[90msimple vote counting with no votes[39m[90m                                                                          [39m [90m0.41s[39m  
            
  [30;43;1m WARN [39;49;22m[39m Tests\Unit\Traits\HasAuditFieldsTest[39m
  [33;1m-[39;22m[90m [39m[90mit returns audit trail array[39m[90m [39m[33m→ Required columns not yet migrated. Run php artisan migrate first.[39m
  [33;1m-[39;22m[90m [39m[90mit determines suspended status[39m[90m [39m[33m→ Required columns not yet migrated. Run php artisan migrate first.[39m
  [33;1m-[39;22m[90m [39m[90mit merges fillable fields[39m[90m [39m[33m→ Required columns not yet migrated. Run php artisan migrate first.[39m
  [33;1m-[39;22m[90m [39m[90mit casts dates[39m[90m [39m[33m→ Required columns not yet migrated. Run php artisan migrate first.[39m
                                    
  [30;42;1m PASS [39;49;22m[39m Tests\Unit\Traits\Voting\CodeVerificationTraitTest[39m
  [32;1m✓[39;22m[90m [39m[90mverify plain code with exact match[39m[90m                                                                          [39m [90m0.19s[39m  
  [32;1m✓[39;22m[90m [39m[90mverify plain code rejects mismatch[39m[90m                                                                          [39m [90m0.35s[39m  
  [32;1m✓[39;22m[90m [39m[90mverify plain code ignores whitespace[39m[90m                                                                        [39m [90m0.23s[39m  
  [32;1m✓[39;22m[90m [39m[90mverify plain code rejects empty[39m[90m                                                                             [39m [90m0.29s[39m  
  [32;1m✓[39;22m[90m [39m[90mverify hashed code with bcrypt[39m[90m                                                                              [39m [90m0.40s[39m  
  [32;1m✓[39;22m[90m [39m[90mverify hashed code rejects wrong code[39m[90m                                                                       [39m [90m0.22s[39m  
  [32;1m✓[39;22m[90m [39m[90mverify hashed code rejects empty[39m[90m                                                                            [39m [90m0.40s[39m  
  [32;1m✓[39;22m[90m [39m[90mverify password hash code[39m[90m                                                                                   [39m [90m0.51s[39m  
  [32;1m✓[39;22m[90m [39m[90mverify password hash code rejects wrong[39m[90m                                                                     [39m [90m0.48s[39m  
  [32;1m✓[39;22m[90m [39m[90mvoting window expired check[39m[90m                                                                                 [39m [90m0.29s[39m  
  [32;1m✓[39;22m[90m [39m[90mvoting window not expired[39m[90m                                                                                   [39m [90m0.27s[39m  
  [32;1m✓[39;22m[90m [39m[90mvoting window uses config fallback[39m[90m                                                                          [39m [90m0.25s[39m  

  [30;42;1m PASS [39;49;22m[39m Tests\Unit\Trust\Events\IdentityAttestedEventTest[39m
  [32;1m✓[39;22m[90m [39m[90mevent can be created with all fields[39m[90m                                                                        [39m [90m0.02s[39m  
  [32;1m✓[39;22m[90m [39m[90mevent can be created without notes[39m
  [32;1m✓[39;22m[90m [39m[90mevent is immutable[39m

  [30;42;1m PASS [39;49;22m[39m Tests\Unit\Trust\Events\VerificationRevokedEventTest[39m
  [32;1m✓[39;22m[90m [39m[90mevent can be created with all fields[39m
  [32;1m✓[39;22m[90m [39m[90mevent payload contains only trust concepts[39m
            
  [30;42;1m PASS [39;49;22m[39m Tests\Unit\Validators\GeographicStructureValidatorTest[39m
  [32;1m✓[39;22m[90m [39m[90mthrows when no geography data exists for country[39m[90m                                                            [39m [90m0.25s[39m  
  [32;1m✓[39;22m[90m [39m[90mthrows when db level exceeds available[39m[90m                                                                      [39m [90m0.27s[39m  
  [32;1m✓[39;22m[90m [39m[90mpasses when db levels within available range[39m[90m                                                                [39m [90m0.22s[39m  
  [32;1m✓[39;22m[90m [39m[90mcase insensitive country code[39m[90m                                                                               [39m [90m0.21s[39m  
                                 
  [39;41;1m FAIL [39;49;22m[39m Tests\Unit\VoteDataSanitizationTest[39m
  [31;1m⨯[39;22m[90m [39m[90mit sanitizes selection with no vote false and empty candidates[39m
  [31;1m⨯[39;22m[90m [39m[90mit does not modify valid no vote selection[39m
  [31;1m⨯[39;22m[90m [39m[90mit does not modify valid vote with candidates[39m
  [31;1m⨯[39;22m[90m [39m[90mit preserves no vote false when multiple candidates exist[39m
  [31;1m⨯[39;22m[90m [39m[90mit sanitizes complete vote data structure[39m
  [31;1m⨯[39;22m[90m [39m[90mit handles null candidates array[39m
  [31;1m⨯[39;22m[90m [39m[90mit handles missing candidates key[39m
  [31;1m⨯[39;22m[90m [39m[90mit handles missing no vote key[39m
  [31;1m⨯[39;22m[90m [39m[90mit skips null selections in vote data[39m
  [31;1m⨯[39;22m[90m [39m[90mit fixes production bug pattern[39m
  [31;1m⨯[39;22m[90m [39m[90mit efficiently sanitizes maximum positions[39m
                                 
  [39;41;1m FAIL [39;49;22m[39m Tests\Unit\VoteDataValidationTest[39m
  [31;1m⨯[39;22m[90m [39m[90mit rejects inconsistent no vote false with empty candidates[39m
  [31;1m⨯[39;22m[90m [39m[90mit accepts valid no vote true with empty candidates[39m
  [31;1m⨯[39;22m[90m [39m[90mit accepts valid vote with candidates[39m
  [31;1m⨯[39;22m[90m [39m[90mit rejects regional selections with bug pattern[39m
  [31;1m⨯[39;22m[90m [39m[90mit rejects too many candidates[39m
  [31;1m⨯[39;22m[90m [39m[90mit validates exact count when select all required[39m
  [31;1m⨯[39;22m[90m [39m[90mit validates mixed selections correctly[39m
  [31;1m⨯[39;22m[90m [39m[90mit requires at least one selection[39m
  [31;1m⨯[39;22m[90m [39m[90mit accepts all positions skipped[39m
  [31;1m⨯[39;22m[90m [39m[90mit handles complex real world scenario[39m
  [31;1m⨯[39;22m[90m [39m[90mit catches production bug in validation[39m
                        
  [39;41;1m FAIL [39;49;22m[39m Tests\Unit\VoteFrontendValidationTest[39m
  [31;1m⨯[39;22m[90m [39m[90mred validation should reject empty candidates without no vote[39m
  [31;1m⨯[39;22m[90m [39m[90mred validation should reject empty regional candidates[39m
  [31;1m⨯[39;22m[90m [39m[90mgreen validation accepts valid skip[39m
  [31;1m⨯[39;22m[90m [39m[90mgreen validation accepts valid vote[39m
  [31;1m⨯[39;22m[90m [39m[90mred validation catches bug in mixed selections[39m
  [31;1m⨯[39;22m[90m [39m[90mred validation catches production bug pattern[39m
  [31;1m⨯[39;22m[90m [39m[90mgreen strict mode with zero candidates is caught[39m
  [31;1m⨯[39;22m[90m [39m[90mred validation provides helpful error message[39m
                        
  [39;41;1m FAIL [39;49;22m[39m Tests\Unit\VoterProgressServiceTest[39m
  [31;1m⨯[39;22m[90m [39m[90mit advances from current step[39m[90m                                                                               [39m [90m0.26s[39m  
  [31;1m⨯[39;22m[90m [39m[90mit does not advance from wrong step[39m[90m                                                                         [39m [90m0.28s[39m  
  [31;1m⨯[39;22m[90m [39m[90mit handles non existent routes[39m[90m                                                                              [39m [90m0.40s[39m  
  [31;1m⨯[39;22m[90m [39m[90mit does not advance beyond final step[39m[90m                                                                       [39m [90m0.22s[39m  
  [31;1m⨯[39;22m[90m [39m[90mit updates step meta when advancing[39m[90m                                                                         [39m [90m0.25s[39m  
  [31;1m⨯[39;22m[90m [39m[90mit can reset to beginning[39m[90m                                                                                   [39m [90m0.28s[39m  
  [31;1m⨯[39;22m[90m [39m[90mit can get next route name[39m[90m                                                                                  [39m [90m0.27s[39m  
  [31;1m⨯[39;22m[90m [39m[90mit returns null for final step next route[39m[90m                                                                   [39m [90m0.24s[39m  
                                    
  [39;41;1m FAIL [39;49;22m[39m Tests\Unit\VoterSlugServiceTest[39m
  [31;1m⨯[39;22m[90m [39m[90mit generates slug for user[39m
  [31;1m⨯[39;22m[90m [39m[90mit generates unique slugs[39m
  [31;1m⨯[39;22m[90m [39m[90mit revokes previous active slugs when generating new one[39m
  [31;1m⨯[39;22m[90m [39m[90mit gets active slug for user[39m
  [31;1m⨯[39;22m[90m [39m[90mit returns null when no active slug exists[39m
  [31;1m⨯[39;22m[90m [39m[90mit returns null when only expired slugs exist[39m
  [31;1m⨯[39;22m[90m [39m[90mit can revoke specific slug[39m
  [31;1m⨯[39;22m[90m [39m[90mit can revoke all slugs for user[39m
  [31;1m⨯[39;22m[90m [39m[90mit can extend slug expiry[39m
  [31;1m⨯[39;22m[90m [39m[90mit cannot extend inactive slug expiry[39m
  [31;1m⨯[39;22m[90m [39m[90mit can cleanup expired slugs[39m
  [31;1m⨯[39;22m[90m [39m[90mit builds voting link[39m

  [30;42;1m PASS [39;49;22m[39m Tests\Replay\ReplayDeterminismContractTest[39m
  [32;1m✓[39;22m[90m [39m[90mverification policy replay determinism[39m[90m                                                                      [39m [90m0.01s[39m  
  [32;1m✓[39;22m[90m [39m[90mnetwork binding policy replay determinism[39m
  [32;1m✓[39;22m[90m [39m[90mdevice binding policy replay determinism[39m
  [32;1m✓[39;22m[90m [39m[90mall policies deterministic end to end[39m
  [32;1m✓[39;22m[90m [39m[90midentical snapshot produces identical hash[39m
  [32;1m✓[39;22m[90m [39m[90mdifferent snapshot produces different hash[39m
  [32;1m✓[39;22m[90m [39m[90mhash is deterministic across calls[39m
  [32;1m✓[39;22m[90m [39m[90mpolicy dependency order is acyclic[39m
  [32;1m✓[39;22m[90m [39m[90mpolicy evaluation order is stable[39m
  [32;1m✓[39;22m[90m [39m[90mevidence snapshot is immutable[39m
                                                                           
  [39;41;1m FAIL [39;49;22m[39m Tests\Feature\Accessibility\VoterControllerAccessibilityTest[39m
  [31;1m⨯[39;22m[90m [39m[90mit has proper semantic html structure[39m
  [31;1m⨯[39;22m[90m [39m[90mit has proper heading hierarchy[39m
  [31;1m⨯[39;22m[90m [39m[90mit provides aria labels for all buttons[39m
  [31;1m⨯[39;22m[90m [39m[90mit associates labels with form inputs[39m
  [31;1m⨯[39;22m[90m [39m[90mit provides alt text for images[39m
  [31;1m⨯[39;22m[90m [39m[90mit provides screen reader announcements[39m
  [31;1m⨯[39;22m[90m [39m[90mit supports keyboard navigation[39m
  [31;1m⨯[39;22m[90m [39m[90mit has visible focus indicators[39m
  [31;1m⨯[39;22m[90m [39m[90mit provides skip links[39m
  [31;1m⨯[39;22m[90m [39m[90mit has adequate touch target sizes[39m
  [31;1m⨯[39;22m[90m [39m[90mit has sufficient color contrast[39m
  [31;1m⨯[39;22m[90m [39m[90mit supports dark mode[39m
  [31;1m⨯[39;22m[90m [39m[90mit is responsive for mobile devices[39m
  [31;1m⨯[39;22m[90m [39m[90mit respects prefers reduced motion[39m
  [31;1m⨯[39;22m[90m [39m[90mit supports high contrast mode[39m
  [31;1m⨯[39;22m[90m [39m[90mit has accessible table structure[39m
  [31;1m⨯[39;22m[90m [39m[90mit has accessible forms[39m
  [31;1m⨯[39;22m[90m [39m[90mit makes error messages accessible[39m
  [31;1m⨯[39;22m[90m [39m[90mit has accessible links[39m
  [31;1m⨯[39;22m[90m [39m[90mit makes status badges accessible[39m
  [31;1m⨯[39;22m[90m [39m[90mit has accessible pagination[39m
  [31;1m⨯[39;22m[90m [39m[90mit includes language attribute[39m
  [31;1m⨯[39;22m[90m [39m[90mit allows text resizing[39m
  [31;1m⨯[39;22m[90m [39m[90mit does not use automatic redirects[39m
  [31;1m⨯[39;22m[90m [39m[90mit manages focus in interactive elements[39m
         
  [39;41;1m FAIL [39;49;22m[39m Tests\Feature\AdminRecoverySlugTest[39m
  [31;1m⨯[39;22m[90m [39m[90mcommittee member can generate recovery slug for voter[39m[90m                                                       [39m [90m0.40s[39m  
  [31;1m⨯[39;22m[90m [39m[90mcannot generate recovery slug for completed voter[39m[90m                                                           [39m [90m0.32s[39m  
  [31;1m⨯[39;22m[90m [39m[90mcannot generate recovery slug for ineligible voter[39m[90m                                                          [39m [90m0.36s[39m  
                        
  [39;41;1m FAIL [39;49;22m[39m Tests\Feature\Admin\ElectionApprovalTest[39m
  [32;1m✓[39;22m[90m [39m[90msuper admin can view pending elections[39m[90m                                                                      [39m [90m0.96s[39m  
  [32;1m✓[39;22m[90m [39m[90mnon super admin cannot view pending elections[39m[90m                                                               [39m [90m0.46s[39m  
  [31;1m⨯[39;22m[90m [39m[90msuper admin can approve pending election[39m[90m                                                                    [39m [90m0.54s[39m  
  [31;1m⨯[39;22m[90m [39m[90msuper admin can reject pending election[39m[90m                                                                     [39m [90m0.46s[39m  
  [32;1m✓[39;22m[90m [39m[90morg admin cannot approve election[39m[90m                                                                           [39m [90m0.62s[39m  
  [32;1m✓[39;22m[90m [39m[90munauthenticated user cannot access admin routes[39m[90m                                                             [39m [90m0.50s[39m  
  [31;1m⨯[39;22m[90m [39m[90mapproval creates audit record with super admin actor[39m[90m                                                        [39m [90m0.59s[39m  
  [32;1m✓[39;22m[90m [39m[90mcannot approve election not in pending state[39m[90m                                                                [39m [90m0.55s[39m  
                                       
  [30;42;1m PASS [39;49;22m[39m Tests\Feature\Admin\GeoUnitControllerTest[39m
  [32;1m✓[39;22m[90m [39m[90mindex returns geo units filtered by governance levels[39m[90m                                                       [39m [90m0.47s[39m  
  [32;1m✓[39;22m[90m [39m[90mindex returns only enabled levels from tenant profile[39m[90m                                                       [39m [90m0.47s[39m  
  [32;1m✓[39;22m[90m [39m[90mindex returns units ordered by materialized path[39m[90m                                                            [39m [90m0.72s[39m  
  [32;1m✓[39;22m[90m [39m[90mindex respects tenant isolation[39m[90m                                                                             [39m [90m1.03s[39m  
  [32;1m✓[39;22m[90m [39m[90mindex returns empty when no governance levels defined[39m[90m                                                       [39m [90m0.37s[39m  
  [32;1m✓[39;22m[90m [39m[90mindex can filter by admin level[39m[90m                                                                             [39m [90m0.59s[39m  
  [32;1m✓[39;22m[90m [39m[90mindex can search by name or code[39m[90m                                                                            [39m [90m0.45s[39m  
  [32;1m✓[39;22m[90m [39m[90mshow returns single geo unit[39m[90m                                                                                [39m [90m0.39s[39m  
  [32;1m✓[39;22m[90m [39m[90mshow returns 404 for nonexistent unit[39m[90m                                                                       [39m [90m0.42s[39m  
  [32;1m✓[39;22m[90m [39m[90mlookup returns search results for cascader[39m[90m                                                                  [39m [90m0.45s[39m  
  [32;1m✓[39;22m[90m [39m[90mlookup returns empty when no match[39m[90m                                                                          [39m [90m0.40s[39m  
  [32;1m✓[39;22m[90m [39m[90munauthenticated user gets redirected[39m[90m                                                                        [39m [90m0.32s[39m  
  [32;1m✓[39;22m[90m [39m[90mnon member gets forbidden[39m[90m                                                                                   [39m [90m0.38s[39m  
                                       
  [30;42;1m PASS [39;49;22m[39m Tests\Feature\Admin\GovernanceLevelControllerTest[39m
  [32;1m✓[39;22m[90m [39m[90mguest cannot access api endpoints[39m[90m                                                                           [39m [90m0.29s[39m  
  [32;1m✓[39;22m[90m [39m[90mindex returns own tenant levels ordered by level ascending[39m[90m                                                  [39m [90m0.47s[39m  
  [32;1m✓[39;22m[90m [39m[90mindex does not return other tenant levels[39m[90m                                                                   [39m [90m0.34s[39m  
  [32;1m✓[39;22m[90m [39m[90mstore creates level scoped to current tenant and returns 201[39m[90m                                                [39m [90m0.35s[39m  
  [32;1m✓[39;22m[90m [39m[90mstore returns 422 when required fields are missing[39m[90m                                                          [39m [90m0.48s[39m  
  [32;1m✓[39;22m[90m [39m[90mstore returns 422 for duplicate level number within same tenant[39m[90m                                             [39m [90m0.35s[39m  
  [32;1m✓[39;22m[90m [39m[90mstore allows same level number for different tenants[39m[90m                                                        [39m [90m0.35s[39m  
  [32;1m✓[39;22m[90m [39m[90mupdate modifies level and returns fresh record[39m[90m                                                              [39m [90m0.36s[39m  
  [32;1m✓[39;22m[90m [39m[90mupdate returns 422 when required fields are empty[39m[90m                                                           [39m [90m0.38s[39m  
  [32;1m✓[39;22m[90m [39m[90mupdate level number is immutable and ignored in payload[39m[90m                                                     [39m [90m0.46s[39m  
  [32;1m✓[39;22m[90m [39m[90mupdate returns 404 for another tenants level and leaves record unchanged[39m[90m                                    [39m [90m0.37s[39m  
  [32;1m✓[39;22m[90m [39m[90mdestroy deletes level and returns 204[39m[90m                                                                       [39m [90m0.41s[39m  
  [32;1m✓[39;22m[90m [39m[90mdestroy returns 404 for another tenants level and leaves record intact[39m[90m                                      [39m [90m0.48s[39m  
                  
  [30;42;1m PASS [39;49;22m[39m Tests\Feature\Audit\AuditCleanupTest[39m
  [32;1m✓[39;22m[90m [39m[90mit deletes folders older than specified days[39m[90m                                                                [39m [90m3.10s[39m  
  [32;1m✓[39;22m[90m [39m[90mit handles empty audit directory[39m[90m                                                                            [39m [90m0.49s[39m  
  [32;1m✓[39;22m[90m [39m[90mit respects custom retention days[39m[90m                                                                           [39m [90m0.32s[39m  
  [32;1m✓[39;22m[90m [39m[90mit keeps folders within retention window[39m[90m                                                                    [39m [90m0.27s[39m  
  [32;1m✓[39;22m[90m [39m[90mit reports deletion count[39m[90m                                                                                   [39m [90m0.54s[39m  
  [32;1m✓[39;22m[90m [39m[90mit handles nonexistent audit directory[39m[90m                                                                      [39m [90m0.27s[39m  
                  
  [30;42;1m PASS [39;49;22m[39m Tests\Feature\Audit\ElectionAuditServiceTest[39m
  [32;1m✓[39;22m[90m [39m[90mit creates election folder on first log[39m[90m                                                                     [39m [90m0.39s[39m  
  [32;1m✓[39;22m[90m [39m[90mit writes jsonl entry with correct format[39m[90m                                                                   [39m [90m0.59s[39m  
  [32;1m✓[39;22m[90m [39m[90mit masks email in logs[39m[90m                                                                                      [39m [90m0.53s[39m  
  [32;1m✓[39;22m[90m [39m[90mit writes to separate files by category[39m[90m                                                                     [39m [90m0.56s[39m  
  [32;1m✓[39;22m[90m [39m[90mit captures ip address when provided[39m[90m                                                                        [39m [90m0.44s[39m  
  [32;1m✓[39;22m[90m [39m[90mit handles null user gracefully[39m[90m                                                                             [39m [90m0.41s[39m  
      
  [39;41;1m FAIL [39;49;22m[39m Tests\Feature\Audit\ElectionSettingsControllerAuditTest[39m
  [31;1m⨯[39;22m[90m [39m[90mupdate logs settings changed event[39m[90m                                                                          [39m [90m0.50s[39m  
  [31;1m⨯[39;22m[90m [39m[90melection update actually works[39m[90m                                                                              [39m [90m0.51s[39m  
      
  [39;41;1m FAIL [39;49;22m[39m Tests\Feature\Audit\ElectionVotingControllerAuditTest[39m
  [31;1m⨯[39;22m[90m [39m[90mstart logs voting started event[39m[90m                                                                             [39m [90m0.47s[39m  
  [31;1m⨯[39;22m[90m [39m[90mstart logs ip blocked event when limit reached[39m[90m                                                              [39m [90m0.94s[39m  
      
  [39;41;1m FAIL [39;49;22m[39m Tests\Feature\Audit\VoteControllerAuditTest[39m
  [31;1m⨯[39;22m[90m [39m[90mfirst submission logs vote submitted event[39m[90m                                                                  [39m [90m0.40s[39m  
  [31;1m⨯[39;22m[90m [39m[90mstore logs vote confirmed event[39m[90m                                                                             [39m [90m0.40s[39m  
      
  [39;41;1m FAIL [39;49;22m[39m Tests\Feature\Audit\VoterVerificationControllerAuditTest[39m
  [31;1m⨯[39;22m[90m [39m[90mstore logs voter verified event[39m[90m                                                                             [39m [90m0.50s[39m  
  [31;1m⨯[39;22m[90m [39m[90mrevoke logs verification revoked event[39m[90m                                                                      [39m [90m0.39s[39m  
         
  [39;41;1m FAIL [39;49;22m[39m Tests\Feature\Auth\CsrfProtectionTest[39m
  [32;1m✓[39;22m[90m [39m[90mregister page shares csrf token[39m[90m                                                                             [39m [90m0.52s[39m  
  [31;1m⨯[39;22m[90m [39m[90mregistration requires csrf token[39m[90m                                                                            [39m [90m1.13s[39m  
  [31;1m⨯[39;22m[90m [39m[90mregistration with valid csrf token[39m[90m                                                                          [39m [90m0.28s[39m  
                                                
  [39;41;1m FAIL [39;49;22m[39m Tests\Feature\Auth\DashboardResolverPriorityTest[39m
  [31;1m⨯[39;22m[90m [39m[90mpriority 1 active voting session redirects to voting portal[39m[90m                                                 [39m [90m0.42s[39m  
  [31;1m⨯[39;22m[90m [39m[90mpriority 1 takes precedence over multiple active elections[39m[90m                                                  [39m [90m0.39s[39m  
  [31;1m⨯[39;22m[90m [39m[90mpriority 2 active election redirects to election dashboard[39m[90m                                                  [39m [90m0.27s[39m  
  [31;1m⨯[39;22m[90m [39m[90mpriority 2 skips elections where user already voted[39m[90m                                                         [39m [90m0.28s[39m  
  [31;1m⨯[39;22m[90m [39m[90mpriority 2 ignores elections outside voting window[39m[90m                                                          [39m [90m0.29s[39m  
  [32;1m✓[39;22m[90m [39m[90mpriority 3 new user verified but no org goes to welcome[39m[90m                                                     [39m [90m0.45s[39m  
  [31;1m⨯[39;22m[90m [39m[90mpriority 3 new user with platform org only goes to welcome[39m[90m                                                  [39m [90m0.51s[39m  
  [32;1m✓[39;22m[90m [39m[90mpriority 3 skips if user already onboarded[39m[90m                                                                  [39m [90m0.30s[39m  
  [31;1m⨯[39;22m[90m [39m[90mpriority 4 user with multiple roles goes to role selection[39m[90m                                                  [39m [90m0.36s[39m  
  [31;1m⨯[39;22m[90m [39m[90mpriority 4 user with admin and commission roles goes to role selection[39m[90m                                      [39m [90m0.35s[39m  
  [31;1m⨯[39;22m[90m [39m[90mpriority 5 single admin role redirects to organisation page[39m[90m                                                 [39m [90m0.46s[39m  
  [31;1m⨯[39;22m[90m [39m[90mpriority 5 single commission role redirects to commission dashboard[39m[90m                                         [39m [90m0.28s[39m  
  [32;1m✓[39;22m[90m [39m[90mpriority 6 user with no roles goes to default dashboard[39m[90m                                                     [39m [90m0.32s[39m  
  [31;1m⨯[39;22m[90m [39m[90mactive voting takes precedence over new user welcome[39m[90m                                                        [39m [90m0.32s[39m  
  [31;1m⨯[39;22m[90m [39m[90mactive election takes precedence over new user welcome[39m[90m                                                      [39m [90m0.36s[39m  
  [31;1m⨯[39;22m[90m [39m[90mroles take precedence over welcome when onboarded[39m[90m                                                           [39m [90m0.33s[39m  
                                    
  [39;41;1m FAIL [39;49;22m[39m Tests\Feature\Auth\DashboardResolverTest[39m
  [31;1m⨯[39;22m[90m [39m[90mfirst time user redirects to welcome dashboard[39m[90m                                                              [39m [90m0.32s[39m  
  [31;1m⨯[39;22m[90m [39m[90muser with single org role redirects to organisation[39m[90m                                                         [39m [90m0.38s[39m  
  [31;1m⨯[39;22m[90m [39m[90muser with multiple roles redirects to role selection[39m[90m                                                        [39m [90m0.31s[39m  
  [31;1m⨯[39;22m[90m [39m[90mvoter user redirects to vote dashboard[39m[90m                                                                      [39m [90m0.23s[39m  
  [31;1m⨯[39;22m[90m [39m[90mdashboard resolution is cached[39m[90m                                                                              [39m [90m0.19s[39m  
  [31;1m⨯[39;22m[90m [39m[90mstale cache not used[39m[90m                                                                                        [39m [90m0.25s[39m  
  [31;1m⨯[39;22m[90m [39m[90mactive voting session takes priority[39m[90m                                                                        [39m [90m0.26s[39m  
  [31;1m⨯[39;22m[90m [39m[90mlegacy fallback for users with legacy roles[39m[90m                                                                 [39m [90m0.26s[39m  
  [31;1m⨯[39;22m[90m [39m[90mhandles missing tables gracefully[39m[90m                                                                           [39m [90m0.24s[39m  
  [31;1m⨯[39;22m[90m [39m[90mcommission member redirects to commission dashboard[39m[90m                                                         [39m [90m0.22s[39m  
  [31;1m⨯[39;22m[90m [39m[90mrole priority organization over voter[39m[90m                                                                       [39m [90m0.26s[39m  
  [31;1m⨯[39;22m[90m [39m[90mtenant context is set on organisation redirect[39m[90m                                                              [39m [90m0.28s[39m  
                                          
  [39;41;1m FAIL [39;49;22m[39m Tests\Feature\Auth\EmergencyDashboardControllerTest[39m
  [31;1m⨯[39;22m[90m [39m[90memergency dashboard requires auth[39m[90m                                                                           [39m [90m0.21s[39m  
  [31;1m⨯[39;22m[90m [39m[90mauthenticated user can access emergency dashboard[39m[90m                                                           [39m [90m0.27s[39m  
  [31;1m⨯[39;22m[90m [39m[90memergency dashboard passes user data[39m[90m                                                                        [39m [90m0.31s[39m  
  [31;1m⨯[39;22m[90m [39m[90memergency dashboard loads organisations[39m[90m                                                                     [39m [90m0.27s[39m  
  [31;1m⨯[39;22m[90m [39m[90memergency dashboard handles missing organisations[39m[90m                                                           [39m [90m0.26s[39m  
  [31;1m⨯[39;22m[90m [39m[90memergency dashboard provides basic actions[39m[90m                                                                  [39m [90m0.24s[39m  
  [31;1m⨯[39;22m[90m [39m[90mlogout from emergency dashboard[39m[90m                                                                             [39m [90m0.28s[39m  
  [31;1m⨯[39;22m[90m [39m[90memergency dashboard displays support email[39m[90m                                                                  [39m [90m0.19s[39m  
  [31;1m⨯[39;22m[90m [39m[90memergency dashboard includes timestamp[39m[90m                                                                      [39m [90m0.29s[39m  
  [31;1m⨯[39;22m[90m [39m[90memergency dashboard includes emergency id[39m[90m                                                                   [39m [90m0.23s[39m  
  [31;1m⨯[39;22m[90m [39m[90memergency dashboard shows message[39m[90m                                                                           [39m [90m0.30s[39m  
  [31;1m⨯[39;22m[90m [39m[90mhealth check endpoint returns json[39m[90m                                                                          [39m [90m0.27s[39m  
  [31;1m⨯[39;22m[90m [39m[90memergency dashboard minimal database impact[39m[90m                                                                 [39m [90m0.24s[39m  
  [31;1m⨯[39;22m[90m [39m[90memergency dashboard includes org switcher[39m[90m                                                                   [39m [90m0.28s[39m  
                        
  [39;41;1m FAIL [39;49;22m[39m Tests\Feature\Auth\HasActiveElectionTest[39m
  [31;1m⨯[39;22m[90m [39m[90mhas active election returns true when active election exists[39m[90m                                                [39m [90m0.32s[39m  
  [32;1m✓[39;22m[90m [39m[90mhas active election returns false when no active election[39m[90m                                                   [39m [90m0.23s[39m  
  [32;1m✓[39;22m[90m [39m[90mhas active election returns false when already voted[39m[90m                                                        [39m [90m0.30s[39m  
  [32;1m✓[39;22m[90m [39m[90mhas active election returns false without tenant org[39m[90m                                                        [39m [90m0.27s[39m  
  [31;1m⨯[39;22m[90m [39m[90mcount active elections returns correct number[39m[90m                                                               [39m [90m0.26s[39m  
  [32;1m✓[39;22m[90m [39m[90mget active election ignores elections outside date range[39m[90m                                                    [39m [90m0.35s[39m  
  [31;1m⨯[39;22m[90m [39m[90mget active election returns first ordered by start date[39m[90m                                                     [39m [90m0.21s[39m  
  [31;1m⨯[39;22m[90m [39m[90mhas active election checks all user organisations[39m[90m                                                           [39m [90m0.24s[39m  
                           
  [30;42;1m PASS [39;49;22m[39m Tests\Feature\Auth\HasOwnOrganisationTest[39m
  [32;1m✓[39;22m[90m [39m[90mhas own organisation returns true when belongs to tenant org[39m[90m                                                [39m [90m0.25s[39m  
  [32;1m✓[39;22m[90m [39m[90mhas own organisation returns false when only platform[39m[90m                                                       [39m [90m0.28s[39m  
  [32;1m✓[39;22m[90m [39m[90mget own organisation returns tenant org[39m[90m                                                                     [39m [90m0.35s[39m  
  [32;1m✓[39;22m[90m [39m[90mget own organisation returns null when no tenant org[39m[90m                                                        [39m [90m0.22s[39m  
  [32;1m✓[39;22m[90m [39m[90mis owner of returns true when role is owner[39m[90m                                                                 [39m [90m0.28s[39m  
  [32;1m✓[39;22m[90m [39m[90mis owner of returns false when role is member[39m[90m                                                               [39m [90m0.41s[39m  
  [32;1m✓[39;22m[90m [39m[90muser with own organisation is correctly identified[39m[90m                                                          [39m [90m0.30s[39m  
  [32;1m✓[39;22m[90m [39m[90muser with only platform org is correctly identified[39m[90m                                                         [39m [90m0.38s[39m  
  [32;1m✓[39;22m[90m [39m[90muser with both orgs prioritizes tenant[39m[90m                                                                      [39m [90m0.35s[39m  
                           
  [39;41;1m FAIL [39;49;22m[39m Tests\Feature\Auth\LoginFallbackChainTest[39m
  [31;1m⨯[39;22m[90m [39m[90mlevel 1 normal resolution for new user[39m[90m                                                                      [39m [90m0.36s[39m  
  [31;1m⨯[39;22m[90m [39m[90mlevel 1 uses cache on second login[39m[90m                                                                          [39m [90m0.32s[39m  
  [31;1m⨯[39;22m[90m [39m[90mlevel 1 routes based on user role[39m[90m                                                                           [39m [90m0.34s[39m  
  [31;1m⨯[39;22m[90m [39m[90mcache invalidated when roles change[39m[90m                                                                         [39m [90m0.60s[39m  
  [31;1m⨯[39;22m[90m [39m[90mfallback chain has emergency dashboard available[39m[90m                                                            [39m [90m0.34s[39m  
  [31;1m⨯[39;22m[90m [39m[90mall user types route correctly[39m[90m                                                                              [39m [90m0.32s[39m  
  [31;1m⨯[39;22m[90m [39m[90mcache respects session freshness[39m[90m                                                                            [39m [90m0.51s[39m  
  [31;1m⨯[39;22m[90m [39m[90mvoting session priority over cache[39m[90m                                                                          [39m [90m0.43s[39m  
  [31;1m⨯[39;22m[90m [39m[90mmultiple roles go to selection[39m[90m                                                                              [39m [90m0.44s[39m  
   
  [39;41;1m FAIL [39;49;22m[39m Tests\Feature\Auth\LoginFlowDebugTest[39m
  [31;1m⨯[39;22m[90m [39m[90mtrace first time user login flow[39m[90m                                                                            [39m [90m0.46s[39m  
            
  [39;41;1m FAIL [39;49;22m[39m Tests\Feature\Auth\LoginOrganisationAccessTest[39m
  [31;1m⨯[39;22m[90m [39m[90mnewly registered user has pivot record created[39m[90m                                                              [39m [90m0.41s[39m  
  [31;1m⨯[39;22m[90m [39m[90muser can access their default organisation after login[39m[90m                                                      [39m [90m0.43s[39m  
  [31;1m⨯[39;22m[90m [39m[90muser membership check query returns correct result[39m[90m                                                          [39m [90m0.43s[39m  
  [31;1m⨯[39;22m[90m [39m[90mpivot record data integrity check[39m[90m                                                                           [39m [90m0.31s[39m  
                           
  [39;41;1m FAIL [39;49;22m[39m Tests\Feature\Auth\LoginResponseTest[39m
  [31;1m⨯[39;22m[90m [39m[90mlogin response redirects to dashboard[39m[90m                                                                       [39m [90m0.39s[39m  
  [31;1m⨯[39;22m[90m [39m[90mlogin response tracks request id[39m[90m                                                                            [39m [90m0.21s[39m  
  [31;1m⨯[39;22m[90m [39m[90mlogin response logs analytics[39m[90m                                                                               [39m [90m0.28s[39m  
  [31;1m⨯[39;22m[90m [39m[90mlogin response handles maintenance mode[39m[90m                                                                     [39m [90m0.48s[39m  
  [31;1m⨯[39;22m[90m [39m[90mlogin response caches resolution[39m[90m                                                                            [39m [90m0.31s[39m  
  [31;1m⨯[39;22m[90m [39m[90mlogin response uses cached resolution[39m[90m                                                                       [39m [90m0.43s[39m  
  [31;1m⨯[39;22m[90m [39m[90mfallback to emergency dashboard on failure[39m[90m                                                                  [39m [90m0.30s[39m  
  [31;1m⨯[39;22m[90m [39m[90mperformance thresholds logged[39m[90m                                                                               [39m [90m0.32s[39m  
  [31;1m⨯[39;22m[90m [39m[90mfailure count is tracked[39m[90m                                                                                    [39m [90m0.33s[39m  
                              
  [30;42;1m PASS [39;49;22m[39m Tests\Feature\Auth\LogoutTest[39m
  [32;1m✓[39;22m[90m [39m[90mlogout route rejects get request[39m[90m                                                                            [39m [90m1.15s[39m  
  [32;1m✓[39;22m[90m [39m[90mlogout route accepts post request[39m[90m                                                                           [39m [90m0.52s[39m  
  [32;1m✓[39;22m[90m [39m[90mlogout invalidates session[39m[90m                                                                                  [39m [90m0.43s[39m  
  [32;1m✓[39;22m[90m [39m[90mlogout clears authentication[39m[90m                                                                                [39m [90m0.40s[39m  
  [32;1m✓[39;22m[90m [39m[90mlogout redirects after success[39m[90m                                                                              [39m [90m0.45s[39m  
  [32;1m✓[39;22m[90m [39m[90munauthenticated user cannot logout[39m[90m                                                                          [39m [90m0.45s[39m  
  [32;1m✓[39;22m[90m [39m[90mmultiple logout requests are safe[39m[90m                                                                           [39m [90m0.50s[39m  
  [32;1m✓[39;22m[90m [39m[90mverified user can logout[39m[90m                                                                                    [39m [90m0.65s[39m  
  [32;1m✓[39;22m[90m [39m[90msession data cleared after logout[39m[90m                                                                           [39m [90m0.60s[39m  
  [32;1m✓[39;22m[90m [39m[90mlogout requires csrf protection[39m[90m                                                                             [39m [90m0.82s[39m  
                              
  [39;41;1m FAIL [39;49;22m[39m Tests\Feature\Auth\RegistrationAndLoginTest[39m
  [32;1m✓[39;22m[90m [39m[90muser factory assigns platform organisation by default[39m[90m                                                       [39m [90m0.45s[39m  
  [32;1m✓[39;22m[90m [39m[90muser can access publicdigit organisation[39m[90m                                                                    [39m [90m0.73s[39m  
  [31;1m⨯[39;22m[90m [39m[90muser not member of org gets 403[39m[90m                                                                             [39m [90m0.42s[39m  
  [31;1m⨯[39;22m[90m [39m[90mregistration creates pivot record[39m[90m                                                                           [39m [90m2.65s[39m  
  [31;1m⨯[39;22m[90m [39m[90mregistered user can access publicdigit after email verification[39m[90m                                             [39m [90m0.47s[39m  
  [32;1m✓[39;22m[90m [39m[90mnew user dashboard resolves to welcome[39m[90m                                                                      [39m [90m0.50s[39m  
  [31;1m⨯[39;22m[90m [39m[90muser with stale org id uses platform via pivot[39m[90m                                                              [39m [90m0.58s[39m  
  [32;1m✓[39;22m[90m [39m[90mplatform user not onboarded redirects to welcome[39m[90m                                                            [39m [90m0.56s[39m  
  [32;1m✓[39;22m[90m [39m[90monboarded platform user redirects to dashboard[39m[90m                                                              [39m [90m0.46s[39m  
  [32;1m✓[39;22m[90m [39m[90muser with multiple orgs has correct memberships[39m[90m                                                             [39m [90m0.43s[39m  
                        
  [39;41;1m FAIL [39;49;22m[39m Tests\Feature\Auth\RegistrationMultiTenancyTest[39m
  [31;1m⨯[39;22m[90m [39m[90mregistration creates platform membership[39m[90m                                                                    [39m [90m0.76s[39m  
  [31;1m⨯[39;22m[90m [39m[90muser can create tenant organisation[39m[90m                                                                         [39m [90m0.97s[39m  
  [31;1m⨯[39;22m[90m [39m[90muser can check if has tenant organisation[39m[90m                                                                   [39m [90m0.46s[39m  
  [31;1m⨯[39;22m[90m [39m[90muser can get owned organisation[39m[90m                                                                             [39m [90m0.48s[39m  
  [31;1m⨯[39;22m[90m [39m[90muser can switch organisations[39m[90m                                                                               [39m [90m0.50s[39m  
  [31;1m⨯[39;22m[90m [39m[90muser cannot switch to unowned organisation[39m[90m                                                                  [39m [90m0.55s[39m  
  [31;1m⨯[39;22m[90m [39m[90mdashboard shows demo when no tenant[39m[90m                                                                         [39m [90m0.77s[39m  
  [31;1m⨯[39;22m[90m [39m[90mdashboard shows real when has tenant[39m[90m                                                                        [39m [90m0.57s[39m  
                                    
  [39;41;1m FAIL [39;49;22m[39m Tests\Feature\Auth\VerifiedMiddlewareTest[39m
  [31;1m⨯[39;22m[90m [39m[90munverified user gets redirect to verification[39m
  [31;1m⨯[39;22m[90m [39m[90mverified user can access dashboard[39m
  [31;1m⨯[39;22m[90m [39m[90munverified user cannot access welcome page[39m
  [31;1m⨯[39;22m[90m [39m[90munverified user cannot access organisation page[39m
  [31;1m⨯[39;22m[90m [39m[90munverified user cannot access role selection[39m
  [31;1m⨯[39;22m[90m [39m[90munauthenticated user redirected to login[39m
  [31;1m⨯[39;22m[90m [39m[90mlogin response redirects unverified user[39m
  [31;1m⨯[39;22m[90m [39m[90mlogin response allows verified user[39m
  [31;1m⨯[39;22m[90m [39m[90mmultiple unverified users all blocked[39m
  [31;1m⨯[39;22m[90m [39m[90mverified user has email verified at[39m
  [31;1m⨯[39;22m[90m [39m[90munverified user has null email verified at[39m
  [31;1m⨯[39;22m[90m [39m[90mhome route requires verification[39m
      
  [39;41;1m FAIL [39;49;22m[39m Tests\Feature\Auth\VoterInvitationSetPasswordTest[39m
  [32;1m✓[39;22m[90m [39m[90mvoter can set password and redirects to election[39m[90m                                                            [39m [90m0.68s[39m  
  [31;1m⨯[39;22m[90m [39m[90mredirect fails if election slug is missing[39m[90m                                                                  [39m [90m0.56s[39m  
                                 
  [39;41;1m FAIL [39;49;22m[39m Tests\Feature\AuthenticationFlowTest[39m
  [31;1m⨯[39;22m[90m [39m[90mregistration creates user with platform organisation[39m[90m                                                        [39m [90m0.46s[39m  
  [31;1m⨯[39;22m[90m [39m[90memail verification flow[39m[90m                                                                                     [39m [90m0.47s[39m  
  [31;1m⨯[39;22m[90m [39m[90mfirst login after verification shows welcome page[39m[90m                                                           [39m [90m0.43s[39m  
  [31;1m⨯[39;22m[90m [39m[90msecond login after onboarding goes to dashboard[39m[90m                                                             [39m [90m0.40s[39m  
  [31;1m⨯[39;22m[90m [39m[90mplatform member goes to main dashboard not organisation[39m[90m                                                     [39m [90m0.36s[39m  
  [31;1m⨯[39;22m[90m [39m[90morganisation admin redirected to organisation[39m[90m                                                               [39m [90m0.35s[39m  
  [31;1m⨯[39;22m[90m [39m[90mmulti role user sees role selector[39m[90m                                                                          [39m [90m0.64s[39m  
  [31;1m⨯[39;22m[90m [39m[90munverified user cannot access dashboard[39m[90m                                                                     [39m [90m0.76s[39m  
  [31;1m⨯[39;22m[90m [39m[90mwelcome page sets onboarded at[39m[90m                                                                              [39m [90m0.43s[39m  
  [31;1m⨯[39;22m[90m [39m[90munverified user dashboard access shows verification gate[39m[90m                                                    [39m [90m0.45s[39m  
  [31;1m⨯[39;22m[90m [39m[90morganisation access control middleware[39m[90m                                                                      [39m [90m0.40s[39m  
         
  [30;42;1m PASS [39;49;22m[39m Tests\Feature\AuthenticationTest[39m
  [32;1m✓[39;22m[90m [39m[90mlogin screen can be rendered[39m[90m                                                                                [39m [90m0.48s[39m  
  [32;1m✓[39;22m[90m [39m[90musers can authenticate using the login screen[39m[90m                                                               [39m [90m1.11s[39m  
  [32;1m✓[39;22m[90m [39m[90musers can not authenticate with invalid password[39m[90m                                                            [39m [90m0.77s[39m  
                           
  [39;41;1m FAIL [39;49;22m[39m Tests\Feature\Bootstrap\BootstrapAppConfigurationTest[39m
  [32;1m✓[39;22m[90m [39m[90mbootstrap app uses laravel 11 configuration[39m[90m                                                                 [39m [90m0.32s[39m  
  [32;1m✓[39;22m[90m [39m[90mall route files are registered[39m[90m                                                                              [39m [90m0.32s[39m  
  [32;1m✓[39;22m[90m [39m[90mall middleware aliases are registered[39m[90m                                                                       [39m [90m0.29s[39m  
  [32;1m✓[39;22m[90m [39m[90mapi rate limiting is configured[39m[90m                                                                             [39m [90m0.36s[39m  
  [32;1m✓[39;22m[90m [39m[90mglobal middleware are registered[39m[90m                                                                            [39m [90m0.34s[39m  
  [32;1m✓[39;22m[90m [39m[90mexception handler is configured[39m[90m                                                                             [39m [90m0.38s[39m  
  [31;1m⨯[39;22m[90m [39m[90mweb middleware group has custom middleware[39m[90m                                                                  [39m [90m0.30s[39m  
  [32;1m✓[39;22m[90m [39m[90mauthentication guards are configured[39m[90m                                                                        [39m [90m0.28s[39m  
  [32;1m✓[39;22m[90m [39m[90mapplication services are discoverable[39m[90m                                                                       [39m [90m0.27s[39m  
   
  [30;42;1m PASS [39;49;22m[39m Tests\Feature\BrowserSessionsTest[39m
  [32;1m✓[39;22m[90m [39m[90mother browser sessions can be logged out[39m[90m                                                                    [39m [90m0.35s[39m  
   
  [30;42;1m PASS [39;49;22m[39m Tests\Feature\CandidacyApplicationMigrationTest[39m
  [32;1m✓[39;22m[90m [39m[90mcandidacy applications table has required columns[39m[90m                                                           [39m [90m0.41s[39m  
                                    
  [30;42;1m PASS [39;49;22m[39m Tests\Feature\CandidacyApplicationTest[39m
  [32;1m✓[39;22m[90m [39m[90mguest cannot submit application[39m[90m                                                                             [39m [90m0.66s[39m  
  [32;1m✓[39;22m[90m [39m[90mnon member cannot submit application[39m[90m                                                                        [39m [90m0.83s[39m  
  [32;1m✓[39;22m[90m [39m[90mmember can submit valid application[39m[90m                                                                         [39m [90m0.61s[39m  
  [32;1m✓[39;22m[90m [39m[90mapplication requires supporter name[39m[90m                                                                         [39m [90m0.66s[39m  
  [32;1m✓[39;22m[90m [39m[90mapplication requires proposer name[39m[90m                                                                          [39m [90m0.64s[39m  
  [32;1m✓[39;22m[90m [39m[90mcannot apply twice for same election[39m[90m                                                                        [39m [90m0.72s[39m  
  [32;1m✓[39;22m[90m [39m[90mcannot apply for different post in same election[39m[90m                                                            [39m [90m1.28s[39m  
  [32;1m✓[39;22m[90m [39m[90mphoto is uploaded and stored[39m[90m                                                                                [39m [90m1.11s[39m  
  [32;1m✓[39;22m[90m [39m[90mphoto must be image[39m[90m                                                                                         [39m [90m0.75s[39m  
  [32;1m✓[39;22m[90m [39m[90mcannot apply for demo election[39m[90m                                                                              [39m [90m0.66s[39m  
  [32;1m✓[39;22m[90m [39m[90mcannot apply when election not in nomination[39m[90m                                                                [39m [90m0.73s[39m  
  [32;1m✓[39;22m[90m [39m[90mvoter hub includes my applications[39m[90m                                                                          [39m [90m0.81s[39m  
            
  [39;41;1m FAIL [39;49;22m[39m Tests\Feature\CodeControllerSlugRedirectTest[39m
  [31;1m⨯[39;22m[90m [39m[90mcode submission redirects to slug based agreement url[39m[90m                                                       [39m [90m0.48s[39m  
  [31;1m⨯[39;22m[90m [39m[90mcode submission without slug redirects to regular agreement url[39m[90m                                             [39m [90m0.46s[39m  
  [31;1m⨯[39;22m[90m [39m[90minvalid code redirects to slug based create url[39m[90m                                                             [39m [90m0.52s[39m  
  [31;1m⨯[39;22m[90m [39m[90muser with existing voting session redirects to slug based agreement[39m[90m                                         [39m [90m0.43s[39m  
                                    
  [39;41;1m FAIL [39;49;22m[39m Tests\Feature\CodeControllerTest[39m
  [32;1m✓[39;22m[90m [39m[90mgenerated code is 8 chars with safe charset[39m[90m                                                                 [39m [90m4.01s[39m  
  [31;1m⨯[39;22m[90m [39m[90mexpired code regenerates with all flags reset[39m
  [31;1m⨯[39;22m[90m [39m[90mverified code regenerated if expired[39m
  [31;1m⨯[39;22m[90m [39m[90mfresh verified code is not regenerated[39m
  [31;1m⨯[39;22m[90m [39m[90mhas voted user redirected from create[39m
  [31;1m⨯[39;22m[90m [39m[90mhas voted user blocked in store[39m
  [31;1m⨯[39;22m[90m [39m[90mhas voted user redirected from show agreement[39m
  [31;1m⨯[39;22m[90m [39m[90mstore rejects code with wrong length[39m
  [31;1m⨯[39;22m[90m [39m[90mip rate limiting is scoped to election[39m
  [31;1m⨯[39;22m[90m [39m[90mgenerate unique code for organisation produces valid codes[39m
  [31;1m⨯[39;22m[90m [39m[90mhas voted blocks submit agreement[39m
  [31;1m⨯[39;22m[90m [39m[90mexpired verified code is regenerated[39m
                        
  [39;41;1m FAIL [39;49;22m[39m Tests\Feature\Commands\BackfillVoterSourceStrategyTest[39m
  [31;1m⨯[39;22m[90m [39m[90maudit only reports elections missing snapshot[39m[90m                                                               [39m [90m0.37s[39m  
  [31;1m⨯[39;22m[90m [39m[90mbackfill sets election only from election only org[39m[90m                                                          [39m [90m0.41s[39m  
  [32;1m✓[39;22m[90m [39m[90mbackfill sets full membership from full membership org[39m[90m                                                      [39m [90m0.47s[39m  
  [32;1m✓[39;22m[90m [39m[90mbackfill skips elections already having snapshot[39m[90m                                                            [39m [90m0.54s[39m  
  [32;1m✓[39;22m[90m [39m[90mbackfill reports count of updated elections[39m[90m                                                                 [39m [90m0.45s[39m  
  [32;1m✓[39;22m[90m [39m[90mbackfill is idempotent when run twice[39m[90m                                                                       [39m [90m0.41s[39m  
  [32;1m✓[39;22m[90m [39m[90mbackfill resumes correctly after partial failure[39m[90m                                                            [39m [90m0.53s[39m  
  [32;1m✓[39;22m[90m [39m[90maudit only does not affect idempotency[39m[90m                                                                      [39m [90m0.59s[39m  
                        
  [39;41;1m FAIL [39;49;22m[39m Tests\Feature\CommitteeStructurePersistenceTest[39m
  [31;1m⨯[39;22m[90m [39m[90msaves and retrieves aggregate intact[39m[90m                                                                        [39m [90m0.44s[39m  
  [31;1m⨯[39;22m[90m [39m[90mversion persisted correctly[39m[90m                                                                                 [39m [90m0.37s[39m  
  [31;1m⨯[39;22m[90m [39m[90mgeo scope persisted and reconstructed[39m[90m                                                                       [39m [90m0.41s[39m  
  [31;1m⨯[39;22m[90m [39m[90mfind active by tenant[39m[90m                                                                                       [39m [90m0.38s[39m  
  [31;1m⨯[39;22m[90m [39m[90monly one active per tenant enforced[39m[90m                                                                         [39m [90m0.44s[39m  
  [31;1m⨯[39;22m[90m [39m[90mtenant isolation enforced[39m[90m                                                                                   [39m [90m0.51s[39m  
  [31;1m⨯[39;22m[90m [39m[90mevolve creates new version not overwrite[39m[90m                                                                    [39m [90m0.37s[39m  
  [31;1m⨯[39;22m[90m [39m[90mreturns full aggregate not partial[39m[90m                                                                          [39m [90m0.35s[39m  
         
  [39;41;1m FAIL [39;49;22m[39m Tests\Feature\CommitteeStructure\ActivateCommitteeStructureStressTest[39m
  [31;1m⨯[39;22m[90m [39m[90mstress activation keeps only one active structure under sequential load[39m[90m                                     [39m [90m0.58s[39m  
  [31;1m⨯[39;22m[90m [39m[90mactivation maintains idempotence under failed attempts[39m[90m                                                      [39m [90m0.39s[39m  
  [31;1m⨯[39;22m[90m [39m[90mmultiple activation cycles respect invariant[39m[90m                                                                [39m [90m0.57s[39m  
            
  [39;41;1m FAIL [39;49;22m[39m Tests\Feature\CommitteeStructure\DatabaseConstraintTest[39m
  [32;1m✓[39;22m[90m [39m[90mdatabase prevents multiple active structures per tenant[39m[90m                                                     [39m [90m0.47s[39m  
  [31;1m⨯[39;22m[90m [39m[90mdatabase allows multiple draft structures per tenant[39m[90m                                                        [39m [90m0.57s[39m  
  [32;1m✓[39;22m[90m [39m[90mdatabase allows multiple deprecated structures per tenant[39m[90m                                                   [39m [90m0.36s[39m  
  [32;1m✓[39;22m[90m [39m[90mconstraint is per tenant[39m[90m                                                                                    [39m [90m0.38s[39m  
                  
  [30;42;1m PASS [39;49;22m[39m Tests\Feature\Committee\AssignMemberWithLineageTest[39m
  [32;1m✓[39;22m[90m [39m[90massign handler creates active membership[39m[90m                                                                    [39m [90m0.87s[39m  
  [32;1m✓[39;22m[90m [39m[90massign handler rejects ineligible geo[39m[90m                                                                       [39m [90m0.82s[39m  
  [32;1m✓[39;22m[90m [39m[90massign handler accepts central committee any member[39m[90m                                                         [39m [90m0.74s[39m  
  [32;1m✓[39;22m[90m [39m[90massign handler rejects duplicate assignment[39m[90m                                                                 [39m [90m0.74s[39m  
  [32;1m✓[39;22m[90m [39m[90massign handler transaction rolls back on error[39m[90m                                                              [39m [90m0.69s[39m  
  [32;1m✓[39;22m[90m [39m[90massign handler dispatches event after commit[39m[90m                                                                [39m [90m0.66s[39m  
                        
  [39;41;1m FAIL [39;49;22m[39m Tests\Feature\Committee\CommitteeCreationWithGeoSelectionsTest[39m
  [31;1m⨯[39;22m[90m [39m[90mcreate committee with complete geo selections[39m[90m                                                               [39m [90m0.66s[39m  
  [31;1m⨯[39;22m[90m [39m[90mcreate committee with region and country only[39m[90m                                                               [39m [90m0.54s[39m  
  [32;1m✓[39;22m[90m [39m[90mcreate committee with invalid type[39m[90m                                                                          [39m [90m0.51s[39m  
  [32;1m✓[39;22m[90m [39m[90mcreate committee with missing name[39m[90m                                                                          [39m [90m0.58s[39m  
  [32;1m✓[39;22m[90m [39m[90mcreate committee with missing type[39m[90m                                                                          [39m [90m0.53s[39m  
  [31;1m⨯[39;22m[90m [39m[90mcreate committee with duplicate code[39m[90m                                                                        [39m [90m0.68s[39m  
  [32;1m✓[39;22m[90m [39m[90mcreate committee with very long name[39m[90m                                                                        [39m [90m0.93s[39m  
  [31;1m⨯[39;22m[90m [39m[90mcreate committee with slug generation[39m[90m                                                                       [39m [90m0.84s[39m  
                  
  [39;41;1m FAIL [39;49;22m[39m Tests\Feature\Committee\CommitteeDashboardApiTest[39m
  [31;1m⨯[39;22m[90m [39m[90mdashboard returns members with translate keys[39m[90m                                                               [39m [90m0.54s[39m  
  [31;1m⨯[39;22m[90m [39m[90mdashboard with no members returns empty array[39m[90m                                                               [39m [90m0.44s[39m  
  [31;1m⨯[39;22m[90m [39m[90mdashboard requires authentication[39m[90m                                                                           [39m [90m0.38s[39m  
  [32;1m✓[39;22m[90m [39m[90mdashboard for nonexistent committee returns 404[39m[90m                                                             [39m [90m0.44s[39m  
  [31;1m⨯[39;22m[90m [39m[90mdashboard members exclude suspended and terminated[39m[90m                                                          [39m [90m0.44s[39m  
  [31;1m⨯[39;22m[90m [39m[90mdashboard dto has committee section[39m[90m                                                                         [39m [90m0.32s[39m  
         
  [39;41;1m FAIL [39;49;22m[39m Tests\Feature\Committee\CommitteeDashboardHttpTest[39m
  [32;1m✓[39;22m[90m [39m[90mauth user can view own committee dashboard[39m[90m                                                                  [39m [90m0.45s[39m  
  [32;1m✓[39;22m[90m [39m[90mcannot view other tenants committee returns 404[39m[90m                                                             [39m [90m0.34s[39m  
  [31;1m⨯[39;22m[90m [39m[90munauthenticated user cannot view dashboard[39m[90m                                                                  [39m [90m0.34s[39m  
      
  [30;42;1m PASS [39;49;22m[39m Tests\Feature\Committee\CommitteeDashboardTest[39m
  [32;1m✓[39;22m[90m [39m[90mcommittee domain persistence and retrieval[39m[90m                                                                  [39m [90m0.29s[39m  
  [32;1m✓[39;22m[90m [39m[90mcommittee domain tenant isolation[39m[90m                                                                           [39m [90m0.25s[39m  
            
  [39;41;1m FAIL [39;49;22m[39m Tests\Feature\Committee\CreateCommitteeApiTest[39m
  [32;1m✓[39;22m[90m [39m[90mcreates committee successfully[39m[90m                                                                              [39m [90m0.33s[39m  
  [31;1m⨯[39;22m[90m [39m[90mrejects invalid governance assignment[39m[90m                                                                       [39m [90m0.39s[39m  
  [32;1m✓[39;22m[90m [39m[90mrejects missing required fields[39m[90m                                                                             [39m [90m0.47s[39m  
  [32;1m✓[39;22m[90m [39m[90mrequires authentication[39m[90m                                                                                     [39m [90m0.31s[39m  
               
  [39;41;1m FAIL [39;49;22m[39m Tests\Feature\Committee\CreateCommitteeWithGovernanceTest[39m
  [32;1m✓[39;22m[90m [39m[90mcreate returns governance levels and geo units[39m[90m                                                              [39m [90m0.37s[39m  
  [32;1m✓[39;22m[90m [39m[90mstore requires governance level and geo unit id[39m[90m                                                             [39m [90m0.45s[39m  
  [31;1m⨯[39;22m[90m [39m[90mstore accepts governance level and geo unit id[39m[90m                                                              [39m [90m0.48s[39m  
  [32;1m✓[39;22m[90m [39m[90mstore rejects invalid governance assignment[39m[90m                                                                 [39m [90m0.38s[39m  
  [31;1m⨯[39;22m[90m [39m[90mstore creates committee with governance assignment[39m[90m                                                          [39m [90m0.38s[39m  
                              
  [39;41;1m FAIL [39;49;22m[39m Tests\Feature\Consistency\CoreTenantConsistencyTest[39m
  [31;1m⨯[39;22m[90m [39m[90mplatform election is accessible to all users[39m
  [31;1m⨯[39;22m[90m [39m[90morganization election is isolated to own users[39m
  [31;1m⨯[39;22m[90m [39m[90mvoter slugs lock users to elections[39m
  [31;1m⨯[39;22m[90m [39m[90mcodes maintain election and organization context[39m
  [31;1m⨯[39;22m[90m [39m[90mbelongs to tenant trait scopes queries[39m
  [31;1m⨯[39;22m[90m [39m[90mplatform organisation with id zero is recognized[39m
  [31;1m⨯[39;22m[90m [39m[90melection status field tracks state[39m
  [31;1m⨯[39;22m[90m [39m[90mmultiple elections per organization are supported[39m
  [31;1m⨯[39;22m[90m [39m[90muser with org id zero is platform user[39m
  [31;1m⨯[39;22m[90m [39m[90mvoter slug and election organisation must be consistent[39m
                                    
  [39;41;1m FAIL [39;49;22m[39m Tests\Feature\Consistency\TenantConsistencyTest[39m
  [31;1m⨯[39;22m[90m [39m[90mplatform election is accessible to all organisations[39m
  [31;1m⨯[39;22m[90m [39m[90morganisation election is only accessible to its own users[39m
  [31;1m⨯[39;22m[90m [39m[90mposts belong to correct organisation and election[39m
  [31;1m⨯[39;22m[90m [39m[90mcandidates belong to correct organisation and election[39m
  [31;1m⨯[39;22m[90m [39m[90mcodes are created with correct organisation and election[39m
  [31;1m⨯[39;22m[90m [39m[90mvoter slugs lock user to specific election[39m
  [31;1m⨯[39;22m[90m [39m[90mvotes are anonymous but maintain organisation and election context[39m
  [31;1m⨯[39;22m[90m [39m[90mresults aggregate votes correctly by organisation and election[39m
  [31;1m⨯[39;22m[90m [39m[90mcross organisation data is strictly isolated[39m
  [31;1m⨯[39;22m[90m [39m[90mmiddleware chain enforces organisation consistency[39m
  [31;1m⨯[39;22m[90m [39m[90mdatabase constraints prevent organisation mismatch[39m
  [31;1m⨯[39;22m[90m [39m[90mplatform user can access all organisations data[39m
                           
  [39;41;1m FAIL [39;49;22m[39m Tests\Feature\Consistency\TenantIsolationTest[39m
  [31;1m⨯[39;22m[90m [39m[90mplatform organisation exists with platform slug[39m[90m                                                             [39m [90m0.24s[39m  
  [31;1m⨯[39;22m[90m [39m[90mplatform elections have platform organisation id[39m[90m                                                            [39m [90m0.18s[39m  
  [31;1m⨯[39;22m[90m [39m[90melections have status field[39m[90m                                                                                 [39m [90m0.31s[39m  
  [31;1m⨯[39;22m[90m [39m[90mvoter slug has election id[39m[90m                                                                                  [39m [90m0.42s[39m  
  [31;1m⨯[39;22m[90m [39m[90mcode maintains election and org context[39m[90m                                                                     [39m [90m0.21s[39m  
  [32;1m✓[39;22m[90m [39m[90mmultiple organisations are isolated[39m[90m                                                                         [39m [90m0.21s[39m  
  [31;1m⨯[39;22m[90m [39m[90mvoter slug relationship to election exists[39m[90m                                                                  [39m [90m0.22s[39m  
  [31;1m⨯[39;22m[90m [39m[90mvoter slug is immutable to election[39m[90m                                                                         [39m [90m0.30s[39m  
  [31;1m⨯[39;22m[90m [39m[90mmultiple users can be assigned to different organisations[39m[90m                                                   [39m [90m0.25s[39m  
                                       
  [39;41;1m FAIL [39;49;22m[39m Tests\Feature\Console\ProcessElectionAutoTransitionsTest[39m
  [31;1m⨯[39;22m[90m [39m[90mtransitions to nomination when grace elapsed[39m[90m                                                                [39m [90m0.36s[39m  
  [32;1m✓[39;22m[90m [39m[90mskips transition when allow auto transition false[39m[90m                                                           [39m [90m0.25s[39m  
  [32;1m✓[39;22m[90m [39m[90mskips transition when grace not elapsed[39m[90m                                                                     [39m [90m0.36s[39m  
  [32;1m✓[39;22m[90m [39m[90mskips nomination transition when no posts or voters[39m[90m                                                         [39m [90m0.25s[39m  
  [32;1m✓[39;22m[90m [39m[90mtransitions to voting when nomination ended no pending candidates[39m[90m                                           [39m [90m0.33s[39m  
  [32;1m✓[39;22m[90m [39m[90mskips voting transition when pending candidates exist[39m[90m                                                       [39m [90m0.30s[39m  
  [32;1m✓[39;22m[90m [39m[90mskips voting transition when grace not elapsed[39m[90m                                                              [39m [90m0.22s[39m  
  [32;1m✓[39;22m[90m [39m[90mlocks voting when voting ended and not locked[39m[90m                                                               [39m [90m0.25s[39m  
  [32;1m✓[39;22m[90m [39m[90mdoes not lock voting when still active[39m[90m                                                                      [39m [90m0.23s[39m  
  [31;1m⨯[39;22m[90m [39m[90mcommand reports transition count[39m[90m                                                                            [39m [90m0.33s[39m  
  [32;1m✓[39;22m[90m [39m[90mcommand exits with 0[39m[90m                                                                                        [39m [90m0.33s[39m  
  [32;1m✓[39;22m[90m [39m[90mrespects auto transition grace days column[39m[90m                                                                  [39m [90m0.24s[39m  
  [32;1m✓[39;22m[90m [39m[90mrespects allow auto transition flag[39m[90m                                                                         [39m [90m0.22s[39m  
                                                   
  [39;41;1m FAIL [39;49;22m[39m Tests\Feature\Console\SetupDemoElectionTest[39m
  [31;1m⨯[39;22m[90m [39m[90mit creates demo election with slug parameter[39m[90m                                                                [39m [90m0.28s[39m  
  [31;1m⨯[39;22m[90m [39m[90mit creates demo election with id parameter[39m[90m                                                                  [39m [90m0.35s[39m  
  [32;1m✓[39;22m[90m [39m[90mit fails with nonexistent organisation[39m[90m                                                                      [39m [90m0.24s[39m  
  [31;1m⨯[39;22m[90m [39m[90mit creates national posts[39m[90m                                                                                   [39m [90m0.29s[39m  
  [31;1m⨯[39;22m[90m [39m[90mit creates regional posts[39m[90m                                                                                   [39m [90m0.34s[39m  
  [31;1m⨯[39;22m[90m [39m[90mit creates candidates for posts[39m[90m                                                                             [39m [90m0.36s[39m  
  [31;1m⨯[39;22m[90m [39m[90mit resets existing demo election with force flag[39m[90m                                                            [39m [90m0.39s[39m  
  [31;1m⨯[39;22m[90m [39m[90mit handles soft deleted election with clean flag[39m[90m                                                            [39m [90m0.29s[39m  
  [31;1m⨯[39;22m[90m [39m[90mit reuses existing demo election without force[39m[90m                                                              [39m [90m0.43s[39m  
  [31;1m⨯[39;22m[90m [39m[90mit sets election as active[39m[90m                                                                                  [39m [90m0.34s[39m  
  [31;1m⨯[39;22m[90m [39m[90mit creates posts with correct position order[39m[90m                                                                [39m [90m0.29s[39m  
  [31;1m⨯[39;22m[90m [39m[90mit creates unique candidate names[39m[90m                                                                           [39m [90m0.29s[39m  
  [31;1m⨯[39;22m[90m [39m[90mit scopes election to organisation[39m[90m                                                                          [39m [90m0.51s[39m  
  [31;1m⨯[39;22m[90m [39m[90mit handles soft deleted election without force[39m[90m                                                              [39m [90m0.33s[39m  
  [31;1m⨯[39;22m[90m [39m[90mit creates all regions with proper count[39m[90m                                                                    [39m [90m0.28s[39m  
  [31;1m⨯[39;22m[90m [39m[90mit creates correct candidate counts[39m[90m                                                                         [39m [90m0.27s[39m  
  [31;1m⨯[39;22m[90m [39m[90mit uses default organization publicdigit[39m[90m                                                                    [39m [90m0.31s[39m  
            
  [30;42;1m PASS [39;49;22m[39m Tests\Feature\Contexts\Elections\ElectionMembershipsMigrationTest[39m
  [32;1m✓[39;22m[90m [39m[90melection memberships table has deleted at column[39m[90m                                                            [39m [90m0.27s[39m  
  [32;1m✓[39;22m[90m [39m[90mpartial unique index allows same user election when first is soft deleted[39m[90m                                   [39m [90m0.31s[39m  
  [32;1m✓[39;22m[90m [39m[90mvoter can be assigned with only organisation user record no user org role[39m[90m                                   [39m [90m0.43s[39m  
  [32;1m✓[39;22m[90m [39m[90msoft deleted voter can be restored[39m[90m                                                                          [39m [90m0.36s[39m  
                        
  [30;42;1m PASS [39;49;22m[39m Tests\Feature\Contexts\Elections\EloquentVoterEligibilityQueryServiceTest[39m
  [32;1m✓[39;22m[90m [39m[90melection only user qualifies[39m[90m                                                                                [39m [90m0.37s[39m  
  [32;1m✓[39;22m[90m [39m[90melection only inactive user rejected[39m[90m                                                                        [39m [90m0.40s[39m  
  [32;1m✓[39;22m[90m [39m[90melection only user not in organisation[39m[90m                                                                      [39m [90m0.29s[39m  
  [32;1m✓[39;22m[90m [39m[90melection only soft deleted user rejected[39m[90m                                                                    [39m [90m0.26s[39m  
  [32;1m✓[39;22m[90m [39m[90mfull membership valid voter accepted[39m[90m                                                                        [39m [90m0.65s[39m  
  [32;1m✓[39;22m[90m [39m[90mfull membership no member record rejected[39m[90m                                                                   [39m [90m0.40s[39m  
  [32;1m✓[39;22m[90m [39m[90mfull membership unpaid fees rejected[39m[90m                                                                        [39m [90m0.38s[39m  
  [32;1m✓[39;22m[90m [39m[90mtenant isolation respected[39m[90m                                                                                  [39m [90m0.52s[39m  
                  
  [30;42;1m PASS [39;49;22m[39m Tests\Feature\Contexts\Elections\EloquentVoterRepositoryTest[39m
  [32;1m✓[39;22m[90m [39m[90mfind with trashed finds soft deleted membership[39m[90m                                                             [39m [90m0.55s[39m  
  [32;1m✓[39;22m[90m [39m[90mfind with trashed returns null for non existent[39m[90m                                                             [39m [90m0.49s[39m  
  [32;1m✓[39;22m[90m [39m[90mcreate inserts new membership[39m[90m                                                                               [39m [90m0.41s[39m  
  [32;1m✓[39;22m[90m [39m[90mrestore and update undeletes and updates row[39m[90m                                                                [39m [90m0.41s[39m  
  [32;1m✓[39;22m[90m [39m[90mexisting voter ids excludes soft deleted rows[39m[90m                                                               [39m [90m0.53s[39m  
  [32;1m✓[39;22m[90m [39m[90mbulk insert creates multiple records[39m[90m                                                                        [39m [90m0.89s[39m  
                                 
  [39;41;1m FAIL [39;49;22m[39m Tests\Feature\Contexts\Membership\CommitteeAssociationRepositoryTest[39m
  [31;1m⨯[39;22m[90m [39m[90massociation has explicit identity[39m[90m                                                                           [39m [90m0.45s[39m  
  [31;1m⨯[39;22m[90m [39m[90mmember cannot have two active associations for same committee[39m[90m                                               [39m [90m0.28s[39m  
  [31;1m⨯[39;22m[90m [39m[90mterminated association remains queryable in history[39m[90m                                                         [39m [90m0.47s[39m  
  [31;1m⨯[39;22m[90m [39m[90mmember can reapply after termination creating new association[39m[90m                                               [39m [90m0.31s[39m  
  [31;1m⨯[39;22m[90m [39m[90msuspended association can be reactivated[39m[90m                                                                    [39m [90m0.31s[39m  
  [31;1m⨯[39;22m[90m [39m[90mterminated association cannot be reactivated[39m[90m                                                                [39m [90m0.31s[39m  
  [31;1m⨯[39;22m[90m [39m[90msuspension requires actor and reason[39m[90m                                                                        [39m [90m0.29s[39m  
  [31;1m⨯[39;22m[90m [39m[90mtermination requires actor and reason[39m[90m                                                                       [39m [90m0.29s[39m  
  [31;1m⨯[39;22m[90m [39m[90monly active association grants voting rights[39m[90m                                                                [39m [90m0.30s[39m  
  [31;1m⨯[39;22m[90m [39m[90mtenant isolation prevents cross tenant read[39m[90m                                                                 [39m [90m0.37s[39m  
  [31;1m⨯[39;22m[90m [39m[90mcommittee query does not leak cross tenant associations[39m[90m                                                     [39m [90m0.26s[39m  
                        
  [39;41;1m FAIL [39;49;22m[39m Tests\Feature\Contexts\Membership\CommitteeMembershipApplicationTest[39m
  [31;1m⨯[39;22m[90m [39m[90mapply for committee membership residence success[39m[90m                                                            [39m [90m0.36s[39m  
  [31;1m⨯[39;22m[90m [39m[90mapply for committee membership exception with justification[39m[90m                                                 [39m [90m0.36s[39m  
  [31;1m⨯[39;22m[90m [39m[90mapply for committee membership exception without justification[39m[90m                                              [39m [90m0.40s[39m  
  [31;1m⨯[39;22m[90m [39m[90mapply for committee membership manual[39m[90m                                                                       [39m [90m0.37s[39m  
  [31;1m⨯[39;22m[90m [39m[90mreview application approve[39m[90m                                                                                  [39m [90m0.37s[39m  
  [31;1m⨯[39;22m[90m [39m[90mreview application reject[39m[90m                                                                                   [39m [90m0.47s[39m  
  [32;1m✓[39;22m[90m [39m[90mapply without authentication[39m[90m                                                                                [39m [90m0.44s[39m  
  [32;1m✓[39;22m[90m [39m[90mapply without verified email[39m[90m                                                                                [39m [90m0.56s[39m  
               
  [39;41;1m FAIL [39;49;22m[39m Tests\Feature\Contribution\ContributionPointsServiceTest[39m
  [32;1m✓[39;22m[90m [39m[90mit calculates points and writes to ledger[39m[90m                                                                   [39m [90m0.43s[39m  
  [32;1m✓[39;22m[90m [39m[90mweekly cap is enforced across multiple contributions[39m[90m                                                        [39m [90m0.48s[39m  
  [32;1m✓[39;22m[90m [39m[90mit returns zero points when weekly cap already reached[39m[90m                                                      [39m [90m1.38s[39m  
  [32;1m✓[39;22m[90m [39m[90mnon micro tracks are not subject to weekly cap[39m[90m                                                              [39m [90m0.34s[39m  
  [31;1m⨯[39;22m[90m [39m[90mget weekly points sums only current week earned entries[39m
               
  [39;41;1m FAIL [39;49;22m[39m Tests\Feature\Contribution\LeaderboardServiceTest[39m
  [31;1m⨯[39;22m[90m [39m[90mpublic users appear with real name[39m
  [31;1m⨯[39;22m[90m [39m[90manonymous users appear as contributor number[39m
  [31;1m⨯[39;22m[90m [39m[90mprivate users are excluded from leaderboard[39m
  [31;1m⨯[39;22m[90m [39m[90mleaderboard is sorted by total points descending[39m[90m                                                            [39m [90m0.30s[39m  
  [31;1m⨯[39;22m[90m [39m[90mleaderboard is scoped to organisation[39m[90m                                                                       [39m [90m0.37s[39m  

  [30;42;1m PASS [39;49;22m[39m Tests\Feature\Contribution\PointsCalculatorTest[39m
  [32;1m✓[39;22m[90m [39m[90mmicro track contribution calculates correctly[39m[90m                                                               [39m [90m0.01s[39m  
  [32;1m✓[39;22m[90m [39m[90mweekly cap enforces on micro track[39m
  [32;1m✓[39;22m[90m [39m[90mstandard track with photo verification[39m
  [32;1m✓[39;22m[90m [39m[90mmajor track with institutional verification and recurring bonus[39m
  [32;1m✓[39;22m[90m [39m[90msynergy multiplier rewards unique skills[39m
  [32;1m✓[39;22m[90m [39m[90mmultiplier cap prevents explosion[39m
  [32;1m✓[39;22m[90m [39m[90mdiminishing returns applies after 20 hours[39m
  [32;1m✓[39;22m[90m [39m[90mcommunity attestation provides grassroots alternative[39m
  [32;1m✓[39;22m[90m [39m[90mpoints are stored as integers[39m
         
  [39;41;1m FAIL [39;49;22m[39m Tests\Feature\DatabaseIntegrityTest[39m
  [31;1m⨯[39;22m[90m [39m[90mcannot hard delete organisation with active users[39m[90m                                                           [39m [90m0.30s[39m  
  [31;1m⨯[39;22m[90m [39m[90mcan hard delete organisation without users[39m[90m                                                                  [39m [90m0.24s[39m  
  [32;1m✓[39;22m[90m [39m[90mcannot create user with invalid organisation[39m[90m                                                                [39m [90m0.24s[39m  
   
  [39;41;1m FAIL [39;49;22m[39m Tests\Feature\DebugCandidacyTest[39m
  [31;1m⨯[39;22m[90m [39m[90mdebug 403[39m[90m                                                                                                   [39m [90m0.27s[39m  
         
  [39;41;1m FAIL [39;49;22m[39m Tests\Feature\DebugUserFactoryTest[39m
  [32;1m✓[39;22m[90m [39m[90mcan create user with factory[39m[90m                                                                                [39m [90m0.37s[39m  
  [31;1m⨯[39;22m[90m [39m[90mcan create user in database[39m[90m                                                                                 [39m [90m0.30s[39m  
  [31;1m⨯[39;22m[90m [39m[90mcan create user with factory and save[39m[90m                                                                       [39m [90m0.30s[39m  
      
  [30;42;1m PASS [39;49;22m[39m Tests\Feature\DeleteAccountTest[39m
  [32;1m✓[39;22m[90m [39m[90muser accounts can be deleted[39m[90m                                                                                [39m [90m0.48s[39m  
  [32;1m✓[39;22m[90m [39m[90mcorrect password must be provided before account can be deleted[39m[90m                                             [39m [90m0.61s[39m  
                                                   
  [39;41;1m FAIL [39;49;22m[39m Tests\Feature\DemoAndRealElectionVotingTest[39m
  [31;1m⨯[39;22m[90m [39m[90mdemo vote verification code is generated on save[39m
  [31;1m⨯[39;22m[90m [39m[90mdemo vote can be verified by verification code[39m
  [31;1m⨯[39;22m[90m [39m[90mdemo vote verification code is unique per vote[39m
  [31;1m⨯[39;22m[90m [39m[90mdemo election allows multiple votes per user[39m
  [31;1m⨯[39;22m[90m [39m[90mdemo votes are stored separately from real votes[39m
  [31;1m⨯[39;22m[90m [39m[90mreal election blocks second vote[39m
  [31;1m⨯[39;22m[90m [39m[90mreal election vote has no verification code at save[39m
  [31;1m⨯[39;22m[90m [39m[90mreal vote verification uses email based code[39m
  [31;1m⨯[39;22m[90m [39m[90mdemo election voter progresses through 5 steps[39m
  [31;1m⨯[39;22m[90m [39m[90mdemo and real elections have separate voter slugs[39m
  [31;1m⨯[39;22m[90m [39m[90mdemo vote verification code can be copied and pasted[39m
  [31;1m⨯[39;22m[90m [39m[90mdemo vote verification code format is hex 32 chars[39m
  [31;1m⨯[39;22m[90m [39m[90mdemo election type is correctly identified[39m
  [31;1m⨯[39;22m[90m [39m[90mreal election type is correctly identified[39m
  [31;1m⨯[39;22m[90m [39m[90mvotes belong to correct election type[39m
  [31;1m⨯[39;22m[90m [39m[90mdemo vote stores all candidate selections[39m
  [31;1m⨯[39;22m[90m [39m[90mdemo vote no vote option is stored correctly[39m
   
  [39;41;1m FAIL [39;49;22m[39m Tests\Feature\DemoCandidateCreationTest[39m
  [31;1m⨯[39;22m[90m [39m[90morg admin can create custom demo candidates[39m[90m                                                                 [39m [90m0.50s[39m  
                        
  [39;41;1m FAIL [39;49;22m[39m Tests\Feature\DemoElectionSetupTest[39m
  [31;1m⨯[39;22m[90m [39m[90mdemo setup creates demo election[39m[90m                                                                            [39m [90m0.50s[39m  
  [31;1m⨯[39;22m[90m [39m[90mdemo setup creates three posts[39m[90m                                                                              [39m [90m0.53s[39m  
  [31;1m⨯[39;22m[90m [39m[90mdemo setup creates nine demo candidates[39m[90m                                                                     [39m [90m0.76s[39m  
  [31;1m⨯[39;22m[90m [39m[90mdemo candidates have all required fields[39m[90m                                                                    [39m [90m0.66s[39m  
  [31;1m⨯[39;22m[90m [39m[90mdemo candidates accessible through posts[39m[90m                                                                    [39m [90m0.88s[39m  
  [31;1m⨯[39;22m[90m [39m[90mdemo setup force flag replaces existing[39m[90m                                                                     [39m [90m0.61s[39m  
  [31;1m⨯[39;22m[90m [39m[90mdemo election ready for voting[39m[90m                                                                              [39m [90m0.65s[39m  
  [31;1m⨯[39;22m[90m [39m[90mdemo candidates queryable for voting form[39m[90m                                                                   [39m [90m0.67s[39m  
                                                   
  [39;41;1m FAIL [39;49;22m[39m Tests\Feature\DemoMirrorSystemTest[39m
  [31;1m⨯[39;22m[90m [39m[90mdemo code creation page accessible[39m[90m                                                                          [39m [90m0.67s[39m  
  [32;1m✓[39;22m[90m [39m[90mdemo code created on first access[39m[90m                                                                           [39m [90m0.66s[39m  
  [31;1m⨯[39;22m[90m [39m[90mdemo code verification succeeds[39m[90m                                                                             [39m [90m0.84s[39m  
  [32;1m✓[39;22m[90m [39m[90mdemo code verification fails with wrong code[39m[90m                                                                [39m [90m0.73s[39m  
  [32;1m✓[39;22m[90m [39m[90mdemo agreement acceptance[39m[90m                                                                                   [39m [90m0.82s[39m  
  [32;1m✓[39;22m[90m [39m[90mdemo allows revoting[39m[90m                                                                                        [39m [90m0.97s[39m  
  [31;1m⨯[39;22m[90m [39m[90mdemo allows users without can vote permission[39m[90m                                                               [39m [90m1.01s[39m  
  [32;1m✓[39;22m[90m [39m[90mdemo uses demo models not real models[39m[90m                                                                       [39m [90m0.68s[39m  
  [32;1m✓[39;22m[90m [39m[90mdemo mode indicator in create page[39m[90m                                                                          [39m [90m0.90s[39m  
  [32;1m✓[39;22m[90m [39m[90mdemo code expiration resends new code[39m[90m                                                                       [39m [90m0.81s[39m  
  [31;1m⨯[39;22m[90m [39m[90mdemo prevents code reuse after verification[39m[90m                                                                 [39m [90m1.02s[39m  
  [32;1m✓[39;22m[90m [39m[90mdemo has no ip rate limiting[39m[90m                                                                                [39m [90m1.92s[39m  
  [31;1m⨯[39;22m[90m [39m[90mdemo data isolated to demo tables[39m[90m                                                                           [39m [90m0.60s[39m  
  [31;1m⨯[39;22m[90m [39m[90mreal elections still enforce can vote[39m[90m                                                                       [39m [90m0.55s[39m  
  [31;1m⨯[39;22m[90m [39m[90mdemo and real elections use separate tables[39m[90m                                                                 [39m [90m0.54s[39m  
  [31;1m⨯[39;22m[90m [39m[90mdemo agreement page accessible[39m[90m                                                                              [39m [90m0.40s[39m  
  [31;1m⨯[39;22m[90m [39m[90mdemo agreement page blocks unverified[39m[90m                                                                       [39m [90m0.61s[39m  
               
  [39;41;1m FAIL [39;49;22m[39m Tests\Feature\DemoModeTest[39m
  [31;1m⨯[39;22m[90m [39m[90mmode1 demo works without organisation[39m
  [31;1m⨯[39;22m[90m [39m[90mmode2 tenant works with organisation[39m
  [31;1m⨯[39;22m[90m [39m[90mmode1 and mode2 are isolated[39m
  [31;1m⨯[39;22m[90m [39m[90mtenant helper functions[39m
  [31;1m⨯[39;22m[90m [39m[90mvote anonymity preserved in both modes[39m
                                    
  [39;41;1m FAIL [39;49;22m[39m Tests\Feature\DemoResultPageTest[39m
  [31;1m⨯[39;22m[90m [39m[90many authenticated user can access mode1[39m
  [31;1m⨯[39;22m[90m [39m[90munauthenticated user cannot access mode1[39m
  [31;1m⨯[39;22m[90m [39m[90mmode2 requires organisation context[39m[90m                                                                         [39m [90m0.39s[39m  
  [31;1m⨯[39;22m[90m [39m[90mmode2 filters data by organisation[39m[90m                                                                          [39m [90m0.38s[39m  
  [31;1m⨯[39;22m[90m [39m[90mmode1 and mode2 have different data[39m[90m                                                                         [39m [90m0.39s[39m  
  [31;1m⨯[39;22m[90m [39m[90mpage displays mode indicator[39m[90m                                                                                [39m [90m0.44s[39m  
  [31;1m⨯[39;22m[90m [39m[90mmode2 displays correct title[39m[90m                                                                                [39m [90m0.40s[39m  
  [31;1m⨯[39;22m[90m [39m[90mempty results page displays correctly[39m[90m                                                                       [39m [90m0.73s[39m  
  [31;1m⨯[39;22m[90m [39m[90mhandles large dataset efficiently[39m[90m                                                                           [39m [90m0.99s[39m  
  [31;1m⨯[39;22m[90m [39m[90mvote percentage calculated correctly[39m[90m                                                                        [39m [90m0.57s[39m  
  [31;1m⨯[39;22m[90m [39m[90mcandidates sorted by votes[39m[90m                                                                                  [39m [90m0.53s[39m  
  [31;1m⨯[39;22m[90m [39m[90mis demo flag is set[39m[90m                                                                                         [39m [90m0.57s[39m  
                  
  [39;41;1m FAIL [39;49;22m[39m Tests\Feature\DemoSetupApiTest[39m
  [31;1m⨯[39;22m[90m [39m[90morganisation member can trigger demo setup[39m
  [31;1m⨯[39;22m[90m [39m[90mnon member cannot trigger demo setup[39m
  [31;1m⨯[39;22m[90m [39m[90munauthenticated user cannot trigger demo setup[39m
  [31;1m⨯[39;22m[90m [39m[90mdemo setup returns stats after success[39m
  [31;1m⨯[39;22m[90m [39m[90mapi accepts force parameter[39m
  [31;1m⨯[39;22m[90m [39m[90morganization voter can trigger demo setup[39m
                     
  [39;41;1m FAIL [39;49;22m[39m Tests\Feature\DemoSetupCommandTest[39m
  [31;1m⨯[39;22m[90m [39m[90mdemo setup command works in mode1[39m[90m                                                                           [39m [90m0.76s[39m  
  [31;1m⨯[39;22m[90m [39m[90mdemo setup command works in mode2 with explicit org[39m[90m                                                         [39m [90m0.53s[39m  
  [32;1m✓[39;22m[90m [39m[90mdemo setup command works in mode2 with session context[39m[90m                                                      [39m [90m0.58s[39m  
  [32;1m✓[39;22m[90m [39m[90mdemo setup force option recreates data[39m[90m                                                                      [39m [90m0.71s[39m  
  [31;1m⨯[39;22m[90m [39m[90mdemo setup creates correct number of records[39m[90m                                                                [39m [90m0.60s[39m  
  [31;1m⨯[39;22m[90m [39m[90mdemo setup mode1 and mode2 data are isolated[39m[90m                                                                [39m [90m0.85s[39m  
  [31;1m⨯[39;22m[90m [39m[90mdemo setup clean option deletes without confirmation[39m[90m                                                        [39m [90m0.96s[39m  
      
  [39;41;1m FAIL [39;49;22m[39m Tests\Feature\DemoVoteCompleteFlowTest[39m
  [31;1m⨯[39;22m[90m [39m[90mcomplete demo voting flow mode1[39m[90m                                                                             [39m [90m0.46s[39m  
  [31;1m⨯[39;22m[90m [39m[90mcomplete demo voting flow mode2[39m[90m                                                                             [39m [90m0.47s[39m  
   
  [39;41;1m FAIL [39;49;22m[39m Tests\Feature\DemoVoteIsolationTest[39m
  [31;1m⨯[39;22m[90m [39m[90mmode1 and mode2 data are completely isolated[39m[90m                                                                [39m [90m0.37s[39m  
   
  [39;41;1m FAIL [39;49;22m[39m Tests\Feature\DemoVoteMode1Test[39m
  [31;1m⨯[39;22m[90m [39m[90mmode1 public demo allows voting without org[39m[90m                                                                 [39m [90m0.43s[39m  
   
  [39;41;1m FAIL [39;49;22m[39m Tests\Feature\DemoVoteMode2Test[39m
  [31;1m⨯[39;22m[90m [39m[90mmode2 org demo only shows org specific data[39m[90m                                                                 [39m [90m0.46s[39m  
                     
  [39;41;1m FAIL [39;49;22m[39m Tests\Feature\DemoVoteOrganisationTest[39m
  [31;1m⨯[39;22m[90m [39m[90mmode1 demo vote gets null organisation id[39m
  [31;1m⨯[39;22m[90m [39m[90mmode2 demo vote gets organisation id when user has org[39m
  [31;1m⨯[39;22m[90m [39m[90mmode2 demo result gets organisation id[39m
  [31;1m⨯[39;22m[90m [39m[90morg1 demo votes are isolated from org2[39m
  [31;1m⨯[39;22m[90m [39m[90mmode1 and mode2 demo votes are isolated[39m
  [31;1m⨯[39;22m[90m [39m[90mdemo vote respects explicit organisation id[39m
  [31;1m⨯[39;22m[90m [39m[90mcomplete demo to real workflow with organisation[39m
                  
  [39;41;1m FAIL [39;49;22m[39m Tests\Feature\DemoVoteVerificationCodeTest[39m
  [31;1m⨯[39;22m[90m [39m[90mgenerated verification code matches stored code[39m[90m                                                             [39m [90m0.44s[39m  
  [31;1m⨯[39;22m[90m [39m[90mlookup demo vote by verification code finds vote[39m[90m                                                            [39m [90m0.41s[39m  
  [31;1m⨯[39;22m[90m [39m[90mwhitespace handling in verification code[39m[90m                                                                    [39m [90m0.44s[39m  
  [31;1m⨯[39;22m[90m [39m[90mretrieved code matches stored code exactly[39m[90m                                                                  [39m [90m0.52s[39m  
  [31;1m⨯[39;22m[90m [39m[90mnon existent verification code returns null[39m
  [31;1m⨯[39;22m[90m [39m[90mverification code format with underscore and number[39m
            
  [39;41;1m FAIL [39;49;22m[39m Tests\Feature\Demo\AgreementSubmissionTest[39m
  [31;1m⨯[39;22m[90m [39m[90muser can access agreement page[39m
  [31;1m⨯[39;22m[90m [39m[90muser can submit agreement form[39m
  [31;1m⨯[39;22m[90m [39m[90magreement submission redirects to vote page[39m
  [31;1m⨯[39;22m[90m [39m[90magreement submission marks code as agreed[39m
            
  [39;41;1m FAIL [39;49;22m[39m Tests\Feature\Demo\CircularRedirectFixTest[39m
  [31;1m⨯[39;22m[90m [39m[90mstep not reset when user mid voting[39m
  [31;1m⨯[39;22m[90m [39m[90mstep reset when user completed voting[39m
  [31;1m⨯[39;22m[90m [39m[90mcode not regenerated when mid voting[39m
  [31;1m⨯[39;22m[90m [39m[90mall three code states[39m
         
  [39;41;1m FAIL [39;49;22m[39m Tests\Feature\Demo\CodeCreatePageTest[39m
  [31;1m⨯[39;22m[90m [39m[90muser can access demo code create page[39m
  [31;1m⨯[39;22m[90m [39m[90minvalid voter slug returns 404[39m
  [31;1m⨯[39;22m[90m [39m[90mcode is generated on page access[39m
         
  [39;41;1m FAIL [39;49;22m[39m Tests\Feature\Demo\DemoVoteControllerCandidateOrderingTest[39m
  [31;1m⨯[39;22m[90m [39m[90mdemo candidates are ordered by position order[39m
  [31;1m⨯[39;22m[90m [39m[90mdemo candidacy position order stores correctly[39m
  [32;1m✓[39;22m[90m [39m[90mdemo candidacy fillable includes position order[39m[90m                                                             [39m [90m0.70s[39m  
                           
  [39;41;1m FAIL [39;49;22m[39m Tests\Feature\Demo\DemoVoteControllerCreateTest[39m
  [31;1m⨯[39;22m[90m [39m[90mposts grouped into national regional[39m[90m                                                                        [39m [90m0.99s[39m  
  [31;1m⨯[39;22m[90m [39m[90mnational posts have correct structure[39m[90m                                                                       [39m [90m1.60s[39m  
  [31;1m⨯[39;22m[90m [39m[90mregional posts filtered by user region[39m[90m                                                                      [39m [90m1.69s[39m  
  [31;1m⨯[39;22m[90m [39m[90mcandidates ordered by position order[39m[90m                                                                        [39m [90m0.80s[39m  
  [31;1m⨯[39;22m[90m [39m[90mcandidate has required fields[39m[90m                                                                               [39m [90m0.53s[39m  
  [31;1m⨯[39;22m[90m [39m[90mno regional posts when user has no region[39m[90m                                                                   [39m [90m0.62s[39m  
  [31;1m⨯[39;22m[90m [39m[90mkandidatenname kommt aus kandidat nicht vom login user[39m[90m                                                      [39m [90m0.64s[39m  
  [31;1m⨯[39;22m[90m [39m[90mregionale posts zeigen korrekten kandidatennamen[39m[90m                                                            [39m [90m0.76s[39m  
  [31;1m⨯[39;22m[90m [39m[90mkandidat ohne user id benutzt name als fallback[39m[90m                                                             [39m [90m1.07s[39m  
               
  [39;41;1m FAIL [39;49;22m[39m Tests\Feature\Demo\DeviceDuplicateDetectionTest[39m
  [32;1m✓[39;22m[90m [39m[90mdevice fingerprint service exists[39m[90m                                                                           [39m [90m0.66s[39m  
  [33;1m…[39;22m[90m [39m[90mhas device voted returns false for new device[39m[90m [39m[33m→ Implement DeviceFingerprintService first[39m[90m                    [39m [90m0.58s[39m  
  [33;1m…[39;22m[90m [39m[90mhas device voted returns true after vote[39m[90m [39m[33m→ Implement DeviceFingerprintService first[39m[90m                         [39m [90m0.50s[39m  
  [33;1m…[39;22m[90m [39m[90msame device different election returns false[39m[90m [39m[33m→ Implement DeviceFingerprintService first[39m[90m                     [39m [90m0.54s[39m  
  [31;1m⨯[39;22m[90m [39m[90mmultiple vote attempts from same device detected[39m[90m                                                            [39m [90m0.48s[39m  
                        
  [39;41;1m FAIL [39;49;22m[39m Tests\Feature\Demo\EndpointRoutingTest[39m
  [31;1m⨯[39;22m[90m [39m[90mdemo routes are different from real routes[39m
  [31;1m⨯[39;22m[90m [39m[90mslug demo routes differ from slug real routes[39m
  [31;1m⨯[39;22m[90m [39m[90mall demo routes are registered[39m
  [31;1m⨯[39;22m[90m [39m[90mdemo code routes exist and differ[39m
  [31;1m⨯[39;22m[90m [39m[90mslug parameters in routes[39m
  [31;1m⨯[39;22m[90m [39m[90mdemo submit differs from real[39m
  [31;1m⨯[39;22m[90m [39m[90mdemo verify differs from real[39m
  [31;1m⨯[39;22m[90m [39m[90mcomplete flow routes[39m
               
  [39;41;1m FAIL [39;49;22m[39m Tests\Feature\Demo\ExpiredCodeRestartTest[39m
  [32;1m✓[39;22m[90m [39m[90mexpired voting window bypasses agreement redirect on demo code create[39m[90m                                       [39m [90m0.44s[39m  
  [31;1m⨯[39;22m[90m [39m[90mexpired voting window on vote create redirects to code create[39m[90m                                               [39m [90m0.38s[39m  
  [31;1m⨯[39;22m[90m [39m[90mmiddleware resets can vote now when window expires[39m[90m                                                          [39m [90m0.42s[39m  
  [31;1m⨯[39;22m[90m [39m[90mvalid code still redirects to agreement from demo code create[39m[90m                                               [39m [90m0.56s[39m  
  [31;1m⨯[39;22m[90m [39m[90mvote pre check detects expired window and returns code create[39m[90m                                               [39m [90m0.48s[39m  
                     
  [39;41;1m FAIL [39;49;22m[39m Tests\Feature\Demo\FormSubmissionEndpointTest[39m
  [31;1m⨯[39;22m[90m [39m[90mdemo voting page includes election data[39m
  [31;1m⨯[39;22m[90m [39m[90mdemo election form submits to demo endpoint[39m
  [31;1m⨯[39;22m[90m [39m[90mdemo election slug form submits to slug demo endpoint[39m
  [31;1m⨯[39;22m[90m [39m[90mdemo election form fails on wrong endpoint[39m
  [31;1m⨯[39;22m[90m [39m[90mcomponent receives election prop[39m
  [31;1m⨯[39;22m[90m [39m[90mcomplete demo voting form flow[39m
  [31;1m⨯[39;22m[90m [39m[90mendpoint routing consistency[39m
                           
  [30;42;1m PASS [39;49;22m[39m Tests\Feature\Demo\MarkCodeAsVerifiedTest[39m
  [32;1m✓[39;22m[90m [39m[90msimple mode code1 usable remains one after entry[39m[90m                                                            [39m [90m0.27s[39m  
  [32;1m✓[39;22m[90m [39m[90msimple mode code1 can be used twice[39m[90m                                                                         [39m [90m0.36s[39m  
  [32;1m✓[39;22m[90m [39m[90msimple mode client ip recorded[39m[90m                                                                              [39m [90m0.43s[39m  
  [32;1m✓[39;22m[90m [39m[90mstrict mode code1 usable set to zero[39m[90m                                                                        [39m [90m0.25s[39m  
  [32;1m✓[39;22m[90m [39m[90mstrict mode code2 remains usable[39m[90m                                                                            [39m [90m0.27s[39m  
  [32;1m✓[39;22m[90m [39m[90mstrict mode code2 marked after vote submission[39m[90m                                                              [39m [90m0.34s[39m  
  [32;1m✓[39;22m[90m [39m[90msimple vs strict code usage pattern[39m[90m                                                                         [39m [90m0.52s[39m  
  [32;1m✓[39;22m[90m [39m[90mcomplete state transition sequence[39m[90m                                                                          [39m [90m0.63s[39m  
  [32;1m✓[39;22m[90m [39m[90mcode cannot be verified twice[39m[90m                                                                               [39m [90m0.46s[39m  
                                 
  [39;41;1m FAIL [39;49;22m[39m Tests\Feature\Demo\MarkUserAsVotedTest[39m
  [32;1m✓[39;22m[90m [39m[90msimple mode code1 usable set to zero after vote[39m[90m                                                             [39m [90m0.63s[39m  
  [32;1m✓[39;22m[90m [39m[90msimple mode can vote now disabled[39m[90m                                                                           [39m [90m0.74s[39m  
  [31;1m⨯[39;22m[90m [39m[90msimple mode code to save vote used at tracks vote time[39m[90m                                                      [39m [90m0.79s[39m  
  [32;1m✓[39;22m[90m [39m[90msimple mode vote submitted at set[39m[90m                                                                           [39m [90m0.68s[39m  
  [32;1m✓[39;22m[90m [39m[90msimple mode code2 usable set to false[39m[90m                                                                       [39m [90m0.78s[39m  
  [32;1m✓[39;22m[90m [39m[90mstrict mode code2 usable set to zero[39m[90m                                                                        [39m [90m0.73s[39m  
  [32;1m✓[39;22m[90m [39m[90mstrict mode both codes exhausted[39m[90m                                                                            [39m [90m0.82s[39m  
  [32;1m✓[39;22m[90m [39m[90mcomplete simple mode flow[39m[90m                                                                                   [39m [90m0.73s[39m  
  [32;1m✓[39;22m[90m [39m[90mcomplete strict mode flow[39m[90m                                                                                   [39m [90m0.76s[39m  
  [32;1m✓[39;22m[90m [39m[90muser cannot vote twice[39m[90m                                                                                      [39m [90m0.70s[39m  
  [31;1m⨯[39;22m[90m [39m[90mtiming recorded between steps[39m[90m                                                                               [39m [90m0.95s[39m  
            
  [30;42;1m PASS [39;49;22m[39m Tests\Feature\Demo\OrgDemoVotePersistenceTest[39m
  [32;1m✓[39;22m[90m [39m[90mdemo vote organisation id uses election when session absent[39m[90m                                                 [39m [90m0.76s[39m  
  [32;1m✓[39;22m[90m [39m[90mdemo result organisation id uses election when session absent[39m[90m                                               [39m [90m0.57s[39m  
  [32;1m✓[39;22m[90m [39m[90mdemo vote uses session organisation when present[39m[90m                                                            [39m [90m0.49s[39m  
  [32;1m✓[39;22m[90m [39m[90mdemo votes are never null for org demo elections[39m[90m                                                            [39m [90m0.73s[39m  
                                       
  [39;41;1m FAIL [39;49;22m[39m Tests\Feature\Demo\PublicDemoFlowTest[39m
  [31;1m⨯[39;22m[90m [39m[90manonymous visitor can start public demo[39m[90m                                                                     [39m [90m0.97s[39m  
  [32;1m✓[39;22m[90m [39m[90msame session reuses existing demo session[39m[90m                                                                   [39m [90m0.52s[39m  
  [32;1m✓[39;22m[90m [39m[90mstep1 renders code entry page with code displayed[39m[90m                                                           [39m [90m0.52s[39m  
  [31;1m⨯[39;22m[90m [39m[90mstep1 accepts the displayed code and advances[39m[90m                                                               [39m [90m0.60s[39m  
  [31;1m⨯[39;22m[90m [39m[90mstep1 rejects wrong code[39m[90m                                                                                    [39m [90m0.67s[39m  
  [32;1m✓[39;22m[90m [39m[90mstep2 renders agreement page[39m[90m                                                                                [39m [90m0.60s[39m  
  [31;1m⨯[39;22m[90m [39m[90mstep2 agreement accepted advances to vote[39m[90m                                                                   [39m [90m0.68s[39m  
  [31;1m⨯[39;22m[90m [39m[90mstep3 renders vote page[39m[90m                                                                                     [39m [90m0.65s[39m  
  [31;1m⨯[39;22m[90m [39m[90mstep3 vote saved and advances to verify[39m[90m                                                                     [39m [90m0.83s[39m  
  [32;1m✓[39;22m[90m [39m[90mstep4 renders verify page[39m[90m                                                                                   [39m [90m0.65s[39m  
  [31;1m⨯[39;22m[90m [39m[90mstep4 final submit records vote and advances[39m[90m                                                                [39m [90m0.99s[39m  
  [32;1m✓[39;22m[90m [39m[90mstep5 thank you page renders[39m[90m                                                                                [39m [90m0.66s[39m  
  [31;1m⨯[39;22m[90m [39m[90mtwo independent sessions get isolated demo sessions[39m[90m                                                         [39m [90m0.61s[39m  
         
  [30;42;1m PASS [39;49;22m[39m Tests\Feature\Demo\PublicDemoResultsTest[39m
  [32;1m✓[39;22m[90m [39m[90mpublic demo results route is defined[39m[90m                                                                        [39m [90m0.62s[39m  
  [32;1m✓[39;22m[90m [39m[90mit renders the inertia index with calculated aggregates[39m[90m                                                     [39m [90m0.56s[39m  
  [32;1m✓[39;22m[90m [39m[90mit redirects to guide if election is inactive[39m[90m                                                               [39m [90m0.53s[39m  
   
  [30;42;1m PASS [39;49;22m[39m Tests\Feature\Demo\SimpleTest[39m
  [32;1m✓[39;22m[90m [39m[90mcan create user[39m[90m                                                                                             [39m [90m0.49s[39m  
               
  [39;41;1m FAIL [39;49;22m[39m Tests\Feature\Demo\VoteAnonymityTest[39m
  [31;1m⨯[39;22m[90m [39m[90mvote hash uses code id not user id[39m
  [31;1m⨯[39;22m[90m [39m[90mdemo vote table has no user id column[39m
  [31;1m⨯[39;22m[90m [39m[90mdifferent votes produce different hashes[39m
  [31;1m⨯[39;22m[90m [39m[90mvote hash is irreversible[39m
  [31;1m⨯[39;22m[90m [39m[90mvote results contain no user id[39m
                                    
  [39;41;1m FAIL [39;49;22m[39m Tests\Feature\Demo\VotePreCheckTest[39m
  [31;1m⨯[39;22m[90m [39m[90msimple mode code1 not entered redirects to code create[39m
  [31;1m⨯[39;22m[90m [39m[90msimple mode code1 entered allows vote[39m
  [31;1m⨯[39;22m[90m [39m[90msimple mode code already used blocks vote[39m
  [31;1m⨯[39;22m[90m [39m[90msimple mode missing code1 sent redirects[39m
  [31;1m⨯[39;22m[90m [39m[90msimple mode voting window expired[39m
  [31;1m⨯[39;22m[90m [39m[90mstrict mode code1 used awaiting code2[39m
  [31;1m⨯[39;22m[90m [39m[90mstrict mode code1 not entered redirects[39m
  [31;1m⨯[39;22m[90m [39m[90mstrict mode code2 already used blocks[39m
  [31;1m⨯[39;22m[90m [39m[90mboth modes null code redirects[39m
  [31;1m⨯[39;22m[90m [39m[90mboth modes can vote now false redirects[39m
  [31;1m⨯[39;22m[90m [39m[90mboth modes has voted redirects[39m
  [31;1m⨯[39;22m[90m [39m[90mboth modes no redirect loop within window[39m
               
  [30;42;1m PASS [39;49;22m[39m Tests\Feature\Demo\VotingConfigurationTest[39m
  [32;1m✓[39;22m[90m [39m[90mvoting config file exists[39m[90m                                                                                   [39m [90m0.28s[39m  
  [32;1m✓[39;22m[90m [39m[90mdefault mode is simple[39m[90m                                                                                      [39m [90m0.26s[39m  
  [32;1m✓[39;22m[90m [39m[90msimple mode configuration[39m[90m                                                                                   [39m [90m0.28s[39m  
  [32;1m✓[39;22m[90m [39m[90mstrict mode configuration[39m[90m                                                                                   [39m [90m0.32s[39m  
  [32;1m✓[39;22m[90m [39m[90mconfiguration retrieval[39m[90m                                                                                     [39m [90m0.29s[39m  
               
  [39;41;1m FAIL [39;49;22m[39m Tests\Feature\Demo\VotingTimeConfigTest[39m
  [31;1m⨯[39;22m[90m [39m[90mvoting config has time in minutes key[39m
  [31;1m⨯[39;22m[90m [39m[90mvoting time env var is used by config[39m
  [31;1m⨯[39;22m[90m [39m[90mvoter slug service uses config for expiry[39m
  [31;1m⨯[39;22m[90m [39m[90mdefault voting time is 30 minutes[39m
  [31;1m⨯[39;22m[90m [39m[90mdemo code controller uses config voting time[39m
                                       
  [39;41;1m FAIL [39;49;22m[39m Tests\Feature\Demo\VotingWorkflowIntegrationTest[39m
  [31;1m⨯[39;22m[90m [39m[90msimple mode no redirect loop[39m
  [31;1m⨯[39;22m[90m [39m[90msimple mode complete workflow[39m
  [31;1m⨯[39;22m[90m [39m[90msimple mode code timeout[39m
  [31;1m⨯[39;22m[90m [39m[90msimple mode single email[39m
  [31;1m⨯[39;22m[90m [39m[90mstrict mode two code entries[39m
  [31;1m⨯[39;22m[90m [39m[90mstrict mode code2 for voting[39m
  [31;1m⨯[39;22m[90m [39m[90mcode with no usage[39m
  [31;1m⨯[39;22m[90m [39m[90malready voted user cannot revote[39m
  [31;1m⨯[39;22m[90m [39m[90mcan vote now flag blocks voting[39m
  [31;1m⨯[39;22m[90m [39m[90mcode to open voting form used at never null after entry[39m
  [31;1m⨯[39;22m[90m [39m[90mcode to save vote used at matches vote time[39m
  [31;1m⨯[39;22m[90m [39m[90mcan vote now state transitions[39m
  [31;1m⨯[39;22m[90m [39m[90mboth modes handle timeout same[39m
      
  [39;41;1m FAIL [39;49;22m[39m Tests\Feature\DoubleVoteDebugTest[39m
  [31;1m⨯[39;22m[90m [39m[90mdebug double vote scenario[39m
  [31;1m⨯[39;22m[90m [39m[90mhas voted flag effect[39m
                  
  [30;42;1m PASS [39;49;22m[39m Tests\Feature\ElectionCandidacyApplyPageTest[39m
  [32;1m✓[39;22m[90m [39m[90mguest is redirected to login[39m[90m                                                                                [39m [90m0.51s[39m  
  [32;1m✓[39;22m[90m [39m[90mnon member is redirected[39m[90m                                                                                    [39m [90m0.46s[39m  
  [32;1m✓[39;22m[90m [39m[90mmember can view page[39m[90m                                                                                        [39m [90m0.62s[39m  
  [32;1m✓[39;22m[90m [39m[90mpage exposes posts for this election[39m[90m                                                                        [39m [90m0.63s[39m  
  [32;1m✓[39;22m[90m [39m[90mexisting application is exposed in props[39m[90m                                                                    [39m [90m0.69s[39m  
  [32;1m✓[39;22m[90m [39m[90mdemo election returns 404[39m[90m                                                                                   [39m [90m0.71s[39m  
                           
  [39;41;1m FAIL [39;49;22m[39m Tests\Feature\ElectionCandidacyRelationshipTest[39m
  [31;1m⨯[39;22m[90m [39m[90mcandidacy can be created with election id[39m[90m                                                                   [39m [90m0.44s[39m  
  [31;1m⨯[39;22m[90m [39m[90mcandidacy belongs to election[39m[90m                                                                               [39m [90m0.50s[39m  
  [31;1m⨯[39;22m[90m [39m[90melection has many candidacies[39m[90m                                                                               [39m [90m0.42s[39m  
  [31;1m⨯[39;22m[90m [39m[90mdifferent elections have independent candidacies[39m[90m                                                            [39m [90m0.41s[39m  
  [31;1m⨯[39;22m[90m [39m[90mcandidacy election id is fillable[39m[90m                                                                           [39m [90m0.35s[39m  
  [31;1m⨯[39;22m[90m [39m[90mdeleting election cascades to candidacies[39m[90m                                                                   [39m [90m0.42s[39m  
  [31;1m⨯[39;22m[90m [39m[90mdemo candidate can be created with election id[39m[90m                                                              [39m [90m0.44s[39m  
  [31;1m⨯[39;22m[90m [39m[90mdemo candidate belongs to election[39m[90m                                                                          [39m [90m0.38s[39m  
  [31;1m⨯[39;22m[90m [39m[90mreal and demo candidates scoped by election[39m[90m                                                                 [39m [90m0.37s[39m  
                                             
  [39;41;1m FAIL [39;49;22m[39m Tests\Feature\ElectionIdPositionOrderTest[39m
  [31;1m⨯[39;22m[90m [39m[90mposts have election id set[39m[90m                                                                                  [39m [90m0.41s[39m  
  [31;1m⨯[39;22m[90m [39m[90mcandidacies have election id set[39m[90m                                                                            [39m [90m0.35s[39m  
  [31;1m⨯[39;22m[90m [39m[90mquery posts by election id filters correctly[39m[90m                                                                [39m [90m0.37s[39m  
  [31;1m⨯[39;22m[90m [39m[90mquery candidacies by election id filters correctly[39m[90m                                                          [39m [90m0.40s[39m  
  [31;1m⨯[39;22m[90m [39m[90mvote records include correct election id[39m[90m                                                                    [39m [90m0.43s[39m  
  [31;1m⨯[39;22m[90m [39m[90mdemo votes include correct election id[39m[90m                                                                      [39m [90m0.44s[39m  
  [31;1m⨯[39;22m[90m [39m[90mdeleting election cascade deletes posts[39m[90m                                                                     [39m [90m0.50s[39m  
  [31;1m⨯[39;22m[90m [39m[90mdeleting election cascade deletes candidacies[39m[90m                                                               [39m [90m0.53s[39m  
  [31;1m⨯[39;22m[90m [39m[90mposts ordered by position order[39m[90m                                                                             [39m [90m0.43s[39m  
  [31;1m⨯[39;22m[90m [39m[90mcandidacies ordered by position order[39m[90m                                                                       [39m [90m0.49s[39m  
  [31;1m⨯[39;22m[90m [39m[90mdemo candidates ordered by position order[39m[90m                                                                   [39m [90m0.36s[39m  
  [31;1m⨯[39;22m[90m [39m[90mposition order with gaps handled correctly[39m[90m                                                                  [39m [90m0.40s[39m  
  [31;1m⨯[39;22m[90m [39m[90mreordering updates position order[39m[90m                                                                           [39m [90m0.42s[39m  
  [31;1m⨯[39;22m[90m [39m[90mposition order independent per election[39m[90m                                                                     [39m [90m0.44s[39m  
  [31;1m⨯[39;22m[90m [39m[90mvoting preserves candidacy election relationship[39m[90m                                                            [39m [90m0.55s[39m  
                     
  [39;41;1m FAIL [39;49;22m[39m Tests\Feature\ElectionOfficerInvitationTest[39m
  [31;1m⨯[39;22m[90m [39m[90memail notification is sent when officer appointed[39m
  [31;1m⨯[39;22m[90m [39m[90minvitation accept url requires valid signature[39m
  [31;1m⨯[39;22m[90m [39m[90mauthenticated user can accept via invitation link[39m
  [31;1m⨯[39;22m[90m [39m[90mguest visiting invitation link is shown login page[39m
  [31;1m⨯[39;22m[90m [39m[90mcannot accept invitation for different user[39m
  [31;1m⨯[39;22m[90m [39m[90mexpired invitation link is rejected[39m
  [31;1m⨯[39;22m[90m [39m[90mcannot accept already accepted appointment[39m
                                 
  [39;41;1m FAIL [39;49;22m[39m Tests\Feature\ElectionOfficerManagementTest[39m
  [31;1m⨯[39;22m[90m [39m[90madmin can appoint officer[39m
  [31;1m⨯[39;22m[90m [39m[90mmember cannot appoint officer[39m
  [31;1m⨯[39;22m[90m [39m[90mcannot appoint non member[39m
  [31;1m⨯[39;22m[90m [39m[90mcannot appoint duplicate officer[39m
  [31;1m⨯[39;22m[90m [39m[90mcan reappoint soft deleted officer[39m
  [31;1m⨯[39;22m[90m [39m[90mcannot appoint active officer again[39m
  [31;1m⨯[39;22m[90m [39m[90mofficer can accept own appointment[39m
  [31;1m⨯[39;22m[90m [39m[90muser cannot accept another users appointment[39m
  [31;1m⨯[39;22m[90m [39m[90madmin can remove officer[39m
  [31;1m⨯[39;22m[90m [39m[90mmember cannot remove officer[39m
  [31;1m⨯[39;22m[90m [39m[90morganisation show includes officers prop[39m
                  
  [39;41;1m FAIL [39;49;22m[39m Tests\Feature\ElectionPostRelationshipTest[39m
  [32;1m✓[39;22m[90m [39m[90mpost can be created with election id[39m[90m                                                                        [39m [90m0.28s[39m  
  [32;1m✓[39;22m[90m [39m[90mpost belongs to election[39m[90m                                                                                    [39m [90m0.28s[39m  
  [32;1m✓[39;22m[90m [39m[90melection has many posts[39m[90m                                                                                     [39m [90m0.26s[39m  
  [32;1m✓[39;22m[90m [39m[90mdifferent elections have independent posts[39m[90m                                                                  [39m [90m0.22s[39m  
  [31;1m⨯[39;22m[90m [39m[90mpost election id is fillable[39m[90m                                                                                [39m [90m0.22s[39m  
  [32;1m✓[39;22m[90m [39m[90mdeleting election cascades to posts[39m[90m                                                                         [39m [90m0.44s[39m  
                                                                                                                        
  [39;41;1m FAIL [39;49;22m[39m Tests\Feature\ElectionStateMachineTest[39m
  [32;1m✓[39;22m[90m [39m[90mfresh election defaults to draft state[39m[90m                                                                      [39m [90m0.26s[39m  
  [32;1m✓[39;22m[90m [39m[90mstate is nomination after administration completed[39m[90m                                                          [39m [90m0.21s[39m  
  [31;1m⨯[39;22m[90m [39m[90mstate remains nomination after nomination completed until voting starts[39m[90m                                     [39m [90m0.34s[39m  
  [32;1m✓[39;22m[90m [39m[90mstate is voting when within voting window[39m[90m                                                                   [39m [90m0.39s[39m  
  [32;1m✓[39;22m[90m [39m[90mstate is results pending after voting ends without publication[39m[90m                                              [39m [90m0.23s[39m  
  [32;1m✓[39;22m[90m [39m[90mstate is results when results published at is set[39m[90m                                                           [39m [90m0.36s[39m  
  [32;1m✓[39;22m[90m [39m[90mresults state takes priority over voting window[39m[90m                                                             [39m [90m0.20s[39m  
  [32;1m✓[39;22m[90m [39m[90madministration state allows manage posts[39m[90m                                                                    [39m [90m0.22s[39m  
  [32;1m✓[39;22m[90m [39m[90mnomination state allows candidacy actions[39m[90m                                                                   [39m [90m0.33s[39m  
  [32;1m✓[39;22m[90m [39m[90mvoting state allows cast vote only[39m[90m                                                                          [39m [90m0.18s[39m  
  [32;1m✓[39;22m[90m [39m[90mresults state allows view results[39m[90m                                                                           [39m [90m0.18s[39m  
  [31;1m⨯[39;22m[90m [39m[90mcannot complete administration without posts[39m[90m                                                                [39m [90m0.22s[39m  
  [31;1m⨯[39;22m[90m [39m[90mcannot complete administration without voters[39m[90m                                                               [39m [90m0.24s[39m  
  [31;1m⨯[39;22m[90m [39m[90mcomplete administration transitions to nomination[39m[90m                                                           [39m [90m0.29s[39m  
  [31;1m⨯[39;22m[90m [39m[90mcompleting administration auto sets nomination suggested dates[39m[90m                                              [39m [90m0.28s[39m  
  [32;1m✓[39;22m[90m [39m[90mcannot complete nomination with pending candidates[39m[90m                                                          [39m [90m0.31s[39m  
  [32;1m✓[39;22m[90m [39m[90mcomplete nomination transitions state correctly[39m[90m                                                             [39m [90m0.28s[39m  
  [32;1m✓[39;22m[90m [39m[90mcompleting nomination auto sets voting dates[39m[90m                                                                [39m [90m0.22s[39m  
  [32;1m✓[39;22m[90m [39m[90mforce close nomination rejects pending candidates[39m[90m                                                           [39m [90m0.30s[39m  
  [32;1m✓[39;22m[90m [39m[90mcannot force close nomination after voting started[39m[90m                                                          [39m [90m0.18s[39m  
  [31;1m⨯[39;22m[90m [39m[90mcannot complete administration before scheduled start[39m[90m                                                       [39m [90m0.33s[39m  
  [31;1m⨯[39;22m[90m [39m[90mcan complete administration on or after scheduled start[39m[90m                                                     [39m [90m0.22s[39m  
  [32;1m✓[39;22m[90m [39m[90mcannot open voting before voting start date[39m[90m                                                                 [39m [90m0.24s[39m  
  [31;1m⨯[39;22m[90m [39m[90mcan open voting on or after voting start date[39m[90m                                                               [39m [90m0.27s[39m  
  [31;1m⨯[39;22m[90m [39m[90mwhy cannot open voting returns reason when before voting start[39m[90m                                              [39m [90m0.25s[39m  
  [32;1m✓[39;22m[90m [39m[90mvalidates voting start before voting end[39m[90m                                                                    [39m [90m0.29s[39m  
  [32;1m✓[39;22m[90m [39m[90mvalidates voting start not in the past[39m[90m                                                                      [39m [90m0.16s[39m  
  [32;1m✓[39;22m[90m [39m[90mstate info returns correct color for each state[39m[90m                                                             [39m [90m0.32s[39m  
  [31;1m⨯[39;22m[90m [39m[90mcomplete administration route transitions state[39m[90m                                                             [39m [90m0.46s[39m  
  [31;1m⨯[39;22m[90m [39m[90mcomplete administration route requires reason[39m[90m                                                               [39m [90m0.31s[39m  
  [32;1m✓[39;22m[90m [39m[90mcannot complete administration without committee members[39m[90m                                                    [39m [90m0.35s[39m  
  [32;1m✓[39;22m[90m [39m[90mcannot manage settings during voting phase[39m[90m                                                                  [39m [90m0.36s[39m  
  [32;1m✓[39;22m[90m [39m[90mauto transition flag defaults to true[39m[90m                                                                       [39m [90m0.22s[39m  
  [32;1m✓[39;22m[90m [39m[90mgrace period setting applies correctly[39m[90m                                                                      [39m [90m0.35s[39m  
  [32;1m✓[39;22m[90m [39m[90melection created event is dispatched on creation[39m[90m                                                            [39m [90m0.36s[39m  
  [31;1m⨯[39;22m[90m [39m[90melection approved event is dispatched[39m[90m                                                                       [39m [90m0.33s[39m  
  [31;1m⨯[39;22m[90m [39m[90madministration completed event is dispatched[39m[90m                                                                [39m [90m0.34s[39m  
  [32;1m✓[39;22m[90m [39m[90mnomination completed event is dispatched[39m[90m                                                                    [39m [90m0.33s[39m  
  [31;1m⨯[39;22m[90m [39m[90mvoting opened event is dispatched[39m[90m                                                                           [39m [90m0.32s[39m  
  [31;1m⨯[39;22m[90m [39m[90mvoting closed event is dispatched[39m[90m                                                                           [39m [90m0.34s[39m  
                              
  [39;41;1m FAIL [39;49;22m[39m Tests\Feature\ElectionTimelineSettingsTest[39m
  [31;1m⨯[39;22m[90m [39m[90mtimeline page is accessible[39m[90m                                                                                 [39m [90m0.39s[39m  
  [32;1m✓[39;22m[90m [39m[90mtimeline page redirects guest to login[39m[90m                                                                      [39m [90m0.28s[39m  
  [31;1m⨯[39;22m[90m [39m[90mcan update administration dates[39m[90m                                                                             [39m [90m0.41s[39m  
  [31;1m⨯[39;22m[90m [39m[90mvalidates end date after start date[39m[90m                                                                         [39m [90m0.46s[39m  
  [31;1m⨯[39;22m[90m [39m[90mcan update all phases at once[39m[90m                                                                               [39m [90m0.56s[39m  
  [32;1m✓[39;22m[90m [39m[90mnon admin cannot update timeline[39m[90m                                                                            [39m [90m0.46s[39m  
  [31;1m⨯[39;22m[90m [39m[90mvalidates nomination dates chronologically[39m[90m                                                                  [39m [90m0.40s[39m  
  [31;1m⨯[39;22m[90m [39m[90mvalidates phase chronological order[39m[90m                                                                         [39m [90m0.50s[39m  
  [31;1m⨯[39;22m[90m [39m[90mvoting start date cannot be in past[39m[90m                                                                         [39m [90m0.47s[39m  
  [31;1m⨯[39;22m[90m [39m[90msetting results published at auto publishes results[39m[90m                                                         [39m [90m0.62s[39m  
                                 
  [39;41;1m FAIL [39;49;22m[39m Tests\Feature\ElectionVoterManagementTest[39m
  [31;1m⨯[39;22m[90m [39m[90mcommittee member can view voter list[39m
  [31;1m⨯[39;22m[90m [39m[90mnon member cannot view voter list[39m
  [31;1m⨯[39;22m[90m [39m[90mcommittee member can assign voter[39m
  [31;1m⨯[39;22m[90m [39m[90massign non org member is rejected[39m
  [31;1m⨯[39;22m[90m [39m[90mcommittee member can remove voter[39m
  [31;1m⨯[39;22m[90m [39m[90mregular voter cannot manage voters[39m
  [31;1m⨯[39;22m[90m [39m[90mcommittee member can bulk assign voters[39m
  [31;1m⨯[39;22m[90m [39m[90mcommittee member can export voter csv[39m
  [31;1m⨯[39;22m[90m [39m[90mdemo election voter index returns 404[39m
  [31;1m⨯[39;22m[90m [39m[90melection page passes membership eligibility as true[39m
  [31;1m⨯[39;22m[90m [39m[90melection page marks non member voter as ineligible[39m
                        
  [39;41;1m FAIL [39;49;22m[39m Tests\Feature\Election\CapacityApprovalTest[39m
  [31;1m⨯[39;22m[90m [39m[90melection with expected 40 voters auto approves[39m[90m                                                              [39m [90m0.19s[39m  
  [31;1m⨯[39;22m[90m [39m[90melection with expected 41 voters goes to pending approval[39m[90m                                                   [39m [90m0.21s[39m  
  [31;1m⨯[39;22m[90m [39m[90mauto submit creates single system audit record[39m[90m                                                              [39m [90m0.23s[39m  
  [31;1m⨯[39;22m[90m [39m[90mmanual submit creates manual audit record[39m[90m                                                                   [39m [90m0.21s[39m  
  [32;1m✓[39;22m[90m [39m[90mrequires approval returns true when over limit[39m[90m                                                              [39m [90m0.19s[39m  
  [32;1m✓[39;22m[90m [39m[90mrequires approval returns false when at limit[39m[90m                                                               [39m [90m0.17s[39m  
  [32;1m✓[39;22m[90m [39m[90mcannot import more voters than expected count[39m[90m                                                               [39m [90m0.74s[39m  
  [32;1m✓[39;22m[90m [39m[90mcan import voters up to expected count[39m[90m                                                                      [39m [90m0.52s[39m  
               
  [39;41;1m FAIL [39;49;22m[39m Tests\Feature\Election\ConstitutionalParityIntegrationTest[39m
  [31;1m⨯[39;22m[90m [39m[90mhappy path extraction and parity[39m[90m                                                                            [39m [90m0.29s[39m  
  [31;1m⨯[39;22m[90m [39m[90msuspension overlay extraction and parity[39m[90m                                                                    [39m [90m0.31s[39m  
  [31;1m⨯[39;22m[90m [39m[90mclosed lifecycle extraction and parity[39m[90m                                                                      [39m [90m0.41s[39m  
  [31;1m⨯[39;22m[90m [39m[90mip restriction extraction and parity[39m[90m                                                                        [39m [90m0.26s[39m  
  [31;1m⨯[39;22m[90m [39m[90mdivergence ledger records with provenance[39m[90m                                                                   [39m [90m0.30s[39m  
                                    
  [30;42;1m PASS [39;49;22m[39m Tests\Feature\Election\ConstitutionalVotingProtectionTest[39m
  [32;1m✓[39;22m[90m [39m[90mcannot vote during setup administration[39m[90m                                                                     [39m [90m0.70s[39m  
  [32;1m✓[39;22m[90m [39m[90mcannot vote during nomination phase[39m[90m                                                                         [39m [90m0.48s[39m  
  [32;1m✓[39;22m[90m [39m[90mcannot vote during suspended overlay[39m[90m                                                                        [39m [90m0.51s[39m  
  [32;1m✓[39;22m[90m [39m[90mcannot vote after election closed[39m[90m                                                                           [39m [90m0.45s[39m  
  [32;1m✓[39;22m[90m [39m[90mcan vote when voting active[39m[90m                                                                                 [39m [90m0.43s[39m  
  [32;1m✓[39;22m[90m [39m[90mcode creation allowed during setup[39m[90m                                                                          [39m [90m0.64s[39m  
  [32;1m✓[39;22m[90m [39m[90magreement allowed during ready for voting[39m[90m                                                                   [39m [90m0.51s[39m  
  [32;1m✓[39;22m[90m [39m[90mexpired slug can reach code creation during non voting[39m[90m                                                      [39m [90m0.42s[39m  
  [32;1m✓[39;22m[90m [39m[90mdirect post to vote store blocked when not voting active[39m[90m                                                    [39m [90m0.73s[39m  
  [32;1m✓[39;22m[90m [39m[90mskipping steps blocked when not voting active[39m[90m                                                               [39m [90m0.44s[39m  
  [32;1m✓[39;22m[90m [39m[90mdirect route to elections show blocked when not voting active[39m[90m                                               [39m [90m0.42s[39m  
  [32;1m✓[39;22m[90m [39m[90mslug possession does not imply voting authority[39m[90m                                                             [39m [90m0.39s[39m  
               
  [39;41;1m FAIL [39;49;22m[39m Tests\Feature\Election\CsvVoterImportTest[39m
  [32;1m✓[39;22m[90m [39m[90madmin can import voters via csv[39m[90m                                                                             [39m [90m0.70s[39m  
  [31;1m⨯[39;22m[90m [39m[90mcsv import validates email format[39m[90m                                                                           [39m [90m0.47s[39m  
  [31;1m⨯[39;22m[90m [39m[90mcsv import skips already assigned voters[39m[90m                                                                    [39m [90m0.46s[39m  
  [31;1m⨯[39;22m[90m [39m[90mcsv import respects membership mode[39m[90m                                                                         [39m [90m0.36s[39m  
  [31;1m⨯[39;22m[90m [39m[90mcsv import handles large files gracefully[39m[90m                                                                   [39m [90m0.74s[39m  
   
  [30;42;1m PASS [39;49;22m[39m Tests\Feature\Election\CurrentStateColumnDropTest[39m
  [32;1m✓[39;22m[90m [39m[90mcurrent state column does not exist on elections table[39m[90m                                                      [39m [90m0.25s[39m  
                              
  [39;41;1m FAIL [39;49;22m[39m Tests\Feature\Election\ElectionActivationTest[39m
  [32;1m✓[39;22m[90m [39m[90mchief can activate planned election[39m[90m                                                                         [39m [90m0.39s[39m  
  [32;1m✓[39;22m[90m [39m[90mdeputy can activate planned election[39m[90m                                                                        [39m [90m0.63s[39m  
  [32;1m✓[39;22m[90m [39m[90mcommissioner cannot activate election[39m[90m                                                                       [39m [90m0.55s[39m  
  [32;1m✓[39;22m[90m [39m[90mowner cannot activate election[39m[90m                                                                              [39m [90m0.63s[39m  
  [32;1m✓[39;22m[90m [39m[90mcannot activate already active election[39m[90m                                                                     [39m [90m0.58s[39m  
  [32;1m✓[39;22m[90m [39m[90mcannot activate completed election[39m[90m                                                                          [39m [90m0.59s[39m  
  [32;1m✓[39;22m[90m [39m[90mbegin setup sets setup started at[39m[90m                                                                           [39m [90m0.66s[39m  
  [31;1m⨯[39;22m[90m [39m[90memail notification sent to chief when election created[39m[90m                                                      [39m [90m0.83s[39m  
  [31;1m⨯[39;22m[90m [39m[90memail notification sent to all active chiefs[39m[90m                                                                [39m [90m0.54s[39m  
  [31;1m⨯[39;22m[90m [39m[90memail notification not sent to inactive chiefs[39m[90m                                                              [39m [90m0.54s[39m  
         
  [30;42;1m PASS [39;49;22m[39m Tests\Feature\Election\ElectionAuditLogMigrationTest[39m
  [32;1m✓[39;22m[90m [39m[90melection audit logs table exists[39m[90m                                                                            [39m [90m0.40s[39m  
  [32;1m✓[39;22m[90m [39m[90mhas all required columns[39m[90m                                                                                    [39m [90m0.31s[39m  
  [32;1m✓[39;22m[90m [39m[90mjson columns exist[39m[90m                                                                                          [39m [90m0.36s[39m  
                           
  [30;42;1m PASS [39;49;22m[39m Tests\Feature\Election\ElectionAuditLogModelTest[39m
  [32;1m✓[39;22m[90m [39m[90mmodel uses uuid primary key[39m[90m                                                                                 [39m [90m0.45s[39m  
  [32;1m✓[39;22m[90m [39m[90mcasts old values as array[39m[90m                                                                                   [39m [90m0.25s[39m  
  [32;1m✓[39;22m[90m [39m[90mcasts new values as array[39m[90m                                                                                   [39m [90m0.28s[39m  
  [32;1m✓[39;22m[90m [39m[90mbelongs to election[39m[90m                                                                                         [39m [90m0.28s[39m  
  [32;1m✓[39;22m[90m [39m[90mbelongs to user[39m[90m                                                                                             [39m [90m0.37s[39m  
  [32;1m✓[39;22m[90m [39m[90mscope for election[39m[90m                                                                                          [39m [90m0.27s[39m  
  [32;1m✓[39;22m[90m [39m[90mscope for action[39m[90m                                                                                            [39m [90m0.25s[39m  
  [32;1m✓[39;22m[90m [39m[90mstatic record method creates log[39m[90m                                                                            [39m [90m0.32s[39m  
  [32;1m✓[39;22m[90m [39m[90mrecord method captures request data automatically[39m[90m                                                           [39m [90m0.30s[39m  
                                                                           
  [39;41;1m FAIL [39;49;22m[39m Tests\Feature\Election\ElectionCreationTest[39m
  [31;1m⨯[39;22m[90m [39m[90morganisation owner can create election[39m[90m                                                                      [39m [90m0.29s[39m  
  [31;1m⨯[39;22m[90m [39m[90morganisation admin can create election[39m[90m                                                                      [39m [90m0.29s[39m  
  [32;1m✓[39;22m[90m [39m[90melection chief cannot create election[39m[90m                                                                       [39m [90m0.28s[39m  
  [32;1m✓[39;22m[90m [39m[90melection deputy cannot create election[39m[90m                                                                      [39m [90m0.36s[39m  
  [32;1m✓[39;22m[90m [39m[90melection commissioner cannot create election[39m[90m                                                                [39m [90m0.37s[39m  
  [32;1m✓[39;22m[90m [39m[90mregular member cannot create election[39m[90m                                                                       [39m [90m0.34s[39m  
  [32;1m✓[39;22m[90m [39m[90mpolicy only allows owner and admin to create[39m[90m                                                                [39m [90m0.31s[39m  
  [31;1m⨯[39;22m[90m [39m[90melection requires name[39m[90m                                                                                      [39m [90m0.46s[39m  
  [31;1m⨯[39;22m[90m [39m[90melection requires expected voter count[39m[90m                                                                      [39m [90m0.39s[39m  
  [31;1m⨯[39;22m[90m [39m[90mexpected voter count must be at least 1[39m[90m                                                                     [39m [90m0.42s[39m  
  [31;1m⨯[39;22m[90m [39m[90mexpected voter count is saved on creation[39m[90m                                                                   [39m [90m0.51s[39m  
  [31;1m⨯[39;22m[90m [39m[90msmall election saves expected voter count for auto approval[39m[90m                                                 [39m [90m0.61s[39m  
  [31;1m⨯[39;22m[90m [39m[90mlarge election saves expected voter count for manual review[39m[90m                                                 [39m [90m0.55s[39m  
  [31;1m⨯[39;22m[90m [39m[90mdraft election created with null dates[39m[90m                                                                      [39m [90m0.44s[39m  
  [31;1m⨯[39;22m[90m [39m[90mdraft election state is draft[39m[90m                                                                               [39m [90m0.49s[39m  
  [31;1m⨯[39;22m[90m [39m[90mcannot submit demo type[39m[90m                                                                                     [39m [90m0.55s[39m  
  [31;1m⨯[39;22m[90m [39m[90melection name must be unique within organisation[39m[90m                                                            [39m [90m0.56s[39m  
  [31;1m⨯[39;22m[90m [39m[90msame election name is allowed in different organisation[39m[90m                                                     [39m [90m0.52s[39m  
  [31;1m⨯[39;22m[90m [39m[90melection defaults to draft state[39m[90m                                                                            [39m [90m0.61s[39m  
  [31;1m⨯[39;22m[90m [39m[90melection type is always real[39m[90m                                                                                [39m [90m0.47s[39m  
  [31;1m⨯[39;22m[90m [39m[90mdescription is optional[39m[90m                                                                                     [39m [90m0.50s[39m  
  [31;1m⨯[39;22m[90m [39m[90mslug is generated on creation[39m[90m                                                                               [39m [90m0.44s[39m  
  [31;1m⨯[39;22m[90m [39m[90msuccess flash message on creation[39m[90m                                                                           [39m [90m0.59s[39m  
  [32;1m✓[39;22m[90m [39m[90mofficer from different org cannot create election[39m[90m                                                           [39m [90m0.51s[39m  
  [31;1m⨯[39;22m[90m [39m[90mcreate page renders timezone field[39m[90m                                                                          [39m [90m0.38s[39m  
                                    
  [30;42;1m PASS [39;49;22m[39m Tests\Feature\Election\ElectionDashboardAccessTest[39m
  [32;1m✓[39;22m[90m [39m[90mchief can access management dashboard[39m[90m                                                                       [39m [90m0.43s[39m  
  [32;1m✓[39;22m[90m [39m[90mdeputy can access management dashboard[39m[90m                                                                      [39m [90m0.41s[39m  
  [32;1m✓[39;22m[90m [39m[90mcommissioner cannot access management dashboard[39m[90m                                                             [39m [90m0.32s[39m  
  [32;1m✓[39;22m[90m [39m[90mpending officer cannot access management dashboard[39m[90m                                                          [39m [90m0.46s[39m  
  [32;1m✓[39;22m[90m [39m[90mnon officer cannot access management dashboard[39m[90m                                                              [39m [90m0.37s[39m  
  [32;1m✓[39;22m[90m [39m[90mcommissioner can access viewboard[39m[90m                                                                           [39m [90m0.35s[39m  
  [32;1m✓[39;22m[90m [39m[90mchief can access viewboard[39m[90m                                                                                  [39m [90m0.52s[39m  
  [32;1m✓[39;22m[90m [39m[90mnon officer cannot access viewboard[39m[90m                                                                         [39m [90m0.47s[39m  
  [32;1m✓[39;22m[90m [39m[90mchief can publish results[39m[90m                                                                                   [39m [90m0.36s[39m  
  [32;1m✓[39;22m[90m [39m[90mdeputy cannot publish results[39m[90m                                                                               [39m [90m0.46s[39m  
  [32;1m✓[39;22m[90m [39m[90mchief can open and close voting[39m[90m                                                                             [39m [90m0.39s[39m  
  [32;1m✓[39;22m[90m [39m[90mofficer from different org cannot access election[39m[90m                                                           [39m [90m0.37s[39m  
            
  [30;42;1m PASS [39;49;22m[39m Tests\Feature\Election\ElectionDashboardCapabilitiesTest[39m
  [32;1m✓[39;22m[90m [39m[90melection dashboard receives state machine with capabilities[39m[90m                                                 [39m [90m0.33s[39m  
  [32;1m✓[39;22m[90m [39m[90mstate machine data structure includes all required fields[39m[90m                                                   [39m [90m0.32s[39m  
  [32;1m✓[39;22m[90m [39m[90mcapabilities map has all required actions[39m[90m                                                                   [39m [90m0.27s[39m  
  [32;1m✓[39;22m[90m [39m[90mcapability entry has required fields[39m[90m                                                                        [39m [90m0.23s[39m  
         
  [39;41;1m FAIL [39;49;22m[39m Tests\Feature\Election\ElectionGracePeriodUITest[39m
  [31;1m⨯[39;22m[90m [39m[90mtimeline view shows grace period settings[39m[90m                                                                   [39m [90m0.24s[39m  
  [32;1m✓[39;22m[90m [39m[90mcan update auto transition grace days[39m[90m                                                                       [39m [90m0.25s[39m  
  [32;1m✓[39;22m[90m [39m[90mcan toggle allow auto transition[39m[90m                                                                            [39m [90m0.26s[39m  
               
  [39;41;1m FAIL [39;49;22m[39m Tests\Feature\Election\ElectionManagementConstitutionalTest[39m
  [32;1m✓[39;22m[90m [39m[90mactivate uses election lifecycle not status field[39m[90m                                                           [39m [90m0.30s[39m  
  [31;1m⨯[39;22m[90m [39m[90mupdate voting dates uses election clock service not raw now[39m[90m                                                 [39m [90m0.24s[39m  
  [31;1m⨯[39;22m[90m [39m[90mindex filters by state field not deprecated status[39m[90m                                                          [39m [90m0.21s[39m  
  [32;1m✓[39;22m[90m [39m[90mactivate cannot reactivate already active election[39m[90m                                                          [39m [90m0.24s[39m  
  [31;1m⨯[39;22m[90m [39m[90mupdate voting dates allowed before voting starts[39m[90m                                                            [39m [90m0.31s[39m  
                           
  [30;42;1m PASS [39;49;22m[39m Tests\Feature\Election\ElectionMembershipInfrastructureTest[39m
  [32;1m✓[39;22m[90m [39m[90massign voter invalidates voter count cache[39m[90m                                                                  [39m [90m0.57s[39m  
  [32;1m✓[39;22m[90m [39m[90massign voter invalidates voter stats cache[39m[90m                                                                  [39m [90m0.33s[39m  
  [32;1m✓[39;22m[90m [39m[90mmembership update invalidates cache[39m[90m                                                                         [39m [90m0.37s[39m  
  [32;1m✓[39;22m[90m [39m[90mmembership delete invalidates cache[39m[90m                                                                         [39m [90m0.50s[39m  
  [32;1m✓[39;22m[90m [39m[90mbulk assign voters invalidates cache[39m[90m                                                                        [39m [90m0.34s[39m  
  [32;1m✓[39;22m[90m [39m[90mcache invalidation is election scoped[39m[90m                                                                       [39m [90m0.35s[39m  
  [32;1m✓[39;22m[90m [39m[90mcache keys include election id[39m[90m                                                                              [39m [90m0.34s[39m  
  [32;1m✓[39;22m[90m [39m[90mcache invalidation is synchronous[39m[90m                                                                           [39m [90m0.47s[39m  
  [32;1m✓[39;22m[90m [39m[90mmultiple elections have independent caches[39m[90m                                                                  [39m [90m0.45s[39m  
                                 
  [39;41;1m FAIL [39;49;22m[39m Tests\Feature\Election\ElectionMembershipPersistenceTest[39m
  [31;1m⨯[39;22m[90m [39m[90massign voter persists to database[39m[90m                                                                           [39m [90m0.38s[39m  
  [31;1m⨯[39;22m[90m [39m[90massign voter sets assigned at[39m[90m                                                                               [39m [90m0.33s[39m  
  [31;1m⨯[39;22m[90m [39m[90massign voter persists metadata as json[39m[90m                                                                      [39m [90m0.31s[39m  
  [31;1m⨯[39;22m[90m [39m[90massign voter unique constraint prevents duplicates[39m[90m                                                          [39m [90m0.41s[39m  
  [31;1m⨯[39;22m[90m [39m[90melection membership has fk to users[39m[90m                                                                         [39m [90m0.33s[39m  
  [31;1m⨯[39;22m[90m [39m[90melection membership has fk to elections[39m[90m                                                                     [39m [90m0.38s[39m  
  [31;1m⨯[39;22m[90m [39m[90melection membership has fk to organisations[39m[90m                                                                 [39m [90m0.30s[39m  
  [31;1m⨯[39;22m[90m [39m[90mbulk assign voters persists all records[39m[90m                                                                     [39m [90m0.35s[39m  
  [31;1m⨯[39;22m[90m [39m[90mbulk assign voters creates records efficiently[39m[90m                                                              [39m [90m0.32s[39m  
  [31;1m⨯[39;22m[90m [39m[90melection membership hydration[39m[90m                                                                               [39m [90m0.24s[39m  
  [31;1m⨯[39;22m[90m [39m[90mbulk assign voters returns expected structure[39m[90m                                                               [39m [90m0.24s[39m  
                           
  [39;41;1m FAIL [39;49;22m[39m Tests\Feature\Election\ElectionModelLockAndAuditTest[39m
  [32;1m✓[39;22m[90m [39m[90mget state machine returns election state machine instance[39m[90m                                                   [39m [90m0.16s[39m  
  [32;1m✓[39;22m[90m [39m[90mget state machine is memoized[39m[90m                                                                               [39m [90m0.15s[39m  
  [32;1m✓[39;22m[90m [39m[90mlog state change still appends to json column[39m[90m                                                               [39m [90m0.16s[39m  
  [32;1m✓[39;22m[90m [39m[90mlog state change also creates election audit log record[39m[90m                                                     [39m [90m0.21s[39m  
  [32;1m✓[39;22m[90m [39m[90menforce voting lock sets voting locked true[39m[90m                                                                 [39m [90m0.21s[39m  
  [32;1m✓[39;22m[90m [39m[90menforce voting lock sets timestamp and actor[39m[90m                                                                [39m [90m0.18s[39m  
  [32;1m✓[39;22m[90m [39m[90mlock results sets results locked[39m[90m                                                                            [39m [90m0.16s[39m  
  [31;1m⨯[39;22m[90m [39m[90mcomplete nomination locks voting on start[39m[90m                                                                   [39m [90m0.23s[39m  
  [31;1m⨯[39;22m[90m [39m[90mcomplete administration still works[39m[90m                                                                         [39m [90m0.24s[39m  
                              
  [39;41;1m FAIL [39;49;22m[39m Tests\Feature\Election\ElectionOnlyModeTest[39m
  [32;1m✓[39;22m[90m [39m[90mfull membership org defaults to true for new orgs[39m[90m                                                           [39m [90m0.28s[39m  
  [32;1m✓[39;22m[90m [39m[90melection only mode can be set to false[39m[90m                                                                      [39m [90m0.28s[39m  
  [31;1m⨯[39;22m[90m [39m[90melection only user without member record is eligible[39m[90m                                                        [39m [90m0.27s[39m  
  [31;1m⨯[39;22m[90m [39m[90mfull membership user without member record is not eligible[39m[90m                                                  [39m [90m0.43s[39m  
  [31;1m⨯[39;22m[90m [39m[90mfull membership user with active member is eligible[39m[90m                                                         [39m [90m0.33s[39m  
  [31;1m⨯[39;22m[90m [39m[90melection only dropdown shows all active org users[39m[90m                                                           [39m [90m0.29s[39m  
  [32;1m✓[39;22m[90m [39m[90mfull membership dropdown only shows members with paid exempt[39m[90m                                                [39m [90m0.36s[39m  
  [31;1m⨯[39;22m[90m [39m[90melection only single assign accepts user without member record[39m[90m                                              [39m [90m0.34s[39m  
  [32;1m✓[39;22m[90m [39m[90mfull membership single assign rejects user without member record[39m[90m                                            [39m [90m0.45s[39m  
  [31;1m⨯[39;22m[90m [39m[90melection only bulk assign accepts users without member record[39m[90m                                               [39m [90m0.51s[39m  
                              
  [30;42;1m PASS [39;49;22m[39m Tests\Feature\Election\ElectionPolicyStateAwareTest[39m
  [32;1m✓[39;22m[90m [39m[90mmanage settings allowed in administration for officer[39m[90m                                                       [39m [90m0.26s[39m  
  [32;1m✓[39;22m[90m [39m[90mmanage settings allowed in nomination for officer[39m[90m                                                           [39m [90m0.25s[39m  
  [32;1m✓[39;22m[90m [39m[90mmanage settings denied during voting for officer[39m[90m                                                            [39m [90m0.35s[39m  
  [32;1m✓[39;22m[90m [39m[90mmanage settings denied during results pending for officer[39m[90m                                                   [39m [90m0.21s[39m  
  [32;1m✓[39;22m[90m [39m[90mmanage settings denied in results state[39m[90m                                                                     [39m [90m0.21s[39m  
  [32;1m✓[39;22m[90m [39m[90mcast vote allowed during voting state[39m[90m                                                                       [39m [90m0.21s[39m  
  [32;1m✓[39;22m[90m [39m[90mcast vote denied outside voting state[39m[90m                                                                       [39m [90m0.25s[39m  
  [32;1m✓[39;22m[90m [39m[90mcast vote denied after voting ends[39m[90m                                                                          [39m [90m0.29s[39m  
  [32;1m✓[39;22m[90m [39m[90mview results allowed in results state[39m[90m                                                                       [39m [90m0.24s[39m  
  [32;1m✓[39;22m[90m [39m[90mview results denied before publication[39m[90m                                                                      [39m [90m0.20s[39m  
                  
  [30;42;1m PASS [39;49;22m[39m Tests\Feature\Election\ElectionPolicyTest[39m
  [32;1m✓[39;22m[90m [39m[90mchief can manage voters[39m[90m                                                                                     [39m [90m0.36s[39m  
  [32;1m✓[39;22m[90m [39m[90mdeputy can manage voters[39m[90m                                                                                    [39m [90m0.41s[39m  
  [32;1m✓[39;22m[90m [39m[90mowner cannot manage voters[39m[90m                                                                                  [39m [90m0.24s[39m  
  [32;1m✓[39;22m[90m [39m[90madmin cannot manage voters[39m[90m                                                                                  [39m [90m0.20s[39m  
  [32;1m✓[39;22m[90m [39m[90mcommissioner cannot manage voters[39m[90m                                                                           [39m [90m0.21s[39m  
  [32;1m✓[39;22m[90m [39m[90mplain member cannot manage voters[39m[90m                                                                           [39m [90m0.27s[39m  
                  
  [30;42;1m PASS [39;49;22m[39m Tests\Feature\Election\ElectionProgressTest[39m
  [32;1m✓[39;22m[90m [39m[90mprogress returns array of states[39m[90m                                                                            [39m [90m0.20s[39m  
  [32;1m✓[39;22m[90m [39m[90mprogress contains all main states[39m[90m                                                                           [39m [90m0.20s[39m  
  [32;1m✓[39;22m[90m [39m[90mprogress marks next state future when basics incomplete[39m[90m                                                     [39m [90m0.17s[39m  
  [32;1m✓[39;22m[90m [39m[90mprogress marks next state future when prerequisites met[39m[90m                                                     [39m [90m0.23s[39m  
  [32;1m✓[39;22m[90m [39m[90mprogress marks states beyond next as future not blocked[39m[90m                                                     [39m [90m0.15s[39m  
  [32;1m✓[39;22m[90m [39m[90mprogress marks voting blocked when nomination not completed[39m[90m                                                 [39m [90m0.25s[39m  
                                       
  [30;42;1m PASS [39;49;22m[39m Tests\Feature\Election\ElectionSettingsControllerTest[39m
  [32;1m✓[39;22m[90m [39m[90madmin can view election settings page[39m[90m                                                                       [39m [90m0.27s[39m  
  [32;1m✓[39;22m[90m [39m[90mnon admin cannot view election settings[39m[90m                                                                     [39m [90m0.27s[39m  
  [32;1m✓[39;22m[90m [39m[90msettings page shows has votes flag for demo election[39m[90m                                                        [39m [90m0.30s[39m  
  [32;1m✓[39;22m[90m [39m[90madmin can update basic settings[39m[90m                                                                             [39m [90m0.29s[39m  
  [32;1m✓[39;22m[90m [39m[90moptimistic locking prevents stale writes[39m[90m                                                                    [39m [90m0.62s[39m  
  [32;1m✓[39;22m[90m [39m[90mactive election with votes requires confirmation[39m[90m                                                            [39m [90m0.48s[39m  
  [32;1m✓[39;22m[90m [39m[90mactive election with confirmation allows update[39m[90m                                                             [39m [90m0.32s[39m  
  [32;1m✓[39;22m[90m [39m[90marray fields are properly detected for changes[39m[90m                                                              [39m [90m0.38s[39m  
  [32;1m✓[39;22m[90m [39m[90msettings changes are recorded in audit trail[39m[90m                                                                [39m [90m0.38s[39m  
  [32;1m✓[39;22m[90m [39m[90msettings cache is invalidated on update[39m[90m                                                                     [39m [90m0.27s[39m  
  [32;1m✓[39;22m[90m [39m[90mvalidation rejects invalid ip restriction max[39m[90m                                                               [39m [90m0.25s[39m  
  [32;1m✓[39;22m[90m [39m[90mvalidation rejects invalid voter verification mode[39m[90m                                                          [39m [90m0.38s[39m  
  [32;1m✓[39;22m[90m [39m[90mno changes recorded if all values remain same[39m[90m                                                               [39m [90m0.53s[39m  
            
  [30;42;1m PASS [39;49;22m[39m Tests\Feature\Election\ElectionSettingsServiceTest[39m
  [32;1m✓[39;22m[90m [39m[90mdatabase setting overrides env value[39m[90m                                                                        [39m [90m0.28s[39m  
  [32;1m✓[39;22m[90m [39m[90mfalls back to env when database not set[39m[90m                                                                     [39m [90m0.25s[39m  
  [32;1m✓[39;22m[90m [39m[90mfalls back to default when neither set[39m[90m                                                                      [39m [90m0.21s[39m  
  [32;1m✓[39;22m[90m [39m[90mselection constraint maps correctly to select all required[39m[90m                                                  [39m [90m0.26s[39m  
                           
  [39;41;1m FAIL [39;49;22m[39m Tests\Feature\Election\ElectionSettingsTest[39m
  [32;1m✓[39;22m[90m [39m[90madmin can view settings page[39m[90m                                                                                [39m [90m0.39s[39m  
  [32;1m✓[39;22m[90m [39m[90madmin can update settings[39m[90m                                                                                   [39m [90m0.32s[39m  
  [32;1m✓[39;22m[90m [39m[90msettings version increments on each update[39m[90m                                                                  [39m [90m0.33s[39m  
  [32;1m✓[39;22m[90m [39m[90mnon admin cannot update settings[39m[90m                                                                            [39m [90m0.42s[39m  
  [32;1m✓[39;22m[90m [39m[90moptimistic lock rejects stale version[39m[90m                                                                       [39m [90m0.44s[39m  
  [31;1m⨯[39;22m[90m [39m[90mip restriction blocks excess votes from same ip[39m[90m                                                             [39m [90m0.48s[39m  
  [32;1m✓[39;22m[90m [39m[90mwhitelisted ip bypasses restriction[39m[90m                                                                         [39m [90m0.74s[39m  
  [32;1m✓[39;22m[90m [39m[90mno vote option setting persists correctly[39m[90m                                                                   [39m [90m0.73s[39m  
  [32;1m✓[39;22m[90m [39m[90mselection constraint persists correctly[39m[90m                                                                     [39m [90m0.78s[39m  
                                    
  [39;41;1m FAIL [39;49;22m[39m Tests\Feature\Election\ElectionShowControllerTest[39m
  [32;1m✓[39;22m[90m [39m[90mguest is redirected to login[39m[90m                                                                                [39m [90m0.47s[39m  
  [32;1m✓[39;22m[90m [39m[90munknown slug returns 404[39m[90m                                                                                    [39m [90m0.54s[39m  
  [32;1m✓[39;22m[90m [39m[90mdemo election returns 404[39m[90m                                                                                   [39m [90m0.54s[39m  
  [31;1m⨯[39;22m[90m [39m[90meligible voter sees can vote true and has voted false[39m[90m                                                       [39m [90m0.40s[39m  
  [31;1m⨯[39;22m[90m [39m[90mvoted user sees has voted true and can vote false[39m[90m                                                           [39m [90m0.46s[39m  
  [32;1m✓[39;22m[90m [39m[90mnon member sees can vote false[39m[90m                                                                              [39m [90m0.40s[39m  
  [32;1m✓[39;22m[90m [39m[90mrenders election show inertia component[39m[90m                                                                     [39m [90m0.26s[39m  
  [32;1m✓[39;22m[90m [39m[90mdashboard resolver redirects to elections show for single election[39m[90m                                          [39m [90m0.37s[39m  
  [31;1m⨯[39;22m[90m [39m[90mstart for eligible voter creates voter slug and redirects[39m[90m                                                   [39m [90m0.28s[39m  
  [32;1m✓[39;22m[90m [39m[90mstart for non member redirects with error[39m[90m                                                                   [39m [90m0.27s[39m  
  [31;1m⨯[39;22m[90m [39m[90mstart for already voted redirects with info[39m[90m                                                                 [39m [90m0.27s[39m  
  [32;1m✓[39;22m[90m [39m[90mstart reuses existing active voter slug[39m[90m                                                                     [39m [90m0.28s[39m  
                           
  [39;41;1m FAIL [39;49;22m[39m Tests\Feature\Election\ElectionStateMachineCapabilitiesTest[39m
  [32;1m✓[39;22m[90m [39m[90mmanagement index returns capabilities in state machine prop[39m[90m                                                 [39m [90m0.35s[39m  
  [31;1m⨯[39;22m[90m [39m[90mcapabilities contains exactly all constitution actions[39m[90m                                                      [39m [90m0.41s[39m  
  [32;1m✓[39;22m[90m [39m[90meach capability entry has allowed and denial reason fields[39m[90m                                                  [39m [90m0.46s[39m  
  [32;1m✓[39;22m[90m [39m[90msuspended election capabilities denies all except resume[39m[90m                                                    [39m [90m0.71s[39m  
  [32;1m✓[39;22m[90m [39m[90mallowed actions removed from state machine prop[39m[90m                                                             [39m [90m0.47s[39m  
  [32;1m✓[39;22m[90m [39m[90mopen voting blocked reason removed from inertia props[39m[90m                                                       [39m [90m0.38s[39m  
  [32;1m✓[39;22m[90m [39m[90munauthenticated user gets all capabilities denied[39m[90m                                                           [39m [90m0.31s[39m  
  [32;1m✓[39;22m[90m [39m[90mcapabilities metadata contains resolver version and timestamp[39m[90m                                               [39m [90m0.57s[39m  
  [31;1m⨯[39;22m[90m [39m[90mcapabilities actions match constitution exactly no gaps no extras[39m[90m                                           [39m [90m0.50s[39m  
            
  [30;42;1m PASS [39;49;22m[39m Tests\Feature\Election\ElectionStateMachineProjectionTest[39m
  [32;1m✓[39;22m[90m [39m[90mstate machine includes completed states and projection available[39m[90m                                            [39m [90m0.45s[39m  
  [32;1m✓[39;22m[90m [39m[90mdraft has empty completed states and projection available[39m[90m                                                   [39m [90m0.46s[39m  
  [32;1m✓[39;22m[90m [39m[90mcompleted states structure and types[39m[90m                                                                        [39m [90m0.46s[39m  
  [32;1m✓[39;22m[90m [39m[90mcompleted states respects progression order[39m[90m                                                                 [39m [90m0.41s[39m  
            
  [30;42;1m PASS [39;49;22m[39m Tests\Feature\Election\ElectionStateTransitionMigrationTest[39m
  [32;1m✓[39;22m[90m [39m[90melection state transitions table exists[39m[90m                                                                     [39m [90m0.32s[39m  
  [32;1m✓[39;22m[90m [39m[90mhas required columns[39m[90m                                                                                        [39m [90m0.43s[39m  
  [32;1m✓[39;22m[90m [39m[90mhas no updated at column[39m[90m                                                                                    [39m [90m0.23s[39m  
  [32;1m✓[39;22m[90m [39m[90melection id is indexed[39m[90m                                                                                      [39m [90m0.26s[39m  
                              
  [30;42;1m PASS [39;49;22m[39m Tests\Feature\Election\ElectionStateTransitionModelTest[39m
  [32;1m✓[39;22m[90m [39m[90mmodel uses uuid primary key[39m[90m                                                                                 [39m [90m0.31s[39m  
  [32;1m✓[39;22m[90m [39m[90mmodel has no timestamps flag[39m[90m                                                                                [39m [90m0.20s[39m  
  [32;1m✓[39;22m[90m [39m[90mmodel casts metadata as array[39m[90m                                                                               [39m [90m0.20s[39m  
  [32;1m✓[39;22m[90m [39m[90mmodel belongs to election[39m[90m                                                                                   [39m [90m0.31s[39m  
  [32;1m✓[39;22m[90m [39m[90mmodel belongs to actor user[39m[90m                                                                                 [39m [90m0.36s[39m  
  [32;1m✓[39;22m[90m [39m[90mupdating model throws runtime exception[39m[90m                                                                     [39m [90m0.24s[39m  
  [32;1m✓[39;22m[90m [39m[90mdeleting model throws runtime exception[39m[90m                                                                     [39m [90m0.20s[39m  
  [32;1m✓[39;22m[90m [39m[90mscope for election filters by election id[39m[90m                                                                   [39m [90m0.22s[39m  
  [32;1m✓[39;22m[90m [39m[90mscope latest orders by created at desc[39m[90m                                                                      [39m [90m1.21s[39m  
  [32;1m✓[39;22m[90m [39m[90mcreating hook sets created at[39m[90m                                                                               [39m [90m0.15s[39m  
                           
=== DEBUG SAVE ===
election_id: a1e8eaa9-29e8-4f0b-a049-fb0a4daeb136
fresh_id: a1e8eaa9-29e8-4f0b-a049-fb0a4daeb136
suspended_by: a1e8eaa9-3c4e-440b-bfb8-d2119366c8ce
suspended_at: 2026-05-31 08:50:14
chief_id (expected): a1e8eaa9-3c4e-440b-bfb8-d2119366c8ce
=== END DEBUG ===\n                                                   
  [30;42;1m PASS [39;49;22m[39m Tests\Feature\Election\ElectionSuspensionTest[39m
  [32;1m✓[39;22m[90m [39m[90msuspend captures lifecycle context[39m[90m                                                                          [39m [90m0.18s[39m  
  [32;1m✓[39;22m[90m [39m[90msuspend stores governance metadata[39m[90m                                                                          [39m [90m0.30s[39m  
  [32;1m✓[39;22m[90m [39m[90mresume clears suspension flags only[39m[90m                                                                         [39m [90m0.19s[39m  
  [32;1m✓[39;22m[90m [39m[90mresume does not restore from context column[39m[90m                                                                 [39m [90m0.16s[39m  
  [32;1m✓[39;22m[90m [39m[90msuspension does not mutate business facts[39m[90m                                                                   [39m [90m0.15s[39m  
  [32;1m✓[39;22m[90m [39m[90mcapabilities blocked during suspension[39m[90m                                                                      [39m [90m0.25s[39m  
  [32;1m✓[39;22m[90m [39m[90msuspend route redirects when chief posts[39m[90m                                                                    [39m [90m0.24s[39m  
  [32;1m✓[39;22m[90m [39m[90msuspend sets suspended at and engine derives suspended[39m[90m                                                      [39m [90m0.37s[39m  
  [32;1m✓[39;22m[90m [39m[90msuspend stores governance metadata[39m[90m                                                                          [39m [90m0.40s[39m  
  [32;1m✓[39;22m[90m [39m[90msuspend allowed for chief[39m[90m                                                                                   [39m [90m0.37s[39m  
  [32;1m✓[39;22m[90m [39m[90msuspend allowed for platform admin[39m[90m                                                                          [39m [90m0.48s[39m  
  [32;1m✓[39;22m[90m [39m[90msuspend denied for deputy[39m[90m                                                                                   [39m [90m0.48s[39m  
  [32;1m✓[39;22m[90m [39m[90msuspend denied for ordinary user[39m[90m                                                                            [39m [90m0.46s[39m  
  [32;1m✓[39;22m[90m [39m[90msuspend validates reason required[39m[90m                                                                           [39m [90m0.34s[39m  
  [32;1m✓[39;22m[90m [39m[90msuspend validates reason min length[39m[90m                                                                         [39m [90m0.40s[39m  
  [32;1m✓[39;22m[90m [39m[90msuspend fails when already suspended[39m[90m                                                                        [39m [90m0.52s[39m  
  [32;1m✓[39;22m[90m [39m[90msuspend creates governance audit record[39m[90m                                                                     [39m [90m0.59s[39m  
  [32;1m✓[39;22m[90m [39m[90msuspension overlay short circuits all capabilities except resume[39m[90m                                            [39m [90m0.72s[39m  
  [32;1m✓[39;22m[90m [39m[90msuspension does not alter lifecycle progression[39m[90m                                                             [39m [90m0.50s[39m  
  [32;1m✓[39;22m[90m [39m[90msuspend then resume restores full capability map[39m[90m                                                            [39m [90m0.80s[39m  
  [32;1m✓[39;22m[90m [39m[90msuspend accepts valid categories[39m[90m                                                                            [39m [90m1.41s[39m  
  [32;1m✓[39;22m[90m [39m[90msuspend rejects invalid category[39m[90m                                                                            [39m [90m0.33s[39m  
  [32;1m✓[39;22m[90m [39m[90msuspension does not appear in lifecycle progression[39m[90m                                                         [39m [90m0.42s[39m  
  [32;1m✓[39;22m[90m [39m[90mvoting active suspend resume preserves lifecycle position[39m[90m                                                   [39m [90m0.41s[39m  
  [32;1m✓[39;22m[90m [39m[90msetup nomination suspend resume preserves lifecycle position[39m[90m                                                [39m [90m0.43s[39m  
  [32;1m✓[39;22m[90m [39m[90msetup administration suspend resume preserves lifecycle position[39m[90m                                            [39m [90m0.38s[39m  
                                             
  [30;42;1m PASS [39;49;22m[39m Tests\Feature\Election\ElectionTransitionToMethodTest[39m
  [32;1m✓[39;22m[90m [39m[90mtransitions to valid target state[39m[90m                                                                           [39m [90m0.47s[39m  
  [32;1m✓[39;22m[90m [39m[90mtransition creates immutable audit record[39m[90m                                                                   [39m [90m0.44s[39m  
  [32;1m✓[39;22m[90m [39m[90mdeputy cannot perform chief only actions[39m[90m                                                                    [39m [90m0.33s[39m  
  [32;1m✓[39;22m[90m [39m[90munauthenticated user cannot perform user role actions[39m[90m                                                       [39m [90m0.32s[39m  
  [32;1m✓[39;22m[90m [39m[90mmissing voting window rejects open voting[39m[90m                                                                   [39m [90m0.40s[39m  
  [32;1m✓[39;22m[90m [39m[90mmissing timezone rejects open voting[39m[90m                                                                        [39m [90m0.28s[39m  
  [32;1m✓[39;22m[90m [39m[90mtransition to voting sets nomination completed[39m[90m                                                              [39m [90m0.34s[39m  
  [32;1m✓[39;22m[90m [39m[90mtransition to voting locks voting immediately[39m[90m                                                               [39m [90m0.30s[39m  
  [32;1m✓[39;22m[90m [39m[90mcannot open voting twice[39m[90m                                                                                    [39m [90m0.34s[39m  
  [32;1m✓[39;22m[90m [39m[90mconcurrent transitions are blocked with cache lock[39m[90m                                                          [39m [90m5.21s[39m  
  [32;1m✓[39;22m[90m [39m[90mcache lock is released after successful transition[39m[90m                                                          [39m [90m0.36s[39m  
  [32;1m✓[39;22m[90m [39m[90minvalid transition throws exception[39m[90m                                                                         [39m [90m0.23s[39m  
  [32;1m✓[39;22m[90m [39m[90mrollback on validation failure restores original flags[39m[90m                                                      [39m [90m0.28s[39m  
  [32;1m✓[39;22m[90m [39m[90mtransition dispatches election state changed event[39m[90m                                                          [39m [90m0.39s[39m  
  [32;1m✓[39;22m[90m [39m[90mtransition uses database transaction[39m[90m                                                                        [39m [90m0.31s[39m  
                              
  [30;42;1m PASS [39;49;22m[39m Tests\Feature\Election\ElectionVoterManagementTest[39m
  [32;1m✓[39;22m[90m [39m[90mchief can approve a voter[39m[90m                                                                                   [39m [90m0.33s[39m  
  [32;1m✓[39;22m[90m [39m[90mdeputy can approve a voter[39m[90m                                                                                  [39m [90m0.46s[39m  
  [32;1m✓[39;22m[90m [39m[90mcommissioner cannot approve a voter[39m[90m                                                                         [39m [90m0.33s[39m  
  [32;1m✓[39;22m[90m [39m[90mcannot approve already active voter[39m[90m                                                                         [39m [90m0.29s[39m  
  [32;1m✓[39;22m[90m [39m[90mchief can suspend a voter[39m[90m                                                                                   [39m [90m0.44s[39m  
  [32;1m✓[39;22m[90m [39m[90mdeputy can suspend a voter[39m[90m                                                                                  [39m [90m0.51s[39m  
  [32;1m✓[39;22m[90m [39m[90mcommissioner cannot suspend a voter[39m[90m                                                                         [39m [90m0.28s[39m  
  [32;1m✓[39;22m[90m [39m[90mcannot suspend already inactive voter[39m[90m                                                                       [39m [90m0.27s[39m  
  [32;1m✓[39;22m[90m [39m[90mcannot act on membership belonging to different election[39m[90m                                                    [39m [90m0.32s[39m  
  [32;1m✓[39;22m[90m [39m[90mofficer from different org cannot approve voter[39m[90m                                                             [39m [90m0.43s[39m  
                     
  [39;41;1m FAIL [39;49;22m[39m Tests\Feature\Election\ElectionVoterSuspensionTest[39m
  [31;1m⨯[39;22m[90m [39m[90mofficer can propose suspension[39m[90m                                                                              [39m [90m0.33s[39m  
  [31;1m⨯[39;22m[90m [39m[90mcannot propose suspension for voted voter[39m[90m                                                                   [39m [90m0.26s[39m  
  [31;1m⨯[39;22m[90m [39m[90mcannot propose suspension when already proposed[39m[90m                                                             [39m [90m0.45s[39m  
  [31;1m⨯[39;22m[90m [39m[90msecond officer can confirm suspension[39m[90m                                                                       [39m [90m0.37s[39m  
  [31;1m⨯[39;22m[90m [39m[90mproposer cannot confirm own proposal[39m[90m                                                                        [39m [90m0.31s[39m  
  [31;1m⨯[39;22m[90m [39m[90mproposer can cancel proposal[39m[90m                                                                                [39m [90m0.31s[39m  
  [31;1m⨯[39;22m[90m [39m[90mnon proposer cannot cancel proposal[39m[90m                                                                         [39m [90m0.35s[39m  
                     
  [30;42;1m PASS [39;49;22m[39m Tests\Feature\Election\ElectionVotingLockColumnsMigrationTest[39m
  [32;1m✓[39;22m[90m [39m[90mhas voting locked column[39m[90m                                                                                    [39m [90m0.23s[39m  
  [32;1m✓[39;22m[90m [39m[90mvoting locked column exists[39m[90m                                                                                 [39m [90m0.20s[39m  
  [32;1m✓[39;22m[90m [39m[90mhas voting locked at column[39m[90m                                                                                 [39m [90m0.31s[39m  
  [32;1m✓[39;22m[90m [39m[90mhas voting locked by column[39m[90m                                                                                 [39m [90m0.22s[39m  
  [32;1m✓[39;22m[90m [39m[90mhas results locked column[39m[90m                                                                                   [39m [90m0.34s[39m  
  [32;1m✓[39;22m[90m [39m[90mresults locked column exists[39m[90m                                                                                [39m [90m0.21s[39m  
  [32;1m✓[39;22m[90m [39m[90mhas results locked at column[39m[90m                                                                                [39m [90m0.19s[39m  
            
  [30;42;1m PASS [39;49;22m[39m Tests\Feature\Election\GraduatedStrictActivationTest[39m
  [32;1m✓[39;22m[90m [39m[90mlevel 1 metrics strict records without blocking[39m[90m                                                             [39m [90m0.21s[39m  
  [32;1m✓[39;22m[90m [39m[90menforcement level checks work correctly[39m[90m                                                                     [39m [90m0.18s[39m  
  [32;1m✓[39;22m[90m [39m[90mlevel names are correct[39m[90m                                                                                     [39m [90m0.29s[39m  
  [32;1m✓[39;22m[90m [39m[90mmetrics health report structure[39m[90m                                                                             [39m [90m0.21s[39m  
         
  [30;42;1m PASS [39;49;22m[39m Tests\Feature\Election\LegacyVoteRouteTest[39m
  [32;1m✓[39;22m[90m [39m[90mlegacy route rejects user not registered for any election[39m[90m                                                   [39m [90m0.36s[39m  
  [32;1m✓[39;22m[90m [39m[90mlegacy route accepts user registered for the election[39m[90m                                                       [39m [90m0.32s[39m  
  [32;1m✓[39;22m[90m [39m[90mlegacy route rejects user registered for different election[39m[90m                                                 [39m [90m0.43s[39m  
                  
  [30;42;1m PASS [39;49;22m[39m Tests\Feature\Election\Phase_C25_SovereigntyBehavioralInvariantsTest[39m
  [32;1m✓[39;22m[90m [39m[90mstate change alone does not grant authority[39m[90m                                                                 [39m [90m0.39s[39m  
  [32;1m✓[39;22m[90m [39m[90mresolver is sole authority source[39m[90m                                                                           [39m [90m0.23s[39m  
  [32;1m✓[39;22m[90m [39m[90mlifecycle facade is transparent passthrough[39m[90m                                                                 [39m [90m0.33s[39m  
  [32;1m✓[39;22m[90m [39m[90mis action allowed is consistent with allowed actions array[39m[90m                                                  [39m [90m0.41s[39m  
  [32;1m✓[39;22m[90m [39m[90msuspended overlay respects constitutional authority[39m[90m                                                         [39m [90m0.28s[39m  
  [32;1m✓[39;22m[90m [39m[90mwith snapshot optimization is transparent[39m[90m                                                                   [39m [90m0.32s[39m  
                        
  [30;42;1m PASS [39;49;22m[39m Tests\Feature\Election\ResultsPublicationTest[39m
  [32;1m✓[39;22m[90m [39m[90mviewboard requires authentication[39m[90m                                                                           [39m [90m0.22s[39m  
  [32;1m✓[39;22m[90m [39m[90mviewboard renders correct inertia props[39m[90m                                                                     [39m [90m0.37s[39m  
  [32;1m✓[39;22m[90m [39m[90mpublish requires chief authorization[39m[90m                                                                        [39m [90m0.26s[39m  
  [32;1m✓[39;22m[90m [39m[90mpublish transitions state machine[39m[90m                                                                           [39m [90m0.38s[39m  
  [32;1m✓[39;22m[90m [39m[90mpublish dispatches results published event[39m[90m                                                                  [39m [90m0.46s[39m  
  [32;1m✓[39;22m[90m [39m[90munpublish requires authorization[39m[90m                                                                            [39m [90m0.37s[39m  
  [32;1m✓[39;22m[90m [39m[90munpublish by chief sets results unpublished[39m[90m                                                                 [39m [90m0.24s[39m  
  [32;1m✓[39;22m[90m [39m[90munpublish dispatches results unpublished event[39m[90m                                                              [39m [90m0.24s[39m  
                           
  [30;42;1m PASS [39;49;22m[39m Tests\Feature\Election\Security\SecuritySchemaTest[39m
  [32;1m✓[39;22m[90m [39m[90melection has network binding strategy column[39m[90m                                                                [39m [90m0.20s[39m  
  [32;1m✓[39;22m[90m [39m[90melection has device binding strategy column[39m[90m                                                                 [39m [90m0.31s[39m  
  [32;1m✓[39;22m[90m [39m[90melection has max votes per ip column[39m[90m                                                                        [39m [90m0.20s[39m  
  [32;1m✓[39;22m[90m [39m[90melection has ballot authorization protocol column[39m[90m                                                           [39m [90m0.27s[39m  
  [32;1m✓[39;22m[90m [39m[90melection has trust overlay columns[39m[90m                                                                          [39m [90m0.17s[39m  
  [32;1m✓[39;22m[90m [39m[90melection security events table exists[39m[90m                                                                       [39m [90m0.21s[39m  
  [32;1m✓[39;22m[90m [39m[90melection security event cannot be updated[39m[90m                                                                   [39m [90m0.28s[39m  
  [32;1m✓[39;22m[90m [39m[90melection security event cannot be deleted[39m[90m                                                                   [39m [90m0.20s[39m  
  [32;1m✓[39;22m[90m [39m[90melection security event retention days defaults to 730[39m[90m                                                      [39m [90m0.15s[39m  
               
  [39;41;1m FAIL [39;49;22m[39m Tests\Feature\Election\StateMachineTransitionAuditTest[39m
  [31;1m⨯[39;22m[90m [39m[90mcomplete administration creates audit record via transition to[39m[90m                                              [39m [90m0.24s[39m  
  [32;1m✓[39;22m[90m [39m[90mcomplete nomination does not change state to voting[39m[90m                                                         [39m [90m0.23s[39m  
  [32;1m✓[39;22m[90m [39m[90mcomplete nomination sets nomination completed flag without changing state[39m[90m                                   [39m [90m0.26s[39m  
  [31;1m⨯[39;22m[90m [39m[90mpublish results controller transitions state to results via transition to[39m[90m                                   [39m [90m0.21s[39m  
  [31;1m⨯[39;22m[90m [39m[90mpublish results creates audit record[39m[90m                                                                        [39m [90m0.21s[39m  
                                                                        
  [30;42;1m PASS [39;49;22m[39m Tests\Feature\Election\StateMachine\CurrentBehaviorTest[39m
  [32;1m✓[39;22m[90m [39m[90mnew election derives to draft state[39m[90m                                                                         [39m [90m0.22s[39m  
  [32;1m✓[39;22m[90m [39m[90melection with submitted for approval at derives correctly[39m[90m                                                   [39m [90m0.35s[39m  
  [32;1m✓[39;22m[90m [39m[90melection with approved at derives to approved[39m[90m                                                               [39m [90m0.21s[39m  
  [32;1m✓[39;22m[90m [39m[90melection with setup started derives to setup[39m[90m                                                                [39m [90m0.39s[39m  
  [32;1m✓[39;22m[90m [39m[90melection with nomination window open derives to setup nomination[39m[90m                                            [39m [90m0.41s[39m  
  [32;1m✓[39;22m[90m [39m[90melection ready for voting derives correctly[39m[90m                                                                 [39m [90m0.29s[39m  
  [32;1m✓[39;22m[90m [39m[90melection with voting window open derives to voting active[39m[90m                                                   [39m [90m0.32s[39m  
  [32;1m✓[39;22m[90m [39m[90melection with voting ended derives to counting[39m[90m                                                              [39m [90m0.34s[39m  
  [32;1m✓[39;22m[90m [39m[90melection with published results derives to results published[39m[90m                                                [39m [90m0.32s[39m  
  [32;1m✓[39;22m[90m [39m[90melection with rejected at derives to rejected[39m[90m                                                               [39m [90m0.31s[39m  
  [32;1m✓[39;22m[90m [39m[90melection with archived at derives to archived[39m[90m                                                               [39m [90m0.29s[39m  
  [32;1m✓[39;22m[90m [39m[90msubmit for approval transition[39m[90m                                                                              [39m [90m0.43s[39m  
  [32;1m✓[39;22m[90m [39m[90mapprove transition[39m[90m                                                                                          [39m [90m0.38s[39m  
  [32;1m✓[39;22m[90m [39m[90mbegin setup transition[39m[90m                                                                                      [39m [90m0.34s[39m  
  [32;1m✓[39;22m[90m [39m[90mcomplete administration transition[39m[90m                                                                          [39m [90m0.49s[39m  
  [32;1m✓[39;22m[90m [39m[90mopen voting transition[39m[90m                                                                                      [39m [90m0.43s[39m  
  [32;1m✓[39;22m[90m [39m[90mclose voting transition[39m[90m                                                                                     [39m [90m0.46s[39m  
  [32;1m✓[39;22m[90m [39m[90mpublish results transition[39m[90m                                                                                  [39m [90m0.48s[39m  
  [32;1m✓[39;22m[90m [39m[90mvoting active can vote[39m[90m                                                                                      [39m [90m0.38s[39m  
  [32;1m✓[39;22m[90m [39m[90mready for voting cannot vote[39m[90m                                                                                [39m [90m0.38s[39m  
  [32;1m✓[39;22m[90m [39m[90msetup can edit timeline[39m[90m                                                                                     [39m [90m0.39s[39m  
  [32;1m✓[39;22m[90m [39m[90mdraft allowed actions[39m[90m                                                                                       [39m [90m0.40s[39m  
  [32;1m✓[39;22m[90m [39m[90msubmitted for approval allowed actions[39m[90m                                                                      [39m [90m0.30s[39m  
  [32;1m✓[39;22m[90m [39m[90mvoting active allowed actions[39m[90m                                                                               [39m [90m0.23s[39m  
                        
  [39;41;1m FAIL [39;49;22m[39m Tests\Feature\Election\TimelineEditing\TimelineCapabilityAuthorizationTest[39m
  [31;1m⨯[39;22m[90m [39m[90mcan edit timeline in draft state[39m
  [31;1m⨯[39;22m[90m [39m[90mcannot edit timeline in voting active state[39m
  [31;1m⨯[39;22m[90m [39m[90mcannot edit timeline in counting state[39m
  [31;1m⨯[39;22m[90m [39m[90mcannot edit timeline in results published state[39m
  [31;1m⨯[39;22m[90m [39m[90mcan edit timeline in approved state[39m
  [31;1m⨯[39;22m[90m [39m[90mcan edit timeline in setup state[39m
  [31;1m⨯[39;22m[90m [39m[90mauthorization error message includes state context[39m
  [31;1m⨯[39;22m[90m [39m[90mauthorization uses lifecycle snapshot not old state machine[39m
            
  [39;41;1m FAIL [39;49;22m[39m Tests\Feature\Election\VoterDropdownTest[39m
  [31;1m⨯[39;22m[90m [39m[90mdropdown shows only eligible members[39m
  [31;1m⨯[39;22m[90m [39m[90mdropdown excludes members with unpaid fees[39m
  [31;1m⨯[39;22m[90m [39m[90mdropdown excludes associate type members[39m
  [31;1m⨯[39;22m[90m [39m[90mdropdown excludes already assigned voters[39m
                                                                                 
  [39;41;1m FAIL [39;49;22m[39m Tests\Feature\Election\VoterEligibilityTest[39m
  [32;1m✓[39;22m[90m [39m[90meligible voter with paid fees and voting type[39m[90m                                                               [39m [90m0.46s[39m  
  [32;1m✓[39;22m[90m [39m[90meligible voter with exempt fees[39m[90m                                                                             [39m [90m0.37s[39m  
  [32;1m✓[39;22m[90m [39m[90meligible voter with null expiry lifetime member[39m[90m                                                             [39m [90m0.38s[39m  
  [32;1m✓[39;22m[90m [39m[90meligible voter with future expiry[39m[90m                                                                           [39m [90m0.41s[39m  
  [32;1m✓[39;22m[90m [39m[90mineligible if fees status is unpaid[39m[90m                                                                         [39m [90m0.38s[39m  
  [32;1m✓[39;22m[90m [39m[90mineligible if fees status is partial[39m[90m                                                                        [39m [90m0.35s[39m  
  [32;1m✓[39;22m[90m [39m[90mineligible if membership type does not grant voting[39m[90m                                                         [39m [90m0.40s[39m  
  [32;1m✓[39;22m[90m [39m[90mineligible if membership expired[39m[90m                                                                            [39m [90m0.43s[39m  
  [32;1m✓[39;22m[90m [39m[90mineligible if member status is suspended[39m[90m                                                                    [39m [90m0.35s[39m  
  [32;1m✓[39;22m[90m [39m[90mineligible if member is soft deleted[39m[90m                                                                        [39m [90m0.36s[39m  
  [32;1m✓[39;22m[90m [39m[90mineligible if no member record exists[39m[90m                                                                       [39m [90m0.36s[39m  
  [32;1m✓[39;22m[90m [39m[90mstore assigns eligible member as voter[39m[90m                                                                      [39m [90m0.46s[39m  
  [32;1m✓[39;22m[90m [39m[90mstore rejects user without member record[39m[90m                                                                    [39m [90m0.59s[39m  
  [32;1m✓[39;22m[90m [39m[90mstore rejects member with unpaid fees[39m[90m                                                                       [39m [90m0.59s[39m  
  [31;1m⨯[39;22m[90m [39m[90mstore rejects associate type member[39m[90m                                                                         [39m [90m0.63s[39m  
  [31;1m⨯[39;22m[90m [39m[90mstore rejects member with expired membership[39m[90m                                                                [39m [90m0.59s[39m  
  [32;1m✓[39;22m[90m [39m[90mbulk store assigns only eligible members[39m[90m                                                                    [39m [90m0.49s[39m  
  [32;1m✓[39;22m[90m [39m[90mbulk store with all eligible users[39m[90m                                                                          [39m [90m0.44s[39m  
  [32;1m✓[39;22m[90m [39m[90mbulk store with none eligible inserts zero rows[39m[90m                                                             [39m [90m0.50s[39m  
  [31;1m⨯[39;22m[90m [39m[90mbulk assign filters out ineligible users[39m[90m                                                                    [39m [90m0.53s[39m  
  [31;1m⨯[39;22m[90m [39m[90mbulk assign all eligible creates all records[39m[90m                                                                [39m [90m0.58s[39m  
  [31;1m⨯[39;22m[90m [39m[90mbulk assign skips already assigned voter[39m[90m                                                                    [39m [90m0.40s[39m  
  [31;1m⨯[39;22m[90m [39m[90mbulk assign blocks associate type member[39m[90m                                                                    [39m [90m0.32s[39m  
  [31;1m⨯[39;22m[90m [39m[90mimport preview marks eligible member as valid[39m[90m                                                               [39m [90m0.42s[39m  
  [31;1m⨯[39;22m[90m [39m[90mimport preview marks unpaid member as invalid[39m[90m                                                               [39m [90m0.45s[39m  
  [31;1m⨯[39;22m[90m [39m[90mimport preview marks user without member record as invalid[39m[90m                                                  [39m [90m0.41s[39m  
  [31;1m⨯[39;22m[90m [39m[90mimport preview marks expired member as invalid[39m[90m                                                              [39m [90m0.52s[39m  
                           
  [30;42;1m PASS [39;49;22m[39m Tests\Feature\Election\VoterImportStateGateTest[39m
  [32;1m✓[39;22m[90m [39m[90mimport page is accessible in setup administration state[39m[90m                                                     [39m [90m0.50s[39m  
  [32;1m✓[39;22m[90m [39m[90mimport page is forbidden in draft state[39m[90m                                                                     [39m [90m0.42s[39m  
  [32;1m✓[39;22m[90m [39m[90mimport page is forbidden in voting active state[39m[90m                                                             [39m [90m0.46s[39m  
  [32;1m✓[39;22m[90m [39m[90mimport page is forbidden in approved state[39m[90m                                                                  [39m [90m0.45s[39m  
  [32;1m✓[39;22m[90m [39m[90mtemplate download is forbidden outside setup administration[39m[90m                                                 [39m [90m0.42s[39m  
  [32;1m✓[39;22m[90m [39m[90mpreview is forbidden outside setup administration[39m[90m                                                           [39m [90m0.68s[39m  
  [32;1m✓[39;22m[90m [39m[90mimport action is forbidden outside setup administration[39m[90m                                                     [39m [90m0.53s[39m  
  [32;1m✓[39;22m[90m [39m[90mtutorial is accessible regardless of state[39m[90m                                                                  [39m [90m0.40s[39m  
  [32;1m✓[39;22m[90m [39m[90munauthorized users cannot access import even in correct state[39m[90m                                               [39m [90m0.49s[39m  
         
  [39;41;1m FAIL [39;49;22m[39m Tests\Feature\Election\VoterStrategyMigrationIntegrityTest[39m
  [31;1m⨯[39;22m[90m [39m[90mlegacy org true maps correctly via from organisation[39m[90m                                                        [39m [90m0.28s[39m  
  [31;1m⨯[39;22m[90m [39m[90mlegacy org false maps correctly via from organisation[39m[90m                                                       [39m [90m0.24s[39m  
  [31;1m⨯[39;22m[90m [39m[90mlegacy election null snapshot falls back to org[39m[90m                                                             [39m [90m0.28s[39m  
               
  [30;42;1m PASS [39;49;22m[39m Tests\Feature\Election\VoterStrategySnapshotTest[39m
  [32;1m✓[39;22m[90m [39m[90melection creation atomically snaps voter source from election only org[39m[90m                                      [39m [90m0.30s[39m  
  [32;1m✓[39;22m[90m [39m[90melection creation atomically snaps voter source from full membership org[39m[90m                                    [39m [90m0.24s[39m  
  [32;1m✓[39;22m[90m [39m[90morg strategy change after election creation does not alter election snapshot[39m[90m                                [39m [90m0.29s[39m  
  [32;1m✓[39;22m[90m [39m[90melection mode from election uses snapshot when present[39m[90m                                                      [39m [90m0.18s[39m  
  [32;1m✓[39;22m[90m [39m[90melection mode from election throws when snapshot null[39m[90m                                                       [39m [90m0.17s[39m  
                              
  [39;41;1m FAIL [39;49;22m[39m Tests\Feature\Election\VoterVerificationTest[39m
  [31;1m⨯[39;22m[90m [39m[90madmin can save voter verification[39m[90m                                                                           [39m [90m0.44s[39m  
  [31;1m⨯[39;22m[90m [39m[90madmin can save verification with ip only[39m[90m                                                                    [39m [90m0.29s[39m  
  [31;1m⨯[39;22m[90m [39m[90madmin can revoke voter verification[39m[90m                                                                         [39m [90m0.33s[39m  
  [31;1m⨯[39;22m[90m [39m[90mre verifying updates existing record[39m[90m                                                                        [39m [90m0.59s[39m  
  [32;1m✓[39;22m[90m [39m[90mnon admin cannot save verification[39m[90m                                                                          [39m [90m0.40s[39m  
  [33;1m-[39;22m[90m [39m[90mvoter not verified is blocked when mode not none[39m[90m [39m[33m→ Voting enforcement endpoint not yet implemented[39m[90m          [39m [90m0.26s[39m  
  [33;1m-[39;22m[90m [39m[90mvoter on wrong ip is blocked[39m[90m [39m[33m→ Voting enforcement endpoint not yet implemented[39m[90m                              [39m [90m0.27s[39m  
  [33;1m-[39;22m[90m [39m[90mvoter on wrong device is blocked[39m[90m [39m[33m→ Voting enforcement endpoint not yet implemented[39m[90m                          [39m [90m0.34s[39m  
  [33;1m-[39;22m[90m [39m[90mverification not enforced when mode is none[39m[90m [39m[33m→ Voting enforcement endpoint not yet implemented[39m[90m               [39m [90m0.28s[39m  
  [33;1m-[39;22m[90m [39m[90mverified voter bypasses election ip count limit[39m[90m [39m[33m→ Voting enforcement endpoint not yet implemented[39m[90m           [39m [90m0.23s[39m  
                           
  [39;41;1m FAIL [39;49;22m[39m Tests\Feature\Election\VotingButtonsStateMachineIntegrationTest[39m
  [32;1m✓[39;22m[90m [39m[90mopen voting transitions from nomination to voting[39m[90m                                                           [39m [90m0.39s[39m  
  [32;1m✓[39;22m[90m [39m[90mopen voting rejects if not in nomination state[39m[90m                                                              [39m [90m0.44s[39m  
  [31;1m⨯[39;22m[90m [39m[90mopen voting rejects if missing candidates[39m[90m                                                                   [39m [90m0.49s[39m  
  [32;1m✓[39;22m[90m [39m[90mclose voting transitions from voting to results pending[39m[90m                                                     [39m [90m0.54s[39m  
  [32;1m✓[39;22m[90m [39m[90mclose voting rejects if not in voting state[39m[90m                                                                 [39m [90m0.58s[39m  
  [32;1m✓[39;22m[90m [39m[90mclose voting prevents double close[39m[90m                                                                          [39m [90m0.70s[39m  
  [32;1m✓[39;22m[90m [39m[90mopen voting records actor id in audit[39m[90m                                                                       [39m [90m0.75s[39m  
  [32;1m✓[39;22m[90m [39m[90mclose voting records actor id in audit[39m[90m                                                                      [39m [90m0.70s[39m  
  [32;1m✓[39;22m[90m [39m[90mopen voting is idempotent with concurrent requests[39m[90m                                                          [39m [90m0.81s[39m  
                              
  [30;42;1m PASS [39;49;22m[39m Tests\Feature\Election\VotingButtonsStateMachineTest[39m
  [32;1m✓[39;22m[90m [39m[90melection transition to voting creates transition record[39m[90m                                                     [39m [90m0.63s[39m  
  [32;1m✓[39;22m[90m [39m[90melection transition to voting locks voting and completes nomination[39m[90m                                         [39m [90m0.69s[39m  
  [32;1m✓[39;22m[90m [39m[90mopen voting transitions from nomination to voting[39m[90m                                                           [39m [90m0.59s[39m  
  [32;1m✓[39;22m[90m [39m[90mopen voting rejects if not in nomination state[39m[90m                                                              [39m [90m0.63s[39m  
  [32;1m✓[39;22m[90m [39m[90mopen voting creates state transition record[39m[90m                                                                 [39m [90m0.85s[39m  
  [32;1m✓[39;22m[90m [39m[90mopen voting locks voting immediately[39m[90m                                                                        [39m [90m0.63s[39m  
  [32;1m✓[39;22m[90m [39m[90mclose voting transitions from voting to results pending[39m[90m                                                     [39m [90m0.64s[39m  
  [32;1m✓[39;22m[90m [39m[90mclose voting rejects if not in voting state[39m[90m                                                                 [39m [90m0.54s[39m  
  [32;1m✓[39;22m[90m [39m[90mclose voting creates state transition record[39m[90m                                                                [39m [90m0.72s[39m  
  [32;1m✓[39;22m[90m [39m[90mclose voting prevents double close when already locked and ended[39m[90m                                            [39m [90m0.54s[39m  
                           
  [30;42;1m PASS [39;49;22m[39m Tests\Feature\Election\VotingClosureValidationTest[39m
  [32;1m✓[39;22m[90m [39m[90mclose voting works even if voting started in past[39m[90m                                                           [39m [90m0.28s[39m  
  [32;1m✓[39;22m[90m [39m[90menforce voting lock works even if voting started in past[39m[90m                                                    [39m [90m0.23s[39m  
  [32;1m✓[39;22m[90m [39m[90mvalidate timeline for edit rejects past voting start on update[39m[90m                                              [39m [90m0.31s[39m  
  [32;1m✓[39;22m[90m [39m[90mvalidate timeline for edit rejects past voting start directly[39m[90m                                               [39m [90m0.26s[39m  
  [32;1m✓[39;22m[90m [39m[90mvalidate timeline permissive accepts past voting start[39m[90m                                                      [39m [90m0.23s[39m  
  [32;1m✓[39;22m[90m [39m[90mvalidate timeline still validates chronological order[39m[90m                                                       [39m [90m0.21s[39m  
  [32;1m✓[39;22m[90m [39m[90mvalidate timeline for edit validates chronological order[39m[90m                                                    [39m [90m0.33s[39m  
  [32;1m✓[39;22m[90m [39m[90mvalidate timeline for edit allows future voting start[39m[90m                                                       [39m [90m0.25s[39m  
  [32;1m✓[39;22m[90m [39m[90mreal election type enforces strict timeline validation[39m[90m                                                      [39m [90m0.30s[39m  
                  
  [30;42;1m PASS [39;49;22m[39m Tests\Feature\Eligibility\EligibilityInfrastructureTest[39m
  [32;1m✓[39;22m[90m [39m[90morganisation users stores active status[39m[90m                                                                     [39m [90m0.23s[39m  
  [32;1m✓[39;22m[90m [39m[90morganisation users supports soft delete[39m[90m                                                                     [39m [90m0.25s[39m  
  [32;1m✓[39;22m[90m [39m[90mdefault query excludes soft deleted[39m[90m                                                                         [39m [90m0.29s[39m  
  [32;1m✓[39;22m[90m [39m[90mwith trashed query includes soft deleted[39m[90m                                                                    [39m [90m0.39s[39m  
  [32;1m✓[39;22m[90m [39m[90mstatus filtering works[39m[90m                                                                                      [39m [90m0.30s[39m  
  [32;1m✓[39;22m[90m [39m[90mstatus and soft delete combined[39m[90m                                                                             [39m [90m0.30s[39m  
               
  [39;41;1m FAIL [39;49;22m[39m Tests\Feature\EmailVerificationTest[39m
  [32;1m✓[39;22m[90m [39m[90memail verification screen can be rendered[39m[90m                                                                   [39m [90m0.44s[39m  
  [32;1m✓[39;22m[90m [39m[90memail can be verified[39m[90m                                                                                       [39m [90m0.37s[39m  
  [32;1m✓[39;22m[90m [39m[90memail can not verified with invalid hash[39m[90m                                                                    [39m [90m0.31s[39m  
  [31;1m⨯[39;22m[90m [39m[90mfirst time user redirected to welcome dashboard after email verification[39m[90m                                    [39m [90m0.28s[39m  
  [31;1m⨯[39;22m[90m [39m[90mexisting user with roles redirected to roles dashboard after email verification[39m[90m                             [39m [90m0.34s[39m  
                        
  [39;41;1m FAIL [39;49;22m[39m Tests\Feature\ExceptionHandlingTest[39m
  [31;1m⨯[39;22m[90m [39m[90minvalid voter slug throws 404[39m
  [31;1m⨯[39;22m[90m [39m[90mexpired voter slug throws appropriate error[39m
  [31;1m⨯[39;22m[90m [39m[90munauthenticated user cannot access voting routes[39m
  [31;1m⨯[39;22m[90m [39m[90mcross organisation access returns 404[39m
  [31;1m⨯[39;22m[90m [39m[90minactive voter slug is rejected[39m
  [31;1m⨯[39;22m[90m [39m[90mexception provides user friendly message[39m
  [31;1m⨯[39;22m[90m [39m[90morganisation mismatch returns 500 or 404[39m
  [31;1m⨯[39;22m[90m [39m[90minvalid election type returns appropriate error[39m
                     
  [39;41;1m FAIL [39;49;22m[39m Tests\Feature\ExistingVotingControllersIntegrationTest[39m
  [31;1m⨯[39;22m[90m [39m[90mslug based code controller create works[39m[90m                                                                     [39m [90m0.32s[39m  
  [31;1m⨯[39;22m[90m [39m[90mslug based code controller store advances step[39m[90m                                                              [39m [90m0.33s[39m  
  [31;1m⨯[39;22m[90m [39m[90mslug based vote controller create requires step 3[39m[90m                                                           [39m [90m0.26s[39m  
  [31;1m⨯[39;22m[90m [39m[90mvote submission advances through steps[39m[90m                                                                      [39m [90m0.23s[39m  
  [31;1m⨯[39;22m[90m [39m[90mexisting vote eligibility middleware works with slugs[39m[90m                                                       [39m [90m0.20s[39m  
  [31;1m⨯[39;22m[90m [39m[90mslug expiry blocks access to existing controllers[39m[90m                                                           [39m [90m0.19s[39m  
  [31;1m⨯[39;22m[90m [39m[90mcode creation stores slug reference[39m[90m                                                                         [39m [90m0.17s[39m  
                  
  [30;42;1m PASS [39;49;22m[39m Tests\Feature\ExpiredCodeAutoRegenerationTest[39m
  [32;1m✓[39;22m[90m [39m[90mexpired code is automatically regenerated[39m[90m                                                                   [39m [90m0.46s[39m  
  [32;1m✓[39;22m[90m [39m[90mfresh code is not regenerated[39m[90m                                                                               [39m [90m0.26s[39m  
  [32;1m✓[39;22m[90m [39m[90mexpired verified code is regenerated[39m[90m                                                                        [39m [90m0.41s[39m  
  [32;1m✓[39;22m[90m [39m[90mfresh verified code is not regenerated[39m[90m                                                                      [39m [90m0.31s[39m  
  [32;1m✓[39;22m[90m [39m[90mregenerated code has fresh timestamp[39m[90m                                                                        [39m [90m0.48s[39m  
  [32;1m✓[39;22m[90m [39m[90mexpired code regeneration returns success[39m[90m                                                                   [39m [90m0.34s[39m  
               
  [39;41;1m FAIL [39;49;22m[39m Tests\Feature\Finance\FeePaidProjectionTest[39m
  [31;1m⨯[39;22m[90m [39m[90mfee paid creates income record[39m[90m                                                                              [39m [90m0.65s[39m  
  [31;1m⨯[39;22m[90m [39m[90mincome projection is idempotent[39m[90m                                                                             [39m [90m0.34s[39m  
  [31;1m⨯[39;22m[90m [39m[90mincome preserves event audit trail in metadata[39m[90m                                                              [39m [90m0.31s[39m  
  [31;1m⨯[39;22m[90m [39m[90mincome uses payment received date for period[39m[90m                                                                [39m [90m0.30s[39m  
  [31;1m⨯[39;22m[90m [39m[90mnon fee paid events are ignored[39m[90m                                                                             [39m [90m0.28s[39m  
               
  [39;41;1m FAIL [39;49;22m[39m Tests\Feature\Finance\IncomeOrganisationMigrationTest[39m
  [32;1m✓[39;22m[90m [39m[90mincome table has organisation id column[39m[90m                                                                     [39m [90m0.29s[39m  
  [32;1m✓[39;22m[90m [39m[90mincome table has source type column[39m[90m                                                                         [39m [90m0.23s[39m  
  [32;1m✓[39;22m[90m [39m[90mincome table has source id column[39m[90m                                                                           [39m [90m0.21s[39m  
  [31;1m⨯[39;22m[90m [39m[90mincome can be created with organisation id[39m[90m                                                                  [39m [90m0.24s[39m  
  [33;1m![39;22m[90m [39m[90mexisting income records have organisation id after backfill[39m[90m [39m[33m→ This test did not perform any assertions[39m[90m      [39m [90m0.25s[39m  
                        
  [39;41;1m FAIL [39;49;22m[39m Tests\Feature\Finance\MemberPaymentIntegrationTest[39m
  [31;1m⨯[39;22m[90m [39m[90mfull payment flow creates all records[39m[90m                                                                       [39m [90m0.59s[39m  
  [31;1m⨯[39;22m[90m [39m[90mevent is dispatched[39m[90m                                                                                         [39m [90m0.38s[39m  
  [31;1m⨯[39;22m[90m [39m[90mevent listener creates income record[39m[90m                                                                        [39m [90m0.48s[39m  
  [31;1m⨯[39;22m[90m [39m[90mincome record links back to membership payment[39m[90m                                                              [39m [90m0.61s[39m  
  [31;1m⨯[39;22m[90m [39m[90mincome appears in existing finance module[39m[90m                                                                   [39m [90m0.54s[39m  
  [31;1m⨯[39;22m[90m [39m[90mconcurrent payment prevents duplicate income records[39m[90m                                                        [39m [90m0.61s[39m  
  [32;1m✓[39;22m[90m [39m[90mcannot pay fee from different organisation[39m[90m                                                                  [39m [90m0.51s[39m  
  [31;1m⨯[39;22m[90m [39m[90mcannot pay already paid fee[39m[90m                                                                                 [39m [90m0.65s[39m  
               
  [39;41;1m FAIL [39;49;22m[39m Tests\Feature\Finance\MembershipPaymentMigrationTest[39m
  [32;1m✓[39;22m[90m [39m[90mmembership payments table exists[39m[90m                                                                            [39m [90m0.37s[39m  
  [31;1m⨯[39;22m[90m [39m[90mmembership payment can be created with required fields[39m[90m                                                      [39m [90m0.48s[39m  
  [32;1m✓[39;22m[90m [39m[90mmembership payment has foreign key to member[39m[90m                                                                [39m [90m0.35s[39m  
  [32;1m✓[39;22m[90m [39m[90mmembership payment has foreign key to fee[39m[90m                                                                   [39m [90m0.25s[39m  
  [31;1m⨯[39;22m[90m [39m[90mmembership payment has income id link[39m[90m                                                                       [39m [90m0.26s[39m  
                              
  [39;41;1m FAIL [39;49;22m[39m Tests\Feature\Finance\MembershipPaymentServiceTest[39m
  [31;1m⨯[39;22m[90m [39m[90mrecord payment creates membership payment record[39m[90m                                                            [39m [90m0.28s[39m  
  [31;1m⨯[39;22m[90m [39m[90mrecord payment marks fee as paid[39m[90m                                                                            [39m [90m0.39s[39m  
  [31;1m⨯[39;22m[90m [39m[90mrecord payment sets paid at on fee[39m[90m                                                                          [39m [90m0.27s[39m  
  [31;1m⨯[39;22m[90m [39m[90mrecord payment updates member fees status when all cleared[39m[90m                                                  [39m [90m0.27s[39m  
  [31;1m⨯[39;22m[90m [39m[90mrecord payment does not update member fees status when other fees remain[39m[90m                                    [39m [90m0.22s[39m  
  [31;1m⨯[39;22m[90m [39m[90mrecord payment fires membership fee paid event[39m[90m                                                              [39m [90m0.23s[39m  
  [31;1m⨯[39;22m[90m [39m[90mrecord payment uses lock for update preventing concurrent double payment[39m[90m                                    [39m [90m0.25s[39m  
  [31;1m⨯[39;22m[90m [39m[90mrecord payment throws if fee already paid[39m[90m                                                                   [39m [90m0.34s[39m  
  [31;1m⨯[39;22m[90m [39m[90mrecord payment returns membership payment instance[39m[90m                                                          [39m [90m0.24s[39m  
  [32;1m✓[39;22m[90m [39m[90mget outstanding fees returns only pending and overdue[39m[90m                                                       [39m [90m0.35s[39m  
               
  [30;42;1m PASS [39;49;22m[39m Tests\Feature\Geography\GeographicLevelControllerTest[39m
  [32;1m✓[39;22m[90m [39m[90mdefaults endpoint returns nepal levels[39m[90m                                                                      [39m [90m0.30s[39m  
  [32;1m✓[39;22m[90m [39m[90mdefaults endpoint returns 404 for unknown country[39m[90m                                                           [39m [90m0.23s[39m  
  [32;1m✓[39;22m[90m [39m[90mavailable endpoint returns max level for country[39m[90m                                                            [39m [90m0.30s[39m  
  [32;1m✓[39;22m[90m [39m[90mavailable endpoint returns empty array when no data[39m[90m                                                         [39m [90m0.21s[39m  
  [32;1m✓[39;22m[90m [39m[90mavailable endpoint case insensitive[39m[90m                                                                         [39m [90m0.23s[39m  
                  
  [30;42;1m PASS [39;49;22m[39m Tests\Feature\Geography\RegionApiTest[39m
  [32;1m✓[39;22m[90m [39m[90mregions index returns active regions[39m[90m                                                                        [39m [90m0.68s[39m  
  [32;1m✓[39;22m[90m [39m[90mregions index correct fields[39m[90m                                                                                [39m [90m0.28s[39m  
  [32;1m✓[39;22m[90m [39m[90mregions countries returns countries for region[39m[90m                                                              [39m [90m0.32s[39m  
  [32;1m✓[39;22m[90m [39m[90mregions countries 404 for unknown region[39m[90m                                                                    [39m [90m0.37s[39m  
  [32;1m✓[39;22m[90m [39m[90mregions countries empty when no pivot rows[39m[90m                                                                  [39m [90m0.39s[39m  
  [32;1m✓[39;22m[90m [39m[90mregions index throttled at 100 req per minute[39m[90m                                                               [39m [90m0.68s[39m  
                           
  [39;41;1m FAIL [39;49;22m[39m Tests\Feature\Governance\Api\CommitteeMemberApiTest[39m
  [31;1m⨯[39;22m[90m [39m[90mget committee members returns projection data[39m[90m                                                               [39m [90m0.41s[39m  
  [31;1m⨯[39;22m[90m [39m[90mapi enforces tenant isolation[39m[90m                                                                               [39m [90m0.26s[39m  
  [31;1m⨯[39;22m[90m [39m[90mempty committee returns empty members[39m[90m                                                                       [39m [90m0.33s[39m  
  [32;1m✓[39;22m[90m [39m[90massign member via post requires full setup[39m[90m                                                                  [39m [90m0.29s[39m  
  [31;1m⨯[39;22m[90m [39m[90massign member validates member id[39m[90m                                                                           [39m [90m0.44s[39m  
  [31;1m⨯[39;22m[90m [39m[90mremove member triggers domain command[39m[90m                                                                       [39m [90m0.30s[39m  
  [31;1m⨯[39;22m[90m [39m[90mremove nonexistent member is safe[39m[90m                                                                           [39m [90m0.28s[39m  
  [31;1m⨯[39;22m[90m [39m[90mapi endpoints are accessible[39m[90m                                                                                [39m [90m0.35s[39m  
  [31;1m⨯[39;22m[90m [39m[90mapi response has consistent dto shape[39m[90m                                                                       [39m [90m0.35s[39m  
      
  [30;42;1m PASS [39;49;22m[39m Tests\Feature\Governance\ExportLifecycleVocabularyTest[39m
  [32;1m✓[39;22m[90m [39m[90mcommand generates typescript file[39m[90m                                                                           [39m [90m0.40s[39m  
  [32;1m✓[39;22m[90m [39m[90mgenerated file contains all 12 states[39m[90m                                                                       [39m [90m1.11s[39m  
                     
  [30;42;1m PASS [39;49;22m[39m Tests\Feature\Governance\ParticipationFreezeTest[39m
  [32;1m✓[39;22m[90m [39m[90melections exist in locked states[39m[90m                                                                            [39m [90m0.21s[39m  
  [32;1m✓[39;22m[90m [39m[90melections in draft are not locked[39m[90m                                                                           [39m [90m0.33s[39m  
  [32;1m✓[39;22m[90m [39m[90mno elections means not locked[39m[90m                                                                               [39m [90m0.45s[39m  
  [32;1m✓[39;22m[90m [39m[90marchived elections are not locked[39m[90m                                                                           [39m [90m0.33s[39m  
  [32;1m✓[39;22m[90m [39m[90mis participation locked returns false for pre setup states[39m[90m                                                  [39m [90m0.25s[39m  
  [32;1m✓[39;22m[90m [39m[90mis participation locked returns true from setup administration[39m[90m                                              [39m [90m0.23s[39m  
  [32;1m✓[39;22m[90m [39m[90mis participation locked returns true for ready for voting[39m[90m                                                   [39m [90m0.32s[39m  
                        
  [30;42;1m PASS [39;49;22m[39m Tests\Feature\Governance\Projection\CommitteeMemberProjectionTest[39m
  [32;1m✓[39;22m[90m [39m[90mmember assignment creates projection record[39m[90m                                                                 [39m [90m0.72s[39m  
  [32;1m✓[39;22m[90m [39m[90mduplicate event processing is idempotent[39m[90m                                                                    [39m [90m0.31s[39m  
  [32;1m✓[39;22m[90m [39m[90mtenant isolation is enforced[39m[90m                                                                                [39m [90m0.44s[39m  
  [32;1m✓[39;22m[90m [39m[90mprojection contains all ui required fields[39m[90m                                                                  [39m [90m0.32s[39m  
  [32;1m✓[39;22m[90m [39m[90mmember removal deletes projection[39m[90m                                                                           [39m [90m0.56s[39m  
  [32;1m✓[39;22m[90m [39m[90mevent replay produces deterministic state[39m[90m                                                                   [39m [90m0.62s[39m  
  [32;1m✓[39;22m[90m [39m[90moutbox retry scenario remains consistent[39m[90m                                                                    [39m [90m0.46s[39m  
  [32;1m✓[39;22m[90m [39m[90msame member in multiple committees[39m[90m                                                                          [39m [90m0.44s[39m  
                  
  [39;41;1m FAIL [39;49;22m[39m Tests\Feature\Governance\Ui\CommitteeMemberManagerTest[39m
  [31;1m⨯[39;22m[90m [39m[90mcomponent can fetch committee members[39m[90m                                                                       [39m [90m0.39s[39m  
  [32;1m✓[39;22m[90m [39m[90mcomponent can add member via api[39m[90m                                                                            [39m [90m0.35s[39m  
  [31;1m⨯[39;22m[90m [39m[90mcomponent can remove member via api[39m[90m                                                                         [39m [90m0.31s[39m  
  [31;1m⨯[39;22m[90m [39m[90mcomponent shows validation error for invalid member id[39m[90m                                                      [39m [90m0.49s[39m  
  [31;1m⨯[39;22m[90m [39m[90mcomponent enforces tenant isolation[39m[90m                                                                         [39m [90m0.31s[39m  
  [31;1m⨯[39;22m[90m [39m[90mcomponent handles missing tenant context[39m[90m                                                                    [39m [90m0.46s[39m  
         
  [30;42;1m PASS [39;49;22m[39m Tests\Feature\Http\OrganisationGeographyControllerTest[39m
  [32;1m✓[39;22m[90m [39m[90mcascader config dto single country[39m[90m                                                                          [39m [90m0.47s[39m  
  [32;1m✓[39;22m[90m [39m[90mcascader config dto worldwide[39m[90m                                                                               [39m [90m0.42s[39m  
  [32;1m✓[39;22m[90m [39m[90mcascader config dto returns correct labels[39m[90m                                                                  [39m [90m0.31s[39m  
                     
  [30;42;1m PASS [39;49;22m[39m Tests\Feature\Import\MemberImportJobTest[39m
  [32;1m✓[39;22m[90m [39m[90mit stores raw file and returns 202 with job id[39m[90m                                                              [39m [90m1.12s[39m  
  [32;1m✓[39;22m[90m [39m[90mit rejects non csv files[39m[90m                                                                                    [39m [90m2.21s[39m  
  [32;1m✓[39;22m[90m [39m[90mit rejects unauthenticated request[39m[90m                                                                          [39m [90m0.77s[39m  
  [32;1m✓[39;22m[90m [39m[90mit rejects non member of organisation[39m[90m                                                                       [39m [90m0.55s[39m  
  [32;1m✓[39;22m[90m [39m[90mit returns status for a pending job[39m[90m                                                                         [39m [90m0.61s[39m  
  [32;1m✓[39;22m[90m [39m[90mit returns 403 for job belonging to different organisation[39m[90m                                                  [39m [90m0.99s[39m  
  [32;1m✓[39;22m[90m [39m[90mit returns real progress percentage[39m[90m                                                                         [39m [90m0.59s[39m  
                  
  [30;42;1m PASS [39;49;22m[39m Tests\Feature\Import\OrganisationUserImportTest[39m
  [32;1m✓[39;22m[90m [39m[90mimport page can be accessed[39m[90m                                                                                 [39m [90m1.04s[39m  
  [32;1m✓[39;22m[90m [39m[90mtemplate can be downloaded[39m[90m                                                                                 [39m [90m11.84s[39m  
  [32;1m✓[39;22m[90m [39m[90mpreview shows valid rows[39m[90m                                                                                    [39m [90m0.34s[39m  
  [32;1m✓[39;22m[90m [39m[90mimport creates users and hierarchy[39m[90m                                                                          [39m [90m0.46s[39m  
  [32;1m✓[39;22m[90m [39m[90mimport validates required fields[39m[90m                                                                            [39m [90m0.38s[39m  
  [32;1m✓[39;22m[90m [39m[90mnon owner cannot access import[39m[90m                                                                              [39m [90m0.39s[39m  
  [32;1m✓[39;22m[90m [39m[90mexport downloads current users[39m[90m                                                                              [39m [90m0.73s[39m  
  [32;1m✓[39;22m[90m [39m[90mimport handles existing users[39m[90m                                                                               [39m [90m0.56s[39m  
                  
  [39;41;1m FAIL [39;49;22m[39m Tests\Feature\Integration\VotingMembershipIntegrationTest[39m
  [31;1m⨯[39;22m[90m [39m[90mensure election voter middleware is in slug route chain[39m
  [31;1m⨯[39;22m[90m [39m[90munassigned voter is blocked at code create[39m
  [31;1m⨯[39;22m[90m [39m[90massigned voter can access code create[39m
  [31;1m⨯[39;22m[90m [39m[90mdemo election bypasses voter membership check[39m
  [31;1m⨯[39;22m[90m [39m[90malready voted user is still blocked after layer 0 added[39m
  [31;1m⨯[39;22m[90m [39m[90mvoter removed between submission and verification is blocked[39m
                        
  [39;41;1m FAIL [39;49;22m[39m Tests\Feature\IpRestriction\ElectionIpRestrictionTest[39m
  [31;1m⨯[39;22m[90m [39m[90mshow passes ip blocked true when per election limit reached[39m[90m                                                 [39m [90m0.25s[39m  
  [31;1m⨯[39;22m[90m [39m[90mshow passes ip blocked false for whitelisted ip at limit[39m[90m                                                    [39m [90m0.22s[39m  
  [31;1m⨯[39;22m[90m [39m[90mshow passes ip blocked false when under limit[39m[90m                                                               [39m [90m0.23s[39m  
  [31;1m⨯[39;22m[90m [39m[90mstart redirects with error when ip limit reached[39m[90m                                                            [39m [90m0.25s[39m  
  [31;1m⨯[39;22m[90m [39m[90mstart creates slug for whitelisted ip despite limit[39m[90m                                                         [39m [90m0.32s[39m  
  [31;1m⨯[39;22m[90m [39m[90mshow enforces global limit when per election restriction disabled[39m[90m                                           [39m [90m0.22s[39m  
  [31;1m⨯[39;22m[90m [39m[90mwhitelist bypasses global limit[39m[90m                                                                             [39m [90m0.25s[39m  
  [31;1m⨯[39;22m[90m [39m[90mshow passes correct remaining votes count[39m[90m                                                                   [39m [90m0.25s[39m  
                                 
  [39;41;1m FAIL [39;49;22m[39m Tests\Feature\Jobs\ScheduledJobsTest[39m
  [32;1m✓[39;22m[90m [39m[90mscheduled jobs are configured[39m[90m                                                                               [39m [90m0.36s[39m  
  [32;1m✓[39;22m[90m [39m[90mconsole commands are scheduled[39m[90m                                                                              [39m [90m0.28s[39m  
  [32;1m✓[39;22m[90m [39m[90mscheduled jobs have valid cron[39m[90m                                                                              [39m [90m0.25s[39m  
  [32;1m✓[39;22m[90m [39m[90mmaintenance mode tasks exist[39m[90m                                                                                [39m [90m0.32s[39m  
  [32;1m✓[39;22m[90m [39m[90mscheduled jobs are enabled[39m[90m                                                                                  [39m [90m0.24s[39m  
  [32;1m✓[39;22m[90m [39m[90mmultiple jobs can be scheduled[39m[90m                                                                              [39m [90m0.20s[39m  
  [32;1m✓[39;22m[90m [39m[90mschedule facade is accessible[39m[90m                                                                               [39m [90m0.17s[39m  
  [31;1m⨯[39;22m[90m [39m[90mscheduled jobs have callbacks[39m[90m                                                                               [39m [90m0.31s[39m  
  [32;1m✓[39;22m[90m [39m[90mscheduled jobs respect timezone[39m[90m                                                                             [39m [90m0.23s[39m  
  [32;1m✓[39;22m[90m [39m[90mschedule prevents overlaps[39m[90m                                                                                  [39m [90m0.21s[39m  
  [32;1m✓[39;22m[90m [39m[90mconsole kernel configured[39m[90m                                                                                   [39m [90m0.22s[39m  
                           
  [30;42;1m PASS [39;49;22m[39m Tests\Feature\Membership\ApplicationApprovedToVoterEligibilityTest[39m
  [32;1m✓[39;22m[90m [39m[90mapplication approval creates member with unpaid fees[39m[90m                                                        [39m [90m0.93s[39m  
  [32;1m✓[39;22m[90m [39m[90mapproved member with unpaid fees cannot be voter[39m[90m                                                            [39m [90m0.46s[39m  
  [32;1m✓[39;22m[90m [39m[90mmark paid transforms unpaid to exempt[39m[90m                                                                       [39m [90m0.54s[39m  
  [32;1m✓[39;22m[90m [39m[90mmarked paid member becomes voter eligible[39m[90m                                                                   [39m [90m0.66s[39m  
  [32;1m✓[39;22m[90m [39m[90mapproved member unpaid not in unassigned voters list[39m[90m                                                        [39m [90m0.61s[39m  
  [32;1m✓[39;22m[90m [39m[90mmarked paid member appears in unassigned voters list[39m[90m                                                        [39m [90m0.46s[39m  
  [32;1m✓[39;22m[90m [39m[90mapproved member has pending fee row[39m[90m                                                                         [39m [90m0.40s[39m  
  [32;1m✓[39;22m[90m [39m[90mmark paid waives pending fee row[39m[90m                                                                            [39m [90m0.49s[39m  
  [32;1m✓[39;22m[90m [39m[90mfull path a flow application approve mark paid voter eligible[39m[90m                                               [39m [90m0.46s[39m  
               
  [30;42;1m PASS [39;49;22m[39m Tests\Feature\Membership\CanonicalGeoProjectionTest[39m
  [32;1m✓[39;22m[90m [39m[90mpersist stores canonical geo id[39m[90m                                                                             [39m [90m0.35s[39m  
  [32;1m✓[39;22m[90m [39m[90mpersist sets null when no geo[39m[90m                                                                               [39m [90m0.41s[39m  
  [32;1m✓[39;22m[90m [39m[90mfind by id returns committee with geo identity[39m[90m                                                              [39m [90m0.27s[39m  
  [32;1m✓[39;22m[90m [39m[90mlegacy records without canonical geo id still load[39m[90m                                                          [39m [90m0.21s[39m  
  [32;1m✓[39;22m[90m [39m[90mcanonical format follows expected pattern[39m[90m                                                                   [39m [90m0.18s[39m  
      
  [30;42;1m PASS [39;49;22m[39m Tests\Feature\Membership\CommitteeManagementDomainTest[39m
  [32;1m✓[39;22m[90m [39m[90massign member to committee creates active assignment[39m[90m                                                        [39m [90m0.24s[39m  
  [32;1m✓[39;22m[90m [39m[90mremove member from committee marks assignment inactive[39m[90m                                                      [39m [90m0.29s[39m  
                                 
  [39;41;1m FAIL [39;49;22m[39m Tests\Feature\Membership\CommitteeManagementHttpTest[39m
  [32;1m✓[39;22m[90m [39m[90mguest cannot create committee[39m[90m                                                                               [39m [90m0.27s[39m  
  [32;1m✓[39;22m[90m [39m[90mnon admin cannot create committee[39m[90m                                                                           [39m [90m0.22s[39m  
  [32;1m✓[39;22m[90m [39m[90madmin can view create form[39m[90m                                                                                  [39m [90m0.28s[39m  
  [31;1m⨯[39;22m[90m [39m[90madmin can create committee[39m[90m                                                                                  [39m [90m0.27s[39m  
  [31;1m⨯[39;22m[90m [39m[90madmin can create committee with geo selections[39m[90m                                                              [39m [90m0.24s[39m  
  [31;1m⨯[39;22m[90m [39m[90madmin can view edit form[39m[90m                                                                                    [39m [90m0.27s[39m  
  [31;1m⨯[39;22m[90m [39m[90madmin can update committee[39m[90m                                                                                  [39m [90m0.26s[39m  
  [31;1m⨯[39;22m[90m [39m[90madmin can search members[39m[90m                                                                                    [39m [90m0.40s[39m  
  [32;1m✓[39;22m[90m [39m[90mmember search requires minimum query length[39m[90m                                                                 [39m [90m0.35s[39m  
  [31;1m⨯[39;22m[90m [39m[90massign member route exists[39m[90m                                                                                  [39m [90m0.23s[39m  
  [32;1m✓[39;22m[90m [39m[90mremove member route exists[39m[90m                                                                                  [39m [90m0.29s[39m  
                  
  [39;41;1m FAIL [39;49;22m[39m Tests\Feature\Membership\CommitteeManagementTest[39m
  [31;1m⨯[39;22m[90m [39m[90madmin can remove member from committee via http[39m[90m                                                             [39m [90m0.44s[39m  
  [31;1m⨯[39;22m[90m [39m[90mguest cannot remove member[39m[90m                                                                                  [39m [90m0.30s[39m  
  [31;1m⨯[39;22m[90m [39m[90mnon admin cannot remove member[39m[90m                                                                              [39m [90m0.26s[39m  
  [31;1m⨯[39;22m[90m [39m[90madmin can update committee name via http[39m[90m                                                                    [39m [90m0.35s[39m  
  [31;1m⨯[39;22m[90m [39m[90mguest cannot update committee[39m[90m                                                                               [39m [90m0.31s[39m  
  [31;1m⨯[39;22m[90m [39m[90mnon admin cannot update committee[39m[90m                                                                           [39m [90m0.27s[39m  
                              
  [30;42;1m PASS [39;49;22m[39m Tests\Feature\Membership\Domain\MemberCanVoteInElectionTest[39m
  [32;1m✓[39;22m[90m [39m[90mfull member with paid fees can vote in active election[39m[90m                                                      [39m [90m0.22s[39m  
  [32;1m✓[39;22m[90m [39m[90mfull member with exempt fees can vote in active election[39m[90m                                                    [39m [90m0.24s[39m  
  [32;1m✓[39;22m[90m [39m[90mfull member with unpaid fees cannot vote[39m[90m                                                                    [39m [90m0.24s[39m  
  [32;1m✓[39;22m[90m [39m[90mfull member with partial fees cannot vote[39m[90m                                                                   [39m [90m0.32s[39m  
  [32;1m✓[39;22m[90m [39m[90massociate member cannot vote even with paid fees[39m[90m                                                            [39m [90m0.23s[39m  
  [32;1m✓[39;22m[90m [39m[90massociate member cannot vote even with exempt fees[39m[90m                                                          [39m [90m0.20s[39m  
  [32;1m✓[39;22m[90m [39m[90mexpired member cannot vote regardless of fees[39m[90m                                                               [39m [90m0.35s[39m  
  [32;1m✓[39;22m[90m [39m[90msuspended member cannot vote[39m[90m                                                                                [39m [90m0.22s[39m  
  [32;1m✓[39;22m[90m [39m[90mmember cannot vote in election from different organisation[39m[90m                                                  [39m [90m0.22s[39m  
  [32;1m✓[39;22m[90m [39m[90mvoter platform role without member record is not covered by member model[39m[90m                                    [39m [90m0.22s[39m  
                                    
  [30;42;1m PASS [39;49;22m[39m Tests\Feature\Membership\Domain\MemberVotingRightsTest[39m
  [32;1m✓[39;22m[90m [39m[90mfull member with paid fees has full voting rights[39m[90m                                                           [39m [90m0.23s[39m  
  [32;1m✓[39;22m[90m [39m[90mfull member with partial fees has voice only voting rights[39m[90m                                                  [39m [90m0.21s[39m  
  [32;1m✓[39;22m[90m [39m[90mfull member with unpaid fees has no voting rights[39m[90m                                                           [39m [90m0.20s[39m  
  [32;1m✓[39;22m[90m [39m[90mfull member with exempt fees has full voting rights[39m[90m                                                         [39m [90m0.28s[39m  
  [32;1m✓[39;22m[90m [39m[90massociate member with paid fees has voice only not full[39m[90m                                                     [39m [90m0.22s[39m  
  [32;1m✓[39;22m[90m [39m[90massociate member with unpaid fees has no voting rights[39m[90m                                                      [39m [90m0.22s[39m  
  [32;1m✓[39;22m[90m [39m[90mexpired member always has no voting rights[39m[90m                                                                  [39m [90m0.20s[39m  
  [32;1m✓[39;22m[90m [39m[90msuspended member always has no voting rights[39m[90m                                                                [39m [90m0.20s[39m  
  [32;1m✓[39;22m[90m [39m[90mmember stores fees status in database[39m[90m                                                                       [39m [90m0.34s[39m  
  [32;1m✓[39;22m[90m [39m[90mfees status defaults to unpaid when not specified[39m[90m                                                           [39m [90m0.34s[39m  
  [32;1m✓[39;22m[90m [39m[90mmembership type stores grants voting rights flag[39m[90m                                                            [39m [90m0.15s[39m  
  [32;1m✓[39;22m[90m [39m[90mgrants voting rights defaults to false on new types[39m[90m                                                         [39m [90m0.14s[39m  
                           
  [30;42;1m PASS [39;49;22m[39m Tests\Feature\Membership\Domain\MembershipTypeVotingRightsTest[39m
  [32;1m✓[39;22m[90m [39m[90mmembership types table has grants voting rights column[39m[90m                                                      [39m [90m0.18s[39m  
  [32;1m✓[39;22m[90m [39m[90mnew membership type defaults grants voting rights to false[39m[90m                                                  [39m [90m0.15s[39m  
  [32;1m✓[39;22m[90m [39m[90mfull member type has grants voting rights true[39m[90m                                                              [39m [90m0.27s[39m  
  [32;1m✓[39;22m[90m [39m[90mfull member scope returns types with voting rights[39m[90m                                                          [39m [90m0.16s[39m  
  [32;1m✓[39;22m[90m [39m[90massociate member type has grants voting rights false[39m[90m                                                        [39m [90m0.16s[39m  
  [32;1m✓[39;22m[90m [39m[90massociate member scope returns types without voting rights[39m[90m                                                  [39m [90m0.16s[39m  
  [32;1m✓[39;22m[90m [39m[90mfull member scope is scoped to organisation[39m[90m                                                                 [39m [90m0.16s[39m  
  [32;1m✓[39;22m[90m [39m[90mmembership type can be upgraded from associate to full[39m[90m                                                      [39m [90m0.14s[39m  
  [32;1m✓[39;22m[90m [39m[90mmembership type can be downgraded from full to associate[39m[90m                                                    [39m [90m0.14s[39m  
                                                         
  [39;41;1m FAIL [39;49;22m[39m Tests\Feature\Membership\Domain\OrganisationParticipantTest[39m
  [32;1m✓[39;22m[90m [39m[90morganisation participants table exists[39m[90m                                                                      [39m [90m0.27s[39m  
  [32;1m✓[39;22m[90m [39m[90morganisation participants table has required columns[39m[90m                                                        [39m [90m0.19s[39m  
  [31;1m⨯[39;22m[90m [39m[90mcan create staff participant[39m[90m                                                                                [39m [90m0.22s[39m  
  [32;1m✓[39;22m[90m [39m[90mcan create guest participant with expiry[39m[90m                                                                    [39m [90m0.17s[39m  
  [31;1m⨯[39;22m[90m [39m[90mcan create election committee participant[39m[90m                                                                   [39m [90m0.18s[39m  
  [32;1m✓[39;22m[90m [39m[90mparticipant type must be one of allowed values[39m[90m                                                              [39m [90m0.20s[39m  
  [32;1m✓[39;22m[90m [39m[90mguest with past expiry date is expired[39m[90m                                                                      [39m [90m0.28s[39m  
  [32;1m✓[39;22m[90m [39m[90mguest with future expiry date is not expired[39m[90m                                                                [39m [90m0.19s[39m  
  [32;1m✓[39;22m[90m [39m[90mstaff participant without expiry is never expired[39m[90m                                                           [39m [90m0.19s[39m  
  [32;1m✓[39;22m[90m [39m[90mstaff scope returns only staff participants[39m[90m                                                                 [39m [90m0.28s[39m  
  [32;1m✓[39;22m[90m [39m[90mguests scope returns only guest participants[39m[90m                                                                [39m [90m0.33s[39m  
  [32;1m✓[39;22m[90m [39m[90melection committee scope returns only committee participants[39m[90m                                                [39m [90m0.30s[39m  
  [32;1m✓[39;22m[90m [39m[90morganisation has participants relationship[39m[90m                                                                  [39m [90m0.43s[39m  
  [32;1m✓[39;22m[90m [39m[90morganisation staff returns only staff[39m[90m                                                                       [39m [90m0.30s[39m  
  [32;1m✓[39;22m[90m [39m[90morganisation guests returns only guests[39m[90m                                                                     [39m [90m0.33s[39m  
  [32;1m✓[39;22m[90m [39m[90morganisation election committee returns only committee members[39m[90m                                              [39m [90m0.34s[39m  
  [32;1m✓[39;22m[90m [39m[90mparticipants are scoped to their organisation[39m[90m                                                               [39m [90m0.31s[39m  
  [32;1m✓[39;22m[90m [39m[90muser with only member role in user organisation roles is not a participant[39m[90m                                  [39m [90m0.32s[39m  
  [32;1m✓[39;22m[90m [39m[90mparticipant and member can coexist for same user[39m[90m                                                            [39m [90m0.38s[39m  
                     
  [30;42;1m PASS [39;49;22m[39m Tests\Feature\Membership\ExpireMembershipsCommandTest[39m
  [32;1m✓[39;22m[90m [39m[90mmember past expiry date is set to expired[39m[90m                                                                   [39m [90m0.55s[39m  
  [32;1m✓[39;22m[90m [39m[90mlifetime member is never expired[39m[90m                                                                            [39m [90m0.44s[39m  
  [32;1m✓[39;22m[90m [39m[90malready expired member is not double processed[39m[90m                                                              [39m [90m0.35s[39m  
  [32;1m✓[39;22m[90m [39m[90mmember expiring today is not expired[39m[90m                                                                        [39m [90m0.43s[39m  
  [32;1m✓[39;22m[90m [39m[90mfuture member is not expired[39m[90m                                                                                [39m [90m0.46s[39m  
  [32;1m✓[39;22m[90m [39m[90mexpired member voting rights become none[39m[90m                                                                    [39m [90m0.33s[39m  
  [32;1m✓[39;22m[90m [39m[90mcommand reports count of expired members[39m[90m                                                                    [39m [90m0.45s[39m  
               
  [39;41;1m FAIL [39;49;22m[39m Tests\Feature\Membership\FeePaymentProjectionConsistencyTest[39m
  [31;1m⨯[39;22m[90m [39m[90mmember fee state is updated from fee paid event[39m[90m                                                             [39m [90m0.29s[39m  
  [31;1m⨯[39;22m[90m [39m[90mmember fee state is idempotent on replay[39m[90m                                                                    [39m [90m0.24s[39m  
  [31;1m⨯[39;22m[90m [39m[90mmember listener uses only event context[39m[90m                                                                     [39m [90m0.33s[39m  
  [32;1m✓[39;22m[90m [39m[90mlistener handles missing member gracefully[39m[90m                                                                  [39m [90m0.22s[39m  
  [31;1m⨯[39;22m[90m [39m[90mmember projection is eventual consistency model[39m[90m                                                             [39m [90m0.23s[39m  
                        
  [39;41;1m FAIL [39;49;22m[39m Tests\Feature\Membership\FeePaymentTest[39m
  [31;1m⨯[39;22m[90m [39m[90mguest cannot record payment[39m
  [31;1m⨯[39;22m[90m [39m[90mnon admin cannot record payment[39m
  [31;1m⨯[39;22m[90m [39m[90mrecord payment marks fee as paid[39m
  [31;1m⨯[39;22m[90m [39m[90mrecord payment persists payment method[39m
  [31;1m⨯[39;22m[90m [39m[90mrecord payment persists transaction reference[39m
  [31;1m⨯[39;22m[90m [39m[90mrecord payment with duplicate transaction reference throws[39m
  [31;1m⨯[39;22m[90m [39m[90mcannot pay fee from different tenant[39m
  [31;1m⨯[39;22m[90m [39m[90mcannot pay already paid fee[39m
                  
  [39;41;1m FAIL [39;49;22m[39m Tests\Feature\Membership\FeeStatusRecalculationTest[39m
  [31;1m⨯[39;22m[90m [39m[90mpaying the only pending fee sets fees status to paid[39m[90m                                                        [39m [90m0.22s[39m  
  [31;1m⨯[39;22m[90m [39m[90mpaying the only fee grants full voting rights[39m[90m                                                               [39m [90m0.30s[39m  
  [31;1m⨯[39;22m[90m [39m[90mpaying one of two fees sets fees status to partial[39m[90m                                                          [39m [90m0.26s[39m  
  [31;1m⨯[39;22m[90m [39m[90mpaying all fees sets fees status to paid[39m[90m                                                                    [39m [90m0.33s[39m  
  [31;1m⨯[39;22m[90m [39m[90mwaiving all fees sets fees status to exempt[39m[90m                                                                 [39m [90m0.21s[39m  
  [31;1m⨯[39;22m[90m [39m[90mrecalculation does not affect other members[39m[90m                                                                 [39m [90m0.25s[39m  
               
  [39;41;1m FAIL [39;49;22m[39m Tests\Feature\Membership\FeeWaiverTest[39m
  [31;1m⨯[39;22m[90m [39m[90mguest cannot waive[39m
  [31;1m⨯[39;22m[90m [39m[90mnon admin cannot waive[39m
  [31;1m⨯[39;22m[90m [39m[90mwaive changes status to waived[39m
  [31;1m⨯[39;22m[90m [39m[90mpaid fee cannot be waived[39m
  [31;1m⨯[39;22m[90m [39m[90mcannot waive fee from different tenant[39m
                  
  [39;41;1m FAIL [39;49;22m[39m Tests\Feature\Membership\MemberApprovalCreatesCorrectMemberTest[39m
  [32;1m✓[39;22m[90m [39m[90mapproving full member application sets membership type id[39m[90m                                                   [39m [90m0.33s[39m  
  [32;1m✓[39;22m[90m [39m[90mapproving associate application sets correct membership type id[39m[90m                                             [39m [90m0.42s[39m  
  [31;1m⨯[39;22m[90m [39m[90mapproving application generates membership number[39m[90m                                                           [39m [90m0.37s[39m  
  [31;1m⨯[39;22m[90m [39m[90meach approved application gets unique membership number[39m[90m                                                     [39m [90m0.47s[39m  
  [32;1m✓[39;22m[90m [39m[90mapproved full member with unpaid fee has no voting rights[39m[90m                                                   [39m [90m0.42s[39m  
  [32;1m✓[39;22m[90m [39m[90mapproved member has correct membership type relationship[39m[90m                                                    [39m [90m0.52s[39m  
                           
  [39;41;1m FAIL [39;49;22m[39m Tests\Feature\Membership\MemberControllerIndexTest[39m
  [32;1m✓[39;22m[90m [39m[90mindex requires admin or owner role[39m[90m                                                                          [39m [90m0.43s[39m  
  [32;1m✓[39;22m[90m [39m[90mindex by voter returns 403[39m[90m                                                                                  [39m [90m0.29s[39m  
  [31;1m⨯[39;22m[90m [39m[90mindex by admin returns 200[39m[90m                                                                                  [39m [90m0.48s[39m  
  [32;1m✓[39;22m[90m [39m[90mindex org isolation non member of other org[39m[90m                                                                 [39m [90m0.37s[39m  
  [31;1m⨯[39;22m[90m [39m[90mindex returns correct data shape[39m[90m                                                                            [39m [90m0.42s[39m  
  [31;1m⨯[39;22m[90m [39m[90mindex shows pending fees amount[39m[90m                                                                             [39m [90m0.66s[39m  
  [31;1m⨯[39;22m[90m [39m[90mindex filters by name[39m[90m                                                                                       [39m [90m0.39s[39m  
  [31;1m⨯[39;22m[90m [39m[90mindex filters by status[39m[90m                                                                                     [39m [90m0.45s[39m  
  [32;1m✓[39;22m[90m [39m[90mindex shows stats with totals[39m[90m                                                                               [39m [90m0.53s[39m  
                        
  [39;41;1m FAIL [39;49;22m[39m Tests\Feature\Membership\MemberControllerMarkPaidTest[39m
  [31;1m⨯[39;22m[90m [39m[90mmark paid sets fees status to exempt[39m[90m                                                                        [39m [90m0.47s[39m  
  [31;1m⨯[39;22m[90m [39m[90mmark paid makes member appear in voter dropdown[39m[90m                                                             [39m [90m0.46s[39m  
  [32;1m✓[39;22m[90m [39m[90mmark paid requires admin role[39m[90m                                                                               [39m [90m0.45s[39m  
  [32;1m✓[39;22m[90m [39m[90mmark paid by non admin returns 403[39m[90m                                                                          [39m [90m0.66s[39m  
  [32;1m✓[39;22m[90m [39m[90mmark paid on member from different org returns 404[39m[90m                                                          [39m [90m0.56s[39m  
  [32;1m✓[39;22m[90m [39m[90mmark paid returns success redirect[39m[90m                                                                          [39m [90m0.52s[39m  
  [31;1m⨯[39;22m[90m [39m[90mmark paid also waives pending fee rows[39m[90m                                                                      [39m [90m0.57s[39m  
  [31;1m⨯[39;22m[90m [39m[90mmark paid pending fees disappear from member index[39m[90m                                                          [39m [90m0.55s[39m  
               
  [30;42;1m PASS [39;49;22m[39m Tests\Feature\Membership\MemberFinancePageTest[39m
  [32;1m✓[39;22m[90m [39m[90mfinance page renders for authorised admin[39m[90m                                                                   [39m [90m0.78s[39m  
  [32;1m✓[39;22m[90m [39m[90mfinance page returns 404 for member in different org[39m[90m                                                        [39m [90m0.36s[39m  
  [32;1m✓[39;22m[90m [39m[90mfinance page shows outstanding fees[39m[90m                                                                         [39m [90m0.48s[39m  
  [32;1m✓[39;22m[90m [39m[90mfinance page shows payment history[39m[90m                                                                          [39m [90m0.72s[39m  
  [32;1m✓[39;22m[90m [39m[90mfinance page shows dashboard stats[39m[90m                                                                          [39m [90m0.31s[39m  
                  
  [39;41;1m FAIL [39;49;22m[39m Tests\Feature\Membership\MemberImportTest[39m
  [32;1m✓[39;22m[90m [39m[90mimport creates user with first and last name[39m[90m                                                                [39m [90m0.92s[39m  
  [32;1m✓[39;22m[90m [39m[90mimport creates organisation user record[39m[90m                                                                     [39m [90m0.54s[39m  
  [31;1m⨯[39;22m[90m [39m[90mimport creates member record with all fields[39m[90m                                                                [39m [90m0.74s[39m  
  [31;1m⨯[39;22m[90m [39m[90mimport uses defaults when optional columns missing[39m[90m                                                          [39m [90m0.50s[39m  
  [32;1m✓[39;22m[90m [39m[90mimport skips duplicate emails[39m[90m                                                                               [39m [90m0.53s[39m  
  [31;1m⨯[39;22m[90m [39m[90mimport auto generates membership number when blank[39m[90m                                                          [39m [90m0.74s[39m  
                                          
  [30;42;1m PASS [39;49;22m[39m Tests\Feature\Membership\MembershipApplicationTest[39m
  [32;1m✓[39;22m[90m [39m[90mguest cannot submit application[39m[90m                                                                             [39m [90m0.37s[39m  
  [32;1m✓[39;22m[90m [39m[90mexisting member cannot apply again[39m[90m                                                                          [39m [90m0.48s[39m  
  [32;1m✓[39;22m[90m [39m[90muser with pending application cannot apply again[39m[90m                                                            [39m [90m0.34s[39m  
  [32;1m✓[39;22m[90m [39m[90mvalid application creates record with submitted status[39m[90m                                                      [39m [90m0.53s[39m  
  [32;1m✓[39;22m[90m [39m[90madmin can view all applications[39m[90m                                                                             [39m [90m0.53s[39m  
  [32;1m✓[39;22m[90m [39m[90mmember cannot view applications index[39m[90m                                                                       [39m [90m0.62s[39m  
  [32;1m✓[39;22m[90m [39m[90mapprove creates organisation user and member[39m[90m                                                                [39m [90m0.56s[39m  
  [32;1m✓[39;22m[90m [39m[90mapprove creates pending membership fee[39m[90m                                                                      [39m [90m0.45s[39m  
  [32;1m✓[39;22m[90m [39m[90mapprove fires membership application approved event[39m[90m                                                         [39m [90m0.47s[39m  
  [32;1m✓[39;22m[90m [39m[90mreject sets status to rejected with reason[39m[90m                                                                  [39m [90m0.40s[39m  
  [32;1m✓[39;22m[90m [39m[90mreject fires membership application rejected event[39m[90m                                                          [39m [90m0.38s[39m  
  [32;1m✓[39;22m[90m [39m[90mapproved application cannot be approved again[39m[90m                                                               [39m [90m0.42s[39m  
  [32;1m✓[39;22m[90m [39m[90mconcurrent approval is handled gracefully[39m[90m                                                                   [39m [90m0.51s[39m  
  [32;1m✓[39;22m[90m [39m[90mexpired application is rejected by daily job[39m[90m                                                                [39m [90m0.39s[39m  
                           
  [30;42;1m PASS [39;49;22m[39m Tests\Feature\Membership\MembershipDashboardTest[39m
  [32;1m✓[39;22m[90m [39m[90mowner can access dashboard[39m[90m                                                                                  [39m [90m0.59s[39m  
  [32;1m✓[39;22m[90m [39m[90madmin can access dashboard[39m[90m                                                                                  [39m [90m0.44s[39m  
  [32;1m✓[39;22m[90m [39m[90mcommission can access dashboard[39m[90m                                                                             [39m [90m0.67s[39m  
  [32;1m✓[39;22m[90m [39m[90mmember can access own dashboard[39m[90m                                                                             [39m [90m0.53s[39m  
  [32;1m✓[39;22m[90m [39m[90moutsider cannot access dashboard[39m[90m                                                                            [39m [90m0.60s[39m  
  [32;1m✓[39;22m[90m [39m[90mguest cannot access dashboard[39m[90m                                                                               [39m [90m0.50s[39m  
  [32;1m✓[39;22m[90m [39m[90mdashboard only shows applications for this organisation[39m[90m                                                     [39m [90m0.72s[39m  
  [32;1m✓[39;22m[90m [39m[90mowner dashboard contains required stat keys[39m[90m                                                                 [39m [90m0.59s[39m  
  [32;1m✓[39;22m[90m [39m[90mmember dashboard contains member self data[39m[90m                                                                  [39m [90m0.52s[39m  
                           
  [39;41;1m FAIL [39;49;22m[39m Tests\Feature\Membership\MembershipFeeControllerPayTest[39m
  [31;1m⨯[39;22m[90m [39m[90mpay creates membership payment record[39m[90m                                                                       [39m [90m0.39s[39m  
  [31;1m⨯[39;22m[90m [39m[90mpay fires membership fee paid event[39m[90m                                                                         [39m [90m0.41s[39m  
  [31;1m⨯[39;22m[90m [39m[90mpay records payment and fires event[39m[90m                                                                         [39m [90m0.46s[39m  
  [31;1m⨯[39;22m[90m [39m[90mpay updates fee status to paid[39m[90m                                                                              [39m [90m0.35s[39m  
  [32;1m✓[39;22m[90m [39m[90mpay requires manage membership policy[39m[90m                                                                       [39m [90m0.42s[39m  
  [32;1m✓[39;22m[90m [39m[90mpay returns 404 if fee belongs to different member[39m[90m                                                          [39m [90m0.41s[39m  
  [32;1m✓[39;22m[90m [39m[90mpay returns 404 if member belongs to different org[39m[90m                                                          [39m [90m0.51s[39m  
  [31;1m⨯[39;22m[90m [39m[90mpay rejects duplicate payment on already paid fee[39m[90m                                                           [39m [90m0.43s[39m  
  [32;1m✓[39;22m[90m [39m[90mpay uses full membership mode only[39m[90m                                                                          [39m [90m0.46s[39m  
                           
  [30;42;1m PASS [39;49;22m[39m Tests\Feature\Membership\MembershipFeeCreateTest[39m
  [32;1m✓[39;22m[90m [39m[90mcreate page renders for authorised admin[39m[90m                                                                    [39m [90m0.55s[39m  
  [32;1m✓[39;22m[90m [39m[90mcreate page returns 403 for non admin[39m[90m                                                                       [39m [90m0.33s[39m  
  [32;1m✓[39;22m[90m [39m[90mcreate page returns 404 for member in different org[39m[90m                                                         [39m [90m0.34s[39m  
  [32;1m✓[39;22m[90m [39m[90mstore creates membership fee for member[39m[90m                                                                     [39m [90m0.56s[39m  
  [32;1m✓[39;22m[90m [39m[90mstore snapshots fee amount at time from type[39m[90m                                                                [39m [90m0.32s[39m  
  [32;1m✓[39;22m[90m [39m[90mstore sets status to pending[39m[90m                                                                                [39m [90m0.52s[39m  
  [32;1m✓[39;22m[90m [39m[90mstore validates required fields[39m[90m                                                                             [39m [90m0.44s[39m  
  [32;1m✓[39;22m[90m [39m[90mstore returns 404 if member belongs to different org[39m[90m                                                        [39m [90m0.39s[39m  
  [32;1m✓[39;22m[90m [39m[90mstore redirects to fees index on success[39m[90m                                                                    [39m [90m0.31s[39m  
                     
  [39;41;1m FAIL [39;49;22m[39m Tests\Feature\Membership\MembershipFeeTest[39m
  [32;1m✓[39;22m[90m [39m[90madmin can view member fees[39m[90m                                                                                  [39m [90m0.60s[39m  
  [31;1m⨯[39;22m[90m [39m[90madmin can record payment[39m[90m                                                                                    [39m [90m0.50s[39m  
  [31;1m⨯[39;22m[90m [39m[90mpayment fires membership fee paid event[39m[90m                                                                     [39m [90m0.81s[39m  
  [32;1m✓[39;22m[90m [39m[90mmember cannot record own payment[39m[90m                                                                            [39m [90m0.40s[39m  
  [32;1m✓[39;22m[90m [39m[90malready paid fee cannot be paid again[39m[90m                                                                       [39m [90m0.55s[39m  
  [32;1m✓[39;22m[90m [39m[90madmin can waive a fee[39m[90m                                                                                       [39m [90m0.49s[39m  
  [31;1m⨯[39;22m[90m [39m[90mduplicate payment with same idempotency key returns conflict[39m[90m                                                [39m [90m0.74s[39m  
                     
  [30;42;1m PASS [39;49;22m[39m Tests\Feature\Membership\MembershipRenewalTest[39m
  [32;1m✓[39;22m[90m [39m[90madmin can renew any member[39m[90m                                                                                  [39m [90m1.20s[39m  
  [32;1m✓[39;22m[90m [39m[90mrenewal updates member expires at[39m[90m                                                                           [39m [90m0.38s[39m  
  [32;1m✓[39;22m[90m [39m[90mrenewal creates a linked fee[39m[90m                                                                                [39m [90m0.79s[39m  
  [32;1m✓[39;22m[90m [39m[90mrenewal fires membership renewed event[39m[90m                                                                      [39m [90m0.52s[39m  
  [32;1m✓[39;22m[90m [39m[90mmember can self renew within window[39m[90m                                                                         [39m [90m0.36s[39m  
  [32;1m✓[39;22m[90m [39m[90mmember cannot renew more than 90 days after expiry[39m[90m                                                          [39m [90m0.95s[39m  
  [32;1m✓[39;22m[90m [39m[90mlifetime member cannot be renewed[39m[90m                                                                           [39m [90m0.36s[39m  
                  
  [30;42;1m PASS [39;49;22m[39m Tests\Feature\Membership\MembershipTypeTest[39m
  [32;1m✓[39;22m[90m [39m[90monly owner can create type[39m[90m                                                                                  [39m [90m0.60s[39m  
  [32;1m✓[39;22m[90m [39m[90madmin cannot create type[39m[90m                                                                                    [39m [90m0.30s[39m  
  [32;1m✓[39;22m[90m [39m[90monly owner can update type[39m[90m                                                                                  [39m [90m0.63s[39m  
  [32;1m✓[39;22m[90m [39m[90madmin cannot update type[39m[90m                                                                                    [39m [90m0.35s[39m  
  [32;1m✓[39;22m[90m [39m[90mslug must be unique per organisation[39m[90m                                                                        [39m [90m0.52s[39m  
  [32;1m✓[39;22m[90m [39m[90mdeactivated type cannot be used for new applications[39m[90m                                                        [39m [90m0.45s[39m  
                                    
  [30;42;1m PASS [39;49;22m[39m Tests\Feature\Membership\OrganisationRoleControllerTest[39m
  [32;1m✓[39;22m[90m [39m[90mnon admin cannot add member[39m[90m                                                                                 [39m [90m0.55s[39m  
  [32;1m✓[39;22m[90m [39m[90madmin can add user as formal member[39m[90m                                                                         [39m [90m0.57s[39m  
  [32;1m✓[39;22m[90m [39m[90madd member returns success redirect[39m[90m                                                                         [39m [90m0.63s[39m  
  [32;1m✓[39;22m[90m [39m[90madded member has fees status exempt[39m[90m                                                                         [39m [90m0.37s[39m  
  [32;1m✓[39;22m[90m [39m[90madded member is immediately voter eligible[39m[90m                                                                  [39m [90m0.57s[39m  
  [32;1m✓[39;22m[90m [39m[90madd member creates organisation user if not exists[39m[90m                                                          [39m [90m0.57s[39m  
  [32;1m✓[39;22m[90m [39m[90madd member reuses existing organisation user[39m[90m                                                                [39m [90m0.62s[39m  
  [32;1m✓[39;22m[90m [39m[90mcannot add same user as formal member twice[39m[90m                                                                 [39m [90m0.69s[39m  
  [32;1m✓[39;22m[90m [39m[90madd member validates user id required[39m[90m                                                                       [39m [90m1.09s[39m  
  [32;1m✓[39;22m[90m [39m[90madd member validates user exists[39m[90m                                                                            [39m [90m0.36s[39m  
  [32;1m✓[39;22m[90m [39m[90madded member gets unique membership number[39m[90m                                                                  [39m [90m0.45s[39m  
  [32;1m✓[39;22m[90m [39m[90meach added member gets unique membership number[39m[90m                                                             [39m [90m0.76s[39m  
               
  [39;41;1m FAIL [39;49;22m[39m Tests\Feature\Membership\OutboxIntegrationTest[39m
  [31;1m⨯[39;22m[90m [39m[90mpayment creates outbox event[39m[90m                                                                                [39m [90m0.40s[39m  
  [31;1m⨯[39;22m[90m [39m[90moutbox event persists payload[39m[90m                                                                               [39m [90m0.39s[39m  
  [32;1m✓[39;22m[90m [39m[90moutbox event can be marked processed[39m[90m                                                                        [39m [90m0.24s[39m  
  [32;1m✓[39;22m[90m [39m[90moutbox event can be rescheduled[39m[90m                                                                             [39m [90m0.29s[39m  
  [31;1m⨯[39;22m[90m [39m[90mwaived fee creates outbox event[39m[90m                                                                             [39m [90m0.25s[39m  
                     
  [39;41;1m FAIL [39;49;22m[39m Tests\Feature\Membership\ParticipantImportErrorMessagesTest[39m
  [32;1m✓[39;22m[90m [39m[90merror message for nonexistent user includes invite instruction[39m[90m                                              [39m [90m0.39s[39m  
  [32;1m✓[39;22m[90m [39m[90merror message for invalid participant type shows valid options[39m[90m                                              [39m [90m0.45s[39m  
  [32;1m✓[39;22m[90m [39m[90merror message for invalid date format shows expected format[39m[90m                                                 [39m [90m0.39s[39m  
  [32;1m✓[39;22m[90m [39m[90merror message for past expiry date includes todays date[39m[90m                                                     [39m [90m0.53s[39m  
  [32;1m✓[39;22m[90m [39m[90merror message for invalid json shows example[39m[90m                                                                [39m [90m0.45s[39m  
  [32;1m✓[39;22m[90m [39m[90mmultiple errors on same row are all returned[39m[90m                                                                [39m [90m0.52s[39m  
  [31;1m⨯[39;22m[90m [39m[90msuccess message includes created and participant wording[39m[90m                                                    [39m [90m0.71s[39m  
                                       
  [30;42;1m PASS [39;49;22m[39m Tests\Feature\Membership\ParticipantImportTest[39m
  [32;1m✓[39;22m[90m [39m[90mowner can download template[39m[90m                                                                                 [39m [90m0.63s[39m  
  [32;1m✓[39;22m[90m [39m[90madmin can download template[39m[90m                                                                                 [39m [90m0.65s[39m  
  [32;1m✓[39;22m[90m [39m[90mcommission member cannot download template[39m[90m                                                                  [39m [90m0.64s[39m  
  [32;1m✓[39;22m[90m [39m[90mpreview returns valid rows and stats[39m[90m                                                                        [39m [90m0.63s[39m  
  [32;1m✓[39;22m[90m [39m[90mpreview flags invalid participant type[39m[90m                                                                      [39m [90m0.71s[39m  
  [32;1m✓[39;22m[90m [39m[90mpreview flags nonexistent email[39m[90m                                                                             [39m [90m0.66s[39m  
  [32;1m✓[39;22m[90m [39m[90mpreview flags past expires at[39m[90m                                                                               [39m [90m0.57s[39m  
  [32;1m✓[39;22m[90m [39m[90mpreview accepts future expires at[39m[90m                                                                           [39m [90m0.77s[39m  
  [32;1m✓[39;22m[90m [39m[90mimport creates participant records[39m[90m                                                                          [39m [90m0.54s[39m  
  [32;1m✓[39;22m[90m [39m[90mimport updates existing participant without duplicate[39m[90m                                                       [39m [90m0.60s[39m  
  [32;1m✓[39;22m[90m [39m[90mimport skips rows with invalid email format[39m[90m                                                                 [39m [90m0.45s[39m  
  [32;1m✓[39;22m[90m [39m[90mimport skips rows where user does not exist[39m[90m                                                                 [39m [90m0.83s[39m  
  [32;1m✓[39;22m[90m [39m[90mimport returns correct counts[39m[90m                                                                               [39m [90m0.73s[39m  
  [32;1m✓[39;22m[90m [39m[90mimport requires confirmed flag[39m[90m                                                                              [39m [90m0.50s[39m  
  [32;1m✓[39;22m[90m [39m[90mowner cannot import into another organisation[39m[90m                                                               [39m [90m0.56s[39m  
                                    
  [30;42;1m PASS [39;49;22m[39m Tests\Feature\Membership\ParticipantManagementTest[39m
  [32;1m✓[39;22m[90m [39m[90mowner can view participants list[39m[90m                                                                            [39m [90m0.52s[39m  
  [32;1m✓[39;22m[90m [39m[90madmin can view participants list[39m[90m                                                                            [39m [90m0.53s[39m  
  [32;1m✓[39;22m[90m [39m[90mcommission member cannot create participant[39m[90m                                                                 [39m [90m0.60s[39m  
  [32;1m✓[39;22m[90m [39m[90madmin can create staff participant[39m[90m                                                                          [39m [90m0.54s[39m  
  [32;1m✓[39;22m[90m [39m[90mcreating guest with expires at is not expired initially[39m[90m                                                     [39m [90m0.68s[39m  
  [32;1m✓[39;22m[90m [39m[90madmin can create election committee participant[39m[90m                                                             [39m [90m0.69s[39m  
  [32;1m✓[39;22m[90m [39m[90mcannot create participant with invalid type[39m[90m                                                                 [39m [90m0.65s[39m  
  [32;1m✓[39;22m[90m [39m[90mcannot create participant for nonexistent user email[39m[90m                                                        [39m [90m0.56s[39m  
  [32;1m✓[39;22m[90m [39m[90mcreated staff appears in staff scope[39m[90m                                                                        [39m [90m0.50s[39m  
  [32;1m✓[39;22m[90m [39m[90mcreated election committee appears in election committee scope[39m[90m                                              [39m [90m0.45s[39m  
  [32;1m✓[39;22m[90m [39m[90mowner can remove participant[39m[90m                                                                                [39m [90m0.42s[39m  
  [32;1m✓[39;22m[90m [39m[90mcannot see other orgs participants[39m[90m                                                                          [39m [90m0.40s[39m  
   
  [30;42;1m PASS [39;49;22m[39m Tests\Feature\Membership\Projection\MemberFeeEventualConsistencyTest[39m
  [32;1m✓[39;22m[90m [39m[90mfee payment becomes eventually consistent[39m[90m                                                                   [39m [90m0.26s[39m  
   
  [30;42;1m PASS [39;49;22m[39m Tests\Feature\Membership\Projection\MemberFeeProjectionDeterminismTest[39m
  [32;1m✓[39;22m[90m [39m[90mprojection is deterministic across replay[39m[90m                                                                   [39m [90m0.40s[39m  
   
  [30;42;1m PASS [39;49;22m[39m Tests\Feature\Membership\Projection\MemberFeeProjectionIdempotencyTest[39m
  [32;1m✓[39;22m[90m [39m[90mduplicate fee paid event is idempotent[39m[90m                                                                      [39m [90m0.22s[39m  
   
  [30;42;1m PASS [39;49;22m[39m Tests\Feature\Membership\Projection\MemberFeeProjectionResilienceTest[39m
  [32;1m✓[39;22m[90m [39m[90mlistener handles missing member gracefully[39m[90m                                                                  [39m [90m0.24s[39m  
   
  [30;42;1m PASS [39;49;22m[39m Tests\Feature\Membership\Projection\MemberFeeTenantIsolationTest[39m
  [32;1m✓[39;22m[90m [39m[90mtenant isolation is enforced in projection[39m[90m                                                                  [39m [90m0.39s[39m  
                  
  [30;42;1m PASS [39;49;22m[39m Tests\Feature\Membership\PublicApplicationApprovalTest[39m
  [32;1m✓[39;22m[90m [39m[90mapproving public application creates user[39m[90m                                                                   [39m [90m0.63s[39m  
  [32;1m✓[39;22m[90m [39m[90mapproving public application sets education and profession[39m[90m                                                  [39m [90m0.39s[39m  
  [32;1m✓[39;22m[90m [39m[90mapproving public application creates member record[39m[90m                                                          [39m [90m0.76s[39m  
  [32;1m✓[39;22m[90m [39m[90mapproving public application requires membership type[39m[90m                                                       [39m [90m0.31s[39m  
  [32;1m✓[39;22m[90m [39m[90mapproving public application updates application user id[39m[90m                                                    [39m [90m0.53s[39m  
  [32;1m✓[39;22m[90m [39m[90mnon admin cannot approve public application[39m[90m                                                                 [39m [90m0.38s[39m  
            
  [30;42;1m PASS [39;49;22m[39m Tests\Feature\Membership\PublicApplicationDuplicateGuardTest[39m
  [32;1m✓[39;22m[90m [39m[90mduplicate submitted application is rejected[39m[90m                                                                 [39m [90m0.31s[39m  
  [32;1m✓[39;22m[90m [39m[90mduplicate under review application is rejected[39m[90m                                                              [39m [90m0.28s[39m  
  [32;1m✓[39;22m[90m [39m[90msame email different org is allowed[39m[90m                                                                         [39m [90m1.53s[39m  
  [32;1m✓[39;22m[90m [39m[90mpreviously rejected email can reapply[39m[90m                                                                       [39m [90m0.27s[39m  
               
  [30;42;1m PASS [39;49;22m[39m Tests\Feature\Membership\PublicApplicationEmailTest[39m
  [32;1m✓[39;22m[90m [39m[90mconfirmation mail sent to applicant[39m[90m                                                                         [39m [90m0.36s[39m  
  [32;1m✓[39;22m[90m [39m[90madmin notification sent to org admins[39m[90m                                                                       [39m [90m0.36s[39m  
  [32;1m✓[39;22m[90m [39m[90madmin notification sent to owner[39m[90m                                                                            [39m [90m0.35s[39m  
  [32;1m✓[39;22m[90m [39m[90mno admin notification when no admins exist[39m[90m                                                                  [39m [90m0.27s[39m  
  [32;1m✓[39;22m[90m [39m[90mhoneypot filled silently suppresses emails[39m[90m                                                                  [39m [90m0.24s[39m  
      
  [30;42;1m PASS [39;49;22m[39m Tests\Feature\Membership\PublicApplicationRateLimitTest[39m
  [32;1m✓[39;22m[90m [39m[90mfirst three attempts are allowed[39m[90m                                                                            [39m [90m0.37s[39m  
  [32;1m✓[39;22m[90m [39m[90mfourth attempt is rate limited[39m[90m                                                                              [39m [90m0.40s[39m  
                           
  [30;42;1m PASS [39;49;22m[39m Tests\Feature\Membership\PublicApplicationSubmissionTest[39m
  [32;1m✓[39;22m[90m [39m[90mpublic join page renders without auth[39m[90m                                                                       [39m [90m0.34s[39m  
  [32;1m✓[39;22m[90m [39m[90mvalid submission creates membership application[39m[90m                                                             [39m [90m0.21s[39m  
  [32;1m✓[39;22m[90m [39m[90mapplication data stores all fields[39m[90m                                                                          [39m [90m0.33s[39m  
  [32;1m✓[39;22m[90m [39m[90mfirst name is required[39m[90m                                                                                      [39m [90m0.24s[39m  
  [32;1m✓[39;22m[90m [39m[90mlast name is required[39m[90m                                                                                       [39m [90m0.35s[39m  
  [32;1m✓[39;22m[90m [39m[90memail is required[39m[90m                                                                                           [39m [90m0.31s[39m  
  [32;1m✓[39;22m[90m [39m[90memail must be valid format[39m[90m                                                                                  [39m [90m0.48s[39m  
  [32;1m✓[39;22m[90m [39m[90moptional fields can be omitted[39m[90m                                                                              [39m [90m0.44s[39m  
  [32;1m✓[39;22m[90m [39m[90minvalid organisation slug returns 404[39m[90m                                                                       [39m [90m0.42s[39m  
                           
  [39;41;1m FAIL [39;49;22m[39m Tests\Feature\MiddlewareChainTest[39m
  [31;1m⨯[39;22m[90m [39m[90mlayer 1 verifies voter slug exists[39m
  [31;1m⨯[39;22m[90m [39m[90mlayer 1 rejects invalid voter slug[39m
  [31;1m⨯[39;22m[90m [39m[90mlayer 1 verifies slug belongs to user[39m
  [31;1m⨯[39;22m[90m [39m[90mlayer 2 validates voter slug not expired[39m
  [31;1m⨯[39;22m[90m [39m[90mlayer 2 rejects access when election inactive[39m
  [31;1m⨯[39;22m[90m [39m[90mlayer 3 verifies organisation consistency[39m
  [31;1m⨯[39;22m[90m [39m[90mlayer 3 rejects organisation mismatch[39m
  [31;1m⨯[39;22m[90m [39m[90mall three layers execute in order[39m
  [31;1m⨯[39;22m[90m [39m[90mearly layer failure prevents later layers[39m
                     
  [39;41;1m FAIL [39;49;22m[39m Tests\Feature\Middleware\EnsureElectionStateTest[39m
  [32;1m✓[39;22m[90m [39m[90mallows request when action permitted[39m[90m                                                                        [39m [90m0.23s[39m  
  [32;1m✓[39;22m[90m [39m[90mblocks request when action not permitted with 403[39m[90m                                                           [39m [90m0.21s[39m  
  [32;1m✓[39;22m[90m [39m[90merror message includes operation and state[39m[90m                                                                  [39m [90m0.34s[39m  
  [32;1m✓[39;22m[90m [39m[90mresolves election from string slug[39m[90m                                                                          [39m [90m0.37s[39m  
  [32;1m✓[39;22m[90m [39m[90mresolves election from model instance[39m[90m                                                                       [39m [90m0.25s[39m  
  [31;1m⨯[39;22m[90m [39m[90mreturns 404 when election not found[39m[90m                                                                         [39m [90m0.24s[39m  
  [32;1m✓[39;22m[90m [39m[90mmiddleware uses state machine delegation[39m[90m                                                                    [39m [90m0.22s[39m  
                     
  [39;41;1m FAIL [39;49;22m[39m Tests\Feature\Middleware\EnsureElectionVoterTest[39m
  [31;1m⨯[39;22m[90m [39m[90munauthenticated user is redirected to login[39m
  [31;1m⨯[39;22m[90m [39m[90mnonexistent election returns 404[39m
  [31;1m⨯[39;22m[90m [39m[90mdemo election bypasses voter check[39m
  [31;1m⨯[39;22m[90m [39m[90meligible voter passes through[39m
  [31;1m⨯[39;22m[90m [39m[90mineligible voter is redirected with error[39m
  [31;1m⨯[39;22m[90m [39m[90mineligible voter json request returns 403[39m
  [31;1m⨯[39;22m[90m [39m[90meligible voter has verified election in request[39m
                  
  [30;42;1m PASS [39;49;22m[39m Tests\Feature\Middleware\EnsureOrganisationMemberTest[39m
  [32;1m✓[39;22m[90m [39m[90muser can access organisation they are member of[39m[90m                                                             [39m [90m0.38s[39m  
  [32;1m✓[39;22m[90m [39m[90muser cannot access organisation they are not member of[39m[90m                                                      [39m [90m0.24s[39m  
  [32;1m✓[39;22m[90m [39m[90munauthenticated user cannot access organisation routes[39m[90m                                                      [39m [90m0.25s[39m  
  [32;1m✓[39;22m[90m [39m[90mmiddleware prevents member import for non members[39m[90m                                                           [39m [90m0.28s[39m  
  [32;1m✓[39;22m[90m [39m[90mmember can access import page for their organisation[39m[90m                                                        [39m [90m0.32s[39m  
  [32;1m✓[39;22m[90m [39m[90mmiddleware validates organisation exists[39m[90m                                                                    [39m [90m0.39s[39m  
                  
  [30;42;1m PASS [39;49;22m[39m Tests\Feature\Middleware\HandleInertiaRequestsTest[39m
  [32;1m✓[39;22m[90m [39m[90minertia shares user data[39m[90m                                                                                    [39m [90m0.45s[39m  
  [32;1m✓[39;22m[90m [39m[90minertia shares flash messages[39m[90m                                                                               [39m [90m0.41s[39m  
  [32;1m✓[39;22m[90m [39m[90mmiddleware runs after locale middleware[39m[90m                                                                     [39m [90m0.35s[39m  
  [32;1m✓[39;22m[90m [39m[90minertia handles both authenticated and unauthenticated[39m[90m                                                      [39m [90m0.42s[39m  
  [32;1m✓[39;22m[90m [39m[90minertia middleware preserves session state[39m[90m                                                                  [39m [90m0.43s[39m  
  [32;1m✓[39;22m[90m [39m[90minertia middleware handles json requests[39m[90m                                                                    [39m [90m0.39s[39m  
                           
  [39;41;1m FAIL [39;49;22m[39m Tests\Feature\Middleware\MiddlewareExecutionOrderTest[39m
  [31;1m⨯[39;22m[90m [39m[90mweb middleware group has custom middleware in order[39m[90m                                                         [39m [90m0.32s[39m  
  [32;1m✓[39;22m[90m [39m[90msession is available to custom middleware[39m[90m                                                                   [39m [90m0.38s[39m  
  [31;1m⨯[39;22m[90m [39m[90mauthentication middleware runs before tenant context[39m[90m                                                        [39m [90m0.40s[39m  
  [32;1m✓[39;22m[90m [39m[90mcsrf protection is enforced[39m[90m                                                                                 [39m [90m0.46s[39m  
  [31;1m⨯[39;22m[90m [39m[90mcsrf token is available[39m[90m                                                                                     [39m [90m0.26s[39m  
  [32;1m✓[39;22m[90m [39m[90mglobal middleware executes[39m[90m                                                                                  [39m [90m0.25s[39m  
  [32;1m✓[39;22m[90m [39m[90mmiddleware chain does not skip steps[39m[90m                                                                        [39m [90m0.35s[39m  
  [32;1m✓[39;22m[90m [39m[90mmiddleware group aliases registered[39m[90m                                                                         [39m [90m0.23s[39m  
  [32;1m✓[39;22m[90m [39m[90mroute level middleware can be applied[39m[90m                                                                       [39m [90m0.23s[39m  
                           
  [30;42;1m PASS [39;49;22m[39m Tests\Feature\Middleware\SetLocaleMiddlewareTest[39m
  [32;1m✓[39;22m[90m [39m[90mlocale is set from session[39m[90m                                                                                  [39m [90m0.36s[39m  
  [32;1m✓[39;22m[90m [39m[90mlocale defaults to config value[39m[90m                                                                             [39m [90m0.30s[39m  
  [32;1m✓[39;22m[90m [39m[90mlocale can be switched[39m[90m                                                                                      [39m [90m0.48s[39m  
  [32;1m✓[39;22m[90m [39m[90minvalid locale falls back to default[39m[90m                                                                        [39m [90m0.37s[39m  
  [32;1m✓[39;22m[90m [39m[90munsupported locale falls back across requests[39m[90m                                                               [39m [90m0.38s[39m  
  [32;1m✓[39;22m[90m [39m[90mvalid locale is set before view rendering[39m[90m                                                                   [39m [90m0.40s[39m  
  [32;1m✓[39;22m[90m [39m[90morg default language overrides cookie[39m[90m                                                                       [39m [90m0.52s[39m  
  [32;1m✓[39;22m[90m [39m[90mfalls through to cookie when org has no language[39m[90m                                                            [39m [90m0.44s[39m  
  [32;1m✓[39;22m[90m [39m[90munauthenticated user skips org check[39m[90m                                                                        [39m [90m0.32s[39m  
      
  [39;41;1m FAIL [39;49;22m[39m Tests\Feature\Middleware\TenantContextMiddlewareTest[39m
  [31;1m⨯[39;22m[90m [39m[90mx tenant id header sets tenant context[39m[90m                                                                      [39m [90m0.41s[39m  
  [31;1m⨯[39;22m[90m [39m[90mheader takes priority over user organisation id[39m[90m                                                             [39m [90m0.48s[39m  
               
  [39;41;1m FAIL [39;49;22m[39m Tests\Feature\MultipleVotePreventionTest[39m
  [31;1m⨯[39;22m[90m [39m[90mfirst vote submission succeeds[39m
  [31;1m⨯[39;22m[90m [39m[90msecond vote submission blocked in real election[39m
  [31;1m⨯[39;22m[90m [39m[90mdemo election allows second vote[39m
  [31;1m⨯[39;22m[90m [39m[90mdouble vote check happens early[39m
  [31;1m⨯[39;22m[90m [39m[90melection type determines voting restrictions[39m
                           
  [39;41;1m FAIL [39;49;22m[39m Tests\Feature\Newsletter\NewsletterAttachmentTest[39m
  [31;1m⨯[39;22m[90m [39m[90madmin can upload attachment to draft newsletter[39m[90m                                                             [39m [90m0.37s[39m  
  [31;1m⨯[39;22m[90m [39m[90muploaded file is stored in private disk[39m[90m                                                                     [39m [90m0.35s[39m  
  [31;1m⨯[39;22m[90m [39m[90mcannot upload attachment to non draft newsletter[39m[90m                                                            [39m [90m0.32s[39m  
  [31;1m⨯[39;22m[90m [39m[90mmax 3 attachments per newsletter[39m[90m                                                                            [39m [90m0.34s[39m  
  [31;1m⨯[39;22m[90m [39m[90mfile larger than 10mb is rejected[39m[90m                                                                           [39m [90m0.53s[39m  
  [31;1m⨯[39;22m[90m [39m[90munsupported file type is rejected[39m[90m                                                                           [39m [90m0.39s[39m  
  [31;1m⨯[39;22m[90m [39m[90mnon admin cannot upload attachment[39m[90m                                                                          [39m [90m0.41s[39m  
  [31;1m⨯[39;22m[90m [39m[90madmin can delete attachment[39m[90m                                                                                 [39m [90m0.37s[39m  
  [31;1m⨯[39;22m[90m [39m[90mdeleting newsletter soft deletes attachments[39m[90m                                                                [39m [90m0.53s[39m  
                                                               
  [39;41;1m FAIL [39;49;22m[39m Tests\Feature\Newsletter\NewsletterAudienceSegmentationTest[39m
  [31;1m⨯[39;22m[90m [39m[90mdispatch all members targets active members only[39m[90m                                                            [39m [90m0.72s[39m  
  [32;1m✓[39;22m[90m [39m[90mdispatch full members excludes associate members[39m[90m                                                            [39m [90m0.47s[39m  
  [31;1m⨯[39;22m[90m [39m[90mdispatch election voters uses election membership table[39m[90m                                                     [39m [90m0.39s[39m  
  [31;1m⨯[39;22m[90m [39m[90mdispatch election not voted excludes already voted[39m[90m                                                          [39m [90m0.41s[39m  
  [31;1m⨯[39;22m[90m [39m[90mdispatch election committee uses election officers table[39m[90m                                                    [39m [90m0.33s[39m  
  [32;1m✓[39;22m[90m [39m[90mpreview count returns correct recipient count[39m[90m                                                               [39m [90m0.42s[39m  
  [31;1m⨯[39;22m[90m [39m[90mnon member election participant receives newsletter without member id[39m[90m                                       [39m [90m0.29s[39m  
  [32;1m✓[39;22m[90m [39m[90mstore creates newsletter with audience type and meta[39m[90m                                                        [39m [90m0.21s[39m  
  [32;1m✓[39;22m[90m [39m[90mdispatch respects newsletter unsubscribe even in election segments[39m[90m                                          [39m [90m0.34s[39m  
  [32;1m✓[39;22m[90m [39m[90mdispatch respects hard bounce exclusion[39m[90m                                                                     [39m [90m0.28s[39m  
  [31;1m⨯[39;22m[90m [39m[90mstore validates election id required for election audience types[39m[90m                                            [39m [90m0.26s[39m  
  [31;1m⨯[39;22m[90m [39m[90mstore rejects unknown audience type[39m[90m                                                                         [39m [90m0.22s[39m  
  [31;1m⨯[39;22m[90m [39m[90mstore rate limits max 10 newsletters per hour[39m[90m                                                               [39m [90m0.33s[39m  
  [31;1m⨯[39;22m[90m [39m[90mpreview count rate limits 30 requests per minute[39m[90m                                                            [39m [90m0.26s[39m  
  [31;1m⨯[39;22m[90m [39m[90mdispatch handles audience with zero recipients gracefully[39m[90m                                                   [39m [90m0.36s[39m  
  [31;1m⨯[39;22m[90m [39m[90mdispatch does not duplicate recipients across overlapping segments[39m[90m                                          [39m [90m0.35s[39m  
  [32;1m✓[39;22m[90m [39m[90maudience resolution result is cached for 5 minutes[39m[90m                                                          [39m [90m0.91s[39m  
  [31;1m⨯[39;22m[90m [39m[90mconcurrent newsletter dispatches do not duplicate recipients[39m[90m                                                [39m [90m0.50s[39m  
  [31;1m⨯[39;22m[90m [39m[90mgdpr consent source stored per recipient[39m[90m                                                                    [39m [90m2.75s[39m  
  [31;1m⨯[39;22m[90m [39m[90mdispatch ignores cache to ensure fresh data at send time[39m[90m                                                    [39m [90m5.01s[39m  
  [31;1m⨯[39;22m[90m [39m[90mmulti segment selection removes duplicate emails[39m[90m                                                            [39m [90m2.60s[39m  
         
  [39;41;1m FAIL [39;49;22m[39m Tests\Feature\OrganisationCreationCsrfTest[39m
  [31;1m⨯[39;22m[90m [39m[90morganization creation requires csrf token[39m[90m                                                                   [39m [90m0.72s[39m  
  [31;1m⨯[39;22m[90m [39m[90morganization creation succeeds with valid csrf token[39m[90m                                                        [39m [90m0.57s[39m  
  [31;1m⨯[39;22m[90m [39m[90mcsrf token persists across multi step form[39m[90m                                                                  [39m [90m0.43s[39m  
                              
  [39;41;1m FAIL [39;49;22m[39m Tests\Feature\OrganisationCreationDatabaseTest[39m
  [31;1m⨯[39;22m[90m [39m[90morganization creation is atomic[39m[90m                                                                             [39m [90m0.37s[39m  
  [31;1m⨯[39;22m[90m [39m[90muser organisation id updated correctly[39m[90m                                                                      [39m [90m0.21s[39m  
  [31;1m⨯[39;22m[90m [39m[90mrepresentative user organisation id set[39m[90m                                                                     [39m [90m0.44s[39m  
  [31;1m⨯[39;22m[90m [39m[90mduplicate organization name rejected[39m[90m                                                                        [39m [90m0.34s[39m  
  [31;1m⨯[39;22m[90m [39m[90mduplicate organization email rejected[39m[90m                                                                       [39m [90m0.27s[39m  
  [31;1m⨯[39;22m[90m [39m[90morganization slug generated correctly[39m[90m                                                                       [39m [90m1.05s[39m  
  [31;1m⨯[39;22m[90m [39m[90maddress stored as json[39m[90m                                                                                      [39m [90m1.03s[39m  
  [31;1m⨯[39;22m[90m [39m[90mcreator id is set[39m[90m                                                                                           [39m [90m0.29s[39m  
  [31;1m⨯[39;22m[90m [39m[90mcreator attached as admin[39m[90m                                                                                   [39m [90m0.43s[39m  
  [31;1m⨯[39;22m[90m [39m[90massigned at timestamp is set[39m[90m                                                                                [39m [90m0.66s[39m  
                           
  [39;41;1m FAIL [39;49;22m[39m Tests\Feature\OrganisationCreationEmailTest[39m
  [31;1m⨯[39;22m[90m [39m[90morganization creation succeeds without organisation email[39m[90m                                                   [39m [90m0.29s[39m  
  [31;1m⨯[39;22m[90m [39m[90mrepresentative invitation email sent for external rep[39m[90m                                                       [39m [90m0.73s[39m  
  [32;1m✓[39;22m[90m [39m[90mrepresentative invitation email not sent when self[39m[90m                                                          [39m [90m0.34s[39m  
  [31;1m⨯[39;22m[90m [39m[90mrepresentative invitation email has correct content[39m[90m                                                         [39m [90m0.62s[39m  
  [31;1m⨯[39;22m[90m [39m[90memail templates exist for all locales[39m[90m                                                                       [39m [90m0.93s[39m  
  [31;1m⨯[39;22m[90m [39m[90mrepresentative invitation email is sent[39m[90m                                                                     [39m [90m0.33s[39m  
  [31;1m⨯[39;22m[90m [39m[90mrepresentative invitation email uses correct locale[39m[90m                                                         [39m [90m0.23s[39m  
  [31;1m⨯[39;22m[90m [39m[90monly representative invitation sent for external representative[39m[90m                                             [39m [90m0.32s[39m  
  [32;1m✓[39;22m[90m [39m[90mno emails sent for self representative[39m[90m                                                                      [39m [90m0.36s[39m  
                                             
  [39;41;1m FAIL [39;49;22m[39m Tests\Feature\OrganisationCreationErrorTest[39m
  [32;1m✓[39;22m[90m [39m[90mmail server failure rolls back creation[39m[90m                                                                     [39m [90m0.45s[39m  
  [31;1m⨯[39;22m[90m [39m[90minvalid json request rejected[39m[90m                                                                               [39m [90m0.18s[39m  
  [31;1m⨯[39;22m[90m [39m[90mmissing required fields returns validation errors[39m[90m                                                           [39m [90m1.01s[39m  
  [31;1m⨯[39;22m[90m [39m[90mvalidation error response structure[39m[90m                                                                         [39m [90m1.04s[39m  
  [31;1m⨯[39;22m[90m [39m[90mspecific validation messages[39m[90m                                                                                [39m [90m0.38s[39m  
  [31;1m⨯[39;22m[90m [39m[90mduplicate email returns validation error[39m[90m                                                                    [39m [90m0.65s[39m  
  [33;1m![39;22m[90m [39m[90mexception during creation returns error[39m[90m [39m[33m→ This test did not perform any assertions[39m[90m                          [39m [90m0.36s[39m  
  [33;1m-[39;22m[90m [39m[90memail send failure returns meaningful error[39m[90m [39m[33m→ Requires real mail server failure simulation[39m[90m                  [39m [90m0.19s[39m  
  [31;1m⨯[39;22m[90m [39m[90mtimeout handling[39m[90m                                                                                            [39m [90m0.28s[39m  
  [31;1m⨯[39;22m[90m [39m[90mempty array data rejected[39m[90m                                                                                   [39m [90m1.53s[39m  
  [31;1m⨯[39;22m[90m [39m[90mnull values in required fields rejected[39m[90m                                                                     [39m [90m0.34s[39m  
  [31;1m⨯[39;22m[90m [39m[90mlarge payload handling[39m[90m                                                                                      [39m [90m0.47s[39m  
  [31;1m⨯[39;22m[90m [39m[90mspecial characters in email validation[39m[90m                                                                      [39m [90m0.48s[39m  
  [31;1m⨯[39;22m[90m [39m[90mresponse headers are secure[39m[90m                                                                                 [39m [90m0.43s[39m  
  [31;1m⨯[39;22m[90m [39m[90merror messages dont expose sensitive info[39m[90m                                                                   [39m [90m0.38s[39m  
         
  [30;42;1m PASS [39;49;22m[39m Tests\Feature\OrganisationCreationFixTest[39m
  [32;1m✓[39;22m[90m [39m[90muser can create organisation and immediately access it[39m[90m                                                      [39m [90m0.41s[39m  
  [32;1m✓[39;22m[90m [39m[90morganisation show page accessible after creation[39m[90m                                                            [39m [90m0.48s[39m  
  [32;1m✓[39;22m[90m [39m[90mcode verification works after organisation switch[39m[90m                                                           [39m [90m0.48s[39m  
                              
  [39;41;1m FAIL [39;49;22m[39m Tests\Feature\OrganisationCreationIntegrationTest[39m
  [31;1m⨯[39;22m[90m [39m[90mcomplete organization creation workflow[39m[90m                                                                     [39m [90m0.31s[39m  
  [31;1m⨯[39;22m[90m [39m[90morganization creation with self representative[39m[90m                                                              [39m [90m0.39s[39m  
  [31;1m⨯[39;22m[90m [39m[90mmulti step form with validation retry[39m[90m                                                                       [39m [90m0.25s[39m  
  [31;1m⨯[39;22m[90m [39m[90mmultiple users create different organizations[39m[90m                                                               [39m [90m0.44s[39m  
  [31;1m⨯[39;22m[90m [39m[90morganization creation with external representative[39m[90m                                                          [39m [90m0.38s[39m  
  [31;1m⨯[39;22m[90m [39m[90mdashboard access after creation[39m[90m                                                                             [39m [90m0.23s[39m  
  [31;1m⨯[39;22m[90m [39m[90muser organisation id assigned[39m[90m                                                                               [39m [90m0.18s[39m  
  [31;1m⨯[39;22m[90m [39m[90mrepresentative organisation id assigned[39m[90m                                                                     [39m [90m0.36s[39m  
  [31;1m⨯[39;22m[90m [39m[90mrepresentative invitation email content reflects organization details[39m[90m                                       [39m [90m0.44s[39m  
  [31;1m⨯[39;22m[90m [39m[90mresponse includes organization details[39m[90m                                                                      [39m [90m0.28s[39m  
            
  [30;42;1m PASS [39;49;22m[39m Tests\Feature\OrganisationCreationMembershipTest[39m
  [32;1m✓[39;22m[90m [39m[90muser organisation id updates after creating organisation[39m[90m                                                    [39m [90m0.37s[39m  
  [32;1m✓[39;22m[90m [39m[90mcache is cleared after organisation creation[39m[90m                                                                [39m [90m0.32s[39m  
  [32;1m✓[39;22m[90m [39m[90muser can access organisation show page immediately[39m[90m                                                          [39m [90m0.43s[39m  
  [32;1m✓[39;22m[90m [39m[90mcomplete organisation creation flow[39m[90m                                                                         [39m [90m0.37s[39m  
                                 
  [39;41;1m FAIL [39;49;22m[39m Tests\Feature\OrganisationCreationRepresentativeTest[39m
  [31;1m⨯[39;22m[90m [39m[90mrepresentative user created if not exists[39m[90m                                                                   [39m [90m0.48s[39m  
  [31;1m⨯[39;22m[90m [39m[90mrepresentative user has random password[39m[90m                                                                     [39m [90m0.32s[39m  
  [31;1m⨯[39;22m[90m [39m[90mrepresentative user email not verified[39m[90m                                                                      [39m [90m0.28s[39m  
  [31;1m⨯[39;22m[90m [39m[90mexisting representative user reused[39m[90m                                                                         [39m [90m0.37s[39m  
  [31;1m⨯[39;22m[90m [39m[90mrepresentative attached as voter[39m[90m                                                                            [39m [90m0.49s[39m  
  [31;1m⨯[39;22m[90m [39m[90mcreator attached as admin[39m[90m                                                                                   [39m [90m0.28s[39m  
  [31;1m⨯[39;22m[90m [39m[90mself representative does not create duplicate[39m[90m                                                               [39m [90m0.35s[39m  
  [31;1m⨯[39;22m[90m [39m[90morganization attached to representative[39m[90m                                                                     [39m [90m0.46s[39m  
  [31;1m⨯[39;22m[90m [39m[90mrepresentative can belong to multiple organizations[39m[90m                                                         [39m [90m0.35s[39m  
  [31;1m⨯[39;22m[90m [39m[90massigned at timestamp set for representative[39m[90m                                                                [39m [90m0.24s[39m  
  [31;1m⨯[39;22m[90m [39m[90mrepresentative organisation id matches organization[39m[90m                                                         [39m [90m0.35s[39m  
                                 
  [39;41;1m FAIL [39;49;22m[39m Tests\Feature\OrganisationCreationSecurityTest[39m
  [32;1m✓[39;22m[90m [39m[90munauthenticated user cannot create organization[39m[90m                                                             [39m [90m0.27s[39m  
  [31;1m⨯[39;22m[90m [39m[90morganization creator becomes admin[39m[90m                                                                          [39m [90m0.36s[39m  
  [31;1m⨯[39;22m[90m [39m[90msql injection prevention[39m[90m                                                                                    [39m [90m0.31s[39m  
  [31;1m⨯[39;22m[90m [39m[90mxss prevention in organization data[39m[90m                                                                         [39m [90m0.35s[39m  
  [31;1m⨯[39;22m[90m [39m[90mxss prevention in address[39m[90m                                                                                   [39m [90m0.40s[39m  
  [31;1m⨯[39;22m[90m [39m[90morganization access restricted to members[39m[90m                                                                   [39m [90m0.27s[39m  
  [31;1m⨯[39;22m[90m [39m[90mno user enumeration via email[39m[90m                                                                               [39m [90m0.23s[39m  
  [31;1m⨯[39;22m[90m [39m[90morganisation id not exposed to non members[39m[90m                                                                  [39m [90m0.34s[39m  
  [31;1m⨯[39;22m[90m [39m[90morganization accessed by slug not id[39m[90m                                                                        [39m [90m0.48s[39m  
  [31;1m⨯[39;22m[90m [39m[90mpassword reset respects authorization[39m[90m                                                                       [39m [90m0.27s[39m  
  [31;1m⨯[39;22m[90m [39m[90morganization modification restricted[39m[90m                                                                        [39m [90m0.35s[39m  
                                             
  [39;41;1m FAIL [39;49;22m[39m Tests\Feature\OrganisationCreationStringOperatorTest[39m
  [31;1m⨯[39;22m[90m [39m[90memail field handles string values[39m[90m                                                                           [39m [90m0.43s[39m  
  [32;1m✓[39;22m[90m [39m[90memail validation handles empty string[39m[90m                                                                       [39m [90m0.23s[39m  
  [32;1m✓[39;22m[90m [39m[90mrepresentative email handles empty string[39m[90m                                                                   [39m [90m0.23s[39m  
  [31;1m⨯[39;22m[90m [39m[90memail validation handles malformed email[39m[90m                                                                    [39m [90m0.28s[39m  
  [32;1m✓[39;22m[90m [39m[90memail validation handles multiple at symbols[39m[90m                                                                [39m [90m0.62s[39m  
  [31;1m⨯[39;22m[90m [39m[90memail validation handles null value[39m[90m                                                                         [39m [90m0.30s[39m  
  [31;1m⨯[39;22m[90m [39m[90mrepresentative email handles null for external rep[39m[90m                                                          [39m [90m0.37s[39m  
  [32;1m✓[39;22m[90m [39m[90mself representative with email validates[39m[90m                                                                    [39m [90m0.39s[39m  
  [32;1m✓[39;22m[90m [39m[90mform data parsed as json correctly[39m[90m                                                                          [39m [90m0.28s[39m  
  [32;1m✓[39;22m[90m [39m[90mrepresentative object parsed correctly[39m[90m                                                                      [39m [90m0.38s[39m  
  [31;1m⨯[39;22m[90m [39m[90mcomplete form submission no string operator error[39m[90m                                                           [39m [90m0.27s[39m  
  [31;1m⨯[39;22m[90m [39m[90mvalidation works in non testing environment[39m[90m                                                                 [39m [90m0.30s[39m  
  [31;1m⨯[39;22m[90m [39m[90memail formats dont crash validation[39m[90m                                                                         [39m [90m0.32s[39m  
  [31;1m⨯[39;22m[90m [39m[90memail with whitespace handled[39m[90m                                                                               [39m [90m0.24s[39m  
  [33;1m![39;22m[90m [39m[90mstring operator error is prevented[39m[90m [39m[33m→ This test did not perform any assertions[39m[90m                               [39m [90m0.39s[39m  
                     
  [39;41;1m FAIL [39;49;22m[39m Tests\Feature\OrganisationCreationTest[39m
  [31;1m⨯[39;22m[90m [39m[90morganization creation requires name and email[39m[90m                                                               [39m [90m0.37s[39m  
  [31;1m⨯[39;22m[90m [39m[90morganization creation requires valid email[39m[90m                                                                  [39m [90m0.36s[39m  
  [31;1m⨯[39;22m[90m [39m[90morganization creation with self representative[39m[90m                                                              [39m [90m0.44s[39m  
  [31;1m⨯[39;22m[90m [39m[90morganization creation with external representative[39m[90m                                                          [39m [90m0.50s[39m  
  [31;1m⨯[39;22m[90m [39m[90morganization show requires membership[39m[90m                                                                       [39m [90m0.32s[39m  
  [31;1m⨯[39;22m[90m [39m[90morganization show denies non members[39m[90m                                                                        [39m [90m0.19s[39m  
  [32;1m✓[39;22m[90m [39m[90morganization creation requires auth[39m[90m                                                                         [39m [90m0.18s[39m  
                                          
  [39;41;1m FAIL [39;49;22m[39m Tests\Feature\OrganisationCreationValidationTest[39m
  [31;1m⨯[39;22m[90m [39m[90morganization name min length[39m[90m                                                                                [39m [90m0.42s[39m  
  [31;1m⨯[39;22m[90m [39m[90morganization name max length[39m[90m                                                                                [39m [90m0.33s[39m  
  [31;1m⨯[39;22m[90m [39m[90morganization email format validation[39m[90m                                                                        [39m [90m0.26s[39m  
  [31;1m⨯[39;22m[90m [39m[90mzip code format validation[39m[90m                                                                                  [39m [90m0.49s[39m  
  [31;1m⨯[39;22m[90m [39m[90mcountry code validation[39m[90m                                                                                     [39m [90m0.20s[39m  
  [31;1m⨯[39;22m[90m [39m[90mrepresentative email required when not self[39m[90m                                                                 [39m [90m0.23s[39m  
  [31;1m⨯[39;22m[90m [39m[90mgdpr and terms acceptance required[39m[90m                                                                          [39m [90m0.29s[39m  
  [32;1m✓[39;22m[90m [39m[90mspecial characters in organization name[39m[90m                                                                     [39m [90m0.32s[39m  
  [31;1m⨯[39;22m[90m [39m[90memail trimming and normalization[39m[90m                                                                            [39m [90m0.36s[39m  
  [31;1m⨯[39;22m[90m [39m[90mrepresentative name min length[39m[90m                                                                              [39m [90m0.38s[39m  
  [31;1m⨯[39;22m[90m [39m[90mrepresentative role required[39m[90m                                                                                [39m [90m0.29s[39m  
  [31;1m⨯[39;22m[90m [39m[90maddress fields required[39m[90m                                                                                     [39m [90m0.26s[39m  
  [31;1m⨯[39;22m[90m [39m[90mstreet address max length[39m[90m                                                                                   [39m [90m0.33s[39m  
  [31;1m⨯[39;22m[90m [39m[90mcity max length[39m[90m                                                                                             [39m [90m0.47s[39m  
   
  [30;42;1m PASS [39;49;22m[39m Tests\Feature\OrganisationDashboardMembershipF2Test[39m
  [32;1m✓[39;22m[90m [39m[90mmembership widget renders with no committees[39m[90m                                                                [39m [90m0.31s[39m  
      
  [30;42;1m PASS [39;49;22m[39m Tests\Feature\OrganisationDashboardMembershipTest[39m
  [32;1m✓[39;22m[90m [39m[90morganisation show includes membership prop[39m[90m                                                                  [39m [90m0.35s[39m  
  [32;1m✓[39;22m[90m [39m[90mmembership prop is array[39m[90m                                                                                    [39m [90m0.37s[39m  
                  
  [30;42;1m PASS [39;49;22m[39m Tests\Feature\OrganisationElectionCommissionTest[39m
  [32;1m✓[39;22m[90m [39m[90mguest is redirected to login[39m[90m                                                                                [39m [90m0.27s[39m  
  [32;1m✓[39;22m[90m [39m[90mplain voter gets 403[39m[90m                                                                                        [39m [90m0.29s[39m  
  [32;1m✓[39;22m[90m [39m[90mowner can access commission[39m[90m                                                                                 [39m [90m0.24s[39m  
  [32;1m✓[39;22m[90m [39m[90melection chief can access commission[39m[90m                                                                        [39m [90m0.45s[39m  
  [32;1m✓[39;22m[90m [39m[90mcommission includes election slugs for management links[39m[90m                                                     [39m [90m0.59s[39m  
  [32;1m✓[39;22m[90m [39m[90mnon member cannot access commission[39m[90m                                                                         [39m [90m0.41s[39m  
                                       
  [39;41;1m FAIL [39;49;22m[39m Tests\Feature\OrganisationIsolationTest[39m
  [32;1m✓[39;22m[90m [39m[90melection queries auto scope to current organisation[39m[90m                                                         [39m [90m0.26s[39m  
  [32;1m✓[39;22m[90m [39m[90mcannot see other org election by direct uuid[39m[90m                                                                [39m [90m0.33s[39m  
  [32;1m✓[39;22m[90m [39m[90melection creation auto sets organisation id from session[39m[90m                                                    [39m [90m0.31s[39m  
  [32;1m✓[39;22m[90m [39m[90mposts are isolated per organisation[39m[90m                                                                         [39m [90m0.36s[39m  
  [32;1m✓[39;22m[90m [39m[90mcodes are isolated per organisation[39m[90m                                                                         [39m [90m0.25s[39m  
  [32;1m✓[39;22m[90m [39m[90mvoter slugs are isolated per organisation[39m[90m                                                                   [39m [90m0.32s[39m  
  [32;1m✓[39;22m[90m [39m[90mcandidacies are isolated per organisation[39m[90m                                                                   [39m [90m0.63s[39m  
  [32;1m✓[39;22m[90m [39m[90mvotes are isolated per organisation[39m[90m                                                                         [39m [90m0.40s[39m  
  [31;1m⨯[39;22m[90m [39m[90mresults are isolated per organisation[39m[90m                                                                       [39m [90m0.36s[39m  
  [32;1m✓[39;22m[90m [39m[90mwithout session context election returns empty[39m[90m                                                              [39m [90m0.37s[39m  
  [32;1m✓[39;22m[90m [39m[90melection count respects organisation scope[39m[90m                                                                  [39m [90m0.87s[39m  
  [32;1m✓[39;22m[90m [39m[90melection find returns null for other org[39m[90m                                                                    [39m [90m0.32s[39m  
  [32;1m✓[39;22m[90m [39m[90mbelongs to tenant does not n plus one on platform context[39m[90m                                                   [39m [90m0.31s[39m  
               
  [39;41;1m FAIL [39;49;22m[39m Tests\Feature\OrganisationVoterHubTest[39m
  [32;1m✓[39;22m[90m [39m[90mguest is redirected to login[39m[90m                                                                                [39m [90m0.28s[39m  
  [32;1m✓[39;22m[90m [39m[90mnon member cannot access voter hub[39m[90m                                                                          [39m [90m0.34s[39m  
  [32;1m✓[39;22m[90m [39m[90mmember sees voter hub[39m[90m                                                                                       [39m [90m0.31s[39m  
  [31;1m⨯[39;22m[90m [39m[90mvoter hub shows correct membership status[39m[90m                                                                   [39m [90m0.23s[39m  
  [31;1m⨯[39;22m[90m [39m[90mvoter hub only includes active elections[39m[90m                                                                    [39m [90m0.32s[39m  
                  
  [39;41;1m FAIL [39;49;22m[39m Tests\Feature\Organisation\InvitationAcceptanceTest[39m
  [32;1m✓[39;22m[90m [39m[90maccepting invitation creates organisation user record[39m[90m                                                       [39m [90m0.55s[39m  
  [32;1m✓[39;22m[90m [39m[90maccepting invitation creates member record[39m[90m                                                                  [39m [90m0.31s[39m  
  [32;1m✓[39;22m[90m [39m[90maccepting invitation creates user organisation role[39m[90m                                                         [39m [90m0.37s[39m  
  [32;1m✓[39;22m[90m [39m[90maccepting invitation marks invitation as accepted[39m[90m                                                           [39m [90m0.32s[39m  
  [32;1m✓[39;22m[90m [39m[90maccepting invitation twice does not create duplicate records[39m[90m                                                [39m [90m0.30s[39m  
  [31;1m⨯[39;22m[90m [39m[90mexpired invitation cannot be accepted[39m[90m                                                                       [39m [90m0.33s[39m  
               
  [30;42;1m PASS [39;49;22m[39m Tests\Feature\Organisation\NewsletterBatchJobTest[39m
  [32;1m✓[39;22m[90m [39m[90mbatch job marks recipients sent[39m[90m                                                                             [39m [90m0.32s[39m  
  [32;1m✓[39;22m[90m [39m[90mbatch job marks failed recipient on exception[39m[90m                                                               [39m [90m0.34s[39m  
  [32;1m✓[39;22m[90m [39m[90mbatch job skips already sent recipient[39m[90m                                                                      [39m [90m0.22s[39m  
  [32;1m✓[39;22m[90m [39m[90mbatch job skips recipient with status sending[39m[90m                                                               [39m [90m0.20s[39m  
  [32;1m✓[39;22m[90m [39m[90mcampaign counts updated via job[39m[90m                                                                             [39m [90m0.24s[39m  
                  
  [39;41;1m FAIL [39;49;22m[39m Tests\Feature\Organisation\NewsletterCreationTest[39m
  [31;1m⨯[39;22m[90m [39m[90madmin can create newsletter draft[39m[90m                                                                           [39m [90m0.32s[39m  
  [31;1m⨯[39;22m[90m [39m[90mowner can create newsletter draft[39m[90m                                                                           [39m [90m0.22s[39m  
  [31;1m⨯[39;22m[90m [39m[90mnon admin cannot create newsletter[39m[90m                                                                          [39m [90m0.24s[39m  
  [31;1m⨯[39;22m[90m [39m[90mhtml content is sanitised on save[39m[90m                                                                           [39m [90m0.21s[39m  
  [31;1m⨯[39;22m[90m [39m[90madmin can view newsletter list[39m[90m                                                                              [39m [90m0.29s[39m  
  [31;1m⨯[39;22m[90m [39m[90mpreview recipient count returns active member count[39m[90m                                                         [39m [90m0.22s[39m  
                  
  [39;41;1m FAIL [39;49;22m[39m Tests\Feature\Organisation\NewsletterDispatchTest[39m
  [31;1m⨯[39;22m[90m [39m[90madmin can dispatch draft newsletter[39m[90m                                                                         [39m [90m0.26s[39m  
  [31;1m⨯[39;22m[90m [39m[90mcannot dispatch already queued newsletter[39m[90m                                                                   [39m [90m0.25s[39m  
  [31;1m⨯[39;22m[90m [39m[90mcannot dispatch completed newsletter[39m[90m                                                                        [39m [90m0.21s[39m  
  [31;1m⨯[39;22m[90m [39m[90mnon admin cannot dispatch[39m[90m                                                                                   [39m [90m0.33s[39m  
  [31;1m⨯[39;22m[90m [39m[90madmin can cancel draft newsletter[39m[90m                                                                           [39m [90m0.37s[39m  
  [31;1m⨯[39;22m[90m [39m[90mcannot cancel completed newsletter[39m[90m                                                                          [39m [90m0.26s[39m  
         
  [30;42;1m PASS [39;49;22m[39m Tests\Feature\Organisation\NewsletterKillSwitchTest[39m
  [32;1m✓[39;22m[90m [39m[90mcampaign fails when failure rate exceeds threshold[39m[90m                                                          [39m [90m0.28s[39m  
  [32;1m✓[39;22m[90m [39m[90mcampaign does not trigger below threshold[39m[90m                                                                   [39m [90m0.18s[39m  
  [32;1m✓[39;22m[90m [39m[90mkill switch does not trigger before minimum 50 processed[39m[90m                                                    [39m [90m0.16s[39m  
               
  [39;41;1m FAIL [39;49;22m[39m Tests\Feature\Organisation\NewsletterUnsubscribeTest[39m
  [32;1m✓[39;22m[90m [39m[90mmember can unsubscribe via token[39m[90m                                                                            [39m [90m0.37s[39m  
  [32;1m✓[39;22m[90m [39m[90minvalid token returns 404[39m[90m                                                                                   [39m [90m0.20s[39m  
  [32;1m✓[39;22m[90m [39m[90malready unsubscribed member handled gracefully[39m[90m                                                              [39m [90m0.20s[39m  
  [31;1m⨯[39;22m[90m [39m[90munsubscribed members excluded from recipients on dispatch[39m[90m                                                   [39m [90m0.25s[39m  
  [31;1m⨯[39;22m[90m [39m[90mbounced members excluded from recipients on dispatch[39m[90m                                                        [39m [90m0.25s[39m  
            
  [30;42;1m PASS [39;49;22m[39m Tests\Feature\Organisation\OrganisationCreationMembershipTest[39m
  [32;1m✓[39;22m[90m [39m[90mcreating org with election only mode persists voter source strategy[39m[90m                                         [39m [90m0.22s[39m  
  [32;1m✓[39;22m[90m [39m[90mcreating org with full membership mode persists voter source strategy[39m[90m                                       [39m [90m0.23s[39m  
  [32;1m✓[39;22m[90m [39m[90morganisation defaults to full membership when mode omitted[39m[90m                                                  [39m [90m0.31s[39m  
  [32;1m✓[39;22m[90m [39m[90mcreator becomes owner regardless of voter source mode[39m[90m                                                       [39m [90m0.22s[39m  
                                          
  [39;41;1m FAIL [39;49;22m[39m Tests\Feature\Organisation\OrganisationCreationPageTest[39m
  [32;1m✓[39;22m[90m [39m[90mcreate page accessible to authenticated user[39m[90m                                                                [39m [90m0.24s[39m  
  [32;1m✓[39;22m[90m [39m[90munauthenticated user redirected to login[39m[90m                                                                    [39m [90m0.32s[39m  
  [32;1m✓[39;22m[90m [39m[90mstore creates organisation with valid name[39m[90m                                                                  [39m [90m0.25s[39m  
  [32;1m✓[39;22m[90m [39m[90mstore assigns creator as owner[39m[90m                                                                              [39m [90m0.37s[39m  
  [32;1m✓[39;22m[90m [39m[90mstore updates users current organisation[39m[90m                                                                    [39m [90m0.28s[39m  
  [31;1m⨯[39;22m[90m [39m[90mstore requires name[39m[90m                                                                                         [39m [90m0.18s[39m  
  [31;1m⨯[39;22m[90m [39m[90mstore requires name at least 3 chars[39m[90m                                                                        [39m [90m0.23s[39m  
  [31;1m⨯[39;22m[90m [39m[90mstore rejects name over 255 chars[39m[90m                                                                           [39m [90m0.47s[39m  
  [32;1m✓[39;22m[90m [39m[90mslug is generated from name[39m[90m                                                                                 [39m [90m0.22s[39m  
  [32;1m✓[39;22m[90m [39m[90mduplicate slug gets counter appended[39m[90m                                                                        [39m [90m0.23s[39m  
  [32;1m✓[39;22m[90m [39m[90mredirect after creation goes to organisations show[39m[90m                                                          [39m [90m0.25s[39m  
  [32;1m✓[39;22m[90m [39m[90mshow page accessible to creator immediately after creation[39m[90m                                                  [39m [90m0.44s[39m  
  [31;1m⨯[39;22m[90m [39m[90morganisations index lists users organisations[39m[90m                                                               [39m [90m0.24s[39m  
  [31;1m⨯[39;22m[90m [39m[90morganisations index excludes other users organisations[39m[90m                                                      [39m [90m0.23s[39m  
                                 
  [39;41;1m FAIL [39;49;22m[39m Tests\Feature\Organisation\OrganisationGeographicScopeTest[39m
  [32;1m✓[39;22m[90m [39m[90mflat structure created without geographic fields[39m[90m                                                            [39m [90m0.28s[39m  
  [32;1m✓[39;22m[90m [39m[90mcommittee structure defaults to flat when omitted[39m[90m                                                           [39m [90m0.34s[39m  
  [31;1m⨯[39;22m[90m [39m[90mgeographical worldwide created successfully[39m[90m                                                                 [39m [90m0.25s[39m  
  [31;1m⨯[39;22m[90m [39m[90mgeographical single country requires base country code[39m[90m                                                      [39m [90m0.27s[39m  
  [31;1m⨯[39;22m[90m [39m[90mgeographical single country saved correctly[39m[90m                                                                 [39m [90m0.20s[39m  
  [31;1m⨯[39;22m[90m [39m[90mgeographical multi country saves allowed countries as array[39m[90m                                                 [39m [90m0.22s[39m  
  [31;1m⨯[39;22m[90m [39m[90mmulti country requires at least two countries[39m[90m                                                               [39m [90m0.29s[39m  
  [31;1m⨯[39;22m[90m [39m[90mgeographical scope required when structure is geographical[39m[90m                                                  [39m [90m0.26s[39m  
  [32;1m✓[39;22m[90m [39m[90mgeographic config cannot be changed after creation[39m[90m                                                          [39m [90m0.33s[39m  
  [32;1m✓[39;22m[90m [39m[90mall geographic fields are immutable[39m[90m                                                                         [39m [90m0.21s[39m  
  [32;1m✓[39;22m[90m [39m[90mcountries api returns standardized response[39m[90m                                                                 [39m [90m0.28s[39m  
         
  [39;41;1m FAIL [39;49;22m[39m Tests\Feature\Organisation\OrganisationSettingsTest[39m
  [32;1m✓[39;22m[90m [39m[90madmin can view settings page[39m[90m                                                                                [39m [90m0.24s[39m  
  [31;1m⨯[39;22m[90m [39m[90madmin can update membership mode[39m[90m                                                                            [39m [90m0.36s[39m  
  [32;1m✓[39;22m[90m [39m[90mnon admin cannot access settings[39m[90m                                                                            [39m [90m0.35s[39m  
                  
  [30;42;1m PASS [39;49;22m[39m Tests\Feature\Organisation\ParticipantInvitationAcceptanceTest[39m
  [32;1m✓[39;22m[90m [39m[90maccepting participant invitation creates participant record[39m[90m                                                 [39m [90m0.25s[39m  
  [32;1m✓[39;22m[90m [39m[90maccepting participant invitation marks invitation as accepted[39m[90m                                               [39m [90m0.22s[39m  
  [32;1m✓[39;22m[90m [39m[90maccepting participant invitation twice does not create duplicate[39m[90m                                            [39m [90m0.38s[39m  
  [32;1m✓[39;22m[90m [39m[90mexpired participant invitation cannot be accepted[39m[90m                                                           [39m [90m0.21s[39m  
  [32;1m✓[39;22m[90m [39m[90mnon admin cannot send participant invitation[39m[90m                                                                [39m [90m0.21s[39m  
  [32;1m✓[39;22m[90m [39m[90madmin can send participant invitation[39m[90m                                                                       [39m [90m0.49s[39m  
                                 
  [39;41;1m FAIL [39;49;22m[39m Tests\Feature\Organisations\VoterControllerIntegrationTest[39m
  [31;1m⨯[39;22m[90m [39m[90mit handles complete voter approval workflow[39m
  [31;1m⨯[39;22m[90m [39m[90mit handles complete voter suspension workflow[39m
  [31;1m⨯[39;22m[90m [39m[90mit handles bulk operations workflow[39m
  [31;1m⨯[39;22m[90m [39m[90mit handles pagination and filtering workflow[39m
  [31;1m⨯[39;22m[90m [39m[90mit properly manages cache across operations[39m
  [31;1m⨯[39;22m[90m [39m[90mit allows multiple commission members to perform actions[39m
  [31;1m⨯[39;22m[90m [39m[90mit grants new permissions after role change[39m
  [31;1m⨯[39;22m[90m [39m[90mit handles organization with no voters[39m
  [31;1m⨯[39;22m[90m [39m[90mit tracks ip address per approval[39m
  [31;1m⨯[39;22m[90m [39m[90mit handles sequential bulk operations[39m
  [31;1m⨯[39;22m[90m [39m[90mit sets appropriate flash messages[39m
                                                   
  [39;41;1m FAIL [39;49;22m[39m Tests\Feature\organisations\VoterControllerSecurityTest[39m
  [31;1m⨯[39;22m[90m [39m[90mit prevents cross organization voter list access[39m
  [31;1m⨯[39;22m[90m [39m[90mit prevents cross organization voter approval[39m
  [31;1m⨯[39;22m[90m [39m[90mit prevents cross organization voter suspension[39m
  [31;1m⨯[39;22m[90m [39m[90mit prevents org2 user approving org1 voters[39m
  [31;1m⨯[39;22m[90m [39m[90mit prevents cross organization bulk approve[39m
  [31;1m⨯[39;22m[90m [39m[90mit prevents cross organization bulk suspend[39m
  [31;1m⨯[39;22m[90m [39m[90mit requires commission role for approval[39m
  [31;1m⨯[39;22m[90m [39m[90mit requires commission role for bulk approve[39m
  [31;1m⨯[39;22m[90m [39m[90mit prevents sql injection in voter id[39m
  [31;1m⨯[39;22m[90m [39m[90mit validates organization from route not request[39m
  [31;1m⨯[39;22m[90m [39m[90mit records actual approver identity[39m
  [31;1m⨯[39;22m[90m [39m[90mit filters voters by organization in bulk approve[39m
  [31;1m⨯[39;22m[90m [39m[90mit validates organization slug integrity[39m
  [31;1m⨯[39;22m[90m [39m[90mit requires csrf token for state changes[39m
  [31;1m⨯[39;22m[90m [39m[90mit logs all approval attempts[39m
  [31;1m⨯[39;22m[90m [39m[90mit prevents privilege escalation attacks[39m
  [31;1m⨯[39;22m[90m [39m[90mit prevents information disclosure[39m
                                                                                 
  [39;41;1m FAIL [39;49;22m[39m Tests\Feature\organisations\VoterControllerTest[39m
  [31;1m⨯[39;22m[90m [39m[90mit displays voter list for organization members[39m
  [31;1m⨯[39;22m[90m [39m[90mit blocks non member access to voter list[39m
  [31;1m⨯[39;22m[90m [39m[90mit redirects unauthenticated users to login[39m
  [31;1m⨯[39;22m[90m [39m[90mit shows correct statistics[39m
  [31;1m⨯[39;22m[90m [39m[90mit filters voters by search query[39m
  [31;1m⨯[39;22m[90m [39m[90mit filters voters by status[39m
  [31;1m⨯[39;22m[90m [39m[90mit allows commission member to approve voter[39m
  [31;1m⨯[39;22m[90m [39m[90mit blocks regular member from approving voter[39m
  [31;1m⨯[39;22m[90m [39m[90mit allows commission member to suspend voter[39m
  [31;1m⨯[39;22m[90m [39m[90mit blocks regular member from suspending voter[39m
  [31;1m⨯[39;22m[90m [39m[90mit prevents cross organization voter approval[39m
  [31;1m⨯[39;22m[90m [39m[90mit allows bulk approve of voters[39m
  [31;1m⨯[39;22m[90m [39m[90mit returns error for empty bulk approve[39m
  [31;1m⨯[39;22m[90m [39m[90mit allows bulk suspend of voters[39m
  [31;1m⨯[39;22m[90m [39m[90mit paginates voter list[39m
  [31;1m⨯[39;22m[90m [39m[90mit only shows voters from the organization[39m
  [31;1m⨯[39;22m[90m [39m[90mit invalidates cache on voter approval[39m
  [31;1m⨯[39;22m[90m [39m[90mit invalidates cache on bulk approval[39m
  [31;1m⨯[39;22m[90m [39m[90mit records ip address on approval[39m
  [31;1m⨯[39;22m[90m [39m[90mit indicates commission member in response[39m
  [31;1m⨯[39;22m[90m [39m[90mit allows approval of voters regardless of voting status[39m
  [31;1m⨯[39;22m[90m [39m[90mit loads organization context[39m
  [31;1m⨯[39;22m[90m [39m[90mit preserves filters in response[39m
  [31;1m⨯[39;22m[90m [39m[90mit shows success message after approval[39m
  [31;1m⨯[39;22m[90m [39m[90mit only shows voters not non voters[39m
  [31;1m⨯[39;22m[90m [39m[90mit prevents voter lookup across organizations[39m
  [31;1m⨯[39;22m[90m [39m[90mit handles non existent voter gracefully[39m
         
  [30;42;1m PASS [39;49;22m[39m Tests\Feature\Outbox\EventDispatchIsolationTest[39m
  [32;1m✓[39;22m[90m [39m[90mfee paid event dispatched directly reaches listener[39m[90m                                                         [39m [90m0.31s[39m  
  [32;1m✓[39;22m[90m [39m[90mlistener receives event via event service provider[39m[90m                                                          [39m [90m0.26s[39m  
  [32;1m✓[39;22m[90m [39m[90moutbox processor exception diagnostics[39m[90m                                                                      [39m [90m0.18s[39m  
         
  [30;42;1m PASS [39;49;22m[39m Tests\Feature\Outbox\OutboxFeePaidRehydrationTest[39m
  [32;1m✓[39;22m[90m [39m[90moutbox rehydrates fee paid event as domain event[39m[90m                                                            [39m [90m0.15s[39m  
  [32;1m✓[39;22m[90m [39m[90mfee paid rehydration preserves all fields[39m[90m                                                                   [39m [90m0.16s[39m  
  [32;1m✓[39;22m[90m [39m[90moutbox retry on failure does not mark success[39m[90m                                                               [39m [90m0.27s[39m  
            
  [30;42;1m PASS [39;49;22m[39m Tests\Feature\PasswordResetTest[39m
  [32;1m✓[39;22m[90m [39m[90mreset password link screen can be rendered[39m[90m                                                                  [39m [90m0.16s[39m  
  [32;1m✓[39;22m[90m [39m[90mreset password link can be requested[39m[90m                                                                        [39m [90m0.65s[39m  
  [32;1m✓[39;22m[90m [39m[90mreset password screen can be rendered[39m[90m                                                                       [39m [90m0.21s[39m  
  [32;1m✓[39;22m[90m [39m[90mpassword can be reset with valid token[39m[90m                                                                      [39m [90m0.29s[39m  
                           
  [39;41;1m FAIL [39;49;22m[39m Tests\Feature\Phase2VoteValidationTest[39m
  [31;1m⨯[39;22m[90m [39m[90mcandidate selection validation rejects nonexistent candidacy[39m
  [31;1m⨯[39;22m[90m [39m[90mvote completeness validation rejects incomplete vote[39m
  [31;1m⨯[39;22m[90m [39m[90mmultiple vote prevention blocks second vote in real election[39m
  [31;1m⨯[39;22m[90m [39m[90mdemo election allows multiple votes[39m
  [31;1m⨯[39;22m[90m [39m[90mvalid vote submission passes validation[39m
  [31;1m⨯[39;22m[90m [39m[90mno vote option properly handles skip selections[39m
  [31;1m⨯[39;22m[90m [39m[90mineligible voter cannot vote[39m
  [31;1m⨯[39;22m[90m [39m[90mclosed election blocks voting[39m
  [31;1m⨯[39;22m[90m [39m[90mvote sanitization fixes inconsistent no vote flags[39m
                        
  [39;41;1m FAIL [39;49;22m[39m Tests\Feature\Phase3VoteStorageVerificationTest[39m
  [31;1m⨯[39;22m[90m [39m[90mvote record stored in votes table[39m
  [31;1m⨯[39;22m[90m [39m[90mreal election vote not in demo votes table[39m
  [31;1m⨯[39;22m[90m [39m[90mdemo election vote stored in demo votes table[39m
  [31;1m⨯[39;22m[90m [39m[90mvote json structure integrity[39m
  [31;1m⨯[39;22m[90m [39m[90mmultiple votes from same voter tracked[39m
  [31;1m⨯[39;22m[90m [39m[90mvote has correct election id[39m
  [31;1m⨯[39;22m[90m [39m[90mvote links to correct code[39m
  [31;1m⨯[39;22m[90m [39m[90mhas voted flag set after vote stored[39m
                        
  [39;41;1m FAIL [39;49;22m[39m Tests\Feature\Phase4StateManagementTest[39m
  [31;1m⨯[39;22m[90m [39m[90minitial code state[39m
  [31;1m⨯[39;22m[90m [39m[90mcode state updates after vote submit[39m
  [31;1m⨯[39;22m[90m [39m[90mcode has voted flag set on confirmation[39m
  [31;1m⨯[39;22m[90m [39m[90mcode state transition sequence[39m
  [31;1m⨯[39;22m[90m [39m[90mvoter slug step progression[39m
  [31;1m⨯[39;22m[90m [39m[90mvoter state independence[39m
  [31;1m⨯[39;22m[90m [39m[90mcode state persistence[39m
  [31;1m⨯[39;22m[90m [39m[90mstate transition atomicity[39m
                        
  [39;41;1m FAIL [39;49;22m[39m Tests\Feature\Phase5ErrorHandlingTest[39m
  [31;1m⨯[39;22m[90m [39m[90minvalid candidacy selection rejected[39m
  [31;1m⨯[39;22m[90m [39m[90mmissing required candidates rejected[39m
  [31;1m⨯[39;22m[90m [39m[90mineligible voter blocked[39m
  [31;1m⨯[39;22m[90m [39m[90minactive election blocks voting[39m
  [31;1m⨯[39;22m[90m [39m[90mexpired code blocks voting[39m
  [31;1m⨯[39;22m[90m [39m[90mmissing session data rejected[39m
  [31;1m⨯[39;22m[90m [39m[90munauthenticated access blocked[39m
  [31;1m⨯[39;22m[90m [39m[90mcode mismatch rejected[39m
                        
  [39;41;1m FAIL [39;49;22m[39m Tests\Feature\Phase6EndToEndIntegrationTest[39m
  [31;1m⨯[39;22m[90m [39m[90mcomplete real election voting workflow[39m
  [31;1m⨯[39;22m[90m [39m[90mmultiple voters independent voting[39m
  [31;1m⨯[39;22m[90m [39m[90mreal and demo elections parallel[39m
  [31;1m⨯[39;22m[90m [39m[90mvoter progression through all steps[39m
  [31;1m⨯[39;22m[90m [39m[90mcode state consistency[39m
  [31;1m⨯[39;22m[90m [39m[90merror recovery and retry[39m
  [31;1m⨯[39;22m[90m [39m[90mvoting audit trail[39m
  [31;1m⨯[39;22m[90m [39m[90msystem resilience concurrent operations[39m
                           
  [39;41;1m FAIL [39;49;22m[39m Tests\Feature\PreventMultipleVotingTest[39m
  [31;1m⨯[39;22m[90m [39m[90muser can only have one active slug at a time[39m[90m                                                                [39m [90m0.29s[39m  
  [31;1m⨯[39;22m[90m [39m[90msecurity service detects and fixes multiple active slugs[39m[90m                                                    [39m [90m0.15s[39m  
  [31;1m⨯[39;22m[90m [39m[90msecurity service blocks slug generation for ineligible users[39m[90m                                                [39m [90m0.16s[39m  
  [31;1m⨯[39;22m[90m [39m[90msecurity service blocks users with existing active slug[39m[90m                                                     [39m [90m0.16s[39m  
  [31;1m⨯[39;22m[90m [39m[90mmiddleware blocks access when multiple slugs detected[39m[90m                                                       [39m [90m0.28s[39m  
  [31;1m⨯[39;22m[90m [39m[90mcompleted voters cannot access any voting urls[39m[90m                                                              [39m [90m0.17s[39m  
  [31;1m⨯[39;22m[90m [39m[90msecurity audit identifies violations[39m[90m                                                                        [39m [90m0.15s[39m  
  [31;1m⨯[39;22m[90m [39m[90memergency lockdown deactivates all user slugs[39m[90m                                                               [39m [90m0.15s[39m  
  [31;1m⨯[39;22m[90m [39m[90mrate limiting prevents excessive requests[39m[90m                                                                   [39m [90m0.15s[39m  
                                                   
  [30;42;1m PASS [39;49;22m[39m Tests\Feature\Priority1IsolationTest[39m
  [32;1m✓[39;22m[90m [39m[90mmessages are scoped to organisation[39m[90m                                                                         [39m [90m1.64s[39m  
  [32;1m✓[39;22m[90m [39m[90mmessage find returns null for other org[39m[90m                                                                     [39m [90m0.18s[39m  
  [32;1m✓[39;22m[90m [39m[90mmessage creation auto fills organisation id[39m[90m                                                                 [39m [90m0.16s[39m  
  [32;1m✓[39;22m[90m [39m[90mimages are scoped to organisation[39m[90m                                                                           [39m [90m0.50s[39m  
  [32;1m✓[39;22m[90m [39m[90mimage find returns null for other org[39m[90m                                                                       [39m [90m0.22s[39m  
  [32;1m✓[39;22m[90m [39m[90mimage creation auto fills organisation id[39m[90m                                                                   [39m [90m0.21s[39m  
  [32;1m✓[39;22m[90m [39m[90muploads are scoped to organisation[39m[90m                                                                          [39m [90m1.94s[39m  
  [32;1m✓[39;22m[90m [39m[90mupload find returns null for other org[39m[90m                                                                      [39m [90m0.19s[39m  
  [32;1m✓[39;22m[90m [39m[90mupload creation auto fills organisation id[39m[90m                                                                  [39m [90m0.18s[39m  
  [32;1m✓[39;22m[90m [39m[90mcalendars are scoped to organisation[39m[90m                                                                        [39m [90m2.30s[39m  
  [32;1m✓[39;22m[90m [39m[90mcalendar find returns null for other org[39m[90m                                                                    [39m [90m0.35s[39m  
  [32;1m✓[39;22m[90m [39m[90mcalendar creation auto fills organisation id[39m[90m                                                                [39m [90m0.24s[39m  
  [32;1m✓[39;22m[90m [39m[90mevents are scoped to organisation[39m[90m                                                                           [39m [90m0.94s[39m  
  [32;1m✓[39;22m[90m [39m[90mevent find returns null for other org[39m[90m                                                                       [39m [90m0.66s[39m  
  [32;1m✓[39;22m[90m [39m[90mevent creation auto fills organisation id[39m[90m                                                                   [39m [90m0.25s[39m  
  [32;1m✓[39;22m[90m [39m[90mevent calendar relationship respects isolation[39m[90m                                                              [39m [90m0.22s[39m  
  [32;1m✓[39;22m[90m [39m[90mmultiple org isolation verified[39m[90m                                                                             [39m [90m0.35s[39m  
   
  [39;41;1m FAIL [39;49;22m[39m Tests\Feature\ProfileInformationTest[39m
  [31;1m⨯[39;22m[90m [39m[90mprofile information can be updated[39m[90m                                                                          [39m [90m0.26s[39m  
               
  [30;42;1m PASS [39;49;22m[39m Tests\Feature\Public\ElectionArchitecturePageTest[39m
  [32;1m✓[39;22m[90m [39m[90mpublic architecture page is accessible[39m[90m                                                                      [39m [90m0.16s[39m  
  [32;1m✓[39;22m[90m [39m[90mpage has phases data[39m[90m                                                                                        [39m [90m0.29s[39m  
  [32;1m✓[39;22m[90m [39m[90mpage requires no authentication[39m[90m                                                                             [39m [90m0.28s[39m  
  [32;1m✓[39;22m[90m [39m[90mphases contain required keys[39m[90m                                                                                [39m [90m0.33s[39m  
  [32;1m✓[39;22m[90m [39m[90mimages are served[39m[90m                                                                                           [39m [90m0.31s[39m  
            
  [30;42;1m PASS [39;49;22m[39m Tests\Feature\Public\PublicDemoResultsPageTest[39m
  [32;1m✓[39;22m[90m [39m[90mpublic demo results returns 200[39m[90m                                                                             [39m [90m0.32s[39m  
  [32;1m✓[39;22m[90m [39m[90mpublic demo results shows empty posts when no data[39m[90m                                                          [39m [90m0.33s[39m  
  [32;1m✓[39;22m[90m [39m[90munauthenticated users can access[39m[90m                                                                            [39m [90m0.61s[39m  
  [32;1m✓[39;22m[90m [39m[90mauthenticated users can also access[39m[90m                                                                         [39m [90m0.54s[39m  
                                                            
  [30;42;1m PASS [39;49;22m[39m Tests\Feature\Public\SecurityPageTest[39m
  [32;1m✓[39;22m[90m [39m[90msecurity page route exists and returns 200[39m[90m                                                                  [39m [90m0.75s[39m  
  [32;1m✓[39;22m[90m [39m[90msecurity page renders security component[39m[90m                                                                    [39m [90m0.47s[39m  
  [32;1m✓[39;22m[90m [39m[90msecurity page passes required props[39m[90m                                                                         [39m [90m0.41s[39m  
  [32;1m✓[39;22m[90m [39m[90mexactly five layers provided[39m[90m                                                                                [39m [90m0.24s[39m  
  [32;1m✓[39;22m[90m [39m[90mthree security pillars provided[39m[90m                                                                             [39m [90m0.19s[39m  
  [32;1m✓[39;22m[90m [39m[90mtrust badges have required keys[39m[90m                                                                             [39m [90m0.16s[39m  
  [32;1m✓[39;22m[90m [39m[90mfaq section has minimum questions[39m[90m                                                                           [39m [90m0.33s[39m  
  [32;1m✓[39;22m[90m [39m[90mimages are provided[39m[90m                                                                                         [39m [90m0.24s[39m  
  [32;1m✓[39;22m[90m [39m[90mtranslations available english[39m[90m                                                                              [39m [90m0.42s[39m  
  [32;1m✓[39;22m[90m [39m[90mtranslations available german[39m[90m                                                                               [39m [90m0.19s[39m  
  [32;1m✓[39;22m[90m [39m[90mtranslations available nepali[39m[90m                                                                               [39m [90m0.18s[39m  
  [32;1m✓[39;22m[90m [39m[90mpage accessible without authentication[39m[90m                                                                      [39m [90m0.15s[39m  
  [32;1m✓[39;22m[90m [39m[90mpage works with authenticated user[39m[90m                                                                          [39m [90m0.23s[39m  
  [32;1m✓[39;22m[90m [39m[90mcta buttons structure[39m[90m                                                                                       [39m [90m0.21s[39m  
  [32;1m✓[39;22m[90m [39m[90mlayer ids are unique[39m[90m                                                                                        [39m [90m0.18s[39m  
  [32;1m✓[39;22m[90m [39m[90mlayer numbers are sequential[39m[90m                                                                                [39m [90m0.16s[39m  
  [32;1m✓[39;22m[90m [39m[90msecurity page returns data store section[39m[90m                                                                    [39m [90m0.18s[39m  
  [32;1m✓[39;22m[90m [39m[90msecurity page returns verification methods[39m[90m                                                                  [39m [90m0.16s[39m  
  [32;1m✓[39;22m[90m [39m[90msecurity page returns fingerprint steps[39m[90m                                                                     [39m [90m0.17s[39m  
  [32;1m✓[39;22m[90m [39m[90msecurity page cta buttons use label keys not hardcoded labels[39m[90m                                               [39m [90m0.30s[39m  
                                             
  [39;41;1m FAIL [39;49;22m[39m Tests\Feature\RealElection\EndpointRoutingTest[39m
  [31;1m⨯[39;22m[90m [39m[90mreal routes differ from demo routes[39m
  [31;1m⨯[39;22m[90m [39m[90mreal submit routes differ from demo[39m
  [31;1m⨯[39;22m[90m [39m[90mreal verify routes differ from demo[39m
  [31;1m⨯[39;22m[90m [39m[90mreal code routes are correct[39m
  [31;1m⨯[39;22m[90m [39m[90mslug real routes differ from slug demo[39m
  [31;1m⨯[39;22m[90m [39m[90mreal election uses vote routes not demo[39m
  [31;1m⨯[39;22m[90m [39m[90mreal election page navigation[39m
  [31;1m⨯[39;22m[90m [39m[90mslug based real election navigation[39m
  [31;1m⨯[39;22m[90m [39m[90mreal code creation route correct[39m
  [31;1m⨯[39;22m[90m [39m[90mno demo endpoints in real routes[39m
  [31;1m⨯[39;22m[90m [39m[90mall real routes are registered[39m
  [31;1m⨯[39;22m[90m [39m[90mreal elections use code model[39m
  [31;1m⨯[39;22m[90m [39m[90mvalidation error handling in real controller[39m
  [31;1m⨯[39;22m[90m [39m[90mreal election complete flow uses real routes[39m
  [31;1m⨯[39;22m[90m [39m[90mreal slug parameters correct[39m
                                                            
  [39;41;1m FAIL [39;49;22m[39m Tests\Feature\RealElection\RoutingTest[39m
  [31;1m⨯[39;22m[90m [39m[90mreal vs demo vote create routes different[39m
  [31;1m⨯[39;22m[90m [39m[90mreal create route no demo keyword[39m
  [31;1m⨯[39;22m[90m [39m[90mdemo create route has demo keyword[39m
  [31;1m⨯[39;22m[90m [39m[90mreal vs demo submit different[39m
  [31;1m⨯[39;22m[90m [39m[90mreal vs demo verify different[39m
  [31;1m⨯[39;22m[90m [39m[90mslug based real vs demo different[39m
  [31;1m⨯[39;22m[90m [39m[90mreal election type is real[39m
  [31;1m⨯[39;22m[90m [39m[90mdemo election type is demo[39m
  [31;1m⨯[39;22m[90m [39m[90mreal routes complete[39m
  [31;1m⨯[39;22m[90m [39m[90mdemo routes complete[39m
  [31;1m⨯[39;22m[90m [39m[90mreal routes dont use demo keywords[39m
  [31;1m⨯[39;22m[90m [39m[90mdemo routes dont use real keywords[39m
  [31;1m⨯[39;22m[90m [39m[90mreal slug routes correct[39m
  [31;1m⨯[39;22m[90m [39m[90mdemo slug routes correct[39m
  [31;1m⨯[39;22m[90m [39m[90mvote controller exists and complete[39m
  [31;1m⨯[39;22m[90m [39m[90mdemo vote controller exists and complete[39m
  [31;1m⨯[39;22m[90m [39m[90mroutes mapped to correct controllers[39m
  [31;1m⨯[39;22m[90m [39m[90melection type determines route choice[39m
  [31;1m⨯[39;22m[90m [39m[90mvote controller can identify election type[39m
  [31;1m⨯[39;22m[90m [39m[90mcomprehensive routing system[39m
                                                                     
  [39;41;1m FAIL [39;49;22m[39m Tests\Feature\RealVoteEnforcementTest[39m
  [31;1m⨯[39;22m[90m [39m[90mdatabase constraint prevents vote without organisation id[39m
  [31;1m⨯[39;22m[90m [39m[90mdatabase constraint prevents result without organisation id[39m
  [31;1m⨯[39;22m[90m [39m[90mcomposite fk prevents vote with mismatched election org[39m
  [31;1m⨯[39;22m[90m [39m[90mcomposite fk prevents result with mismatched vote org[39m
  [31;1m⨯[39;22m[90m [39m[90minvalid real vote exception includes context[39m
  [31;1m⨯[39;22m[90m [39m[90morganisation mismatch exception includes context[39m
  [31;1m⨯[39;22m[90m [39m[90mmodel validation throws exception with proper message[39m
  [31;1m⨯[39;22m[90m [39m[90msuccessful validation completes without exception[39m
  [31;1m⨯[39;22m[90m [39m[90mmulti organisation isolation[39m
  [31;1m⨯[39;22m[90m [39m[90mresult organisation isolation[39m
  [31;1m⨯[39;22m[90m [39m[90mcannot create real vote for demo election[39m
  [31;1m⨯[39;22m[90m [39m[90mvalidation works with large organisation ids[39m
  [31;1m⨯[39;22m[90m [39m[90mcascade delete removes results with vote[39m
  [31;1m⨯[39;22m[90m [39m[90mcontroller prevents cross organisation voting[39m
  [31;1m⨯[39;22m[90m [39m[90mcomplete voting flow passes all layers[39m
  [31;1m⨯[39;22m[90m [39m[90mcontroller validation faster than model validation[39m
  [31;1m⨯[39;22m[90m [39m[90mexplicit organisation id prevents trait bypass[39m
  [31;1m⨯[39;22m[90m [39m[90maudit trail complete for vote lifecycle[39m
  [31;1m⨯[39;22m[90m [39m[90mmiddleware blocks before controller[39m
  [31;1m⨯[39;22m[90m [39m[90mfour layer protection working together[39m
  [31;1m⨯[39;22m[90m [39m[90mdemo election full workflow unaffected[39m
  [31;1m⨯[39;22m[90m [39m[90mmiddleware order matters[39m
  [31;1m⨯[39;22m[90m [39m[90mcomplete audit trail all layers[39m
                     
  [39;41;1m FAIL [39;49;22m[39m Tests\Feature\RealVoteVerificationTest[39m
  [31;1m⨯[39;22m[90m [39m[90mreal vote with no vote true saves true to database[39m[90m                                                          [39m [90m0.33s[39m  
  [31;1m⨯[39;22m[90m [39m[90msave vote method saves real vote with no vote option[39m[90m                                                        [39m [90m0.18s[39m  
  [31;1m⨯[39;22m[90m [39m[90mreal vote does not store verification code[39m[90m                                                                  [39m [90m0.18s[39m  
  [31;1m⨯[39;22m[90m [39m[90mreal and demo votes use same save vote method[39m[90m                                                               [39m [90m0.17s[39m  
  [31;1m⨯[39;22m[90m [39m[90mreal vote can query by no vote status[39m[90m                                                                       [39m [90m0.37s[39m  
  [31;1m⨯[39;22m[90m [39m[90mvotes table schema does not have verification code column[39m[90m                                                   [39m [90m0.41s[39m  
  [31;1m⨯[39;22m[90m [39m[90mreal vote with false no vote saves correctly[39m[90m                                                                [39m [90m0.28s[39m  
      
  [39;41;1m FAIL [39;49;22m[39m Tests\Feature\RealWorldVotingFlowTest[39m
  [31;1m⨯[39;22m[90m [39m[90mcomplete voting flow from dashboard uses slug based urls[39m[90m                                                    [39m [90m0.22s[39m  
  [31;1m⨯[39;22m[90m [39m[90mmanual test of code submission behavior[39m[90m                                                                     [39m [90m0.18s[39m  
                  
  [39;41;1m FAIL [39;49;22m[39m Tests\Feature\RegionalCandidatesDisplayTest[39m
  [32;1m✓[39;22m[90m [39m[90mregional posts english translations exist[39m[90m                                                                   [39m [90m0.16s[39m  
  [32;1m✓[39;22m[90m [39m[90mregional posts german translations exist[39m[90m                                                                    [39m [90m0.13s[39m  
  [32;1m✓[39;22m[90m [39m[90mregional posts nepali translations exist[39m[90m                                                                    [39m [90m0.15s[39m  
  [32;1m✓[39;22m[90m [39m[90mvoting page component has user region prop[39m[90m                                                                  [39m [90m0.44s[39m  
  [32;1m✓[39;22m[90m [39m[90mcomponent imports regional translations[39m[90m                                                                     [39m [90m0.15s[39m  
  [31;1m⨯[39;22m[90m [39m[90mdemo voting system integration[39m[90m                                                                              [39m [90m0.25s[39m  
      
  [39;41;1m FAIL [39;49;22m[39m Tests\Feature\RegistrationTest[39m
  [32;1m✓[39;22m[90m [39m[90mregistration screen can be rendered[39m[90m                                                                         [39m [90m0.14s[39m  
  [31;1m⨯[39;22m[90m [39m[90mnew users can register[39m[90m                                                                                      [39m [90m0.26s[39m  
                                       
  [39;41;1m FAIL [39;49;22m[39m Tests\Feature\ResultCalculationTest[39m
  [31;1m⨯[39;22m[90m [39m[90mresults table has candidate id not candidacy id[39m[90m                                                             [39m [90m0.20s[39m  
  [31;1m⨯[39;22m[90m [39m[90mresults table has vote hash column[39m[90m                                                                          [39m [90m0.33s[39m  
  [31;1m⨯[39;22m[90m [39m[90mdemo results table uses candidate id[39m[90m                                                                        [39m [90m0.23s[39m  
  [32;1m✓[39;22m[90m [39m[90mbase result model has candidate relationship[39m[90m                                                                [39m [90m0.23s[39m  
  [31;1m⨯[39;22m[90m [39m[90mbase result model has for candidate scope[39m[90m                                                                   [39m [90m0.27s[39m  
  [31;1m⨯[39;22m[90m [39m[90mbase result model has top candidates method[39m[90m                                                                 [39m [90m0.24s[39m  
  [31;1m⨯[39;22m[90m [39m[90mresult model has count for candidate method[39m[90m                                                                 [39m [90m0.20s[39m  
  [31;1m⨯[39;22m[90m [39m[90mresults table has required audit columns[39m[90m                                                                    [39m [90m0.16s[39m  
  [31;1m⨯[39;22m[90m [39m[90mresult fillable includes candidate id[39m[90m                                                                       [39m [90m0.25s[39m  
  [31;1m⨯[39;22m[90m [39m[90mresult fillable includes vote hash[39m[90m                                                                          [39m [90m0.14s[39m  
  [31;1m⨯[39;22m[90m [39m[90mresult fillable excludes candidacy id[39m[90m                                                                       [39m [90m0.16s[39m  
  [31;1m⨯[39;22m[90m [39m[90mdemo result fillable includes candidate id[39m[90m                                                                  [39m [90m0.15s[39m  
  [32;1m✓[39;22m[90m [39m[90mresult model has for post scope[39m[90m                                                                             [39m [90m0.14s[39m  
                                                   
  [39;41;1m FAIL [39;49;22m[39m Tests\Feature\RouteBindingTest[39m
  [32;1m✓[39;22m[90m [39m[90mreal slug resolves to voter slug model[39m[90m                                                                      [39m [90m0.38s[39m  
  [32;1m✓[39;22m[90m [39m[90mdemo slug resolves to demo voter slug model[39m[90m                                                                 [39m [90m0.23s[39m  
  [32;1m✓[39;22m[90m [39m[90minvalid slug returns 404[39m[90m                                                                                    [39m [90m0.26s[39m  
  [32;1m✓[39;22m[90m [39m[90mexpired slug is detected[39m[90m                                                                                    [39m [90m0.34s[39m  
  [31;1m⨯[39;22m[90m [39m[90mreal slug has required properties[39m[90m                                                                           [39m [90m0.32s[39m  
  [31;1m⨯[39;22m[90m [39m[90mdemo slug has platform organisation[39m[90m                                                                         [39m [90m0.24s[39m  
  [32;1m✓[39;22m[90m [39m[90mreal slug not in demo table[39m[90m                                                                                 [39m [90m0.23s[39m  
  [32;1m✓[39;22m[90m [39m[90mdemo slug not in real table[39m[90m                                                                                 [39m [90m0.35s[39m  
  [31;1m⨯[39;22m[90m [39m[90mslug lookup is case sensitive[39m[90m                                                                               [39m [90m0.23s[39m  
  [32;1m✓[39;22m[90m [39m[90mbinding can use without global scopes[39m[90m                                                                       [39m [90m0.25s[39m  
  [32;1m✓[39;22m[90m [39m[90mexpired slug has past expiration time[39m[90m                                                                       [39m [90m0.19s[39m  
  [32;1m✓[39;22m[90m [39m[90mactive slug has future expiration time[39m[90m                                                                      [39m [90m0.19s[39m  
  [31;1m⨯[39;22m[90m [39m[90mmultiple slugs for different users are isolated[39m[90m                                                             [39m [90m0.38s[39m  
  [31;1m⨯[39;22m[90m [39m[90minactive slug is still findable[39m[90m                                                                             [39m [90m0.32s[39m  
  [31;1m⨯[39;22m[90m [39m[90mslug lookup returns single result[39m[90m                                                                           [39m [90m0.35s[39m  
  [33;1m-[39;22m[90m [39m[90mslug column has database index mysql[39m[90m [39m[33m→ This test is for MySQL only[39m[90m                                          [39m [90m0.32s[39m  
  [32;1m✓[39;22m[90m [39m[90mslug column has database index postgresql[39m[90m                                                                   [39m [90m0.33s[39m  
                     
  [39;41;1m FAIL [39;49;22m[39m Tests\Feature\Routes\VoterSlugRouteBindingTest[39m
  [31;1m⨯[39;22m[90m [39m[90mvoter routes exist[39m[90m                                                                                          [39m [90m0.14s[39m  
  [31;1m⨯[39;22m[90m [39m[90mdemo election voter flow routes exist[39m[90m                                                                       [39m [90m0.22s[39m  
  [32;1m✓[39;22m[90m [39m[90minvalid voter slug returns 404[39m[90m                                                                              [39m [90m0.16s[39m  
  [32;1m✓[39;22m[90m [39m[90mroute binding validation[39m[90m                                                                                    [39m [90m0.15s[39m  
  [32;1m✓[39;22m[90m [39m[90munauthenticated user is redirected[39m[90m                                                                          [39m [90m0.18s[39m  
  [32;1m✓[39;22m[90m [39m[90mroute case sensitivity[39m[90m                                                                                      [39m [90m0.23s[39m  
  [32;1m✓[39;22m[90m [39m[90mroute binding framework support[39m[90m                                                                             [39m [90m0.22s[39m  
                                                                     
  [39;41;1m FAIL [39;49;22m[39m Tests\Feature\Security\VoterControllerPenetrationTest[39m
  [31;1m⨯[39;22m[90m [39m[90mit prevents sql injection in search parameter[39m
  [31;1m⨯[39;22m[90m [39m[90mit prevents sql injection in voter id[39m
  [31;1m⨯[39;22m[90m [39m[90mit prevents xss in search results[39m
  [31;1m⨯[39;22m[90m [39m[90mit requires valid csrf token on approval[39m
  [31;1m⨯[39;22m[90m [39m[90mit prevents authorization bypass for non members[39m
  [31;1m⨯[39;22m[90m [39m[90mit prevents privilege escalation to commission[39m
  [31;1m⨯[39;22m[90m [39m[90mit prevents mass assignment vulnerabilities[39m
  [31;1m⨯[39;22m[90m [39m[90mit prevents insecure direct object reference[39m
  [31;1m⨯[39;22m[90m [39m[90mit validates organization parameter cannot be spoofed[39m
  [31;1m⨯[39;22m[90m [39m[90mit prevents command injection attempts[39m
  [31;1m⨯[39;22m[90m [39m[90mit prevents path traversal attacks[39m
  [31;1m⨯[39;22m[90m [39m[90mit prevents authentication bypass[39m
  [31;1m⨯[39;22m[90m [39m[90mit prevents session fixation[39m
  [31;1m⨯[39;22m[90m [39m[90mit handles business logic edge cases[39m
  [31;1m⨯[39;22m[90m [39m[90mit sanitizes user input[39m
  [31;1m⨯[39;22m[90m [39m[90mit prevents type juggling attacks[39m
  [31;1m⨯[39;22m[90m [39m[90mit validates http method[39m
  [31;1m⨯[39;22m[90m [39m[90mit prevents open redirects[39m
  [31;1m⨯[39;22m[90m [39m[90mit should rate limit sensitive operations[39m
  [31;1m⨯[39;22m[90m [39m[90mit does not expose sensitive data[39m
  [31;1m⨯[39;22m[90m [39m[90mit should include security headers[39m
  [31;1m⨯[39;22m[90m [39m[90mit handles concurrent modifications[39m
  [31;1m⨯[39;22m[90m [39m[90mit limits bulk operation size[39m
            
  [39;41;1m FAIL [39;49;22m[39m Tests\Feature\Seeders\DemoCandidacySeederTest[39m
  [31;1m⨯[39;22m[90m [39m[90mdemo candidacy seeder creates candidates[39m[90m                                                                    [39m [90m0.30s[39m  
  [31;1m⨯[39;22m[90m [39m[90mdemo candidacy seeder is idempotent[39m[90m                                                                         [39m [90m0.18s[39m  
  [31;1m⨯[39;22m[90m [39m[90mdemo candidacy seeder skips posts with existing candidates[39m[90m                                                  [39m [90m0.19s[39m  
  [31;1m⨯[39;22m[90m [39m[90mdemo candidacy seeder uses correct election slug[39m[90m                                                            [39m [90m0.16s[39m  
         
  [39;41;1m FAIL [39;49;22m[39m Tests\Feature\Seeders\DemoElectionSeederTest[39m
  [31;1m⨯[39;22m[90m [39m[90mdemo election seeder creates posts[39m[90m                                                                          [39m [90m0.18s[39m  
  [31;1m⨯[39;22m[90m [39m[90mdemo election seeder creates idempotent posts[39m[90m                                                               [39m [90m0.17s[39m  
  [31;1m⨯[39;22m[90m [39m[90mdemo election seeder does not create candidates[39m[90m                                                             [39m [90m0.19s[39m  
            
  [30;42;1m PASS [39;49;22m[39m Tests\Feature\Seeders\ElectionSeederTest[39m
  [32;1m✓[39;22m[90m [39m[90melection seeder creates demo election with platform org[39m[90m                                                     [39m [90m0.17s[39m  
  [32;1m✓[39;22m[90m [39m[90melection seeder creates real election with platform org[39m[90m                                                     [39m [90m0.17s[39m  
  [32;1m✓[39;22m[90m [39m[90melection seeder is idempotent[39m[90m                                                                               [39m [90m0.31s[39m  
  [32;1m✓[39;22m[90m [39m[90melection seeder uses platform org uuid[39m[90m                                                                      [39m [90m0.16s[39m  
         
  [39;41;1m FAIL [39;49;22m[39m Tests\Feature\Seeders\OrganisationSeederTest[39m
  [31;1m⨯[39;22m[90m [39m[90morganisation seeder creates platform organisation[39m[90m                                                           [39m [90m0.26s[39m  
  [32;1m✓[39;22m[90m [39m[90morganisation seeder is idempotent[39m[90m                                                                           [39m [90m0.13s[39m  
  [32;1m✓[39;22m[90m [39m[90morganisation seeder uses correct search keys[39m[90m                                                                [39m [90m0.17s[39m  
            
  [39;41;1m FAIL [39;49;22m[39m Tests\Feature\Seeders\PlatformAdminSeederTest[39m
  [32;1m✓[39;22m[90m [39m[90mplatform admin seeder creates admin user[39m[90m                                                                    [39m [90m0.25s[39m  
  [32;1m✓[39;22m[90m [39m[90mplatform admin seeder creates pivot record[39m[90m                                                                  [39m [90m0.21s[39m  
  [32;1m✓[39;22m[90m [39m[90mplatform admin seeder is idempotent[39m[90m                                                                         [39m [90m0.28s[39m  
  [31;1m⨯[39;22m[90m [39m[90mplatform admin seeder fails without platform org[39m[90m                                                            [39m [90m0.19s[39m  
                           
  [39;41;1m FAIL [39;49;22m[39m Tests\Feature\Services\DashboardResolverElectionPriorityTest[39m
  [32;1m✓[39;22m[90m [39m[90muser with no active elections counts zero[39m[90m                                                                   [39m [90m0.18s[39m  
  [32;1m✓[39;22m[90m [39m[90muser with one active election counts one[39m[90m                                                                    [39m [90m0.16s[39m  
  [31;1m⨯[39;22m[90m [39m[90muser who already voted counts zero[39m[90m                                                                          [39m [90m0.17s[39m  
  [31;1m⨯[39;22m[90m [39m[90mfuture active election is counted[39m[90m                                                                           [39m [90m0.20s[39m  
  [32;1m✓[39;22m[90m [39m[90mdemo election not counted[39m[90m                                                                                   [39m [90m0.18s[39m  
  [32;1m✓[39;22m[90m [39m[90muser with no eligible elections skips priority 3[39m[90m                                                            [39m [90m0.19s[39m  
  [32;1m✓[39;22m[90m [39m[90muser with one eligible election redirects to election dashboard[39m[90m                                             [39m [90m0.19s[39m  
  [32;1m✓[39;22m[90m [39m[90muser with two eligible elections redirects to org show[39m[90m                                                      [39m [90m0.19s[39m  
  [32;1m✓[39;22m[90m [39m[90muser who already voted skips priority 3[39m[90m                                                                     [39m [90m0.22s[39m  
         
  [39;41;1m FAIL [39;49;22m[39m Tests\Feature\Services\DemoElectionAutoCreationTest[39m
  [31;1m⨯[39;22m[90m [39m[90mauto creates org specific demo when user accesses voting[39m[90m                                                    [39m [90m0.24s[39m  
  [31;1m⨯[39;22m[90m [39m[90muses existing org demo when already created[39m[90m                                                                 [39m [90m0.22s[39m  
  [31;1m⨯[39;22m[90m [39m[90morganisation id propagated to all demo data[39m[90m                                                                 [39m [90m0.29s[39m  
                                                                                       
  [39;41;1m FAIL [39;49;22m[39m Tests\Feature\Services\VoterSlugServiceTest[39m
  [31;1m⨯[39;22m[90m [39m[90mgenerates slug with correct org specific election[39m[90m                                                           [39m [90m0.29s[39m  
  [31;1m⨯[39;22m[90m [39m[90mgenerates slug falls back to platform demo but saves correct org[39m[90m                                            [39m [90m0.27s[39m  
  [31;1m⨯[39;22m[90m [39m[90mgenerates slug for default user with platform demo[39m[90m                                                          [39m [90m0.25s[39m  
  [31;1m⨯[39;22m[90m [39m[90mthrows exception when no demo election exists[39m[90m                                                               [39m [90m0.18s[39m  
  [31;1m⨯[39;22m[90m [39m[90mgenerates slug with explicit election id[39m[90m                                                                    [39m [90m0.17s[39m  
  [31;1m⨯[39;22m[90m [39m[90mgenerates slug with session election id[39m[90m                                                                     [39m [90m0.31s[39m  
  [31;1m⨯[39;22m[90m [39m[90mgenerates unique slugs on multiple calls[39m[90m                                                                    [39m [90m0.17s[39m  
  [31;1m⨯[39;22m[90m [39m[90mgenerates new slug different from previous[39m[90m                                                                  [39m [90m0.16s[39m  
  [31;1m⨯[39;22m[90m [39m[90mslug expiry set to thirty minutes[39m[90m                                                                           [39m [90m0.29s[39m  
  [31;1m⨯[39;22m[90m [39m[90mretrieves active slug for user[39m[90m                                                                              [39m [90m0.16s[39m  
  [31;1m⨯[39;22m[90m [39m[90mreturns null when user has no active slug[39m[90m                                                                   [39m [90m0.22s[39m  
  [31;1m⨯[39;22m[90m [39m[90mdoes not return expired slug[39m[90m                                                                                [39m [90m0.28s[39m  
  [31;1m⨯[39;22m[90m [39m[90mdoes not return inactive slug[39m[90m                                                                               [39m [90m0.15s[39m  
  [31;1m⨯[39;22m[90m [39m[90mrevokes specific slug[39m[90m                                                                                       [39m [90m0.25s[39m  
  [31;1m⨯[39;22m[90m [39m[90mrevoke all slugs method is callable[39m[90m                                                                         [39m [90m0.26s[39m  
  [31;1m⨯[39;22m[90m [39m[90mextend slug expiry method is callable[39m[90m                                                                       [39m [90m0.17s[39m  
  [31;1m⨯[39;22m[90m [39m[90mcannot extend inactive slug[39m[90m                                                                                 [39m [90m0.15s[39m  
  [31;1m⨯[39;22m[90m [39m[90mcleanup expired slugs method is callable[39m[90m                                                                    [39m [90m0.15s[39m  
  [31;1m⨯[39;22m[90m [39m[90mcreates slug when none exists[39m[90m                                                                               [39m [90m0.26s[39m  
  [31;1m⨯[39;22m[90m [39m[90mget or create returns active slug[39m[90m                                                                           [39m [90m0.28s[39m  
  [31;1m⨯[39;22m[90m [39m[90mcreates new slug when existing expired[39m[90m                                                                      [39m [90m0.18s[39m  
  [31;1m⨯[39;22m[90m [39m[90mvalidates slug for user[39m[90m                                                                                     [39m [90m0.15s[39m  
  [31;1m⨯[39;22m[90m [39m[90mreturns null when slug belongs to different user[39m[90m                                                            [39m [90m0.15s[39m  
  [31;1m⨯[39;22m[90m [39m[90mreturns null for inactive slug validation[39m[90m                                                                   [39m [90m0.16s[39m  
  [31;1m⨯[39;22m[90m [39m[90mreturns null for expired slug validation[39m[90m                                                                    [39m [90m0.15s[39m  
  [31;1m⨯[39;22m[90m [39m[90mbuilds voting link correctly[39m[90m                                                                                [39m [90m0.17s[39m  
  [31;1m⨯[39;22m[90m [39m[90mc r i t i c a l slug has correct election and org for org user[39m[90m                                              [39m [90m0.16s[39m  
  [31;1m⨯[39;22m[90m [39m[90mc r i t i c a l organisation id is saved from election[39m[90m                                                      [39m [90m0.15s[39m  
  [31;1m⨯[39;22m[90m [39m[90mc r i t i c a l correct election per organisation[39m[90m                                                           [39m [90m0.16s[39m  
                        
  [39;41;1m FAIL [39;49;22m[39m Tests\Feature\SingleElectionLoginFlowTest[39m
  [31;1m⨯[39;22m[90m [39m[90mscenario 1 admin login redirects to admin dashboard[39m
  [31;1m⨯[39;22m[90m [39m[90mscenario 2 eligible voter on election day redirects to voting[39m
  [31;1m⨯[39;22m[90m [39m[90mscenario 3 ineligible voter redirects to dashboard[39m
  [31;1m⨯[39;22m[90m [39m[90mscenario 4 demo election access[39m
  [31;1m⨯[39;22m[90m [39m[90melections are configured correctly[39m
  [31;1m⨯[39;22m[90m [39m[90mtest users are configured correctly[39m
  [31;1m⨯[39;22m[90m [39m[90meligible voter can initiate voting flow[39m
  [31;1m⨯[39;22m[90m [39m[90mdemo election accessible to any user[39m
                                 
  [39;41;1m FAIL [39;49;22m[39m Tests\Feature\TenantIsolationComprehensiveTest[39m
  [31;1m⨯[39;22m[90m [39m[90muser cannot access other organisation election[39m
  [31;1m⨯[39;22m[90m [39m[90morganisation election scoping is enforced[39m
  [31;1m⨯[39;22m[90m [39m[90mvotes are scoped to organisation[39m
  [31;1m⨯[39;22m[90m [39m[90mcodes are scoped to user organisation[39m
  [31;1m⨯[39;22m[90m [39m[90mdatabase level constraints enforce organisation isolation[39m
  [31;1m⨯[39;22m[90m [39m[90msession context enforces tenant scoping[39m
  [31;1m⨯[39;22m[90m [39m[90muser cannot switch to other organisation[39m
  [31;1m⨯[39;22m[90m [39m[90morganisation users are isolated[39m
  [31;1m⨯[39;22m[90m [39m[90mcross organisation query attempt fails safely[39m
  [31;1m⨯[39;22m[90m [39m[90morganisation data completely separate[39m
  [31;1m⨯[39;22m[90m [39m[90mplatform organisation special case[39m
                                                                                                   
  [39;41;1m FAIL [39;49;22m[39m Tests\Feature\TenantIsolationTest[39m
  [31;1m⨯[39;22m[90m [39m[90muser from org1 cannot see org2 users[39m
  [31;1m⨯[39;22m[90m [39m[90muser from org2 cannot see org1 users[39m
  [31;1m⨯[39;22m[90m [39m[90mdefault user cannot see organization users[39m
  [31;1m⨯[39;22m[90m [39m[90muser cannot access another org user by id[39m
  [31;1m⨯[39;22m[90m [39m[90muser can access own user record by id[39m
  [31;1m⨯[39;22m[90m [39m[90mnew record gets organisation id automatically org1[39m
  [31;1m⨯[39;22m[90m [39m[90mnew record gets organisation id automatically org2[39m
  [31;1m⨯[39;22m[90m [39m[90mnew record gets null organisation id for default user[39m
  [31;1m⨯[39;22m[90m [39m[90muser cannot override organisation id[39m
  [31;1m⨯[39;22m[90m [39m[90mtenant context set in session on login[39m
  [31;1m⨯[39;22m[90m [39m[90mtenant context null for default users[39m
  [31;1m⨯[39;22m[90m [39m[90mlogs go to separate files per organisation[39m
  [31;1m⨯[39;22m[90m [39m[90mdifferent orgs have separate log files[39m
  [31;1m⨯[39;22m[90m [39m[90mlog entry includes user id and org id[39m
  [31;1m⨯[39;22m[90m [39m[90mdefault users log to default log file[39m
  [31;1m⨯[39;22m[90m [39m[90mglobal scope applies to all queries[39m
  [31;1m⨯[39;22m[90m [39m[90mglobal scope applies to find queries[39m
  [31;1m⨯[39;22m[90m [39m[90mglobal scope can be bypassed with without global scopes[39m
  [31;1m⨯[39;22m[90m [39m[90munauthenticated user cannot query[39m
  [31;1m⨯[39;22m[90m [39m[90msession context empty when unauthenticated[39m
  [31;1m⨯[39;22m[90m [39m[90mnull organisation id is valid[39m
  [31;1m⨯[39;22m[90m [39m[90mcount respects global scope[39m
  [31;1m⨯[39;22m[90m [39m[90mexists respects global scope[39m
  [31;1m⨯[39;22m[90m [39m[90mposts are scoped by organisation[39m
  [31;1m⨯[39;22m[90m [39m[90mnew post auto fills organisation id[39m
  [31;1m⨯[39;22m[90m [39m[90mcandidacies are scoped by organisation[39m
  [31;1m⨯[39;22m[90m [39m[90mcodes are scoped by organisation[39m
  [31;1m⨯[39;22m[90m [39m[90mnew code auto fills organisation id[39m
  [31;1m⨯[39;22m[90m [39m[90mvotes are scoped by organisation[39m
  [31;1m⨯[39;22m[90m [39m[90mvote counts respect tenant isolation[39m
  [31;1m⨯[39;22m[90m [39m[90mnew vote auto fills organisation id[39m
  [31;1m⨯[39;22m[90m [39m[90mresults are scoped by organisation[39m
  [31;1m⨯[39;22m[90m [39m[90mnew result auto fills organisation id[39m
   
  [30;42;1m PASS [39;49;22m[39m Tests\Feature\Trust\SimpleStoreTest[39m
  [32;1m✓[39;22m[90m [39m[90mverify endpoint creates verification[39m[90m                                                                        [39m [90m0.40s[39m  
            
  [30;42;1m PASS [39;49;22m[39m Tests\Feature\Trust\VoterVerificationEmitsEventsTest[39m
  [32;1m✓[39;22m[90m [39m[90midentity attested event dispatched on store[39m[90m                                                                 [39m [90m0.39s[39m  
  [32;1m✓[39;22m[90m [39m[90mverification revoked event dispatched on revoke[39m[90m                                                             [39m [90m0.53s[39m  
  [32;1m✓[39;22m[90m [39m[90mexisting db state preserved after store[39m[90m                                                                     [39m [90m0.28s[39m  
  [32;1m✓[39;22m[90m [39m[90mexisting db state preserved after revoke[39m[90m                                                                    [39m [90m0.27s[39m  
         
  [30;42;1m PASS [39;49;22m[39m Tests\Feature\UpdatePasswordTest[39m
  [32;1m✓[39;22m[90m [39m[90mpassword can be updated[39m[90m                                                                                     [39m [90m0.53s[39m  
  [32;1m✓[39;22m[90m [39m[90mcurrent password must be correct[39m[90m                                                                            [39m [90m0.36s[39m  
  [32;1m✓[39;22m[90m [39m[90mnew passwords must match[39m[90m                                                                                    [39m [90m0.50s[39m  
                                                   
  [30;42;1m PASS [39;49;22m[39m Tests\Feature\UserHierarchyTest[39m
  [32;1m✓[39;22m[90m [39m[90muser can become organisation user[39m[90m                                                                           [39m [90m0.24s[39m  
  [32;1m✓[39;22m[90m [39m[90morganisation user is isolated per organisation[39m[90m                                                              [39m [90m0.25s[39m  
  [32;1m✓[39;22m[90m [39m[90morganisation user can become member[39m[90m                                                                         [39m [90m0.20s[39m  
  [32;1m✓[39;22m[90m [39m[90mmember is isolated per organisation[39m[90m                                                                         [39m [90m0.21s[39m  
  [32;1m✓[39;22m[90m [39m[90mmember can become voter for election[39m[90m                                                                        [39m [90m0.28s[39m  
  [32;1m✓[39;22m[90m [39m[90mvoter is isolated per organisation[39m[90m                                                                          [39m [90m0.20s[39m  
  [32;1m✓[39;22m[90m [39m[90mvoter unique per member per election[39m[90m                                                                        [39m [90m0.26s[39m  
  [32;1m✓[39;22m[90m [39m[90mmember can vote in multiple elections[39m[90m                                                                       [39m [90m0.24s[39m  
  [32;1m✓[39;22m[90m [39m[90mvoter can vote returns true when eligible[39m[90m                                                                   [39m [90m0.19s[39m  
  [32;1m✓[39;22m[90m [39m[90mvoter can vote returns false when already voted[39m[90m                                                             [39m [90m0.19s[39m  
  [32;1m✓[39;22m[90m [39m[90mcode has voter relationship[39m[90m                                                                                 [39m [90m0.21s[39m  
  [32;1m✓[39;22m[90m [39m[90mvoter slug has voter relationship[39m[90m                                                                           [39m [90m0.22s[39m  
  [32;1m✓[39;22m[90m [39m[90muser hierarchy traversal[39m[90m                                                                                    [39m [90m0.22s[39m  
  [32;1m✓[39;22m[90m [39m[90mmark as voted updates status[39m[90m                                                                                [39m [90m0.18s[39m  
  [32;1m✓[39;22m[90m [39m[90morganisation user role is tracked[39m[90m                                                                           [39m [90m0.18s[39m  
  [32;1m✓[39;22m[90m [39m[90mmember expiry is enforced[39m[90m                                                                                   [39m [90m0.19s[39m  
  [32;1m✓[39;22m[90m [39m[90mvoter ineligibility reason is recorded[39m[90m                                                                      [39m [90m0.23s[39m  
                                                   
  [39;41;1m FAIL [39;49;22m[39m Tests\Feature\UuidMultiTenancyTest[39m
  [32;1m✓[39;22m[90m [39m[90morganisation uses uuid primary key[39m[90m                                                                          [39m [90m0.26s[39m  
  [32;1m✓[39;22m[90m [39m[90morganisation has type field[39m[90m                                                                                 [39m [90m0.16s[39m  
  [32;1m✓[39;22m[90m [39m[90morganisation has type checking methods[39m[90m                                                                      [39m [90m0.18s[39m  
  [31;1m⨯[39;22m[90m [39m[90morganisation get default platform[39m[90m                                                                           [39m [90m0.15s[39m  
  [32;1m✓[39;22m[90m [39m[90muser uses uuid primary key[39m[90m                                                                                  [39m [90m0.18s[39m  
  [31;1m⨯[39;22m[90m [39m[90muser belongs to multiple organisations[39m[90m                                                                      [39m [90m0.21s[39m  
  [32;1m✓[39;22m[90m [39m[90muser belongs to organisation method[39m[90m                                                                         [39m [90m0.18s[39m  
  [32;1m✓[39;22m[90m [39m[90muser get role in organisation[39m[90m                                                                               [39m [90m0.18s[39m  
  [32;1m✓[39;22m[90m [39m[90muser organisation role uses uuid primary key[39m[90m                                                                [39m [90m0.31s[39m  
  [32;1m✓[39;22m[90m [39m[90muser organisation role unique constraint[39m[90m                                                                    [39m [90m0.18s[39m  
  [32;1m✓[39;22m[90m [39m[90melection uses uuid primary key[39m[90m                                                                              [39m [90m0.15s[39m  
  [31;1m⨯[39;22m[90m [39m[90melection scope for organisation[39m[90m                                                                             [39m [90m0.17s[39m  
  [31;1m⨯[39;22m[90m [39m[90mtenant context service manages context[39m[90m                                                                      [39m [90m0.16s[39m  
  [31;1m⨯[39;22m[90m [39m[90mtenant context validates membership[39m[90m                                                                         [39m [90m0.19s[39m  
  [31;1m⨯[39;22m[90m [39m[90mtenant context persists to session[39m[90m                                                                          [39m [90m0.28s[39m  
  [31;1m⨯[39;22m[90m [39m[90mtenant context resolves from session[39m[90m                                                                        [39m [90m0.19s[39m  
  [31;1m⨯[39;22m[90m [39m[90mtenant context organisation type checks[39m[90m                                                                     [39m [90m0.21s[39m  
                        
  [39;41;1m FAIL [39;49;22m[39m Tests\Feature\VoteAnonymityTest[39m
  [31;1m⨯[39;22m[90m [39m[90mvotes table has no user id column[39m
  [31;1m⨯[39;22m[90m [39m[90mvote cannot be linked to user[39m
  [31;1m⨯[39;22m[90m [39m[90mvote hash provides cryptographic proof without user identity[39m
  [31;1m⨯[39;22m[90m [39m[90mcode model links user to voting permission not vote content[39m
  [31;1m⨯[39;22m[90m [39m[90mmultiple votes cannot be attributed to same user[39m
  [31;1m⨯[39;22m[90m [39m[90melection results have no user identity[39m
  [31;1m⨯[39;22m[90m [39m[90mvoter cannot coerce vote because vote is not traceable[39m
  [31;1m⨯[39;22m[90m [39m[90mvote data schema enforces anonymity[39m
                           
  [39;41;1m FAIL [39;49;22m[39m Tests\Feature\VoteBugFixIntegrationTest[39m
  [31;1m⨯[39;22m[90m [39m[90mit sanitizes buggy vote data on submission[39m
  [31;1m⨯[39;22m[90m [39m[90mit saves corrected vote to database[39m
  [31;1m⨯[39;22m[90m [39m[90mit preserves valid vote data[39m
  [31;1m⨯[39;22m[90m [39m[90mit preserves valid skip data[39m
  [31;1m⨯[39;22m[90m [39m[90mit sanitizes only buggy selections in mixed data[39m
  [31;1m⨯[39;22m[90m [39m[90mit logs warning when fixing inconsistent data[39m
  [31;1m⨯[39;22m[90m [39m[90mit requires authentication for vote submission[39m
  [31;1m⨯[39;22m[90m [39m[90mit requires agreement checkbox[39m
  [31;1m⨯[39;22m[90m [39m[90mit fixes all positions with bug pattern[39m
                  
  [30;42;1m PASS [39;49;22m[39m Tests\Feature\VoteControllerCandidateOrderingTest[39m
  [32;1m✓[39;22m[90m [39m[90mcandidacy position order field stores correctly[39m[90m                                                             [39m [90m0.25s[39m  
  [32;1m✓[39;22m[90m [39m[90mpost position order field stores correctly[39m[90m                                                                  [39m [90m0.26s[39m  
  [32;1m✓[39;22m[90m [39m[90mposition order column exists in posts table[39m[90m                                                                 [39m [90m0.22s[39m  
  [32;1m✓[39;22m[90m [39m[90mposition order column exists in candidacies table[39m[90m                                                           [39m [90m0.41s[39m  
  [32;1m✓[39;22m[90m [39m[90mcandidacy fillable includes position order[39m[90m                                                                  [39m [90m0.25s[39m  
  [32;1m✓[39;22m[90m [39m[90mpost fillable includes position order[39m[90m                                                                       [39m [90m0.25s[39m  
                        
  [30;42;1m PASS [39;49;22m[39m Tests\Feature\VoteControllerDownloadPdfTest[39m
  [32;1m✓[39;22m[90m [39m[90mit returns pdf with correct headers[39m[90m                                                                         [39m [90m1.18s[39m  
  [32;1m✓[39;22m[90m [39m[90mit generates pdf with voter information[39m[90m                                                                     [39m [90m0.36s[39m  
  [32;1m✓[39;22m[90m [39m[90mit generates pdf with election information[39m[90m                                                                  [39m [90m0.54s[39m  
  [32;1m✓[39;22m[90m [39m[90mit returns 404 when session data missing[39m[90m                                                                    [39m [90m0.61s[39m  
  [32;1m✓[39;22m[90m [39m[90mit returns 403 when session data invalid[39m[90m                                                                    [39m [90m0.41s[39m  
  [32;1m✓[39;22m[90m [39m[90mit generates pdf with vote selections[39m[90m                                                                       [39m [90m0.40s[39m  
  [32;1m✓[39;22m[90m [39m[90mit generates pdf with vote statistics[39m[90m                                                                       [39m [90m0.72s[39m  
  [32;1m✓[39;22m[90m [39m[90mpdf filename contains timestamp[39m[90m                                                                             [39m [90m0.49s[39m  
            
  [30;42;1m PASS [39;49;22m[39m Tests\Feature\VoteControllerPostgresCompatibilityTest[39m
  [32;1m✓[39;22m[90m [39m[90mcode is code to open voting form usable cast to boolean[39m[90m                                                     [39m [90m0.52s[39m  
  [32;1m✓[39;22m[90m [39m[90mvoting two codes system uses strict equality[39m[90m                                                                [39m [90m0.24s[39m  
  [32;1m✓[39;22m[90m [39m[90mboolean field assignment uses true false[39m[90m                                                                    [39m [90m0.32s[39m  
  [32;1m✓[39;22m[90m [39m[90mboolean where clauses in queries[39m[90m                                                                            [39m [90m0.40s[39m  
                                       
  [39;41;1m FAIL [39;49;22m[39m Tests\Feature\VoteControllerTest[39m
  [31;1m⨯[39;22m[90m [39m[90mreal election blocks create page for already voted user[39m[90m                                                     [39m [90m0.54s[39m  
  [31;1m⨯[39;22m[90m [39m[90mreal election blocks first submission for already voted user[39m[90m                                                [39m [90m0.45s[39m  
  [31;1m⨯[39;22m[90m [39m[90mreal election fetches code by election id not relationship[39m[90m                                                  [39m [90m0.26s[39m  
  [31;1m⨯[39;22m[90m [39m[90mvote pre check handles simple mode correctly[39m[90m                                                                [39m [90m0.29s[39m  
  [31;1m⨯[39;22m[90m [39m[90mvote pre check handles strict mode correctly[39m[90m                                                                [39m [90m0.24s[39m  
  [31;1m⨯[39;22m[90m [39m[90msecond code check strict mode requires code2 used[39m[90m                                                           [39m [90m0.26s[39m  
  [31;1m⨯[39;22m[90m [39m[90mverify first submission routes to real verify page[39m[90m                                                          [39m [90m0.24s[39m  
  [31;1m⨯[39;22m[90m [39m[90msave vote generates verifiable receipt hash[39m[90m                                                                 [39m [90m0.21s[39m  
  [31;1m⨯[39;22m[90m [39m[90mvote post check ip rate limiting is scoped to election[39m[90m                                                      [39m [90m0.21s[39m  
  [31;1m⨯[39;22m[90m [39m[90mget election throws on organisation mismatch[39m[90m                                                                [39m [90m0.25s[39m  
  [31;1m⨯[39;22m[90m [39m[90mcreate exposes election settings in props[39m[90m                                                                   [39m [90m0.32s[39m  
  [31;1m⨯[39;22m[90m [39m[90mfirst submission rejects no vote when disabled[39m[90m                                                              [39m [90m0.20s[39m  
  [31;1m⨯[39;22m[90m [39m[90mfirst submission enforces exact constraint[39m[90m                                                                  [39m [90m0.18s[39m  
               
  [39;41;1m FAIL [39;49;22m[39m Tests\Feature\VoteCountingAndNoVotesFeatureTest[39m
  [31;1m⨯[39;22m[90m [39m[90mresults endpoint with 100 diverse votes[39m
  [31;1m⨯[39;22m[90m [39m[90mpdf generation includes no votes[39m
  [31;1m⨯[39;22m[90m [39m[90mverification endpoint handles no votes[39m
  [31;1m⨯[39;22m[90m [39m[90mapi response structure includes no vote count[39m
  [31;1m⨯[39;22m[90m [39m[90monly no votes scenario[39m
         
  [30;42;1m PASS [39;49;22m[39m Tests\Feature\VoteFinalSubmissionTest[39m
  [32;1m✓[39;22m[90m [39m[90mfinal submission saves vote with vote hash[39m[90m                                                                  [39m [90m0.29s[39m  
  [32;1m✓[39;22m[90m [39m[90mfinal submission generates receipt hash[39m[90m                                                                     [39m [90m0.25s[39m  
  [32;1m✓[39;22m[90m [39m[90mvote hash is unique[39m[90m                                                                                         [39m [90m0.42s[39m  
                              
  [30;42;1m PASS [39;49;22m[39m Tests\Feature\VoteIntegrityVerificationTest[39m
  [32;1m✓[39;22m[90m [39m[90mvote calculates checksum on creation[39m[90m                                                                        [39m [90m0.45s[39m  
  [32;1m✓[39;22m[90m [39m[90mvote checksum can be verified[39m[90m                                                                               [39m [90m0.44s[39m  
  [32;1m✓[39;22m[90m [39m[90mmodified vote data invalidates checksum[39m[90m                                                                     [39m [90m0.44s[39m  
  [32;1m✓[39;22m[90m [39m[90mvote integrity check detects result mismatch[39m[90m                                                                [39m [90m0.30s[39m  
  [32;1m✓[39;22m[90m [39m[90msync results restores integrity[39m[90m                                                                             [39m [90m0.47s[39m  
  [32;1m✓[39;22m[90m [39m[90mget expected result count[39m[90m                                                                                   [39m [90m0.61s[39m  
  [32;1m✓[39;22m[90m [39m[90mvote is verified flag[39m[90m                                                                                       [39m [90m0.48s[39m  
  [32;1m✓[39;22m[90m [39m[90mresults last synced at timestamp[39m[90m                                                                            [39m [90m0.42s[39m  
  [32;1m✓[39;22m[90m [39m[90mverify vote returns detailed status[39m[90m                                                                         [39m [90m0.60s[39m  
  [32;1m✓[39;22m[90m [39m[90mverify all votes in election[39m[90m                                                                                [39m [90m0.79s[39m  
                        
  [39;41;1m FAIL [39;49;22m[39m Tests\Feature\VoteReceiptVerificationTest[39m
  [32;1m✓[39;22m[90m [39m[90mreceipt code is stored when vote is saved[39m[90m                                                                   [39m [90m0.59s[39m  
  [32;1m✓[39;22m[90m [39m[90mreceipt codes page is inaccessible before results published[39m[90m                                                 [39m [90m0.52s[39m  
  [31;1m⨯[39;22m[90m [39m[90mreceipt codes page is accessible after results published[39m[90m                                                    [39m [90m0.52s[39m  
  [31;1m⨯[39;22m[90m [39m[90mreceipt codes are displayed in randomized order[39m[90m                                                             [39m [90m0.48s[39m  
  [32;1m✓[39;22m[90m [39m[90mvote can be marked as reverified[39m[90m                                                                            [39m [90m0.70s[39m  
  [31;1m⨯[39;22m[90m [39m[90mreverified status shows green tickmark in list[39m[90m                                                              [39m [90m0.65s[39m  
  [32;1m✓[39;22m[90m [39m[90mreceipt code cannot be reverified twice[39m[90m                                                                     [39m [90m0.66s[39m  
  [31;1m⨯[39;22m[90m [39m[90mreceipt codes show reverified statistics[39m[90m                                                                    [39m [90m0.64s[39m  
                              
  [30;42;1m PASS [39;49;22m[39m Tests\Feature\VoteResultsCompatibilityTest[39m
  [32;1m✓[39;22m[90m [39m[90mvote creates results for all selected candidates[39m[90m                                                            [39m [90m1.01s[39m  
  [32;1m✓[39;22m[90m [39m[90mresult records link to correct candidates and posts[39m[90m                                                         [39m [90m0.79s[39m  
  [32;1m✓[39;22m[90m [39m[90monly selected candidates create results[39m[90m                                                                     [39m [90m0.92s[39m  
  [32;1m✓[39;22m[90m [39m[90mno vote posts create abstention results[39m[90m                                                                     [39m [90m0.77s[39m  
  [32;1m✓[39;22m[90m [39m[90mresults are linked to votes[39m[90m                                                                                 [39m [90m0.76s[39m  
  [32;1m✓[39;22m[90m [39m[90mvote results aggregation matches json data[39m[90m                                                                  [39m [90m0.64s[39m  
  [32;1m✓[39;22m[90m [39m[90mmultiple votes create separate results[39m[90m                                                                      [39m [90m0.71s[39m  
  [32;1m✓[39;22m[90m [39m[90mresults respects organisation scope[39m[90m                                                                         [39m [90m0.67s[39m  
  [32;1m✓[39;22m[90m [39m[90mvote with max candidates creates all results[39m[90m                                                                [39m [90m0.66s[39m  
  [32;1m✓[39;22m[90m [39m[90mresult data can be reconstructed from vote[39m[90m                                                                  [39m [90m0.60s[39m  
                                             
  [39;41;1m FAIL [39;49;22m[39m Tests\Feature\VoteStorageTest[39m
  [32;1m✓[39;22m[90m [39m[90mvote table has vote hash column[39m[90m                                                                             [39m [90m0.38s[39m  
  [32;1m✓[39;22m[90m [39m[90mvote table has no user id column[39m[90m                                                                            [39m [90m0.38s[39m  
  [31;1m⨯[39;22m[90m [39m[90mvote table has no vote posts not no vote option[39m[90m                                                             [39m [90m0.29s[39m  
  [32;1m✓[39;22m[90m [39m[90mvote model casts no vote posts as array[39m[90m                                                                     [39m [90m0.28s[39m  
  [31;1m⨯[39;22m[90m [39m[90mvote hash is hidden from api responses[39m[90m                                                                      [39m [90m0.28s[39m  
  [31;1m⨯[39;22m[90m [39m[90mdemo vote table uses vote hash[39m[90m                                                                              [39m [90m0.32s[39m  
  [32;1m✓[39;22m[90m [39m[90mvote has organisation id for audit[39m[90m                                                                          [39m [90m0.31s[39m  
  [32;1m✓[39;22m[90m [39m[90mvote has election id for audit[39m[90m                                                                              [39m [90m0.27s[39m  
  [32;1m✓[39;22m[90m [39m[90mbase vote model has verifybycode method[39m[90m                                                                     [39m [90m0.30s[39m  
  [32;1m✓[39;22m[90m [39m[90mbase vote model has getverificationdata method[39m[90m                                                              [39m [90m0.30s[39m  
  [32;1m✓[39;22m[90m [39m[90mvote model has no user relationship[39m[90m                                                                         [39m [90m0.27s[39m  
  [32;1m✓[39;22m[90m [39m[90mvote fillable includes vote hash[39m[90m                                                                            [39m [90m0.35s[39m  
  [32;1m✓[39;22m[90m [39m[90mvote fillable includes no vote posts[39m[90m                                                                        [39m [90m0.19s[39m  
  [32;1m✓[39;22m[90m [39m[90mvote fillable excludes user id[39m[90m                                                                              [39m [90m0.24s[39m  
  [32;1m✓[39;22m[90m [39m[90mdemo vote fillable includes vote hash[39m[90m                                                                       [39m [90m0.28s[39m  
         
  [39;41;1m FAIL [39;49;22m[39m Tests\Feature\VoteSubmissionRedirectTest[39m
  [31;1m⨯[39;22m[90m [39m[90mfirst submission redirects to verify not code create[39m[90m                                                        [39m [90m0.61s[39m  
  [31;1m⨯[39;22m[90m [39m[90mvote submitted flag persisted after first submission[39m[90m                                                        [39m [90m0.84s[39m  
  [31;1m⨯[39;22m[90m [39m[90mvote pre check allows submitted votes[39m[90m                                                                       [39m [90m0.92s[39m  
                                                                                                                                 
  [39;41;1m FAIL [39;49;22m[39m Tests\Feature\VoteSubmissionWorkflowTest[39m
  [31;1m⨯[39;22m[90m [39m[90muser can access code create page[39m
  [31;1m⨯[39;22m[90m [39m[90munauthenticated user redirected from code create[39m
  [31;1m⨯[39;22m[90m [39m[90mnon voter cannot access code create page[39m
  [31;1m⨯[39;22m[90m [39m[90mcode create requires active election[39m
  [31;1m⨯[39;22m[90m [39m[90muser can submit code1 and agree to terms[39m
  [31;1m⨯[39;22m[90m [39m[90mcode1 submission fails with incorrect code[39m
  [31;1m⨯[39;22m[90m [39m[90mcode1 submission fails without agreement[39m
  [31;1m⨯[39;22m[90m [39m[90mcode1 can only be used once[39m
  [31;1m⨯[39;22m[90m [39m[90mno vote option validation[39m
  [31;1m⨯[39;22m[90m [39m[90mcandidate selection validation[39m
  [31;1m⨯[39;22m[90m [39m[90mmultiple vote prevention real elections[39m
  [31;1m⨯[39;22m[90m [39m[90mvote completeness validation[39m
  [31;1m⨯[39;22m[90m [39m[90minvalid candidacy detection[39m
  [31;1m⨯[39;22m[90m [39m[90melection status validation[39m
  [31;1m⨯[39;22m[90m [39m[90mvoter eligibility verification[39m
  [31;1m⨯[39;22m[90m [39m[90mvote data structure validation[39m
  [31;1m⨯[39;22m[90m [39m[90muser can access vote create page after code1[39m
  [31;1m⨯[39;22m[90m [39m[90muser cannot access vote create without code1[39m
  [31;1m⨯[39;22m[90m [39m[90mvote create page displays all posts and candidates[39m
  [31;1m⨯[39;22m[90m [39m[90mcandidates displayed in position order[39m
  [31;1m⨯[39;22m[90m [39m[90muser can select candidate for each post[39m
  [31;1m⨯[39;22m[90m [39m[90muser cannot skip required post[39m
  [31;1m⨯[39;22m[90m [39m[90muser can change candidate selection[39m
  [31;1m⨯[39;22m[90m [39m[90muser can review selections before submission[39m
  [31;1m⨯[39;22m[90m [39m[90mreview page displays candidate details[39m
  [31;1m⨯[39;22m[90m [39m[90muser can submit complete vote[39m
  [31;1m⨯[39;22m[90m [39m[90mvote submission fails with incomplete selections[39m
  [31;1m⨯[39;22m[90m [39m[90mvote submission fails if session expired[39m
  [31;1m⨯[39;22m[90m [39m[90muser receives verification code after submission[39m
  [31;1m⨯[39;22m[90m [39m[90mverification code is unique per user[39m
  [31;1m⨯[39;22m[90m [39m[90muser can enter correct verification code[39m
  [31;1m⨯[39;22m[90m [39m[90mverification fails with incorrect code[39m
  [31;1m⨯[39;22m[90m [39m[90mcode2 validation is strict[39m
  [31;1m⨯[39;22m[90m [39m[90mvote recorded in votes table for real election[39m
  [31;1m⨯[39;22m[90m [39m[90mvote record includes required metadata[39m
  [31;1m⨯[39;22m[90m [39m[90mcode marked as voted after verification[39m
  [31;1m⨯[39;22m[90m [39m[90muser marked as voted after verification[39m
  [31;1m⨯[39;22m[90m [39m[90muser redirected to dashboard on revote attempt[39m
  [31;1m⨯[39;22m[90m [39m[90mrevoting attempt shows error message[39m
  [31;1m⨯[39;22m[90m [39m[90mrevote blocked at vote store endpoint[39m
  [31;1m⨯[39;22m[90m [39m[90mrevote blocked with correct code[39m
  [31;1m⨯[39;22m[90m [39m[90mno new vote on revote attempt[39m
  [31;1m⨯[39;22m[90m [39m[90mtransaction rolled back on revote attempt[39m
                        
  [39;41;1m FAIL [39;49;22m[39m Tests\Feature\VoteVerificationTest[39m
  [31;1m⨯[39;22m[90m [39m[90mcan find vote by extracted id[39m
  [31;1m⨯[39;22m[90m [39m[90mcan verify private key matches receipt hash[39m
  [31;1m⨯[39;22m[90m [39m[90mcomplete verification flow[39m
  [31;1m⨯[39;22m[90m [39m[90mrejects invalid code[39m
  [31;1m⨯[39;22m[90m [39m[90mrejects nonexistent vote id[39m
  [31;1m⨯[39;22m[90m [39m[90mcontroller verification method[39m
  [31;1m⨯[39;22m[90m [39m[90mcandidate data saved and retrieved[39m
  [31;1m⨯[39;22m[90m [39m[90mreceipt hash persists through saves[39m
                                             
  [39;41;1m FAIL [39;49;22m[39m Tests\Feature\VoteVerifyTest[39m
  [31;1m⨯[39;22m[90m [39m[90mverify to show renders inertia page for authenticated user[39m
  [31;1m⨯[39;22m[90m [39m[90mverify to show redirects guest to login[39m
  [31;1m⨯[39;22m[90m [39m[90msubmit code with valid code shows vote data[39m
  [31;1m⨯[39;22m[90m [39m[90msubmit code requires voting code field[39m
  [31;1m⨯[39;22m[90m [39m[90msubmit code rejects code without underscore separator[39m
  [31;1m⨯[39;22m[90m [39m[90msubmit code rejects code with invalid uuid portion[39m
  [31;1m⨯[39;22m[90m [39m[90msubmit code rejects tampered private key[39m
  [31;1m⨯[39;22m[90m [39m[90msubmit code rejects nonexistent vote id[39m
  [31;1m⨯[39;22m[90m [39m[90mextract vote data parses valid verification code[39m
  [31;1m⨯[39;22m[90m [39m[90mextract vote data fails without underscore[39m
  [31;1m⨯[39;22m[90m [39m[90mextract vote data fails when uuid part is not a uuid[39m
  [31;1m⨯[39;22m[90m [39m[90mretrieve vote record returns vote for valid code[39m
  [31;1m⨯[39;22m[90m [39m[90mretrieve vote record fails for wrong private key[39m
  [31;1m⨯[39;22m[90m [39m[90mretrieve vote record fails for nonexistent vote[39m
  [31;1m⨯[39;22m[90m [39m[90mvote record has no user id[39m
         
  [39;41;1m FAIL [39;49;22m[39m Tests\Feature\Vote\VoteControllerConstitutionalTest[39m
  [31;1m⨯[39;22m[90m [39m[90mcreate uses election lifecycle not raw is active field[39m[90m                                                      [39m [90m0.26s[39m  
  [31;1m⨯[39;22m[90m [39m[90mverify to show uses election lifecycle not raw is active field[39m[90m                                              [39m [90m0.32s[39m  
  [32;1m✓[39;22m[90m [39m[90mclosed voting window shows is active false[39m[90m                                                                  [39m [90m0.30s[39m  
      
  [30;42;1m PASS [39;49;22m[39m Tests\Feature\Vote\VoteControllerPropTest[39m
  [32;1m✓[39;22m[90m [39m[90mdenial response uses vote denied component[39m[90m                                                                  [39m [90m0.24s[39m  
  [32;1m✓[39;22m[90m [39m[90mdenial response props contain no ip fields[39m[90m                                                                  [39m [90m0.22s[39m  
            
  [39;41;1m FAIL [39;49;22m[39m Tests\Feature\VoterDashboardIntegrationTest[39m
  [31;1m⨯[39;22m[90m [39m[90mvoter can start voting from dashboard[39m[90m                                                                       [39m [90m0.52s[39m  
  [31;1m⨯[39;22m[90m [39m[90mvoter with existing slug redirects to current step[39m[90m                                                          [39m [90m0.35s[39m  
  [31;1m⨯[39;22m[90m [39m[90mineligible voter cannot start voting[39m[90m                                                                        [39m [90m0.32s[39m  
  [31;1m⨯[39;22m[90m [39m[90mvoter who has already voted cannot start new voting[39m[90m                                                         [39m [90m0.32s[39m  
            
  [39;41;1m FAIL [39;49;22m[39m Tests\Feature\VoterRecoveryTest[39m
  [31;1m⨯[39;22m[90m [39m[90melection committee can allow voter to revote after problems[39m[90m                                                 [39m [90m0.33s[39m  
  [31;1m⨯[39;22m[90m [39m[90mrecovery service maintains full audit trail[39m[90m                                                                 [39m [90m0.31s[39m  
  [31;1m⨯[39;22m[90m [39m[90mrecovery service prevents abuse with rate limiting[39m[90m                                                          [39m [90m0.18s[39m  
  [31;1m⨯[39;22m[90m [39m[90mcommittee can identify users needing recovery[39m[90m                                                               [39m [90m0.18s[39m  
                              
  [39;41;1m FAIL [39;49;22m[39m Tests\Feature\VoterSlugControllerTest[39m
  [31;1m⨯[39;22m[90m [39m[90muser can start voting[39m
  [31;1m⨯[39;22m[90m [39m[90mvoter slug references correct election[39m
  [31;1m⨯[39;22m[90m [39m[90mvoter slug organisation matches user[39m
  [31;1m⨯[39;22m[90m [39m[90mvoter slug has expiration[39m
  [31;1m⨯[39;22m[90m [39m[90mvoter slug election id relationship[39m
  [31;1m⨯[39;22m[90m [39m[90mvoter slug can be unique per election[39m
  [31;1m⨯[39;22m[90m [39m[90mvoter slug tracks current step[39m
  [31;1m⨯[39;22m[90m [39m[90muser can have multiple slugs for different elections[39m
  [31;1m⨯[39;22m[90m [39m[90mvoter slug can be deactivated[39m
  [31;1m⨯[39;22m[90m [39m[90mvoter slug election relationship[39m
                        
  [39;41;1m FAIL [39;49;22m[39m Tests\Feature\VoterSlugFeatureTest[39m
  [31;1m⨯[39;22m[90m [39m[90muser can generate voting slug[39m[90m                                                                               [39m [90m0.24s[39m  
  [31;1m⨯[39;22m[90m [39m[90mvalid slug allows access to protected route[39m[90m                                                                 [39m [90m0.22s[39m  
  [31;1m⨯[39;22m[90m [39m[90minvalid slug returns 403[39m[90m                                                                                    [39m [90m0.30s[39m  
  [31;1m⨯[39;22m[90m [39m[90mexpired slug returns 403[39m[90m                                                                                    [39m [90m0.19s[39m  
  [31;1m⨯[39;22m[90m [39m[90minactive slug returns 403[39m[90m                                                                                   [39m [90m0.32s[39m  
  [31;1m⨯[39;22m[90m [39m[90mgenerating new slug revokes previous active slugs[39m[90m                                                           [39m [90m0.29s[39m  
  [31;1m⨯[39;22m[90m [39m[90mmiddleware makes voter available in request[39m[90m                                                                 [39m [90m0.26s[39m  
  [32;1m✓[39;22m[90m [39m[90munauthenticated user cannot generate slug[39m[90m                                                                   [39m [90m0.21s[39m  
                     
  [39;41;1m FAIL [39;49;22m[39m Tests\Feature\VoterStepWorkflowTest[39m
  [31;1m⨯[39;22m[90m [39m[90mvoter slug has default step 1[39m[90m                                                                               [39m [90m0.19s[39m  
  [31;1m⨯[39;22m[90m [39m[90mvoter can access current step route[39m[90m                                                                         [39m [90m0.20s[39m  
  [31;1m⨯[39;22m[90m [39m[90mvoter cannot access future step route[39m[90m                                                                       [39m [90m0.22s[39m  
  [31;1m⨯[39;22m[90m [39m[90mvoter can access previous step route[39m[90m                                                                        [39m [90m0.21s[39m  
  [31;1m⨯[39;22m[90m [39m[90mstep progression works correctly[39m[90m                                                                            [39m [90m0.20s[39m  
  [31;1m⨯[39;22m[90m [39m[90mstep meta can store additional data[39m[90m                                                                         [39m [90m0.32s[39m  
  [31;1m⨯[39;22m[90m [39m[90melection steps config is accessible[39m[90m                                                                         [39m [90m0.28s[39m  
                  
  [39;41;1m FAIL [39;49;22m[39m Tests\Feature\VoterWorkflowIntegrationTest[39m
  [31;1m⨯[39;22m[90m [39m[90mcomplete voter workflow with step enforcement[39m[90m                                                               [39m [90m0.21s[39m  
  [31;1m⨯[39;22m[90m [39m[90mvoter can navigate backwards[39m[90m                                                                                [39m [90m0.20s[39m  
  [31;1m⨯[39;22m[90m [39m[90mexpired slug blocks access[39m[90m                                                                                  [39m [90m0.24s[39m  
  [31;1m⨯[39;22m[90m [39m[90minactive slug blocks access[39m[90m                                                                                 [39m [90m0.18s[39m  
  [31;1m⨯[39;22m[90m [39m[90mnon step routes pass through middleware[39m[90m                                                                     [39m [90m0.19s[39m  
  [31;1m⨯[39;22m[90m [39m[90mstep meta persists throughout workflow[39m[90m                                                                      [39m [90m0.29s[39m  
                                             
  [39;41;1m FAIL [39;49;22m[39m Tests\Feature\Voter\VoterImportElectionOnlyTest[39m
  [31;1m⨯[39;22m[90m [39m[90mpreview shows new for unknown email in election only mode[39m[90m                                                   [39m [90m0.48s[39m  
  [31;1m⨯[39;22m[90m [39m[90mpreview shows existing for known email[39m[90m                                                                      [39m [90m0.44s[39m  
  [31;1m⨯[39;22m[90m [39m[90mimport creates user for unknown email[39m[90m                                                                       [39m [90m0.31s[39m  
  [31;1m⨯[39;22m[90m [39m[90mimport links user to organisation[39m[90m                                                                           [39m [90m0.40s[39m  
  [31;1m⨯[39;22m[90m [39m[90mimport assigns user as voter to election[39m[90m                                                                    [39m [90m0.36s[39m  
  [31;1m⨯[39;22m[90m [39m[90mimport creates voter invitation[39m[90m                                                                             [39m [90m0.42s[39m  
  [31;1m⨯[39;22m[90m [39m[90mimport dispatches send invitation job[39m[90m                                                                       [39m [90m0.53s[39m  
  [31;1m⨯[39;22m[90m [39m[90mimport does not duplicate invitation on reimport[39m[90m                                                            [39m [90m0.51s[39m  
  [32;1m✓[39;22m[90m [39m[90minvitation token shows set password page[39m[90m                                                                    [39m [90m0.46s[39m  
  [32;1m✓[39;22m[90m [39m[90mset password logs in user and redirects[39m[90m                                                                     [39m [90m0.43s[39m  
  [32;1m✓[39;22m[90m [39m[90mexpired token returns 404[39m[90m                                                                                   [39m [90m0.30s[39m  
  [32;1m✓[39;22m[90m [39m[90mused token returns 404[39m[90m                                                                                      [39m [90m0.38s[39m  
  [31;1m⨯[39;22m[90m [39m[90mrate limiting blocks after 10 attempts[39m[90m                                                                      [39m [90m0.58s[39m  
  [31;1m⨯[39;22m[90m [39m[90mtransaction rolls back on election membership failure[39m[90m                                                       [39m [90m0.40s[39m  
  [32;1m✓[39;22m[90m [39m[90mlanguage fallback to de when languages is empty[39m[90m                                                             [39m [90m0.46s[39m  
                              
  [30;42;1m PASS [39;49;22m[39m Tests\Feature\VotingRestrictionTest[39m
  [32;1m✓[39;22m[90m [39m[90mdemo election allows voting with has voted false[39m[90m                                                            [39m [90m0.20s[39m  
  [32;1m✓[39;22m[90m [39m[90mdemo election allows voting even with has voted true[39m[90m                                                        [39m [90m0.26s[39m  
  [32;1m✓[39;22m[90m [39m[90mreal election allows voting with has voted false[39m[90m                                                            [39m [90m0.30s[39m  
  [32;1m✓[39;22m[90m [39m[90mreal election blocks voting when has voted true[39m[90m                                                             [39m [90m0.22s[39m  
  [32;1m✓[39;22m[90m [39m[90mdemo and real elections are independent[39m[90m                                                                     [39m [90m0.18s[39m  
  [32;1m✓[39;22m[90m [39m[90mvoting restriction requires both real and has voted[39m[90m                                                         [39m [90m0.21s[39m  
  [32;1m✓[39;22m[90m [39m[90mvote controller store has voted check logic[39m[90m                                                                 [39m [90m0.17s[39m  
  [32;1m✓[39;22m[90m [39m[90muser requirement demo multiple votes real single vote[39m[90m                                                       [39m [90m0.24s[39m  
  [32;1m✓[39;22m[90m [39m[90mdemo votes stored in demo votes table[39m[90m                                                                       [39m [90m0.18s[39m  
  [32;1m✓[39;22m[90m [39m[90mreal votes stored in votes table[39m[90m                                                                            [39m [90m0.17s[39m  

  [30;43;1m WARN [39;49;22m[39m Tests\Feature\Voting\IpValidationTest[39m
  [33;1m-[39;22m[90m [39m[90mvoter with ip restriction can vote from registered ip[39m[90m [39m[33m→ Legacy test — depends on deprecated can_vote column. Replaced by VotingEngineIntegrationTest.[39m
  [33;1m-[39;22m[90m [39m[90mvoter with ip restriction cannot vote from different ip[39m[90m [39m[33m→ Legacy test — depends on deprecated can_vote column. Replaced by VotingEngineIntegrationTest.[39m
  [33;1m-[39;22m[90m [39m[90mvoter without ip restriction can vote from any ip[39m[90m [39m[33m→ Legacy test — depends on deprecated can_vote column. Replaced by VotingEngineIntegrationTest.[39m
  [33;1m-[39;22m[90m [39m[90mip control disabled allows voting from any ip[39m[90m [39m[33m→ Legacy test — depends on deprecated can_vote column. Replaced by VotingEngineIntegrationTest.[39m
  [33;1m-[39;22m[90m [39m[90mvoter approval sets ip restriction when control enabled[39m[90m [39m[33m→ Legacy test — depends on deprecated can_vote column. Replaced by VotingEngineIntegrationTest.[39m
  [33;1m-[39;22m[90m [39m[90mvoter approval does not set ip restriction when control disabled[39m[90m [39m[33m→ Legacy test — depends on deprecated can_vote column. Replaced by VotingEngineIntegrationTest.[39m
  [33;1m-[39;22m[90m [39m[90mip mismatch error message is bilingual[39m[90m [39m[33m→ Legacy test — depends on deprecated can_vote column. Replaced by VotingEngineIntegrationTest.[39m
  [33;1m-[39;22m[90m [39m[90mmultiple voting attempts from different ips are logged[39m[90m [39m[33m→ Legacy test — depends on deprecated can_vote column. Replaced by VotingEngineIntegrationTest.[39m

  [30;43;1m WARN [39;49;22m[39m Tests\Feature\Voting\RealElectionWorkflowTest[39m
  [33;1m-[39;22m[90m [39m[90mreal election requires organization[39m[90m [39m[33m→ Legacy test — depends on deprecated can_vote column. Replaced by VotingEngineIntegrationTest.[39m
  [33;1m-[39;22m[90m [39m[90mdemo election has null organization[39m[90m [39m[33m→ Legacy test — depends on deprecated can_vote column. Replaced by VotingEngineIntegrationTest.[39m
  [33;1m-[39;22m[90m [39m[90mreal election belongs to organization[39m[90m [39m[33m→ Legacy test — depends on deprecated can_vote column. Replaced by VotingEngineIntegrationTest.[39m
  [33;1m-[39;22m[90m [39m[90muser can have organization context[39m[90m [39m[33m→ Legacy test — depends on deprecated can_vote column. Replaced by VotingEngineIntegrationTest.[39m
  [33;1m-[39;22m[90m [39m[90melection scoped to organization[39m[90m [39m[33m→ Legacy test — depends on deprecated can_vote column. Replaced by VotingEngineIntegrationTest.[39m
  [33;1m-[39;22m[90m [39m[90mcannot access election from different organization[39m[90m [39m[33m→ Legacy test — depends on deprecated can_vote column. Replaced by VotingEngineIntegrationTest.[39m
  [33;1m-[39;22m[90m [39m[90melection status tracking[39m[90m [39m[33m→ Legacy test — depends on deprecated can_vote column. Replaced by VotingEngineIntegrationTest.[39m
  [33;1m-[39;22m[90m [39m[90mreal election should be anonymous[39m[90m [39m[33m→ Legacy test — depends on deprecated can_vote column. Replaced by VotingEngineIntegrationTest.[39m
  [33;1m-[39;22m[90m [39m[90mreal election type differs from demo[39m[90m [39m[33m→ Legacy test — depends on deprecated can_vote column. Replaced by VotingEngineIntegrationTest.[39m
  [33;1m-[39;22m[90m [39m[90melection permissions scoped by organization[39m[90m [39m[33m→ Legacy test — depends on deprecated can_vote column. Replaced by VotingEngineIntegrationTest.[39m
  [33;1m-[39;22m[90m [39m[90mmultiple elections in same organization[39m[90m [39m[33m→ Legacy test — depends on deprecated can_vote column. Replaced by VotingEngineIntegrationTest.[39m
                  
  [30;42;1m PASS [39;49;22m[39m Tests\Feature\Voting\VoteResultIntegrityTest[39m
  [32;1m✓[39;22m[90m [39m[90mvote save populates data checksum[39m[90m                                                                           [39m [90m0.26s[39m  
  [32;1m✓[39;22m[90m [39m[90mverify checksum detects tampering[39m[90m                                                                           [39m [90m0.24s[39m  
  [32;1m✓[39;22m[90m [39m[90mverify results integrity detects missing results[39m[90m                                                            [39m [90m0.33s[39m  
  [32;1m✓[39;22m[90m [39m[90msync results restores consistency[39m[90m                                                                           [39m [90m0.30s[39m  
  [32;1m✓[39;22m[90m [39m[90mintegrity check finds all votes valid[39m[90m                                                                       [39m [90m0.35s[39m  
  [32;1m✓[39;22m[90m [39m[90mpublish results runs integrity check[39m[90m                                                                        [39m [90m0.30s[39m  
                  
  [39;41;1m FAIL [39;49;22m[39m Tests\Feature\Voting\VoterAuditTrailTest[39m
  [31;1m⨯[39;22m[90m [39m[90mper voter audit file is created[39m[90m                                                                             [39m [90m0.49s[39m  
  [32;1m✓[39;22m[90m [39m[90mper voter file records multiple steps[39m[90m                                                                       [39m [90m0.42s[39m  
  [32;1m✓[39;22m[90m [39m[90mvoter email is masked in audit[39m[90m                                                                              [39m [90m0.30s[39m  
  [32;1m✓[39;22m[90m [39m[90mvoter name with special chars creates safe filename[39m[90m                                                         [39m [90m0.25s[39m  
  [32;1m✓[39;22m[90m [39m[90maudit trail spans entire voting flow[39m[90m                                                                        [39m [90m0.27s[39m  
  [32;1m✓[39;22m[90m [39m[90madmin can download voter audit file[39m[90m                                                                         [39m [90m0.30s[39m  
                           
  [30;42;1m PASS [39;49;22m[39m Tests\Feature\Voting\VoterSlugStepTrackingTest[39m
  [32;1m✓[39;22m[90m [39m[90mdemo voter slug can be created[39m[90m                                                                              [39m [90m0.23s[39m  
  [32;1m✓[39;22m[90m [39m[90mstep can be incremented[39m[90m                                                                                     [39m [90m0.20s[39m  
  [32;1m✓[39;22m[90m [39m[90mstep can progress through workflow[39m[90m                                                                          [39m [90m0.31s[39m  
  [32;1m✓[39;22m[90m [39m[90mstep meta stores step data[39m[90m                                                                                  [39m [90m0.22s[39m  
  [32;1m✓[39;22m[90m [39m[90mhas voted flag tracks voting status[39m[90m                                                                         [39m [90m0.22s[39m  
  [32;1m✓[39;22m[90m [39m[90mcan vote now flag[39m[90m                                                                                           [39m [90m0.32s[39m  
  [32;1m✓[39;22m[90m [39m[90mvoting time constraints[39m[90m                                                                                     [39m [90m0.20s[39m  
  [32;1m✓[39;22m[90m [39m[90mmultiple voter slugs for same user[39m[90m                                                                          [39m [90m0.17s[39m  
  [32;1m✓[39;22m[90m [39m[90mslug is unique[39m[90m                                                                                              [39m [90m0.21s[39m  
            
  [30;42;1m PASS [39;49;22m[39m Tests\Feature\Voting\VotingConcurrencyProtectionTest[39m
  [32;1m✓[39;22m[90m [39m[90mcache lock prevents concurrent step progression[39m[90m                                                             [39m [90m0.20s[39m  
  [32;1m✓[39;22m[90m [39m[90mconcurrent has voted update only succeeds once[39m[90m                                                              [39m [90m0.19s[39m  
  [32;1m✓[39;22m[90m [39m[90mcache lock is released on exception[39m[90m                                                                         [39m [90m0.18s[39m  
  [32;1m✓[39;22m[90m [39m[90mvoter slug status cannot transition to voted twice[39m[90m                                                          [39m [90m0.34s[39m  
                     
  [39;41;1m FAIL [39;49;22m[39m Tests\Feature\Voting\VotingEngineIntegrationTest[39m
  [32;1m✓[39;22m[90m [39m[90mvoter slug creation[39m[90m                                                                                         [39m [90m0.18s[39m  
  [32;1m✓[39;22m[90m [39m[90mstep progression 1 to 5[39m[90m                                                                                     [39m [90m0.21s[39m  
  [31;1m⨯[39;22m[90m [39m[90mhas voted prevents double voting[39m[90m                                                                            [39m [90m0.20s[39m  
  [32;1m✓[39;22m[90m [39m[90mslug status transitions to voted[39m[90m                                                                            [39m [90m0.21s[39m  
  [32;1m✓[39;22m[90m [39m[90mstep meta stores audit data[39m[90m                                                                                 [39m [90m0.17s[39m  
  [31;1m⨯[39;22m[90m [39m[90mmembership status tracks voter state[39m[90m                                                                        [39m [90m0.18s[39m  
  [32;1m✓[39;22m[90m [39m[90mexpired slug can be marked expired[39m[90m                                                                          [39m [90m0.18s[39m  
  [31m────────────────────────────────────────────────────────────────────────────────────────────────────────────────────[39m  
  [41;1m FAILED [49;22m [1mTests\Unit\Application\Committee\CommitteeGeoBoundaryTest[22m [90m>[39m eloquent aggregate reposi… [41;1m ArgumentCountError [49;22m  
[39;1m  Too few arguments to function App\Contexts\Membership\Infrastructure\Repositories\EloquentCommitteeAggregateRepository::__construct(), 0 passed in C:\Users\nabra\OneDrive\Desktop\roshyara\xamp\nrna\nrna-eu\tests\Unit\Application\Committee\CommitteeGeoBoundaryTest.php on line 77 and exactly 1 expected[39;22m

  at [32mapp\Contexts\Membership\Infrastructure\Repositories\EloquentCommitteeAggregateRepository.php[39m:[32m30[39m
     26▕  * Committee snapshots are immutable after creation.
     27▕  */
     28▕ final class EloquentCommitteeAggregateRepository implements CommitteeRepositoryInterface
     29▕ {
  ➜  30▕     public function __construct(
     31▕         private readonly CanonicalGeoSerializer $serializer,
     32▕     ) {}
     33▕ 
     34▕     public function persist(Committee $committee): void

  [33m1   [39m[39;1mapp\Contexts\Membership\Infrastructure\Repositories\EloquentCommitteeAggregateRepository.php[39;22m:[39;1m30[39;22m
  [33m2   [39m[39;1mtests\Unit\Application\Committee\CommitteeGeoBoundaryTest.php[39;22m:[39;1m77[39;22m

  [31m────────────────────────────────────────────────────────────────────────────────────────────────────────────────────[39m  
  [41;1m FAILED [49;22m [1mTests\Unit\Application\Committee\CommitteeTransactionSafetyTest[22m [90m>[39m pessimistic lock is acquired… [41;1m TypeError [49;22m  
[39;1m  App\Contexts\Membership\Infrastructure\Application\TransactionalCreateCommittee::execute(): Argument #1 ($command) must be of type App\Contexts\Membership\Application\Committee\DTOs\InternalCreateCommitteeCommand, array given, called in C:\Users\nabra\OneDrive\Desktop\roshyara\xamp\nrna\nrna-eu\tests\Unit\Application\Committee\CommitteeTransactionSafetyTest.php on line 120[39;22m

  at [32mapp\Contexts\Membership\Infrastructure\Application\TransactionalCreateCommittee.php[39m:[32m44[39m
     40▕      *
     41▕      * Deadlock retries (attempts: 3) provide operational resilience without
     42▕      * sacrificing correctness.
     43▕      */
  ➜  44▕     public function execute(InternalCreateCommitteeCommand $command): Committee
     45▕     {
     46▕         return DB::transaction(
     47▕             fn () => $this->innerUseCase->execute($command),
     48▕             attempts: 3

  [33m1   [39m[39;1mapp\Contexts\Membership\Infrastructure\Application\TransactionalCreateCommittee.php[39;22m:[39;1m44[39;22m
  [33m2   [39m[39;1mtests\Unit\Application\Committee\CommitteeTransactionSafetyTest.php[39;22m:[39;1m120[39;22m

  [31m────────────────────────────────────────────────────────────────────────────────────────────────────────────────────[39m  
  [41;1m FAILED [49;22m [1mTests\Unit\Application\Committee\CommitteeTransactionSafetyTest[22m [90m>[39m rollback atomicity prevents partial sta…   
[39;1m  Failed asserting that exception of type "TypeError" matches expected exception "RuntimeException". Message was: "App\Contexts\Membership\Infrastructure\Application\TransactionalCreateCommittee::execute(): Argument #1 ($command) must be of type App\Contexts\Membership\Application\Committee\DTOs\InternalCreateCommitteeCommand, array given, called in C:\Users\nabra\OneDrive\Desktop\roshyara\xamp\nrna\nrna-eu\tests\Unit\Application\Committee\CommitteeTransactionSafetyTest.php on line 165" at
C:\Users\nabra\OneDrive\Desktop\roshyara\xamp\nrna\nrna-eu\app\Contexts\Membership\Infrastructure\Application\TransactionalCreateCommittee.php:44
C:\Users\nabra\OneDrive\Desktop\roshyara\xamp\nrna\nrna-eu\tests\Unit\Application\Committee\CommitteeTransactionSafetyTest.php:165
.[39;22m

  [31m────────────────────────────────────────────────────────────────────────────────────────────────────────────────────[39m  
  [41;1m FAILED [49;22m [1mTests\Unit\Application\Committee\CommitteeTransactionSafetyTest[22m [90m>[39m snapshot stability under epo… [41;1m TypeError [49;22m  
[39;1m  App\Contexts\Membership\Infrastructure\Application\TransactionalCreateCommittee::execute(): Argument #1 ($command) must be of type App\Contexts\Membership\Application\Committee\DTOs\InternalCreateCommitteeCommand, array given, called in C:\Users\nabra\OneDrive\Desktop\roshyara\xamp\nrna\nrna-eu\tests\Unit\Application\Committee\CommitteeTransactionSafetyTest.php on line 217[39;22m

  at [32mapp\Contexts\Membership\Infrastructure\Application\TransactionalCreateCommittee.php[39m:[32m44[39m
     40▕      *
     41▕      * Deadlock retries (attempts: 3) provide operational resilience without
     42▕      * sacrificing correctness.
     43▕      */
  ➜  44▕     public function execute(InternalCreateCommitteeCommand $command): Committee
     45▕     {
     46▕         return DB::transaction(
     47▕             fn () => $this->innerUseCase->execute($command),
     48▕             attempts: 3

  [33m1   [39m[39;1mapp\Contexts\Membership\Infrastructure\Application\TransactionalCreateCommittee.php[39;22m:[39;1m44[39;22m
  [33m2   [39m[39;1mtests\Unit\Application\Committee\CommitteeTransactionSafetyTest.php[39;22m:[39;1m217[39;22m

  [31m────────────────────────────────────────────────────────────────────────────────────────────────────────────────────[39m  
  [41;1m FAILED [49;22m [1mTests\Unit\Application\Committee\CreateCommitteeUseCaseTest[22m [90m>[39m it creates committee fr… [41;1m ArgumentCountError [49;22m  
[39;1m  App\Contexts\Membership\Domain\Committee\Committee::create(): Argument #3 ($policy) not passed[39;22m

  at [32mapp\Contexts\Membership\Domain\Committee\Committee.php[39m:[32m198[39m
    194▕      * @param ?CommitteeStructureId $createdFromStructureId Temporal identity: what structure created this
    195▕      * @param ?int $structureVersion Temporal identity: what version was active at creation
    196▕      * @return self
    197▕      */
  ➜ 198▕     public static function create(
    199▕         CommitteeId $id,
    200▕         TenantId $tenantId,
    201▕         CommitteePolicy $policy,
    202▕         CommitteeStructureId $structureId,

  [33m1   [39m[39;1mapp\Contexts\Membership\Domain\Committee\Committee.php[39;22m:[39;1m198[39;22m
  [33m2   [39m[39;1mapp\Contexts\Membership\Application\Committee\CreateCommittee.php[39;22m:[39;1m63[39;22m

  [31m────────────────────────────────────────────────────────────────────────────────────────────────────────────────────[39m  
  [41;1m FAILED [49;22m [1mTests\Unit\Application\Committee\CreateCommitteeUseCaseTest[22m [90m>[39m it snapshots structure…  [41;1m ArgumentCountError [49;22m  
[39;1m  App\Contexts\Membership\Domain\Committee\Committee::create(): Argument #3 ($policy) not passed[39;22m

  at [32mapp\Contexts\Membership\Domain\Committee\Committee.php[39m:[32m198[39m
    194▕      * @param ?CommitteeStructureId $createdFromStructureId Temporal identity: what structure created this
    195▕      * @param ?int $structureVersion Temporal identity: what version was active at creation
    196▕      * @return self
    197▕      */
  ➜ 198▕     public static function create(
    199▕         CommitteeId $id,
    200▕         TenantId $tenantId,
    201▕         CommitteePolicy $policy,
    202▕         CommitteeStructureId $structureId,

  [33m1   [39m[39;1mapp\Contexts\Membership\Domain\Committee\Committee.php[39;22m:[39;1m198[39;22m
  [33m2   [39m[39;1mapp\Contexts\Membership\Application\Committee\CreateCommittee.php[39;22m:[39;1m63[39;22m

  [31m────────────────────────────────────────────────────────────────────────────────────────────────────────────────────[39m  
  [41;1m FAILED [49;22m [1mTests\Unit\Application\Committee\CreateCommitteeUseCaseTest[22m [90m>[39m committee does not depe… [41;1m ArgumentCountError [49;22m  
[39;1m  App\Contexts\Membership\Domain\Committee\Committee::create(): Argument #3 ($policy) not passed[39;22m

  at [32mapp\Contexts\Membership\Domain\Committee\Committee.php[39m:[32m198[39m
    194▕      * @param ?CommitteeStructureId $createdFromStructureId Temporal identity: what structure created this
    195▕      * @param ?int $structureVersion Temporal identity: what version was active at creation
    196▕      * @return self
    197▕      */
  ➜ 198▕     public static function create(
    199▕         CommitteeId $id,
    200▕         TenantId $tenantId,
    201▕         CommitteePolicy $policy,
    202▕         CommitteeStructureId $structureId,

  [33m1   [39m[39;1mapp\Contexts\Membership\Domain\Committee\Committee.php[39;22m:[39;1m198[39;22m
  [33m2   [39m[39;1mapp\Contexts\Membership\Application\Committee\CreateCommittee.php[39;22m:[39;1m63[39;22m

  [31m────────────────────────────────────────────────────────────────────────────────────────────────────────────────────[39m  
  [41;1m FAILED [49;22m [1mTests\Unit\Application\Election\Capabilities\CanEditTimelineCapabilityTest[22m [90m>[39m cannot edit timeline in coun…   
[39;1m  Cannot edit timeline during counting (audit trail immutability)
Failed asserting that true is false.[39;22m

  at [32mtests\Unit\Application\Election\Capabilities\CanEditTimelineCapabilityTest.php[39m:[32m139[39m
    135▕         ]);
    136▕ 
    137▕         $snapshot = $this->engine->compute($election);
    138▕ 
  ➜ 139▕         $this->assertFalse($snapshot->canEditTimeline, 'Cannot edit timeline during counting (audit trail immutability)');
    140▕     }
    141▕ 
    142▕     #[\PHPUnit\Framework\Attributes\Test]
    143▕     public function cannot_edit_timeline_in_results_published_state()

  [33m1   [39m[39;1mtests\Unit\Application\Election\Capabilities\CanEditTimelineCapabilityTest.php[39;22m:[39;1m139[39;22m

  [31m────────────────────────────────────────────────────────────────────────────────────────────────────────────────────[39m  
  [41;1m FAILED [49;22m [1mTests\Unit\Application\Election\Capabilities\CanEditTimelineCapabilityTest[22m [90m>[39m capability transitions corre…   
[39;1m  Counting: not editable
Failed asserting that true is false.[39;22m

  at [32mtests\Unit\Application\Election\Capabilities\CanEditTimelineCapabilityTest.php[39m:[32m205[39m
    201▕ 
    202▕         // Close voting → Counting
    203▕         $election->update(['voting_ends_at' => now()->subMinute()]);
    204▕         $countingSnapshot = $this->engine->compute($election);
  ➜ 205▕         $this->assertFalse($countingSnapshot->canEditTimeline, 'Counting: not editable');
    206▕ 
    207▕         // Publish results
    208▕         $election->update(['results_published_at' => now()]);
    209▕         $resultsSnapshot = $this->engine->compute($election);

  [33m1   [39m[39;1mtests\Unit\Application\Election\Capabilities\CanEditTimelineCapabilityTest.php[39;22m:[39;1m205[39;22m

  [31m────────────────────────────────────────────────────────────────────────────────────────────────────────────────────[39m  
  [41;1m FAILED [49;22m [1mTests\Unit\Application\Election\CapabilityPolicyLayerTest[22m [90m>[39m lifecycle priority                               
[39;1m  Failed asserting that 3 matches expected 2.[39;22m

  at [32mtests\Unit\Application\Election\CapabilityPolicyLayerTest.php[39m:[32m25[39m
     21▕     }
     22▕ 
     23▕     public function test_lifecycle_priority(): void
     24▕     {
  ➜  25▕         $this->assertEquals(2, CapabilityPolicyLayer::Lifecycle->priority());
     26▕     }
     27▕ 
     28▕     public function test_preconditions_priority(): void
     29▕     {

  [33m1   [39m[39;1mtests\Unit\Application\Election\CapabilityPolicyLayerTest.php[39;22m:[39;1m25[39;22m

  [31m────────────────────────────────────────────────────────────────────────────────────────────────────────────────────[39m  
  [41;1m FAILED [49;22m [1mTests\Unit\Application\Election\CapabilityPolicyLayerTest[22m [90m>[39m preconditions priority                           
[39;1m  Failed asserting that 4 matches expected 3.[39;22m

  at [32mtests\Unit\Application\Election\CapabilityPolicyLayerTest.php[39m:[32m30[39m
     26▕     }
     27▕ 
     28▕     public function test_preconditions_priority(): void
     29▕     {
  ➜  30▕         $this->assertEquals(3, CapabilityPolicyLayer::Preconditions->priority());
     31▕     }
     32▕ 
     33▕     public function test_authorization_priority(): void
     34▕     {

  [33m1   [39m[39;1mtests\Unit\Application\Election\CapabilityPolicyLayerTest.php[39;22m:[39;1m30[39;22m

  [31m────────────────────────────────────────────────────────────────────────────────────────────────────────────────────[39m  
  [41;1m FAILED [49;22m [1mTests\Unit\Application\Election\CapabilityPolicyLayerTest[22m [90m>[39m authorization priority                           
[39;1m  Failed asserting that 5 matches expected 4.[39;22m

  at [32mtests\Unit\Application\Election\CapabilityPolicyLayerTest.php[39m:[32m35[39m
     31▕     }
     32▕ 
     33▕     public function test_authorization_priority(): void
     34▕     {
  ➜  35▕         $this->assertEquals(4, CapabilityPolicyLayer::Authorization->priority());
     36▕     }
     37▕ 
     38▕     public function test_overlay_dominates_other_layers(): void
     39▕     {

  [33m1   [39m[39;1mtests\Unit\Application\Election\CapabilityPolicyLayerTest.php[39;22m:[39;1m35[39;22m

  [31m────────────────────────────────────────────────────────────────────────────────────────────────────────────────────[39m  
  [41;1m FAILED [49;22m [1mTests\Unit\Application\Election\ConstitutionalDriftMonitorTest[22m [90m>[39m drift monito… [41;1m BindingResolutionException [49;22m  
[39;1m  Target class [log] does not exist.[39;22m

  at [32mvendor\laravel\framework\src\Illuminate\Container\Container.php[39m:[32m946[39m
    942▕ 
    943▕         try {
    944▕             $reflector = new ReflectionClass($concrete);
    945▕         } catch (ReflectionException $e) {
  ➜ 946▕             throw new BindingResolutionException("Target class [$concrete] does not exist.", 0, $e);
    947▕         }
    948▕ 
    949▕         // If the type is not instantiable, the developer is attempting to resolve
    950▕         // an abstract type such as an Interface or Abstract Class and there is

  [33m1   [39m[39;1mvendor\laravel\framework\src\Illuminate\Container\Container.php[39;22m:[39;1m946[39;22m

  [33m2   [39m[39;1mvendor\laravel\framework\src\Illuminate\Container\Container.php[39;22m:[39;1m944[39;22m
  [90m    NunoMaduro\Collision\Exceptions\TestException::("Class "log" does not exist")[39m

  [31m────────────────────────────────────────────────────────────────────────────────────────────────────────────────────[39m  
  [41;1m FAILED [49;22m [1mTests\Unit\Application\Election\ConstitutionalDriftMonitorTest[22m [90m>[39m drift monito… [41;1m BindingResolutionException [49;22m  
[39;1m  Target class [log] does not exist.[39;22m

  at [32mvendor\laravel\framework\src\Illuminate\Container\Container.php[39m:[32m946[39m
    942▕ 
    943▕         try {
    944▕             $reflector = new ReflectionClass($concrete);
    945▕         } catch (ReflectionException $e) {
  ➜ 946▕             throw new BindingResolutionException("Target class [$concrete] does not exist.", 0, $e);
    947▕         }
    948▕ 
    949▕         // If the type is not instantiable, the developer is attempting to resolve
    950▕         // an abstract type such as an Interface or Abstract Class and there is

  [33m1   [39m[39;1mvendor\laravel\framework\src\Illuminate\Container\Container.php[39;22m:[39;1m946[39;22m

  [33m2   [39m[39;1mvendor\laravel\framework\src\Illuminate\Container\Container.php[39;22m:[39;1m944[39;22m
  [90m    NunoMaduro\Collision\Exceptions\TestException::("Class "log" does not exist")[39m

  [31m────────────────────────────────────────────────────────────────────────────────────────────────────────────────────[39m  
  [41;1m FAILED [49;22m [1mTests\Unit\Application\Election\ConstitutionalDriftMonitorTest[22m [90m>[39m drift monito… [41;1m BindingResolutionException [49;22m  
[39;1m  Target class [log] does not exist.[39;22m

  at [32mvendor\laravel\framework\src\Illuminate\Container\Container.php[39m:[32m946[39m
    942▕ 
    943▕         try {
    944▕             $reflector = new ReflectionClass($concrete);
    945▕         } catch (ReflectionException $e) {
  ➜ 946▕             throw new BindingResolutionException("Target class [$concrete] does not exist.", 0, $e);
    947▕         }
    948▕ 
    949▕         // If the type is not instantiable, the developer is attempting to resolve
    950▕         // an abstract type such as an Interface or Abstract Class and there is

  [33m1   [39m[39;1mvendor\laravel\framework\src\Illuminate\Container\Container.php[39;22m:[39;1m946[39;22m

  [33m2   [39m[39;1mvendor\laravel\framework\src\Illuminate\Container\Container.php[39;22m:[39;1m944[39;22m
  [90m    NunoMaduro\Collision\Exceptions\TestException::("Class "log" does not exist")[39m

  [31m────────────────────────────────────────────────────────────────────────────────────────────────────────────────────[39m  
  [41;1m FAILED [49;22m [1mTests\Unit\Application\Election\ConstitutionalTransitionGuardTest[22m [90m>[39m guard validates preconditions            
[39;1m  Failed asserting that an array contains 'has_committee_members'.[39;22m

  at [32mtests\Unit\Application\Election\ConstitutionalTransitionGuardTest.php[39m:[32m184[39m
    180▕ 
    181▕         $this->assertNotEmpty($preconditions);
    182▕         $this->assertContains('has_posts', $preconditions);
    183▕         $this->assertContains('has_voters', $preconditions);
  ➜ 184▕         $this->assertContains('has_committee_members', $preconditions);
    185▕     }
    186▕ 
    187▕     /**
    188▕      * RED: System actions should be allowed without authenticated user

  [33m1   [39m[39;1mtests\Unit\Application\Election\ConstitutionalTransitionGuardTest.php[39;22m:[39;1m184[39;22m

  [31m────────────────────────────────────────────────────────────────────────────────────────────────────────────────────[39m  
  [41;1m FAILED [49;22m [1mTests\Unit\Application\Election\DeprecationAccessGuardTest[22m [90m>[39m guard logs warning for deprecated fie… [41;1m Error [49;22m  
[39;1m  Call to a member function warning() on null[39;22m

  at [32mapp\Application\Election\Monitoring\ConstitutionalMetrics.php[39m:[32m209[39m
    205▕         $cache->put(self::CACHE_KEY, $metrics, now()->addHours(self::RETENTION_HOURS));
    206▕ 
    207▕         // Log violation for audit trail
    208▕         Log::channel('constitutional_integrity')
  ➜ 209▕             ->warning("Constitutional violation: {$metric}", $context);
    210▕     }
    211▕ 
    212▕     private function defaultMetrics(): array
    213▕     {

  [33m1   [39m[39;1mapp\Application\Election\Monitoring\ConstitutionalMetrics.php[39;22m:[39;1m209[39;22m
  [33m2   [39m[39;1mapp\Application\Election\Monitoring\ConstitutionalMetrics.php[39;22m:[39;1m66[39;22m

  [31m────────────────────────────────────────────────────────────────────────────────────────────────────────────────────[39m  
  [41;1m FAILED [49;22m [1mTests\Unit\Application\Election\DeprecationAccessGuardTest[22m [90m>[39m guard throws for strict deprecated field        
[39;1m  Failed asserting that exception of type "App\Exceptions\DeprecatedFieldException" is thrown.[39;22m

  [31m────────────────────────────────────────────────────────────────────────────────────────────────────────────────────[39m  
  [41;1m FAILED [49;22m [1mTests\Unit\Application\Election\DeprecationAccessGuardTest[22m [90m>[39m guard includes replace… [41;1m AssertionFailedError [49;22m  
[39;1m  Expected exception[39;22m

  at [32mtests\Unit\Application\Election\DeprecationAccessGuardTest.php[39m:[32m73[39m
     69▕     public function guard_includes_replacement_in_error(): void
     70▕     {
     71▕         try {
     72▕             $this->guard->checkFieldAccess('is_active', 'TestContext', 'strict');
  ➜  73▕             $this->fail('Expected exception');
     74▕         } catch (DeprecatedFieldException $e) {
     75▕             $this->assertStringContainsString('isActive()', $e->getMessage());
     76▕             $this->assertStringContainsString('Replacement:', $e->getMessage());
     77▕         }

  [33m1   [39m[39;1mtests\Unit\Application\Election\DeprecationAccessGuardTest.php[39;22m:[39;1m73[39;22m

  [31m────────────────────────────────────────────────────────────────────────────────────────────────────────────────────[39m  
  [41;1m FAILED [49;22m [1mTests\Unit\Application\Election\DeprecationAccessGuardTest[22m [90m>[39m guard audit only mode logs without th… [41;1m Error [49;22m  
[39;1m  Call to a member function warning() on null[39;22m

  at [32mapp\Application\Election\Monitoring\ConstitutionalMetrics.php[39m:[32m209[39m
    205▕         $cache->put(self::CACHE_KEY, $metrics, now()->addHours(self::RETENTION_HOURS));
    206▕ 
    207▕         // Log violation for audit trail
    208▕         Log::channel('constitutional_integrity')
  ➜ 209▕             ->warning("Constitutional violation: {$metric}", $context);
    210▕     }
    211▕ 
    212▕     private function defaultMetrics(): array
    213▕     {

  [33m1   [39m[39;1mapp\Application\Election\Monitoring\ConstitutionalMetrics.php[39;22m:[39;1m209[39;22m
  [33m2   [39m[39;1mapp\Application\Election\Monitoring\ConstitutionalMetrics.php[39;22m:[39;1m66[39;22m

  [31m────────────────────────────────────────────────────────────────────────────────────────────────────────────────────[39m  
  [41;1m FAILED [49;22m [1mTests\Unit\Application\Election\ElectionCapabilityResolverTrustIntegrationTest[22m [90m>[39m resolver denies w… [41;1m Error [49;22m  
[39;1m  Class "App\Domain\Election\Security\OverlayInfluenceContext" not found[39;22m

  at [32mtests\Unit\Application\Election\ElectionCapabilityResolverTrustIntegrationTest.php[39m:[32m54[39m
     50▕ 
     51▕     public function test_resolver_denies_when_trust_policy_returns_constitutional_review_pending(): void
     52▕     {
     53▕         $resolver = $this->makeResolver();
  ➜  54▕         $OverlaySignalCategory = new OverlayInfluenceContext(
     55▕             signals: [],
     56▕             hasInfluence: true,
     57▕             requiresReview: true,
     58▕             requiresReverification: false,

  [33m1   [39m[39;1mtests\Unit\Application\Election\ElectionCapabilityResolverTrustIntegrationTest.php[39;22m:[39;1m54[39;22m

  [31m────────────────────────────────────────────────────────────────────────────────────────────────────────────────────[39m  
  [41;1m FAILED [49;22m [1mTests\Unit\Application\Election\ElectionCapabilityResolverTrustIntegrationTest[22m [90m>[39m resolver denies w… [41;1m Error [49;22m  
[39;1m  Class "App\Domain\Election\Security\OverlayInfluenceContext" not found[39;22m

  at [32mtests\Unit\Application\Election\ElectionCapabilityResolverTrustIntegrationTest.php[39m:[32m86[39m
     82▕ 
     83▕     public function test_resolver_denies_when_trust_policy_returns_trust_evaluation_inconclusive(): void
     84▕     {
     85▕         $resolver = $this->makeResolver();
  ➜  86▕         $OverlaySignalCategory = new OverlayInfluenceContext(
     87▕             signals: [],
     88▕             hasInfluence: true,
     89▕             requiresReview: false,
     90▕             requiresReverification: false,

  [33m1   [39m[39;1mtests\Unit\Application\Election\ElectionCapabilityResolverTrustIntegrationTest.php[39;22m:[39;1m86[39;22m

  [31m────────────────────────────────────────────────────────────────────────────────────────────────────────────────────[39m  
  [41;1m FAILED [49;22m [1mTests\Unit\Application\Election\ElectionCapabilityResolverTrustIntegrationTest[22m [90m>[39m resolver denies w… [41;1m Error [49;22m  
[39;1m  Class "App\Domain\Election\Security\OverlayInfluenceContext" not found[39;22m

  at [32mtests\Unit\Application\Election\ElectionCapabilityResolverTrustIntegrationTest.php[39m:[32m117[39m
    113▕ 
    114▕     public function test_resolver_denies_when_result_not_trusted(): void
    115▕     {
    116▕         $resolver = $this->makeResolver();
  ➜ 117▕         $OverlaySignalCategory = OverlayInfluenceContext::noInfluence();
    118▕         $envelope = new TrustEvaluationEnvelope(
    119▕             VotingTrustResult::deny('network_limit_exceeded', [], []),
    120▕             $OverlaySignalCategory,
    121▕             new ConstitutionalTrustSnapshot(false, TrustLevel::Unverified, 'single_code', false, false, false, 'none', false, null, null, 'network_limit_exceeded', []),

  [33m1   [39m[39;1mtests\Unit\Application\Election\ElectionCapabilityResolverTrustIntegrationTest.php[39;22m:[39;1m117[39;22m

  [31m────────────────────────────────────────────────────────────────────────────────────────────────────────────────────[39m  
  [41;1m FAILED [49;22m [1mTests\Unit\Application\Election\ElectionCapabilityResolverTrustIntegrationTest[22m [90m>[39m resolver allows v… [41;1m Error [49;22m  
[39;1m  Class "App\Domain\Election\Security\OverlayInfluenceContext" not found[39;22m

  at [32mtests\Unit\Application\Election\ElectionCapabilityResolverTrustIntegrationTest.php[39m:[32m141[39m
    137▕ 
    138▕     public function test_resolver_allows_vote_when_trust_passes(): void
    139▕     {
    140▕         $resolver = $this->makeResolver();
  ➜ 141▕         $OverlaySignalCategory = OverlayInfluenceContext::noInfluence();
    142▕         $envelope = new TrustEvaluationEnvelope(
    143▕             VotingTrustResult::allow(TrustLevel::Attested, [], []),
    144▕             $OverlaySignalCategory,
    145▕             new ConstitutionalTrustSnapshot(true, TrustLevel::Attested, 'single_code', false, false, true, 'none', true, null, null, '', []),

  [33m1   [39m[39;1mtests\Unit\Application\Election\ElectionCapabilityResolverTrustIntegrationTest.php[39;22m:[39;1m141[39;22m

  [31m────────────────────────────────────────────────────────────────────────────────────────────────────────────────────[39m  
  [41;1m FAILED [49;22m [1mTests\Unit\Application\Election\ElectionCapabilityResolverTrustIntegrationTest[22m [90m>[39m trust policy runs… [41;1m Error [49;22m  
[39;1m  Class "App\Domain\Election\Security\OverlayInfluenceContext" not found[39;22m

  at [32mtests\Unit\Application\Election\ElectionCapabilityResolverTrustIntegrationTest.php[39m:[32m166[39m
    162▕     public function test_trust_policy_runs_before_lifecycle_policy(): void
    163▕     {
    164▕         $resolver = $this->makeResolver();
    165▕         // Create envelope where trust fails
  ➜ 166▕         $OverlaySignalCategory = OverlayInfluenceContext::noInfluence();
    167▕         $envelope = new TrustEvaluationEnvelope(
    168▕             VotingTrustResult::deny('verification_failed', [], []),
    169▕             $OverlaySignalCategory,
    170▕             new ConstitutionalTrustSnapshot(false, TrustLevel::Unverified, 'single_code', false, false, false, 'none', false, null, null, 'verification_failed', []),

  [33m1   [39m[39;1mtests\Unit\Application\Election\ElectionCapabilityResolverTrustIntegrationTest.php[39;22m:[39;1m166[39;22m

  [31m────────────────────────────────────────────────────────────────────────────────────────────────────────────────────[39m  
  [41;1m FAILED [49;22m [1mTests\Unit\Application\Election\ElectionCapabilityResolverTrustIntegrationTest[22m [90m>[39m overlay policy ru… [41;1m Error [49;22m  
[39;1m  Call to undefined method App\Domain\Election\Security\VotingTrustResult::allow()[39;22m

  at [32mtests\Unit\Application\Election\ElectionCapabilityResolverTrustIntegrationTest.php[39m:[32m192[39m
    188▕     {
    189▕         $resolver = $this->makeResolver();
    190▕         // Election is suspended (overlay policy concern)
    191▕         $envelope = new TrustEvaluationEnvelope(
  ➜ 192▕             VotingTrustResult::allow(TrustLevel::Attested, [], []),
    193▕             OverlayInfluenceContext::noInfluence(),
    194▕             new ConstitutionalTrustSnapshot(true, TrustLevel::Attested, 'single_code', false, false, true, 'none', true, null, null, '', []),
    195▕         );
    196▕         $context = new CapabilityContext(

  [33m1   [39m[39;1mtests\Unit\Application\Election\ElectionCapabilityResolverTrustIntegrationTest.php[39;22m:[39;1m192[39;22m

  [31m────────────────────────────────────────────────────────────────────────────────────────────────────────────────────[39m  
  [41;1m FAILED [49;22m [1mTests\Unit\Application\Election\ElectionCapabilityResolverTrustIntegrationTest[22m [90m>[39m policies evaluate… [41;1m Error [49;22m  
[39;1m  Class "App\Domain\Election\Security\OverlayInfluenceContext" not found[39;22m

  at [32mtests\Unit\Application\Election\ElectionCapabilityResolverTrustIntegrationTest.php[39m:[32m216[39m
    212▕     public function test_policies_evaluated_in_priority_order(): void
    213▕     {
    214▕         $resolver = $this->makeResolver();
    215▕         // Both overlay and trust trigger denials - overlay should win (priority 1 < priority 2)
  ➜ 216▕         $OverlaySignalCategory = new OverlayInfluenceContext(
    217▕             signals: [],
    218▕             hasInfluence: true,
    219▕             requiresReview: true,
    220▕             requiresReverification: false,

  [33m1   [39m[39;1mtests\Unit\Application\Election\ElectionCapabilityResolverTrustIntegrationTest.php[39;22m:[39;1m216[39;22m

  [31m────────────────────────────────────────────────────────────────────────────────────────────────────────────────────[39m  
  [41;1m FAILED [49;22m [1mTests\Unit\Application\Election\ElectionLifecycleFacadeTest[22m [90m>[39m facade preserves can transition to f… [41;1m Error [49;22m  
[39;1m  Call to undefined method App\Application\Election\Facades\ElectionLifecycle::canTransitionTo()[39;22m

  at [32mtests\Unit\Application\Election\ElectionLifecycleFacadeTest.php[39m:[32m213[39m
    209▕     {
    210▕         $election = Election::factory()->create();
    211▕         $facade = ElectionLifecycle::of($election);
    212▕ 
  ➜ 213▕         $this->assertIsBool($facade->canTransitionTo('some_action'));
    214▕         $this->assertEquals(
    215▕             $facade->isActionAllowed('some_action'),
    216▕             $facade->canTransitionTo('some_action')
    217▕         );

  [33m1   [39m[39;1mtests\Unit\Application\Election\ElectionLifecycleFacadeTest.php[39;22m:[39;1m213[39;22m

  [31m────────────────────────────────────────────────────────────────────────────────────────────────────────────────────[39m  
  [41;1m FAILED [49;22m [1mTests\Unit\Application\Election\ElectionLifecycleFacadeTest[22m [90m>[39m facade guards queries against deprecated fi…   
[39;1m  Failed asserting that exception of type "App\Exceptions\DeprecatedQueryException" is thrown.[39;22m

  [31m────────────────────────────────────────────────────────────────────────────────────────────────────────────────────[39m  
  [41;1m FAILED [49;22m [1mTests\Unit\Application\Election\ElectionReadModelTest[22m [90m>[39m reading status through wrapper logs deprec… [41;1m Error [49;22m  
[39;1m  Undefined constant App\Application\Election\Deprecation\DeprecationPolicy::MODE[39;22m

  at [32mapp\Application\Election\Deprecation\ElectionReadModel.php[39m:[32m30[39m
     26▕         private readonly Election $election,
     27▕         ?string $mode = null,
     28▕     ) {
     29▕         $this->guard = app(DeprecationAccessGuard::class);
  ➜  30▕         $this->mode = $mode ?? DeprecationPolicy::MODE;
     31▕     }
     32▕ 
     33▕     /**
     34▕      * Factory method: wrap an election instance.

  [33m1   [39m[39;1mapp\Application\Election\Deprecation\ElectionReadModel.php[39;22m:[39;1m30[39;22m
  [33m2   [39m[39;1mtests\Unit\Application\Election\ElectionReadModelTest.php[39;22m:[39;1m26[39;22m

  [31m────────────────────────────────────────────────────────────────────────────────────────────────────────────────────[39m  
  [41;1m FAILED [49;22m [1mTests\Unit\Application\Election\ElectionReadModelTest[22m [90m>[39m reading is active in strict mode throws              
[39;1m  Failed asserting that exception of type "App\Exceptions\DeprecatedFieldException" is thrown.[39;22m

  [31m────────────────────────────────────────────────────────────────────────────────────────────────────────────────────[39m  
  [41;1m FAILED [49;22m [1mTests\Unit\Application\Election\ElectionReadModelTest[22m [90m>[39m ssot path does not trigger deprecation      [41;1m Error [49;22m  
[39;1m  Undefined constant App\Application\Election\Deprecation\DeprecationPolicy::MODE[39;22m

  at [32mapp\Application\Election\Deprecation\ElectionReadModel.php[39m:[32m30[39m
     26▕         private readonly Election $election,
     27▕         ?string $mode = null,
     28▕     ) {
     29▕         $this->guard = app(DeprecationAccessGuard::class);
  ➜  30▕         $this->mode = $mode ?? DeprecationPolicy::MODE;
     31▕     }
     32▕ 
     33▕     /**
     34▕      * Factory method: wrap an election instance.

  [33m1   [39m[39;1mapp\Application\Election\Deprecation\ElectionReadModel.php[39;22m:[39;1m30[39;22m
  [33m2   [39m[39;1mtests\Unit\Application\Election\ElectionReadModelTest.php[39;22m:[39;1m54[39;22m

  [31m────────────────────────────────────────────────────────────────────────────────────────────────────────────────────[39m  
  [41;1m FAILED [49;22m [1mTests\Unit\Application\Election\ElectionReadModelTest[22m [90m>[39m read model is single entry point            [41;1m Error [49;22m  
[39;1m  Undefined constant App\Application\Election\Deprecation\DeprecationPolicy::MODE[39;22m

  at [32mapp\Application\Election\Deprecation\ElectionReadModel.php[39m:[32m30[39m
     26▕         private readonly Election $election,
     27▕         ?string $mode = null,
     28▕     ) {
     29▕         $this->guard = app(DeprecationAccessGuard::class);
  ➜  30▕         $this->mode = $mode ?? DeprecationPolicy::MODE;
     31▕     }
     32▕ 
     33▕     /**
     34▕      * Factory method: wrap an election instance.

  [33m1   [39m[39;1mapp\Application\Election\Deprecation\ElectionReadModel.php[39;22m:[39;1m30[39;22m
  [33m2   [39m[39;1mtests\Unit\Application\Election\ElectionReadModelTest.php[39;22m:[39;1m68[39;22m

  [31m────────────────────────────────────────────────────────────────────────────────────────────────────────────────────[39m  
  [41;1m FAILED [49;22m [1mTests\Unit\Application\Election\ElectionReadModelTest[22m [90m>[39m read model can wrap any election            [41;1m Error [49;22m  
[39;1m  Undefined constant App\Application\Election\Deprecation\DeprecationPolicy::MODE[39;22m

  at [32mapp\Application\Election\Deprecation\ElectionReadModel.php[39m:[32m30[39m
     26▕         private readonly Election $election,
     27▕         ?string $mode = null,
     28▕     ) {
     29▕         $this->guard = app(DeprecationAccessGuard::class);
  ➜  30▕         $this->mode = $mode ?? DeprecationPolicy::MODE;
     31▕     }
     32▕ 
     33▕     /**
     34▕      * Factory method: wrap an election instance.

  [33m1   [39m[39;1mapp\Application\Election\Deprecation\ElectionReadModel.php[39;22m:[39;1m30[39;22m
  [33m2   [39m[39;1mapp\Application\Election\Deprecation\ElectionReadModel.php[39;22m:[39;1m42[39;22m

  [31m────────────────────────────────────────────────────────────────────────────────────────────────────────────────────[39m  
  [41;1m FAILED [49;22m [1mTests\Unit\Application\Election\QueryPolicyGuardTest[22m [90m>[39m guard throws when deprecated field in query           
[39;1m  Failed asserting that exception of type "App\Exceptions\DeprecatedQueryException" is thrown.[39;22m

  [31m────────────────────────────────────────────────────────────────────────────────────────────────────────────────────[39m  
  [41;1m FAILED [49;22m [1mTests\Unit\Application\Election\QueryPolicyGuardTest[22m [90m>[39m guard throws for is active queries                    
[39;1m  Failed asserting that exception of type "App\Exceptions\DeprecatedQueryException" is thrown.[39;22m

  [31m────────────────────────────────────────────────────────────────────────────────────────────────────────────────────[39m  
  [41;1m FAILED [49;22m [1mTests\Unit\Application\Election\QueryPolicyGuardTest[22m [90m>[39m guard includes context in ex… [41;1m AssertionFailedError [49;22m  
[39;1m  Expected exception[39;22m

  at [32mtests\Unit\Application\Election\QueryPolicyGuardTest.php[39m:[32m80[39m
     76▕             $this->guard->assertAllowedQuery(
     77▕                 ['status' => 'active'],
     78▕                 'ElectionRepository::findActive'
     79▕             );
  ➜  80▕             $this->fail('Expected exception');
     81▕         } catch (DeprecatedQueryException $e) {
     82▕             $this->assertStringContainsString('ElectionRepository::findActive', $e->getMessage());
     83▕             $this->assertStringContainsString('status', $e->getMessage());
     84▕         }

  [33m1   [39m[39;1mtests\Unit\Application\Election\QueryPolicyGuardTest.php[39;22m:[39;1m80[39;22m

  [31m────────────────────────────────────────────────────────────────────────────────────────────────────────────────────[39m  
  [41;1m FAILED [49;22m [1mTests\Unit\Application\Election\QueryPolicyGuardTest[22m [90m>[39m guard validates multiple query criteria               
[39;1m  Failed asserting that exception of type "App\Exceptions\DeprecatedQueryException" is thrown.[39;22m

  [31m────────────────────────────────────────────────────────────────────────────────────────────────────────────────────[39m  
  [41;1m FAILED [49;22m [1mTests\Unit\Application\Election\QueryPolicyGuardTest[22m [90m>[39m guard logs deprecated query attempts         [41;1m Error [49;22m  
[39;1m  Call to a member function warning() on null[39;22m

  at [32mapp\Application\Election\Monitoring\ConstitutionalMetrics.php[39m:[32m209[39m
    205▕         $cache->put(self::CACHE_KEY, $metrics, now()->addHours(self::RETENTION_HOURS));
    206▕ 
    207▕         // Log violation for audit trail
    208▕         Log::channel('constitutional_integrity')
  ➜ 209▕             ->warning("Constitutional violation: {$metric}", $context);
    210▕     }
    211▕ 
    212▕     private function defaultMetrics(): array
    213▕     {

  [33m1   [39m[39;1mapp\Application\Election\Monitoring\ConstitutionalMetrics.php[39;22m:[39;1m209[39;22m
  [33m2   [39m[39;1mapp\Application\Election\Monitoring\ConstitutionalMetrics.php[39;22m:[39;1m90[39;22m

  [31m────────────────────────────────────────────────────────────────────────────────────────────────────────────────────[39m  
  [41;1m FAILED [49;22m [1mTests\Unit\Application\Election\Security\SecurityEventRecorderTest[22m [90m>[39m deny result always r… [41;1m QueryException [49;22m  
[39;1m  SQLSTATE[25P02]: In failed sql transaction: 7 FEHLER:  aktuelle Transaktion wurde abgebrochen, Befehle werden bis zum Ende der Transaktion ignoriert (Connection: pgsql, SQL: select exists(select * from "election_security_events" where ("election_id" = a1e8e6c8-c956-46fa-a7c8-41f07c278321)) as "exists")[39;22m

  at [32mvendor\laravel\framework\src\Illuminate\Database\Connection.php[39m:[32m825[39m
    821▕                     $this->getName(), $query, $this->prepareBindings($bindings), $e
    822▕                 );
    823▕             }
    824▕ 
  ➜ 825▕             throw new QueryException(
    826▕                 $this->getName(), $query, $this->prepareBindings($bindings), $e
    827▕             );
    828▕         }
    829▕     }

  [33m1   [39m[39;1mvendor\laravel\framework\src\Illuminate\Database\Connection.php[39;22m:[39;1m825[39;22m

  [33m2   [39m[39;1mvendor\laravel\framework\src\Illuminate\Database\Connection.php[39;22m:[39;1m412[39;22m
  [90m    NunoMaduro\Collision\Exceptions\TestException::("SQLSTATE[25P02]: In failed sql transaction: 7 FEHLER:  aktuelle Transaktion wurde abgebrochen, Befehle werden bis zum Ende der Transaktion ignoriert")[39m

  [31m────────────────────────────────────────────────────────────────────────────────────────────────────────────────────[39m  
  [41;1m FAILED [49;22m [1mTests\Unit\Application\Election\Security\SecurityEventRecorderTest[22m [90m>[39m recorded event has r… [41;1m QueryException [49;22m  
[39;1m  SQLSTATE[25P02]: In failed sql transaction: 7 FEHLER:  aktuelle Transaktion wurde abgebrochen, Befehle werden bis zum Ende der Transaktion ignoriert (Connection: pgsql, SQL: select * from "election_security_events" where "election_id" = a1e8e6c9-83fb-42c2-a341-34b7d5917041 limit 1)[39;22m

  at [32mvendor\laravel\framework\src\Illuminate\Database\Connection.php[39m:[32m825[39m
    821▕                     $this->getName(), $query, $this->prepareBindings($bindings), $e
    822▕                 );
    823▕             }
    824▕ 
  ➜ 825▕             throw new QueryException(
    826▕                 $this->getName(), $query, $this->prepareBindings($bindings), $e
    827▕             );
    828▕         }
    829▕     }

  [33m1   [39m[39;1mvendor\laravel\framework\src\Illuminate\Database\Connection.php[39;22m:[39;1m825[39;22m

  [33m2   [39m[39;1mvendor\laravel\framework\src\Illuminate\Database\Connection.php[39;22m:[39;1m412[39;22m
  [90m    NunoMaduro\Collision\Exceptions\TestException::("SQLSTATE[25P02]: In failed sql transaction: 7 FEHLER:  aktuelle Transaktion wurde abgebrochen, Befehle werden bis zum Ende der Transaktion ignoriert")[39m

  [31m────────────────────────────────────────────────────────────────────────────────────────────────────────────────────[39m  
  [41;1m FAILED [49;22m [1mTests\Unit\Application\Election\Security\SecurityEventRecorderTest[22m [90m>[39m event preserves poli… [41;1m QueryException [49;22m  
[39;1m  SQLSTATE[25P02]: In failed sql transaction: 7 FEHLER:  aktuelle Transaktion wurde abgebrochen, Befehle werden bis zum Ende der Transaktion ignoriert (Connection: pgsql, SQL: select * from "election_security_events" where "election_id" = a1e8e6ca-0105-4d91-b0d7-103288c1a406 limit 1)[39;22m

  at [32mvendor\laravel\framework\src\Illuminate\Database\Connection.php[39m:[32m825[39m
    821▕                     $this->getName(), $query, $this->prepareBindings($bindings), $e
    822▕                 );
    823▕             }
    824▕ 
  ➜ 825▕             throw new QueryException(
    826▕                 $this->getName(), $query, $this->prepareBindings($bindings), $e
    827▕             );
    828▕         }
    829▕     }

  [33m1   [39m[39;1mvendor\laravel\framework\src\Illuminate\Database\Connection.php[39;22m:[39;1m825[39;22m

  [33m2   [39m[39;1mvendor\laravel\framework\src\Illuminate\Database\Connection.php[39;22m:[39;1m412[39;22m
  [90m    NunoMaduro\Collision\Exceptions\TestException::("SQLSTATE[25P02]: In failed sql transaction: 7 FEHLER:  aktuelle Transaktion wurde abgebrochen, Befehle werden bis zum Ende der Transaktion ignoriert")[39m

  [31m────────────────────────────────────────────────────────────────────────────────────────────────────────────────────[39m  
  [41;1m FAILED [49;22m [1mTests\Unit\Application\TransactionalBoundaryTest[22m [90m>[39m transactional decorator executes use case i… [41;1m TypeError [49;22m  
[39;1m  App\Contexts\Membership\Domain\Committee\CommitteeLevel::create(): Argument #3 ($name) must be of type string, App\Contexts\Membership\Domain\Committee\GeoPolicy given, called in C:\Users\nabra\OneDrive\Desktop\roshyara\xamp\nrna\nrna-eu\tests\Unit\Application\TransactionalBoundaryTest.php on line 35[39;22m

  at [32mapp\Contexts\Membership\Domain\Committee\CommitteeLevel.php[39m:[32m21[39m
     17▕         public ?array $ageRange,
     18▕         public ?string $genderRequirement,
     19▕     ) {}
     20▕ 
  ➜  21▕     public static function create(
     22▕         int $index,
     23▕         ?string $code,
     24▕         string $name,
     25▕         GeoPolicy $geoPolicy,

  [33m1   [39m[39;1mapp\Contexts\Membership\Domain\Committee\CommitteeLevel.php[39;22m:[39;1m21[39;22m
  [33m2   [39m[39;1mtests\Unit\Application\TransactionalBoundaryTest.php[39;22m:[39;1m35[39;22m

  [31m────────────────────────────────────────────────────────────────────────────────────────────────────────────────────[39m  
  [41;1m FAILED [49;22m [1mTests\Unit\Application\TransactionalBoundaryTest[22m [90m>[39m transaction rolls back on use case exception              
[39;1m  Failed asserting that exception of type "InvalidArgumentException" matches expected exception "RuntimeException". Message was: "CommitteeStructureId must be a valid ULID (26 characters, base32)" at
C:\Users\nabra\OneDrive\Desktop\roshyara\xamp\nrna\nrna-eu\app\Contexts\Membership\Domain\Committee\CommitteeStructureId.php:45
C:\Users\nabra\OneDrive\Desktop\roshyara\xamp\nrna\nrna-eu\app\Contexts\Membership\Domain\Committee\CommitteeStructureId.php:22
C:\Users\nabra\OneDrive\Desktop\roshyara\xamp\nrna\nrna-eu\app\Contexts\Membership\Domain\Committee\CommitteeStructureId.php:33
C:\Users\nabra\OneDrive\Desktop\roshyara\xamp\nrna\nrna-eu\app\Contexts\Membership\Application\CommitteeStructure\ActivateCommitteeStructure.php:35
C:\Users\nabra\OneDrive\Desktop\roshyara\xamp\nrna\nrna-eu\app\Contexts\Membership\Infrastructure\Application\TransactionalActivateCommitteeStructure.php:28
C:\Users\nabra\OneDrive\Desktop\roshyara\xamp\nrna\nrna-eu\vendor\laravel\framework\src\Illuminate\Database\Concerns\ManagesTransactions.php:32
C:\Users\nabra\OneDrive\Desktop\roshyara\xamp\nrna\nrna-eu\vendor\laravel\framework\src\Illuminate\Database\DatabaseManager.php:495
C:\Users\nabra\OneDrive\Desktop\roshyara\xamp\nrna\nrna-eu\vendor\laravel\framework\src\Illuminate\Support\Facades\Facade.php:361
C:\Users\nabra\OneDrive\Desktop\roshyara\xamp\nrna\nrna-eu\app\Contexts\Membership\Infrastructure\Application\TransactionalActivateCommitteeStructure.php:28
C:\Users\nabra\OneDrive\Desktop\roshyara\xamp\nrna\nrna-eu\tests\Unit\Application\TransactionalBoundaryTest.php:73
.[39;22m

  [31m────────────────────────────────────────────────────────────────────────────────────────────────────────────────────[39m  
  [41;1m FAILED [49;22m [1mTests\Unit\Application\TransactionalBoundaryTest[22m [90m>[39m decorator ensures transactional execution w… [41;1m TypeError [49;22m  
[39;1m  App\Contexts\Membership\Domain\Committee\CommitteeLevel::create(): Argument #3 ($name) must be of type string, App\Contexts\Membership\Domain\Committee\GeoPolicy given, called in C:\Users\nabra\OneDrive\Desktop\roshyara\xamp\nrna\nrna-eu\tests\Unit\Application\TransactionalBoundaryTest.php on line 92[39;22m

  at [32mapp\Contexts\Membership\Domain\Committee\CommitteeLevel.php[39m:[32m21[39m
     17▕         public ?array $ageRange,
     18▕         public ?string $genderRequirement,
     19▕     ) {}
     20▕ 
  ➜  21▕     public static function create(
     22▕         int $index,
     23▕         ?string $code,
     24▕         string $name,
     25▕         GeoPolicy $geoPolicy,

  [33m1   [39m[39;1mapp\Contexts\Membership\Domain\Committee\CommitteeLevel.php[39;22m:[39;1m21[39;22m
  [33m2   [39m[39;1mtests\Unit\Application\TransactionalBoundaryTest.php[39;22m:[39;1m92[39;22m

  [31m────────────────────────────────────────────────────────────────────────────────────────────────────────────────────[39m  
  [41;1m FAILED [49;22m [1mTests\Unit\Audit\ReplayDeterminismAuditTest[22m [90m>[39m overlay aggregation maintains deterministic… [41;1m ErrorException [49;22m  
[39;1m  Undefined property: App\Domain\Election\Security\Simplified\ConstitutionalObservationContext::$highestConcernLevel[39;22m

  at [32mtests\Unit\Audit\ReplayDeterminismAuditTest.php[39m:[32m299[39m
    295▕         }
    296▕ 
    297▕         // Assert: All aggregations have same concern level
    298▕         $this->assertEquals(
  ➜ 299▕             $aggregations[0]->highestConcernLevel,
    300▕             $aggregations[1]->highestConcernLevel,
    301▕             "Overlay aggregation concern level diverged between runs 1 and 2"
    302▕         );
    303▕

  [31m────────────────────────────────────────────────────────────────────────────────────────────────────────────────────[39m  
  [41;1m FAILED [49;22m [1mTests\Unit\Audit\ReplayDeterminismAuditTest[22m [90m>[39m resolver produces deterministic capability decis… [41;1m TypeError [49;22m  
[39;1m  App\Application\Election\Capabilities\CapabilityContext::__construct(): Argument #6 ($trust) must be of type ?App\Domain\Election\Security\Simplified\EvaluationEnvelope, App\Domain\Election\Security\TrustEvaluationEnvelope given, called in C:\Users\nabra\OneDrive\Desktop\roshyara\xamp\nrna\nrna-eu\tests\Unit\Audit\ReplayDeterminismAuditTest.php on line 335[39;22m

  at [32mapp\Application\Election\Capabilities\CapabilityContext.php[39m:[32m12[39m
      8▕ use App\Models\User;
      9▕ 
     10▕ final readonly class CapabilityContext
     11▕ {
  ➜  12▕     public function __construct(
     13▕         public ?Election $election,
     14▕         public ?User $user,
     15▕         public string $action,
     16▕         public array $actionMetadata,

  [33m1   [39m[39;1mapp\Application\Election\Capabilities\CapabilityContext.php[39;22m:[39;1m12[39;22m
  [33m2   [39m[39;1mtests\Unit\Audit\ReplayDeterminismAuditTest.php[39;22m:[39;1m335[39;22m

  [31m────────────────────────────────────────────────────────────────────────────────────────────────────────────────────[39m  
  [41;1m FAILED [49;22m [1mTests\Unit\Audit\ReplayDeterminismAuditTest[22m [90m>[39m overlay sequence order is consistent across runs      [41;1m Error [49;22m  
[39;1m  Call to undefined method App\Application\Election\Security\OverlayAggregator::getEvaluationOrder()[39;22m

  at [32mtests\Unit\Audit\ReplayDeterminismAuditTest.php[39m:[32m472[39m
    468▕     public function test_overlay_sequence_order_is_consistent_across_runs(): void
    469▕     {
    470▕         // Arrange: Create first OverlayAggregator instance
    471▕         $coordinator1 = app(OverlayAggregator::class);
  ➜ 472▕         $order1 = $coordinator1->getEvaluationOrder();
    473▕         $topology1 = $coordinator1->observableTopology();
    474▕ 
    475▕         // Create second instance (fresh container resolution)
    476▕         $coordinator2 = app(OverlayAggregator::class);

  [33m1   [39m[39;1mtests\Unit\Audit\ReplayDeterminismAuditTest.php[39;22m:[39;1m472[39;22m

  [31m────────────────────────────────────────────────────────────────────────────────────────────────────────────────────[39m  
  [41;1m FAILED [49;22m [1mTests\Unit\Audit\TemporalDeterminismAuditTest[22m [90m>[39m frozen clock produces identical timestamp… [41;1m QueryException [49;22m  
[39;1m  SQLSTATE[25P02]: In failed sql transaction: 7 FEHLER:  aktuelle Transaktion wurde abgebrochen, Befehle werden bis zum Ende der Transaktion ignoriert (Connection: pgsql, SQL: select * from "election_security_events" where "election_id" = a1e8e6da-6036-4be0-8dc1-69cd1d65aafe order by "id" asc)[39;22m

  at [32mvendor\laravel\framework\src\Illuminate\Database\Connection.php[39m:[32m825[39m
    821▕                     $this->getName(), $query, $this->prepareBindings($bindings), $e
    822▕                 );
    823▕             }
    824▕ 
  ➜ 825▕             throw new QueryException(
    826▕                 $this->getName(), $query, $this->prepareBindings($bindings), $e
    827▕             );
    828▕         }
    829▕     }

  [33m1   [39m[39;1mvendor\laravel\framework\src\Illuminate\Database\Connection.php[39;22m:[39;1m825[39;22m

  [33m2   [39m[39;1mvendor\laravel\framework\src\Illuminate\Database\Connection.php[39;22m:[39;1m412[39;22m
  [90m    NunoMaduro\Collision\Exceptions\TestException::("SQLSTATE[25P02]: In failed sql transaction: 7 FEHLER:  aktuelle Transaktion wurde abgebrochen, Befehle werden bis zum Ende der Transaktion ignoriert")[39m

  [31m────────────────────────────────────────────────────────────────────────────────────────────────────────────────────[39m  
  [41;1m FAILED [49;22m [1mTests\Unit\Audit\TemporalDeterminismAuditTest[22m [90m>[39m trust evaluation code excludes direct temporal access        
[39;1m  Direct temporal access found in evaluation code:
C:\Users\nabra\OneDrive\Desktop\roshyara\xamp\nrna\nrna-eu\app\Domain/Election/Security\Simplified\ElectionConstitutionValidator.php: date() forbidden — use ClockInterface
Failed asserting that an array is empty.[39;22m

  at [32mtests\Unit\Audit\TemporalDeterminismAuditTest.php[39m:[32m184[39m
    180▕                 }
    181▕             }
    182▕         }
    183▕ 
  ➜ 184▕         $this->assertEmpty(
    185▕             $violations,
    186▕             "Direct temporal access found in evaluation code:\n" . implode("\n", $violations)
    187▕         );
    188▕     }

  [33m1   [39m[39;1mtests\Unit\Audit\TemporalDeterminismAuditTest.php[39;22m:[39;1m184[39;22m

  [31m────────────────────────────────────────────────────────────────────────────────────────────────────────────────────[39m  
  [41;1m FAILED [49;22m [1mTests\Unit\Contexts\Membership\Application\Committee\AssignMemberToCommitteeHandlerTe[22m… [41;1m ArgumentCountError [49;22m  
[39;1m  Too few arguments to function App\Contexts\Membership\Application\Committee\Handlers\AssignMemberToCommitteeHandler::__construct(), 5 passed in C:\Users\nabra\OneDrive\Desktop\roshyara\xamp\nrna\nrna-eu\tests\Unit\Contexts\Membership\Application\Committee\AssignMemberToCommitteeHandlerTest.php on line 64 and exactly 6 expected[39;22m

  at [32mapp\Contexts\Membership\Application\Committee\Handlers\AssignMemberToCommitteeHandler.php[39m:[32m40[39m
     36▕  * that includes geographic eligibility validation.
     37▕  */
     38▕ final readonly class AssignMemberToCommitteeHandler
     39▕ {
  ➜  40▕     public function __construct(
     41▕         private readonly GeoSemanticProjectionBuilder $projectionBuilder,
     42▕         private readonly CommitteeEligibilityPolicy $policy,
     43▕         private readonly MemberRepositoryInterface $members,
     44▕         private readonly CommitteeRepositoryInterface $committees,

  [33m1   [39m[39;1mapp\Contexts\Membership\Application\Committee\Handlers\AssignMemberToCommitteeHandler.php[39;22m:[39;1m40[39;22m
  [33m2   [39m[39;1mtests\Unit\Contexts\Membership\Application\Committee\AssignMemberToCommitteeHandlerTest.php[39;22m:[39;1m64[39;22m

  [31m────────────────────────────────────────────────────────────────────────────────────────────────────────────────────[39m  
  [41;1m FAILED [49;22m [1mTests\Unit\Contexts\Membership\Application\Committee\AssignMemberToCommitteeHandlerTe[22m… [41;1m ArgumentCountError [49;22m  
[39;1m  Too few arguments to function App\Contexts\Membership\Application\Committee\Handlers\AssignMemberToCommitteeHandler::__construct(), 5 passed in C:\Users\nabra\OneDrive\Desktop\roshyara\xamp\nrna\nrna-eu\tests\Unit\Contexts\Membership\Application\Committee\AssignMemberToCommitteeHandlerTest.php on line 64 and exactly 6 expected[39;22m

  at [32mapp\Contexts\Membership\Application\Committee\Handlers\AssignMemberToCommitteeHandler.php[39m:[32m40[39m
     36▕  * that includes geographic eligibility validation.
     37▕  */
     38▕ final readonly class AssignMemberToCommitteeHandler
     39▕ {
  ➜  40▕     public function __construct(
     41▕         private readonly GeoSemanticProjectionBuilder $projectionBuilder,
     42▕         private readonly CommitteeEligibilityPolicy $policy,
     43▕         private readonly MemberRepositoryInterface $members,
     44▕         private readonly CommitteeRepositoryInterface $committees,

  [33m1   [39m[39;1mapp\Contexts\Membership\Application\Committee\Handlers\AssignMemberToCommitteeHandler.php[39;22m:[39;1m40[39;22m
  [33m2   [39m[39;1mtests\Unit\Contexts\Membership\Application\Committee\AssignMemberToCommitteeHandlerTest.php[39;22m:[39;1m64[39;22m

  [31m────────────────────────────────────────────────────────────────────────────────────────────────────────────────────[39m  
  [41;1m FAILED [49;22m [1mTests\Unit\Contexts\Membership\Application\Committee\AssignMemberToCommitteeHandlerTe[22m… [41;1m ArgumentCountError [49;22m  
[39;1m  Too few arguments to function App\Contexts\Membership\Application\Committee\Handlers\AssignMemberToCommitteeHandler::__construct(), 5 passed in C:\Users\nabra\OneDrive\Desktop\roshyara\xamp\nrna\nrna-eu\tests\Unit\Contexts\Membership\Application\Committee\AssignMemberToCommitteeHandlerTest.php on line 64 and exactly 6 expected[39;22m

  at [32mapp\Contexts\Membership\Application\Committee\Handlers\AssignMemberToCommitteeHandler.php[39m:[32m40[39m
     36▕  * that includes geographic eligibility validation.
     37▕  */
     38▕ final readonly class AssignMemberToCommitteeHandler
     39▕ {
  ➜  40▕     public function __construct(
     41▕         private readonly GeoSemanticProjectionBuilder $projectionBuilder,
     42▕         private readonly CommitteeEligibilityPolicy $policy,
     43▕         private readonly MemberRepositoryInterface $members,
     44▕         private readonly CommitteeRepositoryInterface $committees,

  [33m1   [39m[39;1mapp\Contexts\Membership\Application\Committee\Handlers\AssignMemberToCommitteeHandler.php[39;22m:[39;1m40[39;22m
  [33m2   [39m[39;1mtests\Unit\Contexts\Membership\Application\Committee\AssignMemberToCommitteeHandlerTest.php[39;22m:[39;1m64[39;22m

  [31m────────────────────────────────────────────────────────────────────────────────────────────────────────────────────[39m  
  [41;1m FAILED [49;22m [1mTests\Unit\Contexts\Membership\Application\Committee\AssignMemberToCommitteeHandlerTe[22m… [41;1m ArgumentCountError [49;22m  
[39;1m  Too few arguments to function App\Contexts\Membership\Application\Committee\Handlers\AssignMemberToCommitteeHandler::__construct(), 5 passed in C:\Users\nabra\OneDrive\Desktop\roshyara\xamp\nrna\nrna-eu\tests\Unit\Contexts\Membership\Application\Committee\AssignMemberToCommitteeHandlerTest.php on line 64 and exactly 6 expected[39;22m

  at [32mapp\Contexts\Membership\Application\Committee\Handlers\AssignMemberToCommitteeHandler.php[39m:[32m40[39m
     36▕  * that includes geographic eligibility validation.
     37▕  */
     38▕ final readonly class AssignMemberToCommitteeHandler
     39▕ {
  ➜  40▕     public function __construct(
     41▕         private readonly GeoSemanticProjectionBuilder $projectionBuilder,
     42▕         private readonly CommitteeEligibilityPolicy $policy,
     43▕         private readonly MemberRepositoryInterface $members,
     44▕         private readonly CommitteeRepositoryInterface $committees,

  [33m1   [39m[39;1mapp\Contexts\Membership\Application\Committee\Handlers\AssignMemberToCommitteeHandler.php[39;22m:[39;1m40[39;22m
  [33m2   [39m[39;1mtests\Unit\Contexts\Membership\Application\Committee\AssignMemberToCommitteeHandlerTest.php[39;22m:[39;1m64[39;22m

  [31m────────────────────────────────────────────────────────────────────────────────────────────────────────────────────[39m  
  [41;1m FAILED [49;22m [1mTests\Unit\Contexts\Membership\Application\Committee\AssignMemberToCommitteeHandlerTe[22m… [41;1m ArgumentCountError [49;22m  
[39;1m  Too few arguments to function App\Contexts\Membership\Application\Committee\Handlers\AssignMemberToCommitteeHandler::__construct(), 5 passed in C:\Users\nabra\OneDrive\Desktop\roshyara\xamp\nrna\nrna-eu\tests\Unit\Contexts\Membership\Application\Committee\AssignMemberToCommitteeHandlerTest.php on line 64 and exactly 6 expected[39;22m

  at [32mapp\Contexts\Membership\Application\Committee\Handlers\AssignMemberToCommitteeHandler.php[39m:[32m40[39m
     36▕  * that includes geographic eligibility validation.
     37▕  */
     38▕ final readonly class AssignMemberToCommitteeHandler
     39▕ {
  ➜  40▕     public function __construct(
     41▕         private readonly GeoSemanticProjectionBuilder $projectionBuilder,
     42▕         private readonly CommitteeEligibilityPolicy $policy,
     43▕         private readonly MemberRepositoryInterface $members,
     44▕         private readonly CommitteeRepositoryInterface $committees,

  [33m1   [39m[39;1mapp\Contexts\Membership\Application\Committee\Handlers\AssignMemberToCommitteeHandler.php[39;22m:[39;1m40[39;22m
  [33m2   [39m[39;1mtests\Unit\Contexts\Membership\Application\Committee\AssignMemberToCommitteeHandlerTest.php[39;22m:[39;1m64[39;22m

  [31m────────────────────────────────────────────────────────────────────────────────────────────────────────────────────[39m  
  [41;1m FAILED [49;22m [1mTests\Unit\Contexts\Membership\Application\Committee\AssignMemberToCommitteeHandlerTe[22m… [41;1m ArgumentCountError [49;22m  
[39;1m  Too few arguments to function App\Contexts\Membership\Application\Committee\Handlers\AssignMemberToCommitteeHandler::__construct(), 5 passed in C:\Users\nabra\OneDrive\Desktop\roshyara\xamp\nrna\nrna-eu\tests\Unit\Contexts\Membership\Application\Committee\AssignMemberToCommitteeHandlerTest.php on line 64 and exactly 6 expected[39;22m

  at [32mapp\Contexts\Membership\Application\Committee\Handlers\AssignMemberToCommitteeHandler.php[39m:[32m40[39m
     36▕  * that includes geographic eligibility validation.
     37▕  */
     38▕ final readonly class AssignMemberToCommitteeHandler
     39▕ {
  ➜  40▕     public function __construct(
     41▕         private readonly GeoSemanticProjectionBuilder $projectionBuilder,
     42▕         private readonly CommitteeEligibilityPolicy $policy,
     43▕         private readonly MemberRepositoryInterface $members,
     44▕         private readonly CommitteeRepositoryInterface $committees,

  [33m1   [39m[39;1mapp\Contexts\Membership\Application\Committee\Handlers\AssignMemberToCommitteeHandler.php[39;22m:[39;1m40[39;22m
  [33m2   [39m[39;1mtests\Unit\Contexts\Membership\Application\Committee\AssignMemberToCommitteeHandlerTest.php[39;22m:[39;1m64[39;22m

  [31m────────────────────────────────────────────────────────────────────────────────────────────────────────────────────[39m  
  [41;1m FAILED [49;22m [1mTests\Unit\Contexts\Membership\Application\Committee\CommitteeSlugAvailabilityServiceTest[22m… [41;1m QueryException [49;22m  
[39;1m  SQLSTATE[23503]: Foreign key violation: 7 FEHLER:  Einfügen oder Aktualisieren in Tabelle »geo_administrative_units« verletzt Fremdschlüssel-Constraint »geo_administrative_units_country_code_foreign«
DETAIL:  Schlüssel (country_code)=(NP) ist nicht in Tabelle »countries« vorhanden. (Connection: pgsql, SQL: insert into "geo_administrative_units" ("country_code", "admin_level", "admin_type", "parent_id", "path", "code", "local_code", "name_local", "metadata", "is_active", "created_at", "updated_at") values (NP, 1, province, ?, /nR/, NP-CD, DO, {"en":"Tmwjgmytnc","np":"\u092a\u094d\u0930\u0926\u0947\u0936"}, {"total_wards":10}, 1, 2026-05-31 08:39:48, 2026-05-31 08:39:48) returning "id")[39;22m

  at [32mvendor\laravel\framework\src\Illuminate\Database\Connection.php[39m:[32m825[39m
    821▕                     $this->getName(), $query, $this->prepareBindings($bindings), $e
    822▕                 );
    823▕             }
    824▕ 
  ➜ 825▕             throw new QueryException(
    826▕                 $this->getName(), $query, $this->prepareBindings($bindings), $e
    827▕             );
    828▕         }
    829▕     }

  [33m1   [39m[39;1mvendor\laravel\framework\src\Illuminate\Database\Connection.php[39;22m:[39;1m825[39;22m

  [33m2   [39m[39;1mvendor\laravel\framework\src\Illuminate\Database\Connection.php[39;22m:[39;1m412[39;22m
  [90m    NunoMaduro\Collision\Exceptions\TestException::("SQLSTATE[23503]: Foreign key violation: 7 FEHLER:  Einfügen oder Aktualisieren in Tabelle »geo_administrative_units« verletzt Fremdschlüssel-Constraint »geo_administrative_units_country_code_foreign«
DETAIL:  Schlüssel (country_code)=(NP) ist nicht in Tabelle »countries« vorhanden.")[39m

  [31m────────────────────────────────────────────────────────────────────────────────────────────────────────────────────[39m  
  [41;1m FAILED [49;22m [1mTests\Unit\Contexts\Membership\Application\Committee\CommitteeSlugAvailabilityServiceTest[22m… [41;1m QueryException [49;22m  
[39;1m  SQLSTATE[23503]: Foreign key violation: 7 FEHLER:  Einfügen oder Aktualisieren in Tabelle »geo_administrative_units« verletzt Fremdschlüssel-Constraint »geo_administrative_units_country_code_foreign«
DETAIL:  Schlüssel (country_code)=(NP) ist nicht in Tabelle »countries« vorhanden. (Connection: pgsql, SQL: insert into "geo_administrative_units" ("country_code", "admin_level", "admin_type", "parent_id", "path", "code", "local_code", "name_local", "metadata", "is_active", "created_at", "updated_at") values (NP, 1, province, ?, /YR/, NP-ej, ID, {"en":"Sseyqhxdbi","np":"\u092a\u094d\u0930\u0926\u0947\u0936"}, {"total_wards":10}, 1, 2026-05-31 08:39:49, 2026-05-31 08:39:49) returning "id")[39;22m

  at [32mvendor\laravel\framework\src\Illuminate\Database\Connection.php[39m:[32m825[39m
    821▕                     $this->getName(), $query, $this->prepareBindings($bindings), $e
    822▕                 );
    823▕             }
    824▕ 
  ➜ 825▕             throw new QueryException(
    826▕                 $this->getName(), $query, $this->prepareBindings($bindings), $e
    827▕             );
    828▕         }
    829▕     }

  [33m1   [39m[39;1mvendor\laravel\framework\src\Illuminate\Database\Connection.php[39;22m:[39;1m825[39;22m

  [33m2   [39m[39;1mvendor\laravel\framework\src\Illuminate\Database\Connection.php[39;22m:[39;1m412[39;22m
  [90m    NunoMaduro\Collision\Exceptions\TestException::("SQLSTATE[23503]: Foreign key violation: 7 FEHLER:  Einfügen oder Aktualisieren in Tabelle »geo_administrative_units« verletzt Fremdschlüssel-Constraint »geo_administrative_units_country_code_foreign«
DETAIL:  Schlüssel (country_code)=(NP) ist nicht in Tabelle »countries« vorhanden.")[39m

  [31m────────────────────────────────────────────────────────────────────────────────────────────────────────────────────[39m  
  [41;1m FAILED [49;22m [1mTests\Unit\Contexts\Membership\Application\Committee\CommitteeSlugAvailabilityServiceTest[22m… [41;1m QueryException [49;22m  
[39;1m  SQLSTATE[23503]: Foreign key violation: 7 FEHLER:  Einfügen oder Aktualisieren in Tabelle »geo_administrative_units« verletzt Fremdschlüssel-Constraint »geo_administrative_units_country_code_foreign«
DETAIL:  Schlüssel (country_code)=(NP) ist nicht in Tabelle »countries« vorhanden. (Connection: pgsql, SQL: insert into "geo_administrative_units" ("country_code", "admin_level", "admin_type", "parent_id", "path", "code", "local_code", "name_local", "metadata", "is_active", "created_at", "updated_at") values (NP, 1, province, ?, /1M/, NP-CQ, vu, {"en":"Vghlntjyn5","np":"\u092a\u094d\u0930\u0926\u0947\u0936"}, {"total_wards":12}, 1, 2026-05-31 08:39:49, 2026-05-31 08:39:49) returning "id")[39;22m

  at [32mvendor\laravel\framework\src\Illuminate\Database\Connection.php[39m:[32m825[39m
    821▕                     $this->getName(), $query, $this->prepareBindings($bindings), $e
    822▕                 );
    823▕             }
    824▕ 
  ➜ 825▕             throw new QueryException(
    826▕                 $this->getName(), $query, $this->prepareBindings($bindings), $e
    827▕             );
    828▕         }
    829▕     }

  [33m1   [39m[39;1mvendor\laravel\framework\src\Illuminate\Database\Connection.php[39;22m:[39;1m825[39;22m

  [33m2   [39m[39;1mvendor\laravel\framework\src\Illuminate\Database\Connection.php[39;22m:[39;1m412[39;22m
  [90m    NunoMaduro\Collision\Exceptions\TestException::("SQLSTATE[23503]: Foreign key violation: 7 FEHLER:  Einfügen oder Aktualisieren in Tabelle »geo_administrative_units« verletzt Fremdschlüssel-Constraint »geo_administrative_units_country_code_foreign«
DETAIL:  Schlüssel (country_code)=(NP) ist nicht in Tabelle »countries« vorhanden.")[39m

  [31m────────────────────────────────────────────────────────────────────────────────────────────────────────────────────[39m  
  [41;1m FAILED [49;22m [1mTests\Unit\Contexts\Membership\Application\Committee\CommitteeSlugAvailabilityServiceTest[22m… [41;1m QueryException [49;22m  
[39;1m  SQLSTATE[23503]: Foreign key violation: 7 FEHLER:  Einfügen oder Aktualisieren in Tabelle »geo_administrative_units« verletzt Fremdschlüssel-Constraint »geo_administrative_units_country_code_foreign«
DETAIL:  Schlüssel (country_code)=(NP) ist nicht in Tabelle »countries« vorhanden. (Connection: pgsql, SQL: insert into "geo_administrative_units" ("country_code", "admin_level", "admin_type", "parent_id", "path", "code", "local_code", "name_local", "metadata", "is_active", "created_at", "updated_at") values (NP, 1, province, ?, /77/, NP-GW, Iv, {"en":"L9Io3Cjcli","np":"\u092a\u094d\u0930\u0926\u0947\u0936"}, {"total_wards":13}, 1, 2026-05-31 08:39:49, 2026-05-31 08:39:49) returning "id")[39;22m

  at [32mvendor\laravel\framework\src\Illuminate\Database\Connection.php[39m:[32m825[39m
    821▕                     $this->getName(), $query, $this->prepareBindings($bindings), $e
    822▕                 );
    823▕             }
    824▕ 
  ➜ 825▕             throw new QueryException(
    826▕                 $this->getName(), $query, $this->prepareBindings($bindings), $e
    827▕             );
    828▕         }
    829▕     }

  [33m1   [39m[39;1mvendor\laravel\framework\src\Illuminate\Database\Connection.php[39;22m:[39;1m825[39;22m

  [33m2   [39m[39;1mvendor\laravel\framework\src\Illuminate\Database\Connection.php[39;22m:[39;1m412[39;22m
  [90m    NunoMaduro\Collision\Exceptions\TestException::("SQLSTATE[23503]: Foreign key violation: 7 FEHLER:  Einfügen oder Aktualisieren in Tabelle »geo_administrative_units« verletzt Fremdschlüssel-Constraint »geo_administrative_units_country_code_foreign«
DETAIL:  Schlüssel (country_code)=(NP) ist nicht in Tabelle »countries« vorhanden.")[39m

  [31m────────────────────────────────────────────────────────────────────────────────────────────────────────────────────[39m  
  [41;1m FAILED [49;22m [1mTests\Unit\Contexts\Membership\Application\Committee\CommitteeSlugAvailabilityServiceTest[22m… [41;1m QueryException [49;22m  
[39;1m  SQLSTATE[23503]: Foreign key violation: 7 FEHLER:  Einfügen oder Aktualisieren in Tabelle »geo_administrative_units« verletzt Fremdschlüssel-Constraint »geo_administrative_units_country_code_foreign«
DETAIL:  Schlüssel (country_code)=(NP) ist nicht in Tabelle »countries« vorhanden. (Connection: pgsql, SQL: insert into "geo_administrative_units" ("country_code", "admin_level", "admin_type", "parent_id", "path", "code", "local_code", "name_local", "metadata", "is_active", "created_at", "updated_at") values (NP, 1, province, ?, /ku/, NP-qO, CE, {"en":"D3Kxqra2Eg","np":"\u092a\u094d\u0930\u0926\u0947\u0936"}, {"total_wards":19}, 1, 2026-05-31 08:39:49, 2026-05-31 08:39:49) returning "id")[39;22m

  at [32mvendor\laravel\framework\src\Illuminate\Database\Connection.php[39m:[32m825[39m
    821▕                     $this->getName(), $query, $this->prepareBindings($bindings), $e
    822▕                 );
    823▕             }
    824▕ 
  ➜ 825▕             throw new QueryException(
    826▕                 $this->getName(), $query, $this->prepareBindings($bindings), $e
    827▕             );
    828▕         }
    829▕     }

  [33m1   [39m[39;1mvendor\laravel\framework\src\Illuminate\Database\Connection.php[39;22m:[39;1m825[39;22m

  [33m2   [39m[39;1mvendor\laravel\framework\src\Illuminate\Database\Connection.php[39;22m:[39;1m412[39;22m
  [90m    NunoMaduro\Collision\Exceptions\TestException::("SQLSTATE[23503]: Foreign key violation: 7 FEHLER:  Einfügen oder Aktualisieren in Tabelle »geo_administrative_units« verletzt Fremdschlüssel-Constraint »geo_administrative_units_country_code_foreign«
DETAIL:  Schlüssel (country_code)=(NP) ist nicht in Tabelle »countries« vorhanden.")[39m

  [31m────────────────────────────────────────────────────────────────────────────────────────────────────────────────────[39m  
  [41;1m FAILED [49;22m [1mTests\Unit\Contexts\Membership\Application\Committee\GetCommitteeDashboardTest[22m [90m>[39m returns dashb… [41;1m TypeError [49;22m  
[39;1m  App\Contexts\Membership\Application\Committee\GetCommitteeDashboard::__construct(): Argument #1 ($committeeRepository) must be of type App\Contexts\Membership\Domain\Committee\Repositories\CommitteeRepositoryInterface, App\Contexts\Membership\Infrastructure\Repositories\EloquentCommitteeRepository given, called in C:\Users\nabra\OneDrive\Desktop\roshyara\xamp\nrna\nrna-eu\tests\Unit\Contexts\Membership\Application\Committee\GetCommitteeDashboardTest.php on line 31[39;22m

  at [32mapp\Contexts\Membership\Application\Committee\GetCommitteeDashboard.php[39m:[32m17[39m
     13▕ use App\Contexts\Shared\Domain\ValueObjects\TenantId;
     14▕ 
     15▕ final class GetCommitteeDashboard
     16▕ {
  ➜  17▕     public function __construct(
     18▕         private readonly CommitteeRepositoryInterface $committeeRepository,
     19▕         private readonly MembershipLineageRepositoryPort $membershipLineageRepository,
     20▕         private readonly CommitteeMembershipReadModelAdapter $membershipReadModel,
     21▕     ) {}

  [33m1   [39m[39;1mapp\Contexts\Membership\Application\Committee\GetCommitteeDashboard.php[39;22m:[39;1m17[39;22m
  [33m2   [39m[39;1mtests\Unit\Contexts\Membership\Application\Committee\GetCommitteeDashboardTest.php[39;22m:[39;1m31[39;22m

  [31m────────────────────────────────────────────────────────────────────────────────────────────────────────────────────[39m  
  [41;1m FAILED [49;22m [1mTests\Unit\Contexts\Membership\Application\Committee\GetCommitteeDashboardTest[22m [90m>[39m throws commit… [41;1m TypeError [49;22m  
[39;1m  App\Contexts\Membership\Application\Committee\GetCommitteeDashboard::__construct(): Argument #1 ($committeeRepository) must be of type App\Contexts\Membership\Domain\Committee\Repositories\CommitteeRepositoryInterface, App\Contexts\Membership\Infrastructure\Repositories\EloquentCommitteeRepository given, called in C:\Users\nabra\OneDrive\Desktop\roshyara\xamp\nrna\nrna-eu\tests\Unit\Contexts\Membership\Application\Committee\GetCommitteeDashboardTest.php on line 31[39;22m

  at [32mapp\Contexts\Membership\Application\Committee\GetCommitteeDashboard.php[39m:[32m17[39m
     13▕ use App\Contexts\Shared\Domain\ValueObjects\TenantId;
     14▕ 
     15▕ final class GetCommitteeDashboard
     16▕ {
  ➜  17▕     public function __construct(
     18▕         private readonly CommitteeRepositoryInterface $committeeRepository,
     19▕         private readonly MembershipLineageRepositoryPort $membershipLineageRepository,
     20▕         private readonly CommitteeMembershipReadModelAdapter $membershipReadModel,
     21▕     ) {}

  [33m1   [39m[39;1mapp\Contexts\Membership\Application\Committee\GetCommitteeDashboard.php[39;22m:[39;1m17[39;22m
  [33m2   [39m[39;1mtests\Unit\Contexts\Membership\Application\Committee\GetCommitteeDashboardTest.php[39;22m:[39;1m31[39;22m

  [31m────────────────────────────────────────────────────────────────────────────────────────────────────────────────────[39m  
  [41;1m FAILED [49;22m [1mTests\Unit\Contexts\Membership\Application\Committee\GetCommitteeDashboardTest[22m [90m>[39m throws commit… [41;1m TypeError [49;22m  
[39;1m  App\Contexts\Membership\Application\Committee\GetCommitteeDashboard::__construct(): Argument #1 ($committeeRepository) must be of type App\Contexts\Membership\Domain\Committee\Repositories\CommitteeRepositoryInterface, App\Contexts\Membership\Infrastructure\Repositories\EloquentCommitteeRepository given, called in C:\Users\nabra\OneDrive\Desktop\roshyara\xamp\nrna\nrna-eu\tests\Unit\Contexts\Membership\Application\Committee\GetCommitteeDashboardTest.php on line 31[39;22m

  at [32mapp\Contexts\Membership\Application\Committee\GetCommitteeDashboard.php[39m:[32m17[39m
     13▕ use App\Contexts\Shared\Domain\ValueObjects\TenantId;
     14▕ 
     15▕ final class GetCommitteeDashboard
     16▕ {
  ➜  17▕     public function __construct(
     18▕         private readonly CommitteeRepositoryInterface $committeeRepository,
     19▕         private readonly MembershipLineageRepositoryPort $membershipLineageRepository,
     20▕         private readonly CommitteeMembershipReadModelAdapter $membershipReadModel,
     21▕     ) {}

  [33m1   [39m[39;1mapp\Contexts\Membership\Application\Committee\GetCommitteeDashboard.php[39;22m:[39;1m17[39;22m
  [33m2   [39m[39;1mtests\Unit\Contexts\Membership\Application\Committee\GetCommitteeDashboardTest.php[39;22m:[39;1m31[39;22m

  [31m────────────────────────────────────────────────────────────────────────────────────────────────────────────────────[39m  
  [41;1m FAILED [49;22m [1mTests\Unit\Contexts\Membership\Application\Committee\GetCommitteeDashboardTest[22m [90m>[39m returns view…  [41;1m TypeError [49;22m  
[39;1m  App\Contexts\Membership\Application\Committee\GetCommitteeDashboard::__construct(): Argument #1 ($committeeRepository) must be of type App\Contexts\Membership\Domain\Committee\Repositories\CommitteeRepositoryInterface, App\Contexts\Membership\Infrastructure\Repositories\EloquentCommitteeRepository given, called in C:\Users\nabra\OneDrive\Desktop\roshyara\xamp\nrna\nrna-eu\tests\Unit\Contexts\Membership\Application\Committee\GetCommitteeDashboardTest.php on line 31[39;22m

  at [32mapp\Contexts\Membership\Application\Committee\GetCommitteeDashboard.php[39m:[32m17[39m
     13▕ use App\Contexts\Shared\Domain\ValueObjects\TenantId;
     14▕ 
     15▕ final class GetCommitteeDashboard
     16▕ {
  ➜  17▕     public function __construct(
     18▕         private readonly CommitteeRepositoryInterface $committeeRepository,
     19▕         private readonly MembershipLineageRepositoryPort $membershipLineageRepository,
     20▕         private readonly CommitteeMembershipReadModelAdapter $membershipReadModel,
     21▕     ) {}

  [33m1   [39m[39;1mapp\Contexts\Membership\Application\Committee\GetCommitteeDashboard.php[39;22m:[39;1m17[39;22m
  [33m2   [39m[39;1mtests\Unit\Contexts\Membership\Application\Committee\GetCommitteeDashboardTest.php[39;22m:[39;1m31[39;22m

  [31m────────────────────────────────────────────────────────────────────────────────────────────────────────────────────[39m  
  [41;1m FAILED [49;22m [1mTests\Unit\Contexts\Membership\Application\Membership\ApplyForCommitteeMembershipHandlerTest[22m [90m>[39m… [41;1m TypeError [49;22m  
[39;1m  App\Contexts\Membership\Application\Membership\ApplyForCommitteeMembership\ApplyForCommitteeMembershipHandler::__construct(): Argument #4 ($eligibleCommitteeService) must be of type App\Contexts\Membership\Application\Membership\Query\EligibleCommitteeQueryService, Tests\Doubles\FakeCommitteeEligibilityPolicy given, called in C:\Users\nabra\OneDrive\Desktop\roshyara\xamp\nrna\nrna-eu\tests\Unit\Contexts\Membership\Application\Membership\ApplyForCommitteeMembershipHandlerTest.php on line 43[39;22m

  at [32mapp\Contexts\Membership\Application\Membership\ApplyForCommitteeMembership\ApplyForCommitteeMembershipHandler.php[39m:[32m20[39m
     16▕ use DomainException;
     17▕ 
     18▕ final readonly class ApplyForCommitteeMembershipHandler
     19▕ {
  ➜  20▕     public function __construct(
     21▕         private MembershipApplicationRepositoryPort $repository,
     22▕         private MembershipLineageRepositoryPort $lineageRepository,
     23▕         private EventBusPort $eventBus,
     24▕         private EligibleCommitteeQueryService $eligibleCommitteeService,

  [33m1   [39m[39;1mapp\Contexts\Membership\Application\Membership\ApplyForCommitteeMembership\ApplyForCommitteeMembershipHandler.php[39;22m:[39;1m20[39;22m
  [33m2   [39m[39;1mtests\Unit\Contexts\Membership\Application\Membership\ApplyForCommitteeMembershipHandlerTest.php[39;22m:[39;1m43[39;22m

  [31m────────────────────────────────────────────────────────────────────────────────────────────────────────────────────[39m  
  [41;1m FAILED [49;22m [1mTests\Unit\Contexts\Membership\Application\Membership\ApplyForCommitteeMembershipHandlerTest[22m [90m>[39m… [41;1m TypeError [49;22m  
[39;1m  App\Contexts\Membership\Application\Membership\ApplyForCommitteeMembership\ApplyForCommitteeMembershipHandler::__construct(): Argument #4 ($eligibleCommitteeService) must be of type App\Contexts\Membership\Application\Membership\Query\EligibleCommitteeQueryService, Tests\Doubles\FakeCommitteeEligibilityPolicy given, called in C:\Users\nabra\OneDrive\Desktop\roshyara\xamp\nrna\nrna-eu\tests\Unit\Contexts\Membership\Application\Membership\ApplyForCommitteeMembershipHandlerTest.php on line 43[39;22m

  at [32mapp\Contexts\Membership\Application\Membership\ApplyForCommitteeMembership\ApplyForCommitteeMembershipHandler.php[39m:[32m20[39m
     16▕ use DomainException;
     17▕ 
     18▕ final readonly class ApplyForCommitteeMembershipHandler
     19▕ {
  ➜  20▕     public function __construct(
     21▕         private MembershipApplicationRepositoryPort $repository,
     22▕         private MembershipLineageRepositoryPort $lineageRepository,
     23▕         private EventBusPort $eventBus,
     24▕         private EligibleCommitteeQueryService $eligibleCommitteeService,

  [33m1   [39m[39;1mapp\Contexts\Membership\Application\Membership\ApplyForCommitteeMembership\ApplyForCommitteeMembershipHandler.php[39;22m:[39;1m20[39;22m
  [33m2   [39m[39;1mtests\Unit\Contexts\Membership\Application\Membership\ApplyForCommitteeMembershipHandlerTest.php[39;22m:[39;1m43[39;22m

  [31m────────────────────────────────────────────────────────────────────────────────────────────────────────────────────[39m  
  [41;1m FAILED [49;22m [1mTests\Unit\Contexts\Membership\Application\Membership\ApplyForCommitteeMembershipHandlerTest[22m [90m>[39m… [41;1m TypeError [49;22m  
[39;1m  App\Contexts\Membership\Application\Membership\ApplyForCommitteeMembership\ApplyForCommitteeMembershipHandler::__construct(): Argument #4 ($eligibleCommitteeService) must be of type App\Contexts\Membership\Application\Membership\Query\EligibleCommitteeQueryService, Tests\Doubles\FakeCommitteeEligibilityPolicy given, called in C:\Users\nabra\OneDrive\Desktop\roshyara\xamp\nrna\nrna-eu\tests\Unit\Contexts\Membership\Application\Membership\ApplyForCommitteeMembershipHandlerTest.php on line 43[39;22m

  at [32mapp\Contexts\Membership\Application\Membership\ApplyForCommitteeMembership\ApplyForCommitteeMembershipHandler.php[39m:[32m20[39m
     16▕ use DomainException;
     17▕ 
     18▕ final readonly class ApplyForCommitteeMembershipHandler
     19▕ {
  ➜  20▕     public function __construct(
     21▕         private MembershipApplicationRepositoryPort $repository,
     22▕         private MembershipLineageRepositoryPort $lineageRepository,
     23▕         private EventBusPort $eventBus,
     24▕         private EligibleCommitteeQueryService $eligibleCommitteeService,

  [33m1   [39m[39;1mapp\Contexts\Membership\Application\Membership\ApplyForCommitteeMembership\ApplyForCommitteeMembershipHandler.php[39;22m:[39;1m20[39;22m
  [33m2   [39m[39;1mtests\Unit\Contexts\Membership\Application\Membership\ApplyForCommitteeMembershipHandlerTest.php[39;22m:[39;1m43[39;22m

  [31m────────────────────────────────────────────────────────────────────────────────────────────────────────────────────[39m  
  [41;1m FAILED [49;22m [1mTests\Unit\Contexts\Membership\Application\Membership\ApplyForCommitteeMembershipHandlerTest[22m [90m>[39m… [41;1m TypeError [49;22m  
[39;1m  App\Contexts\Membership\Application\Membership\ApplyForCommitteeMembership\ApplyForCommitteeMembershipHandler::__construct(): Argument #4 ($eligibleCommitteeService) must be of type App\Contexts\Membership\Application\Membership\Query\EligibleCommitteeQueryService, Tests\Doubles\FakeCommitteeEligibilityPolicy given, called in C:\Users\nabra\OneDrive\Desktop\roshyara\xamp\nrna\nrna-eu\tests\Unit\Contexts\Membership\Application\Membership\ApplyForCommitteeMembershipHandlerTest.php on line 43[39;22m

  at [32mapp\Contexts\Membership\Application\Membership\ApplyForCommitteeMembership\ApplyForCommitteeMembershipHandler.php[39m:[32m20[39m
     16▕ use DomainException;
     17▕ 
     18▕ final readonly class ApplyForCommitteeMembershipHandler
     19▕ {
  ➜  20▕     public function __construct(
     21▕         private MembershipApplicationRepositoryPort $repository,
     22▕         private MembershipLineageRepositoryPort $lineageRepository,
     23▕         private EventBusPort $eventBus,
     24▕         private EligibleCommitteeQueryService $eligibleCommitteeService,

  [33m1   [39m[39;1mapp\Contexts\Membership\Application\Membership\ApplyForCommitteeMembership\ApplyForCommitteeMembershipHandler.php[39;22m:[39;1m20[39;22m
  [33m2   [39m[39;1mtests\Unit\Contexts\Membership\Application\Membership\ApplyForCommitteeMembershipHandlerTest.php[39;22m:[39;1m43[39;22m

  [31m────────────────────────────────────────────────────────────────────────────────────────────────────────────────────[39m  
  [41;1m FAILED [49;22m [1mTests\Unit\Contexts\Membership\Application\Membership\ApplyForCommitteeMembershipHandlerTest[22m [90m>[39m… [41;1m TypeError [49;22m  
[39;1m  App\Contexts\Membership\Application\Membership\ApplyForCommitteeMembership\ApplyForCommitteeMembershipHandler::__construct(): Argument #4 ($eligibleCommitteeService) must be of type App\Contexts\Membership\Application\Membership\Query\EligibleCommitteeQueryService, Tests\Doubles\FakeCommitteeEligibilityPolicy given, called in C:\Users\nabra\OneDrive\Desktop\roshyara\xamp\nrna\nrna-eu\tests\Unit\Contexts\Membership\Application\Membership\ApplyForCommitteeMembershipHandlerTest.php on line 43[39;22m

  at [32mapp\Contexts\Membership\Application\Membership\ApplyForCommitteeMembership\ApplyForCommitteeMembershipHandler.php[39m:[32m20[39m
     16▕ use DomainException;
     17▕ 
     18▕ final readonly class ApplyForCommitteeMembershipHandler
     19▕ {
  ➜  20▕     public function __construct(
     21▕         private MembershipApplicationRepositoryPort $repository,
     22▕         private MembershipLineageRepositoryPort $lineageRepository,
     23▕         private EventBusPort $eventBus,
     24▕         private EligibleCommitteeQueryService $eligibleCommitteeService,

  [33m1   [39m[39;1mapp\Contexts\Membership\Application\Membership\ApplyForCommitteeMembership\ApplyForCommitteeMembershipHandler.php[39;22m:[39;1m20[39;22m
  [33m2   [39m[39;1mtests\Unit\Contexts\Membership\Application\Membership\ApplyForCommitteeMembershipHandlerTest.php[39;22m:[39;1m43[39;22m

  [31m────────────────────────────────────────────────────────────────────────────────────────────────────────────────────[39m  
  [41;1m FAILED [49;22m [1mTests\Unit\Contexts\Membership\Application\Membership\RestoreMembershipHandlerTest[22m [90m>[39m restore suspe… [41;1m Error [49;22m  
[39;1m  Call to undefined method Tests\Doubles\FakeEventBus::dispatchAll()[39;22m

  at [32mapp\Contexts\Membership\Application\Membership\RestoreMembership\RestoreMembershipHandler.php[39m:[32m42[39m
     38▕ 
     39▕         // Publish domain events
     40▕         $events = $lineage->releaseEvents();
     41▕         if (!empty($events)) {
  ➜  42▕             $this->eventBus->dispatchAll($events);
     43▕         }
     44▕     }
     45▕ }
     46▕

  [33m1   [39m[39;1mapp\Contexts\Membership\Application\Membership\RestoreMembership\RestoreMembershipHandler.php[39;22m:[39;1m42[39;22m
  [33m2   [39m[39;1mtests\Unit\Contexts\Membership\Application\Membership\RestoreMembershipHandlerTest.php[39;22m:[39;1m69[39;22m

  [31m────────────────────────────────────────────────────────────────────────────────────────────────────────────────────[39m  
  [41;1m FAILED [49;22m [1mTests\Unit\Contexts\Membership\Application\Membership\ReviewMembershipApplicationHandlerTest[22m [90m>[39m… [41;1m TypeError [49;22m  
[39;1m  App\Contexts\Membership\Application\Membership\ApplyForCommitteeMembership\ApplyForCommitteeMembershipHandler::__construct(): Argument #4 ($eligibleCommitteeService) must be of type App\Contexts\Membership\Application\Membership\Query\EligibleCommitteeQueryService, Tests\Doubles\FakeCommitteeEligibilityPolicy given, called in C:\Users\nabra\OneDrive\Desktop\roshyara\xamp\nrna\nrna-eu\tests\Unit\Contexts\Membership\Application\Membership\ReviewMembershipApplicationHandlerTest.php on line 53[39;22m

  at [32mapp\Contexts\Membership\Application\Membership\ApplyForCommitteeMembership\ApplyForCommitteeMembershipHandler.php[39m:[32m20[39m
     16▕ use DomainException;
     17▕ 
     18▕ final readonly class ApplyForCommitteeMembershipHandler
     19▕ {
  ➜  20▕     public function __construct(
     21▕         private MembershipApplicationRepositoryPort $repository,
     22▕         private MembershipLineageRepositoryPort $lineageRepository,
     23▕         private EventBusPort $eventBus,
     24▕         private EligibleCommitteeQueryService $eligibleCommitteeService,

  [33m1   [39m[39;1mapp\Contexts\Membership\Application\Membership\ApplyForCommitteeMembership\ApplyForCommitteeMembershipHandler.php[39;22m:[39;1m20[39;22m
  [33m2   [39m[39;1mtests\Unit\Contexts\Membership\Application\Membership\ReviewMembershipApplicationHandlerTest.php[39;22m:[39;1m53[39;22m

  [31m────────────────────────────────────────────────────────────────────────────────────────────────────────────────────[39m  
  [41;1m FAILED [49;22m [1mTests\Unit\Contexts\Membership\Application\Membership\ReviewMembershipApplicationHandlerTest[22m [90m>[39m… [41;1m TypeError [49;22m  
[39;1m  App\Contexts\Membership\Application\Membership\ApplyForCommitteeMembership\ApplyForCommitteeMembershipHandler::__construct(): Argument #4 ($eligibleCommitteeService) must be of type App\Contexts\Membership\Application\Membership\Query\EligibleCommitteeQueryService, Tests\Doubles\FakeCommitteeEligibilityPolicy given, called in C:\Users\nabra\OneDrive\Desktop\roshyara\xamp\nrna\nrna-eu\tests\Unit\Contexts\Membership\Application\Membership\ReviewMembershipApplicationHandlerTest.php on line 53[39;22m

  at [32mapp\Contexts\Membership\Application\Membership\ApplyForCommitteeMembership\ApplyForCommitteeMembershipHandler.php[39m:[32m20[39m
     16▕ use DomainException;
     17▕ 
     18▕ final readonly class ApplyForCommitteeMembershipHandler
     19▕ {
  ➜  20▕     public function __construct(
     21▕         private MembershipApplicationRepositoryPort $repository,
     22▕         private MembershipLineageRepositoryPort $lineageRepository,
     23▕         private EventBusPort $eventBus,
     24▕         private EligibleCommitteeQueryService $eligibleCommitteeService,

  [33m1   [39m[39;1mapp\Contexts\Membership\Application\Membership\ApplyForCommitteeMembership\ApplyForCommitteeMembershipHandler.php[39;22m:[39;1m20[39;22m
  [33m2   [39m[39;1mtests\Unit\Contexts\Membership\Application\Membership\ReviewMembershipApplicationHandlerTest.php[39;22m:[39;1m53[39;22m

  [31m────────────────────────────────────────────────────────────────────────────────────────────────────────────────────[39m  
  [41;1m FAILED [49;22m [1mTests\Unit\Contexts\Membership\Application\Membership\ReviewMembershipApplicationHandlerTest[22m [90m>[39m… [41;1m TypeError [49;22m  
[39;1m  App\Contexts\Membership\Application\Membership\ApplyForCommitteeMembership\ApplyForCommitteeMembershipHandler::__construct(): Argument #4 ($eligibleCommitteeService) must be of type App\Contexts\Membership\Application\Membership\Query\EligibleCommitteeQueryService, Tests\Doubles\FakeCommitteeEligibilityPolicy given, called in C:\Users\nabra\OneDrive\Desktop\roshyara\xamp\nrna\nrna-eu\tests\Unit\Contexts\Membership\Application\Membership\ReviewMembershipApplicationHandlerTest.php on line 53[39;22m

  at [32mapp\Contexts\Membership\Application\Membership\ApplyForCommitteeMembership\ApplyForCommitteeMembershipHandler.php[39m:[32m20[39m
     16▕ use DomainException;
     17▕ 
     18▕ final readonly class ApplyForCommitteeMembershipHandler
     19▕ {
  ➜  20▕     public function __construct(
     21▕         private MembershipApplicationRepositoryPort $repository,
     22▕         private MembershipLineageRepositoryPort $lineageRepository,
     23▕         private EventBusPort $eventBus,
     24▕         private EligibleCommitteeQueryService $eligibleCommitteeService,

  [33m1   [39m[39;1mapp\Contexts\Membership\Application\Membership\ApplyForCommitteeMembership\ApplyForCommitteeMembershipHandler.php[39;22m:[39;1m20[39;22m
  [33m2   [39m[39;1mtests\Unit\Contexts\Membership\Application\Membership\ReviewMembershipApplicationHandlerTest.php[39;22m:[39;1m53[39;22m

  [31m────────────────────────────────────────────────────────────────────────────────────────────────────────────────────[39m  
  [41;1m FAILED [49;22m [1mTests\Unit\Contexts\Membership\Application\Membership\ReviewMembershipApplicationHandlerTest[22m [90m>[39m… [41;1m TypeError [49;22m  
[39;1m  App\Contexts\Membership\Application\Membership\ApplyForCommitteeMembership\ApplyForCommitteeMembershipHandler::__construct(): Argument #4 ($eligibleCommitteeService) must be of type App\Contexts\Membership\Application\Membership\Query\EligibleCommitteeQueryService, Tests\Doubles\FakeCommitteeEligibilityPolicy given, called in C:\Users\nabra\OneDrive\Desktop\roshyara\xamp\nrna\nrna-eu\tests\Unit\Contexts\Membership\Application\Membership\ReviewMembershipApplicationHandlerTest.php on line 53[39;22m

  at [32mapp\Contexts\Membership\Application\Membership\ApplyForCommitteeMembership\ApplyForCommitteeMembershipHandler.php[39m:[32m20[39m
     16▕ use DomainException;
     17▕ 
     18▕ final readonly class ApplyForCommitteeMembershipHandler
     19▕ {
  ➜  20▕     public function __construct(
     21▕         private MembershipApplicationRepositoryPort $repository,
     22▕         private MembershipLineageRepositoryPort $lineageRepository,
     23▕         private EventBusPort $eventBus,
     24▕         private EligibleCommitteeQueryService $eligibleCommitteeService,

  [33m1   [39m[39;1mapp\Contexts\Membership\Application\Membership\ApplyForCommitteeMembership\ApplyForCommitteeMembershipHandler.php[39;22m:[39;1m20[39;22m
  [33m2   [39m[39;1mtests\Unit\Contexts\Membership\Application\Membership\ReviewMembershipApplicationHandlerTest.php[39;22m:[39;1m53[39;22m

  [31m────────────────────────────────────────────────────────────────────────────────────────────────────────────────────[39m  
  [41;1m FAILED [49;22m [1mTests\Unit\Contexts\Membership\Application\Membership\SuspendMembershipHandlerTest[22m [90m>[39m suspend activ… [41;1m Error [49;22m  
[39;1m  Call to undefined method Tests\Doubles\FakeEventBus::dispatchAll()[39;22m

  at [32mapp\Contexts\Membership\Application\Membership\SuspendMembership\SuspendMembershipHandler.php[39m:[32m43[39m
     39▕ 
     40▕         // Publish domain events
     41▕         $events = $lineage->releaseEvents();
     42▕         if (!empty($events)) {
  ➜  43▕             $this->eventBus->dispatchAll($events);
     44▕         }
     45▕     }
     46▕ }
     47▕

  [33m1   [39m[39;1mapp\Contexts\Membership\Application\Membership\SuspendMembership\SuspendMembershipHandler.php[39;22m:[39;1m43[39;22m
  [33m2   [39m[39;1mtests\Unit\Contexts\Membership\Application\Membership\SuspendMembershipHandlerTest.php[39;22m:[39;1m69[39;22m

  [31m────────────────────────────────────────────────────────────────────────────────────────────────────────────────────[39m  
  [41;1m FAILED [49;22m [1mTests\Unit\Contexts\Membership\Application\Membership\TerminateMembershipHandlerTest[22m [90m>[39m terminate a… [41;1m Error [49;22m  
[39;1m  Call to undefined method Tests\Doubles\FakeEventBus::dispatchAll()[39;22m

  at [32mapp\Contexts\Membership\Application\Membership\TerminateMembership\TerminateMembershipHandler.php[39m:[32m43[39m
     39▕ 
     40▕         // Publish domain events
     41▕         $events = $lineage->releaseEvents();
     42▕         if (!empty($events)) {
  ➜  43▕             $this->eventBus->dispatchAll($events);
     44▕         }
     45▕     }
     46▕ }
     47▕

  [33m1   [39m[39;1mapp\Contexts\Membership\Application\Membership\TerminateMembership\TerminateMembershipHandler.php[39;22m:[39;1m43[39;22m
  [33m2   [39m[39;1mtests\Unit\Contexts\Membership\Application\Membership\TerminateMembershipHandlerTest.php[39;22m:[39;1m68[39;22m

  [31m────────────────────────────────────────────────────────────────────────────────────────────────────────────────────[39m  
  [41;1m FAILED [49;22m [1mTests\Unit\Contexts\Membership\Application\Membership\TerminateMembershipHandlerTest[22m [90m>[39m terminate s… [41;1m Error [49;22m  
[39;1m  Call to undefined method Tests\Doubles\FakeEventBus::dispatchAll()[39;22m

  at [32mapp\Contexts\Membership\Application\Membership\TerminateMembership\TerminateMembershipHandler.php[39m:[32m43[39m
     39▕ 
     40▕         // Publish domain events
     41▕         $events = $lineage->releaseEvents();
     42▕         if (!empty($events)) {
  ➜  43▕             $this->eventBus->dispatchAll($events);
     44▕         }
     45▕     }
     46▕ }
     47▕

  [33m1   [39m[39;1mapp\Contexts\Membership\Application\Membership\TerminateMembership\TerminateMembershipHandler.php[39;22m:[39;1m43[39;22m
  [33m2   [39m[39;1mtests\Unit\Contexts\Membership\Application\Membership\TerminateMembershipHandlerTest.php[39;22m:[39;1m105[39;22m

  [31m────────────────────────────────────────────────────────────────────────────────────────────────────────────────────[39m  
  [41;1m FAILED [49;22m [1mTests\Unit\Contexts\Membership\Domain\Committee\CommitteeAssignmentTest[22m [90m>[39m recon… [41;1m InvalidArgumentException [49;22m  
[39;1m  Invalid tenant user ID format: 01JKUSER1234567890ABCDEFGH. Expected UUID v4 (8-4-4-4-12 hex with dashes)[39;22m

  at [32mapp\Contexts\Membership\Domain\ValueObjects\TenantUserId.php[39m:[32m40[39m
     36▕         }
     37▕ 
     38▕         // UUID v4 format: 8-4-4-4-12 hex with dashes
     39▕         if (!preg_match('/^[0-9a-f]{8}-[0-9a-f]{4}-[0-9a-f]{4}-[0-9a-f]{4}-[0-9a-f]{12}$/i', $value)) {
  ➜  40▕             throw new \InvalidArgumentException(
     41▕                 "Invalid tenant user ID format: {$value}. Expected UUID v4 (8-4-4-4-12 hex with dashes)"
     42▕             );
     43▕         }
     44▕     }

  [33m1   [39m[39;1mapp\Contexts\Membership\Domain\ValueObjects\TenantUserId.php[39;22m:[39;1m40[39;22m
  [33m2   [39m[39;1mapp\Contexts\Membership\Domain\ValueObjects\TenantUserId.php[39;22m:[39;1m25[39;22m

  [31m────────────────────────────────────────────────────────────────────────────────────────────────────────────────────[39m  
  [41;1m FAILED [49;22m [1mTests\Unit\Contexts\Membership\Domain\Fee\FeeTest[22m [90m>[39m fee starts as pending                       [41;1m TypeError [49;22m  
[39;1m  App\Contexts\Membership\Domain\Fee\Fee::create(): Argument #3 ($tenantId) must be of type App\Contexts\Shared\Domain\ValueObjects\TenantId, App\Contexts\Membership\Domain\ValueObjects\TenantId given, called in C:\Users\nabra\OneDrive\Desktop\roshyara\xamp\nrna\nrna-eu\tests\Unit\Contexts\Membership\Domain\Fee\FeeTest.php on line 38[39;22m

  at [32mapp\Contexts\Membership\Domain\Fee\Fee.php[39m:[32m48[39m
     44▕         $this->amount = $amount;
     45▕         $this->dueDate = $dueDate;
     46▕     }
     47▕ 
  ➜  48▕     public static function create(
     49▕         MemberId $memberId,
     50▕         MembershipTypeId $membershipTypeId,
     51▕         TenantId $tenantId,
     52▕         string $amount,

  [33m1   [39m[39;1mapp\Contexts\Membership\Domain\Fee\Fee.php[39;22m:[39;1m48[39;22m
  [33m2   [39m[39;1mtests\Unit\Contexts\Membership\Domain\Fee\FeeTest.php[39;22m:[39;1m38[39;22m

  [31m────────────────────────────────────────────────────────────────────────────────────────────────────────────────────[39m  
  [41;1m FAILED [49;22m [1mTests\Unit\Contexts\Membership\Domain\Fee\FeeTest[22m [90m>[39m mark as paid with payment details transiti… [41;1m TypeError [49;22m  
[39;1m  App\Contexts\Membership\Domain\Fee\Fee::create(): Argument #3 ($tenantId) must be of type App\Contexts\Shared\Domain\ValueObjects\TenantId, App\Contexts\Membership\Domain\ValueObjects\TenantId given, called in C:\Users\nabra\OneDrive\Desktop\roshyara\xamp\nrna\nrna-eu\tests\Unit\Contexts\Membership\Domain\Fee\FeeTest.php on line 52[39;22m

  at [32mapp\Contexts\Membership\Domain\Fee\Fee.php[39m:[32m48[39m
     44▕         $this->amount = $amount;
     45▕         $this->dueDate = $dueDate;
     46▕     }
     47▕ 
  ➜  48▕     public static function create(
     49▕         MemberId $memberId,
     50▕         MembershipTypeId $membershipTypeId,
     51▕         TenantId $tenantId,
     52▕         string $amount,

  [33m1   [39m[39;1mapp\Contexts\Membership\Domain\Fee\Fee.php[39;22m:[39;1m48[39;22m
  [33m2   [39m[39;1mtests\Unit\Contexts\Membership\Domain\Fee\FeeTest.php[39;22m:[39;1m52[39;22m

  [31m────────────────────────────────────────────────────────────────────────────────────────────────────────────────────[39m  
  [41;1m FAILED [49;22m [1mTests\Unit\Contexts\Membership\Domain\Fee\FeeTest[22m [90m>[39m mark as paid stores payment details on fee  [41;1m TypeError [49;22m  
[39;1m  App\Contexts\Membership\Domain\Fee\Fee::create(): Argument #3 ($tenantId) must be of type App\Contexts\Shared\Domain\ValueObjects\TenantId, App\Contexts\Membership\Domain\ValueObjects\TenantId given, called in C:\Users\nabra\OneDrive\Desktop\roshyara\xamp\nrna\nrna-eu\tests\Unit\Contexts\Membership\Domain\Fee\FeeTest.php on line 75[39;22m

  at [32mapp\Contexts\Membership\Domain\Fee\Fee.php[39m:[32m48[39m
     44▕         $this->amount = $amount;
     45▕         $this->dueDate = $dueDate;
     46▕     }
     47▕ 
  ➜  48▕     public static function create(
     49▕         MemberId $memberId,
     50▕         MembershipTypeId $membershipTypeId,
     51▕         TenantId $tenantId,
     52▕         string $amount,

  [33m1   [39m[39;1mapp\Contexts\Membership\Domain\Fee\Fee.php[39;22m:[39;1m48[39;22m
  [33m2   [39m[39;1mtests\Unit\Contexts\Membership\Domain\Fee\FeeTest.php[39;22m:[39;1m75[39;22m

  [31m────────────────────────────────────────────────────────────────────────────────────────────────────────────────────[39m  
  [41;1m FAILED [49;22m [1mTests\Unit\Contexts\Membership\Domain\Fee\FeeTest[22m [90m>[39m mark as paid fires fee paid event           [41;1m TypeError [49;22m  
[39;1m  App\Contexts\Membership\Domain\Fee\Fee::create(): Argument #3 ($tenantId) must be of type App\Contexts\Shared\Domain\ValueObjects\TenantId, App\Contexts\Membership\Domain\ValueObjects\TenantId given, called in C:\Users\nabra\OneDrive\Desktop\roshyara\xamp\nrna\nrna-eu\tests\Unit\Contexts\Membership\Domain\Fee\FeeTest.php on line 102[39;22m

  at [32mapp\Contexts\Membership\Domain\Fee\Fee.php[39m:[32m48[39m
     44▕         $this->amount = $amount;
     45▕         $this->dueDate = $dueDate;
     46▕     }
     47▕ 
  ➜  48▕     public static function create(
     49▕         MemberId $memberId,
     50▕         MembershipTypeId $membershipTypeId,
     51▕         TenantId $tenantId,
     52▕         string $amount,

  [33m1   [39m[39;1mapp\Contexts\Membership\Domain\Fee\Fee.php[39;22m:[39;1m48[39;22m
  [33m2   [39m[39;1mtests\Unit\Contexts\Membership\Domain\Fee\FeeTest.php[39;22m:[39;1m102[39;22m

  [31m────────────────────────────────────────────────────────────────────────────────────────────────────────────────────[39m  
  [41;1m FAILED [49;22m [1mTests\Unit\Contexts\Membership\Domain\Fee\FeeTest[22m [90m>[39m mark as paid on already paid fee throws do… [41;1m TypeError [49;22m  
[39;1m  App\Contexts\Membership\Domain\Fee\Fee::create(): Argument #3 ($tenantId) must be of type App\Contexts\Shared\Domain\ValueObjects\TenantId, App\Contexts\Membership\Domain\ValueObjects\TenantId given, called in C:\Users\nabra\OneDrive\Desktop\roshyara\xamp\nrna\nrna-eu\tests\Unit\Contexts\Membership\Domain\Fee\FeeTest.php on line 127[39;22m

  at [32mapp\Contexts\Membership\Domain\Fee\Fee.php[39m:[32m48[39m
     44▕         $this->amount = $amount;
     45▕         $this->dueDate = $dueDate;
     46▕     }
     47▕ 
  ➜  48▕     public static function create(
     49▕         MemberId $memberId,
     50▕         MembershipTypeId $membershipTypeId,
     51▕         TenantId $tenantId,
     52▕         string $amount,

  [33m1   [39m[39;1mapp\Contexts\Membership\Domain\Fee\Fee.php[39;22m:[39;1m48[39;22m
  [33m2   [39m[39;1mtests\Unit\Contexts\Membership\Domain\Fee\FeeTest.php[39;22m:[39;1m127[39;22m

  [31m────────────────────────────────────────────────────────────────────────────────────────────────────────────────────[39m  
  [41;1m FAILED [49;22m [1mTests\Unit\Contexts\Membership\Domain\Fee\FeeTest[22m [90m>[39m mark as paid on overdue fee is allowed      [41;1m TypeError [49;22m  
[39;1m  App\Contexts\Membership\Domain\Fee\Fee::create(): Argument #3 ($tenantId) must be of type App\Contexts\Shared\Domain\ValueObjects\TenantId, App\Contexts\Membership\Domain\ValueObjects\TenantId given, called in C:\Users\nabra\OneDrive\Desktop\roshyara\xamp\nrna\nrna-eu\tests\Unit\Contexts\Membership\Domain\Fee\FeeTest.php on line 151[39;22m

  at [32mapp\Contexts\Membership\Domain\Fee\Fee.php[39m:[32m48[39m
     44▕         $this->amount = $amount;
     45▕         $this->dueDate = $dueDate;
     46▕     }
     47▕ 
  ➜  48▕     public static function create(
     49▕         MemberId $memberId,
     50▕         MembershipTypeId $membershipTypeId,
     51▕         TenantId $tenantId,
     52▕         string $amount,

  [33m1   [39m[39;1mapp\Contexts\Membership\Domain\Fee\Fee.php[39;22m:[39;1m48[39;22m
  [33m2   [39m[39;1mtests\Unit\Contexts\Membership\Domain\Fee\FeeTest.php[39;22m:[39;1m151[39;22m

  [31m────────────────────────────────────────────────────────────────────────────────────────────────────────────────────[39m  
  [41;1m FAILED [49;22m [1mTests\Unit\Contexts\Membership\Domain\Fee\FeeTest[22m [90m>[39m waive transitions status to waived          [41;1m TypeError [49;22m  
[39;1m  App\Contexts\Membership\Domain\Fee\Fee::create(): Argument #3 ($tenantId) must be of type App\Contexts\Shared\Domain\ValueObjects\TenantId, App\Contexts\Membership\Domain\ValueObjects\TenantId given, called in C:\Users\nabra\OneDrive\Desktop\roshyara\xamp\nrna\nrna-eu\tests\Unit\Contexts\Membership\Domain\Fee\FeeTest.php on line 180[39;22m

  at [32mapp\Contexts\Membership\Domain\Fee\Fee.php[39m:[32m48[39m
     44▕         $this->amount = $amount;
     45▕         $this->dueDate = $dueDate;
     46▕     }
     47▕ 
  ➜  48▕     public static function create(
     49▕         MemberId $memberId,
     50▕         MembershipTypeId $membershipTypeId,
     51▕         TenantId $tenantId,
     52▕         string $amount,

  [33m1   [39m[39;1mapp\Contexts\Membership\Domain\Fee\Fee.php[39;22m:[39;1m48[39;22m
  [33m2   [39m[39;1mtests\Unit\Contexts\Membership\Domain\Fee\FeeTest.php[39;22m:[39;1m180[39;22m

  [31m────────────────────────────────────────────────────────────────────────────────────────────────────────────────────[39m  
  [41;1m FAILED [49;22m [1mTests\Unit\Contexts\Membership\Domain\Fee\FeeTest[22m [90m>[39m waive on paid fee throws domain exception   [41;1m TypeError [49;22m  
[39;1m  App\Contexts\Membership\Domain\Fee\Fee::create(): Argument #3 ($tenantId) must be of type App\Contexts\Shared\Domain\ValueObjects\TenantId, App\Contexts\Membership\Domain\ValueObjects\TenantId given, called in C:\Users\nabra\OneDrive\Desktop\roshyara\xamp\nrna\nrna-eu\tests\Unit\Contexts\Membership\Domain\Fee\FeeTest.php on line 196[39;22m

  at [32mapp\Contexts\Membership\Domain\Fee\Fee.php[39m:[32m48[39m
     44▕         $this->amount = $amount;
     45▕         $this->dueDate = $dueDate;
     46▕     }
     47▕ 
  ➜  48▕     public static function create(
     49▕         MemberId $memberId,
     50▕         MembershipTypeId $membershipTypeId,
     51▕         TenantId $tenantId,
     52▕         string $amount,

  [33m1   [39m[39;1mapp\Contexts\Membership\Domain\Fee\Fee.php[39;22m:[39;1m48[39;22m
  [33m2   [39m[39;1mtests\Unit\Contexts\Membership\Domain\Fee\FeeTest.php[39;22m:[39;1m196[39;22m

  [31m────────────────────────────────────────────────────────────────────────────────────────────────────────────────────[39m  
  [41;1m FAILED [49;22m [1mTests\Unit\Contexts\Membership\Domain\Fee\FeeTest[22m [90m>[39m waive on overdue fee throws domain excepti… [41;1m TypeError [49;22m  
[39;1m  App\Contexts\Membership\Domain\Fee\Fee::create(): Argument #3 ($tenantId) must be of type App\Contexts\Shared\Domain\ValueObjects\TenantId, App\Contexts\Membership\Domain\ValueObjects\TenantId given, called in C:\Users\nabra\OneDrive\Desktop\roshyara\xamp\nrna\nrna-eu\tests\Unit\Contexts\Membership\Domain\Fee\FeeTest.php on line 220[39;22m

  at [32mapp\Contexts\Membership\Domain\Fee\Fee.php[39m:[32m48[39m
     44▕         $this->amount = $amount;
     45▕         $this->dueDate = $dueDate;
     46▕     }
     47▕ 
  ➜  48▕     public static function create(
     49▕         MemberId $memberId,
     50▕         MembershipTypeId $membershipTypeId,
     51▕         TenantId $tenantId,
     52▕         string $amount,

  [33m1   [39m[39;1mapp\Contexts\Membership\Domain\Fee\Fee.php[39;22m:[39;1m48[39;22m
  [33m2   [39m[39;1mtests\Unit\Contexts\Membership\Domain\Fee\FeeTest.php[39;22m:[39;1m220[39;22m

  [31m────────────────────────────────────────────────────────────────────────────────────────────────────────────────────[39m  
  [41;1m FAILED [49;22m [1mTests\Unit\Contexts\Membership\Domain\Fee\FeeTest[22m [90m>[39m waive fires fee waived event with reason    [41;1m TypeError [49;22m  
[39;1m  App\Contexts\Membership\Domain\Fee\Fee::create(): Argument #3 ($tenantId) must be of type App\Contexts\Shared\Domain\ValueObjects\TenantId, App\Contexts\Membership\Domain\ValueObjects\TenantId given, called in C:\Users\nabra\OneDrive\Desktop\roshyara\xamp\nrna\nrna-eu\tests\Unit\Contexts\Membership\Domain\Fee\FeeTest.php on line 240[39;22m

  at [32mapp\Contexts\Membership\Domain\Fee\Fee.php[39m:[32m48[39m
     44▕         $this->amount = $amount;
     45▕         $this->dueDate = $dueDate;
     46▕     }
     47▕ 
  ➜  48▕     public static function create(
     49▕         MemberId $memberId,
     50▕         MembershipTypeId $membershipTypeId,
     51▕         TenantId $tenantId,
     52▕         string $amount,

  [33m1   [39m[39;1mapp\Contexts\Membership\Domain\Fee\Fee.php[39;22m:[39;1m48[39;22m
  [33m2   [39m[39;1mtests\Unit\Contexts\Membership\Domain\Fee\FeeTest.php[39;22m:[39;1m240[39;22m

  [31m────────────────────────────────────────────────────────────────────────────────────────────────────────────────────[39m  
  [41;1m FAILED [49;22m [1mTests\Unit\Contexts\Membership\Domain\Fee\FeeTest[22m [90m>[39m paid fee has payment details                [41;1m TypeError [49;22m  
[39;1m  App\Contexts\Membership\Domain\Fee\Fee::create(): Argument #3 ($tenantId) must be of type App\Contexts\Shared\Domain\ValueObjects\TenantId, App\Contexts\Membership\Domain\ValueObjects\TenantId given, called in C:\Users\nabra\OneDrive\Desktop\roshyara\xamp\nrna\nrna-eu\tests\Unit\Contexts\Membership\Domain\Fee\FeeTest.php on line 260[39;22m

  at [32mapp\Contexts\Membership\Domain\Fee\Fee.php[39m:[32m48[39m
     44▕         $this->amount = $amount;
     45▕         $this->dueDate = $dueDate;
     46▕     }
     47▕ 
  ➜  48▕     public static function create(
     49▕         MemberId $memberId,
     50▕         MembershipTypeId $membershipTypeId,
     51▕         TenantId $tenantId,
     52▕         string $amount,

  [33m1   [39m[39;1mapp\Contexts\Membership\Domain\Fee\Fee.php[39;22m:[39;1m48[39;22m
  [33m2   [39m[39;1mtests\Unit\Contexts\Membership\Domain\Fee\FeeTest.php[39;22m:[39;1m260[39;22m

  [31m────────────────────────────────────────────────────────────────────────────────────────────────────────────────────[39m  
  [41;1m FAILED [49;22m [1mTests\Unit\Contexts\Membership\Domain\Fee\FeeTest[22m [90m>[39m unpaid fee has no payment details           [41;1m TypeError [49;22m  
[39;1m  App\Contexts\Membership\Domain\Fee\Fee::create(): Argument #3 ($tenantId) must be of type App\Contexts\Shared\Domain\ValueObjects\TenantId, App\Contexts\Membership\Domain\ValueObjects\TenantId given, called in C:\Users\nabra\OneDrive\Desktop\roshyara\xamp\nrna\nrna-eu\tests\Unit\Contexts\Membership\Domain\Fee\FeeTest.php on line 285[39;22m

  at [32mapp\Contexts\Membership\Domain\Fee\Fee.php[39m:[32m48[39m
     44▕         $this->amount = $amount;
     45▕         $this->dueDate = $dueDate;
     46▕     }
     47▕ 
  ➜  48▕     public static function create(
     49▕         MemberId $memberId,
     50▕         MembershipTypeId $membershipTypeId,
     51▕         TenantId $tenantId,
     52▕         string $amount,

  [33m1   [39m[39;1mapp\Contexts\Membership\Domain\Fee\Fee.php[39;22m:[39;1m48[39;22m
  [33m2   [39m[39;1mtests\Unit\Contexts\Membership\Domain\Fee\FeeTest.php[39;22m:[39;1m285[39;22m

  [31m────────────────────────────────────────────────────────────────────────────────────────────────────────────────────[39m  
  [41;1m FAILED [49;22m [1mTests\Unit\Contexts\Membership\Domain\Fee\PaymentPolicyTest[22m [90m>[39m allows pending fee for matching…  [41;1m TypeError [49;22m  
[39;1m  App\Contexts\Membership\Domain\Fee\Fee::create(): Argument #3 ($tenantId) must be of type App\Contexts\Shared\Domain\ValueObjects\TenantId, App\Contexts\Membership\Domain\ValueObjects\TenantId given, called in C:\Users\nabra\OneDrive\Desktop\roshyara\xamp\nrna\nrna-eu\tests\Unit\Contexts\Membership\Domain\Fee\PaymentPolicyTest.php on line 38[39;22m

  at [32mapp\Contexts\Membership\Domain\Fee\Fee.php[39m:[32m48[39m
     44▕         $this->amount = $amount;
     45▕         $this->dueDate = $dueDate;
     46▕     }
     47▕ 
  ➜  48▕     public static function create(
     49▕         MemberId $memberId,
     50▕         MembershipTypeId $membershipTypeId,
     51▕         TenantId $tenantId,
     52▕         string $amount,

  [33m1   [39m[39;1mapp\Contexts\Membership\Domain\Fee\Fee.php[39;22m:[39;1m48[39;22m
  [33m2   [39m[39;1mtests\Unit\Contexts\Membership\Domain\Fee\PaymentPolicyTest.php[39;22m:[39;1m38[39;22m

  [31m────────────────────────────────────────────────────────────────────────────────────────────────────────────────────[39m  
  [41;1m FAILED [49;22m [1mTests\Unit\Contexts\Membership\Domain\Fee\PaymentPolicyTest[22m [90m>[39m allows overdue fee for matching…  [41;1m TypeError [49;22m  
[39;1m  App\Contexts\Membership\Domain\Fee\Fee::create(): Argument #3 ($tenantId) must be of type App\Contexts\Shared\Domain\ValueObjects\TenantId, App\Contexts\Membership\Domain\ValueObjects\TenantId given, called in C:\Users\nabra\OneDrive\Desktop\roshyara\xamp\nrna\nrna-eu\tests\Unit\Contexts\Membership\Domain\Fee\PaymentPolicyTest.php on line 60[39;22m

  at [32mapp\Contexts\Membership\Domain\Fee\Fee.php[39m:[32m48[39m
     44▕         $this->amount = $amount;
     45▕         $this->dueDate = $dueDate;
     46▕     }
     47▕ 
  ➜  48▕     public static function create(
     49▕         MemberId $memberId,
     50▕         MembershipTypeId $membershipTypeId,
     51▕         TenantId $tenantId,
     52▕         string $amount,

  [33m1   [39m[39;1mapp\Contexts\Membership\Domain\Fee\Fee.php[39;22m:[39;1m48[39;22m
  [33m2   [39m[39;1mtests\Unit\Contexts\Membership\Domain\Fee\PaymentPolicyTest.php[39;22m:[39;1m60[39;22m

  [31m────────────────────────────────────────────────────────────────────────────────────────────────────────────────────[39m  
  [41;1m FAILED [49;22m [1mTests\Unit\Contexts\Membership\Domain\Fee\PaymentPolicyTest[22m [90m>[39m throws when fee belongs to diffe… [41;1m TypeError [49;22m  
[39;1m  App\Contexts\Membership\Domain\Fee\Fee::create(): Argument #3 ($tenantId) must be of type App\Contexts\Shared\Domain\ValueObjects\TenantId, App\Contexts\Membership\Domain\ValueObjects\TenantId given, called in C:\Users\nabra\OneDrive\Desktop\roshyara\xamp\nrna\nrna-eu\tests\Unit\Contexts\Membership\Domain\Fee\PaymentPolicyTest.php on line 88[39;22m

  at [32mapp\Contexts\Membership\Domain\Fee\Fee.php[39m:[32m48[39m
     44▕         $this->amount = $amount;
     45▕         $this->dueDate = $dueDate;
     46▕     }
     47▕ 
  ➜  48▕     public static function create(
     49▕         MemberId $memberId,
     50▕         MembershipTypeId $membershipTypeId,
     51▕         TenantId $tenantId,
     52▕         string $amount,

  [33m1   [39m[39;1mapp\Contexts\Membership\Domain\Fee\Fee.php[39;22m:[39;1m48[39;22m
  [33m2   [39m[39;1mtests\Unit\Contexts\Membership\Domain\Fee\PaymentPolicyTest.php[39;22m:[39;1m88[39;22m

  [31m────────────────────────────────────────────────────────────────────────────────────────────────────────────────────[39m  
  [41;1m FAILED [49;22m [1mTests\Unit\Contexts\Membership\Domain\Fee\PaymentPolicyTest[22m [90m>[39m throws when fee is already paid   [41;1m TypeError [49;22m  
[39;1m  App\Contexts\Membership\Domain\Fee\Fee::create(): Argument #3 ($tenantId) must be of type App\Contexts\Shared\Domain\ValueObjects\TenantId, App\Contexts\Membership\Domain\ValueObjects\TenantId given, called in C:\Users\nabra\OneDrive\Desktop\roshyara\xamp\nrna\nrna-eu\tests\Unit\Contexts\Membership\Domain\Fee\PaymentPolicyTest.php on line 110[39;22m

  at [32mapp\Contexts\Membership\Domain\Fee\Fee.php[39m:[32m48[39m
     44▕         $this->amount = $amount;
     45▕         $this->dueDate = $dueDate;
     46▕     }
     47▕ 
  ➜  48▕     public static function create(
     49▕         MemberId $memberId,
     50▕         MembershipTypeId $membershipTypeId,
     51▕         TenantId $tenantId,
     52▕         string $amount,

  [33m1   [39m[39;1mapp\Contexts\Membership\Domain\Fee\Fee.php[39;22m:[39;1m48[39;22m
  [33m2   [39m[39;1mtests\Unit\Contexts\Membership\Domain\Fee\PaymentPolicyTest.php[39;22m:[39;1m110[39;22m

  [31m────────────────────────────────────────────────────────────────────────────────────────────────────────────────────[39m  
  [41;1m FAILED [49;22m [1mTests\Unit\Contexts\Membership\Domain\Fee\PaymentPolicyTest[22m [90m>[39m throws when transaction referenc… [41;1m TypeError [49;22m  
[39;1m  App\Contexts\Membership\Domain\Fee\Fee::create(): Argument #3 ($tenantId) must be of type App\Contexts\Shared\Domain\ValueObjects\TenantId, App\Contexts\Membership\Domain\ValueObjects\TenantId given, called in C:\Users\nabra\OneDrive\Desktop\roshyara\xamp\nrna\nrna-eu\tests\Unit\Contexts\Membership\Domain\Fee\PaymentPolicyTest.php on line 137[39;22m

  at [32mapp\Contexts\Membership\Domain\Fee\Fee.php[39m:[32m48[39m
     44▕         $this->amount = $amount;
     45▕         $this->dueDate = $dueDate;
     46▕     }
     47▕ 
  ➜  48▕     public static function create(
     49▕         MemberId $memberId,
     50▕         MembershipTypeId $membershipTypeId,
     51▕         TenantId $tenantId,
     52▕         string $amount,

  [33m1   [39m[39;1mapp\Contexts\Membership\Domain\Fee\Fee.php[39;22m:[39;1m48[39;22m
  [33m2   [39m[39;1mtests\Unit\Contexts\Membership\Domain\Fee\PaymentPolicyTest.php[39;22m:[39;1m137[39;22m

  [31m────────────────────────────────────────────────────────────────────────────────────────────────────────────────────[39m  
  [41;1m FAILED [49;22m [1mTests\Unit\Contexts\Membership\Domain\Fee\PaymentPolicyTest[22m [90m>[39m allows null transaction referenc… [41;1m TypeError [49;22m  
[39;1m  App\Contexts\Membership\Domain\Fee\Fee::create(): Argument #3 ($tenantId) must be of type App\Contexts\Shared\Domain\ValueObjects\TenantId, App\Contexts\Membership\Domain\ValueObjects\TenantId given, called in C:\Users\nabra\OneDrive\Desktop\roshyara\xamp\nrna\nrna-eu\tests\Unit\Contexts\Membership\Domain\Fee\PaymentPolicyTest.php on line 175[39;22m

  at [32mapp\Contexts\Membership\Domain\Fee\Fee.php[39m:[32m48[39m
     44▕         $this->amount = $amount;
     45▕         $this->dueDate = $dueDate;
     46▕     }
     47▕ 
  ➜  48▕     public static function create(
     49▕         MemberId $memberId,
     50▕         MembershipTypeId $membershipTypeId,
     51▕         TenantId $tenantId,
     52▕         string $amount,

  [33m1   [39m[39;1mapp\Contexts\Membership\Domain\Fee\Fee.php[39;22m:[39;1m48[39;22m
  [33m2   [39m[39;1mtests\Unit\Contexts\Membership\Domain\Fee\PaymentPolicyTest.php[39;22m:[39;1m175[39;22m

  [31m────────────────────────────────────────────────────────────────────────────────────────────────────────────────────[39m  
  [41;1m FAILED [49;22m [1mTests\Unit\Contexts\Membership\Domain\Member\MemberTest[22m [90m>[39m member can be registered              [41;1m TypeError [49;22m  
[39;1m  App\Contexts\Membership\Domain\Member\Member::register(): Argument #1 ($tenantId) must be of type App\Contexts\Shared\Domain\ValueObjects\TenantId, App\Contexts\Membership\Domain\ValueObjects\TenantId given, called in C:\Users\nabra\OneDrive\Desktop\roshyara\xamp\nrna\nrna-eu\tests\Unit\Contexts\Membership\Domain\Member\MemberTest.php on line 36[39;22m

  at [32mapp\Contexts\Membership\Domain\Member\Member.php[39m:[32m49[39m
     45▕         $this->residenceGeoIdentity = $residenceGeoIdentity;
     46▕         $this->feeState = $feeState;
     47▕     }
     48▕ 
  ➜  49▕     public static function register(
     50▕         TenantId $tenantId,
     51▕         PersonalInfo $personalInfo,
     52▕         MembershipTypeId $membershipTypeId,
     53▕         ?MemberResidenceGeoIdentity $residenceGeoIdentity = null

  [33m1   [39m[39;1mapp\Contexts\Membership\Domain\Member\Member.php[39;22m:[39;1m49[39;22m
  [33m2   [39m[39;1mtests\Unit\Contexts\Membership\Domain\Member\MemberTest.php[39;22m:[39;1m36[39;22m

  [31m────────────────────────────────────────────────────────────────────────────────────────────────────────────────────[39m  
  [41;1m FAILED [49;22m [1mTests\Unit\Contexts\Membership\Domain\Member\MemberTest[22m [90m>[39m member records registration event     [41;1m TypeError [49;22m  
[39;1m  App\Contexts\Membership\Domain\Member\Member::register(): Argument #1 ($tenantId) must be of type App\Contexts\Shared\Domain\ValueObjects\TenantId, App\Contexts\Membership\Domain\ValueObjects\TenantId given, called in C:\Users\nabra\OneDrive\Desktop\roshyara\xamp\nrna\nrna-eu\tests\Unit\Contexts\Membership\Domain\Member\MemberTest.php on line 49[39;22m

  at [32mapp\Contexts\Membership\Domain\Member\Member.php[39m:[32m49[39m
     45▕         $this->residenceGeoIdentity = $residenceGeoIdentity;
     46▕         $this->feeState = $feeState;
     47▕     }
     48▕ 
  ➜  49▕     public static function register(
     50▕         TenantId $tenantId,
     51▕         PersonalInfo $personalInfo,
     52▕         MembershipTypeId $membershipTypeId,
     53▕         ?MemberResidenceGeoIdentity $residenceGeoIdentity = null

  [33m1   [39m[39;1mapp\Contexts\Membership\Domain\Member\Member.php[39;22m:[39;1m49[39;22m
  [33m2   [39m[39;1mtests\Unit\Contexts\Membership\Domain\Member\MemberTest.php[39;22m:[39;1m49[39;22m

  [31m────────────────────────────────────────────────────────────────────────────────────────────────────────────────────[39m  
  [41;1m FAILED [49;22m [1mTests\Unit\Contexts\Membership\Domain\Member\MemberTest[22m [90m>[39m member can be activated               [41;1m TypeError [49;22m  
[39;1m  App\Contexts\Membership\Domain\Member\Member::register(): Argument #1 ($tenantId) must be of type App\Contexts\Shared\Domain\ValueObjects\TenantId, App\Contexts\Membership\Domain\ValueObjects\TenantId given, called in C:\Users\nabra\OneDrive\Desktop\roshyara\xamp\nrna\nrna-eu\tests\Unit\Contexts\Membership\Domain\Member\MemberTest.php on line 62[39;22m

  at [32mapp\Contexts\Membership\Domain\Member\Member.php[39m:[32m49[39m
     45▕         $this->residenceGeoIdentity = $residenceGeoIdentity;
     46▕         $this->feeState = $feeState;
     47▕     }
     48▕ 
  ➜  49▕     public static function register(
     50▕         TenantId $tenantId,
     51▕         PersonalInfo $personalInfo,
     52▕         MembershipTypeId $membershipTypeId,
     53▕         ?MemberResidenceGeoIdentity $residenceGeoIdentity = null

  [33m1   [39m[39;1mapp\Contexts\Membership\Domain\Member\Member.php[39;22m:[39;1m49[39;22m
  [33m2   [39m[39;1mtests\Unit\Contexts\Membership\Domain\Member\MemberTest.php[39;22m:[39;1m62[39;22m

  [31m────────────────────────────────────────────────────────────────────────────────────────────────────────────────────[39m  
  [41;1m FAILED [49;22m [1mTests\Unit\Contexts\Membership\Domain\Member\MemberTest[22m [90m>[39m member cannot be suspended if alread… [41;1m TypeError [49;22m  
[39;1m  App\Contexts\Membership\Domain\Member\Member::register(): Argument #1 ($tenantId) must be of type App\Contexts\Shared\Domain\ValueObjects\TenantId, App\Contexts\Membership\Domain\ValueObjects\TenantId given, called in C:\Users\nabra\OneDrive\Desktop\roshyara\xamp\nrna\nrna-eu\tests\Unit\Contexts\Membership\Domain\Member\MemberTest.php on line 75[39;22m

  at [32mapp\Contexts\Membership\Domain\Member\Member.php[39m:[32m49[39m
     45▕         $this->residenceGeoIdentity = $residenceGeoIdentity;
     46▕         $this->feeState = $feeState;
     47▕     }
     48▕ 
  ➜  49▕     public static function register(
     50▕         TenantId $tenantId,
     51▕         PersonalInfo $personalInfo,
     52▕         MembershipTypeId $membershipTypeId,
     53▕         ?MemberResidenceGeoIdentity $residenceGeoIdentity = null

  [33m1   [39m[39;1mapp\Contexts\Membership\Domain\Member\Member.php[39;22m:[39;1m49[39;22m
  [33m2   [39m[39;1mtests\Unit\Contexts\Membership\Domain\Member\MemberTest.php[39;22m:[39;1m75[39;22m

  [31m────────────────────────────────────────────────────────────────────────────────────────────────────────────────────[39m  
  [41;1m FAILED [49;22m [1mTests\Unit\Contexts\Membership\Domain\Member\MemberTest[22m [90m>[39m member can be suspended               [41;1m TypeError [49;22m  
[39;1m  App\Contexts\Membership\Domain\Member\Member::register(): Argument #1 ($tenantId) must be of type App\Contexts\Shared\Domain\ValueObjects\TenantId, App\Contexts\Membership\Domain\ValueObjects\TenantId given, called in C:\Users\nabra\OneDrive\Desktop\roshyara\xamp\nrna\nrna-eu\tests\Unit\Contexts\Membership\Domain\Member\MemberTest.php on line 88[39;22m

  at [32mapp\Contexts\Membership\Domain\Member\Member.php[39m:[32m49[39m
     45▕         $this->residenceGeoIdentity = $residenceGeoIdentity;
     46▕         $this->feeState = $feeState;
     47▕     }
     48▕ 
  ➜  49▕     public static function register(
     50▕         TenantId $tenantId,
     51▕         PersonalInfo $personalInfo,
     52▕         MembershipTypeId $membershipTypeId,
     53▕         ?MemberResidenceGeoIdentity $residenceGeoIdentity = null

  [33m1   [39m[39;1mapp\Contexts\Membership\Domain\Member\Member.php[39;22m:[39;1m49[39;22m
  [33m2   [39m[39;1mtests\Unit\Contexts\Membership\Domain\Member\MemberTest.php[39;22m:[39;1m88[39;22m

  [31m────────────────────────────────────────────────────────────────────────────────────────────────────────────────────[39m  
  [41;1m FAILED [49;22m [1mTests\Unit\Contexts\Membership\Domain\Member\MemberTest[22m [90m>[39m member can be archived                [41;1m TypeError [49;22m  
[39;1m  App\Contexts\Membership\Domain\Member\Member::register(): Argument #1 ($tenantId) must be of type App\Contexts\Shared\Domain\ValueObjects\TenantId, App\Contexts\Membership\Domain\ValueObjects\TenantId given, called in C:\Users\nabra\OneDrive\Desktop\roshyara\xamp\nrna\nrna-eu\tests\Unit\Contexts\Membership\Domain\Member\MemberTest.php on line 100[39;22m

  at [32mapp\Contexts\Membership\Domain\Member\Member.php[39m:[32m49[39m
     45▕         $this->residenceGeoIdentity = $residenceGeoIdentity;
     46▕         $this->feeState = $feeState;
     47▕     }
     48▕ 
  ➜  49▕     public static function register(
     50▕         TenantId $tenantId,
     51▕         PersonalInfo $personalInfo,
     52▕         MembershipTypeId $membershipTypeId,
     53▕         ?MemberResidenceGeoIdentity $residenceGeoIdentity = null

  [33m1   [39m[39;1mapp\Contexts\Membership\Domain\Member\Member.php[39;22m:[39;1m49[39;22m
  [33m2   [39m[39;1mtests\Unit\Contexts\Membership\Domain\Member\MemberTest.php[39;22m:[39;1m100[39;22m

  [31m────────────────────────────────────────────────────────────────────────────────────────────────────────────────────[39m  
  [41;1m FAILED [49;22m [1mTests\Unit\Contexts\Membership\Domain\Member\MemberTest[22m [90m>[39m member status transitions are valid   [41;1m TypeError [49;22m  
[39;1m  App\Contexts\Membership\Domain\Member\Member::register(): Argument #1 ($tenantId) must be of type App\Contexts\Shared\Domain\ValueObjects\TenantId, App\Contexts\Membership\Domain\ValueObjects\TenantId given, called in C:\Users\nabra\OneDrive\Desktop\roshyara\xamp\nrna\nrna-eu\tests\Unit\Contexts\Membership\Domain\Member\MemberTest.php on line 112[39;22m

  at [32mapp\Contexts\Membership\Domain\Member\Member.php[39m:[32m49[39m
     45▕         $this->residenceGeoIdentity = $residenceGeoIdentity;
     46▕         $this->feeState = $feeState;
     47▕     }
     48▕ 
  ➜  49▕     public static function register(
     50▕         TenantId $tenantId,
     51▕         PersonalInfo $personalInfo,
     52▕         MembershipTypeId $membershipTypeId,
     53▕         ?MemberResidenceGeoIdentity $residenceGeoIdentity = null

  [33m1   [39m[39;1mapp\Contexts\Membership\Domain\Member\Member.php[39;22m:[39;1m49[39;22m
  [33m2   [39m[39;1mtests\Unit\Contexts\Membership\Domain\Member\MemberTest.php[39;22m:[39;1m112[39;22m

  [31m────────────────────────────────────────────────────────────────────────────────────────────────────────────────────[39m  
  [41;1m FAILED [49;22m [1mTests\Unit\Contexts\Membership\Domain\Member\MemberTest[22m [90m>[39m member cannot transition from archiv… [41;1m TypeError [49;22m  
[39;1m  App\Contexts\Membership\Domain\Member\Member::register(): Argument #1 ($tenantId) must be of type App\Contexts\Shared\Domain\ValueObjects\TenantId, App\Contexts\Membership\Domain\ValueObjects\TenantId given, called in C:\Users\nabra\OneDrive\Desktop\roshyara\xamp\nrna\nrna-eu\tests\Unit\Contexts\Membership\Domain\Member\MemberTest.php on line 133[39;22m

  at [32mapp\Contexts\Membership\Domain\Member\Member.php[39m:[32m49[39m
     45▕         $this->residenceGeoIdentity = $residenceGeoIdentity;
     46▕         $this->feeState = $feeState;
     47▕     }
     48▕ 
  ➜  49▕     public static function register(
     50▕         TenantId $tenantId,
     51▕         PersonalInfo $personalInfo,
     52▕         MembershipTypeId $membershipTypeId,
     53▕         ?MemberResidenceGeoIdentity $residenceGeoIdentity = null

  [33m1   [39m[39;1mapp\Contexts\Membership\Domain\Member\Member.php[39;22m:[39;1m49[39;22m
  [33m2   [39m[39;1mtests\Unit\Contexts\Membership\Domain\Member\MemberTest.php[39;22m:[39;1m133[39;22m

  [31m────────────────────────────────────────────────────────────────────────────────────────────────────────────────────[39m  
  [41;1m FAILED [49;22m [1mTests\Unit\Contexts\Membership\Infrastructure\Repositories\EloquentCo[22m… [41;1m UniqueConstraintViolationException [49;22m  
[39;1m  SQLSTATE[23505]: Unique violation: 7 FEHLER:  doppelter Schlüsselwert verletzt Unique-Constraint »committees_pkey«
DETAIL:  Schlüssel »(id)=(01ARZ3NDEKTSV4RRFFQ69G5FAV)« existiert bereits. (Connection: pgsql, SQL: insert into "committees" ("id", "organisation_id", "name", "code", "type", "level", "operational_geo_reference", "status", "region_code", "country_code", "geo_unit_id", "slug", "updated_at", "created_at") values (01ARZ3NDEKTSV4RRFFQ69G5FAV, 11111111-0000-0000-0000-000000000001, Central Committee, CENTRAL-001, central, 1, ?, active, ?, ?, ?, central-committee, 2026-05-31 08:39:52, 2026-05-31 08:39:52))[39;22m

  at [32mvendor\laravel\framework\src\Illuminate\Database\Connection.php[39m:[32m820[39m
    816▕         // message to include the bindings with SQL, which will make this exception a
    817▕         // lot more helpful to the developer instead of just the database's errors.
    818▕         catch (Exception $e) {
    819▕             if ($this->isUniqueConstraintError($e)) {
  ➜ 820▕                 throw new UniqueConstraintViolationException(
    821▕                     $this->getName(), $query, $this->prepareBindings($bindings), $e
    822▕                 );
    823▕             }
    824▕

  [33m1   [39m[39;1mvendor\laravel\framework\src\Illuminate\Database\Connection.php[39;22m:[39;1m820[39;22m

  [33m2   [39m[39;1mvendor\laravel\framework\src\Illuminate\Database\Connection.php[39;22m:[39;1m571[39;22m
  [90m    NunoMaduro\Collision\Exceptions\TestException::("SQLSTATE[23505]: Unique violation: 7 FEHLER:  doppelter Schlüsselwert verletzt Unique-Constraint »committees_pkey«
DETAIL:  Schlüssel »(id)=(01ARZ3NDEKTSV4RRFFQ69G5FAV)« existiert bereits.")[39m

  [31m────────────────────────────────────────────────────────────────────────────────────────────────────────────────────[39m  
  [41;1m FAILED [49;22m [1mTests\Unit\Contexts\Membership\Infrastructure\Repositories\EloquentCo[22m… [41;1m UniqueConstraintViolationException [49;22m  
[39;1m  SQLSTATE[23505]: Unique violation: 7 FEHLER:  doppelter Schlüsselwert verletzt Unique-Constraint »committees_pkey«
DETAIL:  Schlüssel »(id)=(01ARZ3NDEKTSV4RRFFQ69G5FAV)« existiert bereits. (Connection: pgsql, SQL: insert into "committees" ("id", "organisation_id", "name", "code", "type", "level", "operational_geo_reference", "status", "region_code", "country_code", "geo_unit_id", "slug", "updated_at", "created_at") values (01ARZ3NDEKTSV4RRFFQ69G5FAV, 11111111-0000-0000-0000-000000000001, Central Committee, CENTRAL-001, central, 1, ?, active, ?, ?, ?, central-committee, 2026-05-31 08:39:52, 2026-05-31 08:39:52))[39;22m

  at [32mvendor\laravel\framework\src\Illuminate\Database\Connection.php[39m:[32m820[39m
    816▕         // message to include the bindings with SQL, which will make this exception a
    817▕         // lot more helpful to the developer instead of just the database's errors.
    818▕         catch (Exception $e) {
    819▕             if ($this->isUniqueConstraintError($e)) {
  ➜ 820▕                 throw new UniqueConstraintViolationException(
    821▕                     $this->getName(), $query, $this->prepareBindings($bindings), $e
    822▕                 );
    823▕             }
    824▕

  [33m1   [39m[39;1mvendor\laravel\framework\src\Illuminate\Database\Connection.php[39;22m:[39;1m820[39;22m

  [33m2   [39m[39;1mvendor\laravel\framework\src\Illuminate\Database\Connection.php[39;22m:[39;1m571[39;22m
  [90m    NunoMaduro\Collision\Exceptions\TestException::("SQLSTATE[23505]: Unique violation: 7 FEHLER:  doppelter Schlüsselwert verletzt Unique-Constraint »committees_pkey«
DETAIL:  Schlüssel »(id)=(01ARZ3NDEKTSV4RRFFQ69G5FAV)« existiert bereits.")[39m

  [31m────────────────────────────────────────────────────────────────────────────────────────────────────────────────────[39m  
  [41;1m FAILED [49;22m [1mTests\Unit\Contexts\Membership\Infrastructure\Repositories\EloquentCo[22m… [41;1m UniqueConstraintViolationException [49;22m  
[39;1m  SQLSTATE[23505]: Unique violation: 7 FEHLER:  doppelter Schlüsselwert verletzt Unique-Constraint »committees_pkey«
DETAIL:  Schlüssel »(id)=(01ARZ3NDEKTSV4RRFFQ69G5FAV)« existiert bereits. (Connection: pgsql, SQL: insert into "committees" ("id", "organisation_id", "name", "code", "type", "level", "operational_geo_reference", "status", "region_code", "country_code", "geo_unit_id", "slug", "updated_at", "created_at") values (01ARZ3NDEKTSV4RRFFQ69G5FAV, 11111111-0000-0000-0000-000000000001, District Committee, DIST-315, district, 3, np.3.15, active, ?, ?, ?, district-committee, 2026-05-31 08:39:52, 2026-05-31 08:39:52))[39;22m

  at [32mvendor\laravel\framework\src\Illuminate\Database\Connection.php[39m:[32m820[39m
    816▕         // message to include the bindings with SQL, which will make this exception a
    817▕         // lot more helpful to the developer instead of just the database's errors.
    818▕         catch (Exception $e) {
    819▕             if ($this->isUniqueConstraintError($e)) {
  ➜ 820▕                 throw new UniqueConstraintViolationException(
    821▕                     $this->getName(), $query, $this->prepareBindings($bindings), $e
    822▕                 );
    823▕             }
    824▕

  [33m1   [39m[39;1mvendor\laravel\framework\src\Illuminate\Database\Connection.php[39;22m:[39;1m820[39;22m

  [33m2   [39m[39;1mvendor\laravel\framework\src\Illuminate\Database\Connection.php[39;22m:[39;1m571[39;22m
  [90m    NunoMaduro\Collision\Exceptions\TestException::("SQLSTATE[23505]: Unique violation: 7 FEHLER:  doppelter Schlüsselwert verletzt Unique-Constraint »committees_pkey«
DETAIL:  Schlüssel »(id)=(01ARZ3NDEKTSV4RRFFQ69G5FAV)« existiert bereits.")[39m

  [31m────────────────────────────────────────────────────────────────────────────────────────────────────────────────────[39m  
  [41;1m FAILED [49;22m [1mTests\Unit\Contexts\Membership\Infrastructure\Repositories\EloquentCo[22m… [41;1m UniqueConstraintViolationException [49;22m  
[39;1m  SQLSTATE[23505]: Unique violation: 7 FEHLER:  doppelter Schlüsselwert verletzt Unique-Constraint »committees_pkey«
DETAIL:  Schlüssel »(id)=(01ARZ3NDEKTSV4RRFFQ69G5FAV)« existiert bereits. (Connection: pgsql, SQL: insert into "committees" ("id", "organisation_id", "name", "code", "type", "level", "operational_geo_reference", "status", "region_code", "country_code", "geo_unit_id", "slug", "updated_at", "created_at") values (01ARZ3NDEKTSV4RRFFQ69G5FAV, 11111111-0000-0000-0000-000000000001, Tenant 1 Committee, T1-CENTRAL, central, 1, ?, active, ?, ?, ?, tenant-1-committee, 2026-05-31 08:39:52, 2026-05-31 08:39:52))[39;22m

  at [32mvendor\laravel\framework\src\Illuminate\Database\Connection.php[39m:[32m820[39m
    816▕         // message to include the bindings with SQL, which will make this exception a
    817▕         // lot more helpful to the developer instead of just the database's errors.
    818▕         catch (Exception $e) {
    819▕             if ($this->isUniqueConstraintError($e)) {
  ➜ 820▕                 throw new UniqueConstraintViolationException(
    821▕                     $this->getName(), $query, $this->prepareBindings($bindings), $e
    822▕                 );
    823▕             }
    824▕

  [33m1   [39m[39;1mvendor\laravel\framework\src\Illuminate\Database\Connection.php[39;22m:[39;1m820[39;22m

  [33m2   [39m[39;1mvendor\laravel\framework\src\Illuminate\Database\Connection.php[39;22m:[39;1m571[39;22m
  [90m    NunoMaduro\Collision\Exceptions\TestException::("SQLSTATE[23505]: Unique violation: 7 FEHLER:  doppelter Schlüsselwert verletzt Unique-Constraint »committees_pkey«
DETAIL:  Schlüssel »(id)=(01ARZ3NDEKTSV4RRFFQ69G5FAV)« existiert bereits.")[39m

  [31m────────────────────────────────────────────────────────────────────────────────────────────────────────────────────[39m  
  [41;1m FAILED [49;22m [1mTests\Unit\Contexts\Membership\Infrastructure\Repositories\EloquentCo[22m… [41;1m UniqueConstraintViolationException [49;22m  
[39;1m  SQLSTATE[23505]: Unique violation: 7 FEHLER:  doppelter Schlüsselwert verletzt Unique-Constraint »committees_pkey«
DETAIL:  Schlüssel »(id)=(01ARZ3NDEKTSV4RRFFQ69G5FAV)« existiert bereits. (Connection: pgsql, SQL: insert into "committees" ("id", "organisation_id", "name", "code", "type", "level", "operational_geo_reference", "status", "region_code", "country_code", "geo_unit_id", "slug", "updated_at", "created_at") values (01ARZ3NDEKTSV4RRFFQ69G5FAV, 11111111-0000-0000-0000-000000000001, Tenant 1 Committee, T1-CENTRAL, central, 1, ?, active, ?, ?, ?, tenant-1-committee, 2026-05-31 08:39:52, 2026-05-31 08:39:52))[39;22m

  at [32mvendor\laravel\framework\src\Illuminate\Database\Connection.php[39m:[32m820[39m
    816▕         // message to include the bindings with SQL, which will make this exception a
    817▕         // lot more helpful to the developer instead of just the database's errors.
    818▕         catch (Exception $e) {
    819▕             if ($this->isUniqueConstraintError($e)) {
  ➜ 820▕                 throw new UniqueConstraintViolationException(
    821▕                     $this->getName(), $query, $this->prepareBindings($bindings), $e
    822▕                 );
    823▕             }
    824▕

  [33m1   [39m[39;1mvendor\laravel\framework\src\Illuminate\Database\Connection.php[39;22m:[39;1m820[39;22m

  [33m2   [39m[39;1mvendor\laravel\framework\src\Illuminate\Database\Connection.php[39;22m:[39;1m571[39;22m
  [90m    NunoMaduro\Collision\Exceptions\TestException::("SQLSTATE[23505]: Unique violation: 7 FEHLER:  doppelter Schlüsselwert verletzt Unique-Constraint »committees_pkey«
DETAIL:  Schlüssel »(id)=(01ARZ3NDEKTSV4RRFFQ69G5FAV)« existiert bereits.")[39m

  [31m────────────────────────────────────────────────────────────────────────────────────────────────────────────────────[39m  
  [41;1m FAILED [49;22m [1mTests\Unit\Controllers\DemoResultControllerTest[22m [90m>[39m mode 1 returns global demo results       [41;1m QueryException [49;22m  
[39;1m  SQLSTATE[23502]: Not null violation: 7 FEHLER:  NULL-Wert in Spalte »organisation_id« von Relation »demo_posts« verletzt Not-Null-Constraint
DETAIL:  Fehlgeschlagene Zeile enthält (a1e8e6f5-0c7e-4671-b40f-96e8e16378b1, null, a1e8e6f5-031d-4945-9818-de1e224ad3cd, illum eligendi voluptatem, illum eligendi voluptatem, t, null, 2, 5, 2026-05-31 08:39:53, 2026-05-31 08:39:53). (Connection: pgsql, SQL: insert into "demo_posts" ("election_id", "organisation_id", "name", "nepali_name", "position_order", "required_number", "is_national_wide", "state_name", "id", "updated_at", "created_at") values (a1e8e6f5-031d-4945-9818-de1e224ad3cd, ?, illum eligendi voluptatem, illum eligendi voluptatem, 5, 2, 1, ?, a1e8e6f5-0c7e-4671-b40f-96e8e16378b1, 2026-05-31 08:39:53, 2026-05-31 08:39:53))[39;22m

  at [32mvendor\laravel\framework\src\Illuminate\Database\Connection.php[39m:[32m825[39m
    821▕                     $this->getName(), $query, $this->prepareBindings($bindings), $e
    822▕                 );
    823▕             }
    824▕ 
  ➜ 825▕             throw new QueryException(
    826▕                 $this->getName(), $query, $this->prepareBindings($bindings), $e
    827▕             );
    828▕         }
    829▕     }

  [33m1   [39m[39;1mvendor\laravel\framework\src\Illuminate\Database\Connection.php[39;22m:[39;1m825[39;22m

  [33m2   [39m[39;1mvendor\laravel\framework\src\Illuminate\Database\Connection.php[39;22m:[39;1m571[39;22m
  [90m    NunoMaduro\Collision\Exceptions\TestException::("SQLSTATE[23502]: Not null violation: 7 FEHLER:  NULL-Wert in Spalte »organisation_id« von Relation »demo_posts« verletzt Not-Null-Constraint
DETAIL:  Fehlgeschlagene Zeile enthält (a1e8e6f5-0c7e-4671-b40f-96e8e16378b1, null, a1e8e6f5-031d-4945-9818-de1e224ad3cd, illum eligendi voluptatem, illum eligendi voluptatem, t, null, 2, 5, 2026-05-31 08:39:53, 2026-05-31 08:39:53).")[39m

  [31m────────────────────────────────────────────────────────────────────────────────────────────────────────────────────[39m  
  [41;1m FAILED [49;22m [1mTests\Unit\Controllers\DemoResultControllerTest[22m [90m>[39m mode 2 returns organisation scoped resu… [41;1m QueryException [49;22m  
[39;1m  SQLSTATE[22P02]: Invalid text representation: 7 FEHLER:  ungültige Eingabesyntax für Typ uuid: »1«
CONTEXT:  unbenanntes Portal Parameter $2 = '...' (Connection: pgsql, SQL: insert into "demo_posts" ("election_id", "organisation_id", "name", "nepali_name", "position_order", "required_number", "is_national_wide", "state_name", "id", "updated_at", "created_at") values (a1e8e6f5-5722-4579-bf41-07aed6837268, 1, iste cum consequatur, iste cum consequatur, 8, 2, 1, ?, a1e8e6f5-5cd7-4be8-8ae0-c7a25190a764, 2026-05-31 08:39:53, 2026-05-31 08:39:53))[39;22m

  at [32mvendor\laravel\framework\src\Illuminate\Database\Connection.php[39m:[32m825[39m
    821▕                     $this->getName(), $query, $this->prepareBindings($bindings), $e
    822▕                 );
    823▕             }
    824▕ 
  ➜ 825▕             throw new QueryException(
    826▕                 $this->getName(), $query, $this->prepareBindings($bindings), $e
    827▕             );
    828▕         }
    829▕     }

  [33m1   [39m[39;1mvendor\laravel\framework\src\Illuminate\Database\Connection.php[39;22m:[39;1m825[39;22m

  [33m2   [39m[39;1mvendor\laravel\framework\src\Illuminate\Database\Connection.php[39;22m:[39;1m571[39;22m
  [90m    NunoMaduro\Collision\Exceptions\TestException::("SQLSTATE[22P02]: Invalid text representation: 7 FEHLER:  ungültige Eingabesyntax für Typ uuid: »1«
CONTEXT:  unbenanntes Portal Parameter $2 = '...'")[39m

  [31m────────────────────────────────────────────────────────────────────────────────────────────────────────────────────[39m  
  [41;1m FAILED [49;22m [1mTests\Unit\Controllers\DemoResultControllerTest[22m [90m>[39m data isolation mode1 does not see mode2… [41;1m QueryException [49;22m  
[39;1m  SQLSTATE[22P02]: Invalid text representation: 7 FEHLER:  ungültige Eingabesyntax für Typ uuid: »999«
CONTEXT:  unbenanntes Portal Parameter $2 = '...' (Connection: pgsql, SQL: insert into "demo_posts" ("election_id", "organisation_id", "name", "nepali_name", "position_order", "required_number", "is_national_wide", "state_name", "id", "updated_at", "created_at") values (a1e8e6f5-a5d8-4a8d-8ccd-8dff8c33d219, 999, numquam atque atque, numquam atque atque, 2, 1, 1, ?, a1e8e6f5-af60-46e4-bf05-a63276cc425e, 2026-05-31 08:39:53, 2026-05-31 08:39:53))[39;22m

  at [32mvendor\laravel\framework\src\Illuminate\Database\Connection.php[39m:[32m825[39m
    821▕                     $this->getName(), $query, $this->prepareBindings($bindings), $e
    822▕                 );
    823▕             }
    824▕ 
  ➜ 825▕             throw new QueryException(
    826▕                 $this->getName(), $query, $this->prepareBindings($bindings), $e
    827▕             );
    828▕         }
    829▕     }

  [33m1   [39m[39;1mvendor\laravel\framework\src\Illuminate\Database\Connection.php[39;22m:[39;1m825[39;22m

  [33m2   [39m[39;1mvendor\laravel\framework\src\Illuminate\Database\Connection.php[39;22m:[39;1m571[39;22m
  [90m    NunoMaduro\Collision\Exceptions\TestException::("SQLSTATE[22P02]: Invalid text representation: 7 FEHLER:  ungültige Eingabesyntax für Typ uuid: »999«
CONTEXT:  unbenanntes Portal Parameter $2 = '...'")[39m

  [31m────────────────────────────────────────────────────────────────────────────────────────────────────────────────────[39m  
  [41;1m FAILED [49;22m [1mTests\Unit\Controllers\DemoResultControllerTest[22m [90m>[39m vote counting is accurate                [41;1m QueryException [49;22m  
[39;1m  SQLSTATE[42703]: Undefined column: 7 FEHLER:  Spalte »post_id« von Relation »demo_posts« existiert nicht
LINE 1: ...quired_number", "is_national_wide", "state_name", "post_id",...
                                                             ^ (Connection: pgsql, SQL: insert into "demo_posts" ("election_id", "organisation_id", "name", "nepali_name", "position_order", "required_number", "is_national_wide", "state_name", "post_id", "id", "updated_at", "created_at") values (a1e8e6f5-f20d-4110-b49b-a2870ad3c023, ?, sint architecto magni, sint architecto magni, 2, 1, 1, ?, PRES, a1e8e6f5-f63b-46ba-9e29-afc4d846cf00, 2026-05-31 08:39:53, 2026-05-31 08:39:53))[39;22m

  at [32mvendor\laravel\framework\src\Illuminate\Database\Connection.php[39m:[32m825[39m
    821▕                     $this->getName(), $query, $this->prepareBindings($bindings), $e
    822▕                 );
    823▕             }
    824▕ 
  ➜ 825▕             throw new QueryException(
    826▕                 $this->getName(), $query, $this->prepareBindings($bindings), $e
    827▕             );
    828▕         }
    829▕     }

  [33m1   [39m[39;1mvendor\laravel\framework\src\Illuminate\Database\Connection.php[39;22m:[39;1m825[39;22m

  [33m2   [39m[39;1mvendor\laravel\framework\src\Illuminate\Database\Connection.php[39;22m:[39;1m571[39;22m
  [90m    NunoMaduro\Collision\Exceptions\TestException::("SQLSTATE[42703]: Undefined column: 7 FEHLER:  Spalte »post_id« von Relation »demo_posts« existiert nicht
LINE 1: ...quired_number", "is_national_wide", "state_name", "post_id",...
                                                             ^")[39m

  [31m────────────────────────────────────────────────────────────────────────────────────────────────────────────────────[39m  
  [41;1m FAILED [49;22m [1mTests\Unit\Controllers\DemoResultControllerTest[22m [90m>[39m no vote option counted correctly         [41;1m QueryException [49;22m  
[39;1m  SQLSTATE[42703]: Undefined column: 7 FEHLER:  Spalte »post_id« von Relation »demo_posts« existiert nicht
LINE 1: ...quired_number", "is_national_wide", "state_name", "post_id",...
                                                             ^ (Connection: pgsql, SQL: insert into "demo_posts" ("election_id", "organisation_id", "name", "nepali_name", "position_order", "required_number", "is_national_wide", "state_name", "post_id", "id", "updated_at", "created_at") values (a1e8e6f6-6311-4c1d-a2b2-25ef89dcf444, ?, et odio eveniet, et odio eveniet, 1, 2, 1, ?, PRES, a1e8e6f6-6879-4161-85c2-3e368db11a8a, 2026-05-31 08:39:53, 2026-05-31 08:39:53))[39;22m

  at [32mvendor\laravel\framework\src\Illuminate\Database\Connection.php[39m:[32m825[39m
    821▕                     $this->getName(), $query, $this->prepareBindings($bindings), $e
    822▕                 );
    823▕             }
    824▕ 
  ➜ 825▕             throw new QueryException(
    826▕                 $this->getName(), $query, $this->prepareBindings($bindings), $e
    827▕             );
    828▕         }
    829▕     }

  [33m1   [39m[39;1mvendor\laravel\framework\src\Illuminate\Database\Connection.php[39;22m:[39;1m825[39;22m

  [33m2   [39m[39;1mvendor\laravel\framework\src\Illuminate\Database\Connection.php[39;22m:[39;1m571[39;22m
  [90m    NunoMaduro\Collision\Exceptions\TestException::("SQLSTATE[42703]: Undefined column: 7 FEHLER:  Spalte »post_id« von Relation »demo_posts« existiert nicht
LINE 1: ...quired_number", "is_national_wide", "state_name", "post_id",...
                                                             ^")[39m

  [31m────────────────────────────────────────────────────────────────────────────────────────────────────────────────────[39m  
  [41;1m FAILED [49;22m [1mTests\Unit\Controllers\DemoResultControllerTest[22m [90m>[39m pdf download mode1 works                 [41;1m QueryException [49;22m  
[39;1m  SQLSTATE[23502]: Not null violation: 7 FEHLER:  NULL-Wert in Spalte »organisation_id« von Relation »demo_posts« verletzt Not-Null-Constraint
DETAIL:  Fehlgeschlagene Zeile enthält (a1e8e6f6-f93a-4a47-b32f-dc240c5e3c55, null, a1e8e6f6-f520-4314-9c46-befb2f71ecd2, aut dolores sapiente, aut dolores sapiente, t, null, 3, 6, 2026-05-31 08:39:54, 2026-05-31 08:39:54). (Connection: pgsql, SQL: insert into "demo_posts" ("election_id", "organisation_id", "name", "nepali_name", "position_order", "required_number", "is_national_wide", "state_name", "id", "updated_at", "created_at") values (a1e8e6f6-f520-4314-9c46-befb2f71ecd2, ?, aut dolores sapiente, aut dolores sapiente, 6, 3, 1, ?, a1e8e6f6-f93a-4a47-b32f-dc240c5e3c55, 2026-05-31 08:39:54, 2026-05-31 08:39:54))[39;22m

  at [32mvendor\laravel\framework\src\Illuminate\Database\Connection.php[39m:[32m825[39m
    821▕                     $this->getName(), $query, $this->prepareBindings($bindings), $e
    822▕                 );
    823▕             }
    824▕ 
  ➜ 825▕             throw new QueryException(
    826▕                 $this->getName(), $query, $this->prepareBindings($bindings), $e
    827▕             );
    828▕         }
    829▕     }

  [33m1   [39m[39;1mvendor\laravel\framework\src\Illuminate\Database\Connection.php[39;22m:[39;1m825[39;22m

  [33m2   [39m[39;1mvendor\laravel\framework\src\Illuminate\Database\Connection.php[39;22m:[39;1m571[39;22m
  [90m    NunoMaduro\Collision\Exceptions\TestException::("SQLSTATE[23502]: Not null violation: 7 FEHLER:  NULL-Wert in Spalte »organisation_id« von Relation »demo_posts« verletzt Not-Null-Constraint
DETAIL:  Fehlgeschlagene Zeile enthält (a1e8e6f6-f93a-4a47-b32f-dc240c5e3c55, null, a1e8e6f6-f520-4314-9c46-befb2f71ecd2, aut dolores sapiente, aut dolores sapiente, t, null, 3, 6, 2026-05-31 08:39:54, 2026-05-31 08:39:54).")[39m

  [31m────────────────────────────────────────────────────────────────────────────────────────────────────────────────────[39m  
  [41;1m FAILED [49;22m [1mTests\Unit\Controllers\DemoResultControllerTest[22m [90m>[39m pdf download mode2 works                 [41;1m QueryException [49;22m  
[39;1m  SQLSTATE[22P02]: Invalid text representation: 7 FEHLER:  ungültige Eingabesyntax für Typ uuid: »1«
CONTEXT:  unbenanntes Portal Parameter $2 = '...' (Connection: pgsql, SQL: insert into "demo_posts" ("election_id", "organisation_id", "name", "nepali_name", "position_order", "required_number", "is_national_wide", "state_name", "id", "updated_at", "created_at") values (a1e8e6f7-456e-4141-9333-6d209dbc5b4a, 1, nostrum dolorem aliquam, nostrum dolorem aliquam, 1, 3, 1, ?, a1e8e6f7-4a7d-47df-8d1a-1fda4d4c9e8a, 2026-05-31 08:39:54, 2026-05-31 08:39:54))[39;22m

  at [32mvendor\laravel\framework\src\Illuminate\Database\Connection.php[39m:[32m825[39m
    821▕                     $this->getName(), $query, $this->prepareBindings($bindings), $e
    822▕                 );
    823▕             }
    824▕ 
  ➜ 825▕             throw new QueryException(
    826▕                 $this->getName(), $query, $this->prepareBindings($bindings), $e
    827▕             );
    828▕         }
    829▕     }

  [33m1   [39m[39;1mvendor\laravel\framework\src\Illuminate\Database\Connection.php[39;22m:[39;1m825[39;22m

  [33m2   [39m[39;1mvendor\laravel\framework\src\Illuminate\Database\Connection.php[39;22m:[39;1m571[39;22m
  [90m    NunoMaduro\Collision\Exceptions\TestException::("SQLSTATE[22P02]: Invalid text representation: 7 FEHLER:  ungültige Eingabesyntax für Typ uuid: »1«
CONTEXT:  unbenanntes Portal Parameter $2 = '...'")[39m

  [31m────────────────────────────────────────────────────────────────────────────────────────────────────────────────────[39m  
  [41;1m FAILED [49;22m [1mTests\Unit\Controllers\DemoResultControllerTest[22m [90m>[39m verify results endpoint                  [41;1m QueryException [49;22m  
[39;1m  SQLSTATE[42703]: Undefined column: 7 FEHLER:  Spalte »post_id« von Relation »demo_posts« existiert nicht
LINE 1: ...quired_number", "is_national_wide", "state_name", "post_id",...
                                                             ^ (Connection: pgsql, SQL: insert into "demo_posts" ("election_id", "organisation_id", "name", "nepali_name", "position_order", "required_number", "is_national_wide", "state_name", "post_id", "id", "updated_at", "created_at") values (a1e8e6f7-a3bc-40ab-bcad-43127b639cee, ?, fuga in modi, fuga in modi, 10, 1, 1, ?, PRES, a1e8e6f7-a750-4f6e-a090-cf79169cfef3, 2026-05-31 08:39:54, 2026-05-31 08:39:54))[39;22m

  at [32mvendor\laravel\framework\src\Illuminate\Database\Connection.php[39m:[32m825[39m
    821▕                     $this->getName(), $query, $this->prepareBindings($bindings), $e
    822▕                 );
    823▕             }
    824▕ 
  ➜ 825▕             throw new QueryException(
    826▕                 $this->getName(), $query, $this->prepareBindings($bindings), $e
    827▕             );
    828▕         }
    829▕     }

  [33m1   [39m[39;1mvendor\laravel\framework\src\Illuminate\Database\Connection.php[39;22m:[39;1m825[39;22m

  [33m2   [39m[39;1mvendor\laravel\framework\src\Illuminate\Database\Connection.php[39;22m:[39;1m571[39;22m
  [90m    NunoMaduro\Collision\Exceptions\TestException::("SQLSTATE[42703]: Undefined column: 7 FEHLER:  Spalte »post_id« von Relation »demo_posts« existiert nicht
LINE 1: ...quired_number", "is_national_wide", "state_name", "post_id",...
                                                             ^")[39m

  [31m────────────────────────────────────────────────────────────────────────────────────────────────────────────────────[39m  
  [41;1m FAILED [49;22m [1mTests\Unit\Controllers\VoteControllerValidationTest[22m [90m>[39m rejects vote submission to demo ele… [41;1m QueryException [49;22m  
[39;1m  SQLSTATE[42704]: Undefined object: 7 FEHLER:  unbekannter Konfigurationsparameter »foreign_key_checks« (Connection: pgsql, SQL: SET FOREIGN_KEY_CHECKS=0)[39;22m

  at [32mvendor\laravel\framework\src\Illuminate\Database\Connection.php[39m:[32m825[39m
    821▕                     $this->getName(), $query, $this->prepareBindings($bindings), $e
    822▕                 );
    823▕             }
    824▕ 
  ➜ 825▕             throw new QueryException(
    826▕                 $this->getName(), $query, $this->prepareBindings($bindings), $e
    827▕             );
    828▕         }
    829▕     }

  [33m1   [39m[39;1mvendor\laravel\framework\src\Illuminate\Database\Connection.php[39;22m:[39;1m825[39;22m

  [33m2   [39m[39;1mvendor\laravel\framework\src\Illuminate\Database\Connection.php[39;22m:[39;1m571[39;22m
  [90m    NunoMaduro\Collision\Exceptions\TestException::("SQLSTATE[42704]: Undefined object: 7 FEHLER:  unbekannter Konfigurationsparameter »foreign_key_checks«")[39m

  [31m────────────────────────────────────────────────────────────────────────────────────────────────────────────────────[39m  
  [41;1m FAILED [49;22m [1mTests\Unit\Controllers\VoteControllerValidationTest[22m [90m>[39m rejects vote with mismatched organi… [41;1m QueryException [49;22m  
[39;1m  SQLSTATE[42704]: Undefined object: 7 FEHLER:  unbekannter Konfigurationsparameter »foreign_key_checks« (Connection: pgsql, SQL: SET FOREIGN_KEY_CHECKS=0)[39;22m

  at [32mvendor\laravel\framework\src\Illuminate\Database\Connection.php[39m:[32m825[39m
    821▕                     $this->getName(), $query, $this->prepareBindings($bindings), $e
    822▕                 );
    823▕             }
    824▕ 
  ➜ 825▕             throw new QueryException(
    826▕                 $this->getName(), $query, $this->prepareBindings($bindings), $e
    827▕             );
    828▕         }
    829▕     }

  [33m1   [39m[39;1mvendor\laravel\framework\src\Illuminate\Database\Connection.php[39;22m:[39;1m825[39;22m

  [33m2   [39m[39;1mvendor\laravel\framework\src\Illuminate\Database\Connection.php[39;22m:[39;1m571[39;22m
  [90m    NunoMaduro\Collision\Exceptions\TestException::("SQLSTATE[42704]: Undefined object: 7 FEHLER:  unbekannter Konfigurationsparameter »foreign_key_checks«")[39m

  [31m────────────────────────────────────────────────────────────────────────────────────────────────────────────────────[39m  
  [41;1m FAILED [49;22m [1mTests\Unit\Controllers\VoteControllerValidationTest[22m [90m>[39m allows vote with matching organisat… [41;1m QueryException [49;22m  
[39;1m  SQLSTATE[42704]: Undefined object: 7 FEHLER:  unbekannter Konfigurationsparameter »foreign_key_checks« (Connection: pgsql, SQL: SET FOREIGN_KEY_CHECKS=0)[39;22m

  at [32mvendor\laravel\framework\src\Illuminate\Database\Connection.php[39m:[32m825[39m
    821▕                     $this->getName(), $query, $this->prepareBindings($bindings), $e
    822▕                 );
    823▕             }
    824▕ 
  ➜ 825▕             throw new QueryException(
    826▕                 $this->getName(), $query, $this->prepareBindings($bindings), $e
    827▕             );
    828▕         }
    829▕     }

  [33m1   [39m[39;1mvendor\laravel\framework\src\Illuminate\Database\Connection.php[39;22m:[39;1m825[39;22m

  [33m2   [39m[39;1mvendor\laravel\framework\src\Illuminate\Database\Connection.php[39;22m:[39;1m571[39;22m
  [90m    NunoMaduro\Collision\Exceptions\TestException::("SQLSTATE[42704]: Undefined object: 7 FEHLER:  unbekannter Konfigurationsparameter »foreign_key_checks«")[39m

  [31m────────────────────────────────────────────────────────────────────────────────────────────────────────────────────[39m  
  [41;1m FAILED [49;22m [1mTests\Unit\Controllers\VoteControllerValidationTest[22m [90m>[39m explicitly sets organisation id on…  [41;1m QueryException [49;22m  
[39;1m  SQLSTATE[42704]: Undefined object: 7 FEHLER:  unbekannter Konfigurationsparameter »foreign_key_checks« (Connection: pgsql, SQL: SET FOREIGN_KEY_CHECKS=0)[39;22m

  at [32mvendor\laravel\framework\src\Illuminate\Database\Connection.php[39m:[32m825[39m
    821▕                     $this->getName(), $query, $this->prepareBindings($bindings), $e
    822▕                 );
    823▕             }
    824▕ 
  ➜ 825▕             throw new QueryException(
    826▕                 $this->getName(), $query, $this->prepareBindings($bindings), $e
    827▕             );
    828▕         }
    829▕     }

  [33m1   [39m[39;1mvendor\laravel\framework\src\Illuminate\Database\Connection.php[39;22m:[39;1m825[39;22m

  [33m2   [39m[39;1mvendor\laravel\framework\src\Illuminate\Database\Connection.php[39;22m:[39;1m571[39;22m
  [90m    NunoMaduro\Collision\Exceptions\TestException::("SQLSTATE[42704]: Undefined object: 7 FEHLER:  unbekannter Konfigurationsparameter »foreign_key_checks«")[39m

  [31m────────────────────────────────────────────────────────────────────────────────────────────────────────────────────[39m  
  [41;1m FAILED [49;22m [1mTests\Unit\Controllers\VoteControllerValidationTest[22m [90m>[39m explicitly sets organisation id on…  [41;1m QueryException [49;22m  
[39;1m  SQLSTATE[42704]: Undefined object: 7 FEHLER:  unbekannter Konfigurationsparameter »foreign_key_checks« (Connection: pgsql, SQL: SET FOREIGN_KEY_CHECKS=0)[39;22m

  at [32mvendor\laravel\framework\src\Illuminate\Database\Connection.php[39m:[32m825[39m
    821▕                     $this->getName(), $query, $this->prepareBindings($bindings), $e
    822▕                 );
    823▕             }
    824▕ 
  ➜ 825▕             throw new QueryException(
    826▕                 $this->getName(), $query, $this->prepareBindings($bindings), $e
    827▕             );
    828▕         }
    829▕     }

  [33m1   [39m[39;1mvendor\laravel\framework\src\Illuminate\Database\Connection.php[39;22m:[39;1m825[39;22m

  [33m2   [39m[39;1mvendor\laravel\framework\src\Illuminate\Database\Connection.php[39;22m:[39;1m571[39;22m
  [90m    NunoMaduro\Collision\Exceptions\TestException::("SQLSTATE[42704]: Undefined object: 7 FEHLER:  unbekannter Konfigurationsparameter »foreign_key_checks«")[39m

  [31m────────────────────────────────────────────────────────────────────────────────────────────────────────────────────[39m  
  [41;1m FAILED [49;22m [1mTests\Unit\Controllers\VoteControllerValidationTest[22m [90m>[39m validation happens before transacti… [41;1m QueryException [49;22m  
[39;1m  SQLSTATE[42704]: Undefined object: 7 FEHLER:  unbekannter Konfigurationsparameter »foreign_key_checks« (Connection: pgsql, SQL: SET FOREIGN_KEY_CHECKS=0)[39;22m

  at [32mvendor\laravel\framework\src\Illuminate\Database\Connection.php[39m:[32m825[39m
    821▕                     $this->getName(), $query, $this->prepareBindings($bindings), $e
    822▕                 );
    823▕             }
    824▕ 
  ➜ 825▕             throw new QueryException(
    826▕                 $this->getName(), $query, $this->prepareBindings($bindings), $e
    827▕             );
    828▕         }
    829▕     }

  [33m1   [39m[39;1mvendor\laravel\framework\src\Illuminate\Database\Connection.php[39;22m:[39;1m825[39;22m

  [33m2   [39m[39;1mvendor\laravel\framework\src\Illuminate\Database\Connection.php[39;22m:[39;1m571[39;22m
  [90m    NunoMaduro\Collision\Exceptions\TestException::("SQLSTATE[42704]: Undefined object: 7 FEHLER:  unbekannter Konfigurationsparameter »foreign_key_checks«")[39m

  [31m────────────────────────────────────────────────────────────────────────────────────────────────────────────────────[39m  
  [41;1m FAILED [49;22m [1mTests\Unit\Controllers\VoteControllerValidationTest[22m [90m>[39m transaction rolls back on model val… [41;1m QueryException [49;22m  
[39;1m  SQLSTATE[42704]: Undefined object: 7 FEHLER:  unbekannter Konfigurationsparameter »foreign_key_checks« (Connection: pgsql, SQL: SET FOREIGN_KEY_CHECKS=0)[39;22m

  at [32mvendor\laravel\framework\src\Illuminate\Database\Connection.php[39m:[32m825[39m
    821▕                     $this->getName(), $query, $this->prepareBindings($bindings), $e
    822▕                 );
    823▕             }
    824▕ 
  ➜ 825▕             throw new QueryException(
    826▕                 $this->getName(), $query, $this->prepareBindings($bindings), $e
    827▕             );
    828▕         }
    829▕     }

  [33m1   [39m[39;1mvendor\laravel\framework\src\Illuminate\Database\Connection.php[39;22m:[39;1m825[39;22m

  [33m2   [39m[39;1mvendor\laravel\framework\src\Illuminate\Database\Connection.php[39;22m:[39;1m571[39;22m
  [90m    NunoMaduro\Collision\Exceptions\TestException::("SQLSTATE[42704]: Undefined object: 7 FEHLER:  unbekannter Konfigurationsparameter »foreign_key_checks«")[39m

  [31m────────────────────────────────────────────────────────────────────────────────────────────────────────────────────[39m  
  [41;1m FAILED [49;22m [1mTests\Unit\Controllers\VoteControllerValidationTest[22m [90m>[39m logs contain required security fiel… [41;1m QueryException [49;22m  
[39;1m  SQLSTATE[42704]: Undefined object: 7 FEHLER:  unbekannter Konfigurationsparameter »foreign_key_checks« (Connection: pgsql, SQL: SET FOREIGN_KEY_CHECKS=0)[39;22m

  at [32mvendor\laravel\framework\src\Illuminate\Database\Connection.php[39m:[32m825[39m
    821▕                     $this->getName(), $query, $this->prepareBindings($bindings), $e
    822▕                 );
    823▕             }
    824▕ 
  ➜ 825▕             throw new QueryException(
    826▕                 $this->getName(), $query, $this->prepareBindings($bindings), $e
    827▕             );
    828▕         }
    829▕     }

  [33m1   [39m[39;1mvendor\laravel\framework\src\Illuminate\Database\Connection.php[39;22m:[39;1m825[39;22m

  [33m2   [39m[39;1mvendor\laravel\framework\src\Illuminate\Database\Connection.php[39;22m:[39;1m571[39;22m
  [90m    NunoMaduro\Collision\Exceptions\TestException::("SQLSTATE[42704]: Undefined object: 7 FEHLER:  unbekannter Konfigurationsparameter »foreign_key_checks«")[39m

  [31m────────────────────────────────────────────────────────────────────────────────────────────────────────────────────[39m  
  [41;1m FAILED [49;22m [1mTests\Unit\Controllers\VoteControllerValidationTest[22m [90m>[39m error messages are user friendly     [41;1m QueryException [49;22m  
[39;1m  SQLSTATE[42704]: Undefined object: 7 FEHLER:  unbekannter Konfigurationsparameter »foreign_key_checks« (Connection: pgsql, SQL: SET FOREIGN_KEY_CHECKS=0)[39;22m

  at [32mvendor\laravel\framework\src\Illuminate\Database\Connection.php[39m:[32m825[39m
    821▕                     $this->getName(), $query, $this->prepareBindings($bindings), $e
    822▕                 );
    823▕             }
    824▕ 
  ➜ 825▕             throw new QueryException(
    826▕                 $this->getName(), $query, $this->prepareBindings($bindings), $e
    827▕             );
    828▕         }
    829▕     }

  [33m1   [39m[39;1mvendor\laravel\framework\src\Illuminate\Database\Connection.php[39;22m:[39;1m825[39;22m

  [33m2   [39m[39;1mvendor\laravel\framework\src\Illuminate\Database\Connection.php[39;22m:[39;1m571[39;22m
  [90m    NunoMaduro\Collision\Exceptions\TestException::("SQLSTATE[42704]: Undefined object: 7 FEHLER:  unbekannter Konfigurationsparameter »foreign_key_checks«")[39m

  [31m────────────────────────────────────────────────────────────────────────────────────────────────────────────────────[39m  
  [41;1m FAILED [49;22m [1mTests\Unit\Controllers\VoteControllerValidationTest[22m [90m>[39m controller validation works with mo… [41;1m QueryException [49;22m  
[39;1m  SQLSTATE[42704]: Undefined object: 7 FEHLER:  unbekannter Konfigurationsparameter »foreign_key_checks« (Connection: pgsql, SQL: SET FOREIGN_KEY_CHECKS=0)[39;22m

  at [32mvendor\laravel\framework\src\Illuminate\Database\Connection.php[39m:[32m825[39m
    821▕                     $this->getName(), $query, $this->prepareBindings($bindings), $e
    822▕                 );
    823▕             }
    824▕ 
  ➜ 825▕             throw new QueryException(
    826▕                 $this->getName(), $query, $this->prepareBindings($bindings), $e
    827▕             );
    828▕         }
    829▕     }

  [33m1   [39m[39;1mvendor\laravel\framework\src\Illuminate\Database\Connection.php[39;22m:[39;1m825[39;22m

  [33m2   [39m[39;1mvendor\laravel\framework\src\Illuminate\Database\Connection.php[39;22m:[39;1m571[39;22m
  [90m    NunoMaduro\Collision\Exceptions\TestException::("SQLSTATE[42704]: Undefined object: 7 FEHLER:  unbekannter Konfigurationsparameter »foreign_key_checks«")[39m

  [31m────────────────────────────────────────────────────────────────────────────────────────────────────────────────────[39m  
  [41;1m FAILED [49;22m [1mTests\Unit\DemoVoteVerificationFlowTest[22m [90m>[39m demo vote voting code is concatenated with…  [41;1m ArgumentCountError [49;22m  
[39;1m  Too few arguments to function App\Http\Controllers\VoteController::__construct(), 0 passed in C:\Users\nabra\OneDrive\Desktop\roshyara\xamp\nrna\nrna-eu\tests\Unit\DemoVoteVerificationFlowTest.php on line 60 and exactly 2 expected[39;22m

  at [32mapp\Http\Controllers\VoteController.php[39m:[32m58[39m
     54▕ 
     55▕     /**
     56▕      * Constructor - Initialize voting process state
     57▕      */
  ➜  58▕     public function __construct(
     59▕         private TrustPolicyEvaluator $trustEvaluator,
     60▕         private ConstitutionalLegitimacyDecision $legitimacyDecision,
     61▕     )
     62▕     {

  [33m1   [39m[39;1mapp\Http\Controllers\VoteController.php[39;22m:[39;1m58[39;22m
  [33m2   [39m[39;1mtests\Unit\DemoVoteVerificationFlowTest.php[39;22m:[39;1m60[39;22m

  [31m────────────────────────────────────────────────────────────────────────────────────────────────────────────────────[39m  
  [41;1m FAILED [49;22m [1mTests\Unit\DemoVoteVerificationFlowTest[22m [90m>[39m demo vote can be found by voting code        [41;1m ArgumentCountError [49;22m  
[39;1m  Too few arguments to function App\Http\Controllers\VoteController::__construct(), 0 passed in C:\Users\nabra\OneDrive\Desktop\roshyara\xamp\nrna\nrna-eu\tests\Unit\DemoVoteVerificationFlowTest.php on line 101 and exactly 2 expected[39;22m

  at [32mapp\Http\Controllers\VoteController.php[39m:[32m58[39m
     54▕ 
     55▕     /**
     56▕      * Constructor - Initialize voting process state
     57▕      */
  ➜  58▕     public function __construct(
     59▕         private TrustPolicyEvaluator $trustEvaluator,
     60▕         private ConstitutionalLegitimacyDecision $legitimacyDecision,
     61▕     )
     62▕     {

  [33m1   [39m[39;1mapp\Http\Controllers\VoteController.php[39;22m:[39;1m58[39;22m
  [33m2   [39m[39;1mtests\Unit\DemoVoteVerificationFlowTest.php[39;22m:[39;1m101[39;22m

  [31m────────────────────────────────────────────────────────────────────────────────────────────────────────────────────[39m  
  [41;1m FAILED [49;22m [1mTests\Unit\DemoVoteVerificationFlowTest[22m [90m>[39m different demo votes have different voting…  [41;1m ArgumentCountError [49;22m  
[39;1m  Too few arguments to function App\Http\Controllers\VoteController::__construct(), 0 passed in C:\Users\nabra\OneDrive\Desktop\roshyara\xamp\nrna\nrna-eu\tests\Unit\DemoVoteVerificationFlowTest.php on line 155 and exactly 2 expected[39;22m

  at [32mapp\Http\Controllers\VoteController.php[39m:[32m58[39m
     54▕ 
     55▕     /**
     56▕      * Constructor - Initialize voting process state
     57▕      */
  ➜  58▕     public function __construct(
     59▕         private TrustPolicyEvaluator $trustEvaluator,
     60▕         private ConstitutionalLegitimacyDecision $legitimacyDecision,
     61▕     )
     62▕     {

  [33m1   [39m[39;1mapp\Http\Controllers\VoteController.php[39;22m:[39;1m58[39;22m
  [33m2   [39m[39;1mtests\Unit\DemoVoteVerificationFlowTest.php[39;22m:[39;1m155[39;22m

  [31m────────────────────────────────────────────────────────────────────────────────────────────────────────────────────[39m  
  [41;1m FAILED [49;22m [1mTests\Unit\DemoVoteVerificationFlowTest[22m [90m>[39m demo vote with no candidates can be retriev… [41;1m ArgumentCountError [49;22m  
[39;1m  Too few arguments to function App\Http\Controllers\VoteController::__construct(), 0 passed in C:\Users\nabra\OneDrive\Desktop\roshyara\xamp\nrna\nrna-eu\tests\Unit\DemoVoteVerificationFlowTest.php on line 196 and exactly 2 expected[39;22m

  at [32mapp\Http\Controllers\VoteController.php[39m:[32m58[39m
     54▕ 
     55▕     /**
     56▕      * Constructor - Initialize voting process state
     57▕      */
  ➜  58▕     public function __construct(
     59▕         private TrustPolicyEvaluator $trustEvaluator,
     60▕         private ConstitutionalLegitimacyDecision $legitimacyDecision,
     61▕     )
     62▕     {

  [33m1   [39m[39;1mapp\Http\Controllers\VoteController.php[39;22m:[39;1m58[39;22m
  [33m2   [39m[39;1mtests\Unit\DemoVoteVerificationFlowTest.php[39;22m:[39;1m196[39;22m

  [31m────────────────────────────────────────────────────────────────────────────────────────────────────────────────────[39m  
  [41;1m FAILED [49;22m [1mTests\Unit\Demo\DemoCandidateMappingTest[22m [90m>[39m candidate mapping uses correct fields           [41;1m QueryException [49;22m  
[39;1m  SQLSTATE[23502]: Not null violation: 7 FEHLER:  NULL-Wert in Spalte »organisation_id« von Relation »demo_posts« verletzt Not-Null-Constraint
DETAIL:  Fehlgeschlagene Zeile enthält (a1e8e6fc-593a-4d75-b98e-64b335ff8741, null, a1e8e6fc-5279-456c-962f-0a75525caca9, voluptatum perferendis beatae, voluptatum perferendis beatae, t, null, 1, 9, 2026-05-31 08:39:57, 2026-05-31 08:39:57). (Connection: pgsql, SQL: insert into "demo_posts" ("election_id", "organisation_id", "name", "nepali_name", "position_order", "required_number", "is_national_wide", "state_name", "id", "updated_at", "created_at") values (a1e8e6fc-5279-456c-962f-0a75525caca9, ?, voluptatum perferendis beatae, voluptatum perferendis beatae, 9, 1, 1, ?, a1e8e6fc-593a-4d75-b98e-64b335ff8741, 2026-05-31 08:39:57, 2026-05-31 08:39:57))[39;22m

  at [32mvendor\laravel\framework\src\Illuminate\Database\Connection.php[39m:[32m825[39m
    821▕                     $this->getName(), $query, $this->prepareBindings($bindings), $e
    822▕                 );
    823▕             }
    824▕ 
  ➜ 825▕             throw new QueryException(
    826▕                 $this->getName(), $query, $this->prepareBindings($bindings), $e
    827▕             );
    828▕         }
    829▕     }

  [33m1   [39m[39;1mvendor\laravel\framework\src\Illuminate\Database\Connection.php[39;22m:[39;1m825[39;22m

  [33m2   [39m[39;1mvendor\laravel\framework\src\Illuminate\Database\Connection.php[39;22m:[39;1m571[39;22m
  [90m    NunoMaduro\Collision\Exceptions\TestException::("SQLSTATE[23502]: Not null violation: 7 FEHLER:  NULL-Wert in Spalte »organisation_id« von Relation »demo_posts« verletzt Not-Null-Constraint
DETAIL:  Fehlgeschlagene Zeile enthält (a1e8e6fc-593a-4d75-b98e-64b335ff8741, null, a1e8e6fc-5279-456c-962f-0a75525caca9, voluptatum perferendis beatae, voluptatum perferendis beatae, t, null, 1, 9, 2026-05-31 08:39:57, 2026-05-31 08:39:57).")[39m

  [31m────────────────────────────────────────────────────────────────────────────────────────────────────────────────────[39m  
  [41;1m FAILED [49;22m [1mTests\Unit\Demo\DemoCandidateMappingTest[22m [90m>[39m candidate mapping with user name fallback       [41;1m QueryException [49;22m  
[39;1m  SQLSTATE[23502]: Not null violation: 7 FEHLER:  NULL-Wert in Spalte »organisation_id« von Relation »demo_posts« verletzt Not-Null-Constraint
DETAIL:  Fehlgeschlagene Zeile enthält (a1e8e6fc-96b8-4b87-b5c0-a709e4bd4a78, null, a1e8e6fc-9113-4102-8aa4-3f5aa01eebf9, eligendi placeat corrupti, eligendi placeat corrupti, t, null, 3, 3, 2026-05-31 08:39:57, 2026-05-31 08:39:57). (Connection: pgsql, SQL: insert into "demo_posts" ("election_id", "organisation_id", "name", "nepali_name", "position_order", "required_number", "is_national_wide", "state_name", "id", "updated_at", "created_at") values (a1e8e6fc-9113-4102-8aa4-3f5aa01eebf9, ?, eligendi placeat corrupti, eligendi placeat corrupti, 3, 3, 1, ?, a1e8e6fc-96b8-4b87-b5c0-a709e4bd4a78, 2026-05-31 08:39:57, 2026-05-31 08:39:57))[39;22m

  at [32mvendor\laravel\framework\src\Illuminate\Database\Connection.php[39m:[32m825[39m
    821▕                     $this->getName(), $query, $this->prepareBindings($bindings), $e
    822▕                 );
    823▕             }
    824▕ 
  ➜ 825▕             throw new QueryException(
    826▕                 $this->getName(), $query, $this->prepareBindings($bindings), $e
    827▕             );
    828▕         }
    829▕     }

  [33m1   [39m[39;1mvendor\laravel\framework\src\Illuminate\Database\Connection.php[39;22m:[39;1m825[39;22m

  [33m2   [39m[39;1mvendor\laravel\framework\src\Illuminate\Database\Connection.php[39;22m:[39;1m571[39;22m
  [90m    NunoMaduro\Collision\Exceptions\TestException::("SQLSTATE[23502]: Not null violation: 7 FEHLER:  NULL-Wert in Spalte »organisation_id« von Relation »demo_posts« verletzt Not-Null-Constraint
DETAIL:  Fehlgeschlagene Zeile enthält (a1e8e6fc-96b8-4b87-b5c0-a709e4bd4a78, null, a1e8e6fc-9113-4102-8aa4-3f5aa01eebf9, eligendi placeat corrupti, eligendi placeat corrupti, t, null, 3, 3, 2026-05-31 08:39:57, 2026-05-31 08:39:57).")[39m

  [31m────────────────────────────────────────────────────────────────────────────────────────────────────────────────────[39m  
  [41;1m FAILED [49;22m [1mTests\Unit\Demo\DemoCandidateMappingTest[22m [90m>[39m candidate mapping fallback to candidacy name    [41;1m QueryException [49;22m  
[39;1m  SQLSTATE[23502]: Not null violation: 7 FEHLER:  NULL-Wert in Spalte »organisation_id« von Relation »demo_posts« verletzt Not-Null-Constraint
DETAIL:  Fehlgeschlagene Zeile enthält (a1e8e6fc-fcf6-46ca-82df-08a9fbc906bc, null, a1e8e6fc-f4e7-4253-a632-a52a4a81bf99, sed hic nihil, sed hic nihil, t, null, 3, 5, 2026-05-31 08:39:58, 2026-05-31 08:39:58). (Connection: pgsql, SQL: insert into "demo_posts" ("election_id", "organisation_id", "name", "nepali_name", "position_order", "required_number", "is_national_wide", "state_name", "id", "updated_at", "created_at") values (a1e8e6fc-f4e7-4253-a632-a52a4a81bf99, ?, sed hic nihil, sed hic nihil, 5, 3, 1, ?, a1e8e6fc-fcf6-46ca-82df-08a9fbc906bc, 2026-05-31 08:39:58, 2026-05-31 08:39:58))[39;22m

  at [32mvendor\laravel\framework\src\Illuminate\Database\Connection.php[39m:[32m825[39m
    821▕                     $this->getName(), $query, $this->prepareBindings($bindings), $e
    822▕                 );
    823▕             }
    824▕ 
  ➜ 825▕             throw new QueryException(
    826▕                 $this->getName(), $query, $this->prepareBindings($bindings), $e
    827▕             );
    828▕         }
    829▕     }

  [33m1   [39m[39;1mvendor\laravel\framework\src\Illuminate\Database\Connection.php[39;22m:[39;1m825[39;22m

  [33m2   [39m[39;1mvendor\laravel\framework\src\Illuminate\Database\Connection.php[39;22m:[39;1m571[39;22m
  [90m    NunoMaduro\Collision\Exceptions\TestException::("SQLSTATE[23502]: Not null violation: 7 FEHLER:  NULL-Wert in Spalte »organisation_id« von Relation »demo_posts« verletzt Not-Null-Constraint
DETAIL:  Fehlgeschlagene Zeile enthält (a1e8e6fc-fcf6-46ca-82df-08a9fbc906bc, null, a1e8e6fc-f4e7-4253-a632-a52a4a81bf99, sed hic nihil, sed hic nihil, t, null, 3, 5, 2026-05-31 08:39:58, 2026-05-31 08:39:58).")[39m

  [31m────────────────────────────────────────────────────────────────────────────────────────────────────────────────────[39m  
  [41;1m FAILED [49;22m [1mTests\Unit\Domain\CommitteeCreationPolicyTest[22m [90m>[39m passes for active structure valid lev… [41;1m ArgumentCountError [49;22m  
[39;1m  App\Contexts\Membership\Domain\Committee\CommitteeLevel::create(): Argument #2 ($code) not passed[39;22m

  at [32mapp\Contexts\Membership\Domain\Committee\CommitteeLevel.php[39m:[32m21[39m
     17▕         public ?array $ageRange,
     18▕         public ?string $genderRequirement,
     19▕     ) {}
     20▕ 
  ➜  21▕     public static function create(
     22▕         int $index,
     23▕         ?string $code,
     24▕         string $name,
     25▕         GeoPolicy $geoPolicy,

  [33m1   [39m[39;1mapp\Contexts\Membership\Domain\Committee\CommitteeLevel.php[39;22m:[39;1m21[39;22m
  [33m2   [39m[39;1mtests\Unit\Domain\CommitteeCreationPolicyTest.php[39;22m:[39;1m43[39;22m

  [31m────────────────────────────────────────────────────────────────────────────────────────────────────────────────────[39m  
  [41;1m FAILED [49;22m [1mTests\Unit\Domain\CommitteeCreationPolicyTest[22m [90m>[39m throws for draft structure                      [41;1m TypeError [49;22m  
[39;1m  App\Contexts\Membership\Domain\Committee\CommitteeLevel::create(): Argument #3 ($name) must be of type string, App\Contexts\Membership\Domain\Committee\GeoPolicy given, called in C:\Users\nabra\OneDrive\Desktop\roshyara\xamp\nrna\nrna-eu\tests\Unit\Domain\CommitteeCreationPolicyTest.php on line 63[39;22m

  at [32mapp\Contexts\Membership\Domain\Committee\CommitteeLevel.php[39m:[32m21[39m
     17▕         public ?array $ageRange,
     18▕         public ?string $genderRequirement,
     19▕     ) {}
     20▕ 
  ➜  21▕     public static function create(
     22▕         int $index,
     23▕         ?string $code,
     24▕         string $name,
     25▕         GeoPolicy $geoPolicy,

  [33m1   [39m[39;1mapp\Contexts\Membership\Domain\Committee\CommitteeLevel.php[39;22m:[39;1m21[39;22m
  [33m2   [39m[39;1mtests\Unit\Domain\CommitteeCreationPolicyTest.php[39;22m:[39;1m63[39;22m

  [31m────────────────────────────────────────────────────────────────────────────────────────────────────────────────────[39m  
  [41;1m FAILED [49;22m [1mTests\Unit\Domain\CommitteeCreationPolicyTest[22m [90m>[39m throws for unknown level index                  [41;1m TypeError [49;22m  
[39;1m  App\Contexts\Membership\Domain\Committee\CommitteeLevel::create(): Argument #3 ($name) must be of type string, App\Contexts\Membership\Domain\Committee\GeoPolicy given, called in C:\Users\nabra\OneDrive\Desktop\roshyara\xamp\nrna\nrna-eu\tests\Unit\Domain\CommitteeCreationPolicyTest.php on line 80[39;22m

  at [32mapp\Contexts\Membership\Domain\Committee\CommitteeLevel.php[39m:[32m21[39m
     17▕         public ?array $ageRange,
     18▕         public ?string $genderRequirement,
     19▕     ) {}
     20▕ 
  ➜  21▕     public static function create(
     22▕         int $index,
     23▕         ?string $code,
     24▕         string $name,
     25▕         GeoPolicy $geoPolicy,

  [33m1   [39m[39;1mapp\Contexts\Membership\Domain\Committee\CommitteeLevel.php[39;22m:[39;1m21[39;22m
  [33m2   [39m[39;1mtests\Unit\Domain\CommitteeCreationPolicyTest.php[39;22m:[39;1m80[39;22m

  [31m────────────────────────────────────────────────────────────────────────────────────────────────────────────────────[39m  
  [41;1m FAILED [49;22m [1mTests\Unit\Domain\CommitteeCreationPolicyTest[22m [90m>[39m throws when required geo is null       [41;1m ArgumentCountError [49;22m  
[39;1m  App\Contexts\Membership\Domain\Committee\CommitteeLevel::create(): Argument #2 ($code) not passed[39;22m

  at [32mapp\Contexts\Membership\Domain\Committee\CommitteeLevel.php[39m:[32m21[39m
     17▕         public ?array $ageRange,
     18▕         public ?string $genderRequirement,
     19▕     ) {}
     20▕ 
  ➜  21▕     public static function create(
     22▕         int $index,
     23▕         ?string $code,
     24▕         string $name,
     25▕         GeoPolicy $geoPolicy,

  [33m1   [39m[39;1mapp\Contexts\Membership\Domain\Committee\CommitteeLevel.php[39;22m:[39;1m21[39;22m
  [33m2   [39m[39;1mtests\Unit\Domain\CommitteeCreationPolicyTest.php[39;22m:[39;1m108[39;22m

  [31m────────────────────────────────────────────────────────────────────────────────────────────────────────────────────[39m  
  [41;1m FAILED [49;22m [1mTests\Unit\Domain\CommitteeCreationPolicyTest[22m [90m>[39m passes when optional geo is null       [41;1m ArgumentCountError [49;22m  
[39;1m  App\Contexts\Membership\Domain\Committee\CommitteeLevel::create(): Argument #2 ($code) not passed[39;22m

  at [32mapp\Contexts\Membership\Domain\Committee\CommitteeLevel.php[39m:[32m21[39m
     17▕         public ?array $ageRange,
     18▕         public ?string $genderRequirement,
     19▕     ) {}
     20▕ 
  ➜  21▕     public static function create(
     22▕         int $index,
     23▕         ?string $code,
     24▕         string $name,
     25▕         GeoPolicy $geoPolicy,

  [33m1   [39m[39;1mapp\Contexts\Membership\Domain\Committee\CommitteeLevel.php[39;22m:[39;1m21[39;22m
  [33m2   [39m[39;1mtests\Unit\Domain\CommitteeCreationPolicyTest.php[39;22m:[39;1m138[39;22m

  [31m────────────────────────────────────────────────────────────────────────────────────────────────────────────────────[39m  
  [41;1m FAILED [49;22m [1mTests\Unit\Domain\CommitteeLevelTest[22m [90m>[39m committee level rejects index below 1                                 
[39;1m  Failed asserting that exception of type "ArgumentCountError" matches expected exception "InvalidArgumentException". Message was: "App\Contexts\Membership\Domain\Committee\CommitteeLevel::create(): Argument #2 ($code) not passed" at
C:\Users\nabra\OneDrive\Desktop\roshyara\xamp\nrna\nrna-eu\app\Contexts\Membership\Domain\Committee\CommitteeLevel.php:21
C:\Users\nabra\OneDrive\Desktop\roshyara\xamp\nrna\nrna-eu\tests\Unit\Domain\CommitteeLevelTest.php:59
.[39;22m

  [31m────────────────────────────────────────────────────────────────────────────────────────────────────────────────────[39m  
  [41;1m FAILED [49;22m [1mTests\Unit\Domain\CommitteeLevelTest[22m [90m>[39m committee level rejects index above 10                                
[39;1m  Failed asserting that exception of type "ArgumentCountError" matches expected exception "InvalidArgumentException". Message was: "App\Contexts\Membership\Domain\Committee\CommitteeLevel::create(): Argument #2 ($code) not passed" at
C:\Users\nabra\OneDrive\Desktop\roshyara\xamp\nrna\nrna-eu\app\Contexts\Membership\Domain\Committee\CommitteeLevel.php:21
C:\Users\nabra\OneDrive\Desktop\roshyara\xamp\nrna\nrna-eu\tests\Unit\Domain\CommitteeLevelTest.php:76
.[39;22m

  [31m────────────────────────────────────────────────────────────────────────────────────────────────────────────────────[39m  
  [41;1m FAILED [49;22m [1mTests\Unit\Domain\CommitteeLevelTest[22m [90m>[39m committee level required policy needs geo scope                       
[39;1m  Failed asserting that exception of type "ArgumentCountError" matches expected exception "DomainException". Message was: "App\Contexts\Membership\Domain\Committee\CommitteeLevel::create(): Argument #2 ($code) not passed" at
C:\Users\nabra\OneDrive\Desktop\roshyara\xamp\nrna\nrna-eu\app\Contexts\Membership\Domain\Committee\CommitteeLevel.php:21
C:\Users\nabra\OneDrive\Desktop\roshyara\xamp\nrna\nrna-eu\tests\Unit\Domain\CommitteeLevelTest.php:93
.[39;22m

  [31m────────────────────────────────────────────────────────────────────────────────────────────────────────────────────[39m  
  [41;1m FAILED [49;22m [1mTests\Unit\Domain\CommitteeLevelTest[22m [90m>[39m committee level none policy allows null geo sc… [41;1m ArgumentCountError [49;22m  
[39;1m  App\Contexts\Membership\Domain\Committee\CommitteeLevel::create(): Argument #2 ($code) not passed[39;22m

  at [32mapp\Contexts\Membership\Domain\Committee\CommitteeLevel.php[39m:[32m21[39m
     17▕         public ?array $ageRange,
     18▕         public ?string $genderRequirement,
     19▕     ) {}
     20▕ 
  ➜  21▕     public static function create(
     22▕         int $index,
     23▕         ?string $code,
     24▕         string $name,
     25▕         GeoPolicy $geoPolicy,

  [33m1   [39m[39;1mapp\Contexts\Membership\Domain\Committee\CommitteeLevel.php[39;22m:[39;1m21[39;22m
  [33m2   [39m[39;1mtests\Unit\Domain\CommitteeLevelTest.php[39;22m:[39;1m107[39;22m

  [31m────────────────────────────────────────────────────────────────────────────────────────────────────────────────────[39m  
  [41;1m FAILED [49;22m [1mTests\Unit\Domain\CommitteeLevelTest[22m [90m>[39m committee level to array roundtrip              [41;1m ArgumentCountError [49;22m  
[39;1m  App\Contexts\Membership\Domain\Committee\CommitteeLevel::create(): Argument #2 ($code) not passed[39;22m

  at [32mapp\Contexts\Membership\Domain\Committee\CommitteeLevel.php[39m:[32m21[39m
     17▕         public ?array $ageRange,
     18▕         public ?string $genderRequirement,
     19▕     ) {}
     20▕ 
  ➜  21▕     public static function create(
     22▕         int $index,
     23▕         ?string $code,
     24▕         string $name,
     25▕         GeoPolicy $geoPolicy,

  [33m1   [39m[39;1mapp\Contexts\Membership\Domain\Committee\CommitteeLevel.php[39;22m:[39;1m21[39;22m
  [33m2   [39m[39;1mtests\Unit\Domain\CommitteeLevelTest.php[39;22m:[39;1m124[39;22m

  [31m────────────────────────────────────────────────────────────────────────────────────────────────────────────────────[39m  
  [41;1m FAILED [49;22m [1mTests\Unit\Domain\CommitteeLevelTest[22m [90m>[39m committee level role limits defaults to empty…  [41;1m ArgumentCountError [49;22m  
[39;1m  App\Contexts\Membership\Domain\Committee\CommitteeLevel::create(): Argument #2 ($code) not passed[39;22m

  at [32mapp\Contexts\Membership\Domain\Committee\CommitteeLevel.php[39m:[32m21[39m
     17▕         public ?array $ageRange,
     18▕         public ?string $genderRequirement,
     19▕     ) {}
     20▕ 
  ➜  21▕     public static function create(
     22▕         int $index,
     23▕         ?string $code,
     24▕         string $name,
     25▕         GeoPolicy $geoPolicy,

  [33m1   [39m[39;1mapp\Contexts\Membership\Domain\Committee\CommitteeLevel.php[39;22m:[39;1m21[39;22m
  [33m2   [39m[39;1mtests\Unit\Domain\CommitteeLevelTest.php[39;22m:[39;1m174[39;22m

  [31m────────────────────────────────────────────────────────────────────────────────────────────────────────────────────[39m  
  [41;1m FAILED [49;22m [1mTests\Unit\Domain\CommitteeStructureInvariantsTest[22m [90m>[39m cannot skip level indexes                  [41;1m TypeError [49;22m  
[39;1m  App\Contexts\Membership\Domain\Committee\CommitteeLevel::create(): Argument #3 ($name) must be of type string, App\Contexts\Membership\Domain\Committee\GeoPolicy given, called in C:\Users\nabra\OneDrive\Desktop\roshyara\xamp\nrna\nrna-eu\tests\Unit\Domain\CommitteeStructureInvariantsTest.php on line 27[39;22m

  at [32mapp\Contexts\Membership\Domain\Committee\CommitteeLevel.php[39m:[32m21[39m
     17▕         public ?array $ageRange,
     18▕         public ?string $genderRequirement,
     19▕     ) {}
     20▕ 
  ➜  21▕     public static function create(
     22▕         int $index,
     23▕         ?string $code,
     24▕         string $name,
     25▕         GeoPolicy $geoPolicy,

  [33m1   [39m[39;1mapp\Contexts\Membership\Domain\Committee\CommitteeLevel.php[39;22m:[39;1m21[39;22m
  [33m2   [39m[39;1mtests\Unit\Domain\CommitteeStructureInvariantsTest.php[39;22m:[39;1m27[39;22m

  [31m────────────────────────────────────────────────────────────────────────────────────────────────────────────────────[39m  
  [41;1m FAILED [49;22m [1mTests\Unit\Domain\CommitteeStructureInvariantsTest[22m [90m>[39m cannot create level with index 0                        
[39;1m  Failed asserting that exception of type "TypeError" matches expected exception "InvalidArgumentException". Message was: "App\Contexts\Membership\Domain\Committee\CommitteeLevel::create(): Argument #3 ($name) must be of type string, App\Contexts\Membership\Domain\Committee\GeoPolicy given, called in C:\Users\nabra\OneDrive\Desktop\roshyara\xamp\nrna\nrna-eu\tests\Unit\Domain\CommitteeStructureInvariantsTest.php on line 47" at
C:\Users\nabra\OneDrive\Desktop\roshyara\xamp\nrna\nrna-eu\app\Contexts\Membership\Domain\Committee\CommitteeLevel.php:21
C:\Users\nabra\OneDrive\Desktop\roshyara\xamp\nrna\nrna-eu\tests\Unit\Domain\CommitteeStructureInvariantsTest.php:47
.[39;22m

  [31m────────────────────────────────────────────────────────────────────────────────────────────────────────────────────[39m  
  [41;1m FAILED [49;22m [1mTests\Unit\Domain\CommitteeStructureInvariantsTest[22m [90m>[39m index range constraint enforced at level creation       
[39;1m  Failed asserting that exception of type "TypeError" matches expected exception "InvalidArgumentException". Message was: "App\Contexts\Membership\Domain\Committee\CommitteeLevel::create(): Argument #3 ($name) must be of type string, App\Contexts\Membership\Domain\Committee\GeoPolicy given, called in C:\Users\nabra\OneDrive\Desktop\roshyara\xamp\nrna\nrna-eu\tests\Unit\Domain\CommitteeStructureInvariantsTest.php on line 59" at
C:\Users\nabra\OneDrive\Desktop\roshyara\xamp\nrna\nrna-eu\app\Contexts\Membership\Domain\Committee\CommitteeLevel.php:21
C:\Users\nabra\OneDrive\Desktop\roshyara\xamp\nrna\nrna-eu\tests\Unit\Domain\CommitteeStructureInvariantsTest.php:59
.[39;22m

  [31m────────────────────────────────────────────────────────────────────────────────────────────────────────────────────[39m  
  [41;1m FAILED [49;22m [1mTests\Unit\Domain\CommitteeStructureInvariantsTest[22m [90m>[39m all levels must have unique indexes        [41;1m TypeError [49;22m  
[39;1m  App\Contexts\Membership\Domain\Committee\CommitteeLevel::create(): Argument #3 ($name) must be of type string, App\Contexts\Membership\Domain\Committee\GeoPolicy given, called in C:\Users\nabra\OneDrive\Desktop\roshyara\xamp\nrna\nrna-eu\tests\Unit\Domain\CommitteeStructureInvariantsTest.php on line 78[39;22m

  at [32mapp\Contexts\Membership\Domain\Committee\CommitteeLevel.php[39m:[32m21[39m
     17▕         public ?array $ageRange,
     18▕         public ?string $genderRequirement,
     19▕     ) {}
     20▕ 
  ➜  21▕     public static function create(
     22▕         int $index,
     23▕         ?string $code,
     24▕         string $name,
     25▕         GeoPolicy $geoPolicy,

  [33m1   [39m[39;1mapp\Contexts\Membership\Domain\Committee\CommitteeLevel.php[39;22m:[39;1m21[39;22m
  [33m2   [39m[39;1mtests\Unit\Domain\CommitteeStructureInvariantsTest.php[39;22m:[39;1m78[39;22m

  [31m────────────────────────────────────────────────────────────────────────────────────────────────────────────────────[39m  
  [41;1m FAILED [49;22m [1mTests\Unit\Domain\CommitteeStructureInvariantsTest[22m [90m>[39m valid structure with all 10 levels         [41;1m TypeError [49;22m  
[39;1m  App\Contexts\Membership\Domain\Committee\CommitteeLevel::create(): Argument #3 ($name) must be of type string, App\Contexts\Membership\Domain\Committee\GeoPolicy given, called in C:\Users\nabra\OneDrive\Desktop\roshyara\xamp\nrna\nrna-eu\tests\Unit\Domain\CommitteeStructureInvariantsTest.php on line 97[39;22m

  at [32mapp\Contexts\Membership\Domain\Committee\CommitteeLevel.php[39m:[32m21[39m
     17▕         public ?array $ageRange,
     18▕         public ?string $genderRequirement,
     19▕     ) {}
     20▕ 
  ➜  21▕     public static function create(
     22▕         int $index,
     23▕         ?string $code,
     24▕         string $name,
     25▕         GeoPolicy $geoPolicy,

  [33m1   [39m[39;1mapp\Contexts\Membership\Domain\Committee\CommitteeLevel.php[39;22m:[39;1m21[39;22m
  [33m2   [39m[39;1mtests\Unit\Domain\CommitteeStructureInvariantsTest.php[39;22m:[39;1m97[39;22m

  [31m────────────────────────────────────────────────────────────────────────────────────────────────────────────────────[39m  
  [41;1m FAILED [49;22m [1mTests\Unit\Domain\CommitteeStructureInvariantsTest[22m [90m>[39m get level with valid index                 [41;1m TypeError [49;22m  
[39;1m  App\Contexts\Membership\Domain\Committee\CommitteeLevel::create(): Argument #3 ($name) must be of type string, App\Contexts\Membership\Domain\Committee\GeoPolicy given, called in C:\Users\nabra\OneDrive\Desktop\roshyara\xamp\nrna\nrna-eu\tests\Unit\Domain\CommitteeStructureInvariantsTest.php on line 113[39;22m

  at [32mapp\Contexts\Membership\Domain\Committee\CommitteeLevel.php[39m:[32m21[39m
     17▕         public ?array $ageRange,
     18▕         public ?string $genderRequirement,
     19▕     ) {}
     20▕ 
  ➜  21▕     public static function create(
     22▕         int $index,
     23▕         ?string $code,
     24▕         string $name,
     25▕         GeoPolicy $geoPolicy,

  [33m1   [39m[39;1mapp\Contexts\Membership\Domain\Committee\CommitteeLevel.php[39;22m:[39;1m21[39;22m
  [33m2   [39m[39;1mtests\Unit\Domain\CommitteeStructureInvariantsTest.php[39;22m:[39;1m113[39;22m

  [31m────────────────────────────────────────────────────────────────────────────────────────────────────────────────────[39m  
  [41;1m FAILED [49;22m [1mTests\Unit\Domain\CommitteeStructureInvariantsTest[22m [90m>[39m assert can create committee validates sta… [41;1m TypeError [49;22m  
[39;1m  App\Contexts\Membership\Domain\Committee\CommitteeLevel::create(): Argument #3 ($name) must be of type string, App\Contexts\Membership\Domain\Committee\GeoPolicy given, called in C:\Users\nabra\OneDrive\Desktop\roshyara\xamp\nrna\nrna-eu\tests\Unit\Domain\CommitteeStructureInvariantsTest.php on line 131[39;22m

  at [32mapp\Contexts\Membership\Domain\Committee\CommitteeLevel.php[39m:[32m21[39m
     17▕         public ?array $ageRange,
     18▕         public ?string $genderRequirement,
     19▕     ) {}
     20▕ 
  ➜  21▕     public static function create(
     22▕         int $index,
     23▕         ?string $code,
     24▕         string $name,
     25▕         GeoPolicy $geoPolicy,

  [33m1   [39m[39;1mapp\Contexts\Membership\Domain\Committee\CommitteeLevel.php[39;22m:[39;1m21[39;22m
  [33m2   [39m[39;1mtests\Unit\Domain\CommitteeStructureInvariantsTest.php[39;22m:[39;1m131[39;22m

  [31m────────────────────────────────────────────────────────────────────────────────────────────────────────────────────[39m  
  [41;1m FAILED [49;22m [1mTests\Unit\Domain\CommitteeStructureInvariantsTest[22m [90m>[39m assert can create committee validates lev… [41;1m TypeError [49;22m  
[39;1m  App\Contexts\Membership\Domain\Committee\CommitteeLevel::create(): Argument #3 ($name) must be of type string, App\Contexts\Membership\Domain\Committee\GeoPolicy given, called in C:\Users\nabra\OneDrive\Desktop\roshyara\xamp\nrna\nrna-eu\tests\Unit\Domain\CommitteeStructureInvariantsTest.php on line 149[39;22m

  at [32mapp\Contexts\Membership\Domain\Committee\CommitteeLevel.php[39m:[32m21[39m
     17▕         public ?array $ageRange,
     18▕         public ?string $genderRequirement,
     19▕     ) {}
     20▕ 
  ➜  21▕     public static function create(
     22▕         int $index,
     23▕         ?string $code,
     24▕         string $name,
     25▕         GeoPolicy $geoPolicy,

  [33m1   [39m[39;1mapp\Contexts\Membership\Domain\Committee\CommitteeLevel.php[39;22m:[39;1m21[39;22m
  [33m2   [39m[39;1mtests\Unit\Domain\CommitteeStructureInvariantsTest.php[39;22m:[39;1m149[39;22m

  [31m────────────────────────────────────────────────────────────────────────────────────────────────────────────────────[39m  
  [41;1m FAILED [49;22m [1mTests\Unit\Domain\CommitteeStructureInvariantsTest[22m [90m>[39m assert can create committee vali… [41;1m ArgumentCountError [49;22m  
[39;1m  App\Contexts\Membership\Domain\Committee\CommitteeLevel::create(): Argument #2 ($code) not passed[39;22m

  at [32mapp\Contexts\Membership\Domain\Committee\CommitteeLevel.php[39m:[32m21[39m
     17▕         public ?array $ageRange,
     18▕         public ?string $genderRequirement,
     19▕     ) {}
     20▕ 
  ➜  21▕     public static function create(
     22▕         int $index,
     23▕         ?string $code,
     24▕         string $name,
     25▕         GeoPolicy $geoPolicy,

  [33m1   [39m[39;1mapp\Contexts\Membership\Domain\Committee\CommitteeLevel.php[39;22m:[39;1m21[39;22m
  [33m2   [39m[39;1mtests\Unit\Domain\CommitteeStructureInvariantsTest.php[39;22m:[39;1m177[39;22m

  [31m────────────────────────────────────────────────────────────────────────────────────────────────────────────────────[39m  
  [41;1m FAILED [49;22m [1mTests\Unit\Domain\CommitteeStructureStateMachineTest[22m [90m>[39m cannot activate already active structur… [41;1m TypeError [49;22m  
[39;1m  App\Contexts\Membership\Domain\Committee\CommitteeLevel::create(): Argument #3 ($name) must be of type string, App\Contexts\Membership\Domain\Committee\GeoPolicy given, called in C:\Users\nabra\OneDrive\Desktop\roshyara\xamp\nrna\nrna-eu\tests\Unit\Domain\CommitteeStructureStateMachineTest.php on line 26[39;22m

  at [32mapp\Contexts\Membership\Domain\Committee\CommitteeLevel.php[39m:[32m21[39m
     17▕         public ?array $ageRange,
     18▕         public ?string $genderRequirement,
     19▕     ) {}
     20▕ 
  ➜  21▕     public static function create(
     22▕         int $index,
     23▕         ?string $code,
     24▕         string $name,
     25▕         GeoPolicy $geoPolicy,

  [33m1   [39m[39;1mapp\Contexts\Membership\Domain\Committee\CommitteeLevel.php[39;22m:[39;1m21[39;22m
  [33m2   [39m[39;1mtests\Unit\Domain\CommitteeStructureStateMachineTest.php[39;22m:[39;1m26[39;22m

  [31m────────────────────────────────────────────────────────────────────────────────────────────────────────────────────[39m  
  [41;1m FAILED [49;22m [1mTests\Unit\Domain\CommitteeStructureStateMachineTest[22m [90m>[39m cannot evolve draft structure            [41;1m TypeError [49;22m  
[39;1m  App\Contexts\Membership\Domain\Committee\CommitteeLevel::create(): Argument #3 ($name) must be of type string, App\Contexts\Membership\Domain\Committee\GeoPolicy given, called in C:\Users\nabra\OneDrive\Desktop\roshyara\xamp\nrna\nrna-eu\tests\Unit\Domain\CommitteeStructureStateMachineTest.php on line 45[39;22m

  at [32mapp\Contexts\Membership\Domain\Committee\CommitteeLevel.php[39m:[32m21[39m
     17▕         public ?array $ageRange,
     18▕         public ?string $genderRequirement,
     19▕     ) {}
     20▕ 
  ➜  21▕     public static function create(
     22▕         int $index,
     23▕         ?string $code,
     24▕         string $name,
     25▕         GeoPolicy $geoPolicy,

  [33m1   [39m[39;1mapp\Contexts\Membership\Domain\Committee\CommitteeLevel.php[39;22m:[39;1m21[39;22m
  [33m2   [39m[39;1mtests\Unit\Domain\CommitteeStructureStateMachineTest.php[39;22m:[39;1m45[39;22m

  [31m────────────────────────────────────────────────────────────────────────────────────────────────────────────────────[39m  
  [41;1m FAILED [49;22m [1mTests\Unit\Domain\CommitteeStructureStateMachineTest[22m [90m>[39m cannot evolve deprecated structure       [41;1m TypeError [49;22m  
[39;1m  App\Contexts\Membership\Domain\Committee\CommitteeLevel::create(): Argument #3 ($name) must be of type string, App\Contexts\Membership\Domain\Committee\GeoPolicy given, called in C:\Users\nabra\OneDrive\Desktop\roshyara\xamp\nrna\nrna-eu\tests\Unit\Domain\CommitteeStructureStateMachineTest.php on line 62[39;22m

  at [32mapp\Contexts\Membership\Domain\Committee\CommitteeLevel.php[39m:[32m21[39m
     17▕         public ?array $ageRange,
     18▕         public ?string $genderRequirement,
     19▕     ) {}
     20▕ 
  ➜  21▕     public static function create(
     22▕         int $index,
     23▕         ?string $code,
     24▕         string $name,
     25▕         GeoPolicy $geoPolicy,

  [33m1   [39m[39;1mapp\Contexts\Membership\Domain\Committee\CommitteeLevel.php[39;22m:[39;1m21[39;22m
  [33m2   [39m[39;1mtests\Unit\Domain\CommitteeStructureStateMachineTest.php[39;22m:[39;1m62[39;22m

  [31m────────────────────────────────────────────────────────────────────────────────────────────────────────────────────[39m  
  [41;1m FAILED [49;22m [1mTests\Unit\Domain\CommitteeStructureStateMachineTest[22m [90m>[39m state transitions follow lifecycle       [41;1m TypeError [49;22m  
[39;1m  App\Contexts\Membership\Domain\Committee\CommitteeLevel::create(): Argument #3 ($name) must be of type string, App\Contexts\Membership\Domain\Committee\GeoPolicy given, called in C:\Users\nabra\OneDrive\Desktop\roshyara\xamp\nrna\nrna-eu\tests\Unit\Domain\CommitteeStructureStateMachineTest.php on line 83[39;22m

  at [32mapp\Contexts\Membership\Domain\Committee\CommitteeLevel.php[39m:[32m21[39m
     17▕         public ?array $ageRange,
     18▕         public ?string $genderRequirement,
     19▕     ) {}
     20▕ 
  ➜  21▕     public static function create(
     22▕         int $index,
     23▕         ?string $code,
     24▕         string $name,
     25▕         GeoPolicy $geoPolicy,

  [33m1   [39m[39;1mapp\Contexts\Membership\Domain\Committee\CommitteeLevel.php[39;22m:[39;1m21[39;22m
  [33m2   [39m[39;1mtests\Unit\Domain\CommitteeStructureStateMachineTest.php[39;22m:[39;1m83[39;22m

  [31m────────────────────────────────────────────────────────────────────────────────────────────────────────────────────[39m  
  [41;1m FAILED [49;22m [1mTests\Unit\Domain\CommitteeStructureStateMachineTest[22m [90m>[39m version increments on evolve             [41;1m TypeError [49;22m  
[39;1m  App\Contexts\Membership\Domain\Committee\CommitteeLevel::create(): Argument #3 ($name) must be of type string, App\Contexts\Membership\Domain\Committee\GeoPolicy given, called in C:\Users\nabra\OneDrive\Desktop\roshyara\xamp\nrna\nrna-eu\tests\Unit\Domain\CommitteeStructureStateMachineTest.php on line 112[39;22m

  at [32mapp\Contexts\Membership\Domain\Committee\CommitteeLevel.php[39m:[32m21[39m
     17▕         public ?array $ageRange,
     18▕         public ?string $genderRequirement,
     19▕     ) {}
     20▕ 
  ➜  21▕     public static function create(
     22▕         int $index,
     23▕         ?string $code,
     24▕         string $name,
     25▕         GeoPolicy $geoPolicy,

  [33m1   [39m[39;1mapp\Contexts\Membership\Domain\Committee\CommitteeLevel.php[39;22m:[39;1m21[39;22m
  [33m2   [39m[39;1mtests\Unit\Domain\CommitteeStructureStateMachineTest.php[39;22m:[39;1m112[39;22m

  [31m────────────────────────────────────────────────────────────────────────────────────────────────────────────────────[39m  
  [41;1m FAILED [49;22m [1mTests\Unit\Domain\CommitteeStructureStateMachineTest[22m [90m>[39m activation emits event with level count  [41;1m TypeError [49;22m  
[39;1m  App\Contexts\Membership\Domain\Committee\CommitteeLevel::create(): Argument #3 ($name) must be of type string, App\Contexts\Membership\Domain\Committee\GeoPolicy given, called in C:\Users\nabra\OneDrive\Desktop\roshyara\xamp\nrna\nrna-eu\tests\Unit\Domain\CommitteeStructureStateMachineTest.php on line 132[39;22m

  at [32mapp\Contexts\Membership\Domain\Committee\CommitteeLevel.php[39m:[32m21[39m
     17▕         public ?array $ageRange,
     18▕         public ?string $genderRequirement,
     19▕     ) {}
     20▕ 
  ➜  21▕     public static function create(
     22▕         int $index,
     23▕         ?string $code,
     24▕         string $name,
     25▕         GeoPolicy $geoPolicy,

  [33m1   [39m[39;1mapp\Contexts\Membership\Domain\Committee\CommitteeLevel.php[39;22m:[39;1m21[39;22m
  [33m2   [39m[39;1mtests\Unit\Domain\CommitteeStructureStateMachineTest.php[39;22m:[39;1m132[39;22m

  [31m────────────────────────────────────────────────────────────────────────────────────────────────────────────────────[39m  
  [41;1m FAILED [49;22m [1mTests\Unit\Domain\CommitteeStructureStateMachineTest[22m [90m>[39m cannot activate structure without level… [41;1m TypeError [49;22m  
[39;1m  App\Contexts\Membership\Domain\Committee\CommitteeLevel::create(): Argument #3 ($name) must be of type string, App\Contexts\Membership\Domain\Committee\GeoPolicy given, called in C:\Users\nabra\OneDrive\Desktop\roshyara\xamp\nrna\nrna-eu\tests\Unit\Domain\CommitteeStructureStateMachineTest.php on line 167[39;22m

  at [32mapp\Contexts\Membership\Domain\Committee\CommitteeLevel.php[39m:[32m21[39m
     17▕         public ?array $ageRange,
     18▕         public ?string $genderRequirement,
     19▕     ) {}
     20▕ 
  ➜  21▕     public static function create(
     22▕         int $index,
     23▕         ?string $code,
     24▕         string $name,
     25▕         GeoPolicy $geoPolicy,

  [33m1   [39m[39;1mapp\Contexts\Membership\Domain\Committee\CommitteeLevel.php[39;22m:[39;1m21[39;22m
  [33m2   [39m[39;1mtests\Unit\Domain\CommitteeStructureStateMachineTest.php[39;22m:[39;1m167[39;22m

  [31m────────────────────────────────────────────────────────────────────────────────────────────────────────────────────[39m  
  [41;1m FAILED [49;22m [1mTests\Unit\Domain\CommitteeStructureTest[22m [90m>[39m can create structure in draft status        [41;1m ArgumentCountError [49;22m  
[39;1m  App\Contexts\Membership\Domain\Committee\CommitteeLevel::create(): Argument #2 ($code) not passed[39;22m

  at [32mapp\Contexts\Membership\Domain\Committee\CommitteeLevel.php[39m:[32m21[39m
     17▕         public ?array $ageRange,
     18▕         public ?string $genderRequirement,
     19▕     ) {}
     20▕ 
  ➜  21▕     public static function create(
     22▕         int $index,
     23▕         ?string $code,
     24▕         string $name,
     25▕         GeoPolicy $geoPolicy,

  [33m1   [39m[39;1mapp\Contexts\Membership\Domain\Committee\CommitteeLevel.php[39;22m:[39;1m21[39;22m
  [33m2   [39m[39;1mtests\Unit\Domain\CommitteeStructureTest.php[39;22m:[39;1m36[39;22m

  [31m────────────────────────────────────────────────────────────────────────────────────────────────────────────────────[39m  
  [41;1m FAILED [49;22m [1mTests\Unit\Domain\CommitteeStructureTest[22m [90m>[39m rejects duplicate level indexes                      [41;1m TypeError [49;22m  
[39;1m  App\Contexts\Membership\Domain\Committee\CommitteeLevel::create(): Argument #3 ($name) must be of type string, App\Contexts\Membership\Domain\Committee\GeoPolicy given, called in C:\Users\nabra\OneDrive\Desktop\roshyara\xamp\nrna\nrna-eu\tests\Unit\Domain\CommitteeStructureTest.php on line 67[39;22m

  at [32mapp\Contexts\Membership\Domain\Committee\CommitteeLevel.php[39m:[32m21[39m
     17▕         public ?array $ageRange,
     18▕         public ?string $genderRequirement,
     19▕     ) {}
     20▕ 
  ➜  21▕     public static function create(
     22▕         int $index,
     23▕         ?string $code,
     24▕         string $name,
     25▕         GeoPolicy $geoPolicy,

  [33m1   [39m[39;1mapp\Contexts\Membership\Domain\Committee\CommitteeLevel.php[39;22m:[39;1m21[39;22m
  [33m2   [39m[39;1mtests\Unit\Domain\CommitteeStructureTest.php[39;22m:[39;1m67[39;22m

  [31m────────────────────────────────────────────────────────────────────────────────────────────────────────────────────[39m  
  [41;1m FAILED [49;22m [1mTests\Unit\Domain\CommitteeStructureTest[22m [90m>[39m rejects non contiguous level indexes                 [41;1m TypeError [49;22m  
[39;1m  App\Contexts\Membership\Domain\Committee\CommitteeLevel::create(): Argument #3 ($name) must be of type string, App\Contexts\Membership\Domain\Committee\GeoPolicy given, called in C:\Users\nabra\OneDrive\Desktop\roshyara\xamp\nrna\nrna-eu\tests\Unit\Domain\CommitteeStructureTest.php on line 85[39;22m

  at [32mapp\Contexts\Membership\Domain\Committee\CommitteeLevel.php[39m:[32m21[39m
     17▕         public ?array $ageRange,
     18▕         public ?string $genderRequirement,
     19▕     ) {}
     20▕ 
  ➜  21▕     public static function create(
     22▕         int $index,
     23▕         ?string $code,
     24▕         string $name,
     25▕         GeoPolicy $geoPolicy,

  [33m1   [39m[39;1mapp\Contexts\Membership\Domain\Committee\CommitteeLevel.php[39;22m:[39;1m21[39;22m
  [33m2   [39m[39;1mtests\Unit\Domain\CommitteeStructureTest.php[39;22m:[39;1m85[39;22m

  [31m────────────────────────────────────────────────────────────────────────────────────────────────────────────────────[39m  
  [41;1m FAILED [49;22m [1mTests\Unit\Domain\CommitteeStructureTest[22m [90m>[39m get level returns correct level                      [41;1m TypeError [49;22m  
[39;1m  App\Contexts\Membership\Domain\Committee\CommitteeLevel::create(): Argument #3 ($name) must be of type string, App\Contexts\Membership\Domain\Committee\GeoPolicy given, called in C:\Users\nabra\OneDrive\Desktop\roshyara\xamp\nrna\nrna-eu\tests\Unit\Domain\CommitteeStructureTest.php on line 102[39;22m

  at [32mapp\Contexts\Membership\Domain\Committee\CommitteeLevel.php[39m:[32m21[39m
     17▕         public ?array $ageRange,
     18▕         public ?string $genderRequirement,
     19▕     ) {}
     20▕ 
  ➜  21▕     public static function create(
     22▕         int $index,
     23▕         ?string $code,
     24▕         string $name,
     25▕         GeoPolicy $geoPolicy,

  [33m1   [39m[39;1mapp\Contexts\Membership\Domain\Committee\CommitteeLevel.php[39;22m:[39;1m21[39;22m
  [33m2   [39m[39;1mtests\Unit\Domain\CommitteeStructureTest.php[39;22m:[39;1m102[39;22m

  [31m────────────────────────────────────────────────────────────────────────────────────────────────────────────────────[39m  
  [41;1m FAILED [49;22m [1mTests\Unit\Domain\CommitteeStructureTest[22m [90m>[39m get level throws for unknown index                   [41;1m TypeError [49;22m  
[39;1m  App\Contexts\Membership\Domain\Committee\CommitteeLevel::create(): Argument #3 ($name) must be of type string, App\Contexts\Membership\Domain\Committee\GeoPolicy given, called in C:\Users\nabra\OneDrive\Desktop\roshyara\xamp\nrna\nrna-eu\tests\Unit\Domain\CommitteeStructureTest.php on line 118[39;22m

  at [32mapp\Contexts\Membership\Domain\Committee\CommitteeLevel.php[39m:[32m21[39m
     17▕         public ?array $ageRange,
     18▕         public ?string $genderRequirement,
     19▕     ) {}
     20▕ 
  ➜  21▕     public static function create(
     22▕         int $index,
     23▕         ?string $code,
     24▕         string $name,
     25▕         GeoPolicy $geoPolicy,

  [33m1   [39m[39;1mapp\Contexts\Membership\Domain\Committee\CommitteeLevel.php[39;22m:[39;1m21[39;22m
  [33m2   [39m[39;1mtests\Unit\Domain\CommitteeStructureTest.php[39;22m:[39;1m118[39;22m

  [31m────────────────────────────────────────────────────────────────────────────────────────────────────────────────────[39m  
  [41;1m FAILED [49;22m [1mTests\Unit\Domain\CommitteeStructureTest[22m [90m>[39m activate changes status to active                    [41;1m TypeError [49;22m  
[39;1m  App\Contexts\Membership\Domain\Committee\CommitteeLevel::create(): Argument #3 ($name) must be of type string, App\Contexts\Membership\Domain\Committee\GeoPolicy given, called in C:\Users\nabra\OneDrive\Desktop\roshyara\xamp\nrna\nrna-eu\tests\Unit\Domain\CommitteeStructureTest.php on line 135[39;22m

  at [32mapp\Contexts\Membership\Domain\Committee\CommitteeLevel.php[39m:[32m21[39m
     17▕         public ?array $ageRange,
     18▕         public ?string $genderRequirement,
     19▕     ) {}
     20▕ 
  ➜  21▕     public static function create(
     22▕         int $index,
     23▕         ?string $code,
     24▕         string $name,
     25▕         GeoPolicy $geoPolicy,

  [33m1   [39m[39;1mapp\Contexts\Membership\Domain\Committee\CommitteeLevel.php[39;22m:[39;1m21[39;22m
  [33m2   [39m[39;1mtests\Unit\Domain\CommitteeStructureTest.php[39;22m:[39;1m135[39;22m

  [31m────────────────────────────────────────────────────────────────────────────────────────────────────────────────────[39m  
  [41;1m FAILED [49;22m [1mTests\Unit\Domain\CommitteeStructureTest[22m [90m>[39m evolve deprecates current and returns new draft      [41;1m TypeError [49;22m  
[39;1m  App\Contexts\Membership\Domain\Committee\CommitteeLevel::create(): Argument #3 ($name) must be of type string, App\Contexts\Membership\Domain\Committee\GeoPolicy given, called in C:\Users\nabra\OneDrive\Desktop\roshyara\xamp\nrna\nrna-eu\tests\Unit\Domain\CommitteeStructureTest.php on line 151[39;22m

  at [32mapp\Contexts\Membership\Domain\Committee\CommitteeLevel.php[39m:[32m21[39m
     17▕         public ?array $ageRange,
     18▕         public ?string $genderRequirement,
     19▕     ) {}
     20▕ 
  ➜  21▕     public static function create(
     22▕         int $index,
     23▕         ?string $code,
     24▕         string $name,
     25▕         GeoPolicy $geoPolicy,

  [33m1   [39m[39;1mapp\Contexts\Membership\Domain\Committee\CommitteeLevel.php[39;22m:[39;1m21[39;22m
  [33m2   [39m[39;1mtests\Unit\Domain\CommitteeStructureTest.php[39;22m:[39;1m151[39;22m

  [31m────────────────────────────────────────────────────────────────────────────────────────────────────────────────────[39m  
  [41;1m FAILED [49;22m [1mTests\Unit\Domain\CommitteeStructureTest[22m [90m>[39m cannot create committee against draft structure      [41;1m TypeError [49;22m  
[39;1m  App\Contexts\Membership\Domain\Committee\CommitteeLevel::create(): Argument #3 ($name) must be of type string, App\Contexts\Membership\Domain\Committee\GeoPolicy given, called in C:\Users\nabra\OneDrive\Desktop\roshyara\xamp\nrna\nrna-eu\tests\Unit\Domain\CommitteeStructureTest.php on line 176[39;22m

  at [32mapp\Contexts\Membership\Domain\Committee\CommitteeLevel.php[39m:[32m21[39m
     17▕         public ?array $ageRange,
     18▕         public ?string $genderRequirement,
     19▕     ) {}
     20▕ 
  ➜  21▕     public static function create(
     22▕         int $index,
     23▕         ?string $code,
     24▕         string $name,
     25▕         GeoPolicy $geoPolicy,

  [33m1   [39m[39;1mapp\Contexts\Membership\Domain\Committee\CommitteeLevel.php[39;22m:[39;1m21[39;22m
  [33m2   [39m[39;1mtests\Unit\Domain\CommitteeStructureTest.php[39;22m:[39;1m176[39;22m

  [31m────────────────────────────────────────────────────────────────────────────────────────────────────────────────────[39m  
  [41;1m FAILED [49;22m [1mTests\Unit\Domain\CommitteeStructureTest[22m [90m>[39m cannot create committee against deprecated structur… [41;1m TypeError [49;22m  
[39;1m  App\Contexts\Membership\Domain\Committee\CommitteeLevel::create(): Argument #3 ($name) must be of type string, App\Contexts\Membership\Domain\Committee\GeoPolicy given, called in C:\Users\nabra\OneDrive\Desktop\roshyara\xamp\nrna\nrna-eu\tests\Unit\Domain\CommitteeStructureTest.php on line 190[39;22m

  at [32mapp\Contexts\Membership\Domain\Committee\CommitteeLevel.php[39m:[32m21[39m
     17▕         public ?array $ageRange,
     18▕         public ?string $genderRequirement,
     19▕     ) {}
     20▕ 
  ➜  21▕     public static function create(
     22▕         int $index,
     23▕         ?string $code,
     24▕         string $name,
     25▕         GeoPolicy $geoPolicy,

  [33m1   [39m[39;1mapp\Contexts\Membership\Domain\Committee\CommitteeLevel.php[39;22m:[39;1m21[39;22m
  [33m2   [39m[39;1mtests\Unit\Domain\CommitteeStructureTest.php[39;22m:[39;1m190[39;22m

  [31m────────────────────────────────────────────────────────────────────────────────────────────────────────────────────[39m  
  [41;1m FAILED [49;22m [1mTests\Unit\Domain\CommitteeStructureTest[22m [90m>[39m domain event emitted on define                       [41;1m TypeError [49;22m  
[39;1m  App\Contexts\Membership\Domain\Committee\CommitteeLevel::create(): Argument #3 ($name) must be of type string, App\Contexts\Membership\Domain\Committee\GeoPolicy given, called in C:\Users\nabra\OneDrive\Desktop\roshyara\xamp\nrna\nrna-eu\tests\Unit\Domain\CommitteeStructureTest.php on line 209[39;22m

  at [32mapp\Contexts\Membership\Domain\Committee\CommitteeLevel.php[39m:[32m21[39m
     17▕         public ?array $ageRange,
     18▕         public ?string $genderRequirement,
     19▕     ) {}
     20▕ 
  ➜  21▕     public static function create(
     22▕         int $index,
     23▕         ?string $code,
     24▕         string $name,
     25▕         GeoPolicy $geoPolicy,

  [33m1   [39m[39;1mapp\Contexts\Membership\Domain\Committee\CommitteeLevel.php[39;22m:[39;1m21[39;22m
  [33m2   [39m[39;1mtests\Unit\Domain\CommitteeStructureTest.php[39;22m:[39;1m209[39;22m

  [31m────────────────────────────────────────────────────────────────────────────────────────────────────────────────────[39m  
  [41;1m FAILED [49;22m [1mTests\Unit\Domain\Committee\Constitutional\ConstitutionalArbitrationKernelTest[22m [90m>[39m kernel returns co… [41;1m Error [49;22m  
[39;1m  Class "App\Contexts\Membership\Domain\Committee\Geo\Kernel\GovernanceDecisionId" not found[39;22m

  at [32mapp\Contexts\Membership\Domain\Committee\Geo\Kernel\UuidGovernanceDecisionIdGenerator.php[39m:[32m11[39m
      7▕ final class UuidGovernanceDecisionIdGenerator implements GovernanceDecisionIdGenerator
      8▕ {
      9▕     public function next(): GovernanceDecisionId
     10▕     {
  ➜  11▕         return GovernanceDecisionId::generate();
     12▕     }
     13▕ }
     14▕

  [33m1   [39m[39;1mapp\Contexts\Membership\Domain\Committee\Geo\Kernel\UuidGovernanceDecisionIdGenerator.php[39;22m:[39;1m11[39;22m
  [33m2   [39m[39;1mapp\Contexts\Membership\Domain\Committee\Geo\Kernel\GovernanceDecisionKernel.php[39;22m:[39;1m41[39;22m

  [31m────────────────────────────────────────────────────────────────────────────────────────────────────────────────────[39m  
  [41;1m FAILED [49;22m [1mTests\Unit\Domain\Committee\Constitutional\ConstitutionalArbitrationKernelTest[22m [90m>[39m kernel uses clock… [41;1m Error [49;22m  
[39;1m  Class "App\Contexts\Membership\Domain\Committee\Geo\Kernel\GovernanceDecisionId" not found[39;22m

  at [32mapp\Contexts\Membership\Domain\Committee\Geo\Kernel\UuidGovernanceDecisionIdGenerator.php[39m:[32m11[39m
      7▕ final class UuidGovernanceDecisionIdGenerator implements GovernanceDecisionIdGenerator
      8▕ {
      9▕     public function next(): GovernanceDecisionId
     10▕     {
  ➜  11▕         return GovernanceDecisionId::generate();
     12▕     }
     13▕ }
     14▕

  [33m1   [39m[39;1mapp\Contexts\Membership\Domain\Committee\Geo\Kernel\UuidGovernanceDecisionIdGenerator.php[39;22m:[39;1m11[39;22m
  [33m2   [39m[39;1mapp\Contexts\Membership\Domain\Committee\Geo\Kernel\GovernanceDecisionKernel.php[39;22m:[39;1m41[39;22m

  [31m────────────────────────────────────────────────────────────────────────────────────────────────────────────────────[39m  
  [41;1m FAILED [49;22m [1mTests\Unit\Domain\Committee\Constitutional\ConstitutionalArbitrationKernelTest[22m [90m>[39m kernel uses provi… [41;1m Error [49;22m  
[39;1m  Class "App\Contexts\Membership\Domain\Committee\Geo\Kernel\GovernanceDecisionId" not found[39;22m

  at [32mapp\Contexts\Membership\Domain\Committee\Geo\Kernel\UuidGovernanceDecisionIdGenerator.php[39m:[32m11[39m
      7▕ final class UuidGovernanceDecisionIdGenerator implements GovernanceDecisionIdGenerator
      8▕ {
      9▕     public function next(): GovernanceDecisionId
     10▕     {
  ➜  11▕         return GovernanceDecisionId::generate();
     12▕     }
     13▕ }
     14▕

  [33m1   [39m[39;1mapp\Contexts\Membership\Domain\Committee\Geo\Kernel\UuidGovernanceDecisionIdGenerator.php[39;22m:[39;1m11[39;22m
  [33m2   [39m[39;1mapp\Contexts\Membership\Domain\Committee\Geo\Kernel\GovernanceDecisionKernel.php[39;22m:[39;1m41[39;22m

  [31m────────────────────────────────────────────────────────────────────────────────────────────────────────────────────[39m  
  [41;1m FAILED [49;22m [1mTests\Unit\Domain\Committee\Constitutional\ConstitutionalArbitrationKernelTest[22m [90m>[39m kernel decision i… [41;1m Error [49;22m  
[39;1m  Class "App\Contexts\Membership\Domain\Committee\Geo\Kernel\GovernanceDecisionId" not found[39;22m

  at [32mapp\Contexts\Membership\Domain\Committee\Geo\Kernel\UuidGovernanceDecisionIdGenerator.php[39m:[32m11[39m
      7▕ final class UuidGovernanceDecisionIdGenerator implements GovernanceDecisionIdGenerator
      8▕ {
      9▕     public function next(): GovernanceDecisionId
     10▕     {
  ➜  11▕         return GovernanceDecisionId::generate();
     12▕     }
     13▕ }
     14▕

  [33m1   [39m[39;1mapp\Contexts\Membership\Domain\Committee\Geo\Kernel\UuidGovernanceDecisionIdGenerator.php[39;22m:[39;1m11[39;22m
  [33m2   [39m[39;1mapp\Contexts\Membership\Domain\Committee\Geo\Kernel\GovernanceDecisionKernel.php[39;22m:[39;1m41[39;22m

  [31m────────────────────────────────────────────────────────────────────────────────────────────────────────────────────[39m  
  [41;1m FAILED [49;22m [1mTests\Unit\Domain\Committee\Constitutional\ConstitutionalGovernanceDecisionTest[22m [90m>[39m id delegates to…  [41;1m Error [49;22m  
[39;1m  Class "App\Contexts\Membership\Domain\Committee\Geo\Kernel\GovernanceDecisionId" not found[39;22m

  at [32mtests\Unit\Domain\Committee\Constitutional\ConstitutionalGovernanceDecisionTest.php[39m:[32m63[39m
     59▕     }
     60▕ 
     61▕     public function test_id_delegates_to_governance_decision(): void
     62▕     {
  ➜  63▕         $id = GovernanceDecisionId::generate();
     64▕         $now = new \DateTimeImmutable();
     65▕         $governance = $this->makeGovernanceDecision($now, $id);
     66▕         $constitutional = $this->makeConstitutionalDecision();
     67▕

  [33m1   [39m[39;1mtests\Unit\Domain\Committee\Constitutional\ConstitutionalGovernanceDecisionTest.php[39;22m:[39;1m63[39;22m

  [31m────────────────────────────────────────────────────────────────────────────────────────────────────────────────────[39m  
  [41;1m FAILED [49;22m [1mTests\Unit\Domain\Committee\Constitutional\ConstitutionalGovernanceDecisionTest[22m [90m>[39m winner delegates… [41;1m Error [49;22m  
[39;1m  Class "App\Contexts\Membership\Domain\Committee\Geo\Kernel\GovernanceDecisionId" not found[39;22m

  at [32mtests\Unit\Domain\Committee\Constitutional\ConstitutionalGovernanceDecisionTest.php[39m:[32m26[39m
     22▕ final class ConstitutionalGovernanceDecisionTest extends TestCase
     23▕ {
     24▕     private function makeGovernanceDecision(\DateTimeImmutable $at, ?GovernanceDecisionId $id = null): GovernanceDecision
     25▕     {
  ➜  26▕         $id ??= GovernanceDecisionId::generate();
     27▕ 
     28▕         return new GovernanceDecision(
     29▕             id: $id,
     30▕             decidedAt: $at,

  [33m1   [39m[39;1mtests\Unit\Domain\Committee\Constitutional\ConstitutionalGovernanceDecisionTest.php[39;22m:[39;1m26[39;22m
  [33m2   [39m[39;1mtests\Unit\Domain\Committee\Constitutional\ConstitutionalGovernanceDecisionTest.php[39;22m:[39;1m77[39;22m

  [31m────────────────────────────────────────────────────────────────────────────────────────────────────────────────────[39m  
  [41;1m FAILED [49;22m [1mTests\Unit\Domain\Committee\Constitutional\ConstitutionalGovernanceDecisionTest[22m [90m>[39m is constitutiona… [41;1m Error [49;22m  
[39;1m  Class "App\Contexts\Membership\Domain\Committee\Geo\Kernel\GovernanceDecisionId" not found[39;22m

  at [32mtests\Unit\Domain\Committee\Constitutional\ConstitutionalGovernanceDecisionTest.php[39m:[32m26[39m
     22▕ final class ConstitutionalGovernanceDecisionTest extends TestCase
     23▕ {
     24▕     private function makeGovernanceDecision(\DateTimeImmutable $at, ?GovernanceDecisionId $id = null): GovernanceDecision
     25▕     {
  ➜  26▕         $id ??= GovernanceDecisionId::generate();
     27▕ 
     28▕         return new GovernanceDecision(
     29▕             id: $id,
     30▕             decidedAt: $at,

  [33m1   [39m[39;1mtests\Unit\Domain\Committee\Constitutional\ConstitutionalGovernanceDecisionTest.php[39;22m:[39;1m26[39;22m
  [33m2   [39m[39;1mtests\Unit\Domain\Committee\Constitutional\ConstitutionalGovernanceDecisionTest.php[39;22m:[39;1m88[39;22m

  [31m────────────────────────────────────────────────────────────────────────────────────────────────────────────────────[39m  
  [41;1m FAILED [49;22m [1mTests\Unit\Domain\Committee\Constitutional\GovernanceArchaeologyRecordTest[22m [90m>[39m decision id accessor…  [41;1m Error [49;22m  
[39;1m  Class "App\Contexts\Membership\Domain\Committee\Geo\Kernel\GovernanceDecisionId" not found[39;22m

  at [32mtests\Unit\Domain\Committee\Constitutional\GovernanceArchaeologyRecordTest.php[39m:[32m31[39m
     27▕ {
     28▕     private function makeSnapshot(): GovernanceDecisionSnapshot
     29▕     {
     30▕         $governanceDecision = new GovernanceDecision(
  ➜  31▕             id: GovernanceDecisionId::generate(),
     32▕             decidedAt: new \DateTimeImmutable('2026-05-08T10:00:00Z'),
     33▕             evaluation: CapabilityEvaluation::allow('test'),
     34▕             classification: new AuthorityClassification(
     35▕                 exceptions: [],

  [33m1   [39m[39;1mtests\Unit\Domain\Committee\Constitutional\GovernanceArchaeologyRecordTest.php[39;22m:[39;1m31[39;22m
  [33m2   [39m[39;1mtests\Unit\Domain\Committee\Constitutional\GovernanceArchaeologyRecordTest.php[39;22m:[39;1m80[39;22m

  [31m────────────────────────────────────────────────────────────────────────────────────────────────────────────────────[39m  
  [41;1m FAILED [49;22m [1mTests\Unit\Domain\Committee\Constitutional\GovernanceArchaeologyRecordTest[22m [90m>[39m was constitutionally…  [41;1m Error [49;22m  
[39;1m  Class "App\Contexts\Membership\Domain\Committee\Geo\Kernel\GovernanceDecisionId" not found[39;22m

  at [32mtests\Unit\Domain\Committee\Constitutional\GovernanceArchaeologyRecordTest.php[39m:[32m31[39m
     27▕ {
     28▕     private function makeSnapshot(): GovernanceDecisionSnapshot
     29▕     {
     30▕         $governanceDecision = new GovernanceDecision(
  ➜  31▕             id: GovernanceDecisionId::generate(),
     32▕             decidedAt: new \DateTimeImmutable('2026-05-08T10:00:00Z'),
     33▕             evaluation: CapabilityEvaluation::allow('test'),
     34▕             classification: new AuthorityClassification(
     35▕                 exceptions: [],

  [33m1   [39m[39;1mtests\Unit\Domain\Committee\Constitutional\GovernanceArchaeologyRecordTest.php[39;22m:[39;1m31[39;22m
  [33m2   [39m[39;1mtests\Unit\Domain\Committee\Constitutional\GovernanceArchaeologyRecordTest.php[39;22m:[39;1m90[39;22m

  [31m────────────────────────────────────────────────────────────────────────────────────────────────────────────────────[39m  
  [41;1m FAILED [49;22m [1mTests\Unit\Domain\Committee\Constitutional\GovernanceArchaeologyRecordTest[22m [90m>[39m was constitutionally…  [41;1m Error [49;22m  
[39;1m  Class "App\Contexts\Membership\Domain\Committee\Geo\Kernel\GovernanceDecisionId" not found[39;22m

  at [32mtests\Unit\Domain\Committee\Constitutional\GovernanceArchaeologyRecordTest.php[39m:[32m101[39m
     97▕ 
     98▕     public function test_was_constitutionally_valid_false_for_expired(): void
     99▕     {
    100▕         $governanceDecision = new GovernanceDecision(
  ➜ 101▕             id: GovernanceDecisionId::generate(),
    102▕             decidedAt: new \DateTimeImmutable('2026-05-08T10:00:00Z'),
    103▕             evaluation: CapabilityEvaluation::allow('test'),
    104▕             classification: new AuthorityClassification(
    105▕                 exceptions: [],

  [33m1   [39m[39;1mtests\Unit\Domain\Committee\Constitutional\GovernanceArchaeologyRecordTest.php[39;22m:[39;1m101[39;22m

  [31m────────────────────────────────────────────────────────────────────────────────────────────────────────────────────[39m  
  [41;1m FAILED [49;22m [1mTests\Unit\Domain\Committee\Constitutional\GovernanceArchaeologyRecordTest[22m [90m>[39m temporal accessors di… [41;1m Error [49;22m  
[39;1m  Class "App\Contexts\Membership\Domain\Committee\Geo\Kernel\GovernanceDecisionId" not found[39;22m

  at [32mtests\Unit\Domain\Committee\Constitutional\GovernanceArchaeologyRecordTest.php[39m:[32m31[39m
     27▕ {
     28▕     private function makeSnapshot(): GovernanceDecisionSnapshot
     29▕     {
     30▕         $governanceDecision = new GovernanceDecision(
  ➜  31▕             id: GovernanceDecisionId::generate(),
     32▕             decidedAt: new \DateTimeImmutable('2026-05-08T10:00:00Z'),
     33▕             evaluation: CapabilityEvaluation::allow('test'),
     34▕             classification: new AuthorityClassification(
     35▕                 exceptions: [],

  [33m1   [39m[39;1mtests\Unit\Domain\Committee\Constitutional\GovernanceArchaeologyRecordTest.php[39;22m:[39;1m31[39;22m
  [33m2   [39m[39;1mtests\Unit\Domain\Committee\Constitutional\GovernanceArchaeologyRecordTest.php[39;22m:[39;1m156[39;22m

  [31m────────────────────────────────────────────────────────────────────────────────────────────────────────────────────[39m  
  [41;1m FAILED [49;22m [1mTests\Unit\Domain\Committee\Constitutional\GovernanceDecisionSnapshotTest[22m [90m>[39m from decision sets all… [41;1m Error [49;22m  
[39;1m  Class "App\Contexts\Membership\Domain\Committee\Geo\Kernel\GovernanceDecisionId" not found[39;22m

  at [32mtests\Unit\Domain\Committee\Constitutional\GovernanceDecisionSnapshotTest.php[39m:[32m30[39m
     26▕ {
     27▕     private function makeConstitutionalGovernanceDecision(): ConstitutionalGovernanceDecision
     28▕     {
     29▕         $governanceDecision = new GovernanceDecision(
  ➜  30▕             id: GovernanceDecisionId::generate(),
     31▕             decidedAt: new \DateTimeImmutable('2026-05-08T10:00:00Z'),
     32▕             evaluation: CapabilityEvaluation::allow('test'),
     33▕             classification: new AuthorityClassification(
     34▕                 exceptions: [],

  [33m1   [39m[39;1mtests\Unit\Domain\Committee\Constitutional\GovernanceDecisionSnapshotTest.php[39;22m:[39;1m30[39;22m
  [33m2   [39m[39;1mtests\Unit\Domain\Committee\Constitutional\GovernanceDecisionSnapshotTest.php[39;22m:[39;1m71[39;22m

  [31m────────────────────────────────────────────────────────────────────────────────────────────────────────────────────[39m  
  [41;1m FAILED [49;22m [1mTests\Unit\Domain\Committee\Constitutional\GovernanceDecisionSnapshotTest[22m [90m>[39m integrity hash is dete… [41;1m Error [49;22m  
[39;1m  Class "App\Contexts\Membership\Domain\Committee\Geo\Kernel\GovernanceDecisionId" not found[39;22m

  at [32mtests\Unit\Domain\Committee\Constitutional\GovernanceDecisionSnapshotTest.php[39m:[32m30[39m
     26▕ {
     27▕     private function makeConstitutionalGovernanceDecision(): ConstitutionalGovernanceDecision
     28▕     {
     29▕         $governanceDecision = new GovernanceDecision(
  ➜  30▕             id: GovernanceDecisionId::generate(),
     31▕             decidedAt: new \DateTimeImmutable('2026-05-08T10:00:00Z'),
     32▕             evaluation: CapabilityEvaluation::allow('test'),
     33▕             classification: new AuthorityClassification(
     34▕                 exceptions: [],

  [33m1   [39m[39;1mtests\Unit\Domain\Committee\Constitutional\GovernanceDecisionSnapshotTest.php[39;22m:[39;1m30[39;22m
  [33m2   [39m[39;1mtests\Unit\Domain\Committee\Constitutional\GovernanceDecisionSnapshotTest.php[39;22m:[39;1m89[39;22m

  [31m────────────────────────────────────────────────────────────────────────────────────────────────────────────────────[39m  
  [41;1m FAILED [49;22m [1mTests\Unit\Domain\Committee\Constitutional\GovernanceDecisionSnapshotTest[22m [90m>[39m verify integrity passe… [41;1m Error [49;22m  
[39;1m  Class "App\Contexts\Membership\Domain\Committee\Geo\Kernel\GovernanceDecisionId" not found[39;22m

  at [32mtests\Unit\Domain\Committee\Constitutional\GovernanceDecisionSnapshotTest.php[39m:[32m30[39m
     26▕ {
     27▕     private function makeConstitutionalGovernanceDecision(): ConstitutionalGovernanceDecision
     28▕     {
     29▕         $governanceDecision = new GovernanceDecision(
  ➜  30▕             id: GovernanceDecisionId::generate(),
     31▕             decidedAt: new \DateTimeImmutable('2026-05-08T10:00:00Z'),
     32▕             evaluation: CapabilityEvaluation::allow('test'),
     33▕             classification: new AuthorityClassification(
     34▕                 exceptions: [],

  [33m1   [39m[39;1mtests\Unit\Domain\Committee\Constitutional\GovernanceDecisionSnapshotTest.php[39;22m:[39;1m30[39;22m
  [33m2   [39m[39;1mtests\Unit\Domain\Committee\Constitutional\GovernanceDecisionSnapshotTest.php[39;22m:[39;1m109[39;22m

  [31m────────────────────────────────────────────────────────────────────────────────────────────────────────────────────[39m  
  [41;1m FAILED [49;22m [1mTests\Unit\Domain\Committee\Constitutional\GovernanceDecisionSnapshotTest[22m [90m>[39m different legitimacy p… [41;1m Error [49;22m  
[39;1m  Class "App\Contexts\Membership\Domain\Committee\Geo\Kernel\GovernanceDecisionId" not found[39;22m

  at [32mtests\Unit\Domain\Committee\Constitutional\GovernanceDecisionSnapshotTest.php[39m:[32m124[39m
    120▕ 
    121▕     public function test_different_legitimacy_produces_different_hash(): void
    122▕     {
    123▕         $governanceDecision = new GovernanceDecision(
  ➜ 124▕             id: GovernanceDecisionId::generate(),
    125▕             decidedAt: new \DateTimeImmutable('2026-05-08T10:00:00Z'),
    126▕             evaluation: CapabilityEvaluation::allow('test'),
    127▕             classification: new AuthorityClassification(
    128▕                 exceptions: [],

  [33m1   [39m[39;1mtests\Unit\Domain\Committee\Constitutional\GovernanceDecisionSnapshotTest.php[39;22m:[39;1m124[39;22m

  [31m────────────────────────────────────────────────────────────────────────────────────────────────────────────────────[39m  
  [41;1m FAILED [49;22m [1mTests\Unit\Domain\Committee\Constitutional\GovernanceDecisionSnapshotTest[22m [90m>[39m unsorted arrays produc… [41;1m Error [49;22m  
[39;1m  Class "App\Contexts\Membership\Domain\Committee\Geo\Kernel\GovernanceDecisionId" not found[39;22m

  at [32mtests\Unit\Domain\Committee\Constitutional\GovernanceDecisionSnapshotTest.php[39m:[32m30[39m
     26▕ {
     27▕     private function makeConstitutionalGovernanceDecision(): ConstitutionalGovernanceDecision
     28▕     {
     29▕         $governanceDecision = new GovernanceDecision(
  ➜  30▕             id: GovernanceDecisionId::generate(),
     31▕             decidedAt: new \DateTimeImmutable('2026-05-08T10:00:00Z'),
     32▕             evaluation: CapabilityEvaluation::allow('test'),
     33▕             classification: new AuthorityClassification(
     34▕                 exceptions: [],

  [33m1   [39m[39;1mtests\Unit\Domain\Committee\Constitutional\GovernanceDecisionSnapshotTest.php[39;22m:[39;1m30[39;22m
  [33m2   [39m[39;1mtests\Unit\Domain\Committee\Constitutional\GovernanceDecisionSnapshotTest.php[39;22m:[39;1m182[39;22m

  [31m────────────────────────────────────────────────────────────────────────────────────────────────────────────────────[39m  
  [41;1m FAILED [49;22m [1mTests\Unit\Domain\Committee\Constitutional\GovernanceReplayServiceTest[22m [90m>[39m persist stores snapshot a… [41;1m Error [49;22m  
[39;1m  Class "App\Contexts\Membership\Domain\Committee\Geo\Kernel\GovernanceDecisionId" not found[39;22m

  at [32mtests\Unit\Domain\Committee\Constitutional\GovernanceReplayServiceTest.php[39m:[32m35[39m
     31▕ {
     32▕     private function makeConstitutionalGovernanceDecision(): ConstitutionalGovernanceDecision
     33▕     {
     34▕         $governanceDecision = new GovernanceDecision(
  ➜  35▕             id: GovernanceDecisionId::generate(),
     36▕             decidedAt: new \DateTimeImmutable('2026-05-08T10:00:00Z'),
     37▕             evaluation: CapabilityEvaluation::allow('test'),
     38▕             classification: new AuthorityClassification(
     39▕                 exceptions: [],

  [33m1   [39m[39;1mtests\Unit\Domain\Committee\Constitutional\GovernanceReplayServiceTest.php[39;22m:[39;1m35[39;22m
  [33m2   [39m[39;1mtests\Unit\Domain\Committee\Constitutional\GovernanceReplayServiceTest.php[39;22m:[39;1m86[39;22m

  [31m────────────────────────────────────────────────────────────────────────────────────────────────────────────────────[39m  
  [41;1m FAILED [49;22m [1mTests\Unit\Domain\Committee\Constitutional\GovernanceReplayServiceTest[22m [90m>[39m replay returns archaeolog… [41;1m Error [49;22m  
[39;1m  Class "App\Contexts\Membership\Domain\Committee\Geo\Kernel\GovernanceDecisionId" not found[39;22m

  at [32mtests\Unit\Domain\Committee\Constitutional\GovernanceReplayServiceTest.php[39m:[32m35[39m
     31▕ {
     32▕     private function makeConstitutionalGovernanceDecision(): ConstitutionalGovernanceDecision
     33▕     {
     34▕         $governanceDecision = new GovernanceDecision(
  ➜  35▕             id: GovernanceDecisionId::generate(),
     36▕             decidedAt: new \DateTimeImmutable('2026-05-08T10:00:00Z'),
     37▕             evaluation: CapabilityEvaluation::allow('test'),
     38▕             classification: new AuthorityClassification(
     39▕                 exceptions: [],

  [33m1   [39m[39;1mtests\Unit\Domain\Committee\Constitutional\GovernanceReplayServiceTest.php[39;22m:[39;1m35[39;22m
  [33m2   [39m[39;1mtests\Unit\Domain\Committee\Constitutional\GovernanceReplayServiceTest.php[39;22m:[39;1m96[39;22m

  [31m────────────────────────────────────────────────────────────────────────────────────────────────────────────────────[39m  
  [41;1m FAILED [49;22m [1mTests\Unit\Domain\Committee\Constitutional\GovernanceReplayServiceTest[22m [90m>[39m replay throws governance…  [41;1m Error [49;22m  
[39;1m  Class "App\Contexts\Membership\Domain\Committee\Geo\Kernel\GovernanceDecisionId" not found[39;22m

  at [32mtests\Unit\Domain\Committee\Constitutional\GovernanceReplayServiceTest.php[39m:[32m128[39m
    124▕         $clock = $this->createMock(GovernanceClock::class);
    125▕ 
    126▕         $service = new GovernanceReplayService($store, $clock);
    127▕ 
  ➜ 128▕         $decisionId = GovernanceDecisionId::generate();
    129▕ 
    130▕         $this->expectException(GovernanceDecisionNotFoundException::class);
    131▕         $service->replay($decisionId);
    132▕     }

  [33m1   [39m[39;1mtests\Unit\Domain\Committee\Constitutional\GovernanceReplayServiceTest.php[39;22m:[39;1m128[39;22m

  [31m────────────────────────────────────────────────────────────────────────────────────────────────────────────────────[39m  
  [41;1m FAILED [49;22m [1mTests\Unit\Domain\Committee\Constitutional\GovernanceReplayServiceTest[22m [90m>[39m replay throws integrity v… [41;1m Error [49;22m  
[39;1m  Class "App\Contexts\Membership\Domain\Committee\Geo\Kernel\GovernanceDecisionId" not found[39;22m

  at [32mtests\Unit\Domain\Committee\Constitutional\GovernanceReplayServiceTest.php[39m:[32m35[39m
     31▕ {
     32▕     private function makeConstitutionalGovernanceDecision(): ConstitutionalGovernanceDecision
     33▕     {
     34▕         $governanceDecision = new GovernanceDecision(
  ➜  35▕             id: GovernanceDecisionId::generate(),
     36▕             decidedAt: new \DateTimeImmutable('2026-05-08T10:00:00Z'),
     37▕             evaluation: CapabilityEvaluation::allow('test'),
     38▕             classification: new AuthorityClassification(
     39▕                 exceptions: [],

  [33m1   [39m[39;1mtests\Unit\Domain\Committee\Constitutional\GovernanceReplayServiceTest.php[39;22m:[39;1m35[39;22m
  [33m2   [39m[39;1mtests\Unit\Domain\Committee\Constitutional\GovernanceReplayServiceTest.php[39;22m:[39;1m136[39;22m

  [31m────────────────────────────────────────────────────────────────────────────────────────────────────────────────────[39m  
  [41;1m FAILED [49;22m [1mTests\Unit\Domain\Committee\Constitutional\ProjectionIsolationTest[22m [90m>[39m corrupted projection does not… [41;1m Error [49;22m  
[39;1m  Class "App\Contexts\Membership\Domain\Committee\Geo\Kernel\GovernanceDecisionId" not found[39;22m

  at [32mtests\Unit\Domain\Committee\Constitutional\ProjectionIsolationTest.php[39m:[32m35[39m
     31▕ {
     32▕     private function makeSnapshot(): GovernanceDecisionSnapshot
     33▕     {
     34▕         $gov = new GovernanceDecision(
  ➜  35▕             id: GovernanceDecisionId::generate(),
     36▕             decidedAt: new \DateTimeImmutable('2026-05-08T10:00:00Z'),
     37▕             evaluation: CapabilityEvaluation::allow('test'),
     38▕             classification: new AuthorityClassification(
     39▕                 exceptions: [],

  [33m1   [39m[39;1mtests\Unit\Domain\Committee\Constitutional\ProjectionIsolationTest.php[39;22m:[39;1m35[39;22m
  [33m2   [39m[39;1mtests\Unit\Domain\Committee\Constitutional\ProjectionIsolationTest.php[39;22m:[39;1m94[39;22m

  [31m────────────────────────────────────────────────────────────────────────────────────────────────────────────────────[39m  
  [41;1m FAILED [49;22m [1mTests\Unit\Domain\Committee\Constitutional\ProjectionIsolationTest[22m [90m>[39m archaeology record does not i… [41;1m Error [49;22m  
[39;1m  Class "App\Contexts\Membership\Domain\Committee\Geo\Kernel\GovernanceDecisionId" not found[39;22m

  at [32mtests\Unit\Domain\Committee\Constitutional\ProjectionIsolationTest.php[39m:[32m35[39m
     31▕ {
     32▕     private function makeSnapshot(): GovernanceDecisionSnapshot
     33▕     {
     34▕         $gov = new GovernanceDecision(
  ➜  35▕             id: GovernanceDecisionId::generate(),
     36▕             decidedAt: new \DateTimeImmutable('2026-05-08T10:00:00Z'),
     37▕             evaluation: CapabilityEvaluation::allow('test'),
     38▕             classification: new AuthorityClassification(
     39▕                 exceptions: [],

  [33m1   [39m[39;1mtests\Unit\Domain\Committee\Constitutional\ProjectionIsolationTest.php[39;22m:[39;1m35[39;22m
  [33m2   [39m[39;1mtests\Unit\Domain\Committee\Constitutional\ProjectionIsolationTest.php[39;22m:[39;1m107[39;22m

  [31m────────────────────────────────────────────────────────────────────────────────────────────────────────────────────[39m  
  [41;1m FAILED [49;22m [1mTests\Unit\Domain\Committee\Constitutional\ReplayCompatibilityTest[22m [90m>[39m snapshot v1 replays to identi… [41;1m Error [49;22m  
[39;1m  Class "App\Contexts\Membership\Domain\Committee\Geo\Kernel\GovernanceDecisionId" not found[39;22m

  at [32mtests\Unit\Domain\Committee\Constitutional\ReplayCompatibilityTest.php[39m:[32m35[39m
     31▕         array $evaluatedNodeIds = ['node-1'],
     32▕         array $doctrineRules = ['direct'],
     33▕     ): ConstitutionalGovernanceDecision {
     34▕         $gov = new GovernanceDecision(
  ➜  35▕             id: GovernanceDecisionId::generate(),
     36▕             decidedAt: new \DateTimeImmutable('2026-05-08T10:00:00Z'),
     37▕             evaluation: CapabilityEvaluation::allow('test'),
     38▕             classification: new AuthorityClassification(
     39▕                 exceptions: [],

  [33m1   [39m[39;1mtests\Unit\Domain\Committee\Constitutional\ReplayCompatibilityTest.php[39;22m:[39;1m35[39;22m
  [33m2   [39m[39;1mtests\Unit\Domain\Committee\Constitutional\ReplayCompatibilityTest.php[39;22m:[39;1m73[39;22m

  [31m────────────────────────────────────────────────────────────────────────────────────────────────────────────────────[39m  
  [41;1m FAILED [49;22m [1mTests\Unit\Domain\Committee\Constitutional\ReplayCompatibilityTest[22m [90m>[39m canonicalization stability un… [41;1m Error [49;22m  
[39;1m  Class "App\Contexts\Membership\Domain\Committee\Geo\Kernel\GovernanceDecisionId" not found[39;22m

  at [32mtests\Unit\Domain\Committee\Constitutional\ReplayCompatibilityTest.php[39m:[32m35[39m
     31▕         array $evaluatedNodeIds = ['node-1'],
     32▕         array $doctrineRules = ['direct'],
     33▕     ): ConstitutionalGovernanceDecision {
     34▕         $gov = new GovernanceDecision(
  ➜  35▕             id: GovernanceDecisionId::generate(),
     36▕             decidedAt: new \DateTimeImmutable('2026-05-08T10:00:00Z'),
     37▕             evaluation: CapabilityEvaluation::allow('test'),
     38▕             classification: new AuthorityClassification(
     39▕                 exceptions: [],

  [33m1   [39m[39;1mtests\Unit\Domain\Committee\Constitutional\ReplayCompatibilityTest.php[39;22m:[39;1m35[39;22m
  [33m2   [39m[39;1mtests\Unit\Domain\Committee\Constitutional\ReplayCompatibilityTest.php[39;22m:[39;1m88[39;22m

  [31m────────────────────────────────────────────────────────────────────────────────────────────────────────────────────[39m  
  [41;1m FAILED [49;22m [1mTests\Unit\Domain\Committee\Constitutional\ReplayCompatibilityTest[22m [90m>[39m snapshot mutation resistance…  [41;1m Error [49;22m  
[39;1m  Class "App\Contexts\Membership\Domain\Committee\Geo\Kernel\GovernanceDecisionId" not found[39;22m

  at [32mtests\Unit\Domain\Committee\Constitutional\ReplayCompatibilityTest.php[39m:[32m35[39m
     31▕         array $evaluatedNodeIds = ['node-1'],
     32▕         array $doctrineRules = ['direct'],
     33▕     ): ConstitutionalGovernanceDecision {
     34▕         $gov = new GovernanceDecision(
  ➜  35▕             id: GovernanceDecisionId::generate(),
     36▕             decidedAt: new \DateTimeImmutable('2026-05-08T10:00:00Z'),
     37▕             evaluation: CapabilityEvaluation::allow('test'),
     38▕             classification: new AuthorityClassification(
     39▕                 exceptions: [],

  [33m1   [39m[39;1mtests\Unit\Domain\Committee\Constitutional\ReplayCompatibilityTest.php[39;22m:[39;1m35[39;22m
  [33m2   [39m[39;1mtests\Unit\Domain\Committee\Constitutional\ReplayCompatibilityTest.php[39;22m:[39;1m103[39;22m

  [31m────────────────────────────────────────────────────────────────────────────────────────────────────────────────────[39m  
  [41;1m FAILED [49;22m [1mTests\Unit\Domain\Committee\Constitutional\ReplayCompatibilityTest[22m [90m>[39m serializer cross check matche… [41;1m Error [49;22m  
[39;1m  Class "App\Contexts\Membership\Domain\Committee\Geo\Kernel\GovernanceDecisionId" not found[39;22m

  at [32mtests\Unit\Domain\Committee\Constitutional\ReplayCompatibilityTest.php[39m:[32m35[39m
     31▕         array $evaluatedNodeIds = ['node-1'],
     32▕         array $doctrineRules = ['direct'],
     33▕     ): ConstitutionalGovernanceDecision {
     34▕         $gov = new GovernanceDecision(
  ➜  35▕             id: GovernanceDecisionId::generate(),
     36▕             decidedAt: new \DateTimeImmutable('2026-05-08T10:00:00Z'),
     37▕             evaluation: CapabilityEvaluation::allow('test'),
     38▕             classification: new AuthorityClassification(
     39▕                 exceptions: [],

  [33m1   [39m[39;1mtests\Unit\Domain\Committee\Constitutional\ReplayCompatibilityTest.php[39;22m:[39;1m35[39;22m
  [33m2   [39m[39;1mtests\Unit\Domain\Committee\Constitutional\ReplayCompatibilityTest.php[39;22m:[39;1m131[39;22m

  [31m────────────────────────────────────────────────────────────────────────────────────────────────────────────────────[39m  
  [41;1m FAILED [49;22m [1mTests\Unit\Domain\Committee\Constitutional\ReplayCompatibilityTest[22m [90m>[39m constitutional drift stored l… [41;1m Error [49;22m  
[39;1m  Class "App\Contexts\Membership\Domain\Committee\Geo\Kernel\GovernanceDecisionId" not found[39;22m

  at [32mtests\Unit\Domain\Committee\Constitutional\ReplayCompatibilityTest.php[39m:[32m35[39m
     31▕         array $evaluatedNodeIds = ['node-1'],
     32▕         array $doctrineRules = ['direct'],
     33▕     ): ConstitutionalGovernanceDecision {
     34▕         $gov = new GovernanceDecision(
  ➜  35▕             id: GovernanceDecisionId::generate(),
     36▕             decidedAt: new \DateTimeImmutable('2026-05-08T10:00:00Z'),
     37▕             evaluation: CapabilityEvaluation::allow('test'),
     38▕             classification: new AuthorityClassification(
     39▕                 exceptions: [],

  [33m1   [39m[39;1mtests\Unit\Domain\Committee\Constitutional\ReplayCompatibilityTest.php[39;22m:[39;1m35[39;22m
  [33m2   [39m[39;1mtests\Unit\Domain\Committee\Constitutional\ReplayCompatibilityTest.php[39;22m:[39;1m151[39;22m

  [31m────────────────────────────────────────────────────────────────────────────────────────────────────────────────────[39m  
  [41;1m FAILED [49;22m [1mTests\Unit\Domain\Committee\Constitutional\ReplayCompatibilityTest[22m [90m>[39m semantic fingerprint stabilit… [41;1m Error [49;22m  
[39;1m  Class "App\Contexts\Membership\Domain\Committee\Geo\Kernel\GovernanceDecisionId" not found[39;22m

  at [32mtests\Unit\Domain\Committee\Constitutional\ReplayCompatibilityTest.php[39m:[32m35[39m
     31▕         array $evaluatedNodeIds = ['node-1'],
     32▕         array $doctrineRules = ['direct'],
     33▕     ): ConstitutionalGovernanceDecision {
     34▕         $gov = new GovernanceDecision(
  ➜  35▕             id: GovernanceDecisionId::generate(),
     36▕             decidedAt: new \DateTimeImmutable('2026-05-08T10:00:00Z'),
     37▕             evaluation: CapabilityEvaluation::allow('test'),
     38▕             classification: new AuthorityClassification(
     39▕                 exceptions: [],

  [33m1   [39m[39;1mtests\Unit\Domain\Committee\Constitutional\ReplayCompatibilityTest.php[39;22m:[39;1m35[39;22m
  [33m2   [39m[39;1mtests\Unit\Domain\Committee\Constitutional\ReplayCompatibilityTest.php[39;22m:[39;1m172[39;22m

  [31m────────────────────────────────────────────────────────────────────────────────────────────────────────────────────[39m  
  [41;1m FAILED [49;22m [1mTests\Unit\Domain\Committee\Constitutional\Snapshot\CanonicalConstitutionalSerializerTest[22m [90m>[39m serial… [41;1m Error [49;22m  
[39;1m  Class "App\Contexts\Membership\Domain\Committee\Geo\Kernel\GovernanceDecisionId" not found[39;22m

  at [32mtests\Unit\Domain\Committee\Constitutional\Snapshot\CanonicalConstitutionalSerializerTest.php[39m:[32m30[39m
     26▕ {
     27▕     private function makeDecision(): ConstitutionalGovernanceDecision
     28▕     {
     29▕         $gov = new GovernanceDecision(
  ➜  30▕             id: GovernanceDecisionId::generate(),
     31▕             decidedAt: new \DateTimeImmutable('2026-05-08T10:00:00Z'),
     32▕             evaluation: CapabilityEvaluation::allow('test'),
     33▕             classification: new AuthorityClassification(
     34▕                 exceptions: [],

  [33m1   [39m[39;1mtests\Unit\Domain\Committee\Constitutional\Snapshot\CanonicalConstitutionalSerializerTest.php[39;22m:[39;1m30[39;22m
  [33m2   [39m[39;1mtests\Unit\Domain\Committee\Constitutional\Snapshot\CanonicalConstitutionalSerializerTest.php[39;22m:[39;1m122[39;22m

  [31m────────────────────────────────────────────────────────────────────────────────────────────────────────────────────[39m  
  [41;1m FAILED [49;22m [1mTests\Unit\Domain\Committee\Constitutional\Snapshot\CanonicalConstitutionalSerializerTest[22m [90m>[39m serial… [41;1m Error [49;22m  
[39;1m  Class "App\Contexts\Membership\Domain\Committee\Geo\Kernel\GovernanceDecisionId" not found[39;22m

  at [32mtests\Unit\Domain\Committee\Constitutional\Snapshot\CanonicalConstitutionalSerializerTest.php[39m:[32m30[39m
     26▕ {
     27▕     private function makeDecision(): ConstitutionalGovernanceDecision
     28▕     {
     29▕         $gov = new GovernanceDecision(
  ➜  30▕             id: GovernanceDecisionId::generate(),
     31▕             decidedAt: new \DateTimeImmutable('2026-05-08T10:00:00Z'),
     32▕             evaluation: CapabilityEvaluation::allow('test'),
     33▕             classification: new AuthorityClassification(
     34▕                 exceptions: [],

  [33m1   [39m[39;1mtests\Unit\Domain\Committee\Constitutional\Snapshot\CanonicalConstitutionalSerializerTest.php[39;22m:[39;1m30[39;22m
  [33m2   [39m[39;1mtests\Unit\Domain\Committee\Constitutional\Snapshot\CanonicalConstitutionalSerializerTest.php[39;22m:[39;1m139[39;22m

  [31m────────────────────────────────────────────────────────────────────────────────────────────────────────────────────[39m  
  [41;1m FAILED [49;22m [1mTests\Unit\Domain\Committee\Constitutional\Snapshot\ConstitutionalReplayFingerprintTest[22m [90m>[39m fingerpr… [41;1m Error [49;22m  
[39;1m  Class "App\Contexts\Membership\Domain\Committee\Geo\Kernel\GovernanceDecisionId" not found[39;22m

  at [32mtests\Unit\Domain\Committee\Constitutional\Snapshot\ConstitutionalReplayFingerprintTest.php[39m:[32m31[39m
     27▕ {
     28▕     private function makeSnapshot(?SnapshotMetadata $metadata = null): GovernanceDecisionSnapshot
     29▕     {
     30▕         $gov = new GovernanceDecision(
  ➜  31▕             id: GovernanceDecisionId::generate(),
     32▕             decidedAt: new \DateTimeImmutable('2026-05-08T10:00:00Z'),
     33▕             evaluation: CapabilityEvaluation::allow('test'),
     34▕             classification: new AuthorityClassification(
     35▕                 exceptions: [],

  [33m1   [39m[39;1mtests\Unit\Domain\Committee\Constitutional\Snapshot\ConstitutionalReplayFingerprintTest.php[39;22m:[39;1m31[39;22m
  [33m2   [39m[39;1mtests\Unit\Domain\Committee\Constitutional\Snapshot\ConstitutionalReplayFingerprintTest.php[39;22m:[39;1m76[39;22m

  [31m────────────────────────────────────────────────────────────────────────────────────────────────────────────────────[39m  
  [41;1m FAILED [49;22m [1mTests\Unit\Domain\Committee\Constitutional\Snapshot\ConstitutionalReplayFingerprintTest[22m [90m>[39m differen… [41;1m Error [49;22m  
[39;1m  Class "App\Contexts\Membership\Domain\Committee\Geo\Kernel\GovernanceDecisionId" not found[39;22m

  at [32mtests\Unit\Domain\Committee\Constitutional\Snapshot\ConstitutionalReplayFingerprintTest.php[39m:[32m31[39m
     27▕ {
     28▕     private function makeSnapshot(?SnapshotMetadata $metadata = null): GovernanceDecisionSnapshot
     29▕     {
     30▕         $gov = new GovernanceDecision(
  ➜  31▕             id: GovernanceDecisionId::generate(),
     32▕             decidedAt: new \DateTimeImmutable('2026-05-08T10:00:00Z'),
     33▕             evaluation: CapabilityEvaluation::allow('test'),
     34▕             classification: new AuthorityClassification(
     35▕                 exceptions: [],

  [33m1   [39m[39;1mtests\Unit\Domain\Committee\Constitutional\Snapshot\ConstitutionalReplayFingerprintTest.php[39;22m:[39;1m31[39;22m
  [33m2   [39m[39;1mtests\Unit\Domain\Committee\Constitutional\Snapshot\ConstitutionalReplayFingerprintTest.php[39;22m:[39;1m91[39;22m

  [31m────────────────────────────────────────────────────────────────────────────────────────────────────────────────────[39m  
  [41;1m FAILED [49;22m [1mTests\Unit\Domain\Committee\Constitutional\Snapshot\ConstitutionalReplayFingerprintTest[22m [90m>[39m differen… [41;1m Error [49;22m  
[39;1m  Class "App\Contexts\Membership\Domain\Committee\Geo\Kernel\GovernanceDecisionId" not found[39;22m

  at [32mtests\Unit\Domain\Committee\Constitutional\Snapshot\ConstitutionalReplayFingerprintTest.php[39m:[32m31[39m
     27▕ {
     28▕     private function makeSnapshot(?SnapshotMetadata $metadata = null): GovernanceDecisionSnapshot
     29▕     {
     30▕         $gov = new GovernanceDecision(
  ➜  31▕             id: GovernanceDecisionId::generate(),
     32▕             decidedAt: new \DateTimeImmutable('2026-05-08T10:00:00Z'),
     33▕             evaluation: CapabilityEvaluation::allow('test'),
     34▕             classification: new AuthorityClassification(
     35▕                 exceptions: [],

  [33m1   [39m[39;1mtests\Unit\Domain\Committee\Constitutional\Snapshot\ConstitutionalReplayFingerprintTest.php[39;22m:[39;1m31[39;22m
  [33m2   [39m[39;1mtests\Unit\Domain\Committee\Constitutional\Snapshot\ConstitutionalReplayFingerprintTest.php[39;22m:[39;1m102[39;22m

  [31m────────────────────────────────────────────────────────────────────────────────────────────────────────────────────[39m  
  [41;1m FAILED [49;22m [1mTests\Unit\Domain\Committee\Constitutional\Snapshot\ConstitutionalReplayFingerprintTest[22m [90m>[39m structur… [41;1m Error [49;22m  
[39;1m  Class "App\Contexts\Membership\Domain\Committee\Geo\Kernel\GovernanceDecisionId" not found[39;22m

  at [32mtests\Unit\Domain\Committee\Constitutional\Snapshot\ConstitutionalReplayFingerprintTest.php[39m:[32m31[39m
     27▕ {
     28▕     private function makeSnapshot(?SnapshotMetadata $metadata = null): GovernanceDecisionSnapshot
     29▕     {
     30▕         $gov = new GovernanceDecision(
  ➜  31▕             id: GovernanceDecisionId::generate(),
     32▕             decidedAt: new \DateTimeImmutable('2026-05-08T10:00:00Z'),
     33▕             evaluation: CapabilityEvaluation::allow('test'),
     34▕             classification: new AuthorityClassification(
     35▕                 exceptions: [],

  [33m1   [39m[39;1mtests\Unit\Domain\Committee\Constitutional\Snapshot\ConstitutionalReplayFingerprintTest.php[39;22m:[39;1m31[39;22m
  [33m2   [39m[39;1mtests\Unit\Domain\Committee\Constitutional\Snapshot\ConstitutionalReplayFingerprintTest.php[39;22m:[39;1m132[39;22m

  [31m────────────────────────────────────────────────────────────────────────────────────────────────────────────────────[39m  
  [41;1m FAILED [49;22m [1mTests\Unit\Domain\Committee\Constitutional\Snapshot\SnapshotDecompositionTest[22m [90m>[39m identity groups co… [41;1m Error [49;22m  
[39;1m  Class "App\Contexts\Membership\Domain\Committee\Geo\Kernel\GovernanceDecisionId" not found[39;22m

  at [32mtests\Unit\Domain\Committee\Constitutional\Snapshot\SnapshotDecompositionTest.php[39m:[32m33[39m
     29▕ {
     30▕     private function makeSnapshot(): GovernanceDecisionSnapshot
     31▕     {
     32▕         $gov = new GovernanceDecision(
  ➜  33▕             id: GovernanceDecisionId::generate(),
     34▕             decidedAt: new \DateTimeImmutable('2026-05-08T10:00:00Z'),
     35▕             evaluation: CapabilityEvaluation::allow('test'),
     36▕             classification: new AuthorityClassification(
     37▕                 exceptions: [],

  [33m1   [39m[39;1mtests\Unit\Domain\Committee\Constitutional\Snapshot\SnapshotDecompositionTest.php[39;22m:[39;1m33[39;22m
  [33m2   [39m[39;1mtests\Unit\Domain\Committee\Constitutional\Snapshot\SnapshotDecompositionTest.php[39;22m:[39;1m77[39;22m

  [31m────────────────────────────────────────────────────────────────────────────────────────────────────────────────────[39m  
  [41;1m FAILED [49;22m [1mTests\Unit\Domain\Committee\Constitutional\Snapshot\SnapshotDecompositionTest[22m [90m>[39m decision data grou… [41;1m Error [49;22m  
[39;1m  Class "App\Contexts\Membership\Domain\Committee\Geo\Kernel\GovernanceDecisionId" not found[39;22m

  at [32mtests\Unit\Domain\Committee\Constitutional\Snapshot\SnapshotDecompositionTest.php[39m:[32m33[39m
     29▕ {
     30▕     private function makeSnapshot(): GovernanceDecisionSnapshot
     31▕     {
     32▕         $gov = new GovernanceDecision(
  ➜  33▕             id: GovernanceDecisionId::generate(),
     34▕             decidedAt: new \DateTimeImmutable('2026-05-08T10:00:00Z'),
     35▕             evaluation: CapabilityEvaluation::allow('test'),
     36▕             classification: new AuthorityClassification(
     37▕                 exceptions: [],

  [33m1   [39m[39;1mtests\Unit\Domain\Committee\Constitutional\Snapshot\SnapshotDecompositionTest.php[39;22m:[39;1m33[39;22m
  [33m2   [39m[39;1mtests\Unit\Domain\Committee\Constitutional\Snapshot\SnapshotDecompositionTest.php[39;22m:[39;1m88[39;22m

  [31m────────────────────────────────────────────────────────────────────────────────────────────────────────────────────[39m  
  [41;1m FAILED [49;22m [1mTests\Unit\Domain\Committee\Constitutional\Snapshot\SnapshotDecompositionTest[22m [90m>[39m trace data groups…  [41;1m Error [49;22m  
[39;1m  Class "App\Contexts\Membership\Domain\Committee\Geo\Kernel\GovernanceDecisionId" not found[39;22m

  at [32mtests\Unit\Domain\Committee\Constitutional\Snapshot\SnapshotDecompositionTest.php[39m:[32m33[39m
     29▕ {
     30▕     private function makeSnapshot(): GovernanceDecisionSnapshot
     31▕     {
     32▕         $gov = new GovernanceDecision(
  ➜  33▕             id: GovernanceDecisionId::generate(),
     34▕             decidedAt: new \DateTimeImmutable('2026-05-08T10:00:00Z'),
     35▕             evaluation: CapabilityEvaluation::allow('test'),
     36▕             classification: new AuthorityClassification(
     37▕                 exceptions: [],

  [33m1   [39m[39;1mtests\Unit\Domain\Committee\Constitutional\Snapshot\SnapshotDecompositionTest.php[39;22m:[39;1m33[39;22m
  [33m2   [39m[39;1mtests\Unit\Domain\Committee\Constitutional\Snapshot\SnapshotDecompositionTest.php[39;22m:[39;1m99[39;22m

  [31m────────────────────────────────────────────────────────────────────────────────────────────────────────────────────[39m  
  [41;1m FAILED [49;22m [1mTests\Unit\Domain\Committee\Constitutional\Snapshot\SnapshotDecompositionTest[22m [90m>[39m integrity data gro… [41;1m Error [49;22m  
[39;1m  Class "App\Contexts\Membership\Domain\Committee\Geo\Kernel\GovernanceDecisionId" not found[39;22m

  at [32mtests\Unit\Domain\Committee\Constitutional\Snapshot\SnapshotDecompositionTest.php[39m:[32m33[39m
     29▕ {
     30▕     private function makeSnapshot(): GovernanceDecisionSnapshot
     31▕     {
     32▕         $gov = new GovernanceDecision(
  ➜  33▕             id: GovernanceDecisionId::generate(),
     34▕             decidedAt: new \DateTimeImmutable('2026-05-08T10:00:00Z'),
     35▕             evaluation: CapabilityEvaluation::allow('test'),
     36▕             classification: new AuthorityClassification(
     37▕                 exceptions: [],

  [33m1   [39m[39;1mtests\Unit\Domain\Committee\Constitutional\Snapshot\SnapshotDecompositionTest.php[39;22m:[39;1m33[39;22m
  [33m2   [39m[39;1mtests\Unit\Domain\Committee\Constitutional\Snapshot\SnapshotDecompositionTest.php[39;22m:[39;1m110[39;22m

  [31m────────────────────────────────────────────────────────────────────────────────────────────────────────────────────[39m  
  [41;1m FAILED [49;22m [1mTests\Unit\Domain\Committee\Constitutional\Snapshot\SnapshotIntegrityHashTest[22m [90m>[39m from snapshot prod… [41;1m Error [49;22m  
[39;1m  Class "App\Contexts\Membership\Domain\Committee\Geo\Kernel\GovernanceDecisionId" not found[39;22m

  at [32mtests\Unit\Domain\Committee\Constitutional\Snapshot\SnapshotIntegrityHashTest.php[39m:[32m30[39m
     26▕ {
     27▕     private function makeSnapshot(): GovernanceDecisionSnapshot
     28▕     {
     29▕         $gov = new GovernanceDecision(
  ➜  30▕             id: GovernanceDecisionId::generate(),
     31▕             decidedAt: new \DateTimeImmutable('2026-05-08T10:00:00Z'),
     32▕             evaluation: CapabilityEvaluation::allow('test'),
     33▕             classification: new AuthorityClassification(
     34▕                 exceptions: [],

  [33m1   [39m[39;1mtests\Unit\Domain\Committee\Constitutional\Snapshot\SnapshotIntegrityHashTest.php[39;22m:[39;1m30[39;22m
  [33m2   [39m[39;1mtests\Unit\Domain\Committee\Constitutional\Snapshot\SnapshotIntegrityHashTest.php[39;22m:[39;1m74[39;22m

  [31m────────────────────────────────────────────────────────────────────────────────────────────────────────────────────[39m  
  [41;1m FAILED [49;22m [1mTests\Unit\Domain\Committee\Constitutional\Snapshot\SnapshotIntegrityHashTest[22m [90m>[39m verify passes for…  [41;1m Error [49;22m  
[39;1m  Class "App\Contexts\Membership\Domain\Committee\Geo\Kernel\GovernanceDecisionId" not found[39;22m

  at [32mtests\Unit\Domain\Committee\Constitutional\Snapshot\SnapshotIntegrityHashTest.php[39m:[32m30[39m
     26▕ {
     27▕     private function makeSnapshot(): GovernanceDecisionSnapshot
     28▕     {
     29▕         $gov = new GovernanceDecision(
  ➜  30▕             id: GovernanceDecisionId::generate(),
     31▕             decidedAt: new \DateTimeImmutable('2026-05-08T10:00:00Z'),
     32▕             evaluation: CapabilityEvaluation::allow('test'),
     33▕             classification: new AuthorityClassification(
     34▕                 exceptions: [],

  [33m1   [39m[39;1mtests\Unit\Domain\Committee\Constitutional\Snapshot\SnapshotIntegrityHashTest.php[39;22m:[39;1m30[39;22m
  [33m2   [39m[39;1mtests\Unit\Domain\Committee\Constitutional\Snapshot\SnapshotIntegrityHashTest.php[39;22m:[39;1m82[39;22m

  [31m────────────────────────────────────────────────────────────────────────────────────────────────────────────────────[39m  
  [41;1m FAILED [49;22m [1mTests\Unit\Domain\Committee\Constitutional\Snapshot\SnapshotIntegrityHashTest[22m [90m>[39m verify fails for t… [41;1m Error [49;22m  
[39;1m  Class "App\Contexts\Membership\Domain\Committee\Geo\Kernel\GovernanceDecisionId" not found[39;22m

  at [32mtests\Unit\Domain\Committee\Constitutional\Snapshot\SnapshotIntegrityHashTest.php[39m:[32m30[39m
     26▕ {
     27▕     private function makeSnapshot(): GovernanceDecisionSnapshot
     28▕     {
     29▕         $gov = new GovernanceDecision(
  ➜  30▕             id: GovernanceDecisionId::generate(),
     31▕             decidedAt: new \DateTimeImmutable('2026-05-08T10:00:00Z'),
     32▕             evaluation: CapabilityEvaluation::allow('test'),
     33▕             classification: new AuthorityClassification(
     34▕                 exceptions: [],

  [33m1   [39m[39;1mtests\Unit\Domain\Committee\Constitutional\Snapshot\SnapshotIntegrityHashTest.php[39;22m:[39;1m30[39;22m
  [33m2   [39m[39;1mtests\Unit\Domain\Committee\Constitutional\Snapshot\SnapshotIntegrityHashTest.php[39;22m:[39;1m90[39;22m

  [31m────────────────────────────────────────────────────────────────────────────────────────────────────────────────────[39m  
  [41;1m FAILED [49;22m [1mTests\Unit\Domain\Committee\Constitutional\Timeline\GovernanceTimelineProjectorTest[22m [90m>[39m project retu… [41;1m Error [49;22m  
[39;1m  Class "App\Contexts\Membership\Domain\Committee\Geo\Kernel\GovernanceDecisionId" not found[39;22m

  at [32mtests\Unit\Domain\Committee\Constitutional\Timeline\GovernanceTimelineProjectorTest.php[39m:[32m32[39m
     28▕ {
     29▕     private function makeSnapshot(): GovernanceDecisionSnapshot
     30▕     {
     31▕         $gov = new GovernanceDecision(
  ➜  32▕             id: GovernanceDecisionId::generate(),
     33▕             decidedAt: new \DateTimeImmutable('2026-05-08T10:00:00Z'),
     34▕             evaluation: CapabilityEvaluation::allow('test'),
     35▕             classification: new AuthorityClassification(
     36▕                 exceptions: [],

  [33m1   [39m[39;1mtests\Unit\Domain\Committee\Constitutional\Timeline\GovernanceTimelineProjectorTest.php[39;22m:[39;1m32[39;22m
  [33m2   [39m[39;1mtests\Unit\Domain\Committee\Constitutional\Timeline\GovernanceTimelineProjectorTest.php[39;22m:[39;1m77[39;22m

  [31m────────────────────────────────────────────────────────────────────────────────────────────────────────────────────[39m  
  [41;1m FAILED [49;22m [1mTests\Unit\Domain\Committee\Constitutional\Timeline\GovernanceTimelineProjectorTest[22m [90m>[39m projection d… [41;1m Error [49;22m  
[39;1m  Class "App\Contexts\Membership\Domain\Committee\Geo\Kernel\GovernanceDecisionId" not found[39;22m

  at [32mtests\Unit\Domain\Committee\Constitutional\Timeline\GovernanceTimelineProjectorTest.php[39m:[32m32[39m
     28▕ {
     29▕     private function makeSnapshot(): GovernanceDecisionSnapshot
     30▕     {
     31▕         $gov = new GovernanceDecision(
  ➜  32▕             id: GovernanceDecisionId::generate(),
     33▕             decidedAt: new \DateTimeImmutable('2026-05-08T10:00:00Z'),
     34▕             evaluation: CapabilityEvaluation::allow('test'),
     35▕             classification: new AuthorityClassification(
     36▕                 exceptions: [],

  [33m1   [39m[39;1mtests\Unit\Domain\Committee\Constitutional\Timeline\GovernanceTimelineProjectorTest.php[39;22m:[39;1m32[39;22m
  [33m2   [39m[39;1mtests\Unit\Domain\Committee\Constitutional\Timeline\GovernanceTimelineProjectorTest.php[39;22m:[39;1m87[39;22m

  [31m────────────────────────────────────────────────────────────────────────────────────────────────────────────────────[39m  
  [41;1m FAILED [49;22m [1mTests\Unit\Domain\Committee\Constitutional\Timeline\GovernanceTimelineProjectorTest[22m [90m>[39m projection i… [41;1m Error [49;22m  
[39;1m  Class "App\Contexts\Membership\Domain\Committee\Geo\Kernel\GovernanceDecisionId" not found[39;22m

  at [32mtests\Unit\Domain\Committee\Constitutional\Timeline\GovernanceTimelineProjectorTest.php[39m:[32m32[39m
     28▕ {
     29▕     private function makeSnapshot(): GovernanceDecisionSnapshot
     30▕     {
     31▕         $gov = new GovernanceDecision(
  ➜  32▕             id: GovernanceDecisionId::generate(),
     33▕             decidedAt: new \DateTimeImmutable('2026-05-08T10:00:00Z'),
     34▕             evaluation: CapabilityEvaluation::allow('test'),
     35▕             classification: new AuthorityClassification(
     36▕                 exceptions: [],

  [33m1   [39m[39;1mtests\Unit\Domain\Committee\Constitutional\Timeline\GovernanceTimelineProjectorTest.php[39;22m:[39;1m32[39;22m
  [33m2   [39m[39;1mtests\Unit\Domain\Committee\Constitutional\Timeline\GovernanceTimelineProjectorTest.php[39;22m:[39;1m97[39;22m

  [31m────────────────────────────────────────────────────────────────────────────────────────────────────────────────────[39m  
  [41;1m FAILED [49;22m [1mTests\Unit\Domain\Committee\Geo\GovernanceDecisionKernelTest[22m [90m>[39m kernel returns governance decision…  [41;1m Error [49;22m  
[39;1m  Class "App\Contexts\Membership\Domain\Committee\Geo\Kernel\GovernanceDecisionId" not found[39;22m

  at [32mapp\Contexts\Membership\Domain\Committee\Geo\Kernel\UuidGovernanceDecisionIdGenerator.php[39m:[32m11[39m
      7▕ final class UuidGovernanceDecisionIdGenerator implements GovernanceDecisionIdGenerator
      8▕ {
      9▕     public function next(): GovernanceDecisionId
     10▕     {
  ➜  11▕         return GovernanceDecisionId::generate();
     12▕     }
     13▕ }
     14▕

  [33m1   [39m[39;1mapp\Contexts\Membership\Domain\Committee\Geo\Kernel\UuidGovernanceDecisionIdGenerator.php[39;22m:[39;1m11[39;22m
  [33m2   [39m[39;1mapp\Contexts\Membership\Domain\Committee\Geo\Kernel\GovernanceDecisionKernel.php[39;22m:[39;1m41[39;22m

  [31m────────────────────────────────────────────────────────────────────────────────────────────────────────────────────[39m  
  [41;1m FAILED [49;22m [1mTests\Unit\Domain\Committee\Geo\GovernanceDecisionKernelTest[22m [90m>[39m evaluation reflects capability engi… [41;1m Error [49;22m  
[39;1m  Class "App\Contexts\Membership\Domain\Committee\Geo\Kernel\GovernanceDecisionId" not found[39;22m

  at [32mapp\Contexts\Membership\Domain\Committee\Geo\Kernel\UuidGovernanceDecisionIdGenerator.php[39m:[32m11[39m
      7▕ final class UuidGovernanceDecisionIdGenerator implements GovernanceDecisionIdGenerator
      8▕ {
      9▕     public function next(): GovernanceDecisionId
     10▕     {
  ➜  11▕         return GovernanceDecisionId::generate();
     12▕     }
     13▕ }
     14▕

  [33m1   [39m[39;1mapp\Contexts\Membership\Domain\Committee\Geo\Kernel\UuidGovernanceDecisionIdGenerator.php[39;22m:[39;1m11[39;22m
  [33m2   [39m[39;1mapp\Contexts\Membership\Domain\Committee\Geo\Kernel\GovernanceDecisionKernel.php[39;22m:[39;1m41[39;22m

  [31m────────────────────────────────────────────────────────────────────────────────────────────────────────────────────[39m  
  [41;1m FAILED [49;22m [1mTests\Unit\Domain\Committee\Geo\GovernanceDecisionKernelTest[22m [90m>[39m classification is empty without aut… [41;1m Error [49;22m  
[39;1m  Class "App\Contexts\Membership\Domain\Committee\Geo\Kernel\GovernanceDecisionId" not found[39;22m

  at [32mapp\Contexts\Membership\Domain\Committee\Geo\Kernel\UuidGovernanceDecisionIdGenerator.php[39m:[32m11[39m
      7▕ final class UuidGovernanceDecisionIdGenerator implements GovernanceDecisionIdGenerator
      8▕ {
      9▕     public function next(): GovernanceDecisionId
     10▕     {
  ➜  11▕         return GovernanceDecisionId::generate();
     12▕     }
     13▕ }
     14▕

  [33m1   [39m[39;1mapp\Contexts\Membership\Domain\Committee\Geo\Kernel\UuidGovernanceDecisionIdGenerator.php[39;22m:[39;1m11[39;22m
  [33m2   [39m[39;1mapp\Contexts\Membership\Domain\Committee\Geo\Kernel\GovernanceDecisionKernel.php[39;22m:[39;1m41[39;22m

  [31m────────────────────────────────────────────────────────────────────────────────────────────────────────────────────[39m  
  [41;1m FAILED [49;22m [1mTests\Unit\Domain\Committee\Geo\GovernanceDecisionKernelTest[22m [90m>[39m no conflicts detected without graph  [41;1m Error [49;22m  
[39;1m  Class "App\Contexts\Membership\Domain\Committee\Geo\Kernel\GovernanceDecisionId" not found[39;22m

  at [32mapp\Contexts\Membership\Domain\Committee\Geo\Kernel\UuidGovernanceDecisionIdGenerator.php[39m:[32m11[39m
      7▕ final class UuidGovernanceDecisionIdGenerator implements GovernanceDecisionIdGenerator
      8▕ {
      9▕     public function next(): GovernanceDecisionId
     10▕     {
  ➜  11▕         return GovernanceDecisionId::generate();
     12▕     }
     13▕ }
     14▕

  [33m1   [39m[39;1mapp\Contexts\Membership\Domain\Committee\Geo\Kernel\UuidGovernanceDecisionIdGenerator.php[39;22m:[39;1m11[39;22m
  [33m2   [39m[39;1mapp\Contexts\Membership\Domain\Committee\Geo\Kernel\GovernanceDecisionKernel.php[39;22m:[39;1m41[39;22m

  [31m────────────────────────────────────────────────────────────────────────────────────────────────────────────────────[39m  
  [41;1m FAILED [49;22m [1mTests\Unit\Domain\Committee\Geo\GovernanceDecisionKernelTest[22m [90m>[39m override edge classified into overr… [41;1m Error [49;22m  
[39;1m  Class "App\Contexts\Membership\Domain\Committee\Geo\Kernel\GovernanceDecisionId" not found[39;22m

  at [32mapp\Contexts\Membership\Domain\Committee\Geo\Kernel\UuidGovernanceDecisionIdGenerator.php[39m:[32m11[39m
      7▕ final class UuidGovernanceDecisionIdGenerator implements GovernanceDecisionIdGenerator
      8▕ {
      9▕     public function next(): GovernanceDecisionId
     10▕     {
  ➜  11▕         return GovernanceDecisionId::generate();
     12▕     }
     13▕ }
     14▕

  [33m1   [39m[39;1mapp\Contexts\Membership\Domain\Committee\Geo\Kernel\UuidGovernanceDecisionIdGenerator.php[39;22m:[39;1m11[39;22m
  [33m2   [39m[39;1mapp\Contexts\Membership\Domain\Committee\Geo\Kernel\GovernanceDecisionKernel.php[39;22m:[39;1m41[39;22m

  [31m────────────────────────────────────────────────────────────────────────────────────────────────────────────────────[39m  
  [41;1m FAILED [49;22m [1mTests\Unit\Domain\Committee\Geo\GovernanceDecisionKernelTest[22m [90m>[39m exception zone node classified into… [41;1m Error [49;22m  
[39;1m  Class "App\Contexts\Membership\Domain\Committee\Geo\Kernel\GovernanceDecisionId" not found[39;22m

  at [32mapp\Contexts\Membership\Domain\Committee\Geo\Kernel\UuidGovernanceDecisionIdGenerator.php[39m:[32m11[39m
      7▕ final class UuidGovernanceDecisionIdGenerator implements GovernanceDecisionIdGenerator
      8▕ {
      9▕     public function next(): GovernanceDecisionId
     10▕     {
  ➜  11▕         return GovernanceDecisionId::generate();
     12▕     }
     13▕ }
     14▕

  [33m1   [39m[39;1mapp\Contexts\Membership\Domain\Committee\Geo\Kernel\UuidGovernanceDecisionIdGenerator.php[39;22m:[39;1m11[39;22m
  [33m2   [39m[39;1mapp\Contexts\Membership\Domain\Committee\Geo\Kernel\GovernanceDecisionKernel.php[39;22m:[39;1m41[39;22m

  [31m────────────────────────────────────────────────────────────────────────────────────────────────────────────────────[39m  
  [41;1m FAILED [49;22m [1mTests\Unit\Domain\Committee\Geo\GovernanceDecisionKernelTest[22m [90m>[39m kernel records governance decision…  [41;1m Error [49;22m  
[39;1m  Class "App\Contexts\Membership\Domain\Committee\Geo\Kernel\GovernanceDecisionId" not found[39;22m

  at [32mapp\Contexts\Membership\Domain\Committee\Geo\Kernel\UuidGovernanceDecisionIdGenerator.php[39m:[32m11[39m
      7▕ final class UuidGovernanceDecisionIdGenerator implements GovernanceDecisionIdGenerator
      8▕ {
      9▕     public function next(): GovernanceDecisionId
     10▕     {
  ➜  11▕         return GovernanceDecisionId::generate();
     12▕     }
     13▕ }
     14▕

  [33m1   [39m[39;1mapp\Contexts\Membership\Domain\Committee\Geo\Kernel\UuidGovernanceDecisionIdGenerator.php[39;22m:[39;1m11[39;22m
  [33m2   [39m[39;1mapp\Contexts\Membership\Domain\Committee\Geo\Kernel\GovernanceDecisionKernel.php[39;22m:[39;1m41[39;22m

  [31m────────────────────────────────────────────────────────────────────────────────────────────────────────────────────[39m  
  [41;1m FAILED [49;22m [1mTests\Unit\Domain\Committee\Geo\GovernanceDecisionKernelTest[22m [90m>[39m kernel decision always has final au… [41;1m Error [49;22m  
[39;1m  Class "App\Contexts\Membership\Domain\Committee\Geo\Kernel\GovernanceDecisionId" not found[39;22m

  at [32mapp\Contexts\Membership\Domain\Committee\Geo\Kernel\UuidGovernanceDecisionIdGenerator.php[39m:[32m11[39m
      7▕ final class UuidGovernanceDecisionIdGenerator implements GovernanceDecisionIdGenerator
      8▕ {
      9▕     public function next(): GovernanceDecisionId
     10▕     {
  ➜  11▕         return GovernanceDecisionId::generate();
     12▕     }
     13▕ }
     14▕

  [33m1   [39m[39;1mapp\Contexts\Membership\Domain\Committee\Geo\Kernel\UuidGovernanceDecisionIdGenerator.php[39;22m:[39;1m11[39;22m
  [33m2   [39m[39;1mapp\Contexts\Membership\Domain\Committee\Geo\Kernel\GovernanceDecisionKernel.php[39;22m:[39;1m41[39;22m

  [31m────────────────────────────────────────────────────────────────────────────────────────────────────────────────────[39m  
  [41;1m FAILED [49;22m [1mTests\Unit\Domain\Committee\Geo\GovernanceDecisionKernelTest[22m [90m>[39m empty graph produces none final dec… [41;1m Error [49;22m  
[39;1m  Class "App\Contexts\Membership\Domain\Committee\Geo\Kernel\GovernanceDecisionId" not found[39;22m

  at [32mapp\Contexts\Membership\Domain\Committee\Geo\Kernel\UuidGovernanceDecisionIdGenerator.php[39m:[32m11[39m
      7▕ final class UuidGovernanceDecisionIdGenerator implements GovernanceDecisionIdGenerator
      8▕ {
      9▕     public function next(): GovernanceDecisionId
     10▕     {
  ➜  11▕         return GovernanceDecisionId::generate();
     12▕     }
     13▕ }
     14▕

  [33m1   [39m[39;1mapp\Contexts\Membership\Domain\Committee\Geo\Kernel\UuidGovernanceDecisionIdGenerator.php[39;22m:[39;1m11[39;22m
  [33m2   [39m[39;1mapp\Contexts\Membership\Domain\Committee\Geo\Kernel\GovernanceDecisionKernel.php[39;22m:[39;1m41[39;22m

  [31m────────────────────────────────────────────────────────────────────────────────────────────────────────────────────[39m  
  [41;1m FAILED [49;22m [1mTests\Unit\Domain\Committee\Geo\GovernanceDecisionKernelTest[22m [90m>[39m exception node in graph resolves as… [41;1m Error [49;22m  
[39;1m  Class "App\Contexts\Membership\Domain\Committee\Geo\Kernel\GovernanceDecisionId" not found[39;22m

  at [32mapp\Contexts\Membership\Domain\Committee\Geo\Kernel\UuidGovernanceDecisionIdGenerator.php[39m:[32m11[39m
      7▕ final class UuidGovernanceDecisionIdGenerator implements GovernanceDecisionIdGenerator
      8▕ {
      9▕     public function next(): GovernanceDecisionId
     10▕     {
  ➜  11▕         return GovernanceDecisionId::generate();
     12▕     }
     13▕ }
     14▕

  [33m1   [39m[39;1mapp\Contexts\Membership\Domain\Committee\Geo\Kernel\UuidGovernanceDecisionIdGenerator.php[39;22m:[39;1m11[39;22m
  [33m2   [39m[39;1mapp\Contexts\Membership\Domain\Committee\Geo\Kernel\GovernanceDecisionKernel.php[39;22m:[39;1m41[39;22m

  [31m────────────────────────────────────────────────────────────────────────────────────────────────────────────────────[39m  
  [41;1m FAILED [49;22m [1mTests\Unit\Domain\Committee\Geo\Kernel\GovernanceDecisionIdTest[22m [90m>[39m generate produces valid uuid for… [41;1m Error [49;22m  
[39;1m  Class "App\Contexts\Membership\Domain\Committee\Geo\Kernel\GovernanceDecisionId" not found[39;22m

  at [32mtests\Unit\Domain\Committee\Geo\Kernel\GovernanceDecisionIdTest.php[39m:[32m14[39m
     10▕ final class GovernanceDecisionIdTest extends TestCase
     11▕ {
     12▕     public function test_generate_produces_valid_uuid_format(): void
     13▕     {
  ➜  14▕         $id = GovernanceDecisionId::generate();
     15▕ 
     16▕         $this->assertMatchesRegularExpression(
     17▕             '/^[0-9a-f]{8}-[0-9a-f]{4}-4[0-9a-f]{3}-[89ab][0-9a-f]{3}-[0-9a-f]{12}$/i',
     18▕             $id->toString()

  [33m1   [39m[39;1mtests\Unit\Domain\Committee\Geo\Kernel\GovernanceDecisionIdTest.php[39;22m:[39;1m14[39;22m

  [31m────────────────────────────────────────────────────────────────────────────────────────────────────────────────────[39m  
  [41;1m FAILED [49;22m [1mTests\Unit\Domain\Committee\Geo\Kernel\GovernanceDecisionIdTest[22m [90m>[39m from string preserves value       [41;1m Error [49;22m  
[39;1m  Class "App\Contexts\Membership\Domain\Committee\Geo\Kernel\GovernanceDecisionId" not found[39;22m

  at [32mtests\Unit\Domain\Committee\Geo\Kernel\GovernanceDecisionIdTest.php[39m:[32m26[39m
     22▕     public function test_from_string_preserves_value(): void
     23▕     {
     24▕         $originalValue = 'abc-123-def';
     25▕ 
  ➜  26▕         $id = GovernanceDecisionId::fromString($originalValue);
     27▕ 
     28▕         $this->assertEquals($originalValue, $id->toString());
     29▕     }
     30▕

  [33m1   [39m[39;1mtests\Unit\Domain\Committee\Geo\Kernel\GovernanceDecisionIdTest.php[39;22m:[39;1m26[39;22m

  [31m────────────────────────────────────────────────────────────────────────────────────────────────────────────────────[39m  
  [41;1m FAILED [49;22m [1mTests\Unit\Domain\Committee\Geo\Kernel\GovernanceDecisionIdTest[22m [90m>[39m two generated ids are not equal   [41;1m Error [49;22m  
[39;1m  Class "App\Contexts\Membership\Domain\Committee\Geo\Kernel\GovernanceDecisionId" not found[39;22m

  at [32mtests\Unit\Domain\Committee\Geo\Kernel\GovernanceDecisionIdTest.php[39m:[32m33[39m
     29▕     }
     30▕ 
     31▕     public function test_two_generated_ids_are_not_equal(): void
     32▕     {
  ➜  33▕         $id1 = GovernanceDecisionId::generate();
     34▕         $id2 = GovernanceDecisionId::generate();
     35▕ 
     36▕         $this->assertFalse($id1->equals($id2));
     37▕     }

  [33m1   [39m[39;1mtests\Unit\Domain\Committee\Geo\Kernel\GovernanceDecisionIdTest.php[39;22m:[39;1m33[39;22m

  [31m────────────────────────────────────────────────────────────────────────────────────────────────────────────────────[39m  
  [41;1m FAILED [49;22m [1mTests\Unit\Domain\Election\ElectionConstitutionTargetStateTest[22m [90m>[39m target states are correct                   
[39;1m  Failed asserting that two strings are equal.
--- Expected
+++ Actual
@@ @@
-'setup_administration'
+'setup_nomination'[39;22m

  at [32mtests\Unit\Domain\Election\ElectionConstitutionTargetStateTest.php[39m:[32m35[39m
     31▕         $this->assertEquals('setup_administration', ElectionConstitution::getTargetStateForAction('begin_setup'));
     32▕         $this->assertEquals('submitted_for_approval', ElectionConstitution::getTargetStateForAction('submit_for_approval'));
     33▕         $this->assertEquals('approved', ElectionConstitution::getTargetStateForAction('approve'));
     34▕         $this->assertEquals('rejected', ElectionConstitution::getTargetStateForAction('reject'));
  ➜  35▕         $this->assertEquals('setup_administration', ElectionConstitution::getTargetStateForAction('complete_administration'));
     36▕         $this->assertEquals('setup_nomination', ElectionConstitution::getTargetStateForAction('complete_nomination'));
     37▕         $this->assertEquals('voting_active', ElectionConstitution::getTargetStateForAction('open_voting'));
     38▕         $this->assertEquals('counting', ElectionConstitution::getTargetStateForAction('close_voting'));
     39▕         $this->assertEquals('results_published', ElectionConstitution::getTargetStateForAction('publish_results'));

  [33m1   [39m[39;1mtests\Unit\Domain\Election\ElectionConstitutionTargetStateTest.php[39;22m:[39;1m35[39;22m

  [31m────────────────────────────────────────────────────────────────────────────────────────────────────────────────────[39m  
  [41;1m FAILED [49;22m [1mTests\Unit\Domain\Election\Security\D5ResolverIntegrationTest[22m [90m>[39m envelope bundles evaluation re… [41;1m TypeError [49;22m  
[39;1m  App\Domain\Election\Security\Simplified\EvaluationEnvelope::__construct(): Argument #2 ($observations) must be of type App\Domain\Election\Security\Simplified\ConstitutionalObservationContext, App\Domain\Election\Security\Simplified\OverlaySignal given, called in C:\Users\nabra\OneDrive\Desktop\roshyara\xamp\nrna\nrna-eu\tests\Unit\Domain\Election\Security\D5ResolverIntegrationTest.php on line 50[39;22m

  at [32mapp\Domain\Election\Security\Simplified\EvaluationEnvelope.php[39m:[32m20[39m
     16▕  * - snapshot: EvidenceSnapshot (read-only projection)
     17▕  */
     18▕ readonly class EvaluationEnvelope
     19▕ {
  ➜  20▕     public function __construct(
     21▕         public EvidenceEvaluationResult $result,
     22▕         public ConstitutionalObservationContext $observations,
     23▕         public EvidenceSnapshot $snapshot,
     24▕     ) {}

  [33m1   [39m[39;1mapp\Domain\Election\Security\Simplified\EvaluationEnvelope.php[39;22m:[39;1m20[39;22m
  [33m2   [39m[39;1mtests\Unit\Domain\Election\Security\D5ResolverIntegrationTest.php[39;22m:[39;1m50[39;22m

  [31m────────────────────────────────────────────────────────────────────────────────────────────────────────────────────[39m  
  [41;1m FAILED [49;22m [1mTests\Unit\Domain\Election\Security\D5ResolverIntegrationTest[22m [90m>[39m envelope is readonly            [41;1m TypeError [49;22m  
[39;1m  App\Domain\Election\Security\Simplified\EvaluationEnvelope::__construct(): Argument #2 ($observations) must be of type App\Domain\Election\Security\Simplified\ConstitutionalObservationContext, App\Domain\Election\Security\Simplified\OverlaySignal given, called in C:\Users\nabra\OneDrive\Desktop\roshyara\xamp\nrna\nrna-eu\tests\Unit\Domain\Election\Security\D5ResolverIntegrationTest.php on line 67[39;22m

  at [32mapp\Domain\Election\Security\Simplified\EvaluationEnvelope.php[39m:[32m20[39m
     16▕  * - snapshot: EvidenceSnapshot (read-only projection)
     17▕  */
     18▕ readonly class EvaluationEnvelope
     19▕ {
  ➜  20▕     public function __construct(
     21▕         public EvidenceEvaluationResult $result,
     22▕         public ConstitutionalObservationContext $observations,
     23▕         public EvidenceSnapshot $snapshot,
     24▕     ) {}

  [33m1   [39m[39;1mapp\Domain\Election\Security\Simplified\EvaluationEnvelope.php[39;22m:[39;1m20[39;22m
  [33m2   [39m[39;1mtests\Unit\Domain\Election\Security\D5ResolverIntegrationTest.php[39;22m:[39;1m67[39;22m

  [31m────────────────────────────────────────────────────────────────────────────────────────────────────────────────────[39m  
  [41;1m FAILED [49;22m [1mTests\Unit\Domain\Election\Security\D5ResolverIntegrationTest[22m [90m>[39m envelope carries evaluation st… [41;1m TypeError [49;22m  
[39;1m  App\Domain\Election\Security\Simplified\EvaluationEnvelope::__construct(): Argument #2 ($observations) must be of type App\Domain\Election\Security\Simplified\ConstitutionalObservationContext, App\Domain\Election\Security\Simplified\OverlaySignal given, called in C:\Users\nabra\OneDrive\Desktop\roshyara\xamp\nrna\nrna-eu\tests\Unit\Domain\Election\Security\D5ResolverIntegrationTest.php on line 103[39;22m

  at [32mapp\Domain\Election\Security\Simplified\EvaluationEnvelope.php[39m:[32m20[39m
     16▕  * - snapshot: EvidenceSnapshot (read-only projection)
     17▕  */
     18▕ readonly class EvaluationEnvelope
     19▕ {
  ➜  20▕     public function __construct(
     21▕         public EvidenceEvaluationResult $result,
     22▕         public ConstitutionalObservationContext $observations,
     23▕         public EvidenceSnapshot $snapshot,
     24▕     ) {}

  [33m1   [39m[39;1mapp\Domain\Election\Security\Simplified\EvaluationEnvelope.php[39;22m:[39;1m20[39;22m
  [33m2   [39m[39;1mtests\Unit\Domain\Election\Security\D5ResolverIntegrationTest.php[39;22m:[39;1m103[39;22m

  [31m────────────────────────────────────────────────────────────────────────────────────────────────────────────────────[39m  
  [41;1m FAILED [49;22m [1mTests\Unit\Domain\Election\Security\D5ResolverIntegrationTest[22m [90m>[39m overlay signal in envelope is…  [41;1m TypeError [49;22m  
[39;1m  App\Domain\Election\Security\Simplified\EvaluationEnvelope::__construct(): Argument #2 ($observations) must be of type App\Domain\Election\Security\Simplified\ConstitutionalObservationContext, App\Domain\Election\Security\Simplified\OverlaySignal given, called in C:\Users\nabra\OneDrive\Desktop\roshyara\xamp\nrna\nrna-eu\tests\Unit\Domain\Election\Security\D5ResolverIntegrationTest.php on line 129[39;22m

  at [32mapp\Domain\Election\Security\Simplified\EvaluationEnvelope.php[39m:[32m20[39m
     16▕  * - snapshot: EvidenceSnapshot (read-only projection)
     17▕  */
     18▕ readonly class EvaluationEnvelope
     19▕ {
  ➜  20▕     public function __construct(
     21▕         public EvidenceEvaluationResult $result,
     22▕         public ConstitutionalObservationContext $observations,
     23▕         public EvidenceSnapshot $snapshot,
     24▕     ) {}

  [33m1   [39m[39;1mapp\Domain\Election\Security\Simplified\EvaluationEnvelope.php[39;22m:[39;1m20[39;22m
  [33m2   [39m[39;1mtests\Unit\Domain\Election\Security\D5ResolverIntegrationTest.php[39;22m:[39;1m129[39;22m

  [31m────────────────────────────────────────────────────────────────────────────────────────────────────────────────────[39m  
  [41;1m FAILED [49;22m [1mTests\Unit\Domain\Election\Security\D5ResolverIntegrationTest[22m [90m>[39m full pipeline evaluation        [41;1m TypeError [49;22m  
[39;1m  App\Domain\Election\Security\Simplified\EvaluationEnvelope::__construct(): Argument #2 ($observations) must be of type App\Domain\Election\Security\Simplified\ConstitutionalObservationContext, App\Domain\Election\Security\Simplified\OverlaySignal given, called in C:\Users\nabra\OneDrive\Desktop\roshyara\xamp\nrna\nrna-eu\tests\Unit\Domain\Election\Security\D5ResolverIntegrationTest.php on line 182[39;22m

  at [32mapp\Domain\Election\Security\Simplified\EvaluationEnvelope.php[39m:[32m20[39m
     16▕  * - snapshot: EvidenceSnapshot (read-only projection)
     17▕  */
     18▕ readonly class EvaluationEnvelope
     19▕ {
  ➜  20▕     public function __construct(
     21▕         public EvidenceEvaluationResult $result,
     22▕         public ConstitutionalObservationContext $observations,
     23▕         public EvidenceSnapshot $snapshot,
     24▕     ) {}

  [33m1   [39m[39;1mapp\Domain\Election\Security\Simplified\EvaluationEnvelope.php[39;22m:[39;1m20[39;22m
  [33m2   [39m[39;1mtests\Unit\Domain\Election\Security\D5ResolverIntegrationTest.php[39;22m:[39;1m182[39;22m

  [31m────────────────────────────────────────────────────────────────────────────────────────────────────────────────────[39m  
  [41;1m FAILED [49;22m [1mTests\Unit\Domain\Election\Security\D5ResolverIntegrationTest[22m [90m>[39m denial pipeline                 [41;1m TypeError [49;22m  
[39;1m  App\Domain\Election\Security\Simplified\EvaluationEnvelope::__construct(): Argument #2 ($observations) must be of type App\Domain\Election\Security\Simplified\ConstitutionalObservationContext, App\Domain\Election\Security\Simplified\OverlaySignal given, called in C:\Users\nabra\OneDrive\Desktop\roshyara\xamp\nrna\nrna-eu\tests\Unit\Domain\Election\Security\D5ResolverIntegrationTest.php on line 222[39;22m

  at [32mapp\Domain\Election\Security\Simplified\EvaluationEnvelope.php[39m:[32m20[39m
     16▕  * - snapshot: EvidenceSnapshot (read-only projection)
     17▕  */
     18▕ readonly class EvaluationEnvelope
     19▕ {
  ➜  20▕     public function __construct(
     21▕         public EvidenceEvaluationResult $result,
     22▕         public ConstitutionalObservationContext $observations,
     23▕         public EvidenceSnapshot $snapshot,
     24▕     ) {}

  [33m1   [39m[39;1mapp\Domain\Election\Security\Simplified\EvaluationEnvelope.php[39;22m:[39;1m20[39;22m
  [33m2   [39m[39;1mtests\Unit\Domain\Election\Security\D5ResolverIntegrationTest.php[39;22m:[39;1m222[39;22m

  [31m────────────────────────────────────────────────────────────────────────────────────────────────────────────────────[39m  
  [41;1m FAILED [49;22m [1mTests\Unit\Domain\Election\Security\D5ResolverIntegrationTest[22m [90m>[39m insufficient data pipeline      [41;1m TypeError [49;22m  
[39;1m  App\Domain\Election\Security\Simplified\EvaluationEnvelope::__construct(): Argument #2 ($observations) must be of type App\Domain\Election\Security\Simplified\ConstitutionalObservationContext, App\Domain\Election\Security\Simplified\OverlaySignal given, called in C:\Users\nabra\OneDrive\Desktop\roshyara\xamp\nrna\nrna-eu\tests\Unit\Domain\Election\Security\D5ResolverIntegrationTest.php on line 246[39;22m

  at [32mapp\Domain\Election\Security\Simplified\EvaluationEnvelope.php[39m:[32m20[39m
     16▕  * - snapshot: EvidenceSnapshot (read-only projection)
     17▕  */
     18▕ readonly class EvaluationEnvelope
     19▕ {
  ➜  20▕     public function __construct(
     21▕         public EvidenceEvaluationResult $result,
     22▕         public ConstitutionalObservationContext $observations,
     23▕         public EvidenceSnapshot $snapshot,
     24▕     ) {}

  [33m1   [39m[39;1mapp\Domain\Election\Security\Simplified\EvaluationEnvelope.php[39;22m:[39;1m20[39;22m
  [33m2   [39m[39;1mtests\Unit\Domain\Election\Security\D5ResolverIntegrationTest.php[39;22m:[39;1m246[39;22m

  [31m────────────────────────────────────────────────────────────────────────────────────────────────────────────────────[39m  
  [41;1m FAILED [49;22m [1mTests\Unit\Domain\Election\Security\D5ResolverIntegrationTest[22m [90m>[39m review required pipeline        [41;1m TypeError [49;22m  
[39;1m  App\Domain\Election\Security\Simplified\EvaluationEnvelope::__construct(): Argument #2 ($observations) must be of type App\Domain\Election\Security\Simplified\ConstitutionalObservationContext, App\Domain\Election\Security\Simplified\OverlaySignal given, called in C:\Users\nabra\OneDrive\Desktop\roshyara\xamp\nrna\nrna-eu\tests\Unit\Domain\Election\Security\D5ResolverIntegrationTest.php on line 281[39;22m

  at [32mapp\Domain\Election\Security\Simplified\EvaluationEnvelope.php[39m:[32m20[39m
     16▕  * - snapshot: EvidenceSnapshot (read-only projection)
     17▕  */
     18▕ readonly class EvaluationEnvelope
     19▕ {
  ➜  20▕     public function __construct(
     21▕         public EvidenceEvaluationResult $result,
     22▕         public ConstitutionalObservationContext $observations,
     23▕         public EvidenceSnapshot $snapshot,
     24▕     ) {}

  [33m1   [39m[39;1mapp\Domain\Election\Security\Simplified\EvaluationEnvelope.php[39;22m:[39;1m20[39;22m
  [33m2   [39m[39;1mtests\Unit\Domain\Election\Security\D5ResolverIntegrationTest.php[39;22m:[39;1m281[39;22m

  [31m────────────────────────────────────────────────────────────────────────────────────────────────────────────────────[39m  
  [41;1m FAILED [49;22m [1mTests\Unit\Domain\Election\Security\OverlaySignalTest[22m [90m>[39m no influence signal returns all neutral va… [41;1m Error [49;22m  
[39;1m  Class "App\Domain\Election\Security\OverlaySignal" not found[39;22m

  at [32mtests\Unit\Domain\Election\Security\OverlaySignalTest.php[39m:[32m16[39m
     12▕ class OverlaySignalTest extends TestCase
     13▕ {
     14▕     public function test_no_influence_signal_returns_all_neutral_values(): void
     15▕     {
  ➜  16▕         $signal = OverlaySignal::noInfluence('test_overlay');
     17▕ 
     18▕         $this->assertEquals(ConstitutionalConcernLevel::NONE, $signal->concernLevel);
     19▕         $this->assertEquals(EvidenceWeightCategory::STRONG, $signal->evidenceWeight);
     20▕         $this->assertEquals(RecommendedProceduralPath::CONTINUE, $signal->proceduralPath);

  [33m1   [39m[39;1mtests\Unit\Domain\Election\Security\OverlaySignalTest.php[39;22m:[39;1m16[39;22m

  [31m────────────────────────────────────────────────────────────────────────────────────────────────────────────────────[39m  
  [41;1m FAILED [49;22m [1mTests\Unit\Domain\Election\Security\OverlaySignalTest[22m [90m>[39m defer to governance signal indicates revie… [41;1m Error [49;22m  
[39;1m  Class "App\Domain\Election\Security\OverlaySignal" not found[39;22m

  at [32mtests\Unit\Domain\Election\Security\OverlaySignalTest.php[39m:[32m27[39m
     23▕     }
     24▕ 
     25▕     public function test_defer_to_governance_signal_indicates_review_required(): void
     26▕     {
  ➜  27▕         $signal = new OverlaySignal(
     28▕             ConstitutionalConcernLevel::CRITICAL,
     29▕             EvidenceWeightCategory::STRONG,
     30▕             RecommendedProceduralPath::DEFER_TO_GOVERNANCE,
     31▕             'overlay_id',

  [33m1   [39m[39;1mtests\Unit\Domain\Election\Security\OverlaySignalTest.php[39;22m:[39;1m27[39;22m

  [31m────────────────────────────────────────────────────────────────────────────────────────────────────────────────────[39m  
  [41;1m FAILED [49;22m [1mTests\Unit\Domain\Election\Security\OverlaySignalTest[22m [90m>[39m continue signal has no concern              [41;1m Error [49;22m  
[39;1m  Class "App\Domain\Election\Security\OverlaySignal" not found[39;22m

  at [32mtests\Unit\Domain\Election\Security\OverlaySignalTest.php[39m:[32m43[39m
     39▕     }
     40▕ 
     41▕     public function test_continue_signal_has_no_concern(): void
     42▕     {
  ➜  43▕         $signal = OverlaySignal::noInfluence('test');
     44▕ 
     45▕         $this->assertEquals(RecommendedProceduralPath::CONTINUE, $signal->proceduralPath);
     46▕         $this->assertEquals(ConstitutionalConcernLevel::NONE, $signal->concernLevel);
     47▕     }

  [33m1   [39m[39;1mtests\Unit\Domain\Election\Security\OverlaySignalTest.php[39;22m:[39;1m43[39;22m

  [31m────────────────────────────────────────────────────────────────────────────────────────────────────────────────────[39m  
  [41;1m FAILED [49;22m [1mTests\Unit\Domain\Election\Security\OverlaySignalTest[22m [90m>[39m trust elevation request carries suggested…  [41;1m Error [49;22m  
[39;1m  Class "App\Domain\Election\Security\OverlaySignal" not found[39;22m

  at [32mtests\Unit\Domain\Election\Security\OverlaySignalTest.php[39m:[32m51[39m
     47▕     }
     48▕ 
     49▕     public function test_trust_elevation_request_carries_suggested_level(): void
     50▕     {
  ➜  51▕         $signal = new OverlaySignal(
     52▕             ConstitutionalConcernLevel::NONE,
     53▕             EvidenceWeightCategory::DEFINITIVE,
     54▕             RecommendedProceduralPath::ELEVATED_SCRUTINY,
     55▕             'registrar_elevation',

  [33m1   [39m[39;1mtests\Unit\Domain\Election\Security\OverlaySignalTest.php[39;22m:[39;1m51[39;22m

  [31m────────────────────────────────────────────────────────────────────────────────────────────────────────────────────[39m  
  [41;1m FAILED [49;22m [1mTests\Unit\Domain\Election\Security\OverlaySignalTest[22m [90m>[39m signal evidence context contains no raw pi… [41;1m Error [49;22m  
[39;1m  Class "App\Domain\Election\Security\OverlaySignal" not found[39;22m

  at [32mtests\Unit\Domain\Election\Security\OverlaySignalTest.php[39m:[32m68[39m
     64▕ 
     65▕     public function test_signal_evidence_context_contains_no_raw_pii(): void
     66▕     {
     67▕         // Evidence context should contain hashed/minimized data
  ➜  68▕         $signal = new OverlaySignal(
     69▕             ConstitutionalConcernLevel::LOW,
     70▕             EvidenceWeightCategory::WEAK,
     71▕             RecommendedProceduralPath::REQUEST_REVERIFICATION,
     72▕             'ip_velocity',

  [33m1   [39m[39;1mtests\Unit\Domain\Election\Security\OverlaySignalTest.php[39;22m:[39;1m68[39;22m

  [31m────────────────────────────────────────────────────────────────────────────────────────────────────────────────────[39m  
  [41;1m FAILED [49;22m [1mTests\Unit\Domain\GeographyDomainServiceTest[22m [90m>[39m valid unit ids pass val… [41;1m MethodCannotBeConfiguredException [49;22m  
[39;1m  Trying to configure method "exists" which cannot be configured because it does not exist, has not been specified, is final, or is static[39;22m

  at [32mtests\Unit\Domain\GeographyDomainServiceTest.php[39m:[32m26[39m
     22▕     public function test_valid_unit_ids_pass_validation(): void
     23▕     {
     24▕         $this->repository
     25▕             ->expects($this->exactly(3))
  ➜  26▕             ->method('exists')
     27▕             ->willReturn(true);
     28▕ 
     29▕         $result = $this->service->validateHierarchy('NP', [1, 2, 3]);
     30▕

  [33m1   [39m[39;1mtests\Unit\Domain\GeographyDomainServiceTest.php[39;22m:[39;1m26[39;22m

  [31m────────────────────────────────────────────────────────────────────────────────────────────────────────────────────[39m  
  [41;1m FAILED [49;22m [1mTests\Unit\Domain\GeographyDomainServiceTest[22m [90m>[39m nonexistent unit ids fa… [41;1m MethodCannotBeConfiguredException [49;22m  
[39;1m  Trying to configure method "exists" which cannot be configured because it does not exist, has not been specified, is final, or is static[39;22m

  at [32mtests\Unit\Domain\GeographyDomainServiceTest.php[39m:[32m38[39m
     34▕     public function test_nonexistent_unit_ids_fail_validation(): void
     35▕     {
     36▕         $this->repository
     37▕             ->expects($this->once())
  ➜  38▕             ->method('exists')
     39▕             ->with(999, 'NP')
     40▕             ->willReturn(false);
     41▕ 
     42▕         $result = $this->service->validateHierarchy('NP', [999]);

  [33m1   [39m[39;1mtests\Unit\Domain\GeographyDomainServiceTest.php[39;22m:[39;1m38[39;22m

  [31m────────────────────────────────────────────────────────────────────────────────────────────────────────────────────[39m  
  [41;1m FAILED [49;22m [1mTests\Unit\Domain\GeographyDomainServiceTest[22m [90m>[39m out of order hierarchy…  [41;1m MethodCannotBeConfiguredException [49;22m  
[39;1m  Trying to configure method "exists" which cannot be configured because it does not exist, has not been specified, is final, or is static[39;22m

  at [32mtests\Unit\Domain\GeographyDomainServiceTest.php[39m:[32m52[39m
     48▕     {
     49▕         // First level exists, second exists but is not a child of first
     50▕         $this->repository
     51▕             ->expects($this->exactly(2))
  ➜  52▕             ->method('exists')
     53▕             ->willReturn(true);
     54▕ 
     55▕         $unit1 = new class {
     56▕             public function parentId() { return null; }

  [33m1   [39m[39;1mtests\Unit\Domain\GeographyDomainServiceTest.php[39;22m:[39;1m52[39;22m

  [31m────────────────────────────────────────────────────────────────────────────────────────────────────────────────────[39m  
  [41;1m FAILED [49;22m [1mTests\Unit\Election\BusinessConditionsTest[22m [90m>[39m can enter voting when all conditions met                        
[39;1m  Failed asserting that false is true.[39;22m

  at [32mtests\Unit\Election\BusinessConditionsTest.php[39m:[32m170[39m
    166▕             'nomination_completed' => true,
    167▕             'candidates_count' => 5,
    168▕             'pending_candidacies_count' => 0,
    169▕         ]);
  ➜ 170▕         $this->assertTrue($this->election->canEnterVotingPhase());
    171▕     }
    172▕ 
    173▕     // ============================================================
    174▕     // COUNTING PHASE CONDITIONS

  [33m1   [39m[39;1mtests\Unit\Election\BusinessConditionsTest.php[39;22m:[39;1m170[39;22m

  [31m────────────────────────────────────────────────────────────────────────────────────────────────────────────────────[39m  
  [41;1m FAILED [49;22m [1mTests\Unit\Election\BusinessConditionsTest[22m [90m>[39m returns multiple blocked reasons when applicable                
[39;1m  Failed asserting that an array contains 'pending_applications'.[39;22m

  at [32mtests\Unit\Election\BusinessConditionsTest.php[39m:[32m277[39m
    273▕         $reasons = $this->election->getVotingPhaseBlockedReasons();
    274▕ 
    275▕         $this->assertContains('nomination_incomplete', $reasons);
    276▕         $this->assertContains('no_candidates', $reasons);
  ➜ 277▕         $this->assertContains('pending_applications', $reasons);
    278▕     }
    279▕ 
    280▕     // ============================================================
    281▕     // CONFIGURABLE LIMITS

  [33m1   [39m[39;1mtests\Unit\Election\BusinessConditionsTest.php[39;22m:[39;1m277[39;22m

  [31m────────────────────────────────────────────────────────────────────────────────────────────────────────────────────[39m  
  [41;1m FAILED [49;22m [1mTests\Unit\Election\BusinessConditionsTest[22m [90m>[39m respects minimum candidates requirement from config             
[39;1m  Failed asserting that false is true.[39;22m

  at [32mtests\Unit\Election\BusinessConditionsTest.php[39m:[32m301[39m
    297▕         $this->election = $this->election->fresh();
    298▕         $this->election->update(['candidates_count' => 3]);
    299▕         $this->election = $this->election->fresh();
    300▕ 
  ➜ 301▕         $this->assertTrue($this->election->canEnterVotingPhase());
    302▕     }
    303▕ }
    304▕

  [33m1   [39m[39;1mtests\Unit\Election\BusinessConditionsTest.php[39;22m:[39;1m301[39;22m

  [31m────────────────────────────────────────────────────────────────────────────────────────────────────────────────────[39m  
  [41;1m FAILED [49;22m [1mTests\Unit\Election\DerivedStateTest[22m [90m>[39m returns administration state for new election                         
[39;1m  Failed asserting that two strings are equal.
--- Expected
+++ Actual
@@ @@
-'administration'
+'draft'[39;22m

  at [32mtests\Unit\Election\DerivedStateTest.php[39m:[32m36[39m
     32▕             'voters_count' => 1,
     33▕             'election_committee_members_count' => 1,
     34▕         ]);
     35▕ 
  ➜  36▕         $this->assertEquals('administration', $election->current_state);
     37▕     }
     38▕ 
     39▕     /** @test */
     40▕     public function returns_draft_state_when_missing_setup_requirements()

  [33m1   [39m[39;1mtests\Unit\Election\DerivedStateTest.php[39;22m:[39;1m36[39;22m

  [31m────────────────────────────────────────────────────────────────────────────────────────────────────────────────────[39m  
  [41;1m FAILED [49;22m [1mTests\Unit\Election\DerivedStateTest[22m [90m>[39m returns nomination state when administration completed                
[39;1m  Failed asserting that two strings are equal.
--- Expected
+++ Actual
@@ @@
-'nomination'
+'draft'[39;22m

  at [32mtests\Unit\Election\DerivedStateTest.php[39m:[32m65[39m
     61▕             'voters_count' => 100,
     62▕             'election_committee_members_count' => 5,
     63▕         ]);
     64▕ 
  ➜  65▕         $this->assertEquals('nomination', $election->current_state);
     66▕     }
     67▕ 
     68▕     /** @test */
     69▕     public function returns_nomination_blocked_when_admin_completed_but_missing_candidates()

  [33m1   [39m[39;1mtests\Unit\Election\DerivedStateTest.php[39;22m:[39;1m65[39;22m

  [31m────────────────────────────────────────────────────────────────────────────────────────────────────────────────────[39m  
  [41;1m FAILED [49;22m [1mTests\Unit\Election\DerivedStateTest[22m [90m>[39m returns nomination blocked when admin completed but missing candid…   
[39;1m  Failed asserting that two strings are equal.
--- Expected
+++ Actual
@@ @@
-'nomination_blocked'
+'draft'[39;22m

  at [32mtests\Unit\Election\DerivedStateTest.php[39m:[32m77[39m
     73▕             'nomination_completed' => false,
     74▕             'candidates_count' => 0,
     75▕         ]);
     76▕ 
  ➜  77▕         $this->assertEquals('nomination_blocked', $election->current_state);
     78▕     }
     79▕ 
     80▕     // ============================================================
     81▕     // VOTING STATE

  [33m1   [39m[39;1mtests\Unit\Election\DerivedStateTest.php[39;22m:[39;1m77[39;22m

  [31m────────────────────────────────────────────────────────────────────────────────────────────────────────────────────[39m  
  [41;1m FAILED [49;22m [1mTests\Unit\Election\DerivedStateTest[22m [90m>[39m returns voting state when time window active and conditions met       
[39;1m  Failed asserting that two strings are equal.
--- Expected
+++ Actual
@@ @@
-'voting'
+'draft'[39;22m

  at [32mtests\Unit\Election\DerivedStateTest.php[39m:[32m95[39m
     91▕             'candidates_count' => 5,
     92▕             'pending_candidacies_count' => 0,
     93▕         ]);
     94▕ 
  ➜  95▕         $this->assertEquals('voting', $election->current_state);
     96▕     }
     97▕ 
     98▕     /** @test */
     99▕     public function returns_voting_blocked_when_time_active_but_no_candidates()

  [33m1   [39m[39;1mtests\Unit\Election\DerivedStateTest.php[39;22m:[39;1m95[39;22m

  [31m────────────────────────────────────────────────────────────────────────────────────────────────────────────────────[39m  
  [41;1m FAILED [49;22m [1mTests\Unit\Election\DerivedStateTest[22m [90m>[39m returns voting blocked when time active but no candidates             
[39;1m  Failed asserting that two strings are equal.
--- Expected
+++ Actual
@@ @@
-'voting_blocked'
+'draft'[39;22m

  at [32mtests\Unit\Election\DerivedStateTest.php[39m:[32m109[39m
    105▕             'candidates_count' => 0,
    106▕             'pending_candidacies_count' => 0,
    107▕         ]);
    108▕ 
  ➜ 109▕         $this->assertEquals('voting_blocked', $election->current_state);
    110▕     }
    111▕ 
    112▕     /** @test */
    113▕     public function returns_voting_blocked_when_pending_candidacies_exist()

  [33m1   [39m[39;1mtests\Unit\Election\DerivedStateTest.php[39;22m:[39;1m109[39;22m

  [31m────────────────────────────────────────────────────────────────────────────────────────────────────────────────────[39m  
  [41;1m FAILED [49;22m [1mTests\Unit\Election\DerivedStateTest[22m [90m>[39m returns voting blocked when pending candidacies exist                 
[39;1m  Failed asserting that two strings are equal.
--- Expected
+++ Actual
@@ @@
-'voting_blocked'
+'draft'[39;22m

  at [32mtests\Unit\Election\DerivedStateTest.php[39m:[32m123[39m
    119▕             'candidates_count' => 5,
    120▕             'pending_candidacies_count' => 2,
    121▕         ]);
    122▕ 
  ➜ 123▕         $this->assertEquals('voting_blocked', $election->current_state);
    124▕     }
    125▕ 
    126▕     /** @test */
    127▕     public function returns_voting_state_only_during_voting_window()

  [33m1   [39m[39;1mtests\Unit\Election\DerivedStateTest.php[39;22m:[39;1m123[39;22m

  [31m────────────────────────────────────────────────────────────────────────────────────────────────────────────────────[39m  
  [41;1m FAILED [49;22m [1mTests\Unit\Election\DerivedStateTest[22m [90m>[39m returns counting state after voting window ends                       
[39;1m  Failed asserting that two strings are equal.
--- Expected
+++ Actual
@@ @@
-'counting'
+'draft'[39;22m

  at [32mtests\Unit\Election\DerivedStateTest.php[39m:[32m155[39m
    151▕             'votes_count' => 50,
    152▕             'results_published_at' => null,
    153▕         ]);
    154▕ 
  ➜ 155▕         $this->assertEquals('counting', $election->current_state);
    156▕     }
    157▕ 
    158▕     /** @test */
    159▕     public function returns_counting_blocked_when_voting_not_locked()

  [33m1   [39m[39;1mtests\Unit\Election\DerivedStateTest.php[39;22m:[39;1m155[39;22m

  [31m────────────────────────────────────────────────────────────────────────────────────────────────────────────────────[39m  
  [41;1m FAILED [49;22m [1mTests\Unit\Election\DerivedStateTest[22m [90m>[39m returns counting blocked when voting not locked                       
[39;1m  Failed asserting that two strings are equal.
--- Expected
+++ Actual
@@ @@
-'counting_blocked'
+'draft'[39;22m

  at [32mtests\Unit\Election\DerivedStateTest.php[39m:[32m169[39m
    165▕             'votes_count' => 50,
    166▕             'results_published_at' => null,
    167▕         ]);
    168▕ 
  ➜ 169▕         $this->assertEquals('counting_blocked', $election->current_state);
    170▕     }
    171▕ 
    172▕     /** @test */
    173▕     public function returns_counting_blocked_when_no_votes_recorded()

  [33m1   [39m[39;1mtests\Unit\Election\DerivedStateTest.php[39;22m:[39;1m169[39;22m

  [31m────────────────────────────────────────────────────────────────────────────────────────────────────────────────────[39m  
  [41;1m FAILED [49;22m [1mTests\Unit\Election\DerivedStateTest[22m [90m>[39m returns counting blocked when no votes recorded                       
[39;1m  Failed asserting that two strings are equal.
--- Expected
+++ Actual
@@ @@
-'counting_blocked'
+'draft'[39;22m

  at [32mtests\Unit\Election\DerivedStateTest.php[39m:[32m183[39m
    179▕             'votes_count' => 0,
    180▕             'results_published_at' => null,
    181▕         ]);
    182▕ 
  ➜ 183▕         $this->assertEquals('counting_blocked', $election->current_state);
    184▕     }
    185▕ 
    186▕     // ============================================================
    187▕     // RESULTS STATE

  [33m1   [39m[39;1mtests\Unit\Election\DerivedStateTest.php[39;22m:[39;1m183[39;22m

  [31m────────────────────────────────────────────────────────────────────────────────────────────────────────────────────[39m  
  [41;1m FAILED [49;22m [1mTests\Unit\Election\DerivedStateTest[22m [90m>[39m returns results state when results published                          
[39;1m  Failed asserting that two strings are equal.
--- Expected
+++ Actual
@@ @@
-'results'
+'draft'[39;22m

  at [32mtests\Unit\Election\DerivedStateTest.php[39m:[32m197[39m
    193▕         $election = Election::factory()->demo()->create([
    194▕             'results_published_at' => now(),
    195▕         ]);
    196▕ 
  ➜ 197▕         $this->assertEquals('results', $election->current_state);
    198▕     }
    199▕ 
    200▕     /** @test */
    201▕     public function returns_results_state_regardless_of_other_conditions()

  [33m1   [39m[39;1mtests\Unit\Election\DerivedStateTest.php[39;22m:[39;1m197[39;22m

  [31m────────────────────────────────────────────────────────────────────────────────────────────────────────────────────[39m  
  [41;1m FAILED [49;22m [1mTests\Unit\Election\DerivedStateTest[22m [90m>[39m returns results state regardless of other conditions                  
[39;1m  Failed asserting that two strings are equal.
--- Expected
+++ Actual
@@ @@
-'results'
+'draft'[39;22m

  at [32mtests\Unit\Election\DerivedStateTest.php[39m:[32m210[39m
    206▕             'voting_ends_at' => null,
    207▕             'administration_completed' => false,
    208▕         ]);
    209▕ 
  ➜ 210▕         $this->assertEquals('results', $election->current_state);
    211▕     }
    212▕ 
    213▕     // ============================================================
    214▕     // STATE TRANSITION SEQUENCES

  [33m1   [39m[39;1mtests\Unit\Election\DerivedStateTest.php[39;22m:[39;1m210[39;22m

  [31m────────────────────────────────────────────────────────────────────────────────────────────────────────────────────[39m  
  [41;1m FAILED [49;22m [1mTests\Unit\Election\DerivedStateTest[22m [90m>[39m state transitions through expected sequence                           
[39;1m  Failed asserting that two strings are equal.
--- Expected
+++ Actual
@@ @@
-'administration'
+'draft'[39;22m

  at [32mtests\Unit\Election\DerivedStateTest.php[39m:[32m229[39m
    225▕             'nomination_completed' => false,
    226▕         ]);
    227▕ 
    228▕         // Start: administration
  ➜ 229▕         $this->assertEquals('administration', $election->current_state);
    230▕ 
    231▕         // Complete administration
    232▕         $election->update(['administration_completed' => true]);
    233▕         $this->assertEquals('nomination', $election->current_state);

  [33m1   [39m[39;1mtests\Unit\Election\DerivedStateTest.php[39;22m:[39;1m229[39;22m

  [31m────────────────────────────────────────────────────────────────────────────────────────────────────────────────────[39m  
  [41;1m FAILED [49;22m [1mTests\Unit\Election\StateTransitionValidationTest[22m [90m>[39m allows transition from administration to nomination      
[39;1m  Failed asserting that two strings are equal.
--- Expected
+++ Actual
@@ @@
-'nomination'
+'draft'[39;22m

  at [32mtests\Unit\Election\StateTransitionValidationTest.php[39m:[32m36[39m
     32▕             'election_committee_members_count' => 5,
     33▕         ]);
     34▕ 
     35▕         // Election is now in nomination state, verify it can be in that state
  ➜  36▕         $this->assertEquals('nomination', $election->current_state);
     37▕         $this->assertTrue($election->canEnterNominationPhase());
     38▕     }
     39▕ 
     40▕     /** @test */

  [33m1   [39m[39;1mtests\Unit\Election\StateTransitionValidationTest.php[39;22m:[39;1m36[39;22m

  [31m────────────────────────────────────────────────────────────────────────────────────────────────────────────────────[39m  
  [41;1m FAILED [49;22m [1mTests\Unit\Election\StateTransitionValidationTest[22m [90m>[39m allows transition from nomination to voting              
[39;1m  Failed asserting that false is true.[39;22m

  at [32mtests\Unit\Election\StateTransitionValidationTest.php[39m:[32m52[39m
     48▕             'pending_candidacies_count' => 0,
     49▕         ]);
     50▕ 
     51▕         // Election should be in nomination state waiting for voting window
  ➜  52▕         $this->assertTrue($election->canEnterVotingPhase());
     53▕     }
     54▕ 
     55▕     /** @test */
     56▕     public function allows_transition_from_voting_to_counting()

  [33m1   [39m[39;1mtests\Unit\Election\StateTransitionValidationTest.php[39;22m:[39;1m52[39;22m

  [31m────────────────────────────────────────────────────────────────────────────────────────────────────────────────────[39m  
  [41;1m FAILED [49;22m [1mTests\Unit\Election\StateTransitionValidationTest[22m [90m>[39m allows transition from voting to counting                
[39;1m  Failed asserting that two strings are equal.
--- Expected
+++ Actual
@@ @@
-'counting'
+'draft'[39;22m

  at [32mtests\Unit\Election\StateTransitionValidationTest.php[39m:[32m67[39m
     63▕             'votes_count' => 50,
     64▕         ]);
     65▕ 
     66▕         // Election is now in counting state, verify conditions are met to enter it
  ➜  67▕         $this->assertEquals('counting', $election->current_state);
     68▕         $this->assertTrue($election->canEnterCountingPhase());
     69▕     }
     70▕ 
     71▕     // ============================================================

  [33m1   [39m[39;1mtests\Unit\Election\StateTransitionValidationTest.php[39;22m:[39;1m67[39;22m

  [31m────────────────────────────────────────────────────────────────────────────────────────────────────────────────────[39m  
  [41;1m FAILED [49;22m [1mTests\Unit\Election\StateTransitionValidationTest[22m [90m>[39m rejects transition to voting…  [41;1m BadMethodCallException [49;22m  
[39;1m  Call to undefined method App\Models\Election::canTransitionTo()[39;22m

  at [32mvendor\laravel\framework\src\Illuminate\Support\Traits\ForwardsCalls.php[39m:[32m67[39m
     63▕      * @throws \BadMethodCallException
     64▕      */
     65▕     protected static function throwBadMethodCallException($method)
     66▕     {
  ➜  67▕         throw new BadMethodCallException(sprintf(
     68▕             'Call to undefined method %s::%s()', static::class, $method
     69▕         ));
     70▕     }
     71▕ }

  [33m1   [39m[39;1mvendor\laravel\framework\src\Illuminate\Support\Traits\ForwardsCalls.php[39;22m:[39;1m67[39;22m
  [33m2   [39m[39;1mvendor\laravel\framework\src\Illuminate\Support\Traits\ForwardsCalls.php[39;22m:[39;1m36[39;22m

  [31m────────────────────────────────────────────────────────────────────────────────────────────────────────────────────[39m  
  [41;1m FAILED [49;22m [1mTests\Unit\Election\StateTransitionValidationTest[22m [90m>[39m rejects transition to voting…  [41;1m BadMethodCallException [49;22m  
[39;1m  Call to undefined method App\Models\Election::canTransitionTo()[39;22m

  at [32mvendor\laravel\framework\src\Illuminate\Support\Traits\ForwardsCalls.php[39m:[32m67[39m
     63▕      * @throws \BadMethodCallException
     64▕      */
     65▕     protected static function throwBadMethodCallException($method)
     66▕     {
  ➜  67▕         throw new BadMethodCallException(sprintf(
     68▕             'Call to undefined method %s::%s()', static::class, $method
     69▕         ));
     70▕     }
     71▕ }

  [33m1   [39m[39;1mvendor\laravel\framework\src\Illuminate\Support\Traits\ForwardsCalls.php[39;22m:[39;1m67[39;22m
  [33m2   [39m[39;1mvendor\laravel\framework\src\Illuminate\Support\Traits\ForwardsCalls.php[39;22m:[39;1m36[39;22m

  [31m────────────────────────────────────────────────────────────────────────────────────────────────────────────────────[39m  
  [41;1m FAILED [49;22m [1mTests\Unit\Election\StateTransitionValidationTest[22m [90m>[39m rejects transition to countin… [41;1m BadMethodCallException [49;22m  
[39;1m  Call to undefined method App\Models\Election::canTransitionTo()[39;22m

  at [32mvendor\laravel\framework\src\Illuminate\Support\Traits\ForwardsCalls.php[39m:[32m67[39m
     63▕      * @throws \BadMethodCallException
     64▕      */
     65▕     protected static function throwBadMethodCallException($method)
     66▕     {
  ➜  67▕         throw new BadMethodCallException(sprintf(
     68▕             'Call to undefined method %s::%s()', static::class, $method
     69▕         ));
     70▕     }
     71▕ }

  [33m1   [39m[39;1mvendor\laravel\framework\src\Illuminate\Support\Traits\ForwardsCalls.php[39;22m:[39;1m67[39;22m
  [33m2   [39m[39;1mvendor\laravel\framework\src\Illuminate\Support\Traits\ForwardsCalls.php[39;22m:[39;1m36[39;22m

  [31m────────────────────────────────────────────────────────────────────────────────────────────────────────────────────[39m  
  [41;1m FAILED [49;22m [1mTests\Unit\Election\StateTransitionValidationTest[22m [90m>[39m rejects transition to countin… [41;1m BadMethodCallException [49;22m  
[39;1m  Call to undefined method App\Models\Election::canTransitionTo()[39;22m

  at [32mvendor\laravel\framework\src\Illuminate\Support\Traits\ForwardsCalls.php[39m:[32m67[39m
     63▕      * @throws \BadMethodCallException
     64▕      */
     65▕     protected static function throwBadMethodCallException($method)
     66▕     {
  ➜  67▕         throw new BadMethodCallException(sprintf(
     68▕             'Call to undefined method %s::%s()', static::class, $method
     69▕         ));
     70▕     }
     71▕ }

  [33m1   [39m[39;1mvendor\laravel\framework\src\Illuminate\Support\Traits\ForwardsCalls.php[39;22m:[39;1m67[39;22m
  [33m2   [39m[39;1mvendor\laravel\framework\src\Illuminate\Support\Traits\ForwardsCalls.php[39;22m:[39;1m36[39;22m

  [31m────────────────────────────────────────────────────────────────────────────────────────────────────────────────────[39m  
  [41;1m FAILED [49;22m [1mTests\Unit\Election\StateTransitionValidationTest[22m [90m>[39m rejects transition backward f… [41;1m BadMethodCallException [49;22m  
[39;1m  Call to undefined method App\Models\Election::canTransitionTo()[39;22m

  at [32mvendor\laravel\framework\src\Illuminate\Support\Traits\ForwardsCalls.php[39m:[32m67[39m
     63▕      * @throws \BadMethodCallException
     64▕      */
     65▕     protected static function throwBadMethodCallException($method)
     66▕     {
  ➜  67▕         throw new BadMethodCallException(sprintf(
     68▕             'Call to undefined method %s::%s()', static::class, $method
     69▕         ));
     70▕     }
     71▕ }

  [33m1   [39m[39;1mvendor\laravel\framework\src\Illuminate\Support\Traits\ForwardsCalls.php[39;22m:[39;1m67[39;22m
  [33m2   [39m[39;1mvendor\laravel\framework\src\Illuminate\Support\Traits\ForwardsCalls.php[39;22m:[39;1m36[39;22m

  [31m────────────────────────────────────────────────────────────────────────────────────────────────────────────────────[39m  
  [41;1m FAILED [49;22m [1mTests\Unit\Election\StateTransitionValidationTest[22m [90m>[39m rejects transition backward f… [41;1m BadMethodCallException [49;22m  
[39;1m  Call to undefined method App\Models\Election::canTransitionTo()[39;22m

  at [32mvendor\laravel\framework\src\Illuminate\Support\Traits\ForwardsCalls.php[39m:[32m67[39m
     63▕      * @throws \BadMethodCallException
     64▕      */
     65▕     protected static function throwBadMethodCallException($method)
     66▕     {
  ➜  67▕         throw new BadMethodCallException(sprintf(
     68▕             'Call to undefined method %s::%s()', static::class, $method
     69▕         ));
     70▕     }
     71▕ }

  [33m1   [39m[39;1mvendor\laravel\framework\src\Illuminate\Support\Traits\ForwardsCalls.php[39;22m:[39;1m67[39;22m
  [33m2   [39m[39;1mvendor\laravel\framework\src\Illuminate\Support\Traits\ForwardsCalls.php[39;22m:[39;1m36[39;22m

  [31m────────────────────────────────────────────────────────────────────────────────────────────────────────────────────[39m  
  [41;1m FAILED [49;22m [1mTests\Unit\Election\StateTransitionValidationTest[22m [90m>[39m rejects jumping from nominati… [41;1m BadMethodCallException [49;22m  
[39;1m  Call to undefined method App\Models\Election::canTransitionTo()[39;22m

  at [32mvendor\laravel\framework\src\Illuminate\Support\Traits\ForwardsCalls.php[39m:[32m67[39m
     63▕      * @throws \BadMethodCallException
     64▕      */
     65▕     protected static function throwBadMethodCallException($method)
     66▕     {
  ➜  67▕         throw new BadMethodCallException(sprintf(
     68▕             'Call to undefined method %s::%s()', static::class, $method
     69▕         ));
     70▕     }
     71▕ }

  [33m1   [39m[39;1mvendor\laravel\framework\src\Illuminate\Support\Traits\ForwardsCalls.php[39;22m:[39;1m67[39;22m
  [33m2   [39m[39;1mvendor\laravel\framework\src\Illuminate\Support\Traits\ForwardsCalls.php[39;22m:[39;1m36[39;22m

  [31m────────────────────────────────────────────────────────────────────────────────────────────────────────────────────[39m  
  [41;1m FAILED [49;22m [1mTests\Unit\Election\StateTransitionValidationTest[22m [90m>[39m rejects jumping from administ… [41;1m BadMethodCallException [49;22m  
[39;1m  Call to undefined method App\Models\Election::canTransitionTo()[39;22m

  at [32mvendor\laravel\framework\src\Illuminate\Support\Traits\ForwardsCalls.php[39m:[32m67[39m
     63▕      * @throws \BadMethodCallException
     64▕      */
     65▕     protected static function throwBadMethodCallException($method)
     66▕     {
  ➜  67▕         throw new BadMethodCallException(sprintf(
     68▕             'Call to undefined method %s::%s()', static::class, $method
     69▕         ));
     70▕     }
     71▕ }

  [33m1   [39m[39;1mvendor\laravel\framework\src\Illuminate\Support\Traits\ForwardsCalls.php[39;22m:[39;1m67[39;22m
  [33m2   [39m[39;1mvendor\laravel\framework\src\Illuminate\Support\Traits\ForwardsCalls.php[39;22m:[39;1m36[39;22m

  [31m────────────────────────────────────────────────────────────────────────────────────────────────────────────────────[39m  
  [41;1m FAILED [49;22m [1mTests\Unit\Election\StateTransitionValidationTest[22m [90m>[39m respects minimum candidates c… [41;1m BadMethodCallException [49;22m  
[39;1m  Call to undefined method App\Models\Election::canTransitionTo()[39;22m

  at [32mvendor\laravel\framework\src\Illuminate\Support\Traits\ForwardsCalls.php[39m:[32m67[39m
     63▕      * @throws \BadMethodCallException
     64▕      */
     65▕     protected static function throwBadMethodCallException($method)
     66▕     {
  ➜  67▕         throw new BadMethodCallException(sprintf(
     68▕             'Call to undefined method %s::%s()', static::class, $method
     69▕         ));
     70▕     }
     71▕ }

  [33m1   [39m[39;1mvendor\laravel\framework\src\Illuminate\Support\Traits\ForwardsCalls.php[39;22m:[39;1m67[39;22m
  [33m2   [39m[39;1mvendor\laravel\framework\src\Illuminate\Support\Traits\ForwardsCalls.php[39;22m:[39;1m36[39;22m

  [31m────────────────────────────────────────────────────────────────────────────────────────────────────────────────────[39m  
  [41;1m FAILED [49;22m [1mTests\Unit\EmptyCandidatesNoVoteCorrectionTest[22m [90m>[39m candidate json with empty candidates… [41;1m ArgumentCountError [49;22m  
[39;1m  Too few arguments to function App\Http\Controllers\VoteController::__construct(), 0 passed in C:\Users\nabra\OneDrive\Desktop\roshyara\xamp\nrna\nrna-eu\tests\Unit\EmptyCandidatesNoVoteCorrectionTest.php on line 68 and exactly 2 expected[39;22m

  at [32mapp\Http\Controllers\VoteController.php[39m:[32m58[39m
     54▕ 
     55▕     /**
     56▕      * Constructor - Initialize voting process state
     57▕      */
  ➜  58▕     public function __construct(
     59▕         private TrustPolicyEvaluator $trustEvaluator,
     60▕         private ConstitutionalLegitimacyDecision $legitimacyDecision,
     61▕     )
     62▕     {

  [33m1   [39m[39;1mapp\Http\Controllers\VoteController.php[39;22m:[39;1m58[39;22m
  [33m2   [39m[39;1mtests\Unit\EmptyCandidatesNoVoteCorrectionTest.php[39;22m:[39;1m68[39;22m

  [31m────────────────────────────────────────────────────────────────────────────────────────────────────────────────────[39m  
  [41;1m FAILED [49;22m [1mTests\Unit\EmptyCandidatesNoVoteCorrectionTest[22m [90m>[39m candidate json with candidates shoul… [41;1m ArgumentCountError [49;22m  
[39;1m  Too few arguments to function App\Http\Controllers\VoteController::__construct(), 0 passed in C:\Users\nabra\OneDrive\Desktop\roshyara\xamp\nrna\nrna-eu\tests\Unit\EmptyCandidatesNoVoteCorrectionTest.php on line 115 and exactly 2 expected[39;22m

  at [32mapp\Http\Controllers\VoteController.php[39m:[32m58[39m
     54▕ 
     55▕     /**
     56▕      * Constructor - Initialize voting process state
     57▕      */
  ➜  58▕     public function __construct(
     59▕         private TrustPolicyEvaluator $trustEvaluator,
     60▕         private ConstitutionalLegitimacyDecision $legitimacyDecision,
     61▕     )
     62▕     {

  [33m1   [39m[39;1mapp\Http\Controllers\VoteController.php[39;22m:[39;1m58[39;22m
  [33m2   [39m[39;1mtests\Unit\EmptyCandidatesNoVoteCorrectionTest.php[39;22m:[39;1m115[39;22m

  [31m────────────────────────────────────────────────────────────────────────────────────────────────────────────────────[39m  
  [41;1m FAILED [49;22m [1mTests\Unit\EmptyCandidatesNoVoteCorrectionTest[22m [90m>[39m multiple positions each corrected in… [41;1m ArgumentCountError [49;22m  
[39;1m  Too few arguments to function App\Http\Controllers\VoteController::__construct(), 0 passed in C:\Users\nabra\OneDrive\Desktop\roshyara\xamp\nrna\nrna-eu\tests\Unit\EmptyCandidatesNoVoteCorrectionTest.php on line 172 and exactly 2 expected[39;22m

  at [32mapp\Http\Controllers\VoteController.php[39m:[32m58[39m
     54▕ 
     55▕     /**
     56▕      * Constructor - Initialize voting process state
     57▕      */
  ➜  58▕     public function __construct(
     59▕         private TrustPolicyEvaluator $trustEvaluator,
     60▕         private ConstitutionalLegitimacyDecision $legitimacyDecision,
     61▕     )
     62▕     {

  [33m1   [39m[39;1mapp\Http\Controllers\VoteController.php[39;22m:[39;1m58[39;22m
  [33m2   [39m[39;1mtests\Unit\EmptyCandidatesNoVoteCorrectionTest.php[39;22m:[39;1m172[39;22m

  [31m────────────────────────────────────────────────────────────────────────────────────────────────────────────────────[39m  
  [41;1m FAILED [49;22m [1mTests\Unit\Enums\VotingStepTest[22m [90m>[39m voting step timestamp columns                                              
[39;1m  Failed asserting that two strings are equal.
--- Expected
+++ Actual
@@ @@
-'code1_used_at'
+'code_to_open_voting_form_used_at'[39;22m

  at [32mtests\Unit\Enums\VotingStepTest.php[39m:[32m40[39m
     36▕      */
     37▕     public function test_voting_step_timestamp_columns(): void
     38▕     {
     39▕         $this->assertEquals('voting_started_at', VotingStep::WAITING->timestampColumn());
  ➜  40▕         $this->assertEquals('code1_used_at', VotingStep::CODE_VERIFIED->timestampColumn());
     41▕         $this->assertEquals('has_agreed_to_vote_at', VotingStep::AGREEMENT_ACCEPTED->timestampColumn());
     42▕         $this->assertEquals('vote_submitted_at', VotingStep::VOTE_CAST->timestampColumn());
     43▕         $this->assertEquals('vote_completed_at', VotingStep::VERIFIED->timestampColumn());
     44▕     }

  [33m1   [39m[39;1mtests\Unit\Enums\VotingStepTest.php[39;22m:[39;1m40[39;22m

  [31m────────────────────────────────────────────────────────────────────────────────────────────────────────────────────[39m  
  [41;1m FAILED [49;22m [1mTests\Unit\Http\LoginResponseUnitTest[22m [90m>[39m login response class exists                                 [41;1m Error [49;22m  
[39;1m  Interface "Laravel\Fortify\Contracts\LoginResponse" not found[39;22m

  at [32mapp\Http\Responses\LoginResponse.php[39m:[32m30[39m
     26▕  *
     27▕  * This response determines which dashboard/page each user is routed to
     28▕  * after successful login based on their roles, organisations, and voting status.
     29▕  */
  ➜  30▕ class LoginResponse implements FortifyLoginResponse
     31▕ {
     32▕     /**
     33▕      * Unique request ID for this login operation
     34▕      * Used to track the login flow through logs

  [33m1   [39m[39;1mapp\Http\Responses\LoginResponse.php[39;22m:[39;1m30[39;22m
  [33m2   [39m[39;1mtests\Unit\Http\LoginResponseUnitTest.php[39;22m:[39;1m20[39;22m

  [31m────────────────────────────────────────────────────────────────────────────────────────────────────────────────────[39m  
  [41;1m FAILED [49;22m [1mTests\Unit\Http\LoginResponseUnitTest[22m [90m>[39m login response has correct structure                        [41;1m Error [49;22m  
[39;1m  Interface "Laravel\Fortify\Contracts\LoginResponse" not found[39;22m

  at [32mapp\Http\Responses\LoginResponse.php[39m:[32m30[39m
     26▕  *
     27▕  * This response determines which dashboard/page each user is routed to
     28▕  * after successful login based on their roles, organisations, and voting status.
     29▕  */
  ➜  30▕ class LoginResponse implements FortifyLoginResponse
     31▕ {
     32▕     /**
     33▕      * Unique request ID for this login operation
     34▕      * Used to track the login flow through logs

  [33m1   [39m[39;1mapp\Http\Responses\LoginResponse.php[39;22m:[39;1m30[39;22m
  [33m2   [39m[39;1mtests\Unit\Http\LoginResponseUnitTest.php[39;22m:[39;1m28[39;22m

  [31m────────────────────────────────────────────────────────────────────────────────────────────────────────────────────[39m  
  [41;1m FAILED [49;22m [1mTests\Unit\Http\LoginResponseUnitTest[22m [90m>[39m login response has to response method                       [41;1m Error [49;22m  
[39;1m  Interface "Laravel\Fortify\Contracts\LoginResponse" not found[39;22m

  at [32mapp\Http\Responses\LoginResponse.php[39m:[32m30[39m
     26▕  *
     27▕  * This response determines which dashboard/page each user is routed to
     28▕  * after successful login based on their roles, organisations, and voting status.
     29▕  */
  ➜  30▕ class LoginResponse implements FortifyLoginResponse
     31▕ {
     32▕     /**
     33▕      * Unique request ID for this login operation
     34▕      * Used to track the login flow through logs

  [33m1   [39m[39;1mapp\Http\Responses\LoginResponse.php[39;22m:[39;1m30[39;22m
  [33m2   [39m[39;1mtests\Unit\Http\LoginResponseUnitTest.php[39;22m:[39;1m45[39;22m

  [31m────────────────────────────────────────────────────────────────────────────────────────────────────────────────────[39m  
  [41;1m FAILED [49;22m [1mTests\Unit\Http\LoginResponseUnitTest[22m [90m>[39m fallback chain methods exist                                [41;1m Error [49;22m  
[39;1m  Interface "Laravel\Fortify\Contracts\LoginResponse" not found[39;22m

  at [32mapp\Http\Responses\LoginResponse.php[39m:[32m30[39m
     26▕  *
     27▕  * This response determines which dashboard/page each user is routed to
     28▕  * after successful login based on their roles, organisations, and voting status.
     29▕  */
  ➜  30▕ class LoginResponse implements FortifyLoginResponse
     31▕ {
     32▕     /**
     33▕      * Unique request ID for this login operation
     34▕      * Used to track the login flow through logs

  [33m1   [39m[39;1mapp\Http\Responses\LoginResponse.php[39;22m:[39;1m30[39;22m
  [33m2   [39m[39;1mtests\Unit\Http\LoginResponseUnitTest.php[39;22m:[39;1m54[39;22m

  [31m────────────────────────────────────────────────────────────────────────────────────────────────────────────────────[39m  
  [41;1m FAILED [49;22m [1mTests\Unit\Http\LoginResponseUnitTest[22m [90m>[39m maintenance mode methods exist                              [41;1m Error [49;22m  
[39;1m  Interface "Laravel\Fortify\Contracts\LoginResponse" not found[39;22m

  at [32mapp\Http\Responses\LoginResponse.php[39m:[32m30[39m
     26▕  *
     27▕  * This response determines which dashboard/page each user is routed to
     28▕  * after successful login based on their roles, organisations, and voting status.
     29▕  */
  ➜  30▕ class LoginResponse implements FortifyLoginResponse
     31▕ {
     32▕     /**
     33▕      * Unique request ID for this login operation
     34▕      * Used to track the login flow through logs

  [33m1   [39m[39;1mapp\Http\Responses\LoginResponse.php[39;22m:[39;1m30[39;22m
  [33m2   [39m[39;1mtests\Unit\Http\LoginResponseUnitTest.php[39;22m:[39;1m71[39;22m

  [31m────────────────────────────────────────────────────────────────────────────────────────────────────────────────────[39m  
  [41;1m FAILED [49;22m [1mTests\Unit\Http\LoginResponseUnitTest[22m [90m>[39m tracking methods exist                                      [41;1m Error [49;22m  
[39;1m  Interface "Laravel\Fortify\Contracts\LoginResponse" not found[39;22m

  at [32mapp\Http\Responses\LoginResponse.php[39m:[32m30[39m
     26▕  *
     27▕  * This response determines which dashboard/page each user is routed to
     28▕  * after successful login based on their roles, organisations, and voting status.
     29▕  */
  ➜  30▕ class LoginResponse implements FortifyLoginResponse
     31▕ {
     32▕     /**
     33▕      * Unique request ID for this login operation
     34▕      * Used to track the login flow through logs

  [33m1   [39m[39;1mapp\Http\Responses\LoginResponse.php[39;22m:[39;1m30[39;22m
  [33m2   [39m[39;1mtests\Unit\Http\LoginResponseUnitTest.php[39;22m:[39;1m82[39;22m

  [31m────────────────────────────────────────────────────────────────────────────────────────────────────────────────────[39m  
  [41;1m FAILED [49;22m [1mTests\Unit\Http\LoginResponseUnitTest[22m [90m>[39m monitoring methods exist                                    [41;1m Error [49;22m  
[39;1m  Interface "Laravel\Fortify\Contracts\LoginResponse" not found[39;22m

  at [32mapp\Http\Responses\LoginResponse.php[39m:[32m30[39m
     26▕  *
     27▕  * This response determines which dashboard/page each user is routed to
     28▕  * after successful login based on their roles, organisations, and voting status.
     29▕  */
  ➜  30▕ class LoginResponse implements FortifyLoginResponse
     31▕ {
     32▕     /**
     33▕      * Unique request ID for this login operation
     34▕      * Used to track the login flow through logs

  [33m1   [39m[39;1mapp\Http\Responses\LoginResponse.php[39;22m:[39;1m30[39;22m
  [33m2   [39m[39;1mtests\Unit\Http\LoginResponseUnitTest.php[39;22m:[39;1m96[39;22m

  [31m────────────────────────────────────────────────────────────────────────────────────────────────────────────────────[39m  
  [41;1m FAILED [49;22m [1mTests\Unit\Http\LoginResponseUnitTest[22m [90m>[39m to response method is public                                [41;1m Error [49;22m  
[39;1m  Interface "Laravel\Fortify\Contracts\LoginResponse" not found[39;22m

  at [32mapp\Http\Responses\LoginResponse.php[39m:[32m30[39m
     26▕  *
     27▕  * This response determines which dashboard/page each user is routed to
     28▕  * after successful login based on their roles, organisations, and voting status.
     29▕  */
  ➜  30▕ class LoginResponse implements FortifyLoginResponse
     31▕ {
     32▕     /**
     33▕      * Unique request ID for this login operation
     34▕      * Used to track the login flow through logs

  [33m1   [39m[39;1mapp\Http\Responses\LoginResponse.php[39;22m:[39;1m30[39;22m
  [33m2   [39m[39;1mtests\Unit\Http\LoginResponseUnitTest.php[39;22m:[39;1m108[39;22m

  [31m────────────────────────────────────────────────────────────────────────────────────────────────────────────────────[39m  
  [41;1m FAILED [49;22m [1mTests\Unit\Http\LoginResponseUnitTest[22m [90m>[39m login response has constructor                              [41;1m Error [49;22m  
[39;1m  Interface "Laravel\Fortify\Contracts\LoginResponse" not found[39;22m

  at [32mapp\Http\Responses\LoginResponse.php[39m:[32m30[39m
     26▕  *
     27▕  * This response determines which dashboard/page each user is routed to
     28▕  * after successful login based on their roles, organisations, and voting status.
     29▕  */
  ➜  30▕ class LoginResponse implements FortifyLoginResponse
     31▕ {
     32▕     /**
     33▕      * Unique request ID for this login operation
     34▕      * Used to track the login flow through logs

  [33m1   [39m[39;1mapp\Http\Responses\LoginResponse.php[39;22m:[39;1m30[39;22m
  [33m2   [39m[39;1mtests\Unit\Http\LoginResponseUnitTest.php[39;22m:[39;1m123[39;22m

  [31m────────────────────────────────────────────────────────────────────────────────────────────────────────────────────[39m  
  [41;1m FAILED [49;22m [1mTests\Unit\Infrastructure\RepositoryAPIRefactorTest[22m [90m>[39m persist persists draft structure          [41;1m TypeError [49;22m  
[39;1m  App\Contexts\Membership\Domain\Committee\CommitteeLevel::create(): Argument #3 ($name) must be of type string, App\Contexts\Membership\Domain\Committee\GeoPolicy given, called in C:\Users\nabra\OneDrive\Desktop\roshyara\xamp\nrna\nrna-eu\tests\Unit\Infrastructure\RepositoryAPIRefactorTest.php on line 37[39;22m

  at [32mapp\Contexts\Membership\Domain\Committee\CommitteeLevel.php[39m:[32m21[39m
     17▕         public ?array $ageRange,
     18▕         public ?string $genderRequirement,
     19▕     ) {}
     20▕ 
  ➜  21▕     public static function create(
     22▕         int $index,
     23▕         ?string $code,
     24▕         string $name,
     25▕         GeoPolicy $geoPolicy,

  [33m1   [39m[39;1mapp\Contexts\Membership\Domain\Committee\CommitteeLevel.php[39;22m:[39;1m21[39;22m
  [33m2   [39m[39;1mtests\Unit\Infrastructure\RepositoryAPIRefactorTest.php[39;22m:[39;1m37[39;22m

  [31m────────────────────────────────────────────────────────────────────────────────────────────────────────────────────[39m  
  [41;1m FAILED [49;22m [1mTests\Unit\Infrastructure\RepositoryAPIRefactorTest[22m [90m>[39m persist active structure persists all st… [41;1m TypeError [49;22m  
[39;1m  App\Contexts\Membership\Domain\Committee\CommitteeLevel::create(): Argument #3 ($name) must be of type string, App\Contexts\Membership\Domain\Committee\GeoPolicy given, called in C:\Users\nabra\OneDrive\Desktop\roshyara\xamp\nrna\nrna-eu\tests\Unit\Infrastructure\RepositoryAPIRefactorTest.php on line 58[39;22m

  at [32mapp\Contexts\Membership\Domain\Committee\CommitteeLevel.php[39m:[32m21[39m
     17▕         public ?array $ageRange,
     18▕         public ?string $genderRequirement,
     19▕     ) {}
     20▕ 
  ➜  21▕     public static function create(
     22▕         int $index,
     23▕         ?string $code,
     24▕         string $name,
     25▕         GeoPolicy $geoPolicy,

  [33m1   [39m[39;1mapp\Contexts\Membership\Domain\Committee\CommitteeLevel.php[39;22m:[39;1m21[39;22m
  [33m2   [39m[39;1mtests\Unit\Infrastructure\RepositoryAPIRefactorTest.php[39;22m:[39;1m58[39;22m

  [31m────────────────────────────────────────────────────────────────────────────────────────────────────────────────────[39m  
  [41;1m FAILED [49;22m [1mTests\Unit\Infrastructure\RepositoryAPIRefactorTest[22m [90m>[39m repository does not auto deprecate exist… [41;1m TypeError [49;22m  
[39;1m  App\Contexts\Membership\Domain\Committee\CommitteeLevel::create(): Argument #3 ($name) must be of type string, App\Contexts\Membership\Domain\Committee\GeoPolicy given, called in C:\Users\nabra\OneDrive\Desktop\roshyara\xamp\nrna\nrna-eu\tests\Unit\Infrastructure\RepositoryAPIRefactorTest.php on line 83[39;22m

  at [32mapp\Contexts\Membership\Domain\Committee\CommitteeLevel.php[39m:[32m21[39m
     17▕         public ?array $ageRange,
     18▕         public ?string $genderRequirement,
     19▕     ) {}
     20▕ 
  ➜  21▕     public static function create(
     22▕         int $index,
     23▕         ?string $code,
     24▕         string $name,
     25▕         GeoPolicy $geoPolicy,

  [33m1   [39m[39;1mapp\Contexts\Membership\Domain\Committee\CommitteeLevel.php[39;22m:[39;1m21[39;22m
  [33m2   [39m[39;1mtests\Unit\Infrastructure\RepositoryAPIRefactorTest.php[39;22m:[39;1m83[39;22m

  [31m────────────────────────────────────────────────────────────────────────────────────────────────────────────────────[39m  
  [41;1m FAILED [49;22m [1mTests\Unit\Infrastructure\RepositoryAPIRefactorTest[22m [90m>[39m multiple drafts can be persisted for sam… [41;1m TypeError [49;22m  
[39;1m  App\Contexts\Membership\Domain\Committee\CommitteeLevel::create(): Argument #3 ($name) must be of type string, App\Contexts\Membership\Domain\Committee\GeoPolicy given, called in C:\Users\nabra\OneDrive\Desktop\roshyara\xamp\nrna\nrna-eu\tests\Unit\Infrastructure\RepositoryAPIRefactorTest.php on line 128[39;22m

  at [32mapp\Contexts\Membership\Domain\Committee\CommitteeLevel.php[39m:[32m21[39m
     17▕         public ?array $ageRange,
     18▕         public ?string $genderRequirement,
     19▕     ) {}
     20▕ 
  ➜  21▕     public static function create(
     22▕         int $index,
     23▕         ?string $code,
     24▕         string $name,
     25▕         GeoPolicy $geoPolicy,

  [33m1   [39m[39;1mapp\Contexts\Membership\Domain\Committee\CommitteeLevel.php[39;22m:[39;1m21[39;22m
  [33m2   [39m[39;1mtests\Unit\Infrastructure\RepositoryAPIRefactorTest.php[39;22m:[39;1m128[39;22m

  [31m────────────────────────────────────────────────────────────────────────────────────────────────────────────────────[39m  
  [41;1m FAILED [49;22m [1mTests\Unit\Jobs\ProcessMemberImportJobTest[22m [90m>[39m it parses semicolon csv and calls service          [41;1m TypeError [49;22m  
[39;1m  App\Contexts\Membership\Application\Services\MemberImportService::__construct(): Argument #4 ($membershipTypePolicy) must be of type App\Contexts\Membership\Domain\Policies\MembershipTypePolicyInterface, App\Contexts\Membership\Infrastructure\EventMapping\DomainEventToOutboxMapper given, called in C:\Users\nabra\OneDrive\Desktop\roshyara\xamp\nrna\nrna-eu\tests\Unit\Jobs\ProcessMemberImportJobTest.php on line 70[39;22m

  at [32mapp\Contexts\Membership\Application\Services\MemberImportService.php[39m:[32m21[39m
     17▕ use App\Contexts\Membership\Domain\Member\ValueObjects\MemberResidenceGeoIdentity;
     18▕ 
     19▕ final class MemberImportService
     20▕ {
  ➜  21▕     public function __construct(
     22▕         private MemberRepositoryInterface $memberRepository,
     23▕         private TenantUserProvisioningInterface $userProvisioning,
     24▕         private OutboxWriterInterface $outboxWriter,
     25▕         private MembershipTypePolicyInterface $membershipTypePolicy,

  [33m1   [39m[39;1mapp\Contexts\Membership\Application\Services\MemberImportService.php[39;22m:[39;1m21[39;22m
  [33m2   [39m[39;1mtests\Unit\Jobs\ProcessMemberImportJobTest.php[39;22m:[39;1m70[39;22m

  [31m────────────────────────────────────────────────────────────────────────────────────────────────────────────────────[39m  
  [41;1m FAILED [49;22m [1mTests\Unit\Jobs\ProcessMemberImportJobTest[22m [90m>[39m it marks job failed when file does not exist       [41;1m TypeError [49;22m  
[39;1m  App\Contexts\Membership\Application\Services\MemberImportService::__construct(): Argument #4 ($membershipTypePolicy) must be of type App\Contexts\Membership\Domain\Policies\MembershipTypePolicyInterface, App\Contexts\Membership\Infrastructure\EventMapping\DomainEventToOutboxMapper given, called in C:\Users\nabra\OneDrive\Desktop\roshyara\xamp\nrna\nrna-eu\tests\Unit\Jobs\ProcessMemberImportJobTest.php on line 70[39;22m

  at [32mapp\Contexts\Membership\Application\Services\MemberImportService.php[39m:[32m21[39m
     17▕ use App\Contexts\Membership\Domain\Member\ValueObjects\MemberResidenceGeoIdentity;
     18▕ 
     19▕ final class MemberImportService
     20▕ {
  ➜  21▕     public function __construct(
     22▕         private MemberRepositoryInterface $memberRepository,
     23▕         private TenantUserProvisioningInterface $userProvisioning,
     24▕         private OutboxWriterInterface $outboxWriter,
     25▕         private MembershipTypePolicyInterface $membershipTypePolicy,

  [33m1   [39m[39;1mapp\Contexts\Membership\Application\Services\MemberImportService.php[39;22m:[39;1m21[39;22m
  [33m2   [39m[39;1mtests\Unit\Jobs\ProcessMemberImportJobTest.php[39;22m:[39;1m70[39;22m

  [31m────────────────────────────────────────────────────────────────────────────────────────────────────────────────────[39m  
  [41;1m FAILED [49;22m [1mTests\Unit\Jobs\ProcessMemberImportJobTest[22m [90m>[39m it deletes file after processing                   [41;1m TypeError [49;22m  
[39;1m  App\Contexts\Membership\Application\Services\MemberImportService::__construct(): Argument #4 ($membershipTypePolicy) must be of type App\Contexts\Membership\Domain\Policies\MembershipTypePolicyInterface, App\Contexts\Membership\Infrastructure\EventMapping\DomainEventToOutboxMapper given, called in C:\Users\nabra\OneDrive\Desktop\roshyara\xamp\nrna\nrna-eu\tests\Unit\Jobs\ProcessMemberImportJobTest.php on line 70[39;22m

  at [32mapp\Contexts\Membership\Application\Services\MemberImportService.php[39m:[32m21[39m
     17▕ use App\Contexts\Membership\Domain\Member\ValueObjects\MemberResidenceGeoIdentity;
     18▕ 
     19▕ final class MemberImportService
     20▕ {
  ➜  21▕     public function __construct(
     22▕         private MemberRepositoryInterface $memberRepository,
     23▕         private TenantUserProvisioningInterface $userProvisioning,
     24▕         private OutboxWriterInterface $outboxWriter,
     25▕         private MembershipTypePolicyInterface $membershipTypePolicy,

  [33m1   [39m[39;1mapp\Contexts\Membership\Application\Services\MemberImportService.php[39;22m:[39;1m21[39;22m
  [33m2   [39m[39;1mtests\Unit\Jobs\ProcessMemberImportJobTest.php[39;22m:[39;1m70[39;22m

  [31m────────────────────────────────────────────────────────────────────────────────────────────────────────────────────[39m  
  [41;1m FAILED [49;22m [1mTests\Unit\Jobs\ProcessMemberImportJobTest[22m [90m>[39m it sets started at when processing begins          [41;1m TypeError [49;22m  
[39;1m  App\Contexts\Membership\Application\Services\MemberImportService::__construct(): Argument #4 ($membershipTypePolicy) must be of type App\Contexts\Membership\Domain\Policies\MembershipTypePolicyInterface, App\Contexts\Membership\Infrastructure\EventMapping\DomainEventToOutboxMapper given, called in C:\Users\nabra\OneDrive\Desktop\roshyara\xamp\nrna\nrna-eu\tests\Unit\Jobs\ProcessMemberImportJobTest.php on line 70[39;22m

  at [32mapp\Contexts\Membership\Application\Services\MemberImportService.php[39m:[32m21[39m
     17▕ use App\Contexts\Membership\Domain\Member\ValueObjects\MemberResidenceGeoIdentity;
     18▕ 
     19▕ final class MemberImportService
     20▕ {
  ➜  21▕     public function __construct(
     22▕         private MemberRepositoryInterface $memberRepository,
     23▕         private TenantUserProvisioningInterface $userProvisioning,
     24▕         private OutboxWriterInterface $outboxWriter,
     25▕         private MembershipTypePolicyInterface $membershipTypePolicy,

  [33m1   [39m[39;1mapp\Contexts\Membership\Application\Services\MemberImportService.php[39;22m:[39;1m21[39;22m
  [33m2   [39m[39;1mtests\Unit\Jobs\ProcessMemberImportJobTest.php[39;22m:[39;1m70[39;22m

  [31m────────────────────────────────────────────────────────────────────────────────────────────────────────────────────[39m  
  [41;1m FAILED [49;22m [1mTests\Unit\Jobs\ProcessMemberImportJobTest[22m [90m>[39m it handles missing email column                    [41;1m TypeError [49;22m  
[39;1m  App\Contexts\Membership\Application\Services\MemberImportService::__construct(): Argument #4 ($membershipTypePolicy) must be of type App\Contexts\Membership\Domain\Policies\MembershipTypePolicyInterface, App\Contexts\Membership\Infrastructure\EventMapping\DomainEventToOutboxMapper given, called in C:\Users\nabra\OneDrive\Desktop\roshyara\xamp\nrna\nrna-eu\tests\Unit\Jobs\ProcessMemberImportJobTest.php on line 70[39;22m

  at [32mapp\Contexts\Membership\Application\Services\MemberImportService.php[39m:[32m21[39m
     17▕ use App\Contexts\Membership\Domain\Member\ValueObjects\MemberResidenceGeoIdentity;
     18▕ 
     19▕ final class MemberImportService
     20▕ {
  ➜  21▕     public function __construct(
     22▕         private MemberRepositoryInterface $memberRepository,
     23▕         private TenantUserProvisioningInterface $userProvisioning,
     24▕         private OutboxWriterInterface $outboxWriter,
     25▕         private MembershipTypePolicyInterface $membershipTypePolicy,

  [33m1   [39m[39;1mapp\Contexts\Membership\Application\Services\MemberImportService.php[39;22m:[39;1m21[39;22m
  [33m2   [39m[39;1mtests\Unit\Jobs\ProcessMemberImportJobTest.php[39;22m:[39;1m70[39;22m

  [31m────────────────────────────────────────────────────────────────────────────────────────────────────────────────────[39m  
  [41;1m FAILED [49;22m [1mTests\Unit\Jobs\ProcessMemberImportJobTest[22m [90m>[39m it detects comma delimiter                         [41;1m TypeError [49;22m  
[39;1m  App\Contexts\Membership\Application\Services\MemberImportService::__construct(): Argument #4 ($membershipTypePolicy) must be of type App\Contexts\Membership\Domain\Policies\MembershipTypePolicyInterface, App\Contexts\Membership\Infrastructure\EventMapping\DomainEventToOutboxMapper given, called in C:\Users\nabra\OneDrive\Desktop\roshyara\xamp\nrna\nrna-eu\tests\Unit\Jobs\ProcessMemberImportJobTest.php on line 70[39;22m

  at [32mapp\Contexts\Membership\Application\Services\MemberImportService.php[39m:[32m21[39m
     17▕ use App\Contexts\Membership\Domain\Member\ValueObjects\MemberResidenceGeoIdentity;
     18▕ 
     19▕ final class MemberImportService
     20▕ {
  ➜  21▕     public function __construct(
     22▕         private MemberRepositoryInterface $memberRepository,
     23▕         private TenantUserProvisioningInterface $userProvisioning,
     24▕         private OutboxWriterInterface $outboxWriter,
     25▕         private MembershipTypePolicyInterface $membershipTypePolicy,

  [33m1   [39m[39;1mapp\Contexts\Membership\Application\Services\MemberImportService.php[39;22m:[39;1m21[39;22m
  [33m2   [39m[39;1mtests\Unit\Jobs\ProcessMemberImportJobTest.php[39;22m:[39;1m70[39;22m

  [31m────────────────────────────────────────────────────────────────────────────────────────────────────────────────────[39m  
  [41;1m FAILED [49;22m [1mTests\Unit\Jobs\ProcessMemberImportJobTest[22m [90m>[39m it returns early if job not found                  [41;1m TypeError [49;22m  
[39;1m  App\Contexts\Membership\Application\Services\MemberImportService::__construct(): Argument #4 ($membershipTypePolicy) must be of type App\Contexts\Membership\Domain\Policies\MembershipTypePolicyInterface, App\Contexts\Membership\Infrastructure\EventMapping\DomainEventToOutboxMapper given, called in C:\Users\nabra\OneDrive\Desktop\roshyara\xamp\nrna\nrna-eu\tests\Unit\Jobs\ProcessMemberImportJobTest.php on line 70[39;22m

  at [32mapp\Contexts\Membership\Application\Services\MemberImportService.php[39m:[32m21[39m
     17▕ use App\Contexts\Membership\Domain\Member\ValueObjects\MemberResidenceGeoIdentity;
     18▕ 
     19▕ final class MemberImportService
     20▕ {
  ➜  21▕     public function __construct(
     22▕         private MemberRepositoryInterface $memberRepository,
     23▕         private TenantUserProvisioningInterface $userProvisioning,
     24▕         private OutboxWriterInterface $outboxWriter,
     25▕         private MembershipTypePolicyInterface $membershipTypePolicy,

  [33m1   [39m[39;1mapp\Contexts\Membership\Application\Services\MemberImportService.php[39;22m:[39;1m21[39;22m
  [33m2   [39m[39;1mtests\Unit\Jobs\ProcessMemberImportJobTest.php[39;22m:[39;1m70[39;22m

  [31m────────────────────────────────────────────────────────────────────────────────────────────────────────────────────[39m  
  [41;1m FAILED [49;22m [1mTests\Unit\Jobs\ProcessMemberImportJobTest[22m [90m>[39m it processes empty csv                             [41;1m TypeError [49;22m  
[39;1m  App\Contexts\Membership\Application\Services\MemberImportService::__construct(): Argument #4 ($membershipTypePolicy) must be of type App\Contexts\Membership\Domain\Policies\MembershipTypePolicyInterface, App\Contexts\Membership\Infrastructure\EventMapping\DomainEventToOutboxMapper given, called in C:\Users\nabra\OneDrive\Desktop\roshyara\xamp\nrna\nrna-eu\tests\Unit\Jobs\ProcessMemberImportJobTest.php on line 70[39;22m

  at [32mapp\Contexts\Membership\Application\Services\MemberImportService.php[39m:[32m21[39m
     17▕ use App\Contexts\Membership\Domain\Member\ValueObjects\MemberResidenceGeoIdentity;
     18▕ 
     19▕ final class MemberImportService
     20▕ {
  ➜  21▕     public function __construct(
     22▕         private MemberRepositoryInterface $memberRepository,
     23▕         private TenantUserProvisioningInterface $userProvisioning,
     24▕         private OutboxWriterInterface $outboxWriter,
     25▕         private MembershipTypePolicyInterface $membershipTypePolicy,

  [33m1   [39m[39;1mapp\Contexts\Membership\Application\Services\MemberImportService.php[39;22m:[39;1m21[39;22m
  [33m2   [39m[39;1mtests\Unit\Jobs\ProcessMemberImportJobTest.php[39;22m:[39;1m70[39;22m

  [31m────────────────────────────────────────────────────────────────────────────────────────────────────────────────────[39m  
  [41;1m FAILED [49;22m [1mTests\Unit\Jobs\ProcessMemberImportJobTest[22m [90m>[39m it handles missing first and last name             [41;1m TypeError [49;22m  
[39;1m  App\Contexts\Membership\Application\Services\MemberImportService::__construct(): Argument #4 ($membershipTypePolicy) must be of type App\Contexts\Membership\Domain\Policies\MembershipTypePolicyInterface, App\Contexts\Membership\Infrastructure\EventMapping\DomainEventToOutboxMapper given, called in C:\Users\nabra\OneDrive\Desktop\roshyara\xamp\nrna\nrna-eu\tests\Unit\Jobs\ProcessMemberImportJobTest.php on line 70[39;22m

  at [32mapp\Contexts\Membership\Application\Services\MemberImportService.php[39m:[32m21[39m
     17▕ use App\Contexts\Membership\Domain\Member\ValueObjects\MemberResidenceGeoIdentity;
     18▕ 
     19▕ final class MemberImportService
     20▕ {
  ➜  21▕     public function __construct(
     22▕         private MemberRepositoryInterface $memberRepository,
     23▕         private TenantUserProvisioningInterface $userProvisioning,
     24▕         private OutboxWriterInterface $outboxWriter,
     25▕         private MembershipTypePolicyInterface $membershipTypePolicy,

  [33m1   [39m[39;1mapp\Contexts\Membership\Application\Services\MemberImportService.php[39;22m:[39;1m21[39;22m
  [33m2   [39m[39;1mtests\Unit\Jobs\ProcessMemberImportJobTest.php[39;22m:[39;1m70[39;22m

  [31m────────────────────────────────────────────────────────────────────────────────────────────────────────────────────[39m  
  [41;1m FAILED [49;22m [1mTests\Unit\Jobs\ProcessMemberImportJobTest[22m [90m>[39m it parses various email column names               [41;1m TypeError [49;22m  
[39;1m  App\Contexts\Membership\Application\Services\MemberImportService::__construct(): Argument #4 ($membershipTypePolicy) must be of type App\Contexts\Membership\Domain\Policies\MembershipTypePolicyInterface, App\Contexts\Membership\Infrastructure\EventMapping\DomainEventToOutboxMapper given, called in C:\Users\nabra\OneDrive\Desktop\roshyara\xamp\nrna\nrna-eu\tests\Unit\Jobs\ProcessMemberImportJobTest.php on line 70[39;22m

  at [32mapp\Contexts\Membership\Application\Services\MemberImportService.php[39m:[32m21[39m
     17▕ use App\Contexts\Membership\Domain\Member\ValueObjects\MemberResidenceGeoIdentity;
     18▕ 
     19▕ final class MemberImportService
     20▕ {
  ➜  21▕     public function __construct(
     22▕         private MemberRepositoryInterface $memberRepository,
     23▕         private TenantUserProvisioningInterface $userProvisioning,
     24▕         private OutboxWriterInterface $outboxWriter,
     25▕         private MembershipTypePolicyInterface $membershipTypePolicy,

  [33m1   [39m[39;1mapp\Contexts\Membership\Application\Services\MemberImportService.php[39;22m:[39;1m21[39;22m
  [33m2   [39m[39;1mtests\Unit\Jobs\ProcessMemberImportJobTest.php[39;22m:[39;1m70[39;22m

  [31m────────────────────────────────────────────────────────────────────────────────────────────────────────────────────[39m  
  [41;1m FAILED [49;22m [1mTests\Unit\Middleware\EnsureRealVoteOrganisationTest[22m [90m>[39m demo election bypasses organisatio… [41;1m QueryException [49;22m  
[39;1m  SQLSTATE[42704]: Undefined object: 7 FEHLER:  unbekannter Konfigurationsparameter »foreign_key_checks« (Connection: pgsql, SQL: SET FOREIGN_KEY_CHECKS=0)[39;22m

  at [32mvendor\laravel\framework\src\Illuminate\Database\Connection.php[39m:[32m825[39m
    821▕                     $this->getName(), $query, $this->prepareBindings($bindings), $e
    822▕                 );
    823▕             }
    824▕ 
  ➜ 825▕             throw new QueryException(
    826▕                 $this->getName(), $query, $this->prepareBindings($bindings), $e
    827▕             );
    828▕         }
    829▕     }

  [33m1   [39m[39;1mvendor\laravel\framework\src\Illuminate\Database\Connection.php[39;22m:[39;1m825[39;22m

  [33m2   [39m[39;1mvendor\laravel\framework\src\Illuminate\Database\Connection.php[39;22m:[39;1m571[39;22m
  [90m    NunoMaduro\Collision\Exceptions\TestException::("SQLSTATE[42704]: Undefined object: 7 FEHLER:  unbekannter Konfigurationsparameter »foreign_key_checks«")[39m

  [31m────────────────────────────────────────────────────────────────────────────────────────────────────────────────────[39m  
  [41;1m FAILED [49;22m [1mTests\Unit\Middleware\EnsureRealVoteOrganisationTest[22m [90m>[39m real election with matching organi… [41;1m QueryException [49;22m  
[39;1m  SQLSTATE[42704]: Undefined object: 7 FEHLER:  unbekannter Konfigurationsparameter »foreign_key_checks« (Connection: pgsql, SQL: SET FOREIGN_KEY_CHECKS=0)[39;22m

  at [32mvendor\laravel\framework\src\Illuminate\Database\Connection.php[39m:[32m825[39m
    821▕                     $this->getName(), $query, $this->prepareBindings($bindings), $e
    822▕                 );
    823▕             }
    824▕ 
  ➜ 825▕             throw new QueryException(
    826▕                 $this->getName(), $query, $this->prepareBindings($bindings), $e
    827▕             );
    828▕         }
    829▕     }

  [33m1   [39m[39;1mvendor\laravel\framework\src\Illuminate\Database\Connection.php[39;22m:[39;1m825[39;22m

  [33m2   [39m[39;1mvendor\laravel\framework\src\Illuminate\Database\Connection.php[39;22m:[39;1m571[39;22m
  [90m    NunoMaduro\Collision\Exceptions\TestException::("SQLSTATE[42704]: Undefined object: 7 FEHLER:  unbekannter Konfigurationsparameter »foreign_key_checks«")[39m

  [31m────────────────────────────────────────────────────────────────────────────────────────────────────────────────────[39m  
  [41;1m FAILED [49;22m [1mTests\Unit\Middleware\EnsureRealVoteOrganisationTest[22m [90m>[39m real election with mismatched orga… [41;1m QueryException [49;22m  
[39;1m  SQLSTATE[42704]: Undefined object: 7 FEHLER:  unbekannter Konfigurationsparameter »foreign_key_checks« (Connection: pgsql, SQL: SET FOREIGN_KEY_CHECKS=0)[39;22m

  at [32mvendor\laravel\framework\src\Illuminate\Database\Connection.php[39m:[32m825[39m
    821▕                     $this->getName(), $query, $this->prepareBindings($bindings), $e
    822▕                 );
    823▕             }
    824▕ 
  ➜ 825▕             throw new QueryException(
    826▕                 $this->getName(), $query, $this->prepareBindings($bindings), $e
    827▕             );
    828▕         }
    829▕     }

  [33m1   [39m[39;1mvendor\laravel\framework\src\Illuminate\Database\Connection.php[39;22m:[39;1m825[39;22m

  [33m2   [39m[39;1mvendor\laravel\framework\src\Illuminate\Database\Connection.php[39;22m:[39;1m571[39;22m
  [90m    NunoMaduro\Collision\Exceptions\TestException::("SQLSTATE[42704]: Undefined object: 7 FEHLER:  unbekannter Konfigurationsparameter »foreign_key_checks«")[39m

  [31m────────────────────────────────────────────────────────────────────────────────────────────────────────────────────[39m  
  [41;1m FAILED [49;22m [1mTests\Unit\Middleware\EnsureRealVoteOrganisationTest[22m [90m>[39m no election in request blocks       [41;1m QueryException [49;22m  
[39;1m  SQLSTATE[42704]: Undefined object: 7 FEHLER:  unbekannter Konfigurationsparameter »foreign_key_checks« (Connection: pgsql, SQL: SET FOREIGN_KEY_CHECKS=0)[39;22m

  at [32mvendor\laravel\framework\src\Illuminate\Database\Connection.php[39m:[32m825[39m
    821▕                     $this->getName(), $query, $this->prepareBindings($bindings), $e
    822▕                 );
    823▕             }
    824▕ 
  ➜ 825▕             throw new QueryException(
    826▕                 $this->getName(), $query, $this->prepareBindings($bindings), $e
    827▕             );
    828▕         }
    829▕     }

  [33m1   [39m[39;1mvendor\laravel\framework\src\Illuminate\Database\Connection.php[39;22m:[39;1m825[39;22m

  [33m2   [39m[39;1mvendor\laravel\framework\src\Illuminate\Database\Connection.php[39;22m:[39;1m571[39;22m
  [90m    NunoMaduro\Collision\Exceptions\TestException::("SQLSTATE[42704]: Undefined object: 7 FEHLER:  unbekannter Konfigurationsparameter »foreign_key_checks«")[39m

  [31m────────────────────────────────────────────────────────────────────────────────────────────────────────────────────[39m  
  [41;1m FAILED [49;22m [1mTests\Unit\Middleware\EnsureRealVoteOrganisationTest[22m [90m>[39m unauthenticated user redirects to…  [41;1m QueryException [49;22m  
[39;1m  SQLSTATE[42704]: Undefined object: 7 FEHLER:  unbekannter Konfigurationsparameter »foreign_key_checks« (Connection: pgsql, SQL: SET FOREIGN_KEY_CHECKS=0)[39;22m

  at [32mvendor\laravel\framework\src\Illuminate\Database\Connection.php[39m:[32m825[39m
    821▕                     $this->getName(), $query, $this->prepareBindings($bindings), $e
    822▕                 );
    823▕             }
    824▕ 
  ➜ 825▕             throw new QueryException(
    826▕                 $this->getName(), $query, $this->prepareBindings($bindings), $e
    827▕             );
    828▕         }
    829▕     }

  [33m1   [39m[39;1mvendor\laravel\framework\src\Illuminate\Database\Connection.php[39;22m:[39;1m825[39;22m

  [33m2   [39m[39;1mvendor\laravel\framework\src\Illuminate\Database\Connection.php[39;22m:[39;1m571[39;22m
  [90m    NunoMaduro\Collision\Exceptions\TestException::("SQLSTATE[42704]: Undefined object: 7 FEHLER:  unbekannter Konfigurationsparameter »foreign_key_checks«")[39m

  [31m────────────────────────────────────────────────────────────────────────────────────────────────────────────────────[39m  
  [41;1m FAILED [49;22m [1mTests\Unit\Middleware\EnsureRealVoteOrganisationTest[22m [90m>[39m logs to voting security on mismatc… [41;1m QueryException [49;22m  
[39;1m  SQLSTATE[42704]: Undefined object: 7 FEHLER:  unbekannter Konfigurationsparameter »foreign_key_checks« (Connection: pgsql, SQL: SET FOREIGN_KEY_CHECKS=0)[39;22m

  at [32mvendor\laravel\framework\src\Illuminate\Database\Connection.php[39m:[32m825[39m
    821▕                     $this->getName(), $query, $this->prepareBindings($bindings), $e
    822▕                 );
    823▕             }
    824▕ 
  ➜ 825▕             throw new QueryException(
    826▕                 $this->getName(), $query, $this->prepareBindings($bindings), $e
    827▕             );
    828▕         }
    829▕     }

  [33m1   [39m[39;1mvendor\laravel\framework\src\Illuminate\Database\Connection.php[39;22m:[39;1m825[39;22m

  [33m2   [39m[39;1mvendor\laravel\framework\src\Illuminate\Database\Connection.php[39;22m:[39;1m571[39;22m
  [90m    NunoMaduro\Collision\Exceptions\TestException::("SQLSTATE[42704]: Undefined object: 7 FEHLER:  unbekannter Konfigurationsparameter »foreign_key_checks«")[39m

  [31m────────────────────────────────────────────────────────────────────────────────────────────────────────────────────[39m  
  [41;1m FAILED [49;22m [1mTests\Unit\Middleware\EnsureRealVoteOrganisationTest[22m [90m>[39m logs to voting audit on success     [41;1m QueryException [49;22m  
[39;1m  SQLSTATE[42704]: Undefined object: 7 FEHLER:  unbekannter Konfigurationsparameter »foreign_key_checks« (Connection: pgsql, SQL: SET FOREIGN_KEY_CHECKS=0)[39;22m

  at [32mvendor\laravel\framework\src\Illuminate\Database\Connection.php[39m:[32m825[39m
    821▕                     $this->getName(), $query, $this->prepareBindings($bindings), $e
    822▕                 );
    823▕             }
    824▕ 
  ➜ 825▕             throw new QueryException(
    826▕                 $this->getName(), $query, $this->prepareBindings($bindings), $e
    827▕             );
    828▕         }
    829▕     }

  [33m1   [39m[39;1mvendor\laravel\framework\src\Illuminate\Database\Connection.php[39;22m:[39;1m825[39;22m

  [33m2   [39m[39;1mvendor\laravel\framework\src\Illuminate\Database\Connection.php[39;22m:[39;1m571[39;22m
  [90m    NunoMaduro\Collision\Exceptions\TestException::("SQLSTATE[42704]: Undefined object: 7 FEHLER:  unbekannter Konfigurationsparameter »foreign_key_checks«")[39m

  [31m────────────────────────────────────────────────────────────────────────────────────────────────────────────────────[39m  
  [41;1m FAILED [49;22m [1mTests\Unit\Middleware\EnsureRealVoteOrganisationTest[22m [90m>[39m error response includes context     [41;1m QueryException [49;22m  
[39;1m  SQLSTATE[42704]: Undefined object: 7 FEHLER:  unbekannter Konfigurationsparameter »foreign_key_checks« (Connection: pgsql, SQL: SET FOREIGN_KEY_CHECKS=0)[39;22m

  at [32mvendor\laravel\framework\src\Illuminate\Database\Connection.php[39m:[32m825[39m
    821▕                     $this->getName(), $query, $this->prepareBindings($bindings), $e
    822▕                 );
    823▕             }
    824▕ 
  ➜ 825▕             throw new QueryException(
    826▕                 $this->getName(), $query, $this->prepareBindings($bindings), $e
    827▕             );
    828▕         }
    829▕     }

  [33m1   [39m[39;1mvendor\laravel\framework\src\Illuminate\Database\Connection.php[39;22m:[39;1m825[39;22m

  [33m2   [39m[39;1mvendor\laravel\framework\src\Illuminate\Database\Connection.php[39;22m:[39;1m571[39;22m
  [90m    NunoMaduro\Collision\Exceptions\TestException::("SQLSTATE[42704]: Undefined object: 7 FEHLER:  unbekannter Konfigurationsparameter »foreign_key_checks«")[39m

  [31m────────────────────────────────────────────────────────────────────────────────────────────────────────────────────[39m  
  [41;1m FAILED [49;22m [1mTests\Unit\Middleware\TenantContextTest[22m [90m>[39m it sets tenant context for…  [41;1m UniqueConstraintViolationException [49;22m  
[39;1m  SQLSTATE[23505]: Unique violation: 7 FEHLER:  doppelter Schlüsselwert verletzt Unique-Constraint »user_organisation_roles_user_id_organisation_id_unique«
DETAIL:  Schlüssel »(user_id, organisation_id)=(a1e8e747-6fb8-4000-9a00-07804b54db87, a1e8e747-6931-4c3a-978f-7219876356f7)« existiert bereits. (Connection: pgsql, SQL: insert into "user_organisation_roles" ("user_id", "organisation_id", "role", "id", "updated_at", "created_at") values (a1e8e747-6fb8-4000-9a00-07804b54db87, a1e8e747-6931-4c3a-978f-7219876356f7, admin, a1e8e747-736f-4e09-aad4-817b25f26c6c, 2026-05-31 08:40:47, 2026-05-31 08:40:47))[39;22m

  at [32mvendor\laravel\framework\src\Illuminate\Database\Connection.php[39m:[32m820[39m
    816▕         // message to include the bindings with SQL, which will make this exception a
    817▕         // lot more helpful to the developer instead of just the database's errors.
    818▕         catch (Exception $e) {
    819▕             if ($this->isUniqueConstraintError($e)) {
  ➜ 820▕                 throw new UniqueConstraintViolationException(
    821▕                     $this->getName(), $query, $this->prepareBindings($bindings), $e
    822▕                 );
    823▕             }
    824▕

  [33m1   [39m[39;1mvendor\laravel\framework\src\Illuminate\Database\Connection.php[39;22m:[39;1m820[39;22m

  [33m2   [39m[39;1mvendor\laravel\framework\src\Illuminate\Database\Connection.php[39;22m:[39;1m571[39;22m
  [90m    NunoMaduro\Collision\Exceptions\TestException::("SQLSTATE[23505]: Unique violation: 7 FEHLER:  doppelter Schlüsselwert verletzt Unique-Constraint »user_organisation_roles_user_id_organisation_id_unique«
DETAIL:  Schlüssel »(user_id, organisation_id)=(a1e8e747-6fb8-4000-9a00-07804b54db87, a1e8e747-6931-4c3a-978f-7219876356f7)« existiert bereits.")[39m

  [31m────────────────────────────────────────────────────────────────────────────────────────────────────────────────────[39m  
  [41;1m FAILED [49;22m [1mTests\Unit\Middleware\TenantContextTest[22m [90m>[39m it denies access if user has no organisation role                  
[39;1m  Failed asserting that exception of type "Symfony\Component\HttpKernel\Exception\HttpException" is thrown.[39;22m

  [31m────────────────────────────────────────────────────────────────────────────────────────────────────────────────────[39m  
  [41;1m FAILED [49;22m [1mTests\Unit\Middleware\TenantContextTest[22m [90m>[39m it handles demo users without organisation       [41;1m QueryException [49;22m  
[39;1m  SQLSTATE[23502]: Not null violation: 7 FEHLER:  NULL-Wert in Spalte »organisation_id« von Relation »users« verletzt Not-Null-Constraint
DETAIL:  Fehlgeschlagene Zeile enthält (a1e8e748-996e-4af5-84cf-7621d0848849, null, Yasmeen Parisian, Connecticut, hilpert.baby@example.org, 2026-05-31 08:40:47, $2y$10$92IXUNpkjO0rOQ5byMi.Ye4oKoEa3Ro9llC/.og/at2.uheWG/igi, oAK2nM7tGU, 2026-05-31 08:40:47, 2026-05-31 08:40:47, null, null, null, null, null, null, null, null, null, null, null, null, null, null, null, null, null, anonymous, null, null, f, null, f, null). (Connection: pgsql, SQL: insert into "users" ("name", "email", "email_verified_at", "password", "remember_token", "region", "organisation_id", "is_committee_member", "id", "updated_at", "created_at") values (Yasmeen Parisian, hilpert.baby@example.org, 2026-05-31 08:40:47, $2y$10$92IXUNpkjO0rOQ5byMi.Ye4oKoEa3Ro9llC/.og/at2.uheWG/igi, oAK2nM7tGU, Connecticut, ?, 0, a1e8e748-996e-4af5-84cf-7621d0848849, 2026-05-31 08:40:47, 2026-05-31 08:40:47))[39;22m

  at [32mvendor\laravel\framework\src\Illuminate\Database\Connection.php[39m:[32m825[39m
    821▕                     $this->getName(), $query, $this->prepareBindings($bindings), $e
    822▕                 );
    823▕             }
    824▕ 
  ➜ 825▕             throw new QueryException(
    826▕                 $this->getName(), $query, $this->prepareBindings($bindings), $e
    827▕             );
    828▕         }
    829▕     }

  [33m1   [39m[39;1mvendor\laravel\framework\src\Illuminate\Database\Connection.php[39;22m:[39;1m825[39;22m

  [33m2   [39m[39;1mvendor\laravel\framework\src\Illuminate\Database\Connection.php[39;22m:[39;1m571[39;22m
  [90m    NunoMaduro\Collision\Exceptions\TestException::("SQLSTATE[23502]: Not null violation: 7 FEHLER:  NULL-Wert in Spalte »organisation_id« von Relation »users« verletzt Not-Null-Constraint
DETAIL:  Fehlgeschlagene Zeile enthält (a1e8e748-996e-4af5-84cf-7621d0848849, null, Yasmeen Parisian, Connecticut, hilpert.baby@example.org, 2026-05-31 08:40:47, $2y$10$92IXUNpkjO0rOQ5byMi.Ye4oKoEa3Ro9llC/.og/at2.uheWG/igi, oAK2nM7tGU, 2026-05-31 08:40:47, 2026-05-31 08:40:47, null, null, null, null, null, null, null, null, null, null, null, null, null, null, null, null, null, anonymous, null, null, f, null, f, null).")[39m

  [31m────────────────────────────────────────────────────────────────────────────────────────────────────────────────────[39m  
  [41;1m FAILED [49;22m [1mTests\Unit\Middleware\TenantContextTest[22m [90m>[39m it uses cache for organisat… [41;1m UniqueConstraintViolationException [49;22m  
[39;1m  SQLSTATE[23505]: Unique violation: 7 FEHLER:  doppelter Schlüsselwert verletzt Unique-Constraint »user_organisation_roles_user_id_organisation_id_unique«
DETAIL:  Schlüssel »(user_id, organisation_id)=(a1e8e749-0ca2-4503-82cf-0a6c1ae7f59b, a1e8e749-0450-46d5-9e6e-75c774081bc0)« existiert bereits. (Connection: pgsql, SQL: insert into "user_organisation_roles" ("user_id", "organisation_id", "role", "id", "updated_at", "created_at") values (a1e8e749-0ca2-4503-82cf-0a6c1ae7f59b, a1e8e749-0450-46d5-9e6e-75c774081bc0, admin, a1e8e749-1089-4ca9-b462-18a97556a6f2, 2026-05-31 08:40:48, 2026-05-31 08:40:48))[39;22m

  at [32mvendor\laravel\framework\src\Illuminate\Database\Connection.php[39m:[32m820[39m
    816▕         // message to include the bindings with SQL, which will make this exception a
    817▕         // lot more helpful to the developer instead of just the database's errors.
    818▕         catch (Exception $e) {
    819▕             if ($this->isUniqueConstraintError($e)) {
  ➜ 820▕                 throw new UniqueConstraintViolationException(
    821▕                     $this->getName(), $query, $this->prepareBindings($bindings), $e
    822▕                 );
    823▕             }
    824▕

  [33m1   [39m[39;1mvendor\laravel\framework\src\Illuminate\Database\Connection.php[39;22m:[39;1m820[39;22m

  [33m2   [39m[39;1mvendor\laravel\framework\src\Illuminate\Database\Connection.php[39;22m:[39;1m571[39;22m
  [90m    NunoMaduro\Collision\Exceptions\TestException::("SQLSTATE[23505]: Unique violation: 7 FEHLER:  doppelter Schlüsselwert verletzt Unique-Constraint »user_organisation_roles_user_id_organisation_id_unique«
DETAIL:  Schlüssel »(user_id, organisation_id)=(a1e8e749-0ca2-4503-82cf-0a6c1ae7f59b, a1e8e749-0450-46d5-9e6e-75c774081bc0)« existiert bereits.")[39m

  [31m────────────────────────────────────────────────────────────────────────────────────────────────────────────────────[39m  
  [41;1m FAILED [49;22m [1mTests\Unit\Middleware\TenantContextTest[22m [90m>[39m it prevents privilege escal… [41;1m UniqueConstraintViolationException [49;22m  
[39;1m  SQLSTATE[23505]: Unique violation: 7 FEHLER:  doppelter Schlüsselwert verletzt Unique-Constraint »user_organisation_roles_user_id_organisation_id_unique«
DETAIL:  Schlüssel »(user_id, organisation_id)=(a1e8e749-c412-4d2e-bb7d-fa6346630387, a1e8e749-bc1a-4839-ace4-33b4f0a3d402)« existiert bereits. (Connection: pgsql, SQL: insert into "user_organisation_roles" ("user_id", "organisation_id", "role", "id", "updated_at", "created_at") values (a1e8e749-c412-4d2e-bb7d-fa6346630387, a1e8e749-bc1a-4839-ace4-33b4f0a3d402, admin, a1e8e749-c6e7-4bd6-89d3-d6f54fce8a01, 2026-05-31 08:40:48, 2026-05-31 08:40:48))[39;22m

  at [32mvendor\laravel\framework\src\Illuminate\Database\Connection.php[39m:[32m820[39m
    816▕         // message to include the bindings with SQL, which will make this exception a
    817▕         // lot more helpful to the developer instead of just the database's errors.
    818▕         catch (Exception $e) {
    819▕             if ($this->isUniqueConstraintError($e)) {
  ➜ 820▕                 throw new UniqueConstraintViolationException(
    821▕                     $this->getName(), $query, $this->prepareBindings($bindings), $e
    822▕                 );
    823▕             }
    824▕

  [33m1   [39m[39;1mvendor\laravel\framework\src\Illuminate\Database\Connection.php[39;22m:[39;1m820[39;22m

  [33m2   [39m[39;1mvendor\laravel\framework\src\Illuminate\Database\Connection.php[39;22m:[39;1m571[39;22m
  [90m    NunoMaduro\Collision\Exceptions\TestException::("SQLSTATE[23505]: Unique violation: 7 FEHLER:  doppelter Schlüsselwert verletzt Unique-Constraint »user_organisation_roles_user_id_organisation_id_unique«
DETAIL:  Schlüssel »(user_id, organisation_id)=(a1e8e749-c412-4d2e-bb7d-fa6346630387, a1e8e749-bc1a-4839-ace4-33b4f0a3d402)« existiert bereits.")[39m

  [31m────────────────────────────────────────────────────────────────────────────────────────────────────────────────────[39m  
  [41;1m FAILED [49;22m [1mTests\Unit\Middleware\TenantContextTest[22m [90m>[39m it allows users with multip… [41;1m UniqueConstraintViolationException [49;22m  
[39;1m  SQLSTATE[23505]: Unique violation: 7 FEHLER:  doppelter Schlüsselwert verletzt Unique-Constraint »user_organisation_roles_user_id_organisation_id_unique«
DETAIL:  Schlüssel »(user_id, organisation_id)=(a1e8e74a-21dd-4c65-803d-7f085da74453, a1e8e74a-16d4-41cd-937c-e8016c1c37a2)« existiert bereits. (Connection: pgsql, SQL: insert into "user_organisation_roles" ("user_id", "organisation_id", "role", "id", "updated_at", "created_at") values (a1e8e74a-21dd-4c65-803d-7f085da74453, a1e8e74a-16d4-41cd-937c-e8016c1c37a2, admin, a1e8e74a-2659-4be8-9074-c9132ddc4cbd, 2026-05-31 08:40:48, 2026-05-31 08:40:48))[39;22m

  at [32mvendor\laravel\framework\src\Illuminate\Database\Connection.php[39m:[32m820[39m
    816▕         // message to include the bindings with SQL, which will make this exception a
    817▕         // lot more helpful to the developer instead of just the database's errors.
    818▕         catch (Exception $e) {
    819▕             if ($this->isUniqueConstraintError($e)) {
  ➜ 820▕                 throw new UniqueConstraintViolationException(
    821▕                     $this->getName(), $query, $this->prepareBindings($bindings), $e
    822▕                 );
    823▕             }
    824▕

  [33m1   [39m[39;1mvendor\laravel\framework\src\Illuminate\Database\Connection.php[39;22m:[39;1m820[39;22m

  [33m2   [39m[39;1mvendor\laravel\framework\src\Illuminate\Database\Connection.php[39;22m:[39;1m571[39;22m
  [90m    NunoMaduro\Collision\Exceptions\TestException::("SQLSTATE[23505]: Unique violation: 7 FEHLER:  doppelter Schlüsselwert verletzt Unique-Constraint »user_organisation_roles_user_id_organisation_id_unique«
DETAIL:  Schlüssel »(user_id, organisation_id)=(a1e8e74a-21dd-4c65-803d-7f085da74453, a1e8e74a-16d4-41cd-937c-e8016c1c37a2)« existiert bereits.")[39m

  [31m────────────────────────────────────────────────────────────────────────────────────────────────────────────────────[39m  
  [41;1m FAILED [49;22m [1mTests\Unit\Middleware\ValidateVotingIpTest[22m [90m>[39m it blocks request when ip does not match                        
[39;1m  Failed asserting that an instance of class Illuminate\Http\Response is an instance of class Illuminate\Http\RedirectResponse.[39;22m

  at [32mtests\Unit\Middleware\ValidateVotingIpTest.php[39m:[32m121[39m
    117▕         };
    118▕ 
    119▕         $response = $this->middleware->handle($request, $next);
    120▕ 
  ➜ 121▕         $this->assertInstanceOf(RedirectResponse::class, $response);
    122▕         $this->assertTrue($response->getSession()->has('errors'));
    123▕     }
    124▕ 
    125▕     /** @test */

  [33m1   [39m[39;1mtests\Unit\Middleware\ValidateVotingIpTest.php[39;22m:[39;1m121[39;22m

  [31m────────────────────────────────────────────────────────────────────────────────────────────────────────────────────[39m  
  [41;1m FAILED [49;22m [1mTests\Unit\Models\CandidacyTest[22m [90m>[39m candidacy belongs to user            [41;1m UniqueConstraintViolationException [49;22m  
[39;1m  SQLSTATE[23505]: Unique violation: 7 FEHLER:  doppelter Schlüsselwert verletzt Unique-Constraint »users_email_unique«
DETAIL:  Schlüssel »(email)=(test@example.com)« existiert bereits. (Connection: pgsql, SQL: insert into users (id, organisation_id, name, email, password, created_at, updated_at) values (0ef39fd0-964b-4042-8c95-0a094a82876a, a1e8e750-1e70-46fb-a53c-5fb156e1e07c, Test User, test@example.com, $2y$04$JIWvlN.8WwpaCTSAT9hqduq0qfJINNuBLklVy393/J9s1rrca60I2, 2026-05-31 08:40:52, 2026-05-31 08:40:52))[39;22m

  at [32mvendor\laravel\framework\src\Illuminate\Database\Connection.php[39m:[32m820[39m
    816▕         // message to include the bindings with SQL, which will make this exception a
    817▕         // lot more helpful to the developer instead of just the database's errors.
    818▕         catch (Exception $e) {
    819▕             if ($this->isUniqueConstraintError($e)) {
  ➜ 820▕                 throw new UniqueConstraintViolationException(
    821▕                     $this->getName(), $query, $this->prepareBindings($bindings), $e
    822▕                 );
    823▕             }
    824▕

  [33m1   [39m[39;1mvendor\laravel\framework\src\Illuminate\Database\Connection.php[39;22m:[39;1m820[39;22m

  [33m2   [39m[39;1mvendor\laravel\framework\src\Illuminate\Database\Connection.php[39;22m:[39;1m571[39;22m
  [90m    NunoMaduro\Collision\Exceptions\TestException::("SQLSTATE[23505]: Unique violation: 7 FEHLER:  doppelter Schlüsselwert verletzt Unique-Constraint »users_email_unique«
DETAIL:  Schlüssel »(email)=(test@example.com)« existiert bereits.")[39m

  [31m────────────────────────────────────────────────────────────────────────────────────────────────────────────────────[39m  
  [41;1m FAILED [49;22m [1mTests\Unit\Models\CodeTest[22m [90m>[39m code belongs to user                      [41;1m UniqueConstraintViolationException [49;22m  
[39;1m  SQLSTATE[23505]: Unique violation: 7 FEHLER:  doppelter Schlüsselwert verletzt Unique-Constraint »users_email_unique«
DETAIL:  Schlüssel »(email)=(test@example.com)« existiert bereits. (Connection: pgsql, SQL: insert into users (id, organisation_id, name, email, password, created_at, updated_at) values (c3f19f5a-2398-4e2c-b292-769af574bcbf, a1e8e752-2baf-41f6-ab87-9478e9c5f588, Test User, test@example.com, $2y$04$ku3nQ4Rk8HyqacecPe0SHe604ArGQ4G/3Dz6qWXGn42bt6N5og9y6, 2026-05-31 08:40:54, 2026-05-31 08:40:54))[39;22m

  at [32mvendor\laravel\framework\src\Illuminate\Database\Connection.php[39m:[32m820[39m
    816▕         // message to include the bindings with SQL, which will make this exception a
    817▕         // lot more helpful to the developer instead of just the database's errors.
    818▕         catch (Exception $e) {
    819▕             if ($this->isUniqueConstraintError($e)) {
  ➜ 820▕                 throw new UniqueConstraintViolationException(
    821▕                     $this->getName(), $query, $this->prepareBindings($bindings), $e
    822▕                 );
    823▕             }
    824▕

  [33m1   [39m[39;1mvendor\laravel\framework\src\Illuminate\Database\Connection.php[39;22m:[39;1m820[39;22m

  [33m2   [39m[39;1mvendor\laravel\framework\src\Illuminate\Database\Connection.php[39;22m:[39;1m571[39;22m
  [90m    NunoMaduro\Collision\Exceptions\TestException::("SQLSTATE[23505]: Unique violation: 7 FEHLER:  doppelter Schlüsselwert verletzt Unique-Constraint »users_email_unique«
DETAIL:  Schlüssel »(email)=(test@example.com)« existiert bereits.")[39m

  [31m────────────────────────────────────────────────────────────────────────────────────────────────────────────────────[39m  
  [41;1m FAILED [49;22m [1mTests\Unit\Models\CodeTest[22m [90m>[39m code belongs to election                  [41;1m UniqueConstraintViolationException [49;22m  
[39;1m  SQLSTATE[23505]: Unique violation: 7 FEHLER:  doppelter Schlüsselwert verletzt Unique-Constraint »users_email_unique«
DETAIL:  Schlüssel »(email)=(test@example.com)« existiert bereits. (Connection: pgsql, SQL: insert into users (id, organisation_id, name, email, password, created_at, updated_at) values (f0960119-1123-4b93-a996-71c60be779b8, a1e8e752-95cc-4c44-a591-7eda7d50e8aa, Test User, test@example.com, $2y$04$JmDtHSzkiwwhQR3Iw/hjB.dYtcTGKR7cp5z0HR9HcQZTS2SWBPBDm, 2026-05-31 08:40:54, 2026-05-31 08:40:54))[39;22m

  at [32mvendor\laravel\framework\src\Illuminate\Database\Connection.php[39m:[32m820[39m
    816▕         // message to include the bindings with SQL, which will make this exception a
    817▕         // lot more helpful to the developer instead of just the database's errors.
    818▕         catch (Exception $e) {
    819▕             if ($this->isUniqueConstraintError($e)) {
  ➜ 820▕                 throw new UniqueConstraintViolationException(
    821▕                     $this->getName(), $query, $this->prepareBindings($bindings), $e
    822▕                 );
    823▕             }
    824▕

  [33m1   [39m[39;1mvendor\laravel\framework\src\Illuminate\Database\Connection.php[39;22m:[39;1m820[39;22m

  [33m2   [39m[39;1mvendor\laravel\framework\src\Illuminate\Database\Connection.php[39;22m:[39;1m571[39;22m
  [90m    NunoMaduro\Collision\Exceptions\TestException::("SQLSTATE[23505]: Unique violation: 7 FEHLER:  doppelter Schlüsselwert verletzt Unique-Constraint »users_email_unique«
DETAIL:  Schlüssel »(email)=(test@example.com)« existiert bereits.")[39m

  [31m────────────────────────────────────────────────────────────────────────────────────────────────────────────────────[39m  
  [41;1m FAILED [49;22m [1mTests\Unit\Models\CodeTest[22m [90m>[39m code belongs to organisation              [41;1m UniqueConstraintViolationException [49;22m  
[39;1m  SQLSTATE[23505]: Unique violation: 7 FEHLER:  doppelter Schlüsselwert verletzt Unique-Constraint »users_email_unique«
DETAIL:  Schlüssel »(email)=(test@example.com)« existiert bereits. (Connection: pgsql, SQL: insert into users (id, organisation_id, name, email, password, created_at, updated_at) values (0708c6ad-d2f8-4760-8d45-522dfeb46e02, a1e8e753-0a92-48c5-b224-8bff92ac3ba0, Test User, test@example.com, $2y$04$s1Cfb.NKPwQTIzsnlESlvOd9QyeBkk9EYglChwK9uADLUL2JIao.m, 2026-05-31 08:40:54, 2026-05-31 08:40:54))[39;22m

  at [32mvendor\laravel\framework\src\Illuminate\Database\Connection.php[39m:[32m820[39m
    816▕         // message to include the bindings with SQL, which will make this exception a
    817▕         // lot more helpful to the developer instead of just the database's errors.
    818▕         catch (Exception $e) {
    819▕             if ($this->isUniqueConstraintError($e)) {
  ➜ 820▕                 throw new UniqueConstraintViolationException(
    821▕                     $this->getName(), $query, $this->prepareBindings($bindings), $e
    822▕                 );
    823▕             }
    824▕

  [33m1   [39m[39;1mvendor\laravel\framework\src\Illuminate\Database\Connection.php[39;22m:[39;1m820[39;22m

  [33m2   [39m[39;1mvendor\laravel\framework\src\Illuminate\Database\Connection.php[39;22m:[39;1m571[39;22m
  [90m    NunoMaduro\Collision\Exceptions\TestException::("SQLSTATE[23505]: Unique violation: 7 FEHLER:  doppelter Schlüsselwert verletzt Unique-Constraint »users_email_unique«
DETAIL:  Schlüssel »(email)=(test@example.com)« existiert bereits.")[39m

  [31m────────────────────────────────────────────────────────────────────────────────────────────────────────────────────[39m  
  [41;1m FAILED [49;22m [1mTests\Unit\Models\CodeTest[22m [90m>[39m code first use marks code1 used           [41;1m UniqueConstraintViolationException [49;22m  
[39;1m  SQLSTATE[23505]: Unique violation: 7 FEHLER:  doppelter Schlüsselwert verletzt Unique-Constraint »users_email_unique«
DETAIL:  Schlüssel »(email)=(test@example.com)« existiert bereits. (Connection: pgsql, SQL: insert into users (id, organisation_id, name, email, password, created_at, updated_at) values (d7ab0d10-bb0d-431d-997c-0aa475d760d6, a1e8e753-521d-4472-8b75-b584e66db7ae, Test User, test@example.com, $2y$04$OvKPmgz/8zPFqyUCsqF3KeBwDcYBN.4bC7GAKMa/4a62aSGD4JeT6, 2026-05-31 08:40:54, 2026-05-31 08:40:54))[39;22m

  at [32mvendor\laravel\framework\src\Illuminate\Database\Connection.php[39m:[32m820[39m
    816▕         // message to include the bindings with SQL, which will make this exception a
    817▕         // lot more helpful to the developer instead of just the database's errors.
    818▕         catch (Exception $e) {
    819▕             if ($this->isUniqueConstraintError($e)) {
  ➜ 820▕                 throw new UniqueConstraintViolationException(
    821▕                     $this->getName(), $query, $this->prepareBindings($bindings), $e
    822▕                 );
    823▕             }
    824▕

  [33m1   [39m[39;1mvendor\laravel\framework\src\Illuminate\Database\Connection.php[39;22m:[39;1m820[39;22m

  [33m2   [39m[39;1mvendor\laravel\framework\src\Illuminate\Database\Connection.php[39;22m:[39;1m571[39;22m
  [90m    NunoMaduro\Collision\Exceptions\TestException::("SQLSTATE[23505]: Unique violation: 7 FEHLER:  doppelter Schlüsselwert verletzt Unique-Constraint »users_email_unique«
DETAIL:  Schlüssel »(email)=(test@example.com)« existiert bereits.")[39m

  [31m────────────────────────────────────────────────────────────────────────────────────────────────────────────────────[39m  
  [41;1m FAILED [49;22m [1mTests\Unit\Models\CodeTest[22m [90m>[39m code second use marks code2 used          [41;1m UniqueConstraintViolationException [49;22m  
[39;1m  SQLSTATE[23505]: Unique violation: 7 FEHLER:  doppelter Schlüsselwert verletzt Unique-Constraint »users_email_unique«
DETAIL:  Schlüssel »(email)=(test@example.com)« existiert bereits. (Connection: pgsql, SQL: insert into users (id, organisation_id, name, email, password, created_at, updated_at) values (31387cd5-3daf-4379-87fa-a5691469b14d, a1e8e753-aca8-41b7-89fb-f6629e49a2fc, Test User, test@example.com, $2y$04$KdDCxS0LF1JpnT1I49Gd6ODHqCG0cQPyUxcBmWvBT0NRzMlxC6Zg., 2026-05-31 08:40:55, 2026-05-31 08:40:55))[39;22m

  at [32mvendor\laravel\framework\src\Illuminate\Database\Connection.php[39m:[32m820[39m
    816▕         // message to include the bindings with SQL, which will make this exception a
    817▕         // lot more helpful to the developer instead of just the database's errors.
    818▕         catch (Exception $e) {
    819▕             if ($this->isUniqueConstraintError($e)) {
  ➜ 820▕                 throw new UniqueConstraintViolationException(
    821▕                     $this->getName(), $query, $this->prepareBindings($bindings), $e
    822▕                 );
    823▕             }
    824▕

  [33m1   [39m[39;1mvendor\laravel\framework\src\Illuminate\Database\Connection.php[39;22m:[39;1m820[39;22m

  [33m2   [39m[39;1mvendor\laravel\framework\src\Illuminate\Database\Connection.php[39;22m:[39;1m571[39;22m
  [90m    NunoMaduro\Collision\Exceptions\TestException::("SQLSTATE[23505]: Unique violation: 7 FEHLER:  doppelter Schlüsselwert verletzt Unique-Constraint »users_email_unique«
DETAIL:  Schlüssel »(email)=(test@example.com)« existiert bereits.")[39m

  [31m────────────────────────────────────────────────────────────────────────────────────────────────────────────────────[39m  
  [41;1m FAILED [49;22m [1mTests\Unit\Models\CodeTest[22m [90m>[39m code prevents third use                   [41;1m UniqueConstraintViolationException [49;22m  
[39;1m  SQLSTATE[23505]: Unique violation: 7 FEHLER:  doppelter Schlüsselwert verletzt Unique-Constraint »users_email_unique«
DETAIL:  Schlüssel »(email)=(test@example.com)« existiert bereits. (Connection: pgsql, SQL: insert into users (id, organisation_id, name, email, password, created_at, updated_at) values (6f24745e-ec31-4d82-9905-34b68d1b9189, a1e8e754-0885-4b66-b085-e37c4f08740f, Test User, test@example.com, $2y$04$3ax3Hv3XWYYAqkufcUZhhe0WTSytiqvpD4A8lg3ccHbXDoBv08U86, 2026-05-31 08:40:55, 2026-05-31 08:40:55))[39;22m

  at [32mvendor\laravel\framework\src\Illuminate\Database\Connection.php[39m:[32m820[39m
    816▕         // message to include the bindings with SQL, which will make this exception a
    817▕         // lot more helpful to the developer instead of just the database's errors.
    818▕         catch (Exception $e) {
    819▕             if ($this->isUniqueConstraintError($e)) {
  ➜ 820▕                 throw new UniqueConstraintViolationException(
    821▕                     $this->getName(), $query, $this->prepareBindings($bindings), $e
    822▕                 );
    823▕             }
    824▕

  [33m1   [39m[39;1mvendor\laravel\framework\src\Illuminate\Database\Connection.php[39;22m:[39;1m820[39;22m

  [33m2   [39m[39;1mvendor\laravel\framework\src\Illuminate\Database\Connection.php[39;22m:[39;1m571[39;22m
  [90m    NunoMaduro\Collision\Exceptions\TestException::("SQLSTATE[23505]: Unique violation: 7 FEHLER:  doppelter Schlüsselwert verletzt Unique-Constraint »users_email_unique«
DETAIL:  Schlüssel »(email)=(test@example.com)« existiert bereits.")[39m

  [31m────────────────────────────────────────────────────────────────────────────────────────────────────────────────────[39m  
  [41;1m FAILED [49;22m [1mTests\Unit\Models\CodeTest[22m [90m>[39m code scope for election filters           [41;1m UniqueConstraintViolationException [49;22m  
[39;1m  SQLSTATE[23505]: Unique violation: 7 FEHLER:  doppelter Schlüsselwert verletzt Unique-Constraint »users_email_unique«
DETAIL:  Schlüssel »(email)=(test@example.com)« existiert bereits. (Connection: pgsql, SQL: insert into users (id, organisation_id, name, email, password, created_at, updated_at) values (fccef79d-15b9-4ada-8cdb-f0991fc5ae11, a1e8e754-f1b5-4cc5-933b-d50edbe032cc, Test User, test@example.com, $2y$04$p.sSCLsdZ9YgvexHDMd7oOILnSxYqFedhk15coryq23RoaHNHGvEy, 2026-05-31 08:40:55, 2026-05-31 08:40:55))[39;22m

  at [32mvendor\laravel\framework\src\Illuminate\Database\Connection.php[39m:[32m820[39m
    816▕         // message to include the bindings with SQL, which will make this exception a
    817▕         // lot more helpful to the developer instead of just the database's errors.
    818▕         catch (Exception $e) {
    819▕             if ($this->isUniqueConstraintError($e)) {
  ➜ 820▕                 throw new UniqueConstraintViolationException(
    821▕                     $this->getName(), $query, $this->prepareBindings($bindings), $e
    822▕                 );
    823▕             }
    824▕

  [33m1   [39m[39;1mvendor\laravel\framework\src\Illuminate\Database\Connection.php[39;22m:[39;1m820[39;22m

  [33m2   [39m[39;1mvendor\laravel\framework\src\Illuminate\Database\Connection.php[39;22m:[39;1m571[39;22m
  [90m    NunoMaduro\Collision\Exceptions\TestException::("SQLSTATE[23505]: Unique violation: 7 FEHLER:  doppelter Schlüsselwert verletzt Unique-Constraint »users_email_unique«
DETAIL:  Schlüssel »(email)=(test@example.com)« existiert bereits.")[39m

  [31m────────────────────────────────────────────────────────────────────────────────────────────────────────────────────[39m  
  [41;1m FAILED [49;22m [1mTests\Unit\Models\CodeTest[22m [90m>[39m code scope unused returns available                                             
[39;1m  Failed asserting that actual size 0 matches expected size 1.[39;22m

  at [32mtests\Unit\Models\CodeTest.php[39m:[32m376[39m
    372▕ 
    373▕         // Test unused scope
    374▕         $available = Code::unused()->get();
    375▕ 
  ➜ 376▕         $this->assertCount(1, $available);
    377▕         $this->assertEquals($unused_code->id, $available->first()->id);
    378▕     }
    379▕ 
    380▕     /** @test */

  [33m1   [39m[39;1mtests\Unit\Models\CodeTest.php[39;22m:[39;1m376[39;22m

  [31m────────────────────────────────────────────────────────────────────────────────────────────────────────────────────[39m  
  [41;1m FAILED [49;22m [1mTests\Unit\Models\CodeTest[22m [90m>[39m code tracks usage timestamps              [41;1m UniqueConstraintViolationException [49;22m  
[39;1m  SQLSTATE[23505]: Unique violation: 7 FEHLER:  doppelter Schlüsselwert verletzt Unique-Constraint »users_email_unique«
DETAIL:  Schlüssel »(email)=(test@example.com)« existiert bereits. (Connection: pgsql, SQL: insert into users (id, organisation_id, name, email, password, created_at, updated_at) values (a418f05a-39c6-4c84-b1ae-bcce657364d8, a1e8e755-fff7-4b2d-a419-3ca1f1b609f5, Test User, test@example.com, $2y$04$/cL5c3ErO523LKv52pNrN.S0D6/rfXvFmQ6lH2LO32/1TaOYBJuWm, 2026-05-31 08:40:56, 2026-05-31 08:40:56))[39;22m

  at [32mvendor\laravel\framework\src\Illuminate\Database\Connection.php[39m:[32m820[39m
    816▕         // message to include the bindings with SQL, which will make this exception a
    817▕         // lot more helpful to the developer instead of just the database's errors.
    818▕         catch (Exception $e) {
    819▕             if ($this->isUniqueConstraintError($e)) {
  ➜ 820▕                 throw new UniqueConstraintViolationException(
    821▕                     $this->getName(), $query, $this->prepareBindings($bindings), $e
    822▕                 );
    823▕             }
    824▕

  [33m1   [39m[39;1mvendor\laravel\framework\src\Illuminate\Database\Connection.php[39;22m:[39;1m820[39;22m

  [33m2   [39m[39;1mvendor\laravel\framework\src\Illuminate\Database\Connection.php[39;22m:[39;1m571[39;22m
  [90m    NunoMaduro\Collision\Exceptions\TestException::("SQLSTATE[23505]: Unique violation: 7 FEHLER:  doppelter Schlüsselwert verletzt Unique-Constraint »users_email_unique«
DETAIL:  Schlüssel »(email)=(test@example.com)« existiert bereits.")[39m

  [31m────────────────────────────────────────────────────────────────────────────────────────────────────────────────────[39m  
  [41;1m FAILED [49;22m [1mTests\Unit\Models\DemoVoteModelTest[22m [90m>[39m demo vote can be created with all fields                               
[39;1m  null does not match expected type "array".[39;22m

  at [32mtests\Unit\Models\DemoVoteModelTest.php[39m:[32m140[39m
    136▕         ]);
    137▕ 
    138▕         $this->assertNotNull($vote->id);
    139▕         $this->assertEquals(['post1', 'post2'], $vote->no_vote_posts);
  ➜ 140▕         $this->assertEquals(['candidate_1', 'candidate_5'], $vote->candidate_selections);
    141▕         $this->assertNotNull($vote->vote_hash);
    142▕         $this->assertNotNull($vote->device_fingerprint_hash);
    143▕     }
    144▕ }

  [33m1   [39m[39;1mtests\Unit\Models\DemoVoteModelTest.php[39;22m:[39;1m140[39;22m

  [31m────────────────────────────────────────────────────────────────────────────────────────────────────────────────────[39m  
  [41;1m FAILED [49;22m [1mTests\Unit\Models\Demo\DemoCodeTest[22m [90m>[39m demo code scope for demo electi… [41;1m UniqueConstraintViolationException [49;22m  
[39;1m  SQLSTATE[23505]: Unique violation: 7 FEHLER:  doppelter Schlüsselwert verletzt Unique-Constraint »users_email_unique«
DETAIL:  Schlüssel »(email)=(test@example.com)« existiert bereits. (Connection: pgsql, SQL: insert into users (id, organisation_id, name, email, password, created_at, updated_at) values (1f11fa46-83e4-47a7-ba26-f563752b96d2, a1e8e761-14ce-4206-b9d4-264209579dc2, Test User, test@example.com, $2y$04$Uj78rd5Fl//9M8sgH.fT0uOSDbtQpoSLTC5wzRyeTe47Iz0mTe4xi, 2026-05-31 08:41:03, 2026-05-31 08:41:03))[39;22m

  at [32mvendor\laravel\framework\src\Illuminate\Database\Connection.php[39m:[32m820[39m
    816▕         // message to include the bindings with SQL, which will make this exception a
    817▕         // lot more helpful to the developer instead of just the database's errors.
    818▕         catch (Exception $e) {
    819▕             if ($this->isUniqueConstraintError($e)) {
  ➜ 820▕                 throw new UniqueConstraintViolationException(
    821▕                     $this->getName(), $query, $this->prepareBindings($bindings), $e
    822▕                 );
    823▕             }
    824▕

  [33m1   [39m[39;1mvendor\laravel\framework\src\Illuminate\Database\Connection.php[39;22m:[39;1m820[39;22m

  [33m2   [39m[39;1mvendor\laravel\framework\src\Illuminate\Database\Connection.php[39;22m:[39;1m571[39;22m
  [90m    NunoMaduro\Collision\Exceptions\TestException::("SQLSTATE[23505]: Unique violation: 7 FEHLER:  doppelter Schlüsselwert verletzt Unique-Constraint »users_email_unique«
DETAIL:  Schlüssel »(email)=(test@example.com)« existiert bereits.")[39m

  [31m────────────────────────────────────────────────────────────────────────────────────────────────────────────────────[39m  
  [41;1m FAILED [49;22m [1mTests\Unit\Models\Demo\DemoVoteTest[22m [90m>[39m demo vote uses demo votes table                      [41;1m QueryException [49;22m  
[39;1m  SQLSTATE[23502]: Not null violation: 7 FEHLER:  NULL-Wert in Spalte »cast_at« von Relation »demo_votes« verletzt Not-Null-Constraint
DETAIL:  Fehlgeschlagene Zeile enthält (4a48c316-74d6-4690-a22a-57bb08f04738, a1e8e762-4b98-4b33-859b-405092bf3a60, a1e8e762-4e43-476a-b56b-bade5255a01f, 6a7180b7b26c602dbee93a906543313aa9ad8721d501b1d86a315774b8c4c3b9, f, 2026-05-31 08:41:04, null, 2026-05-31 08:41:04, 2026-05-31 08:41:04, null, null, null, null, null, null, null, null, null, null, null, null, null, null, null, null, null, null, null, null, null, null, null, null, null, null, null, null, null, null, null, null, null, null, null, null, null, null, null, null, null, null, null, null, null, null, null, null, null, null, null, null, null, null, null, null, null, null, null, null, null, null, null, null, null, null, null, null, null, null). (Connection: pgsql, SQL: insert into demo_votes (id, organisation_id, election_id, receipt_hash, voted_at, created_at, updated_at) values (4a48c316-74d6-4690-a22a-57bb08f04738, a1e8e762-4b98-4b33-859b-405092bf3a60, a1e8e762-4e43-476a-b56b-bade5255a01f, 6a7180b7b26c602dbee93a906543313aa9ad8721d501b1d86a315774b8c4c3b9, 2026-05-31 08:41:04, 2026-05-31 08:41:04, 2026-05-31 08:41:04))[39;22m

  at [32mvendor\laravel\framework\src\Illuminate\Database\Connection.php[39m:[32m825[39m
    821▕                     $this->getName(), $query, $this->prepareBindings($bindings), $e
    822▕                 );
    823▕             }
    824▕ 
  ➜ 825▕             throw new QueryException(
    826▕                 $this->getName(), $query, $this->prepareBindings($bindings), $e
    827▕             );
    828▕         }
    829▕     }

  [33m1   [39m[39;1mvendor\laravel\framework\src\Illuminate\Database\Connection.php[39;22m:[39;1m825[39;22m

  [33m2   [39m[39;1mvendor\laravel\framework\src\Illuminate\Database\Connection.php[39;22m:[39;1m571[39;22m
  [90m    NunoMaduro\Collision\Exceptions\TestException::("SQLSTATE[23502]: Not null violation: 7 FEHLER:  NULL-Wert in Spalte »cast_at« von Relation »demo_votes« verletzt Not-Null-Constraint
DETAIL:  Fehlgeschlagene Zeile enthält (4a48c316-74d6-4690-a22a-57bb08f04738, a1e8e762-4b98-4b33-859b-405092bf3a60, a1e8e762-4e43-476a-b56b-bade5255a01f, 6a7180b7b26c602dbee93a906543313aa9ad8721d501b1d86a315774b8c4c3b9, f, 2026-05-31 08:41:04, null, 2026-05-31 08:41:04, 2026-05-31 08:41:04, null, null, null, null, null, null, null, null, null, null, null, null, null, null, null, null, null, null, null, null, null, null, null, null, null, null, null, null, null, null, null, null, null, null, null, null, null, null, null, null, null, null, null, null, null, null, null, null, null, null, null, null, null, null, null, null, null, null, null, null, null, null, null, null, null, null, null, null, null, null).")[39m

  [31m────────────────────────────────────────────────────────────────────────────────────────────────────────────────────[39m  
  [41;1m FAILED [49;22m [1mTests\Unit\Models\Demo\DemoVoteTest[22m [90m>[39m demo vote stores candidate selections                                  
[39;1m  Failed asserting that null is not null.[39;22m

  at [32mtests\Unit\Models\Demo\DemoVoteTest.php[39m:[32m235[39m
    231▕             'candidate_selections' => $candidateSelections,
    232▕             'voted_at' => now(),
    233▕         ]);
    234▕ 
  ➜ 235▕         $this->assertNotNull($demoVote->candidate_selections);
    236▕         $this->assertIsArray($demoVote->candidate_selections);
    237▕         $this->assertCount(2, $demoVote->candidate_selections);
    238▕     }
    239▕

  [33m1   [39m[39;1mtests\Unit\Models\Demo\DemoVoteTest.php[39;22m:[39;1m235[39;22m

  [31m────────────────────────────────────────────────────────────────────────────────────────────────────────────────────[39m  
  [41;1m FAILED [49;22m [1mTests\Unit\Models\Demo\DemoVoteTest[22m [90m>[39m demo vote isolation from real votes                  [41;1m QueryException [49;22m  
[39;1m  SQLSTATE[23502]: Not null violation: 7 FEHLER:  NULL-Wert in Spalte »cast_at« von Relation »demo_votes« verletzt Not-Null-Constraint
DETAIL:  Fehlgeschlagene Zeile enthält (5f6313e7-3481-4af2-b65f-70a704c9617f, a1e8e765-75c0-48e0-a730-5c05a1e9afde, a1e8e765-7764-4291-8960-07d3b7cbc844, 552878bceaeca78d7242339d6121b5cde1bc845da5ea77181a8c9e3dc0000e41, f, 2026-05-31 08:41:06, null, 2026-05-31 08:41:06, 2026-05-31 08:41:06, null, null, null, null, null, null, null, null, null, null, null, null, null, null, null, null, null, null, null, null, null, null, null, null, null, null, null, null, null, null, null, null, null, null, null, null, null, null, null, null, null, null, null, null, null, null, null, null, null, null, null, null, null, null, null, null, null, null, null, null, null, null, null, null, null, null, null, null, null, null). (Connection: pgsql, SQL: insert into demo_votes (id, organisation_id, election_id, receipt_hash, voted_at, created_at, updated_at) values (5f6313e7-3481-4af2-b65f-70a704c9617f, a1e8e765-75c0-48e0-a730-5c05a1e9afde, a1e8e765-7764-4291-8960-07d3b7cbc844, 552878bceaeca78d7242339d6121b5cde1bc845da5ea77181a8c9e3dc0000e41, 2026-05-31 08:41:06, 2026-05-31 08:41:06, 2026-05-31 08:41:06))[39;22m

  at [32mvendor\laravel\framework\src\Illuminate\Database\Connection.php[39m:[32m825[39m
    821▕                     $this->getName(), $query, $this->prepareBindings($bindings), $e
    822▕                 );
    823▕             }
    824▕ 
  ➜ 825▕             throw new QueryException(
    826▕                 $this->getName(), $query, $this->prepareBindings($bindings), $e
    827▕             );
    828▕         }
    829▕     }

  [33m1   [39m[39;1mvendor\laravel\framework\src\Illuminate\Database\Connection.php[39;22m:[39;1m825[39;22m

  [33m2   [39m[39;1mvendor\laravel\framework\src\Illuminate\Database\Connection.php[39;22m:[39;1m571[39;22m
  [90m    NunoMaduro\Collision\Exceptions\TestException::("SQLSTATE[23502]: Not null violation: 7 FEHLER:  NULL-Wert in Spalte »cast_at« von Relation »demo_votes« verletzt Not-Null-Constraint
DETAIL:  Fehlgeschlagene Zeile enthält (5f6313e7-3481-4af2-b65f-70a704c9617f, a1e8e765-75c0-48e0-a730-5c05a1e9afde, a1e8e765-7764-4291-8960-07d3b7cbc844, 552878bceaeca78d7242339d6121b5cde1bc845da5ea77181a8c9e3dc0000e41, f, 2026-05-31 08:41:06, null, 2026-05-31 08:41:06, 2026-05-31 08:41:06, null, null, null, null, null, null, null, null, null, null, null, null, null, null, null, null, null, null, null, null, null, null, null, null, null, null, null, null, null, null, null, null, null, null, null, null, null, null, null, null, null, null, null, null, null, null, null, null, null, null, null, null, null, null, null, null, null, null, null, null, null, null, null, null, null, null, null, null, null, null).")[39m

  [31m────────────────────────────────────────────────────────────────────────────────────────────────────────────────────[39m  
  [41;1m FAILED [49;22m [1mTests\Unit\Models\Demo\DemoVoteTest[22m [90m>[39m demo vote scope current session filters              [41;1m QueryException [49;22m  
[39;1m  SQLSTATE[23502]: Not null violation: 7 FEHLER:  NULL-Wert in Spalte »cast_at« von Relation »demo_votes« verletzt Not-Null-Constraint
DETAIL:  Fehlgeschlagene Zeile enthält (c8af9b66-c475-4f41-9ab7-2abe5588d098, a1e8e765-cd0a-4ce3-9088-ff9acd4ec883, a1e8e765-cf29-4d13-9a0c-30f8bedd8958, 785561942196b2aa52cd73a401466b28f49df082c29e961c7b44099724116cce, f, 2026-05-31 08:41:06, null, 2026-05-31 08:41:06, 2026-05-31 08:41:06, null, null, null, null, null, null, null, null, null, null, null, null, null, null, null, null, null, null, null, null, null, null, null, null, null, null, null, null, null, null, null, null, null, null, null, null, null, null, null, null, null, null, null, null, null, null, null, null, null, null, null, null, null, null, null, null, null, null, null, null, null, null, null, null, null, null, null, null, null, null). (Connection: pgsql, SQL: insert into demo_votes (id, organisation_id, election_id, receipt_hash, voted_at, created_at, updated_at) values (c8af9b66-c475-4f41-9ab7-2abe5588d098, a1e8e765-cd0a-4ce3-9088-ff9acd4ec883, a1e8e765-cf29-4d13-9a0c-30f8bedd8958, 785561942196b2aa52cd73a401466b28f49df082c29e961c7b44099724116cce, 2026-05-31 08:41:06, 2026-05-31 08:41:06, 2026-05-31 08:41:06))[39;22m

  at [32mvendor\laravel\framework\src\Illuminate\Database\Connection.php[39m:[32m825[39m
    821▕                     $this->getName(), $query, $this->prepareBindings($bindings), $e
    822▕                 );
    823▕             }
    824▕ 
  ➜ 825▕             throw new QueryException(
    826▕                 $this->getName(), $query, $this->prepareBindings($bindings), $e
    827▕             );
    828▕         }
    829▕     }

  [33m1   [39m[39;1mvendor\laravel\framework\src\Illuminate\Database\Connection.php[39;22m:[39;1m825[39;22m

  [33m2   [39m[39;1mvendor\laravel\framework\src\Illuminate\Database\Connection.php[39;22m:[39;1m571[39;22m
  [90m    NunoMaduro\Collision\Exceptions\TestException::("SQLSTATE[23502]: Not null violation: 7 FEHLER:  NULL-Wert in Spalte »cast_at« von Relation »demo_votes« verletzt Not-Null-Constraint
DETAIL:  Fehlgeschlagene Zeile enthält (c8af9b66-c475-4f41-9ab7-2abe5588d098, a1e8e765-cd0a-4ce3-9088-ff9acd4ec883, a1e8e765-cf29-4d13-9a0c-30f8bedd8958, 785561942196b2aa52cd73a401466b28f49df082c29e961c7b44099724116cce, f, 2026-05-31 08:41:06, null, 2026-05-31 08:41:06, 2026-05-31 08:41:06, null, null, null, null, null, null, null, null, null, null, null, null, null, null, null, null, null, null, null, null, null, null, null, null, null, null, null, null, null, null, null, null, null, null, null, null, null, null, null, null, null, null, null, null, null, null, null, null, null, null, null, null, null, null, null, null, null, null, null, null, null, null, null, null, null, null, null, null, null, null).")[39m

  [31m────────────────────────────────────────────────────────────────────────────────────────────────────────────────────[39m  
  [41;1m FAILED [49;22m [1mTests\Unit\Models\Demo\DemoVoterSlugTest[22m [90m>[39m demo voter slug uses demo…  [41;1m UniqueConstraintViolationException [49;22m  
[39;1m  SQLSTATE[23505]: Unique violation: 7 FEHLER:  doppelter Schlüsselwert verletzt Unique-Constraint »users_email_unique«
DETAIL:  Schlüssel »(email)=(test@example.com)« existiert bereits. (Connection: pgsql, SQL: insert into users (id, organisation_id, name, email, password, created_at, updated_at) values (c176ba07-5291-45c6-9dce-4db09e532547, a1e8e766-3047-4ed3-b171-08e4f2c770fc, Test User, test@example.com, $2y$04$r5FDnHf7I1znglBbJav63eWM5d4Xk31ohOxLhVCzM5/YaptK7j/vq, 2026-05-31 08:41:07, 2026-05-31 08:41:07))[39;22m

  at [32mvendor\laravel\framework\src\Illuminate\Database\Connection.php[39m:[32m820[39m
    816▕         // message to include the bindings with SQL, which will make this exception a
    817▕         // lot more helpful to the developer instead of just the database's errors.
    818▕         catch (Exception $e) {
    819▕             if ($this->isUniqueConstraintError($e)) {
  ➜ 820▕                 throw new UniqueConstraintViolationException(
    821▕                     $this->getName(), $query, $this->prepareBindings($bindings), $e
    822▕                 );
    823▕             }
    824▕

  [33m1   [39m[39;1mvendor\laravel\framework\src\Illuminate\Database\Connection.php[39;22m:[39;1m820[39;22m

  [33m2   [39m[39;1mvendor\laravel\framework\src\Illuminate\Database\Connection.php[39;22m:[39;1m571[39;22m
  [90m    NunoMaduro\Collision\Exceptions\TestException::("SQLSTATE[23505]: Unique violation: 7 FEHLER:  doppelter Schlüsselwert verletzt Unique-Constraint »users_email_unique«
DETAIL:  Schlüssel »(email)=(test@example.com)« existiert bereits.")[39m

  [31m────────────────────────────────────────────────────────────────────────────────────────────────────────────────────[39m  
  [41;1m FAILED [49;22m [1mTests\Unit\Models\Demo\DemoVoterSlugTest[22m [90m>[39m demo voter slug belongs to… [41;1m UniqueConstraintViolationException [49;22m  
[39;1m  SQLSTATE[23505]: Unique violation: 7 FEHLER:  doppelter Schlüsselwert verletzt Unique-Constraint »users_email_unique«
DETAIL:  Schlüssel »(email)=(test@example.com)« existiert bereits. (Connection: pgsql, SQL: insert into users (id, organisation_id, name, email, password, created_at, updated_at) values (bafd5e09-ccbb-4b24-93ee-0da486b4be38, a1e8e766-91bc-494f-b528-641aee2529c2, Test User, test@example.com, $2y$04$cY2fLgUJS6eNz1/QCRngVOhawAggG0RlGKYnkCVxdmNoVaHNI3dcq, 2026-05-31 08:41:07, 2026-05-31 08:41:07))[39;22m

  at [32mvendor\laravel\framework\src\Illuminate\Database\Connection.php[39m:[32m820[39m
    816▕         // message to include the bindings with SQL, which will make this exception a
    817▕         // lot more helpful to the developer instead of just the database's errors.
    818▕         catch (Exception $e) {
    819▕             if ($this->isUniqueConstraintError($e)) {
  ➜ 820▕                 throw new UniqueConstraintViolationException(
    821▕                     $this->getName(), $query, $this->prepareBindings($bindings), $e
    822▕                 );
    823▕             }
    824▕

  [33m1   [39m[39;1mvendor\laravel\framework\src\Illuminate\Database\Connection.php[39;22m:[39;1m820[39;22m

  [33m2   [39m[39;1mvendor\laravel\framework\src\Illuminate\Database\Connection.php[39;22m:[39;1m571[39;22m
  [90m    NunoMaduro\Collision\Exceptions\TestException::("SQLSTATE[23505]: Unique violation: 7 FEHLER:  doppelter Schlüsselwert verletzt Unique-Constraint »users_email_unique«
DETAIL:  Schlüssel »(email)=(test@example.com)« existiert bereits.")[39m

  [31m────────────────────────────────────────────────────────────────────────────────────────────────────────────────────[39m  
  [41;1m FAILED [49;22m [1mTests\Unit\Models\Demo\DemoVoterSlugTest[22m [90m>[39m demo voter slug belongs to… [41;1m UniqueConstraintViolationException [49;22m  
[39;1m  SQLSTATE[23505]: Unique violation: 7 FEHLER:  doppelter Schlüsselwert verletzt Unique-Constraint »users_email_unique«
DETAIL:  Schlüssel »(email)=(test@example.com)« existiert bereits. (Connection: pgsql, SQL: insert into users (id, organisation_id, name, email, password, created_at, updated_at) values (3ef1b921-d292-436a-a140-b478320d9688, a1e8e766-eba3-4b95-85fa-d61fbdd76cbb, Test User, test@example.com, $2y$04$WS0zR2m2emBNgJnJXGVV4u.mUGlE64M128uJItMrvCNIFa7Hg94.O, 2026-05-31 08:41:07, 2026-05-31 08:41:07))[39;22m

  at [32mvendor\laravel\framework\src\Illuminate\Database\Connection.php[39m:[32m820[39m
    816▕         // message to include the bindings with SQL, which will make this exception a
    817▕         // lot more helpful to the developer instead of just the database's errors.
    818▕         catch (Exception $e) {
    819▕             if ($this->isUniqueConstraintError($e)) {
  ➜ 820▕                 throw new UniqueConstraintViolationException(
    821▕                     $this->getName(), $query, $this->prepareBindings($bindings), $e
    822▕                 );
    823▕             }
    824▕

  [33m1   [39m[39;1mvendor\laravel\framework\src\Illuminate\Database\Connection.php[39;22m:[39;1m820[39;22m

  [33m2   [39m[39;1mvendor\laravel\framework\src\Illuminate\Database\Connection.php[39;22m:[39;1m571[39;22m
  [90m    NunoMaduro\Collision\Exceptions\TestException::("SQLSTATE[23505]: Unique violation: 7 FEHLER:  doppelter Schlüsselwert verletzt Unique-Constraint »users_email_unique«
DETAIL:  Schlüssel »(email)=(test@example.com)« existiert bereits.")[39m

  [31m────────────────────────────────────────────────────────────────────────────────────────────────────────────────────[39m  
  [41;1m FAILED [49;22m [1mTests\Unit\Models\Demo\DemoVoterSlugTest[22m [90m>[39m demo voter slug tracks ste… [41;1m UniqueConstraintViolationException [49;22m  
[39;1m  SQLSTATE[23505]: Unique violation: 7 FEHLER:  doppelter Schlüsselwert verletzt Unique-Constraint »users_email_unique«
DETAIL:  Schlüssel »(email)=(test@example.com)« existiert bereits. (Connection: pgsql, SQL: insert into users (id, organisation_id, name, email, password, created_at, updated_at) values (05871032-1075-40c9-ac48-498fc19ea4f9, a1e8e767-3f4f-4773-963c-208fcd55d399, Test User, test@example.com, $2y$04$W5cm4puxhwiPoxUMXl3jBeY.dkLR4ajxRH/y3VK5UC6n.d3OlI.vO, 2026-05-31 08:41:07, 2026-05-31 08:41:07))[39;22m

  at [32mvendor\laravel\framework\src\Illuminate\Database\Connection.php[39m:[32m820[39m
    816▕         // message to include the bindings with SQL, which will make this exception a
    817▕         // lot more helpful to the developer instead of just the database's errors.
    818▕         catch (Exception $e) {
    819▕             if ($this->isUniqueConstraintError($e)) {
  ➜ 820▕                 throw new UniqueConstraintViolationException(
    821▕                     $this->getName(), $query, $this->prepareBindings($bindings), $e
    822▕                 );
    823▕             }
    824▕

  [33m1   [39m[39;1mvendor\laravel\framework\src\Illuminate\Database\Connection.php[39;22m:[39;1m820[39;22m

  [33m2   [39m[39;1mvendor\laravel\framework\src\Illuminate\Database\Connection.php[39;22m:[39;1m571[39;22m
  [90m    NunoMaduro\Collision\Exceptions\TestException::("SQLSTATE[23505]: Unique violation: 7 FEHLER:  doppelter Schlüsselwert verletzt Unique-Constraint »users_email_unique«
DETAIL:  Schlüssel »(email)=(test@example.com)« existiert bereits.")[39m

  [31m────────────────────────────────────────────────────────────────────────────────────────────────────────────────────[39m  
  [41;1m FAILED [49;22m [1mTests\Unit\Models\Demo\DemoVoterSlugTest[22m [90m>[39m demo voter slug scope for…  [41;1m UniqueConstraintViolationException [49;22m  
[39;1m  SQLSTATE[23505]: Unique violation: 7 FEHLER:  doppelter Schlüsselwert verletzt Unique-Constraint »users_email_unique«
DETAIL:  Schlüssel »(email)=(test@example.com)« existiert bereits. (Connection: pgsql, SQL: insert into users (id, organisation_id, name, email, password, created_at, updated_at) values (bd2d86d0-c763-4d08-a5f9-255586cffeb0, a1e8e767-8d37-4093-a59e-76c5ce93fd3e, Test User, test@example.com, $2y$04$m/RrsdNL9KefQQo0cevKGe0QhaGBe2iQQjWHp1N1A10mhGTvo7f1q, 2026-05-31 08:41:08, 2026-05-31 08:41:08))[39;22m

  at [32mvendor\laravel\framework\src\Illuminate\Database\Connection.php[39m:[32m820[39m
    816▕         // message to include the bindings with SQL, which will make this exception a
    817▕         // lot more helpful to the developer instead of just the database's errors.
    818▕         catch (Exception $e) {
    819▕             if ($this->isUniqueConstraintError($e)) {
  ➜ 820▕                 throw new UniqueConstraintViolationException(
    821▕                     $this->getName(), $query, $this->prepareBindings($bindings), $e
    822▕                 );
    823▕             }
    824▕

  [33m1   [39m[39;1mvendor\laravel\framework\src\Illuminate\Database\Connection.php[39;22m:[39;1m820[39;22m

  [33m2   [39m[39;1mvendor\laravel\framework\src\Illuminate\Database\Connection.php[39;22m:[39;1m571[39;22m
  [90m    NunoMaduro\Collision\Exceptions\TestException::("SQLSTATE[23505]: Unique violation: 7 FEHLER:  doppelter Schlüsselwert verletzt Unique-Constraint »users_email_unique«
DETAIL:  Schlüssel »(email)=(test@example.com)« existiert bereits.")[39m

  [31m────────────────────────────────────────────────────────────────────────────────────────────────────────────────────[39m  
  [41;1m FAILED [49;22m [1mTests\Unit\Models\Demo\DemoVoterSlugTest[22m [90m>[39m demo voter slug is demo re… [41;1m UniqueConstraintViolationException [49;22m  
[39;1m  SQLSTATE[23505]: Unique violation: 7 FEHLER:  doppelter Schlüsselwert verletzt Unique-Constraint »users_email_unique«
DETAIL:  Schlüssel »(email)=(test@example.com)« existiert bereits. (Connection: pgsql, SQL: insert into users (id, organisation_id, name, email, password, created_at, updated_at) values (906d4005-cea8-4d29-929b-07fdb84573c3, a1e8e768-7866-4b87-a711-8273431366eb, Test User, test@example.com, $2y$04$gIXitUQg409y82Hywokfb.NxVnlWlNgeIIbjWK8cVKT9SrX5e.P7K, 2026-05-31 08:41:08, 2026-05-31 08:41:08))[39;22m

  at [32mvendor\laravel\framework\src\Illuminate\Database\Connection.php[39m:[32m820[39m
    816▕         // message to include the bindings with SQL, which will make this exception a
    817▕         // lot more helpful to the developer instead of just the database's errors.
    818▕         catch (Exception $e) {
    819▕             if ($this->isUniqueConstraintError($e)) {
  ➜ 820▕                 throw new UniqueConstraintViolationException(
    821▕                     $this->getName(), $query, $this->prepareBindings($bindings), $e
    822▕                 );
    823▕             }
    824▕

  [33m1   [39m[39;1mvendor\laravel\framework\src\Illuminate\Database\Connection.php[39;22m:[39;1m820[39;22m

  [33m2   [39m[39;1mvendor\laravel\framework\src\Illuminate\Database\Connection.php[39;22m:[39;1m571[39;22m
  [90m    NunoMaduro\Collision\Exceptions\TestException::("SQLSTATE[23505]: Unique violation: 7 FEHLER:  doppelter Schlüsselwert verletzt Unique-Constraint »users_email_unique«
DETAIL:  Schlüssel »(email)=(test@example.com)« existiert bereits.")[39m

  [31m────────────────────────────────────────────────────────────────────────────────────────────────────────────────────[39m  
  [41;1m FAILED [49;22m [1mTests\Unit\Models\Demo\DemoVoterSlugTest[22m [90m>[39m demo voter slug isolation…  [41;1m UniqueConstraintViolationException [49;22m  
[39;1m  SQLSTATE[23505]: Unique violation: 7 FEHLER:  doppelter Schlüsselwert verletzt Unique-Constraint »users_email_unique«
DETAIL:  Schlüssel »(email)=(test@example.com)« existiert bereits. (Connection: pgsql, SQL: insert into users (id, organisation_id, name, email, password, created_at, updated_at) values (795f690f-497b-45fd-96a0-f2dd924ff4f6, a1e8e768-ce2f-4d48-880d-998df4b40ccf, Test User, test@example.com, $2y$04$4iQDOYoIwlSYeTwm/B0cqek/S3lcsYFqZEdP79suj1ExbScoco87m, 2026-05-31 08:41:08, 2026-05-31 08:41:08))[39;22m

  at [32mvendor\laravel\framework\src\Illuminate\Database\Connection.php[39m:[32m820[39m
    816▕         // message to include the bindings with SQL, which will make this exception a
    817▕         // lot more helpful to the developer instead of just the database's errors.
    818▕         catch (Exception $e) {
    819▕             if ($this->isUniqueConstraintError($e)) {
  ➜ 820▕                 throw new UniqueConstraintViolationException(
    821▕                     $this->getName(), $query, $this->prepareBindings($bindings), $e
    822▕                 );
    823▕             }
    824▕

  [33m1   [39m[39;1mvendor\laravel\framework\src\Illuminate\Database\Connection.php[39;22m:[39;1m820[39;22m

  [33m2   [39m[39;1mvendor\laravel\framework\src\Illuminate\Database\Connection.php[39;22m:[39;1m571[39;22m
  [90m    NunoMaduro\Collision\Exceptions\TestException::("SQLSTATE[23505]: Unique violation: 7 FEHLER:  doppelter Schlüsselwert verletzt Unique-Constraint »users_email_unique«
DETAIL:  Schlüssel »(email)=(test@example.com)« existiert bereits.")[39m

  [31m────────────────────────────────────────────────────────────────────────────────────────────────────────────────────[39m  
  [41;1m FAILED [49;22m [1mTests\Unit\Models\ElectionMembershipSuspensionTest[22m [90m>[39m propose suspensi… [41;1m UniqueConstraintViolationException [49;22m  
[39;1m  SQLSTATE[23505]: Unique violation: 7 FEHLER:  doppelter Schlüsselwert verletzt Unique-Constraint »user_organisation_roles_user_id_organisation_id_unique«
DETAIL:  Schlüssel »(user_id, organisation_id)=(a1e8e769-5319-431c-bc86-68e7d5049b3c, a1e8e769-36a4-43b4-8a41-0d98bac69194)« existiert bereits. (Connection: pgsql, SQL: insert into "user_organisation_roles" ("id", "user_id", "organisation_id", "role", "updated_at", "created_at") values (c5d8fe18-041e-44ac-9c7d-722a4c37d470, a1e8e769-5319-431c-bc86-68e7d5049b3c, a1e8e769-36a4-43b4-8a41-0d98bac69194, voter, 2026-05-31 08:41:09, 2026-05-31 08:41:09))[39;22m

  at [32mvendor\laravel\framework\src\Illuminate\Database\Connection.php[39m:[32m820[39m
    816▕         // message to include the bindings with SQL, which will make this exception a
    817▕         // lot more helpful to the developer instead of just the database's errors.
    818▕         catch (Exception $e) {
    819▕             if ($this->isUniqueConstraintError($e)) {
  ➜ 820▕                 throw new UniqueConstraintViolationException(
    821▕                     $this->getName(), $query, $this->prepareBindings($bindings), $e
    822▕                 );
    823▕             }
    824▕

  [33m1   [39m[39;1mvendor\laravel\framework\src\Illuminate\Database\Connection.php[39;22m:[39;1m820[39;22m

  [33m2   [39m[39;1mvendor\laravel\framework\src\Illuminate\Database\Connection.php[39;22m:[39;1m571[39;22m
  [90m    NunoMaduro\Collision\Exceptions\TestException::("SQLSTATE[23505]: Unique violation: 7 FEHLER:  doppelter Schlüsselwert verletzt Unique-Constraint »user_organisation_roles_user_id_organisation_id_unique«
DETAIL:  Schlüssel »(user_id, organisation_id)=(a1e8e769-5319-431c-bc86-68e7d5049b3c, a1e8e769-36a4-43b4-8a41-0d98bac69194)« existiert bereits.")[39m

  [31m────────────────────────────────────────────────────────────────────────────────────────────────────────────────────[39m  
  [41;1m FAILED [49;22m [1mTests\Unit\Models\ElectionMembershipSuspensionTest[22m [90m>[39m confirm suspensi… [41;1m UniqueConstraintViolationException [49;22m  
[39;1m  SQLSTATE[23505]: Unique violation: 7 FEHLER:  doppelter Schlüsselwert verletzt Unique-Constraint »user_organisation_roles_user_id_organisation_id_unique«
DETAIL:  Schlüssel »(user_id, organisation_id)=(a1e8e769-b4c7-490c-8501-5938665cab0c, a1e8e769-9986-41f5-abdc-d5014a876534)« existiert bereits. (Connection: pgsql, SQL: insert into "user_organisation_roles" ("id", "user_id", "organisation_id", "role", "updated_at", "created_at") values (41ae2bdb-0e57-4a98-9f47-e9a70fe5dc47, a1e8e769-b4c7-490c-8501-5938665cab0c, a1e8e769-9986-41f5-abdc-d5014a876534, voter, 2026-05-31 08:41:09, 2026-05-31 08:41:09))[39;22m

  at [32mvendor\laravel\framework\src\Illuminate\Database\Connection.php[39m:[32m820[39m
    816▕         // message to include the bindings with SQL, which will make this exception a
    817▕         // lot more helpful to the developer instead of just the database's errors.
    818▕         catch (Exception $e) {
    819▕             if ($this->isUniqueConstraintError($e)) {
  ➜ 820▕                 throw new UniqueConstraintViolationException(
    821▕                     $this->getName(), $query, $this->prepareBindings($bindings), $e
    822▕                 );
    823▕             }
    824▕

  [33m1   [39m[39;1mvendor\laravel\framework\src\Illuminate\Database\Connection.php[39;22m:[39;1m820[39;22m

  [33m2   [39m[39;1mvendor\laravel\framework\src\Illuminate\Database\Connection.php[39;22m:[39;1m571[39;22m
  [90m    NunoMaduro\Collision\Exceptions\TestException::("SQLSTATE[23505]: Unique violation: 7 FEHLER:  doppelter Schlüsselwert verletzt Unique-Constraint »user_organisation_roles_user_id_organisation_id_unique«
DETAIL:  Schlüssel »(user_id, organisation_id)=(a1e8e769-b4c7-490c-8501-5938665cab0c, a1e8e769-9986-41f5-abdc-d5014a876534)« existiert bereits.")[39m

  [31m────────────────────────────────────────────────────────────────────────────────────────────────────────────────────[39m  
  [41;1m FAILED [49;22m [1mTests\Unit\Models\ElectionMembershipSuspensionTest[22m [90m>[39m cancel suspensio… [41;1m UniqueConstraintViolationException [49;22m  
[39;1m  SQLSTATE[23505]: Unique violation: 7 FEHLER:  doppelter Schlüsselwert verletzt Unique-Constraint »user_organisation_roles_user_id_organisation_id_unique«
DETAIL:  Schlüssel »(user_id, organisation_id)=(a1e8e76a-2aee-49f4-989c-74c0fbc30ee2, a1e8e76a-0f15-4398-ac42-84b4df65c346)« existiert bereits. (Connection: pgsql, SQL: insert into "user_organisation_roles" ("id", "user_id", "organisation_id", "role", "updated_at", "created_at") values (811d10df-163a-4799-9449-2dc993bfda9f, a1e8e76a-2aee-49f4-989c-74c0fbc30ee2, a1e8e76a-0f15-4398-ac42-84b4df65c346, voter, 2026-05-31 08:41:09, 2026-05-31 08:41:09))[39;22m

  at [32mvendor\laravel\framework\src\Illuminate\Database\Connection.php[39m:[32m820[39m
    816▕         // message to include the bindings with SQL, which will make this exception a
    817▕         // lot more helpful to the developer instead of just the database's errors.
    818▕         catch (Exception $e) {
    819▕             if ($this->isUniqueConstraintError($e)) {
  ➜ 820▕                 throw new UniqueConstraintViolationException(
    821▕                     $this->getName(), $query, $this->prepareBindings($bindings), $e
    822▕                 );
    823▕             }
    824▕

  [33m1   [39m[39;1mvendor\laravel\framework\src\Illuminate\Database\Connection.php[39;22m:[39;1m820[39;22m

  [33m2   [39m[39;1mvendor\laravel\framework\src\Illuminate\Database\Connection.php[39;22m:[39;1m571[39;22m
  [90m    NunoMaduro\Collision\Exceptions\TestException::("SQLSTATE[23505]: Unique violation: 7 FEHLER:  doppelter Schlüsselwert verletzt Unique-Constraint »user_organisation_roles_user_id_organisation_id_unique«
DETAIL:  Schlüssel »(user_id, organisation_id)=(a1e8e76a-2aee-49f4-989c-74c0fbc30ee2, a1e8e76a-0f15-4398-ac42-84b4df65c346)« existiert bereits.")[39m

  [31m────────────────────────────────────────────────────────────────────────────────────────────────────────────────────[39m  
  [41;1m FAILED [49;22m [1mTests\Unit\Models\ElectionMembershipSuspensionTest[22m [90m>[39m is suspension pr… [41;1m UniqueConstraintViolationException [49;22m  
[39;1m  SQLSTATE[23505]: Unique violation: 7 FEHLER:  doppelter Schlüsselwert verletzt Unique-Constraint »user_organisation_roles_user_id_organisation_id_unique«
DETAIL:  Schlüssel »(user_id, organisation_id)=(a1e8e76a-9b85-4bd8-864e-ff79af7eafa9, a1e8e76a-8104-42cc-adcd-6d8bb4e0a0f6)« existiert bereits. (Connection: pgsql, SQL: insert into "user_organisation_roles" ("id", "user_id", "organisation_id", "role", "updated_at", "created_at") values (80835138-b9dd-45c3-8f73-30da2cc9cc7f, a1e8e76a-9b85-4bd8-864e-ff79af7eafa9, a1e8e76a-8104-42cc-adcd-6d8bb4e0a0f6, voter, 2026-05-31 08:41:10, 2026-05-31 08:41:10))[39;22m

  at [32mvendor\laravel\framework\src\Illuminate\Database\Connection.php[39m:[32m820[39m
    816▕         // message to include the bindings with SQL, which will make this exception a
    817▕         // lot more helpful to the developer instead of just the database's errors.
    818▕         catch (Exception $e) {
    819▕             if ($this->isUniqueConstraintError($e)) {
  ➜ 820▕                 throw new UniqueConstraintViolationException(
    821▕                     $this->getName(), $query, $this->prepareBindings($bindings), $e
    822▕                 );
    823▕             }
    824▕

  [33m1   [39m[39;1mvendor\laravel\framework\src\Illuminate\Database\Connection.php[39;22m:[39;1m820[39;22m

  [33m2   [39m[39;1mvendor\laravel\framework\src\Illuminate\Database\Connection.php[39;22m:[39;1m571[39;22m
  [90m    NunoMaduro\Collision\Exceptions\TestException::("SQLSTATE[23505]: Unique violation: 7 FEHLER:  doppelter Schlüsselwert verletzt Unique-Constraint »user_organisation_roles_user_id_organisation_id_unique«
DETAIL:  Schlüssel »(user_id, organisation_id)=(a1e8e76a-9b85-4bd8-864e-ff79af7eafa9, a1e8e76a-8104-42cc-adcd-6d8bb4e0a0f6)« existiert bereits.")[39m

  [31m────────────────────────────────────────────────────────────────────────────────────────────────────────────────────[39m  
  [41;1m FAILED [49;22m [1mTests\Unit\Models\ElectionMembershipSuspensionTest[22m [90m>[39m is suspension pr… [41;1m UniqueConstraintViolationException [49;22m  
[39;1m  SQLSTATE[23505]: Unique violation: 7 FEHLER:  doppelter Schlüsselwert verletzt Unique-Constraint »user_organisation_roles_user_id_organisation_id_unique«
DETAIL:  Schlüssel »(user_id, organisation_id)=(a1e8e76b-0669-4248-9e8c-1bb5d42d205f, a1e8e76a-e8d4-4079-a4bf-233d48890692)« existiert bereits. (Connection: pgsql, SQL: insert into "user_organisation_roles" ("id", "user_id", "organisation_id", "role", "updated_at", "created_at") values (f3c48007-acd7-4e53-98a5-2e6778e3cf12, a1e8e76b-0669-4248-9e8c-1bb5d42d205f, a1e8e76a-e8d4-4079-a4bf-233d48890692, voter, 2026-05-31 08:41:10, 2026-05-31 08:41:10))[39;22m

  at [32mvendor\laravel\framework\src\Illuminate\Database\Connection.php[39m:[32m820[39m
    816▕         // message to include the bindings with SQL, which will make this exception a
    817▕         // lot more helpful to the developer instead of just the database's errors.
    818▕         catch (Exception $e) {
    819▕             if ($this->isUniqueConstraintError($e)) {
  ➜ 820▕                 throw new UniqueConstraintViolationException(
    821▕                     $this->getName(), $query, $this->prepareBindings($bindings), $e
    822▕                 );
    823▕             }
    824▕

  [33m1   [39m[39;1mvendor\laravel\framework\src\Illuminate\Database\Connection.php[39;22m:[39;1m820[39;22m

  [33m2   [39m[39;1mvendor\laravel\framework\src\Illuminate\Database\Connection.php[39;22m:[39;1m571[39;22m
  [90m    NunoMaduro\Collision\Exceptions\TestException::("SQLSTATE[23505]: Unique violation: 7 FEHLER:  doppelter Schlüsselwert verletzt Unique-Constraint »user_organisation_roles_user_id_organisation_id_unique«
DETAIL:  Schlüssel »(user_id, organisation_id)=(a1e8e76b-0669-4248-9e8c-1bb5d42d205f, a1e8e76a-e8d4-4079-a4bf-233d48890692)« existiert bereits.")[39m

  [31m────────────────────────────────────────────────────────────────────────────────────────────────────────────────────[39m  
  [41;1m FAILED [49;22m [1mTests\Unit\Models\ElectionMembershipSuspensionTest[22m [90m>[39m can confirm susp… [41;1m UniqueConstraintViolationException [49;22m  
[39;1m  SQLSTATE[23505]: Unique violation: 7 FEHLER:  doppelter Schlüsselwert verletzt Unique-Constraint »user_organisation_roles_user_id_organisation_id_unique«
DETAIL:  Schlüssel »(user_id, organisation_id)=(a1e8e76b-892f-4761-8650-577a506fb72d, a1e8e76b-7093-45c4-a178-937ccf52e70d)« existiert bereits. (Connection: pgsql, SQL: insert into "user_organisation_roles" ("id", "user_id", "organisation_id", "role", "updated_at", "created_at") values (e8caaf80-3c4c-4a1d-aab7-73dd0c211c72, a1e8e76b-892f-4761-8650-577a506fb72d, a1e8e76b-7093-45c4-a178-937ccf52e70d, voter, 2026-05-31 08:41:10, 2026-05-31 08:41:10))[39;22m

  at [32mvendor\laravel\framework\src\Illuminate\Database\Connection.php[39m:[32m820[39m
    816▕         // message to include the bindings with SQL, which will make this exception a
    817▕         // lot more helpful to the developer instead of just the database's errors.
    818▕         catch (Exception $e) {
    819▕             if ($this->isUniqueConstraintError($e)) {
  ➜ 820▕                 throw new UniqueConstraintViolationException(
    821▕                     $this->getName(), $query, $this->prepareBindings($bindings), $e
    822▕                 );
    823▕             }
    824▕

  [33m1   [39m[39;1mvendor\laravel\framework\src\Illuminate\Database\Connection.php[39;22m:[39;1m820[39;22m

  [33m2   [39m[39;1mvendor\laravel\framework\src\Illuminate\Database\Connection.php[39;22m:[39;1m571[39;22m
  [90m    NunoMaduro\Collision\Exceptions\TestException::("SQLSTATE[23505]: Unique violation: 7 FEHLER:  doppelter Schlüsselwert verletzt Unique-Constraint »user_organisation_roles_user_id_organisation_id_unique«
DETAIL:  Schlüssel »(user_id, organisation_id)=(a1e8e76b-892f-4761-8650-577a506fb72d, a1e8e76b-7093-45c4-a178-937ccf52e70d)« existiert bereits.")[39m

  [31m────────────────────────────────────────────────────────────────────────────────────────────────────────────────────[39m  
  [41;1m FAILED [49;22m [1mTests\Unit\Models\ElectionMembershipSuspensionTest[22m [90m>[39m can confirm susp… [41;1m UniqueConstraintViolationException [49;22m  
[39;1m  SQLSTATE[23505]: Unique violation: 7 FEHLER:  doppelter Schlüsselwert verletzt Unique-Constraint »user_organisation_roles_user_id_organisation_id_unique«
DETAIL:  Schlüssel »(user_id, organisation_id)=(a1e8e76b-fde4-480e-a73a-5b83aec031d6, a1e8e76b-dfb4-4965-ab7d-ad24eb042dbb)« existiert bereits. (Connection: pgsql, SQL: insert into "user_organisation_roles" ("id", "user_id", "organisation_id", "role", "updated_at", "created_at") values (49593605-789a-4440-b628-b8669371755b, a1e8e76b-fde4-480e-a73a-5b83aec031d6, a1e8e76b-dfb4-4965-ab7d-ad24eb042dbb, voter, 2026-05-31 08:41:10, 2026-05-31 08:41:10))[39;22m

  at [32mvendor\laravel\framework\src\Illuminate\Database\Connection.php[39m:[32m820[39m
    816▕         // message to include the bindings with SQL, which will make this exception a
    817▕         // lot more helpful to the developer instead of just the database's errors.
    818▕         catch (Exception $e) {
    819▕             if ($this->isUniqueConstraintError($e)) {
  ➜ 820▕                 throw new UniqueConstraintViolationException(
    821▕                     $this->getName(), $query, $this->prepareBindings($bindings), $e
    822▕                 );
    823▕             }
    824▕

  [33m1   [39m[39;1mvendor\laravel\framework\src\Illuminate\Database\Connection.php[39;22m:[39;1m820[39;22m

  [33m2   [39m[39;1mvendor\laravel\framework\src\Illuminate\Database\Connection.php[39;22m:[39;1m571[39;22m
  [90m    NunoMaduro\Collision\Exceptions\TestException::("SQLSTATE[23505]: Unique violation: 7 FEHLER:  doppelter Schlüsselwert verletzt Unique-Constraint »user_organisation_roles_user_id_organisation_id_unique«
DETAIL:  Schlüssel »(user_id, organisation_id)=(a1e8e76b-fde4-480e-a73a-5b83aec031d6, a1e8e76b-dfb4-4965-ab7d-ad24eb042dbb)« existiert bereits.")[39m

  [31m────────────────────────────────────────────────────────────────────────────────────────────────────────────────────[39m  
  [41;1m FAILED [49;22m [1mTests\Unit\Models\ElectionMembershipTest[22m [90m>[39m election eligible voters excludes expired memberships             
[39;1m  Failed asserting that 0 matches expected 1.[39;22m

  at [32mtests\Unit\Models\ElectionMembershipTest.php[39m:[32m156[39m
    152▕         $this->org->users()->attach($expiredUser->id, ['id' => (string) Str::uuid(), 'role' => 'voter']);
    153▕         $expired = $this->createMembership($expiredUser, $this->election);
    154▕         $expired->update(['expires_at' => now()->subDay()]);
    155▕ 
  ➜ 156▕         $this->assertEquals(1, $this->election->eligibleVoters()->count());
    157▕     }
    158▕ 
    159▕     // =========================================================================
    160▕     // Scopes

  [33m1   [39m[39;1mtests\Unit\Models\ElectionMembershipTest.php[39;22m:[39;1m156[39;22m

  [31m────────────────────────────────────────────────────────────────────────────────────────────────────────────────────[39m  
  [41;1m FAILED [49;22m [1mTests\Unit\Models\ElectionMembershipTest[22m [90m>[39m scope voters returns only voter role                              
[39;1m  Failed asserting that 0 matches expected 1.[39;22m

  at [32mtests\Unit\Models\ElectionMembershipTest.php[39m:[32m192[39m
    188▕         ]);
    189▕ 
    190▕         $voters = ElectionMembership::voters()->get();
    191▕ 
  ➜ 192▕         $this->assertEquals(1, $voters->count());
    193▕         $this->assertEquals('voter', $voters->first()->role);
    194▕     }
    195▕ 
    196▕     public function test_scope_for_election_isolates_memberships_per_election(): void

  [33m1   [39m[39;1mtests\Unit\Models\ElectionMembershipTest.php[39;22m:[39;1m192[39;22m

  [31m────────────────────────────────────────────────────────────────────────────────────────────────────────────────────[39m  
  [41;1m FAILED [49;22m [1mTests\Unit\Models\ElectionMembershipTest[22m [90m>[39m scope for election isolates memberships per election              
[39;1m  Failed asserting that 0 matches expected 1.[39;22m

  at [32mtests\Unit\Models\ElectionMembershipTest.php[39m:[32m206[39m
    202▕ 
    203▕         $this->createMembership($this->member, $this->election);
    204▕         $this->createMembership($member2, $election2);
    205▕ 
  ➜ 206▕         $this->assertEquals(1, ElectionMembership::forElection($this->election->id)->count());
    207▕         $this->assertEquals(1, ElectionMembership::forElection($election2->id)->count());
    208▕     }
    209▕ 
    210▕     // =========================================================================

  [33m1   [39m[39;1mtests\Unit\Models\ElectionMembershipTest.php[39;22m:[39;1m206[39;22m

  [31m────────────────────────────────────────────────────────────────────────────────────────────────────────────────────[39m  
  [41;1m FAILED [49;22m [1mTests\Unit\Models\ElectionMembershipTest[22m [90m>[39m cascade delete removes memberships when user leaves organisati…   
[39;1m  Failed asserting that a row in the table [election_memberships] does not match the attributes {
    "user_id": "a1e8e772-ba44-43c3-a201-12756cff5464",
    "election_id": "a1e8e772-c4c6-43ba-ba5f-6754c8bbe4cc"
}.

Found similar results: [
    {
        "user_id": "a1e8e772-ba44-43c3-a201-12756cff5464",
        "election_id": "a1e8e772-c4c6-43ba-ba5f-6754c8bbe4cc"
    }
].[39;22m

  at [32mtests\Unit\Models\ElectionMembershipTest.php[39m:[32m242[39m
    238▕ 
    239▕         // Removing from the pivot cascades to election_memberships via DB FK
    240▕         $this->org->users()->detach($this->member->id);
    241▕ 
  ➜ 242▕         $this->assertDatabaseMissing('election_memberships', [
    243▕             'user_id'     => $this->member->id,
    244▕             'election_id' => $this->election->id,
    245▕         ]);
    246▕     }

  [31m────────────────────────────────────────────────────────────────────────────────────────────────────────────────────[39m  
  [41;1m FAILED [49;22m [1mTests\Unit\Models\ElectionMembershipTest[22m [90m>[39m voter count is cached after first access                          
[39;1m  Failed asserting that 0 matches expected 1.[39;22m

  at [32mtests\Unit\Models\ElectionMembershipTest.php[39m:[32m264[39m
    260▕ 
    261▕         // First access populates cache
    262▕         $count = $this->election->fresh()->voter_count;
    263▕ 
  ➜ 264▕         $this->assertEquals(1, $count);
    265▕         $this->assertTrue(Cache::has($cacheKey));
    266▕     }
    267▕ 
    268▕     public function test_voter_count_cache_is_cleared_when_membership_added(): void

  [33m1   [39m[39;1mtests\Unit\Models\ElectionMembershipTest.php[39;22m:[39;1m264[39;22m

  [31m────────────────────────────────────────────────────────────────────────────────────────────────────────────────────[39m  
  [41;1m FAILED [49;22m [1mTests\Unit\Models\ElectionMembershipTest[22m [90m>[39m flush expired voter caches command clears expiring election ca…   
[39;1m  Failed asserting that true is false.[39;22m

  at [32mtests\Unit\Models\ElectionMembershipTest.php[39m:[32m407[39m
    403▕         // Run the command
    404▕         $this->artisan('elections:flush-expiring-caches')->assertSuccessful();
    405▕ 
    406▕         // Both caches should be cleared
  ➜ 407▕         $this->assertFalse(Cache::has($countKey));
    408▕         $this->assertFalse(Cache::has($statsKey));
    409▕     }
    410▕ 
    411▕     public function test_flush_expired_voter_caches_ignores_elections_with_no_expiring_voters(): void

  [33m1   [39m[39;1mtests\Unit\Models\ElectionMembershipTest.php[39;22m:[39;1m407[39;22m

  [31m────────────────────────────────────────────────────────────────────────────────────────────────────────────────────[39m  
  [41;1m FAILED [49;22m [1mTests\Unit\Models\ElectionMembershipTest[22m [90m>[39m flush expired voter caches clears already expired memberships     
[39;1m  Failed asserting that true is false.[39;22m

  at [32mtests\Unit\Models\ElectionMembershipTest.php[39m:[32m443[39m
    439▕         $this->assertTrue(Cache::has($countKey));
    440▕ 
    441▕         $this->artisan('elections:flush-expiring-caches')->assertSuccessful();
    442▕ 
  ➜ 443▕         $this->assertFalse(Cache::has($countKey));
    444▕     }
    445▕ 
    446▕     // =========================================================================
    447▕     // has_voted / voted_at — Single Source of Truth

  [33m1   [39m[39;1mtests\Unit\Models\ElectionMembershipTest.php[39;22m:[39;1m443[39;22m

  [31m────────────────────────────────────────────────────────────────────────────────────────────────────────────────────[39m  
  [41;1m FAILED [49;22m [1mTests\Unit\Models\ElectionMembershipTest[22m [90m>[39m scope not voted excludes members who have voted                   
[39;1m  Failed asserting that an array contains 'a1e8e779-7a90-4fcf-a6f5-4bb026700adf'.[39;22m

  at [32mtests\Unit\Models\ElectionMembershipTest.php[39m:[32m549[39m
    545▕             ->where('election_id', $election->id)
    546▕             ->pluck('user_id')
    547▕             ->toArray();
    548▕ 
  ➜ 549▕         $this->assertContains($userB->id, $notVotedIds);
    550▕         $this->assertNotContains($userA->id, $notVotedIds);
    551▕     }
    552▕ }
    553▕

  [33m1   [39m[39;1mtests\Unit\Models\ElectionMembershipTest.php[39;22m:[39;1m549[39;22m

  [31m────────────────────────────────────────────────────────────────────────────────────────────────────────────────────[39m  
  [41;1m FAILED [49;22m [1mTests\Unit\Models\ElectionTest[22m [90m>[39m election has many candidacies throug… [41;1m UniqueConstraintViolationException [49;22m  
[39;1m  SQLSTATE[23505]: Unique violation: 7 FEHLER:  doppelter Schlüsselwert verletzt Unique-Constraint »users_email_unique«
DETAIL:  Schlüssel »(email)=(test@example.com)« existiert bereits. (Connection: pgsql, SQL: insert into users (id, organisation_id, name, email, password, created_at, updated_at) values (ab38c317-eab8-45b8-9113-967fd8163fbf, a1e8e77a-a64f-47bb-b9ba-fda891fe4210, Test User, test@example.com, $2y$04$V5JuyiTAv6p3QA7sHWqR5OFJUkUcnbjIbyCnOgwHPdFgKUGJ4I8sG, 2026-05-31 08:41:20, 2026-05-31 08:41:20))[39;22m

  at [32mvendor\laravel\framework\src\Illuminate\Database\Connection.php[39m:[32m820[39m
    816▕         // message to include the bindings with SQL, which will make this exception a
    817▕         // lot more helpful to the developer instead of just the database's errors.
    818▕         catch (Exception $e) {
    819▕             if ($this->isUniqueConstraintError($e)) {
  ➜ 820▕                 throw new UniqueConstraintViolationException(
    821▕                     $this->getName(), $query, $this->prepareBindings($bindings), $e
    822▕                 );
    823▕             }
    824▕

  [33m1   [39m[39;1mvendor\laravel\framework\src\Illuminate\Database\Connection.php[39;22m:[39;1m820[39;22m

  [33m2   [39m[39;1mvendor\laravel\framework\src\Illuminate\Database\Connection.php[39;22m:[39;1m571[39;22m
  [90m    NunoMaduro\Collision\Exceptions\TestException::("SQLSTATE[23505]: Unique violation: 7 FEHLER:  doppelter Schlüsselwert verletzt Unique-Constraint »users_email_unique«
DETAIL:  Schlüssel »(email)=(test@example.com)« existiert bereits.")[39m

  [31m────────────────────────────────────────────────────────────────────────────────────────────────────────────────────[39m  
  [41;1m FAILED [49;22m [1mTests\Unit\Models\ElectionTest[22m [90m>[39m election scope for organisation filters correctly                           
[39;1m  Failed asserting that 0 matches expected 1.[39;22m

  at [32mtests\Unit\Models\ElectionTest.php[39m:[32m92[39m
     88▕         Election::factory()->forOrganisation($org1)->create();
     89▕         Election::factory()->forOrganisation($org2)->create();
     90▕ 
     91▕         $org1Elections = Election::forOrganisation($org1->id)->count();
  ➜  92▕         $this->assertEquals(1, $org1Elections);
     93▕     }
     94▕ 
     95▕     /** @test */
     96▕     public function election_is_demo_returns_correct_boolean()

  [33m1   [39m[39;1mtests\Unit\Models\ElectionTest.php[39;22m:[39;1m92[39;22m

  [31m────────────────────────────────────────────────────────────────────────────────────────────────────────────────────[39m  
  [41;1m FAILED [49;22m [1mTests\Unit\Models\ElectionTest[22m [90m>[39m election with essential relations scope loads data        [41;1m ErrorException [49;22m  
[39;1m  Attempt to read property "organisation" on null[39;22m

  at [32mtests\Unit\Models\ElectionTest.php[39m:[32m148[39m
    144▕         $election = Election::factory()->forOrganisation($org)->create();
    145▕ 
    146▕         $loaded = Election::withEssentialRelations()->find($election->id);
    147▕ 
  ➜ 148▕         $this->assertNotNull($loaded->organisation);
    149▕         $this->assertEquals($org->id, $loaded->organisation->id);
    150▕     }
    151▕ }
    152▕

  [31m────────────────────────────────────────────────────────────────────────────────────────────────────────────────────[39m  
  [41;1m FAILED [49;22m [1mTests\Unit\Models\MembershipApplicationTest[22m [90m>[39m user cannot have two pending applications for same org         
[39;1m  A pending application exists for this user+org — controller should block a second one.
Failed asserting that false is true.[39;22m

  at [32mtests\Unit\Models\MembershipApplicationTest.php[39m:[32m130[39m
    126▕             ->where('organisation_id', $this->org->id)
    127▕             ->whereIn('status', ['submitted', 'under_review'])
    128▕             ->exists();
    129▕ 
  ➜ 130▕         $this->assertTrue($pending, 'A pending application exists for this user+org — controller should block a second one.');
    131▕     }
    132▕ 
    133▕     // ── Soft delete ───────────────────────────────────────────────────────────
    134▕

  [33m1   [39m[39;1mtests\Unit\Models\MembershipApplicationTest.php[39;22m:[39;1m130[39;22m

  [31m────────────────────────────────────────────────────────────────────────────────────────────────────────────────────[39m  
  [41;1m FAILED [49;22m [1mTests\Unit\Models\MembershipTypeTest[22m [90m>[39m active scope filters out inactive types                               
[39;1m  Failed asserting that actual size 4 matches expected size 1.[39;22m

  at [32mtests\Unit\Models\MembershipTypeTest.php[39m:[32m57[39m
     53▕         $this->makeType(['slug' => 'active-one', 'is_active' => true]);
     54▕         $this->makeType(['slug' => 'inactive-one', 'is_active' => false]);
     55▕ 
     56▕         $results = MembershipType::active()->get();
  ➜  57▕         $this->assertCount(1, $results);
     58▕         $this->assertEquals('active-one', $results->first()->slug);
     59▕     }
     60▕ 
     61▕     // ── Business logic ────────────────────────────────────────────────────────

  [33m1   [39m[39;1mtests\Unit\Models\MembershipTypeTest.php[39;22m:[39;1m57[39;22m

  [31m────────────────────────────────────────────────────────────────────────────────────────────────────────────────────[39m  
  [41;1m FAILED [49;22m [1mTests\Unit\Models\MembershipTypeTest[22m [90m>[39m different organisations can have same slug                            
[39;1m  Failed asserting that table [membership_types] matches expected entries count of 2. Entries found: 5.
.[39;22m

  at [32mtests\Unit\Models\MembershipTypeTest.php[39m:[32m104[39m
    100▕             'duration_months' => 12,
    101▕             'is_active'       => true,
    102▕         ]);
    103▕ 
  ➜ 104▕         $this->assertDatabaseCount('membership_types', 2);
    105▕     }
    106▕ 
    107▕     /** @test */
    108▕     public function it_soft_deletes(): void

  [31m────────────────────────────────────────────────────────────────────────────────────────────────────────────────────[39m  
  [41;1m FAILED [49;22m [1mTests\Unit\Models\MembershipTypeTest[22m [90m>[39m it soft deletes                                                       
[39;1m  Failed asserting that table [membership_types] matches expected entries count of 1. Entries found: 4.
.[39;22m

  at [32mtests\Unit\Models\MembershipTypeTest.php[39m:[32m114[39m
    110▕         $type = $this->makeType();
    111▕         $type->delete();
    112▕ 
    113▕         $this->assertSoftDeleted('membership_types', ['id' => $type->id]);
  ➜ 114▕         $this->assertDatabaseCount('membership_types', 1); // still in DB
    115▕     }
    116▕ }
    117▕

  [31m────────────────────────────────────────────────────────────────────────────────────────────────────────────────────[39m  
  [41;1m FAILED [49;22m [1mTests\Unit\Models\OrganisationTest[22m [90m>[39m organisation has many user organ… [41;1m UniqueConstraintViolationException [49;22m  
[39;1m  SQLSTATE[23505]: Unique violation: 7 FEHLER:  doppelter Schlüsselwert verletzt Unique-Constraint »users_email_unique«
DETAIL:  Schlüssel »(email)=(test@example.com)« existiert bereits. (Connection: pgsql, SQL: insert into users (id, organisation_id, name, email, password, created_at, updated_at) values (d1532a65-0898-462d-8f4d-50dd94e2d375, a1e8e794-86ad-494d-88a4-0efffa79e25d, Test User, test@example.com, $2y$04$hjKI/WNQq33ia2TWigMRceiUCRxytEgLL8CP8ZSC8cO5l.W3DQ8Ba, 2026-05-31 08:41:37, 2026-05-31 08:41:37))[39;22m

  at [32mvendor\laravel\framework\src\Illuminate\Database\Connection.php[39m:[32m820[39m
    816▕         // message to include the bindings with SQL, which will make this exception a
    817▕         // lot more helpful to the developer instead of just the database's errors.
    818▕         catch (Exception $e) {
    819▕             if ($this->isUniqueConstraintError($e)) {
  ➜ 820▕                 throw new UniqueConstraintViolationException(
    821▕                     $this->getName(), $query, $this->prepareBindings($bindings), $e
    822▕                 );
    823▕             }
    824▕

  [33m1   [39m[39;1mvendor\laravel\framework\src\Illuminate\Database\Connection.php[39;22m:[39;1m820[39;22m

  [33m2   [39m[39;1mvendor\laravel\framework\src\Illuminate\Database\Connection.php[39;22m:[39;1m571[39;22m
  [90m    NunoMaduro\Collision\Exceptions\TestException::("SQLSTATE[23505]: Unique violation: 7 FEHLER:  doppelter Schlüsselwert verletzt Unique-Constraint »users_email_unique«
DETAIL:  Schlüssel »(email)=(test@example.com)« existiert bereits.")[39m

  [31m────────────────────────────────────────────────────────────────────────────────────────────────────────────────────[39m  
  [41;1m FAILED [49;22m [1mTests\Unit\Models\OrganisationTest[22m [90m>[39m organisation belongs to many use… [41;1m UniqueConstraintViolationException [49;22m  
[39;1m  SQLSTATE[23505]: Unique violation: 7 FEHLER:  doppelter Schlüsselwert verletzt Unique-Constraint »users_email_unique«
DETAIL:  Schlüssel »(email)=(test@example.com)« existiert bereits. (Connection: pgsql, SQL: insert into users (id, organisation_id, name, email, password, created_at, updated_at) values (24559189-3f6e-4664-9ab7-0f6a0f286cef, a1e8e794-cec7-459e-b39f-54557314a46a, Test User, test@example.com, $2y$04$IZAj.dENeUleCmDwrpltCevJZLjgBldG0gZCevkx5bxZhdbQGsQ9O, 2026-05-31 08:41:37, 2026-05-31 08:41:37))[39;22m

  at [32mvendor\laravel\framework\src\Illuminate\Database\Connection.php[39m:[32m820[39m
    816▕         // message to include the bindings with SQL, which will make this exception a
    817▕         // lot more helpful to the developer instead of just the database's errors.
    818▕         catch (Exception $e) {
    819▕             if ($this->isUniqueConstraintError($e)) {
  ➜ 820▕                 throw new UniqueConstraintViolationException(
    821▕                     $this->getName(), $query, $this->prepareBindings($bindings), $e
    822▕                 );
    823▕             }
    824▕

  [33m1   [39m[39;1mvendor\laravel\framework\src\Illuminate\Database\Connection.php[39;22m:[39;1m820[39;22m

  [33m2   [39m[39;1mvendor\laravel\framework\src\Illuminate\Database\Connection.php[39;22m:[39;1m571[39;22m
  [90m    NunoMaduro\Collision\Exceptions\TestException::("SQLSTATE[23505]: Unique violation: 7 FEHLER:  doppelter Schlüsselwert verletzt Unique-Constraint »users_email_unique«
DETAIL:  Schlüssel »(email)=(test@example.com)« existiert bereits.")[39m

  [31m────────────────────────────────────────────────────────────────────────────────────────────────────────────────────[39m  
  [41;1m FAILED [49;22m [1mTests\Unit\Models\OrganisationTest[22m [90m>[39m organisation users pivot include… [41;1m UniqueConstraintViolationException [49;22m  
[39;1m  SQLSTATE[23505]: Unique violation: 7 FEHLER:  doppelter Schlüsselwert verletzt Unique-Constraint »users_email_unique«
DETAIL:  Schlüssel »(email)=(test@example.com)« existiert bereits. (Connection: pgsql, SQL: insert into users (id, organisation_id, name, email, password, created_at, updated_at) values (ae0d4dc1-a5ff-4c60-b812-af19f59dd332, a1e8e796-8bee-4e9c-8072-995dd0c06f01, Test User, test@example.com, $2y$04$qc24T6LTROJFF7lvFCIIcOERAs0ty7GClwXj8rF9sxvWLRF0E1ZAm, 2026-05-31 08:41:38, 2026-05-31 08:41:38))[39;22m

  at [32mvendor\laravel\framework\src\Illuminate\Database\Connection.php[39m:[32m820[39m
    816▕         // message to include the bindings with SQL, which will make this exception a
    817▕         // lot more helpful to the developer instead of just the database's errors.
    818▕         catch (Exception $e) {
    819▕             if ($this->isUniqueConstraintError($e)) {
  ➜ 820▕                 throw new UniqueConstraintViolationException(
    821▕                     $this->getName(), $query, $this->prepareBindings($bindings), $e
    822▕                 );
    823▕             }
    824▕

  [33m1   [39m[39;1mvendor\laravel\framework\src\Illuminate\Database\Connection.php[39;22m:[39;1m820[39;22m

  [33m2   [39m[39;1mvendor\laravel\framework\src\Illuminate\Database\Connection.php[39;22m:[39;1m571[39;22m
  [90m    NunoMaduro\Collision\Exceptions\TestException::("SQLSTATE[23505]: Unique violation: 7 FEHLER:  doppelter Schlüsselwert verletzt Unique-Constraint »users_email_unique«
DETAIL:  Schlüssel »(email)=(test@example.com)« existiert bereits.")[39m

  [31m────────────────────────────────────────────────────────────────────────────────────────────────────────────────────[39m  
  [41;1m FAILED [49;22m [1mTests\Unit\Models\ResultTest[22m [90m>[39m result belongs to vote                  [41;1m UniqueConstraintViolationException [49;22m  
[39;1m  SQLSTATE[23505]: Unique violation: 7 FEHLER:  doppelter Schlüsselwert verletzt Unique-Constraint »users_email_unique«
DETAIL:  Schlüssel »(email)=(test@example.com)« existiert bereits. (Connection: pgsql, SQL: insert into users (id, organisation_id, name, email, password, created_at, updated_at) values (bf3dc02a-846a-4d20-a7ab-3bb80c3d350d, a1e8e798-de92-498e-8fb4-1a6b1193ef93, Test User, test@example.com, $2y$04$JaxNyYWVvHhBXhrr3a.nmulvAQ5D4mmMyQH9uhYD1w.BhrzlFgyzi, 2026-05-31 08:41:40, 2026-05-31 08:41:40))[39;22m

  at [32mvendor\laravel\framework\src\Illuminate\Database\Connection.php[39m:[32m820[39m
    816▕         // message to include the bindings with SQL, which will make this exception a
    817▕         // lot more helpful to the developer instead of just the database's errors.
    818▕         catch (Exception $e) {
    819▕             if ($this->isUniqueConstraintError($e)) {
  ➜ 820▕                 throw new UniqueConstraintViolationException(
    821▕                     $this->getName(), $query, $this->prepareBindings($bindings), $e
    822▕                 );
    823▕             }
    824▕

  [33m1   [39m[39;1mvendor\laravel\framework\src\Illuminate\Database\Connection.php[39;22m:[39;1m820[39;22m

  [33m2   [39m[39;1mvendor\laravel\framework\src\Illuminate\Database\Connection.php[39;22m:[39;1m571[39;22m
  [90m    NunoMaduro\Collision\Exceptions\TestException::("SQLSTATE[23505]: Unique violation: 7 FEHLER:  doppelter Schlüsselwert verletzt Unique-Constraint »users_email_unique«
DETAIL:  Schlüssel »(email)=(test@example.com)« existiert bereits.")[39m

  [31m────────────────────────────────────────────────────────────────────────────────────────────────────────────────────[39m  
  [41;1m FAILED [49;22m [1mTests\Unit\Models\ResultTest[22m [90m>[39m result belongs to election              [41;1m UniqueConstraintViolationException [49;22m  
[39;1m  SQLSTATE[23505]: Unique violation: 7 FEHLER:  doppelter Schlüsselwert verletzt Unique-Constraint »users_email_unique«
DETAIL:  Schlüssel »(email)=(test@example.com)« existiert bereits. (Connection: pgsql, SQL: insert into users (id, organisation_id, name, email, password, created_at, updated_at) values (1860d75d-460e-41bd-ad7f-3e638602b1df, a1e8e799-3213-4948-a68b-090664e7d439, Test User, test@example.com, $2y$04$sRRhKkAboAuP/NqFzyRv7eHpo.Yh2gOHjvNzG943iVJk/dnjSIwpq, 2026-05-31 08:41:40, 2026-05-31 08:41:40))[39;22m

  at [32mvendor\laravel\framework\src\Illuminate\Database\Connection.php[39m:[32m820[39m
    816▕         // message to include the bindings with SQL, which will make this exception a
    817▕         // lot more helpful to the developer instead of just the database's errors.
    818▕         catch (Exception $e) {
    819▕             if ($this->isUniqueConstraintError($e)) {
  ➜ 820▕                 throw new UniqueConstraintViolationException(
    821▕                     $this->getName(), $query, $this->prepareBindings($bindings), $e
    822▕                 );
    823▕             }
    824▕

  [33m1   [39m[39;1mvendor\laravel\framework\src\Illuminate\Database\Connection.php[39;22m:[39;1m820[39;22m

  [33m2   [39m[39;1mvendor\laravel\framework\src\Illuminate\Database\Connection.php[39;22m:[39;1m571[39;22m
  [90m    NunoMaduro\Collision\Exceptions\TestException::("SQLSTATE[23505]: Unique violation: 7 FEHLER:  doppelter Schlüsselwert verletzt Unique-Constraint »users_email_unique«
DETAIL:  Schlüssel »(email)=(test@example.com)« existiert bereits.")[39m

  [31m────────────────────────────────────────────────────────────────────────────────────────────────────────────────────[39m  
  [41;1m FAILED [49;22m [1mTests\Unit\Models\ResultTest[22m [90m>[39m result belongs to post                  [41;1m UniqueConstraintViolationException [49;22m  
[39;1m  SQLSTATE[23505]: Unique violation: 7 FEHLER:  doppelter Schlüsselwert verletzt Unique-Constraint »users_email_unique«
DETAIL:  Schlüssel »(email)=(test@example.com)« existiert bereits. (Connection: pgsql, SQL: insert into users (id, organisation_id, name, email, password, created_at, updated_at) values (0f56b19a-1129-4640-aac2-221e8dd44e48, a1e8e799-9c30-4c16-8233-190dd786aa82, Test User, test@example.com, $2y$04$zw7aKXLDhGpiYN8lMU.vQObiG88pGM99W0JmXcUru2Gouxfr9Cigm, 2026-05-31 08:41:40, 2026-05-31 08:41:40))[39;22m

  at [32mvendor\laravel\framework\src\Illuminate\Database\Connection.php[39m:[32m820[39m
    816▕         // message to include the bindings with SQL, which will make this exception a
    817▕         // lot more helpful to the developer instead of just the database's errors.
    818▕         catch (Exception $e) {
    819▕             if ($this->isUniqueConstraintError($e)) {
  ➜ 820▕                 throw new UniqueConstraintViolationException(
    821▕                     $this->getName(), $query, $this->prepareBindings($bindings), $e
    822▕                 );
    823▕             }
    824▕

  [33m1   [39m[39;1mvendor\laravel\framework\src\Illuminate\Database\Connection.php[39;22m:[39;1m820[39;22m

  [33m2   [39m[39;1mvendor\laravel\framework\src\Illuminate\Database\Connection.php[39;22m:[39;1m571[39;22m
  [90m    NunoMaduro\Collision\Exceptions\TestException::("SQLSTATE[23505]: Unique violation: 7 FEHLER:  doppelter Schlüsselwert verletzt Unique-Constraint »users_email_unique«
DETAIL:  Schlüssel »(email)=(test@example.com)« existiert bereits.")[39m

  [31m────────────────────────────────────────────────────────────────────────────────────────────────────────────────────[39m  
  [41;1m FAILED [49;22m [1mTests\Unit\Models\ResultTest[22m [90m>[39m result scope for organisation filters   [41;1m UniqueConstraintViolationException [49;22m  
[39;1m  SQLSTATE[23505]: Unique violation: 7 FEHLER:  doppelter Schlüsselwert verletzt Unique-Constraint »organisations_slug_unique«
DETAIL:  Schlüssel »(slug)=(pfannerstill-llc)« existiert bereits. (Connection: pgsql, SQL: insert into "organisations" ("name", "email", "slug", "type", "is_default", "uses_full_membership", "address", "representative", "settings", "languages", "id", "updated_at", "created_at") values (Pfannerstill LLC, blick.jayde@grimes.net, pfannerstill-llc, tenant, 0, 1, {"street":"61028 Von Freeway","city":"East Andres","zip":"76348-3250","country":"DE"}, {"name":"Dasia Dach","role":"Chairman","email":"florida22@stark.com"}, [], ["de","en"], a1e8e79a-6a42-43b1-bb3f-4420b74d690e, 2026-05-31 08:41:41, 2026-05-31 08:41:41))[39;22m

  at [32mvendor\laravel\framework\src\Illuminate\Database\Connection.php[39m:[32m820[39m
    816▕         // message to include the bindings with SQL, which will make this exception a
    817▕         // lot more helpful to the developer instead of just the database's errors.
    818▕         catch (Exception $e) {
    819▕             if ($this->isUniqueConstraintError($e)) {
  ➜ 820▕                 throw new UniqueConstraintViolationException(
    821▕                     $this->getName(), $query, $this->prepareBindings($bindings), $e
    822▕                 );
    823▕             }
    824▕

  [33m1   [39m[39;1mvendor\laravel\framework\src\Illuminate\Database\Connection.php[39;22m:[39;1m820[39;22m

  [33m2   [39m[39;1mvendor\laravel\framework\src\Illuminate\Database\Connection.php[39;22m:[39;1m571[39;22m
  [90m    NunoMaduro\Collision\Exceptions\TestException::("SQLSTATE[23505]: Unique violation: 7 FEHLER:  doppelter Schlüsselwert verletzt Unique-Constraint »organisations_slug_unique«
DETAIL:  Schlüssel »(slug)=(pfannerstill-llc)« existiert bereits.")[39m

  [31m────────────────────────────────────────────────────────────────────────────────────────────────────────────────────[39m  
  [41;1m FAILED [49;22m [1mTests\Unit\Models\Traits\ScopedByOrganisationTest[22m [90m>[39m it throws exception when tenant context is null          
[39;1m  Failed asserting that exception of type "RuntimeException" is thrown.[39;22m

  [31m────────────────────────────────────────────────────────────────────────────────────────────────────────────────────[39m  
  [41;1m FAILED [49;22m [1mTests\Unit\Models\Traits\ScopedByOrganisationTest[22m [90m>[39m it throws exception on create when tenant context is…    
[39;1m  Failed asserting that exception message 'SQLSTATE[23502]: Not null violation: 7 FEHLER:  NULL-Wert in Spalte »organisation_id« von Relation »incomes« verletzt Not-Null-Constraint
DETAIL:  Fehlgeschlagene Zeile enthält (5, null, DE, Finance, 2026-05-31 08:41:42, 2026-07-01 08:41:42, null, null, null, null, null, null, null, null, null, null, null, null, null, 2026-05-31 08:41:42, 2026-05-31 08:41:42, null, null, null, null). (Connection: pgsql, SQL: insert into "incomes" ("country", "committee_name", "period_from", "period_to", "organisation_id", "updated_at", "created_at") values (DE, Finance, 2026-05-31 08:41:42, 2026-07-01 08:41:42, ?, 2026-05-31 08:41:42, 2026-05-31 08:41:42) returning "id")' matches '/Cannot create.*without TenantContext/'.[39;22m

  [31m────────────────────────────────────────────────────────────────────────────────────────────────────────────────────[39m  
  [41;1m FAILED [49;22m [1mTests\Unit\Models\Traits\ScopedByOrganisationTest[22m [90m>[39m it provides without tenant sc… [41;1m BadMethodCallException [49;22m  
[39;1m  Call to undefined method App\Models\Income::withoutTenantScope()[39;22m

  at [32mvendor\laravel\framework\src\Illuminate\Support\Traits\ForwardsCalls.php[39m:[32m67[39m
     63▕      * @throws \BadMethodCallException
     64▕      */
     65▕     protected static function throwBadMethodCallException($method)
     66▕     {
  ➜  67▕         throw new BadMethodCallException(sprintf(
     68▕             'Call to undefined method %s::%s()', static::class, $method
     69▕         ));
     70▕     }
     71▕ }

  [33m1   [39m[39;1mvendor\laravel\framework\src\Illuminate\Support\Traits\ForwardsCalls.php[39;22m:[39;1m67[39;22m
  [33m2   [39m[39;1mvendor\laravel\framework\src\Illuminate\Support\Traits\ForwardsCalls.php[39;22m:[39;1m36[39;22m

  [31m────────────────────────────────────────────────────────────────────────────────────────────────────────────────────[39m  
  [41;1m FAILED [49;22m [1mTests\Unit\Models\Traits\ScopedByOrganisationTest[22m [90m>[39m it provides for tenant scope…  [41;1m BadMethodCallException [49;22m  
[39;1m  Call to undefined method App\Models\Income::forTenant()[39;22m

  at [32mvendor\laravel\framework\src\Illuminate\Support\Traits\ForwardsCalls.php[39m:[32m67[39m
     63▕      * @throws \BadMethodCallException
     64▕      */
     65▕     protected static function throwBadMethodCallException($method)
     66▕     {
  ➜  67▕         throw new BadMethodCallException(sprintf(
     68▕             'Call to undefined method %s::%s()', static::class, $method
     69▕         ));
     70▕     }
     71▕ }

  [33m1   [39m[39;1mvendor\laravel\framework\src\Illuminate\Support\Traits\ForwardsCalls.php[39;22m:[39;1m67[39;22m
  [33m2   [39m[39;1mvendor\laravel\framework\src\Illuminate\Support\Traits\ForwardsCalls.php[39;22m:[39;1m36[39;22m

  [31m────────────────────────────────────────────────────────────────────────────────────────────────────────────────────[39m  
  [41;1m FAILED [49;22m [1mTests\Unit\Models\Traits\ScopedByOrganisationTest[22m [90m>[39m it enforces strict isolation across multiple tenants     
[39;1m  Failed asserting that exception of type "RuntimeException" is thrown.[39;22m

  [31m────────────────────────────────────────────────────────────────────────────────────────────────────────────────────[39m  
  [41;1m FAILED [49;22m [1mTests\Unit\Models\UserOrganisationRoleTest[22m [90m>[39m user organisation role b… [41;1m UniqueConstraintViolationException [49;22m  
[39;1m  SQLSTATE[23505]: Unique violation: 7 FEHLER:  doppelter Schlüsselwert verletzt Unique-Constraint »users_email_unique«
DETAIL:  Schlüssel »(email)=(test@example.com)« existiert bereits. (Connection: pgsql, SQL: insert into users (id, organisation_id, name, email, password, created_at, updated_at) values (76621c6a-52a6-4c76-bb04-2b7a168fca89, a1e8e79e-e552-40f1-99e6-f4194c3e47b1, Test User, test@example.com, $2y$04$nMtOTwNv9Ny2HLNuS3O9m.WtyZKjXK3jVmjcYF3iTCF5Qx1ZRO6pi, 2026-05-31 08:41:44, 2026-05-31 08:41:44))[39;22m

  at [32mvendor\laravel\framework\src\Illuminate\Database\Connection.php[39m:[32m820[39m
    816▕         // message to include the bindings with SQL, which will make this exception a
    817▕         // lot more helpful to the developer instead of just the database's errors.
    818▕         catch (Exception $e) {
    819▕             if ($this->isUniqueConstraintError($e)) {
  ➜ 820▕                 throw new UniqueConstraintViolationException(
    821▕                     $this->getName(), $query, $this->prepareBindings($bindings), $e
    822▕                 );
    823▕             }
    824▕

  [33m1   [39m[39;1mvendor\laravel\framework\src\Illuminate\Database\Connection.php[39;22m:[39;1m820[39;22m

  [33m2   [39m[39;1mvendor\laravel\framework\src\Illuminate\Database\Connection.php[39;22m:[39;1m571[39;22m
  [90m    NunoMaduro\Collision\Exceptions\TestException::("SQLSTATE[23505]: Unique violation: 7 FEHLER:  doppelter Schlüsselwert verletzt Unique-Constraint »users_email_unique«
DETAIL:  Schlüssel »(email)=(test@example.com)« existiert bereits.")[39m

  [31m────────────────────────────────────────────────────────────────────────────────────────────────────────────────────[39m  
  [41;1m FAILED [49;22m [1mTests\Unit\Models\UserOrganisationRoleTest[22m [90m>[39m user organisation role b… [41;1m UniqueConstraintViolationException [49;22m  
[39;1m  SQLSTATE[23505]: Unique violation: 7 FEHLER:  doppelter Schlüsselwert verletzt Unique-Constraint »users_email_unique«
DETAIL:  Schlüssel »(email)=(test@example.com)« existiert bereits. (Connection: pgsql, SQL: insert into users (id, organisation_id, name, email, password, created_at, updated_at) values (ee7fd5cd-f172-432c-a21a-c7fa0b7d90d7, a1e8e79f-34ba-4089-a3e3-6b26b47345b0, Test User, test@example.com, $2y$04$8o20N2vc1mTOud6zEUy4gOcLtweHMRZ8YFml9exuVPDpo9EC34ARi, 2026-05-31 08:41:44, 2026-05-31 08:41:44))[39;22m

  at [32mvendor\laravel\framework\src\Illuminate\Database\Connection.php[39m:[32m820[39m
    816▕         // message to include the bindings with SQL, which will make this exception a
    817▕         // lot more helpful to the developer instead of just the database's errors.
    818▕         catch (Exception $e) {
    819▕             if ($this->isUniqueConstraintError($e)) {
  ➜ 820▕                 throw new UniqueConstraintViolationException(
    821▕                     $this->getName(), $query, $this->prepareBindings($bindings), $e
    822▕                 );
    823▕             }
    824▕

  [33m1   [39m[39;1mvendor\laravel\framework\src\Illuminate\Database\Connection.php[39;22m:[39;1m820[39;22m

  [33m2   [39m[39;1mvendor\laravel\framework\src\Illuminate\Database\Connection.php[39;22m:[39;1m571[39;22m
  [90m    NunoMaduro\Collision\Exceptions\TestException::("SQLSTATE[23505]: Unique violation: 7 FEHLER:  doppelter Schlüsselwert verletzt Unique-Constraint »users_email_unique«
DETAIL:  Schlüssel »(email)=(test@example.com)« existiert bereits.")[39m

  [31m────────────────────────────────────────────────────────────────────────────────────────────────────────────────────[39m  
  [41;1m FAILED [49;22m [1mTests\Unit\Models\UserOrganisationRoleTest[22m [90m>[39m user organisation role scope with role filters correctly        
[39;1m  Failed asserting that 9 matches expected 1.[39;22m

  at [32mtests\Unit\Models\UserOrganisationRoleTest.php[39m:[32m109[39m
    105▕ 
    106▕         $admins = UserOrganisationRole::where('role', 'admin')->count();
    107▕         $members = UserOrganisationRole::where('role', 'member')->count();
    108▕         $this->assertEquals(1, $admins);
  ➜ 109▕         $this->assertEquals(1, $members);
    110▕     }
    111▕ 
    112▕     /** @test */
    113▕     public function unique_constraint_prevents_duplicate_user_org_pair()

  [33m1   [39m[39;1mtests\Unit\Models\UserOrganisationRoleTest.php[39;22m:[39;1m109[39;22m

  [31m────────────────────────────────────────────────────────────────────────────────────────────────────────────────────[39m  
  [41;1m FAILED [49;22m [1mTests\Unit\Models\UserOrganisationRoleTest[22m [90m>[39m unique constraint preven… [41;1m UniqueConstraintViolationException [49;22m  
[39;1m  SQLSTATE[23505]: Unique violation: 7 FEHLER:  doppelter Schlüsselwert verletzt Unique-Constraint »users_email_unique«
DETAIL:  Schlüssel »(email)=(test@example.com)« existiert bereits. (Connection: pgsql, SQL: insert into users (id, organisation_id, name, email, password, created_at, updated_at) values (7f8152a7-5a26-47df-966f-adaddd3c2510, a1e8e7a0-0781-4b29-be16-b8e6b1b0b2b5, Test User, test@example.com, $2y$04$8ZU9qQ3l/mxIK9VSd0wQLugtR5B6kRuLAO3jr1Gsn6PI1zdyOHKAq, 2026-05-31 08:41:45, 2026-05-31 08:41:45))[39;22m

  at [32mvendor\laravel\framework\src\Illuminate\Database\Connection.php[39m:[32m820[39m
    816▕         // message to include the bindings with SQL, which will make this exception a
    817▕         // lot more helpful to the developer instead of just the database's errors.
    818▕         catch (Exception $e) {
    819▕             if ($this->isUniqueConstraintError($e)) {
  ➜ 820▕                 throw new UniqueConstraintViolationException(
    821▕                     $this->getName(), $query, $this->prepareBindings($bindings), $e
    822▕                 );
    823▕             }
    824▕

  [33m1   [39m[39;1mvendor\laravel\framework\src\Illuminate\Database\Connection.php[39;22m:[39;1m820[39;22m

  [33m2   [39m[39;1mvendor\laravel\framework\src\Illuminate\Database\Connection.php[39;22m:[39;1m571[39;22m
  [90m    NunoMaduro\Collision\Exceptions\TestException::("SQLSTATE[23505]: Unique violation: 7 FEHLER:  doppelter Schlüsselwert verletzt Unique-Constraint »users_email_unique«
DETAIL:  Schlüssel »(email)=(test@example.com)« existiert bereits.")[39m

  [31m────────────────────────────────────────────────────────────────────────────────────────────────────────────────────[39m  
  [41;1m FAILED [49;22m [1mTests\Unit\Models\UserTest[22m [90m>[39m user belongs to current organisation      [41;1m UniqueConstraintViolationException [49;22m  
[39;1m  SQLSTATE[23505]: Unique violation: 7 FEHLER:  doppelter Schlüsselwert verletzt Unique-Constraint »users_email_unique«
DETAIL:  Schlüssel »(email)=(test@example.com)« existiert bereits. (Connection: pgsql, SQL: insert into users (id, organisation_id, name, email, password, created_at, updated_at) values (98741078-9c9b-4e90-ab2a-3f449579b481, a1e8e7a0-6538-4292-baa3-5f5290ea974e, Test User, test@example.com, $2y$04$VVuhmyDqc6cvEBKXHDAuROVvHIWki5bNMwnoBHBco7yMMn0Uo/spe, 2026-05-31 08:41:45, 2026-05-31 08:41:45))[39;22m

  at [32mvendor\laravel\framework\src\Illuminate\Database\Connection.php[39m:[32m820[39m
    816▕         // message to include the bindings with SQL, which will make this exception a
    817▕         // lot more helpful to the developer instead of just the database's errors.
    818▕         catch (Exception $e) {
    819▕             if ($this->isUniqueConstraintError($e)) {
  ➜ 820▕                 throw new UniqueConstraintViolationException(
    821▕                     $this->getName(), $query, $this->prepareBindings($bindings), $e
    822▕                 );
    823▕             }
    824▕

  [33m1   [39m[39;1mvendor\laravel\framework\src\Illuminate\Database\Connection.php[39;22m:[39;1m820[39;22m

  [33m2   [39m[39;1mvendor\laravel\framework\src\Illuminate\Database\Connection.php[39;22m:[39;1m571[39;22m
  [90m    NunoMaduro\Collision\Exceptions\TestException::("SQLSTATE[23505]: Unique violation: 7 FEHLER:  doppelter Schlüsselwert verletzt Unique-Constraint »users_email_unique«
DETAIL:  Schlüssel »(email)=(test@example.com)« existiert bereits.")[39m

  [31m────────────────────────────────────────────────────────────────────────────────────────────────────────────────────[39m  
  [41;1m FAILED [49;22m [1mTests\Unit\Models\UserTest[22m [90m>[39m user belongs to many organisations via p… [41;1m UniqueConstraintViolationException [49;22m  
[39;1m  SQLSTATE[23505]: Unique violation: 7 FEHLER:  doppelter Schlüsselwert verletzt Unique-Constraint »users_email_unique«
DETAIL:  Schlüssel »(email)=(test@example.com)« existiert bereits. (Connection: pgsql, SQL: insert into users (id, organisation_id, name, email, password, created_at, updated_at) values (695d5923-674d-43ba-a915-f3b76e2926d2, a1e8e7a0-bc65-4e65-8aff-4ca862c2726d, Test User, test@example.com, $2y$04$mmO6z8B9WHvxLAFY0FbU2OtlR9lnQUvsuJ..KnYTALOp5BmEWJoyu, 2026-05-31 08:41:45, 2026-05-31 08:41:45))[39;22m

  at [32mvendor\laravel\framework\src\Illuminate\Database\Connection.php[39m:[32m820[39m
    816▕         // message to include the bindings with SQL, which will make this exception a
    817▕         // lot more helpful to the developer instead of just the database's errors.
    818▕         catch (Exception $e) {
    819▕             if ($this->isUniqueConstraintError($e)) {
  ➜ 820▕                 throw new UniqueConstraintViolationException(
    821▕                     $this->getName(), $query, $this->prepareBindings($bindings), $e
    822▕                 );
    823▕             }
    824▕

  [33m1   [39m[39;1mvendor\laravel\framework\src\Illuminate\Database\Connection.php[39;22m:[39;1m820[39;22m

  [33m2   [39m[39;1mvendor\laravel\framework\src\Illuminate\Database\Connection.php[39;22m:[39;1m571[39;22m
  [90m    NunoMaduro\Collision\Exceptions\TestException::("SQLSTATE[23505]: Unique violation: 7 FEHLER:  doppelter Schlüsselwert verletzt Unique-Constraint »users_email_unique«
DETAIL:  Schlüssel »(email)=(test@example.com)« existiert bereits.")[39m

  [31m────────────────────────────────────────────────────────────────────────────────────────────────────────────────────[39m  
  [41;1m FAILED [49;22m [1mTests\Unit\Models\UserTest[22m [90m>[39m user has many organisation roles          [41;1m UniqueConstraintViolationException [49;22m  
[39;1m  SQLSTATE[23505]: Unique violation: 7 FEHLER:  doppelter Schlüsselwert verletzt Unique-Constraint »users_email_unique«
DETAIL:  Schlüssel »(email)=(test@example.com)« existiert bereits. (Connection: pgsql, SQL: insert into users (id, organisation_id, name, email, password, created_at, updated_at) values (e4ddec82-1762-4477-b3bf-22bb60adec38, a1e8e7a1-1b51-4ea0-af08-120c929e914b, Test User, test@example.com, $2y$04$p9W3j9p1E.Jvpu139EYaseXUTbZE74Zzg93VII6C0NS0Ao8uqcTSC, 2026-05-31 08:41:45, 2026-05-31 08:41:45))[39;22m

  at [32mvendor\laravel\framework\src\Illuminate\Database\Connection.php[39m:[32m820[39m
    816▕         // message to include the bindings with SQL, which will make this exception a
    817▕         // lot more helpful to the developer instead of just the database's errors.
    818▕         catch (Exception $e) {
    819▕             if ($this->isUniqueConstraintError($e)) {
  ➜ 820▕                 throw new UniqueConstraintViolationException(
    821▕                     $this->getName(), $query, $this->prepareBindings($bindings), $e
    822▕                 );
    823▕             }
    824▕

  [33m1   [39m[39;1mvendor\laravel\framework\src\Illuminate\Database\Connection.php[39;22m:[39;1m820[39;22m

  [33m2   [39m[39;1mvendor\laravel\framework\src\Illuminate\Database\Connection.php[39;22m:[39;1m571[39;22m
  [90m    NunoMaduro\Collision\Exceptions\TestException::("SQLSTATE[23505]: Unique violation: 7 FEHLER:  doppelter Schlüsselwert verletzt Unique-Constraint »users_email_unique«
DETAIL:  Schlüssel »(email)=(test@example.com)« existiert bereits.")[39m

  [31m────────────────────────────────────────────────────────────────────────────────────────────────────────────────────[39m  
  [41;1m FAILED [49;22m [1mTests\Unit\Models\UserTest[22m [90m>[39m user has many candidacies                 [41;1m UniqueConstraintViolationException [49;22m  
[39;1m  SQLSTATE[23505]: Unique violation: 7 FEHLER:  doppelter Schlüsselwert verletzt Unique-Constraint »users_email_unique«
DETAIL:  Schlüssel »(email)=(test@example.com)« existiert bereits. (Connection: pgsql, SQL: insert into users (id, organisation_id, name, email, password, created_at, updated_at) values (53c84b14-87cf-4bed-a8f1-775da45140be, a1e8e7a1-722f-4f91-bd92-c25e140b7082, Test User, test@example.com, $2y$04$ADiWPNheLNlzat1gQ6XH4OjzP4DVsCV12HbLVM4QC5MfnLPhJMh.O, 2026-05-31 08:41:46, 2026-05-31 08:41:46))[39;22m

  at [32mvendor\laravel\framework\src\Illuminate\Database\Connection.php[39m:[32m820[39m
    816▕         // message to include the bindings with SQL, which will make this exception a
    817▕         // lot more helpful to the developer instead of just the database's errors.
    818▕         catch (Exception $e) {
    819▕             if ($this->isUniqueConstraintError($e)) {
  ➜ 820▕                 throw new UniqueConstraintViolationException(
    821▕                     $this->getName(), $query, $this->prepareBindings($bindings), $e
    822▕                 );
    823▕             }
    824▕

  [33m1   [39m[39;1mvendor\laravel\framework\src\Illuminate\Database\Connection.php[39;22m:[39;1m820[39;22m

  [33m2   [39m[39;1mvendor\laravel\framework\src\Illuminate\Database\Connection.php[39;22m:[39;1m571[39;22m
  [90m    NunoMaduro\Collision\Exceptions\TestException::("SQLSTATE[23505]: Unique violation: 7 FEHLER:  doppelter Schlüsselwert verletzt Unique-Constraint »users_email_unique«
DETAIL:  Schlüssel »(email)=(test@example.com)« existiert bereits.")[39m

  [31m────────────────────────────────────────────────────────────────────────────────────────────────────────────────────[39m  
  [41;1m FAILED [49;22m [1mTests\Unit\Models\UserTest[22m [90m>[39m user has no direct vote relationship      [41;1m UniqueConstraintViolationException [49;22m  
[39;1m  SQLSTATE[23505]: Unique violation: 7 FEHLER:  doppelter Schlüsselwert verletzt Unique-Constraint »users_email_unique«
DETAIL:  Schlüssel »(email)=(test@example.com)« existiert bereits. (Connection: pgsql, SQL: insert into users (id, organisation_id, name, email, password, created_at, updated_at) values (c33fd1fc-a700-41c2-81a2-bc08858eba42, a1e8e7a1-ea65-41e1-a926-7e9563916a0f, Test User, test@example.com, $2y$04$HQjTNiGOXN17T43GrN5xfe8/lmq9q8ayTZfb8r//sXUVjbZkeROhG, 2026-05-31 08:41:46, 2026-05-31 08:41:46))[39;22m

  at [32mvendor\laravel\framework\src\Illuminate\Database\Connection.php[39m:[32m820[39m
    816▕         // message to include the bindings with SQL, which will make this exception a
    817▕         // lot more helpful to the developer instead of just the database's errors.
    818▕         catch (Exception $e) {
    819▕             if ($this->isUniqueConstraintError($e)) {
  ➜ 820▕                 throw new UniqueConstraintViolationException(
    821▕                     $this->getName(), $query, $this->prepareBindings($bindings), $e
    822▕                 );
    823▕             }
    824▕

  [33m1   [39m[39;1mvendor\laravel\framework\src\Illuminate\Database\Connection.php[39;22m:[39;1m820[39;22m

  [33m2   [39m[39;1mvendor\laravel\framework\src\Illuminate\Database\Connection.php[39;22m:[39;1m571[39;22m
  [90m    NunoMaduro\Collision\Exceptions\TestException::("SQLSTATE[23505]: Unique violation: 7 FEHLER:  doppelter Schlüsselwert verletzt Unique-Constraint »users_email_unique«
DETAIL:  Schlüssel »(email)=(test@example.com)« existiert bereits.")[39m

  [31m────────────────────────────────────────────────────────────────────────────────────────────────────────────────────[39m  
  [41;1m FAILED [49;22m [1mTests\Unit\Models\UserTest[22m [90m>[39m user has no direct result relationship    [41;1m UniqueConstraintViolationException [49;22m  
[39;1m  SQLSTATE[23505]: Unique violation: 7 FEHLER:  doppelter Schlüsselwert verletzt Unique-Constraint »users_email_unique«
DETAIL:  Schlüssel »(email)=(test@example.com)« existiert bereits. (Connection: pgsql, SQL: insert into users (id, organisation_id, name, email, password, created_at, updated_at) values (cb542d46-a716-4a39-83ef-788a4d80d3c6, a1e8e7a2-4aad-41ef-8238-1f79d543d3d3, Test User, test@example.com, $2y$04$EVzEevojQl59uWxDP5jG8e2tR/gVjwDCoM4DM9zJaZETrOSM1f5vu, 2026-05-31 08:41:46, 2026-05-31 08:41:46))[39;22m

  at [32mvendor\laravel\framework\src\Illuminate\Database\Connection.php[39m:[32m820[39m
    816▕         // message to include the bindings with SQL, which will make this exception a
    817▕         // lot more helpful to the developer instead of just the database's errors.
    818▕         catch (Exception $e) {
    819▕             if ($this->isUniqueConstraintError($e)) {
  ➜ 820▕                 throw new UniqueConstraintViolationException(
    821▕                     $this->getName(), $query, $this->prepareBindings($bindings), $e
    822▕                 );
    823▕             }
    824▕

  [33m1   [39m[39;1mvendor\laravel\framework\src\Illuminate\Database\Connection.php[39;22m:[39;1m820[39;22m

  [33m2   [39m[39;1mvendor\laravel\framework\src\Illuminate\Database\Connection.php[39;22m:[39;1m571[39;22m
  [90m    NunoMaduro\Collision\Exceptions\TestException::("SQLSTATE[23505]: Unique violation: 7 FEHLER:  doppelter Schlüsselwert verletzt Unique-Constraint »users_email_unique«
DETAIL:  Schlüssel »(email)=(test@example.com)« existiert bereits.")[39m

  [31m────────────────────────────────────────────────────────────────────────────────────────────────────────────────────[39m  
  [41;1m FAILED [49;22m [1mTests\Unit\Models\VoteTest[22m [90m>[39m vote belongs to election                                      [41;1m QueryException [49;22m  
[39;1m  SQLSTATE[23502]: Not null violation: 7 FEHLER:  NULL-Wert in Spalte »vote_hash« von Relation »votes« verletzt Not-Null-Constraint
DETAIL:  Fehlgeschlagene Zeile enthält (a1e8e7a2-ccc0-49ee-b216-47c8ffdc6f27, a1e8e7a2-c55a-48a9-b94c-b9d2263d4c42, a1e8e7a2-c7bf-475e-987e-02bc1ba64a78, null, null, null, null, null, null, null, null, null, null, null, null, null, null, null, null, null, null, null, null, null, null, null, null, null, null, null, null, null, null, null, null, null, null, null, null, null, null, null, null, null, null, null, null, null, null, null, null, null, null, null, null, null, null, null, null, null, null, null, null, null, null, 2026-05-31 08:41:46, null, 2026-05-31 08:41:46, 2026-05-31 08:41:46, null, 95270fc69f73c54a4b594e8f09228aac34a789f943df82168d3d370d3679c301, null, null, null, null, 0, a33891bc6131b0e790046e9abbfea6764c398742c23fe0a80a9ae3b5974bfa90, null, f). (Connection: pgsql, SQL: insert into "votes" ("organisation_id", "election_id", "receipt_hash", "id", "data_checksum", "cast_at", "updated_at", "created_at") values (a1e8e7a2-c55a-48a9-b94c-b9d2263d4c42, a1e8e7a2-c7bf-475e-987e-02bc1ba64a78, 95270fc69f73c54a4b594e8f09228aac34a789f943df82168d3d370d3679c301, a1e8e7a2-ccc0-49ee-b216-47c8ffdc6f27, a33891bc6131b0e790046e9abbfea6764c398742c23fe0a80a9ae3b5974bfa90, 2026-05-31 08:41:46, 2026-05-31 08:41:46, 2026-05-31 08:41:46))[39;22m

  at [32mvendor\laravel\framework\src\Illuminate\Database\Connection.php[39m:[32m825[39m
    821▕                     $this->getName(), $query, $this->prepareBindings($bindings), $e
    822▕                 );
    823▕             }
    824▕ 
  ➜ 825▕             throw new QueryException(
    826▕                 $this->getName(), $query, $this->prepareBindings($bindings), $e
    827▕             );
    828▕         }
    829▕     }

  [33m1   [39m[39;1mvendor\laravel\framework\src\Illuminate\Database\Connection.php[39;22m:[39;1m825[39;22m

  [33m2   [39m[39;1mvendor\laravel\framework\src\Illuminate\Database\Connection.php[39;22m:[39;1m571[39;22m
  [90m    NunoMaduro\Collision\Exceptions\TestException::("SQLSTATE[23502]: Not null violation: 7 FEHLER:  NULL-Wert in Spalte »vote_hash« von Relation »votes« verletzt Not-Null-Constraint
DETAIL:  Fehlgeschlagene Zeile enthält (a1e8e7a2-ccc0-49ee-b216-47c8ffdc6f27, a1e8e7a2-c55a-48a9-b94c-b9d2263d4c42, a1e8e7a2-c7bf-475e-987e-02bc1ba64a78, null, null, null, null, null, null, null, null, null, null, null, null, null, null, null, null, null, null, null, null, null, null, null, null, null, null, null, null, null, null, null, null, null, null, null, null, null, null, null, null, null, null, null, null, null, null, null, null, null, null, null, null, null, null, null, null, null, null, null, null, null, null, 2026-05-31 08:41:46, null, 2026-05-31 08:41:46, 2026-05-31 08:41:46, null, 95270fc69f73c54a4b594e8f09228aac34a789f943df82168d3d370d3679c301, null, null, null, null, 0, a33891bc6131b0e790046e9abbfea6764c398742c23fe0a80a9ae3b5974bfa90, null, f).")[39m

  [31m────────────────────────────────────────────────────────────────────────────────────────────────────────────────────[39m  
  [41;1m FAILED [49;22m [1mTests\Unit\Models\VoteTest[22m [90m>[39m vote belongs to organisation                                  [41;1m QueryException [49;22m  
[39;1m  SQLSTATE[23502]: Not null violation: 7 FEHLER:  NULL-Wert in Spalte »vote_hash« von Relation »votes« verletzt Not-Null-Constraint
DETAIL:  Fehlgeschlagene Zeile enthält (a1e8e7a3-33f8-417e-85d0-0d475cd7566c, a1e8e7a3-2cb6-4fb8-85d5-db9e8c31fd93, a1e8e7a3-2efa-4a62-a801-93e0ef07c831, null, null, null, null, null, null, null, null, null, null, null, null, null, null, null, null, null, null, null, null, null, null, null, null, null, null, null, null, null, null, null, null, null, null, null, null, null, null, null, null, null, null, null, null, null, null, null, null, null, null, null, null, null, null, null, null, null, null, null, null, null, null, 2026-05-31 08:41:47, null, 2026-05-31 08:41:47, 2026-05-31 08:41:47, null, 699947523ac8e0d1c7017e7e0f675367824a4cdffbb381dfae9ac0026d6f1015, null, null, null, null, 0, a33891bc6131b0e790046e9abbfea6764c398742c23fe0a80a9ae3b5974bfa90, null, f). (Connection: pgsql, SQL: insert into "votes" ("organisation_id", "election_id", "receipt_hash", "id", "data_checksum", "cast_at", "updated_at", "created_at") values (a1e8e7a3-2cb6-4fb8-85d5-db9e8c31fd93, a1e8e7a3-2efa-4a62-a801-93e0ef07c831, 699947523ac8e0d1c7017e7e0f675367824a4cdffbb381dfae9ac0026d6f1015, a1e8e7a3-33f8-417e-85d0-0d475cd7566c, a33891bc6131b0e790046e9abbfea6764c398742c23fe0a80a9ae3b5974bfa90, 2026-05-31 08:41:47, 2026-05-31 08:41:47, 2026-05-31 08:41:47))[39;22m

  at [32mvendor\laravel\framework\src\Illuminate\Database\Connection.php[39m:[32m825[39m
    821▕                     $this->getName(), $query, $this->prepareBindings($bindings), $e
    822▕                 );
    823▕             }
    824▕ 
  ➜ 825▕             throw new QueryException(
    826▕                 $this->getName(), $query, $this->prepareBindings($bindings), $e
    827▕             );
    828▕         }
    829▕     }

  [33m1   [39m[39;1mvendor\laravel\framework\src\Illuminate\Database\Connection.php[39;22m:[39;1m825[39;22m

  [33m2   [39m[39;1mvendor\laravel\framework\src\Illuminate\Database\Connection.php[39;22m:[39;1m571[39;22m
  [90m    NunoMaduro\Collision\Exceptions\TestException::("SQLSTATE[23502]: Not null violation: 7 FEHLER:  NULL-Wert in Spalte »vote_hash« von Relation »votes« verletzt Not-Null-Constraint
DETAIL:  Fehlgeschlagene Zeile enthält (a1e8e7a3-33f8-417e-85d0-0d475cd7566c, a1e8e7a3-2cb6-4fb8-85d5-db9e8c31fd93, a1e8e7a3-2efa-4a62-a801-93e0ef07c831, null, null, null, null, null, null, null, null, null, null, null, null, null, null, null, null, null, null, null, null, null, null, null, null, null, null, null, null, null, null, null, null, null, null, null, null, null, null, null, null, null, null, null, null, null, null, null, null, null, null, null, null, null, null, null, null, null, null, null, null, null, null, 2026-05-31 08:41:47, null, 2026-05-31 08:41:47, 2026-05-31 08:41:47, null, 699947523ac8e0d1c7017e7e0f675367824a4cdffbb381dfae9ac0026d6f1015, null, null, null, null, 0, a33891bc6131b0e790046e9abbfea6764c398742c23fe0a80a9ae3b5974bfa90, null, f).")[39m

  [31m────────────────────────────────────────────────────────────────────────────────────────────────────────────────────[39m  
  [41;1m FAILED [49;22m [1mTests\Unit\Models\VoteTest[22m [90m>[39m vote has n o user relationship                                [41;1m QueryException [49;22m  
[39;1m  SQLSTATE[23502]: Not null violation: 7 FEHLER:  NULL-Wert in Spalte »vote_hash« von Relation »votes« verletzt Not-Null-Constraint
DETAIL:  Fehlgeschlagene Zeile enthält (a1e8e7a3-aa44-40d6-ad67-dd2c900197c7, a1e8e7a3-a24e-4481-98ec-e6198e5f6a59, a1e8e7a3-a4b5-45f8-84d8-52a767cf43cc, null, null, null, null, null, null, null, null, null, null, null, null, null, null, null, null, null, null, null, null, null, null, null, null, null, null, null, null, null, null, null, null, null, null, null, null, null, null, null, null, null, null, null, null, null, null, null, null, null, null, null, null, null, null, null, null, null, null, null, null, null, null, 2026-05-31 08:41:47, null, 2026-05-31 08:41:47, 2026-05-31 08:41:47, null, c2f99bd26c025a5e6cfbc37f8dca1ccd6bdfd237208834aee6baebca789b7985, null, null, null, null, 0, a33891bc6131b0e790046e9abbfea6764c398742c23fe0a80a9ae3b5974bfa90, null, f). (Connection: pgsql, SQL: insert into "votes" ("organisation_id", "election_id", "receipt_hash", "id", "data_checksum", "cast_at", "updated_at", "created_at") values (a1e8e7a3-a24e-4481-98ec-e6198e5f6a59, a1e8e7a3-a4b5-45f8-84d8-52a767cf43cc, c2f99bd26c025a5e6cfbc37f8dca1ccd6bdfd237208834aee6baebca789b7985, a1e8e7a3-aa44-40d6-ad67-dd2c900197c7, a33891bc6131b0e790046e9abbfea6764c398742c23fe0a80a9ae3b5974bfa90, 2026-05-31 08:41:47, 2026-05-31 08:41:47, 2026-05-31 08:41:47))[39;22m

  at [32mvendor\laravel\framework\src\Illuminate\Database\Connection.php[39m:[32m825[39m
    821▕                     $this->getName(), $query, $this->prepareBindings($bindings), $e
    822▕                 );
    823▕             }
    824▕ 
  ➜ 825▕             throw new QueryException(
    826▕                 $this->getName(), $query, $this->prepareBindings($bindings), $e
    827▕             );
    828▕         }
    829▕     }

  [33m1   [39m[39;1mvendor\laravel\framework\src\Illuminate\Database\Connection.php[39;22m:[39;1m825[39;22m

  [33m2   [39m[39;1mvendor\laravel\framework\src\Illuminate\Database\Connection.php[39;22m:[39;1m571[39;22m
  [90m    NunoMaduro\Collision\Exceptions\TestException::("SQLSTATE[23502]: Not null violation: 7 FEHLER:  NULL-Wert in Spalte »vote_hash« von Relation »votes« verletzt Not-Null-Constraint
DETAIL:  Fehlgeschlagene Zeile enthält (a1e8e7a3-aa44-40d6-ad67-dd2c900197c7, a1e8e7a3-a24e-4481-98ec-e6198e5f6a59, a1e8e7a3-a4b5-45f8-84d8-52a767cf43cc, null, null, null, null, null, null, null, null, null, null, null, null, null, null, null, null, null, null, null, null, null, null, null, null, null, null, null, null, null, null, null, null, null, null, null, null, null, null, null, null, null, null, null, null, null, null, null, null, null, null, null, null, null, null, null, null, null, null, null, null, null, null, 2026-05-31 08:41:47, null, 2026-05-31 08:41:47, 2026-05-31 08:41:47, null, c2f99bd26c025a5e6cfbc37f8dca1ccd6bdfd237208834aee6baebca789b7985, null, null, null, null, 0, a33891bc6131b0e790046e9abbfea6764c398742c23fe0a80a9ae3b5974bfa90, null, f).")[39m

  [31m────────────────────────────────────────────────────────────────────────────────────────────────────────────────────[39m  
  [41;1m FAILED [49;22m [1mTests\Unit\Models\VoteTest[22m [90m>[39m vote scope for election filters                               [41;1m QueryException [49;22m  
[39;1m  SQLSTATE[23502]: Not null violation: 7 FEHLER:  NULL-Wert in Spalte »vote_hash« von Relation »votes« verletzt Not-Null-Constraint
DETAIL:  Fehlgeschlagene Zeile enthält (a1e8e7a4-bd74-447a-acb7-3f25cd4f83ec, a1e8e7a4-b385-45b2-82a6-a6f79dff9da4, a1e8e7a4-b6b0-4c45-b2d6-07aa1ba30770, null, null, null, null, null, null, null, null, null, null, null, null, null, null, null, null, null, null, null, null, null, null, null, null, null, null, null, null, null, null, null, null, null, null, null, null, null, null, null, null, null, null, null, null, null, null, null, null, null, null, null, null, null, null, null, null, null, null, null, null, null, null, 2026-05-31 08:41:48, null, 2026-05-31 08:41:48, 2026-05-31 08:41:48, null, 1e9018473d2e87236584e8285196e1ca3981c2f87253de50eb11e1c279bc7833, null, null, null, null, 0, a33891bc6131b0e790046e9abbfea6764c398742c23fe0a80a9ae3b5974bfa90, null, f). (Connection: pgsql, SQL: insert into "votes" ("organisation_id", "election_id", "receipt_hash", "id", "data_checksum", "cast_at", "updated_at", "created_at") values (a1e8e7a4-b385-45b2-82a6-a6f79dff9da4, a1e8e7a4-b6b0-4c45-b2d6-07aa1ba30770, 1e9018473d2e87236584e8285196e1ca3981c2f87253de50eb11e1c279bc7833, a1e8e7a4-bd74-447a-acb7-3f25cd4f83ec, a33891bc6131b0e790046e9abbfea6764c398742c23fe0a80a9ae3b5974bfa90, 2026-05-31 08:41:48, 2026-05-31 08:41:48, 2026-05-31 08:41:48))[39;22m

  at [32mvendor\laravel\framework\src\Illuminate\Database\Connection.php[39m:[32m825[39m
    821▕                     $this->getName(), $query, $this->prepareBindings($bindings), $e
    822▕                 );
    823▕             }
    824▕ 
  ➜ 825▕             throw new QueryException(
    826▕                 $this->getName(), $query, $this->prepareBindings($bindings), $e
    827▕             );
    828▕         }
    829▕     }

  [33m1   [39m[39;1mvendor\laravel\framework\src\Illuminate\Database\Connection.php[39;22m:[39;1m825[39;22m

  [33m2   [39m[39;1mvendor\laravel\framework\src\Illuminate\Database\Connection.php[39;22m:[39;1m571[39;22m
  [90m    NunoMaduro\Collision\Exceptions\TestException::("SQLSTATE[23502]: Not null violation: 7 FEHLER:  NULL-Wert in Spalte »vote_hash« von Relation »votes« verletzt Not-Null-Constraint
DETAIL:  Fehlgeschlagene Zeile enthält (a1e8e7a4-bd74-447a-acb7-3f25cd4f83ec, a1e8e7a4-b385-45b2-82a6-a6f79dff9da4, a1e8e7a4-b6b0-4c45-b2d6-07aa1ba30770, null, null, null, null, null, null, null, null, null, null, null, null, null, null, null, null, null, null, null, null, null, null, null, null, null, null, null, null, null, null, null, null, null, null, null, null, null, null, null, null, null, null, null, null, null, null, null, null, null, null, null, null, null, null, null, null, null, null, null, null, null, null, 2026-05-31 08:41:48, null, 2026-05-31 08:41:48, 2026-05-31 08:41:48, null, 1e9018473d2e87236584e8285196e1ca3981c2f87253de50eb11e1c279bc7833, null, null, null, null, 0, a33891bc6131b0e790046e9abbfea6764c398742c23fe0a80a9ae3b5974bfa90, null, f).")[39m

  [31m────────────────────────────────────────────────────────────────────────────────────────────────────────────────────[39m  
  [41;1m FAILED [49;22m [1mTests\Unit\Models\VoteTest[22m [90m>[39m vote scope for organisation filters                           [41;1m QueryException [49;22m  
[39;1m  SQLSTATE[23502]: Not null violation: 7 FEHLER:  NULL-Wert in Spalte »vote_hash« von Relation »votes« verletzt Not-Null-Constraint
DETAIL:  Fehlgeschlagene Zeile enthält (a1e8e7a5-1f61-4863-9968-1ec882af61d9, a1e8e7a5-164f-48b5-9a72-07a663dc6ad7, a1e8e7a5-19b9-4065-856b-453a36e5f0d9, null, null, null, null, null, null, null, null, null, null, null, null, null, null, null, null, null, null, null, null, null, null, null, null, null, null, null, null, null, null, null, null, null, null, null, null, null, null, null, null, null, null, null, null, null, null, null, null, null, null, null, null, null, null, null, null, null, null, null, null, null, null, 2026-05-31 08:41:48, null, 2026-05-31 08:41:48, 2026-05-31 08:41:48, null, 901033adec3dfc5bf41f3411ea1d8abcca6045ce91ddeb83933fd5990ca39d9f, null, null, null, null, 0, a33891bc6131b0e790046e9abbfea6764c398742c23fe0a80a9ae3b5974bfa90, null, f). (Connection: pgsql, SQL: insert into "votes" ("organisation_id", "election_id", "receipt_hash", "id", "data_checksum", "cast_at", "updated_at", "created_at") values (a1e8e7a5-164f-48b5-9a72-07a663dc6ad7, a1e8e7a5-19b9-4065-856b-453a36e5f0d9, 901033adec3dfc5bf41f3411ea1d8abcca6045ce91ddeb83933fd5990ca39d9f, a1e8e7a5-1f61-4863-9968-1ec882af61d9, a33891bc6131b0e790046e9abbfea6764c398742c23fe0a80a9ae3b5974bfa90, 2026-05-31 08:41:48, 2026-05-31 08:41:48, 2026-05-31 08:41:48))[39;22m

  at [32mvendor\laravel\framework\src\Illuminate\Database\Connection.php[39m:[32m825[39m
    821▕                     $this->getName(), $query, $this->prepareBindings($bindings), $e
    822▕                 );
    823▕             }
    824▕ 
  ➜ 825▕             throw new QueryException(
    826▕                 $this->getName(), $query, $this->prepareBindings($bindings), $e
    827▕             );
    828▕         }
    829▕     }

  [33m1   [39m[39;1mvendor\laravel\framework\src\Illuminate\Database\Connection.php[39;22m:[39;1m825[39;22m

  [33m2   [39m[39;1mvendor\laravel\framework\src\Illuminate\Database\Connection.php[39;22m:[39;1m571[39;22m
  [90m    NunoMaduro\Collision\Exceptions\TestException::("SQLSTATE[23502]: Not null violation: 7 FEHLER:  NULL-Wert in Spalte »vote_hash« von Relation »votes« verletzt Not-Null-Constraint
DETAIL:  Fehlgeschlagene Zeile enthält (a1e8e7a5-1f61-4863-9968-1ec882af61d9, a1e8e7a5-164f-48b5-9a72-07a663dc6ad7, a1e8e7a5-19b9-4065-856b-453a36e5f0d9, null, null, null, null, null, null, null, null, null, null, null, null, null, null, null, null, null, null, null, null, null, null, null, null, null, null, null, null, null, null, null, null, null, null, null, null, null, null, null, null, null, null, null, null, null, null, null, null, null, null, null, null, null, null, null, null, null, null, null, null, null, null, 2026-05-31 08:41:48, null, 2026-05-31 08:41:48, 2026-05-31 08:41:48, null, 901033adec3dfc5bf41f3411ea1d8abcca6045ce91ddeb83933fd5990ca39d9f, null, null, null, null, 0, a33891bc6131b0e790046e9abbfea6764c398742c23fe0a80a9ae3b5974bfa90, null, f).")[39m

  [31m────────────────────────────────────────────────────────────────────────────────────────────────────────────────────[39m  
  [41;1m FAILED [49;22m [1mTests\Unit\Models\VoteTest[22m [90m>[39m vote voting code is unique                                    [41;1m QueryException [49;22m  
[39;1m  SQLSTATE[23502]: Not null violation: 7 FEHLER:  NULL-Wert in Spalte »vote_hash« von Relation »votes« verletzt Not-Null-Constraint
DETAIL:  Fehlgeschlagene Zeile enthält (a1e8e7a5-9d3a-4801-9449-fb349c25b457, a1e8e7a5-9531-42a4-9753-76f82631ab93, a1e8e7a5-980f-4ca5-af32-41ac03070f81, null, null, null, null, null, null, null, null, null, null, null, null, null, null, null, null, null, null, null, null, null, null, null, null, null, null, null, null, null, null, null, null, null, null, null, null, null, null, null, null, null, null, null, null, null, null, null, null, null, null, null, null, null, null, null, null, null, null, null, null, null, null, 2026-05-31 08:41:48, null, 2026-05-31 08:41:48, 2026-05-31 08:41:48, null, 74f4fc73679f56d25f4aff9684c7f03af58e70df9d3af6e0d718cc1ab1ee6e89, null, null, null, null, 0, a33891bc6131b0e790046e9abbfea6764c398742c23fe0a80a9ae3b5974bfa90, null, f). (Connection: pgsql, SQL: insert into "votes" ("organisation_id", "election_id", "receipt_hash", "id", "data_checksum", "cast_at", "updated_at", "created_at") values (a1e8e7a5-9531-42a4-9753-76f82631ab93, a1e8e7a5-980f-4ca5-af32-41ac03070f81, 74f4fc73679f56d25f4aff9684c7f03af58e70df9d3af6e0d718cc1ab1ee6e89, a1e8e7a5-9d3a-4801-9449-fb349c25b457, a33891bc6131b0e790046e9abbfea6764c398742c23fe0a80a9ae3b5974bfa90, 2026-05-31 08:41:48, 2026-05-31 08:41:48, 2026-05-31 08:41:48))[39;22m

  at [32mvendor\laravel\framework\src\Illuminate\Database\Connection.php[39m:[32m825[39m
    821▕                     $this->getName(), $query, $this->prepareBindings($bindings), $e
    822▕                 );
    823▕             }
    824▕ 
  ➜ 825▕             throw new QueryException(
    826▕                 $this->getName(), $query, $this->prepareBindings($bindings), $e
    827▕             );
    828▕         }
    829▕     }

  [33m1   [39m[39;1mvendor\laravel\framework\src\Illuminate\Database\Connection.php[39;22m:[39;1m825[39;22m

  [33m2   [39m[39;1mvendor\laravel\framework\src\Illuminate\Database\Connection.php[39;22m:[39;1m571[39;22m
  [90m    NunoMaduro\Collision\Exceptions\TestException::("SQLSTATE[23502]: Not null violation: 7 FEHLER:  NULL-Wert in Spalte »vote_hash« von Relation »votes« verletzt Not-Null-Constraint
DETAIL:  Fehlgeschlagene Zeile enthält (a1e8e7a5-9d3a-4801-9449-fb349c25b457, a1e8e7a5-9531-42a4-9753-76f82631ab93, a1e8e7a5-980f-4ca5-af32-41ac03070f81, null, null, null, null, null, null, null, null, null, null, null, null, null, null, null, null, null, null, null, null, null, null, null, null, null, null, null, null, null, null, null, null, null, null, null, null, null, null, null, null, null, null, null, null, null, null, null, null, null, null, null, null, null, null, null, null, null, null, null, null, null, null, 2026-05-31 08:41:48, null, 2026-05-31 08:41:48, 2026-05-31 08:41:48, null, 74f4fc73679f56d25f4aff9684c7f03af58e70df9d3af6e0d718cc1ab1ee6e89, null, null, null, null, 0, a33891bc6131b0e790046e9abbfea6764c398742c23fe0a80a9ae3b5974bfa90, null, f).")[39m

  [31m────────────────────────────────────────────────────────────────────────────────────────────────────────────────────[39m  
  [41;1m FAILED [49;22m [1mTests\Unit\Models\VoteTest[22m [90m>[39m vote cannot be linked to user             [41;1m UniqueConstraintViolationException [49;22m  
[39;1m  SQLSTATE[23505]: Unique violation: 7 FEHLER:  doppelter Schlüsselwert verletzt Unique-Constraint »users_email_unique«
DETAIL:  Schlüssel »(email)=(test@example.com)« existiert bereits. (Connection: pgsql, SQL: insert into users (id, organisation_id, name, email, password, created_at, updated_at) values (d117f6f2-52bb-486d-9b9f-98019394fd13, a1e8e7a6-2d96-4e9c-9f4a-744f9102f8b2, Test User, test@example.com, $2y$04$XTIeidHNBeNm6rbZsU5skuXB3X0oWitNKyTK4vkFUmKbuc/LV1l3a, 2026-05-31 08:41:49, 2026-05-31 08:41:49))[39;22m

  at [32mvendor\laravel\framework\src\Illuminate\Database\Connection.php[39m:[32m820[39m
    816▕         // message to include the bindings with SQL, which will make this exception a
    817▕         // lot more helpful to the developer instead of just the database's errors.
    818▕         catch (Exception $e) {
    819▕             if ($this->isUniqueConstraintError($e)) {
  ➜ 820▕                 throw new UniqueConstraintViolationException(
    821▕                     $this->getName(), $query, $this->prepareBindings($bindings), $e
    822▕                 );
    823▕             }
    824▕

  [33m1   [39m[39;1mvendor\laravel\framework\src\Illuminate\Database\Connection.php[39;22m:[39;1m820[39;22m

  [33m2   [39m[39;1mvendor\laravel\framework\src\Illuminate\Database\Connection.php[39;22m:[39;1m571[39;22m
  [90m    NunoMaduro\Collision\Exceptions\TestException::("SQLSTATE[23505]: Unique violation: 7 FEHLER:  doppelter Schlüsselwert verletzt Unique-Constraint »users_email_unique«
DETAIL:  Schlüssel »(email)=(test@example.com)« existiert bereits.")[39m

  [31m────────────────────────────────────────────────────────────────────────────────────────────────────────────────────[39m  
  [41;1m FAILED [49;22m [1mTests\Unit\Models\VoteTest[22m [90m>[39m vote anonymity verified by code           [41;1m UniqueConstraintViolationException [49;22m  
[39;1m  SQLSTATE[23505]: Unique violation: 7 FEHLER:  doppelter Schlüsselwert verletzt Unique-Constraint »users_email_unique«
DETAIL:  Schlüssel »(email)=(test@example.com)« existiert bereits. (Connection: pgsql, SQL: insert into users (id, organisation_id, name, email, password, created_at, updated_at) values (8c7382f9-d7b7-44f4-a0d3-39081af04fae, a1e8e7a6-8c99-474b-99a2-5cac9dfbc5c9, Test User, test@example.com, $2y$04$W.8CJ6uEBq9cDhMShpd.TufJoUvq8hc21XtSvpC.VW4EOEW6Q11sS, 2026-05-31 08:41:49, 2026-05-31 08:41:49))[39;22m

  at [32mvendor\laravel\framework\src\Illuminate\Database\Connection.php[39m:[32m820[39m
    816▕         // message to include the bindings with SQL, which will make this exception a
    817▕         // lot more helpful to the developer instead of just the database's errors.
    818▕         catch (Exception $e) {
    819▕             if ($this->isUniqueConstraintError($e)) {
  ➜ 820▕                 throw new UniqueConstraintViolationException(
    821▕                     $this->getName(), $query, $this->prepareBindings($bindings), $e
    822▕                 );
    823▕             }
    824▕

  [33m1   [39m[39;1mvendor\laravel\framework\src\Illuminate\Database\Connection.php[39;22m:[39;1m820[39;22m

  [33m2   [39m[39;1mvendor\laravel\framework\src\Illuminate\Database\Connection.php[39;22m:[39;1m571[39;22m
  [90m    NunoMaduro\Collision\Exceptions\TestException::("SQLSTATE[23505]: Unique violation: 7 FEHLER:  doppelter Schlüsselwert verletzt Unique-Constraint »users_email_unique«
DETAIL:  Schlüssel »(email)=(test@example.com)« existiert bereits.")[39m

  [31m────────────────────────────────────────────────────────────────────────────────────────────────────────────────────[39m  
  [41;1m FAILED [49;22m [1mTests\Unit\Models\VoteTest[22m [90m>[39m vote has receipt hash for verification                        [41;1m QueryException [49;22m  
[39;1m  SQLSTATE[23502]: Not null violation: 7 FEHLER:  NULL-Wert in Spalte »vote_hash« von Relation »votes« verletzt Not-Null-Constraint
DETAIL:  Fehlgeschlagene Zeile enthält (a1e8e7a7-04ad-41ed-b056-3bb64ce742ca, a1e8e7a6-fda5-4cc1-9da0-de0afc27c2f4, a1e8e7a7-00d1-43e9-835e-fe568bad96b5, null, null, null, null, null, null, null, null, null, null, null, null, null, null, null, null, null, null, null, null, null, null, null, null, null, null, null, null, null, null, null, null, null, null, null, null, null, null, null, null, null, null, null, null, null, null, null, null, null, null, null, null, null, null, null, null, null, null, null, null, null, null, 2026-05-31 08:41:49, null, 2026-05-31 08:41:49, 2026-05-31 08:41:49, null, 7e1fba6b0df869b6e5f4382f9129581a0b3883942ca455a2d307cc7d5721523d, null, null, null, null, 0, a33891bc6131b0e790046e9abbfea6764c398742c23fe0a80a9ae3b5974bfa90, null, f). (Connection: pgsql, SQL: insert into "votes" ("organisation_id", "election_id", "receipt_hash", "id", "data_checksum", "cast_at", "updated_at", "created_at") values (a1e8e7a6-fda5-4cc1-9da0-de0afc27c2f4, a1e8e7a7-00d1-43e9-835e-fe568bad96b5, 7e1fba6b0df869b6e5f4382f9129581a0b3883942ca455a2d307cc7d5721523d, a1e8e7a7-04ad-41ed-b056-3bb64ce742ca, a33891bc6131b0e790046e9abbfea6764c398742c23fe0a80a9ae3b5974bfa90, 2026-05-31 08:41:49, 2026-05-31 08:41:49, 2026-05-31 08:41:49))[39;22m

  at [32mvendor\laravel\framework\src\Illuminate\Database\Connection.php[39m:[32m825[39m
    821▕                     $this->getName(), $query, $this->prepareBindings($bindings), $e
    822▕                 );
    823▕             }
    824▕ 
  ➜ 825▕             throw new QueryException(
    826▕                 $this->getName(), $query, $this->prepareBindings($bindings), $e
    827▕             );
    828▕         }
    829▕     }

  [33m1   [39m[39;1mvendor\laravel\framework\src\Illuminate\Database\Connection.php[39;22m:[39;1m825[39;22m

  [33m2   [39m[39;1mvendor\laravel\framework\src\Illuminate\Database\Connection.php[39;22m:[39;1m571[39;22m
  [90m    NunoMaduro\Collision\Exceptions\TestException::("SQLSTATE[23502]: Not null violation: 7 FEHLER:  NULL-Wert in Spalte »vote_hash« von Relation »votes« verletzt Not-Null-Constraint
DETAIL:  Fehlgeschlagene Zeile enthält (a1e8e7a7-04ad-41ed-b056-3bb64ce742ca, a1e8e7a6-fda5-4cc1-9da0-de0afc27c2f4, a1e8e7a7-00d1-43e9-835e-fe568bad96b5, null, null, null, null, null, null, null, null, null, null, null, null, null, null, null, null, null, null, null, null, null, null, null, null, null, null, null, null, null, null, null, null, null, null, null, null, null, null, null, null, null, null, null, null, null, null, null, null, null, null, null, null, null, null, null, null, null, null, null, null, null, null, 2026-05-31 08:41:49, null, 2026-05-31 08:41:49, 2026-05-31 08:41:49, null, 7e1fba6b0df869b6e5f4382f9129581a0b3883942ca455a2d307cc7d5721523d, null, null, null, null, 0, a33891bc6131b0e790046e9abbfea6764c398742c23fe0a80a9ae3b5974bfa90, null, f).")[39m

  [31m────────────────────────────────────────────────────────────────────────────────────────────────────────────────────[39m  
  [41;1m FAILED [49;22m [1mTests\Unit\Models\VoteTest[22m [90m>[39m vote has participation proof for admin verification           [41;1m QueryException [49;22m  
[39;1m  SQLSTATE[23502]: Not null violation: 7 FEHLER:  NULL-Wert in Spalte »vote_hash« von Relation »votes« verletzt Not-Null-Constraint
DETAIL:  Fehlgeschlagene Zeile enthält (a1e8e7a7-79f6-4a78-b422-2503ed3a3091, a1e8e7a7-7033-4cbc-a797-8d0beb0e3e5a, a1e8e7a7-739a-4f9e-8ab2-5f7ddefda385, null, null, null, null, null, null, null, null, null, null, null, null, null, null, null, null, null, null, null, null, null, null, null, null, null, null, null, null, null, null, null, null, null, null, null, null, null, null, null, null, null, null, null, null, null, null, null, null, null, null, null, null, null, null, null, null, null, null, null, null, null, null, 2026-05-31 08:41:49, null, 2026-05-31 08:41:49, 2026-05-31 08:41:49, null, a9df95db62a0ccd09e0c9a83f335ffdcd922940d9c2b42b64325b882cbbc0961, b4bea704c9b5ebe7432066887d5ec2f226564580dd596a101968283cb2bfb8ae, null, null, null, 0, a33891bc6131b0e790046e9abbfea6764c398742c23fe0a80a9ae3b5974bfa90, null, f). (Connection: pgsql, SQL: insert into "votes" ("organisation_id", "election_id", "receipt_hash", "participation_proof", "id", "data_checksum", "cast_at", "updated_at", "created_at") values (a1e8e7a7-7033-4cbc-a797-8d0beb0e3e5a, a1e8e7a7-739a-4f9e-8ab2-5f7ddefda385, a9df95db62a0ccd09e0c9a83f335ffdcd922940d9c2b42b64325b882cbbc0961, b4bea704c9b5ebe7432066887d5ec2f226564580dd596a101968283cb2bfb8ae, a1e8e7a7-79f6-4a78-b422-2503ed3a3091, a33891bc6131b0e790046e9abbfea6764c398742c23fe0a80a9ae3b5974bfa90, 2026-05-31 08:41:49, 2026-05-31 08:41:49, 2026-05-31 08:41:49))[39;22m

  at [32mvendor\laravel\framework\src\Illuminate\Database\Connection.php[39m:[32m825[39m
    821▕                     $this->getName(), $query, $this->prepareBindings($bindings), $e
    822▕                 );
    823▕             }
    824▕ 
  ➜ 825▕             throw new QueryException(
    826▕                 $this->getName(), $query, $this->prepareBindings($bindings), $e
    827▕             );
    828▕         }
    829▕     }

  [33m1   [39m[39;1mvendor\laravel\framework\src\Illuminate\Database\Connection.php[39;22m:[39;1m825[39;22m

  [33m2   [39m[39;1mvendor\laravel\framework\src\Illuminate\Database\Connection.php[39;22m:[39;1m571[39;22m
  [90m    NunoMaduro\Collision\Exceptions\TestException::("SQLSTATE[23502]: Not null violation: 7 FEHLER:  NULL-Wert in Spalte »vote_hash« von Relation »votes« verletzt Not-Null-Constraint
DETAIL:  Fehlgeschlagene Zeile enthält (a1e8e7a7-79f6-4a78-b422-2503ed3a3091, a1e8e7a7-7033-4cbc-a797-8d0beb0e3e5a, a1e8e7a7-739a-4f9e-8ab2-5f7ddefda385, null, null, null, null, null, null, null, null, null, null, null, null, null, null, null, null, null, null, null, null, null, null, null, null, null, null, null, null, null, null, null, null, null, null, null, null, null, null, null, null, null, null, null, null, null, null, null, null, null, null, null, null, null, null, null, null, null, null, null, null, null, null, 2026-05-31 08:41:49, null, 2026-05-31 08:41:49, 2026-05-31 08:41:49, null, a9df95db62a0ccd09e0c9a83f335ffdcd922940d9c2b42b64325b882cbbc0961, b4bea704c9b5ebe7432066887d5ec2f226564580dd596a101968283cb2bfb8ae, null, null, null, 0, a33891bc6131b0e790046e9abbfea6764c398742c23fe0a80a9ae3b5974bfa90, null, f).")[39m

  [31m────────────────────────────────────────────────────────────────────────────────────────────────────────────────────[39m  
  [41;1m FAILED [49;22m [1mTests\Unit\Models\VoteTest[22m [90m>[39m vote can store encrypted vote data                            [41;1m QueryException [49;22m  
[39;1m  SQLSTATE[23502]: Not null violation: 7 FEHLER:  NULL-Wert in Spalte »vote_hash« von Relation »votes« verletzt Not-Null-Constraint
DETAIL:  Fehlgeschlagene Zeile enthält (a1e8e7a7-e33a-427a-a534-b4c4469881c0, a1e8e7a7-dd41-4918-a78a-cab0aec6eb5e, a1e8e7a7-df92-435e-8f0a-d3381c8abbae, null, null, null, null, null, null, null, null, null, null, null, null, null, null, null, null, null, null, null, null, null, null, null, null, null, null, null, null, null, null, null, null, null, null, null, null, null, null, null, null, null, null, null, null, null, null, null, null, null, null, null, null, null, null, null, null, null, null, null, null, null, null, 2026-05-31 08:41:50, null, 2026-05-31 08:41:50, 2026-05-31 08:41:50, null, a7a4196d620ed60bacf75db8eb7f7bd74b9726f2e155d12bfd582c45cc68b962, null, eyJpdiI6Im4yaTJuYlBhRnRrWExMNkFIUlNNSnc9PSIsInZhbHVlIjoiNXA5Y05l..., null, null, 0, a33891bc6131b0e790046e9abbfea6764c398742c23fe0a80a9ae3b5974bfa90, null, f). (Connection: pgsql, SQL: insert into "votes" ("organisation_id", "election_id", "receipt_hash", "encrypted_vote", "id", "data_checksum", "cast_at", "updated_at", "created_at") values (a1e8e7a7-dd41-4918-a78a-cab0aec6eb5e, a1e8e7a7-df92-435e-8f0a-d3381c8abbae, a7a4196d620ed60bacf75db8eb7f7bd74b9726f2e155d12bfd582c45cc68b962, eyJpdiI6Im4yaTJuYlBhRnRrWExMNkFIUlNNSnc9PSIsInZhbHVlIjoiNXA5Y05lVktyMXVXZzhZQkd6aUZSSlFGTGFvdGZadUZ5aGV4TlNvMWxhWnRiMlpESTVLU0lKVitzL1luYXlCMGVIZmxEblpmSG1zSnlJMjg1Lzd5RXdIdHd0aHFqUkdpZkdNemJFdldRWGtUVmV4VUk1d2Frb2I0T0pWZ3U2bFdQVE0yTHAzOEduaGpmRFlYenNoaHpSSm8rRHMvYjdmNXA2Sk5yZ3B2MklvPSIsIm1hYyI6IjEwMGUzNjM1MTA1YjMwOWU4MzNhNzhkNjdmNDBkNThkZmEyNGFhNWZiMDg1MWUzZmNlZWMyM2E4OTNlMGQ1Y2YiLCJ0YWciOiIifQ==, a1e8e7a7-e33a-427a-a534-b4c4469881c0, a33891bc6131b0e790046e9abbfea6764c398742c23fe0a80a9ae3b5974bfa90, 2026-05-31 08:41:50, 2026-05-31 08:41:50, 2026-05-31 08:41:50))[39;22m

  at [32mvendor\laravel\framework\src\Illuminate\Database\Connection.php[39m:[32m825[39m
    821▕                     $this->getName(), $query, $this->prepareBindings($bindings), $e
    822▕                 );
    823▕             }
    824▕ 
  ➜ 825▕             throw new QueryException(
    826▕                 $this->getName(), $query, $this->prepareBindings($bindings), $e
    827▕             );
    828▕         }
    829▕     }

  [33m1   [39m[39;1mvendor\laravel\framework\src\Illuminate\Database\Connection.php[39;22m:[39;1m825[39;22m

  [33m2   [39m[39;1mvendor\laravel\framework\src\Illuminate\Database\Connection.php[39;22m:[39;1m571[39;22m
  [90m    NunoMaduro\Collision\Exceptions\TestException::("SQLSTATE[23502]: Not null violation: 7 FEHLER:  NULL-Wert in Spalte »vote_hash« von Relation »votes« verletzt Not-Null-Constraint
DETAIL:  Fehlgeschlagene Zeile enthält (a1e8e7a7-e33a-427a-a534-b4c4469881c0, a1e8e7a7-dd41-4918-a78a-cab0aec6eb5e, a1e8e7a7-df92-435e-8f0a-d3381c8abbae, null, null, null, null, null, null, null, null, null, null, null, null, null, null, null, null, null, null, null, null, null, null, null, null, null, null, null, null, null, null, null, null, null, null, null, null, null, null, null, null, null, null, null, null, null, null, null, null, null, null, null, null, null, null, null, null, null, null, null, null, null, null, 2026-05-31 08:41:50, null, 2026-05-31 08:41:50, 2026-05-31 08:41:50, null, a7a4196d620ed60bacf75db8eb7f7bd74b9726f2e155d12bfd582c45cc68b962, null, eyJpdiI6Im4yaTJuYlBhRnRrWExMNkFIUlNNSnc9PSIsInZhbHVlIjoiNXA5Y05l..., null, null, 0, a33891bc6131b0e790046e9abbfea6764c398742c23fe0a80a9ae3b5974bfa90, null, f).")[39m

  [31m────────────────────────────────────────────────────────────────────────────────────────────────────────────────────[39m  
  [41;1m FAILED [49;22m [1mTests\Unit\Models\VoteTest[22m [90m>[39m vote can verify by receipt                                    [41;1m QueryException [49;22m  
[39;1m  SQLSTATE[23502]: Not null violation: 7 FEHLER:  NULL-Wert in Spalte »vote_hash« von Relation »votes« verletzt Not-Null-Constraint
DETAIL:  Fehlgeschlagene Zeile enthält (a1e8e7a8-8681-4e9a-a45c-2676b409d005, a1e8e7a8-7d53-451a-a487-8455ecdd11c3, a1e8e7a8-7fc5-416a-bbb5-9e5ccaad655a, null, null, null, null, null, null, null, null, null, null, null, null, null, null, null, null, null, null, null, null, null, null, null, null, null, null, null, null, null, null, null, null, null, null, null, null, null, null, null, null, null, null, null, null, null, null, null, null, null, null, null, null, null, null, null, null, null, null, null, null, null, null, 2026-05-31 08:41:50, null, 2026-05-31 08:41:50, 2026-05-31 08:41:50, null, d17a2fb45a2953210670fa90bf03a5fd12ee701a8487645c9b03f256f1e0da17, null, null, null, null, 0, a33891bc6131b0e790046e9abbfea6764c398742c23fe0a80a9ae3b5974bfa90, null, f). (Connection: pgsql, SQL: insert into "votes" ("organisation_id", "election_id", "receipt_hash", "id", "data_checksum", "cast_at", "updated_at", "created_at") values (a1e8e7a8-7d53-451a-a487-8455ecdd11c3, a1e8e7a8-7fc5-416a-bbb5-9e5ccaad655a, d17a2fb45a2953210670fa90bf03a5fd12ee701a8487645c9b03f256f1e0da17, a1e8e7a8-8681-4e9a-a45c-2676b409d005, a33891bc6131b0e790046e9abbfea6764c398742c23fe0a80a9ae3b5974bfa90, 2026-05-31 08:41:50, 2026-05-31 08:41:50, 2026-05-31 08:41:50))[39;22m

  at [32mvendor\laravel\framework\src\Illuminate\Database\Connection.php[39m:[32m825[39m
    821▕                     $this->getName(), $query, $this->prepareBindings($bindings), $e
    822▕                 );
    823▕             }
    824▕ 
  ➜ 825▕             throw new QueryException(
    826▕                 $this->getName(), $query, $this->prepareBindings($bindings), $e
    827▕             );
    828▕         }
    829▕     }

  [33m1   [39m[39;1mvendor\laravel\framework\src\Illuminate\Database\Connection.php[39;22m:[39;1m825[39;22m

  [33m2   [39m[39;1mvendor\laravel\framework\src\Illuminate\Database\Connection.php[39;22m:[39;1m571[39;22m
  [90m    NunoMaduro\Collision\Exceptions\TestException::("SQLSTATE[23502]: Not null violation: 7 FEHLER:  NULL-Wert in Spalte »vote_hash« von Relation »votes« verletzt Not-Null-Constraint
DETAIL:  Fehlgeschlagene Zeile enthält (a1e8e7a8-8681-4e9a-a45c-2676b409d005, a1e8e7a8-7d53-451a-a487-8455ecdd11c3, a1e8e7a8-7fc5-416a-bbb5-9e5ccaad655a, null, null, null, null, null, null, null, null, null, null, null, null, null, null, null, null, null, null, null, null, null, null, null, null, null, null, null, null, null, null, null, null, null, null, null, null, null, null, null, null, null, null, null, null, null, null, null, null, null, null, null, null, null, null, null, null, null, null, null, null, null, null, 2026-05-31 08:41:50, null, 2026-05-31 08:41:50, 2026-05-31 08:41:50, null, d17a2fb45a2953210670fa90bf03a5fd12ee701a8487645c9b03f256f1e0da17, null, null, null, null, 0, a33891bc6131b0e790046e9abbfea6764c398742c23fe0a80a9ae3b5974bfa90, null, f).")[39m

  [31m────────────────────────────────────────────────────────────────────────────────────────────────────────────────────[39m  
  [41;1m FAILED [49;22m [1mTests\Unit\Models\VoteTest[22m [90m>[39m vote can prove participation                                  [41;1m QueryException [49;22m  
[39;1m  SQLSTATE[23502]: Not null violation: 7 FEHLER:  NULL-Wert in Spalte »vote_hash« von Relation »votes« verletzt Not-Null-Constraint
DETAIL:  Fehlgeschlagene Zeile enthält (a1e8e7a8-f18c-4e34-9599-86112f61731a, a1e8e7a8-eb8b-4810-b1d0-a847bdefccaf, a1e8e7a8-ede7-49b7-aaaf-6c8ef59ad1e7, null, null, null, null, null, null, null, null, null, null, null, null, null, null, null, null, null, null, null, null, null, null, null, null, null, null, null, null, null, null, null, null, null, null, null, null, null, null, null, null, null, null, null, null, null, null, null, null, null, null, null, null, null, null, null, null, null, null, null, null, null, null, 2026-05-31 08:41:50, null, 2026-05-31 08:41:50, 2026-05-31 08:41:50, null, 8bbab0bd6d0150c0200d06add8b1e6a2498924a26349262747521647a444cb79, bd24db9f568a68a243f69f933b1285dd9a49d4b7c8eb45e9c895f64b9bb15ab4, null, null, null, 0, a33891bc6131b0e790046e9abbfea6764c398742c23fe0a80a9ae3b5974bfa90, null, f). (Connection: pgsql, SQL: insert into "votes" ("organisation_id", "election_id", "receipt_hash", "participation_proof", "id", "data_checksum", "cast_at", "updated_at", "created_at") values (a1e8e7a8-eb8b-4810-b1d0-a847bdefccaf, a1e8e7a8-ede7-49b7-aaaf-6c8ef59ad1e7, 8bbab0bd6d0150c0200d06add8b1e6a2498924a26349262747521647a444cb79, bd24db9f568a68a243f69f933b1285dd9a49d4b7c8eb45e9c895f64b9bb15ab4, a1e8e7a8-f18c-4e34-9599-86112f61731a, a33891bc6131b0e790046e9abbfea6764c398742c23fe0a80a9ae3b5974bfa90, 2026-05-31 08:41:50, 2026-05-31 08:41:50, 2026-05-31 08:41:50))[39;22m

  at [32mvendor\laravel\framework\src\Illuminate\Database\Connection.php[39m:[32m825[39m
    821▕                     $this->getName(), $query, $this->prepareBindings($bindings), $e
    822▕                 );
    823▕             }
    824▕ 
  ➜ 825▕             throw new QueryException(
    826▕                 $this->getName(), $query, $this->prepareBindings($bindings), $e
    827▕             );
    828▕         }
    829▕     }

  [33m1   [39m[39;1mvendor\laravel\framework\src\Illuminate\Database\Connection.php[39;22m:[39;1m825[39;22m

  [33m2   [39m[39;1mvendor\laravel\framework\src\Illuminate\Database\Connection.php[39;22m:[39;1m571[39;22m
  [90m    NunoMaduro\Collision\Exceptions\TestException::("SQLSTATE[23502]: Not null violation: 7 FEHLER:  NULL-Wert in Spalte »vote_hash« von Relation »votes« verletzt Not-Null-Constraint
DETAIL:  Fehlgeschlagene Zeile enthält (a1e8e7a8-f18c-4e34-9599-86112f61731a, a1e8e7a8-eb8b-4810-b1d0-a847bdefccaf, a1e8e7a8-ede7-49b7-aaaf-6c8ef59ad1e7, null, null, null, null, null, null, null, null, null, null, null, null, null, null, null, null, null, null, null, null, null, null, null, null, null, null, null, null, null, null, null, null, null, null, null, null, null, null, null, null, null, null, null, null, null, null, null, null, null, null, null, null, null, null, null, null, null, null, null, null, null, null, 2026-05-31 08:41:50, null, 2026-05-31 08:41:50, 2026-05-31 08:41:50, null, 8bbab0bd6d0150c0200d06add8b1e6a2498924a26349262747521647a444cb79, bd24db9f568a68a243f69f933b1285dd9a49d4b7c8eb45e9c895f64b9bb15ab4, null, null, null, 0, a33891bc6131b0e790046e9abbfea6764c398742c23fe0a80a9ae3b5974bfa90, null, f).")[39m

  [31m────────────────────────────────────────────────────────────────────────────────────────────────────────────────────[39m  
  [41;1m FAILED [49;22m [1mTests\Unit\Models\VoteTest[22m [90m>[39m vote has device fingerprint for fraud detection               [41;1m QueryException [49;22m  
[39;1m  SQLSTATE[23502]: Not null violation: 7 FEHLER:  NULL-Wert in Spalte »vote_hash« von Relation »votes« verletzt Not-Null-Constraint
DETAIL:  Fehlgeschlagene Zeile enthält (a1e8e7a9-5ccc-45a5-9723-88584419413d, a1e8e7a9-575c-4f2a-960f-e139db86744b, a1e8e7a9-5914-4994-8db3-d6fe2d537936, null, null, null, null, null, null, null, null, null, null, null, null, null, null, null, null, null, null, null, null, null, null, null, null, null, null, null, null, null, null, null, null, null, null, null, null, null, null, null, null, null, null, null, null, null, null, null, null, null, null, null, null, null, null, null, null, null, null, null, null, null, null, 2026-05-31 08:41:51, null, 2026-05-31 08:41:51, 2026-05-31 08:41:51, null, 74dad3383d10572f305194950fee83d91dbe22edcc876f791d654e7b3d76b28e, null, null, 9ae0fbed4c865c17680a6a90cdcbbe6902693742116a241174af379a3ceba712, null, 0, a33891bc6131b0e790046e9abbfea6764c398742c23fe0a80a9ae3b5974bfa90, null, f). (Connection: pgsql, SQL: insert into "votes" ("organisation_id", "election_id", "receipt_hash", "device_fingerprint_hash", "id", "data_checksum", "cast_at", "updated_at", "created_at") values (a1e8e7a9-575c-4f2a-960f-e139db86744b, a1e8e7a9-5914-4994-8db3-d6fe2d537936, 74dad3383d10572f305194950fee83d91dbe22edcc876f791d654e7b3d76b28e, 9ae0fbed4c865c17680a6a90cdcbbe6902693742116a241174af379a3ceba712, a1e8e7a9-5ccc-45a5-9723-88584419413d, a33891bc6131b0e790046e9abbfea6764c398742c23fe0a80a9ae3b5974bfa90, 2026-05-31 08:41:51, 2026-05-31 08:41:51, 2026-05-31 08:41:51))[39;22m

  at [32mvendor\laravel\framework\src\Illuminate\Database\Connection.php[39m:[32m825[39m
    821▕                     $this->getName(), $query, $this->prepareBindings($bindings), $e
    822▕                 );
    823▕             }
    824▕ 
  ➜ 825▕             throw new QueryException(
    826▕                 $this->getName(), $query, $this->prepareBindings($bindings), $e
    827▕             );
    828▕         }
    829▕     }

  [33m1   [39m[39;1mvendor\laravel\framework\src\Illuminate\Database\Connection.php[39;22m:[39;1m825[39;22m

  [33m2   [39m[39;1mvendor\laravel\framework\src\Illuminate\Database\Connection.php[39;22m:[39;1m571[39;22m
  [90m    NunoMaduro\Collision\Exceptions\TestException::("SQLSTATE[23502]: Not null violation: 7 FEHLER:  NULL-Wert in Spalte »vote_hash« von Relation »votes« verletzt Not-Null-Constraint
DETAIL:  Fehlgeschlagene Zeile enthält (a1e8e7a9-5ccc-45a5-9723-88584419413d, a1e8e7a9-575c-4f2a-960f-e139db86744b, a1e8e7a9-5914-4994-8db3-d6fe2d537936, null, null, null, null, null, null, null, null, null, null, null, null, null, null, null, null, null, null, null, null, null, null, null, null, null, null, null, null, null, null, null, null, null, null, null, null, null, null, null, null, null, null, null, null, null, null, null, null, null, null, null, null, null, null, null, null, null, null, null, null, null, null, 2026-05-31 08:41:51, null, 2026-05-31 08:41:51, 2026-05-31 08:41:51, null, 74dad3383d10572f305194950fee83d91dbe22edcc876f791d654e7b3d76b28e, null, null, 9ae0fbed4c865c17680a6a90cdcbbe6902693742116a241174af379a3ceba712, null, 0, a33891bc6131b0e790046e9abbfea6764c398742c23fe0a80a9ae3b5974bfa90, null, f).")[39m

  [31m────────────────────────────────────────────────────────────────────────────────────────────────────────────────────[39m  
  [41;1m FAILED [49;22m [1mTests\Unit\Models\VoteTest[22m [90m>[39m vote can detect duplicate device                              [41;1m QueryException [49;22m  
[39;1m  SQLSTATE[23502]: Not null violation: 7 FEHLER:  NULL-Wert in Spalte »vote_hash« von Relation »votes« verletzt Not-Null-Constraint
DETAIL:  Fehlgeschlagene Zeile enthält (a1e8e7a9-bed5-4039-92c1-b5e774bc59ab, a1e8e7a9-b79a-4dd8-adb4-25f92e11caa9, a1e8e7a9-ba3e-45c6-9fa0-573e40ff9ea7, null, null, null, null, null, null, null, null, null, null, null, null, null, null, null, null, null, null, null, null, null, null, null, null, null, null, null, null, null, null, null, null, null, null, null, null, null, null, null, null, null, null, null, null, null, null, null, null, null, null, null, null, null, null, null, null, null, null, null, null, null, null, 2026-05-31 08:41:51, null, 2026-05-31 08:41:51, 2026-05-31 08:41:51, null, c68ca5c4915c431931fbeadd814cfb27272d9ef584978bffb00c008ff5e9f27a, null, null, 9ae0fbed4c865c17680a6a90cdcbbe6902693742116a241174af379a3ceba712, null, 0, a33891bc6131b0e790046e9abbfea6764c398742c23fe0a80a9ae3b5974bfa90, null, f). (Connection: pgsql, SQL: insert into "votes" ("organisation_id", "election_id", "receipt_hash", "device_fingerprint_hash", "id", "data_checksum", "cast_at", "updated_at", "created_at") values (a1e8e7a9-b79a-4dd8-adb4-25f92e11caa9, a1e8e7a9-ba3e-45c6-9fa0-573e40ff9ea7, c68ca5c4915c431931fbeadd814cfb27272d9ef584978bffb00c008ff5e9f27a, 9ae0fbed4c865c17680a6a90cdcbbe6902693742116a241174af379a3ceba712, a1e8e7a9-bed5-4039-92c1-b5e774bc59ab, a33891bc6131b0e790046e9abbfea6764c398742c23fe0a80a9ae3b5974bfa90, 2026-05-31 08:41:51, 2026-05-31 08:41:51, 2026-05-31 08:41:51))[39;22m

  at [32mvendor\laravel\framework\src\Illuminate\Database\Connection.php[39m:[32m825[39m
    821▕                     $this->getName(), $query, $this->prepareBindings($bindings), $e
    822▕                 );
    823▕             }
    824▕ 
  ➜ 825▕             throw new QueryException(
    826▕                 $this->getName(), $query, $this->prepareBindings($bindings), $e
    827▕             );
    828▕         }
    829▕     }

  [33m1   [39m[39;1mvendor\laravel\framework\src\Illuminate\Database\Connection.php[39;22m:[39;1m825[39;22m

  [33m2   [39m[39;1mvendor\laravel\framework\src\Illuminate\Database\Connection.php[39;22m:[39;1m571[39;22m
  [90m    NunoMaduro\Collision\Exceptions\TestException::("SQLSTATE[23502]: Not null violation: 7 FEHLER:  NULL-Wert in Spalte »vote_hash« von Relation »votes« verletzt Not-Null-Constraint
DETAIL:  Fehlgeschlagene Zeile enthält (a1e8e7a9-bed5-4039-92c1-b5e774bc59ab, a1e8e7a9-b79a-4dd8-adb4-25f92e11caa9, a1e8e7a9-ba3e-45c6-9fa0-573e40ff9ea7, null, null, null, null, null, null, null, null, null, null, null, null, null, null, null, null, null, null, null, null, null, null, null, null, null, null, null, null, null, null, null, null, null, null, null, null, null, null, null, null, null, null, null, null, null, null, null, null, null, null, null, null, null, null, null, null, null, null, null, null, null, null, 2026-05-31 08:41:51, null, 2026-05-31 08:41:51, 2026-05-31 08:41:51, null, c68ca5c4915c431931fbeadd814cfb27272d9ef584978bffb00c008ff5e9f27a, null, null, 9ae0fbed4c865c17680a6a90cdcbbe6902693742116a241174af379a3ceba712, null, 0, a33891bc6131b0e790046e9abbfea6764c398742c23fe0a80a9ae3b5974bfa90, null, f).")[39m

  [31m────────────────────────────────────────────────────────────────────────────────────────────────────────────────────[39m  
  [41;1m FAILED [49;22m [1mTests\Unit\Models\VoteValidationTest[22m [90m>[39m real vote without organisation id throws exception  [41;1m QueryException [49;22m  
[39;1m  SQLSTATE[42704]: Undefined object: 7 FEHLER:  unbekannter Konfigurationsparameter »foreign_key_checks« (Connection: pgsql, SQL: SET FOREIGN_KEY_CHECKS=0)[39;22m

  at [32mvendor\laravel\framework\src\Illuminate\Database\Connection.php[39m:[32m825[39m
    821▕                     $this->getName(), $query, $this->prepareBindings($bindings), $e
    822▕                 );
    823▕             }
    824▕ 
  ➜ 825▕             throw new QueryException(
    826▕                 $this->getName(), $query, $this->prepareBindings($bindings), $e
    827▕             );
    828▕         }
    829▕     }

  [33m1   [39m[39;1mvendor\laravel\framework\src\Illuminate\Database\Connection.php[39;22m:[39;1m825[39;22m

  [33m2   [39m[39;1mvendor\laravel\framework\src\Illuminate\Database\Connection.php[39;22m:[39;1m571[39;22m
  [90m    NunoMaduro\Collision\Exceptions\TestException::("SQLSTATE[42704]: Undefined object: 7 FEHLER:  unbekannter Konfigurationsparameter »foreign_key_checks«")[39m

  [31m────────────────────────────────────────────────────────────────────────────────────────────────────────────────────[39m  
  [41;1m FAILED [49;22m [1mTests\Unit\Models\VoteValidationTest[22m [90m>[39m real vote without election id throws exception      [41;1m QueryException [49;22m  
[39;1m  SQLSTATE[42704]: Undefined object: 7 FEHLER:  unbekannter Konfigurationsparameter »foreign_key_checks« (Connection: pgsql, SQL: SET FOREIGN_KEY_CHECKS=0)[39;22m

  at [32mvendor\laravel\framework\src\Illuminate\Database\Connection.php[39m:[32m825[39m
    821▕                     $this->getName(), $query, $this->prepareBindings($bindings), $e
    822▕                 );
    823▕             }
    824▕ 
  ➜ 825▕             throw new QueryException(
    826▕                 $this->getName(), $query, $this->prepareBindings($bindings), $e
    827▕             );
    828▕         }
    829▕     }

  [33m1   [39m[39;1mvendor\laravel\framework\src\Illuminate\Database\Connection.php[39;22m:[39;1m825[39;22m

  [33m2   [39m[39;1mvendor\laravel\framework\src\Illuminate\Database\Connection.php[39;22m:[39;1m571[39;22m
  [90m    NunoMaduro\Collision\Exceptions\TestException::("SQLSTATE[42704]: Undefined object: 7 FEHLER:  unbekannter Konfigurationsparameter »foreign_key_checks«")[39m

  [31m────────────────────────────────────────────────────────────────────────────────────────────────────────────────────[39m  
  [41;1m FAILED [49;22m [1mTests\Unit\Models\VoteValidationTest[22m [90m>[39m real vote with invalid election id throws exceptio… [41;1m QueryException [49;22m  
[39;1m  SQLSTATE[42704]: Undefined object: 7 FEHLER:  unbekannter Konfigurationsparameter »foreign_key_checks« (Connection: pgsql, SQL: SET FOREIGN_KEY_CHECKS=0)[39;22m

  at [32mvendor\laravel\framework\src\Illuminate\Database\Connection.php[39m:[32m825[39m
    821▕                     $this->getName(), $query, $this->prepareBindings($bindings), $e
    822▕                 );
    823▕             }
    824▕ 
  ➜ 825▕             throw new QueryException(
    826▕                 $this->getName(), $query, $this->prepareBindings($bindings), $e
    827▕             );
    828▕         }
    829▕     }

  [33m1   [39m[39;1mvendor\laravel\framework\src\Illuminate\Database\Connection.php[39;22m:[39;1m825[39;22m

  [33m2   [39m[39;1mvendor\laravel\framework\src\Illuminate\Database\Connection.php[39;22m:[39;1m571[39;22m
  [90m    NunoMaduro\Collision\Exceptions\TestException::("SQLSTATE[42704]: Undefined object: 7 FEHLER:  unbekannter Konfigurationsparameter »foreign_key_checks«")[39m

  [31m────────────────────────────────────────────────────────────────────────────────────────────────────────────────────[39m  
  [41;1m FAILED [49;22m [1mTests\Unit\Models\VoteValidationTest[22m [90m>[39m real vote with mismatched organisation throws exce… [41;1m QueryException [49;22m  
[39;1m  SQLSTATE[42704]: Undefined object: 7 FEHLER:  unbekannter Konfigurationsparameter »foreign_key_checks« (Connection: pgsql, SQL: SET FOREIGN_KEY_CHECKS=0)[39;22m

  at [32mvendor\laravel\framework\src\Illuminate\Database\Connection.php[39m:[32m825[39m
    821▕                     $this->getName(), $query, $this->prepareBindings($bindings), $e
    822▕                 );
    823▕             }
    824▕ 
  ➜ 825▕             throw new QueryException(
    826▕                 $this->getName(), $query, $this->prepareBindings($bindings), $e
    827▕             );
    828▕         }
    829▕     }

  [33m1   [39m[39;1mvendor\laravel\framework\src\Illuminate\Database\Connection.php[39;22m:[39;1m825[39;22m

  [33m2   [39m[39;1mvendor\laravel\framework\src\Illuminate\Database\Connection.php[39;22m:[39;1m571[39;22m
  [90m    NunoMaduro\Collision\Exceptions\TestException::("SQLSTATE[42704]: Undefined object: 7 FEHLER:  unbekannter Konfigurationsparameter »foreign_key_checks«")[39m

  [31m────────────────────────────────────────────────────────────────────────────────────────────────────────────────────[39m  
  [41;1m FAILED [49;22m [1mTests\Unit\Models\VoteValidationTest[22m [90m>[39m valid real vote passes validation                   [41;1m QueryException [49;22m  
[39;1m  SQLSTATE[42704]: Undefined object: 7 FEHLER:  unbekannter Konfigurationsparameter »foreign_key_checks« (Connection: pgsql, SQL: SET FOREIGN_KEY_CHECKS=0)[39;22m

  at [32mvendor\laravel\framework\src\Illuminate\Database\Connection.php[39m:[32m825[39m
    821▕                     $this->getName(), $query, $this->prepareBindings($bindings), $e
    822▕                 );
    823▕             }
    824▕ 
  ➜ 825▕             throw new QueryException(
    826▕                 $this->getName(), $query, $this->prepareBindings($bindings), $e
    827▕             );
    828▕         }
    829▕     }

  [33m1   [39m[39;1mvendor\laravel\framework\src\Illuminate\Database\Connection.php[39;22m:[39;1m825[39;22m

  [33m2   [39m[39;1mvendor\laravel\framework\src\Illuminate\Database\Connection.php[39;22m:[39;1m571[39;22m
  [90m    NunoMaduro\Collision\Exceptions\TestException::("SQLSTATE[42704]: Undefined object: 7 FEHLER:  unbekannter Konfigurationsparameter »foreign_key_checks«")[39m

  [31m────────────────────────────────────────────────────────────────────────────────────────────────────────────────────[39m  
  [41;1m FAILED [49;22m [1mTests\Unit\Models\VoteValidationTest[22m [90m>[39m demo vote bypasses real vote validation             [41;1m QueryException [49;22m  
[39;1m  SQLSTATE[42704]: Undefined object: 7 FEHLER:  unbekannter Konfigurationsparameter »foreign_key_checks« (Connection: pgsql, SQL: SET FOREIGN_KEY_CHECKS=0)[39;22m

  at [32mvendor\laravel\framework\src\Illuminate\Database\Connection.php[39m:[32m825[39m
    821▕                     $this->getName(), $query, $this->prepareBindings($bindings), $e
    822▕                 );
    823▕             }
    824▕ 
  ➜ 825▕             throw new QueryException(
    826▕                 $this->getName(), $query, $this->prepareBindings($bindings), $e
    827▕             );
    828▕         }
    829▕     }

  [33m1   [39m[39;1mvendor\laravel\framework\src\Illuminate\Database\Connection.php[39;22m:[39;1m825[39;22m

  [33m2   [39m[39;1mvendor\laravel\framework\src\Illuminate\Database\Connection.php[39;22m:[39;1m571[39;22m
  [90m    NunoMaduro\Collision\Exceptions\TestException::("SQLSTATE[42704]: Undefined object: 7 FEHLER:  unbekannter Konfigurationsparameter »foreign_key_checks«")[39m

  [31m────────────────────────────────────────────────────────────────────────────────────────────────────────────────────[39m  
  [41;1m FAILED [49;22m [1mTests\Unit\Models\VoteValidationTest[22m [90m>[39m real result without organisation id throws excepti… [41;1m QueryException [49;22m  
[39;1m  SQLSTATE[42704]: Undefined object: 7 FEHLER:  unbekannter Konfigurationsparameter »foreign_key_checks« (Connection: pgsql, SQL: SET FOREIGN_KEY_CHECKS=0)[39;22m

  at [32mvendor\laravel\framework\src\Illuminate\Database\Connection.php[39m:[32m825[39m
    821▕                     $this->getName(), $query, $this->prepareBindings($bindings), $e
    822▕                 );
    823▕             }
    824▕ 
  ➜ 825▕             throw new QueryException(
    826▕                 $this->getName(), $query, $this->prepareBindings($bindings), $e
    827▕             );
    828▕         }
    829▕     }

  [33m1   [39m[39;1mvendor\laravel\framework\src\Illuminate\Database\Connection.php[39;22m:[39;1m825[39;22m

  [33m2   [39m[39;1mvendor\laravel\framework\src\Illuminate\Database\Connection.php[39;22m:[39;1m571[39;22m
  [90m    NunoMaduro\Collision\Exceptions\TestException::("SQLSTATE[42704]: Undefined object: 7 FEHLER:  unbekannter Konfigurationsparameter »foreign_key_checks«")[39m

  [31m────────────────────────────────────────────────────────────────────────────────────────────────────────────────────[39m  
  [41;1m FAILED [49;22m [1mTests\Unit\Models\VoteValidationTest[22m [90m>[39m real result without vote id throws exception        [41;1m QueryException [49;22m  
[39;1m  SQLSTATE[42704]: Undefined object: 7 FEHLER:  unbekannter Konfigurationsparameter »foreign_key_checks« (Connection: pgsql, SQL: SET FOREIGN_KEY_CHECKS=0)[39;22m

  at [32mvendor\laravel\framework\src\Illuminate\Database\Connection.php[39m:[32m825[39m
    821▕                     $this->getName(), $query, $this->prepareBindings($bindings), $e
    822▕                 );
    823▕             }
    824▕ 
  ➜ 825▕             throw new QueryException(
    826▕                 $this->getName(), $query, $this->prepareBindings($bindings), $e
    827▕             );
    828▕         }
    829▕     }

  [33m1   [39m[39;1mvendor\laravel\framework\src\Illuminate\Database\Connection.php[39;22m:[39;1m825[39;22m

  [33m2   [39m[39;1mvendor\laravel\framework\src\Illuminate\Database\Connection.php[39;22m:[39;1m571[39;22m
  [90m    NunoMaduro\Collision\Exceptions\TestException::("SQLSTATE[42704]: Undefined object: 7 FEHLER:  unbekannter Konfigurationsparameter »foreign_key_checks«")[39m

  [31m────────────────────────────────────────────────────────────────────────────────────────────────────────────────────[39m  
  [41;1m FAILED [49;22m [1mTests\Unit\Models\VoteValidationTest[22m [90m>[39m real result with invalid vote id throws exception   [41;1m QueryException [49;22m  
[39;1m  SQLSTATE[42704]: Undefined object: 7 FEHLER:  unbekannter Konfigurationsparameter »foreign_key_checks« (Connection: pgsql, SQL: SET FOREIGN_KEY_CHECKS=0)[39;22m

  at [32mvendor\laravel\framework\src\Illuminate\Database\Connection.php[39m:[32m825[39m
    821▕                     $this->getName(), $query, $this->prepareBindings($bindings), $e
    822▕                 );
    823▕             }
    824▕ 
  ➜ 825▕             throw new QueryException(
    826▕                 $this->getName(), $query, $this->prepareBindings($bindings), $e
    827▕             );
    828▕         }
    829▕     }

  [33m1   [39m[39;1mvendor\laravel\framework\src\Illuminate\Database\Connection.php[39;22m:[39;1m825[39;22m

  [33m2   [39m[39;1mvendor\laravel\framework\src\Illuminate\Database\Connection.php[39;22m:[39;1m571[39;22m
  [90m    NunoMaduro\Collision\Exceptions\TestException::("SQLSTATE[42704]: Undefined object: 7 FEHLER:  unbekannter Konfigurationsparameter »foreign_key_checks«")[39m

  [31m────────────────────────────────────────────────────────────────────────────────────────────────────────────────────[39m  
  [41;1m FAILED [49;22m [1mTests\Unit\Models\VoteValidationTest[22m [90m>[39m real result with mismatched organisation throws ex… [41;1m QueryException [49;22m  
[39;1m  SQLSTATE[42704]: Undefined object: 7 FEHLER:  unbekannter Konfigurationsparameter »foreign_key_checks« (Connection: pgsql, SQL: SET FOREIGN_KEY_CHECKS=0)[39;22m

  at [32mvendor\laravel\framework\src\Illuminate\Database\Connection.php[39m:[32m825[39m
    821▕                     $this->getName(), $query, $this->prepareBindings($bindings), $e
    822▕                 );
    823▕             }
    824▕ 
  ➜ 825▕             throw new QueryException(
    826▕                 $this->getName(), $query, $this->prepareBindings($bindings), $e
    827▕             );
    828▕         }
    829▕     }

  [33m1   [39m[39;1mvendor\laravel\framework\src\Illuminate\Database\Connection.php[39;22m:[39;1m825[39;22m

  [33m2   [39m[39;1mvendor\laravel\framework\src\Illuminate\Database\Connection.php[39;22m:[39;1m571[39;22m
  [90m    NunoMaduro\Collision\Exceptions\TestException::("SQLSTATE[42704]: Undefined object: 7 FEHLER:  unbekannter Konfigurationsparameter »foreign_key_checks«")[39m

  [31m────────────────────────────────────────────────────────────────────────────────────────────────────────────────────[39m  
  [41;1m FAILED [49;22m [1mTests\Unit\Models\VoteValidationTest[22m [90m>[39m valid real result passes validation                 [41;1m QueryException [49;22m  
[39;1m  SQLSTATE[42704]: Undefined object: 7 FEHLER:  unbekannter Konfigurationsparameter »foreign_key_checks« (Connection: pgsql, SQL: SET FOREIGN_KEY_CHECKS=0)[39;22m

  at [32mvendor\laravel\framework\src\Illuminate\Database\Connection.php[39m:[32m825[39m
    821▕                     $this->getName(), $query, $this->prepareBindings($bindings), $e
    822▕                 );
    823▕             }
    824▕ 
  ➜ 825▕             throw new QueryException(
    826▕                 $this->getName(), $query, $this->prepareBindings($bindings), $e
    827▕             );
    828▕         }
    829▕     }

  [33m1   [39m[39;1mvendor\laravel\framework\src\Illuminate\Database\Connection.php[39;22m:[39;1m825[39;22m

  [33m2   [39m[39;1mvendor\laravel\framework\src\Illuminate\Database\Connection.php[39;22m:[39;1m571[39;22m
  [90m    NunoMaduro\Collision\Exceptions\TestException::("SQLSTATE[42704]: Undefined object: 7 FEHLER:  unbekannter Konfigurationsparameter »foreign_key_checks«")[39m

  [31m────────────────────────────────────────────────────────────────────────────────────────────────────────────────────[39m  
  [41;1m FAILED [49;22m [1mTests\Unit\Models\VoteValidationTest[22m [90m>[39m demo result bypasses real result validation         [41;1m QueryException [49;22m  
[39;1m  SQLSTATE[42704]: Undefined object: 7 FEHLER:  unbekannter Konfigurationsparameter »foreign_key_checks« (Connection: pgsql, SQL: SET FOREIGN_KEY_CHECKS=0)[39;22m

  at [32mvendor\laravel\framework\src\Illuminate\Database\Connection.php[39m:[32m825[39m
    821▕                     $this->getName(), $query, $this->prepareBindings($bindings), $e
    822▕                 );
    823▕             }
    824▕ 
  ➜ 825▕             throw new QueryException(
    826▕                 $this->getName(), $query, $this->prepareBindings($bindings), $e
    827▕             );
    828▕         }
    829▕     }

  [33m1   [39m[39;1mvendor\laravel\framework\src\Illuminate\Database\Connection.php[39;22m:[39;1m825[39;22m

  [33m2   [39m[39;1mvendor\laravel\framework\src\Illuminate\Database\Connection.php[39;22m:[39;1m571[39;22m
  [90m    NunoMaduro\Collision\Exceptions\TestException::("SQLSTATE[42704]: Undefined object: 7 FEHLER:  unbekannter Konfigurationsparameter »foreign_key_checks«")[39m

  [31m────────────────────────────────────────────────────────────────────────────────────────────────────────────────────[39m  
  [41;1m FAILED [49;22m [1mTests\Unit\Models\VoteValidationTest[22m [90m>[39m complete real voting workflow passes validation     [41;1m QueryException [49;22m  
[39;1m  SQLSTATE[42704]: Undefined object: 7 FEHLER:  unbekannter Konfigurationsparameter »foreign_key_checks« (Connection: pgsql, SQL: SET FOREIGN_KEY_CHECKS=0)[39;22m

  at [32mvendor\laravel\framework\src\Illuminate\Database\Connection.php[39m:[32m825[39m
    821▕                     $this->getName(), $query, $this->prepareBindings($bindings), $e
    822▕                 );
    823▕             }
    824▕ 
  ➜ 825▕             throw new QueryException(
    826▕                 $this->getName(), $query, $this->prepareBindings($bindings), $e
    827▕             );
    828▕         }
    829▕     }

  [33m1   [39m[39;1mvendor\laravel\framework\src\Illuminate\Database\Connection.php[39;22m:[39;1m825[39;22m

  [33m2   [39m[39;1mvendor\laravel\framework\src\Illuminate\Database\Connection.php[39;22m:[39;1m571[39;22m
  [90m    NunoMaduro\Collision\Exceptions\TestException::("SQLSTATE[42704]: Undefined object: 7 FEHLER:  unbekannter Konfigurationsparameter »foreign_key_checks«")[39m

  [31m────────────────────────────────────────────────────────────────────────────────────────────────────────────────────[39m  
  [41;1m FAILED [49;22m [1mTests\Unit\Models\VoterSlugTest[22m [90m>[39m voter slug belongs to user           [41;1m UniqueConstraintViolationException [49;22m  
[39;1m  SQLSTATE[23505]: Unique violation: 7 FEHLER:  doppelter Schlüsselwert verletzt Unique-Constraint »users_email_unique«
DETAIL:  Schlüssel »(email)=(test@example.com)« existiert bereits. (Connection: pgsql, SQL: insert into users (id, organisation_id, name, email, password, created_at, updated_at) values (29ae1499-331d-4a51-a1f4-4ae99e203980, a1e8e7b4-07f3-440c-9d3d-b90ef38ee022, Test User, test@example.com, $2y$04$6PQPCnc3chII23ceLPOqH.CJ1mc2kmP7B/rAshqb19JGKqI8TLD0i, 2026-05-31 08:41:58, 2026-05-31 08:41:58))[39;22m

  at [32mvendor\laravel\framework\src\Illuminate\Database\Connection.php[39m:[32m820[39m
    816▕         // message to include the bindings with SQL, which will make this exception a
    817▕         // lot more helpful to the developer instead of just the database's errors.
    818▕         catch (Exception $e) {
    819▕             if ($this->isUniqueConstraintError($e)) {
  ➜ 820▕                 throw new UniqueConstraintViolationException(
    821▕                     $this->getName(), $query, $this->prepareBindings($bindings), $e
    822▕                 );
    823▕             }
    824▕

  [33m1   [39m[39;1mvendor\laravel\framework\src\Illuminate\Database\Connection.php[39;22m:[39;1m820[39;22m

  [33m2   [39m[39;1mvendor\laravel\framework\src\Illuminate\Database\Connection.php[39;22m:[39;1m571[39;22m
  [90m    NunoMaduro\Collision\Exceptions\TestException::("SQLSTATE[23505]: Unique violation: 7 FEHLER:  doppelter Schlüsselwert verletzt Unique-Constraint »users_email_unique«
DETAIL:  Schlüssel »(email)=(test@example.com)« existiert bereits.")[39m

  [31m────────────────────────────────────────────────────────────────────────────────────────────────────────────────────[39m  
  [41;1m FAILED [49;22m [1mTests\Unit\Models\VoterSlugTest[22m [90m>[39m voter slug belongs to election       [41;1m UniqueConstraintViolationException [49;22m  
[39;1m  SQLSTATE[23505]: Unique violation: 7 FEHLER:  doppelter Schlüsselwert verletzt Unique-Constraint »users_email_unique«
DETAIL:  Schlüssel »(email)=(test@example.com)« existiert bereits. (Connection: pgsql, SQL: insert into users (id, organisation_id, name, email, password, created_at, updated_at) values (875825f8-57c7-4f36-8b3e-a1dd896ff60c, a1e8e7b4-877d-42a6-a0a1-f21a68dd0c22, Test User, test@example.com, $2y$04$pv5//tTxefgClbB2oCHJL.1rGis7Jlelk9cSr18WyoV41EUFyxioW, 2026-05-31 08:41:58, 2026-05-31 08:41:58))[39;22m

  at [32mvendor\laravel\framework\src\Illuminate\Database\Connection.php[39m:[32m820[39m
    816▕         // message to include the bindings with SQL, which will make this exception a
    817▕         // lot more helpful to the developer instead of just the database's errors.
    818▕         catch (Exception $e) {
    819▕             if ($this->isUniqueConstraintError($e)) {
  ➜ 820▕                 throw new UniqueConstraintViolationException(
    821▕                     $this->getName(), $query, $this->prepareBindings($bindings), $e
    822▕                 );
    823▕             }
    824▕

  [33m1   [39m[39;1mvendor\laravel\framework\src\Illuminate\Database\Connection.php[39;22m:[39;1m820[39;22m

  [33m2   [39m[39;1mvendor\laravel\framework\src\Illuminate\Database\Connection.php[39;22m:[39;1m571[39;22m
  [90m    NunoMaduro\Collision\Exceptions\TestException::("SQLSTATE[23505]: Unique violation: 7 FEHLER:  doppelter Schlüsselwert verletzt Unique-Constraint »users_email_unique«
DETAIL:  Schlüssel »(email)=(test@example.com)« existiert bereits.")[39m

  [31m────────────────────────────────────────────────────────────────────────────────────────────────────────────────────[39m  
  [41;1m FAILED [49;22m [1mTests\Unit\Models\VoterSlugTest[22m [90m>[39m voter slug belongs to organisation   [41;1m UniqueConstraintViolationException [49;22m  
[39;1m  SQLSTATE[23505]: Unique violation: 7 FEHLER:  doppelter Schlüsselwert verletzt Unique-Constraint »users_email_unique«
DETAIL:  Schlüssel »(email)=(test@example.com)« existiert bereits. (Connection: pgsql, SQL: insert into users (id, organisation_id, name, email, password, created_at, updated_at) values (9f280a45-11f2-455b-bc55-1871bd8c5261, a1e8e7b4-e5bb-405c-80bd-d43129cd386d, Test User, test@example.com, $2y$04$S7Q024hgPNcjpbgjpZHSJe2YtHM0BDxUoj5BfUrGU.9kKLTFYcVpO, 2026-05-31 08:41:58, 2026-05-31 08:41:58))[39;22m

  at [32mvendor\laravel\framework\src\Illuminate\Database\Connection.php[39m:[32m820[39m
    816▕         // message to include the bindings with SQL, which will make this exception a
    817▕         // lot more helpful to the developer instead of just the database's errors.
    818▕         catch (Exception $e) {
    819▕             if ($this->isUniqueConstraintError($e)) {
  ➜ 820▕                 throw new UniqueConstraintViolationException(
    821▕                     $this->getName(), $query, $this->prepareBindings($bindings), $e
    822▕                 );
    823▕             }
    824▕

  [33m1   [39m[39;1mvendor\laravel\framework\src\Illuminate\Database\Connection.php[39;22m:[39;1m820[39;22m

  [33m2   [39m[39;1mvendor\laravel\framework\src\Illuminate\Database\Connection.php[39;22m:[39;1m571[39;22m
  [90m    NunoMaduro\Collision\Exceptions\TestException::("SQLSTATE[23505]: Unique violation: 7 FEHLER:  doppelter Schlüsselwert verletzt Unique-Constraint »users_email_unique«
DETAIL:  Schlüssel »(email)=(test@example.com)« existiert bereits.")[39m

  [31m────────────────────────────────────────────────────────────────────────────────────────────────────────────────────[39m  
  [41;1m FAILED [49;22m [1mTests\Unit\Models\VoterSlugTest[22m [90m>[39m voter slug tracks current step       [41;1m UniqueConstraintViolationException [49;22m  
[39;1m  SQLSTATE[23505]: Unique violation: 7 FEHLER:  doppelter Schlüsselwert verletzt Unique-Constraint »users_email_unique«
DETAIL:  Schlüssel »(email)=(test@example.com)« existiert bereits. (Connection: pgsql, SQL: insert into users (id, organisation_id, name, email, password, created_at, updated_at) values (6c54d21e-9e09-4f40-9d23-3a9742695c8f, a1e8e7b6-ddf1-4ff3-913f-9914ea6166db, Test User, test@example.com, $2y$04$7CYI04WaZYX3/Zw93pl6Zunv5/hKaSev9aN2kQAJW2xWw5OU.mj0., 2026-05-31 08:42:00, 2026-05-31 08:42:00))[39;22m

  at [32mvendor\laravel\framework\src\Illuminate\Database\Connection.php[39m:[32m820[39m
    816▕         // message to include the bindings with SQL, which will make this exception a
    817▕         // lot more helpful to the developer instead of just the database's errors.
    818▕         catch (Exception $e) {
    819▕             if ($this->isUniqueConstraintError($e)) {
  ➜ 820▕                 throw new UniqueConstraintViolationException(
    821▕                     $this->getName(), $query, $this->prepareBindings($bindings), $e
    822▕                 );
    823▕             }
    824▕

  [33m1   [39m[39;1mvendor\laravel\framework\src\Illuminate\Database\Connection.php[39;22m:[39;1m820[39;22m

  [33m2   [39m[39;1mvendor\laravel\framework\src\Illuminate\Database\Connection.php[39;22m:[39;1m571[39;22m
  [90m    NunoMaduro\Collision\Exceptions\TestException::("SQLSTATE[23505]: Unique violation: 7 FEHLER:  doppelter Schlüsselwert verletzt Unique-Constraint »users_email_unique«
DETAIL:  Schlüssel »(email)=(test@example.com)« existiert bereits.")[39m

  [31m────────────────────────────────────────────────────────────────────────────────────────────────────────────────────[39m  
  [41;1m FAILED [49;22m [1mTests\Unit\NoVoteOptionDatabaseStorageTest[22m [90m>[39m demo vote with no vote true saves true to da… [41;1m QueryException [49;22m  
[39;1m  SQLSTATE[23502]: Not null violation: 7 FEHLER:  NULL-Wert in Spalte »organisation_id« von Relation »demo_votes« verletzt Not-Null-Constraint
DETAIL:  Fehlgeschlagene Zeile enthält (a1e8e7b7-9788-4e42-bdc4-aca258f8a28b, null, a1e8e7b7-9233-4cd7-8d22-a522f3f6675c, f15c2cc894dd82f80563b6499a116bd39fec1c224bacff4eca15a7f9fd408ee6, t, null, null, 2026-05-31 08:42:00, 2026-05-31 08:42:00, null, null, null, 2026-05-31 08:42:00, null, null, null, null, null, null, null, null, null, null, null, null, null, null, null, null, null, null, null, null, null, null, null, null, null, null, null, null, null, null, null, null, null, null, null, null, null, null, null, null, null, null, null, null, null, null, null, null, null, null, null, null, null, null, null, null, null, null, null, null, null, null, null, null, null, null). (Connection: pgsql, SQL: insert into "demo_votes" ("election_id", "no_vote_option", "id", "organisation_id", "receipt_hash", "cast_at", "updated_at", "created_at") values (a1e8e7b7-9233-4cd7-8d22-a522f3f6675c, 1, a1e8e7b7-9788-4e42-bdc4-aca258f8a28b, ?, f15c2cc894dd82f80563b6499a116bd39fec1c224bacff4eca15a7f9fd408ee6, 2026-05-31 08:42:00, 2026-05-31 08:42:00, 2026-05-31 08:42:00))[39;22m

  at [32mvendor\laravel\framework\src\Illuminate\Database\Connection.php[39m:[32m825[39m
    821▕                     $this->getName(), $query, $this->prepareBindings($bindings), $e
    822▕                 );
    823▕             }
    824▕ 
  ➜ 825▕             throw new QueryException(
    826▕                 $this->getName(), $query, $this->prepareBindings($bindings), $e
    827▕             );
    828▕         }
    829▕     }

  [33m1   [39m[39;1mvendor\laravel\framework\src\Illuminate\Database\Connection.php[39;22m:[39;1m825[39;22m

  [33m2   [39m[39;1mvendor\laravel\framework\src\Illuminate\Database\Connection.php[39;22m:[39;1m571[39;22m
  [90m    NunoMaduro\Collision\Exceptions\TestException::("SQLSTATE[23502]: Not null violation: 7 FEHLER:  NULL-Wert in Spalte »organisation_id« von Relation »demo_votes« verletzt Not-Null-Constraint
DETAIL:  Fehlgeschlagene Zeile enthält (a1e8e7b7-9788-4e42-bdc4-aca258f8a28b, null, a1e8e7b7-9233-4cd7-8d22-a522f3f6675c, f15c2cc894dd82f80563b6499a116bd39fec1c224bacff4eca15a7f9fd408ee6, t, null, null, 2026-05-31 08:42:00, 2026-05-31 08:42:00, null, null, null, 2026-05-31 08:42:00, null, null, null, null, null, null, null, null, null, null, null, null, null, null, null, null, null, null, null, null, null, null, null, null, null, null, null, null, null, null, null, null, null, null, null, null, null, null, null, null, null, null, null, null, null, null, null, null, null, null, null, null, null, null, null, null, null, null, null, null, null, null, null, null, null, null).")[39m

  [31m────────────────────────────────────────────────────────────────────────────────────────────────────────────────────[39m  
  [41;1m FAILED [49;22m [1mTests\Unit\NoVoteOptionDatabaseStorageTest[22m [90m>[39m can query votes by no vote status             [41;1m QueryException [49;22m  
[39;1m  SQLSTATE[23502]: Not null violation: 7 FEHLER:  NULL-Wert in Spalte »organisation_id« von Relation »demo_votes« verletzt Not-Null-Constraint
DETAIL:  Fehlgeschlagene Zeile enthält (a1e8e7b8-0234-4e04-b487-05b88064bb22, null, a1e8e7b7-fd56-4edf-aaf5-ab954ec8b1a8, ba10d16133264c251e52b43ad387a7bebbd970c857f27aaca50f8c614f029768, t, null, null, 2026-05-31 08:42:00, 2026-05-31 08:42:00, null, null, null, 2026-05-31 08:42:00, null, null, null, null, null, null, null, null, null, null, null, null, null, null, null, null, null, null, null, null, null, null, null, null, null, null, null, null, null, null, null, null, null, null, null, null, null, null, null, null, null, null, null, null, null, null, null, null, null, null, null, null, null, null, null, null, null, null, null, null, null, null, null, null, null, null). (Connection: pgsql, SQL: insert into "demo_votes" ("election_id", "no_vote_option", "id", "organisation_id", "receipt_hash", "cast_at", "updated_at", "created_at") values (a1e8e7b7-fd56-4edf-aaf5-ab954ec8b1a8, 1, a1e8e7b8-0234-4e04-b487-05b88064bb22, ?, ba10d16133264c251e52b43ad387a7bebbd970c857f27aaca50f8c614f029768, 2026-05-31 08:42:00, 2026-05-31 08:42:00, 2026-05-31 08:42:00))[39;22m

  at [32mvendor\laravel\framework\src\Illuminate\Database\Connection.php[39m:[32m825[39m
    821▕                     $this->getName(), $query, $this->prepareBindings($bindings), $e
    822▕                 );
    823▕             }
    824▕ 
  ➜ 825▕             throw new QueryException(
    826▕                 $this->getName(), $query, $this->prepareBindings($bindings), $e
    827▕             );
    828▕         }
    829▕     }

  [33m1   [39m[39;1mvendor\laravel\framework\src\Illuminate\Database\Connection.php[39;22m:[39;1m825[39;22m

  [33m2   [39m[39;1mvendor\laravel\framework\src\Illuminate\Database\Connection.php[39;22m:[39;1m571[39;22m
  [90m    NunoMaduro\Collision\Exceptions\TestException::("SQLSTATE[23502]: Not null violation: 7 FEHLER:  NULL-Wert in Spalte »organisation_id« von Relation »demo_votes« verletzt Not-Null-Constraint
DETAIL:  Fehlgeschlagene Zeile enthält (a1e8e7b8-0234-4e04-b487-05b88064bb22, null, a1e8e7b7-fd56-4edf-aaf5-ab954ec8b1a8, ba10d16133264c251e52b43ad387a7bebbd970c857f27aaca50f8c614f029768, t, null, null, 2026-05-31 08:42:00, 2026-05-31 08:42:00, null, null, null, 2026-05-31 08:42:00, null, null, null, null, null, null, null, null, null, null, null, null, null, null, null, null, null, null, null, null, null, null, null, null, null, null, null, null, null, null, null, null, null, null, null, null, null, null, null, null, null, null, null, null, null, null, null, null, null, null, null, null, null, null, null, null, null, null, null, null, null, null, null, null, null, null).")[39m

  [31m────────────────────────────────────────────────────────────────────────────────────────────────────────────────────[39m  
  [41;1m FAILED [49;22m [1mTests\Unit\NoVoteOptionDatabaseStorageTest[22m [90m>[39m save vote method respects no vote option… [41;1m ArgumentCountError [49;22m  
[39;1m  Too few arguments to function App\Http\Controllers\VoteController::__construct(), 0 passed in C:\Users\nabra\OneDrive\Desktop\roshyara\xamp\nrna\nrna-eu\tests\Unit\NoVoteOptionDatabaseStorageTest.php on line 93 and exactly 2 expected[39;22m

  at [32mapp\Http\Controllers\VoteController.php[39m:[32m58[39m
     54▕ 
     55▕     /**
     56▕      * Constructor - Initialize voting process state
     57▕      */
  ➜  58▕     public function __construct(
     59▕         private TrustPolicyEvaluator $trustEvaluator,
     60▕         private ConstitutionalLegitimacyDecision $legitimacyDecision,
     61▕     )
     62▕     {

  [33m1   [39m[39;1mapp\Http\Controllers\VoteController.php[39;22m:[39;1m58[39;22m
  [33m2   [39m[39;1mtests\Unit\NoVoteOptionDatabaseStorageTest.php[39;22m:[39;1m93[39;22m

  [31m────────────────────────────────────────────────────────────────────────────────────────────────────────────────────[39m  
  [41;1m FAILED [49;22m [1mTests\Unit\Observers\UserOrganisationObserverTest[22m [90m>[39m observer invalidates cache on created                    
[39;1m  Failed asserting that true is false.[39;22m

  at [32mtests\Unit\Observers\UserOrganisationObserverTest.php[39m:[32m48[39m
     44▕             'role' => 'admin',
     45▕         ]);
     46▕ 
     47▕         // Cache should be cleared
  ➜  48▕         $this->assertFalse(Cache::has($cacheKey));
     49▕     }
     50▕ 
     51▕     /**
     52▕      * Test observer invalidates cache on role update

  [33m1   [39m[39;1mtests\Unit\Observers\UserOrganisationObserverTest.php[39;22m:[39;1m48[39;22m

  [31m────────────────────────────────────────────────────────────────────────────────────────────────────────────────────[39m  
  [41;1m FAILED [49;22m [1mTests\Unit\Observers\UserOrganisationObserverTest[22m [90m>[39m observer invalidates cache on updated                    
[39;1m  Failed asserting that true is false.[39;22m

  at [32mtests\Unit\Observers\UserOrganisationObserverTest.php[39m:[32m76[39m
     72▕         // Update the role
     73▕         $role->update(['role' => 'editor']);
     74▕ 
     75▕         // Cache should be cleared again
  ➜  76▕         $this->assertFalse(Cache::has($cacheKey));
     77▕     }
     78▕ 
     79▕     /**
     80▕      * Test observer invalidates cache on role deletion

  [33m1   [39m[39;1mtests\Unit\Observers\UserOrganisationObserverTest.php[39;22m:[39;1m76[39;22m

  [31m────────────────────────────────────────────────────────────────────────────────────────────────────────────────────[39m  
  [41;1m FAILED [49;22m [1mTests\Unit\Observers\UserOrganisationObserverTest[22m [90m>[39m observer invalidates cache on deleted                    
[39;1m  Failed asserting that true is false.[39;22m

  at [32mtests\Unit\Observers\UserOrganisationObserverTest.php[39m:[32m104[39m
    100▕         // Delete the role
    101▕         $role->delete();
    102▕ 
    103▕         // Cache should be cleared
  ➜ 104▕         $this->assertFalse(Cache::has($cacheKey));
    105▕     }
    106▕ 
    107▕     /**
    108▕      * Test observer clears multiple related caches

  [33m1   [39m[39;1mtests\Unit\Observers\UserOrganisationObserverTest.php[39;22m:[39;1m104[39;22m

  [31m────────────────────────────────────────────────────────────────────────────────────────────────────────────────────[39m  
  [41;1m FAILED [49;22m [1mTests\Unit\Observers\UserOrganisationObserverTest[22m [90m>[39m observer clears multiple cache keys                      
[39;1m  Key dashboard_resolution:a1e8e7ba-0305-45e1-aa65-49f890534158 should be cleared
Failed asserting that true is false.[39;22m

  at [32mtests\Unit\Observers\UserOrganisationObserverTest.php[39m:[32m141[39m
    137▕         ]);
    138▕ 
    139▕         // Verify all are cleared
    140▕         foreach ($cacheKeys as $key) {
  ➜ 141▕             $this->assertFalse(Cache::has($key), "Key {$key} should be cleared");
    142▕         }
    143▕     }
    144▕ 
    145▕     /**

  [33m1   [39m[39;1mtests\Unit\Observers\UserOrganisationObserverTest.php[39;22m:[39;1m141[39;22m

  [31m────────────────────────────────────────────────────────────────────────────────────────────────────────────────────[39m  
  [41;1m FAILED [49;22m [1mTests\Unit\Observers\UserOrganisationObserverTest[22m [90m>[39m observer handles multiple users                          
[39;1m  Failed asserting that true is false.[39;22m

  at [32mtests\Unit\Observers\UserOrganisationObserverTest.php[39m:[32m168[39m
    164▕             'role' => 'admin',
    165▕         ]);
    166▕ 
    167▕         // Only user1's cache should be cleared
  ➜ 168▕         $this->assertFalse(Cache::has($cacheKey1));
    169▕         $this->assertTrue(Cache::has($cacheKey2));
    170▕     }
    171▕ 
    172▕     /**

  [33m1   [39m[39;1mtests\Unit\Observers\UserOrganisationObserverTest.php[39;22m:[39;1m168[39;22m

  [31m────────────────────────────────────────────────────────────────────────────────────────────────────────────────────[39m  
  [41;1m FAILED [49;22m [1mTests\Unit\OrganisationStandardizationTest[22m [90m>[39m all tables use correct column name                              
[39;1m  ❌ Table users still has 'organisation_id' column (should be 'organisation_id')
Failed asserting that an array does not contain 'organisation_id'.[39;22m

  at [32mtests\Unit\OrganisationStandardizationTest.php[39m:[32m36[39m
     32▕ 
     33▕             $columns = DB::getSchemaBuilder()->getColumnListing($table);
     34▕ 
     35▕             // Should NOT have 'organisation_id' (wrong spelling)
  ➜  36▕             $this->assertNotContains('organisation_id', $columns,
     37▕                 "❌ Table {$table} still has 'organisation_id' column (should be 'organisation_id')");
     38▕ 
     39▕             // Should HAVE 'organisation_id' (correct spelling)
     40▕             $this->assertContains('organisation_id', $columns,

  [33m1   [39m[39;1mtests\Unit\OrganisationStandardizationTest.php[39;22m:[39;1m36[39;22m

  [31m────────────────────────────────────────────────────────────────────────────────────────────────────────────────────[39m  
  [41;1m FAILED [49;22m [1mTests\Unit\OrganisationStandardizationTest[22m [90m>[39m no duplicate organization columns                               
[39;1m  ❌ Duplicate organisation_id column still exists in elections table
Failed asserting that an array does not contain 'organisation_id'.[39;22m

  at [32mtests\Unit\OrganisationStandardizationTest.php[39m:[32m52[39m
     48▕         // Specifically check elections table which had both columns
     49▕         if (DB::getSchemaBuilder()->hasTable('elections')) {
     50▕             $columns = DB::getSchemaBuilder()->getColumnListing('elections');
     51▕ 
  ➜  52▕             $this->assertNotContains('organisation_id', $columns,
     53▕                 "❌ Duplicate organisation_id column still exists in elections table");
     54▕ 
     55▕             $this->assertContains('organisation_id', $columns,
     56▕                 "❌ Standard organisation_id column missing from elections table");

  [33m1   [39m[39;1mtests\Unit\OrganisationStandardizationTest.php[39;22m:[39;1m52[39;22m

  [31m────────────────────────────────────────────────────────────────────────────────────────────────────────────────────[39m  
  [41;1m FAILED [49;22m [1mTests\Unit\OrganisationStandardizationTest[22m [90m>[39m user model can access organisation relations… [41;1m QueryException [49;22m  
[39;1m  SQLSTATE[22P02]: Invalid text representation: 7 FEHLER:  ungültige Eingabesyntax für Typ uuid: »0«
CONTEXT:  unbenanntes Portal Parameter $7 = '...' (Connection: pgsql, SQL: insert into "users" ("name", "email", "email_verified_at", "password", "remember_token", "region", "organisation_id", "is_committee_member", "id", "updated_at", "created_at") values (Bert Gusikowski, abe.parisian@example.org, 2026-05-31 08:42:03, $2y$10$92IXUNpkjO0rOQ5byMi.Ye4oKoEa3Ro9llC/.og/at2.uheWG/igi, hT4LMUyeUJ, Vermont, 0, 0, a1e8e7bc-6761-4eb4-9920-f3095b16e66f, 2026-05-31 08:42:03, 2026-05-31 08:42:03))[39;22m

  at [32mvendor\laravel\framework\src\Illuminate\Database\Connection.php[39m:[32m825[39m
    821▕                     $this->getName(), $query, $this->prepareBindings($bindings), $e
    822▕                 );
    823▕             }
    824▕ 
  ➜ 825▕             throw new QueryException(
    826▕                 $this->getName(), $query, $this->prepareBindings($bindings), $e
    827▕             );
    828▕         }
    829▕     }

  [33m1   [39m[39;1mvendor\laravel\framework\src\Illuminate\Database\Connection.php[39;22m:[39;1m825[39;22m

  [33m2   [39m[39;1mvendor\laravel\framework\src\Illuminate\Database\Connection.php[39;22m:[39;1m571[39;22m
  [90m    NunoMaduro\Collision\Exceptions\TestException::("SQLSTATE[22P02]: Invalid text representation: 7 FEHLER:  ungültige Eingabesyntax für Typ uuid: »0«
CONTEXT:  unbenanntes Portal Parameter $7 = '...'")[39m

  [31m────────────────────────────────────────────────────────────────────────────────────────────────────────────────────[39m  
  [41;1m FAILED [49;22m [1mTests\Unit\OrganisationStandardizationTest[22m [90m>[39m election model can access organisation relat… [41;1m QueryException [49;22m  
[39;1m  SQLSTATE[22P02]: Invalid text representation: 7 FEHLER:  ungültige Eingabesyntax für Typ uuid: »0«
CONTEXT:  unbenanntes Portal Parameter $4 = '...' (Connection: pgsql, SQL: insert into "elections" ("name", "slug", "type", "organisation_id", "id", "updated_at", "created_at") values (Test Election, test-election, demo, 0, a1e8e7bc-ee8b-456b-86a3-3254a8ee5db6, 2026-05-31 08:42:04, 2026-05-31 08:42:04))[39;22m

  at [32mvendor\laravel\framework\src\Illuminate\Database\Connection.php[39m:[32m825[39m
    821▕                     $this->getName(), $query, $this->prepareBindings($bindings), $e
    822▕                 );
    823▕             }
    824▕ 
  ➜ 825▕             throw new QueryException(
    826▕                 $this->getName(), $query, $this->prepareBindings($bindings), $e
    827▕             );
    828▕         }
    829▕     }

  [33m1   [39m[39;1mvendor\laravel\framework\src\Illuminate\Database\Connection.php[39;22m:[39;1m825[39;22m

  [33m2   [39m[39;1mvendor\laravel\framework\src\Illuminate\Database\Connection.php[39;22m:[39;1m571[39;22m
  [90m    NunoMaduro\Collision\Exceptions\TestException::("SQLSTATE[22P02]: Invalid text representation: 7 FEHLER:  ungültige Eingabesyntax für Typ uuid: »0«
CONTEXT:  unbenanntes Portal Parameter $4 = '...'")[39m

  [31m────────────────────────────────────────────────────────────────────────────────────────────────────────────────────[39m  
  [41;1m FAILED [49;22m [1mTests\Unit\OrganisationStandardizationTest[22m [90m>[39m creating model with org id gets normalized    [41;1m ErrorException [49;22m  
[39;1m  Indirect modification of overloaded property App\Models\Election::$attributes has no effect[39;22m

  at [32mtests\Unit\OrganisationStandardizationTest.php[39m:[32m97[39m
     93▕         $election->type = 'demo';
     94▕         $election->slug = 'test-' . uniqid();
     95▕ 
     96▕         // Simulate someone trying to set the wrong attribute
  ➜  97▕         $election->attributes['organisation_id'] = 5; // Wrong spelling
     98▕ 
     99▕         $election->save();
    100▕ 
    101▕         // Refresh from database

  [31m────────────────────────────────────────────────────────────────────────────────────────────────────────────────────[39m  
  [41;1m FAILED [49;22m [1mTests\Unit\OrganisationStandardizationTest[22m [90m>[39m organisation id column is not nullable        [41;1m QueryException [49;22m  
[39;1m  SQLSTATE[42601]: Syntax error: 7 FEHLER:  Syntaxfehler bei »DESCRIBE«
LINE 1: DESCRIBE users
        ^ (Connection: pgsql, SQL: DESCRIBE users)[39;22m

  at [32mvendor\laravel\framework\src\Illuminate\Database\Connection.php[39m:[32m825[39m
    821▕                     $this->getName(), $query, $this->prepareBindings($bindings), $e
    822▕                 );
    823▕             }
    824▕ 
  ➜ 825▕             throw new QueryException(
    826▕                 $this->getName(), $query, $this->prepareBindings($bindings), $e
    827▕             );
    828▕         }
    829▕     }

  [33m1   [39m[39;1mvendor\laravel\framework\src\Illuminate\Database\Connection.php[39;22m:[39;1m825[39;22m

  [33m2   [39m[39;1mvendor\laravel\framework\src\Illuminate\Database\Connection.php[39;22m:[39;1m412[39;22m
  [90m    NunoMaduro\Collision\Exceptions\TestException::("SQLSTATE[42601]: Syntax error: 7 FEHLER:  Syntaxfehler bei »DESCRIBE«
LINE 1: DESCRIBE users
        ^")[39m

  [31m────────────────────────────────────────────────────────────────────────────────────────────────────────────────────[39m  
  [41;1m FAILED [49;22m [1mTests\Unit\OrganisationStandardizationTest[22m [90m>[39m organisation id default is zero               [41;1m QueryException [49;22m  
[39;1m  SQLSTATE[42601]: Syntax error: 7 FEHLER:  Syntaxfehler bei »DESCRIBE«
LINE 1: DESCRIBE elections
        ^ (Connection: pgsql, SQL: DESCRIBE elections)[39;22m

  at [32mvendor\laravel\framework\src\Illuminate\Database\Connection.php[39m:[32m825[39m
    821▕                     $this->getName(), $query, $this->prepareBindings($bindings), $e
    822▕                 );
    823▕             }
    824▕ 
  ➜ 825▕             throw new QueryException(
    826▕                 $this->getName(), $query, $this->prepareBindings($bindings), $e
    827▕             );
    828▕         }
    829▕     }

  [33m1   [39m[39;1mvendor\laravel\framework\src\Illuminate\Database\Connection.php[39;22m:[39;1m825[39;22m

  [33m2   [39m[39;1mvendor\laravel\framework\src\Illuminate\Database\Connection.php[39;22m:[39;1m412[39;22m
  [90m    NunoMaduro\Collision\Exceptions\TestException::("SQLSTATE[42601]: Syntax error: 7 FEHLER:  Syntaxfehler bei »DESCRIBE«
LINE 1: DESCRIBE elections
        ^")[39m

  [31m────────────────────────────────────────────────────────────────────────────────────────────────────────────────────[39m  
  [41;1m FAILED [49;22m [1mTests\Unit\OrganisationStandardizationTest[22m [90m>[39m for organisation scope works correctly        [41;1m QueryException [49;22m  
[39;1m  SQLSTATE[22P02]: Invalid text representation: 7 FEHLER:  ungültige Eingabesyntax für Typ uuid: »0«
CONTEXT:  unbenanntes Portal Parameter $4 = '...' (Connection: pgsql, SQL: insert into "elections" ("name", "slug", "type", "organisation_id", "id", "updated_at", "created_at") values (Platform Election, platform-6a1bf45d1164f, demo, 0, a1e8e7be-840f-4967-9d19-9d6117c45d12, 2026-05-31 08:42:05, 2026-05-31 08:42:05))[39;22m

  at [32mvendor\laravel\framework\src\Illuminate\Database\Connection.php[39m:[32m825[39m
    821▕                     $this->getName(), $query, $this->prepareBindings($bindings), $e
    822▕                 );
    823▕             }
    824▕ 
  ➜ 825▕             throw new QueryException(
    826▕                 $this->getName(), $query, $this->prepareBindings($bindings), $e
    827▕             );
    828▕         }
    829▕     }

  [33m1   [39m[39;1mvendor\laravel\framework\src\Illuminate\Database\Connection.php[39;22m:[39;1m825[39;22m

  [33m2   [39m[39;1mvendor\laravel\framework\src\Illuminate\Database\Connection.php[39;22m:[39;1m571[39;22m
  [90m    NunoMaduro\Collision\Exceptions\TestException::("SQLSTATE[22P02]: Invalid text representation: 7 FEHLER:  ungültige Eingabesyntax für Typ uuid: »0«
CONTEXT:  unbenanntes Portal Parameter $4 = '...'")[39m

  [31m────────────────────────────────────────────────────────────────────────────────────────────────────────────────────[39m  
  [41;1m FAILED [49;22m [1mTests\Unit\OrganisationStandardizationTest[22m [90m>[39m include platform scope works correctly        [41;1m QueryException [49;22m  
[39;1m  SQLSTATE[22P02]: Invalid text representation: 7 FEHLER:  ungültige Eingabesyntax für Typ uuid: »0«
CONTEXT:  unbenanntes Portal Parameter $4 = '...' (Connection: pgsql, SQL: insert into "elections" ("name", "slug", "type", "organisation_id", "id", "updated_at", "created_at") values (Platform Election, platform-6a1bf45d5be05, demo, 0, a1e8e7be-fb37-4475-a8fb-3159f88024d5, 2026-05-31 08:42:05, 2026-05-31 08:42:05))[39;22m

  at [32mvendor\laravel\framework\src\Illuminate\Database\Connection.php[39m:[32m825[39m
    821▕                     $this->getName(), $query, $this->prepareBindings($bindings), $e
    822▕                 );
    823▕             }
    824▕ 
  ➜ 825▕             throw new QueryException(
    826▕                 $this->getName(), $query, $this->prepareBindings($bindings), $e
    827▕             );
    828▕         }
    829▕     }

  [33m1   [39m[39;1mvendor\laravel\framework\src\Illuminate\Database\Connection.php[39;22m:[39;1m825[39;22m

  [33m2   [39m[39;1mvendor\laravel\framework\src\Illuminate\Database\Connection.php[39;22m:[39;1m571[39;22m
  [90m    NunoMaduro\Collision\Exceptions\TestException::("SQLSTATE[22P02]: Invalid text representation: 7 FEHLER:  ungültige Eingabesyntax für Typ uuid: »0«
CONTEXT:  unbenanntes Portal Parameter $4 = '...'")[39m

  [31m────────────────────────────────────────────────────────────────────────────────────────────────────────────────────[39m  
  [41;1m FAILED [49;22m [1mTests\Unit\ResultControllerVoteCountingTest[22m [90m>[39m vote counting with candidate votes           [41;1m QueryException [49;22m  
[39;1m  SQLSTATE[23502]: Not null violation: 7 FEHLER:  NULL-Wert in Spalte »organisation_id« von Relation »posts« verletzt Not-Null-Constraint
DETAIL:  Fehlgeschlagene Zeile enthält (a1e8e7c9-a647-4d8c-a54f-3f4eaae4a501, null, null, President, अध्यक्ष, t, National, 1, null, 2026-05-31 08:42:12, 2026-05-31 08:42:12, null). (Connection: pgsql, SQL: insert into "posts" ("name", "nepali_name", "state_name", "required_number", "id", "organisation_id", "updated_at", "created_at") values (President, अध्यक्ष, National, 1, a1e8e7c9-a647-4d8c-a54f-3f4eaae4a501, ?, 2026-05-31 08:42:12, 2026-05-31 08:42:12))[39;22m

  at [32mvendor\laravel\framework\src\Illuminate\Database\Connection.php[39m:[32m825[39m
    821▕                     $this->getName(), $query, $this->prepareBindings($bindings), $e
    822▕                 );
    823▕             }
    824▕ 
  ➜ 825▕             throw new QueryException(
    826▕                 $this->getName(), $query, $this->prepareBindings($bindings), $e
    827▕             );
    828▕         }
    829▕     }

  [33m1   [39m[39;1mvendor\laravel\framework\src\Illuminate\Database\Connection.php[39;22m:[39;1m825[39;22m

  [33m2   [39m[39;1mvendor\laravel\framework\src\Illuminate\Database\Connection.php[39;22m:[39;1m571[39;22m
  [90m    NunoMaduro\Collision\Exceptions\TestException::("SQLSTATE[23502]: Not null violation: 7 FEHLER:  NULL-Wert in Spalte »organisation_id« von Relation »posts« verletzt Not-Null-Constraint
DETAIL:  Fehlgeschlagene Zeile enthält (a1e8e7c9-a647-4d8c-a54f-3f4eaae4a501, null, null, President, अध्यक्ष, t, National, 1, null, 2026-05-31 08:42:12, 2026-05-31 08:42:12, null).")[39m

  [31m────────────────────────────────────────────────────────────────────────────────────────────────────────────────────[39m  
  [41;1m FAILED [49;22m [1mTests\Unit\ResultControllerVoteCountingTest[22m [90m>[39m vote counting with no votes                  [41;1m QueryException [49;22m  
[39;1m  SQLSTATE[23502]: Not null violation: 7 FEHLER:  NULL-Wert in Spalte »organisation_id« von Relation »posts« verletzt Not-Null-Constraint
DETAIL:  Fehlgeschlagene Zeile enthält (a1e8e7ca-3560-476a-b7fb-d9ca191f1e68, null, null, President, अध्यक्ष, t, National, 1, null, 2026-05-31 08:42:12, 2026-05-31 08:42:12, null). (Connection: pgsql, SQL: insert into "posts" ("name", "nepali_name", "state_name", "required_number", "id", "organisation_id", "updated_at", "created_at") values (President, अध्यक्ष, National, 1, a1e8e7ca-3560-476a-b7fb-d9ca191f1e68, ?, 2026-05-31 08:42:12, 2026-05-31 08:42:12))[39;22m

  at [32mvendor\laravel\framework\src\Illuminate\Database\Connection.php[39m:[32m825[39m
    821▕                     $this->getName(), $query, $this->prepareBindings($bindings), $e
    822▕                 );
    823▕             }
    824▕ 
  ➜ 825▕             throw new QueryException(
    826▕                 $this->getName(), $query, $this->prepareBindings($bindings), $e
    827▕             );
    828▕         }
    829▕     }

  [33m1   [39m[39;1mvendor\laravel\framework\src\Illuminate\Database\Connection.php[39;22m:[39;1m825[39;22m

  [33m2   [39m[39;1mvendor\laravel\framework\src\Illuminate\Database\Connection.php[39;22m:[39;1m571[39;22m
  [90m    NunoMaduro\Collision\Exceptions\TestException::("SQLSTATE[23502]: Not null violation: 7 FEHLER:  NULL-Wert in Spalte »organisation_id« von Relation »posts« verletzt Not-Null-Constraint
DETAIL:  Fehlgeschlagene Zeile enthält (a1e8e7ca-3560-476a-b7fb-d9ca191f1e68, null, null, President, अध्यक्ष, t, National, 1, null, 2026-05-31 08:42:12, 2026-05-31 08:42:12, null).")[39m

  [31m────────────────────────────────────────────────────────────────────────────────────────────────────────────────────[39m  
  [41;1m FAILED [49;22m [1mTests\Unit\ResultControllerVoteCountingTest[22m [90m>[39m comprehensive 100 voter scenario             [41;1m QueryException [49;22m  
[39;1m  SQLSTATE[23502]: Not null violation: 7 FEHLER:  NULL-Wert in Spalte »organisation_id« von Relation »posts« verletzt Not-Null-Constraint
DETAIL:  Fehlgeschlagene Zeile enthält (a1e8e7ca-8fc5-48f6-8cbe-231fdc545698, null, null, President, अध्यक्ष, t, National, 1, null, 2026-05-31 08:42:12, 2026-05-31 08:42:12, null). (Connection: pgsql, SQL: insert into "posts" ("name", "nepali_name", "state_name", "required_number", "id", "organisation_id", "updated_at", "created_at") values (President, अध्यक्ष, National, 1, a1e8e7ca-8fc5-48f6-8cbe-231fdc545698, ?, 2026-05-31 08:42:12, 2026-05-31 08:42:12))[39;22m

  at [32mvendor\laravel\framework\src\Illuminate\Database\Connection.php[39m:[32m825[39m
    821▕                     $this->getName(), $query, $this->prepareBindings($bindings), $e
    822▕                 );
    823▕             }
    824▕ 
  ➜ 825▕             throw new QueryException(
    826▕                 $this->getName(), $query, $this->prepareBindings($bindings), $e
    827▕             );
    828▕         }
    829▕     }

  [33m1   [39m[39;1mvendor\laravel\framework\src\Illuminate\Database\Connection.php[39;22m:[39;1m825[39;22m

  [33m2   [39m[39;1mvendor\laravel\framework\src\Illuminate\Database\Connection.php[39;22m:[39;1m571[39;22m
  [90m    NunoMaduro\Collision\Exceptions\TestException::("SQLSTATE[23502]: Not null violation: 7 FEHLER:  NULL-Wert in Spalte »organisation_id« von Relation »posts« verletzt Not-Null-Constraint
DETAIL:  Fehlgeschlagene Zeile enthält (a1e8e7ca-8fc5-48f6-8cbe-231fdc545698, null, null, President, अध्यक्ष, t, National, 1, null, 2026-05-31 08:42:12, 2026-05-31 08:42:12, null).")[39m

  [31m────────────────────────────────────────────────────────────────────────────────────────────────────────────────────[39m  
  [41;1m FAILED [49;22m [1mTests\Unit\ResultControllerVoteCountingTest[22m [90m>[39m edge cases and mixed scenarios               [41;1m QueryException [49;22m  
[39;1m  SQLSTATE[23502]: Not null violation: 7 FEHLER:  NULL-Wert in Spalte »organisation_id« von Relation »posts« verletzt Not-Null-Constraint
DETAIL:  Fehlgeschlagene Zeile enthält (a1e8e7ca-e1dd-49b4-9597-4329ca548d6c, null, null, President, अध्यक्ष, t, National, 1, null, 2026-05-31 08:42:13, 2026-05-31 08:42:13, null). (Connection: pgsql, SQL: insert into "posts" ("name", "nepali_name", "state_name", "required_number", "id", "organisation_id", "updated_at", "created_at") values (President, अध्यक्ष, National, 1, a1e8e7ca-e1dd-49b4-9597-4329ca548d6c, ?, 2026-05-31 08:42:13, 2026-05-31 08:42:13))[39;22m

  at [32mvendor\laravel\framework\src\Illuminate\Database\Connection.php[39m:[32m825[39m
    821▕                     $this->getName(), $query, $this->prepareBindings($bindings), $e
    822▕                 );
    823▕             }
    824▕ 
  ➜ 825▕             throw new QueryException(
    826▕                 $this->getName(), $query, $this->prepareBindings($bindings), $e
    827▕             );
    828▕         }
    829▕     }

  [33m1   [39m[39;1mvendor\laravel\framework\src\Illuminate\Database\Connection.php[39;22m:[39;1m825[39;22m

  [33m2   [39m[39;1mvendor\laravel\framework\src\Illuminate\Database\Connection.php[39;22m:[39;1m571[39;22m
  [90m    NunoMaduro\Collision\Exceptions\TestException::("SQLSTATE[23502]: Not null violation: 7 FEHLER:  NULL-Wert in Spalte »organisation_id« von Relation »posts« verletzt Not-Null-Constraint
DETAIL:  Fehlgeschlagene Zeile enthält (a1e8e7ca-e1dd-49b4-9597-4329ca548d6c, null, null, President, अध्यक्ष, t, National, 1, null, 2026-05-31 08:42:13, 2026-05-31 08:42:13, null).")[39m

  [31m────────────────────────────────────────────────────────────────────────────────────────────────────────────────────[39m  
  [41;1m FAILED [49;22m [1mTests\Unit\ResultControllerVoteCountingTest[22m [90m>[39m percentage calculations with no votes        [41;1m QueryException [49;22m  
[39;1m  SQLSTATE[23502]: Not null violation: 7 FEHLER:  NULL-Wert in Spalte »organisation_id« von Relation »posts« verletzt Not-Null-Constraint
DETAIL:  Fehlgeschlagene Zeile enthält (a1e8e7cb-577e-4f19-a891-7f15040b5ae1, null, null, President, अध्यक्ष, t, National, 1, null, 2026-05-31 08:42:13, 2026-05-31 08:42:13, null). (Connection: pgsql, SQL: insert into "posts" ("name", "nepali_name", "state_name", "required_number", "id", "organisation_id", "updated_at", "created_at") values (President, अध्यक्ष, National, 1, a1e8e7cb-577e-4f19-a891-7f15040b5ae1, ?, 2026-05-31 08:42:13, 2026-05-31 08:42:13))[39;22m

  at [32mvendor\laravel\framework\src\Illuminate\Database\Connection.php[39m:[32m825[39m
    821▕                     $this->getName(), $query, $this->prepareBindings($bindings), $e
    822▕                 );
    823▕             }
    824▕ 
  ➜ 825▕             throw new QueryException(
    826▕                 $this->getName(), $query, $this->prepareBindings($bindings), $e
    827▕             );
    828▕         }
    829▕     }

  [33m1   [39m[39;1mvendor\laravel\framework\src\Illuminate\Database\Connection.php[39;22m:[39;1m825[39;22m

  [33m2   [39m[39;1mvendor\laravel\framework\src\Illuminate\Database\Connection.php[39;22m:[39;1m571[39;22m
  [90m    NunoMaduro\Collision\Exceptions\TestException::("SQLSTATE[23502]: Not null violation: 7 FEHLER:  NULL-Wert in Spalte »organisation_id« von Relation »posts« verletzt Not-Null-Constraint
DETAIL:  Fehlgeschlagene Zeile enthält (a1e8e7cb-577e-4f19-a891-7f15040b5ae1, null, null, President, अध्यक्ष, t, National, 1, null, 2026-05-31 08:42:13, 2026-05-31 08:42:13, null).")[39m

  [31m────────────────────────────────────────────────────────────────────────────────────────────────────────────────────[39m  
  [41;1m FAILED [49;22m [1mTests\Unit\Services\DashboardResolverRoleTest[22m [90m>[39m platform member does not get admin role    [41;1m QueryException [49;22m  
[39;1m  SQLSTATE[22P02]: Invalid text representation: 7 FEHLER:  ungültige Eingabesyntax für Typ uuid: »1«
CONTEXT:  unbenanntes Portal Parameter $7 = '...' (Connection: pgsql, SQL: insert into "users" ("name", "email", "email_verified_at", "password", "remember_token", "region", "organisation_id", "is_committee_member", "onboarded_at", "id", "updated_at", "created_at") values (Ms. Agustina Christiansen IV, spencer.sedrick@example.net, 2026-05-31 08:42:13, $2y$10$92IXUNpkjO0rOQ5byMi.Ye4oKoEa3Ro9llC/.og/at2.uheWG/igi, Gjm2Il5vNQ, Michigan, 1, 0, 2026-05-31 08:42:13, a1e8e7cb-e019-4065-a808-8b7eac031a41, 2026-05-31 08:42:13, 2026-05-31 08:42:13))[39;22m

  at [32mvendor\laravel\framework\src\Illuminate\Database\Connection.php[39m:[32m825[39m
    821▕                     $this->getName(), $query, $this->prepareBindings($bindings), $e
    822▕                 );
    823▕             }
    824▕ 
  ➜ 825▕             throw new QueryException(
    826▕                 $this->getName(), $query, $this->prepareBindings($bindings), $e
    827▕             );
    828▕         }
    829▕     }

  [33m1   [39m[39;1mvendor\laravel\framework\src\Illuminate\Database\Connection.php[39;22m:[39;1m825[39;22m

  [33m2   [39m[39;1mvendor\laravel\framework\src\Illuminate\Database\Connection.php[39;22m:[39;1m571[39;22m
  [90m    NunoMaduro\Collision\Exceptions\TestException::("SQLSTATE[22P02]: Invalid text representation: 7 FEHLER:  ungültige Eingabesyntax für Typ uuid: »1«
CONTEXT:  unbenanntes Portal Parameter $7 = '...'")[39m

  [31m────────────────────────────────────────────────────────────────────────────────────────────────────────────────────[39m  
  [41;1m FAILED [49;22m [1mTests\Unit\Services\DashboardResolverRoleTest[22m [90m>[39m non platform admin gets admin role         [41;1m QueryException [49;22m  
[39;1m  SQLSTATE[42703]: Undefined column: 7 FEHLER:  Spalte »is_platform« von Relation »organisations« existiert nicht
LINE 1: ...ress", "representative", "settings", "languages", "is_platfo...
                                                             ^ (Connection: pgsql, SQL: insert into "organisations" ("name", "email", "slug", "type", "is_default", "uses_full_membership", "address", "representative", "settings", "languages", "is_platform", "id", "updated_at", "created_at") values (Cronin, Rippin and Klocko, nikolas44@marks.com, test-org, tenant, 0, 1, {"street":"31035 Barrows Canyon","city":"North Mariam","zip":"91153","country":"DE"}, {"name":"Justine Ratke","role":"Chairman","email":"montana91@hotmail.com"}, [], ["de","en"], 0, a1e8e7cc-68cf-45dc-8cba-b34e9df30e4c, 2026-05-31 08:42:14, 2026-05-31 08:42:14))[39;22m

  at [32mvendor\laravel\framework\src\Illuminate\Database\Connection.php[39m:[32m825[39m
    821▕                     $this->getName(), $query, $this->prepareBindings($bindings), $e
    822▕                 );
    823▕             }
    824▕ 
  ➜ 825▕             throw new QueryException(
    826▕                 $this->getName(), $query, $this->prepareBindings($bindings), $e
    827▕             );
    828▕         }
    829▕     }

  [33m1   [39m[39;1mvendor\laravel\framework\src\Illuminate\Database\Connection.php[39;22m:[39;1m825[39;22m

  [33m2   [39m[39;1mvendor\laravel\framework\src\Illuminate\Database\Connection.php[39;22m:[39;1m571[39;22m
  [90m    NunoMaduro\Collision\Exceptions\TestException::("SQLSTATE[42703]: Undefined column: 7 FEHLER:  Spalte »is_platform« von Relation »organisations« existiert nicht
LINE 1: ...ress", "representative", "settings", "languages", "is_platfo...
                                                             ^")[39m

  [31m────────────────────────────────────────────────────────────────────────────────────────────────────────────────────[39m  
  [41;1m FAILED [49;22m [1mTests\Unit\Services\DashboardResolverRoleTest[22m [90m>[39m platform admin does not auto redirect      [41;1m QueryException [49;22m  
[39;1m  SQLSTATE[22P02]: Invalid text representation: 7 FEHLER:  ungültige Eingabesyntax für Typ uuid: »1«
CONTEXT:  unbenanntes Portal Parameter $7 = '...' (Connection: pgsql, SQL: insert into "users" ("name", "email", "email_verified_at", "password", "remember_token", "region", "organisation_id", "is_committee_member", "onboarded_at", "id", "updated_at", "created_at") values (Dr. Carleton Heathcote, vivian.nolan@example.com, 2026-05-31 08:42:14, $2y$10$92IXUNpkjO0rOQ5byMi.Ye4oKoEa3Ro9llC/.og/at2.uheWG/igi, i2o5BXZkUA, Nevada, 1, 0, 2026-05-31 08:42:14, a1e8e7cc-eb9a-49c4-9714-4d2a16aaa621, 2026-05-31 08:42:14, 2026-05-31 08:42:14))[39;22m

  at [32mvendor\laravel\framework\src\Illuminate\Database\Connection.php[39m:[32m825[39m
    821▕                     $this->getName(), $query, $this->prepareBindings($bindings), $e
    822▕                 );
    823▕             }
    824▕ 
  ➜ 825▕             throw new QueryException(
    826▕                 $this->getName(), $query, $this->prepareBindings($bindings), $e
    827▕             );
    828▕         }
    829▕     }

  [33m1   [39m[39;1mvendor\laravel\framework\src\Illuminate\Database\Connection.php[39;22m:[39;1m825[39;22m

  [33m2   [39m[39;1mvendor\laravel\framework\src\Illuminate\Database\Connection.php[39;22m:[39;1m571[39;22m
  [90m    NunoMaduro\Collision\Exceptions\TestException::("SQLSTATE[22P02]: Invalid text representation: 7 FEHLER:  ungültige Eingabesyntax für Typ uuid: »1«
CONTEXT:  unbenanntes Portal Parameter $7 = '...'")[39m

  [31m────────────────────────────────────────────────────────────────────────────────────────────────────────────────────[39m  
  [41;1m FAILED [49;22m [1mTests\Unit\Services\DashboardResolverRoleTest[22m [90m>[39m newly verified user sees welcome page      [41;1m QueryException [49;22m  
[39;1m  SQLSTATE[22P02]: Invalid text representation: 7 FEHLER:  ungültige Eingabesyntax für Typ uuid: »1«
CONTEXT:  unbenanntes Portal Parameter $7 = '...' (Connection: pgsql, SQL: insert into "users" ("name", "email", "email_verified_at", "password", "remember_token", "region", "organisation_id", "is_committee_member", "onboarded_at", "id", "updated_at", "created_at") values (Antone Pfeffer, electa.boyle@example.org, 2026-05-31 08:42:14, $2y$10$92IXUNpkjO0rOQ5byMi.Ye4oKoEa3Ro9llC/.og/at2.uheWG/igi, FvqKiNhgYS, South Carolina, 1, 0, ?, a1e8e7cd-3c06-461b-aaad-927a58baa355, 2026-05-31 08:42:14, 2026-05-31 08:42:14))[39;22m

  at [32mvendor\laravel\framework\src\Illuminate\Database\Connection.php[39m:[32m825[39m
    821▕                     $this->getName(), $query, $this->prepareBindings($bindings), $e
    822▕                 );
    823▕             }
    824▕ 
  ➜ 825▕             throw new QueryException(
    826▕                 $this->getName(), $query, $this->prepareBindings($bindings), $e
    827▕             );
    828▕         }
    829▕     }

  [33m1   [39m[39;1mvendor\laravel\framework\src\Illuminate\Database\Connection.php[39;22m:[39;1m825[39;22m

  [33m2   [39m[39;1mvendor\laravel\framework\src\Illuminate\Database\Connection.php[39;22m:[39;1m571[39;22m
  [90m    NunoMaduro\Collision\Exceptions\TestException::("SQLSTATE[22P02]: Invalid text representation: 7 FEHLER:  ungültige Eingabesyntax für Typ uuid: »1«
CONTEXT:  unbenanntes Portal Parameter $7 = '...'")[39m

  [31m────────────────────────────────────────────────────────────────────────────────────────────────────────────────────[39m  
  [41;1m FAILED [49;22m [1mTests\Unit\Services\DashboardResolverTest[22m [90m>[39m first time user redirects to welcome dashboar… [41;1m QueryException [49;22m  
[39;1m  SQLSTATE[42703]: Undefined column: 7 FEHLER:  Spalte »is_voter« von Relation »users« existiert nicht
LINE 1: ...egion", "organisation_id", "is_committee_member", "is_voter"...
                                                             ^ (Connection: pgsql, SQL: insert into "users" ("name", "email", "email_verified_at", "password", "remember_token", "region", "organisation_id", "is_committee_member", "is_voter", "id", "updated_at", "created_at") values (Henderson Kiehn, broberts@example.net, 2026-05-31 08:42:14, $2y$10$92IXUNpkjO0rOQ5byMi.Ye4oKoEa3Ro9llC/.og/at2.uheWG/igi, YItUvqYcse, Kentucky, 855c8791-7b66-47b8-9410-f5d788a41339, 0, 0, a1e8e7cd-944f-49d8-a187-35f58d8f0d3e, 2026-05-31 08:42:14, 2026-05-31 08:42:14))[39;22m

  at [32mvendor\laravel\framework\src\Illuminate\Database\Connection.php[39m:[32m825[39m
    821▕                     $this->getName(), $query, $this->prepareBindings($bindings), $e
    822▕                 );
    823▕             }
    824▕ 
  ➜ 825▕             throw new QueryException(
    826▕                 $this->getName(), $query, $this->prepareBindings($bindings), $e
    827▕             );
    828▕         }
    829▕     }

  [33m1   [39m[39;1mvendor\laravel\framework\src\Illuminate\Database\Connection.php[39;22m:[39;1m825[39;22m

  [33m2   [39m[39;1mvendor\laravel\framework\src\Illuminate\Database\Connection.php[39;22m:[39;1m571[39;22m
  [90m    NunoMaduro\Collision\Exceptions\TestException::("SQLSTATE[42703]: Undefined column: 7 FEHLER:  Spalte »is_voter« von Relation »users« existiert nicht
LINE 1: ...egion", "organisation_id", "is_committee_member", "is_voter"...
                                                             ^")[39m

  [31m────────────────────────────────────────────────────────────────────────────────────────────────────────────────────[39m  
  [41;1m FAILED [49;22m [1mTests\Unit\Services\DashboardResolverTest[22m [90m>[39m user with organization redirects to admin      [41;1m QueryException [49;22m  
[39;1m  SQLSTATE[42703]: Undefined column: 7 FEHLER:  Spalte »is_voter« von Relation »users« existiert nicht
LINE 1: ...egion", "organisation_id", "is_committee_member", "is_voter"...
                                                             ^ (Connection: pgsql, SQL: insert into "users" ("name", "email", "email_verified_at", "password", "remember_token", "region", "organisation_id", "is_committee_member", "is_voter", "id", "updated_at", "created_at") values (Arianna Bartoletti, joanie31@example.net, 2026-05-31 08:42:15, $2y$10$92IXUNpkjO0rOQ5byMi.Ye4oKoEa3Ro9llC/.og/at2.uheWG/igi, E6vhb1saCj, Illinois, 855c8791-7b66-47b8-9410-f5d788a41339, 0, 0, a1e8e7cd-f64a-40f4-b526-4e984a704125, 2026-05-31 08:42:15, 2026-05-31 08:42:15))[39;22m

  at [32mvendor\laravel\framework\src\Illuminate\Database\Connection.php[39m:[32m825[39m
    821▕                     $this->getName(), $query, $this->prepareBindings($bindings), $e
    822▕                 );
    823▕             }
    824▕ 
  ➜ 825▕             throw new QueryException(
    826▕                 $this->getName(), $query, $this->prepareBindings($bindings), $e
    827▕             );
    828▕         }
    829▕     }

  [33m1   [39m[39;1mvendor\laravel\framework\src\Illuminate\Database\Connection.php[39;22m:[39;1m825[39;22m

  [33m2   [39m[39;1mvendor\laravel\framework\src\Illuminate\Database\Connection.php[39;22m:[39;1m571[39;22m
  [90m    NunoMaduro\Collision\Exceptions\TestException::("SQLSTATE[42703]: Undefined column: 7 FEHLER:  Spalte »is_voter« von Relation »users« existiert nicht
LINE 1: ...egion", "organisation_id", "is_committee_member", "is_voter"...
                                                             ^")[39m

  [31m────────────────────────────────────────────────────────────────────────────────────────────────────────────────────[39m  
  [41;1m FAILED [49;22m [1mTests\Unit\Services\DashboardResolverTest[22m [90m>[39m user with commission redirects to commission   [41;1m QueryException [49;22m  
[39;1m  SQLSTATE[42703]: Undefined column: 7 FEHLER:  Spalte »is_voter« von Relation »users« existiert nicht
LINE 1: ...egion", "organisation_id", "is_committee_member", "is_voter"...
                                                             ^ (Connection: pgsql, SQL: insert into "users" ("name", "email", "email_verified_at", "password", "remember_token", "region", "organisation_id", "is_committee_member", "is_voter", "id", "updated_at", "created_at") values (Dr. Cecelia Feil, imarquardt@example.net, 2026-05-31 08:42:15, $2y$10$92IXUNpkjO0rOQ5byMi.Ye4oKoEa3Ro9llC/.og/at2.uheWG/igi, x1Cd41ragt, Iowa, 855c8791-7b66-47b8-9410-f5d788a41339, 0, 0, a1e8e7ce-5873-4eda-9885-1495bebf3cbf, 2026-05-31 08:42:15, 2026-05-31 08:42:15))[39;22m

  at [32mvendor\laravel\framework\src\Illuminate\Database\Connection.php[39m:[32m825[39m
    821▕                     $this->getName(), $query, $this->prepareBindings($bindings), $e
    822▕                 );
    823▕             }
    824▕ 
  ➜ 825▕             throw new QueryException(
    826▕                 $this->getName(), $query, $this->prepareBindings($bindings), $e
    827▕             );
    828▕         }
    829▕     }

  [33m1   [39m[39;1mvendor\laravel\framework\src\Illuminate\Database\Connection.php[39;22m:[39;1m825[39;22m

  [33m2   [39m[39;1mvendor\laravel\framework\src\Illuminate\Database\Connection.php[39;22m:[39;1m571[39;22m
  [90m    NunoMaduro\Collision\Exceptions\TestException::("SQLSTATE[42703]: Undefined column: 7 FEHLER:  Spalte »is_voter« von Relation »users« existiert nicht
LINE 1: ...egion", "organisation_id", "is_committee_member", "is_voter"...
                                                             ^")[39m

  [31m────────────────────────────────────────────────────────────────────────────────────────────────────────────────────[39m  
  [41;1m FAILED [49;22m [1mTests\Unit\Services\DashboardResolverTest[22m [90m>[39m user with voter status redirects to voter      [41;1m QueryException [49;22m  
[39;1m  SQLSTATE[42703]: Undefined column: 7 FEHLER:  Spalte »is_voter« von Relation »users« existiert nicht
LINE 1: ...egion", "organisation_id", "is_committee_member", "is_voter"...
                                                             ^ (Connection: pgsql, SQL: insert into "users" ("name", "email", "email_verified_at", "password", "remember_token", "region", "organisation_id", "is_committee_member", "is_voter", "id", "updated_at", "created_at") values (Cora Haley, drutherford@example.net, 2026-05-31 08:42:15, $2y$10$92IXUNpkjO0rOQ5byMi.Ye4oKoEa3Ro9llC/.og/at2.uheWG/igi, Woq0AfTgHF, New York, 855c8791-7b66-47b8-9410-f5d788a41339, 0, 1, a1e8e7ce-cb18-4bef-baba-d5e9817c5d5f, 2026-05-31 08:42:15, 2026-05-31 08:42:15))[39;22m

  at [32mvendor\laravel\framework\src\Illuminate\Database\Connection.php[39m:[32m825[39m
    821▕                     $this->getName(), $query, $this->prepareBindings($bindings), $e
    822▕                 );
    823▕             }
    824▕ 
  ➜ 825▕             throw new QueryException(
    826▕                 $this->getName(), $query, $this->prepareBindings($bindings), $e
    827▕             );
    828▕         }
    829▕     }

  [33m1   [39m[39;1mvendor\laravel\framework\src\Illuminate\Database\Connection.php[39;22m:[39;1m825[39;22m

  [33m2   [39m[39;1mvendor\laravel\framework\src\Illuminate\Database\Connection.php[39;22m:[39;1m571[39;22m
  [90m    NunoMaduro\Collision\Exceptions\TestException::("SQLSTATE[42703]: Undefined column: 7 FEHLER:  Spalte »is_voter« von Relation »users« existiert nicht
LINE 1: ...egion", "organisation_id", "is_committee_member", "is_voter"...
                                                             ^")[39m

  [31m────────────────────────────────────────────────────────────────────────────────────────────────────────────────────[39m  
  [41;1m FAILED [49;22m [1mTests\Unit\Services\DashboardResolverTest[22m [90m>[39m user with multiple roles redirects to selecti… [41;1m QueryException [49;22m  
[39;1m  SQLSTATE[42703]: Undefined column: 7 FEHLER:  Spalte »is_voter« von Relation »users« existiert nicht
LINE 1: ...egion", "organisation_id", "is_committee_member", "is_voter"...
                                                             ^ (Connection: pgsql, SQL: insert into "users" ("name", "email", "email_verified_at", "password", "remember_token", "region", "organisation_id", "is_committee_member", "is_voter", "id", "updated_at", "created_at") values (Melyssa Wisoky, ena.anderson@example.org, 2026-05-31 08:42:16, $2y$10$92IXUNpkjO0rOQ5byMi.Ye4oKoEa3Ro9llC/.og/at2.uheWG/igi, Ohike5GDkD, West Virginia, 855c8791-7b66-47b8-9410-f5d788a41339, 0, 1, a1e8e7cf-4e8c-4115-8a2f-2e6801d3ccff, 2026-05-31 08:42:16, 2026-05-31 08:42:16))[39;22m

  at [32mvendor\laravel\framework\src\Illuminate\Database\Connection.php[39m:[32m825[39m
    821▕                     $this->getName(), $query, $this->prepareBindings($bindings), $e
    822▕                 );
    823▕             }
    824▕ 
  ➜ 825▕             throw new QueryException(
    826▕                 $this->getName(), $query, $this->prepareBindings($bindings), $e
    827▕             );
    828▕         }
    829▕     }

  [33m1   [39m[39;1mvendor\laravel\framework\src\Illuminate\Database\Connection.php[39;22m:[39;1m825[39;22m

  [33m2   [39m[39;1mvendor\laravel\framework\src\Illuminate\Database\Connection.php[39;22m:[39;1m571[39;22m
  [90m    NunoMaduro\Collision\Exceptions\TestException::("SQLSTATE[42703]: Undefined column: 7 FEHLER:  Spalte »is_voter« von Relation »users« existiert nicht
LINE 1: ...egion", "organisation_id", "is_committee_member", "is_voter"...
                                                             ^")[39m

  [31m────────────────────────────────────────────────────────────────────────────────────────────────────────────────────[39m  
  [41;1m FAILED [49;22m [1mTests\Unit\Services\DashboardResolverTest[22m [90m>[39m legacy user with admin role redirects to admi… [41;1m QueryException [49;22m  
[39;1m  SQLSTATE[42703]: Undefined column: 7 FEHLER:  Spalte »is_voter« von Relation »users« existiert nicht
LINE 1: ...egion", "organisation_id", "is_committee_member", "is_voter"...
                                                             ^ (Connection: pgsql, SQL: insert into "users" ("name", "email", "email_verified_at", "password", "remember_token", "region", "organisation_id", "is_committee_member", "is_voter", "id", "updated_at", "created_at") values (Jess Lockman V, goldner.carolyne@example.com, 2026-05-31 08:42:16, $2y$10$92IXUNpkjO0rOQ5byMi.Ye4oKoEa3Ro9llC/.og/at2.uheWG/igi, q2w1ROlmIR, Vermont, 855c8791-7b66-47b8-9410-f5d788a41339, 0, 0, a1e8e7cf-c3a2-4c81-928d-b421cc68ceb9, 2026-05-31 08:42:16, 2026-05-31 08:42:16))[39;22m

  at [32mvendor\laravel\framework\src\Illuminate\Database\Connection.php[39m:[32m825[39m
    821▕                     $this->getName(), $query, $this->prepareBindings($bindings), $e
    822▕                 );
    823▕             }
    824▕ 
  ➜ 825▕             throw new QueryException(
    826▕                 $this->getName(), $query, $this->prepareBindings($bindings), $e
    827▕             );
    828▕         }
    829▕     }

  [33m1   [39m[39;1mvendor\laravel\framework\src\Illuminate\Database\Connection.php[39;22m:[39;1m825[39;22m

  [33m2   [39m[39;1mvendor\laravel\framework\src\Illuminate\Database\Connection.php[39;22m:[39;1m571[39;22m
  [90m    NunoMaduro\Collision\Exceptions\TestException::("SQLSTATE[42703]: Undefined column: 7 FEHLER:  Spalte »is_voter« von Relation »users« existiert nicht
LINE 1: ...egion", "organisation_id", "is_committee_member", "is_voter"...
                                                             ^")[39m

  [31m────────────────────────────────────────────────────────────────────────────────────────────────────────────────────[39m  
  [41;1m FAILED [49;22m [1mTests\Unit\Services\DashboardResolverTest[22m [90m>[39m legacy user with election officer role redire… [41;1m QueryException [49;22m  
[39;1m  SQLSTATE[42703]: Undefined column: 7 FEHLER:  Spalte »is_voter« von Relation »users« existiert nicht
LINE 1: ...egion", "organisation_id", "is_committee_member", "is_voter"...
                                                             ^ (Connection: pgsql, SQL: insert into "users" ("name", "email", "email_verified_at", "password", "remember_token", "region", "organisation_id", "is_committee_member", "is_voter", "id", "updated_at", "created_at") values (Mr. Randal Bode, mkeeling@example.org, 2026-05-31 08:42:16, $2y$10$92IXUNpkjO0rOQ5byMi.Ye4oKoEa3Ro9llC/.og/at2.uheWG/igi, aBXXSc7BBV, Massachusetts, 855c8791-7b66-47b8-9410-f5d788a41339, 0, 0, a1e8e7d0-08ca-4dd9-af95-173266af3b91, 2026-05-31 08:42:16, 2026-05-31 08:42:16))[39;22m

  at [32mvendor\laravel\framework\src\Illuminate\Database\Connection.php[39m:[32m825[39m
    821▕                     $this->getName(), $query, $this->prepareBindings($bindings), $e
    822▕                 );
    823▕             }
    824▕ 
  ➜ 825▕             throw new QueryException(
    826▕                 $this->getName(), $query, $this->prepareBindings($bindings), $e
    827▕             );
    828▕         }
    829▕     }

  [33m1   [39m[39;1mvendor\laravel\framework\src\Illuminate\Database\Connection.php[39;22m:[39;1m825[39;22m

  [33m2   [39m[39;1mvendor\laravel\framework\src\Illuminate\Database\Connection.php[39;22m:[39;1m571[39;22m
  [90m    NunoMaduro\Collision\Exceptions\TestException::("SQLSTATE[42703]: Undefined column: 7 FEHLER:  Spalte »is_voter« von Relation »users« existiert nicht
LINE 1: ...egion", "organisation_id", "is_committee_member", "is_voter"...
                                                             ^")[39m

  [31m────────────────────────────────────────────────────────────────────────────────────────────────────────────────────[39m  
  [41;1m FAILED [49;22m [1mTests\Unit\Services\DashboardResolverTest[22m [90m>[39m legacy committee member redirects to commissi… [41;1m QueryException [49;22m  
[39;1m  SQLSTATE[42703]: Undefined column: 7 FEHLER:  Spalte »is_voter« von Relation »users« existiert nicht
LINE 1: ...egion", "organisation_id", "is_committee_member", "is_voter"...
                                                             ^ (Connection: pgsql, SQL: insert into "users" ("name", "email", "email_verified_at", "password", "remember_token", "region", "organisation_id", "is_committee_member", "is_voter", "id", "updated_at", "created_at") values (Magnolia Huel MD, ezekiel93@example.com, 2026-05-31 08:42:16, $2y$10$92IXUNpkjO0rOQ5byMi.Ye4oKoEa3Ro9llC/.og/at2.uheWG/igi, 1ZgxbjLBUI, Kansas, 855c8791-7b66-47b8-9410-f5d788a41339, 1, 0, a1e8e7d0-76f6-4284-a5fd-efde479f41a7, 2026-05-31 08:42:16, 2026-05-31 08:42:16))[39;22m

  at [32mvendor\laravel\framework\src\Illuminate\Database\Connection.php[39m:[32m825[39m
    821▕                     $this->getName(), $query, $this->prepareBindings($bindings), $e
    822▕                 );
    823▕             }
    824▕ 
  ➜ 825▕             throw new QueryException(
    826▕                 $this->getName(), $query, $this->prepareBindings($bindings), $e
    827▕             );
    828▕         }
    829▕     }

  [33m1   [39m[39;1mvendor\laravel\framework\src\Illuminate\Database\Connection.php[39;22m:[39;1m825[39;22m

  [33m2   [39m[39;1mvendor\laravel\framework\src\Illuminate\Database\Connection.php[39;22m:[39;1m571[39;22m
  [90m    NunoMaduro\Collision\Exceptions\TestException::("SQLSTATE[42703]: Undefined column: 7 FEHLER:  Spalte »is_voter« von Relation »users« existiert nicht
LINE 1: ...egion", "organisation_id", "is_committee_member", "is_voter"...
                                                             ^")[39m

  [31m────────────────────────────────────────────────────────────────────────────────────────────────────────────────────[39m  
  [41;1m FAILED [49;22m [1mTests\Unit\Services\DashboardResolverTest[22m [90m>[39m user with no roles redirects to welcome        [41;1m QueryException [49;22m  
[39;1m  SQLSTATE[42703]: Undefined column: 7 FEHLER:  Spalte »is_voter« von Relation »users« existiert nicht
LINE 1: ...egion", "organisation_id", "is_committee_member", "is_voter"...
                                                             ^ (Connection: pgsql, SQL: insert into "users" ("name", "email", "email_verified_at", "password", "remember_token", "region", "organisation_id", "is_committee_member", "is_voter", "id", "updated_at", "created_at") values (Ms. Crystel Lynch II, marcelo.gorczany@example.net, 2026-05-31 08:42:17, $2y$10$92IXUNpkjO0rOQ5byMi.Ye4oKoEa3Ro9llC/.og/at2.uheWG/igi, JvwEIWcWNV, Nevada, 855c8791-7b66-47b8-9410-f5d788a41339, 0, 0, a1e8e7d0-dbc2-40e0-8888-83a9ae749029, 2026-05-31 08:42:17, 2026-05-31 08:42:17))[39;22m

  at [32mvendor\laravel\framework\src\Illuminate\Database\Connection.php[39m:[32m825[39m
    821▕                     $this->getName(), $query, $this->prepareBindings($bindings), $e
    822▕                 );
    823▕             }
    824▕ 
  ➜ 825▕             throw new QueryException(
    826▕                 $this->getName(), $query, $this->prepareBindings($bindings), $e
    827▕             );
    828▕         }
    829▕     }

  [33m1   [39m[39;1mvendor\laravel\framework\src\Illuminate\Database\Connection.php[39;22m:[39;1m825[39;22m

  [33m2   [39m[39;1mvendor\laravel\framework\src\Illuminate\Database\Connection.php[39;22m:[39;1m571[39;22m
  [90m    NunoMaduro\Collision\Exceptions\TestException::("SQLSTATE[42703]: Undefined column: 7 FEHLER:  Spalte »is_voter« von Relation »users« existiert nicht
LINE 1: ...egion", "organisation_id", "is_committee_member", "is_voter"...
                                                             ^")[39m

  [31m────────────────────────────────────────────────────────────────────────────────────────────────────────────────────[39m  
  [41;1m FAILED [49;22m [1mTests\Unit\Services\DashboardResolverTest[22m [90m>[39m old account with no roles still is first time  [41;1m QueryException [49;22m  
[39;1m  SQLSTATE[42703]: Undefined column: 7 FEHLER:  Spalte »is_voter« von Relation »users« existiert nicht
LINE 1: ...isation_id", "is_committee_member", "created_at", "is_voter"...
                                                             ^ (Connection: pgsql, SQL: insert into "users" ("name", "email", "email_verified_at", "password", "remember_token", "region", "organisation_id", "is_committee_member", "created_at", "is_voter", "id", "updated_at") values (Markus Rice, marlin58@example.org, 2026-05-31 08:42:17, $2y$10$92IXUNpkjO0rOQ5byMi.Ye4oKoEa3Ro9llC/.og/at2.uheWG/igi, nTc2ljsr1q, Arkansas, 855c8791-7b66-47b8-9410-f5d788a41339, 0, 2026-05-01 08:42:17, 0, a1e8e7d1-6926-4431-bf9c-04baaa04ba01, 2026-05-31 08:42:17))[39;22m

  at [32mvendor\laravel\framework\src\Illuminate\Database\Connection.php[39m:[32m825[39m
    821▕                     $this->getName(), $query, $this->prepareBindings($bindings), $e
    822▕                 );
    823▕             }
    824▕ 
  ➜ 825▕             throw new QueryException(
    826▕                 $this->getName(), $query, $this->prepareBindings($bindings), $e
    827▕             );
    828▕         }
    829▕     }

  [33m1   [39m[39;1mvendor\laravel\framework\src\Illuminate\Database\Connection.php[39;22m:[39;1m825[39;22m

  [33m2   [39m[39;1mvendor\laravel\framework\src\Illuminate\Database\Connection.php[39;22m:[39;1m571[39;22m
  [90m    NunoMaduro\Collision\Exceptions\TestException::("SQLSTATE[42703]: Undefined column: 7 FEHLER:  Spalte »is_voter« von Relation »users« existiert nicht
LINE 1: ...isation_id", "is_committee_member", "created_at", "is_voter"...
                                                             ^")[39m

  [31m────────────────────────────────────────────────────────────────────────────────────────────────────────────────────[39m  
  [41;1m FAILED [49;22m [1mTests\Unit\Services\DashboardResolverTest[22m [90m>[39m user with three roles shows selection          [41;1m QueryException [49;22m  
[39;1m  SQLSTATE[42703]: Undefined column: 7 FEHLER:  Spalte »is_voter« von Relation »users« existiert nicht
LINE 1: ...egion", "organisation_id", "is_committee_member", "is_voter"...
                                                             ^ (Connection: pgsql, SQL: insert into "users" ("name", "email", "email_verified_at", "password", "remember_token", "region", "organisation_id", "is_committee_member", "is_voter", "id", "updated_at", "created_at") values (Alberto Wiza, little.zoila@example.com, 2026-05-31 08:42:17, $2y$10$92IXUNpkjO0rOQ5byMi.Ye4oKoEa3Ro9llC/.og/at2.uheWG/igi, E9eR77HDcw, Florida, 855c8791-7b66-47b8-9410-f5d788a41339, 0, 1, a1e8e7d1-c639-4dac-8ed1-ff044b2e7ab3, 2026-05-31 08:42:17, 2026-05-31 08:42:17))[39;22m

  at [32mvendor\laravel\framework\src\Illuminate\Database\Connection.php[39m:[32m825[39m
    821▕                     $this->getName(), $query, $this->prepareBindings($bindings), $e
    822▕                 );
    823▕             }
    824▕ 
  ➜ 825▕             throw new QueryException(
    826▕                 $this->getName(), $query, $this->prepareBindings($bindings), $e
    827▕             );
    828▕         }
    829▕     }

  [33m1   [39m[39;1mvendor\laravel\framework\src\Illuminate\Database\Connection.php[39;22m:[39;1m825[39;22m

  [33m2   [39m[39;1mvendor\laravel\framework\src\Illuminate\Database\Connection.php[39;22m:[39;1m571[39;22m
  [90m    NunoMaduro\Collision\Exceptions\TestException::("SQLSTATE[42703]: Undefined column: 7 FEHLER:  Spalte »is_voter« von Relation »users« existiert nicht
LINE 1: ...egion", "organisation_id", "is_committee_member", "is_voter"...
                                                             ^")[39m

  [31m────────────────────────────────────────────────────────────────────────────────────────────────────────────────────[39m  
  [41;1m FAILED [49;22m [1mTests\Unit\Services\DashboardResolverTest[22m [90m>[39m legacy voter with no new roles redirects to v… [41;1m QueryException [49;22m  
[39;1m  SQLSTATE[42703]: Undefined column: 7 FEHLER:  Spalte »is_voter« von Relation »users« existiert nicht
LINE 1: ...egion", "organisation_id", "is_committee_member", "is_voter"...
                                                             ^ (Connection: pgsql, SQL: insert into "users" ("name", "email", "email_verified_at", "password", "remember_token", "region", "organisation_id", "is_committee_member", "is_voter", "id", "updated_at", "created_at") values (Ms. Lupe Nicolas I, brielle.hudson@example.org, 2026-05-31 08:42:18, $2y$10$92IXUNpkjO0rOQ5byMi.Ye4oKoEa3Ro9llC/.og/at2.uheWG/igi, OShskAZOw2, Vermont, 855c8791-7b66-47b8-9410-f5d788a41339, 0, 1, a1e8e7d2-4728-401f-9bba-27087bdc494a, 2026-05-31 08:42:18, 2026-05-31 08:42:18))[39;22m

  at [32mvendor\laravel\framework\src\Illuminate\Database\Connection.php[39m:[32m825[39m
    821▕                     $this->getName(), $query, $this->prepareBindings($bindings), $e
    822▕                 );
    823▕             }
    824▕ 
  ➜ 825▕             throw new QueryException(
    826▕                 $this->getName(), $query, $this->prepareBindings($bindings), $e
    827▕             );
    828▕         }
    829▕     }

  [33m1   [39m[39;1mvendor\laravel\framework\src\Illuminate\Database\Connection.php[39;22m:[39;1m825[39;22m

  [33m2   [39m[39;1mvendor\laravel\framework\src\Illuminate\Database\Connection.php[39;22m:[39;1m571[39;22m
  [90m    NunoMaduro\Collision\Exceptions\TestException::("SQLSTATE[42703]: Undefined column: 7 FEHLER:  Spalte »is_voter« von Relation »users« existiert nicht
LINE 1: ...egion", "organisation_id", "is_committee_member", "is_voter"...
                                                             ^")[39m

  [31m────────────────────────────────────────────────────────────────────────────────────────────────────────────────────[39m  
  [41;1m FAILED [49;22m [1mTests\Unit\Services\DashboardResolverTest[22m [90m>[39m resolve returns redirect response              [41;1m QueryException [49;22m  
[39;1m  SQLSTATE[42703]: Undefined column: 7 FEHLER:  Spalte »is_voter« von Relation »users« existiert nicht
LINE 1: ...egion", "organisation_id", "is_committee_member", "is_voter"...
                                                             ^ (Connection: pgsql, SQL: insert into "users" ("name", "email", "email_verified_at", "password", "remember_token", "region", "organisation_id", "is_committee_member", "is_voter", "id", "updated_at", "created_at") values (Blanche Greenholt, equitzon@example.com, 2026-05-31 08:42:18, $2y$10$92IXUNpkjO0rOQ5byMi.Ye4oKoEa3Ro9llC/.og/at2.uheWG/igi, tWR2dWlv74, Rhode Island, 855c8791-7b66-47b8-9410-f5d788a41339, 0, 0, a1e8e7d2-a0bd-4555-85c5-ee8f953dbcc3, 2026-05-31 08:42:18, 2026-05-31 08:42:18))[39;22m

  at [32mvendor\laravel\framework\src\Illuminate\Database\Connection.php[39m:[32m825[39m
    821▕                     $this->getName(), $query, $this->prepareBindings($bindings), $e
    822▕                 );
    823▕             }
    824▕ 
  ➜ 825▕             throw new QueryException(
    826▕                 $this->getName(), $query, $this->prepareBindings($bindings), $e
    827▕             );
    828▕         }
    829▕     }

  [33m1   [39m[39;1mvendor\laravel\framework\src\Illuminate\Database\Connection.php[39;22m:[39;1m825[39;22m

  [33m2   [39m[39;1mvendor\laravel\framework\src\Illuminate\Database\Connection.php[39;22m:[39;1m571[39;22m
  [90m    NunoMaduro\Collision\Exceptions\TestException::("SQLSTATE[42703]: Undefined column: 7 FEHLER:  Spalte »is_voter« von Relation »users« existiert nicht
LINE 1: ...egion", "organisation_id", "is_committee_member", "is_voter"...
                                                             ^")[39m

  [31m────────────────────────────────────────────────────────────────────────────────────────────────────────────────────[39m  
  [41;1m FAILED [49;22m [1mTests\Unit\Services\DashboardResolverUnitTest[22m [90m>[39m dashboard resolver instantiates        [41;1m ArgumentCountError [49;22m  
[39;1m  Too few arguments to function App\Services\DashboardResolver::__construct(), 0 passed in C:\Users\nabra\OneDrive\Desktop\roshyara\xamp\nrna\nrna-eu\tests\Unit\Services\DashboardResolverUnitTest.php on line 20 and exactly 1 expected[39;22m

  at [32mapp\Services\DashboardResolver.php[39m:[32m15[39m
     11▕ use Illuminate\Support\Facades\Schema;
     12▕ 
     13▕ class DashboardResolver
     14▕ {
  ➜  15▕     public function __construct(
     16▕         private TenantContext $tenantContext
     17▕     ) {
     18▕     }
     19▕     /**

  [33m1   [39m[39;1mapp\Services\DashboardResolver.php[39;22m:[39;1m15[39;22m
  [33m2   [39m[39;1mtests\Unit\Services\DashboardResolverUnitTest.php[39;22m:[39;1m20[39;22m

  [31m────────────────────────────────────────────────────────────────────────────────────────────────────────────────────[39m  
  [41;1m FAILED [49;22m [1mTests\Unit\Services\DashboardResolverUnitTest[22m [90m>[39m dashboard resolver has required metho… [41;1m ArgumentCountError [49;22m  
[39;1m  Too few arguments to function App\Services\DashboardResolver::__construct(), 0 passed in C:\Users\nabra\OneDrive\Desktop\roshyara\xamp\nrna\nrna-eu\tests\Unit\Services\DashboardResolverUnitTest.php on line 29 and exactly 1 expected[39;22m

  at [32mapp\Services\DashboardResolver.php[39m:[32m15[39m
     11▕ use Illuminate\Support\Facades\Schema;
     12▕ 
     13▕ class DashboardResolver
     14▕ {
  ➜  15▕     public function __construct(
     16▕         private TenantContext $tenantContext
     17▕     ) {
     18▕     }
     19▕     /**

  [33m1   [39m[39;1mapp\Services\DashboardResolver.php[39;22m:[39;1m15[39;22m
  [33m2   [39m[39;1mtests\Unit\Services\DashboardResolverUnitTest.php[39;22m:[39;1m29[39;22m

  [31m────────────────────────────────────────────────────────────────────────────────────────────────────────────────────[39m  
  [41;1m FAILED [49;22m [1mTests\Unit\Services\DashboardResolverUnitTest[22m [90m>[39m voting step methods exist                                    
[39;1m  Failed asserting that false is true.[39;22m

  at [32mtests\Unit\Services\DashboardResolverUnitTest.php[39m:[32m81[39m
     77▕     public function test_voting_step_methods_exist(): void
     78▕     {
     79▕         $reflection = new \ReflectionClass(DashboardResolver::class);
     80▕ 
  ➜  81▕         $this->assertTrue($reflection->hasMethod('checkActiveVotingSession'));
     82▕         $this->assertTrue($reflection->hasMethod('getCurrentVotingStep'));
     83▕         $this->assertTrue($reflection->hasMethod('redirectToVoting'));
     84▕     }
     85▕

  [33m1   [39m[39;1mtests\Unit\Services\DashboardResolverUnitTest.php[39;22m:[39;1m81[39;22m

  [31m────────────────────────────────────────────────────────────────────────────────────────────────────────────────────[39m  
  [41;1m FAILED [49;22m [1mTests\Unit\Services\DashboardResolverUnitTest[22m [90m>[39m service can be resolved from containe… [41;1m ArgumentCountError [49;22m  
[39;1m  Too few arguments to function App\Services\DashboardResolver::__construct(), 0 passed in C:\Users\nabra\OneDrive\Desktop\roshyara\xamp\nrna\nrna-eu\tests\Unit\Services\DashboardResolverUnitTest.php on line 105 and exactly 1 expected[39;22m

  at [32mapp\Services\DashboardResolver.php[39m:[32m15[39m
     11▕ use Illuminate\Support\Facades\Schema;
     12▕ 
     13▕ class DashboardResolver
     14▕ {
  ➜  15▕     public function __construct(
     16▕         private TenantContext $tenantContext
     17▕     ) {
     18▕     }
     19▕     /**

  [33m1   [39m[39;1mapp\Services\DashboardResolver.php[39;22m:[39;1m15[39;22m
  [33m2   [39m[39;1mtests\Unit\Services\DashboardResolverUnitTest.php[39;22m:[39;1m105[39;22m

  [31m────────────────────────────────────────────────────────────────────────────────────────────────────────────────────[39m  
  [41;1m FAILED [49;22m [1mTests\Unit\Services\DemoElectionCreationServiceTest[22m [90m>[39m creates election with correct organ… [41;1m QueryException [49;22m  
[39;1m  SQLSTATE[22P02]: Invalid text representation: 7 FEHLER:  ungültige Eingabesyntax für Typ uuid: »demo-a1e8e7d3-1«
CONTEXT:  unbenanntes Portal Parameter $1 = '...' (Connection: pgsql, SQL: insert into "demo_candidacies" ("user_id", "post_id", "election_id", "organisation_id", "candidacy_id", "user_name", "candidacy_name", "proposer_name", "supporter_name", "position_order", "image_path_1", "id", "updated_at", "created_at") values (demo-a1e8e7d3-1, a1e8e7d3-06e0-4134-bab6-93d0da77880e, a1e8e7d3-0331-4b8c-96ad-67c80bf1feda, a1e8e7d3-0272-47eb-b94f-ddedbae5bba7, demo-a1e8e7d3-1, Alice Johnson, Alice Johnson, John Doe, Jane Smith, 1, demo_candiate_images/candidates_01.png, a1e8e7d3-08c1-433a-92db-c3f166b1213f, 2026-05-31 08:42:18, 2026-05-31 08:42:18))[39;22m

  at [32mvendor\laravel\framework\src\Illuminate\Database\Connection.php[39m:[32m825[39m
    821▕                     $this->getName(), $query, $this->prepareBindings($bindings), $e
    822▕                 );
    823▕             }
    824▕ 
  ➜ 825▕             throw new QueryException(
    826▕                 $this->getName(), $query, $this->prepareBindings($bindings), $e
    827▕             );
    828▕         }
    829▕     }

  [33m1   [39m[39;1mvendor\laravel\framework\src\Illuminate\Database\Connection.php[39;22m:[39;1m825[39;22m

  [33m2   [39m[39;1mvendor\laravel\framework\src\Illuminate\Database\Connection.php[39;22m:[39;1m571[39;22m
  [90m    NunoMaduro\Collision\Exceptions\TestException::("SQLSTATE[22P02]: Invalid text representation: 7 FEHLER:  ungültige Eingabesyntax für Typ uuid: »demo-a1e8e7d3-1«
CONTEXT:  unbenanntes Portal Parameter $1 = '...'")[39m

  [31m────────────────────────────────────────────────────────────────────────────────────────────────────────────────────[39m  
  [41;1m FAILED [49;22m [1mTests\Unit\Services\DemoElectionCreationServiceTest[22m [90m>[39m creates national posts with candida… [41;1m QueryException [49;22m  
[39;1m  SQLSTATE[22P02]: Invalid text representation: 7 FEHLER:  ungültige Eingabesyntax für Typ uuid: »demo-a1e8e7d3-1«
CONTEXT:  unbenanntes Portal Parameter $1 = '...' (Connection: pgsql, SQL: insert into "demo_candidacies" ("user_id", "post_id", "election_id", "organisation_id", "candidacy_id", "user_name", "candidacy_name", "proposer_name", "supporter_name", "position_order", "image_path_1", "id", "updated_at", "created_at") values (demo-a1e8e7d3-1, a1e8e7d3-6a60-49b2-9123-c85153e64fa7, a1e8e7d3-668c-415c-a2d3-b3a97a30d2ab, a1e8e7d3-6587-4e5e-bef6-04f8b13b75f8, demo-a1e8e7d3-1, Alice Johnson, Alice Johnson, John Doe, Jane Smith, 1, demo_candiate_images/candidates_01.png, a1e8e7d3-6b4b-4bc7-895d-a4ea4972aec7, 2026-05-31 08:42:18, 2026-05-31 08:42:18))[39;22m

  at [32mvendor\laravel\framework\src\Illuminate\Database\Connection.php[39m:[32m825[39m
    821▕                     $this->getName(), $query, $this->prepareBindings($bindings), $e
    822▕                 );
    823▕             }
    824▕ 
  ➜ 825▕             throw new QueryException(
    826▕                 $this->getName(), $query, $this->prepareBindings($bindings), $e
    827▕             );
    828▕         }
    829▕     }

  [33m1   [39m[39;1mvendor\laravel\framework\src\Illuminate\Database\Connection.php[39;22m:[39;1m825[39;22m

  [33m2   [39m[39;1mvendor\laravel\framework\src\Illuminate\Database\Connection.php[39;22m:[39;1m571[39;22m
  [90m    NunoMaduro\Collision\Exceptions\TestException::("SQLSTATE[22P02]: Invalid text representation: 7 FEHLER:  ungültige Eingabesyntax für Typ uuid: »demo-a1e8e7d3-1«
CONTEXT:  unbenanntes Portal Parameter $1 = '...'")[39m

  [31m────────────────────────────────────────────────────────────────────────────────────────────────────────────────────[39m  
  [41;1m FAILED [49;22m [1mTests\Unit\Services\DemoElectionCreationServiceTest[22m [90m>[39m creates regional posts for europe    [41;1m QueryException [49;22m  
[39;1m  SQLSTATE[22P02]: Invalid text representation: 7 FEHLER:  ungültige Eingabesyntax für Typ uuid: »demo-a1e8e7d3-1«
CONTEXT:  unbenanntes Portal Parameter $1 = '...' (Connection: pgsql, SQL: insert into "demo_candidacies" ("user_id", "post_id", "election_id", "organisation_id", "candidacy_id", "user_name", "candidacy_name", "proposer_name", "supporter_name", "position_order", "image_path_1", "id", "updated_at", "created_at") values (demo-a1e8e7d3-1, a1e8e7d3-ef95-4f96-87ce-59e9b985be10, a1e8e7d3-ebd1-4acf-86d2-611bb0f7401a, a1e8e7d3-eaec-452d-a515-defa06582d57, demo-a1e8e7d3-1, Alice Johnson, Alice Johnson, John Doe, Jane Smith, 1, demo_candiate_images/candidates_01.png, a1e8e7d3-f0ee-49bd-84a8-3995a75e4ee1, 2026-05-31 08:42:19, 2026-05-31 08:42:19))[39;22m

  at [32mvendor\laravel\framework\src\Illuminate\Database\Connection.php[39m:[32m825[39m
    821▕                     $this->getName(), $query, $this->prepareBindings($bindings), $e
    822▕                 );
    823▕             }
    824▕ 
  ➜ 825▕             throw new QueryException(
    826▕                 $this->getName(), $query, $this->prepareBindings($bindings), $e
    827▕             );
    828▕         }
    829▕     }

  [33m1   [39m[39;1mvendor\laravel\framework\src\Illuminate\Database\Connection.php[39;22m:[39;1m825[39;22m

  [33m2   [39m[39;1mvendor\laravel\framework\src\Illuminate\Database\Connection.php[39;22m:[39;1m571[39;22m
  [90m    NunoMaduro\Collision\Exceptions\TestException::("SQLSTATE[22P02]: Invalid text representation: 7 FEHLER:  ungültige Eingabesyntax für Typ uuid: »demo-a1e8e7d3-1«
CONTEXT:  unbenanntes Portal Parameter $1 = '...'")[39m

  [31m────────────────────────────────────────────────────────────────────────────────────────────────────────────────────[39m  
  [41;1m FAILED [49;22m [1mTests\Unit\Services\DemoElectionResolverTest[22m [90m>[39m returns org specific demo when user has or… [41;1m QueryException [49;22m  
[39;1m  SQLSTATE[22P02]: Invalid text representation: 7 FEHLER:  ungültige Eingabesyntax für Typ uuid: »5«
CONTEXT:  unbenanntes Portal Parameter $7 = '...' (Connection: pgsql, SQL: insert into "users" ("name", "email", "email_verified_at", "password", "remember_token", "region", "organisation_id", "is_committee_member", "id", "updated_at", "created_at") values (Pauline Boyle Jr., king.harvey@example.org, 2026-05-31 08:42:19, $2y$10$92IXUNpkjO0rOQ5byMi.Ye4oKoEa3Ro9llC/.og/at2.uheWG/igi, kfIgr58hU8, Ohio, 5, 0, a1e8e7d4-66b0-4337-b34c-a697375a36e9, 2026-05-31 08:42:19, 2026-05-31 08:42:19))[39;22m

  at [32mvendor\laravel\framework\src\Illuminate\Database\Connection.php[39m:[32m825[39m
    821▕                     $this->getName(), $query, $this->prepareBindings($bindings), $e
    822▕                 );
    823▕             }
    824▕ 
  ➜ 825▕             throw new QueryException(
    826▕                 $this->getName(), $query, $this->prepareBindings($bindings), $e
    827▕             );
    828▕         }
    829▕     }

  [33m1   [39m[39;1mvendor\laravel\framework\src\Illuminate\Database\Connection.php[39;22m:[39;1m825[39;22m

  [33m2   [39m[39;1mvendor\laravel\framework\src\Illuminate\Database\Connection.php[39;22m:[39;1m571[39;22m
  [90m    NunoMaduro\Collision\Exceptions\TestException::("SQLSTATE[22P02]: Invalid text representation: 7 FEHLER:  ungültige Eingabesyntax für Typ uuid: »5«
CONTEXT:  unbenanntes Portal Parameter $7 = '...'")[39m

  [31m────────────────────────────────────────────────────────────────────────────────────────────────────────────────────[39m  
  [41;1m FAILED [49;22m [1mTests\Unit\Services\DemoElectionResolverTest[22m [90m>[39m returns platform demo when user has org bu… [41;1m QueryException [49;22m  
[39;1m  SQLSTATE[22P02]: Invalid text representation: 7 FEHLER:  ungültige Eingabesyntax für Typ uuid: »5«
CONTEXT:  unbenanntes Portal Parameter $7 = '...' (Connection: pgsql, SQL: insert into "users" ("name", "email", "email_verified_at", "password", "remember_token", "region", "organisation_id", "is_committee_member", "id", "updated_at", "created_at") values (Kimberly Gaylord, harber.rodolfo@example.org, 2026-05-31 08:42:19, $2y$10$92IXUNpkjO0rOQ5byMi.Ye4oKoEa3Ro9llC/.og/at2.uheWG/igi, fDBQESk555, Minnesota, 5, 0, a1e8e7d4-bb0e-425f-9e5a-3fe0601bfa05, 2026-05-31 08:42:19, 2026-05-31 08:42:19))[39;22m

  at [32mvendor\laravel\framework\src\Illuminate\Database\Connection.php[39m:[32m825[39m
    821▕                     $this->getName(), $query, $this->prepareBindings($bindings), $e
    822▕                 );
    823▕             }
    824▕ 
  ➜ 825▕             throw new QueryException(
    826▕                 $this->getName(), $query, $this->prepareBindings($bindings), $e
    827▕             );
    828▕         }
    829▕     }

  [33m1   [39m[39;1mvendor\laravel\framework\src\Illuminate\Database\Connection.php[39;22m:[39;1m825[39;22m

  [33m2   [39m[39;1mvendor\laravel\framework\src\Illuminate\Database\Connection.php[39;22m:[39;1m571[39;22m
  [90m    NunoMaduro\Collision\Exceptions\TestException::("SQLSTATE[22P02]: Invalid text representation: 7 FEHLER:  ungültige Eingabesyntax für Typ uuid: »5«
CONTEXT:  unbenanntes Portal Parameter $7 = '...'")[39m

  [31m────────────────────────────────────────────────────────────────────────────────────────────────────────────────────[39m  
  [41;1m FAILED [49;22m [1mTests\Unit\Services\DemoElectionResolverTest[22m [90m>[39m returns null when user has org but no demo… [41;1m QueryException [49;22m  
[39;1m  SQLSTATE[22P02]: Invalid text representation: 7 FEHLER:  ungültige Eingabesyntax für Typ uuid: »5«
CONTEXT:  unbenanntes Portal Parameter $7 = '...' (Connection: pgsql, SQL: insert into "users" ("name", "email", "email_verified_at", "password", "remember_token", "region", "organisation_id", "is_committee_member", "id", "updated_at", "created_at") values (Hobart Stracke, bennett.mann@example.net, 2026-05-31 08:42:19, $2y$10$92IXUNpkjO0rOQ5byMi.Ye4oKoEa3Ro9llC/.og/at2.uheWG/igi, 0Gnkv6SsJC, Kansas, 5, 0, a1e8e7d5-0a09-4d2e-bca5-2386acd85ff7, 2026-05-31 08:42:19, 2026-05-31 08:42:19))[39;22m

  at [32mvendor\laravel\framework\src\Illuminate\Database\Connection.php[39m:[32m825[39m
    821▕                     $this->getName(), $query, $this->prepareBindings($bindings), $e
    822▕                 );
    823▕             }
    824▕ 
  ➜ 825▕             throw new QueryException(
    826▕                 $this->getName(), $query, $this->prepareBindings($bindings), $e
    827▕             );
    828▕         }
    829▕     }

  [33m1   [39m[39;1mvendor\laravel\framework\src\Illuminate\Database\Connection.php[39;22m:[39;1m825[39;22m

  [33m2   [39m[39;1mvendor\laravel\framework\src\Illuminate\Database\Connection.php[39;22m:[39;1m571[39;22m
  [90m    NunoMaduro\Collision\Exceptions\TestException::("SQLSTATE[22P02]: Invalid text representation: 7 FEHLER:  ungültige Eingabesyntax für Typ uuid: »5«
CONTEXT:  unbenanntes Portal Parameter $7 = '...'")[39m

  [31m────────────────────────────────────────────────────────────────────────────────────────────────────────────────────[39m  
  [41;1m FAILED [49;22m [1mTests\Unit\Services\DemoElectionResolverTest[22m [90m>[39m returns platform demo for default user whe… [41;1m QueryException [49;22m  
[39;1m  SQLSTATE[23502]: Not null violation: 7 FEHLER:  NULL-Wert in Spalte »organisation_id« von Relation »users« verletzt Not-Null-Constraint
DETAIL:  Fehlgeschlagene Zeile enthält (a1e8e7d5-66aa-4983-850d-6299049790fe, null, Marianna Rosenbaum IV, Rhode Island, leann.zulauf@example.com, 2026-05-31 08:42:20, $2y$10$92IXUNpkjO0rOQ5byMi.Ye4oKoEa3Ro9llC/.og/at2.uheWG/igi, IKbN2UeNGS, 2026-05-31 08:42:20, 2026-05-31 08:42:20, null, null, null, null, null, null, null, null, null, null, null, null, null, null, null, null, null, anonymous, null, null, f, null, f, null). (Connection: pgsql, SQL: insert into "users" ("name", "email", "email_verified_at", "password", "remember_token", "region", "organisation_id", "is_committee_member", "id", "updated_at", "created_at") values (Marianna Rosenbaum IV, leann.zulauf@example.com, 2026-05-31 08:42:20, $2y$10$92IXUNpkjO0rOQ5byMi.Ye4oKoEa3Ro9llC/.og/at2.uheWG/igi, IKbN2UeNGS, Rhode Island, ?, 0, a1e8e7d5-66aa-4983-850d-6299049790fe, 2026-05-31 08:42:20, 2026-05-31 08:42:20))[39;22m

  at [32mvendor\laravel\framework\src\Illuminate\Database\Connection.php[39m:[32m825[39m
    821▕                     $this->getName(), $query, $this->prepareBindings($bindings), $e
    822▕                 );
    823▕             }
    824▕ 
  ➜ 825▕             throw new QueryException(
    826▕                 $this->getName(), $query, $this->prepareBindings($bindings), $e
    827▕             );
    828▕         }
    829▕     }

  [33m1   [39m[39;1mvendor\laravel\framework\src\Illuminate\Database\Connection.php[39;22m:[39;1m825[39;22m

  [33m2   [39m[39;1mvendor\laravel\framework\src\Illuminate\Database\Connection.php[39;22m:[39;1m571[39;22m
  [90m    NunoMaduro\Collision\Exceptions\TestException::("SQLSTATE[23502]: Not null violation: 7 FEHLER:  NULL-Wert in Spalte »organisation_id« von Relation »users« verletzt Not-Null-Constraint
DETAIL:  Fehlgeschlagene Zeile enthält (a1e8e7d5-66aa-4983-850d-6299049790fe, null, Marianna Rosenbaum IV, Rhode Island, leann.zulauf@example.com, 2026-05-31 08:42:20, $2y$10$92IXUNpkjO0rOQ5byMi.Ye4oKoEa3Ro9llC/.og/at2.uheWG/igi, IKbN2UeNGS, 2026-05-31 08:42:20, 2026-05-31 08:42:20, null, null, null, null, null, null, null, null, null, null, null, null, null, null, null, null, null, anonymous, null, null, f, null, f, null).")[39m

  [31m────────────────────────────────────────────────────────────────────────────────────────────────────────────────────[39m  
  [41;1m FAILED [49;22m [1mTests\Unit\Services\DemoElectionResolverTest[22m [90m>[39m returns null for default user when no plat… [41;1m QueryException [49;22m  
[39;1m  SQLSTATE[23502]: Not null violation: 7 FEHLER:  NULL-Wert in Spalte »organisation_id« von Relation »users« verletzt Not-Null-Constraint
DETAIL:  Fehlgeschlagene Zeile enthält (a1e8e7d5-c223-4ccc-b8d1-ee62fd9d0e44, null, Prof. Adela Lakin, Arkansas, sedrick.pollich@example.net, 2026-05-31 08:42:20, $2y$10$92IXUNpkjO0rOQ5byMi.Ye4oKoEa3Ro9llC/.og/at2.uheWG/igi, L0c1FyxJTY, 2026-05-31 08:42:20, 2026-05-31 08:42:20, null, null, null, null, null, null, null, null, null, null, null, null, null, null, null, null, null, anonymous, null, null, f, null, f, null). (Connection: pgsql, SQL: insert into "users" ("name", "email", "email_verified_at", "password", "remember_token", "region", "organisation_id", "is_committee_member", "id", "updated_at", "created_at") values (Prof. Adela Lakin, sedrick.pollich@example.net, 2026-05-31 08:42:20, $2y$10$92IXUNpkjO0rOQ5byMi.Ye4oKoEa3Ro9llC/.og/at2.uheWG/igi, L0c1FyxJTY, Arkansas, ?, 0, a1e8e7d5-c223-4ccc-b8d1-ee62fd9d0e44, 2026-05-31 08:42:20, 2026-05-31 08:42:20))[39;22m

  at [32mvendor\laravel\framework\src\Illuminate\Database\Connection.php[39m:[32m825[39m
    821▕                     $this->getName(), $query, $this->prepareBindings($bindings), $e
    822▕                 );
    823▕             }
    824▕ 
  ➜ 825▕             throw new QueryException(
    826▕                 $this->getName(), $query, $this->prepareBindings($bindings), $e
    827▕             );
    828▕         }
    829▕     }

  [33m1   [39m[39;1mvendor\laravel\framework\src\Illuminate\Database\Connection.php[39;22m:[39;1m825[39;22m

  [33m2   [39m[39;1mvendor\laravel\framework\src\Illuminate\Database\Connection.php[39;22m:[39;1m571[39;22m
  [90m    NunoMaduro\Collision\Exceptions\TestException::("SQLSTATE[23502]: Not null violation: 7 FEHLER:  NULL-Wert in Spalte »organisation_id« von Relation »users« verletzt Not-Null-Constraint
DETAIL:  Fehlgeschlagene Zeile enthält (a1e8e7d5-c223-4ccc-b8d1-ee62fd9d0e44, null, Prof. Adela Lakin, Arkansas, sedrick.pollich@example.net, 2026-05-31 08:42:20, $2y$10$92IXUNpkjO0rOQ5byMi.Ye4oKoEa3Ro9llC/.og/at2.uheWG/igi, L0c1FyxJTY, 2026-05-31 08:42:20, 2026-05-31 08:42:20, null, null, null, null, null, null, null, null, null, null, null, null, null, null, null, null, null, anonymous, null, null, f, null, f, null).")[39m

  [31m────────────────────────────────────────────────────────────────────────────────────────────────────────────────────[39m  
  [41;1m FAILED [49;22m [1mTests\Unit\Services\DemoElectionResolverTest[22m [90m>[39m ignores non demo elections                  [41;1m QueryException [49;22m  
[39;1m  SQLSTATE[22P02]: Invalid text representation: 7 FEHLER:  ungültige Eingabesyntax für Typ uuid: »5«
CONTEXT:  unbenanntes Portal Parameter $7 = '...' (Connection: pgsql, SQL: insert into "users" ("name", "email", "email_verified_at", "password", "remember_token", "region", "organisation_id", "is_committee_member", "id", "updated_at", "created_at") values (Petra Lubowitz, bmarquardt@example.com, 2026-05-31 08:42:20, $2y$10$92IXUNpkjO0rOQ5byMi.Ye4oKoEa3Ro9llC/.og/at2.uheWG/igi, sUdmu7gSKd, Massachusetts, 5, 0, a1e8e7d6-1e7d-4cc8-bcc6-50f4093e9601, 2026-05-31 08:42:20, 2026-05-31 08:42:20))[39;22m

  at [32mvendor\laravel\framework\src\Illuminate\Database\Connection.php[39m:[32m825[39m
    821▕                     $this->getName(), $query, $this->prepareBindings($bindings), $e
    822▕                 );
    823▕             }
    824▕ 
  ➜ 825▕             throw new QueryException(
    826▕                 $this->getName(), $query, $this->prepareBindings($bindings), $e
    827▕             );
    828▕         }
    829▕     }

  [33m1   [39m[39;1mvendor\laravel\framework\src\Illuminate\Database\Connection.php[39;22m:[39;1m825[39;22m

  [33m2   [39m[39;1mvendor\laravel\framework\src\Illuminate\Database\Connection.php[39;22m:[39;1m571[39;22m
  [90m    NunoMaduro\Collision\Exceptions\TestException::("SQLSTATE[22P02]: Invalid text representation: 7 FEHLER:  ungültige Eingabesyntax für Typ uuid: »5«
CONTEXT:  unbenanntes Portal Parameter $7 = '...'")[39m

  [31m────────────────────────────────────────────────────────────────────────────────────────────────────────────────────[39m  
  [41;1m FAILED [49;22m [1mTests\Unit\Services\DemoElectionResolverTest[22m [90m>[39m prioritizes org specific demo over platfor… [41;1m QueryException [49;22m  
[39;1m  SQLSTATE[22P02]: Invalid text representation: 7 FEHLER:  ungültige Eingabesyntax für Typ uuid: »7«
CONTEXT:  unbenanntes Portal Parameter $7 = '...' (Connection: pgsql, SQL: insert into "users" ("name", "email", "email_verified_at", "password", "remember_token", "region", "organisation_id", "is_committee_member", "id", "updated_at", "created_at") values (Mittie Lynch, emilio.howe@example.net, 2026-05-31 08:42:20, $2y$10$92IXUNpkjO0rOQ5byMi.Ye4oKoEa3Ro9llC/.og/at2.uheWG/igi, 7c3LpoCut4, Oklahoma, 7, 0, a1e8e7d6-8493-4078-b9ff-9640bbd8b3c4, 2026-05-31 08:42:20, 2026-05-31 08:42:20))[39;22m

  at [32mvendor\laravel\framework\src\Illuminate\Database\Connection.php[39m:[32m825[39m
    821▕                     $this->getName(), $query, $this->prepareBindings($bindings), $e
    822▕                 );
    823▕             }
    824▕ 
  ➜ 825▕             throw new QueryException(
    826▕                 $this->getName(), $query, $this->prepareBindings($bindings), $e
    827▕             );
    828▕         }
    829▕     }

  [33m1   [39m[39;1mvendor\laravel\framework\src\Illuminate\Database\Connection.php[39;22m:[39;1m825[39;22m

  [33m2   [39m[39;1mvendor\laravel\framework\src\Illuminate\Database\Connection.php[39;22m:[39;1m571[39;22m
  [90m    NunoMaduro\Collision\Exceptions\TestException::("SQLSTATE[22P02]: Invalid text representation: 7 FEHLER:  ungültige Eingabesyntax für Typ uuid: »7«
CONTEXT:  unbenanntes Portal Parameter $7 = '...'")[39m

  [31m────────────────────────────────────────────────────────────────────────────────────────────────────────────────────[39m  
  [41;1m FAILED [49;22m [1mTests\Unit\Services\DemoElectionResolverTest[22m [90m>[39m validation returns true for valid org elec… [41;1m QueryException [49;22m  
[39;1m  SQLSTATE[22P02]: Invalid text representation: 7 FEHLER:  ungültige Eingabesyntax für Typ uuid: »5«
CONTEXT:  unbenanntes Portal Parameter $7 = '...' (Connection: pgsql, SQL: insert into "users" ("name", "email", "email_verified_at", "password", "remember_token", "region", "organisation_id", "is_committee_member", "id", "updated_at", "created_at") values (Dr. Rusty Haag I, alena.heidenreich@example.com, 2026-05-31 08:42:21, $2y$10$92IXUNpkjO0rOQ5byMi.Ye4oKoEa3Ro9llC/.og/at2.uheWG/igi, 8rWyAk55Lc, Nevada, 5, 0, a1e8e7d6-e2a4-4e61-a37f-508ed5d4faac, 2026-05-31 08:42:21, 2026-05-31 08:42:21))[39;22m

  at [32mvendor\laravel\framework\src\Illuminate\Database\Connection.php[39m:[32m825[39m
    821▕                     $this->getName(), $query, $this->prepareBindings($bindings), $e
    822▕                 );
    823▕             }
    824▕ 
  ➜ 825▕             throw new QueryException(
    826▕                 $this->getName(), $query, $this->prepareBindings($bindings), $e
    827▕             );
    828▕         }
    829▕     }

  [33m1   [39m[39;1mvendor\laravel\framework\src\Illuminate\Database\Connection.php[39;22m:[39;1m825[39;22m

  [33m2   [39m[39;1mvendor\laravel\framework\src\Illuminate\Database\Connection.php[39;22m:[39;1m571[39;22m
  [90m    NunoMaduro\Collision\Exceptions\TestException::("SQLSTATE[22P02]: Invalid text representation: 7 FEHLER:  ungültige Eingabesyntax für Typ uuid: »5«
CONTEXT:  unbenanntes Portal Parameter $7 = '...'")[39m

  [31m────────────────────────────────────────────────────────────────────────────────────────────────────────────────────[39m  
  [41;1m FAILED [49;22m [1mTests\Unit\Services\DemoElectionResolverTest[22m [90m>[39m validation returns true for platform demo…  [41;1m QueryException [49;22m  
[39;1m  SQLSTATE[22P02]: Invalid text representation: 7 FEHLER:  ungültige Eingabesyntax für Typ uuid: »5«
CONTEXT:  unbenanntes Portal Parameter $7 = '...' (Connection: pgsql, SQL: insert into "users" ("name", "email", "email_verified_at", "password", "remember_token", "region", "organisation_id", "is_committee_member", "id", "updated_at", "created_at") values (Gussie Roob, zola06@example.com, 2026-05-31 08:42:21, $2y$10$92IXUNpkjO0rOQ5byMi.Ye4oKoEa3Ro9llC/.og/at2.uheWG/igi, CvzDViu1zV, Texas, 5, 0, a1e8e7d7-441c-446a-a179-539d29ea409a, 2026-05-31 08:42:21, 2026-05-31 08:42:21))[39;22m

  at [32mvendor\laravel\framework\src\Illuminate\Database\Connection.php[39m:[32m825[39m
    821▕                     $this->getName(), $query, $this->prepareBindings($bindings), $e
    822▕                 );
    823▕             }
    824▕ 
  ➜ 825▕             throw new QueryException(
    826▕                 $this->getName(), $query, $this->prepareBindings($bindings), $e
    827▕             );
    828▕         }
    829▕     }

  [33m1   [39m[39;1mvendor\laravel\framework\src\Illuminate\Database\Connection.php[39;22m:[39;1m825[39;22m

  [33m2   [39m[39;1mvendor\laravel\framework\src\Illuminate\Database\Connection.php[39;22m:[39;1m571[39;22m
  [90m    NunoMaduro\Collision\Exceptions\TestException::("SQLSTATE[22P02]: Invalid text representation: 7 FEHLER:  ungültige Eingabesyntax für Typ uuid: »5«
CONTEXT:  unbenanntes Portal Parameter $7 = '...'")[39m

  [31m────────────────────────────────────────────────────────────────────────────────────────────────────────────────────[39m  
  [41;1m FAILED [49;22m [1mTests\Unit\Services\DemoElectionResolverTest[22m [90m>[39m validation returns true for platform demo…  [41;1m QueryException [49;22m  
[39;1m  SQLSTATE[23502]: Not null violation: 7 FEHLER:  NULL-Wert in Spalte »organisation_id« von Relation »users« verletzt Not-Null-Constraint
DETAIL:  Fehlgeschlagene Zeile enthält (a1e8e7d7-a108-44c8-b426-9d32e212b729, null, Wendy Borer, Mississippi, bradford43@example.net, 2026-05-31 08:42:21, $2y$10$92IXUNpkjO0rOQ5byMi.Ye4oKoEa3Ro9llC/.og/at2.uheWG/igi, PD1GYZilub, 2026-05-31 08:42:21, 2026-05-31 08:42:21, null, null, null, null, null, null, null, null, null, null, null, null, null, null, null, null, null, anonymous, null, null, f, null, f, null). (Connection: pgsql, SQL: insert into "users" ("name", "email", "email_verified_at", "password", "remember_token", "region", "organisation_id", "is_committee_member", "id", "updated_at", "created_at") values (Wendy Borer, bradford43@example.net, 2026-05-31 08:42:21, $2y$10$92IXUNpkjO0rOQ5byMi.Ye4oKoEa3Ro9llC/.og/at2.uheWG/igi, PD1GYZilub, Mississippi, ?, 0, a1e8e7d7-a108-44c8-b426-9d32e212b729, 2026-05-31 08:42:21, 2026-05-31 08:42:21))[39;22m

  at [32mvendor\laravel\framework\src\Illuminate\Database\Connection.php[39m:[32m825[39m
    821▕                     $this->getName(), $query, $this->prepareBindings($bindings), $e
    822▕                 );
    823▕             }
    824▕ 
  ➜ 825▕             throw new QueryException(
    826▕                 $this->getName(), $query, $this->prepareBindings($bindings), $e
    827▕             );
    828▕         }
    829▕     }

  [33m1   [39m[39;1mvendor\laravel\framework\src\Illuminate\Database\Connection.php[39;22m:[39;1m825[39;22m

  [33m2   [39m[39;1mvendor\laravel\framework\src\Illuminate\Database\Connection.php[39;22m:[39;1m571[39;22m
  [90m    NunoMaduro\Collision\Exceptions\TestException::("SQLSTATE[23502]: Not null violation: 7 FEHLER:  NULL-Wert in Spalte »organisation_id« von Relation »users« verletzt Not-Null-Constraint
DETAIL:  Fehlgeschlagene Zeile enthält (a1e8e7d7-a108-44c8-b426-9d32e212b729, null, Wendy Borer, Mississippi, bradford43@example.net, 2026-05-31 08:42:21, $2y$10$92IXUNpkjO0rOQ5byMi.Ye4oKoEa3Ro9llC/.og/at2.uheWG/igi, PD1GYZilub, 2026-05-31 08:42:21, 2026-05-31 08:42:21, null, null, null, null, null, null, null, null, null, null, null, null, null, null, null, null, null, anonymous, null, null, f, null, f, null).")[39m

  [31m────────────────────────────────────────────────────────────────────────────────────────────────────────────────────[39m  
  [41;1m FAILED [49;22m [1mTests\Unit\Services\DemoElectionResolverTest[22m [90m>[39m validation returns false for wrong org dem… [41;1m QueryException [49;22m  
[39;1m  SQLSTATE[22P02]: Invalid text representation: 7 FEHLER:  ungültige Eingabesyntax für Typ uuid: »5«
CONTEXT:  unbenanntes Portal Parameter $7 = '...' (Connection: pgsql, SQL: insert into "users" ("name", "email", "email_verified_at", "password", "remember_token", "region", "organisation_id", "is_committee_member", "id", "updated_at", "created_at") values (Philip Goodwin, larkin.rhett@example.net, 2026-05-31 08:42:21, $2y$10$92IXUNpkjO0rOQ5byMi.Ye4oKoEa3Ro9llC/.og/at2.uheWG/igi, 3Phti0zlCG, Wyoming, 5, 0, a1e8e7d8-01f7-4bae-b320-f833847f3d64, 2026-05-31 08:42:21, 2026-05-31 08:42:21))[39;22m

  at [32mvendor\laravel\framework\src\Illuminate\Database\Connection.php[39m:[32m825[39m
    821▕                     $this->getName(), $query, $this->prepareBindings($bindings), $e
    822▕                 );
    823▕             }
    824▕ 
  ➜ 825▕             throw new QueryException(
    826▕                 $this->getName(), $query, $this->prepareBindings($bindings), $e
    827▕             );
    828▕         }
    829▕     }

  [33m1   [39m[39;1mvendor\laravel\framework\src\Illuminate\Database\Connection.php[39;22m:[39;1m825[39;22m

  [33m2   [39m[39;1mvendor\laravel\framework\src\Illuminate\Database\Connection.php[39;22m:[39;1m571[39;22m
  [90m    NunoMaduro\Collision\Exceptions\TestException::("SQLSTATE[22P02]: Invalid text representation: 7 FEHLER:  ungültige Eingabesyntax für Typ uuid: »5«
CONTEXT:  unbenanntes Portal Parameter $7 = '...'")[39m

  [31m────────────────────────────────────────────────────────────────────────────────────────────────────────────────────[39m  
  [41;1m FAILED [49;22m [1mTests\Unit\Services\DemoElectionResolverTest[22m [90m>[39m validation returns false for non demo elec… [41;1m QueryException [49;22m  
[39;1m  SQLSTATE[22P02]: Invalid text representation: 7 FEHLER:  ungültige Eingabesyntax für Typ uuid: »5«
CONTEXT:  unbenanntes Portal Parameter $7 = '...' (Connection: pgsql, SQL: insert into "users" ("name", "email", "email_verified_at", "password", "remember_token", "region", "organisation_id", "is_committee_member", "id", "updated_at", "created_at") values (Miss Jada Lang DVM, utreutel@example.org, 2026-05-31 08:42:21, $2y$10$92IXUNpkjO0rOQ5byMi.Ye4oKoEa3Ro9llC/.og/at2.uheWG/igi, 9L8IHMaJOg, Oregon, 5, 0, a1e8e7d8-53d2-47de-930c-a3d7cf7689be, 2026-05-31 08:42:21, 2026-05-31 08:42:21))[39;22m

  at [32mvendor\laravel\framework\src\Illuminate\Database\Connection.php[39m:[32m825[39m
    821▕                     $this->getName(), $query, $this->prepareBindings($bindings), $e
    822▕                 );
    823▕             }
    824▕ 
  ➜ 825▕             throw new QueryException(
    826▕                 $this->getName(), $query, $this->prepareBindings($bindings), $e
    827▕             );
    828▕         }
    829▕     }

  [33m1   [39m[39;1mvendor\laravel\framework\src\Illuminate\Database\Connection.php[39;22m:[39;1m825[39;22m

  [33m2   [39m[39;1mvendor\laravel\framework\src\Illuminate\Database\Connection.php[39;22m:[39;1m571[39;22m
  [90m    NunoMaduro\Collision\Exceptions\TestException::("SQLSTATE[22P02]: Invalid text representation: 7 FEHLER:  ungültige Eingabesyntax für Typ uuid: »5«
CONTEXT:  unbenanntes Portal Parameter $7 = '...'")[39m

  [31m────────────────────────────────────────────────────────────────────────────────────────────────────────────────────[39m  
  [41;1m FAILED [49;22m [1mTests\Unit\Services\DemoElectionResolverTest[22m [90m>[39m validation returns false when default user… [41;1m QueryException [49;22m  
[39;1m  SQLSTATE[23502]: Not null violation: 7 FEHLER:  NULL-Wert in Spalte »organisation_id« von Relation »users« verletzt Not-Null-Constraint
DETAIL:  Fehlgeschlagene Zeile enthält (a1e8e7d8-e93d-4dc4-9bc8-56c1ea6d84f2, null, Granville Brakus, Nevada, strosin.tomasa@example.org, 2026-05-31 08:42:22, $2y$10$92IXUNpkjO0rOQ5byMi.Ye4oKoEa3Ro9llC/.og/at2.uheWG/igi, 4XYzKYfWFe, 2026-05-31 08:42:22, 2026-05-31 08:42:22, null, null, null, null, null, null, null, null, null, null, null, null, null, null, null, null, null, anonymous, null, null, f, null, f, null). (Connection: pgsql, SQL: insert into "users" ("name", "email", "email_verified_at", "password", "remember_token", "region", "organisation_id", "is_committee_member", "id", "updated_at", "created_at") values (Granville Brakus, strosin.tomasa@example.org, 2026-05-31 08:42:22, $2y$10$92IXUNpkjO0rOQ5byMi.Ye4oKoEa3Ro9llC/.og/at2.uheWG/igi, 4XYzKYfWFe, Nevada, ?, 0, a1e8e7d8-e93d-4dc4-9bc8-56c1ea6d84f2, 2026-05-31 08:42:22, 2026-05-31 08:42:22))[39;22m

  at [32mvendor\laravel\framework\src\Illuminate\Database\Connection.php[39m:[32m825[39m
    821▕                     $this->getName(), $query, $this->prepareBindings($bindings), $e
    822▕                 );
    823▕             }
    824▕ 
  ➜ 825▕             throw new QueryException(
    826▕                 $this->getName(), $query, $this->prepareBindings($bindings), $e
    827▕             );
    828▕         }
    829▕     }

  [33m1   [39m[39;1mvendor\laravel\framework\src\Illuminate\Database\Connection.php[39;22m:[39;1m825[39;22m

  [33m2   [39m[39;1mvendor\laravel\framework\src\Illuminate\Database\Connection.php[39;22m:[39;1m571[39;22m
  [90m    NunoMaduro\Collision\Exceptions\TestException::("SQLSTATE[23502]: Not null violation: 7 FEHLER:  NULL-Wert in Spalte »organisation_id« von Relation »users« verletzt Not-Null-Constraint
DETAIL:  Fehlgeschlagene Zeile enthält (a1e8e7d8-e93d-4dc4-9bc8-56c1ea6d84f2, null, Granville Brakus, Nevada, strosin.tomasa@example.org, 2026-05-31 08:42:22, $2y$10$92IXUNpkjO0rOQ5byMi.Ye4oKoEa3Ro9llC/.og/at2.uheWG/igi, 4XYzKYfWFe, 2026-05-31 08:42:22, 2026-05-31 08:42:22, null, null, null, null, null, null, null, null, null, null, null, null, null, null, null, null, null, anonymous, null, null, f, null, f, null).")[39m

  [31m────────────────────────────────────────────────────────────────────────────────────────────────────────────────────[39m  
  [41;1m FAILED [49;22m [1mTests\Unit\Services\DemoElectionResolverTest[22m [90m>[39m correctly identifies election among multip… [41;1m QueryException [49;22m  
[39;1m  SQLSTATE[22P02]: Invalid text representation: 7 FEHLER:  ungültige Eingabesyntax für Typ uuid: »3«
CONTEXT:  unbenanntes Portal Parameter $7 = '...' (Connection: pgsql, SQL: insert into "users" ("name", "email", "email_verified_at", "password", "remember_token", "region", "organisation_id", "is_committee_member", "id", "updated_at", "created_at") values (Meghan Ruecker, frami.jimmie@example.com, 2026-05-31 08:42:22, $2y$10$92IXUNpkjO0rOQ5byMi.Ye4oKoEa3Ro9llC/.og/at2.uheWG/igi, fXTTdxZ3Ka, Colorado, 3, 0, a1e8e7d9-7943-4b0d-883a-0d341a874c40, 2026-05-31 08:42:22, 2026-05-31 08:42:22))[39;22m

  at [32mvendor\laravel\framework\src\Illuminate\Database\Connection.php[39m:[32m825[39m
    821▕                     $this->getName(), $query, $this->prepareBindings($bindings), $e
    822▕                 );
    823▕             }
    824▕ 
  ➜ 825▕             throw new QueryException(
    826▕                 $this->getName(), $query, $this->prepareBindings($bindings), $e
    827▕             );
    828▕         }
    829▕     }

  [33m1   [39m[39;1mvendor\laravel\framework\src\Illuminate\Database\Connection.php[39;22m:[39;1m825[39;22m

  [33m2   [39m[39;1mvendor\laravel\framework\src\Illuminate\Database\Connection.php[39;22m:[39;1m571[39;22m
  [90m    NunoMaduro\Collision\Exceptions\TestException::("SQLSTATE[22P02]: Invalid text representation: 7 FEHLER:  ungültige Eingabesyntax für Typ uuid: »3«
CONTEXT:  unbenanntes Portal Parameter $7 = '...'")[39m

  [31m────────────────────────────────────────────────────────────────────────────────────────────────────────────────────[39m  
  [41;1m FAILED [49;22m [1mTests\Unit\Services\ElectionSettingsServiceTest[22m [90m>[39m it invalidates cache on election update                    
[39;1m  Failed asserting that true is false.[39;22m

  at [32mtests\Unit\Services\ElectionSettingsServiceTest.php[39m:[32m158[39m
    154▕         $this->assertTrue(Cache::has("election:{$this->election->id}:setting:control_ip_address"));
    155▕ 
    156▕         $this->election->update(['ip_restriction_enabled' => false]);
    157▕ 
  ➜ 158▕         $this->assertFalse(Cache::has("election:{$this->election->id}:setting:control_ip_address"));
    159▕     }
    160▕ }
    161▕

  [33m1   [39m[39;1mtests\Unit\Services\ElectionSettingsServiceTest.php[39;22m:[39;1m158[39;22m

  [31m────────────────────────────────────────────────────────────────────────────────────────────────────────────────────[39m  
  [41;1m FAILED [49;22m [1mTests\Unit\Services\VotingSecurityServiceTest[22m [90m>[39m it detects when ip control is enabled      [41;1m QueryException [49;22m  
[39;1m  SQLSTATE[42703]: Undefined column: 7 FEHLER:  Spalte »is_voter« von Relation »users« existiert nicht
LINE 1: ...egion", "organisation_id", "is_committee_member", "is_voter"...
                                                             ^ (Connection: pgsql, SQL: insert into "users" ("name", "email", "email_verified_at", "password", "remember_token", "region", "organisation_id", "is_committee_member", "is_voter", "can_vote", "user_ip", "voting_ip", "id", "updated_at", "created_at") values (Prof. Damaris DuBuque DVM, hschowalter@example.org, 2026-05-31 08:42:33, $2y$10$92IXUNpkjO0rOQ5byMi.Ye4oKoEa3Ro9llC/.og/at2.uheWG/igi, NfwRCqSWJ5, Georgia, 855c8791-7b66-47b8-9410-f5d788a41339, 0, 1, 1, 192.168.1.100, ?, a1e8e7e9-7bd9-4ed3-9c55-5b22eaea2d80, 2026-05-31 08:42:33, 2026-05-31 08:42:33))[39;22m

  at [32mvendor\laravel\framework\src\Illuminate\Database\Connection.php[39m:[32m825[39m
    821▕                     $this->getName(), $query, $this->prepareBindings($bindings), $e
    822▕                 );
    823▕             }
    824▕ 
  ➜ 825▕             throw new QueryException(
    826▕                 $this->getName(), $query, $this->prepareBindings($bindings), $e
    827▕             );
    828▕         }
    829▕     }

  [33m1   [39m[39;1mvendor\laravel\framework\src\Illuminate\Database\Connection.php[39;22m:[39;1m825[39;22m

  [33m2   [39m[39;1mvendor\laravel\framework\src\Illuminate\Database\Connection.php[39;22m:[39;1m571[39;22m
  [90m    NunoMaduro\Collision\Exceptions\TestException::("SQLSTATE[42703]: Undefined column: 7 FEHLER:  Spalte »is_voter« von Relation »users« existiert nicht
LINE 1: ...egion", "organisation_id", "is_committee_member", "is_voter"...
                                                             ^")[39m

  [31m────────────────────────────────────────────────────────────────────────────────────────────────────────────────────[39m  
  [41;1m FAILED [49;22m [1mTests\Unit\Services\VotingSecurityServiceTest[22m [90m>[39m it detects when ip control is disabled     [41;1m QueryException [49;22m  
[39;1m  SQLSTATE[42703]: Undefined column: 7 FEHLER:  Spalte »is_voter« von Relation »users« existiert nicht
LINE 1: ...egion", "organisation_id", "is_committee_member", "is_voter"...
                                                             ^ (Connection: pgsql, SQL: insert into "users" ("name", "email", "email_verified_at", "password", "remember_token", "region", "organisation_id", "is_committee_member", "is_voter", "can_vote", "user_ip", "voting_ip", "id", "updated_at", "created_at") values (Ava Kris, wolf.larry@example.net, 2026-05-31 08:42:33, $2y$10$92IXUNpkjO0rOQ5byMi.Ye4oKoEa3Ro9llC/.og/at2.uheWG/igi, duHGeQc0SV, Colorado, 855c8791-7b66-47b8-9410-f5d788a41339, 0, 1, 1, 192.168.1.100, ?, a1e8e7ea-0d82-4c86-9547-da8f19098b94, 2026-05-31 08:42:33, 2026-05-31 08:42:33))[39;22m

  at [32mvendor\laravel\framework\src\Illuminate\Database\Connection.php[39m:[32m825[39m
    821▕                     $this->getName(), $query, $this->prepareBindings($bindings), $e
    822▕                 );
    823▕             }
    824▕ 
  ➜ 825▕             throw new QueryException(
    826▕                 $this->getName(), $query, $this->prepareBindings($bindings), $e
    827▕             );
    828▕         }
    829▕     }

  [33m1   [39m[39;1mvendor\laravel\framework\src\Illuminate\Database\Connection.php[39;22m:[39;1m825[39;22m

  [33m2   [39m[39;1mvendor\laravel\framework\src\Illuminate\Database\Connection.php[39;22m:[39;1m571[39;22m
  [90m    NunoMaduro\Collision\Exceptions\TestException::("SQLSTATE[42703]: Undefined column: 7 FEHLER:  Spalte »is_voter« von Relation »users« existiert nicht
LINE 1: ...egion", "organisation_id", "is_committee_member", "is_voter"...
                                                             ^")[39m

  [31m────────────────────────────────────────────────────────────────────────────────────────────────────────────────────[39m  
  [41;1m FAILED [49;22m [1mTests\Unit\Services\VotingSecurityServiceTest[22m [90m>[39m it allows voting when ip control is disab… [41;1m QueryException [49;22m  
[39;1m  SQLSTATE[42703]: Undefined column: 7 FEHLER:  Spalte »is_voter« von Relation »users« existiert nicht
LINE 1: ...egion", "organisation_id", "is_committee_member", "is_voter"...
                                                             ^ (Connection: pgsql, SQL: insert into "users" ("name", "email", "email_verified_at", "password", "remember_token", "region", "organisation_id", "is_committee_member", "is_voter", "can_vote", "user_ip", "voting_ip", "id", "updated_at", "created_at") values (Annabel Walker, gunner79@example.org, 2026-05-31 08:42:33, $2y$10$92IXUNpkjO0rOQ5byMi.Ye4oKoEa3Ro9llC/.og/at2.uheWG/igi, JeLacpJ5ve, South Dakota, 855c8791-7b66-47b8-9410-f5d788a41339, 0, 1, 1, 192.168.1.100, ?, a1e8e7ea-628e-4656-a870-a467a0149341, 2026-05-31 08:42:33, 2026-05-31 08:42:33))[39;22m

  at [32mvendor\laravel\framework\src\Illuminate\Database\Connection.php[39m:[32m825[39m
    821▕                     $this->getName(), $query, $this->prepareBindings($bindings), $e
    822▕                 );
    823▕             }
    824▕ 
  ➜ 825▕             throw new QueryException(
    826▕                 $this->getName(), $query, $this->prepareBindings($bindings), $e
    827▕             );
    828▕         }
    829▕     }

  [33m1   [39m[39;1mvendor\laravel\framework\src\Illuminate\Database\Connection.php[39;22m:[39;1m825[39;22m

  [33m2   [39m[39;1mvendor\laravel\framework\src\Illuminate\Database\Connection.php[39;22m:[39;1m571[39;22m
  [90m    NunoMaduro\Collision\Exceptions\TestException::("SQLSTATE[42703]: Undefined column: 7 FEHLER:  Spalte »is_voter« von Relation »users« existiert nicht
LINE 1: ...egion", "organisation_id", "is_committee_member", "is_voter"...
                                                             ^")[39m

  [31m────────────────────────────────────────────────────────────────────────────────────────────────────────────────────[39m  
  [41;1m FAILED [49;22m [1mTests\Unit\Services\VotingSecurityServiceTest[22m [90m>[39m it allows voting when user has no ip rest… [41;1m QueryException [49;22m  
[39;1m  SQLSTATE[42703]: Undefined column: 7 FEHLER:  Spalte »is_voter« von Relation »users« existiert nicht
LINE 1: ...egion", "organisation_id", "is_committee_member", "is_voter"...
                                                             ^ (Connection: pgsql, SQL: insert into "users" ("name", "email", "email_verified_at", "password", "remember_token", "region", "organisation_id", "is_committee_member", "is_voter", "can_vote", "user_ip", "voting_ip", "id", "updated_at", "created_at") values (Lia Dickinson, nsipes@example.org, 2026-05-31 08:42:34, $2y$10$92IXUNpkjO0rOQ5byMi.Ye4oKoEa3Ro9llC/.og/at2.uheWG/igi, USzTh6zq0s, Idaho, 855c8791-7b66-47b8-9410-f5d788a41339, 0, 1, 1, 192.168.1.100, ?, a1e8e7ea-c596-4aaf-b514-3e1e197c1ec8, 2026-05-31 08:42:34, 2026-05-31 08:42:34))[39;22m

  at [32mvendor\laravel\framework\src\Illuminate\Database\Connection.php[39m:[32m825[39m
    821▕                     $this->getName(), $query, $this->prepareBindings($bindings), $e
    822▕                 );
    823▕             }
    824▕ 
  ➜ 825▕             throw new QueryException(
    826▕                 $this->getName(), $query, $this->prepareBindings($bindings), $e
    827▕             );
    828▕         }
    829▕     }

  [33m1   [39m[39;1mvendor\laravel\framework\src\Illuminate\Database\Connection.php[39;22m:[39;1m825[39;22m

  [33m2   [39m[39;1mvendor\laravel\framework\src\Illuminate\Database\Connection.php[39;22m:[39;1m571[39;22m
  [90m    NunoMaduro\Collision\Exceptions\TestException::("SQLSTATE[42703]: Undefined column: 7 FEHLER:  Spalte »is_voter« von Relation »users« existiert nicht
LINE 1: ...egion", "organisation_id", "is_committee_member", "is_voter"...
                                                             ^")[39m

  [31m────────────────────────────────────────────────────────────────────────────────────────────────────────────────────[39m  
  [41;1m FAILED [49;22m [1mTests\Unit\Services\VotingSecurityServiceTest[22m [90m>[39m it allows voting when ip matches           [41;1m QueryException [49;22m  
[39;1m  SQLSTATE[42703]: Undefined column: 7 FEHLER:  Spalte »is_voter« von Relation »users« existiert nicht
LINE 1: ...egion", "organisation_id", "is_committee_member", "is_voter"...
                                                             ^ (Connection: pgsql, SQL: insert into "users" ("name", "email", "email_verified_at", "password", "remember_token", "region", "organisation_id", "is_committee_member", "is_voter", "can_vote", "user_ip", "voting_ip", "id", "updated_at", "created_at") values (Ike Gleason, reichel.terrell@example.net, 2026-05-31 08:42:34, $2y$10$92IXUNpkjO0rOQ5byMi.Ye4oKoEa3Ro9llC/.og/at2.uheWG/igi, EKBYdbz2fl, Montana, 855c8791-7b66-47b8-9410-f5d788a41339, 0, 1, 1, 192.168.1.100, ?, a1e8e7eb-1de2-4d23-a954-ed545c884703, 2026-05-31 08:42:34, 2026-05-31 08:42:34))[39;22m

  at [32mvendor\laravel\framework\src\Illuminate\Database\Connection.php[39m:[32m825[39m
    821▕                     $this->getName(), $query, $this->prepareBindings($bindings), $e
    822▕                 );
    823▕             }
    824▕ 
  ➜ 825▕             throw new QueryException(
    826▕                 $this->getName(), $query, $this->prepareBindings($bindings), $e
    827▕             );
    828▕         }
    829▕     }

  [33m1   [39m[39;1mvendor\laravel\framework\src\Illuminate\Database\Connection.php[39;22m:[39;1m825[39;22m

  [33m2   [39m[39;1mvendor\laravel\framework\src\Illuminate\Database\Connection.php[39;22m:[39;1m571[39;22m
  [90m    NunoMaduro\Collision\Exceptions\TestException::("SQLSTATE[42703]: Undefined column: 7 FEHLER:  Spalte »is_voter« von Relation »users« existiert nicht
LINE 1: ...egion", "organisation_id", "is_committee_member", "is_voter"...
                                                             ^")[39m

  [31m────────────────────────────────────────────────────────────────────────────────────────────────────────────────────[39m  
  [41;1m FAILED [49;22m [1mTests\Unit\Services\VotingSecurityServiceTest[22m [90m>[39m it blocks voting when ip does not match    [41;1m QueryException [49;22m  
[39;1m  SQLSTATE[42703]: Undefined column: 7 FEHLER:  Spalte »is_voter« von Relation »users« existiert nicht
LINE 1: ...egion", "organisation_id", "is_committee_member", "is_voter"...
                                                             ^ (Connection: pgsql, SQL: insert into "users" ("name", "email", "email_verified_at", "password", "remember_token", "region", "organisation_id", "is_committee_member", "is_voter", "can_vote", "user_ip", "voting_ip", "id", "updated_at", "created_at") values (Dr. Anya Heathcote, braxton.marvin@example.org, 2026-05-31 08:42:34, $2y$10$92IXUNpkjO0rOQ5byMi.Ye4oKoEa3Ro9llC/.og/at2.uheWG/igi, K4yxfz6RfZ, Connecticut, 855c8791-7b66-47b8-9410-f5d788a41339, 0, 1, 1, 192.168.1.100, ?, a1e8e7eb-818f-4f5e-ad60-766683d3609e, 2026-05-31 08:42:34, 2026-05-31 08:42:34))[39;22m

  at [32mvendor\laravel\framework\src\Illuminate\Database\Connection.php[39m:[32m825[39m
    821▕                     $this->getName(), $query, $this->prepareBindings($bindings), $e
    822▕                 );
    823▕             }
    824▕ 
  ➜ 825▕             throw new QueryException(
    826▕                 $this->getName(), $query, $this->prepareBindings($bindings), $e
    827▕             );
    828▕         }
    829▕     }

  [33m1   [39m[39;1mvendor\laravel\framework\src\Illuminate\Database\Connection.php[39;22m:[39;1m825[39;22m

  [33m2   [39m[39;1mvendor\laravel\framework\src\Illuminate\Database\Connection.php[39;22m:[39;1m571[39;22m
  [90m    NunoMaduro\Collision\Exceptions\TestException::("SQLSTATE[42703]: Undefined column: 7 FEHLER:  Spalte »is_voter« von Relation »users« existiert nicht
LINE 1: ...egion", "organisation_id", "is_committee_member", "is_voter"...
                                                             ^")[39m

  [31m────────────────────────────────────────────────────────────────────────────────────────────────────────────────────[39m  
  [41;1m FAILED [49;22m [1mTests\Unit\Services\VotingSecurityServiceTest[22m [90m>[39m it checks if user can vote from specific…  [41;1m QueryException [49;22m  
[39;1m  SQLSTATE[42703]: Undefined column: 7 FEHLER:  Spalte »is_voter« von Relation »users« existiert nicht
LINE 1: ...egion", "organisation_id", "is_committee_member", "is_voter"...
                                                             ^ (Connection: pgsql, SQL: insert into "users" ("name", "email", "email_verified_at", "password", "remember_token", "region", "organisation_id", "is_committee_member", "is_voter", "can_vote", "user_ip", "voting_ip", "id", "updated_at", "created_at") values (Dean Thompson, lgorczany@example.net, 2026-05-31 08:42:34, $2y$10$92IXUNpkjO0rOQ5byMi.Ye4oKoEa3Ro9llC/.og/at2.uheWG/igi, akLN3xL1au, Utah, 855c8791-7b66-47b8-9410-f5d788a41339, 0, 1, 1, 192.168.1.100, ?, a1e8e7eb-d1f6-4825-a74c-c326f2ba5b4f, 2026-05-31 08:42:34, 2026-05-31 08:42:34))[39;22m

  at [32mvendor\laravel\framework\src\Illuminate\Database\Connection.php[39m:[32m825[39m
    821▕                     $this->getName(), $query, $this->prepareBindings($bindings), $e
    822▕                 );
    823▕             }
    824▕ 
  ➜ 825▕             throw new QueryException(
    826▕                 $this->getName(), $query, $this->prepareBindings($bindings), $e
    827▕             );
    828▕         }
    829▕     }

  [33m1   [39m[39;1mvendor\laravel\framework\src\Illuminate\Database\Connection.php[39;22m:[39;1m825[39;22m

  [33m2   [39m[39;1mvendor\laravel\framework\src\Illuminate\Database\Connection.php[39;22m:[39;1m571[39;22m
  [90m    NunoMaduro\Collision\Exceptions\TestException::("SQLSTATE[42703]: Undefined column: 7 FEHLER:  Spalte »is_voter« von Relation »users« existiert nicht
LINE 1: ...egion", "organisation_id", "is_committee_member", "is_voter"...
                                                             ^")[39m

  [31m────────────────────────────────────────────────────────────────────────────────────────────────────────────────────[39m  
  [41;1m FAILED [49;22m [1mTests\Unit\Services\VotingSecurityServiceTest[22m [90m>[39m it provides approval config when control…  [41;1m QueryException [49;22m  
[39;1m  SQLSTATE[42703]: Undefined column: 7 FEHLER:  Spalte »is_voter« von Relation »users« existiert nicht
LINE 1: ...egion", "organisation_id", "is_committee_member", "is_voter"...
                                                             ^ (Connection: pgsql, SQL: insert into "users" ("name", "email", "email_verified_at", "password", "remember_token", "region", "organisation_id", "is_committee_member", "is_voter", "can_vote", "user_ip", "voting_ip", "id", "updated_at", "created_at") values (Prof. Julius Kautzer, ola.von@example.org, 2026-05-31 08:42:35, $2y$10$92IXUNpkjO0rOQ5byMi.Ye4oKoEa3Ro9llC/.og/at2.uheWG/igi, uiF9bzZbQh, Wyoming, 855c8791-7b66-47b8-9410-f5d788a41339, 0, 1, 1, 192.168.1.100, ?, a1e8e7ec-57de-4948-9901-89f0a53ea624, 2026-05-31 08:42:35, 2026-05-31 08:42:35))[39;22m

  at [32mvendor\laravel\framework\src\Illuminate\Database\Connection.php[39m:[32m825[39m
    821▕                     $this->getName(), $query, $this->prepareBindings($bindings), $e
    822▕                 );
    823▕             }
    824▕ 
  ➜ 825▕             throw new QueryException(
    826▕                 $this->getName(), $query, $this->prepareBindings($bindings), $e
    827▕             );
    828▕         }
    829▕     }

  [33m1   [39m[39;1mvendor\laravel\framework\src\Illuminate\Database\Connection.php[39;22m:[39;1m825[39;22m

  [33m2   [39m[39;1mvendor\laravel\framework\src\Illuminate\Database\Connection.php[39;22m:[39;1m571[39;22m
  [90m    NunoMaduro\Collision\Exceptions\TestException::("SQLSTATE[42703]: Undefined column: 7 FEHLER:  Spalte »is_voter« von Relation »users« existiert nicht
LINE 1: ...egion", "organisation_id", "is_committee_member", "is_voter"...
                                                             ^")[39m

  [31m────────────────────────────────────────────────────────────────────────────────────────────────────────────────────[39m  
  [41;1m FAILED [49;22m [1mTests\Unit\Services\VotingSecurityServiceTest[22m [90m>[39m it provides approval config when control…  [41;1m QueryException [49;22m  
[39;1m  SQLSTATE[42703]: Undefined column: 7 FEHLER:  Spalte »is_voter« von Relation »users« existiert nicht
LINE 1: ...egion", "organisation_id", "is_committee_member", "is_voter"...
                                                             ^ (Connection: pgsql, SQL: insert into "users" ("name", "email", "email_verified_at", "password", "remember_token", "region", "organisation_id", "is_committee_member", "is_voter", "can_vote", "user_ip", "voting_ip", "id", "updated_at", "created_at") values (Bill Funk DDS, funk.meggie@example.org, 2026-05-31 08:42:35, $2y$10$92IXUNpkjO0rOQ5byMi.Ye4oKoEa3Ro9llC/.og/at2.uheWG/igi, lcF0U7siu5, Michigan, 855c8791-7b66-47b8-9410-f5d788a41339, 0, 1, 1, 192.168.1.100, ?, a1e8e7ec-b4af-4f65-bd51-3d4b8bcd7575, 2026-05-31 08:42:35, 2026-05-31 08:42:35))[39;22m

  at [32mvendor\laravel\framework\src\Illuminate\Database\Connection.php[39m:[32m825[39m
    821▕                     $this->getName(), $query, $this->prepareBindings($bindings), $e
    822▕                 );
    823▕             }
    824▕ 
  ➜ 825▕             throw new QueryException(
    826▕                 $this->getName(), $query, $this->prepareBindings($bindings), $e
    827▕             );
    828▕         }
    829▕     }

  [33m1   [39m[39;1mvendor\laravel\framework\src\Illuminate\Database\Connection.php[39;22m:[39;1m825[39;22m

  [33m2   [39m[39;1mvendor\laravel\framework\src\Illuminate\Database\Connection.php[39;22m:[39;1m571[39;22m
  [90m    NunoMaduro\Collision\Exceptions\TestException::("SQLSTATE[42703]: Undefined column: 7 FEHLER:  Spalte »is_voter« von Relation »users« existiert nicht
LINE 1: ...egion", "organisation_id", "is_committee_member", "is_voter"...
                                                             ^")[39m

  [31m────────────────────────────────────────────────────────────────────────────────────────────────────────────────────[39m  
  [41;1m FAILED [49;22m [1mTests\Unit\Services\VotingSecurityServiceTest[22m [90m>[39m it generates complete ip audit trail       [41;1m QueryException [49;22m  
[39;1m  SQLSTATE[42703]: Undefined column: 7 FEHLER:  Spalte »is_voter« von Relation »users« existiert nicht
LINE 1: ...egion", "organisation_id", "is_committee_member", "is_voter"...
                                                             ^ (Connection: pgsql, SQL: insert into "users" ("name", "email", "email_verified_at", "password", "remember_token", "region", "organisation_id", "is_committee_member", "is_voter", "can_vote", "user_ip", "voting_ip", "id", "updated_at", "created_at") values (Lydia Hagenes, keira.pouros@example.net, 2026-05-31 08:42:35, $2y$10$92IXUNpkjO0rOQ5byMi.Ye4oKoEa3Ro9llC/.og/at2.uheWG/igi, 4XvJ6VHbfn, Hawaii, 855c8791-7b66-47b8-9410-f5d788a41339, 0, 1, 1, 192.168.1.100, ?, a1e8e7ed-1783-45ae-9c71-a0217c0d0276, 2026-05-31 08:42:35, 2026-05-31 08:42:35))[39;22m

  at [32mvendor\laravel\framework\src\Illuminate\Database\Connection.php[39m:[32m825[39m
    821▕                     $this->getName(), $query, $this->prepareBindings($bindings), $e
    822▕                 );
    823▕             }
    824▕ 
  ➜ 825▕             throw new QueryException(
    826▕                 $this->getName(), $query, $this->prepareBindings($bindings), $e
    827▕             );
    828▕         }
    829▕     }

  [33m1   [39m[39;1mvendor\laravel\framework\src\Illuminate\Database\Connection.php[39;22m:[39;1m825[39;22m

  [33m2   [39m[39;1mvendor\laravel\framework\src\Illuminate\Database\Connection.php[39;22m:[39;1m571[39;22m
  [90m    NunoMaduro\Collision\Exceptions\TestException::("SQLSTATE[42703]: Undefined column: 7 FEHLER:  Spalte »is_voter« von Relation »users« existiert nicht
LINE 1: ...egion", "organisation_id", "is_committee_member", "is_voter"...
                                                             ^")[39m

  [31m────────────────────────────────────────────────────────────────────────────────────────────────────────────────────[39m  
  [41;1m FAILED [49;22m [1mTests\Unit\Services\VotingSecurityServiceTest[22m [90m>[39m it validates complete voter eligibility    [41;1m QueryException [49;22m  
[39;1m  SQLSTATE[42703]: Undefined column: 7 FEHLER:  Spalte »is_voter« von Relation »users« existiert nicht
LINE 1: ...egion", "organisation_id", "is_committee_member", "is_voter"...
                                                             ^ (Connection: pgsql, SQL: insert into "users" ("name", "email", "email_verified_at", "password", "remember_token", "region", "organisation_id", "is_committee_member", "is_voter", "can_vote", "user_ip", "voting_ip", "id", "updated_at", "created_at") values (Freddy Johns MD, rosemary72@example.com, 2026-05-31 08:42:35, $2y$10$92IXUNpkjO0rOQ5byMi.Ye4oKoEa3Ro9llC/.og/at2.uheWG/igi, aAvRiZgUHq, Iowa, 855c8791-7b66-47b8-9410-f5d788a41339, 0, 1, 1, 192.168.1.100, ?, a1e8e7ed-7fff-482a-bb50-8075fe45e74f, 2026-05-31 08:42:35, 2026-05-31 08:42:35))[39;22m

  at [32mvendor\laravel\framework\src\Illuminate\Database\Connection.php[39m:[32m825[39m
    821▕                     $this->getName(), $query, $this->prepareBindings($bindings), $e
    822▕                 );
    823▕             }
    824▕ 
  ➜ 825▕             throw new QueryException(
    826▕                 $this->getName(), $query, $this->prepareBindings($bindings), $e
    827▕             );
    828▕         }
    829▕     }

  [33m1   [39m[39;1mvendor\laravel\framework\src\Illuminate\Database\Connection.php[39;22m:[39;1m825[39;22m

  [33m2   [39m[39;1mvendor\laravel\framework\src\Illuminate\Database\Connection.php[39;22m:[39;1m571[39;22m
  [90m    NunoMaduro\Collision\Exceptions\TestException::("SQLSTATE[42703]: Undefined column: 7 FEHLER:  Spalte »is_voter« von Relation »users« existiert nicht
LINE 1: ...egion", "organisation_id", "is_committee_member", "is_voter"...
                                                             ^")[39m

  [31m────────────────────────────────────────────────────────────────────────────────────────────────────────────────────[39m  
  [41;1m FAILED [49;22m [1mTests\Unit\Services\VotingSecurityServiceTest[22m [90m>[39m it validates voter eligibility checks bas… [41;1m QueryException [49;22m  
[39;1m  SQLSTATE[42703]: Undefined column: 7 FEHLER:  Spalte »is_voter« von Relation »users« existiert nicht
LINE 1: ...egion", "organisation_id", "is_committee_member", "is_voter"...
                                                             ^ (Connection: pgsql, SQL: insert into "users" ("name", "email", "email_verified_at", "password", "remember_token", "region", "organisation_id", "is_committee_member", "is_voter", "can_vote", "user_ip", "voting_ip", "id", "updated_at", "created_at") values (Jeramie Bradtke DDS, antone.marks@example.net, 2026-05-31 08:42:36, $2y$10$92IXUNpkjO0rOQ5byMi.Ye4oKoEa3Ro9llC/.og/at2.uheWG/igi, j6TfS6qMKq, Kansas, 855c8791-7b66-47b8-9410-f5d788a41339, 0, 1, 1, 192.168.1.100, ?, a1e8e7ed-d54b-4184-b472-eb1569886279, 2026-05-31 08:42:36, 2026-05-31 08:42:36))[39;22m

  at [32mvendor\laravel\framework\src\Illuminate\Database\Connection.php[39m:[32m825[39m
    821▕                     $this->getName(), $query, $this->prepareBindings($bindings), $e
    822▕                 );
    823▕             }
    824▕ 
  ➜ 825▕             throw new QueryException(
    826▕                 $this->getName(), $query, $this->prepareBindings($bindings), $e
    827▕             );
    828▕         }
    829▕     }

  [33m1   [39m[39;1mvendor\laravel\framework\src\Illuminate\Database\Connection.php[39;22m:[39;1m825[39;22m

  [33m2   [39m[39;1mvendor\laravel\framework\src\Illuminate\Database\Connection.php[39;22m:[39;1m571[39;22m
  [90m    NunoMaduro\Collision\Exceptions\TestException::("SQLSTATE[42703]: Undefined column: 7 FEHLER:  Spalte »is_voter« von Relation »users« existiert nicht
LINE 1: ...egion", "organisation_id", "is_committee_member", "is_voter"...
                                                             ^")[39m

  [31m────────────────────────────────────────────────────────────────────────────────────────────────────────────────────[39m  
  [41;1m FAILED [49;22m [1mTests\Unit\Services\VotingSecurityServiceTest[22m [90m>[39m it provides system status                  [41;1m QueryException [49;22m  
[39;1m  SQLSTATE[42703]: Undefined column: 7 FEHLER:  Spalte »is_voter« von Relation »users« existiert nicht
LINE 1: ...egion", "organisation_id", "is_committee_member", "is_voter"...
                                                             ^ (Connection: pgsql, SQL: insert into "users" ("name", "email", "email_verified_at", "password", "remember_token", "region", "organisation_id", "is_committee_member", "is_voter", "can_vote", "user_ip", "voting_ip", "id", "updated_at", "created_at") values (Prof. Stephan Mante, kyra40@example.org, 2026-05-31 08:42:36, $2y$10$92IXUNpkjO0rOQ5byMi.Ye4oKoEa3Ro9llC/.og/at2.uheWG/igi, 7GmJkpHoW3, Vermont, 855c8791-7b66-47b8-9410-f5d788a41339, 0, 1, 1, 192.168.1.100, ?, a1e8e7ee-3a5d-4295-a4cb-05074aa812e7, 2026-05-31 08:42:36, 2026-05-31 08:42:36))[39;22m

  at [32mvendor\laravel\framework\src\Illuminate\Database\Connection.php[39m:[32m825[39m
    821▕                     $this->getName(), $query, $this->prepareBindings($bindings), $e
    822▕                 );
    823▕             }
    824▕ 
  ➜ 825▕             throw new QueryException(
    826▕                 $this->getName(), $query, $this->prepareBindings($bindings), $e
    827▕             );
    828▕         }
    829▕     }

  [33m1   [39m[39;1mvendor\laravel\framework\src\Illuminate\Database\Connection.php[39;22m:[39;1m825[39;22m

  [33m2   [39m[39;1mvendor\laravel\framework\src\Illuminate\Database\Connection.php[39;22m:[39;1m571[39;22m
  [90m    NunoMaduro\Collision\Exceptions\TestException::("SQLSTATE[42703]: Undefined column: 7 FEHLER:  Spalte »is_voter« von Relation »users« existiert nicht
LINE 1: ...egion", "organisation_id", "is_committee_member", "is_voter"...
                                                             ^")[39m

  [31m────────────────────────────────────────────────────────────────────────────────────────────────────────────────────[39m  
  [41;1m FAILED [49;22m [1mTests\Unit\Services\VotingSecurityServiceTest[22m [90m>[39m it returns correct ip match status when c… [41;1m QueryException [49;22m  
[39;1m  SQLSTATE[42703]: Undefined column: 7 FEHLER:  Spalte »is_voter« von Relation »users« existiert nicht
LINE 1: ...egion", "organisation_id", "is_committee_member", "is_voter"...
                                                             ^ (Connection: pgsql, SQL: insert into "users" ("name", "email", "email_verified_at", "password", "remember_token", "region", "organisation_id", "is_committee_member", "is_voter", "can_vote", "user_ip", "voting_ip", "id", "updated_at", "created_at") values (Thalia Mueller II, schulist.jacques@example.com, 2026-05-31 08:42:36, $2y$10$92IXUNpkjO0rOQ5byMi.Ye4oKoEa3Ro9llC/.og/at2.uheWG/igi, 3EChd3L4hL, Illinois, 855c8791-7b66-47b8-9410-f5d788a41339, 0, 1, 1, 192.168.1.100, ?, a1e8e7ee-89b0-4a59-8475-49f841dc9aaa, 2026-05-31 08:42:36, 2026-05-31 08:42:36))[39;22m

  at [32mvendor\laravel\framework\src\Illuminate\Database\Connection.php[39m:[32m825[39m
    821▕                     $this->getName(), $query, $this->prepareBindings($bindings), $e
    822▕                 );
    823▕             }
    824▕ 
  ➜ 825▕             throw new QueryException(
    826▕                 $this->getName(), $query, $this->prepareBindings($bindings), $e
    827▕             );
    828▕         }
    829▕     }

  [33m1   [39m[39;1mvendor\laravel\framework\src\Illuminate\Database\Connection.php[39;22m:[39;1m825[39;22m

  [33m2   [39m[39;1mvendor\laravel\framework\src\Illuminate\Database\Connection.php[39;22m:[39;1m571[39;22m
  [90m    NunoMaduro\Collision\Exceptions\TestException::("SQLSTATE[42703]: Undefined column: 7 FEHLER:  Spalte »is_voter« von Relation »users« existiert nicht
LINE 1: ...egion", "organisation_id", "is_committee_member", "is_voter"...
                                                             ^")[39m

  [31m────────────────────────────────────────────────────────────────────────────────────────────────────────────────────[39m  
  [41;1m FAILED [49;22m [1mTests\Unit\Services\VotingSecurityServiceTest[22m [90m>[39m it returns correct ip match status when n… [41;1m QueryException [49;22m  
[39;1m  SQLSTATE[42703]: Undefined column: 7 FEHLER:  Spalte »is_voter« von Relation »users« existiert nicht
LINE 1: ...egion", "organisation_id", "is_committee_member", "is_voter"...
                                                             ^ (Connection: pgsql, SQL: insert into "users" ("name", "email", "email_verified_at", "password", "remember_token", "region", "organisation_id", "is_committee_member", "is_voter", "can_vote", "user_ip", "voting_ip", "id", "updated_at", "created_at") values (Dr. Kevin Erdman, westley.deckow@example.org, 2026-05-31 08:42:36, $2y$10$92IXUNpkjO0rOQ5byMi.Ye4oKoEa3Ro9llC/.og/at2.uheWG/igi, x2rivYjYnz, Idaho, 855c8791-7b66-47b8-9410-f5d788a41339, 0, 1, 1, 192.168.1.100, ?, a1e8e7ee-d57e-49b1-9967-7e6588fa698d, 2026-05-31 08:42:36, 2026-05-31 08:42:36))[39;22m

  at [32mvendor\laravel\framework\src\Illuminate\Database\Connection.php[39m:[32m825[39m
    821▕                     $this->getName(), $query, $this->prepareBindings($bindings), $e
    822▕                 );
    823▕             }
    824▕ 
  ➜ 825▕             throw new QueryException(
    826▕                 $this->getName(), $query, $this->prepareBindings($bindings), $e
    827▕             );
    828▕         }
    829▕     }

  [33m1   [39m[39;1mvendor\laravel\framework\src\Illuminate\Database\Connection.php[39;22m:[39;1m825[39;22m

  [33m2   [39m[39;1mvendor\laravel\framework\src\Illuminate\Database\Connection.php[39;22m:[39;1m571[39;22m
  [90m    NunoMaduro\Collision\Exceptions\TestException::("SQLSTATE[42703]: Undefined column: 7 FEHLER:  Spalte »is_voter« von Relation »users« existiert nicht
LINE 1: ...egion", "organisation_id", "is_committee_member", "is_voter"...
                                                             ^")[39m

  [31m────────────────────────────────────────────────────────────────────────────────────────────────────────────────────[39m  
  [41;1m FAILED [49;22m [1mTests\Unit\Services\VotingSecurityServiceTest[22m [90m>[39m it returns correct ip match status when m… [41;1m QueryException [49;22m  
[39;1m  SQLSTATE[42703]: Undefined column: 7 FEHLER:  Spalte »is_voter« von Relation »users« existiert nicht
LINE 1: ...egion", "organisation_id", "is_committee_member", "is_voter"...
                                                             ^ (Connection: pgsql, SQL: insert into "users" ("name", "email", "email_verified_at", "password", "remember_token", "region", "organisation_id", "is_committee_member", "is_voter", "can_vote", "user_ip", "voting_ip", "id", "updated_at", "created_at") values (Dr. Cordie Kuhic Sr., hirthe.nathaniel@example.com, 2026-05-31 08:42:36, $2y$10$92IXUNpkjO0rOQ5byMi.Ye4oKoEa3Ro9llC/.og/at2.uheWG/igi, MsJDHcJEQG, South Dakota, 855c8791-7b66-47b8-9410-f5d788a41339, 0, 1, 1, 192.168.1.100, ?, a1e8e7ef-2cf8-44a5-8691-fdcd4cb8afc8, 2026-05-31 08:42:36, 2026-05-31 08:42:36))[39;22m

  at [32mvendor\laravel\framework\src\Illuminate\Database\Connection.php[39m:[32m825[39m
    821▕                     $this->getName(), $query, $this->prepareBindings($bindings), $e
    822▕                 );
    823▕             }
    824▕ 
  ➜ 825▕             throw new QueryException(
    826▕                 $this->getName(), $query, $this->prepareBindings($bindings), $e
    827▕             );
    828▕         }
    829▕     }

  [33m1   [39m[39;1mvendor\laravel\framework\src\Illuminate\Database\Connection.php[39;22m:[39;1m825[39;22m

  [33m2   [39m[39;1mvendor\laravel\framework\src\Illuminate\Database\Connection.php[39;22m:[39;1m571[39;22m
  [90m    NunoMaduro\Collision\Exceptions\TestException::("SQLSTATE[42703]: Undefined column: 7 FEHLER:  Spalte »is_voter« von Relation »users« existiert nicht
LINE 1: ...egion", "organisation_id", "is_committee_member", "is_voter"...
                                                             ^")[39m

  [31m────────────────────────────────────────────────────────────────────────────────────────────────────────────────────[39m  
  [41;1m FAILED [49;22m [1mTests\Unit\SimpleVoteCountingTest[22m [90m>[39m simple vote counting with no votes                     [41;1m QueryException [49;22m  
[39;1m  SQLSTATE[42703]: Undefined column: 7 FEHLER:  Spalte »post_id« von Relation »posts« existiert nicht
LINE 1: insert into "posts" ("post_id", "name", "nepali_name", "stat...
                             ^ (Connection: pgsql, SQL: insert into "posts" ("post_id", "name", "nepali_name", "state_name", "required_number", "id", "organisation_id", "updated_at", "created_at") values (test_post, Test Position, परीक्षण पद, Test State, 1, a1e8e7f2-09ff-42fe-9fa4-5bb84d743152, ?, 2026-05-31 08:42:38, 2026-05-31 08:42:38))[39;22m

  at [32mvendor\laravel\framework\src\Illuminate\Database\Connection.php[39m:[32m825[39m
    821▕                     $this->getName(), $query, $this->prepareBindings($bindings), $e
    822▕                 );
    823▕             }
    824▕ 
  ➜ 825▕             throw new QueryException(
    826▕                 $this->getName(), $query, $this->prepareBindings($bindings), $e
    827▕             );
    828▕         }
    829▕     }

  [33m1   [39m[39;1mvendor\laravel\framework\src\Illuminate\Database\Connection.php[39;22m:[39;1m825[39;22m

  [33m2   [39m[39;1mvendor\laravel\framework\src\Illuminate\Database\Connection.php[39;22m:[39;1m571[39;22m
  [90m    NunoMaduro\Collision\Exceptions\TestException::("SQLSTATE[42703]: Undefined column: 7 FEHLER:  Spalte »post_id« von Relation »posts« existiert nicht
LINE 1: insert into "posts" ("post_id", "name", "nepali_name", "stat...
                             ^")[39m

  [31m────────────────────────────────────────────────────────────────────────────────────────────────────────────────────[39m  
  [41;1m FAILED [49;22m [1mTests\Unit\VoteDataSanitizationTest[22m [90m>[39m it sanitizes selection with no vote false and e… [41;1m ArgumentCountError [49;22m  
[39;1m  Too few arguments to function App\Http\Controllers\VoteController::__construct(), 0 passed in C:\Users\nabra\OneDrive\Desktop\roshyara\xamp\nrna\nrna-eu\tests\Unit\VoteDataSanitizationTest.php on line 30 and exactly 2 expected[39;22m

  at [32mapp\Http\Controllers\VoteController.php[39m:[32m58[39m
     54▕ 
     55▕     /**
     56▕      * Constructor - Initialize voting process state
     57▕      */
  ➜  58▕     public function __construct(
     59▕         private TrustPolicyEvaluator $trustEvaluator,
     60▕         private ConstitutionalLegitimacyDecision $legitimacyDecision,
     61▕     )
     62▕     {

  [33m1   [39m[39;1mapp\Http\Controllers\VoteController.php[39;22m:[39;1m58[39;22m
  [33m2   [39m[39;1mtests\Unit\VoteDataSanitizationTest.php[39;22m:[39;1m30[39;22m

  [31m────────────────────────────────────────────────────────────────────────────────────────────────────────────────────[39m  
  [41;1m FAILED [49;22m [1mTests\Unit\VoteDataSanitizationTest[22m [90m>[39m it does not modify valid no vote selection       [41;1m ArgumentCountError [49;22m  
[39;1m  Too few arguments to function App\Http\Controllers\VoteController::__construct(), 0 passed in C:\Users\nabra\OneDrive\Desktop\roshyara\xamp\nrna\nrna-eu\tests\Unit\VoteDataSanitizationTest.php on line 30 and exactly 2 expected[39;22m

  at [32mapp\Http\Controllers\VoteController.php[39m:[32m58[39m
     54▕ 
     55▕     /**
     56▕      * Constructor - Initialize voting process state
     57▕      */
  ➜  58▕     public function __construct(
     59▕         private TrustPolicyEvaluator $trustEvaluator,
     60▕         private ConstitutionalLegitimacyDecision $legitimacyDecision,
     61▕     )
     62▕     {

  [33m1   [39m[39;1mapp\Http\Controllers\VoteController.php[39;22m:[39;1m58[39;22m
  [33m2   [39m[39;1mtests\Unit\VoteDataSanitizationTest.php[39;22m:[39;1m30[39;22m

  [31m────────────────────────────────────────────────────────────────────────────────────────────────────────────────────[39m  
  [41;1m FAILED [49;22m [1mTests\Unit\VoteDataSanitizationTest[22m [90m>[39m it does not modify valid vote with candidates    [41;1m ArgumentCountError [49;22m  
[39;1m  Too few arguments to function App\Http\Controllers\VoteController::__construct(), 0 passed in C:\Users\nabra\OneDrive\Desktop\roshyara\xamp\nrna\nrna-eu\tests\Unit\VoteDataSanitizationTest.php on line 30 and exactly 2 expected[39;22m

  at [32mapp\Http\Controllers\VoteController.php[39m:[32m58[39m
     54▕ 
     55▕     /**
     56▕      * Constructor - Initialize voting process state
     57▕      */
  ➜  58▕     public function __construct(
     59▕         private TrustPolicyEvaluator $trustEvaluator,
     60▕         private ConstitutionalLegitimacyDecision $legitimacyDecision,
     61▕     )
     62▕     {

  [33m1   [39m[39;1mapp\Http\Controllers\VoteController.php[39;22m:[39;1m58[39;22m
  [33m2   [39m[39;1mtests\Unit\VoteDataSanitizationTest.php[39;22m:[39;1m30[39;22m

  [31m────────────────────────────────────────────────────────────────────────────────────────────────────────────────────[39m  
  [41;1m FAILED [49;22m [1mTests\Unit\VoteDataSanitizationTest[22m [90m>[39m it preserves no vote false when multiple candid… [41;1m ArgumentCountError [49;22m  
[39;1m  Too few arguments to function App\Http\Controllers\VoteController::__construct(), 0 passed in C:\Users\nabra\OneDrive\Desktop\roshyara\xamp\nrna\nrna-eu\tests\Unit\VoteDataSanitizationTest.php on line 30 and exactly 2 expected[39;22m

  at [32mapp\Http\Controllers\VoteController.php[39m:[32m58[39m
     54▕ 
     55▕     /**
     56▕      * Constructor - Initialize voting process state
     57▕      */
  ➜  58▕     public function __construct(
     59▕         private TrustPolicyEvaluator $trustEvaluator,
     60▕         private ConstitutionalLegitimacyDecision $legitimacyDecision,
     61▕     )
     62▕     {

  [33m1   [39m[39;1mapp\Http\Controllers\VoteController.php[39;22m:[39;1m58[39;22m
  [33m2   [39m[39;1mtests\Unit\VoteDataSanitizationTest.php[39;22m:[39;1m30[39;22m

  [31m────────────────────────────────────────────────────────────────────────────────────────────────────────────────────[39m  
  [41;1m FAILED [49;22m [1mTests\Unit\VoteDataSanitizationTest[22m [90m>[39m it sanitizes complete vote data structure        [41;1m ArgumentCountError [49;22m  
[39;1m  Too few arguments to function App\Http\Controllers\VoteController::__construct(), 0 passed in C:\Users\nabra\OneDrive\Desktop\roshyara\xamp\nrna\nrna-eu\tests\Unit\VoteDataSanitizationTest.php on line 30 and exactly 2 expected[39;22m

  at [32mapp\Http\Controllers\VoteController.php[39m:[32m58[39m
     54▕ 
     55▕     /**
     56▕      * Constructor - Initialize voting process state
     57▕      */
  ➜  58▕     public function __construct(
     59▕         private TrustPolicyEvaluator $trustEvaluator,
     60▕         private ConstitutionalLegitimacyDecision $legitimacyDecision,
     61▕     )
     62▕     {

  [33m1   [39m[39;1mapp\Http\Controllers\VoteController.php[39;22m:[39;1m58[39;22m
  [33m2   [39m[39;1mtests\Unit\VoteDataSanitizationTest.php[39;22m:[39;1m30[39;22m

  [31m────────────────────────────────────────────────────────────────────────────────────────────────────────────────────[39m  
  [41;1m FAILED [49;22m [1mTests\Unit\VoteDataSanitizationTest[22m [90m>[39m it handles null candidates array                 [41;1m ArgumentCountError [49;22m  
[39;1m  Too few arguments to function App\Http\Controllers\VoteController::__construct(), 0 passed in C:\Users\nabra\OneDrive\Desktop\roshyara\xamp\nrna\nrna-eu\tests\Unit\VoteDataSanitizationTest.php on line 30 and exactly 2 expected[39;22m

  at [32mapp\Http\Controllers\VoteController.php[39m:[32m58[39m
     54▕ 
     55▕     /**
     56▕      * Constructor - Initialize voting process state
     57▕      */
  ➜  58▕     public function __construct(
     59▕         private TrustPolicyEvaluator $trustEvaluator,
     60▕         private ConstitutionalLegitimacyDecision $legitimacyDecision,
     61▕     )
     62▕     {

  [33m1   [39m[39;1mapp\Http\Controllers\VoteController.php[39;22m:[39;1m58[39;22m
  [33m2   [39m[39;1mtests\Unit\VoteDataSanitizationTest.php[39;22m:[39;1m30[39;22m

  [31m────────────────────────────────────────────────────────────────────────────────────────────────────────────────────[39m  
  [41;1m FAILED [49;22m [1mTests\Unit\VoteDataSanitizationTest[22m [90m>[39m it handles missing candidates key                [41;1m ArgumentCountError [49;22m  
[39;1m  Too few arguments to function App\Http\Controllers\VoteController::__construct(), 0 passed in C:\Users\nabra\OneDrive\Desktop\roshyara\xamp\nrna\nrna-eu\tests\Unit\VoteDataSanitizationTest.php on line 30 and exactly 2 expected[39;22m

  at [32mapp\Http\Controllers\VoteController.php[39m:[32m58[39m
     54▕ 
     55▕     /**
     56▕      * Constructor - Initialize voting process state
     57▕      */
  ➜  58▕     public function __construct(
     59▕         private TrustPolicyEvaluator $trustEvaluator,
     60▕         private ConstitutionalLegitimacyDecision $legitimacyDecision,
     61▕     )
     62▕     {

  [33m1   [39m[39;1mapp\Http\Controllers\VoteController.php[39;22m:[39;1m58[39;22m
  [33m2   [39m[39;1mtests\Unit\VoteDataSanitizationTest.php[39;22m:[39;1m30[39;22m

  [31m────────────────────────────────────────────────────────────────────────────────────────────────────────────────────[39m  
  [41;1m FAILED [49;22m [1mTests\Unit\VoteDataSanitizationTest[22m [90m>[39m it handles missing no vote key                   [41;1m ArgumentCountError [49;22m  
[39;1m  Too few arguments to function App\Http\Controllers\VoteController::__construct(), 0 passed in C:\Users\nabra\OneDrive\Desktop\roshyara\xamp\nrna\nrna-eu\tests\Unit\VoteDataSanitizationTest.php on line 30 and exactly 2 expected[39;22m

  at [32mapp\Http\Controllers\VoteController.php[39m:[32m58[39m
     54▕ 
     55▕     /**
     56▕      * Constructor - Initialize voting process state
     57▕      */
  ➜  58▕     public function __construct(
     59▕         private TrustPolicyEvaluator $trustEvaluator,
     60▕         private ConstitutionalLegitimacyDecision $legitimacyDecision,
     61▕     )
     62▕     {

  [33m1   [39m[39;1mapp\Http\Controllers\VoteController.php[39;22m:[39;1m58[39;22m
  [33m2   [39m[39;1mtests\Unit\VoteDataSanitizationTest.php[39;22m:[39;1m30[39;22m

  [31m────────────────────────────────────────────────────────────────────────────────────────────────────────────────────[39m  
  [41;1m FAILED [49;22m [1mTests\Unit\VoteDataSanitizationTest[22m [90m>[39m it skips null selections in vote data            [41;1m ArgumentCountError [49;22m  
[39;1m  Too few arguments to function App\Http\Controllers\VoteController::__construct(), 0 passed in C:\Users\nabra\OneDrive\Desktop\roshyara\xamp\nrna\nrna-eu\tests\Unit\VoteDataSanitizationTest.php on line 30 and exactly 2 expected[39;22m

  at [32mapp\Http\Controllers\VoteController.php[39m:[32m58[39m
     54▕ 
     55▕     /**
     56▕      * Constructor - Initialize voting process state
     57▕      */
  ➜  58▕     public function __construct(
     59▕         private TrustPolicyEvaluator $trustEvaluator,
     60▕         private ConstitutionalLegitimacyDecision $legitimacyDecision,
     61▕     )
     62▕     {

  [33m1   [39m[39;1mapp\Http\Controllers\VoteController.php[39;22m:[39;1m58[39;22m
  [33m2   [39m[39;1mtests\Unit\VoteDataSanitizationTest.php[39;22m:[39;1m30[39;22m

  [31m────────────────────────────────────────────────────────────────────────────────────────────────────────────────────[39m  
  [41;1m FAILED [49;22m [1mTests\Unit\VoteDataSanitizationTest[22m [90m>[39m it fixes production bug pattern                  [41;1m ArgumentCountError [49;22m  
[39;1m  Too few arguments to function App\Http\Controllers\VoteController::__construct(), 0 passed in C:\Users\nabra\OneDrive\Desktop\roshyara\xamp\nrna\nrna-eu\tests\Unit\VoteDataSanitizationTest.php on line 30 and exactly 2 expected[39;22m

  at [32mapp\Http\Controllers\VoteController.php[39m:[32m58[39m
     54▕ 
     55▕     /**
     56▕      * Constructor - Initialize voting process state
     57▕      */
  ➜  58▕     public function __construct(
     59▕         private TrustPolicyEvaluator $trustEvaluator,
     60▕         private ConstitutionalLegitimacyDecision $legitimacyDecision,
     61▕     )
     62▕     {

  [33m1   [39m[39;1mapp\Http\Controllers\VoteController.php[39;22m:[39;1m58[39;22m
  [33m2   [39m[39;1mtests\Unit\VoteDataSanitizationTest.php[39;22m:[39;1m30[39;22m

  [31m────────────────────────────────────────────────────────────────────────────────────────────────────────────────────[39m  
  [41;1m FAILED [49;22m [1mTests\Unit\VoteDataSanitizationTest[22m [90m>[39m it efficiently sanitizes maximum positions       [41;1m ArgumentCountError [49;22m  
[39;1m  Too few arguments to function App\Http\Controllers\VoteController::__construct(), 0 passed in C:\Users\nabra\OneDrive\Desktop\roshyara\xamp\nrna\nrna-eu\tests\Unit\VoteDataSanitizationTest.php on line 30 and exactly 2 expected[39;22m

  at [32mapp\Http\Controllers\VoteController.php[39m:[32m58[39m
     54▕ 
     55▕     /**
     56▕      * Constructor - Initialize voting process state
     57▕      */
  ➜  58▕     public function __construct(
     59▕         private TrustPolicyEvaluator $trustEvaluator,
     60▕         private ConstitutionalLegitimacyDecision $legitimacyDecision,
     61▕     )
     62▕     {

  [33m1   [39m[39;1mapp\Http\Controllers\VoteController.php[39;22m:[39;1m58[39;22m
  [33m2   [39m[39;1mtests\Unit\VoteDataSanitizationTest.php[39;22m:[39;1m30[39;22m

  [31m────────────────────────────────────────────────────────────────────────────────────────────────────────────────────[39m  
  [41;1m FAILED [49;22m [1mTests\Unit\VoteDataValidationTest[22m [90m>[39m it rejects inconsistent no vote false with empty…  [41;1m ArgumentCountError [49;22m  
[39;1m  Too few arguments to function App\Http\Controllers\VoteController::__construct(), 0 passed in C:\Users\nabra\OneDrive\Desktop\roshyara\xamp\nrna\nrna-eu\tests\Unit\VoteDataValidationTest.php on line 29 and exactly 2 expected[39;22m

  at [32mapp\Http\Controllers\VoteController.php[39m:[32m58[39m
     54▕ 
     55▕     /**
     56▕      * Constructor - Initialize voting process state
     57▕      */
  ➜  58▕     public function __construct(
     59▕         private TrustPolicyEvaluator $trustEvaluator,
     60▕         private ConstitutionalLegitimacyDecision $legitimacyDecision,
     61▕     )
     62▕     {

  [33m1   [39m[39;1mapp\Http\Controllers\VoteController.php[39;22m:[39;1m58[39;22m
  [33m2   [39m[39;1mtests\Unit\VoteDataValidationTest.php[39;22m:[39;1m29[39;22m

  [31m────────────────────────────────────────────────────────────────────────────────────────────────────────────────────[39m  
  [41;1m FAILED [49;22m [1mTests\Unit\VoteDataValidationTest[22m [90m>[39m it accepts valid no vote true with empty candidat… [41;1m ArgumentCountError [49;22m  
[39;1m  Too few arguments to function App\Http\Controllers\VoteController::__construct(), 0 passed in C:\Users\nabra\OneDrive\Desktop\roshyara\xamp\nrna\nrna-eu\tests\Unit\VoteDataValidationTest.php on line 29 and exactly 2 expected[39;22m

  at [32mapp\Http\Controllers\VoteController.php[39m:[32m58[39m
     54▕ 
     55▕     /**
     56▕      * Constructor - Initialize voting process state
     57▕      */
  ➜  58▕     public function __construct(
     59▕         private TrustPolicyEvaluator $trustEvaluator,
     60▕         private ConstitutionalLegitimacyDecision $legitimacyDecision,
     61▕     )
     62▕     {

  [33m1   [39m[39;1mapp\Http\Controllers\VoteController.php[39;22m:[39;1m58[39;22m
  [33m2   [39m[39;1mtests\Unit\VoteDataValidationTest.php[39;22m:[39;1m29[39;22m

  [31m────────────────────────────────────────────────────────────────────────────────────────────────────────────────────[39m  
  [41;1m FAILED [49;22m [1mTests\Unit\VoteDataValidationTest[22m [90m>[39m it accepts valid vote with candidates              [41;1m ArgumentCountError [49;22m  
[39;1m  Too few arguments to function App\Http\Controllers\VoteController::__construct(), 0 passed in C:\Users\nabra\OneDrive\Desktop\roshyara\xamp\nrna\nrna-eu\tests\Unit\VoteDataValidationTest.php on line 29 and exactly 2 expected[39;22m

  at [32mapp\Http\Controllers\VoteController.php[39m:[32m58[39m
     54▕ 
     55▕     /**
     56▕      * Constructor - Initialize voting process state
     57▕      */
  ➜  58▕     public function __construct(
     59▕         private TrustPolicyEvaluator $trustEvaluator,
     60▕         private ConstitutionalLegitimacyDecision $legitimacyDecision,
     61▕     )
     62▕     {

  [33m1   [39m[39;1mapp\Http\Controllers\VoteController.php[39;22m:[39;1m58[39;22m
  [33m2   [39m[39;1mtests\Unit\VoteDataValidationTest.php[39;22m:[39;1m29[39;22m

  [31m────────────────────────────────────────────────────────────────────────────────────────────────────────────────────[39m  
  [41;1m FAILED [49;22m [1mTests\Unit\VoteDataValidationTest[22m [90m>[39m it rejects regional selections with bug pattern    [41;1m ArgumentCountError [49;22m  
[39;1m  Too few arguments to function App\Http\Controllers\VoteController::__construct(), 0 passed in C:\Users\nabra\OneDrive\Desktop\roshyara\xamp\nrna\nrna-eu\tests\Unit\VoteDataValidationTest.php on line 29 and exactly 2 expected[39;22m

  at [32mapp\Http\Controllers\VoteController.php[39m:[32m58[39m
     54▕ 
     55▕     /**
     56▕      * Constructor - Initialize voting process state
     57▕      */
  ➜  58▕     public function __construct(
     59▕         private TrustPolicyEvaluator $trustEvaluator,
     60▕         private ConstitutionalLegitimacyDecision $legitimacyDecision,
     61▕     )
     62▕     {

  [33m1   [39m[39;1mapp\Http\Controllers\VoteController.php[39;22m:[39;1m58[39;22m
  [33m2   [39m[39;1mtests\Unit\VoteDataValidationTest.php[39;22m:[39;1m29[39;22m

  [31m────────────────────────────────────────────────────────────────────────────────────────────────────────────────────[39m  
  [41;1m FAILED [49;22m [1mTests\Unit\VoteDataValidationTest[22m [90m>[39m it rejects too many candidates                     [41;1m ArgumentCountError [49;22m  
[39;1m  Too few arguments to function App\Http\Controllers\VoteController::__construct(), 0 passed in C:\Users\nabra\OneDrive\Desktop\roshyara\xamp\nrna\nrna-eu\tests\Unit\VoteDataValidationTest.php on line 29 and exactly 2 expected[39;22m

  at [32mapp\Http\Controllers\VoteController.php[39m:[32m58[39m
     54▕ 
     55▕     /**
     56▕      * Constructor - Initialize voting process state
     57▕      */
  ➜  58▕     public function __construct(
     59▕         private TrustPolicyEvaluator $trustEvaluator,
     60▕         private ConstitutionalLegitimacyDecision $legitimacyDecision,
     61▕     )
     62▕     {

  [33m1   [39m[39;1mapp\Http\Controllers\VoteController.php[39;22m:[39;1m58[39;22m
  [33m2   [39m[39;1mtests\Unit\VoteDataValidationTest.php[39;22m:[39;1m29[39;22m

  [31m────────────────────────────────────────────────────────────────────────────────────────────────────────────────────[39m  
  [41;1m FAILED [49;22m [1mTests\Unit\VoteDataValidationTest[22m [90m>[39m it validates exact count when select all required  [41;1m ArgumentCountError [49;22m  
[39;1m  Too few arguments to function App\Http\Controllers\VoteController::__construct(), 0 passed in C:\Users\nabra\OneDrive\Desktop\roshyara\xamp\nrna\nrna-eu\tests\Unit\VoteDataValidationTest.php on line 29 and exactly 2 expected[39;22m

  at [32mapp\Http\Controllers\VoteController.php[39m:[32m58[39m
     54▕ 
     55▕     /**
     56▕      * Constructor - Initialize voting process state
     57▕      */
  ➜  58▕     public function __construct(
     59▕         private TrustPolicyEvaluator $trustEvaluator,
     60▕         private ConstitutionalLegitimacyDecision $legitimacyDecision,
     61▕     )
     62▕     {

  [33m1   [39m[39;1mapp\Http\Controllers\VoteController.php[39;22m:[39;1m58[39;22m
  [33m2   [39m[39;1mtests\Unit\VoteDataValidationTest.php[39;22m:[39;1m29[39;22m

  [31m────────────────────────────────────────────────────────────────────────────────────────────────────────────────────[39m  
  [41;1m FAILED [49;22m [1mTests\Unit\VoteDataValidationTest[22m [90m>[39m it validates mixed selections correctly            [41;1m ArgumentCountError [49;22m  
[39;1m  Too few arguments to function App\Http\Controllers\VoteController::__construct(), 0 passed in C:\Users\nabra\OneDrive\Desktop\roshyara\xamp\nrna\nrna-eu\tests\Unit\VoteDataValidationTest.php on line 29 and exactly 2 expected[39;22m

  at [32mapp\Http\Controllers\VoteController.php[39m:[32m58[39m
     54▕ 
     55▕     /**
     56▕      * Constructor - Initialize voting process state
     57▕      */
  ➜  58▕     public function __construct(
     59▕         private TrustPolicyEvaluator $trustEvaluator,
     60▕         private ConstitutionalLegitimacyDecision $legitimacyDecision,
     61▕     )
     62▕     {

  [33m1   [39m[39;1mapp\Http\Controllers\VoteController.php[39;22m:[39;1m58[39;22m
  [33m2   [39m[39;1mtests\Unit\VoteDataValidationTest.php[39;22m:[39;1m29[39;22m

  [31m────────────────────────────────────────────────────────────────────────────────────────────────────────────────────[39m  
  [41;1m FAILED [49;22m [1mTests\Unit\VoteDataValidationTest[22m [90m>[39m it requires at least one selection                 [41;1m ArgumentCountError [49;22m  
[39;1m  Too few arguments to function App\Http\Controllers\VoteController::__construct(), 0 passed in C:\Users\nabra\OneDrive\Desktop\roshyara\xamp\nrna\nrna-eu\tests\Unit\VoteDataValidationTest.php on line 29 and exactly 2 expected[39;22m

  at [32mapp\Http\Controllers\VoteController.php[39m:[32m58[39m
     54▕ 
     55▕     /**
     56▕      * Constructor - Initialize voting process state
     57▕      */
  ➜  58▕     public function __construct(
     59▕         private TrustPolicyEvaluator $trustEvaluator,
     60▕         private ConstitutionalLegitimacyDecision $legitimacyDecision,
     61▕     )
     62▕     {

  [33m1   [39m[39;1mapp\Http\Controllers\VoteController.php[39;22m:[39;1m58[39;22m
  [33m2   [39m[39;1mtests\Unit\VoteDataValidationTest.php[39;22m:[39;1m29[39;22m

  [31m────────────────────────────────────────────────────────────────────────────────────────────────────────────────────[39m  
  [41;1m FAILED [49;22m [1mTests\Unit\VoteDataValidationTest[22m [90m>[39m it accepts all positions skipped                   [41;1m ArgumentCountError [49;22m  
[39;1m  Too few arguments to function App\Http\Controllers\VoteController::__construct(), 0 passed in C:\Users\nabra\OneDrive\Desktop\roshyara\xamp\nrna\nrna-eu\tests\Unit\VoteDataValidationTest.php on line 29 and exactly 2 expected[39;22m

  at [32mapp\Http\Controllers\VoteController.php[39m:[32m58[39m
     54▕ 
     55▕     /**
     56▕      * Constructor - Initialize voting process state
     57▕      */
  ➜  58▕     public function __construct(
     59▕         private TrustPolicyEvaluator $trustEvaluator,
     60▕         private ConstitutionalLegitimacyDecision $legitimacyDecision,
     61▕     )
     62▕     {

  [33m1   [39m[39;1mapp\Http\Controllers\VoteController.php[39;22m:[39;1m58[39;22m
  [33m2   [39m[39;1mtests\Unit\VoteDataValidationTest.php[39;22m:[39;1m29[39;22m

  [31m────────────────────────────────────────────────────────────────────────────────────────────────────────────────────[39m  
  [41;1m FAILED [49;22m [1mTests\Unit\VoteDataValidationTest[22m [90m>[39m it handles complex real world scenario             [41;1m ArgumentCountError [49;22m  
[39;1m  Too few arguments to function App\Http\Controllers\VoteController::__construct(), 0 passed in C:\Users\nabra\OneDrive\Desktop\roshyara\xamp\nrna\nrna-eu\tests\Unit\VoteDataValidationTest.php on line 29 and exactly 2 expected[39;22m

  at [32mapp\Http\Controllers\VoteController.php[39m:[32m58[39m
     54▕ 
     55▕     /**
     56▕      * Constructor - Initialize voting process state
     57▕      */
  ➜  58▕     public function __construct(
     59▕         private TrustPolicyEvaluator $trustEvaluator,
     60▕         private ConstitutionalLegitimacyDecision $legitimacyDecision,
     61▕     )
     62▕     {

  [33m1   [39m[39;1mapp\Http\Controllers\VoteController.php[39;22m:[39;1m58[39;22m
  [33m2   [39m[39;1mtests\Unit\VoteDataValidationTest.php[39;22m:[39;1m29[39;22m

  [31m────────────────────────────────────────────────────────────────────────────────────────────────────────────────────[39m  
  [41;1m FAILED [49;22m [1mTests\Unit\VoteDataValidationTest[22m [90m>[39m it catches production bug in validation            [41;1m ArgumentCountError [49;22m  
[39;1m  Too few arguments to function App\Http\Controllers\VoteController::__construct(), 0 passed in C:\Users\nabra\OneDrive\Desktop\roshyara\xamp\nrna\nrna-eu\tests\Unit\VoteDataValidationTest.php on line 29 and exactly 2 expected[39;22m

  at [32mapp\Http\Controllers\VoteController.php[39m:[32m58[39m
     54▕ 
     55▕     /**
     56▕      * Constructor - Initialize voting process state
     57▕      */
  ➜  58▕     public function __construct(
     59▕         private TrustPolicyEvaluator $trustEvaluator,
     60▕         private ConstitutionalLegitimacyDecision $legitimacyDecision,
     61▕     )
     62▕     {

  [33m1   [39m[39;1mapp\Http\Controllers\VoteController.php[39;22m:[39;1m58[39;22m
  [33m2   [39m[39;1mtests\Unit\VoteDataValidationTest.php[39;22m:[39;1m29[39;22m

  [31m────────────────────────────────────────────────────────────────────────────────────────────────────────────────────[39m  
  [41;1m FAILED [49;22m [1mTests\Unit\VoteFrontendValidationTest[22m [90m>[39m red validation should reject empty candidates… [41;1m ArgumentCountError [49;22m  
[39;1m  Too few arguments to function App\Http\Controllers\VoteController::__construct(), 0 passed in C:\Users\nabra\OneDrive\Desktop\roshyara\xamp\nrna\nrna-eu\tests\Unit\VoteFrontendValidationTest.php on line 29 and exactly 2 expected[39;22m

  at [32mapp\Http\Controllers\VoteController.php[39m:[32m58[39m
     54▕ 
     55▕     /**
     56▕      * Constructor - Initialize voting process state
     57▕      */
  ➜  58▕     public function __construct(
     59▕         private TrustPolicyEvaluator $trustEvaluator,
     60▕         private ConstitutionalLegitimacyDecision $legitimacyDecision,
     61▕     )
     62▕     {

  [33m1   [39m[39;1mapp\Http\Controllers\VoteController.php[39;22m:[39;1m58[39;22m
  [33m2   [39m[39;1mtests\Unit\VoteFrontendValidationTest.php[39;22m:[39;1m29[39;22m

  [31m────────────────────────────────────────────────────────────────────────────────────────────────────────────────────[39m  
  [41;1m FAILED [49;22m [1mTests\Unit\VoteFrontendValidationTest[22m [90m>[39m red validation should reject empty regional c… [41;1m ArgumentCountError [49;22m  
[39;1m  Too few arguments to function App\Http\Controllers\VoteController::__construct(), 0 passed in C:\Users\nabra\OneDrive\Desktop\roshyara\xamp\nrna\nrna-eu\tests\Unit\VoteFrontendValidationTest.php on line 29 and exactly 2 expected[39;22m

  at [32mapp\Http\Controllers\VoteController.php[39m:[32m58[39m
     54▕ 
     55▕     /**
     56▕      * Constructor - Initialize voting process state
     57▕      */
  ➜  58▕     public function __construct(
     59▕         private TrustPolicyEvaluator $trustEvaluator,
     60▕         private ConstitutionalLegitimacyDecision $legitimacyDecision,
     61▕     )
     62▕     {

  [33m1   [39m[39;1mapp\Http\Controllers\VoteController.php[39;22m:[39;1m58[39;22m
  [33m2   [39m[39;1mtests\Unit\VoteFrontendValidationTest.php[39;22m:[39;1m29[39;22m

  [31m────────────────────────────────────────────────────────────────────────────────────────────────────────────────────[39m  
  [41;1m FAILED [49;22m [1mTests\Unit\VoteFrontendValidationTest[22m [90m>[39m green validation accepts valid skip            [41;1m ArgumentCountError [49;22m  
[39;1m  Too few arguments to function App\Http\Controllers\VoteController::__construct(), 0 passed in C:\Users\nabra\OneDrive\Desktop\roshyara\xamp\nrna\nrna-eu\tests\Unit\VoteFrontendValidationTest.php on line 29 and exactly 2 expected[39;22m

  at [32mapp\Http\Controllers\VoteController.php[39m:[32m58[39m
     54▕ 
     55▕     /**
     56▕      * Constructor - Initialize voting process state
     57▕      */
  ➜  58▕     public function __construct(
     59▕         private TrustPolicyEvaluator $trustEvaluator,
     60▕         private ConstitutionalLegitimacyDecision $legitimacyDecision,
     61▕     )
     62▕     {

  [33m1   [39m[39;1mapp\Http\Controllers\VoteController.php[39;22m:[39;1m58[39;22m
  [33m2   [39m[39;1mtests\Unit\VoteFrontendValidationTest.php[39;22m:[39;1m29[39;22m

  [31m────────────────────────────────────────────────────────────────────────────────────────────────────────────────────[39m  
  [41;1m FAILED [49;22m [1mTests\Unit\VoteFrontendValidationTest[22m [90m>[39m green validation accepts valid vote            [41;1m ArgumentCountError [49;22m  
[39;1m  Too few arguments to function App\Http\Controllers\VoteController::__construct(), 0 passed in C:\Users\nabra\OneDrive\Desktop\roshyara\xamp\nrna\nrna-eu\tests\Unit\VoteFrontendValidationTest.php on line 29 and exactly 2 expected[39;22m

  at [32mapp\Http\Controllers\VoteController.php[39m:[32m58[39m
     54▕ 
     55▕     /**
     56▕      * Constructor - Initialize voting process state
     57▕      */
  ➜  58▕     public function __construct(
     59▕         private TrustPolicyEvaluator $trustEvaluator,
     60▕         private ConstitutionalLegitimacyDecision $legitimacyDecision,
     61▕     )
     62▕     {

  [33m1   [39m[39;1mapp\Http\Controllers\VoteController.php[39;22m:[39;1m58[39;22m
  [33m2   [39m[39;1mtests\Unit\VoteFrontendValidationTest.php[39;22m:[39;1m29[39;22m

  [31m────────────────────────────────────────────────────────────────────────────────────────────────────────────────────[39m  
  [41;1m FAILED [49;22m [1mTests\Unit\VoteFrontendValidationTest[22m [90m>[39m red validation catches bug in mixed selection… [41;1m ArgumentCountError [49;22m  
[39;1m  Too few arguments to function App\Http\Controllers\VoteController::__construct(), 0 passed in C:\Users\nabra\OneDrive\Desktop\roshyara\xamp\nrna\nrna-eu\tests\Unit\VoteFrontendValidationTest.php on line 29 and exactly 2 expected[39;22m

  at [32mapp\Http\Controllers\VoteController.php[39m:[32m58[39m
     54▕ 
     55▕     /**
     56▕      * Constructor - Initialize voting process state
     57▕      */
  ➜  58▕     public function __construct(
     59▕         private TrustPolicyEvaluator $trustEvaluator,
     60▕         private ConstitutionalLegitimacyDecision $legitimacyDecision,
     61▕     )
     62▕     {

  [33m1   [39m[39;1mapp\Http\Controllers\VoteController.php[39;22m:[39;1m58[39;22m
  [33m2   [39m[39;1mtests\Unit\VoteFrontendValidationTest.php[39;22m:[39;1m29[39;22m

  [31m────────────────────────────────────────────────────────────────────────────────────────────────────────────────────[39m  
  [41;1m FAILED [49;22m [1mTests\Unit\VoteFrontendValidationTest[22m [90m>[39m red validation catches production bug pattern  [41;1m ArgumentCountError [49;22m  
[39;1m  Too few arguments to function App\Http\Controllers\VoteController::__construct(), 0 passed in C:\Users\nabra\OneDrive\Desktop\roshyara\xamp\nrna\nrna-eu\tests\Unit\VoteFrontendValidationTest.php on line 29 and exactly 2 expected[39;22m

  at [32mapp\Http\Controllers\VoteController.php[39m:[32m58[39m
     54▕ 
     55▕     /**
     56▕      * Constructor - Initialize voting process state
     57▕      */
  ➜  58▕     public function __construct(
     59▕         private TrustPolicyEvaluator $trustEvaluator,
     60▕         private ConstitutionalLegitimacyDecision $legitimacyDecision,
     61▕     )
     62▕     {

  [33m1   [39m[39;1mapp\Http\Controllers\VoteController.php[39;22m:[39;1m58[39;22m
  [33m2   [39m[39;1mtests\Unit\VoteFrontendValidationTest.php[39;22m:[39;1m29[39;22m

  [31m────────────────────────────────────────────────────────────────────────────────────────────────────────────────────[39m  
  [41;1m FAILED [49;22m [1mTests\Unit\VoteFrontendValidationTest[22m [90m>[39m green strict mode with zero candidates is cau… [41;1m ArgumentCountError [49;22m  
[39;1m  Too few arguments to function App\Http\Controllers\VoteController::__construct(), 0 passed in C:\Users\nabra\OneDrive\Desktop\roshyara\xamp\nrna\nrna-eu\tests\Unit\VoteFrontendValidationTest.php on line 29 and exactly 2 expected[39;22m

  at [32mapp\Http\Controllers\VoteController.php[39m:[32m58[39m
     54▕ 
     55▕     /**
     56▕      * Constructor - Initialize voting process state
     57▕      */
  ➜  58▕     public function __construct(
     59▕         private TrustPolicyEvaluator $trustEvaluator,
     60▕         private ConstitutionalLegitimacyDecision $legitimacyDecision,
     61▕     )
     62▕     {

  [33m1   [39m[39;1mapp\Http\Controllers\VoteController.php[39;22m:[39;1m58[39;22m
  [33m2   [39m[39;1mtests\Unit\VoteFrontendValidationTest.php[39;22m:[39;1m29[39;22m

  [31m────────────────────────────────────────────────────────────────────────────────────────────────────────────────────[39m  
  [41;1m FAILED [49;22m [1mTests\Unit\VoteFrontendValidationTest[22m [90m>[39m red validation provides helpful error message  [41;1m ArgumentCountError [49;22m  
[39;1m  Too few arguments to function App\Http\Controllers\VoteController::__construct(), 0 passed in C:\Users\nabra\OneDrive\Desktop\roshyara\xamp\nrna\nrna-eu\tests\Unit\VoteFrontendValidationTest.php on line 29 and exactly 2 expected[39;22m

  at [32mapp\Http\Controllers\VoteController.php[39m:[32m58[39m
     54▕ 
     55▕     /**
     56▕      * Constructor - Initialize voting process state
     57▕      */
  ➜  58▕     public function __construct(
     59▕         private TrustPolicyEvaluator $trustEvaluator,
     60▕         private ConstitutionalLegitimacyDecision $legitimacyDecision,
     61▕     )
     62▕     {

  [33m1   [39m[39;1mapp\Http\Controllers\VoteController.php[39;22m:[39;1m58[39;22m
  [33m2   [39m[39;1mtests\Unit\VoteFrontendValidationTest.php[39;22m:[39;1m29[39;22m

  [31m────────────────────────────────────────────────────────────────────────────────────────────────────────────────────[39m  
  [41;1m FAILED [49;22m [1mTests\Unit\VoterProgressServiceTest[22m [90m>[39m it advances from current step                        [41;1m QueryException [49;22m  
[39;1m  SQLSTATE[23502]: Not null violation: 7 FEHLER:  NULL-Wert in Spalte »organisation_id« von Relation »voter_slugs« verletzt Not-Null-Constraint
DETAIL:  Fehlgeschlagene Zeile enthält (a1e8e805-fb2a-4ae0-a449-830758360c09, null, null, a1e8e805-f6b3-464f-9938-ec755767bcb7, test-slug, 1, null, 2026-05-31 08:42:51, 2026-05-31 08:42:51, null, null, 2026-05-31 09:12:51, t, f, t, null, null, null, null, null, null, null, null, null, null, 30, active, null). (Connection: pgsql, SQL: insert into "voter_slugs" ("user_id", "slug", "expires_at", "is_active", "current_step", "id", "organisation_id", "status", "can_vote_now", "updated_at", "created_at") values (a1e8e805-f6b3-464f-9938-ec755767bcb7, test-slug, 2026-05-31 09:12:51, 1, 1, a1e8e805-fb2a-4ae0-a449-830758360c09, ?, active, 1, 2026-05-31 08:42:51, 2026-05-31 08:42:51))[39;22m

  at [32mvendor\laravel\framework\src\Illuminate\Database\Connection.php[39m:[32m825[39m
    821▕                     $this->getName(), $query, $this->prepareBindings($bindings), $e
    822▕                 );
    823▕             }
    824▕ 
  ➜ 825▕             throw new QueryException(
    826▕                 $this->getName(), $query, $this->prepareBindings($bindings), $e
    827▕             );
    828▕         }
    829▕     }

  [33m1   [39m[39;1mvendor\laravel\framework\src\Illuminate\Database\Connection.php[39;22m:[39;1m825[39;22m

  [33m2   [39m[39;1mvendor\laravel\framework\src\Illuminate\Database\Connection.php[39;22m:[39;1m571[39;22m
  [90m    NunoMaduro\Collision\Exceptions\TestException::("SQLSTATE[23502]: Not null violation: 7 FEHLER:  NULL-Wert in Spalte »organisation_id« von Relation »voter_slugs« verletzt Not-Null-Constraint
DETAIL:  Fehlgeschlagene Zeile enthält (a1e8e805-fb2a-4ae0-a449-830758360c09, null, null, a1e8e805-f6b3-464f-9938-ec755767bcb7, test-slug, 1, null, 2026-05-31 08:42:51, 2026-05-31 08:42:51, null, null, 2026-05-31 09:12:51, t, f, t, null, null, null, null, null, null, null, null, null, null, 30, active, null).")[39m

  [31m────────────────────────────────────────────────────────────────────────────────────────────────────────────────────[39m  
  [41;1m FAILED [49;22m [1mTests\Unit\VoterProgressServiceTest[22m [90m>[39m it does not advance from wrong step                  [41;1m QueryException [49;22m  
[39;1m  SQLSTATE[23502]: Not null violation: 7 FEHLER:  NULL-Wert in Spalte »organisation_id« von Relation »voter_slugs« verletzt Not-Null-Constraint
DETAIL:  Fehlgeschlagene Zeile enthält (a1e8e806-6b9f-4b13-8f13-be2560c6eb49, null, null, a1e8e806-66da-4ad6-b4d9-3592a84df346, test-slug, 2, null, 2026-05-31 08:42:52, 2026-05-31 08:42:52, null, null, 2026-05-31 09:12:52, t, f, t, null, null, null, null, null, null, null, null, null, null, 30, active, null). (Connection: pgsql, SQL: insert into "voter_slugs" ("user_id", "slug", "expires_at", "is_active", "current_step", "id", "organisation_id", "status", "can_vote_now", "updated_at", "created_at") values (a1e8e806-66da-4ad6-b4d9-3592a84df346, test-slug, 2026-05-31 09:12:52, 1, 2, a1e8e806-6b9f-4b13-8f13-be2560c6eb49, ?, active, 1, 2026-05-31 08:42:52, 2026-05-31 08:42:52))[39;22m

  at [32mvendor\laravel\framework\src\Illuminate\Database\Connection.php[39m:[32m825[39m
    821▕                     $this->getName(), $query, $this->prepareBindings($bindings), $e
    822▕                 );
    823▕             }
    824▕ 
  ➜ 825▕             throw new QueryException(
    826▕                 $this->getName(), $query, $this->prepareBindings($bindings), $e
    827▕             );
    828▕         }
    829▕     }

  [33m1   [39m[39;1mvendor\laravel\framework\src\Illuminate\Database\Connection.php[39;22m:[39;1m825[39;22m

  [33m2   [39m[39;1mvendor\laravel\framework\src\Illuminate\Database\Connection.php[39;22m:[39;1m571[39;22m
  [90m    NunoMaduro\Collision\Exceptions\TestException::("SQLSTATE[23502]: Not null violation: 7 FEHLER:  NULL-Wert in Spalte »organisation_id« von Relation »voter_slugs« verletzt Not-Null-Constraint
DETAIL:  Fehlgeschlagene Zeile enthält (a1e8e806-6b9f-4b13-8f13-be2560c6eb49, null, null, a1e8e806-66da-4ad6-b4d9-3592a84df346, test-slug, 2, null, 2026-05-31 08:42:52, 2026-05-31 08:42:52, null, null, 2026-05-31 09:12:52, t, f, t, null, null, null, null, null, null, null, null, null, null, 30, active, null).")[39m

  [31m────────────────────────────────────────────────────────────────────────────────────────────────────────────────────[39m  
  [41;1m FAILED [49;22m [1mTests\Unit\VoterProgressServiceTest[22m [90m>[39m it handles non existent routes                       [41;1m QueryException [49;22m  
[39;1m  SQLSTATE[23502]: Not null violation: 7 FEHLER:  NULL-Wert in Spalte »organisation_id« von Relation »voter_slugs« verletzt Not-Null-Constraint
DETAIL:  Fehlgeschlagene Zeile enthält (a1e8e807-08bb-4489-aac0-7982511182ff, null, null, a1e8e807-0502-4691-978d-e7d76e6e6f69, test-slug, 1, null, 2026-05-31 08:42:52, 2026-05-31 08:42:52, null, null, 2026-05-31 09:12:52, t, f, t, null, null, null, null, null, null, null, null, null, null, 30, active, null). (Connection: pgsql, SQL: insert into "voter_slugs" ("user_id", "slug", "expires_at", "is_active", "current_step", "id", "organisation_id", "status", "can_vote_now", "updated_at", "created_at") values (a1e8e807-0502-4691-978d-e7d76e6e6f69, test-slug, 2026-05-31 09:12:52, 1, 1, a1e8e807-08bb-4489-aac0-7982511182ff, ?, active, 1, 2026-05-31 08:42:52, 2026-05-31 08:42:52))[39;22m

  at [32mvendor\laravel\framework\src\Illuminate\Database\Connection.php[39m:[32m825[39m
    821▕                     $this->getName(), $query, $this->prepareBindings($bindings), $e
    822▕                 );
    823▕             }
    824▕ 
  ➜ 825▕             throw new QueryException(
    826▕                 $this->getName(), $query, $this->prepareBindings($bindings), $e
    827▕             );
    828▕         }
    829▕     }

  [33m1   [39m[39;1mvendor\laravel\framework\src\Illuminate\Database\Connection.php[39;22m:[39;1m825[39;22m

  [33m2   [39m[39;1mvendor\laravel\framework\src\Illuminate\Database\Connection.php[39;22m:[39;1m571[39;22m
  [90m    NunoMaduro\Collision\Exceptions\TestException::("SQLSTATE[23502]: Not null violation: 7 FEHLER:  NULL-Wert in Spalte »organisation_id« von Relation »voter_slugs« verletzt Not-Null-Constraint
DETAIL:  Fehlgeschlagene Zeile enthält (a1e8e807-08bb-4489-aac0-7982511182ff, null, null, a1e8e807-0502-4691-978d-e7d76e6e6f69, test-slug, 1, null, 2026-05-31 08:42:52, 2026-05-31 08:42:52, null, null, 2026-05-31 09:12:52, t, f, t, null, null, null, null, null, null, null, null, null, null, 30, active, null).")[39m

  [31m────────────────────────────────────────────────────────────────────────────────────────────────────────────────────[39m  
  [41;1m FAILED [49;22m [1mTests\Unit\VoterProgressServiceTest[22m [90m>[39m it does not advance beyond final step                [41;1m QueryException [49;22m  
[39;1m  SQLSTATE[23502]: Not null violation: 7 FEHLER:  NULL-Wert in Spalte »organisation_id« von Relation »voter_slugs« verletzt Not-Null-Constraint
DETAIL:  Fehlgeschlagene Zeile enthält (a1e8e807-5e09-48f8-abd8-485dac15537d, null, null, a1e8e807-5a32-49a1-880c-cd2a873ae98c, test-slug, 5, null, 2026-05-31 08:42:52, 2026-05-31 08:42:52, null, null, 2026-05-31 09:12:52, t, f, t, null, null, null, null, null, null, null, null, null, null, 30, active, null). (Connection: pgsql, SQL: insert into "voter_slugs" ("user_id", "slug", "expires_at", "is_active", "current_step", "id", "organisation_id", "status", "can_vote_now", "updated_at", "created_at") values (a1e8e807-5a32-49a1-880c-cd2a873ae98c, test-slug, 2026-05-31 09:12:52, 1, 5, a1e8e807-5e09-48f8-abd8-485dac15537d, ?, active, 1, 2026-05-31 08:42:52, 2026-05-31 08:42:52))[39;22m

  at [32mvendor\laravel\framework\src\Illuminate\Database\Connection.php[39m:[32m825[39m
    821▕                     $this->getName(), $query, $this->prepareBindings($bindings), $e
    822▕                 );
    823▕             }
    824▕ 
  ➜ 825▕             throw new QueryException(
    826▕                 $this->getName(), $query, $this->prepareBindings($bindings), $e
    827▕             );
    828▕         }
    829▕     }

  [33m1   [39m[39;1mvendor\laravel\framework\src\Illuminate\Database\Connection.php[39;22m:[39;1m825[39;22m

  [33m2   [39m[39;1mvendor\laravel\framework\src\Illuminate\Database\Connection.php[39;22m:[39;1m571[39;22m
  [90m    NunoMaduro\Collision\Exceptions\TestException::("SQLSTATE[23502]: Not null violation: 7 FEHLER:  NULL-Wert in Spalte »organisation_id« von Relation »voter_slugs« verletzt Not-Null-Constraint
DETAIL:  Fehlgeschlagene Zeile enthält (a1e8e807-5e09-48f8-abd8-485dac15537d, null, null, a1e8e807-5a32-49a1-880c-cd2a873ae98c, test-slug, 5, null, 2026-05-31 08:42:52, 2026-05-31 08:42:52, null, null, 2026-05-31 09:12:52, t, f, t, null, null, null, null, null, null, null, null, null, null, 30, active, null).")[39m

  [31m────────────────────────────────────────────────────────────────────────────────────────────────────────────────────[39m  
  [41;1m FAILED [49;22m [1mTests\Unit\VoterProgressServiceTest[22m [90m>[39m it updates step meta when advancing                  [41;1m QueryException [49;22m  
[39;1m  SQLSTATE[23502]: Not null violation: 7 FEHLER:  NULL-Wert in Spalte »organisation_id« von Relation »voter_slugs« verletzt Not-Null-Constraint
DETAIL:  Fehlgeschlagene Zeile enthält (a1e8e807-c11d-4ae7-8e17-024555eb2c14, null, null, a1e8e807-bc69-40a9-bd3d-431080e1988d, test-slug, 1, {"previous_data":"preserved"}, 2026-05-31 08:42:53, 2026-05-31 08:42:53, null, null, 2026-05-31 09:12:53, t, f, t, null, null, null, null, null, null, null, null, null, null, 30, active, null). (Connection: pgsql, SQL: insert into "voter_slugs" ("user_id", "slug", "expires_at", "is_active", "current_step", "step_meta", "id", "organisation_id", "status", "can_vote_now", "updated_at", "created_at") values (a1e8e807-bc69-40a9-bd3d-431080e1988d, test-slug, 2026-05-31 09:12:53, 1, 1, {"previous_data":"preserved"}, a1e8e807-c11d-4ae7-8e17-024555eb2c14, ?, active, 1, 2026-05-31 08:42:53, 2026-05-31 08:42:53))[39;22m

  at [32mvendor\laravel\framework\src\Illuminate\Database\Connection.php[39m:[32m825[39m
    821▕                     $this->getName(), $query, $this->prepareBindings($bindings), $e
    822▕                 );
    823▕             }
    824▕ 
  ➜ 825▕             throw new QueryException(
    826▕                 $this->getName(), $query, $this->prepareBindings($bindings), $e
    827▕             );
    828▕         }
    829▕     }

  [33m1   [39m[39;1mvendor\laravel\framework\src\Illuminate\Database\Connection.php[39;22m:[39;1m825[39;22m

  [33m2   [39m[39;1mvendor\laravel\framework\src\Illuminate\Database\Connection.php[39;22m:[39;1m571[39;22m
  [90m    NunoMaduro\Collision\Exceptions\TestException::("SQLSTATE[23502]: Not null violation: 7 FEHLER:  NULL-Wert in Spalte »organisation_id« von Relation »voter_slugs« verletzt Not-Null-Constraint
DETAIL:  Fehlgeschlagene Zeile enthält (a1e8e807-c11d-4ae7-8e17-024555eb2c14, null, null, a1e8e807-bc69-40a9-bd3d-431080e1988d, test-slug, 1, {"previous_data":"preserved"}, 2026-05-31 08:42:53, 2026-05-31 08:42:53, null, null, 2026-05-31 09:12:53, t, f, t, null, null, null, null, null, null, null, null, null, null, 30, active, null).")[39m

  [31m────────────────────────────────────────────────────────────────────────────────────────────────────────────────────[39m  
  [41;1m FAILED [49;22m [1mTests\Unit\VoterProgressServiceTest[22m [90m>[39m it can reset to beginning                            [41;1m QueryException [49;22m  
[39;1m  SQLSTATE[23502]: Not null violation: 7 FEHLER:  NULL-Wert in Spalte »organisation_id« von Relation »voter_slugs« verletzt Not-Null-Constraint
DETAIL:  Fehlgeschlagene Zeile enthält (a1e8e808-2c0f-4635-a208-93df2d282625, null, null, a1e8e808-2838-4aa1-a878-348f52f7ea8d, test-slug, 3, {"some_data":"value"}, 2026-05-31 08:42:53, 2026-05-31 08:42:53, null, null, 2026-05-31 09:12:53, t, f, t, null, null, null, null, null, null, null, null, null, null, 30, active, null). (Connection: pgsql, SQL: insert into "voter_slugs" ("user_id", "slug", "expires_at", "is_active", "current_step", "step_meta", "id", "organisation_id", "status", "can_vote_now", "updated_at", "created_at") values (a1e8e808-2838-4aa1-a878-348f52f7ea8d, test-slug, 2026-05-31 09:12:53, 1, 3, {"some_data":"value"}, a1e8e808-2c0f-4635-a208-93df2d282625, ?, active, 1, 2026-05-31 08:42:53, 2026-05-31 08:42:53))[39;22m

  at [32mvendor\laravel\framework\src\Illuminate\Database\Connection.php[39m:[32m825[39m
    821▕                     $this->getName(), $query, $this->prepareBindings($bindings), $e
    822▕                 );
    823▕             }
    824▕ 
  ➜ 825▕             throw new QueryException(
    826▕                 $this->getName(), $query, $this->prepareBindings($bindings), $e
    827▕             );
    828▕         }
    829▕     }

  [33m1   [39m[39;1mvendor\laravel\framework\src\Illuminate\Database\Connection.php[39;22m:[39;1m825[39;22m

  [33m2   [39m[39;1mvendor\laravel\framework\src\Illuminate\Database\Connection.php[39;22m:[39;1m571[39;22m
  [90m    NunoMaduro\Collision\Exceptions\TestException::("SQLSTATE[23502]: Not null violation: 7 FEHLER:  NULL-Wert in Spalte »organisation_id« von Relation »voter_slugs« verletzt Not-Null-Constraint
DETAIL:  Fehlgeschlagene Zeile enthält (a1e8e808-2c0f-4635-a208-93df2d282625, null, null, a1e8e808-2838-4aa1-a878-348f52f7ea8d, test-slug, 3, {"some_data":"value"}, 2026-05-31 08:42:53, 2026-05-31 08:42:53, null, null, 2026-05-31 09:12:53, t, f, t, null, null, null, null, null, null, null, null, null, null, 30, active, null).")[39m

  [31m────────────────────────────────────────────────────────────────────────────────────────────────────────────────────[39m  
  [41;1m FAILED [49;22m [1mTests\Unit\VoterProgressServiceTest[22m [90m>[39m it can get next route name                           [41;1m QueryException [49;22m  
[39;1m  SQLSTATE[23502]: Not null violation: 7 FEHLER:  NULL-Wert in Spalte »organisation_id« von Relation »voter_slugs« verletzt Not-Null-Constraint
DETAIL:  Fehlgeschlagene Zeile enthält (a1e8e808-96b1-42e6-9b69-2e5e7033ef3a, null, null, a1e8e808-927e-43ef-aa46-16850f5efca4, test-slug, 2, null, 2026-05-31 08:42:53, 2026-05-31 08:42:53, null, null, 2026-05-31 09:12:53, t, f, t, null, null, null, null, null, null, null, null, null, null, 30, active, null). (Connection: pgsql, SQL: insert into "voter_slugs" ("user_id", "slug", "expires_at", "is_active", "current_step", "id", "organisation_id", "status", "can_vote_now", "updated_at", "created_at") values (a1e8e808-927e-43ef-aa46-16850f5efca4, test-slug, 2026-05-31 09:12:53, 1, 2, a1e8e808-96b1-42e6-9b69-2e5e7033ef3a, ?, active, 1, 2026-05-31 08:42:53, 2026-05-31 08:42:53))[39;22m

  at [32mvendor\laravel\framework\src\Illuminate\Database\Connection.php[39m:[32m825[39m
    821▕                     $this->getName(), $query, $this->prepareBindings($bindings), $e
    822▕                 );
    823▕             }
    824▕ 
  ➜ 825▕             throw new QueryException(
    826▕                 $this->getName(), $query, $this->prepareBindings($bindings), $e
    827▕             );
    828▕         }
    829▕     }

  [33m1   [39m[39;1mvendor\laravel\framework\src\Illuminate\Database\Connection.php[39;22m:[39;1m825[39;22m

  [33m2   [39m[39;1mvendor\laravel\framework\src\Illuminate\Database\Connection.php[39;22m:[39;1m571[39;22m
  [90m    NunoMaduro\Collision\Exceptions\TestException::("SQLSTATE[23502]: Not null violation: 7 FEHLER:  NULL-Wert in Spalte »organisation_id« von Relation »voter_slugs« verletzt Not-Null-Constraint
DETAIL:  Fehlgeschlagene Zeile enthält (a1e8e808-96b1-42e6-9b69-2e5e7033ef3a, null, null, a1e8e808-927e-43ef-aa46-16850f5efca4, test-slug, 2, null, 2026-05-31 08:42:53, 2026-05-31 08:42:53, null, null, 2026-05-31 09:12:53, t, f, t, null, null, null, null, null, null, null, null, null, null, 30, active, null).")[39m

  [31m────────────────────────────────────────────────────────────────────────────────────────────────────────────────────[39m  
  [41;1m FAILED [49;22m [1mTests\Unit\VoterProgressServiceTest[22m [90m>[39m it returns null for final step next route            [41;1m QueryException [49;22m  
[39;1m  SQLSTATE[23502]: Not null violation: 7 FEHLER:  NULL-Wert in Spalte »organisation_id« von Relation »voter_slugs« verletzt Not-Null-Constraint
DETAIL:  Fehlgeschlagene Zeile enthält (a1e8e808-f3fb-4b5b-9864-7d09ec464314, null, null, a1e8e808-f09d-45c9-8b5f-e4fc7785317a, test-slug, 5, null, 2026-05-31 08:42:53, 2026-05-31 08:42:53, null, null, 2026-05-31 09:12:53, t, f, t, null, null, null, null, null, null, null, null, null, null, 30, active, null). (Connection: pgsql, SQL: insert into "voter_slugs" ("user_id", "slug", "expires_at", "is_active", "current_step", "id", "organisation_id", "status", "can_vote_now", "updated_at", "created_at") values (a1e8e808-f09d-45c9-8b5f-e4fc7785317a, test-slug, 2026-05-31 09:12:53, 1, 5, a1e8e808-f3fb-4b5b-9864-7d09ec464314, ?, active, 1, 2026-05-31 08:42:53, 2026-05-31 08:42:53))[39;22m

  at [32mvendor\laravel\framework\src\Illuminate\Database\Connection.php[39m:[32m825[39m
    821▕                     $this->getName(), $query, $this->prepareBindings($bindings), $e
    822▕                 );
    823▕             }
    824▕ 
  ➜ 825▕             throw new QueryException(
    826▕                 $this->getName(), $query, $this->prepareBindings($bindings), $e
    827▕             );
    828▕         }
    829▕     }

  [33m1   [39m[39;1mvendor\laravel\framework\src\Illuminate\Database\Connection.php[39;22m:[39;1m825[39;22m

  [33m2   [39m[39;1mvendor\laravel\framework\src\Illuminate\Database\Connection.php[39;22m:[39;1m571[39;22m
  [90m    NunoMaduro\Collision\Exceptions\TestException::("SQLSTATE[23502]: Not null violation: 7 FEHLER:  NULL-Wert in Spalte »organisation_id« von Relation »voter_slugs« verletzt Not-Null-Constraint
DETAIL:  Fehlgeschlagene Zeile enthält (a1e8e808-f3fb-4b5b-9864-7d09ec464314, null, null, a1e8e808-f09d-45c9-8b5f-e4fc7785317a, test-slug, 5, null, 2026-05-31 08:42:53, 2026-05-31 08:42:53, null, null, 2026-05-31 09:12:53, t, f, t, null, null, null, null, null, null, null, null, null, null, 30, active, null).")[39m

  [31m────────────────────────────────────────────────────────────────────────────────────────────────────────────────────[39m  
  [41;1m FAILED [49;22m [1mTests\Unit\VoterSlugServiceTest[22m [90m>[39m it generates slug for user                           [41;1m ArgumentCountError [49;22m  
[39;1m  Too few arguments to function App\Services\VoterSlugService::__construct(), 0 passed in C:\Users\nabra\OneDrive\Desktop\roshyara\xamp\nrna\nrna-eu\tests\Unit\VoterSlugServiceTest.php on line 20 and exactly 1 expected[39;22m

  at [32mapp\Services\VoterSlugService.php[39m:[32m19[39m
     15▕ class VoterSlugService
     16▕ {
     17▕     protected DemoElectionResolver $electionResolver;
     18▕ 
  ➜  19▕     public function __construct(DemoElectionResolver $electionResolver)
     20▕     {
     21▕         $this->electionResolver = $electionResolver;
     22▕     }
     23▕

  [33m1   [39m[39;1mapp\Services\VoterSlugService.php[39;22m:[39;1m19[39;22m
  [33m2   [39m[39;1mtests\Unit\VoterSlugServiceTest.php[39;22m:[39;1m20[39;22m

  [31m────────────────────────────────────────────────────────────────────────────────────────────────────────────────────[39m  
  [41;1m FAILED [49;22m [1mTests\Unit\VoterSlugServiceTest[22m [90m>[39m it generates unique slugs                            [41;1m ArgumentCountError [49;22m  
[39;1m  Too few arguments to function App\Services\VoterSlugService::__construct(), 0 passed in C:\Users\nabra\OneDrive\Desktop\roshyara\xamp\nrna\nrna-eu\tests\Unit\VoterSlugServiceTest.php on line 20 and exactly 1 expected[39;22m

  at [32mapp\Services\VoterSlugService.php[39m:[32m19[39m
     15▕ class VoterSlugService
     16▕ {
     17▕     protected DemoElectionResolver $electionResolver;
     18▕ 
  ➜  19▕     public function __construct(DemoElectionResolver $electionResolver)
     20▕     {
     21▕         $this->electionResolver = $electionResolver;
     22▕     }
     23▕

  [33m1   [39m[39;1mapp\Services\VoterSlugService.php[39;22m:[39;1m19[39;22m
  [33m2   [39m[39;1mtests\Unit\VoterSlugServiceTest.php[39;22m:[39;1m20[39;22m

  [31m────────────────────────────────────────────────────────────────────────────────────────────────────────────────────[39m  
  [41;1m FAILED [49;22m [1mTests\Unit\VoterSlugServiceTest[22m [90m>[39m it revokes previous active slugs when generating ne… [41;1m ArgumentCountError [49;22m  
[39;1m  Too few arguments to function App\Services\VoterSlugService::__construct(), 0 passed in C:\Users\nabra\OneDrive\Desktop\roshyara\xamp\nrna\nrna-eu\tests\Unit\VoterSlugServiceTest.php on line 20 and exactly 1 expected[39;22m

  at [32mapp\Services\VoterSlugService.php[39m:[32m19[39m
     15▕ class VoterSlugService
     16▕ {
     17▕     protected DemoElectionResolver $electionResolver;
     18▕ 
  ➜  19▕     public function __construct(DemoElectionResolver $electionResolver)
     20▕     {
     21▕         $this->electionResolver = $electionResolver;
     22▕     }
     23▕

  [33m1   [39m[39;1mapp\Services\VoterSlugService.php[39;22m:[39;1m19[39;22m
  [33m2   [39m[39;1mtests\Unit\VoterSlugServiceTest.php[39;22m:[39;1m20[39;22m

  [31m────────────────────────────────────────────────────────────────────────────────────────────────────────────────────[39m  
  [41;1m FAILED [49;22m [1mTests\Unit\VoterSlugServiceTest[22m [90m>[39m it gets active slug for user                         [41;1m ArgumentCountError [49;22m  
[39;1m  Too few arguments to function App\Services\VoterSlugService::__construct(), 0 passed in C:\Users\nabra\OneDrive\Desktop\roshyara\xamp\nrna\nrna-eu\tests\Unit\VoterSlugServiceTest.php on line 20 and exactly 1 expected[39;22m

  at [32mapp\Services\VoterSlugService.php[39m:[32m19[39m
     15▕ class VoterSlugService
     16▕ {
     17▕     protected DemoElectionResolver $electionResolver;
     18▕ 
  ➜  19▕     public function __construct(DemoElectionResolver $electionResolver)
     20▕     {
     21▕         $this->electionResolver = $electionResolver;
     22▕     }
     23▕

  [33m1   [39m[39;1mapp\Services\VoterSlugService.php[39;22m:[39;1m19[39;22m
  [33m2   [39m[39;1mtests\Unit\VoterSlugServiceTest.php[39;22m:[39;1m20[39;22m

  [31m────────────────────────────────────────────────────────────────────────────────────────────────────────────────────[39m  
  [41;1m FAILED [49;22m [1mTests\Unit\VoterSlugServiceTest[22m [90m>[39m it returns null when no active slug exists           [41;1m ArgumentCountError [49;22m  
[39;1m  Too few arguments to function App\Services\VoterSlugService::__construct(), 0 passed in C:\Users\nabra\OneDrive\Desktop\roshyara\xamp\nrna\nrna-eu\tests\Unit\VoterSlugServiceTest.php on line 20 and exactly 1 expected[39;22m

  at [32mapp\Services\VoterSlugService.php[39m:[32m19[39m
     15▕ class VoterSlugService
     16▕ {
     17▕     protected DemoElectionResolver $electionResolver;
     18▕ 
  ➜  19▕     public function __construct(DemoElectionResolver $electionResolver)
     20▕     {
     21▕         $this->electionResolver = $electionResolver;
     22▕     }
     23▕

  [33m1   [39m[39;1mapp\Services\VoterSlugService.php[39;22m:[39;1m19[39;22m
  [33m2   [39m[39;1mtests\Unit\VoterSlugServiceTest.php[39;22m:[39;1m20[39;22m

  [31m────────────────────────────────────────────────────────────────────────────────────────────────────────────────────[39m  
  [41;1m FAILED [49;22m [1mTests\Unit\VoterSlugServiceTest[22m [90m>[39m it returns null when only expired slugs exist        [41;1m ArgumentCountError [49;22m  
[39;1m  Too few arguments to function App\Services\VoterSlugService::__construct(), 0 passed in C:\Users\nabra\OneDrive\Desktop\roshyara\xamp\nrna\nrna-eu\tests\Unit\VoterSlugServiceTest.php on line 20 and exactly 1 expected[39;22m

  at [32mapp\Services\VoterSlugService.php[39m:[32m19[39m
     15▕ class VoterSlugService
     16▕ {
     17▕     protected DemoElectionResolver $electionResolver;
     18▕ 
  ➜  19▕     public function __construct(DemoElectionResolver $electionResolver)
     20▕     {
     21▕         $this->electionResolver = $electionResolver;
     22▕     }
     23▕

  [33m1   [39m[39;1mapp\Services\VoterSlugService.php[39;22m:[39;1m19[39;22m
  [33m2   [39m[39;1mtests\Unit\VoterSlugServiceTest.php[39;22m:[39;1m20[39;22m

  [31m────────────────────────────────────────────────────────────────────────────────────────────────────────────────────[39m  
  [41;1m FAILED [49;22m [1mTests\Unit\VoterSlugServiceTest[22m [90m>[39m it can revoke specific slug                          [41;1m ArgumentCountError [49;22m  
[39;1m  Too few arguments to function App\Services\VoterSlugService::__construct(), 0 passed in C:\Users\nabra\OneDrive\Desktop\roshyara\xamp\nrna\nrna-eu\tests\Unit\VoterSlugServiceTest.php on line 20 and exactly 1 expected[39;22m

  at [32mapp\Services\VoterSlugService.php[39m:[32m19[39m
     15▕ class VoterSlugService
     16▕ {
     17▕     protected DemoElectionResolver $electionResolver;
     18▕ 
  ➜  19▕     public function __construct(DemoElectionResolver $electionResolver)
     20▕     {
     21▕         $this->electionResolver = $electionResolver;
     22▕     }
     23▕

  [33m1   [39m[39;1mapp\Services\VoterSlugService.php[39;22m:[39;1m19[39;22m
  [33m2   [39m[39;1mtests\Unit\VoterSlugServiceTest.php[39;22m:[39;1m20[39;22m

  [31m────────────────────────────────────────────────────────────────────────────────────────────────────────────────────[39m  
  [41;1m FAILED [49;22m [1mTests\Unit\VoterSlugServiceTest[22m [90m>[39m it can revoke all slugs for user                     [41;1m ArgumentCountError [49;22m  
[39;1m  Too few arguments to function App\Services\VoterSlugService::__construct(), 0 passed in C:\Users\nabra\OneDrive\Desktop\roshyara\xamp\nrna\nrna-eu\tests\Unit\VoterSlugServiceTest.php on line 20 and exactly 1 expected[39;22m

  at [32mapp\Services\VoterSlugService.php[39m:[32m19[39m
     15▕ class VoterSlugService
     16▕ {
     17▕     protected DemoElectionResolver $electionResolver;
     18▕ 
  ➜  19▕     public function __construct(DemoElectionResolver $electionResolver)
     20▕     {
     21▕         $this->electionResolver = $electionResolver;
     22▕     }
     23▕

  [33m1   [39m[39;1mapp\Services\VoterSlugService.php[39;22m:[39;1m19[39;22m
  [33m2   [39m[39;1mtests\Unit\VoterSlugServiceTest.php[39;22m:[39;1m20[39;22m

  [31m────────────────────────────────────────────────────────────────────────────────────────────────────────────────────[39m  
  [41;1m FAILED [49;22m [1mTests\Unit\VoterSlugServiceTest[22m [90m>[39m it can extend slug expiry                            [41;1m ArgumentCountError [49;22m  
[39;1m  Too few arguments to function App\Services\VoterSlugService::__construct(), 0 passed in C:\Users\nabra\OneDrive\Desktop\roshyara\xamp\nrna\nrna-eu\tests\Unit\VoterSlugServiceTest.php on line 20 and exactly 1 expected[39;22m

  at [32mapp\Services\VoterSlugService.php[39m:[32m19[39m
     15▕ class VoterSlugService
     16▕ {
     17▕     protected DemoElectionResolver $electionResolver;
     18▕ 
  ➜  19▕     public function __construct(DemoElectionResolver $electionResolver)
     20▕     {
     21▕         $this->electionResolver = $electionResolver;
     22▕     }
     23▕

  [33m1   [39m[39;1mapp\Services\VoterSlugService.php[39;22m:[39;1m19[39;22m
  [33m2   [39m[39;1mtests\Unit\VoterSlugServiceTest.php[39;22m:[39;1m20[39;22m

  [31m────────────────────────────────────────────────────────────────────────────────────────────────────────────────────[39m  
  [41;1m FAILED [49;22m [1mTests\Unit\VoterSlugServiceTest[22m [90m>[39m it cannot extend inactive slug expiry                [41;1m ArgumentCountError [49;22m  
[39;1m  Too few arguments to function App\Services\VoterSlugService::__construct(), 0 passed in C:\Users\nabra\OneDrive\Desktop\roshyara\xamp\nrna\nrna-eu\tests\Unit\VoterSlugServiceTest.php on line 20 and exactly 1 expected[39;22m

  at [32mapp\Services\VoterSlugService.php[39m:[32m19[39m
     15▕ class VoterSlugService
     16▕ {
     17▕     protected DemoElectionResolver $electionResolver;
     18▕ 
  ➜  19▕     public function __construct(DemoElectionResolver $electionResolver)
     20▕     {
     21▕         $this->electionResolver = $electionResolver;
     22▕     }
     23▕

  [33m1   [39m[39;1mapp\Services\VoterSlugService.php[39;22m:[39;1m19[39;22m
  [33m2   [39m[39;1mtests\Unit\VoterSlugServiceTest.php[39;22m:[39;1m20[39;22m

  [31m────────────────────────────────────────────────────────────────────────────────────────────────────────────────────[39m  
  [41;1m FAILED [49;22m [1mTests\Unit\VoterSlugServiceTest[22m [90m>[39m it can cleanup expired slugs                         [41;1m ArgumentCountError [49;22m  
[39;1m  Too few arguments to function App\Services\VoterSlugService::__construct(), 0 passed in C:\Users\nabra\OneDrive\Desktop\roshyara\xamp\nrna\nrna-eu\tests\Unit\VoterSlugServiceTest.php on line 20 and exactly 1 expected[39;22m

  at [32mapp\Services\VoterSlugService.php[39m:[32m19[39m
     15▕ class VoterSlugService
     16▕ {
     17▕     protected DemoElectionResolver $electionResolver;
     18▕ 
  ➜  19▕     public function __construct(DemoElectionResolver $electionResolver)
     20▕     {
     21▕         $this->electionResolver = $electionResolver;
     22▕     }
     23▕

  [33m1   [39m[39;1mapp\Services\VoterSlugService.php[39;22m:[39;1m19[39;22m
  [33m2   [39m[39;1mtests\Unit\VoterSlugServiceTest.php[39;22m:[39;1m20[39;22m

  [31m────────────────────────────────────────────────────────────────────────────────────────────────────────────────────[39m  
  [41;1m FAILED [49;22m [1mTests\Unit\VoterSlugServiceTest[22m [90m>[39m it builds voting link                                [41;1m ArgumentCountError [49;22m  
[39;1m  Too few arguments to function App\Services\VoterSlugService::__construct(), 0 passed in C:\Users\nabra\OneDrive\Desktop\roshyara\xamp\nrna\nrna-eu\tests\Unit\VoterSlugServiceTest.php on line 20 and exactly 1 expected[39;22m

  at [32mapp\Services\VoterSlugService.php[39m:[32m19[39m
     15▕ class VoterSlugService
     16▕ {
     17▕     protected DemoElectionResolver $electionResolver;
     18▕ 
  ➜  19▕     public function __construct(DemoElectionResolver $electionResolver)
     20▕     {
     21▕         $this->electionResolver = $electionResolver;
     22▕     }
     23▕

  [33m1   [39m[39;1mapp\Services\VoterSlugService.php[39;22m:[39;1m19[39;22m
  [33m2   [39m[39;1mtests\Unit\VoterSlugServiceTest.php[39;22m:[39;1m20[39;22m

  [31m────────────────────────────────────────────────────────────────────────────────────────────────────────────────────[39m  
  [41;1m FAILED [49;22m [1mTests\Feature\Accessibility\VoterControllerAccessibilityTest[22m [90m>[39m it has proper sema… [41;1m BadMethodCallException [49;22m  
[39;1m  Call to undefined method Illuminate\Database\Eloquent\Relations\HasMany::attach()[39;22m

  at [32mvendor\laravel\framework\src\Illuminate\Support\Traits\ForwardsCalls.php[39m:[32m67[39m
     63▕      * @throws \BadMethodCallException
     64▕      */
     65▕     protected static function throwBadMethodCallException($method)
     66▕     {
  ➜  67▕         throw new BadMethodCallException(sprintf(
     68▕             'Call to undefined method %s::%s()', static::class, $method
     69▕         ));
     70▕     }
     71▕ }

  [33m1   [39m[39;1mvendor\laravel\framework\src\Illuminate\Support\Traits\ForwardsCalls.php[39;22m:[39;1m67[39;22m
  [33m2   [39m[39;1mvendor\laravel\framework\src\Illuminate\Support\Traits\ForwardsCalls.php[39;22m:[39;1m36[39;22m

  [31m────────────────────────────────────────────────────────────────────────────────────────────────────────────────────[39m  
  [41;1m FAILED [49;22m [1mTests\Feature\Accessibility\VoterControllerAccessibilityTest[22m [90m>[39m it has proper head… [41;1m BadMethodCallException [49;22m  
[39;1m  Call to undefined method Illuminate\Database\Eloquent\Relations\HasMany::attach()[39;22m

  at [32mvendor\laravel\framework\src\Illuminate\Support\Traits\ForwardsCalls.php[39m:[32m67[39m
     63▕      * @throws \BadMethodCallException
     64▕      */
     65▕     protected static function throwBadMethodCallException($method)
     66▕     {
  ➜  67▕         throw new BadMethodCallException(sprintf(
     68▕             'Call to undefined method %s::%s()', static::class, $method
     69▕         ));
     70▕     }
     71▕ }

  [33m1   [39m[39;1mvendor\laravel\framework\src\Illuminate\Support\Traits\ForwardsCalls.php[39;22m:[39;1m67[39;22m
  [33m2   [39m[39;1mvendor\laravel\framework\src\Illuminate\Support\Traits\ForwardsCalls.php[39;22m:[39;1m36[39;22m

  [31m────────────────────────────────────────────────────────────────────────────────────────────────────────────────────[39m  
  [41;1m FAILED [49;22m [1mTests\Feature\Accessibility\VoterControllerAccessibilityTest[22m [90m>[39m it provides aria l… [41;1m BadMethodCallException [49;22m  
[39;1m  Call to undefined method Illuminate\Database\Eloquent\Relations\HasMany::attach()[39;22m

  at [32mvendor\laravel\framework\src\Illuminate\Support\Traits\ForwardsCalls.php[39m:[32m67[39m
     63▕      * @throws \BadMethodCallException
     64▕      */
     65▕     protected static function throwBadMethodCallException($method)
     66▕     {
  ➜  67▕         throw new BadMethodCallException(sprintf(
     68▕             'Call to undefined method %s::%s()', static::class, $method
     69▕         ));
     70▕     }
     71▕ }

  [33m1   [39m[39;1mvendor\laravel\framework\src\Illuminate\Support\Traits\ForwardsCalls.php[39;22m:[39;1m67[39;22m
  [33m2   [39m[39;1mvendor\laravel\framework\src\Illuminate\Support\Traits\ForwardsCalls.php[39;22m:[39;1m36[39;22m

  [31m────────────────────────────────────────────────────────────────────────────────────────────────────────────────────[39m  
  [41;1m FAILED [49;22m [1mTests\Feature\Accessibility\VoterControllerAccessibilityTest[22m [90m>[39m it associates labe… [41;1m BadMethodCallException [49;22m  
[39;1m  Call to undefined method Illuminate\Database\Eloquent\Relations\HasMany::attach()[39;22m

  at [32mvendor\laravel\framework\src\Illuminate\Support\Traits\ForwardsCalls.php[39m:[32m67[39m
     63▕      * @throws \BadMethodCallException
     64▕      */
     65▕     protected static function throwBadMethodCallException($method)
     66▕     {
  ➜  67▕         throw new BadMethodCallException(sprintf(
     68▕             'Call to undefined method %s::%s()', static::class, $method
     69▕         ));
     70▕     }
     71▕ }

  [33m1   [39m[39;1mvendor\laravel\framework\src\Illuminate\Support\Traits\ForwardsCalls.php[39;22m:[39;1m67[39;22m
  [33m2   [39m[39;1mvendor\laravel\framework\src\Illuminate\Support\Traits\ForwardsCalls.php[39;22m:[39;1m36[39;22m

  [31m────────────────────────────────────────────────────────────────────────────────────────────────────────────────────[39m  
  [41;1m FAILED [49;22m [1mTests\Feature\Accessibility\VoterControllerAccessibilityTest[22m [90m>[39m it provides alt te… [41;1m BadMethodCallException [49;22m  
[39;1m  Call to undefined method Illuminate\Database\Eloquent\Relations\HasMany::attach()[39;22m

  at [32mvendor\laravel\framework\src\Illuminate\Support\Traits\ForwardsCalls.php[39m:[32m67[39m
     63▕      * @throws \BadMethodCallException
     64▕      */
     65▕     protected static function throwBadMethodCallException($method)
     66▕     {
  ➜  67▕         throw new BadMethodCallException(sprintf(
     68▕             'Call to undefined method %s::%s()', static::class, $method
     69▕         ));
     70▕     }
     71▕ }

  [33m1   [39m[39;1mvendor\laravel\framework\src\Illuminate\Support\Traits\ForwardsCalls.php[39;22m:[39;1m67[39;22m
  [33m2   [39m[39;1mvendor\laravel\framework\src\Illuminate\Support\Traits\ForwardsCalls.php[39;22m:[39;1m36[39;22m

  [31m────────────────────────────────────────────────────────────────────────────────────────────────────────────────────[39m  
  [41;1m FAILED [49;22m [1mTests\Feature\Accessibility\VoterControllerAccessibilityTest[22m [90m>[39m it provides screen… [41;1m BadMethodCallException [49;22m  
[39;1m  Call to undefined method Illuminate\Database\Eloquent\Relations\HasMany::attach()[39;22m

  at [32mvendor\laravel\framework\src\Illuminate\Support\Traits\ForwardsCalls.php[39m:[32m67[39m
     63▕      * @throws \BadMethodCallException
     64▕      */
     65▕     protected static function throwBadMethodCallException($method)
     66▕     {
  ➜  67▕         throw new BadMethodCallException(sprintf(
     68▕             'Call to undefined method %s::%s()', static::class, $method
     69▕         ));
     70▕     }
     71▕ }

  [33m1   [39m[39;1mvendor\laravel\framework\src\Illuminate\Support\Traits\ForwardsCalls.php[39;22m:[39;1m67[39;22m
  [33m2   [39m[39;1mvendor\laravel\framework\src\Illuminate\Support\Traits\ForwardsCalls.php[39;22m:[39;1m36[39;22m

  [31m────────────────────────────────────────────────────────────────────────────────────────────────────────────────────[39m  
  [41;1m FAILED [49;22m [1mTests\Feature\Accessibility\VoterControllerAccessibilityTest[22m [90m>[39m it supports keyboa… [41;1m BadMethodCallException [49;22m  
[39;1m  Call to undefined method Illuminate\Database\Eloquent\Relations\HasMany::attach()[39;22m

  at [32mvendor\laravel\framework\src\Illuminate\Support\Traits\ForwardsCalls.php[39m:[32m67[39m
     63▕      * @throws \BadMethodCallException
     64▕      */
     65▕     protected static function throwBadMethodCallException($method)
     66▕     {
  ➜  67▕         throw new BadMethodCallException(sprintf(
     68▕             'Call to undefined method %s::%s()', static::class, $method
     69▕         ));
     70▕     }
     71▕ }

  [33m1   [39m[39;1mvendor\laravel\framework\src\Illuminate\Support\Traits\ForwardsCalls.php[39;22m:[39;1m67[39;22m
  [33m2   [39m[39;1mvendor\laravel\framework\src\Illuminate\Support\Traits\ForwardsCalls.php[39;22m:[39;1m36[39;22m

  [31m────────────────────────────────────────────────────────────────────────────────────────────────────────────────────[39m  
  [41;1m FAILED [49;22m [1mTests\Feature\Accessibility\VoterControllerAccessibilityTest[22m [90m>[39m it has visible foc… [41;1m BadMethodCallException [49;22m  
[39;1m  Call to undefined method Illuminate\Database\Eloquent\Relations\HasMany::attach()[39;22m

  at [32mvendor\laravel\framework\src\Illuminate\Support\Traits\ForwardsCalls.php[39m:[32m67[39m
     63▕      * @throws \BadMethodCallException
     64▕      */
     65▕     protected static function throwBadMethodCallException($method)
     66▕     {
  ➜  67▕         throw new BadMethodCallException(sprintf(
     68▕             'Call to undefined method %s::%s()', static::class, $method
     69▕         ));
     70▕     }
     71▕ }

  [33m1   [39m[39;1mvendor\laravel\framework\src\Illuminate\Support\Traits\ForwardsCalls.php[39;22m:[39;1m67[39;22m
  [33m2   [39m[39;1mvendor\laravel\framework\src\Illuminate\Support\Traits\ForwardsCalls.php[39;22m:[39;1m36[39;22m

  [31m────────────────────────────────────────────────────────────────────────────────────────────────────────────────────[39m  
  [41;1m FAILED [49;22m [1mTests\Feature\Accessibility\VoterControllerAccessibilityTest[22m [90m>[39m it provides skip l… [41;1m BadMethodCallException [49;22m  
[39;1m  Call to undefined method Illuminate\Database\Eloquent\Relations\HasMany::attach()[39;22m

  at [32mvendor\laravel\framework\src\Illuminate\Support\Traits\ForwardsCalls.php[39m:[32m67[39m
     63▕      * @throws \BadMethodCallException
     64▕      */
     65▕     protected static function throwBadMethodCallException($method)
     66▕     {
  ➜  67▕         throw new BadMethodCallException(sprintf(
     68▕             'Call to undefined method %s::%s()', static::class, $method
     69▕         ));
     70▕     }
     71▕ }

  [33m1   [39m[39;1mvendor\laravel\framework\src\Illuminate\Support\Traits\ForwardsCalls.php[39;22m:[39;1m67[39;22m
  [33m2   [39m[39;1mvendor\laravel\framework\src\Illuminate\Support\Traits\ForwardsCalls.php[39;22m:[39;1m36[39;22m

  [31m────────────────────────────────────────────────────────────────────────────────────────────────────────────────────[39m  
  [41;1m FAILED [49;22m [1mTests\Feature\Accessibility\VoterControllerAccessibilityTest[22m [90m>[39m it has adequate to… [41;1m BadMethodCallException [49;22m  
[39;1m  Call to undefined method Illuminate\Database\Eloquent\Relations\HasMany::attach()[39;22m

  at [32mvendor\laravel\framework\src\Illuminate\Support\Traits\ForwardsCalls.php[39m:[32m67[39m
     63▕      * @throws \BadMethodCallException
     64▕      */
     65▕     protected static function throwBadMethodCallException($method)
     66▕     {
  ➜  67▕         throw new BadMethodCallException(sprintf(
     68▕             'Call to undefined method %s::%s()', static::class, $method
     69▕         ));
     70▕     }
     71▕ }

  [33m1   [39m[39;1mvendor\laravel\framework\src\Illuminate\Support\Traits\ForwardsCalls.php[39;22m:[39;1m67[39;22m
  [33m2   [39m[39;1mvendor\laravel\framework\src\Illuminate\Support\Traits\ForwardsCalls.php[39;22m:[39;1m36[39;22m

  [31m────────────────────────────────────────────────────────────────────────────────────────────────────────────────────[39m  
  [41;1m FAILED [49;22m [1mTests\Feature\Accessibility\VoterControllerAccessibilityTest[22m [90m>[39m it has sufficient…  [41;1m BadMethodCallException [49;22m  
[39;1m  Call to undefined method Illuminate\Database\Eloquent\Relations\HasMany::attach()[39;22m

  at [32mvendor\laravel\framework\src\Illuminate\Support\Traits\ForwardsCalls.php[39m:[32m67[39m
     63▕      * @throws \BadMethodCallException
     64▕      */
     65▕     protected static function throwBadMethodCallException($method)
     66▕     {
  ➜  67▕         throw new BadMethodCallException(sprintf(
     68▕             'Call to undefined method %s::%s()', static::class, $method
     69▕         ));
     70▕     }
     71▕ }

  [33m1   [39m[39;1mvendor\laravel\framework\src\Illuminate\Support\Traits\ForwardsCalls.php[39;22m:[39;1m67[39;22m
  [33m2   [39m[39;1mvendor\laravel\framework\src\Illuminate\Support\Traits\ForwardsCalls.php[39;22m:[39;1m36[39;22m

  [31m────────────────────────────────────────────────────────────────────────────────────────────────────────────────────[39m  
  [41;1m FAILED [49;22m [1mTests\Feature\Accessibility\VoterControllerAccessibilityTest[22m [90m>[39m it supports dark m… [41;1m BadMethodCallException [49;22m  
[39;1m  Call to undefined method Illuminate\Database\Eloquent\Relations\HasMany::attach()[39;22m

  at [32mvendor\laravel\framework\src\Illuminate\Support\Traits\ForwardsCalls.php[39m:[32m67[39m
     63▕      * @throws \BadMethodCallException
     64▕      */
     65▕     protected static function throwBadMethodCallException($method)
     66▕     {
  ➜  67▕         throw new BadMethodCallException(sprintf(
     68▕             'Call to undefined method %s::%s()', static::class, $method
     69▕         ));
     70▕     }
     71▕ }

  [33m1   [39m[39;1mvendor\laravel\framework\src\Illuminate\Support\Traits\ForwardsCalls.php[39;22m:[39;1m67[39;22m
  [33m2   [39m[39;1mvendor\laravel\framework\src\Illuminate\Support\Traits\ForwardsCalls.php[39;22m:[39;1m36[39;22m

  [31m────────────────────────────────────────────────────────────────────────────────────────────────────────────────────[39m  
  [41;1m FAILED [49;22m [1mTests\Feature\Accessibility\VoterControllerAccessibilityTest[22m [90m>[39m it is responsive f… [41;1m BadMethodCallException [49;22m  
[39;1m  Call to undefined method Illuminate\Database\Eloquent\Relations\HasMany::attach()[39;22m

  at [32mvendor\laravel\framework\src\Illuminate\Support\Traits\ForwardsCalls.php[39m:[32m67[39m
     63▕      * @throws \BadMethodCallException
     64▕      */
     65▕     protected static function throwBadMethodCallException($method)
     66▕     {
  ➜  67▕         throw new BadMethodCallException(sprintf(
     68▕             'Call to undefined method %s::%s()', static::class, $method
     69▕         ));
     70▕     }
     71▕ }

  [33m1   [39m[39;1mvendor\laravel\framework\src\Illuminate\Support\Traits\ForwardsCalls.php[39;22m:[39;1m67[39;22m
  [33m2   [39m[39;1mvendor\laravel\framework\src\Illuminate\Support\Traits\ForwardsCalls.php[39;22m:[39;1m36[39;22m

  [31m────────────────────────────────────────────────────────────────────────────────────────────────────────────────────[39m  
  [41;1m FAILED [49;22m [1mTests\Feature\Accessibility\VoterControllerAccessibilityTest[22m [90m>[39m it respects prefer… [41;1m BadMethodCallException [49;22m  
[39;1m  Call to undefined method Illuminate\Database\Eloquent\Relations\HasMany::attach()[39;22m

  at [32mvendor\laravel\framework\src\Illuminate\Support\Traits\ForwardsCalls.php[39m:[32m67[39m
     63▕      * @throws \BadMethodCallException
     64▕      */
     65▕     protected static function throwBadMethodCallException($method)
     66▕     {
  ➜  67▕         throw new BadMethodCallException(sprintf(
     68▕             'Call to undefined method %s::%s()', static::class, $method
     69▕         ));
     70▕     }
     71▕ }

  [33m1   [39m[39;1mvendor\laravel\framework\src\Illuminate\Support\Traits\ForwardsCalls.php[39;22m:[39;1m67[39;22m
  [33m2   [39m[39;1mvendor\laravel\framework\src\Illuminate\Support\Traits\ForwardsCalls.php[39;22m:[39;1m36[39;22m

  [31m────────────────────────────────────────────────────────────────────────────────────────────────────────────────────[39m  
  [41;1m FAILED [49;22m [1mTests\Feature\Accessibility\VoterControllerAccessibilityTest[22m [90m>[39m it supports high c… [41;1m BadMethodCallException [49;22m  
[39;1m  Call to undefined method Illuminate\Database\Eloquent\Relations\HasMany::attach()[39;22m

  at [32mvendor\laravel\framework\src\Illuminate\Support\Traits\ForwardsCalls.php[39m:[32m67[39m
     63▕      * @throws \BadMethodCallException
     64▕      */
     65▕     protected static function throwBadMethodCallException($method)
     66▕     {
  ➜  67▕         throw new BadMethodCallException(sprintf(
     68▕             'Call to undefined method %s::%s()', static::class, $method
     69▕         ));
     70▕     }
     71▕ }

  [33m1   [39m[39;1mvendor\laravel\framework\src\Illuminate\Support\Traits\ForwardsCalls.php[39;22m:[39;1m67[39;22m
  [33m2   [39m[39;1mvendor\laravel\framework\src\Illuminate\Support\Traits\ForwardsCalls.php[39;22m:[39;1m36[39;22m

  [31m────────────────────────────────────────────────────────────────────────────────────────────────────────────────────[39m  
  [41;1m FAILED [49;22m [1mTests\Feature\Accessibility\VoterControllerAccessibilityTest[22m [90m>[39m it has accessible…  [41;1m BadMethodCallException [49;22m  
[39;1m  Call to undefined method Illuminate\Database\Eloquent\Relations\HasMany::attach()[39;22m

  at [32mvendor\laravel\framework\src\Illuminate\Support\Traits\ForwardsCalls.php[39m:[32m67[39m
     63▕      * @throws \BadMethodCallException
     64▕      */
     65▕     protected static function throwBadMethodCallException($method)
     66▕     {
  ➜  67▕         throw new BadMethodCallException(sprintf(
     68▕             'Call to undefined method %s::%s()', static::class, $method
     69▕         ));
     70▕     }
     71▕ }

  [33m1   [39m[39;1mvendor\laravel\framework\src\Illuminate\Support\Traits\ForwardsCalls.php[39;22m:[39;1m67[39;22m
  [33m2   [39m[39;1mvendor\laravel\framework\src\Illuminate\Support\Traits\ForwardsCalls.php[39;22m:[39;1m36[39;22m

  [31m────────────────────────────────────────────────────────────────────────────────────────────────────────────────────[39m  
  [41;1m FAILED [49;22m [1mTests\Feature\Accessibility\VoterControllerAccessibilityTest[22m [90m>[39m it has accessible…  [41;1m BadMethodCallException [49;22m  
[39;1m  Call to undefined method Illuminate\Database\Eloquent\Relations\HasMany::attach()[39;22m

  at [32mvendor\laravel\framework\src\Illuminate\Support\Traits\ForwardsCalls.php[39m:[32m67[39m
     63▕      * @throws \BadMethodCallException
     64▕      */
     65▕     protected static function throwBadMethodCallException($method)
     66▕     {
  ➜  67▕         throw new BadMethodCallException(sprintf(
     68▕             'Call to undefined method %s::%s()', static::class, $method
     69▕         ));
     70▕     }
     71▕ }

  [33m1   [39m[39;1mvendor\laravel\framework\src\Illuminate\Support\Traits\ForwardsCalls.php[39;22m:[39;1m67[39;22m
  [33m2   [39m[39;1mvendor\laravel\framework\src\Illuminate\Support\Traits\ForwardsCalls.php[39;22m:[39;1m36[39;22m

  [31m────────────────────────────────────────────────────────────────────────────────────────────────────────────────────[39m  
  [41;1m FAILED [49;22m [1mTests\Feature\Accessibility\VoterControllerAccessibilityTest[22m [90m>[39m it makes error mes… [41;1m BadMethodCallException [49;22m  
[39;1m  Call to undefined method Illuminate\Database\Eloquent\Relations\HasMany::attach()[39;22m

  at [32mvendor\laravel\framework\src\Illuminate\Support\Traits\ForwardsCalls.php[39m:[32m67[39m
     63▕      * @throws \BadMethodCallException
     64▕      */
     65▕     protected static function throwBadMethodCallException($method)
     66▕     {
  ➜  67▕         throw new BadMethodCallException(sprintf(
     68▕             'Call to undefined method %s::%s()', static::class, $method
     69▕         ));
     70▕     }
     71▕ }

  [33m1   [39m[39;1mvendor\laravel\framework\src\Illuminate\Support\Traits\ForwardsCalls.php[39;22m:[39;1m67[39;22m
  [33m2   [39m[39;1mvendor\laravel\framework\src\Illuminate\Support\Traits\ForwardsCalls.php[39;22m:[39;1m36[39;22m

  [31m────────────────────────────────────────────────────────────────────────────────────────────────────────────────────[39m  
  [41;1m FAILED [49;22m [1mTests\Feature\Accessibility\VoterControllerAccessibilityTest[22m [90m>[39m it has accessible…  [41;1m BadMethodCallException [49;22m  
[39;1m  Call to undefined method Illuminate\Database\Eloquent\Relations\HasMany::attach()[39;22m

  at [32mvendor\laravel\framework\src\Illuminate\Support\Traits\ForwardsCalls.php[39m:[32m67[39m
     63▕      * @throws \BadMethodCallException
     64▕      */
     65▕     protected static function throwBadMethodCallException($method)
     66▕     {
  ➜  67▕         throw new BadMethodCallException(sprintf(
     68▕             'Call to undefined method %s::%s()', static::class, $method
     69▕         ));
     70▕     }
     71▕ }

  [33m1   [39m[39;1mvendor\laravel\framework\src\Illuminate\Support\Traits\ForwardsCalls.php[39;22m:[39;1m67[39;22m
  [33m2   [39m[39;1mvendor\laravel\framework\src\Illuminate\Support\Traits\ForwardsCalls.php[39;22m:[39;1m36[39;22m

  [31m────────────────────────────────────────────────────────────────────────────────────────────────────────────────────[39m  
  [41;1m FAILED [49;22m [1mTests\Feature\Accessibility\VoterControllerAccessibilityTest[22m [90m>[39m it makes status ba… [41;1m BadMethodCallException [49;22m  
[39;1m  Call to undefined method Illuminate\Database\Eloquent\Relations\HasMany::attach()[39;22m

  at [32mvendor\laravel\framework\src\Illuminate\Support\Traits\ForwardsCalls.php[39m:[32m67[39m
     63▕      * @throws \BadMethodCallException
     64▕      */
     65▕     protected static function throwBadMethodCallException($method)
     66▕     {
  ➜  67▕         throw new BadMethodCallException(sprintf(
     68▕             'Call to undefined method %s::%s()', static::class, $method
     69▕         ));
     70▕     }
     71▕ }

  [33m1   [39m[39;1mvendor\laravel\framework\src\Illuminate\Support\Traits\ForwardsCalls.php[39;22m:[39;1m67[39;22m
  [33m2   [39m[39;1mvendor\laravel\framework\src\Illuminate\Support\Traits\ForwardsCalls.php[39;22m:[39;1m36[39;22m

  [31m────────────────────────────────────────────────────────────────────────────────────────────────────────────────────[39m  
  [41;1m FAILED [49;22m [1mTests\Feature\Accessibility\VoterControllerAccessibilityTest[22m [90m>[39m it has accessible…  [41;1m BadMethodCallException [49;22m  
[39;1m  Call to undefined method Illuminate\Database\Eloquent\Relations\HasMany::attach()[39;22m

  at [32mvendor\laravel\framework\src\Illuminate\Support\Traits\ForwardsCalls.php[39m:[32m67[39m
     63▕      * @throws \BadMethodCallException
     64▕      */
     65▕     protected static function throwBadMethodCallException($method)
     66▕     {
  ➜  67▕         throw new BadMethodCallException(sprintf(
     68▕             'Call to undefined method %s::%s()', static::class, $method
     69▕         ));
     70▕     }
     71▕ }

  [33m1   [39m[39;1mvendor\laravel\framework\src\Illuminate\Support\Traits\ForwardsCalls.php[39;22m:[39;1m67[39;22m
  [33m2   [39m[39;1mvendor\laravel\framework\src\Illuminate\Support\Traits\ForwardsCalls.php[39;22m:[39;1m36[39;22m

  [31m────────────────────────────────────────────────────────────────────────────────────────────────────────────────────[39m  
  [41;1m FAILED [49;22m [1mTests\Feature\Accessibility\VoterControllerAccessibilityTest[22m [90m>[39m it includes langua… [41;1m BadMethodCallException [49;22m  
[39;1m  Call to undefined method Illuminate\Database\Eloquent\Relations\HasMany::attach()[39;22m

  at [32mvendor\laravel\framework\src\Illuminate\Support\Traits\ForwardsCalls.php[39m:[32m67[39m
     63▕      * @throws \BadMethodCallException
     64▕      */
     65▕     protected static function throwBadMethodCallException($method)
     66▕     {
  ➜  67▕         throw new BadMethodCallException(sprintf(
     68▕             'Call to undefined method %s::%s()', static::class, $method
     69▕         ));
     70▕     }
     71▕ }

  [33m1   [39m[39;1mvendor\laravel\framework\src\Illuminate\Support\Traits\ForwardsCalls.php[39;22m:[39;1m67[39;22m
  [33m2   [39m[39;1mvendor\laravel\framework\src\Illuminate\Support\Traits\ForwardsCalls.php[39;22m:[39;1m36[39;22m

  [31m────────────────────────────────────────────────────────────────────────────────────────────────────────────────────[39m  
  [41;1m FAILED [49;22m [1mTests\Feature\Accessibility\VoterControllerAccessibilityTest[22m [90m>[39m it allows text res… [41;1m BadMethodCallException [49;22m  
[39;1m  Call to undefined method Illuminate\Database\Eloquent\Relations\HasMany::attach()[39;22m

  at [32mvendor\laravel\framework\src\Illuminate\Support\Traits\ForwardsCalls.php[39m:[32m67[39m
     63▕      * @throws \BadMethodCallException
     64▕      */
     65▕     protected static function throwBadMethodCallException($method)
     66▕     {
  ➜  67▕         throw new BadMethodCallException(sprintf(
     68▕             'Call to undefined method %s::%s()', static::class, $method
     69▕         ));
     70▕     }
     71▕ }

  [33m1   [39m[39;1mvendor\laravel\framework\src\Illuminate\Support\Traits\ForwardsCalls.php[39;22m:[39;1m67[39;22m
  [33m2   [39m[39;1mvendor\laravel\framework\src\Illuminate\Support\Traits\ForwardsCalls.php[39;22m:[39;1m36[39;22m

  [31m────────────────────────────────────────────────────────────────────────────────────────────────────────────────────[39m  
  [41;1m FAILED [49;22m [1mTests\Feature\Accessibility\VoterControllerAccessibilityTest[22m [90m>[39m it does not use au… [41;1m BadMethodCallException [49;22m  
[39;1m  Call to undefined method Illuminate\Database\Eloquent\Relations\HasMany::attach()[39;22m

  at [32mvendor\laravel\framework\src\Illuminate\Support\Traits\ForwardsCalls.php[39m:[32m67[39m
     63▕      * @throws \BadMethodCallException
     64▕      */
     65▕     protected static function throwBadMethodCallException($method)
     66▕     {
  ➜  67▕         throw new BadMethodCallException(sprintf(
     68▕             'Call to undefined method %s::%s()', static::class, $method
     69▕         ));
     70▕     }
     71▕ }

  [33m1   [39m[39;1mvendor\laravel\framework\src\Illuminate\Support\Traits\ForwardsCalls.php[39;22m:[39;1m67[39;22m
  [33m2   [39m[39;1mvendor\laravel\framework\src\Illuminate\Support\Traits\ForwardsCalls.php[39;22m:[39;1m36[39;22m

  [31m────────────────────────────────────────────────────────────────────────────────────────────────────────────────────[39m  
  [41;1m FAILED [49;22m [1mTests\Feature\Accessibility\VoterControllerAccessibilityTest[22m [90m>[39m it manages focus i… [41;1m BadMethodCallException [49;22m  
[39;1m  Call to undefined method Illuminate\Database\Eloquent\Relations\HasMany::attach()[39;22m

  at [32mvendor\laravel\framework\src\Illuminate\Support\Traits\ForwardsCalls.php[39m:[32m67[39m
     63▕      * @throws \BadMethodCallException
     64▕      */
     65▕     protected static function throwBadMethodCallException($method)
     66▕     {
  ➜  67▕         throw new BadMethodCallException(sprintf(
     68▕             'Call to undefined method %s::%s()', static::class, $method
     69▕         ));
     70▕     }
     71▕ }

  [33m1   [39m[39;1mvendor\laravel\framework\src\Illuminate\Support\Traits\ForwardsCalls.php[39;22m:[39;1m67[39;22m
  [33m2   [39m[39;1mvendor\laravel\framework\src\Illuminate\Support\Traits\ForwardsCalls.php[39;22m:[39;1m36[39;22m

  [31m────────────────────────────────────────────────────────────────────────────────────────────────────────────────────[39m  
  [41;1m FAILED [49;22m [1mTests\Feature\AdminRecoverySlugTest[22m [90m>[39m committee member can generate recovery slug for vot… [41;1m QueryException [49;22m  
[39;1m  SQLSTATE[42703]: Undefined column: 7 FEHLER:  Spalte »is_voter« von Relation »users« existiert nicht
LINE 1: ...egion", "organisation_id", "is_committee_member", "is_voter"...
                                                             ^ (Connection: pgsql, SQL: insert into "users" ("name", "email", "email_verified_at", "password", "remember_token", "region", "organisation_id", "is_committee_member", "is_voter", "can_vote", "has_voted", "id", "updated_at", "created_at") values (Test Voter, rowe.william@example.net, 2026-05-31 08:43:03, $2y$10$92IXUNpkjO0rOQ5byMi.Ye4oKoEa3Ro9llC/.og/at2.uheWG/igi, Yzo8sXQzNS, Alaska, 855c8791-7b66-47b8-9410-f5d788a41339, 0, 1, 1, 0, a1e8e817-c5da-48f8-ba5c-aa4e2643a484, 2026-05-31 08:43:03, 2026-05-31 08:43:03))[39;22m

  at [32mvendor\laravel\framework\src\Illuminate\Database\Connection.php[39m:[32m825[39m
    821▕                     $this->getName(), $query, $this->prepareBindings($bindings), $e
    822▕                 );
    823▕             }
    824▕ 
  ➜ 825▕             throw new QueryException(
    826▕                 $this->getName(), $query, $this->prepareBindings($bindings), $e
    827▕             );
    828▕         }
    829▕     }

  [33m1   [39m[39;1mvendor\laravel\framework\src\Illuminate\Database\Connection.php[39;22m:[39;1m825[39;22m

  [33m2   [39m[39;1mvendor\laravel\framework\src\Illuminate\Database\Connection.php[39;22m:[39;1m571[39;22m
  [90m    NunoMaduro\Collision\Exceptions\TestException::("SQLSTATE[42703]: Undefined column: 7 FEHLER:  Spalte »is_voter« von Relation »users« existiert nicht
LINE 1: ...egion", "organisation_id", "is_committee_member", "is_voter"...
                                                             ^")[39m

  [31m────────────────────────────────────────────────────────────────────────────────────────────────────────────────────[39m  
  [41;1m FAILED [49;22m [1mTests\Feature\AdminRecoverySlugTest[22m [90m>[39m cannot generate recovery slug for completed voter    [41;1m QueryException [49;22m  
[39;1m  SQLSTATE[42703]: Undefined column: 7 FEHLER:  Spalte »is_voter« von Relation »users« existiert nicht
LINE 1: ...egion", "organisation_id", "is_committee_member", "is_voter"...
                                                             ^ (Connection: pgsql, SQL: insert into "users" ("name", "email", "email_verified_at", "password", "remember_token", "region", "organisation_id", "is_committee_member", "is_voter", "can_vote", "has_voted", "id", "updated_at", "created_at") values (Ciara Lueilwitz, fmosciski@example.com, 2026-05-31 08:43:03, $2y$10$92IXUNpkjO0rOQ5byMi.Ye4oKoEa3Ro9llC/.og/at2.uheWG/igi, wgyhhTMeWL, Louisiana, 855c8791-7b66-47b8-9410-f5d788a41339, 0, 1, 1, 1, a1e8e818-43fc-4fa9-89d0-b4c6f415467e, 2026-05-31 08:43:03, 2026-05-31 08:43:03))[39;22m

  at [32mvendor\laravel\framework\src\Illuminate\Database\Connection.php[39m:[32m825[39m
    821▕                     $this->getName(), $query, $this->prepareBindings($bindings), $e
    822▕                 );
    823▕             }
    824▕ 
  ➜ 825▕             throw new QueryException(
    826▕                 $this->getName(), $query, $this->prepareBindings($bindings), $e
    827▕             );
    828▕         }
    829▕     }

  [33m1   [39m[39;1mvendor\laravel\framework\src\Illuminate\Database\Connection.php[39;22m:[39;1m825[39;22m

  [33m2   [39m[39;1mvendor\laravel\framework\src\Illuminate\Database\Connection.php[39;22m:[39;1m571[39;22m
  [90m    NunoMaduro\Collision\Exceptions\TestException::("SQLSTATE[42703]: Undefined column: 7 FEHLER:  Spalte »is_voter« von Relation »users« existiert nicht
LINE 1: ...egion", "organisation_id", "is_committee_member", "is_voter"...
                                                             ^")[39m

  [31m────────────────────────────────────────────────────────────────────────────────────────────────────────────────────[39m  
  [41;1m FAILED [49;22m [1mTests\Feature\AdminRecoverySlugTest[22m [90m>[39m cannot generate recovery slug for ineligible voter   [41;1m QueryException [49;22m  
[39;1m  SQLSTATE[42703]: Undefined column: 7 FEHLER:  Spalte »is_voter« von Relation »users« existiert nicht
LINE 1: ...egion", "organisation_id", "is_committee_member", "is_voter"...
                                                             ^ (Connection: pgsql, SQL: insert into "users" ("name", "email", "email_verified_at", "password", "remember_token", "region", "organisation_id", "is_committee_member", "is_voter", "can_vote", "has_voted", "id", "updated_at", "created_at") values (Whitney Witting, josefa.nader@example.com, 2026-05-31 08:43:04, $2y$10$92IXUNpkjO0rOQ5byMi.Ye4oKoEa3Ro9llC/.og/at2.uheWG/igi, XfHapG1ogV, New Mexico, 855c8791-7b66-47b8-9410-f5d788a41339, 0, 0, 0, 0, a1e8e818-cdb9-4f70-83ad-74b0a3b7c7f8, 2026-05-31 08:43:04, 2026-05-31 08:43:04))[39;22m

  at [32mvendor\laravel\framework\src\Illuminate\Database\Connection.php[39m:[32m825[39m
    821▕                     $this->getName(), $query, $this->prepareBindings($bindings), $e
    822▕                 );
    823▕             }
    824▕ 
  ➜ 825▕             throw new QueryException(
    826▕                 $this->getName(), $query, $this->prepareBindings($bindings), $e
    827▕             );
    828▕         }
    829▕     }

  [33m1   [39m[39;1mvendor\laravel\framework\src\Illuminate\Database\Connection.php[39;22m:[39;1m825[39;22m

  [33m2   [39m[39;1mvendor\laravel\framework\src\Illuminate\Database\Connection.php[39;22m:[39;1m571[39;22m
  [90m    NunoMaduro\Collision\Exceptions\TestException::("SQLSTATE[42703]: Undefined column: 7 FEHLER:  Spalte »is_voter« von Relation »users« existiert nicht
LINE 1: ...egion", "organisation_id", "is_committee_member", "is_voter"...
                                                             ^")[39m

  [31m────────────────────────────────────────────────────────────────────────────────────────────────────────────────────[39m  
  [41;1m FAILED [49;22m [1mTests\Feature\Admin\ElectionApprovalTest[22m [90m>[39m super admin can approve pending election                          
[39;1m  Session is missing expected key [success].
Failed asserting that false is true.[39;22m

  at [32mtests\Feature\Admin\ElectionApprovalTest.php[39m:[32m87[39m
     83▕                 'notes' => 'Looks good, approved.',
     84▕             ]);
     85▕ 
     86▕         $response->assertRedirect();
  ➜  87▕         $response->assertSessionHas('success');
     88▕ 
     89▕         $this->assertEquals('administration', $this->pendingElection->fresh()->state);
     90▕     }
     91▕

  [31m────────────────────────────────────────────────────────────────────────────────────────────────────────────────────[39m  
  [41;1m FAILED [49;22m [1mTests\Feature\Admin\ElectionApprovalTest[22m [90m>[39m super admin can reject pending election                           
[39;1m  Session is missing expected key [success].
Failed asserting that false is true.[39;22m

  at [32mtests\Feature\Admin\ElectionApprovalTest.php[39m:[32m101[39m
     97▕                 'reason' => 'Voter count exceeds platform policy limit.',
     98▕             ]);
     99▕ 
    100▕         $response->assertRedirect();
  ➜ 101▕         $response->assertSessionHas('success');
    102▕ 
    103▕         $fresh = $this->pendingElection->fresh();
    104▕         $this->assertEquals('draft', $fresh->state);
    105▕         $this->assertNotNull($fresh->rejected_at);

  [31m────────────────────────────────────────────────────────────────────────────────────────────────────────────────────[39m  
  [41;1m FAILED [49;22m [1mTests\Feature\Admin\ElectionApprovalTest[22m [90m>[39m approval creates audit record with super admin… [41;1m ErrorException [49;22m  
[39;1m  Attempt to read property "from_state" on null[39;22m

  at [32mtests\Feature\Admin\ElectionApprovalTest.php[39m:[32m141[39m
    137▕         $transition = ElectionStateTransition::where('election_id', $this->pendingElection->id)
    138▕             ->latest()
    139▕             ->first();
    140▕ 
  ➜ 141▕         $this->assertEquals('pending_approval', $transition->from_state);
    142▕         $this->assertEquals('administration', $transition->to_state);
    143▕         $this->assertEquals('manual', $transition->trigger);
    144▕         $this->assertEquals($this->superAdmin->id, $transition->actor_id);
    145▕     }

  [31m────────────────────────────────────────────────────────────────────────────────────────────────────────────────────[39m  
  [41;1m FAILED [49;22m [1mTests\Feature\Audit\ElectionSettingsControllerAuditTest[22m [90m>[39m update logs… [41;1m UniqueConstraintViolationException [49;22m  
[39;1m  SQLSTATE[23505]: Unique violation: 7 FEHLER:  doppelter Schlüsselwert verletzt Unique-Constraint »user_organisation_roles_user_id_organisation_id_unique«
DETAIL:  Schlüssel »(user_id, organisation_id)=(a1e8e83e-a104-4ff8-8f2c-2f5674844352, a1e8e83e-8002-4ab4-9a14-f6f2d8cd2f06)« existiert bereits. (Connection: pgsql, SQL: insert into "user_organisation_roles" ("id", "user_id", "organisation_id", "role", "updated_at", "created_at") values (63b31650-ed7c-470e-9a48-5c33ef8dccff, a1e8e83e-a104-4ff8-8f2c-2f5674844352, a1e8e83e-8002-4ab4-9a14-f6f2d8cd2f06, admin, 2026-05-31 08:43:29, 2026-05-31 08:43:29))[39;22m

  at [32mvendor\laravel\framework\src\Illuminate\Database\Connection.php[39m:[32m820[39m
    816▕         // message to include the bindings with SQL, which will make this exception a
    817▕         // lot more helpful to the developer instead of just the database's errors.
    818▕         catch (Exception $e) {
    819▕             if ($this->isUniqueConstraintError($e)) {
  ➜ 820▕                 throw new UniqueConstraintViolationException(
    821▕                     $this->getName(), $query, $this->prepareBindings($bindings), $e
    822▕                 );
    823▕             }
    824▕

  [33m1   [39m[39;1mvendor\laravel\framework\src\Illuminate\Database\Connection.php[39;22m:[39;1m820[39;22m

  [33m2   [39m[39;1mvendor\laravel\framework\src\Illuminate\Database\Connection.php[39;22m:[39;1m571[39;22m
  [90m    NunoMaduro\Collision\Exceptions\TestException::("SQLSTATE[23505]: Unique violation: 7 FEHLER:  doppelter Schlüsselwert verletzt Unique-Constraint »user_organisation_roles_user_id_organisation_id_unique«
DETAIL:  Schlüssel »(user_id, organisation_id)=(a1e8e83e-a104-4ff8-8f2c-2f5674844352, a1e8e83e-8002-4ab4-9a14-f6f2d8cd2f06)« existiert bereits.")[39m

  [31m────────────────────────────────────────────────────────────────────────────────────────────────────────────────────[39m  
  [41;1m FAILED [49;22m [1mTests\Feature\Audit\ElectionSettingsControllerAuditTest[22m [90m>[39m election up… [41;1m UniqueConstraintViolationException [49;22m  
[39;1m  SQLSTATE[23505]: Unique violation: 7 FEHLER:  doppelter Schlüsselwert verletzt Unique-Constraint »user_organisation_roles_user_id_organisation_id_unique«
DETAIL:  Schlüssel »(user_id, organisation_id)=(a1e8e83f-70e0-4de5-ae97-52cdcfc52176, a1e8e83f-57fb-43bc-b46f-40411aec9727)« existiert bereits. (Connection: pgsql, SQL: insert into "user_organisation_roles" ("id", "user_id", "organisation_id", "role", "updated_at", "created_at") values (ba943540-0e29-4983-96b2-12a0aef0f9be, a1e8e83f-70e0-4de5-ae97-52cdcfc52176, a1e8e83f-57fb-43bc-b46f-40411aec9727, admin, 2026-05-31 08:43:29, 2026-05-31 08:43:29))[39;22m

  at [32mvendor\laravel\framework\src\Illuminate\Database\Connection.php[39m:[32m820[39m
    816▕         // message to include the bindings with SQL, which will make this exception a
    817▕         // lot more helpful to the developer instead of just the database's errors.
    818▕         catch (Exception $e) {
    819▕             if ($this->isUniqueConstraintError($e)) {
  ➜ 820▕                 throw new UniqueConstraintViolationException(
    821▕                     $this->getName(), $query, $this->prepareBindings($bindings), $e
    822▕                 );
    823▕             }
    824▕

  [33m1   [39m[39;1mvendor\laravel\framework\src\Illuminate\Database\Connection.php[39;22m:[39;1m820[39;22m

  [33m2   [39m[39;1mvendor\laravel\framework\src\Illuminate\Database\Connection.php[39;22m:[39;1m571[39;22m
  [90m    NunoMaduro\Collision\Exceptions\TestException::("SQLSTATE[23505]: Unique violation: 7 FEHLER:  doppelter Schlüsselwert verletzt Unique-Constraint »user_organisation_roles_user_id_organisation_id_unique«
DETAIL:  Schlüssel »(user_id, organisation_id)=(a1e8e83f-70e0-4de5-ae97-52cdcfc52176, a1e8e83f-57fb-43bc-b46f-40411aec9727)« existiert bereits.")[39m

  [31m────────────────────────────────────────────────────────────────────────────────────────────────────────────────────[39m  
  [41;1m FAILED [49;22m [1mTests\Feature\Audit\ElectionVotingControllerAuditTest[22m [90m>[39m start logs vo… [41;1m UniqueConstraintViolationException [49;22m  
[39;1m  SQLSTATE[23505]: Unique violation: 7 FEHLER:  doppelter Schlüsselwert verletzt Unique-Constraint »user_organisation_roles_user_id_organisation_id_unique«
DETAIL:  Schlüssel »(user_id, organisation_id)=(a1e8e840-2d97-470f-9b76-b7dfe213241f, 855c8791-7b66-47b8-9410-f5d788a41339)« existiert bereits. (Connection: pgsql, SQL: insert into "user_organisation_roles" ("id", "user_id", "organisation_id", "role", "updated_at", "created_at") values (7a48c218-1fd9-4796-9d45-9d0537762a37, a1e8e840-2d97-470f-9b76-b7dfe213241f, 855c8791-7b66-47b8-9410-f5d788a41339, voter, 2026-05-31 08:43:30, 2026-05-31 08:43:30))[39;22m

  at [32mvendor\laravel\framework\src\Illuminate\Database\Connection.php[39m:[32m820[39m
    816▕         // message to include the bindings with SQL, which will make this exception a
    817▕         // lot more helpful to the developer instead of just the database's errors.
    818▕         catch (Exception $e) {
    819▕             if ($this->isUniqueConstraintError($e)) {
  ➜ 820▕                 throw new UniqueConstraintViolationException(
    821▕                     $this->getName(), $query, $this->prepareBindings($bindings), $e
    822▕                 );
    823▕             }
    824▕

  [33m1   [39m[39;1mvendor\laravel\framework\src\Illuminate\Database\Connection.php[39;22m:[39;1m820[39;22m

  [33m2   [39m[39;1mvendor\laravel\framework\src\Illuminate\Database\Connection.php[39;22m:[39;1m571[39;22m
  [90m    NunoMaduro\Collision\Exceptions\TestException::("SQLSTATE[23505]: Unique violation: 7 FEHLER:  doppelter Schlüsselwert verletzt Unique-Constraint »user_organisation_roles_user_id_organisation_id_unique«
DETAIL:  Schlüssel »(user_id, organisation_id)=(a1e8e840-2d97-470f-9b76-b7dfe213241f, 855c8791-7b66-47b8-9410-f5d788a41339)« existiert bereits.")[39m

  [31m────────────────────────────────────────────────────────────────────────────────────────────────────────────────────[39m  
  [41;1m FAILED [49;22m [1mTests\Feature\Audit\ElectionVotingControllerAuditTest[22m [90m>[39m start logs ip… [41;1m UniqueConstraintViolationException [49;22m  
[39;1m  SQLSTATE[23505]: Unique violation: 7 FEHLER:  doppelter Schlüsselwert verletzt Unique-Constraint »user_organisation_roles_user_id_organisation_id_unique«
DETAIL:  Schlüssel »(user_id, organisation_id)=(a1e8e840-f865-4c22-b122-2633bc8dd8e8, 855c8791-7b66-47b8-9410-f5d788a41339)« existiert bereits. (Connection: pgsql, SQL: insert into "user_organisation_roles" ("id", "user_id", "organisation_id", "role", "updated_at", "created_at") values (85f18b85-b4af-4309-87ca-1097d9ed5910, a1e8e840-f865-4c22-b122-2633bc8dd8e8, 855c8791-7b66-47b8-9410-f5d788a41339, voter, 2026-05-31 08:43:30, 2026-05-31 08:43:30))[39;22m

  at [32mvendor\laravel\framework\src\Illuminate\Database\Connection.php[39m:[32m820[39m
    816▕         // message to include the bindings with SQL, which will make this exception a
    817▕         // lot more helpful to the developer instead of just the database's errors.
    818▕         catch (Exception $e) {
    819▕             if ($this->isUniqueConstraintError($e)) {
  ➜ 820▕                 throw new UniqueConstraintViolationException(
    821▕                     $this->getName(), $query, $this->prepareBindings($bindings), $e
    822▕                 );
    823▕             }
    824▕

  [33m1   [39m[39;1mvendor\laravel\framework\src\Illuminate\Database\Connection.php[39;22m:[39;1m820[39;22m

  [33m2   [39m[39;1mvendor\laravel\framework\src\Illuminate\Database\Connection.php[39;22m:[39;1m571[39;22m
  [90m    NunoMaduro\Collision\Exceptions\TestException::("SQLSTATE[23505]: Unique violation: 7 FEHLER:  doppelter Schlüsselwert verletzt Unique-Constraint »user_organisation_roles_user_id_organisation_id_unique«
DETAIL:  Schlüssel »(user_id, organisation_id)=(a1e8e840-f865-4c22-b122-2633bc8dd8e8, 855c8791-7b66-47b8-9410-f5d788a41339)« existiert bereits.")[39m

  [31m────────────────────────────────────────────────────────────────────────────────────────────────────────────────────[39m  
  [41;1m FAILED [49;22m [1mTests\Feature\Audit\VoteControllerAuditTest[22m [90m>[39m first submission logs v… [41;1m UniqueConstraintViolationException [49;22m  
[39;1m  SQLSTATE[23505]: Unique violation: 7 FEHLER:  doppelter Schlüsselwert verletzt Unique-Constraint »user_organisation_roles_user_id_organisation_id_unique«
DETAIL:  Schlüssel »(user_id, organisation_id)=(a1e8e842-4286-4e72-8fee-84fffaab1149, 855c8791-7b66-47b8-9410-f5d788a41339)« existiert bereits. (Connection: pgsql, SQL: insert into "user_organisation_roles" ("id", "user_id", "organisation_id", "role", "updated_at", "created_at") values (8802feda-b55a-4008-8956-4bd009a88608, a1e8e842-4286-4e72-8fee-84fffaab1149, 855c8791-7b66-47b8-9410-f5d788a41339, voter, 2026-05-31 08:43:31, 2026-05-31 08:43:31))[39;22m

  at [32mvendor\laravel\framework\src\Illuminate\Database\Connection.php[39m:[32m820[39m
    816▕         // message to include the bindings with SQL, which will make this exception a
    817▕         // lot more helpful to the developer instead of just the database's errors.
    818▕         catch (Exception $e) {
    819▕             if ($this->isUniqueConstraintError($e)) {
  ➜ 820▕                 throw new UniqueConstraintViolationException(
    821▕                     $this->getName(), $query, $this->prepareBindings($bindings), $e
    822▕                 );
    823▕             }
    824▕

  [33m1   [39m[39;1mvendor\laravel\framework\src\Illuminate\Database\Connection.php[39;22m:[39;1m820[39;22m

  [33m2   [39m[39;1mvendor\laravel\framework\src\Illuminate\Database\Connection.php[39;22m:[39;1m571[39;22m
  [90m    NunoMaduro\Collision\Exceptions\TestException::("SQLSTATE[23505]: Unique violation: 7 FEHLER:  doppelter Schlüsselwert verletzt Unique-Constraint »user_organisation_roles_user_id_organisation_id_unique«
DETAIL:  Schlüssel »(user_id, organisation_id)=(a1e8e842-4286-4e72-8fee-84fffaab1149, 855c8791-7b66-47b8-9410-f5d788a41339)« existiert bereits.")[39m

  [31m────────────────────────────────────────────────────────────────────────────────────────────────────────────────────[39m  
  [41;1m FAILED [49;22m [1mTests\Feature\Audit\VoteControllerAuditTest[22m [90m>[39m store logs vote confirm… [41;1m UniqueConstraintViolationException [49;22m  
[39;1m  SQLSTATE[23505]: Unique violation: 7 FEHLER:  doppelter Schlüsselwert verletzt Unique-Constraint »user_organisation_roles_user_id_organisation_id_unique«
DETAIL:  Schlüssel »(user_id, organisation_id)=(a1e8e842-dfc1-4347-b43a-ab1dfcaf489c, 855c8791-7b66-47b8-9410-f5d788a41339)« existiert bereits. (Connection: pgsql, SQL: insert into "user_organisation_roles" ("id", "user_id", "organisation_id", "role", "updated_at", "created_at") values (79b2c910-3829-4c98-ac1a-16ecac7f9e6f, a1e8e842-dfc1-4347-b43a-ab1dfcaf489c, 855c8791-7b66-47b8-9410-f5d788a41339, voter, 2026-05-31 08:43:31, 2026-05-31 08:43:31))[39;22m

  at [32mvendor\laravel\framework\src\Illuminate\Database\Connection.php[39m:[32m820[39m
    816▕         // message to include the bindings with SQL, which will make this exception a
    817▕         // lot more helpful to the developer instead of just the database's errors.
    818▕         catch (Exception $e) {
    819▕             if ($this->isUniqueConstraintError($e)) {
  ➜ 820▕                 throw new UniqueConstraintViolationException(
    821▕                     $this->getName(), $query, $this->prepareBindings($bindings), $e
    822▕                 );
    823▕             }
    824▕

  [33m1   [39m[39;1mvendor\laravel\framework\src\Illuminate\Database\Connection.php[39;22m:[39;1m820[39;22m

  [33m2   [39m[39;1mvendor\laravel\framework\src\Illuminate\Database\Connection.php[39;22m:[39;1m571[39;22m
  [90m    NunoMaduro\Collision\Exceptions\TestException::("SQLSTATE[23505]: Unique violation: 7 FEHLER:  doppelter Schlüsselwert verletzt Unique-Constraint »user_organisation_roles_user_id_organisation_id_unique«
DETAIL:  Schlüssel »(user_id, organisation_id)=(a1e8e842-dfc1-4347-b43a-ab1dfcaf489c, 855c8791-7b66-47b8-9410-f5d788a41339)« existiert bereits.")[39m

  [31m────────────────────────────────────────────────────────────────────────────────────────────────────────────────────[39m  
  [41;1m FAILED [49;22m [1mTests\Feature\Audit\VoterVerificationControllerAuditTest[22m [90m>[39m store logs… [41;1m UniqueConstraintViolationException [49;22m  
[39;1m  SQLSTATE[23505]: Unique violation: 7 FEHLER:  doppelter Schlüsselwert verletzt Unique-Constraint »user_organisation_roles_user_id_organisation_id_unique«
DETAIL:  Schlüssel »(user_id, organisation_id)=(a1e8e843-aaea-4a6d-85de-f60ccc2c89fe, a1e8e843-97d2-4dbd-9205-8c066af8935a)« existiert bereits. (Connection: pgsql, SQL: insert into "user_organisation_roles" ("id", "user_id", "organisation_id", "role", "updated_at", "created_at") values (3e53e1a6-2bd8-45ce-a42a-b6d34fca024a, a1e8e843-aaea-4a6d-85de-f60ccc2c89fe, a1e8e843-97d2-4dbd-9205-8c066af8935a, admin, 2026-05-31 08:43:32, 2026-05-31 08:43:32))[39;22m

  at [32mvendor\laravel\framework\src\Illuminate\Database\Connection.php[39m:[32m820[39m
    816▕         // message to include the bindings with SQL, which will make this exception a
    817▕         // lot more helpful to the developer instead of just the database's errors.
    818▕         catch (Exception $e) {
    819▕             if ($this->isUniqueConstraintError($e)) {
  ➜ 820▕                 throw new UniqueConstraintViolationException(
    821▕                     $this->getName(), $query, $this->prepareBindings($bindings), $e
    822▕                 );
    823▕             }
    824▕

  [33m1   [39m[39;1mvendor\laravel\framework\src\Illuminate\Database\Connection.php[39;22m:[39;1m820[39;22m

  [33m2   [39m[39;1mvendor\laravel\framework\src\Illuminate\Database\Connection.php[39;22m:[39;1m571[39;22m
  [90m    NunoMaduro\Collision\Exceptions\TestException::("SQLSTATE[23505]: Unique violation: 7 FEHLER:  doppelter Schlüsselwert verletzt Unique-Constraint »user_organisation_roles_user_id_organisation_id_unique«
DETAIL:  Schlüssel »(user_id, organisation_id)=(a1e8e843-aaea-4a6d-85de-f60ccc2c89fe, a1e8e843-97d2-4dbd-9205-8c066af8935a)« existiert bereits.")[39m

  [31m────────────────────────────────────────────────────────────────────────────────────────────────────────────────────[39m  
  [41;1m FAILED [49;22m [1mTests\Feature\Audit\VoterVerificationControllerAuditTest[22m [90m>[39m revoke log… [41;1m UniqueConstraintViolationException [49;22m  
[39;1m  SQLSTATE[23505]: Unique violation: 7 FEHLER:  doppelter Schlüsselwert verletzt Unique-Constraint »user_organisation_roles_user_id_organisation_id_unique«
DETAIL:  Schlüssel »(user_id, organisation_id)=(a1e8e844-4530-4a1f-bf0b-81ba2dd8b633, a1e8e844-330e-47c3-b58b-d580f2bcde4d)« existiert bereits. (Connection: pgsql, SQL: insert into "user_organisation_roles" ("id", "user_id", "organisation_id", "role", "updated_at", "created_at") values (368aa7ca-17e4-4d1b-a760-2af9e2038fa5, a1e8e844-4530-4a1f-bf0b-81ba2dd8b633, a1e8e844-330e-47c3-b58b-d580f2bcde4d, admin, 2026-05-31 08:43:32, 2026-05-31 08:43:32))[39;22m

  at [32mvendor\laravel\framework\src\Illuminate\Database\Connection.php[39m:[32m820[39m
    816▕         // message to include the bindings with SQL, which will make this exception a
    817▕         // lot more helpful to the developer instead of just the database's errors.
    818▕         catch (Exception $e) {
    819▕             if ($this->isUniqueConstraintError($e)) {
  ➜ 820▕                 throw new UniqueConstraintViolationException(
    821▕                     $this->getName(), $query, $this->prepareBindings($bindings), $e
    822▕                 );
    823▕             }
    824▕

  [33m1   [39m[39;1mvendor\laravel\framework\src\Illuminate\Database\Connection.php[39;22m:[39;1m820[39;22m

  [33m2   [39m[39;1mvendor\laravel\framework\src\Illuminate\Database\Connection.php[39;22m:[39;1m571[39;22m
  [90m    NunoMaduro\Collision\Exceptions\TestException::("SQLSTATE[23505]: Unique violation: 7 FEHLER:  doppelter Schlüsselwert verletzt Unique-Constraint »user_organisation_roles_user_id_organisation_id_unique«
DETAIL:  Schlüssel »(user_id, organisation_id)=(a1e8e844-4530-4a1f-bf0b-81ba2dd8b633, a1e8e844-330e-47c3-b58b-d580f2bcde4d)« existiert bereits.")[39m

  [31m────────────────────────────────────────────────────────────────────────────────────────────────────────────────────[39m  
  [41;1m FAILED [49;22m [1mTests\Feature\Auth\CsrfProtectionTest[22m [90m>[39m registration requires csrf token                                     
[39;1m  Expected response status code [419] but received 302.
Failed asserting that 302 is identical to 419.

The following errors occurred during the last request:

email existiert bereits.[39;22m

  at [32mtests\Feature\Auth\CsrfProtectionTest.php[39m:[32m41[39m
     37▕             'terms' => true,
     38▕         ]);
     39▕ 
     40▕         // Without valid CSRF token, should get 419
  ➜  41▕         $response->assertStatus(419);
     42▕     }
     43▕ 
     44▕     /**
     45▕      * Test registration succeeds with CSRF token

  [31m────────────────────────────────────────────────────────────────────────────────────────────────────────────────────[39m  
  [41;1m FAILED [49;22m [1mTests\Feature\Auth\CsrfProtectionTest[22m [90m>[39m registration with valid csrf token                          [41;1m Error [49;22m  
[39;1m  Call to undefined method Tests\Feature\Auth\CsrfProtectionTest::assertIn()[39;22m

  at [32mtests\Feature\Auth\CsrfProtectionTest.php[39m:[32m62[39m
     58▕             'X-CSRF-TOKEN' => csrf_token(),
     59▕         ]);
     60▕ 
     61▕         // Should succeed (or redirect if registered)
  ➜  62▕         $this->assertIn($response->status(), [200, 302, 201]);
     63▕     }
     64▕ }
     65▕

  [33m1   [39m[39;1mtests\Feature\Auth\CsrfProtectionTest.php[39;22m:[39;1m62[39;22m

  [31m────────────────────────────────────────────────────────────────────────────────────────────────────────────────────[39m  
  [41;1m FAILED [49;22m [1mTests\Feature\Auth\DashboardResolverPriorityTest[22m [90m>[39m priority 1 active voting session redir… [41;1m QueryException [49;22m  
[39;1m  SQLSTATE[23502]: Not null violation: 7 FEHLER:  NULL-Wert in Spalte »id« von Relation »user_organisation_roles« verletzt Not-Null-Constraint
DETAIL:  Fehlgeschlagene Zeile enthält (null, a1e8e847-dcd7-4a42-9116-6e7fdb1029d8, a1e8e847-e21d-44b6-a5ec-fa7d4b270029, member, null, null, null). (Connection: pgsql, SQL: insert into "user_organisation_roles" ("user_id", "organisation_id", "role") values (a1e8e847-dcd7-4a42-9116-6e7fdb1029d8, a1e8e847-e21d-44b6-a5ec-fa7d4b270029, member))[39;22m

  at [32mvendor\laravel\framework\src\Illuminate\Database\Connection.php[39m:[32m825[39m
    821▕                     $this->getName(), $query, $this->prepareBindings($bindings), $e
    822▕                 );
    823▕             }
    824▕ 
  ➜ 825▕             throw new QueryException(
    826▕                 $this->getName(), $query, $this->prepareBindings($bindings), $e
    827▕             );
    828▕         }
    829▕     }

  [33m1   [39m[39;1mvendor\laravel\framework\src\Illuminate\Database\Connection.php[39;22m:[39;1m825[39;22m

  [33m2   [39m[39;1mvendor\laravel\framework\src\Illuminate\Database\Connection.php[39;22m:[39;1m571[39;22m
  [90m    NunoMaduro\Collision\Exceptions\TestException::("SQLSTATE[23502]: Not null violation: 7 FEHLER:  NULL-Wert in Spalte »id« von Relation »user_organisation_roles« verletzt Not-Null-Constraint
DETAIL:  Fehlgeschlagene Zeile enthält (null, a1e8e847-dcd7-4a42-9116-6e7fdb1029d8, a1e8e847-e21d-44b6-a5ec-fa7d4b270029, member, null, null, null).")[39m

  [31m────────────────────────────────────────────────────────────────────────────────────────────────────────────────────[39m  
  [41;1m FAILED [49;22m [1mTests\Feature\Auth\DashboardResolverPriorityTest[22m [90m>[39m priority 1 takes precedence over multi… [41;1m QueryException [49;22m  
[39;1m  SQLSTATE[23502]: Not null violation: 7 FEHLER:  NULL-Wert in Spalte »id« von Relation »user_organisation_roles« verletzt Not-Null-Constraint
DETAIL:  Fehlgeschlagene Zeile enthält (null, a1e8e848-7692-4c93-be29-96934b4f81b2, a1e8e848-7a9d-43e8-9f7d-b56fa788aeba, member, null, null, null). (Connection: pgsql, SQL: insert into "user_organisation_roles" ("user_id", "organisation_id", "role") values (a1e8e848-7692-4c93-be29-96934b4f81b2, a1e8e848-7a9d-43e8-9f7d-b56fa788aeba, member))[39;22m

  at [32mvendor\laravel\framework\src\Illuminate\Database\Connection.php[39m:[32m825[39m
    821▕                     $this->getName(), $query, $this->prepareBindings($bindings), $e
    822▕                 );
    823▕             }
    824▕ 
  ➜ 825▕             throw new QueryException(
    826▕                 $this->getName(), $query, $this->prepareBindings($bindings), $e
    827▕             );
    828▕         }
    829▕     }

  [33m1   [39m[39;1mvendor\laravel\framework\src\Illuminate\Database\Connection.php[39;22m:[39;1m825[39;22m

  [33m2   [39m[39;1mvendor\laravel\framework\src\Illuminate\Database\Connection.php[39;22m:[39;1m571[39;22m
  [90m    NunoMaduro\Collision\Exceptions\TestException::("SQLSTATE[23502]: Not null violation: 7 FEHLER:  NULL-Wert in Spalte »id« von Relation »user_organisation_roles« verletzt Not-Null-Constraint
DETAIL:  Fehlgeschlagene Zeile enthält (null, a1e8e848-7692-4c93-be29-96934b4f81b2, a1e8e848-7a9d-43e8-9f7d-b56fa788aeba, member, null, null, null).")[39m

  [31m────────────────────────────────────────────────────────────────────────────────────────────────────────────────────[39m  
  [41;1m FAILED [49;22m [1mTests\Feature\Auth\DashboardResolverPriorityTest[22m [90m>[39m priority 2 active election redirects t… [41;1m QueryException [49;22m  
[39;1m  SQLSTATE[42703]: Undefined column: 7 FEHLER:  Spalte »is_voter« von Relation »users« existiert nicht
LINE 1: ...ation_id", "is_committee_member", "onboarded_at", "is_voter"...
                                                             ^ (Connection: pgsql, SQL: insert into "users" ("name", "email", "email_verified_at", "password", "remember_token", "region", "organisation_id", "is_committee_member", "onboarded_at", "is_voter", "id", "updated_at", "created_at") values (Golda Bergnaum V, brycen.farrell@example.com, 2026-05-31 08:43:35, $2y$10$92IXUNpkjO0rOQ5byMi.Ye4oKoEa3Ro9llC/.og/at2.uheWG/igi, GDMfMOiWqG, District of Columbia, 855c8791-7b66-47b8-9410-f5d788a41339, 0, 2026-05-31 08:43:35, 1, a1e8e848-ecdb-4b16-83a5-ccd21f740b89, 2026-05-31 08:43:35, 2026-05-31 08:43:35))[39;22m

  at [32mvendor\laravel\framework\src\Illuminate\Database\Connection.php[39m:[32m825[39m
    821▕                     $this->getName(), $query, $this->prepareBindings($bindings), $e
    822▕                 );
    823▕             }
    824▕ 
  ➜ 825▕             throw new QueryException(
    826▕                 $this->getName(), $query, $this->prepareBindings($bindings), $e
    827▕             );
    828▕         }
    829▕     }

  [33m1   [39m[39;1mvendor\laravel\framework\src\Illuminate\Database\Connection.php[39;22m:[39;1m825[39;22m

  [33m2   [39m[39;1mvendor\laravel\framework\src\Illuminate\Database\Connection.php[39;22m:[39;1m571[39;22m
  [90m    NunoMaduro\Collision\Exceptions\TestException::("SQLSTATE[42703]: Undefined column: 7 FEHLER:  Spalte »is_voter« von Relation »users« existiert nicht
LINE 1: ...ation_id", "is_committee_member", "onboarded_at", "is_voter"...
                                                             ^")[39m

  [31m────────────────────────────────────────────────────────────────────────────────────────────────────────────────────[39m  
  [41;1m FAILED [49;22m [1mTests\Feature\Auth\DashboardResolverPriorityTest[22m [90m>[39m priority 2 skips elections where user…  [41;1m QueryException [49;22m  
[39;1m  SQLSTATE[42703]: Undefined column: 7 FEHLER:  Spalte »is_voter« von Relation »users« existiert nicht
LINE 1: ...ation_id", "is_committee_member", "onboarded_at", "is_voter"...
                                                             ^ (Connection: pgsql, SQL: insert into "users" ("name", "email", "email_verified_at", "password", "remember_token", "region", "organisation_id", "is_committee_member", "onboarded_at", "is_voter", "id", "updated_at", "created_at") values (Dr. Brent Barrows, violette85@example.net, 2026-05-31 08:43:36, $2y$10$92IXUNpkjO0rOQ5byMi.Ye4oKoEa3Ro9llC/.og/at2.uheWG/igi, M7TQGO7iTc, Hawaii, 855c8791-7b66-47b8-9410-f5d788a41339, 0, 2026-05-31 08:43:36, 1, a1e8e849-5ae4-4260-b2cc-da8e4df6f4f4, 2026-05-31 08:43:36, 2026-05-31 08:43:36))[39;22m

  at [32mvendor\laravel\framework\src\Illuminate\Database\Connection.php[39m:[32m825[39m
    821▕                     $this->getName(), $query, $this->prepareBindings($bindings), $e
    822▕                 );
    823▕             }
    824▕ 
  ➜ 825▕             throw new QueryException(
    826▕                 $this->getName(), $query, $this->prepareBindings($bindings), $e
    827▕             );
    828▕         }
    829▕     }

  [33m1   [39m[39;1mvendor\laravel\framework\src\Illuminate\Database\Connection.php[39;22m:[39;1m825[39;22m

  [33m2   [39m[39;1mvendor\laravel\framework\src\Illuminate\Database\Connection.php[39;22m:[39;1m571[39;22m
  [90m    NunoMaduro\Collision\Exceptions\TestException::("SQLSTATE[42703]: Undefined column: 7 FEHLER:  Spalte »is_voter« von Relation »users« existiert nicht
LINE 1: ...ation_id", "is_committee_member", "onboarded_at", "is_voter"...
                                                             ^")[39m

  [31m────────────────────────────────────────────────────────────────────────────────────────────────────────────────────[39m  
  [41;1m FAILED [49;22m [1mTests\Feature\Auth\DashboardResolverPriorityTest[22m [90m>[39m priority 2 ignores elections outside v… [41;1m QueryException [49;22m  
[39;1m  SQLSTATE[42703]: Undefined column: 7 FEHLER:  Spalte »is_voter« von Relation »users« existiert nicht
LINE 1: ...ation_id", "is_committee_member", "onboarded_at", "is_voter"...
                                                             ^ (Connection: pgsql, SQL: insert into "users" ("name", "email", "email_verified_at", "password", "remember_token", "region", "organisation_id", "is_committee_member", "onboarded_at", "is_voter", "id", "updated_at", "created_at") values (Mrs. Missouri Ernser II, virginia79@example.net, 2026-05-31 08:43:36, $2y$10$92IXUNpkjO0rOQ5byMi.Ye4oKoEa3Ro9llC/.og/at2.uheWG/igi, 4RqKrIyGWn, Virginia, 855c8791-7b66-47b8-9410-f5d788a41339, 0, 2026-05-31 08:43:36, 1, a1e8e849-cc0b-450e-a7e1-505b3c65df2b, 2026-05-31 08:43:36, 2026-05-31 08:43:36))[39;22m

  at [32mvendor\laravel\framework\src\Illuminate\Database\Connection.php[39m:[32m825[39m
    821▕                     $this->getName(), $query, $this->prepareBindings($bindings), $e
    822▕                 );
    823▕             }
    824▕ 
  ➜ 825▕             throw new QueryException(
    826▕                 $this->getName(), $query, $this->prepareBindings($bindings), $e
    827▕             );
    828▕         }
    829▕     }

  [33m1   [39m[39;1mvendor\laravel\framework\src\Illuminate\Database\Connection.php[39;22m:[39;1m825[39;22m

  [33m2   [39m[39;1mvendor\laravel\framework\src\Illuminate\Database\Connection.php[39;22m:[39;1m571[39;22m
  [90m    NunoMaduro\Collision\Exceptions\TestException::("SQLSTATE[42703]: Undefined column: 7 FEHLER:  Spalte »is_voter« von Relation »users« existiert nicht
LINE 1: ...ation_id", "is_committee_member", "onboarded_at", "is_voter"...
                                                             ^")[39m

  [31m────────────────────────────────────────────────────────────────────────────────────────────────────────────────────[39m  
  [41;1m FAILED [49;22m [1mTests\Feature\Auth\DashboardResolverPriorityTest[22m [90m>[39m priority 3 new user with platform org…  [41;1m QueryException [49;22m  
[39;1m  SQLSTATE[22P02]: Invalid text representation: 7 FEHLER:  ungültige Eingabesyntax für Typ uuid: »1«
CONTEXT:  unbenanntes Portal Parameter $2 = '...' (Connection: pgsql, SQL: insert into "user_organisation_roles" ("user_id", "organisation_id", "role") values (a1e8e84b-3e22-4eb3-a2c2-239824ea871b, 1, member))[39;22m

  at [32mvendor\laravel\framework\src\Illuminate\Database\Connection.php[39m:[32m825[39m
    821▕                     $this->getName(), $query, $this->prepareBindings($bindings), $e
    822▕                 );
    823▕             }
    824▕ 
  ➜ 825▕             throw new QueryException(
    826▕                 $this->getName(), $query, $this->prepareBindings($bindings), $e
    827▕             );
    828▕         }
    829▕     }

  [33m1   [39m[39;1mvendor\laravel\framework\src\Illuminate\Database\Connection.php[39;22m:[39;1m825[39;22m

  [33m2   [39m[39;1mvendor\laravel\framework\src\Illuminate\Database\Connection.php[39;22m:[39;1m571[39;22m
  [90m    NunoMaduro\Collision\Exceptions\TestException::("SQLSTATE[22P02]: Invalid text representation: 7 FEHLER:  ungültige Eingabesyntax für Typ uuid: »1«
CONTEXT:  unbenanntes Portal Parameter $2 = '...'")[39m

  [31m────────────────────────────────────────────────────────────────────────────────────────────────────────────────────[39m  
  [41;1m FAILED [49;22m [1mTests\Feature\Auth\DashboardResolverPriorityTest[22m [90m>[39m priority 4 user with multiple roles go… [41;1m QueryException [49;22m  
[39;1m  SQLSTATE[42703]: Undefined column: 7 FEHLER:  Spalte »assigned_at« von Relation »user_organisation_roles« existiert nicht
LINE 1: insert into "user_organisation_roles" ("assigned_at", "organ...
                                               ^ (Connection: pgsql, SQL: insert into "user_organisation_roles" ("assigned_at", "organisation_id", "role", "user_id") values (2026-05-31 08:43:37, a1e8e84c-449b-4518-823f-77bb079d85b2, admin, a1e8e84c-3fd5-4b78-ab94-94e19333aa1d), (2026-05-31 08:43:37, a1e8e84c-4574-4717-9416-b96a4d6c6ef5, admin, a1e8e84c-3fd5-4b78-ab94-94e19333aa1d))[39;22m

  at [32mvendor\laravel\framework\src\Illuminate\Database\Connection.php[39m:[32m825[39m
    821▕                     $this->getName(), $query, $this->prepareBindings($bindings), $e
    822▕                 );
    823▕             }
    824▕ 
  ➜ 825▕             throw new QueryException(
    826▕                 $this->getName(), $query, $this->prepareBindings($bindings), $e
    827▕             );
    828▕         }
    829▕     }

  [33m1   [39m[39;1mvendor\laravel\framework\src\Illuminate\Database\Connection.php[39;22m:[39;1m825[39;22m

  [33m2   [39m[39;1mvendor\laravel\framework\src\Illuminate\Database\Connection.php[39;22m:[39;1m571[39;22m
  [90m    NunoMaduro\Collision\Exceptions\TestException::("SQLSTATE[42703]: Undefined column: 7 FEHLER:  Spalte »assigned_at« von Relation »user_organisation_roles« existiert nicht
LINE 1: insert into "user_organisation_roles" ("assigned_at", "organ...
                                               ^")[39m

  [31m────────────────────────────────────────────────────────────────────────────────────────────────────────────────────[39m  
  [41;1m FAILED [49;22m [1mTests\Feature\Auth\DashboardResolverPriorityTest[22m [90m>[39m priority 4 user with admin and commiss… [41;1m QueryException [49;22m  
[39;1m  SQLSTATE[42703]: Undefined column: 7 FEHLER:  Spalte »assigned_at« von Relation »user_organisation_roles« existiert nicht
LINE 1: ...ion_roles" ("user_id", "organisation_id", "role", "assigned_...
                                                             ^ (Connection: pgsql, SQL: insert into "user_organisation_roles" ("user_id", "organisation_id", "role", "assigned_at") values (a1e8e84c-c184-4069-a915-e9778395c0c0, a1e8e84c-c5c2-446a-90e8-d283f635e5d4, admin, 2026-05-31 08:43:38))[39;22m

  at [32mvendor\laravel\framework\src\Illuminate\Database\Connection.php[39m:[32m825[39m
    821▕                     $this->getName(), $query, $this->prepareBindings($bindings), $e
    822▕                 );
    823▕             }
    824▕ 
  ➜ 825▕             throw new QueryException(
    826▕                 $this->getName(), $query, $this->prepareBindings($bindings), $e
    827▕             );
    828▕         }
    829▕     }

  [33m1   [39m[39;1mvendor\laravel\framework\src\Illuminate\Database\Connection.php[39;22m:[39;1m825[39;22m

  [33m2   [39m[39;1mvendor\laravel\framework\src\Illuminate\Database\Connection.php[39;22m:[39;1m571[39;22m
  [90m    NunoMaduro\Collision\Exceptions\TestException::("SQLSTATE[42703]: Undefined column: 7 FEHLER:  Spalte »assigned_at« von Relation »user_organisation_roles« existiert nicht
LINE 1: ...ion_roles" ("user_id", "organisation_id", "role", "assigned_...
                                                             ^")[39m

  [31m────────────────────────────────────────────────────────────────────────────────────────────────────────────────────[39m  
  [41;1m FAILED [49;22m [1mTests\Feature\Auth\DashboardResolverPriorityTest[22m [90m>[39m priority 5 single admin role redirects… [41;1m QueryException [49;22m  
[39;1m  SQLSTATE[42703]: Undefined column: 7 FEHLER:  Spalte »assigned_at« von Relation »user_organisation_roles« existiert nicht
LINE 1: ...ion_roles" ("user_id", "organisation_id", "role", "assigned_...
                                                             ^ (Connection: pgsql, SQL: insert into "user_organisation_roles" ("user_id", "organisation_id", "role", "assigned_at") values (a1e8e84d-7e77-412c-be6f-8f75dd7a24b4, a1e8e84d-827a-4c33-9a34-a161d2c811a0, admin, 2026-05-31 08:43:38))[39;22m

  at [32mvendor\laravel\framework\src\Illuminate\Database\Connection.php[39m:[32m825[39m
    821▕                     $this->getName(), $query, $this->prepareBindings($bindings), $e
    822▕                 );
    823▕             }
    824▕ 
  ➜ 825▕             throw new QueryException(
    826▕                 $this->getName(), $query, $this->prepareBindings($bindings), $e
    827▕             );
    828▕         }
    829▕     }

  [33m1   [39m[39;1mvendor\laravel\framework\src\Illuminate\Database\Connection.php[39;22m:[39;1m825[39;22m

  [33m2   [39m[39;1mvendor\laravel\framework\src\Illuminate\Database\Connection.php[39;22m:[39;1m571[39;22m
  [90m    NunoMaduro\Collision\Exceptions\TestException::("SQLSTATE[42703]: Undefined column: 7 FEHLER:  Spalte »assigned_at« von Relation »user_organisation_roles« existiert nicht
LINE 1: ...ion_roles" ("user_id", "organisation_id", "role", "assigned_...
                                                             ^")[39m

  [31m────────────────────────────────────────────────────────────────────────────────────────────────────────────────────[39m  
  [41;1m FAILED [49;22m [1mTests\Feature\Auth\DashboardResolverPriorityTest[22m [90m>[39m priority 5 single commission role redi… [41;1m QueryException [49;22m  
[39;1m  SQLSTATE[42703]: Undefined column: 7 FEHLER:  Spalte »assigned_at« von Relation »user_organisation_roles« existiert nicht
LINE 1: ...ion_roles" ("user_id", "organisation_id", "role", "assigned_...
                                                             ^ (Connection: pgsql, SQL: insert into "user_organisation_roles" ("user_id", "organisation_id", "role", "assigned_at") values (a1e8e84d-e96f-47c4-840e-50ae98c7b458, a1e8e84d-ed49-4020-a7ea-07712ed31f3b, member, 2026-05-31 08:43:39))[39;22m

  at [32mvendor\laravel\framework\src\Illuminate\Database\Connection.php[39m:[32m825[39m
    821▕                     $this->getName(), $query, $this->prepareBindings($bindings), $e
    822▕                 );
    823▕             }
    824▕ 
  ➜ 825▕             throw new QueryException(
    826▕                 $this->getName(), $query, $this->prepareBindings($bindings), $e
    827▕             );
    828▕         }
    829▕     }

  [33m1   [39m[39;1mvendor\laravel\framework\src\Illuminate\Database\Connection.php[39;22m:[39;1m825[39;22m

  [33m2   [39m[39;1mvendor\laravel\framework\src\Illuminate\Database\Connection.php[39;22m:[39;1m571[39;22m
  [90m    NunoMaduro\Collision\Exceptions\TestException::("SQLSTATE[42703]: Undefined column: 7 FEHLER:  Spalte »assigned_at« von Relation »user_organisation_roles« existiert nicht
LINE 1: ...ion_roles" ("user_id", "organisation_id", "role", "assigned_...
                                                             ^")[39m

  [31m────────────────────────────────────────────────────────────────────────────────────────────────────────────────────[39m  
  [41;1m FAILED [49;22m [1mTests\Feature\Auth\DashboardResolverPriorityTest[22m [90m>[39m active voting takes precedence over ne… [41;1m QueryException [49;22m  
[39;1m  SQLSTATE[23502]: Not null violation: 7 FEHLER:  NULL-Wert in Spalte »id« von Relation »user_organisation_roles« verletzt Not-Null-Constraint
DETAIL:  Fehlgeschlagene Zeile enthält (null, a1e8e84e-dee6-4a0f-831e-3aecfeada25a, a1e8e84e-e54a-414b-9791-4b390b0cba7a, member, null, null, null). (Connection: pgsql, SQL: insert into "user_organisation_roles" ("user_id", "organisation_id", "role") values (a1e8e84e-dee6-4a0f-831e-3aecfeada25a, a1e8e84e-e54a-414b-9791-4b390b0cba7a, member))[39;22m

  at [32mvendor\laravel\framework\src\Illuminate\Database\Connection.php[39m:[32m825[39m
    821▕                     $this->getName(), $query, $this->prepareBindings($bindings), $e
    822▕                 );
    823▕             }
    824▕ 
  ➜ 825▕             throw new QueryException(
    826▕                 $this->getName(), $query, $this->prepareBindings($bindings), $e
    827▕             );
    828▕         }
    829▕     }

  [33m1   [39m[39;1mvendor\laravel\framework\src\Illuminate\Database\Connection.php[39;22m:[39;1m825[39;22m

  [33m2   [39m[39;1mvendor\laravel\framework\src\Illuminate\Database\Connection.php[39;22m:[39;1m571[39;22m
  [90m    NunoMaduro\Collision\Exceptions\TestException::("SQLSTATE[23502]: Not null violation: 7 FEHLER:  NULL-Wert in Spalte »id« von Relation »user_organisation_roles« verletzt Not-Null-Constraint
DETAIL:  Fehlgeschlagene Zeile enthält (null, a1e8e84e-dee6-4a0f-831e-3aecfeada25a, a1e8e84e-e54a-414b-9791-4b390b0cba7a, member, null, null, null).")[39m

  [31m────────────────────────────────────────────────────────────────────────────────────────────────────────────────────[39m  
  [41;1m FAILED [49;22m [1mTests\Feature\Auth\DashboardResolverPriorityTest[22m [90m>[39m active election takes precedence over…  [41;1m QueryException [49;22m  
[39;1m  SQLSTATE[42703]: Undefined column: 7 FEHLER:  Spalte »is_voter« von Relation »users« existiert nicht
LINE 1: ...ation_id", "is_committee_member", "onboarded_at", "is_voter"...
                                                             ^ (Connection: pgsql, SQL: insert into "users" ("name", "email", "email_verified_at", "password", "remember_token", "region", "organisation_id", "is_committee_member", "onboarded_at", "is_voter", "id", "updated_at", "created_at") values (Eryn Kub, lrempel@example.net, 2026-05-31 08:43:40, $2y$10$92IXUNpkjO0rOQ5byMi.Ye4oKoEa3Ro9llC/.og/at2.uheWG/igi, 6h33KWdwIv, Alabama, 855c8791-7b66-47b8-9410-f5d788a41339, 0, ?, 1, a1e8e84f-7c3c-4bdb-8f61-fc68099c5e31, 2026-05-31 08:43:40, 2026-05-31 08:43:40))[39;22m

  at [32mvendor\laravel\framework\src\Illuminate\Database\Connection.php[39m:[32m825[39m
    821▕                     $this->getName(), $query, $this->prepareBindings($bindings), $e
    822▕                 );
    823▕             }
    824▕ 
  ➜ 825▕             throw new QueryException(
    826▕                 $this->getName(), $query, $this->prepareBindings($bindings), $e
    827▕             );
    828▕         }
    829▕     }

  [33m1   [39m[39;1mvendor\laravel\framework\src\Illuminate\Database\Connection.php[39;22m:[39;1m825[39;22m

  [33m2   [39m[39;1mvendor\laravel\framework\src\Illuminate\Database\Connection.php[39;22m:[39;1m571[39;22m
  [90m    NunoMaduro\Collision\Exceptions\TestException::("SQLSTATE[42703]: Undefined column: 7 FEHLER:  Spalte »is_voter« von Relation »users« existiert nicht
LINE 1: ...ation_id", "is_committee_member", "onboarded_at", "is_voter"...
                                                             ^")[39m

  [31m────────────────────────────────────────────────────────────────────────────────────────────────────────────────────[39m  
  [41;1m FAILED [49;22m [1mTests\Feature\Auth\DashboardResolverPriorityTest[22m [90m>[39m roles take precedence over welcome whe… [41;1m QueryException [49;22m  
[39;1m  SQLSTATE[42703]: Undefined column: 7 FEHLER:  Spalte »assigned_at« von Relation »user_organisation_roles« existiert nicht
LINE 1: ...ion_roles" ("user_id", "organisation_id", "role", "assigned_...
                                                             ^ (Connection: pgsql, SQL: insert into "user_organisation_roles" ("user_id", "organisation_id", "role", "assigned_at") values (a1e8e84f-f8c7-48f2-b8f3-73062dda06c4, a1e8e84f-fe22-4540-a621-40060809f71d, admin, 2026-05-31 08:43:40))[39;22m

  at [32mvendor\laravel\framework\src\Illuminate\Database\Connection.php[39m:[32m825[39m
    821▕                     $this->getName(), $query, $this->prepareBindings($bindings), $e
    822▕                 );
    823▕             }
    824▕ 
  ➜ 825▕             throw new QueryException(
    826▕                 $this->getName(), $query, $this->prepareBindings($bindings), $e
    827▕             );
    828▕         }
    829▕     }

  [33m1   [39m[39;1mvendor\laravel\framework\src\Illuminate\Database\Connection.php[39;22m:[39;1m825[39;22m

  [33m2   [39m[39;1mvendor\laravel\framework\src\Illuminate\Database\Connection.php[39;22m:[39;1m571[39;22m
  [90m    NunoMaduro\Collision\Exceptions\TestException::("SQLSTATE[42703]: Undefined column: 7 FEHLER:  Spalte »assigned_at« von Relation »user_organisation_roles« existiert nicht
LINE 1: ...ion_roles" ("user_id", "organisation_id", "role", "assigned_...
                                                             ^")[39m

  [31m────────────────────────────────────────────────────────────────────────────────────────────────────────────────────[39m  
  [41;1m FAILED [49;22m [1mTests\Feature\Auth\DashboardResolverTest[22m [90m>[39m first time user redirects to welcome dashboard  [41;1m QueryException [49;22m  
[39;1m  SQLSTATE[42703]: Undefined column: 7 FEHLER:  Spalte »is_voter« von Relation »users« existiert nicht
LINE 1: ...egion", "organisation_id", "is_committee_member", "is_voter"...
                                                             ^ (Connection: pgsql, SQL: insert into "users" ("name", "email", "email_verified_at", "password", "remember_token", "region", "organisation_id", "is_committee_member", "is_voter", "id", "updated_at", "created_at") values (Imani Johnston I, beatty.damion@example.org, 2026-05-31 08:43:40, $2y$10$92IXUNpkjO0rOQ5byMi.Ye4oKoEa3Ro9llC/.og/at2.uheWG/igi, i5yezh7yFQ, Florida, 855c8791-7b66-47b8-9410-f5d788a41339, 0, 0, a1e8e850-8260-4f9c-bcd7-486f5b7f4131, 2026-05-31 08:43:40, 2026-05-31 08:43:40))[39;22m

  at [32mvendor\laravel\framework\src\Illuminate\Database\Connection.php[39m:[32m825[39m
    821▕                     $this->getName(), $query, $this->prepareBindings($bindings), $e
    822▕                 );
    823▕             }
    824▕ 
  ➜ 825▕             throw new QueryException(
    826▕                 $this->getName(), $query, $this->prepareBindings($bindings), $e
    827▕             );
    828▕         }
    829▕     }

  [33m1   [39m[39;1mvendor\laravel\framework\src\Illuminate\Database\Connection.php[39;22m:[39;1m825[39;22m

  [33m2   [39m[39;1mvendor\laravel\framework\src\Illuminate\Database\Connection.php[39;22m:[39;1m571[39;22m
  [90m    NunoMaduro\Collision\Exceptions\TestException::("SQLSTATE[42703]: Undefined column: 7 FEHLER:  Spalte »is_voter« von Relation »users« existiert nicht
LINE 1: ...egion", "organisation_id", "is_committee_member", "is_voter"...
                                                             ^")[39m

  [31m────────────────────────────────────────────────────────────────────────────────────────────────────────────────────[39m  
  [41;1m FAILED [49;22m [1mTests\Feature\Auth\DashboardResolverTest[22m [90m>[39m user with single org role redirects to organis… [41;1m QueryException [49;22m  
[39;1m  SQLSTATE[23502]: Not null violation: 7 FEHLER:  NULL-Wert in Spalte »id« von Relation »user_organisation_roles« verletzt Not-Null-Constraint
DETAIL:  Fehlgeschlagene Zeile enthält (null, a1e8e851-10f5-4d11-8f0a-6e9fd9df4892, a1e8e851-1686-4624-b548-51ffcabf603b, admin, null, null, null). (Connection: pgsql, SQL: insert into "user_organisation_roles" ("user_id", "organisation_id", "role") values (a1e8e851-10f5-4d11-8f0a-6e9fd9df4892, a1e8e851-1686-4624-b548-51ffcabf603b, admin))[39;22m

  at [32mvendor\laravel\framework\src\Illuminate\Database\Connection.php[39m:[32m825[39m
    821▕                     $this->getName(), $query, $this->prepareBindings($bindings), $e
    822▕                 );
    823▕             }
    824▕ 
  ➜ 825▕             throw new QueryException(
    826▕                 $this->getName(), $query, $this->prepareBindings($bindings), $e
    827▕             );
    828▕         }
    829▕     }

  [33m1   [39m[39;1mvendor\laravel\framework\src\Illuminate\Database\Connection.php[39;22m:[39;1m825[39;22m

  [33m2   [39m[39;1mvendor\laravel\framework\src\Illuminate\Database\Connection.php[39;22m:[39;1m571[39;22m
  [90m    NunoMaduro\Collision\Exceptions\TestException::("SQLSTATE[23502]: Not null violation: 7 FEHLER:  NULL-Wert in Spalte »id« von Relation »user_organisation_roles« verletzt Not-Null-Constraint
DETAIL:  Fehlgeschlagene Zeile enthält (null, a1e8e851-10f5-4d11-8f0a-6e9fd9df4892, a1e8e851-1686-4624-b548-51ffcabf603b, admin, null, null, null).")[39m

  [31m────────────────────────────────────────────────────────────────────────────────────────────────────────────────────[39m  
  [41;1m FAILED [49;22m [1mTests\Feature\Auth\DashboardResolverTest[22m [90m>[39m user with multiple roles redirects to role sel… [41;1m QueryException [49;22m  
[39;1m  SQLSTATE[23502]: Not null violation: 7 FEHLER:  NULL-Wert in Spalte »id« von Relation »user_organisation_roles« verletzt Not-Null-Constraint
DETAIL:  Fehlgeschlagene Zeile enthält (null, a1e8e851-896f-4bcf-8978-2b5926031a07, a1e8e851-8df1-41a7-8fa5-0dfaaedf231e, admin, null, null, null). (Connection: pgsql, SQL: insert into "user_organisation_roles" ("organisation_id", "role", "user_id") values (a1e8e851-8df1-41a7-8fa5-0dfaaedf231e, admin, a1e8e851-896f-4bcf-8978-2b5926031a07), (a1e8e851-8eca-47fa-a6a3-2a8c9b9e5468, editor, a1e8e851-896f-4bcf-8978-2b5926031a07))[39;22m

  at [32mvendor\laravel\framework\src\Illuminate\Database\Connection.php[39m:[32m825[39m
    821▕                     $this->getName(), $query, $this->prepareBindings($bindings), $e
    822▕                 );
    823▕             }
    824▕ 
  ➜ 825▕             throw new QueryException(
    826▕                 $this->getName(), $query, $this->prepareBindings($bindings), $e
    827▕             );
    828▕         }
    829▕     }

  [33m1   [39m[39;1mvendor\laravel\framework\src\Illuminate\Database\Connection.php[39;22m:[39;1m825[39;22m

  [33m2   [39m[39;1mvendor\laravel\framework\src\Illuminate\Database\Connection.php[39;22m:[39;1m571[39;22m
  [90m    NunoMaduro\Collision\Exceptions\TestException::("SQLSTATE[23502]: Not null violation: 7 FEHLER:  NULL-Wert in Spalte »id« von Relation »user_organisation_roles« verletzt Not-Null-Constraint
DETAIL:  Fehlgeschlagene Zeile enthält (null, a1e8e851-896f-4bcf-8978-2b5926031a07, a1e8e851-8df1-41a7-8fa5-0dfaaedf231e, admin, null, null, null).")[39m

  [31m────────────────────────────────────────────────────────────────────────────────────────────────────────────────────[39m  
  [41;1m FAILED [49;22m [1mTests\Feature\Auth\DashboardResolverTest[22m [90m>[39m voter user redirects to vote dashboard          [41;1m QueryException [49;22m  
[39;1m  SQLSTATE[42703]: Undefined column: 7 FEHLER:  Spalte »is_voter« von Relation »users« existiert nicht
LINE 1: ...egion", "organisation_id", "is_committee_member", "is_voter"...
                                                             ^ (Connection: pgsql, SQL: insert into "users" ("name", "email", "email_verified_at", "password", "remember_token", "region", "organisation_id", "is_committee_member", "is_voter", "id", "updated_at", "created_at") values (Ms. Rosella Larson III, ostiedemann@example.net, 2026-05-31 08:43:41, $2y$10$92IXUNpkjO0rOQ5byMi.Ye4oKoEa3Ro9llC/.og/at2.uheWG/igi, Taet2uHH3z, Rhode Island, 855c8791-7b66-47b8-9410-f5d788a41339, 0, 1, a1e8e851-e628-4cd1-990f-09e077c10944, 2026-05-31 08:43:41, 2026-05-31 08:43:41))[39;22m

  at [32mvendor\laravel\framework\src\Illuminate\Database\Connection.php[39m:[32m825[39m
    821▕                     $this->getName(), $query, $this->prepareBindings($bindings), $e
    822▕                 );
    823▕             }
    824▕ 
  ➜ 825▕             throw new QueryException(
    826▕                 $this->getName(), $query, $this->prepareBindings($bindings), $e
    827▕             );
    828▕         }
    829▕     }

  [33m1   [39m[39;1mvendor\laravel\framework\src\Illuminate\Database\Connection.php[39;22m:[39;1m825[39;22m

  [33m2   [39m[39;1mvendor\laravel\framework\src\Illuminate\Database\Connection.php[39;22m:[39;1m571[39;22m
  [90m    NunoMaduro\Collision\Exceptions\TestException::("SQLSTATE[42703]: Undefined column: 7 FEHLER:  Spalte »is_voter« von Relation »users« existiert nicht
LINE 1: ...egion", "organisation_id", "is_committee_member", "is_voter"...
                                                             ^")[39m

  [31m────────────────────────────────────────────────────────────────────────────────────────────────────────────────────[39m  
  [41;1m FAILED [49;22m [1mTests\Feature\Auth\DashboardResolverTest[22m [90m>[39m dashboard resolution is cached                  [41;1m QueryException [49;22m  
[39;1m  SQLSTATE[42703]: Undefined column: 7 FEHLER:  Spalte »is_voter« von Relation »users« existiert nicht
LINE 1: ...egion", "organisation_id", "is_committee_member", "is_voter"...
                                                             ^ (Connection: pgsql, SQL: insert into "users" ("name", "email", "email_verified_at", "password", "remember_token", "region", "organisation_id", "is_committee_member", "is_voter", "id", "updated_at", "created_at") values (Gaetano Kunde, eleanore38@example.com, 2026-05-31 08:43:41, $2y$10$92IXUNpkjO0rOQ5byMi.Ye4oKoEa3Ro9llC/.og/at2.uheWG/igi, Zk3mA5WIbc, Rhode Island, 855c8791-7b66-47b8-9410-f5d788a41339, 0, 0, a1e8e852-33c1-4c98-91d1-4150f8f18084, 2026-05-31 08:43:41, 2026-05-31 08:43:41))[39;22m

  at [32mvendor\laravel\framework\src\Illuminate\Database\Connection.php[39m:[32m825[39m
    821▕                     $this->getName(), $query, $this->prepareBindings($bindings), $e
    822▕                 );
    823▕             }
    824▕ 
  ➜ 825▕             throw new QueryException(
    826▕                 $this->getName(), $query, $this->prepareBindings($bindings), $e
    827▕             );
    828▕         }
    829▕     }

  [33m1   [39m[39;1mvendor\laravel\framework\src\Illuminate\Database\Connection.php[39;22m:[39;1m825[39;22m

  [33m2   [39m[39;1mvendor\laravel\framework\src\Illuminate\Database\Connection.php[39;22m:[39;1m571[39;22m
  [90m    NunoMaduro\Collision\Exceptions\TestException::("SQLSTATE[42703]: Undefined column: 7 FEHLER:  Spalte »is_voter« von Relation »users« existiert nicht
LINE 1: ...egion", "organisation_id", "is_committee_member", "is_voter"...
                                                             ^")[39m

  [31m────────────────────────────────────────────────────────────────────────────────────────────────────────────────────[39m  
  [41;1m FAILED [49;22m [1mTests\Feature\Auth\DashboardResolverTest[22m [90m>[39m stale cache not used                            [41;1m QueryException [49;22m  
[39;1m  SQLSTATE[42703]: Undefined column: 7 FEHLER:  Spalte »is_voter« von Relation »users« existiert nicht
LINE 1: ...egion", "organisation_id", "is_committee_member", "is_voter"...
                                                             ^ (Connection: pgsql, SQL: insert into "users" ("name", "email", "email_verified_at", "password", "remember_token", "region", "organisation_id", "is_committee_member", "is_voter", "last_activity_at", "id", "updated_at", "created_at") values (Daphne Nicolas, dkozey@example.com, 2026-05-31 08:43:42, $2y$10$92IXUNpkjO0rOQ5byMi.Ye4oKoEa3Ro9llC/.og/at2.uheWG/igi, IOs71qh15F, Ohio, 855c8791-7b66-47b8-9410-f5d788a41339, 0, 0, 2026-05-31 08:38:42, a1e8e852-9284-4473-94e4-e20c16382b5b, 2026-05-31 08:43:42, 2026-05-31 08:43:42))[39;22m

  at [32mvendor\laravel\framework\src\Illuminate\Database\Connection.php[39m:[32m825[39m
    821▕                     $this->getName(), $query, $this->prepareBindings($bindings), $e
    822▕                 );
    823▕             }
    824▕ 
  ➜ 825▕             throw new QueryException(
    826▕                 $this->getName(), $query, $this->prepareBindings($bindings), $e
    827▕             );
    828▕         }
    829▕     }

  [33m1   [39m[39;1mvendor\laravel\framework\src\Illuminate\Database\Connection.php[39;22m:[39;1m825[39;22m

  [33m2   [39m[39;1mvendor\laravel\framework\src\Illuminate\Database\Connection.php[39;22m:[39;1m571[39;22m
  [90m    NunoMaduro\Collision\Exceptions\TestException::("SQLSTATE[42703]: Undefined column: 7 FEHLER:  Spalte »is_voter« von Relation »users« existiert nicht
LINE 1: ...egion", "organisation_id", "is_committee_member", "is_voter"...
                                                             ^")[39m

  [31m────────────────────────────────────────────────────────────────────────────────────────────────────────────────────[39m  
  [41;1m FAILED [49;22m [1mTests\Feature\Auth\DashboardResolverTest[22m [90m>[39m active voting session takes priority            [41;1m QueryException [49;22m  
[39;1m  SQLSTATE[23502]: Not null violation: 7 FEHLER:  NULL-Wert in Spalte »id« von Relation »voter_slugs« verletzt Not-Null-Constraint
DETAIL:  Fehlgeschlagene Zeile enthält (null, null, a1e8e852-f42c-4251-9f02-6f6ac8bb3ed8, a1e8e852-eebd-43eb-85ce-b33d756ff51a, test-slug, 1, null, 2026-05-31 08:43:42, 2026-05-31 08:43:42, null, null, null, t, f, t, null, null, null, null, null, null, null, null, null, null, 30, active, null). (Connection: pgsql, SQL: insert into "voter_slugs" ("user_id", "election_id", "slug", "current_step", "is_active", "created_at", "updated_at") values (a1e8e852-eebd-43eb-85ce-b33d756ff51a, a1e8e852-f42c-4251-9f02-6f6ac8bb3ed8, test-slug, 1, 1, 2026-05-31 08:43:42, 2026-05-31 08:43:42))[39;22m

  at [32mvendor\laravel\framework\src\Illuminate\Database\Connection.php[39m:[32m825[39m
    821▕                     $this->getName(), $query, $this->prepareBindings($bindings), $e
    822▕                 );
    823▕             }
    824▕ 
  ➜ 825▕             throw new QueryException(
    826▕                 $this->getName(), $query, $this->prepareBindings($bindings), $e
    827▕             );
    828▕         }
    829▕     }

  [33m1   [39m[39;1mvendor\laravel\framework\src\Illuminate\Database\Connection.php[39;22m:[39;1m825[39;22m

  [33m2   [39m[39;1mvendor\laravel\framework\src\Illuminate\Database\Connection.php[39;22m:[39;1m571[39;22m
  [90m    NunoMaduro\Collision\Exceptions\TestException::("SQLSTATE[23502]: Not null violation: 7 FEHLER:  NULL-Wert in Spalte »id« von Relation »voter_slugs« verletzt Not-Null-Constraint
DETAIL:  Fehlgeschlagene Zeile enthält (null, null, a1e8e852-f42c-4251-9f02-6f6ac8bb3ed8, a1e8e852-eebd-43eb-85ce-b33d756ff51a, test-slug, 1, null, 2026-05-31 08:43:42, 2026-05-31 08:43:42, null, null, null, t, f, t, null, null, null, null, null, null, null, null, null, null, 30, active, null).")[39m

  [31m────────────────────────────────────────────────────────────────────────────────────────────────────────────────────[39m  
  [41;1m FAILED [49;22m [1mTests\Feature\Auth\DashboardResolverTest[22m [90m>[39m legacy fallback for users with legacy roles   [41;1m RoleDoesNotExist [49;22m  
[39;1m  There is no role named `admin` for guard `web`.[39;22m

  at [32mvendor\spatie\laravel-permission\src\Exceptions\RoleDoesNotExist.php[39m:[32m11[39m
      7▕ class RoleDoesNotExist extends InvalidArgumentException
      8▕ {
      9▕     public static function named(string $roleName, ?string $guardName)
     10▕     {
  ➜  11▕         return new static("There is no role named `{$roleName}` for guard `{$guardName}`.");
     12▕     }
     13▕ 
     14▕     /**
     15▕      * @param  int|string  $roleId

  [33m1   [39m[39;1mvendor\spatie\laravel-permission\src\Exceptions\RoleDoesNotExist.php[39;22m:[39;1m11[39;22m
  [33m2   [39m[39;1mvendor\spatie\laravel-permission\src\Models\Role.php[39;22m:[39;1m105[39;22m

  [31m────────────────────────────────────────────────────────────────────────────────────────────────────────────────────[39m  
  [41;1m FAILED [49;22m [1mTests\Feature\Auth\DashboardResolverTest[22m [90m>[39m handles missing tables gracefully               [41;1m QueryException [49;22m  
[39;1m  SQLSTATE[42703]: Undefined column: 7 FEHLER:  Spalte »is_voter« von Relation »users« existiert nicht
LINE 1: ...egion", "organisation_id", "is_committee_member", "is_voter"...
                                                             ^ (Connection: pgsql, SQL: insert into "users" ("name", "email", "email_verified_at", "password", "remember_token", "region", "organisation_id", "is_committee_member", "is_voter", "id", "updated_at", "created_at") values (Trisha Cartwright IV, rosa74@example.org, 2026-05-31 08:43:42, $2y$10$92IXUNpkjO0rOQ5byMi.Ye4oKoEa3Ro9llC/.og/at2.uheWG/igi, hNShwWCmKk, New York, 855c8791-7b66-47b8-9410-f5d788a41339, 0, 0, a1e8e853-ba99-4155-af23-815abe532698, 2026-05-31 08:43:42, 2026-05-31 08:43:42))[39;22m

  at [32mvendor\laravel\framework\src\Illuminate\Database\Connection.php[39m:[32m825[39m
    821▕                     $this->getName(), $query, $this->prepareBindings($bindings), $e
    822▕                 );
    823▕             }
    824▕ 
  ➜ 825▕             throw new QueryException(
    826▕                 $this->getName(), $query, $this->prepareBindings($bindings), $e
    827▕             );
    828▕         }
    829▕     }

  [33m1   [39m[39;1mvendor\laravel\framework\src\Illuminate\Database\Connection.php[39;22m:[39;1m825[39;22m

  [33m2   [39m[39;1mvendor\laravel\framework\src\Illuminate\Database\Connection.php[39;22m:[39;1m571[39;22m
  [90m    NunoMaduro\Collision\Exceptions\TestException::("SQLSTATE[42703]: Undefined column: 7 FEHLER:  Spalte »is_voter« von Relation »users« existiert nicht
LINE 1: ...egion", "organisation_id", "is_committee_member", "is_voter"...
                                                             ^")[39m

  [31m────────────────────────────────────────────────────────────────────────────────────────────────────────────────────[39m  
  [41;1m FAILED [49;22m [1mTests\Feature\Auth\DashboardResolverTest[22m [90m>[39m commission member redirects to commission dash… [41;1m QueryException [49;22m  
[39;1m  SQLSTATE[42P01]: Undefined table: 7 FEHLER:  Relation »election_commission_members« existiert nicht
LINE 1: insert into "election_commission_members" ("user_id", "elect...
                    ^ (Connection: pgsql, SQL: insert into "election_commission_members" ("user_id", "election_id", "created_at", "updated_at") values (a1e8e854-0631-4ae7-9bb8-ba5ba2214879, a1e8e854-0b8c-4ecc-a812-5de907fb7312, 2026-05-31 08:43:43, 2026-05-31 08:43:43))[39;22m

  at [32mvendor\laravel\framework\src\Illuminate\Database\Connection.php[39m:[32m825[39m
    821▕                     $this->getName(), $query, $this->prepareBindings($bindings), $e
    822▕                 );
    823▕             }
    824▕ 
  ➜ 825▕             throw new QueryException(
    826▕                 $this->getName(), $query, $this->prepareBindings($bindings), $e
    827▕             );
    828▕         }
    829▕     }

  [33m1   [39m[39;1mvendor\laravel\framework\src\Illuminate\Database\Connection.php[39;22m:[39;1m825[39;22m

  [33m2   [39m[39;1mvendor\laravel\framework\src\Illuminate\Database\Connection.php[39;22m:[39;1m571[39;22m
  [90m    NunoMaduro\Collision\Exceptions\TestException::("SQLSTATE[42P01]: Undefined table: 7 FEHLER:  Relation »election_commission_members« existiert nicht
LINE 1: insert into "election_commission_members" ("user_id", "elect...
                    ^")[39m

  [31m────────────────────────────────────────────────────────────────────────────────────────────────────────────────────[39m  
  [41;1m FAILED [49;22m [1mTests\Feature\Auth\DashboardResolverTest[22m [90m>[39m role priority organization over voter           [41;1m QueryException [49;22m  
[39;1m  SQLSTATE[42703]: Undefined column: 7 FEHLER:  Spalte »is_voter« von Relation »users« existiert nicht
LINE 1: ...egion", "organisation_id", "is_committee_member", "is_voter"...
                                                             ^ (Connection: pgsql, SQL: insert into "users" ("name", "email", "email_verified_at", "password", "remember_token", "region", "organisation_id", "is_committee_member", "is_voter", "id", "updated_at", "created_at") values (Prof. Lizzie Stanton DVM, peter62@example.net, 2026-05-31 08:43:43, $2y$10$92IXUNpkjO0rOQ5byMi.Ye4oKoEa3Ro9llC/.og/at2.uheWG/igi, WmbjZSmgKq, Virginia, 855c8791-7b66-47b8-9410-f5d788a41339, 0, 1, a1e8e854-75a0-4580-b76a-ab191fc980dd, 2026-05-31 08:43:43, 2026-05-31 08:43:43))[39;22m

  at [32mvendor\laravel\framework\src\Illuminate\Database\Connection.php[39m:[32m825[39m
    821▕                     $this->getName(), $query, $this->prepareBindings($bindings), $e
    822▕                 );
    823▕             }
    824▕ 
  ➜ 825▕             throw new QueryException(
    826▕                 $this->getName(), $query, $this->prepareBindings($bindings), $e
    827▕             );
    828▕         }
    829▕     }

  [33m1   [39m[39;1mvendor\laravel\framework\src\Illuminate\Database\Connection.php[39;22m:[39;1m825[39;22m

  [33m2   [39m[39;1mvendor\laravel\framework\src\Illuminate\Database\Connection.php[39;22m:[39;1m571[39;22m
  [90m    NunoMaduro\Collision\Exceptions\TestException::("SQLSTATE[42703]: Undefined column: 7 FEHLER:  Spalte »is_voter« von Relation »users« existiert nicht
LINE 1: ...egion", "organisation_id", "is_committee_member", "is_voter"...
                                                             ^")[39m

  [31m────────────────────────────────────────────────────────────────────────────────────────────────────────────────────[39m  
  [41;1m FAILED [49;22m [1mTests\Feature\Auth\DashboardResolverTest[22m [90m>[39m tenant context is set on organisation redirect           [41;1m Error [49;22m  
[39;1m  Call to undefined method App\Services\TenantContext::getCurrentOrganisation()[39;22m

  at [32mtests\Feature\Auth\DashboardResolverTest.php[39m:[32m261[39m
    257▕ 
    258▕         // After resolution, TenantContext should have the organisation set
    259▕         // (This verifies that setContext was called during resolution)
    260▕         try {
  ➜ 261▕             $currentOrg = $tenantContext->getCurrentOrganisation();
    262▕             $this->assertEquals($organisation->id, $currentOrg->id);
    263▕         } catch (\RuntimeException $e) {
    264▕             // If TenantContext is not set, this test will fail
    265▕             $this->fail('TenantContext was not set during DashboardResolver resolution: ' . $e->getMessage());

  [33m1   [39m[39;1mtests\Feature\Auth\DashboardResolverTest.php[39;22m:[39;1m261[39;22m

  [31m────────────────────────────────────────────────────────────────────────────────────────────────────────────────────[39m  
  [41;1m FAILED [49;22m [1mTests\Feature\Auth\EmergencyDashboardControllerTest[22m [90m>[39m emergency dashboard require… [41;1m RouteNotFoundException [49;22m  
[39;1m  Route [dashboard.emergency] not defined.[39;22m

  at [32mvendor\laravel\framework\src\Illuminate\Routing\UrlGenerator.php[39m:[32m517[39m
    513▕             ! is_null($url = call_user_func($this->missingNamedRouteResolver, $name, $parameters, $absolute))) {
    514▕             return $url;
    515▕         }
    516▕ 
  ➜ 517▕         throw new RouteNotFoundException("Route [{$name}] not defined.");
    518▕     }
    519▕ 
    520▕     /**
    521▕      * Get the URL for a given route instance.

  [33m1   [39m[39;1mvendor\laravel\framework\src\Illuminate\Routing\UrlGenerator.php[39;22m:[39;1m517[39;22m
  [33m2   [39m[39;1mvendor\laravel\framework\src\Illuminate\Foundation\helpers.php[39;22m:[39;1m853[39;22m

  [31m────────────────────────────────────────────────────────────────────────────────────────────────────────────────────[39m  
  [41;1m FAILED [49;22m [1mTests\Feature\Auth\EmergencyDashboardControllerTest[22m [90m>[39m authenticated user can acce… [41;1m RouteNotFoundException [49;22m  
[39;1m  Route [dashboard.emergency] not defined.[39;22m

  at [32mvendor\laravel\framework\src\Illuminate\Routing\UrlGenerator.php[39m:[32m517[39m
    513▕             ! is_null($url = call_user_func($this->missingNamedRouteResolver, $name, $parameters, $absolute))) {
    514▕             return $url;
    515▕         }
    516▕ 
  ➜ 517▕         throw new RouteNotFoundException("Route [{$name}] not defined.");
    518▕     }
    519▕ 
    520▕     /**
    521▕      * Get the URL for a given route instance.

  [33m1   [39m[39;1mvendor\laravel\framework\src\Illuminate\Routing\UrlGenerator.php[39;22m:[39;1m517[39;22m
  [33m2   [39m[39;1mvendor\laravel\framework\src\Illuminate\Foundation\helpers.php[39;22m:[39;1m853[39;22m

  [31m────────────────────────────────────────────────────────────────────────────────────────────────────────────────────[39m  
  [41;1m FAILED [49;22m [1mTests\Feature\Auth\EmergencyDashboardControllerTest[22m [90m>[39m emergency dashb… [41;1m UniqueConstraintViolationException [49;22m  
[39;1m  SQLSTATE[23505]: Unique violation: 7 FEHLER:  doppelter Schlüsselwert verletzt Unique-Constraint »users_email_unique«
DETAIL:  Schlüssel »(email)=(test@example.com)« existiert bereits. (Connection: pgsql, SQL: insert into "users" ("name", "email", "email_verified_at", "password", "remember_token", "region", "organisation_id", "is_committee_member", "id", "updated_at", "created_at") values (Test User, test@example.com, 2026-05-31 08:43:44, $2y$10$92IXUNpkjO0rOQ5byMi.Ye4oKoEa3Ro9llC/.og/at2.uheWG/igi, TBjbANMKht, New Jersey, 855c8791-7b66-47b8-9410-f5d788a41339, 0, a1e8e856-1d71-4298-a7e0-2a5f951af411, 2026-05-31 08:43:44, 2026-05-31 08:43:44))[39;22m

  at [32mvendor\laravel\framework\src\Illuminate\Database\Connection.php[39m:[32m820[39m
    816▕         // message to include the bindings with SQL, which will make this exception a
    817▕         // lot more helpful to the developer instead of just the database's errors.
    818▕         catch (Exception $e) {
    819▕             if ($this->isUniqueConstraintError($e)) {
  ➜ 820▕                 throw new UniqueConstraintViolationException(
    821▕                     $this->getName(), $query, $this->prepareBindings($bindings), $e
    822▕                 );
    823▕             }
    824▕

  [33m1   [39m[39;1mvendor\laravel\framework\src\Illuminate\Database\Connection.php[39;22m:[39;1m820[39;22m

  [33m2   [39m[39;1mvendor\laravel\framework\src\Illuminate\Database\Connection.php[39;22m:[39;1m571[39;22m
  [90m    NunoMaduro\Collision\Exceptions\TestException::("SQLSTATE[23505]: Unique violation: 7 FEHLER:  doppelter Schlüsselwert verletzt Unique-Constraint »users_email_unique«
DETAIL:  Schlüssel »(email)=(test@example.com)« existiert bereits.")[39m

  [31m────────────────────────────────────────────────────────────────────────────────────────────────────────────────────[39m  
  [41;1m FAILED [49;22m [1mTests\Feature\Auth\EmergencyDashboardControllerTest[22m [90m>[39m emergency dashboard loads organisat… [41;1m QueryException [49;22m  
[39;1m  SQLSTATE[23502]: Not null violation: 7 FEHLER:  NULL-Wert in Spalte »id« von Relation »user_organisation_roles« verletzt Not-Null-Constraint
DETAIL:  Fehlgeschlagene Zeile enthält (null, a1e8e856-851e-498d-b66e-3a8369b0a12c, a1e8e856-8858-462d-af7c-086b43509c67, member, null, 2026-05-31 08:43:44, 2026-05-31 08:43:44). (Connection: pgsql, SQL: insert into "user_organisation_roles" ("created_at", "organisation_id", "updated_at", "user_id") values (2026-05-31 08:43:44, a1e8e856-8858-462d-af7c-086b43509c67, 2026-05-31 08:43:44, a1e8e856-851e-498d-b66e-3a8369b0a12c), (2026-05-31 08:43:44, a1e8e856-88f6-42e2-b5aa-fb8ff579bd7c, 2026-05-31 08:43:44, a1e8e856-851e-498d-b66e-3a8369b0a12c))[39;22m

  at [32mvendor\laravel\framework\src\Illuminate\Database\Connection.php[39m:[32m825[39m
    821▕                     $this->getName(), $query, $this->prepareBindings($bindings), $e
    822▕                 );
    823▕             }
    824▕ 
  ➜ 825▕             throw new QueryException(
    826▕                 $this->getName(), $query, $this->prepareBindings($bindings), $e
    827▕             );
    828▕         }
    829▕     }

  [33m1   [39m[39;1mvendor\laravel\framework\src\Illuminate\Database\Connection.php[39;22m:[39;1m825[39;22m

  [33m2   [39m[39;1mvendor\laravel\framework\src\Illuminate\Database\Connection.php[39;22m:[39;1m571[39;22m
  [90m    NunoMaduro\Collision\Exceptions\TestException::("SQLSTATE[23502]: Not null violation: 7 FEHLER:  NULL-Wert in Spalte »id« von Relation »user_organisation_roles« verletzt Not-Null-Constraint
DETAIL:  Fehlgeschlagene Zeile enthält (null, a1e8e856-851e-498d-b66e-3a8369b0a12c, a1e8e856-8858-462d-af7c-086b43509c67, member, null, 2026-05-31 08:43:44, 2026-05-31 08:43:44).")[39m

  [31m────────────────────────────────────────────────────────────────────────────────────────────────────────────────────[39m  
  [41;1m FAILED [49;22m [1mTests\Feature\Auth\EmergencyDashboardControllerTest[22m [90m>[39m emergency dashboard handles… [41;1m RouteNotFoundException [49;22m  
[39;1m  Route [dashboard.emergency] not defined.[39;22m

  at [32mvendor\laravel\framework\src\Illuminate\Routing\UrlGenerator.php[39m:[32m517[39m
    513▕             ! is_null($url = call_user_func($this->missingNamedRouteResolver, $name, $parameters, $absolute))) {
    514▕             return $url;
    515▕         }
    516▕ 
  ➜ 517▕         throw new RouteNotFoundException("Route [{$name}] not defined.");
    518▕     }
    519▕ 
    520▕     /**
    521▕      * Get the URL for a given route instance.

  [33m1   [39m[39;1mvendor\laravel\framework\src\Illuminate\Routing\UrlGenerator.php[39;22m:[39;1m517[39;22m
  [33m2   [39m[39;1mvendor\laravel\framework\src\Illuminate\Foundation\helpers.php[39;22m:[39;1m853[39;22m

  [31m────────────────────────────────────────────────────────────────────────────────────────────────────────────────────[39m  
  [41;1m FAILED [49;22m [1mTests\Feature\Auth\EmergencyDashboardControllerTest[22m [90m>[39m emergency dashboard provide… [41;1m RouteNotFoundException [49;22m  
[39;1m  Route [dashboard.emergency] not defined.[39;22m

  at [32mvendor\laravel\framework\src\Illuminate\Routing\UrlGenerator.php[39m:[32m517[39m
    513▕             ! is_null($url = call_user_func($this->missingNamedRouteResolver, $name, $parameters, $absolute))) {
    514▕             return $url;
    515▕         }
    516▕ 
  ➜ 517▕         throw new RouteNotFoundException("Route [{$name}] not defined.");
    518▕     }
    519▕ 
    520▕     /**
    521▕      * Get the URL for a given route instance.

  [33m1   [39m[39;1mvendor\laravel\framework\src\Illuminate\Routing\UrlGenerator.php[39;22m:[39;1m517[39;22m
  [33m2   [39m[39;1mvendor\laravel\framework\src\Illuminate\Foundation\helpers.php[39;22m:[39;1m853[39;22m

  [31m────────────────────────────────────────────────────────────────────────────────────────────────────────────────────[39m  
  [41;1m FAILED [49;22m [1mTests\Feature\Auth\EmergencyDashboardControllerTest[22m [90m>[39m logout from emergency dashb… [41;1m BadMethodCallException [49;22m  
[39;1m  Call to undefined method Illuminate\Http\RedirectResponse::assertRedirectPath()[39;22m

  at [32mvendor\laravel\framework\src\Illuminate\Support\Traits\ForwardsCalls.php[39m:[32m67[39m
     63▕      * @throws \BadMethodCallException
     64▕      */
     65▕     protected static function throwBadMethodCallException($method)
     66▕     {
  ➜  67▕         throw new BadMethodCallException(sprintf(
     68▕             'Call to undefined method %s::%s()', static::class, $method
     69▕         ));
     70▕     }
     71▕ }

  [33m1   [39m[39;1mvendor\laravel\framework\src\Illuminate\Support\Traits\ForwardsCalls.php[39;22m:[39;1m67[39;22m
  [33m2   [39m[39;1mvendor\laravel\framework\src\Illuminate\Http\RedirectResponse.php[39;22m:[39;1m256[39;22m

  [31m────────────────────────────────────────────────────────────────────────────────────────────────────────────────────[39m  
  [41;1m FAILED [49;22m [1mTests\Feature\Auth\EmergencyDashboardControllerTest[22m [90m>[39m emergency dashboard display… [41;1m RouteNotFoundException [49;22m  
[39;1m  Route [dashboard.emergency] not defined.[39;22m

  at [32mvendor\laravel\framework\src\Illuminate\Routing\UrlGenerator.php[39m:[32m517[39m
    513▕             ! is_null($url = call_user_func($this->missingNamedRouteResolver, $name, $parameters, $absolute))) {
    514▕             return $url;
    515▕         }
    516▕ 
  ➜ 517▕         throw new RouteNotFoundException("Route [{$name}] not defined.");
    518▕     }
    519▕ 
    520▕     /**
    521▕      * Get the URL for a given route instance.

  [33m1   [39m[39;1mvendor\laravel\framework\src\Illuminate\Routing\UrlGenerator.php[39;22m:[39;1m517[39;22m
  [33m2   [39m[39;1mvendor\laravel\framework\src\Illuminate\Foundation\helpers.php[39;22m:[39;1m853[39;22m

  [31m────────────────────────────────────────────────────────────────────────────────────────────────────────────────────[39m  
  [41;1m FAILED [49;22m [1mTests\Feature\Auth\EmergencyDashboardControllerTest[22m [90m>[39m emergency dashboard include… [41;1m RouteNotFoundException [49;22m  
[39;1m  Route [dashboard.emergency] not defined.[39;22m

  at [32mvendor\laravel\framework\src\Illuminate\Routing\UrlGenerator.php[39m:[32m517[39m
    513▕             ! is_null($url = call_user_func($this->missingNamedRouteResolver, $name, $parameters, $absolute))) {
    514▕             return $url;
    515▕         }
    516▕ 
  ➜ 517▕         throw new RouteNotFoundException("Route [{$name}] not defined.");
    518▕     }
    519▕ 
    520▕     /**
    521▕      * Get the URL for a given route instance.

  [33m1   [39m[39;1mvendor\laravel\framework\src\Illuminate\Routing\UrlGenerator.php[39;22m:[39;1m517[39;22m
  [33m2   [39m[39;1mvendor\laravel\framework\src\Illuminate\Foundation\helpers.php[39;22m:[39;1m853[39;22m

  [31m────────────────────────────────────────────────────────────────────────────────────────────────────────────────────[39m  
  [41;1m FAILED [49;22m [1mTests\Feature\Auth\EmergencyDashboardControllerTest[22m [90m>[39m emergency dashboard include… [41;1m RouteNotFoundException [49;22m  
[39;1m  Route [dashboard.emergency] not defined.[39;22m

  at [32mvendor\laravel\framework\src\Illuminate\Routing\UrlGenerator.php[39m:[32m517[39m
    513▕             ! is_null($url = call_user_func($this->missingNamedRouteResolver, $name, $parameters, $absolute))) {
    514▕             return $url;
    515▕         }
    516▕ 
  ➜ 517▕         throw new RouteNotFoundException("Route [{$name}] not defined.");
    518▕     }
    519▕ 
    520▕     /**
    521▕      * Get the URL for a given route instance.

  [33m1   [39m[39;1mvendor\laravel\framework\src\Illuminate\Routing\UrlGenerator.php[39;22m:[39;1m517[39;22m
  [33m2   [39m[39;1mvendor\laravel\framework\src\Illuminate\Foundation\helpers.php[39;22m:[39;1m853[39;22m

  [31m────────────────────────────────────────────────────────────────────────────────────────────────────────────────────[39m  
  [41;1m FAILED [49;22m [1mTests\Feature\Auth\EmergencyDashboardControllerTest[22m [90m>[39m emergency dashboard shows m… [41;1m RouteNotFoundException [49;22m  
[39;1m  Route [dashboard.emergency] not defined.[39;22m

  at [32mvendor\laravel\framework\src\Illuminate\Routing\UrlGenerator.php[39m:[32m517[39m
    513▕             ! is_null($url = call_user_func($this->missingNamedRouteResolver, $name, $parameters, $absolute))) {
    514▕             return $url;
    515▕         }
    516▕ 
  ➜ 517▕         throw new RouteNotFoundException("Route [{$name}] not defined.");
    518▕     }
    519▕ 
    520▕     /**
    521▕      * Get the URL for a given route instance.

  [33m1   [39m[39;1mvendor\laravel\framework\src\Illuminate\Routing\UrlGenerator.php[39;22m:[39;1m517[39;22m
  [33m2   [39m[39;1mvendor\laravel\framework\src\Illuminate\Foundation\helpers.php[39;22m:[39;1m853[39;22m

  [31m────────────────────────────────────────────────────────────────────────────────────────────────────────────────────[39m  
  [41;1m FAILED [49;22m [1mTests\Feature\Auth\EmergencyDashboardControllerTest[22m [90m>[39m health check endpoint retur… [41;1m RouteNotFoundException [49;22m  
[39;1m  Route [dashboard.emergency.health] not defined.[39;22m

  at [32mvendor\laravel\framework\src\Illuminate\Routing\UrlGenerator.php[39m:[32m517[39m
    513▕             ! is_null($url = call_user_func($this->missingNamedRouteResolver, $name, $parameters, $absolute))) {
    514▕             return $url;
    515▕         }
    516▕ 
  ➜ 517▕         throw new RouteNotFoundException("Route [{$name}] not defined.");
    518▕     }
    519▕ 
    520▕     /**
    521▕      * Get the URL for a given route instance.

  [33m1   [39m[39;1mvendor\laravel\framework\src\Illuminate\Routing\UrlGenerator.php[39;22m:[39;1m517[39;22m
  [33m2   [39m[39;1mvendor\laravel\framework\src\Illuminate\Foundation\helpers.php[39;22m:[39;1m853[39;22m

  [31m────────────────────────────────────────────────────────────────────────────────────────────────────────────────────[39m  
  [41;1m FAILED [49;22m [1mTests\Feature\Auth\EmergencyDashboardControllerTest[22m [90m>[39m emergency dashboard minimal… [41;1m RouteNotFoundException [49;22m  
[39;1m  Route [dashboard.emergency] not defined.[39;22m

  at [32mvendor\laravel\framework\src\Illuminate\Routing\UrlGenerator.php[39m:[32m517[39m
    513▕             ! is_null($url = call_user_func($this->missingNamedRouteResolver, $name, $parameters, $absolute))) {
    514▕             return $url;
    515▕         }
    516▕ 
  ➜ 517▕         throw new RouteNotFoundException("Route [{$name}] not defined.");
    518▕     }
    519▕ 
    520▕     /**
    521▕      * Get the URL for a given route instance.

  [33m1   [39m[39;1mvendor\laravel\framework\src\Illuminate\Routing\UrlGenerator.php[39;22m:[39;1m517[39;22m
  [33m2   [39m[39;1mvendor\laravel\framework\src\Illuminate\Foundation\helpers.php[39;22m:[39;1m853[39;22m

  [31m────────────────────────────────────────────────────────────────────────────────────────────────────────────────────[39m  
  [41;1m FAILED [49;22m [1mTests\Feature\Auth\EmergencyDashboardControllerTest[22m [90m>[39m emergency dashboard includes org sw… [41;1m QueryException [49;22m  
[39;1m  SQLSTATE[23502]: Not null violation: 7 FEHLER:  NULL-Wert in Spalte »id« von Relation »user_organisation_roles« verletzt Not-Null-Constraint
DETAIL:  Fehlgeschlagene Zeile enthält (null, a1e8e85a-78c5-4554-aed9-591da09f8644, a1e8e85a-7ced-4b0f-aa66-94fe24e049cf, member, null, 2026-05-31 08:43:47, 2026-05-31 08:43:47). (Connection: pgsql, SQL: insert into "user_organisation_roles" ("created_at", "organisation_id", "updated_at", "user_id") values (2026-05-31 08:43:47, a1e8e85a-7ced-4b0f-aa66-94fe24e049cf, 2026-05-31 08:43:47, a1e8e85a-78c5-4554-aed9-591da09f8644))[39;22m

  at [32mvendor\laravel\framework\src\Illuminate\Database\Connection.php[39m:[32m825[39m
    821▕                     $this->getName(), $query, $this->prepareBindings($bindings), $e
    822▕                 );
    823▕             }
    824▕ 
  ➜ 825▕             throw new QueryException(
    826▕                 $this->getName(), $query, $this->prepareBindings($bindings), $e
    827▕             );
    828▕         }
    829▕     }

  [33m1   [39m[39;1mvendor\laravel\framework\src\Illuminate\Database\Connection.php[39;22m:[39;1m825[39;22m

  [33m2   [39m[39;1mvendor\laravel\framework\src\Illuminate\Database\Connection.php[39;22m:[39;1m571[39;22m
  [90m    NunoMaduro\Collision\Exceptions\TestException::("SQLSTATE[23502]: Not null violation: 7 FEHLER:  NULL-Wert in Spalte »id« von Relation »user_organisation_roles« verletzt Not-Null-Constraint
DETAIL:  Fehlgeschlagene Zeile enthält (null, a1e8e85a-78c5-4554-aed9-591da09f8644, a1e8e85a-7ced-4b0f-aa66-94fe24e049cf, member, null, 2026-05-31 08:43:47, 2026-05-31 08:43:47).")[39m

  [31m────────────────────────────────────────────────────────────────────────────────────────────────────────────────────[39m  
  [41;1m FAILED [49;22m [1mTests\Feature\Auth\HasActiveElectionTest[22m [90m>[39m has active election returns true when active election exists      
[39;1m  Failed asserting that false is true.[39;22m

  at [32mtests\Feature\Auth\HasActiveElectionTest.php[39m:[32m61[39m
     57▕             'created_at' => now(),
     58▕             'updated_at' => now(),
     59▕         ]);
     60▕ 
  ➜  61▕         $this->assertTrue($user->hasActiveElection());
     62▕         $this->assertNotNull($user->getActiveElection());
     63▕         $this->assertEquals($electionId, $user->getActiveElection()->id);
     64▕         $this->assertEquals(1, $user->countActiveElections());
     65▕     }

  [33m1   [39m[39;1mtests\Feature\Auth\HasActiveElectionTest.php[39;22m:[39;1m61[39;22m

  [31m────────────────────────────────────────────────────────────────────────────────────────────────────────────────────[39m  
  [41;1m FAILED [49;22m [1mTests\Feature\Auth\HasActiveElectionTest[22m [90m>[39m count active elections returns correct number                     
[39;1m  Failed asserting that 0 matches expected 2.[39;22m

  at [32mtests\Feature\Auth\HasActiveElectionTest.php[39m:[32m216[39m
    212▕             'created_at' => now(),
    213▕             'updated_at' => now(),
    214▕         ]);
    215▕ 
  ➜ 216▕         $this->assertEquals(2, $user->countActiveElections());
    217▕     }
    218▕ 
    219▕     /**
    220▕      * Test getActiveElection ignores elections outside date range

  [33m1   [39m[39;1mtests\Feature\Auth\HasActiveElectionTest.php[39;22m:[39;1m216[39;22m

  [31m────────────────────────────────────────────────────────────────────────────────────────────────────────────────────[39m  
  [41;1m FAILED [49;22m [1mTests\Feature\Auth\HasActiveElectionTest[22m [90m>[39m get active election returns first ordered by s… [41;1m ErrorException [49;22m  
[39;1m  Attempt to read property "id" on null[39;22m

  at [32mtests\Feature\Auth\HasActiveElectionTest.php[39m:[32m297[39m
    293▕         ]);
    294▕ 
    295▕         // Should return first election
    296▕         $activeElection = $user->getActiveElection();
  ➜ 297▕         $this->assertEquals($firstElectionId, $activeElection->id);
    298▕     }
    299▕ 
    300▕     /**
    301▕      * Test hasActiveElection with multiple organisations

  [31m────────────────────────────────────────────────────────────────────────────────────────────────────────────────────[39m  
  [41;1m FAILED [49;22m [1mTests\Feature\Auth\HasActiveElectionTest[22m [90m>[39m has active election checks all user organisations                 
[39;1m  Failed asserting that false is true.[39;22m

  at [32mtests\Feature\Auth\HasActiveElectionTest.php[39m:[32m343[39m
    339▕             'updated_at' => now(),
    340▕         ]);
    341▕ 
    342▕         // User should find the election
  ➜ 343▕         $this->assertTrue($user->hasActiveElection());
    344▕         $this->assertEquals($electionId, $user->getActiveElection()->id);
    345▕         $this->assertEquals(1, $user->countActiveElections());
    346▕     }
    347▕ }

  [33m1   [39m[39;1mtests\Feature\Auth\HasActiveElectionTest.php[39;22m:[39;1m343[39;22m

  [31m────────────────────────────────────────────────────────────────────────────────────────────────────────────────────[39m  
  [41;1m FAILED [49;22m [1mTests\Feature\Auth\LoginFallbackChainTest[22m [90m>[39m level 1 normal resolution for new user         [41;1m QueryException [49;22m  
[39;1m  SQLSTATE[42703]: Undefined column: 7 FEHLER:  Spalte »is_voter« von Relation »users« existiert nicht
LINE 1: ...egion", "organisation_id", "is_committee_member", "is_voter"...
                                                             ^ (Connection: pgsql, SQL: insert into "users" ("name", "email", "email_verified_at", "password", "remember_token", "region", "organisation_id", "is_committee_member", "is_voter", "id", "updated_at", "created_at") values (Laila Ledner MD, nfeil@example.net, 2026-05-31 08:43:52, $2y$10$92IXUNpkjO0rOQ5byMi.Ye4oKoEa3Ro9llC/.og/at2.uheWG/igi, DzJgRgvj0T, Rhode Island, 855c8791-7b66-47b8-9410-f5d788a41339, 0, 0, a1e8e862-bbb6-4703-8a5c-031cf22fa5d7, 2026-05-31 08:43:52, 2026-05-31 08:43:52))[39;22m

  at [32mvendor\laravel\framework\src\Illuminate\Database\Connection.php[39m:[32m825[39m
    821▕                     $this->getName(), $query, $this->prepareBindings($bindings), $e
    822▕                 );
    823▕             }
    824▕ 
  ➜ 825▕             throw new QueryException(
    826▕                 $this->getName(), $query, $this->prepareBindings($bindings), $e
    827▕             );
    828▕         }
    829▕     }

  [33m1   [39m[39;1mvendor\laravel\framework\src\Illuminate\Database\Connection.php[39;22m:[39;1m825[39;22m

  [33m2   [39m[39;1mvendor\laravel\framework\src\Illuminate\Database\Connection.php[39;22m:[39;1m571[39;22m
  [90m    NunoMaduro\Collision\Exceptions\TestException::("SQLSTATE[42703]: Undefined column: 7 FEHLER:  Spalte »is_voter« von Relation »users« existiert nicht
LINE 1: ...egion", "organisation_id", "is_committee_member", "is_voter"...
                                                             ^")[39m

  [31m────────────────────────────────────────────────────────────────────────────────────────────────────────────────────[39m  
  [41;1m FAILED [49;22m [1mTests\Feature\Auth\LoginFallbackChainTest[22m [90m>[39m level 1 uses cache on second login             [41;1m QueryException [49;22m  
[39;1m  SQLSTATE[42703]: Undefined column: 7 FEHLER:  Spalte »is_voter« von Relation »users« existiert nicht
LINE 1: ...egion", "organisation_id", "is_committee_member", "is_voter"...
                                                             ^ (Connection: pgsql, SQL: insert into "users" ("name", "email", "email_verified_at", "password", "remember_token", "region", "organisation_id", "is_committee_member", "is_voter", "id", "updated_at", "created_at") values (Alivia Botsford MD, margot91@example.net, 2026-05-31 08:43:52, $2y$10$92IXUNpkjO0rOQ5byMi.Ye4oKoEa3Ro9llC/.og/at2.uheWG/igi, R9wOv9av8h, Vermont, 855c8791-7b66-47b8-9410-f5d788a41339, 0, 0, a1e8e863-3a79-4261-9f36-151816bca230, 2026-05-31 08:43:53, 2026-05-31 08:43:53))[39;22m

  at [32mvendor\laravel\framework\src\Illuminate\Database\Connection.php[39m:[32m825[39m
    821▕                     $this->getName(), $query, $this->prepareBindings($bindings), $e
    822▕                 );
    823▕             }
    824▕ 
  ➜ 825▕             throw new QueryException(
    826▕                 $this->getName(), $query, $this->prepareBindings($bindings), $e
    827▕             );
    828▕         }
    829▕     }

  [33m1   [39m[39;1mvendor\laravel\framework\src\Illuminate\Database\Connection.php[39;22m:[39;1m825[39;22m

  [33m2   [39m[39;1mvendor\laravel\framework\src\Illuminate\Database\Connection.php[39;22m:[39;1m571[39;22m
  [90m    NunoMaduro\Collision\Exceptions\TestException::("SQLSTATE[42703]: Undefined column: 7 FEHLER:  Spalte »is_voter« von Relation »users« existiert nicht
LINE 1: ...egion", "organisation_id", "is_committee_member", "is_voter"...
                                                             ^")[39m

  [31m────────────────────────────────────────────────────────────────────────────────────────────────────────────────────[39m  
  [41;1m FAILED [49;22m [1mTests\Feature\Auth\LoginFallbackChainTest[22m [90m>[39m level 1 routes based on user role              [41;1m QueryException [49;22m  
[39;1m  SQLSTATE[23502]: Not null violation: 7 FEHLER:  NULL-Wert in Spalte »id« von Relation »user_organisation_roles« verletzt Not-Null-Constraint
DETAIL:  Fehlgeschlagene Zeile enthält (null, a1e8e863-bed8-4a2f-a3d0-895515d57c0c, a1e8e863-c1f0-4df7-8e37-4364f1a3cffe, admin, null, null, null). (Connection: pgsql, SQL: insert into "user_organisation_roles" ("user_id", "organisation_id", "role") values (a1e8e863-bed8-4a2f-a3d0-895515d57c0c, a1e8e863-c1f0-4df7-8e37-4364f1a3cffe, admin))[39;22m

  at [32mvendor\laravel\framework\src\Illuminate\Database\Connection.php[39m:[32m825[39m
    821▕                     $this->getName(), $query, $this->prepareBindings($bindings), $e
    822▕                 );
    823▕             }
    824▕ 
  ➜ 825▕             throw new QueryException(
    826▕                 $this->getName(), $query, $this->prepareBindings($bindings), $e
    827▕             );
    828▕         }
    829▕     }

  [33m1   [39m[39;1mvendor\laravel\framework\src\Illuminate\Database\Connection.php[39;22m:[39;1m825[39;22m

  [33m2   [39m[39;1mvendor\laravel\framework\src\Illuminate\Database\Connection.php[39;22m:[39;1m571[39;22m
  [90m    NunoMaduro\Collision\Exceptions\TestException::("SQLSTATE[23502]: Not null violation: 7 FEHLER:  NULL-Wert in Spalte »id« von Relation »user_organisation_roles« verletzt Not-Null-Constraint
DETAIL:  Fehlgeschlagene Zeile enthält (null, a1e8e863-bed8-4a2f-a3d0-895515d57c0c, a1e8e863-c1f0-4df7-8e37-4364f1a3cffe, admin, null, null, null).")[39m

  [31m────────────────────────────────────────────────────────────────────────────────────────────────────────────────────[39m  
  [41;1m FAILED [49;22m [1mTests\Feature\Auth\LoginFallbackChainTest[22m [90m>[39m cache invalidated when roles change            [41;1m QueryException [49;22m  
[39;1m  SQLSTATE[42703]: Undefined column: 7 FEHLER:  Spalte »is_voter« von Relation »users« existiert nicht
LINE 1: ...egion", "organisation_id", "is_committee_member", "is_voter"...
                                                             ^ (Connection: pgsql, SQL: insert into "users" ("name", "email", "email_verified_at", "password", "remember_token", "region", "organisation_id", "is_committee_member", "is_voter", "id", "updated_at", "created_at") values (Nathaniel Stroman, jennifer.upton@example.net, 2026-05-31 08:43:53, $2y$10$92IXUNpkjO0rOQ5byMi.Ye4oKoEa3Ro9llC/.og/at2.uheWG/igi, M8DV2v3PrI, Wisconsin, 855c8791-7b66-47b8-9410-f5d788a41339, 0, 0, a1e8e864-ab76-4578-9a7a-6ac5cf1e13e6, 2026-05-31 08:43:53, 2026-05-31 08:43:53))[39;22m

  at [32mvendor\laravel\framework\src\Illuminate\Database\Connection.php[39m:[32m825[39m
    821▕                     $this->getName(), $query, $this->prepareBindings($bindings), $e
    822▕                 );
    823▕             }
    824▕ 
  ➜ 825▕             throw new QueryException(
    826▕                 $this->getName(), $query, $this->prepareBindings($bindings), $e
    827▕             );
    828▕         }
    829▕     }

  [33m1   [39m[39;1mvendor\laravel\framework\src\Illuminate\Database\Connection.php[39;22m:[39;1m825[39;22m

  [33m2   [39m[39;1mvendor\laravel\framework\src\Illuminate\Database\Connection.php[39;22m:[39;1m571[39;22m
  [90m    NunoMaduro\Collision\Exceptions\TestException::("SQLSTATE[42703]: Undefined column: 7 FEHLER:  Spalte »is_voter« von Relation »users« existiert nicht
LINE 1: ...egion", "organisation_id", "is_committee_member", "is_voter"...
                                                             ^")[39m

  [31m────────────────────────────────────────────────────────────────────────────────────────────────────────────────────[39m  
  [41;1m FAILED [49;22m [1mTests\Feature\Auth\LoginFallbackChainTest[22m [90m>[39m fallback chain has emergency dashboar… [41;1m RouteNotFoundException [49;22m  
[39;1m  Route [dashboard.emergency] not defined.[39;22m

  at [32mvendor\laravel\framework\src\Illuminate\Routing\UrlGenerator.php[39m:[32m517[39m
    513▕             ! is_null($url = call_user_func($this->missingNamedRouteResolver, $name, $parameters, $absolute))) {
    514▕             return $url;
    515▕         }
    516▕ 
  ➜ 517▕         throw new RouteNotFoundException("Route [{$name}] not defined.");
    518▕     }
    519▕ 
    520▕     /**
    521▕      * Get the URL for a given route instance.

  [33m1   [39m[39;1mvendor\laravel\framework\src\Illuminate\Routing\UrlGenerator.php[39;22m:[39;1m517[39;22m
  [33m2   [39m[39;1mvendor\laravel\framework\src\Illuminate\Foundation\helpers.php[39;22m:[39;1m853[39;22m

  [31m────────────────────────────────────────────────────────────────────────────────────────────────────────────────────[39m  
  [41;1m FAILED [49;22m [1mTests\Feature\Auth\LoginFallbackChainTest[22m [90m>[39m all user types route correctly                 [41;1m QueryException [49;22m  
[39;1m  SQLSTATE[42703]: Undefined column: 7 FEHLER:  Spalte »is_voter« von Relation »users« existiert nicht
LINE 1: ...egion", "organisation_id", "is_committee_member", "is_voter"...
                                                             ^ (Connection: pgsql, SQL: insert into "users" ("name", "email", "email_verified_at", "password", "remember_token", "region", "organisation_id", "is_committee_member", "is_voter", "id", "updated_at", "created_at") values (Dr. Hilda Cruickshank II, zwindler@example.org, 2026-05-31 08:43:54, $2y$10$92IXUNpkjO0rOQ5byMi.Ye4oKoEa3Ro9llC/.og/at2.uheWG/igi, hTtCztYpYF, Illinois, 855c8791-7b66-47b8-9410-f5d788a41339, 0, 0, a1e8e865-ad1c-4cf9-8da2-f156b1f2b1fd, 2026-05-31 08:43:54, 2026-05-31 08:43:54))[39;22m

  at [32mvendor\laravel\framework\src\Illuminate\Database\Connection.php[39m:[32m825[39m
    821▕                     $this->getName(), $query, $this->prepareBindings($bindings), $e
    822▕                 );
    823▕             }
    824▕ 
  ➜ 825▕             throw new QueryException(
    826▕                 $this->getName(), $query, $this->prepareBindings($bindings), $e
    827▕             );
    828▕         }
    829▕     }

  [33m1   [39m[39;1mvendor\laravel\framework\src\Illuminate\Database\Connection.php[39;22m:[39;1m825[39;22m

  [33m2   [39m[39;1mvendor\laravel\framework\src\Illuminate\Database\Connection.php[39;22m:[39;1m571[39;22m
  [90m    NunoMaduro\Collision\Exceptions\TestException::("SQLSTATE[42703]: Undefined column: 7 FEHLER:  Spalte »is_voter« von Relation »users« existiert nicht
LINE 1: ...egion", "organisation_id", "is_committee_member", "is_voter"...
                                                             ^")[39m

  [31m────────────────────────────────────────────────────────────────────────────────────────────────────────────────────[39m  
  [41;1m FAILED [49;22m [1mTests\Feature\Auth\LoginFallbackChainTest[22m [90m>[39m cache respects session freshness               [41;1m QueryException [49;22m  
[39;1m  SQLSTATE[42703]: Undefined column: 7 FEHLER:  Spalte »is_voter« von Relation »users« existiert nicht
LINE 1: ...egion", "organisation_id", "is_committee_member", "is_voter"...
                                                             ^ (Connection: pgsql, SQL: insert into "users" ("name", "email", "email_verified_at", "password", "remember_token", "region", "organisation_id", "is_committee_member", "is_voter", "last_activity_at", "id", "updated_at", "created_at") values (Coralie Altenwerth, dillan.pfannerstill@example.com, 2026-05-31 08:43:55, $2y$10$92IXUNpkjO0rOQ5byMi.Ye4oKoEa3Ro9llC/.og/at2.uheWG/igi, jk9uzSZN5j, Louisiana, 855c8791-7b66-47b8-9410-f5d788a41339, 0, 0, 2026-05-31 08:43:55, a1e8e866-73be-4576-adc3-b25aa0189403, 2026-05-31 08:43:55, 2026-05-31 08:43:55))[39;22m

  at [32mvendor\laravel\framework\src\Illuminate\Database\Connection.php[39m:[32m825[39m
    821▕                     $this->getName(), $query, $this->prepareBindings($bindings), $e
    822▕                 );
    823▕             }
    824▕ 
  ➜ 825▕             throw new QueryException(
    826▕                 $this->getName(), $query, $this->prepareBindings($bindings), $e
    827▕             );
    828▕         }
    829▕     }

  [33m1   [39m[39;1mvendor\laravel\framework\src\Illuminate\Database\Connection.php[39;22m:[39;1m825[39;22m

  [33m2   [39m[39;1mvendor\laravel\framework\src\Illuminate\Database\Connection.php[39;22m:[39;1m571[39;22m
  [90m    NunoMaduro\Collision\Exceptions\TestException::("SQLSTATE[42703]: Undefined column: 7 FEHLER:  Spalte »is_voter« von Relation »users« existiert nicht
LINE 1: ...egion", "organisation_id", "is_committee_member", "is_voter"...
                                                             ^")[39m

  [31m────────────────────────────────────────────────────────────────────────────────────────────────────────────────────[39m  
  [41;1m FAILED [49;22m [1mTests\Feature\Auth\LoginFallbackChainTest[22m [90m>[39m voting session priority over cache                      [41;1m Error [49;22m  
[39;1m  Interface "Laravel\Fortify\Contracts\LoginResponse" not found[39;22m

  at [32mapp\Http\Responses\LoginResponse.php[39m:[32m30[39m
     26▕  *
     27▕  * This response determines which dashboard/page each user is routed to
     28▕  * after successful login based on their roles, organisations, and voting status.
     29▕  */
  ➜  30▕ class LoginResponse implements FortifyLoginResponse
     31▕ {
     32▕     /**
     33▕      * Unique request ID for this login operation
     34▕      * Used to track the login flow through logs

  [33m1   [39m[39;1mapp\Http\Responses\LoginResponse.php[39;22m:[39;1m30[39;22m
  [33m2   [39m[39;1mtests\Feature\Auth\LoginFallbackChainTest.php[39;22m:[39;1m231[39;22m

  [31m────────────────────────────────────────────────────────────────────────────────────────────────────────────────────[39m  
  [41;1m FAILED [49;22m [1mTests\Feature\Auth\LoginFallbackChainTest[22m [90m>[39m multiple roles go to selection                 [41;1m QueryException [49;22m  
[39;1m  SQLSTATE[23502]: Not null violation: 7 FEHLER:  NULL-Wert in Spalte »id« von Relation »user_organisation_roles« verletzt Not-Null-Constraint
DETAIL:  Fehlgeschlagene Zeile enthält (null, a1e8e867-c356-4ea9-8365-de0f1cb6ce59, a1e8e867-c8e3-447e-9d60-bfe5ff370c71, admin, null, null, null). (Connection: pgsql, SQL: insert into "user_organisation_roles" ("organisation_id", "role", "user_id") values (a1e8e867-c8e3-447e-9d60-bfe5ff370c71, admin, a1e8e867-c356-4ea9-8365-de0f1cb6ce59), (a1e8e867-c9ec-42ba-99f5-bd1b2782e6c6, editor, a1e8e867-c356-4ea9-8365-de0f1cb6ce59))[39;22m

  at [32mvendor\laravel\framework\src\Illuminate\Database\Connection.php[39m:[32m825[39m
    821▕                     $this->getName(), $query, $this->prepareBindings($bindings), $e
    822▕                 );
    823▕             }
    824▕ 
  ➜ 825▕             throw new QueryException(
    826▕                 $this->getName(), $query, $this->prepareBindings($bindings), $e
    827▕             );
    828▕         }
    829▕     }

  [33m1   [39m[39;1mvendor\laravel\framework\src\Illuminate\Database\Connection.php[39;22m:[39;1m825[39;22m

  [33m2   [39m[39;1mvendor\laravel\framework\src\Illuminate\Database\Connection.php[39;22m:[39;1m571[39;22m
  [90m    NunoMaduro\Collision\Exceptions\TestException::("SQLSTATE[23502]: Not null violation: 7 FEHLER:  NULL-Wert in Spalte »id« von Relation »user_organisation_roles« verletzt Not-Null-Constraint
DETAIL:  Fehlgeschlagene Zeile enthält (null, a1e8e867-c356-4ea9-8365-de0f1cb6ce59, a1e8e867-c8e3-447e-9d60-bfe5ff370c71, admin, null, null, null).")[39m

  [31m────────────────────────────────────────────────────────────────────────────────────────────────────────────────────[39m  
  [41;1m FAILED [49;22m [1mTests\Feature\Auth\LoginFlowDebugTest[22m [90m>[39m trace first time user login flow                   [41;1m QueryException [49;22m  
[39;1m  SQLSTATE[23502]: Not null violation: 7 FEHLER:  NULL-Wert in Spalte »organisation_id« von Relation »users« verletzt Not-Null-Constraint
DETAIL:  Fehlgeschlagene Zeile enthält (a1e8e868-87c3-4604-a216-0048d9dcfa36, null, John Doe, Bayern, john@example.com, 2026-05-31 08:43:56, $2y$04$XQr6hGtMpb7vIyABSRx.DujFp63l1t9R1LbsCKHLm8eApz.xr886W, null, 2026-05-31 08:43:56, 2026-05-31 08:43:56, null, null, null, null, null, null, null, null, null, null, null, null, null, null, null, null, null, anonymous, null, null, f, null, f, null). (Connection: pgsql, SQL: insert into "users" ("email", "region", "password", "name", "email_verified_at", "id", "updated_at", "created_at") values (john@example.com, Bayern, $2y$04$XQr6hGtMpb7vIyABSRx.DujFp63l1t9R1LbsCKHLm8eApz.xr886W, John Doe, 2026-05-31 08:43:56, a1e8e868-87c3-4604-a216-0048d9dcfa36, 2026-05-31 08:43:56, 2026-05-31 08:43:56))[39;22m

  at [32mvendor\laravel\framework\src\Illuminate\Database\Connection.php[39m:[32m825[39m
    821▕                     $this->getName(), $query, $this->prepareBindings($bindings), $e
    822▕                 );
    823▕             }
    824▕ 
  ➜ 825▕             throw new QueryException(
    826▕                 $this->getName(), $query, $this->prepareBindings($bindings), $e
    827▕             );
    828▕         }
    829▕     }

  [33m1   [39m[39;1mvendor\laravel\framework\src\Illuminate\Database\Connection.php[39;22m:[39;1m825[39;22m

  [33m2   [39m[39;1mvendor\laravel\framework\src\Illuminate\Database\Connection.php[39;22m:[39;1m571[39;22m
  [90m    NunoMaduro\Collision\Exceptions\TestException::("SQLSTATE[23502]: Not null violation: 7 FEHLER:  NULL-Wert in Spalte »organisation_id« von Relation »users« verletzt Not-Null-Constraint
DETAIL:  Fehlgeschlagene Zeile enthält (a1e8e868-87c3-4604-a216-0048d9dcfa36, null, John Doe, Bayern, john@example.com, 2026-05-31 08:43:56, $2y$04$XQr6hGtMpb7vIyABSRx.DujFp63l1t9R1LbsCKHLm8eApz.xr886W, null, 2026-05-31 08:43:56, 2026-05-31 08:43:56, null, null, null, null, null, null, null, null, null, null, null, null, null, null, null, null, null, anonymous, null, null, f, null, f, null).")[39m

  [31m────────────────────────────────────────────────────────────────────────────────────────────────────────────────────[39m  
  [41;1m FAILED [49;22m [1mTests\Feature\Auth\LoginOrganisationAccessTest[22m [90m>[39m newly registered user has pivot record created              
[39;1m  Pivot record should exist for user ff05bf61-de4d-4c54-81da-fbacb76fd9c1 in organisation 5885c3de-8a56-4986-bf1d-c8fdd6832963
Failed asserting that null is not null.[39;22m

  at [32mtests\Feature\Auth\LoginOrganisationAccessTest.php[39m:[32m41[39m
     37▕             ->where('user_id', $user->id)
     38▕             ->where('organisation_id', $user->organisation_id)
     39▕             ->first();
     40▕ 
  ➜  41▕         $this->assertNotNull($pivotRecord, "Pivot record should exist for user {$user->id} in organisation {$user->organisation_id}");
     42▕         $this->assertEquals('member', $pivotRecord->role, 'Role should be member');
     43▕     }
     44▕ 
     45▕     /** @test */

  [33m1   [39m[39;1mtests\Feature\Auth\LoginOrganisationAccessTest.php[39;22m:[39;1m41[39;22m

  [31m────────────────────────────────────────────────────────────────────────────────────────────────────────────────────[39m  
  [41;1m FAILED [49;22m [1mTests\Feature\Auth\LoginOrganisationAccessTest[22m [90m>[39m user can access their default organisati… [41;1m QueryException [49;22m  
[39;1m  SQLSTATE[23502]: Not null violation: 7 FEHLER:  NULL-Wert in Spalte »id« von Relation »user_organisation_roles« verletzt Not-Null-Constraint
DETAIL:  Fehlgeschlagene Zeile enthält (null, a1e8e869-cb23-433d-98a6-8af1a6552135, 855c8791-7b66-47b8-9410-f5d788a41339, member, null, 2026-05-31 08:43:57, 2026-05-31 08:43:57). (Connection: pgsql, SQL: insert into "user_organisation_roles" ("user_id", "organisation_id", "role", "created_at", "updated_at") values (a1e8e869-cb23-433d-98a6-8af1a6552135, 855c8791-7b66-47b8-9410-f5d788a41339, member, 2026-05-31 08:43:57, 2026-05-31 08:43:57))[39;22m

  at [32mvendor\laravel\framework\src\Illuminate\Database\Connection.php[39m:[32m825[39m
    821▕                     $this->getName(), $query, $this->prepareBindings($bindings), $e
    822▕                 );
    823▕             }
    824▕ 
  ➜ 825▕             throw new QueryException(
    826▕                 $this->getName(), $query, $this->prepareBindings($bindings), $e
    827▕             );
    828▕         }
    829▕     }

  [33m1   [39m[39;1mvendor\laravel\framework\src\Illuminate\Database\Connection.php[39;22m:[39;1m825[39;22m

  [33m2   [39m[39;1mvendor\laravel\framework\src\Illuminate\Database\Connection.php[39;22m:[39;1m571[39;22m
  [90m    NunoMaduro\Collision\Exceptions\TestException::("SQLSTATE[23502]: Not null violation: 7 FEHLER:  NULL-Wert in Spalte »id« von Relation »user_organisation_roles« verletzt Not-Null-Constraint
DETAIL:  Fehlgeschlagene Zeile enthält (null, a1e8e869-cb23-433d-98a6-8af1a6552135, 855c8791-7b66-47b8-9410-f5d788a41339, member, null, 2026-05-31 08:43:57, 2026-05-31 08:43:57).")[39m

  [31m────────────────────────────────────────────────────────────────────────────────────────────────────────────────────[39m  
  [41;1m FAILED [49;22m [1mTests\Feature\Auth\LoginOrganisationAccessTest[22m [90m>[39m user membership check query returns corr… [41;1m QueryException [49;22m  
[39;1m  SQLSTATE[23502]: Not null violation: 7 FEHLER:  NULL-Wert in Spalte »id« von Relation »user_organisation_roles« verletzt Not-Null-Constraint
DETAIL:  Fehlgeschlagene Zeile enthält (null, a1e8e86a-7485-495a-85f4-626a64caad8a, 855c8791-7b66-47b8-9410-f5d788a41339, member, null, 2026-05-31 08:43:57, 2026-05-31 08:43:57). (Connection: pgsql, SQL: insert into "user_organisation_roles" ("user_id", "organisation_id", "role", "created_at", "updated_at") values (a1e8e86a-7485-495a-85f4-626a64caad8a, 855c8791-7b66-47b8-9410-f5d788a41339, member, 2026-05-31 08:43:57, 2026-05-31 08:43:57))[39;22m

  at [32mvendor\laravel\framework\src\Illuminate\Database\Connection.php[39m:[32m825[39m
    821▕                     $this->getName(), $query, $this->prepareBindings($bindings), $e
    822▕                 );
    823▕             }
    824▕ 
  ➜ 825▕             throw new QueryException(
    826▕                 $this->getName(), $query, $this->prepareBindings($bindings), $e
    827▕             );
    828▕         }
    829▕     }

  [33m1   [39m[39;1mvendor\laravel\framework\src\Illuminate\Database\Connection.php[39;22m:[39;1m825[39;22m

  [33m2   [39m[39;1mvendor\laravel\framework\src\Illuminate\Database\Connection.php[39;22m:[39;1m571[39;22m
  [90m    NunoMaduro\Collision\Exceptions\TestException::("SQLSTATE[23502]: Not null violation: 7 FEHLER:  NULL-Wert in Spalte »id« von Relation »user_organisation_roles« verletzt Not-Null-Constraint
DETAIL:  Fehlgeschlagene Zeile enthält (null, a1e8e86a-7485-495a-85f4-626a64caad8a, 855c8791-7b66-47b8-9410-f5d788a41339, member, null, 2026-05-31 08:43:57, 2026-05-31 08:43:57).")[39m

  [31m────────────────────────────────────────────────────────────────────────────────────────────────────────────────────[39m  
  [41;1m FAILED [49;22m [1mTests\Feature\Auth\LoginOrganisationAccessTest[22m [90m>[39m pivot record data integrity check         [41;1m QueryException [49;22m  
[39;1m  SQLSTATE[23502]: Not null violation: 7 FEHLER:  NULL-Wert in Spalte »id« von Relation »user_organisation_roles« verletzt Not-Null-Constraint
DETAIL:  Fehlgeschlagene Zeile enthält (null, a1e8e86a-f462-4681-8c47-3d10b452d556, 855c8791-7b66-47b8-9410-f5d788a41339, member, null, 2026-05-31 08:43:58, 2026-05-31 08:43:58). (Connection: pgsql, SQL: insert into "user_organisation_roles" ("user_id", "organisation_id", "role", "created_at", "updated_at") values (a1e8e86a-f462-4681-8c47-3d10b452d556, 855c8791-7b66-47b8-9410-f5d788a41339, member, 2026-05-31 08:43:58, 2026-05-31 08:43:58) on conflict do nothing)[39;22m

  at [32mvendor\laravel\framework\src\Illuminate\Database\Connection.php[39m:[32m825[39m
    821▕                     $this->getName(), $query, $this->prepareBindings($bindings), $e
    822▕                 );
    823▕             }
    824▕ 
  ➜ 825▕             throw new QueryException(
    826▕                 $this->getName(), $query, $this->prepareBindings($bindings), $e
    827▕             );
    828▕         }
    829▕     }

  [33m1   [39m[39;1mvendor\laravel\framework\src\Illuminate\Database\Connection.php[39;22m:[39;1m825[39;22m

  [33m2   [39m[39;1mvendor\laravel\framework\src\Illuminate\Database\Connection.php[39;22m:[39;1m596[39;22m
  [90m    NunoMaduro\Collision\Exceptions\TestException::("SQLSTATE[23502]: Not null violation: 7 FEHLER:  NULL-Wert in Spalte »id« von Relation »user_organisation_roles« verletzt Not-Null-Constraint
DETAIL:  Fehlgeschlagene Zeile enthält (null, a1e8e86a-f462-4681-8c47-3d10b452d556, 855c8791-7b66-47b8-9410-f5d788a41339, member, null, 2026-05-31 08:43:58, 2026-05-31 08:43:58).")[39m

  [31m────────────────────────────────────────────────────────────────────────────────────────────────────────────────────[39m  
  [41;1m FAILED [49;22m [1mTests\Feature\Auth\LoginResponseTest[22m [90m>[39m login response redirects to dashboard               [41;1m QueryException [49;22m  
[39;1m  SQLSTATE[42703]: Undefined column: 7 FEHLER:  Spalte »is_voter« von Relation »users« existiert nicht
LINE 1: ...egion", "organisation_id", "is_committee_member", "is_voter"...
                                                             ^ (Connection: pgsql, SQL: insert into "users" ("name", "email", "email_verified_at", "password", "remember_token", "region", "organisation_id", "is_committee_member", "is_voter", "id", "updated_at", "created_at") values (Makenzie Schowalter Jr., ymcglynn@example.org, 2026-05-31 08:43:58, $2y$10$92IXUNpkjO0rOQ5byMi.Ye4oKoEa3Ro9llC/.og/at2.uheWG/igi, M7oDd2cbJu, South Carolina, 855c8791-7b66-47b8-9410-f5d788a41339, 0, 0, a1e8e86b-95f6-410e-b71d-0f9c4dede5d4, 2026-05-31 08:43:58, 2026-05-31 08:43:58))[39;22m

  at [32mvendor\laravel\framework\src\Illuminate\Database\Connection.php[39m:[32m825[39m
    821▕                     $this->getName(), $query, $this->prepareBindings($bindings), $e
    822▕                 );
    823▕             }
    824▕ 
  ➜ 825▕             throw new QueryException(
    826▕                 $this->getName(), $query, $this->prepareBindings($bindings), $e
    827▕             );
    828▕         }
    829▕     }

  [33m1   [39m[39;1mvendor\laravel\framework\src\Illuminate\Database\Connection.php[39;22m:[39;1m825[39;22m

  [33m2   [39m[39;1mvendor\laravel\framework\src\Illuminate\Database\Connection.php[39;22m:[39;1m571[39;22m
  [90m    NunoMaduro\Collision\Exceptions\TestException::("SQLSTATE[42703]: Undefined column: 7 FEHLER:  Spalte »is_voter« von Relation »users« existiert nicht
LINE 1: ...egion", "organisation_id", "is_committee_member", "is_voter"...
                                                             ^")[39m

  [31m────────────────────────────────────────────────────────────────────────────────────────────────────────────────────[39m  
  [41;1m FAILED [49;22m [1mTests\Feature\Auth\LoginResponseTest[22m [90m>[39m login response tracks request id                    [41;1m QueryException [49;22m  
[39;1m  SQLSTATE[42703]: Undefined column: 7 FEHLER:  Spalte »is_voter« von Relation »users« existiert nicht
LINE 1: ...egion", "organisation_id", "is_committee_member", "is_voter"...
                                                             ^ (Connection: pgsql, SQL: insert into "users" ("name", "email", "email_verified_at", "password", "remember_token", "region", "organisation_id", "is_committee_member", "is_voter", "id", "updated_at", "created_at") values (Mrs. Jazlyn Kshlerin Sr., rkub@example.com, 2026-05-31 08:43:58, $2y$10$92IXUNpkjO0rOQ5byMi.Ye4oKoEa3Ro9llC/.og/at2.uheWG/igi, GvW8oXH1P0, Michigan, 855c8791-7b66-47b8-9410-f5d788a41339, 0, 0, a1e8e86b-e961-44e1-a293-2396dd6b4e95, 2026-05-31 08:43:58, 2026-05-31 08:43:58))[39;22m

  at [32mvendor\laravel\framework\src\Illuminate\Database\Connection.php[39m:[32m825[39m
    821▕                     $this->getName(), $query, $this->prepareBindings($bindings), $e
    822▕                 );
    823▕             }
    824▕ 
  ➜ 825▕             throw new QueryException(
    826▕                 $this->getName(), $query, $this->prepareBindings($bindings), $e
    827▕             );
    828▕         }
    829▕     }

  [33m1   [39m[39;1mvendor\laravel\framework\src\Illuminate\Database\Connection.php[39;22m:[39;1m825[39;22m

  [33m2   [39m[39;1mvendor\laravel\framework\src\Illuminate\Database\Connection.php[39;22m:[39;1m571[39;22m
  [90m    NunoMaduro\Collision\Exceptions\TestException::("SQLSTATE[42703]: Undefined column: 7 FEHLER:  Spalte »is_voter« von Relation »users« existiert nicht
LINE 1: ...egion", "organisation_id", "is_committee_member", "is_voter"...
                                                             ^")[39m

  [31m────────────────────────────────────────────────────────────────────────────────────────────────────────────────────[39m  
  [41;1m FAILED [49;22m [1mTests\Feature\Auth\LoginResponseTest[22m [90m>[39m login response logs analytics                       [41;1m QueryException [49;22m  
[39;1m  SQLSTATE[42703]: Undefined column: 7 FEHLER:  Spalte »is_voter« von Relation »users« existiert nicht
LINE 1: ...egion", "organisation_id", "is_committee_member", "is_voter"...
                                                             ^ (Connection: pgsql, SQL: insert into "users" ("name", "email", "email_verified_at", "password", "remember_token", "region", "organisation_id", "is_committee_member", "is_voter", "id", "updated_at", "created_at") values (Montana Stoltenberg, sonya16@example.org, 2026-05-31 08:43:58, $2y$10$92IXUNpkjO0rOQ5byMi.Ye4oKoEa3Ro9llC/.og/at2.uheWG/igi, MYPjSX2bZg, Colorado, 855c8791-7b66-47b8-9410-f5d788a41339, 0, 0, a1e8e86c-570e-419d-97c0-63ded3f74dc5, 2026-05-31 08:43:58, 2026-05-31 08:43:58))[39;22m

  at [32mvendor\laravel\framework\src\Illuminate\Database\Connection.php[39m:[32m825[39m
    821▕                     $this->getName(), $query, $this->prepareBindings($bindings), $e
    822▕                 );
    823▕             }
    824▕ 
  ➜ 825▕             throw new QueryException(
    826▕                 $this->getName(), $query, $this->prepareBindings($bindings), $e
    827▕             );
    828▕         }
    829▕     }

  [33m1   [39m[39;1mvendor\laravel\framework\src\Illuminate\Database\Connection.php[39;22m:[39;1m825[39;22m

  [33m2   [39m[39;1mvendor\laravel\framework\src\Illuminate\Database\Connection.php[39;22m:[39;1m571[39;22m
  [90m    NunoMaduro\Collision\Exceptions\TestException::("SQLSTATE[42703]: Undefined column: 7 FEHLER:  Spalte »is_voter« von Relation »users« existiert nicht
LINE 1: ...egion", "organisation_id", "is_committee_member", "is_voter"...
                                                             ^")[39m

  [31m────────────────────────────────────────────────────────────────────────────────────────────────────────────────────[39m  
  [41;1m FAILED [49;22m [1mTests\Feature\Auth\LoginResponseTest[22m [90m>[39m login response handles maintenance mode     [41;1m BadMethodCallException [49;22m  
[39;1m  Method Illuminate\Foundation\Application::markDownForMaintenance does not exist.[39;22m

  at [32mvendor\laravel\framework\src\Illuminate\Macroable\Traits\Macroable.php[39m:[32m115[39m
    111▕      */
    112▕     public function __call($method, $parameters)
    113▕     {
    114▕         if (! static::hasMacro($method)) {
  ➜ 115▕             throw new BadMethodCallException(sprintf(
    116▕                 'Method %s::%s does not exist.', static::class, $method
    117▕             ));
    118▕         }
    119▕

  [33m1   [39m[39;1mvendor\laravel\framework\src\Illuminate\Macroable\Traits\Macroable.php[39;22m:[39;1m115[39;22m
  [33m2   [39m[39;1mtests\Feature\Auth\LoginResponseTest.php[39;22m:[39;1m84[39;22m

  [31m────────────────────────────────────────────────────────────────────────────────────────────────────────────────────[39m  
  [41;1m FAILED [49;22m [1mTests\Feature\Auth\LoginResponseTest[22m [90m>[39m login response caches resolution                    [41;1m QueryException [49;22m  
[39;1m  SQLSTATE[42703]: Undefined column: 7 FEHLER:  Spalte »is_voter« von Relation »users« existiert nicht
LINE 1: ...egion", "organisation_id", "is_committee_member", "is_voter"...
                                                             ^ (Connection: pgsql, SQL: insert into "users" ("name", "email", "email_verified_at", "password", "remember_token", "region", "organisation_id", "is_committee_member", "is_voter", "id", "updated_at", "created_at") values (Orlando Hermann, rodolfo92@example.net, 2026-05-31 08:43:59, $2y$10$92IXUNpkjO0rOQ5byMi.Ye4oKoEa3Ro9llC/.og/at2.uheWG/igi, LleCYpuY2E, Hawaii, 855c8791-7b66-47b8-9410-f5d788a41339, 0, 0, a1e8e86d-8bee-497c-847d-beaa465b4fe8, 2026-05-31 08:43:59, 2026-05-31 08:43:59))[39;22m

  at [32mvendor\laravel\framework\src\Illuminate\Database\Connection.php[39m:[32m825[39m
    821▕                     $this->getName(), $query, $this->prepareBindings($bindings), $e
    822▕                 );
    823▕             }
    824▕ 
  ➜ 825▕             throw new QueryException(
    826▕                 $this->getName(), $query, $this->prepareBindings($bindings), $e
    827▕             );
    828▕         }
    829▕     }

  [33m1   [39m[39;1mvendor\laravel\framework\src\Illuminate\Database\Connection.php[39;22m:[39;1m825[39;22m

  [33m2   [39m[39;1mvendor\laravel\framework\src\Illuminate\Database\Connection.php[39;22m:[39;1m571[39;22m
  [90m    NunoMaduro\Collision\Exceptions\TestException::("SQLSTATE[42703]: Undefined column: 7 FEHLER:  Spalte »is_voter« von Relation »users« existiert nicht
LINE 1: ...egion", "organisation_id", "is_committee_member", "is_voter"...
                                                             ^")[39m

  [31m────────────────────────────────────────────────────────────────────────────────────────────────────────────────────[39m  
  [41;1m FAILED [49;22m [1mTests\Feature\Auth\LoginResponseTest[22m [90m>[39m login response uses cached resolution               [41;1m QueryException [49;22m  
[39;1m  SQLSTATE[42703]: Undefined column: 7 FEHLER:  Spalte »is_voter« von Relation »users« existiert nicht
LINE 1: ...egion", "organisation_id", "is_committee_member", "is_voter"...
                                                             ^ (Connection: pgsql, SQL: insert into "users" ("name", "email", "email_verified_at", "password", "remember_token", "region", "organisation_id", "is_committee_member", "is_voter", "id", "updated_at", "created_at") values (Aimee Koelpin, thompson.clemens@example.org, 2026-05-31 08:44:00, $2y$10$92IXUNpkjO0rOQ5byMi.Ye4oKoEa3Ro9llC/.og/at2.uheWG/igi, eVpMWMKttu, Georgia, 855c8791-7b66-47b8-9410-f5d788a41339, 0, 0, a1e8e86e-32f4-43c0-9d6c-4b9d24d9d6a6, 2026-05-31 08:44:00, 2026-05-31 08:44:00))[39;22m

  at [32mvendor\laravel\framework\src\Illuminate\Database\Connection.php[39m:[32m825[39m
    821▕                     $this->getName(), $query, $this->prepareBindings($bindings), $e
    822▕                 );
    823▕             }
    824▕ 
  ➜ 825▕             throw new QueryException(
    826▕                 $this->getName(), $query, $this->prepareBindings($bindings), $e
    827▕             );
    828▕         }
    829▕     }

  [33m1   [39m[39;1mvendor\laravel\framework\src\Illuminate\Database\Connection.php[39;22m:[39;1m825[39;22m

  [33m2   [39m[39;1mvendor\laravel\framework\src\Illuminate\Database\Connection.php[39;22m:[39;1m571[39;22m
  [90m    NunoMaduro\Collision\Exceptions\TestException::("SQLSTATE[42703]: Undefined column: 7 FEHLER:  Spalte »is_voter« von Relation »users« existiert nicht
LINE 1: ...egion", "organisation_id", "is_committee_member", "is_voter"...
                                                             ^")[39m

  [31m────────────────────────────────────────────────────────────────────────────────────────────────────────────────────[39m  
  [41;1m FAILED [49;22m [1mTests\Feature\Auth\LoginResponseTest[22m [90m>[39m fallback to emergency dashboard on failure                   [41;1m Error [49;22m  
[39;1m  Interface "Laravel\Fortify\Contracts\LoginResponse" not found[39;22m

  at [32mapp\Http\Responses\LoginResponse.php[39m:[32m30[39m
     26▕  *
     27▕  * This response determines which dashboard/page each user is routed to
     28▕  * after successful login based on their roles, organisations, and voting status.
     29▕  */
  ➜  30▕ class LoginResponse implements FortifyLoginResponse
     31▕ {
     32▕     /**
     33▕      * Unique request ID for this login operation
     34▕      * Used to track the login flow through logs

  [33m1   [39m[39;1mapp\Http\Responses\LoginResponse.php[39;22m:[39;1m30[39;22m
  [33m2   [39m[39;1mtests\Feature\Auth\LoginResponseTest.php[39;22m:[39;1m153[39;22m

  [31m────────────────────────────────────────────────────────────────────────────────────────────────────────────────────[39m  
  [41;1m FAILED [49;22m [1mTests\Feature\Auth\LoginResponseTest[22m [90m>[39m performance thresholds logged                       [41;1m QueryException [49;22m  
[39;1m  SQLSTATE[42703]: Undefined column: 7 FEHLER:  Spalte »is_voter« von Relation »users« existiert nicht
LINE 1: ...egion", "organisation_id", "is_committee_member", "is_voter"...
                                                             ^ (Connection: pgsql, SQL: insert into "users" ("name", "email", "email_verified_at", "password", "remember_token", "region", "organisation_id", "is_committee_member", "is_voter", "id", "updated_at", "created_at") values (Virgie Quitzon, elyse80@example.com, 2026-05-31 08:44:00, $2y$10$92IXUNpkjO0rOQ5byMi.Ye4oKoEa3Ro9llC/.og/at2.uheWG/igi, nmDpTYvuMd, District of Columbia, 855c8791-7b66-47b8-9410-f5d788a41339, 0, 0, a1e8e86f-2872-49df-99b1-74dbbf9108e3, 2026-05-31 08:44:00, 2026-05-31 08:44:00))[39;22m

  at [32mvendor\laravel\framework\src\Illuminate\Database\Connection.php[39m:[32m825[39m
    821▕                     $this->getName(), $query, $this->prepareBindings($bindings), $e
    822▕                 );
    823▕             }
    824▕ 
  ➜ 825▕             throw new QueryException(
    826▕                 $this->getName(), $query, $this->prepareBindings($bindings), $e
    827▕             );
    828▕         }
    829▕     }

  [33m1   [39m[39;1mvendor\laravel\framework\src\Illuminate\Database\Connection.php[39;22m:[39;1m825[39;22m

  [33m2   [39m[39;1mvendor\laravel\framework\src\Illuminate\Database\Connection.php[39;22m:[39;1m571[39;22m
  [90m    NunoMaduro\Collision\Exceptions\TestException::("SQLSTATE[42703]: Undefined column: 7 FEHLER:  Spalte »is_voter« von Relation »users« existiert nicht
LINE 1: ...egion", "organisation_id", "is_committee_member", "is_voter"...
                                                             ^")[39m

  [31m────────────────────────────────────────────────────────────────────────────────────────────────────────────────────[39m  
  [41;1m FAILED [49;22m [1mTests\Feature\Auth\LoginResponseTest[22m [90m>[39m failure count is tracked                                     [41;1m Error [49;22m  
[39;1m  Interface "Laravel\Fortify\Contracts\LoginResponse" not found[39;22m

  at [32mapp\Http\Responses\LoginResponse.php[39m:[32m30[39m
     26▕  *
     27▕  * This response determines which dashboard/page each user is routed to
     28▕  * after successful login based on their roles, organisations, and voting status.
     29▕  */
  ➜  30▕ class LoginResponse implements FortifyLoginResponse
     31▕ {
     32▕     /**
     33▕      * Unique request ID for this login operation
     34▕      * Used to track the login flow through logs

  [33m1   [39m[39;1mapp\Http\Responses\LoginResponse.php[39;22m:[39;1m30[39;22m
  [33m2   [39m[39;1mtests\Feature\Auth\LoginResponseTest.php[39;22m:[39;1m197[39;22m

  [31m────────────────────────────────────────────────────────────────────────────────────────────────────────────────────[39m  
  [41;1m FAILED [49;22m [1mTests\Feature\Auth\RegistrationAndLoginTest[22m [90m>[39m user not member of org gets 403                                
[39;1m  Expected response status code [403] but received 302.
Failed asserting that 302 is identical to 403.

The following errors occurred during the last request:

organisations.messages.access_denied[39;22m

  at [32mtests\Feature\Auth\RegistrationAndLoginTest.php[39m:[32m74[39m
     70▕ 
     71▕         $response = $this->actingAs($user)
     72▕             ->get('/organisations/' . $otherOrg->slug);
     73▕ 
  ➜  74▕         $response->assertStatus(403);
     75▕     }
     76▕ 
     77▕     /** @test */
     78▕     public function registration_creates_pivot_record()

  [31m────────────────────────────────────────────────────────────────────────────────────────────────────────────────────[39m  
  [41;1m FAILED [49;22m [1mTests\Feature\Auth\RegistrationAndLoginTest[22m [90m>[39m registration creates pivot record            [41;1m QueryException [49;22m  
[39;1m  SQLSTATE[25P02]: In failed sql transaction: 7 FEHLER:  aktuelle Transaktion wurde abgebrochen, Befehle werden bis zum Ende der Transaktion ignoriert (Connection: pgsql, SQL: select a.attname as name, t.typname as type_name, format_type(a.atttypid, a.atttypmod) as type, (select tc.collcollate from pg_catalog.pg_collation tc where tc.oid = a.attcollation) as collation, not a.attnotnull as nullable, (select pg_get_expr(adbin, adrelid) from pg_attrdef where c.oid = pg_attrdef.adrelid and pg_attrdef.adnum = a.attnum) as default, a.attgenerated as generated, col_description(c.oid, a.attnum) as comment from pg_attribute a, pg_class c, pg_type t, pg_namespace n where c.relname = 'users' and n.nspname = 'public' and a.attnum > 0 and a.attrelid = c.oid and a.atttypid = t.oid and n.oid = c.relnamespace order by a.attnum)[39;22m

  at [32mvendor\laravel\framework\src\Illuminate\Database\Connection.php[39m:[32m825[39m
    821▕                     $this->getName(), $query, $this->prepareBindings($bindings), $e
    822▕                 );
    823▕             }
    824▕ 
  ➜ 825▕             throw new QueryException(
    826▕                 $this->getName(), $query, $this->prepareBindings($bindings), $e
    827▕             );
    828▕         }
    829▕     }

  [33m1   [39m[39;1mvendor\laravel\framework\src\Illuminate\Database\Connection.php[39;22m:[39;1m825[39;22m

  [33m2   [39m[39;1mvendor\laravel\framework\src\Illuminate\Database\Connection.php[39;22m:[39;1m412[39;22m
  [90m    NunoMaduro\Collision\Exceptions\TestException::("SQLSTATE[25P02]: In failed sql transaction: 7 FEHLER:  aktuelle Transaktion wurde abgebrochen, Befehle werden bis zum Ende der Transaktion ignoriert")[39m

  [31m────────────────────────────────────────────────────────────────────────────────────────────────────────────────────[39m  
  [41;1m FAILED [49;22m [1mTests\Feature\Auth\RegistrationAndLoginTest[22m [90m>[39m registered user can access publicdigit afte… [41;1m QueryException [49;22m  
[39;1m  SQLSTATE[25P02]: In failed sql transaction: 7 FEHLER:  aktuelle Transaktion wurde abgebrochen, Befehle werden bis zum Ende der Transaktion ignoriert (Connection: pgsql, SQL: select a.attname as name, t.typname as type_name, format_type(a.atttypid, a.atttypmod) as type, (select tc.collcollate from pg_catalog.pg_collation tc where tc.oid = a.attcollation) as collation, not a.attnotnull as nullable, (select pg_get_expr(adbin, adrelid) from pg_attrdef where c.oid = pg_attrdef.adrelid and pg_attrdef.adnum = a.attnum) as default, a.attgenerated as generated, col_description(c.oid, a.attnum) as comment from pg_attribute a, pg_class c, pg_type t, pg_namespace n where c.relname = 'users' and n.nspname = 'public' and a.attnum > 0 and a.attrelid = c.oid and a.atttypid = t.oid and n.oid = c.relnamespace order by a.attnum)[39;22m

  at [32mvendor\laravel\framework\src\Illuminate\Database\Connection.php[39m:[32m825[39m
    821▕                     $this->getName(), $query, $this->prepareBindings($bindings), $e
    822▕                 );
    823▕             }
    824▕ 
  ➜ 825▕             throw new QueryException(
    826▕                 $this->getName(), $query, $this->prepareBindings($bindings), $e
    827▕             );
    828▕         }
    829▕     }

  [33m1   [39m[39;1mvendor\laravel\framework\src\Illuminate\Database\Connection.php[39;22m:[39;1m825[39;22m

  [33m2   [39m[39;1mvendor\laravel\framework\src\Illuminate\Database\Connection.php[39;22m:[39;1m412[39;22m
  [90m    NunoMaduro\Collision\Exceptions\TestException::("SQLSTATE[25P02]: In failed sql transaction: 7 FEHLER:  aktuelle Transaktion wurde abgebrochen, Befehle werden bis zum Ende der Transaktion ignoriert")[39m

  [31m────────────────────────────────────────────────────────────────────────────────────────────────────────────────────[39m  
  [41;1m FAILED [49;22m [1mTests\Feature\Auth\RegistrationAndLoginTest[22m [90m>[39m user with stale org id uses platform via pivot                 
[39;1m  Failed asserting that true is false.[39;22m

  at [32mtests\Feature\Auth\RegistrationAndLoginTest.php[39m:[32m174[39m
    170▕         ]);
    171▕ 
    172▕         // belongsToOrganisation should reflect pivot truth
    173▕         $this->assertTrue($user->belongsToOrganisation($this->platformOrg->id));
  ➜ 174▕         $this->assertFalse($user->belongsToOrganisation($tenantOrg->id));
    175▕     }
    176▕ 
    177▕     /** @test */
    178▕     public function platform_user_not_onboarded_redirects_to_welcome()

  [33m1   [39m[39;1mtests\Feature\Auth\RegistrationAndLoginTest.php[39;22m:[39;1m174[39;22m

  [31m────────────────────────────────────────────────────────────────────────────────────────────────────────────────────[39m  
  [41;1m FAILED [49;22m [1mTests\Feature\Auth\RegistrationMultiTenancyTest[22m [90m>[39m registration creates platform mem… [41;1m AssertionFailedError [49;22m  
[39;1m  Registration failed with status 500. Response: <!DOCTYPE html>
[39;22m[39;1m<html lang="en">[39;22m[39;1m
    [39;22m[39;1m<head>[39;22m[39;1m
        [39;22m[39;1m<meta charset="utf-8">[39;22m[39;1m
        [39;22m[39;1m<meta name="viewport" content="width=device-width, initial-scale=1">[39;22m[39;1m

        [39;22m[39;1m<title>[39;22m[39;1mServer Error[39;22m[39;1m</title>[39;22m[39;1m

        [39;22m[39;1m<style>[39;22m[39;1m
            /*! normalize.css v8.0.1 | MIT License | github.com/necolas/normalize.css */html{line-height:1.15;-webkit-text-size-adjust:100%}body{margin:0}a{background-color:transparent}code{font-family:monospace,monospace;font-size:1em}[hidden]{display:none}html{font-family:system-ui,-apple-system,BlinkMacSystemFont,Segoe UI,Roboto,Helvetica Neue,Arial,Noto Sans,sans-serif,Apple Color Emoji,Segoe UI Emoji,Segoe UI Symbol,Noto Color Emoji;line-height:1.5}*,:after,:before{box-sizing:border-box;border:0 solid #e2e8f0}a{color:inherit;text-decoration:inherit}code{font-family:Menlo,Monaco,Consolas,Liberation Mono,Courier New,monospace}svg,video{display:block;vertical-align:middle}video{max-width:100%;height:auto}.bg-white{--bg-opacity:1;background-color:#fff;background-color:rgba(255,255,255,var(--bg-opacity))}.bg-gray-100{--bg-opacity:1;background-color:#f7fafc;background-color:rgba(247,250,252,var(--bg-opacity))}.border-gray-200{--border-opacity:1;border-color:#edf2f7;border-color:rgba(237,242,247,var(--border-opacity))}.border-gray-400{--border-opacity:1;border-color:#cbd5e0;border-color:rgba(203,213,224,var(--border-opacity))}.border-t{border-top-width:1px}.border-r{border-right-width:1px}.flex{display:flex}.grid{display:grid}.hidden{display:none}.items-center{align-items:center}.justify-center{justify-content:center}.font-semibold{font-weight:600}.h-5{height:1.25rem}.h-8{height:2rem}.h-16{height:4rem}.text-sm{font-size:.875rem}.text-lg{font-size:1.125rem}.leading-7{line-height:1.75rem}.mx-auto{margin-left:auto;margin-right:auto}.ml-1{margin-left:.25rem}.mt-2{margin-top:.5rem}.mr-2{margin-right:.5rem}.ml-2{margin-left:.5rem}.mt-4{margin-top:1rem}.ml-4{margin-left:1rem}.mt-8{margin-top:2rem}.ml-12{margin-left:3rem}.-mt-px{margin-top:-1px}.max-w-xl{max-width:36rem}.max-w-6xl{max-width:72rem}.min-h-screen{min-height:100vh}.overflow-hidden{overflow:hidden}.p-6{padding:1.5rem}.py-4{padding-top:1rem;padding-bottom:1rem}.px-4{padding-left:1rem;padding-right:1rem}.px-6{padding-left:1.5rem;padding-right:1.5rem}.pt-8{padding-top:2rem}.fixed{position:fixed}.relative{position:relative}.top-0{top:0}.right-0{right:0}.shadow{box-shadow:0 1px 3px 0 rgba(0,0,0,.1),0 1px 2px 0 rgba(0,0,0,.06)}.text-center{text-align:center}.text-gray-200{--text-opacity:1;color:#edf2f7;color:rgba(237,242,247,var(--text-opacity))}.text-gray-300{--text-opacity:1;color:#e2e8f0;color:rgba(226,232,240,var(--text-opacity))}.text-gray-400{--text-opacity:1;color:#cbd5e0;color:rgba(203,213,224,var(--text-opacity))}.text-gray-500{--text-opacity:1;color:#a0aec0;color:rgba(160,174,192,var(--text-opacity))}.text-gray-600{--text-opacity:1;color:#718096;color:rgba(113,128,150,var(--text-opacity))}.text-gray-700{--text-opacity:1;color:#4a5568;color:rgba(74,85,104,var(--text-opacity))}.text-gray-900{--text-opacity:1;color:#1a202c;color:rgba(26,32,44,var(--text-opacity))}.uppercase{text-transform:uppercase}.underline{text-decoration:underline}.antialiased{-webkit-font-smoothing:antialiased;-moz-osx-font-smoothing:grayscale}.tracking-wider{letter-spacing:.05em}.w-5{width:1.25rem}.w-8{width:2rem}.w-auto{width:auto}.grid-cols-1{grid-template-columns:repeat(1,minmax(0,1fr))}@-webkit-keyframes spin{0%{transform:rotate(0deg)}to{transform:rotate(1turn)}}@keyframes spin{0%{transform:rotate(0deg)}to{transform:rotate(1turn)}}@-webkit-keyframes ping{0%{transform:scale(1);opacity:1}75%,to{transform:scale(2);opacity:0}}@keyframes ping{0%{transform:scale(1);opacity:1}75%,to{transform:scale(2);opacity:0}}@-webkit-keyframes pulse{0%,to{opacity:1}50%{opacity:.5}}@keyframes pulse{0%,to{opacity:1}50%{opacity:.5}}@-webkit-keyframes bounce{0%,to{transform:translateY(-25%);-webkit-animation-timing-function:cubic-bezier(.8,0,1,1);animation-timing-function:cubic-bezier(.8,0,1,1)}50%{transform:translateY(0);-webkit-animation-timing-function:cubic-bezier(0,0,.2,1);animation-timing-function:cubic-bezier(0,0,.2,1)}}@keyframes bounce{0%,to{transform:translateY(-25%);-webkit-animation-timing-function:cubic-bezier(.8,0,1,1);animation-timing-function:cubic-bezier(.8,0,1,1)}50%{transform:translateY(0);-webkit-animation-timing-function:cubic-bezier(0,0,.2,1);animation-timing-function:cubic-bezier(0,0,.2,1)}}@media (min-width:640px){.sm\:rounded-lg{border-radius:.5rem}.sm\:block{display:block}.sm\:items-center{align-items:center}.sm\:justify-start{justify-content:flex-start}.sm\:justify-between{justify-content:space-between}.sm\:h-20{height:5rem}.sm\:ml-0{margin-left:0}.sm\:px-6{padding-left:1.5rem;padding-right:1.5rem}.sm\:pt-0{padding-top:0}.sm\:text-left{text-align:left}.sm\:text-right{text-align:right}}@media (min-width:768px){.md\:border-t-0{border-top-width:0}.md\:border-l{border-left-width:1px}.md\:grid-cols-2{grid-template-columns:repeat(2,minmax(0,1fr))}}@media (min-width:1024px){.lg\:px-8{padding-left:2rem;padding-right:2rem}}@media (prefers-color-scheme:dark){.dark\:bg-gray-800{--bg-opacity:1;background-color:#2d3748;background-color:rgba(45,55,72,var(--bg-opacity))}.dark\:bg-gray-900{--bg-opacity:1;background-color:#1a202c;background-color:rgba(26,32,44,var(--bg-opacity))}.dark\:border-gray-700{--border-opacity:1;border-color:#4a5568;border-color:rgba(74,85,104,var(--border-opacity))}.dark\:text-white{--text-opacity:1;color:#fff;color:rgba(255,255,255,var(--text-opacity))}.dark\:text-gray-400{--text-opacity:1;color:#cbd5e0;color:rgba(203,213,224,var(--text-opacity))}}
        [39;22m[39;1m</style>[39;22m[39;1m

        [39;22m[39;1m<style>[39;22m[39;1m
            body {
                font-family: ui-sans-serif, system-ui, -apple-system, BlinkMacSystemFont, "Segoe UI", Roboto, "Helvetica Neue", Arial, "Noto Sans", sans-serif, "Apple Color Emoji", "Segoe UI Emoji", "Segoe UI Symbol", "Noto Color Emoji";
            }
        [39;22m[39;1m</style>[39;22m[39;1m
    [39;22m[39;1m</head>[39;22m[39;1m
    [39;22m[39;1m<body class="antialiased">[39;22m[39;1m
        [39;22m[39;1m<div class="relative flex items-top justify-center min-h-screen bg-gray-100 dark:bg-gray-900 sm:items-center sm:pt-0">[39;22m[39;1m
            [39;22m[39;1m<div class="max-w-xl mx-auto sm:px-6 lg:px-8">[39;22m[39;1m
                [39;22m[39;1m<div class="flex items-center pt-8 sm:justify-start sm:pt-0">[39;22m[39;1m
                    [39;22m[39;1m<div class="px-4 text-lg text-gray-500 border-r border-gray-400 tracking-wider">[39;22m[39;1m
                        500                    [39;22m[39;1m</div>[39;22m[39;1m

                    [39;22m[39;1m<div class="ml-4 text-lg text-gray-500 uppercase tracking-wider">[39;22m[39;1m
                        Server Error                    [39;22m[39;1m</div>[39;22m[39;1m
                [39;22m[39;1m</div>[39;22m[39;1m
            [39;22m[39;1m</div>[39;22m[39;1m
        [39;22m[39;1m</div>[39;22m[39;1m
    [39;22m[39;1m</body>[39;22m[39;1m
[39;22m[39;1m</html>[39;22m

  at [32mtests\Feature\Auth\RegistrationMultiTenancyTest.php[39m:[32m45[39m
     41▕         ]);
     42▕ 
     43▕         // Debug: Check response
     44▕         if ($response->status() !== 302) {
  ➜  45▕             $this->fail('Registration failed with status ' . $response->status() . '. Response: ' . $response->getContent());
     46▕         }
     47▕ 
     48▕         // User should exist
     49▕         $this->assertDatabaseHas('users', [

  [33m1   [39m[39;1mtests\Feature\Auth\RegistrationMultiTenancyTest.php[39;22m:[39;1m45[39;22m

  [31m────────────────────────────────────────────────────────────────────────────────────────────────────────────────────[39m  
  [41;1m FAILED [49;22m [1mTests\Feature\Auth\RegistrationMultiTenancyTest[22m [90m>[39m user can create tenant organisation      [41;1m QueryException [49;22m  
[39;1m  SQLSTATE[25P02]: In failed sql transaction: 7 FEHLER:  aktuelle Transaktion wurde abgebrochen, Befehle werden bis zum Ende der Transaktion ignoriert (Connection: pgsql, SQL: select * from "organisations" where ("type" = platform and "is_default" = 1) and "organisations"."deleted_at" is null limit 1)[39;22m

  at [32mvendor\laravel\framework\src\Illuminate\Database\Connection.php[39m:[32m825[39m
    821▕                     $this->getName(), $query, $this->prepareBindings($bindings), $e
    822▕                 );
    823▕             }
    824▕ 
  ➜ 825▕             throw new QueryException(
    826▕                 $this->getName(), $query, $this->prepareBindings($bindings), $e
    827▕             );
    828▕         }
    829▕     }

  [33m1   [39m[39;1mvendor\laravel\framework\src\Illuminate\Database\Connection.php[39;22m:[39;1m825[39;22m

  [33m2   [39m[39;1mvendor\laravel\framework\src\Illuminate\Database\Connection.php[39;22m:[39;1m412[39;22m
  [90m    NunoMaduro\Collision\Exceptions\TestException::("SQLSTATE[25P02]: In failed sql transaction: 7 FEHLER:  aktuelle Transaktion wurde abgebrochen, Befehle werden bis zum Ende der Transaktion ignoriert")[39m

  [31m────────────────────────────────────────────────────────────────────────────────────────────────────────────────────[39m  
  [41;1m FAILED [49;22m [1mTests\Feature\Auth\RegistrationMultiTenancyTest[22m [90m>[39m user can check if has tenant organisati… [41;1m QueryException [49;22m  
[39;1m  SQLSTATE[42P01]: Undefined table: 7 FEHLER:  Relation »organisations« existiert nicht
LINE 1: insert into "organisations" ("name", "email", "slug", "type"...
                    ^ (Connection: pgsql, SQL: insert into "organisations" ("name", "email", "slug", "type", "is_default", "uses_full_membership", "address", "representative", "settings", "languages", "id", "updated_at", "created_at") values (Platform, margarette.schiller@bednar.com, platform, platform, 1, 1, {"street":"618 Joyce Rest Apt. 992","city":"West German","zip":"60532-4492","country":"DE"}, {"name":"Thomas Bailey","role":"Chairman","email":"jacques.nader@abbott.biz"}, [], ["de","en"], a1e8e887-3fb9-4ce9-9053-b24299832b28, 2026-05-31 08:44:16, 2026-05-31 08:44:16))[39;22m

  at [32mvendor\laravel\framework\src\Illuminate\Database\Connection.php[39m:[32m825[39m
    821▕                     $this->getName(), $query, $this->prepareBindings($bindings), $e
    822▕                 );
    823▕             }
    824▕ 
  ➜ 825▕             throw new QueryException(
    826▕                 $this->getName(), $query, $this->prepareBindings($bindings), $e
    827▕             );
    828▕         }
    829▕     }

  [33m1   [39m[39;1mvendor\laravel\framework\src\Illuminate\Database\Connection.php[39;22m:[39;1m825[39;22m

  [33m2   [39m[39;1mvendor\laravel\framework\src\Illuminate\Database\Connection.php[39;22m:[39;1m571[39;22m
  [90m    NunoMaduro\Collision\Exceptions\TestException::("SQLSTATE[42P01]: Undefined table: 7 FEHLER:  Relation »organisations« existiert nicht
LINE 1: insert into "organisations" ("name", "email", "slug", "type"...
                    ^")[39m

  [31m────────────────────────────────────────────────────────────────────────────────────────────────────────────────────[39m  
  [41;1m FAILED [49;22m [1mTests\Feature\Auth\RegistrationMultiTenancyTest[22m [90m>[39m user can get owned organisation          [41;1m QueryException [49;22m  
[39;1m  SQLSTATE[42P01]: Undefined table: 7 FEHLER:  Relation »organisations« existiert nicht
LINE 1: insert into "organisations" ("name", "email", "slug", "type"...
                    ^ (Connection: pgsql, SQL: insert into "organisations" ("name", "email", "slug", "type", "is_default", "uses_full_membership", "address", "representative", "settings", "languages", "id", "updated_at", "created_at") values (Platform, qschuster@ullrich.com, platform, platform, 1, 1, {"street":"5821 Schowalter Estate Suite 604","city":"O'Connellville","zip":"38134","country":"DE"}, {"name":"Geo Walter","role":"Chairman","email":"emmerich.alexandrea@yahoo.com"}, [], ["de","en"], a1e8e887-fcae-4584-b92c-a2bd0cd1bd27, 2026-05-31 08:44:17, 2026-05-31 08:44:17))[39;22m

  at [32mvendor\laravel\framework\src\Illuminate\Database\Connection.php[39m:[32m825[39m
    821▕                     $this->getName(), $query, $this->prepareBindings($bindings), $e
    822▕                 );
    823▕             }
    824▕ 
  ➜ 825▕             throw new QueryException(
    826▕                 $this->getName(), $query, $this->prepareBindings($bindings), $e
    827▕             );
    828▕         }
    829▕     }

  [33m1   [39m[39;1mvendor\laravel\framework\src\Illuminate\Database\Connection.php[39;22m:[39;1m825[39;22m

  [33m2   [39m[39;1mvendor\laravel\framework\src\Illuminate\Database\Connection.php[39;22m:[39;1m571[39;22m
  [90m    NunoMaduro\Collision\Exceptions\TestException::("SQLSTATE[42P01]: Undefined table: 7 FEHLER:  Relation »organisations« existiert nicht
LINE 1: insert into "organisations" ("name", "email", "slug", "type"...
                    ^")[39m

  [31m────────────────────────────────────────────────────────────────────────────────────────────────────────────────────[39m  
  [41;1m FAILED [49;22m [1mTests\Feature\Auth\RegistrationMultiTenancyTest[22m [90m>[39m user can switch organisations            [41;1m QueryException [49;22m  
[39;1m  SQLSTATE[42P01]: Undefined table: 7 FEHLER:  Relation »organisations« existiert nicht
LINE 1: insert into "organisations" ("name", "email", "slug", "type"...
                    ^ (Connection: pgsql, SQL: insert into "organisations" ("name", "email", "slug", "type", "is_default", "uses_full_membership", "address", "representative", "settings", "languages", "id", "updated_at", "created_at") values (Platform, jayden27@wintheiser.com, platform, platform, 1, 1, {"street":"276 Maxwell Mission Apt. 491","city":"South Hersheltown","zip":"73943-7354","country":"DE"}, {"name":"Itzel Rempel","role":"Chairman","email":"brekke.henry@gmail.com"}, [], ["de","en"], a1e8e888-befd-4113-803a-f0f4e5207815, 2026-05-31 08:44:17, 2026-05-31 08:44:17))[39;22m

  at [32mvendor\laravel\framework\src\Illuminate\Database\Connection.php[39m:[32m825[39m
    821▕                     $this->getName(), $query, $this->prepareBindings($bindings), $e
    822▕                 );
    823▕             }
    824▕ 
  ➜ 825▕             throw new QueryException(
    826▕                 $this->getName(), $query, $this->prepareBindings($bindings), $e
    827▕             );
    828▕         }
    829▕     }

  [33m1   [39m[39;1mvendor\laravel\framework\src\Illuminate\Database\Connection.php[39;22m:[39;1m825[39;22m

  [33m2   [39m[39;1mvendor\laravel\framework\src\Illuminate\Database\Connection.php[39;22m:[39;1m571[39;22m
  [90m    NunoMaduro\Collision\Exceptions\TestException::("SQLSTATE[42P01]: Undefined table: 7 FEHLER:  Relation »organisations« existiert nicht
LINE 1: insert into "organisations" ("name", "email", "slug", "type"...
                    ^")[39m

  [31m────────────────────────────────────────────────────────────────────────────────────────────────────────────────────[39m  
  [41;1m FAILED [49;22m [1mTests\Feature\Auth\RegistrationMultiTenancyTest[22m [90m>[39m user cannot switch to unowned organisat… [41;1m QueryException [49;22m  
[39;1m  SQLSTATE[42703]: Undefined column: 7 FEHLER:  Spalte »uses_full_membership« von Relation »organisations« existiert nicht
LINE 1: ..." ("name", "email", "slug", "type", "is_default", "uses_full...
                                                             ^ (Connection: pgsql, SQL: insert into "organisations" ("name", "email", "slug", "type", "is_default", "uses_full_membership", "address", "representative", "settings", "languages", "id", "updated_at", "created_at") values (Platform, humberto.bradtke@quitzon.biz, platform, platform, 1, 1, {"street":"138 Grady Harbor Suite 634","city":"D'Amorechester","zip":"47701","country":"DE"}, {"name":"Alphonso Schowalter","role":"Chairman","email":"dickens.electa@gmail.com"}, [], ["de","en"], a1e8e889-95d8-4bdd-b1df-87dc480852ff, 2026-05-31 08:44:18, 2026-05-31 08:44:18))[39;22m

  at [32mvendor\laravel\framework\src\Illuminate\Database\Connection.php[39m:[32m825[39m
    821▕                     $this->getName(), $query, $this->prepareBindings($bindings), $e
    822▕                 );
    823▕             }
    824▕ 
  ➜ 825▕             throw new QueryException(
    826▕                 $this->getName(), $query, $this->prepareBindings($bindings), $e
    827▕             );
    828▕         }
    829▕     }

  [33m1   [39m[39;1mvendor\laravel\framework\src\Illuminate\Database\Connection.php[39;22m:[39;1m825[39;22m

  [33m2   [39m[39;1mvendor\laravel\framework\src\Illuminate\Database\Connection.php[39;22m:[39;1m571[39;22m
  [90m    NunoMaduro\Collision\Exceptions\TestException::("SQLSTATE[42703]: Undefined column: 7 FEHLER:  Spalte »uses_full_membership« von Relation »organisations« existiert nicht
LINE 1: ..." ("name", "email", "slug", "type", "is_default", "uses_full...
                                                             ^")[39m

  [31m────────────────────────────────────────────────────────────────────────────────────────────────────────────────────[39m  
  [41;1m FAILED [49;22m [1mTests\Feature\Auth\RegistrationMultiTenancyTest[22m [90m>[39m dashboard shows demo when no tenant      [41;1m QueryException [49;22m  
[39;1m  SQLSTATE[42703]: Undefined column: 7 FEHLER:  Spalte »uses_full_membership« von Relation »organisations« existiert nicht
LINE 1: ..." ("name", "email", "slug", "type", "is_default", "uses_full...
                                                             ^ (Connection: pgsql, SQL: insert into "organisations" ("name", "email", "slug", "type", "is_default", "uses_full_membership", "address", "representative", "settings", "languages", "id", "updated_at", "created_at") values (Platform, heller.ana@weber.org, platform, platform, 1, 1, {"street":"26078 Alejandra Bypass Suite 007","city":"Reeceside","zip":"96646-6780","country":"DE"}, {"name":"Sedrick Hintz","role":"Chairman","email":"priscilla35@hill.org"}, [], ["de","en"], a1e8e88a-c629-48bd-a5ea-35ca57b5d5fe, 2026-05-31 08:44:18, 2026-05-31 08:44:18))[39;22m

  at [32mvendor\laravel\framework\src\Illuminate\Database\Connection.php[39m:[32m825[39m
    821▕                     $this->getName(), $query, $this->prepareBindings($bindings), $e
    822▕                 );
    823▕             }
    824▕ 
  ➜ 825▕             throw new QueryException(
    826▕                 $this->getName(), $query, $this->prepareBindings($bindings), $e
    827▕             );
    828▕         }
    829▕     }

  [33m1   [39m[39;1mvendor\laravel\framework\src\Illuminate\Database\Connection.php[39;22m:[39;1m825[39;22m

  [33m2   [39m[39;1mvendor\laravel\framework\src\Illuminate\Database\Connection.php[39;22m:[39;1m571[39;22m
  [90m    NunoMaduro\Collision\Exceptions\TestException::("SQLSTATE[42703]: Undefined column: 7 FEHLER:  Spalte »uses_full_membership« von Relation »organisations« existiert nicht
LINE 1: ..." ("name", "email", "slug", "type", "is_default", "uses_full...
                                                             ^")[39m

  [31m────────────────────────────────────────────────────────────────────────────────────────────────────────────────────[39m  
  [41;1m FAILED [49;22m [1mTests\Feature\Auth\RegistrationMultiTenancyTest[22m [90m>[39m dashboard shows real when has tenant     [41;1m QueryException [49;22m  
[39;1m  SQLSTATE[42703]: Undefined column: 7 FEHLER:  Spalte »uses_full_membership« von Relation »organisations« existiert nicht
LINE 1: ..." ("name", "email", "slug", "type", "is_default", "uses_full...
                                                             ^ (Connection: pgsql, SQL: insert into "organisations" ("name", "email", "slug", "type", "is_default", "uses_full_membership", "address", "representative", "settings", "languages", "id", "updated_at", "created_at") values (O'Reilly-Mitchell, kyler.stiedemann@larkin.com, oreilly-mitchell, tenant, 0, 1, {"street":"799 Sanford Shores","city":"Bodeburgh","zip":"44369-0985","country":"DE"}, {"name":"Jaida Torphy III","role":"Chairman","email":"pmitchell@bradtke.com"}, [], ["de","en"], a1e8e88b-a5e8-4639-bb60-a2545fe36daf, 2026-05-31 08:44:19, 2026-05-31 08:44:19))[39;22m

  at [32mvendor\laravel\framework\src\Illuminate\Database\Connection.php[39m:[32m825[39m
    821▕                     $this->getName(), $query, $this->prepareBindings($bindings), $e
    822▕                 );
    823▕             }
    824▕ 
  ➜ 825▕             throw new QueryException(
    826▕                 $this->getName(), $query, $this->prepareBindings($bindings), $e
    827▕             );
    828▕         }
    829▕     }

  [33m1   [39m[39;1mvendor\laravel\framework\src\Illuminate\Database\Connection.php[39;22m:[39;1m825[39;22m

  [33m2   [39m[39;1mvendor\laravel\framework\src\Illuminate\Database\Connection.php[39;22m:[39;1m571[39;22m
  [90m    NunoMaduro\Collision\Exceptions\TestException::("SQLSTATE[42703]: Undefined column: 7 FEHLER:  Spalte »uses_full_membership« von Relation »organisations« existiert nicht
LINE 1: ..." ("name", "email", "slug", "type", "is_default", "uses_full...
                                                             ^")[39m

  [31m────────────────────────────────────────────────────────────────────────────────────────────────────────────────────[39m  
  [41;1m FAILED [49;22m [1mTests\Feature\Auth\VerifiedMiddlewareTest[22m [90m>[39m unverified user gets redirect to verification  [41;1m QueryException [49;22m  
[39;1m  SQLSTATE[22P02]: Invalid text representation: 7 FEHLER:  ungültige Eingabesyntax für Typ uuid: »1«
CONTEXT:  unbenanntes Portal Parameter $1 = '...' (Connection: pgsql, SQL: select * from "organisations" where "organisations"."id" = 1 and "organisations"."deleted_at" is null limit 1)[39;22m

  at [32mvendor\laravel\framework\src\Illuminate\Database\Connection.php[39m:[32m825[39m
    821▕                     $this->getName(), $query, $this->prepareBindings($bindings), $e
    822▕                 );
    823▕             }
    824▕ 
  ➜ 825▕             throw new QueryException(
    826▕                 $this->getName(), $query, $this->prepareBindings($bindings), $e
    827▕             );
    828▕         }
    829▕     }

  [33m1   [39m[39;1mvendor\laravel\framework\src\Illuminate\Database\Connection.php[39;22m:[39;1m825[39;22m

  [33m2   [39m[39;1mvendor\laravel\framework\src\Illuminate\Database\Connection.php[39;22m:[39;1m412[39;22m
  [90m    NunoMaduro\Collision\Exceptions\TestException::("SQLSTATE[22P02]: Invalid text representation: 7 FEHLER:  ungültige Eingabesyntax für Typ uuid: »1«
CONTEXT:  unbenanntes Portal Parameter $1 = '...'")[39m

  [31m────────────────────────────────────────────────────────────────────────────────────────────────────────────────────[39m  
  [41;1m FAILED [49;22m [1mTests\Feature\Auth\VerifiedMiddlewareTest[22m [90m>[39m verified user can access dashboard             [41;1m QueryException [49;22m  
[39;1m  SQLSTATE[22P02]: Invalid text representation: 7 FEHLER:  ungültige Eingabesyntax für Typ uuid: »1«
CONTEXT:  unbenanntes Portal Parameter $1 = '...' (Connection: pgsql, SQL: select * from "organisations" where "organisations"."id" = 1 and "organisations"."deleted_at" is null limit 1)[39;22m

  at [32mvendor\laravel\framework\src\Illuminate\Database\Connection.php[39m:[32m825[39m
    821▕                     $this->getName(), $query, $this->prepareBindings($bindings), $e
    822▕                 );
    823▕             }
    824▕ 
  ➜ 825▕             throw new QueryException(
    826▕                 $this->getName(), $query, $this->prepareBindings($bindings), $e
    827▕             );
    828▕         }
    829▕     }

  [33m1   [39m[39;1mvendor\laravel\framework\src\Illuminate\Database\Connection.php[39;22m:[39;1m825[39;22m

  [33m2   [39m[39;1mvendor\laravel\framework\src\Illuminate\Database\Connection.php[39;22m:[39;1m412[39;22m
  [90m    NunoMaduro\Collision\Exceptions\TestException::("SQLSTATE[22P02]: Invalid text representation: 7 FEHLER:  ungültige Eingabesyntax für Typ uuid: »1«
CONTEXT:  unbenanntes Portal Parameter $1 = '...'")[39m

  [31m────────────────────────────────────────────────────────────────────────────────────────────────────────────────────[39m  
  [41;1m FAILED [49;22m [1mTests\Feature\Auth\VerifiedMiddlewareTest[22m [90m>[39m unverified user cannot access welcome page     [41;1m QueryException [49;22m  
[39;1m  SQLSTATE[22P02]: Invalid text representation: 7 FEHLER:  ungültige Eingabesyntax für Typ uuid: »1«
CONTEXT:  unbenanntes Portal Parameter $1 = '...' (Connection: pgsql, SQL: select * from "organisations" where "organisations"."id" = 1 and "organisations"."deleted_at" is null limit 1)[39;22m

  at [32mvendor\laravel\framework\src\Illuminate\Database\Connection.php[39m:[32m825[39m
    821▕                     $this->getName(), $query, $this->prepareBindings($bindings), $e
    822▕                 );
    823▕             }
    824▕ 
  ➜ 825▕             throw new QueryException(
    826▕                 $this->getName(), $query, $this->prepareBindings($bindings), $e
    827▕             );
    828▕         }
    829▕     }

  [33m1   [39m[39;1mvendor\laravel\framework\src\Illuminate\Database\Connection.php[39;22m:[39;1m825[39;22m

  [33m2   [39m[39;1mvendor\laravel\framework\src\Illuminate\Database\Connection.php[39;22m:[39;1m412[39;22m
  [90m    NunoMaduro\Collision\Exceptions\TestException::("SQLSTATE[22P02]: Invalid text representation: 7 FEHLER:  ungültige Eingabesyntax für Typ uuid: »1«
CONTEXT:  unbenanntes Portal Parameter $1 = '...'")[39m

  [31m────────────────────────────────────────────────────────────────────────────────────────────────────────────────────[39m  
  [41;1m FAILED [49;22m [1mTests\Feature\Auth\VerifiedMiddlewareTest[22m [90m>[39m unverified user cannot access organisation pa… [41;1m QueryException [49;22m  
[39;1m  SQLSTATE[22P02]: Invalid text representation: 7 FEHLER:  ungültige Eingabesyntax für Typ uuid: »1«
CONTEXT:  unbenanntes Portal Parameter $1 = '...' (Connection: pgsql, SQL: select * from "organisations" where "organisations"."id" = 1 and "organisations"."deleted_at" is null limit 1)[39;22m

  at [32mvendor\laravel\framework\src\Illuminate\Database\Connection.php[39m:[32m825[39m
    821▕                     $this->getName(), $query, $this->prepareBindings($bindings), $e
    822▕                 );
    823▕             }
    824▕ 
  ➜ 825▕             throw new QueryException(
    826▕                 $this->getName(), $query, $this->prepareBindings($bindings), $e
    827▕             );
    828▕         }
    829▕     }

  [33m1   [39m[39;1mvendor\laravel\framework\src\Illuminate\Database\Connection.php[39;22m:[39;1m825[39;22m

  [33m2   [39m[39;1mvendor\laravel\framework\src\Illuminate\Database\Connection.php[39;22m:[39;1m412[39;22m
  [90m    NunoMaduro\Collision\Exceptions\TestException::("SQLSTATE[22P02]: Invalid text representation: 7 FEHLER:  ungültige Eingabesyntax für Typ uuid: »1«
CONTEXT:  unbenanntes Portal Parameter $1 = '...'")[39m

  [31m────────────────────────────────────────────────────────────────────────────────────────────────────────────────────[39m  
  [41;1m FAILED [49;22m [1mTests\Feature\Auth\VerifiedMiddlewareTest[22m [90m>[39m unverified user cannot access role selection   [41;1m QueryException [49;22m  
[39;1m  SQLSTATE[22P02]: Invalid text representation: 7 FEHLER:  ungültige Eingabesyntax für Typ uuid: »1«
CONTEXT:  unbenanntes Portal Parameter $1 = '...' (Connection: pgsql, SQL: select * from "organisations" where "organisations"."id" = 1 and "organisations"."deleted_at" is null limit 1)[39;22m

  at [32mvendor\laravel\framework\src\Illuminate\Database\Connection.php[39m:[32m825[39m
    821▕                     $this->getName(), $query, $this->prepareBindings($bindings), $e
    822▕                 );
    823▕             }
    824▕ 
  ➜ 825▕             throw new QueryException(
    826▕                 $this->getName(), $query, $this->prepareBindings($bindings), $e
    827▕             );
    828▕         }
    829▕     }

  [33m1   [39m[39;1mvendor\laravel\framework\src\Illuminate\Database\Connection.php[39;22m:[39;1m825[39;22m

  [33m2   [39m[39;1mvendor\laravel\framework\src\Illuminate\Database\Connection.php[39;22m:[39;1m412[39;22m
  [90m    NunoMaduro\Collision\Exceptions\TestException::("SQLSTATE[22P02]: Invalid text representation: 7 FEHLER:  ungültige Eingabesyntax für Typ uuid: »1«
CONTEXT:  unbenanntes Portal Parameter $1 = '...'")[39m

  [31m────────────────────────────────────────────────────────────────────────────────────────────────────────────────────[39m  
  [41;1m FAILED [49;22m [1mTests\Feature\Auth\VerifiedMiddlewareTest[22m [90m>[39m unauthenticated user redirected to login       [41;1m QueryException [49;22m  
[39;1m  SQLSTATE[22P02]: Invalid text representation: 7 FEHLER:  ungültige Eingabesyntax für Typ uuid: »1«
CONTEXT:  unbenanntes Portal Parameter $1 = '...' (Connection: pgsql, SQL: select * from "organisations" where "organisations"."id" = 1 and "organisations"."deleted_at" is null limit 1)[39;22m

  at [32mvendor\laravel\framework\src\Illuminate\Database\Connection.php[39m:[32m825[39m
    821▕                     $this->getName(), $query, $this->prepareBindings($bindings), $e
    822▕                 );
    823▕             }
    824▕ 
  ➜ 825▕             throw new QueryException(
    826▕                 $this->getName(), $query, $this->prepareBindings($bindings), $e
    827▕             );
    828▕         }
    829▕     }

  [33m1   [39m[39;1mvendor\laravel\framework\src\Illuminate\Database\Connection.php[39;22m:[39;1m825[39;22m

  [33m2   [39m[39;1mvendor\laravel\framework\src\Illuminate\Database\Connection.php[39;22m:[39;1m412[39;22m
  [90m    NunoMaduro\Collision\Exceptions\TestException::("SQLSTATE[22P02]: Invalid text representation: 7 FEHLER:  ungültige Eingabesyntax für Typ uuid: »1«
CONTEXT:  unbenanntes Portal Parameter $1 = '...'")[39m

  [31m────────────────────────────────────────────────────────────────────────────────────────────────────────────────────[39m  
  [41;1m FAILED [49;22m [1mTests\Feature\Auth\VerifiedMiddlewareTest[22m [90m>[39m login response redirects unverified user       [41;1m QueryException [49;22m  
[39;1m  SQLSTATE[22P02]: Invalid text representation: 7 FEHLER:  ungültige Eingabesyntax für Typ uuid: »1«
CONTEXT:  unbenanntes Portal Parameter $1 = '...' (Connection: pgsql, SQL: select * from "organisations" where "organisations"."id" = 1 and "organisations"."deleted_at" is null limit 1)[39;22m

  at [32mvendor\laravel\framework\src\Illuminate\Database\Connection.php[39m:[32m825[39m
    821▕                     $this->getName(), $query, $this->prepareBindings($bindings), $e
    822▕                 );
    823▕             }
    824▕ 
  ➜ 825▕             throw new QueryException(
    826▕                 $this->getName(), $query, $this->prepareBindings($bindings), $e
    827▕             );
    828▕         }
    829▕     }

  [33m1   [39m[39;1mvendor\laravel\framework\src\Illuminate\Database\Connection.php[39;22m:[39;1m825[39;22m

  [33m2   [39m[39;1mvendor\laravel\framework\src\Illuminate\Database\Connection.php[39;22m:[39;1m412[39;22m
  [90m    NunoMaduro\Collision\Exceptions\TestException::("SQLSTATE[22P02]: Invalid text representation: 7 FEHLER:  ungültige Eingabesyntax für Typ uuid: »1«
CONTEXT:  unbenanntes Portal Parameter $1 = '...'")[39m

  [31m────────────────────────────────────────────────────────────────────────────────────────────────────────────────────[39m  
  [41;1m FAILED [49;22m [1mTests\Feature\Auth\VerifiedMiddlewareTest[22m [90m>[39m login response allows verified user            [41;1m QueryException [49;22m  
[39;1m  SQLSTATE[22P02]: Invalid text representation: 7 FEHLER:  ungültige Eingabesyntax für Typ uuid: »1«
CONTEXT:  unbenanntes Portal Parameter $1 = '...' (Connection: pgsql, SQL: select * from "organisations" where "organisations"."id" = 1 and "organisations"."deleted_at" is null limit 1)[39;22m

  at [32mvendor\laravel\framework\src\Illuminate\Database\Connection.php[39m:[32m825[39m
    821▕                     $this->getName(), $query, $this->prepareBindings($bindings), $e
    822▕                 );
    823▕             }
    824▕ 
  ➜ 825▕             throw new QueryException(
    826▕                 $this->getName(), $query, $this->prepareBindings($bindings), $e
    827▕             );
    828▕         }
    829▕     }

  [33m1   [39m[39;1mvendor\laravel\framework\src\Illuminate\Database\Connection.php[39;22m:[39;1m825[39;22m

  [33m2   [39m[39;1mvendor\laravel\framework\src\Illuminate\Database\Connection.php[39;22m:[39;1m412[39;22m
  [90m    NunoMaduro\Collision\Exceptions\TestException::("SQLSTATE[22P02]: Invalid text representation: 7 FEHLER:  ungültige Eingabesyntax für Typ uuid: »1«
CONTEXT:  unbenanntes Portal Parameter $1 = '...'")[39m

  [31m────────────────────────────────────────────────────────────────────────────────────────────────────────────────────[39m  
  [41;1m FAILED [49;22m [1mTests\Feature\Auth\VerifiedMiddlewareTest[22m [90m>[39m multiple unverified users all blocked          [41;1m QueryException [49;22m  
[39;1m  SQLSTATE[22P02]: Invalid text representation: 7 FEHLER:  ungültige Eingabesyntax für Typ uuid: »1«
CONTEXT:  unbenanntes Portal Parameter $1 = '...' (Connection: pgsql, SQL: select * from "organisations" where "organisations"."id" = 1 and "organisations"."deleted_at" is null limit 1)[39;22m

  at [32mvendor\laravel\framework\src\Illuminate\Database\Connection.php[39m:[32m825[39m
    821▕                     $this->getName(), $query, $this->prepareBindings($bindings), $e
    822▕                 );
    823▕             }
    824▕ 
  ➜ 825▕             throw new QueryException(
    826▕                 $this->getName(), $query, $this->prepareBindings($bindings), $e
    827▕             );
    828▕         }
    829▕     }

  [33m1   [39m[39;1mvendor\laravel\framework\src\Illuminate\Database\Connection.php[39;22m:[39;1m825[39;22m

  [33m2   [39m[39;1mvendor\laravel\framework\src\Illuminate\Database\Connection.php[39;22m:[39;1m412[39;22m
  [90m    NunoMaduro\Collision\Exceptions\TestException::("SQLSTATE[22P02]: Invalid text representation: 7 FEHLER:  ungültige Eingabesyntax für Typ uuid: »1«
CONTEXT:  unbenanntes Portal Parameter $1 = '...'")[39m

  [31m────────────────────────────────────────────────────────────────────────────────────────────────────────────────────[39m  
  [41;1m FAILED [49;22m [1mTests\Feature\Auth\VerifiedMiddlewareTest[22m [90m>[39m verified user has email verified at            [41;1m QueryException [49;22m  
[39;1m  SQLSTATE[22P02]: Invalid text representation: 7 FEHLER:  ungültige Eingabesyntax für Typ uuid: »1«
CONTEXT:  unbenanntes Portal Parameter $1 = '...' (Connection: pgsql, SQL: select * from "organisations" where "organisations"."id" = 1 and "organisations"."deleted_at" is null limit 1)[39;22m

  at [32mvendor\laravel\framework\src\Illuminate\Database\Connection.php[39m:[32m825[39m
    821▕                     $this->getName(), $query, $this->prepareBindings($bindings), $e
    822▕                 );
    823▕             }
    824▕ 
  ➜ 825▕             throw new QueryException(
    826▕                 $this->getName(), $query, $this->prepareBindings($bindings), $e
    827▕             );
    828▕         }
    829▕     }

  [33m1   [39m[39;1mvendor\laravel\framework\src\Illuminate\Database\Connection.php[39;22m:[39;1m825[39;22m

  [33m2   [39m[39;1mvendor\laravel\framework\src\Illuminate\Database\Connection.php[39;22m:[39;1m412[39;22m
  [90m    NunoMaduro\Collision\Exceptions\TestException::("SQLSTATE[22P02]: Invalid text representation: 7 FEHLER:  ungültige Eingabesyntax für Typ uuid: »1«
CONTEXT:  unbenanntes Portal Parameter $1 = '...'")[39m

  [31m────────────────────────────────────────────────────────────────────────────────────────────────────────────────────[39m  
  [41;1m FAILED [49;22m [1mTests\Feature\Auth\VerifiedMiddlewareTest[22m [90m>[39m unverified user has null email verified at     [41;1m QueryException [49;22m  
[39;1m  SQLSTATE[22P02]: Invalid text representation: 7 FEHLER:  ungültige Eingabesyntax für Typ uuid: »1«
CONTEXT:  unbenanntes Portal Parameter $1 = '...' (Connection: pgsql, SQL: select * from "organisations" where "organisations"."id" = 1 and "organisations"."deleted_at" is null limit 1)[39;22m

  at [32mvendor\laravel\framework\src\Illuminate\Database\Connection.php[39m:[32m825[39m
    821▕                     $this->getName(), $query, $this->prepareBindings($bindings), $e
    822▕                 );
    823▕             }
    824▕ 
  ➜ 825▕             throw new QueryException(
    826▕                 $this->getName(), $query, $this->prepareBindings($bindings), $e
    827▕             );
    828▕         }
    829▕     }

  [33m1   [39m[39;1mvendor\laravel\framework\src\Illuminate\Database\Connection.php[39;22m:[39;1m825[39;22m

  [33m2   [39m[39;1mvendor\laravel\framework\src\Illuminate\Database\Connection.php[39;22m:[39;1m412[39;22m
  [90m    NunoMaduro\Collision\Exceptions\TestException::("SQLSTATE[22P02]: Invalid text representation: 7 FEHLER:  ungültige Eingabesyntax für Typ uuid: »1«
CONTEXT:  unbenanntes Portal Parameter $1 = '...'")[39m

  [31m────────────────────────────────────────────────────────────────────────────────────────────────────────────────────[39m  
  [41;1m FAILED [49;22m [1mTests\Feature\Auth\VerifiedMiddlewareTest[22m [90m>[39m home route requires verification               [41;1m QueryException [49;22m  
[39;1m  SQLSTATE[22P02]: Invalid text representation: 7 FEHLER:  ungültige Eingabesyntax für Typ uuid: »1«
CONTEXT:  unbenanntes Portal Parameter $1 = '...' (Connection: pgsql, SQL: select * from "organisations" where "organisations"."id" = 1 and "organisations"."deleted_at" is null limit 1)[39;22m

  at [32mvendor\laravel\framework\src\Illuminate\Database\Connection.php[39m:[32m825[39m
    821▕                     $this->getName(), $query, $this->prepareBindings($bindings), $e
    822▕                 );
    823▕             }
    824▕ 
  ➜ 825▕             throw new QueryException(
    826▕                 $this->getName(), $query, $this->prepareBindings($bindings), $e
    827▕             );
    828▕         }
    829▕     }

  [33m1   [39m[39;1mvendor\laravel\framework\src\Illuminate\Database\Connection.php[39;22m:[39;1m825[39;22m

  [33m2   [39m[39;1mvendor\laravel\framework\src\Illuminate\Database\Connection.php[39;22m:[39;1m412[39;22m
  [90m    NunoMaduro\Collision\Exceptions\TestException::("SQLSTATE[22P02]: Invalid text representation: 7 FEHLER:  ungültige Eingabesyntax für Typ uuid: »1«
CONTEXT:  unbenanntes Portal Parameter $1 = '...'")[39m

  [31m────────────────────────────────────────────────────────────────────────────────────────────────────────────────────[39m  
  [41;1m FAILED [49;22m [1mTests\Feature\Auth\VoterInvitationSetPasswordTest[22m [90m>[39m redirect fails if election slug is mi… [41;1m QueryException [49;22m  
[39;1m  SQLSTATE[23502]: Not null violation: 7 FEHLER:  NULL-Wert in Spalte »slug« von Relation »elections« verletzt Not-Null-Constraint
DETAIL:  Fehlgeschlagene Zeile enthält (a1e8e895-a73b-4062-abb0-7ae0bb55d757, a1e8e895-817c-4aeb-99a3-d870aea70a01, ad, null, Provident autem quae laboriosam tempore adipisci ipsam aut., real, active, 2026-05-31 08:44:26, 2026-06-07 08:44:26, t, null, 2026-05-31 08:44:26, 2026-05-31 08:44:26, null, f, f, 4, null, f, No vote / Abstain, maximum, null, null, 0, null, null, null, block, strict, none, null, null, null, f, null, null, null, f, null, null, null, t, 7, null, f, null, null, f, null, 0, 0, 0, 0, 0, 0, draft, null, null, null, null, null, null, null, null, 0, null, null, null, null, null, null, null, null, null, null, full_membership, ip_count, none, 6, single_code, f, null, null, null, D.2.5, null). (Connection: pgsql, SQL: insert into "elections" ("organisation_id", "name", "slug", "description", "type", "is_active", "status", "state", "administration_completed", "nomination_completed", "start_date", "end_date", "posts_count", "voters_count", "election_committee_members_count", "candidates_count", "pending_candidacies_count", "votes_count", "voting_locked", "voting_starts_at", "voting_ends_at", "results_locked", "voter_source_strategy", "id", "updated_at", "created_at") values (a1e8e895-817c-4aeb-99a3-d870aea70a01, ad, ?, Provident autem quae laboriosam tempore adipisci ipsam aut., real, 1, active, draft, 0, 0, 2026-05-31 08:44:26, 2026-06-07 08:44:26, 0, 0, 0, 0, 0, 0, 0, ?, ?, 0, full_membership, a1e8e895-a73b-4062-abb0-7ae0bb55d757, 2026-05-31 08:44:26, 2026-05-31 08:44:26))[39;22m

  at [32mvendor\laravel\framework\src\Illuminate\Database\Connection.php[39m:[32m825[39m
    821▕                     $this->getName(), $query, $this->prepareBindings($bindings), $e
    822▕                 );
    823▕             }
    824▕ 
  ➜ 825▕             throw new QueryException(
    826▕                 $this->getName(), $query, $this->prepareBindings($bindings), $e
    827▕             );
    828▕         }
    829▕     }

  [33m1   [39m[39;1mvendor\laravel\framework\src\Illuminate\Database\Connection.php[39;22m:[39;1m825[39;22m

  [33m2   [39m[39;1mvendor\laravel\framework\src\Illuminate\Database\Connection.php[39;22m:[39;1m571[39;22m
  [90m    NunoMaduro\Collision\Exceptions\TestException::("SQLSTATE[23502]: Not null violation: 7 FEHLER:  NULL-Wert in Spalte »slug« von Relation »elections« verletzt Not-Null-Constraint
DETAIL:  Fehlgeschlagene Zeile enthält (a1e8e895-a73b-4062-abb0-7ae0bb55d757, a1e8e895-817c-4aeb-99a3-d870aea70a01, ad, null, Provident autem quae laboriosam tempore adipisci ipsam aut., real, active, 2026-05-31 08:44:26, 2026-06-07 08:44:26, t, null, 2026-05-31 08:44:26, 2026-05-31 08:44:26, null, f, f, 4, null, f, No vote / Abstain, maximum, null, null, 0, null, null, null, block, strict, none, null, null, null, f, null, null, null, f, null, null, null, t, 7, null, f, null, null, f, null, 0, 0, 0, 0, 0, 0, draft, null, null, null, null, null, null, null, null, 0, null, null, null, null, null, null, null, null, null, null, full_membership, ip_count, none, 6, single_code, f, null, null, null, D.2.5, null).")[39m

  [31m────────────────────────────────────────────────────────────────────────────────────────────────────────────────────[39m  
  [41;1m FAILED [49;22m [1mTests\Feature\AuthenticationFlowTest[22m [90m>[39m registration creates user with platform organisati… [41;1m QueryException [49;22m  
[39;1m  SQLSTATE[22P02]: Invalid text representation: 7 FEHLER:  ungültige Eingabesyntax für Typ uuid: »1«
CONTEXT:  unbenanntes Portal Parameter $7 = '...' (Connection: pgsql, SQL: insert into "users" ("name", "email", "email_verified_at", "password", "remember_token", "region", "organisation_id", "is_committee_member", "id", "updated_at", "created_at") values (Ms. Jaquelin Heathcote, john@example.com, 2026-05-31 08:44:26, $2y$10$92IXUNpkjO0rOQ5byMi.Ye4oKoEa3Ro9llC/.og/at2.uheWG/igi, MPPXbf7M07, South Dakota, 1, 0, a1e8e896-6d80-4d41-aa05-471c280fb895, 2026-05-31 08:44:26, 2026-05-31 08:44:26))[39;22m

  at [32mvendor\laravel\framework\src\Illuminate\Database\Connection.php[39m:[32m825[39m
    821▕                     $this->getName(), $query, $this->prepareBindings($bindings), $e
    822▕                 );
    823▕             }
    824▕ 
  ➜ 825▕             throw new QueryException(
    826▕                 $this->getName(), $query, $this->prepareBindings($bindings), $e
    827▕             );
    828▕         }
    829▕     }

  [33m1   [39m[39;1mvendor\laravel\framework\src\Illuminate\Database\Connection.php[39;22m:[39;1m825[39;22m

  [33m2   [39m[39;1mvendor\laravel\framework\src\Illuminate\Database\Connection.php[39;22m:[39;1m571[39;22m
  [90m    NunoMaduro\Collision\Exceptions\TestException::("SQLSTATE[22P02]: Invalid text representation: 7 FEHLER:  ungültige Eingabesyntax für Typ uuid: »1«
CONTEXT:  unbenanntes Portal Parameter $7 = '...'")[39m

  [31m────────────────────────────────────────────────────────────────────────────────────────────────────────────────────[39m  
  [41;1m FAILED [49;22m [1mTests\Feature\AuthenticationFlowTest[22m [90m>[39m email verification flow                             [41;1m QueryException [49;22m  
[39;1m  SQLSTATE[22P02]: Invalid text representation: 7 FEHLER:  ungültige Eingabesyntax für Typ uuid: »1«
CONTEXT:  unbenanntes Portal Parameter $7 = '...' (Connection: pgsql, SQL: insert into "users" ("name", "email", "email_verified_at", "password", "remember_token", "region", "organisation_id", "is_committee_member", "id", "updated_at", "created_at") values (Maryse Fahey IV, unverified@example.com, ?, $2y$10$92IXUNpkjO0rOQ5byMi.Ye4oKoEa3Ro9llC/.og/at2.uheWG/igi, EtMGHwgXzb, Massachusetts, 1, 0, a1e8e897-2499-4aa6-996d-3c2d06db0a77, 2026-05-31 08:44:27, 2026-05-31 08:44:27))[39;22m

  at [32mvendor\laravel\framework\src\Illuminate\Database\Connection.php[39m:[32m825[39m
    821▕                     $this->getName(), $query, $this->prepareBindings($bindings), $e
    822▕                 );
    823▕             }
    824▕ 
  ➜ 825▕             throw new QueryException(
    826▕                 $this->getName(), $query, $this->prepareBindings($bindings), $e
    827▕             );
    828▕         }
    829▕     }

  [33m1   [39m[39;1mvendor\laravel\framework\src\Illuminate\Database\Connection.php[39;22m:[39;1m825[39;22m

  [33m2   [39m[39;1mvendor\laravel\framework\src\Illuminate\Database\Connection.php[39;22m:[39;1m571[39;22m
  [90m    NunoMaduro\Collision\Exceptions\TestException::("SQLSTATE[22P02]: Invalid text representation: 7 FEHLER:  ungültige Eingabesyntax für Typ uuid: »1«
CONTEXT:  unbenanntes Portal Parameter $7 = '...'")[39m

  [31m────────────────────────────────────────────────────────────────────────────────────────────────────────────────────[39m  
  [41;1m FAILED [49;22m [1mTests\Feature\AuthenticationFlowTest[22m [90m>[39m first login after verification shows welcome page   [41;1m QueryException [49;22m  
[39;1m  SQLSTATE[22P02]: Invalid text representation: 7 FEHLER:  ungültige Eingabesyntax für Typ uuid: »1«
CONTEXT:  unbenanntes Portal Parameter $7 = '...' (Connection: pgsql, SQL: insert into "users" ("name", "email", "email_verified_at", "password", "remember_token", "region", "organisation_id", "is_committee_member", "onboarded_at", "id", "updated_at", "created_at") values (Ronny Braun, verified@example.com, 2026-05-31 08:44:27, $2y$10$92IXUNpkjO0rOQ5byMi.Ye4oKoEa3Ro9llC/.og/at2.uheWG/igi, tjGIPrhAee, Kansas, 1, 0, ?, a1e8e897-cd5d-4bc3-ba3d-ad47b3a6a1fa, 2026-05-31 08:44:27, 2026-05-31 08:44:27))[39;22m

  at [32mvendor\laravel\framework\src\Illuminate\Database\Connection.php[39m:[32m825[39m
    821▕                     $this->getName(), $query, $this->prepareBindings($bindings), $e
    822▕                 );
    823▕             }
    824▕ 
  ➜ 825▕             throw new QueryException(
    826▕                 $this->getName(), $query, $this->prepareBindings($bindings), $e
    827▕             );
    828▕         }
    829▕     }

  [33m1   [39m[39;1mvendor\laravel\framework\src\Illuminate\Database\Connection.php[39;22m:[39;1m825[39;22m

  [33m2   [39m[39;1mvendor\laravel\framework\src\Illuminate\Database\Connection.php[39;22m:[39;1m571[39;22m
  [90m    NunoMaduro\Collision\Exceptions\TestException::("SQLSTATE[22P02]: Invalid text representation: 7 FEHLER:  ungültige Eingabesyntax für Typ uuid: »1«
CONTEXT:  unbenanntes Portal Parameter $7 = '...'")[39m

  [31m────────────────────────────────────────────────────────────────────────────────────────────────────────────────────[39m  
  [41;1m FAILED [49;22m [1mTests\Feature\AuthenticationFlowTest[22m [90m>[39m second login after onboarding goes to dashboard     [41;1m QueryException [49;22m  
[39;1m  SQLSTATE[22P02]: Invalid text representation: 7 FEHLER:  ungültige Eingabesyntax für Typ uuid: »1«
CONTEXT:  unbenanntes Portal Parameter $7 = '...' (Connection: pgsql, SQL: insert into "users" ("name", "email", "email_verified_at", "password", "remember_token", "region", "organisation_id", "is_committee_member", "onboarded_at", "id", "updated_at", "created_at") values (Tyreek Hoeger, onboarded@example.com, 2026-05-31 08:44:27, $2y$10$92IXUNpkjO0rOQ5byMi.Ye4oKoEa3Ro9llC/.og/at2.uheWG/igi, xJQ0v7HyVN, Florida, 1, 0, 2026-05-30 08:44:27, a1e8e898-69b1-49c4-bf4b-4ee44663b370, 2026-05-31 08:44:27, 2026-05-31 08:44:27))[39;22m

  at [32mvendor\laravel\framework\src\Illuminate\Database\Connection.php[39m:[32m825[39m
    821▕                     $this->getName(), $query, $this->prepareBindings($bindings), $e
    822▕                 );
    823▕             }
    824▕ 
  ➜ 825▕             throw new QueryException(
    826▕                 $this->getName(), $query, $this->prepareBindings($bindings), $e
    827▕             );
    828▕         }
    829▕     }

  [33m1   [39m[39;1mvendor\laravel\framework\src\Illuminate\Database\Connection.php[39;22m:[39;1m825[39;22m

  [33m2   [39m[39;1mvendor\laravel\framework\src\Illuminate\Database\Connection.php[39;22m:[39;1m571[39;22m
  [90m    NunoMaduro\Collision\Exceptions\TestException::("SQLSTATE[22P02]: Invalid text representation: 7 FEHLER:  ungültige Eingabesyntax für Typ uuid: »1«
CONTEXT:  unbenanntes Portal Parameter $7 = '...'")[39m

  [31m────────────────────────────────────────────────────────────────────────────────────────────────────────────────────[39m  
  [41;1m FAILED [49;22m [1mTests\Feature\AuthenticationFlowTest[22m [90m>[39m platform member goes to main dashboard not organis… [41;1m QueryException [49;22m  
[39;1m  SQLSTATE[22P02]: Invalid text representation: 7 FEHLER:  ungültige Eingabesyntax für Typ uuid: »1«
CONTEXT:  unbenanntes Portal Parameter $7 = '...' (Connection: pgsql, SQL: insert into "users" ("name", "email", "email_verified_at", "password", "remember_token", "region", "organisation_id", "is_committee_member", "onboarded_at", "id", "updated_at", "created_at") values (Keanu Hessel, platform-member@example.com, 2026-05-31 08:44:28, $2y$10$92IXUNpkjO0rOQ5byMi.Ye4oKoEa3Ro9llC/.og/at2.uheWG/igi, CrO8EpDyfa, North Carolina, 1, 0, 2026-05-31 08:44:28, a1e8e898-f614-41a8-918b-6787d3fd207d, 2026-05-31 08:44:28, 2026-05-31 08:44:28))[39;22m

  at [32mvendor\laravel\framework\src\Illuminate\Database\Connection.php[39m:[32m825[39m
    821▕                     $this->getName(), $query, $this->prepareBindings($bindings), $e
    822▕                 );
    823▕             }
    824▕ 
  ➜ 825▕             throw new QueryException(
    826▕                 $this->getName(), $query, $this->prepareBindings($bindings), $e
    827▕             );
    828▕         }
    829▕     }

  [33m1   [39m[39;1mvendor\laravel\framework\src\Illuminate\Database\Connection.php[39;22m:[39;1m825[39;22m

  [33m2   [39m[39;1mvendor\laravel\framework\src\Illuminate\Database\Connection.php[39;22m:[39;1m571[39;22m
  [90m    NunoMaduro\Collision\Exceptions\TestException::("SQLSTATE[22P02]: Invalid text representation: 7 FEHLER:  ungültige Eingabesyntax für Typ uuid: »1«
CONTEXT:  unbenanntes Portal Parameter $7 = '...'")[39m

  [31m────────────────────────────────────────────────────────────────────────────────────────────────────────────────────[39m  
  [41;1m FAILED [49;22m [1mTests\Feature\AuthenticationFlowTest[22m [90m>[39m organisation admin redirected to organisation       [41;1m QueryException [49;22m  
[39;1m  SQLSTATE[42703]: Undefined column: 7 FEHLER:  Spalte »is_platform« von Relation »organisations« existiert nicht
LINE 1: ...ress", "representative", "settings", "languages", "is_platfo...
                                                             ^ (Connection: pgsql, SQL: insert into "organisations" ("name", "email", "slug", "type", "is_default", "uses_full_membership", "address", "representative", "settings", "languages", "is_platform", "id", "updated_at", "created_at") values (Beatty-Purdy, germaine91@huel.biz, test-org-admin, tenant, 0, 1, {"street":"67516 Ryleigh Landing","city":"Port Chanelstad","zip":"96907-2954","country":"DE"}, {"name":"Jamir Boyle","role":"Chairman","email":"ifay@mills.org"}, [], ["de","en"], 0, a1e8e899-8008-4f97-9737-b8db98c177fa, 2026-05-31 08:44:28, 2026-05-31 08:44:28))[39;22m

  at [32mvendor\laravel\framework\src\Illuminate\Database\Connection.php[39m:[32m825[39m
    821▕                     $this->getName(), $query, $this->prepareBindings($bindings), $e
    822▕                 );
    823▕             }
    824▕ 
  ➜ 825▕             throw new QueryException(
    826▕                 $this->getName(), $query, $this->prepareBindings($bindings), $e
    827▕             );
    828▕         }
    829▕     }

  [33m1   [39m[39;1mvendor\laravel\framework\src\Illuminate\Database\Connection.php[39;22m:[39;1m825[39;22m

  [33m2   [39m[39;1mvendor\laravel\framework\src\Illuminate\Database\Connection.php[39;22m:[39;1m571[39;22m
  [90m    NunoMaduro\Collision\Exceptions\TestException::("SQLSTATE[42703]: Undefined column: 7 FEHLER:  Spalte »is_platform« von Relation »organisations« existiert nicht
LINE 1: ...ress", "representative", "settings", "languages", "is_platfo...
                                                             ^")[39m

  [31m────────────────────────────────────────────────────────────────────────────────────────────────────────────────────[39m  
  [41;1m FAILED [49;22m [1mTests\Feature\AuthenticationFlowTest[22m [90m>[39m multi role user sees role selector                  [41;1m QueryException [49;22m  
[39;1m  SQLSTATE[23502]: Not null violation: 7 FEHLER:  NULL-Wert in Spalte »id« von Relation »user_organisation_roles« verletzt Not-Null-Constraint
DETAIL:  Fehlgeschlagene Zeile enthält (null, a1e8e89a-73e9-4e3e-923e-0fc93e2c0f1e, a1e8e89a-5f62-4a0e-afd0-269cddd6f5b6, admin, null, 2026-05-31 08:44:29, 2026-05-31 08:44:29). (Connection: pgsql, SQL: insert into "user_organisation_roles" ("user_id", "organisation_id", "role", "created_at", "updated_at") values (a1e8e89a-73e9-4e3e-923e-0fc93e2c0f1e, a1e8e89a-5f62-4a0e-afd0-269cddd6f5b6, admin, 2026-05-31 08:44:29, 2026-05-31 08:44:29) on conflict do nothing)[39;22m

  at [32mvendor\laravel\framework\src\Illuminate\Database\Connection.php[39m:[32m825[39m
    821▕                     $this->getName(), $query, $this->prepareBindings($bindings), $e
    822▕                 );
    823▕             }
    824▕ 
  ➜ 825▕             throw new QueryException(
    826▕                 $this->getName(), $query, $this->prepareBindings($bindings), $e
    827▕             );
    828▕         }
    829▕     }

  [33m1   [39m[39;1mvendor\laravel\framework\src\Illuminate\Database\Connection.php[39;22m:[39;1m825[39;22m

  [33m2   [39m[39;1mvendor\laravel\framework\src\Illuminate\Database\Connection.php[39;22m:[39;1m596[39;22m
  [90m    NunoMaduro\Collision\Exceptions\TestException::("SQLSTATE[23502]: Not null violation: 7 FEHLER:  NULL-Wert in Spalte »id« von Relation »user_organisation_roles« verletzt Not-Null-Constraint
DETAIL:  Fehlgeschlagene Zeile enthält (null, a1e8e89a-73e9-4e3e-923e-0fc93e2c0f1e, a1e8e89a-5f62-4a0e-afd0-269cddd6f5b6, admin, null, 2026-05-31 08:44:29, 2026-05-31 08:44:29).")[39m

  [31m────────────────────────────────────────────────────────────────────────────────────────────────────────────────────[39m  
  [41;1m FAILED [49;22m [1mTests\Feature\AuthenticationFlowTest[22m [90m>[39m unverified user cannot access dashboard             [41;1m QueryException [49;22m  
[39;1m  SQLSTATE[22P02]: Invalid text representation: 7 FEHLER:  ungültige Eingabesyntax für Typ uuid: »1«
CONTEXT:  unbenanntes Portal Parameter $7 = '...' (Connection: pgsql, SQL: insert into "users" ("name", "email", "email_verified_at", "password", "remember_token", "region", "organisation_id", "is_committee_member", "id", "updated_at", "created_at") values (Mr. Kelley Reichel Jr., unverified-user@example.com, ?, $2y$10$92IXUNpkjO0rOQ5byMi.Ye4oKoEa3Ro9llC/.og/at2.uheWG/igi, 6wDDj875S9, Mississippi, 1, 0, a1e8e89b-a20f-4cc2-8e07-dd9793f6365a, 2026-05-31 08:44:29, 2026-05-31 08:44:29))[39;22m

  at [32mvendor\laravel\framework\src\Illuminate\Database\Connection.php[39m:[32m825[39m
    821▕                     $this->getName(), $query, $this->prepareBindings($bindings), $e
    822▕                 );
    823▕             }
    824▕ 
  ➜ 825▕             throw new QueryException(
    826▕                 $this->getName(), $query, $this->prepareBindings($bindings), $e
    827▕             );
    828▕         }
    829▕     }

  [33m1   [39m[39;1mvendor\laravel\framework\src\Illuminate\Database\Connection.php[39;22m:[39;1m825[39;22m

  [33m2   [39m[39;1mvendor\laravel\framework\src\Illuminate\Database\Connection.php[39;22m:[39;1m571[39;22m
  [90m    NunoMaduro\Collision\Exceptions\TestException::("SQLSTATE[22P02]: Invalid text representation: 7 FEHLER:  ungültige Eingabesyntax für Typ uuid: »1«
CONTEXT:  unbenanntes Portal Parameter $7 = '...'")[39m

  [31m────────────────────────────────────────────────────────────────────────────────────────────────────────────────────[39m  
  [41;1m FAILED [49;22m [1mTests\Feature\AuthenticationFlowTest[22m [90m>[39m welcome page sets onboarded at                      [41;1m QueryException [49;22m  
[39;1m  SQLSTATE[22P02]: Invalid text representation: 7 FEHLER:  ungültige Eingabesyntax für Typ uuid: »1«
CONTEXT:  unbenanntes Portal Parameter $7 = '...' (Connection: pgsql, SQL: insert into "users" ("name", "email", "email_verified_at", "password", "remember_token", "region", "organisation_id", "is_committee_member", "onboarded_at", "id", "updated_at", "created_at") values (Carleton Kunze, welcome-user@example.com, 2026-05-31 08:44:30, $2y$10$92IXUNpkjO0rOQ5byMi.Ye4oKoEa3Ro9llC/.og/at2.uheWG/igi, Oy6DKp5pOu, Texas, 1, 0, ?, a1e8e89c-4c60-49df-843e-cdbb0da1e137, 2026-05-31 08:44:30, 2026-05-31 08:44:30))[39;22m

  at [32mvendor\laravel\framework\src\Illuminate\Database\Connection.php[39m:[32m825[39m
    821▕                     $this->getName(), $query, $this->prepareBindings($bindings), $e
    822▕                 );
    823▕             }
    824▕ 
  ➜ 825▕             throw new QueryException(
    826▕                 $this->getName(), $query, $this->prepareBindings($bindings), $e
    827▕             );
    828▕         }
    829▕     }

  [33m1   [39m[39;1mvendor\laravel\framework\src\Illuminate\Database\Connection.php[39;22m:[39;1m825[39;22m

  [33m2   [39m[39;1mvendor\laravel\framework\src\Illuminate\Database\Connection.php[39;22m:[39;1m571[39;22m
  [90m    NunoMaduro\Collision\Exceptions\TestException::("SQLSTATE[22P02]: Invalid text representation: 7 FEHLER:  ungültige Eingabesyntax für Typ uuid: »1«
CONTEXT:  unbenanntes Portal Parameter $7 = '...'")[39m

  [31m────────────────────────────────────────────────────────────────────────────────────────────────────────────────────[39m  
  [41;1m FAILED [49;22m [1mTests\Feature\AuthenticationFlowTest[22m [90m>[39m unverified user dashboard access shows verificatio… [41;1m QueryException [49;22m  
[39;1m  SQLSTATE[22P02]: Invalid text representation: 7 FEHLER:  ungültige Eingabesyntax für Typ uuid: »1«
CONTEXT:  unbenanntes Portal Parameter $7 = '...' (Connection: pgsql, SQL: insert into "users" ("name", "email", "email_verified_at", "password", "remember_token", "region", "organisation_id", "is_committee_member", "onboarded_at", "id", "updated_at", "created_at") values (Dr. Bethel Ryan, test-unverified@example.com, ?, $2y$10$92IXUNpkjO0rOQ5byMi.Ye4oKoEa3Ro9llC/.og/at2.uheWG/igi, 2pAvAFdNpq, North Dakota, 1, 0, ?, a1e8e89c-fb05-4ca3-84a1-80a6ce032cd1, 2026-05-31 08:44:30, 2026-05-31 08:44:30))[39;22m

  at [32mvendor\laravel\framework\src\Illuminate\Database\Connection.php[39m:[32m825[39m
    821▕                     $this->getName(), $query, $this->prepareBindings($bindings), $e
    822▕                 );
    823▕             }
    824▕ 
  ➜ 825▕             throw new QueryException(
    826▕                 $this->getName(), $query, $this->prepareBindings($bindings), $e
    827▕             );
    828▕         }
    829▕     }

  [33m1   [39m[39;1mvendor\laravel\framework\src\Illuminate\Database\Connection.php[39;22m:[39;1m825[39;22m

  [33m2   [39m[39;1mvendor\laravel\framework\src\Illuminate\Database\Connection.php[39;22m:[39;1m571[39;22m
  [90m    NunoMaduro\Collision\Exceptions\TestException::("SQLSTATE[22P02]: Invalid text representation: 7 FEHLER:  ungültige Eingabesyntax für Typ uuid: »1«
CONTEXT:  unbenanntes Portal Parameter $7 = '...'")[39m

  [31m────────────────────────────────────────────────────────────────────────────────────────────────────────────────────[39m  
  [41;1m FAILED [49;22m [1mTests\Feature\AuthenticationFlowTest[22m [90m>[39m organisation access control middleware              [41;1m QueryException [49;22m  
[39;1m  SQLSTATE[22P02]: Invalid text representation: 7 FEHLER:  ungültige Eingabesyntax für Typ uuid: »1«
CONTEXT:  unbenanntes Portal Parameter $7 = '...' (Connection: pgsql, SQL: insert into "users" ("name", "email", "email_verified_at", "password", "remember_token", "region", "organisation_id", "is_committee_member", "onboarded_at", "id", "updated_at", "created_at") values (Sage Smitham, no-access@example.com, 2026-05-31 08:44:31, $2y$10$92IXUNpkjO0rOQ5byMi.Ye4oKoEa3Ro9llC/.og/at2.uheWG/igi, KZcNoHop4M, Texas, 1, 0, 2026-05-31 08:44:31, a1e8e89d-9930-4522-b439-e3f3623e16fc, 2026-05-31 08:44:31, 2026-05-31 08:44:31))[39;22m

  at [32mvendor\laravel\framework\src\Illuminate\Database\Connection.php[39m:[32m825[39m
    821▕                     $this->getName(), $query, $this->prepareBindings($bindings), $e
    822▕                 );
    823▕             }
    824▕ 
  ➜ 825▕             throw new QueryException(
    826▕                 $this->getName(), $query, $this->prepareBindings($bindings), $e
    827▕             );
    828▕         }
    829▕     }

  [33m1   [39m[39;1mvendor\laravel\framework\src\Illuminate\Database\Connection.php[39;22m:[39;1m825[39;22m

  [33m2   [39m[39;1mvendor\laravel\framework\src\Illuminate\Database\Connection.php[39;22m:[39;1m571[39;22m
  [90m    NunoMaduro\Collision\Exceptions\TestException::("SQLSTATE[22P02]: Invalid text representation: 7 FEHLER:  ungültige Eingabesyntax für Typ uuid: »1«
CONTEXT:  unbenanntes Portal Parameter $7 = '...'")[39m

  [31m────────────────────────────────────────────────────────────────────────────────────────────────────────────────────[39m  
  [41;1m FAILED [49;22m [1mTests\Feature\Bootstrap\BootstrapAppConfigurationTest[22m [90m>[39m web middleware group has custom middleware           
[39;1m  Failed asserting that an array contains 'TenantContext'.[39;22m

  at [32mtests\Feature\Bootstrap\BootstrapAppConfigurationTest.php[39m:[32m146[39m
    142▕ 
    143▕         // These should be present (Phase 2 added them to web group)
    144▕         $this->assertContains('SetLocale', $middlewareClassNames);
    145▕         $this->assertContains('HandleInertiaRequests', $middlewareClassNames);
  ➜ 146▕         $this->assertContains('TenantContext', $middlewareClassNames);
    147▕     }
    148▕ 
    149▕     /**
    150▕      * Test that authentication guards are configured.

  [33m1   [39m[39;1mtests\Feature\Bootstrap\BootstrapAppConfigurationTest.php[39;22m:[39;1m146[39;22m

  [31m────────────────────────────────────────────────────────────────────────────────────────────────────────────────────[39m  
  [41;1m FAILED [49;22m [1mTests\Feature\CodeControllerSlugRedirectTest[22m [90m>[39m code submission redirects to slug based ag… [41;1m QueryException [49;22m  
[39;1m  SQLSTATE[42703]: Undefined column: 7 FEHLER:  Spalte »is_voter« von Relation »users« existiert nicht
LINE 1: ...egion", "organisation_id", "is_committee_member", "is_voter"...
                                                             ^ (Connection: pgsql, SQL: insert into "users" ("name", "email", "email_verified_at", "password", "remember_token", "region", "organisation_id", "is_committee_member", "is_voter", "can_vote", "has_voted", "id", "updated_at", "created_at") values (Ayden Gutmann, fdamore@example.net, 2026-05-31 08:44:47, $2y$10$92IXUNpkjO0rOQ5byMi.Ye4oKoEa3Ro9llC/.og/at2.uheWG/igi, Ed0S0Ui0wm, Arizona, 3611e0b8-a512-400c-a87d-b500ae59d94c, 0, 1, 1, 0, a1e8e8b6-6105-4af8-a380-c0d432002372, 2026-05-31 08:44:47, 2026-05-31 08:44:47))[39;22m

  at [32mvendor\laravel\framework\src\Illuminate\Database\Connection.php[39m:[32m825[39m
    821▕                     $this->getName(), $query, $this->prepareBindings($bindings), $e
    822▕                 );
    823▕             }
    824▕ 
  ➜ 825▕             throw new QueryException(
    826▕                 $this->getName(), $query, $this->prepareBindings($bindings), $e
    827▕             );
    828▕         }
    829▕     }

  [33m1   [39m[39;1mvendor\laravel\framework\src\Illuminate\Database\Connection.php[39;22m:[39;1m825[39;22m

  [33m2   [39m[39;1mvendor\laravel\framework\src\Illuminate\Database\Connection.php[39;22m:[39;1m571[39;22m
  [90m    NunoMaduro\Collision\Exceptions\TestException::("SQLSTATE[42703]: Undefined column: 7 FEHLER:  Spalte »is_voter« von Relation »users« existiert nicht
LINE 1: ...egion", "organisation_id", "is_committee_member", "is_voter"...
                                                             ^")[39m

  [31m────────────────────────────────────────────────────────────────────────────────────────────────────────────────────[39m  
  [41;1m FAILED [49;22m [1mTests\Feature\CodeControllerSlugRedirectTest[22m [90m>[39m code submission without slug redirects to…  [41;1m QueryException [49;22m  
[39;1m  SQLSTATE[42703]: Undefined column: 7 FEHLER:  Spalte »is_voter« von Relation »users« existiert nicht
LINE 1: ...egion", "organisation_id", "is_committee_member", "is_voter"...
                                                             ^ (Connection: pgsql, SQL: insert into "users" ("name", "email", "email_verified_at", "password", "remember_token", "region", "organisation_id", "is_committee_member", "is_voter", "can_vote", "has_voted", "id", "updated_at", "created_at") values (Miss Willow Wolff Jr., al95@example.org, 2026-05-31 08:44:47, $2y$10$92IXUNpkjO0rOQ5byMi.Ye4oKoEa3Ro9llC/.og/at2.uheWG/igi, 4cfL3ltEYF, Oklahoma, 3611e0b8-a512-400c-a87d-b500ae59d94c, 0, 1, 1, 0, a1e8e8b7-1544-43bc-a255-ae0df49ce50c, 2026-05-31 08:44:47, 2026-05-31 08:44:47))[39;22m

  at [32mvendor\laravel\framework\src\Illuminate\Database\Connection.php[39m:[32m825[39m
    821▕                     $this->getName(), $query, $this->prepareBindings($bindings), $e
    822▕                 );
    823▕             }
    824▕ 
  ➜ 825▕             throw new QueryException(
    826▕                 $this->getName(), $query, $this->prepareBindings($bindings), $e
    827▕             );
    828▕         }
    829▕     }

  [33m1   [39m[39;1mvendor\laravel\framework\src\Illuminate\Database\Connection.php[39;22m:[39;1m825[39;22m

  [33m2   [39m[39;1mvendor\laravel\framework\src\Illuminate\Database\Connection.php[39;22m:[39;1m571[39;22m
  [90m    NunoMaduro\Collision\Exceptions\TestException::("SQLSTATE[42703]: Undefined column: 7 FEHLER:  Spalte »is_voter« von Relation »users« existiert nicht
LINE 1: ...egion", "organisation_id", "is_committee_member", "is_voter"...
                                                             ^")[39m

  [31m────────────────────────────────────────────────────────────────────────────────────────────────────────────────────[39m  
  [41;1m FAILED [49;22m [1mTests\Feature\CodeControllerSlugRedirectTest[22m [90m>[39m invalid code redirects to slug based creat… [41;1m QueryException [49;22m  
[39;1m  SQLSTATE[42703]: Undefined column: 7 FEHLER:  Spalte »is_voter« von Relation »users« existiert nicht
LINE 1: ...egion", "organisation_id", "is_committee_member", "is_voter"...
                                                             ^ (Connection: pgsql, SQL: insert into "users" ("name", "email", "email_verified_at", "password", "remember_token", "region", "organisation_id", "is_committee_member", "is_voter", "can_vote", "has_voted", "id", "updated_at", "created_at") values (Morgan Kris MD, ward.marcelina@example.org, 2026-05-31 08:44:48, $2y$10$92IXUNpkjO0rOQ5byMi.Ye4oKoEa3Ro9llC/.og/at2.uheWG/igi, i65dHWAYze, Wisconsin, 3611e0b8-a512-400c-a87d-b500ae59d94c, 0, 1, 1, 0, a1e8e8b7-e1fc-4c7b-b346-803982a2deaf, 2026-05-31 08:44:48, 2026-05-31 08:44:48))[39;22m

  at [32mvendor\laravel\framework\src\Illuminate\Database\Connection.php[39m:[32m825[39m
    821▕                     $this->getName(), $query, $this->prepareBindings($bindings), $e
    822▕                 );
    823▕             }
    824▕ 
  ➜ 825▕             throw new QueryException(
    826▕                 $this->getName(), $query, $this->prepareBindings($bindings), $e
    827▕             );
    828▕         }
    829▕     }

  [33m1   [39m[39;1mvendor\laravel\framework\src\Illuminate\Database\Connection.php[39;22m:[39;1m825[39;22m

  [33m2   [39m[39;1mvendor\laravel\framework\src\Illuminate\Database\Connection.php[39;22m:[39;1m571[39;22m
  [90m    NunoMaduro\Collision\Exceptions\TestException::("SQLSTATE[42703]: Undefined column: 7 FEHLER:  Spalte »is_voter« von Relation »users« existiert nicht
LINE 1: ...egion", "organisation_id", "is_committee_member", "is_voter"...
                                                             ^")[39m

  [31m────────────────────────────────────────────────────────────────────────────────────────────────────────────────────[39m  
  [41;1m FAILED [49;22m [1mTests\Feature\CodeControllerSlugRedirectTest[22m [90m>[39m user with existing voting session redirect… [41;1m QueryException [49;22m  
[39;1m  SQLSTATE[42703]: Undefined column: 7 FEHLER:  Spalte »is_voter« von Relation »users« existiert nicht
LINE 1: ...egion", "organisation_id", "is_committee_member", "is_voter"...
                                                             ^ (Connection: pgsql, SQL: insert into "users" ("name", "email", "email_verified_at", "password", "remember_token", "region", "organisation_id", "is_committee_member", "is_voter", "can_vote", "has_voted", "id", "updated_at", "created_at") values (Ubaldo Ritchie, fwest@example.org, 2026-05-31 08:44:48, $2y$10$92IXUNpkjO0rOQ5byMi.Ye4oKoEa3Ro9llC/.og/at2.uheWG/igi, rqxMvUklnf, District of Columbia, 3611e0b8-a512-400c-a87d-b500ae59d94c, 0, 1, 1, 0, a1e8e8b8-8c41-4110-a024-d1e316a9e0ea, 2026-05-31 08:44:48, 2026-05-31 08:44:48))[39;22m

  at [32mvendor\laravel\framework\src\Illuminate\Database\Connection.php[39m:[32m825[39m
    821▕                     $this->getName(), $query, $this->prepareBindings($bindings), $e
    822▕                 );
    823▕             }
    824▕ 
  ➜ 825▕             throw new QueryException(
    826▕                 $this->getName(), $query, $this->prepareBindings($bindings), $e
    827▕             );
    828▕         }
    829▕     }

  [33m1   [39m[39;1mvendor\laravel\framework\src\Illuminate\Database\Connection.php[39;22m:[39;1m825[39;22m

  [33m2   [39m[39;1mvendor\laravel\framework\src\Illuminate\Database\Connection.php[39;22m:[39;1m571[39;22m
  [90m    NunoMaduro\Collision\Exceptions\TestException::("SQLSTATE[42703]: Undefined column: 7 FEHLER:  Spalte »is_voter« von Relation »users« existiert nicht
LINE 1: ...egion", "organisation_id", "is_committee_member", "is_voter"...
                                                             ^")[39m

  [31m────────────────────────────────────────────────────────────────────────────────────────────────────────────────────[39m  
  [41;1m FAILED [49;22m [1mTests\Feature\CodeControllerTest[22m [90m>[39m expired code regenerates with all flags reset           [41;1m QueryException [49;22m  
[39;1m  SQLSTATE[42P01]: Undefined table: 7 FEHLER:  Relation »organisations« existiert nicht
LINE 1: insert into "organisations" ("name", "email", "slug", "type"...
                    ^ (Connection: pgsql, SQL: insert into "organisations" ("name", "email", "slug", "type", "is_default", "uses_full_membership", "address", "representative", "settings", "languages", "id", "updated_at", "created_at") values (Lemke LLC, coby74@thiel.net, lemke-llc, tenant, 0, 1, {"street":"32239 Mac Underpass Apt. 946","city":"Ritaport","zip":"99844-8163","country":"DE"}, {"name":"Ellie Kreiger","role":"Chairman","email":"garett.hegmann@oconnell.biz"}, [], ["de","en"], a1e8e8bf-3c99-42c7-a9c5-ae920d69f601, 2026-05-31 08:44:53, 2026-05-31 08:44:53))[39;22m

  at [32mvendor\laravel\framework\src\Illuminate\Database\Connection.php[39m:[32m825[39m
    821▕                     $this->getName(), $query, $this->prepareBindings($bindings), $e
    822▕                 );
    823▕             }
    824▕ 
  ➜ 825▕             throw new QueryException(
    826▕                 $this->getName(), $query, $this->prepareBindings($bindings), $e
    827▕             );
    828▕         }
    829▕     }

  [33m1   [39m[39;1mvendor\laravel\framework\src\Illuminate\Database\Connection.php[39;22m:[39;1m825[39;22m

  [33m2   [39m[39;1mvendor\laravel\framework\src\Illuminate\Database\Connection.php[39;22m:[39;1m571[39;22m
  [90m    NunoMaduro\Collision\Exceptions\TestException::("SQLSTATE[42P01]: Undefined table: 7 FEHLER:  Relation »organisations« existiert nicht
LINE 1: insert into "organisations" ("name", "email", "slug", "type"...
                    ^")[39m

  [31m────────────────────────────────────────────────────────────────────────────────────────────────────────────────────[39m  
  [41;1m FAILED [49;22m [1mTests\Feature\CodeControllerTest[22m [90m>[39m verified code regenerated if expired                    [41;1m QueryException [49;22m  
[39;1m  SQLSTATE[42P01]: Undefined table: 7 FEHLER:  Relation »organisations« existiert nicht
LINE 1: insert into "organisations" ("name", "email", "slug", "type"...
                    ^ (Connection: pgsql, SQL: insert into "organisations" ("name", "email", "slug", "type", "is_default", "uses_full_membership", "address", "representative", "settings", "languages", "id", "updated_at", "created_at") values (Bednar Ltd, hhane@gerhold.com, bednar-ltd, tenant, 0, 1, {"street":"40754 Sharon Rapid","city":"Huelsview","zip":"51447","country":"DE"}, {"name":"Daryl Larson","role":"Chairman","email":"sipes.hermann@yahoo.com"}, [], ["de","en"], a1e8e8bf-c31e-4351-aa69-48c131ecdad3, 2026-05-31 08:44:53, 2026-05-31 08:44:53))[39;22m

  at [32mvendor\laravel\framework\src\Illuminate\Database\Connection.php[39m:[32m825[39m
    821▕                     $this->getName(), $query, $this->prepareBindings($bindings), $e
    822▕                 );
    823▕             }
    824▕ 
  ➜ 825▕             throw new QueryException(
    826▕                 $this->getName(), $query, $this->prepareBindings($bindings), $e
    827▕             );
    828▕         }
    829▕     }

  [33m1   [39m[39;1mvendor\laravel\framework\src\Illuminate\Database\Connection.php[39;22m:[39;1m825[39;22m

  [33m2   [39m[39;1mvendor\laravel\framework\src\Illuminate\Database\Connection.php[39;22m:[39;1m571[39;22m
  [90m    NunoMaduro\Collision\Exceptions\TestException::("SQLSTATE[42P01]: Undefined table: 7 FEHLER:  Relation »organisations« existiert nicht
LINE 1: insert into "organisations" ("name", "email", "slug", "type"...
                    ^")[39m

  [31m────────────────────────────────────────────────────────────────────────────────────────────────────────────────────[39m  
  [41;1m FAILED [49;22m [1mTests\Feature\CodeControllerTest[22m [90m>[39m fresh verified code is not regenerated                  [41;1m QueryException [49;22m  
[39;1m  SQLSTATE[42P01]: Undefined table: 7 FEHLER:  Relation »organisations« existiert nicht
LINE 1: insert into "organisations" ("name", "email", "slug", "type"...
                    ^ (Connection: pgsql, SQL: insert into "organisations" ("name", "email", "slug", "type", "is_default", "uses_full_membership", "address", "representative", "settings", "languages", "id", "updated_at", "created_at") values (Dare-Aufderhar, raphael83@zboncak.net, dare-aufderhar, tenant, 0, 1, {"street":"59538 Jamie Glens Suite 361","city":"Port Curtview","zip":"75819","country":"DE"}, {"name":"Cale Considine","role":"Chairman","email":"pearlie.zieme@harber.biz"}, [], ["de","en"], a1e8e8c0-549b-4292-9968-a9797c17a976, 2026-05-31 08:44:54, 2026-05-31 08:44:54))[39;22m

  at [32mvendor\laravel\framework\src\Illuminate\Database\Connection.php[39m:[32m825[39m
    821▕                     $this->getName(), $query, $this->prepareBindings($bindings), $e
    822▕                 );
    823▕             }
    824▕ 
  ➜ 825▕             throw new QueryException(
    826▕                 $this->getName(), $query, $this->prepareBindings($bindings), $e
    827▕             );
    828▕         }
    829▕     }

  [33m1   [39m[39;1mvendor\laravel\framework\src\Illuminate\Database\Connection.php[39;22m:[39;1m825[39;22m

  [33m2   [39m[39;1mvendor\laravel\framework\src\Illuminate\Database\Connection.php[39;22m:[39;1m571[39;22m
  [90m    NunoMaduro\Collision\Exceptions\TestException::("SQLSTATE[42P01]: Undefined table: 7 FEHLER:  Relation »organisations« existiert nicht
LINE 1: insert into "organisations" ("name", "email", "slug", "type"...
                    ^")[39m

  [31m────────────────────────────────────────────────────────────────────────────────────────────────────────────────────[39m  
  [41;1m FAILED [49;22m [1mTests\Feature\CodeControllerTest[22m [90m>[39m has voted user redirected from create                   [41;1m QueryException [49;22m  
[39;1m  SQLSTATE[42703]: Undefined column: 7 FEHLER:  Spalte »uses_full_membership« von Relation »organisations« existiert nicht
LINE 1: ..." ("name", "email", "slug", "type", "is_default", "uses_full...
                                                             ^ (Connection: pgsql, SQL: insert into "organisations" ("name", "email", "slug", "type", "is_default", "uses_full_membership", "address", "representative", "settings", "languages", "id", "updated_at", "created_at") values (Bernhard-Volkman, gina35@hahn.biz, bernhard-volkman, tenant, 0, 1, {"street":"18517 McGlynn Lock","city":"East Asafurt","zip":"50122","country":"DE"}, {"name":"Ms. Leann Gislason","role":"Chairman","email":"hellen05@wuckert.com"}, [], ["de","en"], a1e8e8c0-ec1b-422d-923a-414fe7b06cb4, 2026-05-31 08:44:54, 2026-05-31 08:44:54))[39;22m

  at [32mvendor\laravel\framework\src\Illuminate\Database\Connection.php[39m:[32m825[39m
    821▕                     $this->getName(), $query, $this->prepareBindings($bindings), $e
    822▕                 );
    823▕             }
    824▕ 
  ➜ 825▕             throw new QueryException(
    826▕                 $this->getName(), $query, $this->prepareBindings($bindings), $e
    827▕             );
    828▕         }
    829▕     }

  [33m1   [39m[39;1mvendor\laravel\framework\src\Illuminate\Database\Connection.php[39;22m:[39;1m825[39;22m

  [33m2   [39m[39;1mvendor\laravel\framework\src\Illuminate\Database\Connection.php[39;22m:[39;1m571[39;22m
  [90m    NunoMaduro\Collision\Exceptions\TestException::("SQLSTATE[42703]: Undefined column: 7 FEHLER:  Spalte »uses_full_membership« von Relation »organisations« existiert nicht
LINE 1: ..." ("name", "email", "slug", "type", "is_default", "uses_full...
                                                             ^")[39m

  [31m────────────────────────────────────────────────────────────────────────────────────────────────────────────────────[39m  
  [41;1m FAILED [49;22m [1mTests\Feature\CodeControllerTest[22m [90m>[39m has voted user blocked in store                         [41;1m QueryException [49;22m  
[39;1m  SQLSTATE[42703]: Undefined column: 7 FEHLER:  Spalte »uses_full_membership« von Relation »organisations« existiert nicht
LINE 1: ..." ("name", "email", "slug", "type", "is_default", "uses_full...
                                                             ^ (Connection: pgsql, SQL: insert into "organisations" ("name", "email", "slug", "type", "is_default", "uses_full_membership", "address", "representative", "settings", "languages", "id", "updated_at", "created_at") values (Daniel-Trantow, waldo.kautzer@stoltenberg.com, daniel-trantow, tenant, 0, 1, {"street":"72103 Ziemann Lodge","city":"Port Maia","zip":"52560","country":"DE"}, {"name":"Dr. Harley Williamson","role":"Chairman","email":"micah.spencer@jaskolski.com"}, [], ["de","en"], a1e8e8c1-84c4-4d93-a9c4-dad1fafce66c, 2026-05-31 08:44:54, 2026-05-31 08:44:54))[39;22m

  at [32mvendor\laravel\framework\src\Illuminate\Database\Connection.php[39m:[32m825[39m
    821▕                     $this->getName(), $query, $this->prepareBindings($bindings), $e
    822▕                 );
    823▕             }
    824▕ 
  ➜ 825▕             throw new QueryException(
    826▕                 $this->getName(), $query, $this->prepareBindings($bindings), $e
    827▕             );
    828▕         }
    829▕     }

  [33m1   [39m[39;1mvendor\laravel\framework\src\Illuminate\Database\Connection.php[39;22m:[39;1m825[39;22m

  [33m2   [39m[39;1mvendor\laravel\framework\src\Illuminate\Database\Connection.php[39;22m:[39;1m571[39;22m
  [90m    NunoMaduro\Collision\Exceptions\TestException::("SQLSTATE[42703]: Undefined column: 7 FEHLER:  Spalte »uses_full_membership« von Relation »organisations« existiert nicht
LINE 1: ..." ("name", "email", "slug", "type", "is_default", "uses_full...
                                                             ^")[39m

  [31m────────────────────────────────────────────────────────────────────────────────────────────────────────────────────[39m  
  [41;1m FAILED [49;22m [1mTests\Feature\CodeControllerTest[22m [90m>[39m has voted user redirected from show agreement           [41;1m QueryException [49;22m  
[39;1m  SQLSTATE[42703]: Undefined column: 7 FEHLER:  Spalte »uses_full_membership« von Relation »organisations« existiert nicht
LINE 1: ..." ("name", "email", "slug", "type", "is_default", "uses_full...
                                                             ^ (Connection: pgsql, SQL: insert into "organisations" ("name", "email", "slug", "type", "is_default", "uses_full_membership", "address", "representative", "settings", "languages", "id", "updated_at", "created_at") values (Murray, Hermann and Mohr, jacobi.monty@braun.com, murray-hermann-and-mohr, tenant, 0, 1, {"street":"415 Rowan Square","city":"McDermottton","zip":"35882","country":"DE"}, {"name":"Demetris Hammes Sr.","role":"Chairman","email":"isabella.stark@gmail.com"}, [], ["de","en"], a1e8e8c2-20aa-4ead-a0e2-45c256fdaea7, 2026-05-31 08:44:55, 2026-05-31 08:44:55))[39;22m

  at [32mvendor\laravel\framework\src\Illuminate\Database\Connection.php[39m:[32m825[39m
    821▕                     $this->getName(), $query, $this->prepareBindings($bindings), $e
    822▕                 );
    823▕             }
    824▕ 
  ➜ 825▕             throw new QueryException(
    826▕                 $this->getName(), $query, $this->prepareBindings($bindings), $e
    827▕             );
    828▕         }
    829▕     }

  [33m1   [39m[39;1mvendor\laravel\framework\src\Illuminate\Database\Connection.php[39;22m:[39;1m825[39;22m

  [33m2   [39m[39;1mvendor\laravel\framework\src\Illuminate\Database\Connection.php[39;22m:[39;1m571[39;22m
  [90m    NunoMaduro\Collision\Exceptions\TestException::("SQLSTATE[42703]: Undefined column: 7 FEHLER:  Spalte »uses_full_membership« von Relation »organisations« existiert nicht
LINE 1: ..." ("name", "email", "slug", "type", "is_default", "uses_full...
                                                             ^")[39m

  [31m────────────────────────────────────────────────────────────────────────────────────────────────────────────────────[39m  
  [41;1m FAILED [49;22m [1mTests\Feature\CodeControllerTest[22m [90m>[39m store rejects code with wrong length                    [41;1m QueryException [49;22m  
[39;1m  SQLSTATE[42703]: Undefined column: 7 FEHLER:  Spalte »uses_full_membership« von Relation »organisations« existiert nicht
LINE 1: ..." ("name", "email", "slug", "type", "is_default", "uses_full...
                                                             ^ (Connection: pgsql, SQL: insert into "organisations" ("name", "email", "slug", "type", "is_default", "uses_full_membership", "address", "representative", "settings", "languages", "id", "updated_at", "created_at") values (Gerhold-Funk, santos.bosco@turcotte.biz, gerhold-funk, tenant, 0, 1, {"street":"270 Kattie Spurs","city":"West Alyciachester","zip":"32822-7233","country":"DE"}, {"name":"Madaline Schaefer Sr.","role":"Chairman","email":"harber.lonny@yahoo.com"}, [], ["de","en"], a1e8e8c2-980f-48d2-aea8-bfc7854df1ce, 2026-05-31 08:44:55, 2026-05-31 08:44:55))[39;22m

  at [32mvendor\laravel\framework\src\Illuminate\Database\Connection.php[39m:[32m825[39m
    821▕                     $this->getName(), $query, $this->prepareBindings($bindings), $e
    822▕                 );
    823▕             }
    824▕ 
  ➜ 825▕             throw new QueryException(
    826▕                 $this->getName(), $query, $this->prepareBindings($bindings), $e
    827▕             );
    828▕         }
    829▕     }

  [33m1   [39m[39;1mvendor\laravel\framework\src\Illuminate\Database\Connection.php[39;22m:[39;1m825[39;22m

  [33m2   [39m[39;1mvendor\laravel\framework\src\Illuminate\Database\Connection.php[39;22m:[39;1m571[39;22m
  [90m    NunoMaduro\Collision\Exceptions\TestException::("SQLSTATE[42703]: Undefined column: 7 FEHLER:  Spalte »uses_full_membership« von Relation »organisations« existiert nicht
LINE 1: ..." ("name", "email", "slug", "type", "is_default", "uses_full...
                                                             ^")[39m

  [31m────────────────────────────────────────────────────────────────────────────────────────────────────────────────────[39m  
  [41;1m FAILED [49;22m [1mTests\Feature\CodeControllerTest[22m [90m>[39m ip rate limiting is scoped to election                  [41;1m QueryException [49;22m  
[39;1m  SQLSTATE[42703]: Undefined column: 7 FEHLER:  Spalte »uses_full_membership« von Relation »organisations« existiert nicht
LINE 1: ..." ("name", "email", "slug", "type", "is_default", "uses_full...
                                                             ^ (Connection: pgsql, SQL: insert into "organisations" ("name", "email", "slug", "type", "is_default", "uses_full_membership", "address", "representative", "settings", "languages", "id", "updated_at", "created_at") values (Leffler Ltd, vdicki@russel.biz, leffler-ltd, tenant, 0, 1, {"street":"274 Goodwin Dale Suite 864","city":"Port Lizethburgh","zip":"73070-9847","country":"DE"}, {"name":"Olin Ankunding","role":"Chairman","email":"bailey.johnson@okeefe.net"}, [], ["de","en"], a1e8e8c3-23e9-4b21-8a5a-9f254f5d1844, 2026-05-31 08:44:55, 2026-05-31 08:44:55))[39;22m

  at [32mvendor\laravel\framework\src\Illuminate\Database\Connection.php[39m:[32m825[39m
    821▕                     $this->getName(), $query, $this->prepareBindings($bindings), $e
    822▕                 );
    823▕             }
    824▕ 
  ➜ 825▕             throw new QueryException(
    826▕                 $this->getName(), $query, $this->prepareBindings($bindings), $e
    827▕             );
    828▕         }
    829▕     }

  [33m1   [39m[39;1mvendor\laravel\framework\src\Illuminate\Database\Connection.php[39;22m:[39;1m825[39;22m

  [33m2   [39m[39;1mvendor\laravel\framework\src\Illuminate\Database\Connection.php[39;22m:[39;1m571[39;22m
  [90m    NunoMaduro\Collision\Exceptions\TestException::("SQLSTATE[42703]: Undefined column: 7 FEHLER:  Spalte »uses_full_membership« von Relation »organisations« existiert nicht
LINE 1: ..." ("name", "email", "slug", "type", "is_default", "uses_full...
                                                             ^")[39m

  [31m────────────────────────────────────────────────────────────────────────────────────────────────────────────────────[39m  
  [41;1m FAILED [49;22m [1mTests\Feature\CodeControllerTest[22m [90m>[39m generate unique code for organisation produces valid c… [41;1m QueryException [49;22m  
[39;1m  SQLSTATE[42703]: Undefined column: 7 FEHLER:  Spalte »uses_full_membership« von Relation »organisations« existiert nicht
LINE 1: ..." ("name", "email", "slug", "type", "is_default", "uses_full...
                                                             ^ (Connection: pgsql, SQL: insert into "organisations" ("name", "email", "slug", "type", "is_default", "uses_full_membership", "address", "representative", "settings", "languages", "id", "updated_at", "created_at") values (Mueller Ltd, colin.damore@emard.net, mueller-ltd, tenant, 0, 1, {"street":"882 Mariane Roads Apt. 562","city":"Leschmouth","zip":"49100-6691","country":"DE"}, {"name":"Ladarius VonRueden","role":"Chairman","email":"toby.fadel@yahoo.com"}, [], ["de","en"], a1e8e8c3-bab9-43bb-99e0-5a144d2ebf88, 2026-05-31 08:44:56, 2026-05-31 08:44:56))[39;22m

  at [32mvendor\laravel\framework\src\Illuminate\Database\Connection.php[39m:[32m825[39m
    821▕                     $this->getName(), $query, $this->prepareBindings($bindings), $e
    822▕                 );
    823▕             }
    824▕ 
  ➜ 825▕             throw new QueryException(
    826▕                 $this->getName(), $query, $this->prepareBindings($bindings), $e
    827▕             );
    828▕         }
    829▕     }

  [33m1   [39m[39;1mvendor\laravel\framework\src\Illuminate\Database\Connection.php[39;22m:[39;1m825[39;22m

  [33m2   [39m[39;1mvendor\laravel\framework\src\Illuminate\Database\Connection.php[39;22m:[39;1m571[39;22m
  [90m    NunoMaduro\Collision\Exceptions\TestException::("SQLSTATE[42703]: Undefined column: 7 FEHLER:  Spalte »uses_full_membership« von Relation »organisations« existiert nicht
LINE 1: ..." ("name", "email", "slug", "type", "is_default", "uses_full...
                                                             ^")[39m

  [31m────────────────────────────────────────────────────────────────────────────────────────────────────────────────────[39m  
  [41;1m FAILED [49;22m [1mTests\Feature\CodeControllerTest[22m [90m>[39m has voted blocks submit agreement                       [41;1m QueryException [49;22m  
[39;1m  SQLSTATE[42703]: Undefined column: 7 FEHLER:  Spalte »uses_full_membership« von Relation »organisations« existiert nicht
LINE 1: ..." ("name", "email", "slug", "type", "is_default", "uses_full...
                                                             ^ (Connection: pgsql, SQL: insert into "organisations" ("name", "email", "slug", "type", "is_default", "uses_full_membership", "address", "representative", "settings", "languages", "id", "updated_at", "created_at") values (Price-Lesch, cziemann@bernier.info, price-lesch, tenant, 0, 1, {"street":"410 Gleichner Mill","city":"North Bernadinemouth","zip":"83002-8231","country":"DE"}, {"name":"Miss Rita Boyle","role":"Chairman","email":"magali.mccullough@hotmail.com"}, [], ["de","en"], a1e8e8c4-667b-4165-a11d-d7723fc516f1, 2026-05-31 08:44:56, 2026-05-31 08:44:56))[39;22m

  at [32mvendor\laravel\framework\src\Illuminate\Database\Connection.php[39m:[32m825[39m
    821▕                     $this->getName(), $query, $this->prepareBindings($bindings), $e
    822▕                 );
    823▕             }
    824▕ 
  ➜ 825▕             throw new QueryException(
    826▕                 $this->getName(), $query, $this->prepareBindings($bindings), $e
    827▕             );
    828▕         }
    829▕     }

  [33m1   [39m[39;1mvendor\laravel\framework\src\Illuminate\Database\Connection.php[39;22m:[39;1m825[39;22m

  [33m2   [39m[39;1mvendor\laravel\framework\src\Illuminate\Database\Connection.php[39;22m:[39;1m571[39;22m
  [90m    NunoMaduro\Collision\Exceptions\TestException::("SQLSTATE[42703]: Undefined column: 7 FEHLER:  Spalte »uses_full_membership« von Relation »organisations« existiert nicht
LINE 1: ..." ("name", "email", "slug", "type", "is_default", "uses_full...
                                                             ^")[39m

  [31m────────────────────────────────────────────────────────────────────────────────────────────────────────────────────[39m  
  [41;1m FAILED [49;22m [1mTests\Feature\CodeControllerTest[22m [90m>[39m expired verified code is regenerated                    [41;1m QueryException [49;22m  
[39;1m  SQLSTATE[42703]: Undefined column: 7 FEHLER:  Spalte »voter_source_strategy« von Relation »elections« existiert nicht
LINE 1: ...g_starts_at", "voting_ends_at", "results_locked", "voter_sou...
                                                             ^ (Connection: pgsql, SQL: insert into "elections" ("organisation_id", "name", "slug", "description", "type", "is_active", "status", "state", "administration_completed", "nomination_completed", "start_date", "end_date", "posts_count", "voters_count", "election_committee_members_count", "candidates_count", "pending_candidacies_count", "votes_count", "voting_locked", "voting_starts_at", "voting_ends_at", "results_locked", "voter_source_strategy", "id", "updated_at", "created_at") values (a1e8e8c5-0ea4-42b9-9439-9f53866ef03a, et, deserunt-repellat-dignissimos-vel-ullam-possimus-consequuntur-inventore, Quo occaecati quod iure exercitationem., real, 1, active, draft, 0, 0, 2026-05-31 08:44:57, 2026-06-07 08:44:57, 0, 0, 0, 0, 0, 0, 0, ?, ?, 0, full_membership, a1e8e8c5-24f9-4cfb-b330-efc0c9c55618, 2026-05-31 08:44:57, 2026-05-31 08:44:57))[39;22m

  at [32mvendor\laravel\framework\src\Illuminate\Database\Connection.php[39m:[32m825[39m
    821▕                     $this->getName(), $query, $this->prepareBindings($bindings), $e
    822▕                 );
    823▕             }
    824▕ 
  ➜ 825▕             throw new QueryException(
    826▕                 $this->getName(), $query, $this->prepareBindings($bindings), $e
    827▕             );
    828▕         }
    829▕     }

  [33m1   [39m[39;1mvendor\laravel\framework\src\Illuminate\Database\Connection.php[39;22m:[39;1m825[39;22m

  [33m2   [39m[39;1mvendor\laravel\framework\src\Illuminate\Database\Connection.php[39;22m:[39;1m571[39;22m
  [90m    NunoMaduro\Collision\Exceptions\TestException::("SQLSTATE[42703]: Undefined column: 7 FEHLER:  Spalte »voter_source_strategy« von Relation »elections« existiert nicht
LINE 1: ...g_starts_at", "voting_ends_at", "results_locked", "voter_sou...
                                                             ^")[39m

  [31m────────────────────────────────────────────────────────────────────────────────────────────────────────────────────[39m  
  [41;1m FAILED [49;22m [1mTests\Feature\Commands\BackfillVoterSourceStrategyTest[22m [90m>[39m audit only reports elections mis… [41;1m QueryException [49;22m  
[39;1m  SQLSTATE[42703]: Undefined column: 7 FEHLER:  Spalte »voter_source_strategy« von Relation »elections« existiert nicht
LINE 1: ...elections (id, organisation_id, name, slug, type, voter_sour...
                                                             ^ (Connection: pgsql, SQL: INSERT INTO elections (id, organisation_id, name, slug, type, voter_source_strategy, state, created_at, updated_at)
             VALUES (96aa75b6-8ce3-4a13-ad0b-dc691305bd34, a1e8e8c5-bf88-4b5e-b82d-bd6c1198a5a6, Audit test, audit-test, real, NULL, draft, NOW(), NOW()))[39;22m

  at [32mvendor\laravel\framework\src\Illuminate\Database\Connection.php[39m:[32m825[39m
    821▕                     $this->getName(), $query, $this->prepareBindings($bindings), $e
    822▕                 );
    823▕             }
    824▕ 
  ➜ 825▕             throw new QueryException(
    826▕                 $this->getName(), $query, $this->prepareBindings($bindings), $e
    827▕             );
    828▕         }
    829▕     }

  [33m1   [39m[39;1mvendor\laravel\framework\src\Illuminate\Database\Connection.php[39;22m:[39;1m825[39;22m

  [33m2   [39m[39;1mvendor\laravel\framework\src\Illuminate\Database\Connection.php[39;22m:[39;1m571[39;22m
  [90m    NunoMaduro\Collision\Exceptions\TestException::("SQLSTATE[42703]: Undefined column: 7 FEHLER:  Spalte »voter_source_strategy« von Relation »elections« existiert nicht
LINE 1: ...elections (id, organisation_id, name, slug, type, voter_sour...
                                                             ^")[39m

  [31m────────────────────────────────────────────────────────────────────────────────────────────────────────────────────[39m  
  [41;1m FAILED [49;22m [1mTests\Feature\Commands\BackfillVoterSourceStrategyTest[22m [90m>[39m backfill sets election only from… [41;1m QueryException [49;22m  
[39;1m  SQLSTATE[42703]: Undefined column: 7 FEHLER:  Spalte »voter_source_strategy« von Relation »elections« existiert nicht
LINE 1: ...elections (id, organisation_id, name, slug, type, voter_sour...
                                                             ^ (Connection: pgsql, SQL: INSERT INTO elections (id, organisation_id, name, slug, type, voter_source_strategy, state, created_at, updated_at)
             VALUES (7cd48b0d-9dcf-46ef-8706-187e515a5e3e, a1e8e8c6-60f8-4406-883a-24acaafedfcf, To backfill 1, to-backfill-1, real, NULL, draft, NOW(), NOW()))[39;22m

  at [32mvendor\laravel\framework\src\Illuminate\Database\Connection.php[39m:[32m825[39m
    821▕                     $this->getName(), $query, $this->prepareBindings($bindings), $e
    822▕                 );
    823▕             }
    824▕ 
  ➜ 825▕             throw new QueryException(
    826▕                 $this->getName(), $query, $this->prepareBindings($bindings), $e
    827▕             );
    828▕         }
    829▕     }

  [33m1   [39m[39;1mvendor\laravel\framework\src\Illuminate\Database\Connection.php[39;22m:[39;1m825[39;22m

  [33m2   [39m[39;1mvendor\laravel\framework\src\Illuminate\Database\Connection.php[39;22m:[39;1m571[39;22m
  [90m    NunoMaduro\Collision\Exceptions\TestException::("SQLSTATE[42703]: Undefined column: 7 FEHLER:  Spalte »voter_source_strategy« von Relation »elections« existiert nicht
LINE 1: ...elections (id, organisation_id, name, slug, type, voter_sour...
                                                             ^")[39m

  [31m────────────────────────────────────────────────────────────────────────────────────────────────────────────────────[39m  
  [41;1m FAILED [49;22m [1mTests\Feature\CommitteeStructurePersistenceTest[22m [90m>[39m saves and retrieves aggregate intact              [41;1m Error [49;22m  
[39;1m  Call to undefined method App\Contexts\Membership\Infrastructure\Persistence\Repositories\EloquentCommitteeStructureRepository::save()[39;22m

  at [32mtests\Feature\CommitteeStructurePersistenceTest.php[39m:[32m44[39m
     40▕                 CommitteeLevel::create(2, null, 'District', GeoPolicy::REQUIRED, new GeoScope('district'), [], 0, null, null),
     41▕             ]
     42▕         );
     43▕ 
  ➜  44▕         $this->repository->save($structure);
     45▕ 
     46▕         $retrieved = $this->repository->findById($structure->getId());
     47▕ 
     48▕         $this->assertNotNull($retrieved);

  [33m1   [39m[39;1mtests\Feature\CommitteeStructurePersistenceTest.php[39;22m:[39;1m44[39;22m

  [31m────────────────────────────────────────────────────────────────────────────────────────────────────────────────────[39m  
  [41;1m FAILED [49;22m [1mTests\Feature\CommitteeStructurePersistenceTest[22m [90m>[39m version persisted correctly          [41;1m ArgumentCountError [49;22m  
[39;1m  Too few arguments to function App\Contexts\Membership\Domain\Committee\CommitteeStructure::activate(), 0 passed in C:\Users\nabra\OneDrive\Desktop\roshyara\xamp\nrna\nrna-eu\tests\Feature\CommitteeStructurePersistenceTest.php on line 64 and at least 1 expected[39;22m

  at [32mapp\Contexts\Membership\Domain\Committee\CommitteeStructure.php[39m:[32m216[39m
    212▕             CommitteeCategory::WARD => 4,
    213▕         };
    214▕     }
    215▕ 
  ➜ 216▕     public function activate(
    217▕         string $activatedBy,
    218▕         ?string $reason = null,
    219▕         array $metadata = []
    220▕     ): void {

  [33m1   [39m[39;1mapp\Contexts\Membership\Domain\Committee\CommitteeStructure.php[39;22m:[39;1m216[39;22m
  [33m2   [39m[39;1mtests\Feature\CommitteeStructurePersistenceTest.php[39;22m:[39;1m64[39;22m

  [31m────────────────────────────────────────────────────────────────────────────────────────────────────────────────────[39m  
  [41;1m FAILED [49;22m [1mTests\Feature\CommitteeStructurePersistenceTest[22m [90m>[39m geo scope persisted and reconstructed         [41;1m TypeError [49;22m  
[39;1m  App\Contexts\Membership\Domain\Committee\CommitteeLevel::create(): Argument #3 ($name) must be of type string, App\Contexts\Membership\Domain\Committee\GeoPolicy given, called in C:\Users\nabra\OneDrive\Desktop\roshyara\xamp\nrna\nrna-eu\tests\Feature\CommitteeStructurePersistenceTest.php on line 81[39;22m

  at [32mapp\Contexts\Membership\Domain\Committee\CommitteeLevel.php[39m:[32m21[39m
     17▕         public ?array $ageRange,
     18▕         public ?string $genderRequirement,
     19▕     ) {}
     20▕ 
  ➜  21▕     public static function create(
     22▕         int $index,
     23▕         ?string $code,
     24▕         string $name,
     25▕         GeoPolicy $geoPolicy,

  [33m1   [39m[39;1mapp\Contexts\Membership\Domain\Committee\CommitteeLevel.php[39;22m:[39;1m21[39;22m
  [33m2   [39m[39;1mtests\Feature\CommitteeStructurePersistenceTest.php[39;22m:[39;1m81[39;22m

  [31m────────────────────────────────────────────────────────────────────────────────────────────────────────────────────[39m  
  [41;1m FAILED [49;22m [1mTests\Feature\CommitteeStructurePersistenceTest[22m [90m>[39m find active by tenant                             [41;1m Error [49;22m  
[39;1m  Call to undefined method App\Contexts\Membership\Infrastructure\Persistence\Repositories\EloquentCommitteeStructureRepository::save()[39;22m

  at [32mtests\Feature\CommitteeStructurePersistenceTest.php[39m:[32m112[39m
    108▕             levels: [CommitteeLevel::create(1, null, 'L', GeoPolicy::NONE, null, [], 0, null, null)]
    109▕         );
    110▕ 
    111▕         // Draft — not returned
  ➜ 112▕         $this->repository->save($structure);
    113▕         $this->assertNull($this->repository->findActiveByTenant($this->tenantId));
    114▕ 
    115▕         // Activate
    116▕         $structure->activate();

  [33m1   [39m[39;1mtests\Feature\CommitteeStructurePersistenceTest.php[39;22m:[39;1m112[39;22m

  [31m────────────────────────────────────────────────────────────────────────────────────────────────────────────────────[39m  
  [41;1m FAILED [49;22m [1mTests\Feature\CommitteeStructurePersistenceTest[22m [90m>[39m only one active per tenant enforced  [41;1m ArgumentCountError [49;22m  
[39;1m  Too few arguments to function App\Contexts\Membership\Domain\Committee\CommitteeStructure::activate(), 0 passed in C:\Users\nabra\OneDrive\Desktop\roshyara\xamp\nrna\nrna-eu\tests\Feature\CommitteeStructurePersistenceTest.php on line 141 and at least 1 expected[39;22m

  at [32mapp\Contexts\Membership\Domain\Committee\CommitteeStructure.php[39m:[32m216[39m
    212▕             CommitteeCategory::WARD => 4,
    213▕         };
    214▕     }
    215▕ 
  ➜ 216▕     public function activate(
    217▕         string $activatedBy,
    218▕         ?string $reason = null,
    219▕         array $metadata = []
    220▕     ): void {

  [33m1   [39m[39;1mapp\Contexts\Membership\Domain\Committee\CommitteeStructure.php[39;22m:[39;1m216[39;22m
  [33m2   [39m[39;1mtests\Feature\CommitteeStructurePersistenceTest.php[39;22m:[39;1m141[39;22m

  [31m────────────────────────────────────────────────────────────────────────────────────────────────────────────────────[39m  
  [41;1m FAILED [49;22m [1mTests\Feature\CommitteeStructurePersistenceTest[22m [90m>[39m tenant isolation enforced            [41;1m ArgumentCountError [49;22m  
[39;1m  Too few arguments to function App\Contexts\Membership\Domain\Committee\CommitteeStructure::activate(), 0 passed in C:\Users\nabra\OneDrive\Desktop\roshyara\xamp\nrna\nrna-eu\tests\Feature\CommitteeStructurePersistenceTest.php on line 170 and at least 1 expected[39;22m

  at [32mapp\Contexts\Membership\Domain\Committee\CommitteeStructure.php[39m:[32m216[39m
    212▕             CommitteeCategory::WARD => 4,
    213▕         };
    214▕     }
    215▕ 
  ➜ 216▕     public function activate(
    217▕         string $activatedBy,
    218▕         ?string $reason = null,
    219▕         array $metadata = []
    220▕     ): void {

  [33m1   [39m[39;1mapp\Contexts\Membership\Domain\Committee\CommitteeStructure.php[39;22m:[39;1m216[39;22m
  [33m2   [39m[39;1mtests\Feature\CommitteeStructurePersistenceTest.php[39;22m:[39;1m170[39;22m

  [31m────────────────────────────────────────────────────────────────────────────────────────────────────────────────────[39m  
  [41;1m FAILED [49;22m [1mTests\Feature\CommitteeStructurePersistenceTest[22m [90m>[39m evolve creates new version not over… [41;1m ArgumentCountError [49;22m  
[39;1m  Too few arguments to function App\Contexts\Membership\Domain\Committee\CommitteeStructure::activate(), 0 passed in C:\Users\nabra\OneDrive\Desktop\roshyara\xamp\nrna\nrna-eu\tests\Feature\CommitteeStructurePersistenceTest.php on line 195 and at least 1 expected[39;22m

  at [32mapp\Contexts\Membership\Domain\Committee\CommitteeStructure.php[39m:[32m216[39m
    212▕             CommitteeCategory::WARD => 4,
    213▕         };
    214▕     }
    215▕ 
  ➜ 216▕     public function activate(
    217▕         string $activatedBy,
    218▕         ?string $reason = null,
    219▕         array $metadata = []
    220▕     ): void {

  [33m1   [39m[39;1mapp\Contexts\Membership\Domain\Committee\CommitteeStructure.php[39;22m:[39;1m216[39;22m
  [33m2   [39m[39;1mtests\Feature\CommitteeStructurePersistenceTest.php[39;22m:[39;1m195[39;22m

  [31m────────────────────────────────────────────────────────────────────────────────────────────────────────────────────[39m  
  [41;1m FAILED [49;22m [1mTests\Feature\CommitteeStructurePersistenceTest[22m [90m>[39m returns full aggregate not partial                [41;1m Error [49;22m  
[39;1m  Call to undefined method App\Contexts\Membership\Infrastructure\Persistence\Repositories\EloquentCommitteeStructureRepository::save()[39;22m

  at [32mtests\Feature\CommitteeStructurePersistenceTest.php[39m:[32m223[39m
    219▕                 CommitteeLevel::create(2, null, 'L2', GeoPolicy::OPTIONAL, new GeoScope('prov'), ['role' => 2], 5, [18, 65], 'M'),
    220▕             ]
    221▕         );
    222▕ 
  ➜ 223▕         $this->repository->save($structure);
    224▕         $retrieved = $this->repository->findById($structure->getId());
    225▕ 
    226▕         // All properties intact
    227▕         $level2 = $retrieved->getLevel(2);

  [33m1   [39m[39;1mtests\Feature\CommitteeStructurePersistenceTest.php[39;22m:[39;1m223[39;22m

  [31m────────────────────────────────────────────────────────────────────────────────────────────────────────────────────[39m  
  [41;1m FAILED [49;22m [1mTests\Feature\CommitteeStructure\ActivateCommitteeStructureStressTest[22m… [41;1m UniqueConstraintViolationException [49;22m  
[39;1m  SQLSTATE[23505]: Unique violation: 7 FEHLER:  doppelter Schlüsselwert verletzt Unique-Constraint »uniq_org_version«
DETAIL:  Schlüssel »(organisation_id, version)=(861223ac-3442-4f5b-9373-04bc6c791a47, 1)« existiert bereits. (Connection: pgsql, SQL: insert into "committee_structures" ("id", "organisation_id", "name", "status", "version", "parent_structure_id", "updated_at", "created_at") values (01KSYKAJFVASMS9QCCYYAQ6A8R, 861223ac-3442-4f5b-9373-04bc6c791a47, Stress Structure 2, draft, 1, ?, 2026-05-31 08:45:04, 2026-05-31 08:45:04))[39;22m

  at [32mvendor\laravel\framework\src\Illuminate\Database\Connection.php[39m:[32m820[39m
    816▕         // message to include the bindings with SQL, which will make this exception a
    817▕         // lot more helpful to the developer instead of just the database's errors.
    818▕         catch (Exception $e) {
    819▕             if ($this->isUniqueConstraintError($e)) {
  ➜ 820▕                 throw new UniqueConstraintViolationException(
    821▕                     $this->getName(), $query, $this->prepareBindings($bindings), $e
    822▕                 );
    823▕             }
    824▕

  [33m1   [39m[39;1mvendor\laravel\framework\src\Illuminate\Database\Connection.php[39;22m:[39;1m820[39;22m

  [33m2   [39m[39;1mvendor\laravel\framework\src\Illuminate\Database\Connection.php[39;22m:[39;1m571[39;22m
  [90m    NunoMaduro\Collision\Exceptions\TestException::("SQLSTATE[23505]: Unique violation: 7 FEHLER:  doppelter Schlüsselwert verletzt Unique-Constraint »uniq_org_version«
DETAIL:  Schlüssel »(organisation_id, version)=(861223ac-3442-4f5b-9373-04bc6c791a47, 1)« existiert bereits.")[39m

  [31m────────────────────────────────────────────────────────────────────────────────────────────────────────────────────[39m  
  [41;1m FAILED [49;22m [1mTests\Feature\CommitteeStructure\ActivateCommitteeStructureStressTest[22m [90m>[39m activation ma… [41;1m ArgumentCountError [49;22m  
[39;1m  Too few arguments to function App\Contexts\Membership\Domain\Committee\CommitteeStructure::activate(), 0 passed in C:\Users\nabra\OneDrive\Desktop\roshyara\xamp\nrna\nrna-eu\tests\Feature\CommitteeStructure\ActivateCommitteeStructureStressTest.php on line 91 and at least 1 expected[39;22m

  at [32mapp\Contexts\Membership\Domain\Committee\CommitteeStructure.php[39m:[32m216[39m
    212▕             CommitteeCategory::WARD => 4,
    213▕         };
    214▕     }
    215▕ 
  ➜ 216▕     public function activate(
    217▕         string $activatedBy,
    218▕         ?string $reason = null,
    219▕         array $metadata = []
    220▕     ): void {

  [33m1   [39m[39;1mapp\Contexts\Membership\Domain\Committee\CommitteeStructure.php[39;22m:[39;1m216[39;22m
  [33m2   [39m[39;1mtests\Feature\CommitteeStructure\ActivateCommitteeStructureStressTest.php[39;22m:[39;1m91[39;22m

  [31m────────────────────────────────────────────────────────────────────────────────────────────────────────────────────[39m  
  [41;1m FAILED [49;22m [1mTests\Feature\CommitteeStructure\ActivateCommitteeStructureStressTest[22m… [41;1m UniqueConstraintViolationException [49;22m  
[39;1m  SQLSTATE[23505]: Unique violation: 7 FEHLER:  doppelter Schlüsselwert verletzt Unique-Constraint »uniq_org_version«
DETAIL:  Schlüssel »(organisation_id, version)=(79304f35-6a01-4f8c-911d-bf41527ee962, 1)« existiert bereits. (Connection: pgsql, SQL: insert into "committee_structures" ("id", "organisation_id", "name", "status", "version", "parent_structure_id", "updated_at", "created_at") values (01KSYKAKEBYP7YP463FPAKXD3W, 79304f35-6a01-4f8c-911d-bf41527ee962, Cycle 2, draft, 1, ?, 2026-05-31 08:45:05, 2026-05-31 08:45:05))[39;22m

  at [32mvendor\laravel\framework\src\Illuminate\Database\Connection.php[39m:[32m820[39m
    816▕         // message to include the bindings with SQL, which will make this exception a
    817▕         // lot more helpful to the developer instead of just the database's errors.
    818▕         catch (Exception $e) {
    819▕             if ($this->isUniqueConstraintError($e)) {
  ➜ 820▕                 throw new UniqueConstraintViolationException(
    821▕                     $this->getName(), $query, $this->prepareBindings($bindings), $e
    822▕                 );
    823▕             }
    824▕

  [33m1   [39m[39;1mvendor\laravel\framework\src\Illuminate\Database\Connection.php[39;22m:[39;1m820[39;22m

  [33m2   [39m[39;1mvendor\laravel\framework\src\Illuminate\Database\Connection.php[39;22m:[39;1m571[39;22m
  [90m    NunoMaduro\Collision\Exceptions\TestException::("SQLSTATE[23505]: Unique violation: 7 FEHLER:  doppelter Schlüsselwert verletzt Unique-Constraint »uniq_org_version«
DETAIL:  Schlüssel »(organisation_id, version)=(79304f35-6a01-4f8c-911d-bf41527ee962, 1)« existiert bereits.")[39m

  [31m────────────────────────────────────────────────────────────────────────────────────────────────────────────────────[39m  
  [41;1m FAILED [49;22m [1mTests\Feature\CommitteeStructure\DatabaseConstraintTest[22m [90m>[39m database al… [41;1m UniqueConstraintViolationException [49;22m  
[39;1m  SQLSTATE[23505]: Unique violation: 7 FEHLER:  doppelter Schlüsselwert verletzt Unique-Constraint »uniq_org_version«
DETAIL:  Schlüssel »(organisation_id, version)=(9d114c47-d664-482d-8f97-9e1d252fe974, 1)« existiert bereits. (Connection: pgsql, SQL: insert into "committee_structures" ("id", "organisation_id", "name", "status", "version", "updated_at", "created_at") values (01KSYKAMF3580ZQVKH8VMKMFM3, 9d114c47-d664-482d-8f97-9e1d252fe974, Draft 2, draft, 1, 2026-05-31 08:45:06, 2026-05-31 08:45:06))[39;22m

  at [32mvendor\laravel\framework\src\Illuminate\Database\Connection.php[39m:[32m820[39m
    816▕         // message to include the bindings with SQL, which will make this exception a
    817▕         // lot more helpful to the developer instead of just the database's errors.
    818▕         catch (Exception $e) {
    819▕             if ($this->isUniqueConstraintError($e)) {
  ➜ 820▕                 throw new UniqueConstraintViolationException(
    821▕                     $this->getName(), $query, $this->prepareBindings($bindings), $e
    822▕                 );
    823▕             }
    824▕

  [33m1   [39m[39;1mvendor\laravel\framework\src\Illuminate\Database\Connection.php[39;22m:[39;1m820[39;22m

  [33m2   [39m[39;1mvendor\laravel\framework\src\Illuminate\Database\Connection.php[39;22m:[39;1m571[39;22m
  [90m    NunoMaduro\Collision\Exceptions\TestException::("SQLSTATE[23505]: Unique violation: 7 FEHLER:  doppelter Schlüsselwert verletzt Unique-Constraint »uniq_org_version«
DETAIL:  Schlüssel »(organisation_id, version)=(9d114c47-d664-482d-8f97-9e1d252fe974, 1)« existiert bereits.")[39m

  [31m────────────────────────────────────────────────────────────────────────────────────────────────────────────────────[39m  
  [41;1m FAILED [49;22m [1mTests\Feature\Committee\CommitteeCreationWithGeoSelectionsTest[22m [90m>[39m create committee with complete geo selec…   
[39;1m  Committee exists but filtered by tenant scope
Failed asserting that null is not null.[39;22m

  at [32mtests\Feature\Committee\CommitteeCreationWithGeoSelectionsTest.php[39m:[32m119[39m
    115▕ 
    116▕         $this->assertNotNull($committeeRaw, "Committee '{$name}' not found in database");
    117▕ 
    118▕         $committeeScoped = CommitteeModel::where('name', $name)->first();
  ➜ 119▕         $this->assertNotNull($committeeScoped, "Committee exists but filtered by tenant scope");
    120▕ 
    121▕         return $committeeRaw;
    122▕     }
    123▕

  [33m1   [39m[39;1mtests\Feature\Committee\CommitteeCreationWithGeoSelectionsTest.php[39;22m:[39;1m119[39;22m
  [33m2   [39m[39;1mtests\Feature\Committee\CommitteeCreationWithGeoSelectionsTest.php[39;22m:[39;1m140[39;22m

  [31m────────────────────────────────────────────────────────────────────────────────────────────────────────────────────[39m  
  [41;1m FAILED [49;22m [1mTests\Feature\Committee\CommitteeCreationWithGeoSelectionsTest[22m [90m>[39m create committee with region and country…   
[39;1m  Committee exists but filtered by tenant scope
Failed asserting that null is not null.[39;22m

  at [32mtests\Feature\Committee\CommitteeCreationWithGeoSelectionsTest.php[39m:[32m119[39m
    115▕ 
    116▕         $this->assertNotNull($committeeRaw, "Committee '{$name}' not found in database");
    117▕ 
    118▕         $committeeScoped = CommitteeModel::where('name', $name)->first();
  ➜ 119▕         $this->assertNotNull($committeeScoped, "Committee exists but filtered by tenant scope");
    120▕ 
    121▕         return $committeeRaw;
    122▕     }
    123▕

  [33m1   [39m[39;1mtests\Feature\Committee\CommitteeCreationWithGeoSelectionsTest.php[39;22m:[39;1m119[39;22m
  [33m2   [39m[39;1mtests\Feature\Committee\CommitteeCreationWithGeoSelectionsTest.php[39;22m:[39;1m161[39;22m

  [31m────────────────────────────────────────────────────────────────────────────────────────────────────────────────────[39m  
  [41;1m FAILED [49;22m [1mTests\Feature\Committee\CommitteeCreationWithGeoSelectionsTest[22m [90m>[39m create committee with duplicate code        
[39;1m  Failed asserting that 0 matches expected 1.[39;22m

  at [32mtests\Feature\Committee\CommitteeCreationWithGeoSelectionsTest.php[39m:[32m240[39m
    236▕                 'geoUnitId' => 1,
    237▕             ]);
    238▕ 
    239▕         $response->assertSessionHasErrors(['code']);
  ➜ 240▕         $this->assertEquals(1, CommitteeModel::where('code', 'DUPLICATE')->count());
    241▕     }
    242▕ 
    243▕     public function test_create_committee_with_very_long_name(): void
    244▕     {

  [33m1   [39m[39;1mtests\Feature\Committee\CommitteeCreationWithGeoSelectionsTest.php[39;22m:[39;1m240[39;22m

  [31m────────────────────────────────────────────────────────────────────────────────────────────────────────────────────[39m  
  [41;1m FAILED [49;22m [1mTests\Feature\Committee\CommitteeCreationWithGeoSelectionsTest[22m [90m>[39m create committee with slug generation       
[39;1m  Committee exists but filtered by tenant scope
Failed asserting that null is not null.[39;22m

  at [32mtests\Feature\Committee\CommitteeCreationWithGeoSelectionsTest.php[39m:[32m119[39m
    115▕ 
    116▕         $this->assertNotNull($committeeRaw, "Committee '{$name}' not found in database");
    117▕ 
    118▕         $committeeScoped = CommitteeModel::where('name', $name)->first();
  ➜ 119▕         $this->assertNotNull($committeeScoped, "Committee exists but filtered by tenant scope");
    120▕ 
    121▕         return $committeeRaw;
    122▕     }
    123▕

  [33m1   [39m[39;1mtests\Feature\Committee\CommitteeCreationWithGeoSelectionsTest.php[39;22m:[39;1m119[39;22m
  [33m2   [39m[39;1mtests\Feature\Committee\CommitteeCreationWithGeoSelectionsTest.php[39;22m:[39;1m280[39;22m

  [31m────────────────────────────────────────────────────────────────────────────────────────────────────────────────────[39m  
  [41;1m FAILED [49;22m [1mTests\Feature\Committee\CommitteeDashboardApiTest[22m [90m>[39m dashboard returns members with translate keys            
[39;1m  Expected response status code [200] but received 404.
Failed asserting that 404 is identical to 200.[39;22m

  at [32mtests\Feature\Committee\CommitteeDashboardApiTest.php[39m:[32m51[39m
     47▕             ->withHeader('X-Tenant-Id', $org->id)
     48▕             ->get("/organisations/{$org->slug}/committees/{$committee->slug}/dashboard");
     49▕ 
     50▕         // ASSERT
  ➜  51▕         $response->assertStatus(200);
     52▕         $response->assertInertia(fn ($page) =>
     53▕             $page->component('Committee/Dashboard')
     54▕                 ->hasAll(['members', 'committee'])
     55▕         );

  [31m────────────────────────────────────────────────────────────────────────────────────────────────────────────────────[39m  
  [41;1m FAILED [49;22m [1mTests\Feature\Committee\CommitteeDashboardApiTest[22m [90m>[39m dashboard with no members returns empty array            
[39;1m  Expected response status code [200] but received 404.
Failed asserting that 404 is identical to 200.[39;22m

  at [32mtests\Feature\Committee\CommitteeDashboardApiTest.php[39m:[32m80[39m
     76▕             ->withHeader('X-Tenant-Id', $org->id)
     77▕             ->get("/organisations/{$org->slug}/committees/{$committee->slug}/dashboard");
     78▕ 
     79▕         // ASSERT
  ➜  80▕         $response->assertStatus(200);
     81▕         $response->assertInertia(fn ($page) =>
     82▕             $page->component('Committee/Dashboard')
     83▕                 ->has('members')
     84▕         );

  [31m────────────────────────────────────────────────────────────────────────────────────────────────────────────────────[39m  
  [41;1m FAILED [49;22m [1mTests\Feature\Committee\CommitteeDashboardApiTest[22m [90m>[39m dashboard requires authentication                        
[39;1m  Expected response status code [201, 301, 302, 303, 307, 308] but received 404.
Failed asserting that false is true.[39;22m

  at [32mtests\Feature\Committee\CommitteeDashboardApiTest.php[39m:[32m99[39m
     95▕         // ACT
     96▕         $response = $this->get("/organisations/{$org->slug}/committees/{$committee->slug}/dashboard");
     97▕ 
     98▕         // ASSERT
  ➜  99▕         $response->assertRedirect('/login');
    100▕     }
    101▕ 
    102▕     public function test_dashboard_for_nonexistent_committee_returns_404(): void
    103▕     {

  [31m────────────────────────────────────────────────────────────────────────────────────────────────────────────────────[39m  
  [41;1m FAILED [49;22m [1mTests\Feature\Committee\CommitteeDashboardApiTest[22m [90m>[39m dashboard members exclude suspended a… [41;1m QueryException [49;22m  
[39;1m  SQLSTATE[23514]: Check violation: 7 FEHLER:  neue Zeile für Relation »committees« verletzt Check-Constraint »chk_non_central_must_have_geography«
DETAIL:  Fehlgeschlagene Zeile enthält (01KSYKB125QTX6P1ED2H3DJRBR, a1e8e8e7-9d34-4f57-a916-d1d47fe20e76, reiciendis, VELIT, province, 0, null, null, 1, null, null, 2026-05-31, null, active, null, 2026-05-31 08:45:19, 2026-05-31 08:45:19, null, magni-natus-quia-nulla-numquam-possimus-sint-voluptas, null, null, null, null, null, null, null, null, null, null, 17, null, null). (Connection: pgsql, SQL: insert into "committees" ("id", "organisation_id", "name", "code", "slug", "type", "level", "status", "formation_date", "geo_unit_id", "updated_at", "created_at") values (01KSYKB125QTX6P1ED2H3DJRBR, a1e8e8e7-9d34-4f57-a916-d1d47fe20e76, reiciendis, VELIT, magni-natus-quia-nulla-numquam-possimus-sint-voluptas, province, 0, active, 2026-05-31 08:45:19, 17, 2026-05-31 08:45:19, 2026-05-31 08:45:19))[39;22m

  at [32mvendor\laravel\framework\src\Illuminate\Database\Connection.php[39m:[32m825[39m
    821▕                     $this->getName(), $query, $this->prepareBindings($bindings), $e
    822▕                 );
    823▕             }
    824▕ 
  ➜ 825▕             throw new QueryException(
    826▕                 $this->getName(), $query, $this->prepareBindings($bindings), $e
    827▕             );
    828▕         }
    829▕     }

  [33m1   [39m[39;1mvendor\laravel\framework\src\Illuminate\Database\Connection.php[39;22m:[39;1m825[39;22m

  [33m2   [39m[39;1mvendor\laravel\framework\src\Illuminate\Database\Connection.php[39;22m:[39;1m571[39;22m
  [90m    NunoMaduro\Collision\Exceptions\TestException::("SQLSTATE[23514]: Check violation: 7 FEHLER:  neue Zeile für Relation »committees« verletzt Check-Constraint »chk_non_central_must_have_geography«
DETAIL:  Fehlgeschlagene Zeile enthält (01KSYKB125QTX6P1ED2H3DJRBR, a1e8e8e7-9d34-4f57-a916-d1d47fe20e76, reiciendis, VELIT, province, 0, null, null, 1, null, null, 2026-05-31, null, active, null, 2026-05-31 08:45:19, 2026-05-31 08:45:19, null, magni-natus-quia-nulla-numquam-possimus-sint-voluptas, null, null, null, null, null, null, null, null, null, null, 17, null, null).")[39m

  [31m────────────────────────────────────────────────────────────────────────────────────────────────────────────────────[39m  
  [41;1m FAILED [49;22m [1mTests\Feature\Committee\CommitteeDashboardApiTest[22m [90m>[39m dashboard dto has committee section                      
[39;1m  Expected response status code [200] but received 404.
Failed asserting that 404 is identical to 200.[39;22m

  at [32mtests\Feature\Committee\CommitteeDashboardApiTest.php[39m:[32m200[39m
    196▕             ->withHeader('X-Tenant-Id', $org->id)
    197▕             ->get("/organisations/{$org->slug}/committees/{$committee->slug}/dashboard");
    198▕ 
    199▕         // ASSERT
  ➜ 200▕         $response->assertStatus(200);
    201▕         $response->assertInertia(fn ($page) =>
    202▕             $page->component('Committee/Dashboard')
    203▕                 ->hasAll(['committee', 'members'])
    204▕         );

  [31m────────────────────────────────────────────────────────────────────────────────────────────────────────────────────[39m  
  [41;1m FAILED [49;22m [1mTests\Feature\Committee\CommitteeDashboardHttpTest[22m [90m>[39m unauthenticated user cannot view dashboard              
[39;1m  Expected response status code [201, 301, 302, 303, 307, 308] but received 404.
Failed asserting that false is true.[39;22m

  at [32mtests\Feature\Committee\CommitteeDashboardHttpTest.php[39m:[32m90[39m
     86▕             'organisation' => $this->organisation,
     87▕             'committee' => 'test-committee',
     88▕         ]));
     89▕ 
  ➜  90▕         $response->assertRedirect(route('login'));
     91▕     }
     92▕ }
     93▕

  [31m────────────────────────────────────────────────────────────────────────────────────────────────────────────────────[39m  
  [41;1m FAILED [49;22m [1mTests\Feature\Committee\CreateCommitteeApiTest[22m [90m>[39m rejects invalid governance assignment                       
[39;1m  Expected response status code [422] but received 201.
Failed asserting that 201 is identical to 422.[39;22m

  at [32mtests\Feature\Committee\CreateCommitteeApiTest.php[39m:[32m77[39m
     73▕                 "/organisations/{$this->org->slug}/committees/api/create-canonical",
     74▕                 $payload
     75▕             );
     76▕ 
  ➜  77▕         $response->assertStatus(422);
     78▕         $response->assertJsonPath('message', 'Invalid governance assignment: 5 × 5 not allowed');
     79▕     }
     80▕ 
     81▕     #[\PHPUnit\Framework\Attributes\Test]

  [31m────────────────────────────────────────────────────────────────────────────────────────────────────────────────────[39m  
  [41;1m FAILED [49;22m [1mTests\Feature\Committee\CreateCommitteeWithGovernanceTest[22m [90m>[39m store accepts govern… [41;1m RecordNotFoundException [49;22m  
[39;1m  No record found for the given query.[39;22m

  at [32mvendor\laravel\framework\src\Illuminate\Database\Concerns\BuildsQueries.php[39m:[32m362[39m
    358▕         if (! is_null($result = $this->first($columns))) {
    359▕             return $result;
    360▕         }
    361▕ 
  ➜ 362▕         throw new RecordNotFoundException($message ?: 'No record found for the given query.');
    363▕     }
    364▕ 
    365▕     /**
    366▕      * Execute the query and get the first result if it's the sole matching record.

  [33m1   [39m[39;1mvendor\laravel\framework\src\Illuminate\Database\Concerns\BuildsQueries.php[39;22m:[39;1m362[39;22m
  [33m2   [39m[39;1mtests\Feature\Committee\CreateCommitteeWithGovernanceTest.php[39;22m:[39;1m159[39;22m

  [31m────────────────────────────────────────────────────────────────────────────────────────────────────────────────────[39m  
  [41;1m FAILED [49;22m [1mTests\Feature\Committee\CreateCommitteeWithGovernanceTest[22m [90m>[39m store creates commit… [41;1m RecordNotFoundException [49;22m  
[39;1m  No record found for the given query.[39;22m

  at [32mvendor\laravel\framework\src\Illuminate\Database\Concerns\BuildsQueries.php[39m:[32m362[39m
    358▕         if (! is_null($result = $this->first($columns))) {
    359▕             return $result;
    360▕         }
    361▕ 
  ➜ 362▕         throw new RecordNotFoundException($message ?: 'No record found for the given query.');
    363▕     }
    364▕ 
    365▕     /**
    366▕      * Execute the query and get the first result if it's the sole matching record.

  [33m1   [39m[39;1mvendor\laravel\framework\src\Illuminate\Database\Concerns\BuildsQueries.php[39;22m:[39;1m362[39;22m
  [33m2   [39m[39;1mtests\Feature\Committee\CreateCommitteeWithGovernanceTest.php[39;22m:[39;1m193[39;22m

  [31m────────────────────────────────────────────────────────────────────────────────────────────────────────────────────[39m  
  [41;1m FAILED [49;22m [1mTests\Feature\Consistency\CoreTenantConsistencyTest[22m [90m>[39m platform election is accessible to…  [41;1m QueryException [49;22m  
[39;1m  SQLSTATE[22P02]: Invalid text representation: 7 FEHLER:  ungültige Eingabesyntax für Typ uuid: »0«
CONTEXT:  unbenanntes Portal Parameter $4 = '...' (Connection: pgsql, SQL: insert into "elections" ("name", "slug", "type", "organisation_id", "status", "id", "updated_at", "created_at") values (Platform Demo, platform-demo-6a1bf525d6b50, demo, 0, active, a1e8e8f0-ece2-4d62-9771-3ca345a15c9e, 2026-05-31 08:45:25, 2026-05-31 08:45:25))[39;22m

  at [32mvendor\laravel\framework\src\Illuminate\Database\Connection.php[39m:[32m825[39m
    821▕                     $this->getName(), $query, $this->prepareBindings($bindings), $e
    822▕                 );
    823▕             }
    824▕ 
  ➜ 825▕             throw new QueryException(
    826▕                 $this->getName(), $query, $this->prepareBindings($bindings), $e
    827▕             );
    828▕         }
    829▕     }

  [33m1   [39m[39;1mvendor\laravel\framework\src\Illuminate\Database\Connection.php[39;22m:[39;1m825[39;22m

  [33m2   [39m[39;1mvendor\laravel\framework\src\Illuminate\Database\Connection.php[39;22m:[39;1m571[39;22m
  [90m    NunoMaduro\Collision\Exceptions\TestException::("SQLSTATE[22P02]: Invalid text representation: 7 FEHLER:  ungültige Eingabesyntax für Typ uuid: »0«
CONTEXT:  unbenanntes Portal Parameter $4 = '...'")[39m

  [31m────────────────────────────────────────────────────────────────────────────────────────────────────────────────────[39m  
  [41;1m FAILED [49;22m [1mTests\Feature\Consistency\CoreTenantConsistencyTest[22m [90m>[39m organization election is isolated t… [41;1m QueryException [49;22m  
[39;1m  SQLSTATE[22P02]: Invalid text representation: 7 FEHLER:  ungültige Eingabesyntax für Typ uuid: »0«
CONTEXT:  unbenanntes Portal Parameter $4 = '...' (Connection: pgsql, SQL: insert into "elections" ("name", "slug", "type", "organisation_id", "status", "id", "updated_at", "created_at") values (Platform Demo, platform-demo-6a1bf5262c7ef, demo, 0, active, a1e8e8f1-6311-48b3-b054-1c74c5f7cca4, 2026-05-31 08:45:26, 2026-05-31 08:45:26))[39;22m

  at [32mvendor\laravel\framework\src\Illuminate\Database\Connection.php[39m:[32m825[39m
    821▕                     $this->getName(), $query, $this->prepareBindings($bindings), $e
    822▕                 );
    823▕             }
    824▕ 
  ➜ 825▕             throw new QueryException(
    826▕                 $this->getName(), $query, $this->prepareBindings($bindings), $e
    827▕             );
    828▕         }
    829▕     }

  [33m1   [39m[39;1mvendor\laravel\framework\src\Illuminate\Database\Connection.php[39;22m:[39;1m825[39;22m

  [33m2   [39m[39;1mvendor\laravel\framework\src\Illuminate\Database\Connection.php[39;22m:[39;1m571[39;22m
  [90m    NunoMaduro\Collision\Exceptions\TestException::("SQLSTATE[22P02]: Invalid text representation: 7 FEHLER:  ungültige Eingabesyntax für Typ uuid: »0«
CONTEXT:  unbenanntes Portal Parameter $4 = '...'")[39m

  [31m────────────────────────────────────────────────────────────────────────────────────────────────────────────────────[39m  
  [41;1m FAILED [49;22m [1mTests\Feature\Consistency\CoreTenantConsistencyTest[22m [90m>[39m voter slugs lock users to elections  [41;1m QueryException [49;22m  
[39;1m  SQLSTATE[22P02]: Invalid text representation: 7 FEHLER:  ungültige Eingabesyntax für Typ uuid: »0«
CONTEXT:  unbenanntes Portal Parameter $4 = '...' (Connection: pgsql, SQL: insert into "elections" ("name", "slug", "type", "organisation_id", "status", "id", "updated_at", "created_at") values (Platform Demo, platform-demo-6a1bf52672301, demo, 0, active, a1e8e8f1-d2d2-4652-82b8-89de5bf24500, 2026-05-31 08:45:26, 2026-05-31 08:45:26))[39;22m

  at [32mvendor\laravel\framework\src\Illuminate\Database\Connection.php[39m:[32m825[39m
    821▕                     $this->getName(), $query, $this->prepareBindings($bindings), $e
    822▕                 );
    823▕             }
    824▕ 
  ➜ 825▕             throw new QueryException(
    826▕                 $this->getName(), $query, $this->prepareBindings($bindings), $e
    827▕             );
    828▕         }
    829▕     }

  [33m1   [39m[39;1mvendor\laravel\framework\src\Illuminate\Database\Connection.php[39;22m:[39;1m825[39;22m

  [33m2   [39m[39;1mvendor\laravel\framework\src\Illuminate\Database\Connection.php[39;22m:[39;1m571[39;22m
  [90m    NunoMaduro\Collision\Exceptions\TestException::("SQLSTATE[22P02]: Invalid text representation: 7 FEHLER:  ungültige Eingabesyntax für Typ uuid: »0«
CONTEXT:  unbenanntes Portal Parameter $4 = '...'")[39m

  [31m────────────────────────────────────────────────────────────────────────────────────────────────────────────────────[39m  
  [41;1m FAILED [49;22m [1mTests\Feature\Consistency\CoreTenantConsistencyTest[22m [90m>[39m codes maintain election and organiz… [41;1m QueryException [49;22m  
[39;1m  SQLSTATE[22P02]: Invalid text representation: 7 FEHLER:  ungültige Eingabesyntax für Typ uuid: »0«
CONTEXT:  unbenanntes Portal Parameter $4 = '...' (Connection: pgsql, SQL: insert into "elections" ("name", "slug", "type", "organisation_id", "status", "id", "updated_at", "created_at") values (Platform Demo, platform-demo-6a1bf526d161b, demo, 0, active, a1e8e8f2-6b0d-4fd1-80ea-8fdfea435c90, 2026-05-31 08:45:26, 2026-05-31 08:45:26))[39;22m

  at [32mvendor\laravel\framework\src\Illuminate\Database\Connection.php[39m:[32m825[39m
    821▕                     $this->getName(), $query, $this->prepareBindings($bindings), $e
    822▕                 );
    823▕             }
    824▕ 
  ➜ 825▕             throw new QueryException(
    826▕                 $this->getName(), $query, $this->prepareBindings($bindings), $e
    827▕             );
    828▕         }
    829▕     }

  [33m1   [39m[39;1mvendor\laravel\framework\src\Illuminate\Database\Connection.php[39;22m:[39;1m825[39;22m

  [33m2   [39m[39;1mvendor\laravel\framework\src\Illuminate\Database\Connection.php[39;22m:[39;1m571[39;22m
  [90m    NunoMaduro\Collision\Exceptions\TestException::("SQLSTATE[22P02]: Invalid text representation: 7 FEHLER:  ungültige Eingabesyntax für Typ uuid: »0«
CONTEXT:  unbenanntes Portal Parameter $4 = '...'")[39m

  [31m────────────────────────────────────────────────────────────────────────────────────────────────────────────────────[39m  
  [41;1m FAILED [49;22m [1mTests\Feature\Consistency\CoreTenantConsistencyTest[22m [90m>[39m belongs to tenant trait scopes quer… [41;1m QueryException [49;22m  
[39;1m  SQLSTATE[22P02]: Invalid text representation: 7 FEHLER:  ungültige Eingabesyntax für Typ uuid: »0«
CONTEXT:  unbenanntes Portal Parameter $4 = '...' (Connection: pgsql, SQL: insert into "elections" ("name", "slug", "type", "organisation_id", "status", "id", "updated_at", "created_at") values (Platform Demo, platform-demo-6a1bf52738dee, demo, 0, active, a1e8e8f2-fda0-44de-83b9-0df7346a06a4, 2026-05-31 08:45:27, 2026-05-31 08:45:27))[39;22m

  at [32mvendor\laravel\framework\src\Illuminate\Database\Connection.php[39m:[32m825[39m
    821▕                     $this->getName(), $query, $this->prepareBindings($bindings), $e
    822▕                 );
    823▕             }
    824▕ 
  ➜ 825▕             throw new QueryException(
    826▕                 $this->getName(), $query, $this->prepareBindings($bindings), $e
    827▕             );
    828▕         }
    829▕     }

  [33m1   [39m[39;1mvendor\laravel\framework\src\Illuminate\Database\Connection.php[39;22m:[39;1m825[39;22m

  [33m2   [39m[39;1mvendor\laravel\framework\src\Illuminate\Database\Connection.php[39;22m:[39;1m571[39;22m
  [90m    NunoMaduro\Collision\Exceptions\TestException::("SQLSTATE[22P02]: Invalid text representation: 7 FEHLER:  ungültige Eingabesyntax für Typ uuid: »0«
CONTEXT:  unbenanntes Portal Parameter $4 = '...'")[39m

  [31m────────────────────────────────────────────────────────────────────────────────────────────────────────────────────[39m  
  [41;1m FAILED [49;22m [1mTests\Feature\Consistency\CoreTenantConsistencyTest[22m [90m>[39m platform organisation with id zero…  [41;1m QueryException [49;22m  
[39;1m  SQLSTATE[22P02]: Invalid text representation: 7 FEHLER:  ungültige Eingabesyntax für Typ uuid: »0«
CONTEXT:  unbenanntes Portal Parameter $4 = '...' (Connection: pgsql, SQL: insert into "elections" ("name", "slug", "type", "organisation_id", "status", "id", "updated_at", "created_at") values (Platform Demo, platform-demo-6a1bf52770908, demo, 0, active, a1e8e8f3-56b1-4345-86d9-7014d63a9728, 2026-05-31 08:45:27, 2026-05-31 08:45:27))[39;22m

  at [32mvendor\laravel\framework\src\Illuminate\Database\Connection.php[39m:[32m825[39m
    821▕                     $this->getName(), $query, $this->prepareBindings($bindings), $e
    822▕                 );
    823▕             }
    824▕ 
  ➜ 825▕             throw new QueryException(
    826▕                 $this->getName(), $query, $this->prepareBindings($bindings), $e
    827▕             );
    828▕         }
    829▕     }

  [33m1   [39m[39;1mvendor\laravel\framework\src\Illuminate\Database\Connection.php[39;22m:[39;1m825[39;22m

  [33m2   [39m[39;1mvendor\laravel\framework\src\Illuminate\Database\Connection.php[39;22m:[39;1m571[39;22m
  [90m    NunoMaduro\Collision\Exceptions\TestException::("SQLSTATE[22P02]: Invalid text representation: 7 FEHLER:  ungültige Eingabesyntax für Typ uuid: »0«
CONTEXT:  unbenanntes Portal Parameter $4 = '...'")[39m

  [31m────────────────────────────────────────────────────────────────────────────────────────────────────────────────────[39m  
  [41;1m FAILED [49;22m [1mTests\Feature\Consistency\CoreTenantConsistencyTest[22m [90m>[39m election status field tracks state   [41;1m QueryException [49;22m  
[39;1m  SQLSTATE[22P02]: Invalid text representation: 7 FEHLER:  ungültige Eingabesyntax für Typ uuid: »0«
CONTEXT:  unbenanntes Portal Parameter $4 = '...' (Connection: pgsql, SQL: insert into "elections" ("name", "slug", "type", "organisation_id", "status", "id", "updated_at", "created_at") values (Platform Demo, platform-demo-6a1bf527aea37, demo, 0, active, a1e8e8f3-ba03-4bec-a00a-c9a9edba4386, 2026-05-31 08:45:27, 2026-05-31 08:45:27))[39;22m

  at [32mvendor\laravel\framework\src\Illuminate\Database\Connection.php[39m:[32m825[39m
    821▕                     $this->getName(), $query, $this->prepareBindings($bindings), $e
    822▕                 );
    823▕             }
    824▕ 
  ➜ 825▕             throw new QueryException(
    826▕                 $this->getName(), $query, $this->prepareBindings($bindings), $e
    827▕             );
    828▕         }
    829▕     }

  [33m1   [39m[39;1mvendor\laravel\framework\src\Illuminate\Database\Connection.php[39;22m:[39;1m825[39;22m

  [33m2   [39m[39;1mvendor\laravel\framework\src\Illuminate\Database\Connection.php[39;22m:[39;1m571[39;22m
  [90m    NunoMaduro\Collision\Exceptions\TestException::("SQLSTATE[22P02]: Invalid text representation: 7 FEHLER:  ungültige Eingabesyntax für Typ uuid: »0«
CONTEXT:  unbenanntes Portal Parameter $4 = '...'")[39m

  [31m────────────────────────────────────────────────────────────────────────────────────────────────────────────────────[39m  
  [41;1m FAILED [49;22m [1mTests\Feature\Consistency\CoreTenantConsistencyTest[22m [90m>[39m multiple elections per organization… [41;1m QueryException [49;22m  
[39;1m  SQLSTATE[22P02]: Invalid text representation: 7 FEHLER:  ungültige Eingabesyntax für Typ uuid: »0«
CONTEXT:  unbenanntes Portal Parameter $4 = '...' (Connection: pgsql, SQL: insert into "elections" ("name", "slug", "type", "organisation_id", "status", "id", "updated_at", "created_at") values (Platform Demo, platform-demo-6a1bf527e7e3f, demo, 0, active, a1e8e8f4-159f-4752-b90f-52592ef8cf83, 2026-05-31 08:45:27, 2026-05-31 08:45:27))[39;22m

  at [32mvendor\laravel\framework\src\Illuminate\Database\Connection.php[39m:[32m825[39m
    821▕                     $this->getName(), $query, $this->prepareBindings($bindings), $e
    822▕                 );
    823▕             }
    824▕ 
  ➜ 825▕             throw new QueryException(
    826▕                 $this->getName(), $query, $this->prepareBindings($bindings), $e
    827▕             );
    828▕         }
    829▕     }

  [33m1   [39m[39;1mvendor\laravel\framework\src\Illuminate\Database\Connection.php[39;22m:[39;1m825[39;22m

  [33m2   [39m[39;1mvendor\laravel\framework\src\Illuminate\Database\Connection.php[39;22m:[39;1m571[39;22m
  [90m    NunoMaduro\Collision\Exceptions\TestException::("SQLSTATE[22P02]: Invalid text representation: 7 FEHLER:  ungültige Eingabesyntax für Typ uuid: »0«
CONTEXT:  unbenanntes Portal Parameter $4 = '...'")[39m

  [31m────────────────────────────────────────────────────────────────────────────────────────────────────────────────────[39m  
  [41;1m FAILED [49;22m [1mTests\Feature\Consistency\CoreTenantConsistencyTest[22m [90m>[39m user with org id zero is platform u… [41;1m QueryException [49;22m  
[39;1m  SQLSTATE[22P02]: Invalid text representation: 7 FEHLER:  ungültige Eingabesyntax für Typ uuid: »0«
CONTEXT:  unbenanntes Portal Parameter $4 = '...' (Connection: pgsql, SQL: insert into "elections" ("name", "slug", "type", "organisation_id", "status", "id", "updated_at", "created_at") values (Platform Demo, platform-demo-6a1bf5282b1b8, demo, 0, active, a1e8e8f4-6e33-4ae4-b389-b9cd604b39ae, 2026-05-31 08:45:28, 2026-05-31 08:45:28))[39;22m

  at [32mvendor\laravel\framework\src\Illuminate\Database\Connection.php[39m:[32m825[39m
    821▕                     $this->getName(), $query, $this->prepareBindings($bindings), $e
    822▕                 );
    823▕             }
    824▕ 
  ➜ 825▕             throw new QueryException(
    826▕                 $this->getName(), $query, $this->prepareBindings($bindings), $e
    827▕             );
    828▕         }
    829▕     }

  [33m1   [39m[39;1mvendor\laravel\framework\src\Illuminate\Database\Connection.php[39;22m:[39;1m825[39;22m

  [33m2   [39m[39;1mvendor\laravel\framework\src\Illuminate\Database\Connection.php[39;22m:[39;1m571[39;22m
  [90m    NunoMaduro\Collision\Exceptions\TestException::("SQLSTATE[22P02]: Invalid text representation: 7 FEHLER:  ungültige Eingabesyntax für Typ uuid: »0«
CONTEXT:  unbenanntes Portal Parameter $4 = '...'")[39m

  [31m────────────────────────────────────────────────────────────────────────────────────────────────────────────────────[39m  
  [41;1m FAILED [49;22m [1mTests\Feature\Consistency\CoreTenantConsistencyTest[22m [90m>[39m voter slug and election organisatio… [41;1m QueryException [49;22m  
[39;1m  SQLSTATE[22P02]: Invalid text representation: 7 FEHLER:  ungültige Eingabesyntax für Typ uuid: »0«
CONTEXT:  unbenanntes Portal Parameter $4 = '...' (Connection: pgsql, SQL: insert into "elections" ("name", "slug", "type", "organisation_id", "status", "id", "updated_at", "created_at") values (Platform Demo, platform-demo-6a1bf5285ae38, demo, 0, active, a1e8e8f4-baa7-4652-b536-4f2fd69a285d, 2026-05-31 08:45:28, 2026-05-31 08:45:28))[39;22m

  at [32mvendor\laravel\framework\src\Illuminate\Database\Connection.php[39m:[32m825[39m
    821▕                     $this->getName(), $query, $this->prepareBindings($bindings), $e
    822▕                 );
    823▕             }
    824▕ 
  ➜ 825▕             throw new QueryException(
    826▕                 $this->getName(), $query, $this->prepareBindings($bindings), $e
    827▕             );
    828▕         }
    829▕     }

  [33m1   [39m[39;1mvendor\laravel\framework\src\Illuminate\Database\Connection.php[39;22m:[39;1m825[39;22m

  [33m2   [39m[39;1mvendor\laravel\framework\src\Illuminate\Database\Connection.php[39;22m:[39;1m571[39;22m
  [90m    NunoMaduro\Collision\Exceptions\TestException::("SQLSTATE[22P02]: Invalid text representation: 7 FEHLER:  ungültige Eingabesyntax für Typ uuid: »0«
CONTEXT:  unbenanntes Portal Parameter $4 = '...'")[39m

  [31m────────────────────────────────────────────────────────────────────────────────────────────────────────────────────[39m  
  [41;1m FAILED [49;22m [1mTests\Feature\Consistency\TenantConsistencyTest[22m [90m>[39m platform election is accessible to all…  [41;1m QueryException [49;22m  
[39;1m  SQLSTATE[22P02]: Invalid text representation: 7 FEHLER:  ungültige Eingabesyntax für Typ uuid: »0«
CONTEXT:  unbenanntes Portal Parameter $4 = '...' (Connection: pgsql, SQL: insert into "elections" ("name", "slug", "type", "organisation_id", "status", "id", "updated_at", "created_at") values (Platform Demo, platform-demo, demo, 0, active, a1e8e8f5-25d0-49db-ba77-9c6423c8d466, 2026-05-31 08:45:28, 2026-05-31 08:45:28))[39;22m

  at [32mvendor\laravel\framework\src\Illuminate\Database\Connection.php[39m:[32m825[39m
    821▕                     $this->getName(), $query, $this->prepareBindings($bindings), $e
    822▕                 );
    823▕             }
    824▕ 
  ➜ 825▕             throw new QueryException(
    826▕                 $this->getName(), $query, $this->prepareBindings($bindings), $e
    827▕             );
    828▕         }
    829▕     }

  [33m1   [39m[39;1mvendor\laravel\framework\src\Illuminate\Database\Connection.php[39;22m:[39;1m825[39;22m

  [33m2   [39m[39;1mvendor\laravel\framework\src\Illuminate\Database\Connection.php[39;22m:[39;1m571[39;22m
  [90m    NunoMaduro\Collision\Exceptions\TestException::("SQLSTATE[22P02]: Invalid text representation: 7 FEHLER:  ungültige Eingabesyntax für Typ uuid: »0«
CONTEXT:  unbenanntes Portal Parameter $4 = '...'")[39m

  [31m────────────────────────────────────────────────────────────────────────────────────────────────────────────────────[39m  
  [41;1m FAILED [49;22m [1mTests\Feature\Consistency\TenantConsistencyTest[22m [90m>[39m organisation election is only accessibl… [41;1m QueryException [49;22m  
[39;1m  SQLSTATE[22P02]: Invalid text representation: 7 FEHLER:  ungültige Eingabesyntax für Typ uuid: »0«
CONTEXT:  unbenanntes Portal Parameter $4 = '...' (Connection: pgsql, SQL: insert into "elections" ("name", "slug", "type", "organisation_id", "status", "id", "updated_at", "created_at") values (Platform Demo, platform-demo, demo, 0, active, a1e8e8f5-ab5d-4279-ac70-c983cf34a680, 2026-05-31 08:45:28, 2026-05-31 08:45:28))[39;22m

  at [32mvendor\laravel\framework\src\Illuminate\Database\Connection.php[39m:[32m825[39m
    821▕                     $this->getName(), $query, $this->prepareBindings($bindings), $e
    822▕                 );
    823▕             }
    824▕ 
  ➜ 825▕             throw new QueryException(
    826▕                 $this->getName(), $query, $this->prepareBindings($bindings), $e
    827▕             );
    828▕         }
    829▕     }

  [33m1   [39m[39;1mvendor\laravel\framework\src\Illuminate\Database\Connection.php[39;22m:[39;1m825[39;22m

  [33m2   [39m[39;1mvendor\laravel\framework\src\Illuminate\Database\Connection.php[39;22m:[39;1m571[39;22m
  [90m    NunoMaduro\Collision\Exceptions\TestException::("SQLSTATE[22P02]: Invalid text representation: 7 FEHLER:  ungültige Eingabesyntax für Typ uuid: »0«
CONTEXT:  unbenanntes Portal Parameter $4 = '...'")[39m

  [31m────────────────────────────────────────────────────────────────────────────────────────────────────────────────────[39m  
  [41;1m FAILED [49;22m [1mTests\Feature\Consistency\TenantConsistencyTest[22m [90m>[39m posts belong to correct organisation an… [41;1m QueryException [49;22m  
[39;1m  SQLSTATE[22P02]: Invalid text representation: 7 FEHLER:  ungültige Eingabesyntax für Typ uuid: »0«
CONTEXT:  unbenanntes Portal Parameter $4 = '...' (Connection: pgsql, SQL: insert into "elections" ("name", "slug", "type", "organisation_id", "status", "id", "updated_at", "created_at") values (Platform Demo, platform-demo, demo, 0, active, a1e8e8f5-ff51-4b32-8a55-ac4a32a70c02, 2026-05-31 08:45:29, 2026-05-31 08:45:29))[39;22m

  at [32mvendor\laravel\framework\src\Illuminate\Database\Connection.php[39m:[32m825[39m
    821▕                     $this->getName(), $query, $this->prepareBindings($bindings), $e
    822▕                 );
    823▕             }
    824▕ 
  ➜ 825▕             throw new QueryException(
    826▕                 $this->getName(), $query, $this->prepareBindings($bindings), $e
    827▕             );
    828▕         }
    829▕     }

  [33m1   [39m[39;1mvendor\laravel\framework\src\Illuminate\Database\Connection.php[39;22m:[39;1m825[39;22m

  [33m2   [39m[39;1mvendor\laravel\framework\src\Illuminate\Database\Connection.php[39;22m:[39;1m571[39;22m
  [90m    NunoMaduro\Collision\Exceptions\TestException::("SQLSTATE[22P02]: Invalid text representation: 7 FEHLER:  ungültige Eingabesyntax für Typ uuid: »0«
CONTEXT:  unbenanntes Portal Parameter $4 = '...'")[39m

  [31m────────────────────────────────────────────────────────────────────────────────────────────────────────────────────[39m  
  [41;1m FAILED [49;22m [1mTests\Feature\Consistency\TenantConsistencyTest[22m [90m>[39m candidates belong to correct organisati… [41;1m QueryException [49;22m  
[39;1m  SQLSTATE[22P02]: Invalid text representation: 7 FEHLER:  ungültige Eingabesyntax für Typ uuid: »0«
CONTEXT:  unbenanntes Portal Parameter $4 = '...' (Connection: pgsql, SQL: insert into "elections" ("name", "slug", "type", "organisation_id", "status", "id", "updated_at", "created_at") values (Platform Demo, platform-demo, demo, 0, active, a1e8e8f6-58df-4f75-af42-9c14734b8fe1, 2026-05-31 08:45:29, 2026-05-31 08:45:29))[39;22m

  at [32mvendor\laravel\framework\src\Illuminate\Database\Connection.php[39m:[32m825[39m
    821▕                     $this->getName(), $query, $this->prepareBindings($bindings), $e
    822▕                 );
    823▕             }
    824▕ 
  ➜ 825▕             throw new QueryException(
    826▕                 $this->getName(), $query, $this->prepareBindings($bindings), $e
    827▕             );
    828▕         }
    829▕     }

  [33m1   [39m[39;1mvendor\laravel\framework\src\Illuminate\Database\Connection.php[39;22m:[39;1m825[39;22m

  [33m2   [39m[39;1mvendor\laravel\framework\src\Illuminate\Database\Connection.php[39;22m:[39;1m571[39;22m
  [90m    NunoMaduro\Collision\Exceptions\TestException::("SQLSTATE[22P02]: Invalid text representation: 7 FEHLER:  ungültige Eingabesyntax für Typ uuid: »0«
CONTEXT:  unbenanntes Portal Parameter $4 = '...'")[39m

  [31m────────────────────────────────────────────────────────────────────────────────────────────────────────────────────[39m  
  [41;1m FAILED [49;22m [1mTests\Feature\Consistency\TenantConsistencyTest[22m [90m>[39m codes are created with correct organisa… [41;1m QueryException [49;22m  
[39;1m  SQLSTATE[22P02]: Invalid text representation: 7 FEHLER:  ungültige Eingabesyntax für Typ uuid: »0«
CONTEXT:  unbenanntes Portal Parameter $4 = '...' (Connection: pgsql, SQL: insert into "elections" ("name", "slug", "type", "organisation_id", "status", "id", "updated_at", "created_at") values (Platform Demo, platform-demo, demo, 0, active, a1e8e8f6-af92-459d-b017-80795f5ed276, 2026-05-31 08:45:29, 2026-05-31 08:45:29))[39;22m

  at [32mvendor\laravel\framework\src\Illuminate\Database\Connection.php[39m:[32m825[39m
    821▕                     $this->getName(), $query, $this->prepareBindings($bindings), $e
    822▕                 );
    823▕             }
    824▕ 
  ➜ 825▕             throw new QueryException(
    826▕                 $this->getName(), $query, $this->prepareBindings($bindings), $e
    827▕             );
    828▕         }
    829▕     }

  [33m1   [39m[39;1mvendor\laravel\framework\src\Illuminate\Database\Connection.php[39;22m:[39;1m825[39;22m

  [33m2   [39m[39;1mvendor\laravel\framework\src\Illuminate\Database\Connection.php[39;22m:[39;1m571[39;22m
  [90m    NunoMaduro\Collision\Exceptions\TestException::("SQLSTATE[22P02]: Invalid text representation: 7 FEHLER:  ungültige Eingabesyntax für Typ uuid: »0«
CONTEXT:  unbenanntes Portal Parameter $4 = '...'")[39m

  [31m────────────────────────────────────────────────────────────────────────────────────────────────────────────────────[39m  
  [41;1m FAILED [49;22m [1mTests\Feature\Consistency\TenantConsistencyTest[22m [90m>[39m voter slugs lock user to specific elect… [41;1m QueryException [49;22m  
[39;1m  SQLSTATE[22P02]: Invalid text representation: 7 FEHLER:  ungültige Eingabesyntax für Typ uuid: »0«
CONTEXT:  unbenanntes Portal Parameter $4 = '...' (Connection: pgsql, SQL: insert into "elections" ("name", "slug", "type", "organisation_id", "status", "id", "updated_at", "created_at") values (Platform Demo, platform-demo, demo, 0, active, a1e8e8f7-1f0c-4364-8aac-ea75c6356439, 2026-05-31 08:45:29, 2026-05-31 08:45:29))[39;22m

  at [32mvendor\laravel\framework\src\Illuminate\Database\Connection.php[39m:[32m825[39m
    821▕                     $this->getName(), $query, $this->prepareBindings($bindings), $e
    822▕                 );
    823▕             }
    824▕ 
  ➜ 825▕             throw new QueryException(
    826▕                 $this->getName(), $query, $this->prepareBindings($bindings), $e
    827▕             );
    828▕         }
    829▕     }

  [33m1   [39m[39;1mvendor\laravel\framework\src\Illuminate\Database\Connection.php[39;22m:[39;1m825[39;22m

  [33m2   [39m[39;1mvendor\laravel\framework\src\Illuminate\Database\Connection.php[39;22m:[39;1m571[39;22m
  [90m    NunoMaduro\Collision\Exceptions\TestException::("SQLSTATE[22P02]: Invalid text representation: 7 FEHLER:  ungültige Eingabesyntax für Typ uuid: »0«
CONTEXT:  unbenanntes Portal Parameter $4 = '...'")[39m

  [31m────────────────────────────────────────────────────────────────────────────────────────────────────────────────────[39m  
  [41;1m FAILED [49;22m [1mTests\Feature\Consistency\TenantConsistencyTest[22m [90m>[39m votes are anonymous but maintain organi… [41;1m QueryException [49;22m  
[39;1m  SQLSTATE[22P02]: Invalid text representation: 7 FEHLER:  ungültige Eingabesyntax für Typ uuid: »0«
CONTEXT:  unbenanntes Portal Parameter $4 = '...' (Connection: pgsql, SQL: insert into "elections" ("name", "slug", "type", "organisation_id", "status", "id", "updated_at", "created_at") values (Platform Demo, platform-demo, demo, 0, active, a1e8e8f7-7e26-44f0-b44d-660d2ebf1707, 2026-05-31 08:45:30, 2026-05-31 08:45:30))[39;22m

  at [32mvendor\laravel\framework\src\Illuminate\Database\Connection.php[39m:[32m825[39m
    821▕                     $this->getName(), $query, $this->prepareBindings($bindings), $e
    822▕                 );
    823▕             }
    824▕ 
  ➜ 825▕             throw new QueryException(
    826▕                 $this->getName(), $query, $this->prepareBindings($bindings), $e
    827▕             );
    828▕         }
    829▕     }

  [33m1   [39m[39;1mvendor\laravel\framework\src\Illuminate\Database\Connection.php[39;22m:[39;1m825[39;22m

  [33m2   [39m[39;1mvendor\laravel\framework\src\Illuminate\Database\Connection.php[39;22m:[39;1m571[39;22m
  [90m    NunoMaduro\Collision\Exceptions\TestException::("SQLSTATE[22P02]: Invalid text representation: 7 FEHLER:  ungültige Eingabesyntax für Typ uuid: »0«
CONTEXT:  unbenanntes Portal Parameter $4 = '...'")[39m

  [31m────────────────────────────────────────────────────────────────────────────────────────────────────────────────────[39m  
  [41;1m FAILED [49;22m [1mTests\Feature\Consistency\TenantConsistencyTest[22m [90m>[39m results aggregate votes correctly by or… [41;1m QueryException [49;22m  
[39;1m  SQLSTATE[22P02]: Invalid text representation: 7 FEHLER:  ungültige Eingabesyntax für Typ uuid: »0«
CONTEXT:  unbenanntes Portal Parameter $4 = '...' (Connection: pgsql, SQL: insert into "elections" ("name", "slug", "type", "organisation_id", "status", "id", "updated_at", "created_at") values (Platform Demo, platform-demo, demo, 0, active, a1e8e8f8-05c1-4e21-9eec-46e3e9b17fe8, 2026-05-31 08:45:30, 2026-05-31 08:45:30))[39;22m

  at [32mvendor\laravel\framework\src\Illuminate\Database\Connection.php[39m:[32m825[39m
    821▕                     $this->getName(), $query, $this->prepareBindings($bindings), $e
    822▕                 );
    823▕             }
    824▕ 
  ➜ 825▕             throw new QueryException(
    826▕                 $this->getName(), $query, $this->prepareBindings($bindings), $e
    827▕             );
    828▕         }
    829▕     }

  [33m1   [39m[39;1mvendor\laravel\framework\src\Illuminate\Database\Connection.php[39;22m:[39;1m825[39;22m

  [33m2   [39m[39;1mvendor\laravel\framework\src\Illuminate\Database\Connection.php[39;22m:[39;1m571[39;22m
  [90m    NunoMaduro\Collision\Exceptions\TestException::("SQLSTATE[22P02]: Invalid text representation: 7 FEHLER:  ungültige Eingabesyntax für Typ uuid: »0«
CONTEXT:  unbenanntes Portal Parameter $4 = '...'")[39m

  [31m────────────────────────────────────────────────────────────────────────────────────────────────────────────────────[39m  
  [41;1m FAILED [49;22m [1mTests\Feature\Consistency\TenantConsistencyTest[22m [90m>[39m cross organisation data is strictly iso… [41;1m QueryException [49;22m  
[39;1m  SQLSTATE[22P02]: Invalid text representation: 7 FEHLER:  ungültige Eingabesyntax für Typ uuid: »0«
CONTEXT:  unbenanntes Portal Parameter $4 = '...' (Connection: pgsql, SQL: insert into "elections" ("name", "slug", "type", "organisation_id", "status", "id", "updated_at", "created_at") values (Platform Demo, platform-demo, demo, 0, active, a1e8e8f8-668a-4a1f-b8de-0b434e23b645, 2026-05-31 08:45:30, 2026-05-31 08:45:30))[39;22m

  at [32mvendor\laravel\framework\src\Illuminate\Database\Connection.php[39m:[32m825[39m
    821▕                     $this->getName(), $query, $this->prepareBindings($bindings), $e
    822▕                 );
    823▕             }
    824▕ 
  ➜ 825▕             throw new QueryException(
    826▕                 $this->getName(), $query, $this->prepareBindings($bindings), $e
    827▕             );
    828▕         }
    829▕     }

  [33m1   [39m[39;1mvendor\laravel\framework\src\Illuminate\Database\Connection.php[39;22m:[39;1m825[39;22m

  [33m2   [39m[39;1mvendor\laravel\framework\src\Illuminate\Database\Connection.php[39;22m:[39;1m571[39;22m
  [90m    NunoMaduro\Collision\Exceptions\TestException::("SQLSTATE[22P02]: Invalid text representation: 7 FEHLER:  ungültige Eingabesyntax für Typ uuid: »0«
CONTEXT:  unbenanntes Portal Parameter $4 = '...'")[39m

  [31m────────────────────────────────────────────────────────────────────────────────────────────────────────────────────[39m  
  [41;1m FAILED [49;22m [1mTests\Feature\Consistency\TenantConsistencyTest[22m [90m>[39m middleware chain enforces organisation…  [41;1m QueryException [49;22m  
[39;1m  SQLSTATE[22P02]: Invalid text representation: 7 FEHLER:  ungültige Eingabesyntax für Typ uuid: »0«
CONTEXT:  unbenanntes Portal Parameter $4 = '...' (Connection: pgsql, SQL: insert into "elections" ("name", "slug", "type", "organisation_id", "status", "id", "updated_at", "created_at") values (Platform Demo, platform-demo, demo, 0, active, a1e8e8f8-c40e-4dde-a400-70ce56351029, 2026-05-31 08:45:31, 2026-05-31 08:45:31))[39;22m

  at [32mvendor\laravel\framework\src\Illuminate\Database\Connection.php[39m:[32m825[39m
    821▕                     $this->getName(), $query, $this->prepareBindings($bindings), $e
    822▕                 );
    823▕             }
    824▕ 
  ➜ 825▕             throw new QueryException(
    826▕                 $this->getName(), $query, $this->prepareBindings($bindings), $e
    827▕             );
    828▕         }
    829▕     }

  [33m1   [39m[39;1mvendor\laravel\framework\src\Illuminate\Database\Connection.php[39;22m:[39;1m825[39;22m

  [33m2   [39m[39;1mvendor\laravel\framework\src\Illuminate\Database\Connection.php[39;22m:[39;1m571[39;22m
  [90m    NunoMaduro\Collision\Exceptions\TestException::("SQLSTATE[22P02]: Invalid text representation: 7 FEHLER:  ungültige Eingabesyntax für Typ uuid: »0«
CONTEXT:  unbenanntes Portal Parameter $4 = '...'")[39m

  [31m────────────────────────────────────────────────────────────────────────────────────────────────────────────────────[39m  
  [41;1m FAILED [49;22m [1mTests\Feature\Consistency\TenantConsistencyTest[22m [90m>[39m database constraints prevent organisati… [41;1m QueryException [49;22m  
[39;1m  SQLSTATE[22P02]: Invalid text representation: 7 FEHLER:  ungültige Eingabesyntax für Typ uuid: »0«
CONTEXT:  unbenanntes Portal Parameter $4 = '...' (Connection: pgsql, SQL: insert into "elections" ("name", "slug", "type", "organisation_id", "status", "id", "updated_at", "created_at") values (Platform Demo, platform-demo, demo, 0, active, a1e8e8f9-158f-43c5-9fc0-533e8c023c61, 2026-05-31 08:45:31, 2026-05-31 08:45:31))[39;22m

  at [32mvendor\laravel\framework\src\Illuminate\Database\Connection.php[39m:[32m825[39m
    821▕                     $this->getName(), $query, $this->prepareBindings($bindings), $e
    822▕                 );
    823▕             }
    824▕ 
  ➜ 825▕             throw new QueryException(
    826▕                 $this->getName(), $query, $this->prepareBindings($bindings), $e
    827▕             );
    828▕         }
    829▕     }

  [33m1   [39m[39;1mvendor\laravel\framework\src\Illuminate\Database\Connection.php[39;22m:[39;1m825[39;22m

  [33m2   [39m[39;1mvendor\laravel\framework\src\Illuminate\Database\Connection.php[39;22m:[39;1m571[39;22m
  [90m    NunoMaduro\Collision\Exceptions\TestException::("SQLSTATE[22P02]: Invalid text representation: 7 FEHLER:  ungültige Eingabesyntax für Typ uuid: »0«
CONTEXT:  unbenanntes Portal Parameter $4 = '...'")[39m

  [31m────────────────────────────────────────────────────────────────────────────────────────────────────────────────────[39m  
  [41;1m FAILED [49;22m [1mTests\Feature\Consistency\TenantConsistencyTest[22m [90m>[39m platform user can access all organisati… [41;1m QueryException [49;22m  
[39;1m  SQLSTATE[22P02]: Invalid text representation: 7 FEHLER:  ungültige Eingabesyntax für Typ uuid: »0«
CONTEXT:  unbenanntes Portal Parameter $4 = '...' (Connection: pgsql, SQL: insert into "elections" ("name", "slug", "type", "organisation_id", "status", "id", "updated_at", "created_at") values (Platform Demo, platform-demo, demo, 0, active, a1e8e8f9-5eb3-4e41-a33c-78476ea527a6, 2026-05-31 08:45:31, 2026-05-31 08:45:31))[39;22m

  at [32mvendor\laravel\framework\src\Illuminate\Database\Connection.php[39m:[32m825[39m
    821▕                     $this->getName(), $query, $this->prepareBindings($bindings), $e
    822▕                 );
    823▕             }
    824▕ 
  ➜ 825▕             throw new QueryException(
    826▕                 $this->getName(), $query, $this->prepareBindings($bindings), $e
    827▕             );
    828▕         }
    829▕     }

  [33m1   [39m[39;1mvendor\laravel\framework\src\Illuminate\Database\Connection.php[39;22m:[39;1m825[39;22m

  [33m2   [39m[39;1mvendor\laravel\framework\src\Illuminate\Database\Connection.php[39;22m:[39;1m571[39;22m
  [90m    NunoMaduro\Collision\Exceptions\TestException::("SQLSTATE[22P02]: Invalid text representation: 7 FEHLER:  ungültige Eingabesyntax für Typ uuid: »0«
CONTEXT:  unbenanntes Portal Parameter $4 = '...'")[39m

  [31m────────────────────────────────────────────────────────────────────────────────────────────────────────────────────[39m  
  [41;1m FAILED [49;22m [1mTests\Feature\Consistency\TenantIsolationTest[22m [90m>[39m platform organisation exists with platform slug              
[39;1m  Failed asserting that null is not null.[39;22m

  at [32mtests\Feature\Consistency\TenantIsolationTest.php[39m:[32m45[39m
     41▕         // Platform organisation should exist with ID=1 (first auto_increment record)
     42▕         // and slug='platform' for identification
     43▕         $platform = Organisation::where('slug', 'platform')->first();
     44▕ 
  ➜  45▕         $this->assertNotNull($platform);
     46▕         $this->assertEquals('platform', $platform->slug);
     47▕         $this->assertEquals('Platform', $platform->name);
     48▕         $this->assertEquals(1, $platform->id); // Should be ID=1 with auto_increment
     49▕     }

  [33m1   [39m[39;1mtests\Feature\Consistency\TenantIsolationTest.php[39;22m:[39;1m45[39;22m

  [31m────────────────────────────────────────────────────────────────────────────────────────────────────────────────────[39m  
  [41;1m FAILED [49;22m [1mTests\Feature\Consistency\TenantIsolationTest[22m [90m>[39m platform elections have platform organisa… [41;1m ErrorException [49;22m  
[39;1m  Attempt to read property "id" on null[39;22m

  at [32mtests\Feature\Consistency\TenantIsolationTest.php[39m:[32m61[39m
     57▕         $election = Election::create([
     58▕             'name' => 'Platform Demo',
     59▕             'slug' => 'demo-' . uniqid(),
     60▕             'type' => 'demo',
  ➜  61▕             'organisation_id' => $platformOrg->id,
     62▕         ]);
     63▕ 
     64▕         $this->assertEquals($platformOrg->id, $election->organisation_id);
     65▕         $this->assertEquals('demo', $election->type);

  [31m────────────────────────────────────────────────────────────────────────────────────────────────────────────────────[39m  
  [41;1m FAILED [49;22m [1mTests\Feature\Consistency\TenantIsolationTest[22m [90m>[39m elections have status field                [41;1m ErrorException [49;22m  
[39;1m  Attempt to read property "id" on null[39;22m

  at [32mtests\Feature\Consistency\TenantIsolationTest.php[39m:[32m76[39m
     72▕ 
     73▕         $election = Election::create([
     74▕             'name' => 'Status Test',
     75▕             'slug' => 'status-' . uniqid(),
  ➜  76▕             'organisation_id' => $platformOrg->id,
     77▕             'status' => 'planned',
     78▕         ]);
     79▕ 
     80▕         $this->assertEquals('planned', $election->status);

  [31m────────────────────────────────────────────────────────────────────────────────────────────────────────────────────[39m  
  [41;1m FAILED [49;22m [1mTests\Feature\Consistency\TenantIsolationTest[22m [90m>[39m voter slug has election id                 [41;1m ErrorException [49;22m  
[39;1m  Attempt to read property "id" on null[39;22m

  at [32mtests\Feature\Consistency\TenantIsolationTest.php[39m:[32m89[39m
     85▕     public function voter_slug_has_election_id()
     86▕     {
     87▕         $platformOrg = Organisation::where('slug', 'platform')->first();
     88▕ 
  ➜  89▕         $user = User::factory()->create(['organisation_id' => $platformOrg->id]);
     90▕         $election = Election::create([
     91▕             'name' => 'Test',
     92▕             'slug' => 'test-' . uniqid(),
     93▕             'organisation_id' => $platformOrg->id,

  [31m────────────────────────────────────────────────────────────────────────────────────────────────────────────────────[39m  
  [41;1m FAILED [49;22m [1mTests\Feature\Consistency\TenantIsolationTest[22m [90m>[39m code maintains election and org context    [41;1m ErrorException [49;22m  
[39;1m  Attempt to read property "id" on null[39;22m

  at [32mtests\Feature\Consistency\TenantIsolationTest.php[39m:[32m113[39m
    109▕     public function code_maintains_election_and_org_context()
    110▕     {
    111▕         $platformOrg = Organisation::where('slug', 'platform')->first();
    112▕ 
  ➜ 113▕         $user = User::factory()->create(['organisation_id' => $platformOrg->id]);
    114▕         $election = Election::create([
    115▕             'name' => 'Code Test',
    116▕             'slug' => 'code-test-' . uniqid(),
    117▕             'organisation_id' => $platformOrg->id,

  [31m────────────────────────────────────────────────────────────────────────────────────────────────────────────────────[39m  
  [41;1m FAILED [49;22m [1mTests\Feature\Consistency\TenantIsolationTest[22m [90m>[39m voter slug relationship to election exist… [41;1m ErrorException [49;22m  
[39;1m  Attempt to read property "id" on null[39;22m

  at [32mtests\Feature\Consistency\TenantIsolationTest.php[39m:[32m157[39m
    153▕     public function voter_slug_relationship_to_election_exists()
    154▕     {
    155▕         $platformOrg = Organisation::where('slug', 'platform')->first();
    156▕ 
  ➜ 157▕         $user = User::factory()->create(['organisation_id' => $platformOrg->id]);
    158▕         $election = Election::create([
    159▕             'name' => 'Relationship Test',
    160▕             'slug' => 'rel-' . uniqid(),
    161▕             'organisation_id' => $platformOrg->id,

  [31m────────────────────────────────────────────────────────────────────────────────────────────────────────────────────[39m  
  [41;1m FAILED [49;22m [1mTests\Feature\Consistency\TenantIsolationTest[22m [90m>[39m voter slug is immutable to election        [41;1m ErrorException [49;22m  
[39;1m  Attempt to read property "id" on null[39;22m

  at [32mtests\Feature\Consistency\TenantIsolationTest.php[39m:[32m185[39m
    181▕     public function voter_slug_is_immutable_to_election()
    182▕     {
    183▕         $platformOrg = Organisation::where('slug', 'platform')->first();
    184▕ 
  ➜ 185▕         $user = User::factory()->create(['organisation_id' => $platformOrg->id]);
    186▕         $election = Election::create([
    187▕             'name' => 'Immutable Test',
    188▕             'slug' => 'immut-' . uniqid(),
    189▕             'organisation_id' => $platformOrg->id,

  [31m────────────────────────────────────────────────────────────────────────────────────────────────────────────────────[39m  
  [41;1m FAILED [49;22m [1mTests\Feature\Consistency\TenantIsolationTest[22m [90m>[39m multiple users can be assigned to different organisations    
[39;1m  Failed asserting that null is not null.[39;22m

  at [32mtests\Feature\Consistency\TenantIsolationTest.php[39m:[32m213[39m
    209▕     public function multiple_users_can_be_assigned_to_different_organisations()
    210▕     {
    211▕         // Verify we can create multiple organisations
    212▕         $platformOrg = Organisation::where('slug', 'platform')->first();
  ➜ 213▕         $this->assertNotNull($platformOrg);
    214▕ 
    215▕         $otherOrg = Organisation::create([
    216▕             'name' => 'Other Org',
    217▕             'slug' => 'other-' . uniqid(),

  [33m1   [39m[39;1mtests\Feature\Consistency\TenantIsolationTest.php[39;22m:[39;1m213[39;22m

  [31m────────────────────────────────────────────────────────────────────────────────────────────────────────────────────[39m  
  [41;1m FAILED [49;22m [1mTests\Feature\Console\ProcessElectionAutoTransitionsTest[22m [90m>[39m transitions to nomination when grac… [41;1m TypeError [49;22m  
[39;1m  App\Domain\Election\Events\NominationCompleted::__construct(): Argument #2 ($completedBy) must be of type string, null given, called in C:\Users\nabra\OneDrive\Desktop\roshyara\xamp\nrna\nrna-eu\app\Models\Election.php on line 1396[39;22m

  at [32mapp\Domain\Election\Events\NominationCompleted.php[39m:[32m12[39m
      8▕ class NominationCompleted
      9▕ {
     10▕     use Dispatchable;
     11▕ 
  ➜  12▕     public function __construct(
     13▕         public readonly Election $election,
     14▕         public readonly string $completedBy,
     15▕         public readonly ?string $reason = null
     16▕     ) {}

  [33m1   [39m[39;1mapp\Domain\Election\Events\NominationCompleted.php[39;22m:[39;1m12[39;22m
  [33m2   [39m[39;1mapp\Models\Election.php[39;22m:[39;1m1396[39;22m

  [31m────────────────────────────────────────────────────────────────────────────────────────────────────────────────────[39m  
  [41;1m FAILED [49;22m [1mTests\Feature\Console\ProcessElectionAutoTransitionsTest[22m [90m>[39m command reports transition count     [41;1m TypeError [49;22m  
[39;1m  App\Domain\Election\Events\NominationCompleted::__construct(): Argument #2 ($completedBy) must be of type string, null given, called in C:\Users\nabra\OneDrive\Desktop\roshyara\xamp\nrna\nrna-eu\app\Models\Election.php on line 1396[39;22m

  at [32mapp\Domain\Election\Events\NominationCompleted.php[39m:[32m12[39m
      8▕ class NominationCompleted
      9▕ {
     10▕     use Dispatchable;
     11▕ 
  ➜  12▕     public function __construct(
     13▕         public readonly Election $election,
     14▕         public readonly string $completedBy,
     15▕         public readonly ?string $reason = null
     16▕     ) {}

  [33m1   [39m[39;1mapp\Domain\Election\Events\NominationCompleted.php[39;22m:[39;1m12[39;22m
  [33m2   [39m[39;1mapp\Models\Election.php[39;22m:[39;1m1396[39;22m

  [31m────────────────────────────────────────────────────────────────────────────────────────────────────────────────────[39m  
  [41;1m FAILED [49;22m [1mTests\Feature\Console\SetupDemoElectionTest[22m [90m>[39m it creates demo election with slug parameter                   
[39;1m  Failed asserting that null is not null.[39;22m

  at [32mtests\Feature\Console\SetupDemoElectionTest.php[39m:[32m37[39m
     33▕         $election = $org->elections()
     34▕             ->where('type', 'demo')
     35▕             ->first();
     36▕ 
  ➜  37▕         $this->assertNotNull($election);
     38▕         $this->assertEquals('demo', $election->type);
     39▕         $this->assertEquals('active', $election->status);
     40▕     }
     41▕

  [33m1   [39m[39;1mtests\Feature\Console\SetupDemoElectionTest.php[39;22m:[39;1m37[39;22m

  [31m────────────────────────────────────────────────────────────────────────────────────────────────────────────────────[39m  
  [41;1m FAILED [49;22m [1mTests\Feature\Console\SetupDemoElectionTest[22m [90m>[39m it creates demo election with id parameter                     
[39;1m  Failed asserting that null is not null.[39;22m

  at [32mtests\Feature\Console\SetupDemoElectionTest.php[39m:[32m54[39m
     50▕         $election = $org->elections()
     51▕             ->where('type', 'demo')
     52▕             ->first();
     53▕ 
  ➜  54▕         $this->assertNotNull($election);
     55▕     }
     56▕ 
     57▕     /** @test */
     58▕     public function it_fails_with_nonexistent_organisation()

  [33m1   [39m[39;1mtests\Feature\Console\SetupDemoElectionTest.php[39;22m:[39;1m54[39;22m

  [31m────────────────────────────────────────────────────────────────────────────────────────────────────────────────────[39m  
  [41;1m FAILED [49;22m [1mTests\Feature\Console\SetupDemoElectionTest[22m [90m>[39m it creates national posts                             [41;1m Error [49;22m  
[39;1m  Call to a member function demoPosts() on null[39;22m

  at [32mtests\Feature\Console\SetupDemoElectionTest.php[39m:[32m78[39m
     74▕             ->assertExitCode(0);
     75▕ 
     76▕         $election = $org->elections()->where('type', 'demo')->first();
     77▕ 
  ➜  78▕         $president = $election->demoPosts()->where('name', 'President')->first();
     79▕         $this->assertNotNull($president);
     80▕         $this->assertEquals(1, $president->required_number);
     81▕ 
     82▕         $secretary = $election->demoPosts()->where('name', 'General Secretary (Geschäftsführer)')->first();

  [33m1   [39m[39;1mtests\Feature\Console\SetupDemoElectionTest.php[39;22m:[39;1m78[39;22m

  [31m────────────────────────────────────────────────────────────────────────────────────────────────────────────────────[39m  
  [41;1m FAILED [49;22m [1mTests\Feature\Console\SetupDemoElectionTest[22m [90m>[39m it creates regional posts                             [41;1m Error [49;22m  
[39;1m  Call to a member function demoPosts() on null[39;22m

  at [32mtests\Feature\Console\SetupDemoElectionTest.php[39m:[32m99[39m
     95▕         $election = $org->elections()->where('type', 'demo')->first();
     96▕ 
     97▕         $regions = ['Europe', 'America', 'Asia', 'Africa'];
     98▕         foreach ($regions as $region) {
  ➜  99▕             $post = $election->demoPosts()
    100▕                 ->where('name', "Regional Representative - {$region}")
    101▕                 ->where('is_national_wide', 0)
    102▕                 ->first();
    103▕

  [33m1   [39m[39;1mtests\Feature\Console\SetupDemoElectionTest.php[39;22m:[39;1m99[39;22m

  [31m────────────────────────────────────────────────────────────────────────────────────────────────────────────────────[39m  
  [41;1m FAILED [49;22m [1mTests\Feature\Console\SetupDemoElectionTest[22m [90m>[39m it creates candidates for posts                       [41;1m Error [49;22m  
[39;1m  Call to a member function demoPosts() on null[39;22m

  at [32mtests\Feature\Console\SetupDemoElectionTest.php[39m:[32m118[39m
    114▕             ->assertExitCode(0);
    115▕ 
    116▕         $election = $org->elections()->where('type', 'demo')->first();
    117▕ 
  ➜ 118▕         $presidentPost = $election->demoPosts()->where('name', 'President')->first();
    119▕         $candidates = $presidentPost->candidacies()->count();
    120▕ 
    121▕         $this->assertEquals(3, $candidates);
    122▕

  [33m1   [39m[39;1mtests\Feature\Console\SetupDemoElectionTest.php[39;22m:[39;1m118[39;22m

  [31m────────────────────────────────────────────────────────────────────────────────────────────────────────────────────[39m  
  [41;1m FAILED [49;22m [1mTests\Feature\Console\SetupDemoElectionTest[22m [90m>[39m it resets existing demo election with force… [41;1m ErrorException [49;22m  
[39;1m  Attempt to read property "id" on null[39;22m

  at [32mtests\Feature\Console\SetupDemoElectionTest.php[39m:[32m139[39m
    135▕         $this->artisan('demo:setup', ['--org' => $org->slug])
    136▕             ->assertExitCode(0);
    137▕ 
    138▕         $firstElection = $org->elections()->where('type', 'demo')->first();
  ➜ 139▕         $firstElectionId = $firstElection->id;
    140▕         $firstPostsCount = $firstElection->demoPosts()->count();
    141▕ 
    142▕         $this->assertGreaterThan(0, $firstPostsCount);
    143▕

  [31m────────────────────────────────────────────────────────────────────────────────────────────────────────────────────[39m  
  [41;1m FAILED [49;22m [1mTests\Feature\Console\SetupDemoElectionTest[22m [90m>[39m it handles soft deleted election with clean… [41;1m ErrorException [49;22m  
[39;1m  Attempt to read property "id" on null[39;22m

  at [32mtests\Feature\Console\SetupDemoElectionTest.php[39m:[32m168[39m
    164▕         // Create initial demo election
    165▕         $this->artisan('demo:setup', ['--org' => $org->slug])
    166▕             ->assertExitCode(0);
    167▕ 
  ➜ 168▕         $oldElectionId = $org->elections()->where('type', 'demo')->first()->id;
    169▕         $election = $org->elections()->where('type', 'demo')->first();
    170▕         $election->delete();
    171▕ 
    172▕         // Run with --clean flag

  [31m────────────────────────────────────────────────────────────────────────────────────────────────────────────────────[39m  
  [41;1m FAILED [49;22m [1mTests\Feature\Console\SetupDemoElectionTest[22m [90m>[39m it reuses existing demo election without fo… [41;1m ErrorException [49;22m  
[39;1m  Attempt to read property "id" on null[39;22m

  at [32mtests\Feature\Console\SetupDemoElectionTest.php[39m:[32m200[39m
    196▕         $this->artisan('demo:setup', ['--org' => $org->slug])
    197▕             ->assertExitCode(0);
    198▕ 
    199▕         $firstElection = $org->elections()->where('type', 'demo')->first();
  ➜ 200▕         $firstElectionId = $firstElection->id;
    201▕ 
    202▕         // Run again without --force (should reuse)
    203▕         $this->artisan('demo:setup', ['--org' => $org->slug])
    204▕             ->assertExitCode(0);

  [31m────────────────────────────────────────────────────────────────────────────────────────────────────────────────────[39m  
  [41;1m FAILED [49;22m [1mTests\Feature\Console\SetupDemoElectionTest[22m [90m>[39m it sets election as active                   [41;1m ErrorException [49;22m  
[39;1m  Attempt to read property "status" on null[39;22m

  at [32mtests\Feature\Console\SetupDemoElectionTest.php[39m:[32m221[39m
    217▕             ->assertExitCode(0);
    218▕ 
    219▕         $election = $org->elections()->where('type', 'demo')->first();
    220▕ 
  ➜ 221▕         $this->assertEquals('active', $election->status);
    222▕         $this->assertTrue($election->is_active);
    223▕         $this->assertLessThanOrEqual(now(), $election->start_date);
    224▕         $this->assertGreaterThan(now(), $election->end_date);
    225▕     }

  [31m────────────────────────────────────────────────────────────────────────────────────────────────────────────────────[39m  
  [41;1m FAILED [49;22m [1mTests\Feature\Console\SetupDemoElectionTest[22m [90m>[39m it creates posts with correct position order          [41;1m Error [49;22m  
[39;1m  Call to a member function demoPosts() on null[39;22m

  at [32mtests\Feature\Console\SetupDemoElectionTest.php[39m:[32m237[39m
    233▕             ->assertExitCode(0);
    234▕ 
    235▕         $election = $org->elections()->where('type', 'demo')->first();
    236▕ 
  ➜ 237▕         $nationalPosts = $election->demoPosts()
    238▕             ->where('is_national_wide', 1)
    239▕             ->orderBy('position_order')
    240▕             ->get();
    241▕

  [33m1   [39m[39;1mtests\Feature\Console\SetupDemoElectionTest.php[39;22m:[39;1m237[39;22m

  [31m────────────────────────────────────────────────────────────────────────────────────────────────────────────────────[39m  
  [41;1m FAILED [49;22m [1mTests\Feature\Console\SetupDemoElectionTest[22m [90m>[39m it creates unique candidate names                     [41;1m Error [49;22m  
[39;1m  Call to a member function demoPosts() on null[39;22m

  at [32mtests\Feature\Console\SetupDemoElectionTest.php[39m:[32m264[39m
    260▕ 
    261▕         $election = $org->elections()->where('type', 'demo')->first();
    262▕ 
    263▕         // Get all candidates
  ➜ 264▕         $posts = $election->demoPosts()->get();
    265▕         $allCandidates = [];
    266▕ 
    267▕         foreach ($posts as $post) {
    268▕             $allCandidates = array_merge(

  [33m1   [39m[39;1mtests\Feature\Console\SetupDemoElectionTest.php[39;22m:[39;1m264[39;22m

  [31m────────────────────────────────────────────────────────────────────────────────────────────────────────────────────[39m  
  [41;1m FAILED [49;22m [1mTests\Feature\Console\SetupDemoElectionTest[22m [90m>[39m it scopes election to organisation                             
[39;1m  Failed asserting that null is not null.[39;22m

  at [32mtests\Feature\Console\SetupDemoElectionTest.php[39m:[32m292[39m
    288▕         // Each organisation should have its own election
    289▕         $election1 = $org1->elections()->where('type', 'demo')->first();
    290▕         $election2 = $org2->elections()->where('type', 'demo')->first();
    291▕ 
  ➜ 292▕         $this->assertNotNull($election1);
    293▕         $this->assertNotNull($election2);
    294▕         $this->assertNotEquals($election1->id, $election2->id);
    295▕ 
    296▕         // Each election should have separate posts

  [33m1   [39m[39;1mtests\Feature\Console\SetupDemoElectionTest.php[39;22m:[39;1m292[39;22m

  [31m────────────────────────────────────────────────────────────────────────────────────────────────────────────────────[39m  
  [41;1m FAILED [49;22m [1mTests\Feature\Console\SetupDemoElectionTest[22m [90m>[39m it handles soft deleted election without force        [41;1m Error [49;22m  
[39;1m  Call to a member function delete() on null[39;22m

  at [32mtests\Feature\Console\SetupDemoElectionTest.php[39m:[32m310[39m
    306▕         $this->artisan('demo:setup', ['--org' => $org->slug])
    307▕             ->assertExitCode(0);
    308▕ 
    309▕         $election = $org->elections()->where('type', 'demo')->first();
  ➜ 310▕         $election->delete();
    311▕ 
    312▕         // Run without --force (should fail)
    313▕         $this->artisan('demo:setup', ['--org' => $org->slug])
    314▕             ->assertExitCode(1);

  [33m1   [39m[39;1mtests\Feature\Console\SetupDemoElectionTest.php[39;22m:[39;1m310[39;22m

  [31m────────────────────────────────────────────────────────────────────────────────────────────────────────────────────[39m  
  [41;1m FAILED [49;22m [1mTests\Feature\Console\SetupDemoElectionTest[22m [90m>[39m it creates all regions with proper count              [41;1m Error [49;22m  
[39;1m  Call to a member function demoPosts() on null[39;22m

  at [32mtests\Feature\Console\SetupDemoElectionTest.php[39m:[32m343[39m
    339▕ 
    340▕         $election = $org->elections()->where('type', 'demo')->first();
    341▕ 
    342▕         // Should have 2 national + 4 regional = 6 posts total
  ➜ 343▕         $this->assertEquals(6, $election->demoPosts()->count());
    344▕         $this->assertEquals(2, $election->demoPosts()->where('is_national_wide', 1)->count());
    345▕         $this->assertEquals(4, $election->demoPosts()->where('is_national_wide', 0)->count());
    346▕     }
    347▕

  [33m1   [39m[39;1mtests\Feature\Console\SetupDemoElectionTest.php[39;22m:[39;1m343[39;22m

  [31m────────────────────────────────────────────────────────────────────────────────────────────────────────────────────[39m  
  [41;1m FAILED [49;22m [1mTests\Feature\Console\SetupDemoElectionTest[22m [90m>[39m it creates correct candidate counts                   [41;1m Error [49;22m  
[39;1m  Call to a member function demoPosts() on null[39;22m

  at [32mtests\Feature\Console\SetupDemoElectionTest.php[39m:[32m359[39m
    355▕ 
    356▕         $election = $org->elections()->where('type', 'demo')->first();
    357▕ 
    358▕         // President: 3 candidates
  ➜ 359▕         $presidentPost = $election->demoPosts()->where('name', 'President')->first();
    360▕         $this->assertEquals(3, $presidentPost->candidacies()->count());
    361▕ 
    362▕         // Secretary: 2 candidates
    363▕         $secretaryPost = $election->demoPosts()->where('name', 'General Secretary (Geschäftsführer)')->first();

  [33m1   [39m[39;1mtests\Feature\Console\SetupDemoElectionTest.php[39;22m:[39;1m359[39;22m

  [31m────────────────────────────────────────────────────────────────────────────────────────────────────────────────────[39m  
  [41;1m FAILED [49;22m [1mTests\Feature\Console\SetupDemoElectionTest[22m [90m>[39m it uses default organization publicdigit                       
[39;1m  Failed asserting that null is not null.[39;22m

  at [32mtests\Feature\Console\SetupDemoElectionTest.php[39m:[32m395[39m
    391▕         $election = $publicdigit->elections()
    392▕             ->where('type', 'demo')
    393▕             ->first();
    394▕ 
  ➜ 395▕         $this->assertNotNull($election);
    396▕     }
    397▕ }
    398▕

  [33m1   [39m[39;1mtests\Feature\Console\SetupDemoElectionTest.php[39;22m:[39;1m395[39;22m

  [31m────────────────────────────────────────────────────────────────────────────────────────────────────────────────────[39m  
  [41;1m FAILED [49;22m [1mTests\Feature\Contexts\Membership\CommitteeAssociationRepositoryTest[22m [90m>[39m association has e… [41;1m DomainException [49;22m  
[39;1m  Cannot assign member to committee: Member does not exist. Member ID: d809c002-9b0b-4e7b-8dcb-ecdf4b4e44d3. Create Member record first via proper provisioning flow.[39;22m

  at [32mapp\Contexts\Membership\Domain\Membership\CommitteeAssociationLifecyclePolicy.php[39m:[32m38[39m
     34▕     ): void {
     35▕         // Guard 1: Member MUST exist before committee assignment (critical invariant)
     36▕         $member = $this->memberRepository->find($memberId, $tenantId);
     37▕         if (!$member) {
  ➜  38▕             throw new DomainException(
     39▕                 "Cannot assign member to committee: Member does not exist. " .
     40▕                 "Member ID: {$memberId->value()}. " .
     41▕                 "Create Member record first via proper provisioning flow."
     42▕             );

  [33m1   [39m[39;1mapp\Contexts\Membership\Domain\Membership\CommitteeAssociationLifecyclePolicy.php[39;22m:[39;1m38[39;22m
  [33m2   [39m[39;1mapp\Contexts\Membership\Infrastructure\Repositories\EloquentCommitteeAssociationRepository.php[39;22m:[39;1m34[39;22m

  [31m────────────────────────────────────────────────────────────────────────────────────────────────────────────────────[39m  
  [41;1m FAILED [49;22m [1mTests\Feature\Contexts\Membership\CommitteeAssociationRepositoryTest[22m [90m>[39m member cannot hav… [41;1m DomainException [49;22m  
[39;1m  Cannot assign member to committee: Member does not exist. Member ID: 85815cc5-4620-42ce-b255-01a46a784c86. Create Member record first via proper provisioning flow.[39;22m

  at [32mapp\Contexts\Membership\Domain\Membership\CommitteeAssociationLifecyclePolicy.php[39m:[32m38[39m
     34▕     ): void {
     35▕         // Guard 1: Member MUST exist before committee assignment (critical invariant)
     36▕         $member = $this->memberRepository->find($memberId, $tenantId);
     37▕         if (!$member) {
  ➜  38▕             throw new DomainException(
     39▕                 "Cannot assign member to committee: Member does not exist. " .
     40▕                 "Member ID: {$memberId->value()}. " .
     41▕                 "Create Member record first via proper provisioning flow."
     42▕             );

  [33m1   [39m[39;1mapp\Contexts\Membership\Domain\Membership\CommitteeAssociationLifecyclePolicy.php[39;22m:[39;1m38[39;22m
  [33m2   [39m[39;1mapp\Contexts\Membership\Infrastructure\Repositories\EloquentCommitteeAssociationRepository.php[39;22m:[39;1m34[39;22m

  [31m────────────────────────────────────────────────────────────────────────────────────────────────────────────────────[39m  
  [41;1m FAILED [49;22m [1mTests\Feature\Contexts\Membership\CommitteeAssociationRepositoryTest[22m [90m>[39m terminated association rema… [41;1m Error [49;22m  
[39;1m  Unknown named parameter $status[39;22m

  at [32mtests\Feature\Contexts\Membership\CommitteeAssociationRepositoryTest.php[39m:[32m172[39m
    168▕             memberId: $this->member1,
    169▕             committeeId: $this->committee1,
    170▕             associationType: ApplicationReason::RESIDENCE,
    171▕             associatedAt: \DateTimeImmutable::createFromMutable(now()),
  ➜ 172▕             status: MembershipStatus::TERMINATED,
    173▕         );
    174▕ 
    175▕         $this->repository->saveForTenant($association, $this->tenant1);
    176▕

  [33m1   [39m[39;1mtests\Feature\Contexts\Membership\CommitteeAssociationRepositoryTest.php[39;22m:[39;1m172[39;22m

  [31m────────────────────────────────────────────────────────────────────────────────────────────────────────────────────[39m  
  [41;1m FAILED [49;22m [1mTests\Feature\Contexts\Membership\CommitteeAssociationRepositoryTest[22m [90m>[39m member can reapply after te… [41;1m Error [49;22m  
[39;1m  Unknown named parameter $status[39;22m

  at [32mtests\Feature\Contexts\Membership\CommitteeAssociationRepositoryTest.php[39m:[32m200[39m
    196▕             memberId: $this->member1,
    197▕             committeeId: $this->committee1,
    198▕             associationType: ApplicationReason::RESIDENCE,
    199▕             associatedAt: \DateTimeImmutable::createFromMutable(now()),
  ➜ 200▕             status: MembershipStatus::TERMINATED,
    201▕         );
    202▕ 
    203▕         $this->repository->saveForTenant($terminated, $this->tenant1);
    204▕

  [33m1   [39m[39;1mtests\Feature\Contexts\Membership\CommitteeAssociationRepositoryTest.php[39;22m:[39;1m200[39;22m

  [31m────────────────────────────────────────────────────────────────────────────────────────────────────────────────────[39m  
  [41;1m FAILED [49;22m [1mTests\Feature\Contexts\Membership\CommitteeAssociationRepositoryTest[22m [90m>[39m suspended association can b… [41;1m Error [49;22m  
[39;1m  Unknown named parameter $status[39;22m

  at [32mtests\Feature\Contexts\Membership\CommitteeAssociationRepositoryTest.php[39m:[32m246[39m
    242▕             memberId: $this->member1,
    243▕             committeeId: $this->committee1,
    244▕             associationType: ApplicationReason::RESIDENCE,
    245▕             associatedAt: \DateTimeImmutable::createFromMutable(now()),
  ➜ 246▕             status: MembershipStatus::SUSPENDED,
    247▕         );
    248▕ 
    249▕         $this->repository->saveForTenant($suspended, $this->tenant1);
    250▕

  [33m1   [39m[39;1mtests\Feature\Contexts\Membership\CommitteeAssociationRepositoryTest.php[39;22m:[39;1m246[39;22m

  [31m────────────────────────────────────────────────────────────────────────────────────────────────────────────────────[39m  
  [41;1m FAILED [49;22m [1mTests\Feature\Contexts\Membership\CommitteeAssociationRepositoryTest[22m [90m>[39m terminated association cann… [41;1m Error [49;22m  
[39;1m  Unknown named parameter $status[39;22m

  at [32mtests\Feature\Contexts\Membership\CommitteeAssociationRepositoryTest.php[39m:[32m282[39m
    278▕             memberId: $this->member1,
    279▕             committeeId: $this->committee1,
    280▕             associationType: ApplicationReason::RESIDENCE,
    281▕             associatedAt: \DateTimeImmutable::createFromMutable(now()),
  ➜ 282▕             status: MembershipStatus::TERMINATED,
    283▕         );
    284▕ 
    285▕         $this->repository->saveForTenant($terminated, $this->tenant1);
    286▕

  [33m1   [39m[39;1mtests\Feature\Contexts\Membership\CommitteeAssociationRepositoryTest.php[39;22m:[39;1m282[39;22m

  [31m────────────────────────────────────────────────────────────────────────────────────────────────────────────────────[39m  
  [41;1m FAILED [49;22m [1mTests\Feature\Contexts\Membership\CommitteeAssociationRepositoryTest[22m [90m>[39m suspension requir… [41;1m DomainException [49;22m  
[39;1m  Cannot assign member to committee: Member does not exist. Member ID: 0a9da299-c7cd-480a-b687-83f0cf596a0b. Create Member record first via proper provisioning flow.[39;22m

  at [32mapp\Contexts\Membership\Domain\Membership\CommitteeAssociationLifecyclePolicy.php[39m:[32m38[39m
     34▕     ): void {
     35▕         // Guard 1: Member MUST exist before committee assignment (critical invariant)
     36▕         $member = $this->memberRepository->find($memberId, $tenantId);
     37▕         if (!$member) {
  ➜  38▕             throw new DomainException(
     39▕                 "Cannot assign member to committee: Member does not exist. " .
     40▕                 "Member ID: {$memberId->value()}. " .
     41▕                 "Create Member record first via proper provisioning flow."
     42▕             );

  [33m1   [39m[39;1mapp\Contexts\Membership\Domain\Membership\CommitteeAssociationLifecyclePolicy.php[39;22m:[39;1m38[39;22m
  [33m2   [39m[39;1mapp\Contexts\Membership\Infrastructure\Repositories\EloquentCommitteeAssociationRepository.php[39;22m:[39;1m34[39;22m

  [31m────────────────────────────────────────────────────────────────────────────────────────────────────────────────────[39m  
  [41;1m FAILED [49;22m [1mTests\Feature\Contexts\Membership\CommitteeAssociationRepositoryTest[22m [90m>[39m termination requi… [41;1m DomainException [49;22m  
[39;1m  Cannot assign member to committee: Member does not exist. Member ID: b4c7e582-eec5-4c6d-b837-8952b9863e92. Create Member record first via proper provisioning flow.[39;22m

  at [32mapp\Contexts\Membership\Domain\Membership\CommitteeAssociationLifecyclePolicy.php[39m:[32m38[39m
     34▕     ): void {
     35▕         // Guard 1: Member MUST exist before committee assignment (critical invariant)
     36▕         $member = $this->memberRepository->find($memberId, $tenantId);
     37▕         if (!$member) {
  ➜  38▕             throw new DomainException(
     39▕                 "Cannot assign member to committee: Member does not exist. " .
     40▕                 "Member ID: {$memberId->value()}. " .
     41▕                 "Create Member record first via proper provisioning flow."
     42▕             );

  [33m1   [39m[39;1mapp\Contexts\Membership\Domain\Membership\CommitteeAssociationLifecyclePolicy.php[39;22m:[39;1m38[39;22m
  [33m2   [39m[39;1mapp\Contexts\Membership\Infrastructure\Repositories\EloquentCommitteeAssociationRepository.php[39;22m:[39;1m34[39;22m

  [31m────────────────────────────────────────────────────────────────────────────────────────────────────────────────────[39m  
  [41;1m FAILED [49;22m [1mTests\Feature\Contexts\Membership\CommitteeAssociationRepositoryTest[22m [90m>[39m only active assoc… [41;1m DomainException [49;22m  
[39;1m  Cannot assign member to committee: Member does not exist. Member ID: af2ccd29-4c93-42b9-8c07-3ff4d925650c. Create Member record first via proper provisioning flow.[39;22m

  at [32mapp\Contexts\Membership\Domain\Membership\CommitteeAssociationLifecyclePolicy.php[39m:[32m38[39m
     34▕     ): void {
     35▕         // Guard 1: Member MUST exist before committee assignment (critical invariant)
     36▕         $member = $this->memberRepository->find($memberId, $tenantId);
     37▕         if (!$member) {
  ➜  38▕             throw new DomainException(
     39▕                 "Cannot assign member to committee: Member does not exist. " .
     40▕                 "Member ID: {$memberId->value()}. " .
     41▕                 "Create Member record first via proper provisioning flow."
     42▕             );

  [33m1   [39m[39;1mapp\Contexts\Membership\Domain\Membership\CommitteeAssociationLifecyclePolicy.php[39;22m:[39;1m38[39;22m
  [33m2   [39m[39;1mapp\Contexts\Membership\Infrastructure\Repositories\EloquentCommitteeAssociationRepository.php[39;22m:[39;1m34[39;22m

  [31m────────────────────────────────────────────────────────────────────────────────────────────────────────────────────[39m  
  [41;1m FAILED [49;22m [1mTests\Feature\Contexts\Membership\CommitteeAssociationRepositoryTest[22m [90m>[39m tenant isolation…  [41;1m DomainException [49;22m  
[39;1m  Cannot assign member to committee: Member does not exist. Member ID: 42875554-7160-4c2e-927a-5623468fab9f. Create Member record first via proper provisioning flow.[39;22m

  at [32mapp\Contexts\Membership\Domain\Membership\CommitteeAssociationLifecyclePolicy.php[39m:[32m38[39m
     34▕     ): void {
     35▕         // Guard 1: Member MUST exist before committee assignment (critical invariant)
     36▕         $member = $this->memberRepository->find($memberId, $tenantId);
     37▕         if (!$member) {
  ➜  38▕             throw new DomainException(
     39▕                 "Cannot assign member to committee: Member does not exist. " .
     40▕                 "Member ID: {$memberId->value()}. " .
     41▕                 "Create Member record first via proper provisioning flow."
     42▕             );

  [33m1   [39m[39;1mapp\Contexts\Membership\Domain\Membership\CommitteeAssociationLifecyclePolicy.php[39;22m:[39;1m38[39;22m
  [33m2   [39m[39;1mapp\Contexts\Membership\Infrastructure\Repositories\EloquentCommitteeAssociationRepository.php[39;22m:[39;1m34[39;22m

  [31m────────────────────────────────────────────────────────────────────────────────────────────────────────────────────[39m  
  [41;1m FAILED [49;22m [1mTests\Feature\Contexts\Membership\CommitteeAssociationRepositoryTest[22m [90m>[39m committee query d… [41;1m DomainException [49;22m  
[39;1m  Cannot assign member to committee: Member does not exist. Member ID: 1ab7d9a8-2ae4-4e76-a654-9a9448f53181. Create Member record first via proper provisioning flow.[39;22m

  at [32mapp\Contexts\Membership\Domain\Membership\CommitteeAssociationLifecyclePolicy.php[39m:[32m38[39m
     34▕     ): void {
     35▕         // Guard 1: Member MUST exist before committee assignment (critical invariant)
     36▕         $member = $this->memberRepository->find($memberId, $tenantId);
     37▕         if (!$member) {
  ➜  38▕             throw new DomainException(
     39▕                 "Cannot assign member to committee: Member does not exist. " .
     40▕                 "Member ID: {$memberId->value()}. " .
     41▕                 "Create Member record first via proper provisioning flow."
     42▕             );

  [33m1   [39m[39;1mapp\Contexts\Membership\Domain\Membership\CommitteeAssociationLifecyclePolicy.php[39;22m:[39;1m38[39;22m
  [33m2   [39m[39;1mapp\Contexts\Membership\Infrastructure\Repositories\EloquentCommitteeAssociationRepository.php[39;22m:[39;1m34[39;22m

  [31m────────────────────────────────────────────────────────────────────────────────────────────────────────────────────[39m  
  [41;1m FAILED [49;22m [1mTests\Feature\Contexts\Membership\CommitteeMembershipApplicationTest[22m [90m>[39m apply for committee membership res…   
[39;1m  Expected response status code [201] but received 500.
Failed asserting that 500 is identical to 201.

The following exception occurred during the last request:

TypeError: App\Contexts\Membership\Application\Membership\ApplyForCommitteeMembership\ApplyForCommitteeMembershipHandler::__construct(): Argument #2 ($lineageRepository) must be of type App\Contexts\Membership\Application\Membership\Ports\MembershipLineageRepositoryPort, Tests\Doubles\FakeEventBus given, called in C:\Users\nabra\OneDrive\Desktop\roshyara\xamp\nrna\nrna-eu\tests\Feature\Contexts\Membership\CommitteeMembershipApplicationTest.php on line 56 and defined in C:\Users\nabra\OneDrive\Desktop\roshyara\xamp\nrna\nrna-eu\app\Contexts\Membership\Application\Membership\ApplyForCommitteeMembership\ApplyForCommitteeMembershipHandler.php:20
Stack trace:
#0 C:\Users\nabra\OneDrive\Desktop\roshyara\xamp\nrna\nrna-eu\tests\Feature\Contexts\Membership\CommitteeMembershipApplicationTest.php(56): App\Contexts\Membership\Application\Membership\ApplyForCommitteeMembership\ApplyForCommitteeMembershipHandler->__construct(Object(Tests\Doubles\InMemoryMembershipApplicationRepository), Object(Tests\Doubles\FakeEventBus), Object(Tests\Doubles\FakeCommitteeEligibilityPolicy))
#1 C:\Users\nabra\OneDrive\Desktop\roshyara\xamp\nrna\nrna-eu\vendor\laravel\framework\src\Illuminate\Container\Container.php(937): Tests\Feature\Contexts\Membership\CommitteeMembershipApplicationTest->Tests\Feature\Contexts\Membership\{closure}(Object(Illuminate\Foundation\Application), Array)
#2 C:\Users\nabra\OneDrive\Desktop\roshyara\xamp\nrna\nrna-eu\vendor\laravel\framework\src\Illuminate\Container\Container.php(819): Illuminate\Container\Container->build(Object(Closure))
#3 C:\Users\nabra\OneDrive\Desktop\roshyara\xamp\nrna\nrna-eu\vendor\laravel\framework\src\Illuminate\Foundation\Application.php(1074): Illuminate\Container\Container->resolve('App\\Contexts\\Me...', Array, true)
#4 C:\Users\nabra\OneDrive\Desktop\roshyara\xamp\nrna\nrna-eu\vendor\laravel\framework\src\Illuminate\Container\Container.php(755): Illuminate\Foundation\Application->resolve('App\\Contexts\\Me...', Array)
#5 C:\Users\nabra\OneDrive\Desktop\roshyara\xamp\nrna\nrna-eu\vendor\laravel\framework\src\Illuminate\Foundation\Application.php(1056): Illuminate\Container\Container->make('App\\Contexts\\Me...', Array)
#6 C:\Users\nabra\OneDrive\Desktop\roshyara\xamp\nrna\nrna-eu\vendor\laravel\framework\src\Illuminate\Container\Container.php(1118): Illuminate\Foundation\Application->make('App\\Contexts\\Me...')
#7 C:\Users\nabra\OneDrive\Desktop\roshyara\xamp\nrna\nrna-eu\vendor\laravel\framework\src\Illuminate\Container\Container.php(1028): Illuminate\Container\Container->resolveClass(Object(ReflectionParameter))
#8 C:\Users\nabra\OneDrive\Desktop\roshyara\xamp\nrna\nrna-eu\vendor\laravel\framework\src\Illuminate\Container\Container.php(979): Illuminate\Container\Container->resolveDependencies(Array)
#9 C:\Users\nabra\OneDrive\Desktop\roshyara\xamp\nrna\nrna-eu\vendor\laravel\framework\src\Illuminate\Container\Container.php(819): Illuminate\Container\Container->build('App\\Contexts\\Me...')
#10 C:\Users\nabra\OneDrive\Desktop\roshyara\xamp\nrna\nrna-eu\vendor\laravel\framework\src\Illuminate\Foundation\Application.php(1074): Illuminate\Container\Container->resolve('App\\Contexts\\Me...', Array, true)
#11 C:\Users\nabra\OneDrive\Desktop\roshyara\xamp\nrna\nrna-eu\vendor\laravel\framework\src\Illuminate\Container\Container.php(755): Illuminate\Foundation\Application->resolve('App\\Contexts\\Me...', Array)
#12 C:\Users\nabra\OneDrive\Desktop\roshyara\xamp\nrna\nrna-eu\vendor\laravel\framework\src\Illuminate\Foundation\Application.php(1056): Illuminate\Container\Container->make('App\\Contexts\\Me...', Array)
#13 C:\Users\nabra\OneDrive\Desktop\roshyara\xamp\nrna\nrna-eu\vendor\laravel\framework\src\Illuminate\Routing\Route.php(285): Illuminate\Foundation\Application->make('App\\Contexts\\Me...')
#14 C:\Users\nabra\OneDrive\Desktop\roshyara\xamp\nrna\nrna-eu\vendor\laravel\framework\src\Illuminate\Routing\Route.php(267): Illuminate\Routing\Route->getController()
#15 C:\Users\nabra\OneDrive\Desktop\roshyara\xamp\nrna\nrna-eu\vendor\laravel\framework\src\Illuminate\Routing\Route.php(212): Illuminate\Routing\Route->runController()
#16 C:\Users\nabra\OneDrive\Desktop\roshyara\xamp\nrna\nrna-eu\vendor\laravel\framework\src\Illuminate\Routing\Router.php(808): Illuminate\Routing\Route->run()
#17 C:\Users\nabra\OneDrive\Desktop\roshyara\xamp\nrna\nrna-eu\vendor\laravel\framework\src\Illuminate\Pipeline\Pipeline.php(170): Illuminate\Routing\Router->Illuminate\Routing\{closure}(Object(Illuminate\Http\Request))
#18 C:\Users\nabra\OneDrive\Desktop\roshyara\xamp\nrna\nrna-eu\vendor\laravel\framework\src\Illuminate\Auth\Middleware\EnsureEmailIsVerified.php(41): Illuminate\Pipeline\Pipeline->Illuminate\Pipeline\{closure}(Object(Illuminate\Http\Request))
#19 C:\Users\nabra\OneDrive\Desktop\roshyara\xamp\nrna\nrna-eu\vendor\laravel\framework\src\Illuminate\Pipeline\Pipeline.php(209): Illuminate\Auth\Middleware\EnsureEmailIsVerified->handle(Object(Illuminate\Http\Request), Object(Closure))
#20 C:\Users\nabra\OneDrive\Desktop\roshyara\xamp\nrna\nrna-eu\vendor\laravel\framework\src\Illuminate\Auth\Middleware\Authenticate.php(64): Illuminate\Pipeline\Pipeline->Illuminate\Pipeline\{closure}(Object(Illuminate\Http\Request))
#21 C:\Users\nabra\OneDrive\Desktop\roshyara\xamp\nrna\nrna-eu\vendor\laravel\framework\src\Illuminate\Pipeline\Pipeline.php(209): Illuminate\Auth\Middleware\Authenticate->handle(Object(Illuminate\Http\Request), Object(Closure))
#22 C:\Users\nabra\OneDrive\Desktop\roshyara\xamp\nrna\nrna-eu\vendor\inertiajs\inertia-laravel\src\Middleware.php(86): Illuminate\Pipeline\Pipeline->Illuminate\Pipeline\{closure}(Object(Illuminate\Http\Request))
#23 C:\Users\nabra\OneDrive\Desktop\roshyara\xamp\nrna\nrna-eu\vendor\laravel\framework\src\Illuminate\Pipeline\Pipeline.php(209): Inertia\Middleware->handle(Object(Illuminate\Http\Request), Object(Closure))
#24 C:\Users\nabra\OneDrive\Desktop\roshyara\xamp\nrna\nrna-eu\app\Http\Middleware\InjectPageMeta.php(65): Illuminate\Pipeline\Pipeline->Illuminate\Pipeline\{closure}(Object(Illuminate\Http\Request))
#25 C:\Users\nabra\OneDrive\Desktop\roshyara\xamp\nrna\nrna-eu\vendor\laravel\framework\src\Illuminate\Pipeline\Pipeline.php(209): App\Http\Middleware\InjectPageMeta->handle(Object(Illuminate\Http\Request), Object(Closure))
#26 C:\Users\nabra\OneDrive\Desktop\roshyara\xamp\nrna\nrna-eu\app\Http\Middleware\SetLocale.php(59): Illuminate\Pipeline\Pipeline->Illuminate\Pipeline\{closure}(Object(Illuminate\Http\Request))
#27 C:\Users\nabra\OneDrive\Desktop\roshyara\xamp\nrna\nrna-eu\vendor\laravel\framework\src\Illuminate\Pipeline\Pipeline.php(209): App\Http\Middleware\SetLocale->handle(Object(Illuminate\Http\Request), Object(Closure))
#28 C:\Users\nabra\OneDrive\Desktop\roshyara\xamp\nrna\nrna-eu\app\Http\Middleware\PreloadAssets.php(12): Illuminate\Pipeline\Pipeline->Illuminate\Pipeline\{closure}(Object(Illuminate\Http\Request))
#29 C:\Users\nabra\OneDrive\Desktop\roshyara\xamp\nrna\nrna-eu\vendor\laravel\framework\src\Illuminate\Pipeline\Pipeline.php(209): App\Http\Middleware\PreloadAssets->handle(Object(Illuminate\Http\Request), Object(Closure))
#30 C:\Users\nabra\OneDrive\Desktop\roshyara\xamp\nrna\nrna-eu\vendor\laravel\framework\src\Illuminate\Routing\Middleware\SubstituteBindings.php(51): Illuminate\Pipeline\Pipeline->Illuminate\Pipeline\{closure}(Object(Illuminate\Http\Request))
#31 C:\Users\nabra\OneDrive\Desktop\roshyara\xamp\nrna\nrna-eu\vendor\laravel\framework\src\Illuminate\Pipeline\Pipeline.php(209): Illuminate\Routing\Middleware\SubstituteBindings->handle(Object(Illuminate\Http\Request), Object(Closure))
#32 C:\Users\nabra\OneDrive\Desktop\roshyara\xamp\nrna\nrna-eu\vendor\laravel\framework\src\Illuminate\Foundation\Http\Middleware\VerifyCsrfToken.php(88): Illuminate\Pipeline\Pipeline->Illuminate\Pipeline\{closure}(Object(Illuminate\Http\Request))
#33 C:\Users\nabra\OneDrive\Desktop\roshyara\xamp\nrna\nrna-eu\vendor\laravel\framework\src\Illuminate\Pipeline\Pipeline.php(209): Illuminate\Foundation\Http\Middleware\VerifyCsrfToken->handle(Object(Illuminate\Http\Request), Object(Closure))
#34 C:\Users\nabra\OneDrive\Desktop\roshyara\xamp\nrna\nrna-eu\vendor\laravel\framework\src\Illuminate\View\Middleware\ShareErrorsFromSession.php(49): Illuminate\Pipeline\Pipeline->Illuminate\Pipeline\{closure}(Object(Illuminate\Http\Request))
#35 C:\Users\nabra\OneDrive\Desktop\roshyara\xamp\nrna\nrna-eu\vendor\laravel\framework\src\Illuminate\Pipeline\Pipeline.php(209): Illuminate\View\Middleware\ShareErrorsFromSession->handle(Object(Illuminate\Http\Request), Object(Closure))
#36 C:\Users\nabra\OneDrive\Desktop\roshyara\xamp\nrna\nrna-eu\vendor\laravel\framework\src\Illuminate\Session\Middleware\StartSession.php(121): Illuminate\Pipeline\Pipeline->Illuminate\Pipeline\{closure}(Object(Illuminate\Http\Request))
#37 C:\Users\nabra\OneDrive\Desktop\roshyara\xamp\nrna\nrna-eu\vendor\laravel\framework\src\Illuminate\Session\Middleware\StartSession.php(64): Illuminate\Session\Middleware\StartSession->handleStatefulRequest(Object(Illuminate\Http\Request), Object(Illuminate\Session\Store), Object(Closure))
#38 C:\Users\nabra\OneDrive\Desktop\roshyara\xamp\nrna\nrna-eu\vendor\laravel\framework\src\Illuminate\Pipeline\Pipeline.php(209): Illuminate\Session\Middleware\StartSession->handle(Object(Illuminate\Http\Request), Object(Closure))
#39 C:\Users\nabra\OneDrive\Desktop\roshyara\xamp\nrna\nrna-eu\vendor\laravel\framework\src\Illuminate\Cookie\Middleware\AddQueuedCookiesToResponse.php(37): Illuminate\Pipeline\Pipeline->Illuminate\Pipeline\{closure}(Object(Illuminate\Http\Request))
#40 C:\Users\nabra\OneDrive\Desktop\roshyara\xamp\nrna\nrna-eu\vendor\laravel\framework\src\Illuminate\Pipeline\Pipeline.php(209): Illuminate\Cookie\Middleware\AddQueuedCookiesToResponse->handle(Object(Illuminate\Http\Request), Object(Closure))
#41 C:\Users\nabra\OneDrive\Desktop\roshyara\xamp\nrna\nrna-eu\vendor\laravel\framework\src\Illuminate\Cookie\Middleware\EncryptCookies.php(75): Illuminate\Pipeline\Pipeline->Illuminate\Pipeline\{closure}(Object(Illuminate\Http\Request))
#42 C:\Users\nabra\OneDrive\Desktop\roshyara\xamp\nrna\nrna-eu\vendor\laravel\framework\src\Illuminate\Pipeline\Pipeline.php(209): Illuminate\Cookie\Middleware\EncryptCookies->handle(Object(Illuminate\Http\Request), Object(Closure))
#43 C:\Users\nabra\OneDrive\Desktop\roshyara\xamp\nrna\nrna-eu\vendor\laravel\framework\src\Illuminate\Pipeline\Pipeline.php(127): Illuminate\Pipeline\Pipeline->Illuminate\Pipeline\{closure}(Object(Illuminate\Http\Request))
#44 C:\Users\nabra\OneDrive\Desktop\roshyara\xamp\nrna\nrna-eu\vendor\laravel\framework\src\Illuminate\Routing\Router.php(807): Illuminate\Pipeline\Pipeline->then(Object(Closure))
#45 C:\Users\nabra\OneDrive\Desktop\roshyara\xamp\nrna\nrna-eu\vendor\laravel\framework\src\Illuminate\Routing\Router.php(786): Illuminate\Routing\Router->runRouteWithinStack(Object(Illuminate\Routing\Route), Object(Illuminate\Http\Request))
#46 C:\Users\nabra\OneDrive\Desktop\roshyara\xamp\nrna\nrna-eu\vendor\laravel\framework\src\Illuminate\Routing\Router.php(750): Illuminate\Routing\Router->runRoute(Object(Illuminate\Http\Request), Object(Illuminate\Routing\Route))
#47 C:\Users\nabra\OneDrive\Desktop\roshyara\xamp\nrna\nrna-eu\vendor\laravel\framework\src\Illuminate\Routing\Router.php(739): Illuminate\Routing\Router->dispatchToRoute(Object(Illuminate\Http\Request))
#48 C:\Users\nabra\OneDrive\Desktop\roshyara\xamp\nrna\nrna-eu\vendor\laravel\framework\src\Illuminate\Foundation\Http\Kernel.php(201): Illuminate\Routing\Router->dispatch(Object(Illuminate\Http\Request))
#49 C:\Users\nabra\OneDrive\Desktop\roshyara\xamp\nrna\nrna-eu\vendor\laravel\framework\src\Illuminate\Pipeline\Pipeline.php(170): Illuminate\Foundation\Http\Kernel->Illuminate\Foundation\Http\{closure}(Object(Illuminate\Http\Request))
#50 C:\Users\nabra\OneDrive\Desktop\roshyara\xamp\nrna\nrna-eu\app\Http\Middleware\TrackPerformance.php(28): Illuminate\Pipeline\Pipeline->Illuminate\Pipeline\{closure}(Object(Illuminate\Http\Request))
#51 C:\Users\nabra\OneDrive\Desktop\roshyara\xamp\nrna\nrna-eu\vendor\laravel\framework\src\Illuminate\Pipeline\Pipeline.php(209): App\Http\Middleware\TrackPerformance->handle(Object(Illuminate\Http\Request), Object(Closure))
#52 C:\Users\nabra\OneDrive\Desktop\roshyara\xamp\nrna\nrna-eu\vendor\laravel\framework\src\Illuminate\Foundation\Http\Middleware\TransformsRequest.php(21): Illuminate\Pipeline\Pipeline->Illuminate\Pipeline\{closure}(Object(Illuminate\Http\Request))
#53 C:\Users\nabra\OneDrive\Desktop\roshyara\xamp\nrna\nrna-eu\vendor\laravel\framework\src\Illuminate\Foundation\Http\Middleware\ConvertEmptyStringsToNull.php(31): Illuminate\Foundation\Http\Middleware\TransformsRequest->handle(Object(Illuminate\Http\Request), Object(Closure))
#54 C:\Users\nabra\OneDrive\Desktop\roshyara\xamp\nrna\nrna-eu\vendor\laravel\framework\src\Illuminate\Pipeline\Pipeline.php(209): Illuminate\Foundation\Http\Middleware\ConvertEmptyStringsToNull->handle(Object(Illuminate\Http\Request), Object(Closure))
#55 C:\Users\nabra\OneDrive\Desktop\roshyara\xamp\nrna\nrna-eu\vendor\laravel\framework\src\Illuminate\Foundation\Http\Middleware\TransformsRequest.php(21): Illuminate\Pipeline\Pipeline->Illuminate\Pipeline\{closure}(Object(Illuminate\Http\Request))
#56 C:\Users\nabra\OneDrive\Desktop\roshyara\xamp\nrna\nrna-eu\vendor\laravel\framework\src\Illuminate\Foundation\Http\Middleware\TrimStrings.php(51): Illuminate\Foundation\Http\Middleware\TransformsRequest->handle(Object(Illuminate\Http\Request), Object(Closure))
#57 C:\Users\nabra\OneDrive\Desktop\roshyara\xamp\nrna\nrna-eu\vendor\laravel\framework\src\Illuminate\Pipeline\Pipeline.php(209): Illuminate\Foundation\Http\Middleware\TrimStrings->handle(Object(Illuminate\Http\Request), Object(Closure))
#58 C:\Users\nabra\OneDrive\Desktop\roshyara\xamp\nrna\nrna-eu\vendor\laravel\framework\src\Illuminate\Http\Middleware\ValidatePostSize.php(27): Illuminate\Pipeline\Pipeline->Illuminate\Pipeline\{closure}(Object(Illuminate\Http\Request))
#59 C:\Users\nabra\OneDrive\Desktop\roshyara\xamp\nrna\nrna-eu\vendor\laravel\framework\src\Illuminate\Pipeline\Pipeline.php(209): Illuminate\Http\Middleware\ValidatePostSize->handle(Object(Illuminate\Http\Request), Object(Closure))
#60 C:\Users\nabra\OneDrive\Desktop\roshyara\xamp\nrna\nrna-eu\vendor\laravel\framework\src\Illuminate\Foundation\Http\Middleware\PreventRequestsDuringMaintenance.php(110): Illuminate\Pipeline\Pipeline->Illuminate\Pipeline\{closure}(Object(Illuminate\Http\Request))
#61 C:\Users\nabra\OneDrive\Desktop\roshyara\xamp\nrna\nrna-eu\vendor\laravel\framework\src\Illuminate\Pipeline\Pipeline.php(209): Illuminate\Foundation\Http\Middleware\PreventRequestsDuringMaintenance->handle(Object(Illuminate\Http\Request), Object(Closure))
#62 C:\Users\nabra\OneDrive\Desktop\roshyara\xamp\nrna\nrna-eu\vendor\laravel\framework\src\Illuminate\Http\Middleware\HandleCors.php(49): Illuminate\Pipeline\Pipeline->Illuminate\Pipeline\{closure}(Object(Illuminate\Http\Request))
#63 C:\Users\nabra\OneDrive\Desktop\roshyara\xamp\nrna\nrna-eu\vendor\laravel\framework\src\Illuminate\Pipeline\Pipeline.php(209): Illuminate\Http\Middleware\HandleCors->handle(Object(Illuminate\Http\Request), Object(Closure))
#64 C:\Users\nabra\OneDrive\Desktop\roshyara\xamp\nrna\nrna-eu\vendor\laravel\framework\src\Illuminate\Http\Middleware\TrustProxies.php(58): Illuminate\Pipeline\Pipeline->Illuminate\Pipeline\{closure}(Object(Illuminate\Http\Request))
#65 C:\Users\nabra\OneDrive\Desktop\roshyara\xamp\nrna\nrna-eu\vendor\laravel\framework\src\Illuminate\Pipeline\Pipeline.php(209): Illuminate\Http\Middleware\TrustProxies->handle(Object(Illuminate\Http\Request), Object(Closure))
#66 C:\Users\nabra\OneDrive\Desktop\roshyara\xamp\nrna\nrna-eu\vendor\laravel\framework\src\Illuminate\Foundation\Http\Middleware\InvokeDeferredCallbacks.php(22): Illuminate\Pipeline\Pipeline->Illuminate\Pipeline\{closure}(Object(Illuminate\Http\Request))
#67 C:\Users\nabra\OneDrive\Desktop\roshyara\xamp\nrna\nrna-eu\vendor\laravel\framework\src\Illuminate\Pipeline\Pipeline.php(209): Illuminate\Foundation\Http\Middleware\InvokeDeferredCallbacks->handle(Object(Illuminate\Http\Request), Object(Closure))
#68 C:\Users\nabra\OneDrive\Desktop\roshyara\xamp\nrna\nrna-eu\vendor\laravel\framework\src\Illuminate\Pipeline\Pipeline.php(127): Illuminate\Pipeline\Pipeline->Illuminate\Pipeline\{closure}(Object(Illuminate\Http\Request))
#69 C:\Users\nabra\OneDrive\Desktop\roshyara\xamp\nrna\nrna-eu\vendor\laravel\framework\src\Illuminate\Foundation\Http\Kernel.php(176): Illuminate\Pipeline\Pipeline->then(Object(Closure))
#70 C:\Users\nabra\OneDrive\Desktop\roshyara\xamp\nrna\nrna-eu\vendor\laravel\framework\src\Illuminate\Foundation\Http\Kernel.php(145): Illuminate\Foundation\Http\Kernel->sendRequestThroughRouter(Object(Illuminate\Http\Request))
#71 C:\Users\nabra\OneDrive\Desktop\roshyara\xamp\nrna\nrna-eu\vendor\laravel\framework\src\Illuminate\Foundation\Testing\Concerns\MakesHttpRequests.php(607): Illuminate\Foundation\Http\Kernel->handle(Object(Illuminate\Http\Request))
#72 C:\Users\nabra\OneDrive\Desktop\roshyara\xamp\nrna\nrna-eu\vendor\laravel\framework\src\Illuminate\Foundation\Testing\Concerns\MakesHttpRequests.php(573): Illuminate\Foundation\Testing\TestCase->call('POST', '/organisations/...', Array, Array, Array, Array, '{"committee_id"...')
#73 C:\Users\nabra\OneDrive\Desktop\roshyara\xamp\nrna\nrna-eu\vendor\laravel\framework\src\Illuminate\Foundation\Testing\Concerns\MakesHttpRequests.php(411): Illuminate\Foundation\Testing\TestCase->json('POST', '/organisations/...', Array, Array, 0)
#74 C:\Users\nabra\OneDrive\Desktop\roshyara\xamp\nrna\nrna-eu\tests\Feature\Contexts\Membership\CommitteeMembershipApplicationTest.php(75): Illuminate\Foundation\Testing\TestCase->postJson('/organisations/...', Array)
#75 C:\Users\nabra\OneDrive\Desktop\roshyara\xamp\nrna\nrna-eu\vendor\phpunit\phpunit\src\Framework\TestCase.php(1235): Tests\Feature\Contexts\Membership\CommitteeMembershipApplicationTest->test_apply_for_committee_membership_residence_success()
#76 C:\Users\nabra\OneDrive\Desktop\roshyara\xamp\nrna\nrna-eu\vendor\phpunit\phpunit\src\Framework\TestCase.php(514): PHPUnit\Framework\TestCase->runTest()
#77 C:\Users\nabra\OneDrive\Desktop\roshyara\xamp\nrna\nrna-eu\vendor\phpunit\phpunit\src\Framework\TestRunner\TestRunner.php(87): PHPUnit\Framework\TestCase->runBare()
#78 C:\Users\nabra\OneDrive\Desktop\roshyara\xamp\nrna\nrna-eu\vendor\phpunit\phpunit\src\Framework\TestCase.php(361): PHPUnit\Framework\TestRunner->run(Object(Tests\Feature\Contexts\Membership\CommitteeMembershipApplicationTest))
#79 C:\Users\nabra\OneDrive\Desktop\roshyara\xamp\nrna\nrna-eu\vendor\phpunit\phpunit\src\Framework\TestSuite.php(369): PHPUnit\Framework\TestCase->run()
#80 C:\Users\nabra\OneDrive\Desktop\roshyara\xamp\nrna\nrna-eu\vendor\phpunit\phpunit\src\Framework\TestSuite.php(369): PHPUnit\Framework\TestSuite->run()
#81 C:\Users\nabra\OneDrive\Desktop\roshyara\xamp\nrna\nrna-eu\vendor\phpunit\phpunit\src\Framework\TestSuite.php(369): PHPUnit\Framework\TestSuite->run()
#82 C:\Users\nabra\OneDrive\Desktop\roshyara\xamp\nrna\nrna-eu\vendor\phpunit\phpunit\src\TextUI\TestRunner.php(64): PHPUnit\Framework\TestSuite->run()
#83 C:\Users\nabra\OneDrive\Desktop\roshyara\xamp\nrna\nrna-eu\vendor\phpunit\phpunit\src\TextUI\Application.php(210): PHPUnit\TextUI\TestRunner->run(Object(PHPUnit\TextUI\Configuration\Configuration), Object(PHPUnit\Runner\ResultCache\DefaultResultCache), Object(PHPUnit\Framework\TestSuite))
#84 C:\Users\nabra\OneDrive\Desktop\roshyara\xamp\nrna\nrna-eu\vendor\phpunit\phpunit\phpunit(104): PHPUnit\TextUI\Application->run(Array)
#85 {main}

----------------------------------------------------------------------------------

App\Contexts\Membership\Application\Membership\ApplyForCommitteeMembership\ApplyForCommitteeMembershipHandler::__construct(): Argument #2 ($lineageRepository) must be of type App\Contexts\Membership\Application\Membership\Ports\MembershipLineageRepositoryPort, Tests\Doubles\FakeEventBus given, called in C:\Users\nabra\OneDrive\Desktop\roshyara\xamp\nrna\nrna-eu\tests\Feature\Contexts\Membership\CommitteeMembershipApplicationTest.php on line 56[39;22m

  at [32mtests\Feature\Contexts\Membership\CommitteeMembershipApplicationTest.php[39m:[32m83[39m
     79▕                 'committee_geopath' => '/1',
     80▕                 'committee_geopath_segments' => json_encode([1]),
     81▕             ]);
     82▕ 
  ➜  83▕         $response->assertStatus(201)
     84▕             ->assertJsonStructure([
     85▕                 'application_id',
     86▕                 'message',
     87▕             ])

  [31m────────────────────────────────────────────────────────────────────────────────────────────────────────────────────[39m  
  [41;1m FAILED [49;22m [1mTests\Feature\Contexts\Membership\CommitteeMembershipApplicationTest[22m [90m>[39m apply for committee membership exc…   
[39;1m  Expected response status code [201] but received 500.
Failed asserting that 500 is identical to 201.

The following exception occurred during the last request:

TypeError: App\Contexts\Membership\Application\Membership\ApplyForCommitteeMembership\ApplyForCommitteeMembershipHandler::__construct(): Argument #2 ($lineageRepository) must be of type App\Contexts\Membership\Application\Membership\Ports\MembershipLineageRepositoryPort, Tests\Doubles\FakeEventBus given, called in C:\Users\nabra\OneDrive\Desktop\roshyara\xamp\nrna\nrna-eu\tests\Feature\Contexts\Membership\CommitteeMembershipApplicationTest.php on line 56 and defined in C:\Users\nabra\OneDrive\Desktop\roshyara\xamp\nrna\nrna-eu\app\Contexts\Membership\Application\Membership\ApplyForCommitteeMembership\ApplyForCommitteeMembershipHandler.php:20
Stack trace:
#0 C:\Users\nabra\OneDrive\Desktop\roshyara\xamp\nrna\nrna-eu\tests\Feature\Contexts\Membership\CommitteeMembershipApplicationTest.php(56): App\Contexts\Membership\Application\Membership\ApplyForCommitteeMembership\ApplyForCommitteeMembershipHandler->__construct(Object(Tests\Doubles\InMemoryMembershipApplicationRepository), Object(Tests\Doubles\FakeEventBus), Object(Tests\Doubles\FakeCommitteeEligibilityPolicy))
#1 C:\Users\nabra\OneDrive\Desktop\roshyara\xamp\nrna\nrna-eu\vendor\laravel\framework\src\Illuminate\Container\Container.php(937): Tests\Feature\Contexts\Membership\CommitteeMembershipApplicationTest->Tests\Feature\Contexts\Membership\{closure}(Object(Illuminate\Foundation\Application), Array)
#2 C:\Users\nabra\OneDrive\Desktop\roshyara\xamp\nrna\nrna-eu\vendor\laravel\framework\src\Illuminate\Container\Container.php(819): Illuminate\Container\Container->build(Object(Closure))
#3 C:\Users\nabra\OneDrive\Desktop\roshyara\xamp\nrna\nrna-eu\vendor\laravel\framework\src\Illuminate\Foundation\Application.php(1074): Illuminate\Container\Container->resolve('App\\Contexts\\Me...', Array, true)
#4 C:\Users\nabra\OneDrive\Desktop\roshyara\xamp\nrna\nrna-eu\vendor\laravel\framework\src\Illuminate\Container\Container.php(755): Illuminate\Foundation\Application->resolve('App\\Contexts\\Me...', Array)
#5 C:\Users\nabra\OneDrive\Desktop\roshyara\xamp\nrna\nrna-eu\vendor\laravel\framework\src\Illuminate\Foundation\Application.php(1056): Illuminate\Container\Container->make('App\\Contexts\\Me...', Array)
#6 C:\Users\nabra\OneDrive\Desktop\roshyara\xamp\nrna\nrna-eu\vendor\laravel\framework\src\Illuminate\Container\Container.php(1118): Illuminate\Foundation\Application->make('App\\Contexts\\Me...')
#7 C:\Users\nabra\OneDrive\Desktop\roshyara\xamp\nrna\nrna-eu\vendor\laravel\framework\src\Illuminate\Container\Container.php(1028): Illuminate\Container\Container->resolveClass(Object(ReflectionParameter))
#8 C:\Users\nabra\OneDrive\Desktop\roshyara\xamp\nrna\nrna-eu\vendor\laravel\framework\src\Illuminate\Container\Container.php(979): Illuminate\Container\Container->resolveDependencies(Array)
#9 C:\Users\nabra\OneDrive\Desktop\roshyara\xamp\nrna\nrna-eu\vendor\laravel\framework\src\Illuminate\Container\Container.php(819): Illuminate\Container\Container->build('App\\Contexts\\Me...')
#10 C:\Users\nabra\OneDrive\Desktop\roshyara\xamp\nrna\nrna-eu\vendor\laravel\framework\src\Illuminate\Foundation\Application.php(1074): Illuminate\Container\Container->resolve('App\\Contexts\\Me...', Array, true)
#11 C:\Users\nabra\OneDrive\Desktop\roshyara\xamp\nrna\nrna-eu\vendor\laravel\framework\src\Illuminate\Container\Container.php(755): Illuminate\Foundation\Application->resolve('App\\Contexts\\Me...', Array)
#12 C:\Users\nabra\OneDrive\Desktop\roshyara\xamp\nrna\nrna-eu\vendor\laravel\framework\src\Illuminate\Foundation\Application.php(1056): Illuminate\Container\Container->make('App\\Contexts\\Me...', Array)
#13 C:\Users\nabra\OneDrive\Desktop\roshyara\xamp\nrna\nrna-eu\vendor\laravel\framework\src\Illuminate\Routing\Route.php(285): Illuminate\Foundation\Application->make('App\\Contexts\\Me...')
#14 C:\Users\nabra\OneDrive\Desktop\roshyara\xamp\nrna\nrna-eu\vendor\laravel\framework\src\Illuminate\Routing\Route.php(267): Illuminate\Routing\Route->getController()
#15 C:\Users\nabra\OneDrive\Desktop\roshyara\xamp\nrna\nrna-eu\vendor\laravel\framework\src\Illuminate\Routing\Route.php(212): Illuminate\Routing\Route->runController()
#16 C:\Users\nabra\OneDrive\Desktop\roshyara\xamp\nrna\nrna-eu\vendor\laravel\framework\src\Illuminate\Routing\Router.php(808): Illuminate\Routing\Route->run()
#17 C:\Users\nabra\OneDrive\Desktop\roshyara\xamp\nrna\nrna-eu\vendor\laravel\framework\src\Illuminate\Pipeline\Pipeline.php(170): Illuminate\Routing\Router->Illuminate\Routing\{closure}(Object(Illuminate\Http\Request))
#18 C:\Users\nabra\OneDrive\Desktop\roshyara\xamp\nrna\nrna-eu\vendor\laravel\framework\src\Illuminate\Auth\Middleware\EnsureEmailIsVerified.php(41): Illuminate\Pipeline\Pipeline->Illuminate\Pipeline\{closure}(Object(Illuminate\Http\Request))
#19 C:\Users\nabra\OneDrive\Desktop\roshyara\xamp\nrna\nrna-eu\vendor\laravel\framework\src\Illuminate\Pipeline\Pipeline.php(209): Illuminate\Auth\Middleware\EnsureEmailIsVerified->handle(Object(Illuminate\Http\Request), Object(Closure))
#20 C:\Users\nabra\OneDrive\Desktop\roshyara\xamp\nrna\nrna-eu\vendor\laravel\framework\src\Illuminate\Auth\Middleware\Authenticate.php(64): Illuminate\Pipeline\Pipeline->Illuminate\Pipeline\{closure}(Object(Illuminate\Http\Request))
#21 C:\Users\nabra\OneDrive\Desktop\roshyara\xamp\nrna\nrna-eu\vendor\laravel\framework\src\Illuminate\Pipeline\Pipeline.php(209): Illuminate\Auth\Middleware\Authenticate->handle(Object(Illuminate\Http\Request), Object(Closure))
#22 C:\Users\nabra\OneDrive\Desktop\roshyara\xamp\nrna\nrna-eu\vendor\inertiajs\inertia-laravel\src\Middleware.php(86): Illuminate\Pipeline\Pipeline->Illuminate\Pipeline\{closure}(Object(Illuminate\Http\Request))
#23 C:\Users\nabra\OneDrive\Desktop\roshyara\xamp\nrna\nrna-eu\vendor\laravel\framework\src\Illuminate\Pipeline\Pipeline.php(209): Inertia\Middleware->handle(Object(Illuminate\Http\Request), Object(Closure))
#24 C:\Users\nabra\OneDrive\Desktop\roshyara\xamp\nrna\nrna-eu\app\Http\Middleware\InjectPageMeta.php(65): Illuminate\Pipeline\Pipeline->Illuminate\Pipeline\{closure}(Object(Illuminate\Http\Request))
#25 C:\Users\nabra\OneDrive\Desktop\roshyara\xamp\nrna\nrna-eu\vendor\laravel\framework\src\Illuminate\Pipeline\Pipeline.php(209): App\Http\Middleware\InjectPageMeta->handle(Object(Illuminate\Http\Request), Object(Closure))
#26 C:\Users\nabra\OneDrive\Desktop\roshyara\xamp\nrna\nrna-eu\app\Http\Middleware\SetLocale.php(59): Illuminate\Pipeline\Pipeline->Illuminate\Pipeline\{closure}(Object(Illuminate\Http\Request))
#27 C:\Users\nabra\OneDrive\Desktop\roshyara\xamp\nrna\nrna-eu\vendor\laravel\framework\src\Illuminate\Pipeline\Pipeline.php(209): App\Http\Middleware\SetLocale->handle(Object(Illuminate\Http\Request), Object(Closure))
#28 C:\Users\nabra\OneDrive\Desktop\roshyara\xamp\nrna\nrna-eu\app\Http\Middleware\PreloadAssets.php(12): Illuminate\Pipeline\Pipeline->Illuminate\Pipeline\{closure}(Object(Illuminate\Http\Request))
#29 C:\Users\nabra\OneDrive\Desktop\roshyara\xamp\nrna\nrna-eu\vendor\laravel\framework\src\Illuminate\Pipeline\Pipeline.php(209): App\Http\Middleware\PreloadAssets->handle(Object(Illuminate\Http\Request), Object(Closure))
#30 C:\Users\nabra\OneDrive\Desktop\roshyara\xamp\nrna\nrna-eu\vendor\laravel\framework\src\Illuminate\Routing\Middleware\SubstituteBindings.php(51): Illuminate\Pipeline\Pipeline->Illuminate\Pipeline\{closure}(Object(Illuminate\Http\Request))
#31 C:\Users\nabra\OneDrive\Desktop\roshyara\xamp\nrna\nrna-eu\vendor\laravel\framework\src\Illuminate\Pipeline\Pipeline.php(209): Illuminate\Routing\Middleware\SubstituteBindings->handle(Object(Illuminate\Http\Request), Object(Closure))
#32 C:\Users\nabra\OneDrive\Desktop\roshyara\xamp\nrna\nrna-eu\vendor\laravel\framework\src\Illuminate\Foundation\Http\Middleware\VerifyCsrfToken.php(88): Illuminate\Pipeline\Pipeline->Illuminate\Pipeline\{closure}(Object(Illuminate\Http\Request))
#33 C:\Users\nabra\OneDrive\Desktop\roshyara\xamp\nrna\nrna-eu\vendor\laravel\framework\src\Illuminate\Pipeline\Pipeline.php(209): Illuminate\Foundation\Http\Middleware\VerifyCsrfToken->handle(Object(Illuminate\Http\Request), Object(Closure))
#34 C:\Users\nabra\OneDrive\Desktop\roshyara\xamp\nrna\nrna-eu\vendor\laravel\framework\src\Illuminate\View\Middleware\ShareErrorsFromSession.php(49): Illuminate\Pipeline\Pipeline->Illuminate\Pipeline\{closure}(Object(Illuminate\Http\Request))
#35 C:\Users\nabra\OneDrive\Desktop\roshyara\xamp\nrna\nrna-eu\vendor\laravel\framework\src\Illuminate\Pipeline\Pipeline.php(209): Illuminate\View\Middleware\ShareErrorsFromSession->handle(Object(Illuminate\Http\Request), Object(Closure))
#36 C:\Users\nabra\OneDrive\Desktop\roshyara\xamp\nrna\nrna-eu\vendor\laravel\framework\src\Illuminate\Session\Middleware\StartSession.php(121): Illuminate\Pipeline\Pipeline->Illuminate\Pipeline\{closure}(Object(Illuminate\Http\Request))
#37 C:\Users\nabra\OneDrive\Desktop\roshyara\xamp\nrna\nrna-eu\vendor\laravel\framework\src\Illuminate\Session\Middleware\StartSession.php(64): Illuminate\Session\Middleware\StartSession->handleStatefulRequest(Object(Illuminate\Http\Request), Object(Illuminate\Session\Store), Object(Closure))
#38 C:\Users\nabra\OneDrive\Desktop\roshyara\xamp\nrna\nrna-eu\vendor\laravel\framework\src\Illuminate\Pipeline\Pipeline.php(209): Illuminate\Session\Middleware\StartSession->handle(Object(Illuminate\Http\Request), Object(Closure))
#39 C:\Users\nabra\OneDrive\Desktop\roshyara\xamp\nrna\nrna-eu\vendor\laravel\framework\src\Illuminate\Cookie\Middleware\AddQueuedCookiesToResponse.php(37): Illuminate\Pipeline\Pipeline->Illuminate\Pipeline\{closure}(Object(Illuminate\Http\Request))
#40 C:\Users\nabra\OneDrive\Desktop\roshyara\xamp\nrna\nrna-eu\vendor\laravel\framework\src\Illuminate\Pipeline\Pipeline.php(209): Illuminate\Cookie\Middleware\AddQueuedCookiesToResponse->handle(Object(Illuminate\Http\Request), Object(Closure))
#41 C:\Users\nabra\OneDrive\Desktop\roshyara\xamp\nrna\nrna-eu\vendor\laravel\framework\src\Illuminate\Cookie\Middleware\EncryptCookies.php(75): Illuminate\Pipeline\Pipeline->Illuminate\Pipeline\{closure}(Object(Illuminate\Http\Request))
#42 C:\Users\nabra\OneDrive\Desktop\roshyara\xamp\nrna\nrna-eu\vendor\laravel\framework\src\Illuminate\Pipeline\Pipeline.php(209): Illuminate\Cookie\Middleware\EncryptCookies->handle(Object(Illuminate\Http\Request), Object(Closure))
#43 C:\Users\nabra\OneDrive\Desktop\roshyara\xamp\nrna\nrna-eu\vendor\laravel\framework\src\Illuminate\Pipeline\Pipeline.php(127): Illuminate\Pipeline\Pipeline->Illuminate\Pipeline\{closure}(Object(Illuminate\Http\Request))
#44 C:\Users\nabra\OneDrive\Desktop\roshyara\xamp\nrna\nrna-eu\vendor\laravel\framework\src\Illuminate\Routing\Router.php(807): Illuminate\Pipeline\Pipeline->then(Object(Closure))
#45 C:\Users\nabra\OneDrive\Desktop\roshyara\xamp\nrna\nrna-eu\vendor\laravel\framework\src\Illuminate\Routing\Router.php(786): Illuminate\Routing\Router->runRouteWithinStack(Object(Illuminate\Routing\Route), Object(Illuminate\Http\Request))
#46 C:\Users\nabra\OneDrive\Desktop\roshyara\xamp\nrna\nrna-eu\vendor\laravel\framework\src\Illuminate\Routing\Router.php(750): Illuminate\Routing\Router->runRoute(Object(Illuminate\Http\Request), Object(Illuminate\Routing\Route))
#47 C:\Users\nabra\OneDrive\Desktop\roshyara\xamp\nrna\nrna-eu\vendor\laravel\framework\src\Illuminate\Routing\Router.php(739): Illuminate\Routing\Router->dispatchToRoute(Object(Illuminate\Http\Request))
#48 C:\Users\nabra\OneDrive\Desktop\roshyara\xamp\nrna\nrna-eu\vendor\laravel\framework\src\Illuminate\Foundation\Http\Kernel.php(201): Illuminate\Routing\Router->dispatch(Object(Illuminate\Http\Request))
#49 C:\Users\nabra\OneDrive\Desktop\roshyara\xamp\nrna\nrna-eu\vendor\laravel\framework\src\Illuminate\Pipeline\Pipeline.php(170): Illuminate\Foundation\Http\Kernel->Illuminate\Foundation\Http\{closure}(Object(Illuminate\Http\Request))
#50 C:\Users\nabra\OneDrive\Desktop\roshyara\xamp\nrna\nrna-eu\app\Http\Middleware\TrackPerformance.php(28): Illuminate\Pipeline\Pipeline->Illuminate\Pipeline\{closure}(Object(Illuminate\Http\Request))
#51 C:\Users\nabra\OneDrive\Desktop\roshyara\xamp\nrna\nrna-eu\vendor\laravel\framework\src\Illuminate\Pipeline\Pipeline.php(209): App\Http\Middleware\TrackPerformance->handle(Object(Illuminate\Http\Request), Object(Closure))
#52 C:\Users\nabra\OneDrive\Desktop\roshyara\xamp\nrna\nrna-eu\vendor\laravel\framework\src\Illuminate\Foundation\Http\Middleware\TransformsRequest.php(21): Illuminate\Pipeline\Pipeline->Illuminate\Pipeline\{closure}(Object(Illuminate\Http\Request))
#53 C:\Users\nabra\OneDrive\Desktop\roshyara\xamp\nrna\nrna-eu\vendor\laravel\framework\src\Illuminate\Foundation\Http\Middleware\ConvertEmptyStringsToNull.php(31): Illuminate\Foundation\Http\Middleware\TransformsRequest->handle(Object(Illuminate\Http\Request), Object(Closure))
#54 C:\Users\nabra\OneDrive\Desktop\roshyara\xamp\nrna\nrna-eu\vendor\laravel\framework\src\Illuminate\Pipeline\Pipeline.php(209): Illuminate\Foundation\Http\Middleware\ConvertEmptyStringsToNull->handle(Object(Illuminate\Http\Request), Object(Closure))
#55 C:\Users\nabra\OneDrive\Desktop\roshyara\xamp\nrna\nrna-eu\vendor\laravel\framework\src\Illuminate\Foundation\Http\Middleware\TransformsRequest.php(21): Illuminate\Pipeline\Pipeline->Illuminate\Pipeline\{closure}(Object(Illuminate\Http\Request))
#56 C:\Users\nabra\OneDrive\Desktop\roshyara\xamp\nrna\nrna-eu\vendor\laravel\framework\src\Illuminate\Foundation\Http\Middleware\TrimStrings.php(51): Illuminate\Foundation\Http\Middleware\TransformsRequest->handle(Object(Illuminate\Http\Request), Object(Closure))
#57 C:\Users\nabra\OneDrive\Desktop\roshyara\xamp\nrna\nrna-eu\vendor\laravel\framework\src\Illuminate\Pipeline\Pipeline.php(209): Illuminate\Foundation\Http\Middleware\TrimStrings->handle(Object(Illuminate\Http\Request), Object(Closure))
#58 C:\Users\nabra\OneDrive\Desktop\roshyara\xamp\nrna\nrna-eu\vendor\laravel\framework\src\Illuminate\Http\Middleware\ValidatePostSize.php(27): Illuminate\Pipeline\Pipeline->Illuminate\Pipeline\{closure}(Object(Illuminate\Http\Request))
#59 C:\Users\nabra\OneDrive\Desktop\roshyara\xamp\nrna\nrna-eu\vendor\laravel\framework\src\Illuminate\Pipeline\Pipeline.php(209): Illuminate\Http\Middleware\ValidatePostSize->handle(Object(Illuminate\Http\Request), Object(Closure))
#60 C:\Users\nabra\OneDrive\Desktop\roshyara\xamp\nrna\nrna-eu\vendor\laravel\framework\src\Illuminate\Foundation\Http\Middleware\PreventRequestsDuringMaintenance.php(110): Illuminate\Pipeline\Pipeline->Illuminate\Pipeline\{closure}(Object(Illuminate\Http\Request))
#61 C:\Users\nabra\OneDrive\Desktop\roshyara\xamp\nrna\nrna-eu\vendor\laravel\framework\src\Illuminate\Pipeline\Pipeline.php(209): Illuminate\Foundation\Http\Middleware\PreventRequestsDuringMaintenance->handle(Object(Illuminate\Http\Request), Object(Closure))
#62 C:\Users\nabra\OneDrive\Desktop\roshyara\xamp\nrna\nrna-eu\vendor\laravel\framework\src\Illuminate\Http\Middleware\HandleCors.php(49): Illuminate\Pipeline\Pipeline->Illuminate\Pipeline\{closure}(Object(Illuminate\Http\Request))
#63 C:\Users\nabra\OneDrive\Desktop\roshyara\xamp\nrna\nrna-eu\vendor\laravel\framework\src\Illuminate\Pipeline\Pipeline.php(209): Illuminate\Http\Middleware\HandleCors->handle(Object(Illuminate\Http\Request), Object(Closure))
#64 C:\Users\nabra\OneDrive\Desktop\roshyara\xamp\nrna\nrna-eu\vendor\laravel\framework\src\Illuminate\Http\Middleware\TrustProxies.php(58): Illuminate\Pipeline\Pipeline->Illuminate\Pipeline\{closure}(Object(Illuminate\Http\Request))
#65 C:\Users\nabra\OneDrive\Desktop\roshyara\xamp\nrna\nrna-eu\vendor\laravel\framework\src\Illuminate\Pipeline\Pipeline.php(209): Illuminate\Http\Middleware\TrustProxies->handle(Object(Illuminate\Http\Request), Object(Closure))
#66 C:\Users\nabra\OneDrive\Desktop\roshyara\xamp\nrna\nrna-eu\vendor\laravel\framework\src\Illuminate\Foundation\Http\Middleware\InvokeDeferredCallbacks.php(22): Illuminate\Pipeline\Pipeline->Illuminate\Pipeline\{closure}(Object(Illuminate\Http\Request))
#67 C:\Users\nabra\OneDrive\Desktop\roshyara\xamp\nrna\nrna-eu\vendor\laravel\framework\src\Illuminate\Pipeline\Pipeline.php(209): Illuminate\Foundation\Http\Middleware\InvokeDeferredCallbacks->handle(Object(Illuminate\Http\Request), Object(Closure))
#68 C:\Users\nabra\OneDrive\Desktop\roshyara\xamp\nrna\nrna-eu\vendor\laravel\framework\src\Illuminate\Pipeline\Pipeline.php(127): Illuminate\Pipeline\Pipeline->Illuminate\Pipeline\{closure}(Object(Illuminate\Http\Request))
#69 C:\Users\nabra\OneDrive\Desktop\roshyara\xamp\nrna\nrna-eu\vendor\laravel\framework\src\Illuminate\Foundation\Http\Kernel.php(176): Illuminate\Pipeline\Pipeline->then(Object(Closure))
#70 C:\Users\nabra\OneDrive\Desktop\roshyara\xamp\nrna\nrna-eu\vendor\laravel\framework\src\Illuminate\Foundation\Http\Kernel.php(145): Illuminate\Foundation\Http\Kernel->sendRequestThroughRouter(Object(Illuminate\Http\Request))
#71 C:\Users\nabra\OneDrive\Desktop\roshyara\xamp\nrna\nrna-eu\vendor\laravel\framework\src\Illuminate\Foundation\Testing\Concerns\MakesHttpRequests.php(607): Illuminate\Foundation\Http\Kernel->handle(Object(Illuminate\Http\Request))
#72 C:\Users\nabra\OneDrive\Desktop\roshyara\xamp\nrna\nrna-eu\vendor\laravel\framework\src\Illuminate\Foundation\Testing\Concerns\MakesHttpRequests.php(573): Illuminate\Foundation\Testing\TestCase->call('POST', '/organisations/...', Array, Array, Array, Array, '{"committee_id"...')
#73 C:\Users\nabra\OneDrive\Desktop\roshyara\xamp\nrna\nrna-eu\vendor\laravel\framework\src\Illuminate\Foundation\Testing\Concerns\MakesHttpRequests.php(411): Illuminate\Foundation\Testing\TestCase->json('POST', '/organisations/...', Array, Array, 0)
#74 C:\Users\nabra\OneDrive\Desktop\roshyara\xamp\nrna\nrna-eu\tests\Feature\Contexts\Membership\CommitteeMembershipApplicationTest.php(94): Illuminate\Foundation\Testing\TestCase->postJson('/organisations/...', Array)
#75 C:\Users\nabra\OneDrive\Desktop\roshyara\xamp\nrna\nrna-eu\vendor\phpunit\phpunit\src\Framework\TestCase.php(1235): Tests\Feature\Contexts\Membership\CommitteeMembershipApplicationTest->test_apply_for_committee_membership_exception_with_justification()
#76 C:\Users\nabra\OneDrive\Desktop\roshyara\xamp\nrna\nrna-eu\vendor\phpunit\phpunit\src\Framework\TestCase.php(514): PHPUnit\Framework\TestCase->runTest()
#77 C:\Users\nabra\OneDrive\Desktop\roshyara\xamp\nrna\nrna-eu\vendor\phpunit\phpunit\src\Framework\TestRunner\TestRunner.php(87): PHPUnit\Framework\TestCase->runBare()
#78 C:\Users\nabra\OneDrive\Desktop\roshyara\xamp\nrna\nrna-eu\vendor\phpunit\phpunit\src\Framework\TestCase.php(361): PHPUnit\Framework\TestRunner->run(Object(Tests\Feature\Contexts\Membership\CommitteeMembershipApplicationTest))
#79 C:\Users\nabra\OneDrive\Desktop\roshyara\xamp\nrna\nrna-eu\vendor\phpunit\phpunit\src\Framework\TestSuite.php(369): PHPUnit\Framework\TestCase->run()
#80 C:\Users\nabra\OneDrive\Desktop\roshyara\xamp\nrna\nrna-eu\vendor\phpunit\phpunit\src\Framework\TestSuite.php(369): PHPUnit\Framework\TestSuite->run()
#81 C:\Users\nabra\OneDrive\Desktop\roshyara\xamp\nrna\nrna-eu\vendor\phpunit\phpunit\src\Framework\TestSuite.php(369): PHPUnit\Framework\TestSuite->run()
#82 C:\Users\nabra\OneDrive\Desktop\roshyara\xamp\nrna\nrna-eu\vendor\phpunit\phpunit\src\TextUI\TestRunner.php(64): PHPUnit\Framework\TestSuite->run()
#83 C:\Users\nabra\OneDrive\Desktop\roshyara\xamp\nrna\nrna-eu\vendor\phpunit\phpunit\src\TextUI\Application.php(210): PHPUnit\TextUI\TestRunner->run(Object(PHPUnit\TextUI\Configuration\Configuration), Object(PHPUnit\Runner\ResultCache\DefaultResultCache), Object(PHPUnit\Framework\TestSuite))
#84 C:\Users\nabra\OneDrive\Desktop\roshyara\xamp\nrna\nrna-eu\vendor\phpunit\phpunit\phpunit(104): PHPUnit\TextUI\Application->run(Array)
#85 {main}

----------------------------------------------------------------------------------

App\Contexts\Membership\Application\Membership\ApplyForCommitteeMembership\ApplyForCommitteeMembershipHandler::__construct(): Argument #2 ($lineageRepository) must be of type App\Contexts\Membership\Application\Membership\Ports\MembershipLineageRepositoryPort, Tests\Doubles\FakeEventBus given, called in C:\Users\nabra\OneDrive\Desktop\roshyara\xamp\nrna\nrna-eu\tests\Feature\Contexts\Membership\CommitteeMembershipApplicationTest.php on line 56[39;22m

  at [32mtests\Feature\Contexts\Membership\CommitteeMembershipApplicationTest.php[39m:[32m103[39m
     99▕                 'committee_geopath' => '/2',
    100▕                 'committee_geopath_segments' => json_encode([2]),
    101▕             ]);
    102▕ 
  ➜ 103▕         $response->assertStatus(201)
    104▕             ->assertJsonStructure([
    105▕                 'application_id',
    106▕                 'message',
    107▕             ]);

  [31m────────────────────────────────────────────────────────────────────────────────────────────────────────────────────[39m  
  [41;1m FAILED [49;22m [1mTests\Feature\Contexts\Membership\CommitteeMembershipApplicationTest[22m [90m>[39m apply for committee membership exc…   
[39;1m  Expected response status code [422] but received 500.
Failed asserting that 500 is identical to 422.

The following exception occurred during the last request:

TypeError: App\Contexts\Membership\Application\Membership\ApplyForCommitteeMembership\ApplyForCommitteeMembershipHandler::__construct(): Argument #2 ($lineageRepository) must be of type App\Contexts\Membership\Application\Membership\Ports\MembershipLineageRepositoryPort, Tests\Doubles\FakeEventBus given, called in C:\Users\nabra\OneDrive\Desktop\roshyara\xamp\nrna\nrna-eu\tests\Feature\Contexts\Membership\CommitteeMembershipApplicationTest.php on line 56 and defined in C:\Users\nabra\OneDrive\Desktop\roshyara\xamp\nrna\nrna-eu\app\Contexts\Membership\Application\Membership\ApplyForCommitteeMembership\ApplyForCommitteeMembershipHandler.php:20
Stack trace:
#0 C:\Users\nabra\OneDrive\Desktop\roshyara\xamp\nrna\nrna-eu\tests\Feature\Contexts\Membership\CommitteeMembershipApplicationTest.php(56): App\Contexts\Membership\Application\Membership\ApplyForCommitteeMembership\ApplyForCommitteeMembershipHandler->__construct(Object(Tests\Doubles\InMemoryMembershipApplicationRepository), Object(Tests\Doubles\FakeEventBus), Object(Tests\Doubles\FakeCommitteeEligibilityPolicy))
#1 C:\Users\nabra\OneDrive\Desktop\roshyara\xamp\nrna\nrna-eu\vendor\laravel\framework\src\Illuminate\Container\Container.php(937): Tests\Feature\Contexts\Membership\CommitteeMembershipApplicationTest->Tests\Feature\Contexts\Membership\{closure}(Object(Illuminate\Foundation\Application), Array)
#2 C:\Users\nabra\OneDrive\Desktop\roshyara\xamp\nrna\nrna-eu\vendor\laravel\framework\src\Illuminate\Container\Container.php(819): Illuminate\Container\Container->build(Object(Closure))
#3 C:\Users\nabra\OneDrive\Desktop\roshyara\xamp\nrna\nrna-eu\vendor\laravel\framework\src\Illuminate\Foundation\Application.php(1074): Illuminate\Container\Container->resolve('App\\Contexts\\Me...', Array, true)
#4 C:\Users\nabra\OneDrive\Desktop\roshyara\xamp\nrna\nrna-eu\vendor\laravel\framework\src\Illuminate\Container\Container.php(755): Illuminate\Foundation\Application->resolve('App\\Contexts\\Me...', Array)
#5 C:\Users\nabra\OneDrive\Desktop\roshyara\xamp\nrna\nrna-eu\vendor\laravel\framework\src\Illuminate\Foundation\Application.php(1056): Illuminate\Container\Container->make('App\\Contexts\\Me...', Array)
#6 C:\Users\nabra\OneDrive\Desktop\roshyara\xamp\nrna\nrna-eu\vendor\laravel\framework\src\Illuminate\Container\Container.php(1118): Illuminate\Foundation\Application->make('App\\Contexts\\Me...')
#7 C:\Users\nabra\OneDrive\Desktop\roshyara\xamp\nrna\nrna-eu\vendor\laravel\framework\src\Illuminate\Container\Container.php(1028): Illuminate\Container\Container->resolveClass(Object(ReflectionParameter))
#8 C:\Users\nabra\OneDrive\Desktop\roshyara\xamp\nrna\nrna-eu\vendor\laravel\framework\src\Illuminate\Container\Container.php(979): Illuminate\Container\Container->resolveDependencies(Array)
#9 C:\Users\nabra\OneDrive\Desktop\roshyara\xamp\nrna\nrna-eu\vendor\laravel\framework\src\Illuminate\Container\Container.php(819): Illuminate\Container\Container->build('App\\Contexts\\Me...')
#10 C:\Users\nabra\OneDrive\Desktop\roshyara\xamp\nrna\nrna-eu\vendor\laravel\framework\src\Illuminate\Foundation\Application.php(1074): Illuminate\Container\Container->resolve('App\\Contexts\\Me...', Array, true)
#11 C:\Users\nabra\OneDrive\Desktop\roshyara\xamp\nrna\nrna-eu\vendor\laravel\framework\src\Illuminate\Container\Container.php(755): Illuminate\Foundation\Application->resolve('App\\Contexts\\Me...', Array)
#12 C:\Users\nabra\OneDrive\Desktop\roshyara\xamp\nrna\nrna-eu\vendor\laravel\framework\src\Illuminate\Foundation\Application.php(1056): Illuminate\Container\Container->make('App\\Contexts\\Me...', Array)
#13 C:\Users\nabra\OneDrive\Desktop\roshyara\xamp\nrna\nrna-eu\vendor\laravel\framework\src\Illuminate\Routing\Route.php(285): Illuminate\Foundation\Application->make('App\\Contexts\\Me...')
#14 C:\Users\nabra\OneDrive\Desktop\roshyara\xamp\nrna\nrna-eu\vendor\laravel\framework\src\Illuminate\Routing\Route.php(267): Illuminate\Routing\Route->getController()
#15 C:\Users\nabra\OneDrive\Desktop\roshyara\xamp\nrna\nrna-eu\vendor\laravel\framework\src\Illuminate\Routing\Route.php(212): Illuminate\Routing\Route->runController()
#16 C:\Users\nabra\OneDrive\Desktop\roshyara\xamp\nrna\nrna-eu\vendor\laravel\framework\src\Illuminate\Routing\Router.php(808): Illuminate\Routing\Route->run()
#17 C:\Users\nabra\OneDrive\Desktop\roshyara\xamp\nrna\nrna-eu\vendor\laravel\framework\src\Illuminate\Pipeline\Pipeline.php(170): Illuminate\Routing\Router->Illuminate\Routing\{closure}(Object(Illuminate\Http\Request))
#18 C:\Users\nabra\OneDrive\Desktop\roshyara\xamp\nrna\nrna-eu\vendor\laravel\framework\src\Illuminate\Auth\Middleware\EnsureEmailIsVerified.php(41): Illuminate\Pipeline\Pipeline->Illuminate\Pipeline\{closure}(Object(Illuminate\Http\Request))
#19 C:\Users\nabra\OneDrive\Desktop\roshyara\xamp\nrna\nrna-eu\vendor\laravel\framework\src\Illuminate\Pipeline\Pipeline.php(209): Illuminate\Auth\Middleware\EnsureEmailIsVerified->handle(Object(Illuminate\Http\Request), Object(Closure))
#20 C:\Users\nabra\OneDrive\Desktop\roshyara\xamp\nrna\nrna-eu\vendor\laravel\framework\src\Illuminate\Auth\Middleware\Authenticate.php(64): Illuminate\Pipeline\Pipeline->Illuminate\Pipeline\{closure}(Object(Illuminate\Http\Request))
#21 C:\Users\nabra\OneDrive\Desktop\roshyara\xamp\nrna\nrna-eu\vendor\laravel\framework\src\Illuminate\Pipeline\Pipeline.php(209): Illuminate\Auth\Middleware\Authenticate->handle(Object(Illuminate\Http\Request), Object(Closure))
#22 C:\Users\nabra\OneDrive\Desktop\roshyara\xamp\nrna\nrna-eu\vendor\inertiajs\inertia-laravel\src\Middleware.php(86): Illuminate\Pipeline\Pipeline->Illuminate\Pipeline\{closure}(Object(Illuminate\Http\Request))
#23 C:\Users\nabra\OneDrive\Desktop\roshyara\xamp\nrna\nrna-eu\vendor\laravel\framework\src\Illuminate\Pipeline\Pipeline.php(209): Inertia\Middleware->handle(Object(Illuminate\Http\Request), Object(Closure))
#24 C:\Users\nabra\OneDrive\Desktop\roshyara\xamp\nrna\nrna-eu\app\Http\Middleware\InjectPageMeta.php(65): Illuminate\Pipeline\Pipeline->Illuminate\Pipeline\{closure}(Object(Illuminate\Http\Request))
#25 C:\Users\nabra\OneDrive\Desktop\roshyara\xamp\nrna\nrna-eu\vendor\laravel\framework\src\Illuminate\Pipeline\Pipeline.php(209): App\Http\Middleware\InjectPageMeta->handle(Object(Illuminate\Http\Request), Object(Closure))
#26 C:\Users\nabra\OneDrive\Desktop\roshyara\xamp\nrna\nrna-eu\app\Http\Middleware\SetLocale.php(59): Illuminate\Pipeline\Pipeline->Illuminate\Pipeline\{closure}(Object(Illuminate\Http\Request))
#27 C:\Users\nabra\OneDrive\Desktop\roshyara\xamp\nrna\nrna-eu\vendor\laravel\framework\src\Illuminate\Pipeline\Pipeline.php(209): App\Http\Middleware\SetLocale->handle(Object(Illuminate\Http\Request), Object(Closure))
#28 C:\Users\nabra\OneDrive\Desktop\roshyara\xamp\nrna\nrna-eu\app\Http\Middleware\PreloadAssets.php(12): Illuminate\Pipeline\Pipeline->Illuminate\Pipeline\{closure}(Object(Illuminate\Http\Request))
#29 C:\Users\nabra\OneDrive\Desktop\roshyara\xamp\nrna\nrna-eu\vendor\laravel\framework\src\Illuminate\Pipeline\Pipeline.php(209): App\Http\Middleware\PreloadAssets->handle(Object(Illuminate\Http\Request), Object(Closure))
#30 C:\Users\nabra\OneDrive\Desktop\roshyara\xamp\nrna\nrna-eu\vendor\laravel\framework\src\Illuminate\Routing\Middleware\SubstituteBindings.php(51): Illuminate\Pipeline\Pipeline->Illuminate\Pipeline\{closure}(Object(Illuminate\Http\Request))
#31 C:\Users\nabra\OneDrive\Desktop\roshyara\xamp\nrna\nrna-eu\vendor\laravel\framework\src\Illuminate\Pipeline\Pipeline.php(209): Illuminate\Routing\Middleware\SubstituteBindings->handle(Object(Illuminate\Http\Request), Object(Closure))
#32 C:\Users\nabra\OneDrive\Desktop\roshyara\xamp\nrna\nrna-eu\vendor\laravel\framework\src\Illuminate\Foundation\Http\Middleware\VerifyCsrfToken.php(88): Illuminate\Pipeline\Pipeline->Illuminate\Pipeline\{closure}(Object(Illuminate\Http\Request))
#33 C:\Users\nabra\OneDrive\Desktop\roshyara\xamp\nrna\nrna-eu\vendor\laravel\framework\src\Illuminate\Pipeline\Pipeline.php(209): Illuminate\Foundation\Http\Middleware\VerifyCsrfToken->handle(Object(Illuminate\Http\Request), Object(Closure))
#34 C:\Users\nabra\OneDrive\Desktop\roshyara\xamp\nrna\nrna-eu\vendor\laravel\framework\src\Illuminate\View\Middleware\ShareErrorsFromSession.php(49): Illuminate\Pipeline\Pipeline->Illuminate\Pipeline\{closure}(Object(Illuminate\Http\Request))
#35 C:\Users\nabra\OneDrive\Desktop\roshyara\xamp\nrna\nrna-eu\vendor\laravel\framework\src\Illuminate\Pipeline\Pipeline.php(209): Illuminate\View\Middleware\ShareErrorsFromSession->handle(Object(Illuminate\Http\Request), Object(Closure))
#36 C:\Users\nabra\OneDrive\Desktop\roshyara\xamp\nrna\nrna-eu\vendor\laravel\framework\src\Illuminate\Session\Middleware\StartSession.php(121): Illuminate\Pipeline\Pipeline->Illuminate\Pipeline\{closure}(Object(Illuminate\Http\Request))
#37 C:\Users\nabra\OneDrive\Desktop\roshyara\xamp\nrna\nrna-eu\vendor\laravel\framework\src\Illuminate\Session\Middleware\StartSession.php(64): Illuminate\Session\Middleware\StartSession->handleStatefulRequest(Object(Illuminate\Http\Request), Object(Illuminate\Session\Store), Object(Closure))
#38 C:\Users\nabra\OneDrive\Desktop\roshyara\xamp\nrna\nrna-eu\vendor\laravel\framework\src\Illuminate\Pipeline\Pipeline.php(209): Illuminate\Session\Middleware\StartSession->handle(Object(Illuminate\Http\Request), Object(Closure))
#39 C:\Users\nabra\OneDrive\Desktop\roshyara\xamp\nrna\nrna-eu\vendor\laravel\framework\src\Illuminate\Cookie\Middleware\AddQueuedCookiesToResponse.php(37): Illuminate\Pipeline\Pipeline->Illuminate\Pipeline\{closure}(Object(Illuminate\Http\Request))
#40 C:\Users\nabra\OneDrive\Desktop\roshyara\xamp\nrna\nrna-eu\vendor\laravel\framework\src\Illuminate\Pipeline\Pipeline.php(209): Illuminate\Cookie\Middleware\AddQueuedCookiesToResponse->handle(Object(Illuminate\Http\Request), Object(Closure))
#41 C:\Users\nabra\OneDrive\Desktop\roshyara\xamp\nrna\nrna-eu\vendor\laravel\framework\src\Illuminate\Cookie\Middleware\EncryptCookies.php(75): Illuminate\Pipeline\Pipeline->Illuminate\Pipeline\{closure}(Object(Illuminate\Http\Request))
#42 C:\Users\nabra\OneDrive\Desktop\roshyara\xamp\nrna\nrna-eu\vendor\laravel\framework\src\Illuminate\Pipeline\Pipeline.php(209): Illuminate\Cookie\Middleware\EncryptCookies->handle(Object(Illuminate\Http\Request), Object(Closure))
#43 C:\Users\nabra\OneDrive\Desktop\roshyara\xamp\nrna\nrna-eu\vendor\laravel\framework\src\Illuminate\Pipeline\Pipeline.php(127): Illuminate\Pipeline\Pipeline->Illuminate\Pipeline\{closure}(Object(Illuminate\Http\Request))
#44 C:\Users\nabra\OneDrive\Desktop\roshyara\xamp\nrna\nrna-eu\vendor\laravel\framework\src\Illuminate\Routing\Router.php(807): Illuminate\Pipeline\Pipeline->then(Object(Closure))
#45 C:\Users\nabra\OneDrive\Desktop\roshyara\xamp\nrna\nrna-eu\vendor\laravel\framework\src\Illuminate\Routing\Router.php(786): Illuminate\Routing\Router->runRouteWithinStack(Object(Illuminate\Routing\Route), Object(Illuminate\Http\Request))
#46 C:\Users\nabra\OneDrive\Desktop\roshyara\xamp\nrna\nrna-eu\vendor\laravel\framework\src\Illuminate\Routing\Router.php(750): Illuminate\Routing\Router->runRoute(Object(Illuminate\Http\Request), Object(Illuminate\Routing\Route))
#47 C:\Users\nabra\OneDrive\Desktop\roshyara\xamp\nrna\nrna-eu\vendor\laravel\framework\src\Illuminate\Routing\Router.php(739): Illuminate\Routing\Router->dispatchToRoute(Object(Illuminate\Http\Request))
#48 C:\Users\nabra\OneDrive\Desktop\roshyara\xamp\nrna\nrna-eu\vendor\laravel\framework\src\Illuminate\Foundation\Http\Kernel.php(201): Illuminate\Routing\Router->dispatch(Object(Illuminate\Http\Request))
#49 C:\Users\nabra\OneDrive\Desktop\roshyara\xamp\nrna\nrna-eu\vendor\laravel\framework\src\Illuminate\Pipeline\Pipeline.php(170): Illuminate\Foundation\Http\Kernel->Illuminate\Foundation\Http\{closure}(Object(Illuminate\Http\Request))
#50 C:\Users\nabra\OneDrive\Desktop\roshyara\xamp\nrna\nrna-eu\app\Http\Middleware\TrackPerformance.php(28): Illuminate\Pipeline\Pipeline->Illuminate\Pipeline\{closure}(Object(Illuminate\Http\Request))
#51 C:\Users\nabra\OneDrive\Desktop\roshyara\xamp\nrna\nrna-eu\vendor\laravel\framework\src\Illuminate\Pipeline\Pipeline.php(209): App\Http\Middleware\TrackPerformance->handle(Object(Illuminate\Http\Request), Object(Closure))
#52 C:\Users\nabra\OneDrive\Desktop\roshyara\xamp\nrna\nrna-eu\vendor\laravel\framework\src\Illuminate\Foundation\Http\Middleware\TransformsRequest.php(21): Illuminate\Pipeline\Pipeline->Illuminate\Pipeline\{closure}(Object(Illuminate\Http\Request))
#53 C:\Users\nabra\OneDrive\Desktop\roshyara\xamp\nrna\nrna-eu\vendor\laravel\framework\src\Illuminate\Foundation\Http\Middleware\ConvertEmptyStringsToNull.php(31): Illuminate\Foundation\Http\Middleware\TransformsRequest->handle(Object(Illuminate\Http\Request), Object(Closure))
#54 C:\Users\nabra\OneDrive\Desktop\roshyara\xamp\nrna\nrna-eu\vendor\laravel\framework\src\Illuminate\Pipeline\Pipeline.php(209): Illuminate\Foundation\Http\Middleware\ConvertEmptyStringsToNull->handle(Object(Illuminate\Http\Request), Object(Closure))
#55 C:\Users\nabra\OneDrive\Desktop\roshyara\xamp\nrna\nrna-eu\vendor\laravel\framework\src\Illuminate\Foundation\Http\Middleware\TransformsRequest.php(21): Illuminate\Pipeline\Pipeline->Illuminate\Pipeline\{closure}(Object(Illuminate\Http\Request))
#56 C:\Users\nabra\OneDrive\Desktop\roshyara\xamp\nrna\nrna-eu\vendor\laravel\framework\src\Illuminate\Foundation\Http\Middleware\TrimStrings.php(51): Illuminate\Foundation\Http\Middleware\TransformsRequest->handle(Object(Illuminate\Http\Request), Object(Closure))
#57 C:\Users\nabra\OneDrive\Desktop\roshyara\xamp\nrna\nrna-eu\vendor\laravel\framework\src\Illuminate\Pipeline\Pipeline.php(209): Illuminate\Foundation\Http\Middleware\TrimStrings->handle(Object(Illuminate\Http\Request), Object(Closure))
#58 C:\Users\nabra\OneDrive\Desktop\roshyara\xamp\nrna\nrna-eu\vendor\laravel\framework\src\Illuminate\Http\Middleware\ValidatePostSize.php(27): Illuminate\Pipeline\Pipeline->Illuminate\Pipeline\{closure}(Object(Illuminate\Http\Request))
#59 C:\Users\nabra\OneDrive\Desktop\roshyara\xamp\nrna\nrna-eu\vendor\laravel\framework\src\Illuminate\Pipeline\Pipeline.php(209): Illuminate\Http\Middleware\ValidatePostSize->handle(Object(Illuminate\Http\Request), Object(Closure))
#60 C:\Users\nabra\OneDrive\Desktop\roshyara\xamp\nrna\nrna-eu\vendor\laravel\framework\src\Illuminate\Foundation\Http\Middleware\PreventRequestsDuringMaintenance.php(110): Illuminate\Pipeline\Pipeline->Illuminate\Pipeline\{closure}(Object(Illuminate\Http\Request))
#61 C:\Users\nabra\OneDrive\Desktop\roshyara\xamp\nrna\nrna-eu\vendor\laravel\framework\src\Illuminate\Pipeline\Pipeline.php(209): Illuminate\Foundation\Http\Middleware\PreventRequestsDuringMaintenance->handle(Object(Illuminate\Http\Request), Object(Closure))
#62 C:\Users\nabra\OneDrive\Desktop\roshyara\xamp\nrna\nrna-eu\vendor\laravel\framework\src\Illuminate\Http\Middleware\HandleCors.php(49): Illuminate\Pipeline\Pipeline->Illuminate\Pipeline\{closure}(Object(Illuminate\Http\Request))
#63 C:\Users\nabra\OneDrive\Desktop\roshyara\xamp\nrna\nrna-eu\vendor\laravel\framework\src\Illuminate\Pipeline\Pipeline.php(209): Illuminate\Http\Middleware\HandleCors->handle(Object(Illuminate\Http\Request), Object(Closure))
#64 C:\Users\nabra\OneDrive\Desktop\roshyara\xamp\nrna\nrna-eu\vendor\laravel\framework\src\Illuminate\Http\Middleware\TrustProxies.php(58): Illuminate\Pipeline\Pipeline->Illuminate\Pipeline\{closure}(Object(Illuminate\Http\Request))
#65 C:\Users\nabra\OneDrive\Desktop\roshyara\xamp\nrna\nrna-eu\vendor\laravel\framework\src\Illuminate\Pipeline\Pipeline.php(209): Illuminate\Http\Middleware\TrustProxies->handle(Object(Illuminate\Http\Request), Object(Closure))
#66 C:\Users\nabra\OneDrive\Desktop\roshyara\xamp\nrna\nrna-eu\vendor\laravel\framework\src\Illuminate\Foundation\Http\Middleware\InvokeDeferredCallbacks.php(22): Illuminate\Pipeline\Pipeline->Illuminate\Pipeline\{closure}(Object(Illuminate\Http\Request))
#67 C:\Users\nabra\OneDrive\Desktop\roshyara\xamp\nrna\nrna-eu\vendor\laravel\framework\src\Illuminate\Pipeline\Pipeline.php(209): Illuminate\Foundation\Http\Middleware\InvokeDeferredCallbacks->handle(Object(Illuminate\Http\Request), Object(Closure))
#68 C:\Users\nabra\OneDrive\Desktop\roshyara\xamp\nrna\nrna-eu\vendor\laravel\framework\src\Illuminate\Pipeline\Pipeline.php(127): Illuminate\Pipeline\Pipeline->Illuminate\Pipeline\{closure}(Object(Illuminate\Http\Request))
#69 C:\Users\nabra\OneDrive\Desktop\roshyara\xamp\nrna\nrna-eu\vendor\laravel\framework\src\Illuminate\Foundation\Http\Kernel.php(176): Illuminate\Pipeline\Pipeline->then(Object(Closure))
#70 C:\Users\nabra\OneDrive\Desktop\roshyara\xamp\nrna\nrna-eu\vendor\laravel\framework\src\Illuminate\Foundation\Http\Kernel.php(145): Illuminate\Foundation\Http\Kernel->sendRequestThroughRouter(Object(Illuminate\Http\Request))
#71 C:\Users\nabra\OneDrive\Desktop\roshyara\xamp\nrna\nrna-eu\vendor\laravel\framework\src\Illuminate\Foundation\Testing\Concerns\MakesHttpRequests.php(607): Illuminate\Foundation\Http\Kernel->handle(Object(Illuminate\Http\Request))
#72 C:\Users\nabra\OneDrive\Desktop\roshyara\xamp\nrna\nrna-eu\vendor\laravel\framework\src\Illuminate\Foundation\Testing\Concerns\MakesHttpRequests.php(573): Illuminate\Foundation\Testing\TestCase->call('POST', '/organisations/...', Array, Array, Array, Array, '{"committee_id"...')
#73 C:\Users\nabra\OneDrive\Desktop\roshyara\xamp\nrna\nrna-eu\vendor\laravel\framework\src\Illuminate\Foundation\Testing\Concerns\MakesHttpRequests.php(411): Illuminate\Foundation\Testing\TestCase->json('POST', '/organisations/...', Array, Array, 0)
#74 C:\Users\nabra\OneDrive\Desktop\roshyara\xamp\nrna\nrna-eu\tests\Feature\Contexts\Membership\CommitteeMembershipApplicationTest.php(113): Illuminate\Foundation\Testing\TestCase->postJson('/organisations/...', Array)
#75 C:\Users\nabra\OneDrive\Desktop\roshyara\xamp\nrna\nrna-eu\vendor\phpunit\phpunit\src\Framework\TestCase.php(1235): Tests\Feature\Contexts\Membership\CommitteeMembershipApplicationTest->test_apply_for_committee_membership_exception_without_justification()
#76 C:\Users\nabra\OneDrive\Desktop\roshyara\xamp\nrna\nrna-eu\vendor\phpunit\phpunit\src\Framework\TestCase.php(514): PHPUnit\Framework\TestCase->runTest()
#77 C:\Users\nabra\OneDrive\Desktop\roshyara\xamp\nrna\nrna-eu\vendor\phpunit\phpunit\src\Framework\TestRunner\TestRunner.php(87): PHPUnit\Framework\TestCase->runBare()
#78 C:\Users\nabra\OneDrive\Desktop\roshyara\xamp\nrna\nrna-eu\vendor\phpunit\phpunit\src\Framework\TestCase.php(361): PHPUnit\Framework\TestRunner->run(Object(Tests\Feature\Contexts\Membership\CommitteeMembershipApplicationTest))
#79 C:\Users\nabra\OneDrive\Desktop\roshyara\xamp\nrna\nrna-eu\vendor\phpunit\phpunit\src\Framework\TestSuite.php(369): PHPUnit\Framework\TestCase->run()
#80 C:\Users\nabra\OneDrive\Desktop\roshyara\xamp\nrna\nrna-eu\vendor\phpunit\phpunit\src\Framework\TestSuite.php(369): PHPUnit\Framework\TestSuite->run()
#81 C:\Users\nabra\OneDrive\Desktop\roshyara\xamp\nrna\nrna-eu\vendor\phpunit\phpunit\src\Framework\TestSuite.php(369): PHPUnit\Framework\TestSuite->run()
#82 C:\Users\nabra\OneDrive\Desktop\roshyara\xamp\nrna\nrna-eu\vendor\phpunit\phpunit\src\TextUI\TestRunner.php(64): PHPUnit\Framework\TestSuite->run()
#83 C:\Users\nabra\OneDrive\Desktop\roshyara\xamp\nrna\nrna-eu\vendor\phpunit\phpunit\src\TextUI\Application.php(210): PHPUnit\TextUI\TestRunner->run(Object(PHPUnit\TextUI\Configuration\Configuration), Object(PHPUnit\Runner\ResultCache\DefaultResultCache), Object(PHPUnit\Framework\TestSuite))
#84 C:\Users\nabra\OneDrive\Desktop\roshyara\xamp\nrna\nrna-eu\vendor\phpunit\phpunit\phpunit(104): PHPUnit\TextUI\Application->run(Array)
#85 {main}

----------------------------------------------------------------------------------

App\Contexts\Membership\Application\Membership\ApplyForCommitteeMembership\ApplyForCommitteeMembershipHandler::__construct(): Argument #2 ($lineageRepository) must be of type App\Contexts\Membership\Application\Membership\Ports\MembershipLineageRepositoryPort, Tests\Doubles\FakeEventBus given, called in C:\Users\nabra\OneDrive\Desktop\roshyara\xamp\nrna\nrna-eu\tests\Feature\Contexts\Membership\CommitteeMembershipApplicationTest.php on line 56[39;22m

  at [32mtests\Feature\Contexts\Membership\CommitteeMembershipApplicationTest.php[39m:[32m122[39m
    118▕                 'committee_geopath' => '/2',
    119▕                 'committee_geopath_segments' => json_encode([2]),
    120▕             ]);
    121▕ 
  ➜ 122▕         $response->assertStatus(422)
    123▕             ->assertJsonValidationErrors(['exception_justification']);
    124▕     }
    125▕ 
    126▕     public function test_apply_for_committee_membership_manual(): void

  [31m────────────────────────────────────────────────────────────────────────────────────────────────────────────────────[39m  
  [41;1m FAILED [49;22m [1mTests\Feature\Contexts\Membership\CommitteeMembershipApplicationTest[22m [90m>[39m apply for committee membership man…   
[39;1m  Expected response status code [201] but received 500.
Failed asserting that 500 is identical to 201.

The following exception occurred during the last request:

TypeError: App\Contexts\Membership\Application\Membership\ApplyForCommitteeMembership\ApplyForCommitteeMembershipHandler::__construct(): Argument #2 ($lineageRepository) must be of type App\Contexts\Membership\Application\Membership\Ports\MembershipLineageRepositoryPort, Tests\Doubles\FakeEventBus given, called in C:\Users\nabra\OneDrive\Desktop\roshyara\xamp\nrna\nrna-eu\tests\Feature\Contexts\Membership\CommitteeMembershipApplicationTest.php on line 56 and defined in C:\Users\nabra\OneDrive\Desktop\roshyara\xamp\nrna\nrna-eu\app\Contexts\Membership\Application\Membership\ApplyForCommitteeMembership\ApplyForCommitteeMembershipHandler.php:20
Stack trace:
#0 C:\Users\nabra\OneDrive\Desktop\roshyara\xamp\nrna\nrna-eu\tests\Feature\Contexts\Membership\CommitteeMembershipApplicationTest.php(56): App\Contexts\Membership\Application\Membership\ApplyForCommitteeMembership\ApplyForCommitteeMembershipHandler->__construct(Object(Tests\Doubles\InMemoryMembershipApplicationRepository), Object(Tests\Doubles\FakeEventBus), Object(Tests\Doubles\FakeCommitteeEligibilityPolicy))
#1 C:\Users\nabra\OneDrive\Desktop\roshyara\xamp\nrna\nrna-eu\vendor\laravel\framework\src\Illuminate\Container\Container.php(937): Tests\Feature\Contexts\Membership\CommitteeMembershipApplicationTest->Tests\Feature\Contexts\Membership\{closure}(Object(Illuminate\Foundation\Application), Array)
#2 C:\Users\nabra\OneDrive\Desktop\roshyara\xamp\nrna\nrna-eu\vendor\laravel\framework\src\Illuminate\Container\Container.php(819): Illuminate\Container\Container->build(Object(Closure))
#3 C:\Users\nabra\OneDrive\Desktop\roshyara\xamp\nrna\nrna-eu\vendor\laravel\framework\src\Illuminate\Foundation\Application.php(1074): Illuminate\Container\Container->resolve('App\\Contexts\\Me...', Array, true)
#4 C:\Users\nabra\OneDrive\Desktop\roshyara\xamp\nrna\nrna-eu\vendor\laravel\framework\src\Illuminate\Container\Container.php(755): Illuminate\Foundation\Application->resolve('App\\Contexts\\Me...', Array)
#5 C:\Users\nabra\OneDrive\Desktop\roshyara\xamp\nrna\nrna-eu\vendor\laravel\framework\src\Illuminate\Foundation\Application.php(1056): Illuminate\Container\Container->make('App\\Contexts\\Me...', Array)
#6 C:\Users\nabra\OneDrive\Desktop\roshyara\xamp\nrna\nrna-eu\vendor\laravel\framework\src\Illuminate\Container\Container.php(1118): Illuminate\Foundation\Application->make('App\\Contexts\\Me...')
#7 C:\Users\nabra\OneDrive\Desktop\roshyara\xamp\nrna\nrna-eu\vendor\laravel\framework\src\Illuminate\Container\Container.php(1028): Illuminate\Container\Container->resolveClass(Object(ReflectionParameter))
#8 C:\Users\nabra\OneDrive\Desktop\roshyara\xamp\nrna\nrna-eu\vendor\laravel\framework\src\Illuminate\Container\Container.php(979): Illuminate\Container\Container->resolveDependencies(Array)
#9 C:\Users\nabra\OneDrive\Desktop\roshyara\xamp\nrna\nrna-eu\vendor\laravel\framework\src\Illuminate\Container\Container.php(819): Illuminate\Container\Container->build('App\\Contexts\\Me...')
#10 C:\Users\nabra\OneDrive\Desktop\roshyara\xamp\nrna\nrna-eu\vendor\laravel\framework\src\Illuminate\Foundation\Application.php(1074): Illuminate\Container\Container->resolve('App\\Contexts\\Me...', Array, true)
#11 C:\Users\nabra\OneDrive\Desktop\roshyara\xamp\nrna\nrna-eu\vendor\laravel\framework\src\Illuminate\Container\Container.php(755): Illuminate\Foundation\Application->resolve('App\\Contexts\\Me...', Array)
#12 C:\Users\nabra\OneDrive\Desktop\roshyara\xamp\nrna\nrna-eu\vendor\laravel\framework\src\Illuminate\Foundation\Application.php(1056): Illuminate\Container\Container->make('App\\Contexts\\Me...', Array)
#13 C:\Users\nabra\OneDrive\Desktop\roshyara\xamp\nrna\nrna-eu\vendor\laravel\framework\src\Illuminate\Routing\Route.php(285): Illuminate\Foundation\Application->make('App\\Contexts\\Me...')
#14 C:\Users\nabra\OneDrive\Desktop\roshyara\xamp\nrna\nrna-eu\vendor\laravel\framework\src\Illuminate\Routing\Route.php(267): Illuminate\Routing\Route->getController()
#15 C:\Users\nabra\OneDrive\Desktop\roshyara\xamp\nrna\nrna-eu\vendor\laravel\framework\src\Illuminate\Routing\Route.php(212): Illuminate\Routing\Route->runController()
#16 C:\Users\nabra\OneDrive\Desktop\roshyara\xamp\nrna\nrna-eu\vendor\laravel\framework\src\Illuminate\Routing\Router.php(808): Illuminate\Routing\Route->run()
#17 C:\Users\nabra\OneDrive\Desktop\roshyara\xamp\nrna\nrna-eu\vendor\laravel\framework\src\Illuminate\Pipeline\Pipeline.php(170): Illuminate\Routing\Router->Illuminate\Routing\{closure}(Object(Illuminate\Http\Request))
#18 C:\Users\nabra\OneDrive\Desktop\roshyara\xamp\nrna\nrna-eu\vendor\laravel\framework\src\Illuminate\Auth\Middleware\EnsureEmailIsVerified.php(41): Illuminate\Pipeline\Pipeline->Illuminate\Pipeline\{closure}(Object(Illuminate\Http\Request))
#19 C:\Users\nabra\OneDrive\Desktop\roshyara\xamp\nrna\nrna-eu\vendor\laravel\framework\src\Illuminate\Pipeline\Pipeline.php(209): Illuminate\Auth\Middleware\EnsureEmailIsVerified->handle(Object(Illuminate\Http\Request), Object(Closure))
#20 C:\Users\nabra\OneDrive\Desktop\roshyara\xamp\nrna\nrna-eu\vendor\laravel\framework\src\Illuminate\Auth\Middleware\Authenticate.php(64): Illuminate\Pipeline\Pipeline->Illuminate\Pipeline\{closure}(Object(Illuminate\Http\Request))
#21 C:\Users\nabra\OneDrive\Desktop\roshyara\xamp\nrna\nrna-eu\vendor\laravel\framework\src\Illuminate\Pipeline\Pipeline.php(209): Illuminate\Auth\Middleware\Authenticate->handle(Object(Illuminate\Http\Request), Object(Closure))
#22 C:\Users\nabra\OneDrive\Desktop\roshyara\xamp\nrna\nrna-eu\vendor\inertiajs\inertia-laravel\src\Middleware.php(86): Illuminate\Pipeline\Pipeline->Illuminate\Pipeline\{closure}(Object(Illuminate\Http\Request))
#23 C:\Users\nabra\OneDrive\Desktop\roshyara\xamp\nrna\nrna-eu\vendor\laravel\framework\src\Illuminate\Pipeline\Pipeline.php(209): Inertia\Middleware->handle(Object(Illuminate\Http\Request), Object(Closure))
#24 C:\Users\nabra\OneDrive\Desktop\roshyara\xamp\nrna\nrna-eu\app\Http\Middleware\InjectPageMeta.php(65): Illuminate\Pipeline\Pipeline->Illuminate\Pipeline\{closure}(Object(Illuminate\Http\Request))
#25 C:\Users\nabra\OneDrive\Desktop\roshyara\xamp\nrna\nrna-eu\vendor\laravel\framework\src\Illuminate\Pipeline\Pipeline.php(209): App\Http\Middleware\InjectPageMeta->handle(Object(Illuminate\Http\Request), Object(Closure))
#26 C:\Users\nabra\OneDrive\Desktop\roshyara\xamp\nrna\nrna-eu\app\Http\Middleware\SetLocale.php(59): Illuminate\Pipeline\Pipeline->Illuminate\Pipeline\{closure}(Object(Illuminate\Http\Request))
#27 C:\Users\nabra\OneDrive\Desktop\roshyara\xamp\nrna\nrna-eu\vendor\laravel\framework\src\Illuminate\Pipeline\Pipeline.php(209): App\Http\Middleware\SetLocale->handle(Object(Illuminate\Http\Request), Object(Closure))
#28 C:\Users\nabra\OneDrive\Desktop\roshyara\xamp\nrna\nrna-eu\app\Http\Middleware\PreloadAssets.php(12): Illuminate\Pipeline\Pipeline->Illuminate\Pipeline\{closure}(Object(Illuminate\Http\Request))
#29 C:\Users\nabra\OneDrive\Desktop\roshyara\xamp\nrna\nrna-eu\vendor\laravel\framework\src\Illuminate\Pipeline\Pipeline.php(209): App\Http\Middleware\PreloadAssets->handle(Object(Illuminate\Http\Request), Object(Closure))
#30 C:\Users\nabra\OneDrive\Desktop\roshyara\xamp\nrna\nrna-eu\vendor\laravel\framework\src\Illuminate\Routing\Middleware\SubstituteBindings.php(51): Illuminate\Pipeline\Pipeline->Illuminate\Pipeline\{closure}(Object(Illuminate\Http\Request))
#31 C:\Users\nabra\OneDrive\Desktop\roshyara\xamp\nrna\nrna-eu\vendor\laravel\framework\src\Illuminate\Pipeline\Pipeline.php(209): Illuminate\Routing\Middleware\SubstituteBindings->handle(Object(Illuminate\Http\Request), Object(Closure))
#32 C:\Users\nabra\OneDrive\Desktop\roshyara\xamp\nrna\nrna-eu\vendor\laravel\framework\src\Illuminate\Foundation\Http\Middleware\VerifyCsrfToken.php(88): Illuminate\Pipeline\Pipeline->Illuminate\Pipeline\{closure}(Object(Illuminate\Http\Request))
#33 C:\Users\nabra\OneDrive\Desktop\roshyara\xamp\nrna\nrna-eu\vendor\laravel\framework\src\Illuminate\Pipeline\Pipeline.php(209): Illuminate\Foundation\Http\Middleware\VerifyCsrfToken->handle(Object(Illuminate\Http\Request), Object(Closure))
#34 C:\Users\nabra\OneDrive\Desktop\roshyara\xamp\nrna\nrna-eu\vendor\laravel\framework\src\Illuminate\View\Middleware\ShareErrorsFromSession.php(49): Illuminate\Pipeline\Pipeline->Illuminate\Pipeline\{closure}(Object(Illuminate\Http\Request))
#35 C:\Users\nabra\OneDrive\Desktop\roshyara\xamp\nrna\nrna-eu\vendor\laravel\framework\src\Illuminate\Pipeline\Pipeline.php(209): Illuminate\View\Middleware\ShareErrorsFromSession->handle(Object(Illuminate\Http\Request), Object(Closure))
#36 C:\Users\nabra\OneDrive\Desktop\roshyara\xamp\nrna\nrna-eu\vendor\laravel\framework\src\Illuminate\Session\Middleware\StartSession.php(121): Illuminate\Pipeline\Pipeline->Illuminate\Pipeline\{closure}(Object(Illuminate\Http\Request))
#37 C:\Users\nabra\OneDrive\Desktop\roshyara\xamp\nrna\nrna-eu\vendor\laravel\framework\src\Illuminate\Session\Middleware\StartSession.php(64): Illuminate\Session\Middleware\StartSession->handleStatefulRequest(Object(Illuminate\Http\Request), Object(Illuminate\Session\Store), Object(Closure))
#38 C:\Users\nabra\OneDrive\Desktop\roshyara\xamp\nrna\nrna-eu\vendor\laravel\framework\src\Illuminate\Pipeline\Pipeline.php(209): Illuminate\Session\Middleware\StartSession->handle(Object(Illuminate\Http\Request), Object(Closure))
#39 C:\Users\nabra\OneDrive\Desktop\roshyara\xamp\nrna\nrna-eu\vendor\laravel\framework\src\Illuminate\Cookie\Middleware\AddQueuedCookiesToResponse.php(37): Illuminate\Pipeline\Pipeline->Illuminate\Pipeline\{closure}(Object(Illuminate\Http\Request))
#40 C:\Users\nabra\OneDrive\Desktop\roshyara\xamp\nrna\nrna-eu\vendor\laravel\framework\src\Illuminate\Pipeline\Pipeline.php(209): Illuminate\Cookie\Middleware\AddQueuedCookiesToResponse->handle(Object(Illuminate\Http\Request), Object(Closure))
#41 C:\Users\nabra\OneDrive\Desktop\roshyara\xamp\nrna\nrna-eu\vendor\laravel\framework\src\Illuminate\Cookie\Middleware\EncryptCookies.php(75): Illuminate\Pipeline\Pipeline->Illuminate\Pipeline\{closure}(Object(Illuminate\Http\Request))
#42 C:\Users\nabra\OneDrive\Desktop\roshyara\xamp\nrna\nrna-eu\vendor\laravel\framework\src\Illuminate\Pipeline\Pipeline.php(209): Illuminate\Cookie\Middleware\EncryptCookies->handle(Object(Illuminate\Http\Request), Object(Closure))
#43 C:\Users\nabra\OneDrive\Desktop\roshyara\xamp\nrna\nrna-eu\vendor\laravel\framework\src\Illuminate\Pipeline\Pipeline.php(127): Illuminate\Pipeline\Pipeline->Illuminate\Pipeline\{closure}(Object(Illuminate\Http\Request))
#44 C:\Users\nabra\OneDrive\Desktop\roshyara\xamp\nrna\nrna-eu\vendor\laravel\framework\src\Illuminate\Routing\Router.php(807): Illuminate\Pipeline\Pipeline->then(Object(Closure))
#45 C:\Users\nabra\OneDrive\Desktop\roshyara\xamp\nrna\nrna-eu\vendor\laravel\framework\src\Illuminate\Routing\Router.php(786): Illuminate\Routing\Router->runRouteWithinStack(Object(Illuminate\Routing\Route), Object(Illuminate\Http\Request))
#46 C:\Users\nabra\OneDrive\Desktop\roshyara\xamp\nrna\nrna-eu\vendor\laravel\framework\src\Illuminate\Routing\Router.php(750): Illuminate\Routing\Router->runRoute(Object(Illuminate\Http\Request), Object(Illuminate\Routing\Route))
#47 C:\Users\nabra\OneDrive\Desktop\roshyara\xamp\nrna\nrna-eu\vendor\laravel\framework\src\Illuminate\Routing\Router.php(739): Illuminate\Routing\Router->dispatchToRoute(Object(Illuminate\Http\Request))
#48 C:\Users\nabra\OneDrive\Desktop\roshyara\xamp\nrna\nrna-eu\vendor\laravel\framework\src\Illuminate\Foundation\Http\Kernel.php(201): Illuminate\Routing\Router->dispatch(Object(Illuminate\Http\Request))
#49 C:\Users\nabra\OneDrive\Desktop\roshyara\xamp\nrna\nrna-eu\vendor\laravel\framework\src\Illuminate\Pipeline\Pipeline.php(170): Illuminate\Foundation\Http\Kernel->Illuminate\Foundation\Http\{closure}(Object(Illuminate\Http\Request))
#50 C:\Users\nabra\OneDrive\Desktop\roshyara\xamp\nrna\nrna-eu\app\Http\Middleware\TrackPerformance.php(28): Illuminate\Pipeline\Pipeline->Illuminate\Pipeline\{closure}(Object(Illuminate\Http\Request))
#51 C:\Users\nabra\OneDrive\Desktop\roshyara\xamp\nrna\nrna-eu\vendor\laravel\framework\src\Illuminate\Pipeline\Pipeline.php(209): App\Http\Middleware\TrackPerformance->handle(Object(Illuminate\Http\Request), Object(Closure))
#52 C:\Users\nabra\OneDrive\Desktop\roshyara\xamp\nrna\nrna-eu\vendor\laravel\framework\src\Illuminate\Foundation\Http\Middleware\TransformsRequest.php(21): Illuminate\Pipeline\Pipeline->Illuminate\Pipeline\{closure}(Object(Illuminate\Http\Request))
#53 C:\Users\nabra\OneDrive\Desktop\roshyara\xamp\nrna\nrna-eu\vendor\laravel\framework\src\Illuminate\Foundation\Http\Middleware\ConvertEmptyStringsToNull.php(31): Illuminate\Foundation\Http\Middleware\TransformsRequest->handle(Object(Illuminate\Http\Request), Object(Closure))
#54 C:\Users\nabra\OneDrive\Desktop\roshyara\xamp\nrna\nrna-eu\vendor\laravel\framework\src\Illuminate\Pipeline\Pipeline.php(209): Illuminate\Foundation\Http\Middleware\ConvertEmptyStringsToNull->handle(Object(Illuminate\Http\Request), Object(Closure))
#55 C:\Users\nabra\OneDrive\Desktop\roshyara\xamp\nrna\nrna-eu\vendor\laravel\framework\src\Illuminate\Foundation\Http\Middleware\TransformsRequest.php(21): Illuminate\Pipeline\Pipeline->Illuminate\Pipeline\{closure}(Object(Illuminate\Http\Request))
#56 C:\Users\nabra\OneDrive\Desktop\roshyara\xamp\nrna\nrna-eu\vendor\laravel\framework\src\Illuminate\Foundation\Http\Middleware\TrimStrings.php(51): Illuminate\Foundation\Http\Middleware\TransformsRequest->handle(Object(Illuminate\Http\Request), Object(Closure))
#57 C:\Users\nabra\OneDrive\Desktop\roshyara\xamp\nrna\nrna-eu\vendor\laravel\framework\src\Illuminate\Pipeline\Pipeline.php(209): Illuminate\Foundation\Http\Middleware\TrimStrings->handle(Object(Illuminate\Http\Request), Object(Closure))
#58 C:\Users\nabra\OneDrive\Desktop\roshyara\xamp\nrna\nrna-eu\vendor\laravel\framework\src\Illuminate\Http\Middleware\ValidatePostSize.php(27): Illuminate\Pipeline\Pipeline->Illuminate\Pipeline\{closure}(Object(Illuminate\Http\Request))
#59 C:\Users\nabra\OneDrive\Desktop\roshyara\xamp\nrna\nrna-eu\vendor\laravel\framework\src\Illuminate\Pipeline\Pipeline.php(209): Illuminate\Http\Middleware\ValidatePostSize->handle(Object(Illuminate\Http\Request), Object(Closure))
#60 C:\Users\nabra\OneDrive\Desktop\roshyara\xamp\nrna\nrna-eu\vendor\laravel\framework\src\Illuminate\Foundation\Http\Middleware\PreventRequestsDuringMaintenance.php(110): Illuminate\Pipeline\Pipeline->Illuminate\Pipeline\{closure}(Object(Illuminate\Http\Request))
#61 C:\Users\nabra\OneDrive\Desktop\roshyara\xamp\nrna\nrna-eu\vendor\laravel\framework\src\Illuminate\Pipeline\Pipeline.php(209): Illuminate\Foundation\Http\Middleware\PreventRequestsDuringMaintenance->handle(Object(Illuminate\Http\Request), Object(Closure))
#62 C:\Users\nabra\OneDrive\Desktop\roshyara\xamp\nrna\nrna-eu\vendor\laravel\framework\src\Illuminate\Http\Middleware\HandleCors.php(49): Illuminate\Pipeline\Pipeline->Illuminate\Pipeline\{closure}(Object(Illuminate\Http\Request))
#63 C:\Users\nabra\OneDrive\Desktop\roshyara\xamp\nrna\nrna-eu\vendor\laravel\framework\src\Illuminate\Pipeline\Pipeline.php(209): Illuminate\Http\Middleware\HandleCors->handle(Object(Illuminate\Http\Request), Object(Closure))
#64 C:\Users\nabra\OneDrive\Desktop\roshyara\xamp\nrna\nrna-eu\vendor\laravel\framework\src\Illuminate\Http\Middleware\TrustProxies.php(58): Illuminate\Pipeline\Pipeline->Illuminate\Pipeline\{closure}(Object(Illuminate\Http\Request))
#65 C:\Users\nabra\OneDrive\Desktop\roshyara\xamp\nrna\nrna-eu\vendor\laravel\framework\src\Illuminate\Pipeline\Pipeline.php(209): Illuminate\Http\Middleware\TrustProxies->handle(Object(Illuminate\Http\Request), Object(Closure))
#66 C:\Users\nabra\OneDrive\Desktop\roshyara\xamp\nrna\nrna-eu\vendor\laravel\framework\src\Illuminate\Foundation\Http\Middleware\InvokeDeferredCallbacks.php(22): Illuminate\Pipeline\Pipeline->Illuminate\Pipeline\{closure}(Object(Illuminate\Http\Request))
#67 C:\Users\nabra\OneDrive\Desktop\roshyara\xamp\nrna\nrna-eu\vendor\laravel\framework\src\Illuminate\Pipeline\Pipeline.php(209): Illuminate\Foundation\Http\Middleware\InvokeDeferredCallbacks->handle(Object(Illuminate\Http\Request), Object(Closure))
#68 C:\Users\nabra\OneDrive\Desktop\roshyara\xamp\nrna\nrna-eu\vendor\laravel\framework\src\Illuminate\Pipeline\Pipeline.php(127): Illuminate\Pipeline\Pipeline->Illuminate\Pipeline\{closure}(Object(Illuminate\Http\Request))
#69 C:\Users\nabra\OneDrive\Desktop\roshyara\xamp\nrna\nrna-eu\vendor\laravel\framework\src\Illuminate\Foundation\Http\Kernel.php(176): Illuminate\Pipeline\Pipeline->then(Object(Closure))
#70 C:\Users\nabra\OneDrive\Desktop\roshyara\xamp\nrna\nrna-eu\vendor\laravel\framework\src\Illuminate\Foundation\Http\Kernel.php(145): Illuminate\Foundation\Http\Kernel->sendRequestThroughRouter(Object(Illuminate\Http\Request))
#71 C:\Users\nabra\OneDrive\Desktop\roshyara\xamp\nrna\nrna-eu\vendor\laravel\framework\src\Illuminate\Foundation\Testing\Concerns\MakesHttpRequests.php(607): Illuminate\Foundation\Http\Kernel->handle(Object(Illuminate\Http\Request))
#72 C:\Users\nabra\OneDrive\Desktop\roshyara\xamp\nrna\nrna-eu\vendor\laravel\framework\src\Illuminate\Foundation\Testing\Concerns\MakesHttpRequests.php(573): Illuminate\Foundation\Testing\TestCase->call('POST', '/organisations/...', Array, Array, Array, Array, '{"committee_id"...')
#73 C:\Users\nabra\OneDrive\Desktop\roshyara\xamp\nrna\nrna-eu\vendor\laravel\framework\src\Illuminate\Foundation\Testing\Concerns\MakesHttpRequests.php(411): Illuminate\Foundation\Testing\TestCase->json('POST', '/organisations/...', Array, Array, 0)
#74 C:\Users\nabra\OneDrive\Desktop\roshyara\xamp\nrna\nrna-eu\tests\Feature\Contexts\Membership\CommitteeMembershipApplicationTest.php(129): Illuminate\Foundation\Testing\TestCase->postJson('/organisations/...', Array)
#75 C:\Users\nabra\OneDrive\Desktop\roshyara\xamp\nrna\nrna-eu\vendor\phpunit\phpunit\src\Framework\TestCase.php(1235): Tests\Feature\Contexts\Membership\CommitteeMembershipApplicationTest->test_apply_for_committee_membership_manual()
#76 C:\Users\nabra\OneDrive\Desktop\roshyara\xamp\nrna\nrna-eu\vendor\phpunit\phpunit\src\Framework\TestCase.php(514): PHPUnit\Framework\TestCase->runTest()
#77 C:\Users\nabra\OneDrive\Desktop\roshyara\xamp\nrna\nrna-eu\vendor\phpunit\phpunit\src\Framework\TestRunner\TestRunner.php(87): PHPUnit\Framework\TestCase->runBare()
#78 C:\Users\nabra\OneDrive\Desktop\roshyara\xamp\nrna\nrna-eu\vendor\phpunit\phpunit\src\Framework\TestCase.php(361): PHPUnit\Framework\TestRunner->run(Object(Tests\Feature\Contexts\Membership\CommitteeMembershipApplicationTest))
#79 C:\Users\nabra\OneDrive\Desktop\roshyara\xamp\nrna\nrna-eu\vendor\phpunit\phpunit\src\Framework\TestSuite.php(369): PHPUnit\Framework\TestCase->run()
#80 C:\Users\nabra\OneDrive\Desktop\roshyara\xamp\nrna\nrna-eu\vendor\phpunit\phpunit\src\Framework\TestSuite.php(369): PHPUnit\Framework\TestSuite->run()
#81 C:\Users\nabra\OneDrive\Desktop\roshyara\xamp\nrna\nrna-eu\vendor\phpunit\phpunit\src\Framework\TestSuite.php(369): PHPUnit\Framework\TestSuite->run()
#82 C:\Users\nabra\OneDrive\Desktop\roshyara\xamp\nrna\nrna-eu\vendor\phpunit\phpunit\src\TextUI\TestRunner.php(64): PHPUnit\Framework\TestSuite->run()
#83 C:\Users\nabra\OneDrive\Desktop\roshyara\xamp\nrna\nrna-eu\vendor\phpunit\phpunit\src\TextUI\Application.php(210): PHPUnit\TextUI\TestRunner->run(Object(PHPUnit\TextUI\Configuration\Configuration), Object(PHPUnit\Runner\ResultCache\DefaultResultCache), Object(PHPUnit\Framework\TestSuite))
#84 C:\Users\nabra\OneDrive\Desktop\roshyara\xamp\nrna\nrna-eu\vendor\phpunit\phpunit\phpunit(104): PHPUnit\TextUI\Application->run(Array)
#85 {main}

----------------------------------------------------------------------------------

App\Contexts\Membership\Application\Membership\ApplyForCommitteeMembership\ApplyForCommitteeMembershipHandler::__construct(): Argument #2 ($lineageRepository) must be of type App\Contexts\Membership\Application\Membership\Ports\MembershipLineageRepositoryPort, Tests\Doubles\FakeEventBus given, called in C:\Users\nabra\OneDrive\Desktop\roshyara\xamp\nrna\nrna-eu\tests\Feature\Contexts\Membership\CommitteeMembershipApplicationTest.php on line 56[39;22m

  at [32mtests\Feature\Contexts\Membership\CommitteeMembershipApplicationTest.php[39m:[32m137[39m
    133▕                 'committee_geopath' => '/1',
    134▕                 'committee_geopath_segments' => json_encode([1]),
    135▕             ]);
    136▕ 
  ➜ 137▕         $response->assertStatus(201)
    138▕             ->assertJsonStructure([
    139▕                 'application_id',
    140▕                 'message',
    141▕             ]);

  [31m────────────────────────────────────────────────────────────────────────────────────────────────────────────────────[39m  
  [41;1m FAILED [49;22m [1mTests\Feature\Contexts\Membership\CommitteeMembershipApplicationTest[22m [90m>[39m review application appr… [41;1m TypeError [49;22m  
[39;1m  Tests\Feature\Contexts\Membership\CommitteeMembershipApplicationTest::createMembershipApplication(): Return value must be of type string, null returned[39;22m

  at [32mtests\Feature\Contexts\Membership\CommitteeMembershipApplicationTest.php[39m:[32m226[39m
    222▕                 'committee_geopath' => '/1',
    223▕                 'committee_geopath_segments' => json_encode([1]),
    224▕             ]);
    225▕ 
  ➜ 226▕         return $response->json('application_id');
    227▕     }
    228▕ }
    229▕

  [33m1   [39m[39;1mtests\Feature\Contexts\Membership\CommitteeMembershipApplicationTest.php[39;22m:[39;1m226[39;22m
  [33m2   [39m[39;1mtests\Feature\Contexts\Membership\CommitteeMembershipApplicationTest.php[39;22m:[39;1m146[39;22m

  [31m────────────────────────────────────────────────────────────────────────────────────────────────────────────────────[39m  
  [41;1m FAILED [49;22m [1mTests\Feature\Contexts\Membership\CommitteeMembershipApplicationTest[22m [90m>[39m review application reje… [41;1m TypeError [49;22m  
[39;1m  Tests\Feature\Contexts\Membership\CommitteeMembershipApplicationTest::createMembershipApplication(): Return value must be of type string, null returned[39;22m

  at [32mtests\Feature\Contexts\Membership\CommitteeMembershipApplicationTest.php[39m:[32m226[39m
    222▕                 'committee_geopath' => '/1',
    223▕                 'committee_geopath_segments' => json_encode([1]),
    224▕             ]);
    225▕ 
  ➜ 226▕         return $response->json('application_id');
    227▕     }
    228▕ }
    229▕

  [33m1   [39m[39;1mtests\Feature\Contexts\Membership\CommitteeMembershipApplicationTest.php[39;22m:[39;1m226[39;22m
  [33m2   [39m[39;1mtests\Feature\Contexts\Membership\CommitteeMembershipApplicationTest.php[39;22m:[39;1m170[39;22m

  [31m────────────────────────────────────────────────────────────────────────────────────────────────────────────────────[39m  
  [41;1m FAILED [49;22m [1mTests\Feature\Contribution\ContributionPointsServiceTest[22m [90m>[39m get weekly points sums only cu… [41;1m QueryException [49;22m  
[39;1m  SQLSTATE[25P02]: In failed sql transaction: 7 FEHLER:  aktuelle Transaktion wurde abgebrochen, Befehle werden bis zum Ende der Transaktion ignoriert (Connection: pgsql, SQL: select * from "organisations" where "is_default" = 1 limit 1)[39;22m

  at [32mvendor\laravel\framework\src\Illuminate\Database\Connection.php[39m:[32m825[39m
    821▕                     $this->getName(), $query, $this->prepareBindings($bindings), $e
    822▕                 );
    823▕             }
    824▕ 
  ➜ 825▕             throw new QueryException(
    826▕                 $this->getName(), $query, $this->prepareBindings($bindings), $e
    827▕             );
    828▕         }
    829▕     }

  [33m1   [39m[39;1mvendor\laravel\framework\src\Illuminate\Database\Connection.php[39;22m:[39;1m825[39;22m

  [33m2   [39m[39;1mvendor\laravel\framework\src\Illuminate\Database\Connection.php[39;22m:[39;1m412[39;22m
  [90m    NunoMaduro\Collision\Exceptions\TestException::("SQLSTATE[25P02]: In failed sql transaction: 7 FEHLER:  aktuelle Transaktion wurde abgebrochen, Befehle werden bis zum Ende der Transaktion ignoriert")[39m

  [31m────────────────────────────────────────────────────────────────────────────────────────────────────────────────────[39m  
  [41;1m FAILED [49;22m [1mTests\Feature\Contribution\LeaderboardServiceTest[22m [90m>[39m public users appear with real name     [41;1m QueryException [49;22m  
[39;1m  SQLSTATE[42P01]: Undefined table: 7 FEHLER:  Relation »organisations« existiert nicht
LINE 1: select * from "organisations" where "is_default" = $1 limit ...
                      ^ (Connection: pgsql, SQL: select * from "organisations" where "is_default" = 1 limit 1)[39;22m

  at [32mvendor\laravel\framework\src\Illuminate\Database\Connection.php[39m:[32m825[39m
    821▕                     $this->getName(), $query, $this->prepareBindings($bindings), $e
    822▕                 );
    823▕             }
    824▕ 
  ➜ 825▕             throw new QueryException(
    826▕                 $this->getName(), $query, $this->prepareBindings($bindings), $e
    827▕             );
    828▕         }
    829▕     }

  [33m1   [39m[39;1mvendor\laravel\framework\src\Illuminate\Database\Connection.php[39;22m:[39;1m825[39;22m

  [33m2   [39m[39;1mvendor\laravel\framework\src\Illuminate\Database\Connection.php[39;22m:[39;1m412[39;22m
  [90m    NunoMaduro\Collision\Exceptions\TestException::("SQLSTATE[42P01]: Undefined table: 7 FEHLER:  Relation »organisations« existiert nicht
LINE 1: select * from "organisations" where "is_default" = $1 limit ...
                      ^")[39m

  [31m────────────────────────────────────────────────────────────────────────────────────────────────────────────────────[39m  
  [41;1m FAILED [49;22m [1mTests\Feature\Contribution\LeaderboardServiceTest[22m [90m>[39m anonymous users appear as contributor… [41;1m QueryException [49;22m  
[39;1m  SQLSTATE[42P01]: Undefined table: 7 FEHLER:  Relation »organisations« existiert nicht
LINE 1: select * from "organisations" where "is_default" = $1 limit ...
                      ^ (Connection: pgsql, SQL: select * from "organisations" where "is_default" = 1 limit 1)[39;22m

  at [32mvendor\laravel\framework\src\Illuminate\Database\Connection.php[39m:[32m825[39m
    821▕                     $this->getName(), $query, $this->prepareBindings($bindings), $e
    822▕                 );
    823▕             }
    824▕ 
  ➜ 825▕             throw new QueryException(
    826▕                 $this->getName(), $query, $this->prepareBindings($bindings), $e
    827▕             );
    828▕         }
    829▕     }

  [33m1   [39m[39;1mvendor\laravel\framework\src\Illuminate\Database\Connection.php[39;22m:[39;1m825[39;22m

  [33m2   [39m[39;1mvendor\laravel\framework\src\Illuminate\Database\Connection.php[39;22m:[39;1m412[39;22m
  [90m    NunoMaduro\Collision\Exceptions\TestException::("SQLSTATE[42P01]: Undefined table: 7 FEHLER:  Relation »organisations« existiert nicht
LINE 1: select * from "organisations" where "is_default" = $1 limit ...
                      ^")[39m

  [31m────────────────────────────────────────────────────────────────────────────────────────────────────────────────────[39m  
  [41;1m FAILED [49;22m [1mTests\Feature\Contribution\LeaderboardServiceTest[22m [90m>[39m private users are excluded from leade… [41;1m QueryException [49;22m  
[39;1m  SQLSTATE[42P01]: Undefined table: 7 FEHLER:  Relation »organisations« existiert nicht
LINE 1: select * from "organisations" where "is_default" = $1 limit ...
                      ^ (Connection: pgsql, SQL: select * from "organisations" where "is_default" = 1 limit 1)[39;22m

  at [32mvendor\laravel\framework\src\Illuminate\Database\Connection.php[39m:[32m825[39m
    821▕                     $this->getName(), $query, $this->prepareBindings($bindings), $e
    822▕                 );
    823▕             }
    824▕ 
  ➜ 825▕             throw new QueryException(
    826▕                 $this->getName(), $query, $this->prepareBindings($bindings), $e
    827▕             );
    828▕         }
    829▕     }

  [33m1   [39m[39;1mvendor\laravel\framework\src\Illuminate\Database\Connection.php[39;22m:[39;1m825[39;22m

  [33m2   [39m[39;1mvendor\laravel\framework\src\Illuminate\Database\Connection.php[39;22m:[39;1m412[39;22m
  [90m    NunoMaduro\Collision\Exceptions\TestException::("SQLSTATE[42P01]: Undefined table: 7 FEHLER:  Relation »organisations« existiert nicht
LINE 1: select * from "organisations" where "is_default" = $1 limit ...
                      ^")[39m

  [31m────────────────────────────────────────────────────────────────────────────────────────────────────────────────────[39m  
  [41;1m FAILED [49;22m [1mTests\Feature\Contribution\LeaderboardServiceTest[22m [90m>[39m leaderboard is sorted by total points… [41;1m QueryException [49;22m  
[39;1m  SQLSTATE[42703]: Undefined column: 7 FEHLER:  Spalte »is_committee_member« von Relation »users« existiert nicht
LINE 1: ...", "remember_token", "region", "organisation_id", "is_commit...
                                                             ^ (Connection: pgsql, SQL: insert into "users" ("name", "email", "email_verified_at", "password", "remember_token", "region", "organisation_id", "is_committee_member", "leaderboard_visibility", "id", "updated_at", "created_at") values (Dr. Angela Kirlin, eleanora18@example.org, 2026-05-31 08:46:02, $2y$10$92IXUNpkjO0rOQ5byMi.Ye4oKoEa3Ro9llC/.og/at2.uheWG/igi, ThHS20l1xx, Maryland, c318ae36-16da-4a7b-8c12-149e0059c118, 0, public, a1e8e928-aa1e-4e66-a0ac-2ea2121bf8f2, 2026-05-31 08:46:02, 2026-05-31 08:46:02))[39;22m

  at [32mvendor\laravel\framework\src\Illuminate\Database\Connection.php[39m:[32m825[39m
    821▕                     $this->getName(), $query, $this->prepareBindings($bindings), $e
    822▕                 );
    823▕             }
    824▕ 
  ➜ 825▕             throw new QueryException(
    826▕                 $this->getName(), $query, $this->prepareBindings($bindings), $e
    827▕             );
    828▕         }
    829▕     }

  [33m1   [39m[39;1mvendor\laravel\framework\src\Illuminate\Database\Connection.php[39;22m:[39;1m825[39;22m

  [33m2   [39m[39;1mvendor\laravel\framework\src\Illuminate\Database\Connection.php[39;22m:[39;1m571[39;22m
  [90m    NunoMaduro\Collision\Exceptions\TestException::("SQLSTATE[42703]: Undefined column: 7 FEHLER:  Spalte »is_committee_member« von Relation »users« existiert nicht
LINE 1: ...", "remember_token", "region", "organisation_id", "is_commit...
                                                             ^")[39m

  [31m────────────────────────────────────────────────────────────────────────────────────────────────────────────────────[39m  
  [41;1m FAILED [49;22m [1mTests\Feature\Contribution\LeaderboardServiceTest[22m [90m>[39m leaderboard is scoped to organisation  [41;1m QueryException [49;22m  
[39;1m  SQLSTATE[42703]: Undefined column: 7 FEHLER:  Spalte »uses_full_membership« von Relation »organisations« existiert nicht
LINE 1: ..." ("name", "email", "slug", "type", "is_default", "uses_full...
                                                             ^ (Connection: pgsql, SQL: insert into "organisations" ("name", "email", "slug", "type", "is_default", "uses_full_membership", "address", "representative", "settings", "languages", "id", "updated_at", "created_at") values (Prosacco Group, srobel@wintheiser.org, prosacco-group, tenant, 0, 1, {"street":"72487 Austin Coves Apt. 894","city":"North Wavaton","zip":"35968","country":"DE"}, {"name":"Verona Sporer","role":"Chairman","email":"ylueilwitz@williamson.info"}, [], ["de","en"], a1e8e929-3c52-4150-9410-f78c2b9a6cfc, 2026-05-31 08:46:02, 2026-05-31 08:46:02))[39;22m

  at [32mvendor\laravel\framework\src\Illuminate\Database\Connection.php[39m:[32m825[39m
    821▕                     $this->getName(), $query, $this->prepareBindings($bindings), $e
    822▕                 );
    823▕             }
    824▕ 
  ➜ 825▕             throw new QueryException(
    826▕                 $this->getName(), $query, $this->prepareBindings($bindings), $e
    827▕             );
    828▕         }
    829▕     }

  [33m1   [39m[39;1mvendor\laravel\framework\src\Illuminate\Database\Connection.php[39;22m:[39;1m825[39;22m

  [33m2   [39m[39;1mvendor\laravel\framework\src\Illuminate\Database\Connection.php[39;22m:[39;1m571[39;22m
  [90m    NunoMaduro\Collision\Exceptions\TestException::("SQLSTATE[42703]: Undefined column: 7 FEHLER:  Spalte »uses_full_membership« von Relation »organisations« existiert nicht
LINE 1: ..." ("name", "email", "slug", "type", "is_default", "uses_full...
                                                             ^")[39m

  [31m────────────────────────────────────────────────────────────────────────────────────────────────────────────────────[39m  
  [41;1m FAILED [49;22m [1mTests\Feature\DatabaseIntegrityTest[22m [90m>[39m cannot hard delete organisation with active users    [41;1m QueryException [49;22m  
[39;1m  SQLSTATE[42703]: Undefined column: 7 FEHLER:  Spalte »uses_full_membership« von Relation »organisations« existiert nicht
LINE 1: ..." ("name", "email", "slug", "type", "is_default", "uses_full...
                                                             ^ (Connection: pgsql, SQL: insert into "organisations" ("name", "email", "slug", "type", "is_default", "uses_full_membership", "address", "representative", "settings", "languages", "id", "updated_at", "created_at") values (Beier Inc, garland25@pagac.com, beier-inc, platform, 0, 1, {"street":"232 Towne Knoll Suite 296","city":"Selinafurt","zip":"14739-4988","country":"DE"}, {"name":"Reilly Fadel","role":"Chairman","email":"gkub@ortiz.com"}, [], ["de","en"], a1e8e929-bdee-4520-a890-4c120a8615ec, 2026-05-31 08:46:03, 2026-05-31 08:46:03))[39;22m

  at [32mvendor\laravel\framework\src\Illuminate\Database\Connection.php[39m:[32m825[39m
    821▕                     $this->getName(), $query, $this->prepareBindings($bindings), $e
    822▕                 );
    823▕             }
    824▕ 
  ➜ 825▕             throw new QueryException(
    826▕                 $this->getName(), $query, $this->prepareBindings($bindings), $e
    827▕             );
    828▕         }
    829▕     }

  [33m1   [39m[39;1mvendor\laravel\framework\src\Illuminate\Database\Connection.php[39;22m:[39;1m825[39;22m

  [33m2   [39m[39;1mvendor\laravel\framework\src\Illuminate\Database\Connection.php[39;22m:[39;1m571[39;22m
  [90m    NunoMaduro\Collision\Exceptions\TestException::("SQLSTATE[42703]: Undefined column: 7 FEHLER:  Spalte »uses_full_membership« von Relation »organisations« existiert nicht
LINE 1: ..." ("name", "email", "slug", "type", "is_default", "uses_full...
                                                             ^")[39m

  [31m────────────────────────────────────────────────────────────────────────────────────────────────────────────────────[39m  
  [41;1m FAILED [49;22m [1mTests\Feature\DatabaseIntegrityTest[22m [90m>[39m can hard delete organisation without users           [41;1m QueryException [49;22m  
[39;1m  SQLSTATE[42703]: Undefined column: 7 FEHLER:  Spalte »uses_full_membership« von Relation »organisations« existiert nicht
LINE 1: ..." ("name", "email", "slug", "type", "is_default", "uses_full...
                                                             ^ (Connection: pgsql, SQL: insert into "organisations" ("name", "email", "slug", "type", "is_default", "uses_full_membership", "address", "representative", "settings", "languages", "id", "updated_at", "created_at") values (Jacobson Ltd, cklocko@lowe.biz, jacobson-ltd, platform, 0, 1, {"street":"1760 Stark Grove","city":"Magnoliabury","zip":"16127-1701","country":"DE"}, {"name":"Prof. Velva Feest","role":"Chairman","email":"mbednar@wilderman.org"}, [], ["de","en"], a1e8e92a-1eba-429e-bdb0-824d2a7fedb3, 2026-05-31 08:46:03, 2026-05-31 08:46:03))[39;22m

  at [32mvendor\laravel\framework\src\Illuminate\Database\Connection.php[39m:[32m825[39m
    821▕                     $this->getName(), $query, $this->prepareBindings($bindings), $e
    822▕                 );
    823▕             }
    824▕ 
  ➜ 825▕             throw new QueryException(
    826▕                 $this->getName(), $query, $this->prepareBindings($bindings), $e
    827▕             );
    828▕         }
    829▕     }

  [33m1   [39m[39;1mvendor\laravel\framework\src\Illuminate\Database\Connection.php[39;22m:[39;1m825[39;22m

  [33m2   [39m[39;1mvendor\laravel\framework\src\Illuminate\Database\Connection.php[39;22m:[39;1m571[39;22m
  [90m    NunoMaduro\Collision\Exceptions\TestException::("SQLSTATE[42703]: Undefined column: 7 FEHLER:  Spalte »uses_full_membership« von Relation »organisations« existiert nicht
LINE 1: ..." ("name", "email", "slug", "type", "is_default", "uses_full...
                                                             ^")[39m

  [31m────────────────────────────────────────────────────────────────────────────────────────────────────────────────────[39m  
  [41;1m FAILED [49;22m [1mTests\Feature\DebugCandidacyTest[22m [90m>[39m debug 403                                               [41;1m QueryException [49;22m  
[39;1m  SQLSTATE[42703]: Undefined column: 7 FEHLER:  Spalte »uses_full_membership« von Relation »organisations« existiert nicht
LINE 1: ..." ("name", "email", "slug", "type", "is_default", "uses_full...
                                                             ^ (Connection: pgsql, SQL: insert into "organisations" ("name", "email", "slug", "type", "is_default", "uses_full_membership", "address", "representative", "settings", "languages", "id", "updated_at", "created_at") values (Bayer PLC, marquis.mitchell@roberts.com, bayer-plc, tenant, 0, 1, {"street":"18269 Gilberto Lodge Apt. 076","city":"Port Lauraborough","zip":"90414-2981","country":"DE"}, {"name":"Verna Haley","role":"Chairman","email":"fkoch@hotmail.com"}, [], ["de","en"], a1e8e92a-ef08-4218-84aa-6282de7cf6e2, 2026-05-31 08:46:03, 2026-05-31 08:46:03))[39;22m

  at [32mvendor\laravel\framework\src\Illuminate\Database\Connection.php[39m:[32m825[39m
    821▕                     $this->getName(), $query, $this->prepareBindings($bindings), $e
    822▕                 );
    823▕             }
    824▕ 
  ➜ 825▕             throw new QueryException(
    826▕                 $this->getName(), $query, $this->prepareBindings($bindings), $e
    827▕             );
    828▕         }
    829▕     }

  [33m1   [39m[39;1mvendor\laravel\framework\src\Illuminate\Database\Connection.php[39;22m:[39;1m825[39;22m

  [33m2   [39m[39;1mvendor\laravel\framework\src\Illuminate\Database\Connection.php[39;22m:[39;1m571[39;22m
  [90m    NunoMaduro\Collision\Exceptions\TestException::("SQLSTATE[42703]: Undefined column: 7 FEHLER:  Spalte »uses_full_membership« von Relation »organisations« existiert nicht
LINE 1: ..." ("name", "email", "slug", "type", "is_default", "uses_full...
                                                             ^")[39m

  [31m────────────────────────────────────────────────────────────────────────────────────────────────────────────────────[39m  
  [41;1m FAILED [49;22m [1mTests\Feature\DebugUserFactoryTest[22m [90m>[39m can create user in database                           [41;1m QueryException [49;22m  
[39;1m  SQLSTATE[23502]: Not null violation: 7 FEHLER:  NULL-Wert in Spalte »organisation_id« von Relation »users« verletzt Not-Null-Constraint
DETAIL:  Fehlgeschlagene Zeile enthält (a1e8e92b-fb26-450e-817e-f07257924927, null, Test User, null, test@example.com, null, password, null, 2026-05-31 08:46:04, 2026-05-31 08:46:04, null, null, Test, User, null, null, null, null, null, null, null, null, null, null, null, null, null, anonymous). (Connection: pgsql, SQL: insert into "users" ("name", "email", "password", "first_name", "last_name", "id", "updated_at", "created_at") values (Test User, test@example.com, password, Test, User, a1e8e92b-fb26-450e-817e-f07257924927, 2026-05-31 08:46:04, 2026-05-31 08:46:04))[39;22m

  at [32mvendor\laravel\framework\src\Illuminate\Database\Connection.php[39m:[32m825[39m
    821▕                     $this->getName(), $query, $this->prepareBindings($bindings), $e
    822▕                 );
    823▕             }
    824▕ 
  ➜ 825▕             throw new QueryException(
    826▕                 $this->getName(), $query, $this->prepareBindings($bindings), $e
    827▕             );
    828▕         }
    829▕     }

  [33m1   [39m[39;1mvendor\laravel\framework\src\Illuminate\Database\Connection.php[39;22m:[39;1m825[39;22m

  [33m2   [39m[39;1mvendor\laravel\framework\src\Illuminate\Database\Connection.php[39;22m:[39;1m571[39;22m
  [90m    NunoMaduro\Collision\Exceptions\TestException::("SQLSTATE[23502]: Not null violation: 7 FEHLER:  NULL-Wert in Spalte »organisation_id« von Relation »users« verletzt Not-Null-Constraint
DETAIL:  Fehlgeschlagene Zeile enthält (a1e8e92b-fb26-450e-817e-f07257924927, null, Test User, null, test@example.com, null, password, null, 2026-05-31 08:46:04, 2026-05-31 08:46:04, null, null, Test, User, null, null, null, null, null, null, null, null, null, null, null, null, null, anonymous).")[39m

  [31m────────────────────────────────────────────────────────────────────────────────────────────────────────────────────[39m  
  [41;1m FAILED [49;22m [1mTests\Feature\DebugUserFactoryTest[22m [90m>[39m can create user with factory and save                 [41;1m QueryException [49;22m  
[39;1m  SQLSTATE[42703]: Undefined column: 7 FEHLER:  Spalte »is_committee_member« von Relation »users« existiert nicht
LINE 1: ...", "remember_token", "region", "organisation_id", "is_commit...
                                                             ^ (Connection: pgsql, SQL: insert into "users" ("name", "email", "email_verified_at", "password", "remember_token", "region", "organisation_id", "is_committee_member", "id", "updated_at", "created_at") values (Factory User, factory@example.com, 2026-05-31 08:46:04, $2y$10$92IXUNpkjO0rOQ5byMi.Ye4oKoEa3Ro9llC/.og/at2.uheWG/igi, tnwJ6NkEZZ, Utah, c318ae36-16da-4a7b-8c12-149e0059c118, 0, a1e8e92c-71fa-4e8d-8798-66bd4510b61a, 2026-05-31 08:46:04, 2026-05-31 08:46:04))[39;22m

  at [32mvendor\laravel\framework\src\Illuminate\Database\Connection.php[39m:[32m825[39m
    821▕                     $this->getName(), $query, $this->prepareBindings($bindings), $e
    822▕                 );
    823▕             }
    824▕ 
  ➜ 825▕             throw new QueryException(
    826▕                 $this->getName(), $query, $this->prepareBindings($bindings), $e
    827▕             );
    828▕         }
    829▕     }

  [33m1   [39m[39;1mvendor\laravel\framework\src\Illuminate\Database\Connection.php[39;22m:[39;1m825[39;22m

  [33m2   [39m[39;1mvendor\laravel\framework\src\Illuminate\Database\Connection.php[39;22m:[39;1m571[39;22m
  [90m    NunoMaduro\Collision\Exceptions\TestException::("SQLSTATE[42703]: Undefined column: 7 FEHLER:  Spalte »is_committee_member« von Relation »users« existiert nicht
LINE 1: ...", "remember_token", "region", "organisation_id", "is_commit...
                                                             ^")[39m

  [31m────────────────────────────────────────────────────────────────────────────────────────────────────────────────────[39m  
  [41;1m FAILED [49;22m [1mTests\Feature\DemoAndRealElectionVotingTest[22m [90m>[39m demo vote verification code is generated on… [41;1m QueryException [49;22m  
[39;1m  SQLSTATE[23502]: Not null violation: 7 FEHLER:  NULL-Wert in Spalte »organisation_id« von Relation »elections« verletzt Not-Null-Constraint
DETAIL:  Fehlgeschlagene Zeile enthält (a1e8e92e-9ebf-4876-99f5-9ea837f4addd, null, Demo Election, null, null, demo, planned, null, null, t, null, 2026-05-31 08:46:06, 2026-05-31 08:46:06, null, f, f, 4, null, f, No vote / Abstain, maximum, null, null, 0, null, null, null, block, strict, none, null, null, null, f, null, null, null, f, null, null, null, t, 7, null, f, null, null, f, null, 0, 0, 0, 0, 0, 0, draft, null, null, null, null, null, null, null, null, 0, null, null, null, null, null, null, null, null, null, null, null, ip_count, none, 6, single_code, f, null, null, null, D.2.5, null). (Connection: pgsql, SQL: insert into "elections" ("name", "type", "id", "organisation_id", "updated_at", "created_at") values (Demo Election, demo, a1e8e92e-9ebf-4876-99f5-9ea837f4addd, ?, 2026-05-31 08:46:06, 2026-05-31 08:46:06))[39;22m

  at [32mvendor\laravel\framework\src\Illuminate\Database\Connection.php[39m:[32m825[39m
    821▕                     $this->getName(), $query, $this->prepareBindings($bindings), $e
    822▕                 );
    823▕             }
    824▕ 
  ➜ 825▕             throw new QueryException(
    826▕                 $this->getName(), $query, $this->prepareBindings($bindings), $e
    827▕             );
    828▕         }
    829▕     }

  [33m1   [39m[39;1mvendor\laravel\framework\src\Illuminate\Database\Connection.php[39;22m:[39;1m825[39;22m

  [33m2   [39m[39;1mvendor\laravel\framework\src\Illuminate\Database\Connection.php[39;22m:[39;1m571[39;22m
  [90m    NunoMaduro\Collision\Exceptions\TestException::("SQLSTATE[23502]: Not null violation: 7 FEHLER:  NULL-Wert in Spalte »organisation_id« von Relation »elections« verletzt Not-Null-Constraint
DETAIL:  Fehlgeschlagene Zeile enthält (a1e8e92e-9ebf-4876-99f5-9ea837f4addd, null, Demo Election, null, null, demo, planned, null, null, t, null, 2026-05-31 08:46:06, 2026-05-31 08:46:06, null, f, f, 4, null, f, No vote / Abstain, maximum, null, null, 0, null, null, null, block, strict, none, null, null, null, f, null, null, null, f, null, null, null, t, 7, null, f, null, null, f, null, 0, 0, 0, 0, 0, 0, draft, null, null, null, null, null, null, null, null, 0, null, null, null, null, null, null, null, null, null, null, null, ip_count, none, 6, single_code, f, null, null, null, D.2.5, null).")[39m

  [31m────────────────────────────────────────────────────────────────────────────────────────────────────────────────────[39m  
  [41;1m FAILED [49;22m [1mTests\Feature\DemoAndRealElectionVotingTest[22m [90m>[39m demo vote can be verified by verification c… [41;1m QueryException [49;22m  
[39;1m  SQLSTATE[23502]: Not null violation: 7 FEHLER:  NULL-Wert in Spalte »organisation_id« von Relation »elections« verletzt Not-Null-Constraint
DETAIL:  Fehlgeschlagene Zeile enthält (a1e8e92f-65bb-4156-b296-1a70ac392e8c, null, Demo Election, null, null, demo, planned, null, null, t, null, 2026-05-31 08:46:06, 2026-05-31 08:46:06, null, f, f, 4, null, f, No vote / Abstain, maximum, null, null, 0, null, null, null, block, strict, none, null, null, null, f, null, null, null, f, null, null, null, t, 7, null, f, null, null, f, null, 0, 0, 0, 0, 0, 0, draft, null, null, null, null, null, null, null, null, 0, null, null, null, null, null, null, null, null, null, null, null, ip_count, none, 6, single_code, f, null, null, null, D.2.5, null). (Connection: pgsql, SQL: insert into "elections" ("name", "type", "id", "organisation_id", "updated_at", "created_at") values (Demo Election, demo, a1e8e92f-65bb-4156-b296-1a70ac392e8c, ?, 2026-05-31 08:46:06, 2026-05-31 08:46:06))[39;22m

  at [32mvendor\laravel\framework\src\Illuminate\Database\Connection.php[39m:[32m825[39m
    821▕                     $this->getName(), $query, $this->prepareBindings($bindings), $e
    822▕                 );
    823▕             }
    824▕ 
  ➜ 825▕             throw new QueryException(
    826▕                 $this->getName(), $query, $this->prepareBindings($bindings), $e
    827▕             );
    828▕         }
    829▕     }

  [33m1   [39m[39;1mvendor\laravel\framework\src\Illuminate\Database\Connection.php[39;22m:[39;1m825[39;22m

  [33m2   [39m[39;1mvendor\laravel\framework\src\Illuminate\Database\Connection.php[39;22m:[39;1m571[39;22m
  [90m    NunoMaduro\Collision\Exceptions\TestException::("SQLSTATE[23502]: Not null violation: 7 FEHLER:  NULL-Wert in Spalte »organisation_id« von Relation »elections« verletzt Not-Null-Constraint
DETAIL:  Fehlgeschlagene Zeile enthält (a1e8e92f-65bb-4156-b296-1a70ac392e8c, null, Demo Election, null, null, demo, planned, null, null, t, null, 2026-05-31 08:46:06, 2026-05-31 08:46:06, null, f, f, 4, null, f, No vote / Abstain, maximum, null, null, 0, null, null, null, block, strict, none, null, null, null, f, null, null, null, f, null, null, null, t, 7, null, f, null, null, f, null, 0, 0, 0, 0, 0, 0, draft, null, null, null, null, null, null, null, null, 0, null, null, null, null, null, null, null, null, null, null, null, ip_count, none, 6, single_code, f, null, null, null, D.2.5, null).")[39m

  [31m────────────────────────────────────────────────────────────────────────────────────────────────────────────────────[39m  
  [41;1m FAILED [49;22m [1mTests\Feature\DemoAndRealElectionVotingTest[22m [90m>[39m demo vote verification code is unique per v… [41;1m QueryException [49;22m  
[39;1m  SQLSTATE[23502]: Not null violation: 7 FEHLER:  NULL-Wert in Spalte »organisation_id« von Relation »elections« verletzt Not-Null-Constraint
DETAIL:  Fehlgeschlagene Zeile enthält (a1e8e92f-d81c-4475-a4fc-cba0bbe0eae4, null, Demo Election, null, null, demo, planned, null, null, t, null, 2026-05-31 08:46:07, 2026-05-31 08:46:07, null, f, f, 4, null, f, No vote / Abstain, maximum, null, null, 0, null, null, null, block, strict, none, null, null, null, f, null, null, null, f, null, null, null, t, 7, null, f, null, null, f, null, 0, 0, 0, 0, 0, 0, draft, null, null, null, null, null, null, null, null, 0, null, null, null, null, null, null, null, null, null, null, null, ip_count, none, 6, single_code, f, null, null, null, D.2.5, null). (Connection: pgsql, SQL: insert into "elections" ("name", "type", "id", "organisation_id", "updated_at", "created_at") values (Demo Election, demo, a1e8e92f-d81c-4475-a4fc-cba0bbe0eae4, ?, 2026-05-31 08:46:07, 2026-05-31 08:46:07))[39;22m

  at [32mvendor\laravel\framework\src\Illuminate\Database\Connection.php[39m:[32m825[39m
    821▕                     $this->getName(), $query, $this->prepareBindings($bindings), $e
    822▕                 );
    823▕             }
    824▕ 
  ➜ 825▕             throw new QueryException(
    826▕                 $this->getName(), $query, $this->prepareBindings($bindings), $e
    827▕             );
    828▕         }
    829▕     }

  [33m1   [39m[39;1mvendor\laravel\framework\src\Illuminate\Database\Connection.php[39;22m:[39;1m825[39;22m

  [33m2   [39m[39;1mvendor\laravel\framework\src\Illuminate\Database\Connection.php[39;22m:[39;1m571[39;22m
  [90m    NunoMaduro\Collision\Exceptions\TestException::("SQLSTATE[23502]: Not null violation: 7 FEHLER:  NULL-Wert in Spalte »organisation_id« von Relation »elections« verletzt Not-Null-Constraint
DETAIL:  Fehlgeschlagene Zeile enthält (a1e8e92f-d81c-4475-a4fc-cba0bbe0eae4, null, Demo Election, null, null, demo, planned, null, null, t, null, 2026-05-31 08:46:07, 2026-05-31 08:46:07, null, f, f, 4, null, f, No vote / Abstain, maximum, null, null, 0, null, null, null, block, strict, none, null, null, null, f, null, null, null, f, null, null, null, t, 7, null, f, null, null, f, null, 0, 0, 0, 0, 0, 0, draft, null, null, null, null, null, null, null, null, 0, null, null, null, null, null, null, null, null, null, null, null, ip_count, none, 6, single_code, f, null, null, null, D.2.5, null).")[39m

  [31m────────────────────────────────────────────────────────────────────────────────────────────────────────────────────[39m  
  [41;1m FAILED [49;22m [1mTests\Feature\DemoAndRealElectionVotingTest[22m [90m>[39m demo election allows multiple votes per use… [41;1m QueryException [49;22m  
[39;1m  SQLSTATE[23502]: Not null violation: 7 FEHLER:  NULL-Wert in Spalte »organisation_id« von Relation »elections« verletzt Not-Null-Constraint
DETAIL:  Fehlgeschlagene Zeile enthält (a1e8e930-5239-4c52-86a0-1e0a8f1ef029, null, Demo Election, null, null, demo, planned, null, null, t, null, 2026-05-31 08:46:07, 2026-05-31 08:46:07, null, f, f, 4, null, f, No vote / Abstain, maximum, null, null, 0, null, null, null, block, strict, none, null, null, null, f, null, null, null, f, null, null, null, t, 7, null, f, null, null, f, null, 0, 0, 0, 0, 0, 0, draft, null, null, null, null, null, null, null, null, 0, null, null, null, null, null, null, null, null, null, null, null, ip_count, none, 6, single_code, f, null, null, null, D.2.5, null). (Connection: pgsql, SQL: insert into "elections" ("name", "type", "id", "organisation_id", "updated_at", "created_at") values (Demo Election, demo, a1e8e930-5239-4c52-86a0-1e0a8f1ef029, ?, 2026-05-31 08:46:07, 2026-05-31 08:46:07))[39;22m

  at [32mvendor\laravel\framework\src\Illuminate\Database\Connection.php[39m:[32m825[39m
    821▕                     $this->getName(), $query, $this->prepareBindings($bindings), $e
    822▕                 );
    823▕             }
    824▕ 
  ➜ 825▕             throw new QueryException(
    826▕                 $this->getName(), $query, $this->prepareBindings($bindings), $e
    827▕             );
    828▕         }
    829▕     }

  [33m1   [39m[39;1mvendor\laravel\framework\src\Illuminate\Database\Connection.php[39;22m:[39;1m825[39;22m

  [33m2   [39m[39;1mvendor\laravel\framework\src\Illuminate\Database\Connection.php[39;22m:[39;1m571[39;22m
  [90m    NunoMaduro\Collision\Exceptions\TestException::("SQLSTATE[23502]: Not null violation: 7 FEHLER:  NULL-Wert in Spalte »organisation_id« von Relation »elections« verletzt Not-Null-Constraint
DETAIL:  Fehlgeschlagene Zeile enthält (a1e8e930-5239-4c52-86a0-1e0a8f1ef029, null, Demo Election, null, null, demo, planned, null, null, t, null, 2026-05-31 08:46:07, 2026-05-31 08:46:07, null, f, f, 4, null, f, No vote / Abstain, maximum, null, null, 0, null, null, null, block, strict, none, null, null, null, f, null, null, null, f, null, null, null, t, 7, null, f, null, null, f, null, 0, 0, 0, 0, 0, 0, draft, null, null, null, null, null, null, null, null, 0, null, null, null, null, null, null, null, null, null, null, null, ip_count, none, 6, single_code, f, null, null, null, D.2.5, null).")[39m

  [31m────────────────────────────────────────────────────────────────────────────────────────────────────────────────────[39m  
  [41;1m FAILED [49;22m [1mTests\Feature\DemoAndRealElectionVotingTest[22m [90m>[39m demo votes are stored separately from real…  [41;1m QueryException [49;22m  
[39;1m  SQLSTATE[23502]: Not null violation: 7 FEHLER:  NULL-Wert in Spalte »organisation_id« von Relation »elections« verletzt Not-Null-Constraint
DETAIL:  Fehlgeschlagene Zeile enthält (a1e8e931-34f7-4111-8cbe-4335bad28e24, null, Demo Election, null, null, demo, planned, null, null, t, null, 2026-05-31 08:46:08, 2026-05-31 08:46:08, null, f, f, 4, null, f, No vote / Abstain, maximum, null, null, 0, null, null, null, block, strict, none, null, null, null, f, null, null, null, f, null, null, null, t, 7, null, f, null, null, f, null, 0, 0, 0, 0, 0, 0, draft, null, null, null, null, null, null, null, null, 0, null, null, null, null, null, null, null, null, null, null, null, ip_count, none, 6, single_code, f, null, null, null, D.2.5, null). (Connection: pgsql, SQL: insert into "elections" ("name", "type", "id", "organisation_id", "updated_at", "created_at") values (Demo Election, demo, a1e8e931-34f7-4111-8cbe-4335bad28e24, ?, 2026-05-31 08:46:08, 2026-05-31 08:46:08))[39;22m

  at [32mvendor\laravel\framework\src\Illuminate\Database\Connection.php[39m:[32m825[39m
    821▕                     $this->getName(), $query, $this->prepareBindings($bindings), $e
    822▕                 );
    823▕             }
    824▕ 
  ➜ 825▕             throw new QueryException(
    826▕                 $this->getName(), $query, $this->prepareBindings($bindings), $e
    827▕             );
    828▕         }
    829▕     }

  [33m1   [39m[39;1mvendor\laravel\framework\src\Illuminate\Database\Connection.php[39;22m:[39;1m825[39;22m

  [33m2   [39m[39;1mvendor\laravel\framework\src\Illuminate\Database\Connection.php[39;22m:[39;1m571[39;22m
  [90m    NunoMaduro\Collision\Exceptions\TestException::("SQLSTATE[23502]: Not null violation: 7 FEHLER:  NULL-Wert in Spalte »organisation_id« von Relation »elections« verletzt Not-Null-Constraint
DETAIL:  Fehlgeschlagene Zeile enthält (a1e8e931-34f7-4111-8cbe-4335bad28e24, null, Demo Election, null, null, demo, planned, null, null, t, null, 2026-05-31 08:46:08, 2026-05-31 08:46:08, null, f, f, 4, null, f, No vote / Abstain, maximum, null, null, 0, null, null, null, block, strict, none, null, null, null, f, null, null, null, f, null, null, null, t, 7, null, f, null, null, f, null, 0, 0, 0, 0, 0, 0, draft, null, null, null, null, null, null, null, null, 0, null, null, null, null, null, null, null, null, null, null, null, ip_count, none, 6, single_code, f, null, null, null, D.2.5, null).")[39m

  [31m────────────────────────────────────────────────────────────────────────────────────────────────────────────────────[39m  
  [41;1m FAILED [49;22m [1mTests\Feature\DemoAndRealElectionVotingTest[22m [90m>[39m real election blocks second vote             [41;1m QueryException [49;22m  
[39;1m  SQLSTATE[23502]: Not null violation: 7 FEHLER:  NULL-Wert in Spalte »organisation_id« von Relation »elections« verletzt Not-Null-Constraint
DETAIL:  Fehlgeschlagene Zeile enthält (a1e8e931-a269-45e4-be02-e9d6dcce6238, null, Demo Election, null, null, demo, planned, null, null, t, null, 2026-05-31 08:46:08, 2026-05-31 08:46:08, null, f, f, 4, null, f, No vote / Abstain, maximum, null, null, 0, null, null, null, block, strict, none, null, null, null, f, null, null, null, f, null, null, null, t, 7, null, f, null, null, f, null, 0, 0, 0, 0, 0, 0, draft, null, null, null, null, null, null, null, null, 0, null, null, null, null, null, null, null, null, null, null, null, ip_count, none, 6, single_code, f, null, null, null, D.2.5, null). (Connection: pgsql, SQL: insert into "elections" ("name", "type", "id", "organisation_id", "updated_at", "created_at") values (Demo Election, demo, a1e8e931-a269-45e4-be02-e9d6dcce6238, ?, 2026-05-31 08:46:08, 2026-05-31 08:46:08))[39;22m

  at [32mvendor\laravel\framework\src\Illuminate\Database\Connection.php[39m:[32m825[39m
    821▕                     $this->getName(), $query, $this->prepareBindings($bindings), $e
    822▕                 );
    823▕             }
    824▕ 
  ➜ 825▕             throw new QueryException(
    826▕                 $this->getName(), $query, $this->prepareBindings($bindings), $e
    827▕             );
    828▕         }
    829▕     }

  [33m1   [39m[39;1mvendor\laravel\framework\src\Illuminate\Database\Connection.php[39;22m:[39;1m825[39;22m

  [33m2   [39m[39;1mvendor\laravel\framework\src\Illuminate\Database\Connection.php[39;22m:[39;1m571[39;22m
  [90m    NunoMaduro\Collision\Exceptions\TestException::("SQLSTATE[23502]: Not null violation: 7 FEHLER:  NULL-Wert in Spalte »organisation_id« von Relation »elections« verletzt Not-Null-Constraint
DETAIL:  Fehlgeschlagene Zeile enthält (a1e8e931-a269-45e4-be02-e9d6dcce6238, null, Demo Election, null, null, demo, planned, null, null, t, null, 2026-05-31 08:46:08, 2026-05-31 08:46:08, null, f, f, 4, null, f, No vote / Abstain, maximum, null, null, 0, null, null, null, block, strict, none, null, null, null, f, null, null, null, f, null, null, null, t, 7, null, f, null, null, f, null, 0, 0, 0, 0, 0, 0, draft, null, null, null, null, null, null, null, null, 0, null, null, null, null, null, null, null, null, null, null, null, ip_count, none, 6, single_code, f, null, null, null, D.2.5, null).")[39m

  [31m────────────────────────────────────────────────────────────────────────────────────────────────────────────────────[39m  
  [41;1m FAILED [49;22m [1mTests\Feature\DemoAndRealElectionVotingTest[22m [90m>[39m real election vote has no verification code… [41;1m QueryException [49;22m  
[39;1m  SQLSTATE[23502]: Not null violation: 7 FEHLER:  NULL-Wert in Spalte »organisation_id« von Relation »elections« verletzt Not-Null-Constraint
DETAIL:  Fehlgeschlagene Zeile enthält (a1e8e932-1c46-4865-a55e-5f59984903e1, null, Demo Election, null, null, demo, planned, null, null, t, null, 2026-05-31 08:46:08, 2026-05-31 08:46:08, null, f, f, 4, null, f, No vote / Abstain, maximum, null, null, 0, null, null, null, block, strict, none, null, null, null, f, null, null, null, f, null, null, null, t, 7, null, f, null, null, f, null, 0, 0, 0, 0, 0, 0, draft, null, null, null, null, null, null, null, null, 0, null, null, null, null, null, null, null, null, null, null, null, ip_count, none, 6, single_code, f, null, null, null, D.2.5, null). (Connection: pgsql, SQL: insert into "elections" ("name", "type", "id", "organisation_id", "updated_at", "created_at") values (Demo Election, demo, a1e8e932-1c46-4865-a55e-5f59984903e1, ?, 2026-05-31 08:46:08, 2026-05-31 08:46:08))[39;22m

  at [32mvendor\laravel\framework\src\Illuminate\Database\Connection.php[39m:[32m825[39m
    821▕                     $this->getName(), $query, $this->prepareBindings($bindings), $e
    822▕                 );
    823▕             }
    824▕ 
  ➜ 825▕             throw new QueryException(
    826▕                 $this->getName(), $query, $this->prepareBindings($bindings), $e
    827▕             );
    828▕         }
    829▕     }

  [33m1   [39m[39;1mvendor\laravel\framework\src\Illuminate\Database\Connection.php[39;22m:[39;1m825[39;22m

  [33m2   [39m[39;1mvendor\laravel\framework\src\Illuminate\Database\Connection.php[39;22m:[39;1m571[39;22m
  [90m    NunoMaduro\Collision\Exceptions\TestException::("SQLSTATE[23502]: Not null violation: 7 FEHLER:  NULL-Wert in Spalte »organisation_id« von Relation »elections« verletzt Not-Null-Constraint
DETAIL:  Fehlgeschlagene Zeile enthält (a1e8e932-1c46-4865-a55e-5f59984903e1, null, Demo Election, null, null, demo, planned, null, null, t, null, 2026-05-31 08:46:08, 2026-05-31 08:46:08, null, f, f, 4, null, f, No vote / Abstain, maximum, null, null, 0, null, null, null, block, strict, none, null, null, null, f, null, null, null, f, null, null, null, t, 7, null, f, null, null, f, null, 0, 0, 0, 0, 0, 0, draft, null, null, null, null, null, null, null, null, 0, null, null, null, null, null, null, null, null, null, null, null, ip_count, none, 6, single_code, f, null, null, null, D.2.5, null).")[39m

  [31m────────────────────────────────────────────────────────────────────────────────────────────────────────────────────[39m  
  [41;1m FAILED [49;22m [1mTests\Feature\DemoAndRealElectionVotingTest[22m [90m>[39m real vote verification uses email based cod… [41;1m QueryException [49;22m  
[39;1m  SQLSTATE[23502]: Not null violation: 7 FEHLER:  NULL-Wert in Spalte »organisation_id« von Relation »elections« verletzt Not-Null-Constraint
DETAIL:  Fehlgeschlagene Zeile enthält (a1e8e932-a6bd-4b22-9fc5-613540a4bfad, null, Demo Election, null, null, demo, planned, null, null, t, null, 2026-05-31 08:46:08, 2026-05-31 08:46:08, null, f, f, 4, null, f, No vote / Abstain, maximum, null, null, 0, null, null, null, block, strict, none, null, null, null, f, null, null, null, f, null, null, null, t, 7, null, f, null, null, f, null, 0, 0, 0, 0, 0, 0, draft, null, null, null, null, null, null, null, null, 0, null, null, null, null, null, null, null, null, null, null, null, ip_count, none, 6, single_code, f, null, null, null, D.2.5, null). (Connection: pgsql, SQL: insert into "elections" ("name", "type", "id", "organisation_id", "updated_at", "created_at") values (Demo Election, demo, a1e8e932-a6bd-4b22-9fc5-613540a4bfad, ?, 2026-05-31 08:46:08, 2026-05-31 08:46:08))[39;22m

  at [32mvendor\laravel\framework\src\Illuminate\Database\Connection.php[39m:[32m825[39m
    821▕                     $this->getName(), $query, $this->prepareBindings($bindings), $e
    822▕                 );
    823▕             }
    824▕ 
  ➜ 825▕             throw new QueryException(
    826▕                 $this->getName(), $query, $this->prepareBindings($bindings), $e
    827▕             );
    828▕         }
    829▕     }

  [33m1   [39m[39;1mvendor\laravel\framework\src\Illuminate\Database\Connection.php[39;22m:[39;1m825[39;22m

  [33m2   [39m[39;1mvendor\laravel\framework\src\Illuminate\Database\Connection.php[39;22m:[39;1m571[39;22m
  [90m    NunoMaduro\Collision\Exceptions\TestException::("SQLSTATE[23502]: Not null violation: 7 FEHLER:  NULL-Wert in Spalte »organisation_id« von Relation »elections« verletzt Not-Null-Constraint
DETAIL:  Fehlgeschlagene Zeile enthält (a1e8e932-a6bd-4b22-9fc5-613540a4bfad, null, Demo Election, null, null, demo, planned, null, null, t, null, 2026-05-31 08:46:08, 2026-05-31 08:46:08, null, f, f, 4, null, f, No vote / Abstain, maximum, null, null, 0, null, null, null, block, strict, none, null, null, null, f, null, null, null, f, null, null, null, t, 7, null, f, null, null, f, null, 0, 0, 0, 0, 0, 0, draft, null, null, null, null, null, null, null, null, 0, null, null, null, null, null, null, null, null, null, null, null, ip_count, none, 6, single_code, f, null, null, null, D.2.5, null).")[39m

  [31m────────────────────────────────────────────────────────────────────────────────────────────────────────────────────[39m  
  [41;1m FAILED [49;22m [1mTests\Feature\DemoAndRealElectionVotingTest[22m [90m>[39m demo election voter progresses through 5 st… [41;1m QueryException [49;22m  
[39;1m  SQLSTATE[23502]: Not null violation: 7 FEHLER:  NULL-Wert in Spalte »organisation_id« von Relation »elections« verletzt Not-Null-Constraint
DETAIL:  Fehlgeschlagene Zeile enthält (a1e8e933-4ef6-4ae2-9145-6060fa46c3ca, null, Demo Election, null, null, demo, planned, null, null, t, null, 2026-05-31 08:46:09, 2026-05-31 08:46:09, null, f, f, 4, null, f, No vote / Abstain, maximum, null, null, 0, null, null, null, block, strict, none, null, null, null, f, null, null, null, f, null, null, null, t, 7, null, f, null, null, f, null, 0, 0, 0, 0, 0, 0, draft, null, null, null, null, null, null, null, null, 0, null, null, null, null, null, null, null, null, null, null, null, ip_count, none, 6, single_code, f, null, null, null, D.2.5, null). (Connection: pgsql, SQL: insert into "elections" ("name", "type", "id", "organisation_id", "updated_at", "created_at") values (Demo Election, demo, a1e8e933-4ef6-4ae2-9145-6060fa46c3ca, ?, 2026-05-31 08:46:09, 2026-05-31 08:46:09))[39;22m

  at [32mvendor\laravel\framework\src\Illuminate\Database\Connection.php[39m:[32m825[39m
    821▕                     $this->getName(), $query, $this->prepareBindings($bindings), $e
    822▕                 );
    823▕             }
    824▕ 
  ➜ 825▕             throw new QueryException(
    826▕                 $this->getName(), $query, $this->prepareBindings($bindings), $e
    827▕             );
    828▕         }
    829▕     }

  [33m1   [39m[39;1mvendor\laravel\framework\src\Illuminate\Database\Connection.php[39;22m:[39;1m825[39;22m

  [33m2   [39m[39;1mvendor\laravel\framework\src\Illuminate\Database\Connection.php[39;22m:[39;1m571[39;22m
  [90m    NunoMaduro\Collision\Exceptions\TestException::("SQLSTATE[23502]: Not null violation: 7 FEHLER:  NULL-Wert in Spalte »organisation_id« von Relation »elections« verletzt Not-Null-Constraint
DETAIL:  Fehlgeschlagene Zeile enthält (a1e8e933-4ef6-4ae2-9145-6060fa46c3ca, null, Demo Election, null, null, demo, planned, null, null, t, null, 2026-05-31 08:46:09, 2026-05-31 08:46:09, null, f, f, 4, null, f, No vote / Abstain, maximum, null, null, 0, null, null, null, block, strict, none, null, null, null, f, null, null, null, f, null, null, null, t, 7, null, f, null, null, f, null, 0, 0, 0, 0, 0, 0, draft, null, null, null, null, null, null, null, null, 0, null, null, null, null, null, null, null, null, null, null, null, ip_count, none, 6, single_code, f, null, null, null, D.2.5, null).")[39m

  [31m────────────────────────────────────────────────────────────────────────────────────────────────────────────────────[39m  
  [41;1m FAILED [49;22m [1mTests\Feature\DemoAndRealElectionVotingTest[22m [90m>[39m demo and real elections have separate voter… [41;1m QueryException [49;22m  
[39;1m  SQLSTATE[23502]: Not null violation: 7 FEHLER:  NULL-Wert in Spalte »organisation_id« von Relation »elections« verletzt Not-Null-Constraint
DETAIL:  Fehlgeschlagene Zeile enthält (a1e8e933-d6cd-4df2-b723-cc50ea42a9a9, null, Demo Election, null, null, demo, planned, null, null, t, null, 2026-05-31 08:46:09, 2026-05-31 08:46:09, null, f, f, 4, null, f, No vote / Abstain, maximum, null, null, 0, null, null, null, block, strict, none, null, null, null, f, null, null, null, f, null, null, null, t, 7, null, f, null, null, f, null, 0, 0, 0, 0, 0, 0, draft, null, null, null, null, null, null, null, null, 0, null, null, null, null, null, null, null, null, null, null, null, ip_count, none, 6, single_code, f, null, null, null, D.2.5, null). (Connection: pgsql, SQL: insert into "elections" ("name", "type", "id", "organisation_id", "updated_at", "created_at") values (Demo Election, demo, a1e8e933-d6cd-4df2-b723-cc50ea42a9a9, ?, 2026-05-31 08:46:09, 2026-05-31 08:46:09))[39;22m

  at [32mvendor\laravel\framework\src\Illuminate\Database\Connection.php[39m:[32m825[39m
    821▕                     $this->getName(), $query, $this->prepareBindings($bindings), $e
    822▕                 );
    823▕             }
    824▕ 
  ➜ 825▕             throw new QueryException(
    826▕                 $this->getName(), $query, $this->prepareBindings($bindings), $e
    827▕             );
    828▕         }
    829▕     }

  [33m1   [39m[39;1mvendor\laravel\framework\src\Illuminate\Database\Connection.php[39;22m:[39;1m825[39;22m

  [33m2   [39m[39;1mvendor\laravel\framework\src\Illuminate\Database\Connection.php[39;22m:[39;1m571[39;22m
  [90m    NunoMaduro\Collision\Exceptions\TestException::("SQLSTATE[23502]: Not null violation: 7 FEHLER:  NULL-Wert in Spalte »organisation_id« von Relation »elections« verletzt Not-Null-Constraint
DETAIL:  Fehlgeschlagene Zeile enthält (a1e8e933-d6cd-4df2-b723-cc50ea42a9a9, null, Demo Election, null, null, demo, planned, null, null, t, null, 2026-05-31 08:46:09, 2026-05-31 08:46:09, null, f, f, 4, null, f, No vote / Abstain, maximum, null, null, 0, null, null, null, block, strict, none, null, null, null, f, null, null, null, f, null, null, null, t, 7, null, f, null, null, f, null, 0, 0, 0, 0, 0, 0, draft, null, null, null, null, null, null, null, null, 0, null, null, null, null, null, null, null, null, null, null, null, ip_count, none, 6, single_code, f, null, null, null, D.2.5, null).")[39m

  [31m────────────────────────────────────────────────────────────────────────────────────────────────────────────────────[39m  
  [41;1m FAILED [49;22m [1mTests\Feature\DemoAndRealElectionVotingTest[22m [90m>[39m demo vote verification code can be copied a… [41;1m QueryException [49;22m  
[39;1m  SQLSTATE[23502]: Not null violation: 7 FEHLER:  NULL-Wert in Spalte »organisation_id« von Relation »elections« verletzt Not-Null-Constraint
DETAIL:  Fehlgeschlagene Zeile enthält (a1e8e934-670d-40ee-b380-4ccf8100079a, null, Demo Election, null, null, demo, planned, null, null, t, null, 2026-05-31 08:46:10, 2026-05-31 08:46:10, null, f, f, 4, null, f, No vote / Abstain, maximum, null, null, 0, null, null, null, block, strict, none, null, null, null, f, null, null, null, f, null, null, null, t, 7, null, f, null, null, f, null, 0, 0, 0, 0, 0, 0, draft, null, null, null, null, null, null, null, null, 0, null, null, null, null, null, null, null, null, null, null, null, ip_count, none, 6, single_code, f, null, null, null, D.2.5, null). (Connection: pgsql, SQL: insert into "elections" ("name", "type", "id", "organisation_id", "updated_at", "created_at") values (Demo Election, demo, a1e8e934-670d-40ee-b380-4ccf8100079a, ?, 2026-05-31 08:46:10, 2026-05-31 08:46:10))[39;22m

  at [32mvendor\laravel\framework\src\Illuminate\Database\Connection.php[39m:[32m825[39m
    821▕                     $this->getName(), $query, $this->prepareBindings($bindings), $e
    822▕                 );
    823▕             }
    824▕ 
  ➜ 825▕             throw new QueryException(
    826▕                 $this->getName(), $query, $this->prepareBindings($bindings), $e
    827▕             );
    828▕         }
    829▕     }

  [33m1   [39m[39;1mvendor\laravel\framework\src\Illuminate\Database\Connection.php[39;22m:[39;1m825[39;22m

  [33m2   [39m[39;1mvendor\laravel\framework\src\Illuminate\Database\Connection.php[39;22m:[39;1m571[39;22m
  [90m    NunoMaduro\Collision\Exceptions\TestException::("SQLSTATE[23502]: Not null violation: 7 FEHLER:  NULL-Wert in Spalte »organisation_id« von Relation »elections« verletzt Not-Null-Constraint
DETAIL:  Fehlgeschlagene Zeile enthält (a1e8e934-670d-40ee-b380-4ccf8100079a, null, Demo Election, null, null, demo, planned, null, null, t, null, 2026-05-31 08:46:10, 2026-05-31 08:46:10, null, f, f, 4, null, f, No vote / Abstain, maximum, null, null, 0, null, null, null, block, strict, none, null, null, null, f, null, null, null, f, null, null, null, t, 7, null, f, null, null, f, null, 0, 0, 0, 0, 0, 0, draft, null, null, null, null, null, null, null, null, 0, null, null, null, null, null, null, null, null, null, null, null, ip_count, none, 6, single_code, f, null, null, null, D.2.5, null).")[39m

  [31m────────────────────────────────────────────────────────────────────────────────────────────────────────────────────[39m  
  [41;1m FAILED [49;22m [1mTests\Feature\DemoAndRealElectionVotingTest[22m [90m>[39m demo vote verification code format is hex 3… [41;1m QueryException [49;22m  
[39;1m  SQLSTATE[23502]: Not null violation: 7 FEHLER:  NULL-Wert in Spalte »organisation_id« von Relation »elections« verletzt Not-Null-Constraint
DETAIL:  Fehlgeschlagene Zeile enthält (a1e8e934-f6a7-4223-ad61-6b44ecad5531, null, Demo Election, null, null, demo, planned, null, null, t, null, 2026-05-31 08:46:10, 2026-05-31 08:46:10, null, f, f, 4, null, f, No vote / Abstain, maximum, null, null, 0, null, null, null, block, strict, none, null, null, null, f, null, null, null, f, null, null, null, t, 7, null, f, null, null, f, null, 0, 0, 0, 0, 0, 0, draft, null, null, null, null, null, null, null, null, 0, null, null, null, null, null, null, null, null, null, null, null, ip_count, none, 6, single_code, f, null, null, null, D.2.5, null). (Connection: pgsql, SQL: insert into "elections" ("name", "type", "id", "organisation_id", "updated_at", "created_at") values (Demo Election, demo, a1e8e934-f6a7-4223-ad61-6b44ecad5531, ?, 2026-05-31 08:46:10, 2026-05-31 08:46:10))[39;22m

  at [32mvendor\laravel\framework\src\Illuminate\Database\Connection.php[39m:[32m825[39m
    821▕                     $this->getName(), $query, $this->prepareBindings($bindings), $e
    822▕                 );
    823▕             }
    824▕ 
  ➜ 825▕             throw new QueryException(
    826▕                 $this->getName(), $query, $this->prepareBindings($bindings), $e
    827▕             );
    828▕         }
    829▕     }

  [33m1   [39m[39;1mvendor\laravel\framework\src\Illuminate\Database\Connection.php[39;22m:[39;1m825[39;22m

  [33m2   [39m[39;1mvendor\laravel\framework\src\Illuminate\Database\Connection.php[39;22m:[39;1m571[39;22m
  [90m    NunoMaduro\Collision\Exceptions\TestException::("SQLSTATE[23502]: Not null violation: 7 FEHLER:  NULL-Wert in Spalte »organisation_id« von Relation »elections« verletzt Not-Null-Constraint
DETAIL:  Fehlgeschlagene Zeile enthält (a1e8e934-f6a7-4223-ad61-6b44ecad5531, null, Demo Election, null, null, demo, planned, null, null, t, null, 2026-05-31 08:46:10, 2026-05-31 08:46:10, null, f, f, 4, null, f, No vote / Abstain, maximum, null, null, 0, null, null, null, block, strict, none, null, null, null, f, null, null, null, f, null, null, null, t, 7, null, f, null, null, f, null, 0, 0, 0, 0, 0, 0, draft, null, null, null, null, null, null, null, null, 0, null, null, null, null, null, null, null, null, null, null, null, ip_count, none, 6, single_code, f, null, null, null, D.2.5, null).")[39m

  [31m────────────────────────────────────────────────────────────────────────────────────────────────────────────────────[39m  
  [41;1m FAILED [49;22m [1mTests\Feature\DemoAndRealElectionVotingTest[22m [90m>[39m demo election type is correctly identified   [41;1m QueryException [49;22m  
[39;1m  SQLSTATE[23502]: Not null violation: 7 FEHLER:  NULL-Wert in Spalte »organisation_id« von Relation »elections« verletzt Not-Null-Constraint
DETAIL:  Fehlgeschlagene Zeile enthält (a1e8e935-769b-4b2e-a812-ffbe1787eed8, null, Demo Election, null, null, demo, planned, null, null, t, null, 2026-05-31 08:46:10, 2026-05-31 08:46:10, null, f, f, 4, null, f, No vote / Abstain, maximum, null, null, 0, null, null, null, block, strict, none, null, null, null, f, null, null, null, f, null, null, null, t, 7, null, f, null, null, f, null, 0, 0, 0, 0, 0, 0, draft, null, null, null, null, null, null, null, null, 0, null, null, null, null, null, null, null, null, null, null, null, ip_count, none, 6, single_code, f, null, null, null, D.2.5, null). (Connection: pgsql, SQL: insert into "elections" ("name", "type", "id", "organisation_id", "updated_at", "created_at") values (Demo Election, demo, a1e8e935-769b-4b2e-a812-ffbe1787eed8, ?, 2026-05-31 08:46:10, 2026-05-31 08:46:10))[39;22m

  at [32mvendor\laravel\framework\src\Illuminate\Database\Connection.php[39m:[32m825[39m
    821▕                     $this->getName(), $query, $this->prepareBindings($bindings), $e
    822▕                 );
    823▕             }
    824▕ 
  ➜ 825▕             throw new QueryException(
    826▕                 $this->getName(), $query, $this->prepareBindings($bindings), $e
    827▕             );
    828▕         }
    829▕     }

  [33m1   [39m[39;1mvendor\laravel\framework\src\Illuminate\Database\Connection.php[39;22m:[39;1m825[39;22m

  [33m2   [39m[39;1mvendor\laravel\framework\src\Illuminate\Database\Connection.php[39;22m:[39;1m571[39;22m
  [90m    NunoMaduro\Collision\Exceptions\TestException::("SQLSTATE[23502]: Not null violation: 7 FEHLER:  NULL-Wert in Spalte »organisation_id« von Relation »elections« verletzt Not-Null-Constraint
DETAIL:  Fehlgeschlagene Zeile enthält (a1e8e935-769b-4b2e-a812-ffbe1787eed8, null, Demo Election, null, null, demo, planned, null, null, t, null, 2026-05-31 08:46:10, 2026-05-31 08:46:10, null, f, f, 4, null, f, No vote / Abstain, maximum, null, null, 0, null, null, null, block, strict, none, null, null, null, f, null, null, null, f, null, null, null, t, 7, null, f, null, null, f, null, 0, 0, 0, 0, 0, 0, draft, null, null, null, null, null, null, null, null, 0, null, null, null, null, null, null, null, null, null, null, null, ip_count, none, 6, single_code, f, null, null, null, D.2.5, null).")[39m

  [31m────────────────────────────────────────────────────────────────────────────────────────────────────────────────────[39m  
  [41;1m FAILED [49;22m [1mTests\Feature\DemoAndRealElectionVotingTest[22m [90m>[39m real election type is correctly identified   [41;1m QueryException [49;22m  
[39;1m  SQLSTATE[23502]: Not null violation: 7 FEHLER:  NULL-Wert in Spalte »organisation_id« von Relation »elections« verletzt Not-Null-Constraint
DETAIL:  Fehlgeschlagene Zeile enthält (a1e8e936-021b-46d1-8459-e6b541d60b1b, null, Demo Election, null, null, demo, planned, null, null, t, null, 2026-05-31 08:46:11, 2026-05-31 08:46:11, null, f, f, 4, null, f, No vote / Abstain, maximum, null, null, 0, null, null, null, block, strict, none, null, null, null, f, null, null, null, f, null, null, null, t, 7, null, f, null, null, f, null, 0, 0, 0, 0, 0, 0, draft, null, null, null, null, null, null, null, null, 0, null, null, null, null, null, null, null, null, null, null, null, ip_count, none, 6, single_code, f, null, null, null, D.2.5, null). (Connection: pgsql, SQL: insert into "elections" ("name", "type", "id", "organisation_id", "updated_at", "created_at") values (Demo Election, demo, a1e8e936-021b-46d1-8459-e6b541d60b1b, ?, 2026-05-31 08:46:11, 2026-05-31 08:46:11))[39;22m

  at [32mvendor\laravel\framework\src\Illuminate\Database\Connection.php[39m:[32m825[39m
    821▕                     $this->getName(), $query, $this->prepareBindings($bindings), $e
    822▕                 );
    823▕             }
    824▕ 
  ➜ 825▕             throw new QueryException(
    826▕                 $this->getName(), $query, $this->prepareBindings($bindings), $e
    827▕             );
    828▕         }
    829▕     }

  [33m1   [39m[39;1mvendor\laravel\framework\src\Illuminate\Database\Connection.php[39;22m:[39;1m825[39;22m

  [33m2   [39m[39;1mvendor\laravel\framework\src\Illuminate\Database\Connection.php[39;22m:[39;1m571[39;22m
  [90m    NunoMaduro\Collision\Exceptions\TestException::("SQLSTATE[23502]: Not null violation: 7 FEHLER:  NULL-Wert in Spalte »organisation_id« von Relation »elections« verletzt Not-Null-Constraint
DETAIL:  Fehlgeschlagene Zeile enthält (a1e8e936-021b-46d1-8459-e6b541d60b1b, null, Demo Election, null, null, demo, planned, null, null, t, null, 2026-05-31 08:46:11, 2026-05-31 08:46:11, null, f, f, 4, null, f, No vote / Abstain, maximum, null, null, 0, null, null, null, block, strict, none, null, null, null, f, null, null, null, f, null, null, null, t, 7, null, f, null, null, f, null, 0, 0, 0, 0, 0, 0, draft, null, null, null, null, null, null, null, null, 0, null, null, null, null, null, null, null, null, null, null, null, ip_count, none, 6, single_code, f, null, null, null, D.2.5, null).")[39m

  [31m────────────────────────────────────────────────────────────────────────────────────────────────────────────────────[39m  
  [41;1m FAILED [49;22m [1mTests\Feature\DemoAndRealElectionVotingTest[22m [90m>[39m votes belong to correct election type        [41;1m QueryException [49;22m  
[39;1m  SQLSTATE[23502]: Not null violation: 7 FEHLER:  NULL-Wert in Spalte »organisation_id« von Relation »elections« verletzt Not-Null-Constraint
DETAIL:  Fehlgeschlagene Zeile enthält (a1e8e936-81b4-4c6b-9b9a-6cff3a0fe320, null, Demo Election, null, null, demo, planned, null, null, t, null, 2026-05-31 08:46:11, 2026-05-31 08:46:11, null, f, f, 4, null, f, No vote / Abstain, maximum, null, null, 0, null, null, null, block, strict, none, null, null, null, f, null, null, null, f, null, null, null, t, 7, null, f, null, null, f, null, 0, 0, 0, 0, 0, 0, draft, null, null, null, null, null, null, null, null, 0, null, null, null, null, null, null, null, null, null, null, null, ip_count, none, 6, single_code, f, null, null, null, D.2.5, null). (Connection: pgsql, SQL: insert into "elections" ("name", "type", "id", "organisation_id", "updated_at", "created_at") values (Demo Election, demo, a1e8e936-81b4-4c6b-9b9a-6cff3a0fe320, ?, 2026-05-31 08:46:11, 2026-05-31 08:46:11))[39;22m

  at [32mvendor\laravel\framework\src\Illuminate\Database\Connection.php[39m:[32m825[39m
    821▕                     $this->getName(), $query, $this->prepareBindings($bindings), $e
    822▕                 );
    823▕             }
    824▕ 
  ➜ 825▕             throw new QueryException(
    826▕                 $this->getName(), $query, $this->prepareBindings($bindings), $e
    827▕             );
    828▕         }
    829▕     }

  [33m1   [39m[39;1mvendor\laravel\framework\src\Illuminate\Database\Connection.php[39;22m:[39;1m825[39;22m

  [33m2   [39m[39;1mvendor\laravel\framework\src\Illuminate\Database\Connection.php[39;22m:[39;1m571[39;22m
  [90m    NunoMaduro\Collision\Exceptions\TestException::("SQLSTATE[23502]: Not null violation: 7 FEHLER:  NULL-Wert in Spalte »organisation_id« von Relation »elections« verletzt Not-Null-Constraint
DETAIL:  Fehlgeschlagene Zeile enthält (a1e8e936-81b4-4c6b-9b9a-6cff3a0fe320, null, Demo Election, null, null, demo, planned, null, null, t, null, 2026-05-31 08:46:11, 2026-05-31 08:46:11, null, f, f, 4, null, f, No vote / Abstain, maximum, null, null, 0, null, null, null, block, strict, none, null, null, null, f, null, null, null, f, null, null, null, t, 7, null, f, null, null, f, null, 0, 0, 0, 0, 0, 0, draft, null, null, null, null, null, null, null, null, 0, null, null, null, null, null, null, null, null, null, null, null, ip_count, none, 6, single_code, f, null, null, null, D.2.5, null).")[39m

  [31m────────────────────────────────────────────────────────────────────────────────────────────────────────────────────[39m  
  [41;1m FAILED [49;22m [1mTests\Feature\DemoAndRealElectionVotingTest[22m [90m>[39m demo vote stores all candidate selections    [41;1m QueryException [49;22m  
[39;1m  SQLSTATE[23502]: Not null violation: 7 FEHLER:  NULL-Wert in Spalte »organisation_id« von Relation »elections« verletzt Not-Null-Constraint
DETAIL:  Fehlgeschlagene Zeile enthält (a1e8e937-8e96-4575-bc94-2de017eda92b, null, Demo Election, null, null, demo, planned, null, null, t, null, 2026-05-31 08:46:12, 2026-05-31 08:46:12, null, f, f, 4, null, f, No vote / Abstain, maximum, null, null, 0, null, null, null, block, strict, none, null, null, null, f, null, null, null, f, null, null, null, t, 7, null, f, null, null, f, null, 0, 0, 0, 0, 0, 0, draft, null, null, null, null, null, null, null, null, 0, null, null, null, null, null, null, null, null, null, null, null, ip_count, none, 6, single_code, f, null, null, null, D.2.5, null). (Connection: pgsql, SQL: insert into "elections" ("name", "type", "id", "organisation_id", "updated_at", "created_at") values (Demo Election, demo, a1e8e937-8e96-4575-bc94-2de017eda92b, ?, 2026-05-31 08:46:12, 2026-05-31 08:46:12))[39;22m

  at [32mvendor\laravel\framework\src\Illuminate\Database\Connection.php[39m:[32m825[39m
    821▕                     $this->getName(), $query, $this->prepareBindings($bindings), $e
    822▕                 );
    823▕             }
    824▕ 
  ➜ 825▕             throw new QueryException(
    826▕                 $this->getName(), $query, $this->prepareBindings($bindings), $e
    827▕             );
    828▕         }
    829▕     }

  [33m1   [39m[39;1mvendor\laravel\framework\src\Illuminate\Database\Connection.php[39;22m:[39;1m825[39;22m

  [33m2   [39m[39;1mvendor\laravel\framework\src\Illuminate\Database\Connection.php[39;22m:[39;1m571[39;22m
  [90m    NunoMaduro\Collision\Exceptions\TestException::("SQLSTATE[23502]: Not null violation: 7 FEHLER:  NULL-Wert in Spalte »organisation_id« von Relation »elections« verletzt Not-Null-Constraint
DETAIL:  Fehlgeschlagene Zeile enthält (a1e8e937-8e96-4575-bc94-2de017eda92b, null, Demo Election, null, null, demo, planned, null, null, t, null, 2026-05-31 08:46:12, 2026-05-31 08:46:12, null, f, f, 4, null, f, No vote / Abstain, maximum, null, null, 0, null, null, null, block, strict, none, null, null, null, f, null, null, null, f, null, null, null, t, 7, null, f, null, null, f, null, 0, 0, 0, 0, 0, 0, draft, null, null, null, null, null, null, null, null, 0, null, null, null, null, null, null, null, null, null, null, null, ip_count, none, 6, single_code, f, null, null, null, D.2.5, null).")[39m

  [31m────────────────────────────────────────────────────────────────────────────────────────────────────────────────────[39m  
  [41;1m FAILED [49;22m [1mTests\Feature\DemoAndRealElectionVotingTest[22m [90m>[39m demo vote no vote option is stored correctl… [41;1m QueryException [49;22m  
[39;1m  SQLSTATE[23502]: Not null violation: 7 FEHLER:  NULL-Wert in Spalte »organisation_id« von Relation »elections« verletzt Not-Null-Constraint
DETAIL:  Fehlgeschlagene Zeile enthält (a1e8e938-1641-4137-87cb-cce2e4abd682, null, Demo Election, null, null, demo, planned, null, null, t, null, 2026-05-31 08:46:12, 2026-05-31 08:46:12, null, f, f, 4, null, f, No vote / Abstain, maximum, null, null, 0, null, null, null, block, strict, none, null, null, null, f, null, null, null, f, null, null, null, t, 7, null, f, null, null, f, null, 0, 0, 0, 0, 0, 0, draft, null, null, null, null, null, null, null, null, 0, null, null, null, null, null, null, null, null, null, null, null, ip_count, none, 6, single_code, f, null, null, null, D.2.5, null). (Connection: pgsql, SQL: insert into "elections" ("name", "type", "id", "organisation_id", "updated_at", "created_at") values (Demo Election, demo, a1e8e938-1641-4137-87cb-cce2e4abd682, ?, 2026-05-31 08:46:12, 2026-05-31 08:46:12))[39;22m

  at [32mvendor\laravel\framework\src\Illuminate\Database\Connection.php[39m:[32m825[39m
    821▕                     $this->getName(), $query, $this->prepareBindings($bindings), $e
    822▕                 );
    823▕             }
    824▕ 
  ➜ 825▕             throw new QueryException(
    826▕                 $this->getName(), $query, $this->prepareBindings($bindings), $e
    827▕             );
    828▕         }
    829▕     }

  [33m1   [39m[39;1mvendor\laravel\framework\src\Illuminate\Database\Connection.php[39;22m:[39;1m825[39;22m

  [33m2   [39m[39;1mvendor\laravel\framework\src\Illuminate\Database\Connection.php[39;22m:[39;1m571[39;22m
  [90m    NunoMaduro\Collision\Exceptions\TestException::("SQLSTATE[23502]: Not null violation: 7 FEHLER:  NULL-Wert in Spalte »organisation_id« von Relation »elections« verletzt Not-Null-Constraint
DETAIL:  Fehlgeschlagene Zeile enthält (a1e8e938-1641-4137-87cb-cce2e4abd682, null, Demo Election, null, null, demo, planned, null, null, t, null, 2026-05-31 08:46:12, 2026-05-31 08:46:12, null, f, f, 4, null, f, No vote / Abstain, maximum, null, null, 0, null, null, null, block, strict, none, null, null, null, f, null, null, null, f, null, null, null, t, 7, null, f, null, null, f, null, 0, 0, 0, 0, 0, 0, draft, null, null, null, null, null, null, null, null, 0, null, null, null, null, null, null, null, null, null, null, null, ip_count, none, 6, single_code, f, null, null, null, D.2.5, null).")[39m

  [31m────────────────────────────────────────────────────────────────────────────────────────────────────────────────────[39m  
  [41;1m FAILED [49;22m [1mTests\Feature\DemoCandidateCreationTest[22m [90m>[39m org admin can create custom demo candidates      [41;1m QueryException [49;22m  
[39;1m  SQLSTATE[22P02]: Invalid text representation: 7 FEHLER:  ungültige Eingabesyntax für Typ uuid: »5«
CONTEXT:  unbenanntes Portal Parameter $7 = '...' (Connection: pgsql, SQL: insert into "users" ("name", "email", "email_verified_at", "password", "remember_token", "region", "organisation_id", "is_committee_member", "id", "updated_at", "created_at") values (Dejuan Wunsch, jborer@example.org, 2026-05-31 08:46:13, $2y$10$92IXUNpkjO0rOQ5byMi.Ye4oKoEa3Ro9llC/.og/at2.uheWG/igi, kOQ2PvzuOW, North Dakota, 5, 0, a1e8e938-e645-4156-b7fd-a66536ded2d4, 2026-05-31 08:46:13, 2026-05-31 08:46:13))[39;22m

  at [32mvendor\laravel\framework\src\Illuminate\Database\Connection.php[39m:[32m825[39m
    821▕                     $this->getName(), $query, $this->prepareBindings($bindings), $e
    822▕                 );
    823▕             }
    824▕ 
  ➜ 825▕             throw new QueryException(
    826▕                 $this->getName(), $query, $this->prepareBindings($bindings), $e
    827▕             );
    828▕         }
    829▕     }

  [33m1   [39m[39;1mvendor\laravel\framework\src\Illuminate\Database\Connection.php[39;22m:[39;1m825[39;22m

  [33m2   [39m[39;1mvendor\laravel\framework\src\Illuminate\Database\Connection.php[39;22m:[39;1m571[39;22m
  [90m    NunoMaduro\Collision\Exceptions\TestException::("SQLSTATE[22P02]: Invalid text representation: 7 FEHLER:  ungültige Eingabesyntax für Typ uuid: »5«
CONTEXT:  unbenanntes Portal Parameter $7 = '...'")[39m

  [31m────────────────────────────────────────────────────────────────────────────────────────────────────────────────────[39m  
  [41;1m FAILED [49;22m [1mTests\Feature\DemoElectionSetupTest[22m [90m>[39m demo setup creates demo election                                       
[39;1m  Demo election should be created
Failed asserting that null is not null.[39;22m

  at [32mtests\Feature\DemoElectionSetupTest.php[39m:[32m41[39m
     37▕             ->assertSuccessful();
     38▕ 
     39▕         // Verify demo election was created
     40▕         $demoElection = Election::where('slug', 'demo-election')->first();
  ➜  41▕         $this->assertNotNull($demoElection, 'Demo election should be created');
     42▕         $this->assertEquals('Demo Election', $demoElection->name, 'Election name should be "Demo Election"');
     43▕         $this->assertEquals('demo', $demoElection->type, 'Election type should be "demo"');
     44▕         $this->assertEquals(1, $demoElection->is_active, 'Demo election should be active');
     45▕

  [33m1   [39m[39;1mtests\Feature\DemoElectionSetupTest.php[39;22m:[39;1m41[39;22m

  [31m────────────────────────────────────────────────────────────────────────────────────────────────────────────────────[39m  
  [41;1m FAILED [49;22m [1mTests\Feature\DemoElectionSetupTest[22m [90m>[39m demo setup creates three posts                       [41;1m ErrorException [49;22m  
[39;1m  Attempt to read property "id" on null[39;22m

  at [32mtests\Feature\DemoElectionSetupTest.php[39m:[32m66[39m
     62▕ 
     63▕         $demoElection = Election::where('slug', 'demo-election')->first();
     64▕ 
     65▕         // Verify exactly 3 posts exist
  ➜  66▕         $posts = Post::where('election_id', $demoElection->id)->get();
     67▕         $this->assertEquals(3, $posts->count(), 'Should have exactly 3 posts');
     68▕ 
     69▕         // Verify post order and names
     70▕         $expectedPosts = [

  [31m────────────────────────────────────────────────────────────────────────────────────────────────────────────────────[39m  
  [41;1m FAILED [49;22m [1mTests\Feature\DemoElectionSetupTest[22m [90m>[39m demo setup creates nine demo candidates                       [41;1m Error [49;22m  
[39;1m  Class "App\Models\DemoCandidate" not found[39;22m

  at [32mtests\Feature\DemoElectionSetupTest.php[39m:[32m101[39m
     97▕ 
     98▕         $demoElection = Election::where('slug', 'demo-election')->first();
     99▕ 
    100▕         // Verify exactly 9 candidates exist
  ➜ 101▕         $candidates = DemoCandidate::where('election_id', $demoElection->id)->get();
    102▕         $this->assertEquals(9, $candidates->count(),
    103▕             'Should have exactly 9 demo candidates (3 per post)');
    104▕ 
    105▕         // Verify candidates grouped by post (3 per post)

  [33m1   [39m[39;1mtests\Feature\DemoElectionSetupTest.php[39;22m:[39;1m101[39;22m

  [31m────────────────────────────────────────────────────────────────────────────────────────────────────────────────────[39m  
  [41;1m FAILED [49;22m [1mTests\Feature\DemoElectionSetupTest[22m [90m>[39m demo candidates have all required fields                      [41;1m Error [49;22m  
[39;1m  Class "App\Models\DemoCandidate" not found[39;22m

  at [32mtests\Feature\DemoElectionSetupTest.php[39m:[32m138[39m
    134▕ 
    135▕         $this->artisan('demo:setup', ['--force' => true])->assertSuccessful();
    136▕ 
    137▕         $demoElection = Election::where('slug', 'demo-election')->first();
  ➜ 138▕         $candidates = DemoCandidate::where('election_id', $demoElection->id)->get();
    139▕ 
    140▕         // Check each candidate has required fields
    141▕         foreach ($candidates as $candidate) {
    142▕             $this->assertNotEmpty($candidate->candidacy_id, 'candidacy_id should be set');

  [33m1   [39m[39;1mtests\Feature\DemoElectionSetupTest.php[39;22m:[39;1m138[39;22m

  [31m────────────────────────────────────────────────────────────────────────────────────────────────────────────────────[39m  
  [41;1m FAILED [49;22m [1mTests\Feature\DemoElectionSetupTest[22m [90m>[39m demo candidates accessible through posts             [41;1m ErrorException [49;22m  
[39;1m  Attempt to read property "id" on null[39;22m

  at [32mtests\Feature\DemoElectionSetupTest.php[39m:[32m170[39m
    166▕ 
    167▕         $this->artisan('demo:setup', ['--force' => true])->assertSuccessful();
    168▕ 
    169▕         $demoElection = Election::where('slug', 'demo-election')->first();
  ➜ 170▕         $posts = Post::where('election_id', $demoElection->id)->get();
    171▕ 
    172▕         // Verify each post can access its candidates
    173▕         foreach ($posts as $post) {
    174▕             $demoCandidates = DemoCandidate::where('post_id', $post->post_id)

  [31m────────────────────────────────────────────────────────────────────────────────────────────────────────────────────[39m  
  [41;1m FAILED [49;22m [1mTests\Feature\DemoElectionSetupTest[22m [90m>[39m demo setup force flag replaces existing              [41;1m ErrorException [49;22m  
[39;1m  Attempt to read property "id" on null[39;22m

  at [32mtests\Feature\DemoElectionSetupTest.php[39m:[32m202[39m
    198▕ 
    199▕         // First run
    200▕         $this->artisan('demo:setup')->assertSuccessful();
    201▕         $firstElection = Election::where('slug', 'demo-election')->first();
  ➜ 202▕         $firstElectionId = $firstElection->id;
    203▕         $firstCandidatesCount = DemoCandidate::where('election_id', $firstElectionId)->count();
    204▕ 
    205▕         // Verify first setup worked
    206▕         $this->assertEquals(9, $firstCandidatesCount, 'First setup should create 9 candidates');

  [31m────────────────────────────────────────────────────────────────────────────────────────────────────────────────────[39m  
  [41;1m FAILED [49;22m [1mTests\Feature\DemoElectionSetupTest[22m [90m>[39m demo election ready for voting                       [41;1m ErrorException [49;22m  
[39;1m  Attempt to read property "is_active" on null[39;22m

  at [32mtests\Feature\DemoElectionSetupTest.php[39m:[32m237[39m
    233▕ 
    234▕         $demoElection = Election::where('slug', 'demo-election')->first();
    235▕ 
    236▕         // Verify active status
  ➜ 237▕         $this->assertEquals(1, $demoElection->is_active, 'Demo election should be active');
    238▕         $this->assertEquals('demo', $demoElection->type, 'Demo election type should be "demo"');
    239▕ 
    240▕         // Verify has posts
    241▕         $postsCount = Post::where('election_id', $demoElection->id)->count();

  [31m────────────────────────────────────────────────────────────────────────────────────────────────────────────────────[39m  
  [41;1m FAILED [49;22m [1mTests\Feature\DemoElectionSetupTest[22m [90m>[39m demo candidates queryable for voting form                     [41;1m Error [49;22m  
[39;1m  Class "App\Models\DemoCandidate" not found[39;22m

  at [32mtests\Feature\DemoElectionSetupTest.php[39m:[32m277[39m
    273▕ 
    274▕         $demoElection = Election::where('slug', 'demo-election')->first();
    275▕ 
    276▕         // Simulate what VoteController does for demo elections
  ➜ 277▕         $demoCandidates = DemoCandidate::where('election_id', $demoElection->id)
    278▕             ->orderBy('position_order')
    279▕             ->get();
    280▕ 
    281▕         // Group by post

  [33m1   [39m[39;1mtests\Feature\DemoElectionSetupTest.php[39;22m:[39;1m277[39;22m

  [31m────────────────────────────────────────────────────────────────────────────────────────────────────────────────────[39m  
  [41;1m FAILED [49;22m [1mTests\Feature\DemoMirrorSystemTest[22m [90m>[39m demo code creation page accessible                    [41;1m QueryException [49;22m  
[39;1m  SQLSTATE[42703]: Undefined column: 7 FEHLER:  Spalte »can_vote« von Relation »users« existiert nicht
LINE 1: ...egion", "organisation_id", "is_committee_member", "can_vote"...
                                                             ^ (Connection: pgsql, SQL: insert into "users" ("name", "email", "email_verified_at", "password", "remember_token", "region", "organisation_id", "is_committee_member", "can_vote", "id", "updated_at", "created_at") values (Marion Crona, tiara26@example.org, 2026-05-31 08:46:19, $2y$10$92IXUNpkjO0rOQ5byMi.Ye4oKoEa3Ro9llC/.og/at2.uheWG/igi, IokxA1B5ng, California, c318ae36-16da-4a7b-8c12-149e0059c118, 0, 0, a1e8e942-0e9d-4799-a7a7-c9ea0c3ccbdd, 2026-05-31 08:46:19, 2026-05-31 08:46:19))[39;22m

  at [32mvendor\laravel\framework\src\Illuminate\Database\Connection.php[39m:[32m825[39m
    821▕                     $this->getName(), $query, $this->prepareBindings($bindings), $e
    822▕                 );
    823▕             }
    824▕ 
  ➜ 825▕             throw new QueryException(
    826▕                 $this->getName(), $query, $this->prepareBindings($bindings), $e
    827▕             );
    828▕         }
    829▕     }

  [33m1   [39m[39;1mvendor\laravel\framework\src\Illuminate\Database\Connection.php[39;22m:[39;1m825[39;22m

  [33m2   [39m[39;1mvendor\laravel\framework\src\Illuminate\Database\Connection.php[39;22m:[39;1m571[39;22m
  [90m    NunoMaduro\Collision\Exceptions\TestException::("SQLSTATE[42703]: Undefined column: 7 FEHLER:  Spalte »can_vote« von Relation »users« existiert nicht
LINE 1: ...egion", "organisation_id", "is_committee_member", "can_vote"...
                                                             ^")[39m

  [31m────────────────────────────────────────────────────────────────────────────────────────────────────────────────────[39m  
  [41;1m FAILED [49;22m [1mTests\Feature\DemoMirrorSystemTest[22m [90m>[39m demo code verification succeeds                                         
[39;1m  Failed asserting that true is false.[39;22m

  at [32mtests\Feature\DemoMirrorSystemTest.php[39m:[32m77[39m
     73▕         $response->assertRedirect(route('demo-code.agreement'));
     74▕ 
     75▕         $freshCode = $code->fresh();
     76▕         $this->assertTrue($freshCode->can_vote_now);
  ➜  77▕         $this->assertFalse($freshCode->is_code_to_open_voting_form_usable);
     78▕     }
     79▕ 
     80▕     /**
     81▕      * Test demo code verification fails with wrong code

  [33m1   [39m[39;1mtests\Feature\DemoMirrorSystemTest.php[39;22m:[39;1m77[39;22m

  [31m────────────────────────────────────────────────────────────────────────────────────────────────────────────────────[39m  
  [41;1m FAILED [49;22m [1mTests\Feature\DemoMirrorSystemTest[22m [90m>[39m demo allows users without can vote permission         [41;1m QueryException [49;22m  
[39;1m  SQLSTATE[42703]: Undefined column: 7 FEHLER:  Spalte »can_vote« von Relation »users« existiert nicht
LINE 1: ...egion", "organisation_id", "is_committee_member", "can_vote"...
                                                             ^ (Connection: pgsql, SQL: insert into "users" ("name", "email", "email_verified_at", "password", "remember_token", "region", "organisation_id", "is_committee_member", "can_vote", "id", "updated_at", "created_at") values (Dr. Oliver Connelly, clementina17@example.net, 2026-05-31 08:46:24, $2y$10$92IXUNpkjO0rOQ5byMi.Ye4oKoEa3Ro9llC/.og/at2.uheWG/igi, 5cxgcSDmBw, Utah, c318ae36-16da-4a7b-8c12-149e0059c118, 0, 0, a1e8e949-bcbf-4f7b-8cd8-0d325b37901f, 2026-05-31 08:46:24, 2026-05-31 08:46:24))[39;22m

  at [32mvendor\laravel\framework\src\Illuminate\Database\Connection.php[39m:[32m825[39m
    821▕                     $this->getName(), $query, $this->prepareBindings($bindings), $e
    822▕                 );
    823▕             }
    824▕ 
  ➜ 825▕             throw new QueryException(
    826▕                 $this->getName(), $query, $this->prepareBindings($bindings), $e
    827▕             );
    828▕         }
    829▕     }

  [33m1   [39m[39;1mvendor\laravel\framework\src\Illuminate\Database\Connection.php[39;22m:[39;1m825[39;22m

  [33m2   [39m[39;1mvendor\laravel\framework\src\Illuminate\Database\Connection.php[39;22m:[39;1m571[39;22m
  [90m    NunoMaduro\Collision\Exceptions\TestException::("SQLSTATE[42703]: Undefined column: 7 FEHLER:  Spalte »can_vote« von Relation »users« existiert nicht
LINE 1: ...egion", "organisation_id", "is_committee_member", "can_vote"...
                                                             ^")[39m

  [31m────────────────────────────────────────────────────────────────────────────────────────────────────────────────────[39m  
  [41;1m FAILED [49;22m [1mTests\Feature\DemoMirrorSystemTest[22m [90m>[39m demo prevents code reuse after verification                             
[39;1m  Code should not be reusable
Failed asserting that true is false.[39;22m

  at [32mtests\Feature\DemoMirrorSystemTest.php[39m:[32m258[39m
    254▕ 
    255▕         $response->assertRedirect(route('demo-code.agreement'));
    256▕ 
    257▕         $freshCode = $code->fresh();
  ➜ 258▕         $this->assertFalse($freshCode->is_code_to_open_voting_form_usable, 'Code should not be reusable');
    259▕     }
    260▕ 
    261▕     /**
    262▕      * Test demo has no IP rate limiting (unlike real elections)

  [33m1   [39m[39;1mtests\Feature\DemoMirrorSystemTest.php[39;22m:[39;1m258[39;22m

  [31m────────────────────────────────────────────────────────────────────────────────────────────────────────────────────[39m  
  [41;1m FAILED [49;22m [1mTests\Feature\DemoMirrorSystemTest[22m [90m>[39m demo data isolated to demo tables                     [41;1m QueryException [49;22m  
[39;1m  SQLSTATE[25P02]: In failed sql transaction: 7 FEHLER:  aktuelle Transaktion wurde abgebrochen, Befehle werden bis zum Ende der Transaktion ignoriert (Connection: pgsql, SQL: select * from "organisations" where ("type" = platform and "is_default" = 1) and "organisations"."deleted_at" is null limit 1)[39;22m

  at [32mvendor\laravel\framework\src\Illuminate\Database\Connection.php[39m:[32m825[39m
    821▕                     $this->getName(), $query, $this->prepareBindings($bindings), $e
    822▕                 );
    823▕             }
    824▕ 
  ➜ 825▕             throw new QueryException(
    826▕                 $this->getName(), $query, $this->prepareBindings($bindings), $e
    827▕             );
    828▕         }
    829▕     }

  [33m1   [39m[39;1mvendor\laravel\framework\src\Illuminate\Database\Connection.php[39;22m:[39;1m825[39;22m

  [33m2   [39m[39;1mvendor\laravel\framework\src\Illuminate\Database\Connection.php[39;22m:[39;1m412[39;22m
  [90m    NunoMaduro\Collision\Exceptions\TestException::("SQLSTATE[25P02]: In failed sql transaction: 7 FEHLER:  aktuelle Transaktion wurde abgebrochen, Befehle werden bis zum Ende der Transaktion ignoriert")[39m

  [31m────────────────────────────────────────────────────────────────────────────────────────────────────────────────────[39m  
  [41;1m FAILED [49;22m [1mTests\Feature\DemoMirrorSystemTest[22m [90m>[39m real elections still enforce can vote                 [41;1m QueryException [49;22m  
[39;1m  SQLSTATE[42P01]: Undefined table: 7 FEHLER:  Relation »organisations« existiert nicht
LINE 1: select * from "organisations" where ("type" = $1 and "is_def...
                      ^ (Connection: pgsql, SQL: select * from "organisations" where ("type" = platform and "is_default" = 1) and "organisations"."deleted_at" is null limit 1)[39;22m

  at [32mvendor\laravel\framework\src\Illuminate\Database\Connection.php[39m:[32m825[39m
    821▕                     $this->getName(), $query, $this->prepareBindings($bindings), $e
    822▕                 );
    823▕             }
    824▕ 
  ➜ 825▕             throw new QueryException(
    826▕                 $this->getName(), $query, $this->prepareBindings($bindings), $e
    827▕             );
    828▕         }
    829▕     }

  [33m1   [39m[39;1mvendor\laravel\framework\src\Illuminate\Database\Connection.php[39;22m:[39;1m825[39;22m

  [33m2   [39m[39;1mvendor\laravel\framework\src\Illuminate\Database\Connection.php[39;22m:[39;1m412[39;22m
  [90m    NunoMaduro\Collision\Exceptions\TestException::("SQLSTATE[42P01]: Undefined table: 7 FEHLER:  Relation »organisations« existiert nicht
LINE 1: select * from "organisations" where ("type" = $1 and "is_def...
                      ^")[39m

  [31m────────────────────────────────────────────────────────────────────────────────────────────────────────────────────[39m  
  [41;1m FAILED [49;22m [1mTests\Feature\DemoMirrorSystemTest[22m [90m>[39m demo and real elections use separate tables           [41;1m QueryException [49;22m  
[39;1m  SQLSTATE[42P01]: Undefined table: 7 FEHLER:  Relation »organisations« existiert nicht
LINE 1: select * from "organisations" where ("type" = $1 and "is_def...
                      ^ (Connection: pgsql, SQL: select * from "organisations" where ("type" = platform and "is_default" = 1) and "organisations"."deleted_at" is null limit 1)[39;22m

  at [32mvendor\laravel\framework\src\Illuminate\Database\Connection.php[39m:[32m825[39m
    821▕                     $this->getName(), $query, $this->prepareBindings($bindings), $e
    822▕                 );
    823▕             }
    824▕ 
  ➜ 825▕             throw new QueryException(
    826▕                 $this->getName(), $query, $this->prepareBindings($bindings), $e
    827▕             );
    828▕         }
    829▕     }

  [33m1   [39m[39;1mvendor\laravel\framework\src\Illuminate\Database\Connection.php[39;22m:[39;1m825[39;22m

  [33m2   [39m[39;1mvendor\laravel\framework\src\Illuminate\Database\Connection.php[39;22m:[39;1m412[39;22m
  [90m    NunoMaduro\Collision\Exceptions\TestException::("SQLSTATE[42P01]: Undefined table: 7 FEHLER:  Relation »organisations« existiert nicht
LINE 1: select * from "organisations" where ("type" = $1 and "is_def...
                      ^")[39m

  [31m────────────────────────────────────────────────────────────────────────────────────────────────────────────────────[39m  
  [41;1m FAILED [49;22m [1mTests\Feature\DemoMirrorSystemTest[22m [90m>[39m demo agreement page accessible                        [41;1m QueryException [49;22m  
[39;1m  SQLSTATE[42P01]: Undefined table: 7 FEHLER:  Relation »organisations« existiert nicht
LINE 1: select * from "organisations" where ("type" = $1 and "is_def...
                      ^ (Connection: pgsql, SQL: select * from "organisations" where ("type" = platform and "is_default" = 1) and "organisations"."deleted_at" is null limit 1)[39;22m

  at [32mvendor\laravel\framework\src\Illuminate\Database\Connection.php[39m:[32m825[39m
    821▕                     $this->getName(), $query, $this->prepareBindings($bindings), $e
    822▕                 );
    823▕             }
    824▕ 
  ➜ 825▕             throw new QueryException(
    826▕                 $this->getName(), $query, $this->prepareBindings($bindings), $e
    827▕             );
    828▕         }
    829▕     }

  [33m1   [39m[39;1mvendor\laravel\framework\src\Illuminate\Database\Connection.php[39;22m:[39;1m825[39;22m

  [33m2   [39m[39;1mvendor\laravel\framework\src\Illuminate\Database\Connection.php[39;22m:[39;1m412[39;22m
  [90m    NunoMaduro\Collision\Exceptions\TestException::("SQLSTATE[42P01]: Undefined table: 7 FEHLER:  Relation »organisations« existiert nicht
LINE 1: select * from "organisations" where ("type" = $1 and "is_def...
                      ^")[39m

  [31m────────────────────────────────────────────────────────────────────────────────────────────────────────────────────[39m  
  [41;1m FAILED [49;22m [1mTests\Feature\DemoMirrorSystemTest[22m [90m>[39m demo agreement page blocks unverified                 [41;1m QueryException [49;22m  
[39;1m  SQLSTATE[42703]: Undefined column: 7 FEHLER:  Spalte »is_committee_member« von Relation »users« existiert nicht
LINE 1: ...", "remember_token", "region", "organisation_id", "is_commit...
                                                             ^ (Connection: pgsql, SQL: insert into "users" ("name", "email", "email_verified_at", "password", "remember_token", "region", "organisation_id", "is_committee_member", "id", "updated_at", "created_at") values (Ryann Bailey, kiehn.demario@example.net, 2026-05-31 08:46:32, $2y$10$92IXUNpkjO0rOQ5byMi.Ye4oKoEa3Ro9llC/.og/at2.uheWG/igi, tS75QFjDJA, Alabama, 8011b498-8905-423d-b20f-3a958a3be1c5, 0, a1e8e955-ff31-4c28-b6ba-da72e5864184, 2026-05-31 08:46:32, 2026-05-31 08:46:32))[39;22m

  at [32mvendor\laravel\framework\src\Illuminate\Database\Connection.php[39m:[32m825[39m
    821▕                     $this->getName(), $query, $this->prepareBindings($bindings), $e
    822▕                 );
    823▕             }
    824▕ 
  ➜ 825▕             throw new QueryException(
    826▕                 $this->getName(), $query, $this->prepareBindings($bindings), $e
    827▕             );
    828▕         }
    829▕     }

  [33m1   [39m[39;1mvendor\laravel\framework\src\Illuminate\Database\Connection.php[39;22m:[39;1m825[39;22m

  [33m2   [39m[39;1mvendor\laravel\framework\src\Illuminate\Database\Connection.php[39;22m:[39;1m571[39;22m
  [90m    NunoMaduro\Collision\Exceptions\TestException::("SQLSTATE[42703]: Undefined column: 7 FEHLER:  Spalte »is_committee_member« von Relation »users« existiert nicht
LINE 1: ...", "remember_token", "region", "organisation_id", "is_commit...
                                                             ^")[39m

  [31m────────────────────────────────────────────────────────────────────────────────────────────────────────────────────[39m  
  [41;1m FAILED [49;22m [1mTests\Feature\DemoModeTest[22m [90m>[39m mode1 demo works without organisation                         [41;1m QueryException [49;22m  
[39;1m  SQLSTATE[42704]: Undefined object: 7 FEHLER:  unbekannter Konfigurationsparameter »foreign_key_checks« (Connection: pgsql, SQL: SET FOREIGN_KEY_CHECKS=0)[39;22m

  at [32mvendor\laravel\framework\src\Illuminate\Database\Connection.php[39m:[32m825[39m
    821▕                     $this->getName(), $query, $this->prepareBindings($bindings), $e
    822▕                 );
    823▕             }
    824▕ 
  ➜ 825▕             throw new QueryException(
    826▕                 $this->getName(), $query, $this->prepareBindings($bindings), $e
    827▕             );
    828▕         }
    829▕     }

  [33m1   [39m[39;1mvendor\laravel\framework\src\Illuminate\Database\Connection.php[39;22m:[39;1m825[39;22m

  [33m2   [39m[39;1mvendor\laravel\framework\src\Illuminate\Database\Connection.php[39;22m:[39;1m571[39;22m
  [90m    NunoMaduro\Collision\Exceptions\TestException::("SQLSTATE[42704]: Undefined object: 7 FEHLER:  unbekannter Konfigurationsparameter »foreign_key_checks«")[39m

  [31m────────────────────────────────────────────────────────────────────────────────────────────────────────────────────[39m  
  [41;1m FAILED [49;22m [1mTests\Feature\DemoModeTest[22m [90m>[39m mode2 tenant works with organisation                          [41;1m QueryException [49;22m  
[39;1m  SQLSTATE[42704]: Undefined object: 7 FEHLER:  unbekannter Konfigurationsparameter »foreign_key_checks« (Connection: pgsql, SQL: SET FOREIGN_KEY_CHECKS=0)[39;22m

  at [32mvendor\laravel\framework\src\Illuminate\Database\Connection.php[39m:[32m825[39m
    821▕                     $this->getName(), $query, $this->prepareBindings($bindings), $e
    822▕                 );
    823▕             }
    824▕ 
  ➜ 825▕             throw new QueryException(
    826▕                 $this->getName(), $query, $this->prepareBindings($bindings), $e
    827▕             );
    828▕         }
    829▕     }

  [33m1   [39m[39;1mvendor\laravel\framework\src\Illuminate\Database\Connection.php[39;22m:[39;1m825[39;22m

  [33m2   [39m[39;1mvendor\laravel\framework\src\Illuminate\Database\Connection.php[39;22m:[39;1m571[39;22m
  [90m    NunoMaduro\Collision\Exceptions\TestException::("SQLSTATE[42704]: Undefined object: 7 FEHLER:  unbekannter Konfigurationsparameter »foreign_key_checks«")[39m

  [31m────────────────────────────────────────────────────────────────────────────────────────────────────────────────────[39m  
  [41;1m FAILED [49;22m [1mTests\Feature\DemoModeTest[22m [90m>[39m mode1 and mode2 are isolated                                  [41;1m QueryException [49;22m  
[39;1m  SQLSTATE[42704]: Undefined object: 7 FEHLER:  unbekannter Konfigurationsparameter »foreign_key_checks« (Connection: pgsql, SQL: SET FOREIGN_KEY_CHECKS=0)[39;22m

  at [32mvendor\laravel\framework\src\Illuminate\Database\Connection.php[39m:[32m825[39m
    821▕                     $this->getName(), $query, $this->prepareBindings($bindings), $e
    822▕                 );
    823▕             }
    824▕ 
  ➜ 825▕             throw new QueryException(
    826▕                 $this->getName(), $query, $this->prepareBindings($bindings), $e
    827▕             );
    828▕         }
    829▕     }

  [33m1   [39m[39;1mvendor\laravel\framework\src\Illuminate\Database\Connection.php[39;22m:[39;1m825[39;22m

  [33m2   [39m[39;1mvendor\laravel\framework\src\Illuminate\Database\Connection.php[39;22m:[39;1m571[39;22m
  [90m    NunoMaduro\Collision\Exceptions\TestException::("SQLSTATE[42704]: Undefined object: 7 FEHLER:  unbekannter Konfigurationsparameter »foreign_key_checks«")[39m

  [31m────────────────────────────────────────────────────────────────────────────────────────────────────────────────────[39m  
  [41;1m FAILED [49;22m [1mTests\Feature\DemoModeTest[22m [90m>[39m tenant helper functions                                       [41;1m QueryException [49;22m  
[39;1m  SQLSTATE[42704]: Undefined object: 7 FEHLER:  unbekannter Konfigurationsparameter »foreign_key_checks« (Connection: pgsql, SQL: SET FOREIGN_KEY_CHECKS=0)[39;22m

  at [32mvendor\laravel\framework\src\Illuminate\Database\Connection.php[39m:[32m825[39m
    821▕                     $this->getName(), $query, $this->prepareBindings($bindings), $e
    822▕                 );
    823▕             }
    824▕ 
  ➜ 825▕             throw new QueryException(
    826▕                 $this->getName(), $query, $this->prepareBindings($bindings), $e
    827▕             );
    828▕         }
    829▕     }

  [33m1   [39m[39;1mvendor\laravel\framework\src\Illuminate\Database\Connection.php[39;22m:[39;1m825[39;22m

  [33m2   [39m[39;1mvendor\laravel\framework\src\Illuminate\Database\Connection.php[39;22m:[39;1m571[39;22m
  [90m    NunoMaduro\Collision\Exceptions\TestException::("SQLSTATE[42704]: Undefined object: 7 FEHLER:  unbekannter Konfigurationsparameter »foreign_key_checks«")[39m

  [31m────────────────────────────────────────────────────────────────────────────────────────────────────────────────────[39m  
  [41;1m FAILED [49;22m [1mTests\Feature\DemoModeTest[22m [90m>[39m vote anonymity preserved in both modes                        [41;1m QueryException [49;22m  
[39;1m  SQLSTATE[42704]: Undefined object: 7 FEHLER:  unbekannter Konfigurationsparameter »foreign_key_checks« (Connection: pgsql, SQL: SET FOREIGN_KEY_CHECKS=0)[39;22m

  at [32mvendor\laravel\framework\src\Illuminate\Database\Connection.php[39m:[32m825[39m
    821▕                     $this->getName(), $query, $this->prepareBindings($bindings), $e
    822▕                 );
    823▕             }
    824▕ 
  ➜ 825▕             throw new QueryException(
    826▕                 $this->getName(), $query, $this->prepareBindings($bindings), $e
    827▕             );
    828▕         }
    829▕     }

  [33m1   [39m[39;1mvendor\laravel\framework\src\Illuminate\Database\Connection.php[39;22m:[39;1m825[39;22m

  [33m2   [39m[39;1mvendor\laravel\framework\src\Illuminate\Database\Connection.php[39;22m:[39;1m571[39;22m
  [90m    NunoMaduro\Collision\Exceptions\TestException::("SQLSTATE[42704]: Undefined object: 7 FEHLER:  unbekannter Konfigurationsparameter »foreign_key_checks«")[39m

  [31m────────────────────────────────────────────────────────────────────────────────────────────────────────────────────[39m  
  [41;1m FAILED [49;22m [1mTests\Feature\DemoResultPageTest[22m [90m>[39m any authenticated user can access mode1                 [41;1m QueryException [49;22m  
[39;1m  SQLSTATE[42703]: Undefined column: 7 FEHLER:  Spalte »is_committee_member« von Relation »users« existiert nicht
LINE 1: ...", "remember_token", "region", "organisation_id", "is_commit...
                                                             ^ (Connection: pgsql, SQL: insert into "users" ("name", "email", "email_verified_at", "password", "remember_token", "region", "organisation_id", "is_committee_member", "id", "updated_at", "created_at") values (Annetta Stanton Jr., august.walter@example.com, 2026-05-31 08:46:34, $2y$10$92IXUNpkjO0rOQ5byMi.Ye4oKoEa3Ro9llC/.og/at2.uheWG/igi, GVvmWnDsR1, Wisconsin, 8011b498-8905-423d-b20f-3a958a3be1c5, 0, a1e8e95a-5863-48b8-bf9a-235cb13baab8, 2026-05-31 08:46:34, 2026-05-31 08:46:34))[39;22m

  at [32mvendor\laravel\framework\src\Illuminate\Database\Connection.php[39m:[32m825[39m
    821▕                     $this->getName(), $query, $this->prepareBindings($bindings), $e
    822▕                 );
    823▕             }
    824▕ 
  ➜ 825▕             throw new QueryException(
    826▕                 $this->getName(), $query, $this->prepareBindings($bindings), $e
    827▕             );
    828▕         }
    829▕     }

  [33m1   [39m[39;1mvendor\laravel\framework\src\Illuminate\Database\Connection.php[39;22m:[39;1m825[39;22m

  [33m2   [39m[39;1mvendor\laravel\framework\src\Illuminate\Database\Connection.php[39;22m:[39;1m571[39;22m
  [90m    NunoMaduro\Collision\Exceptions\TestException::("SQLSTATE[42703]: Undefined column: 7 FEHLER:  Spalte »is_committee_member« von Relation »users« existiert nicht
LINE 1: ...", "remember_token", "region", "organisation_id", "is_commit...
                                                             ^")[39m

  [31m────────────────────────────────────────────────────────────────────────────────────────────────────────────────────[39m  
  [41;1m FAILED [49;22m [1mTests\Feature\DemoResultPageTest[22m [90m>[39m unauthenticated user cannot access mode1                [41;1m QueryException [49;22m  
[39;1m  SQLSTATE[42703]: Undefined column: 7 FEHLER:  Spalte »is_committee_member« von Relation »users« existiert nicht
LINE 1: ...", "remember_token", "region", "organisation_id", "is_commit...
                                                             ^ (Connection: pgsql, SQL: insert into "users" ("name", "email", "email_verified_at", "password", "remember_token", "region", "organisation_id", "is_committee_member", "id", "updated_at", "created_at") values (Danielle Wiza, abby.hilpert@example.net, 2026-05-31 08:46:35, $2y$10$92IXUNpkjO0rOQ5byMi.Ye4oKoEa3Ro9llC/.og/at2.uheWG/igi, f0jafqfqki, Illinois, 8011b498-8905-423d-b20f-3a958a3be1c5, 0, a1e8e95a-e8af-41df-b74a-3a6e57df4d0e, 2026-05-31 08:46:35, 2026-05-31 08:46:35))[39;22m

  at [32mvendor\laravel\framework\src\Illuminate\Database\Connection.php[39m:[32m825[39m
    821▕                     $this->getName(), $query, $this->prepareBindings($bindings), $e
    822▕                 );
    823▕             }
    824▕ 
  ➜ 825▕             throw new QueryException(
    826▕                 $this->getName(), $query, $this->prepareBindings($bindings), $e
    827▕             );
    828▕         }
    829▕     }

  [33m1   [39m[39;1mvendor\laravel\framework\src\Illuminate\Database\Connection.php[39;22m:[39;1m825[39;22m

  [33m2   [39m[39;1mvendor\laravel\framework\src\Illuminate\Database\Connection.php[39;22m:[39;1m571[39;22m
  [90m    NunoMaduro\Collision\Exceptions\TestException::("SQLSTATE[42703]: Undefined column: 7 FEHLER:  Spalte »is_committee_member« von Relation »users« existiert nicht
LINE 1: ...", "remember_token", "region", "organisation_id", "is_commit...
                                                             ^")[39m

  [31m────────────────────────────────────────────────────────────────────────────────────────────────────────────────────[39m  
  [41;1m FAILED [49;22m [1mTests\Feature\DemoResultPageTest[22m [90m>[39m mode2 requires organisation context                     [41;1m QueryException [49;22m  
[39;1m  SQLSTATE[42703]: Undefined column: 7 FEHLER:  Spalte »voter_source_strategy« von Relation »elections« existiert nicht
LINE 1: ...g_starts_at", "voting_ends_at", "results_locked", "voter_sou...
                                                             ^ (Connection: pgsql, SQL: insert into "elections" ("organisation_id", "name", "slug", "description", "type", "is_active", "status", "state", "administration_completed", "nomination_completed", "start_date", "end_date", "posts_count", "voters_count", "election_committee_members_count", "candidates_count", "pending_candidacies_count", "votes_count", "voting_locked", "voting_starts_at", "voting_ends_at", "results_locked", "voter_source_strategy", "id", "updated_at", "created_at") values (8011b498-8905-423d-b20f-3a958a3be1c5, ut, neque-sit-voluptate-cupiditate-et-dolor, Accusantium quis suscipit ipsa et., real, 1, active, draft, 0, 0, 2026-05-31 08:46:35, 2026-06-07 08:46:35, 0, 0, 0, 0, 0, 0, 0, ?, ?, 0, full_membership, a1e8e95b-8526-4b3d-88f7-2c74e2518a58, 2026-05-31 08:46:35, 2026-05-31 08:46:35))[39;22m

  at [32mvendor\laravel\framework\src\Illuminate\Database\Connection.php[39m:[32m825[39m
    821▕                     $this->getName(), $query, $this->prepareBindings($bindings), $e
    822▕                 );
    823▕             }
    824▕ 
  ➜ 825▕             throw new QueryException(
    826▕                 $this->getName(), $query, $this->prepareBindings($bindings), $e
    827▕             );
    828▕         }
    829▕     }

  [33m1   [39m[39;1mvendor\laravel\framework\src\Illuminate\Database\Connection.php[39;22m:[39;1m825[39;22m

  [33m2   [39m[39;1mvendor\laravel\framework\src\Illuminate\Database\Connection.php[39;22m:[39;1m571[39;22m
  [90m    NunoMaduro\Collision\Exceptions\TestException::("SQLSTATE[42703]: Undefined column: 7 FEHLER:  Spalte »voter_source_strategy« von Relation »elections« existiert nicht
LINE 1: ...g_starts_at", "voting_ends_at", "results_locked", "voter_sou...
                                                             ^")[39m

  [31m────────────────────────────────────────────────────────────────────────────────────────────────────────────────────[39m  
  [41;1m FAILED [49;22m [1mTests\Feature\DemoResultPageTest[22m [90m>[39m mode2 filters data by organisation                      [41;1m QueryException [49;22m  
[39;1m  SQLSTATE[42703]: Undefined column: 7 FEHLER:  Spalte »voter_source_strategy« von Relation »elections« existiert nicht
LINE 1: ...g_starts_at", "voting_ends_at", "results_locked", "voter_sou...
                                                             ^ (Connection: pgsql, SQL: insert into "elections" ("organisation_id", "name", "slug", "description", "type", "is_active", "status", "state", "administration_completed", "nomination_completed", "start_date", "end_date", "posts_count", "voters_count", "election_committee_members_count", "candidates_count", "pending_candidacies_count", "votes_count", "voting_locked", "voting_starts_at", "voting_ends_at", "results_locked", "voter_source_strategy", "id", "updated_at", "created_at") values (8011b498-8905-423d-b20f-3a958a3be1c5, et, nostrum-odio-voluptas-odit-consequatur, Facilis sunt incidunt officiis dolor., demo, 1, active, draft, 0, 0, 2026-05-31 08:46:36, 2026-06-07 08:46:36, 0, 0, 0, 0, 0, 0, 0, ?, ?, 0, full_membership, a1e8e95c-1815-4cf6-b735-bfd433503b30, 2026-05-31 08:46:36, 2026-05-31 08:46:36))[39;22m

  at [32mvendor\laravel\framework\src\Illuminate\Database\Connection.php[39m:[32m825[39m
    821▕                     $this->getName(), $query, $this->prepareBindings($bindings), $e
    822▕                 );
    823▕             }
    824▕ 
  ➜ 825▕             throw new QueryException(
    826▕                 $this->getName(), $query, $this->prepareBindings($bindings), $e
    827▕             );
    828▕         }
    829▕     }

  [33m1   [39m[39;1mvendor\laravel\framework\src\Illuminate\Database\Connection.php[39;22m:[39;1m825[39;22m

  [33m2   [39m[39;1mvendor\laravel\framework\src\Illuminate\Database\Connection.php[39;22m:[39;1m571[39;22m
  [90m    NunoMaduro\Collision\Exceptions\TestException::("SQLSTATE[42703]: Undefined column: 7 FEHLER:  Spalte »voter_source_strategy« von Relation »elections« existiert nicht
LINE 1: ...g_starts_at", "voting_ends_at", "results_locked", "voter_sou...
                                                             ^")[39m

  [31m────────────────────────────────────────────────────────────────────────────────────────────────────────────────────[39m  
  [41;1m FAILED [49;22m [1mTests\Feature\DemoResultPageTest[22m [90m>[39m mode1 and mode2 have different data                     [41;1m QueryException [49;22m  
[39;1m  SQLSTATE[23502]: Not null violation: 7 FEHLER:  NULL-Wert in Spalte »organisation_id« von Relation »demo_posts« verletzt Not-Null-Constraint
DETAIL:  Fehlgeschlagene Zeile enthält (a1e8e95c-b1a7-48d0-a2a7-300dcd6a03f7, null, a1e8e95c-aadf-4089-964c-5efe49ba873b, Global President, est commodi molestiae, t, null, 2, 9, 2026-05-31 08:46:36, 2026-05-31 08:46:36). (Connection: pgsql, SQL: insert into "demo_posts" ("election_id", "organisation_id", "name", "nepali_name", "position_order", "required_number", "is_national_wide", "state_name", "id", "updated_at", "created_at") values (a1e8e95c-aadf-4089-964c-5efe49ba873b, ?, Global President, est commodi molestiae, 9, 2, 1, ?, a1e8e95c-b1a7-48d0-a2a7-300dcd6a03f7, 2026-05-31 08:46:36, 2026-05-31 08:46:36))[39;22m

  at [32mvendor\laravel\framework\src\Illuminate\Database\Connection.php[39m:[32m825[39m
    821▕                     $this->getName(), $query, $this->prepareBindings($bindings), $e
    822▕                 );
    823▕             }
    824▕ 
  ➜ 825▕             throw new QueryException(
    826▕                 $this->getName(), $query, $this->prepareBindings($bindings), $e
    827▕             );
    828▕         }
    829▕     }

  [33m1   [39m[39;1mvendor\laravel\framework\src\Illuminate\Database\Connection.php[39;22m:[39;1m825[39;22m

  [33m2   [39m[39;1mvendor\laravel\framework\src\Illuminate\Database\Connection.php[39;22m:[39;1m571[39;22m
  [90m    NunoMaduro\Collision\Exceptions\TestException::("SQLSTATE[23502]: Not null violation: 7 FEHLER:  NULL-Wert in Spalte »organisation_id« von Relation »demo_posts« verletzt Not-Null-Constraint
DETAIL:  Fehlgeschlagene Zeile enthält (a1e8e95c-b1a7-48d0-a2a7-300dcd6a03f7, null, a1e8e95c-aadf-4089-964c-5efe49ba873b, Global President, est commodi molestiae, t, null, 2, 9, 2026-05-31 08:46:36, 2026-05-31 08:46:36).")[39m

  [31m────────────────────────────────────────────────────────────────────────────────────────────────────────────────────[39m  
  [41;1m FAILED [49;22m [1mTests\Feature\DemoResultPageTest[22m [90m>[39m page displays mode indicator                            [41;1m QueryException [49;22m  
[39;1m  SQLSTATE[23502]: Not null violation: 7 FEHLER:  NULL-Wert in Spalte »organisation_id« von Relation »demo_posts« verletzt Not-Null-Constraint
DETAIL:  Fehlgeschlagene Zeile enthält (a1e8e95d-5dd3-416c-8ee9-105e475590ca, null, a1e8e95d-5989-4a5e-b701-8cc732d100c6, omnis placeat enim, omnis placeat enim, t, null, 2, 10, 2026-05-31 08:46:36, 2026-05-31 08:46:36). (Connection: pgsql, SQL: insert into "demo_posts" ("election_id", "organisation_id", "name", "nepali_name", "position_order", "required_number", "is_national_wide", "state_name", "id", "updated_at", "created_at") values (a1e8e95d-5989-4a5e-b701-8cc732d100c6, ?, omnis placeat enim, omnis placeat enim, 10, 2, 1, ?, a1e8e95d-5dd3-416c-8ee9-105e475590ca, 2026-05-31 08:46:36, 2026-05-31 08:46:36))[39;22m

  at [32mvendor\laravel\framework\src\Illuminate\Database\Connection.php[39m:[32m825[39m
    821▕                     $this->getName(), $query, $this->prepareBindings($bindings), $e
    822▕                 );
    823▕             }
    824▕ 
  ➜ 825▕             throw new QueryException(
    826▕                 $this->getName(), $query, $this->prepareBindings($bindings), $e
    827▕             );
    828▕         }
    829▕     }

  [33m1   [39m[39;1mvendor\laravel\framework\src\Illuminate\Database\Connection.php[39;22m:[39;1m825[39;22m

  [33m2   [39m[39;1mvendor\laravel\framework\src\Illuminate\Database\Connection.php[39;22m:[39;1m571[39;22m
  [90m    NunoMaduro\Collision\Exceptions\TestException::("SQLSTATE[23502]: Not null violation: 7 FEHLER:  NULL-Wert in Spalte »organisation_id« von Relation »demo_posts« verletzt Not-Null-Constraint
DETAIL:  Fehlgeschlagene Zeile enthält (a1e8e95d-5dd3-416c-8ee9-105e475590ca, null, a1e8e95d-5989-4a5e-b701-8cc732d100c6, omnis placeat enim, omnis placeat enim, t, null, 2, 10, 2026-05-31 08:46:36, 2026-05-31 08:46:36).")[39m

  [31m────────────────────────────────────────────────────────────────────────────────────────────────────────────────────[39m  
  [41;1m FAILED [49;22m [1mTests\Feature\DemoResultPageTest[22m [90m>[39m mode2 displays correct title                            [41;1m QueryException [49;22m  
[39;1m  SQLSTATE[22P02]: Invalid text representation: 7 FEHLER:  ungültige Eingabesyntax für Typ uuid: »1«
CONTEXT:  unbenanntes Portal Parameter $2 = '...' (Connection: pgsql, SQL: insert into "demo_posts" ("election_id", "organisation_id", "name", "nepali_name", "position_order", "required_number", "is_national_wide", "state_name", "id", "updated_at", "created_at") values (a1e8e95d-f020-4361-a31f-dd137ee813e8, 1, placeat sapiente ut, placeat sapiente ut, 8, 1, 1, ?, a1e8e95d-f77e-4c79-8ab3-91f8f3a032e5, 2026-05-31 08:46:37, 2026-05-31 08:46:37))[39;22m

  at [32mvendor\laravel\framework\src\Illuminate\Database\Connection.php[39m:[32m825[39m
    821▕                     $this->getName(), $query, $this->prepareBindings($bindings), $e
    822▕                 );
    823▕             }
    824▕ 
  ➜ 825▕             throw new QueryException(
    826▕                 $this->getName(), $query, $this->prepareBindings($bindings), $e
    827▕             );
    828▕         }
    829▕     }

  [33m1   [39m[39;1mvendor\laravel\framework\src\Illuminate\Database\Connection.php[39;22m:[39;1m825[39;22m

  [33m2   [39m[39;1mvendor\laravel\framework\src\Illuminate\Database\Connection.php[39;22m:[39;1m571[39;22m
  [90m    NunoMaduro\Collision\Exceptions\TestException::("SQLSTATE[22P02]: Invalid text representation: 7 FEHLER:  ungültige Eingabesyntax für Typ uuid: »1«
CONTEXT:  unbenanntes Portal Parameter $2 = '...'")[39m

  [31m────────────────────────────────────────────────────────────────────────────────────────────────────────────────────[39m  
  [41;1m FAILED [49;22m [1mTests\Feature\DemoResultPageTest[22m [90m>[39m empty results page displays correctly                   [41;1m ErrorException [49;22m  
[39;1m  Undefined array key "posts"[39;22m

  at [32mtests\Feature\DemoResultPageTest.php[39m:[32m165[39m
    161▕         $response = $this->actingAs($this->user)
    162▕             ->get('/demo/global/result');
    163▕ 
    164▕         $response->assertStatus(200);
  ➜ 165▕         $this->assertEquals(0, count($response['posts']));
    166▕     }
    167▕ 
    168▕     /**
    169▕      * Test large dataset performance

  [31m────────────────────────────────────────────────────────────────────────────────────────────────────────────────────[39m  
  [41;1m FAILED [49;22m [1mTests\Feature\DemoResultPageTest[22m [90m>[39m handles large dataset efficiently                       [41;1m QueryException [49;22m  
[39;1m  SQLSTATE[23502]: Not null violation: 7 FEHLER:  NULL-Wert in Spalte »organisation_id« von Relation »demo_posts« verletzt Not-Null-Constraint
DETAIL:  Fehlgeschlagene Zeile enthält (a1e8e960-997b-48ff-a4a4-77546b0822d2, null, a1e8e95f-bf84-45dd-b7d6-bc1a3c06f9f9, voluptas numquam placeat, voluptas numquam placeat, t, null, 3, 8, 2026-05-31 08:46:39, 2026-05-31 08:46:39). (Connection: pgsql, SQL: insert into "demo_posts" ("election_id", "organisation_id", "name", "nepali_name", "position_order", "required_number", "is_national_wide", "state_name", "id", "updated_at", "created_at") values (a1e8e95f-bf84-45dd-b7d6-bc1a3c06f9f9, ?, voluptas numquam placeat, voluptas numquam placeat, 8, 3, 1, ?, a1e8e960-997b-48ff-a4a4-77546b0822d2, 2026-05-31 08:46:39, 2026-05-31 08:46:39))[39;22m

  at [32mvendor\laravel\framework\src\Illuminate\Database\Connection.php[39m:[32m825[39m
    821▕                     $this->getName(), $query, $this->prepareBindings($bindings), $e
    822▕                 );
    823▕             }
    824▕ 
  ➜ 825▕             throw new QueryException(
    826▕                 $this->getName(), $query, $this->prepareBindings($bindings), $e
    827▕             );
    828▕         }
    829▕     }

  [33m1   [39m[39;1mvendor\laravel\framework\src\Illuminate\Database\Connection.php[39;22m:[39;1m825[39;22m

  [33m2   [39m[39;1mvendor\laravel\framework\src\Illuminate\Database\Connection.php[39;22m:[39;1m571[39;22m
  [90m    NunoMaduro\Collision\Exceptions\TestException::("SQLSTATE[23502]: Not null violation: 7 FEHLER:  NULL-Wert in Spalte »organisation_id« von Relation »demo_posts« verletzt Not-Null-Constraint
DETAIL:  Fehlgeschlagene Zeile enthält (a1e8e960-997b-48ff-a4a4-77546b0822d2, null, a1e8e95f-bf84-45dd-b7d6-bc1a3c06f9f9, voluptas numquam placeat, voluptas numquam placeat, t, null, 3, 8, 2026-05-31 08:46:39, 2026-05-31 08:46:39).")[39m

  [31m────────────────────────────────────────────────────────────────────────────────────────────────────────────────────[39m  
  [41;1m FAILED [49;22m [1mTests\Feature\DemoResultPageTest[22m [90m>[39m vote percentage calculated correctly                    [41;1m QueryException [49;22m  
[39;1m  SQLSTATE[23502]: Not null violation: 7 FEHLER:  NULL-Wert in Spalte »organisation_id« von Relation »demo_posts« verletzt Not-Null-Constraint
DETAIL:  Fehlgeschlagene Zeile enthält (a1e8e961-787d-4f10-a3ae-ce1aaaae8ad4, null, a1e8e961-7098-4c90-86b3-253494b5c77d, accusantium dicta repellendus, accusantium dicta repellendus, t, null, 3, 4, 2026-05-31 08:46:39, 2026-05-31 08:46:39). (Connection: pgsql, SQL: insert into "demo_posts" ("election_id", "organisation_id", "name", "nepali_name", "position_order", "required_number", "is_national_wide", "state_name", "id", "updated_at", "created_at") values (a1e8e961-7098-4c90-86b3-253494b5c77d, ?, accusantium dicta repellendus, accusantium dicta repellendus, 4, 3, 1, ?, a1e8e961-787d-4f10-a3ae-ce1aaaae8ad4, 2026-05-31 08:46:39, 2026-05-31 08:46:39))[39;22m

  at [32mvendor\laravel\framework\src\Illuminate\Database\Connection.php[39m:[32m825[39m
    821▕                     $this->getName(), $query, $this->prepareBindings($bindings), $e
    822▕                 );
    823▕             }
    824▕ 
  ➜ 825▕             throw new QueryException(
    826▕                 $this->getName(), $query, $this->prepareBindings($bindings), $e
    827▕             );
    828▕         }
    829▕     }

  [33m1   [39m[39;1mvendor\laravel\framework\src\Illuminate\Database\Connection.php[39;22m:[39;1m825[39;22m

  [33m2   [39m[39;1mvendor\laravel\framework\src\Illuminate\Database\Connection.php[39;22m:[39;1m571[39;22m
  [90m    NunoMaduro\Collision\Exceptions\TestException::("SQLSTATE[23502]: Not null violation: 7 FEHLER:  NULL-Wert in Spalte »organisation_id« von Relation »demo_posts« verletzt Not-Null-Constraint
DETAIL:  Fehlgeschlagene Zeile enthält (a1e8e961-787d-4f10-a3ae-ce1aaaae8ad4, null, a1e8e961-7098-4c90-86b3-253494b5c77d, accusantium dicta repellendus, accusantium dicta repellendus, t, null, 3, 4, 2026-05-31 08:46:39, 2026-05-31 08:46:39).")[39m

  [31m────────────────────────────────────────────────────────────────────────────────────────────────────────────────────[39m  
  [41;1m FAILED [49;22m [1mTests\Feature\DemoResultPageTest[22m [90m>[39m candidates sorted by votes                              [41;1m QueryException [49;22m  
[39;1m  SQLSTATE[23502]: Not null violation: 7 FEHLER:  NULL-Wert in Spalte »organisation_id« von Relation »demo_posts« verletzt Not-Null-Constraint
DETAIL:  Fehlgeschlagene Zeile enthält (a1e8e962-48ac-4f3e-9c3d-10a3f666a8c1, null, a1e8e962-418b-45aa-be43-9acea8aa09a0, doloribus officia et, doloribus officia et, t, null, 2, 6, 2026-05-31 08:46:40, 2026-05-31 08:46:40). (Connection: pgsql, SQL: insert into "demo_posts" ("election_id", "organisation_id", "name", "nepali_name", "position_order", "required_number", "is_national_wide", "state_name", "id", "updated_at", "created_at") values (a1e8e962-418b-45aa-be43-9acea8aa09a0, ?, doloribus officia et, doloribus officia et, 6, 2, 1, ?, a1e8e962-48ac-4f3e-9c3d-10a3f666a8c1, 2026-05-31 08:46:40, 2026-05-31 08:46:40))[39;22m

  at [32mvendor\laravel\framework\src\Illuminate\Database\Connection.php[39m:[32m825[39m
    821▕                     $this->getName(), $query, $this->prepareBindings($bindings), $e
    822▕                 );
    823▕             }
    824▕ 
  ➜ 825▕             throw new QueryException(
    826▕                 $this->getName(), $query, $this->prepareBindings($bindings), $e
    827▕             );
    828▕         }
    829▕     }

  [33m1   [39m[39;1mvendor\laravel\framework\src\Illuminate\Database\Connection.php[39;22m:[39;1m825[39;22m

  [33m2   [39m[39;1mvendor\laravel\framework\src\Illuminate\Database\Connection.php[39;22m:[39;1m571[39;22m
  [90m    NunoMaduro\Collision\Exceptions\TestException::("SQLSTATE[23502]: Not null violation: 7 FEHLER:  NULL-Wert in Spalte »organisation_id« von Relation »demo_posts« verletzt Not-Null-Constraint
DETAIL:  Fehlgeschlagene Zeile enthält (a1e8e962-48ac-4f3e-9c3d-10a3f666a8c1, null, a1e8e962-418b-45aa-be43-9acea8aa09a0, doloribus officia et, doloribus officia et, t, null, 2, 6, 2026-05-31 08:46:40, 2026-05-31 08:46:40).")[39m

  [31m────────────────────────────────────────────────────────────────────────────────────────────────────────────────────[39m  
  [41;1m FAILED [49;22m [1mTests\Feature\DemoResultPageTest[22m [90m>[39m is demo flag is set                                     [41;1m QueryException [49;22m  
[39;1m  SQLSTATE[23502]: Not null violation: 7 FEHLER:  NULL-Wert in Spalte »organisation_id« von Relation »demo_posts« verletzt Not-Null-Constraint
DETAIL:  Fehlgeschlagene Zeile enthält (a1e8e963-2606-4c7d-a8f5-a1c5bc696ff4, null, a1e8e963-1e6b-4b82-ab1d-c4712055d8fb, sed sapiente aspernatur, sed sapiente aspernatur, t, null, 1, 7, 2026-05-31 08:46:40, 2026-05-31 08:46:40). (Connection: pgsql, SQL: insert into "demo_posts" ("election_id", "organisation_id", "name", "nepali_name", "position_order", "required_number", "is_national_wide", "state_name", "id", "updated_at", "created_at") values (a1e8e963-1e6b-4b82-ab1d-c4712055d8fb, ?, sed sapiente aspernatur, sed sapiente aspernatur, 7, 1, 1, ?, a1e8e963-2606-4c7d-a8f5-a1c5bc696ff4, 2026-05-31 08:46:40, 2026-05-31 08:46:40))[39;22m

  at [32mvendor\laravel\framework\src\Illuminate\Database\Connection.php[39m:[32m825[39m
    821▕                     $this->getName(), $query, $this->prepareBindings($bindings), $e
    822▕                 );
    823▕             }
    824▕ 
  ➜ 825▕             throw new QueryException(
    826▕                 $this->getName(), $query, $this->prepareBindings($bindings), $e
    827▕             );
    828▕         }
    829▕     }

  [33m1   [39m[39;1mvendor\laravel\framework\src\Illuminate\Database\Connection.php[39;22m:[39;1m825[39;22m

  [33m2   [39m[39;1mvendor\laravel\framework\src\Illuminate\Database\Connection.php[39;22m:[39;1m571[39;22m
  [90m    NunoMaduro\Collision\Exceptions\TestException::("SQLSTATE[23502]: Not null violation: 7 FEHLER:  NULL-Wert in Spalte »organisation_id« von Relation »demo_posts« verletzt Not-Null-Constraint
DETAIL:  Fehlgeschlagene Zeile enthält (a1e8e963-2606-4c7d-a8f5-a1c5bc696ff4, null, a1e8e963-1e6b-4b82-ab1d-c4712055d8fb, sed sapiente aspernatur, sed sapiente aspernatur, t, null, 1, 7, 2026-05-31 08:46:40, 2026-05-31 08:46:40).")[39m

  [31m────────────────────────────────────────────────────────────────────────────────────────────────────────────────────[39m  
  [41;1m FAILED [49;22m [1mTests\Feature\DemoSetupApiTest[22m [90m>[39m organisation member can trigger demo setup                [41;1m QueryException [49;22m  
[39;1m  SQLSTATE[23502]: Not null violation: 7 FEHLER:  NULL-Wert in Spalte »id« von Relation »user_organisation_roles« verletzt Not-Null-Constraint
DETAIL:  Fehlgeschlagene Zeile enthält (null, a1e8e963-e67f-40f6-859e-bd18ec6eb6e0, a1e8e963-dcf3-4698-b7f0-47937fd916d4, admin, null, 2026-05-31 08:46:41, 2026-05-31 08:46:41). (Connection: pgsql, SQL: insert into "user_organisation_roles" ("created_at", "organisation_id", "role", "updated_at", "user_id") values (2026-05-31 08:46:41, a1e8e963-dcf3-4698-b7f0-47937fd916d4, admin, 2026-05-31 08:46:41, a1e8e963-e67f-40f6-859e-bd18ec6eb6e0))[39;22m

  at [32mvendor\laravel\framework\src\Illuminate\Database\Connection.php[39m:[32m825[39m
    821▕                     $this->getName(), $query, $this->prepareBindings($bindings), $e
    822▕                 );
    823▕             }
    824▕ 
  ➜ 825▕             throw new QueryException(
    826▕                 $this->getName(), $query, $this->prepareBindings($bindings), $e
    827▕             );
    828▕         }
    829▕     }

  [33m1   [39m[39;1mvendor\laravel\framework\src\Illuminate\Database\Connection.php[39;22m:[39;1m825[39;22m

  [33m2   [39m[39;1mvendor\laravel\framework\src\Illuminate\Database\Connection.php[39;22m:[39;1m571[39;22m
  [90m    NunoMaduro\Collision\Exceptions\TestException::("SQLSTATE[23502]: Not null violation: 7 FEHLER:  NULL-Wert in Spalte »id« von Relation »user_organisation_roles« verletzt Not-Null-Constraint
DETAIL:  Fehlgeschlagene Zeile enthält (null, a1e8e963-e67f-40f6-859e-bd18ec6eb6e0, a1e8e963-dcf3-4698-b7f0-47937fd916d4, admin, null, 2026-05-31 08:46:41, 2026-05-31 08:46:41).")[39m

  [31m────────────────────────────────────────────────────────────────────────────────────────────────────────────────────[39m  
  [41;1m FAILED [49;22m [1mTests\Feature\DemoSetupApiTest[22m [90m>[39m non member cannot trigger demo setup                      [41;1m QueryException [49;22m  
[39;1m  SQLSTATE[23502]: Not null violation: 7 FEHLER:  NULL-Wert in Spalte »id« von Relation »user_organisation_roles« verletzt Not-Null-Constraint
DETAIL:  Fehlgeschlagene Zeile enthält (null, a1e8e964-8e16-4bf5-bed3-7a69d678c3a8, a1e8e964-82f5-452e-80ef-85ea951fe89c, admin, null, 2026-05-31 08:46:41, 2026-05-31 08:46:41). (Connection: pgsql, SQL: insert into "user_organisation_roles" ("created_at", "organisation_id", "role", "updated_at", "user_id") values (2026-05-31 08:46:41, a1e8e964-82f5-452e-80ef-85ea951fe89c, admin, 2026-05-31 08:46:41, a1e8e964-8e16-4bf5-bed3-7a69d678c3a8))[39;22m

  at [32mvendor\laravel\framework\src\Illuminate\Database\Connection.php[39m:[32m825[39m
    821▕                     $this->getName(), $query, $this->prepareBindings($bindings), $e
    822▕                 );
    823▕             }
    824▕ 
  ➜ 825▕             throw new QueryException(
    826▕                 $this->getName(), $query, $this->prepareBindings($bindings), $e
    827▕             );
    828▕         }
    829▕     }

  [33m1   [39m[39;1mvendor\laravel\framework\src\Illuminate\Database\Connection.php[39;22m:[39;1m825[39;22m

  [33m2   [39m[39;1mvendor\laravel\framework\src\Illuminate\Database\Connection.php[39;22m:[39;1m571[39;22m
  [90m    NunoMaduro\Collision\Exceptions\TestException::("SQLSTATE[23502]: Not null violation: 7 FEHLER:  NULL-Wert in Spalte »id« von Relation »user_organisation_roles« verletzt Not-Null-Constraint
DETAIL:  Fehlgeschlagene Zeile enthält (null, a1e8e964-8e16-4bf5-bed3-7a69d678c3a8, a1e8e964-82f5-452e-80ef-85ea951fe89c, admin, null, 2026-05-31 08:46:41, 2026-05-31 08:46:41).")[39m

  [31m────────────────────────────────────────────────────────────────────────────────────────────────────────────────────[39m  
  [41;1m FAILED [49;22m [1mTests\Feature\DemoSetupApiTest[22m [90m>[39m unauthenticated user cannot trigger demo setup            [41;1m QueryException [49;22m  
[39;1m  SQLSTATE[23502]: Not null violation: 7 FEHLER:  NULL-Wert in Spalte »id« von Relation »user_organisation_roles« verletzt Not-Null-Constraint
DETAIL:  Fehlgeschlagene Zeile enthält (null, a1e8e965-246e-4dfd-9d84-2ed90fdd0448, a1e8e965-1ab1-49e7-9139-3269c9da4ae6, admin, null, 2026-05-31 08:46:42, 2026-05-31 08:46:42). (Connection: pgsql, SQL: insert into "user_organisation_roles" ("created_at", "organisation_id", "role", "updated_at", "user_id") values (2026-05-31 08:46:42, a1e8e965-1ab1-49e7-9139-3269c9da4ae6, admin, 2026-05-31 08:46:42, a1e8e965-246e-4dfd-9d84-2ed90fdd0448))[39;22m

  at [32mvendor\laravel\framework\src\Illuminate\Database\Connection.php[39m:[32m825[39m
    821▕                     $this->getName(), $query, $this->prepareBindings($bindings), $e
    822▕                 );
    823▕             }
    824▕ 
  ➜ 825▕             throw new QueryException(
    826▕                 $this->getName(), $query, $this->prepareBindings($bindings), $e
    827▕             );
    828▕         }
    829▕     }

  [33m1   [39m[39;1mvendor\laravel\framework\src\Illuminate\Database\Connection.php[39;22m:[39;1m825[39;22m

  [33m2   [39m[39;1mvendor\laravel\framework\src\Illuminate\Database\Connection.php[39;22m:[39;1m571[39;22m
  [90m    NunoMaduro\Collision\Exceptions\TestException::("SQLSTATE[23502]: Not null violation: 7 FEHLER:  NULL-Wert in Spalte »id« von Relation »user_organisation_roles« verletzt Not-Null-Constraint
DETAIL:  Fehlgeschlagene Zeile enthält (null, a1e8e965-246e-4dfd-9d84-2ed90fdd0448, a1e8e965-1ab1-49e7-9139-3269c9da4ae6, admin, null, 2026-05-31 08:46:42, 2026-05-31 08:46:42).")[39m

  [31m────────────────────────────────────────────────────────────────────────────────────────────────────────────────────[39m  
  [41;1m FAILED [49;22m [1mTests\Feature\DemoSetupApiTest[22m [90m>[39m demo setup returns stats after success                    [41;1m QueryException [49;22m  
[39;1m  SQLSTATE[23502]: Not null violation: 7 FEHLER:  NULL-Wert in Spalte »id« von Relation »user_organisation_roles« verletzt Not-Null-Constraint
DETAIL:  Fehlgeschlagene Zeile enthält (null, a1e8e965-ba09-4954-96e6-e4163911ca10, a1e8e965-afb3-4616-9977-dfff7f18c223, admin, null, 2026-05-31 08:46:42, 2026-05-31 08:46:42). (Connection: pgsql, SQL: insert into "user_organisation_roles" ("created_at", "organisation_id", "role", "updated_at", "user_id") values (2026-05-31 08:46:42, a1e8e965-afb3-4616-9977-dfff7f18c223, admin, 2026-05-31 08:46:42, a1e8e965-ba09-4954-96e6-e4163911ca10))[39;22m

  at [32mvendor\laravel\framework\src\Illuminate\Database\Connection.php[39m:[32m825[39m
    821▕                     $this->getName(), $query, $this->prepareBindings($bindings), $e
    822▕                 );
    823▕             }
    824▕ 
  ➜ 825▕             throw new QueryException(
    826▕                 $this->getName(), $query, $this->prepareBindings($bindings), $e
    827▕             );
    828▕         }
    829▕     }

  [33m1   [39m[39;1mvendor\laravel\framework\src\Illuminate\Database\Connection.php[39;22m:[39;1m825[39;22m

  [33m2   [39m[39;1mvendor\laravel\framework\src\Illuminate\Database\Connection.php[39;22m:[39;1m571[39;22m
  [90m    NunoMaduro\Collision\Exceptions\TestException::("SQLSTATE[23502]: Not null violation: 7 FEHLER:  NULL-Wert in Spalte »id« von Relation »user_organisation_roles« verletzt Not-Null-Constraint
DETAIL:  Fehlgeschlagene Zeile enthält (null, a1e8e965-ba09-4954-96e6-e4163911ca10, a1e8e965-afb3-4616-9977-dfff7f18c223, admin, null, 2026-05-31 08:46:42, 2026-05-31 08:46:42).")[39m

  [31m────────────────────────────────────────────────────────────────────────────────────────────────────────────────────[39m  
  [41;1m FAILED [49;22m [1mTests\Feature\DemoSetupApiTest[22m [90m>[39m api accepts force parameter                               [41;1m QueryException [49;22m  
[39;1m  SQLSTATE[23502]: Not null violation: 7 FEHLER:  NULL-Wert in Spalte »id« von Relation »user_organisation_roles« verletzt Not-Null-Constraint
DETAIL:  Fehlgeschlagene Zeile enthält (null, a1e8e966-6b4e-4ada-aa61-d9b2fc6a5906, a1e8e966-620c-4e71-8438-6ec4f537934c, admin, null, 2026-05-31 08:46:42, 2026-05-31 08:46:42). (Connection: pgsql, SQL: insert into "user_organisation_roles" ("created_at", "organisation_id", "role", "updated_at", "user_id") values (2026-05-31 08:46:42, a1e8e966-620c-4e71-8438-6ec4f537934c, admin, 2026-05-31 08:46:42, a1e8e966-6b4e-4ada-aa61-d9b2fc6a5906))[39;22m

  at [32mvendor\laravel\framework\src\Illuminate\Database\Connection.php[39m:[32m825[39m
    821▕                     $this->getName(), $query, $this->prepareBindings($bindings), $e
    822▕                 );
    823▕             }
    824▕ 
  ➜ 825▕             throw new QueryException(
    826▕                 $this->getName(), $query, $this->prepareBindings($bindings), $e
    827▕             );
    828▕         }
    829▕     }

  [33m1   [39m[39;1mvendor\laravel\framework\src\Illuminate\Database\Connection.php[39;22m:[39;1m825[39;22m

  [33m2   [39m[39;1mvendor\laravel\framework\src\Illuminate\Database\Connection.php[39;22m:[39;1m571[39;22m
  [90m    NunoMaduro\Collision\Exceptions\TestException::("SQLSTATE[23502]: Not null violation: 7 FEHLER:  NULL-Wert in Spalte »id« von Relation »user_organisation_roles« verletzt Not-Null-Constraint
DETAIL:  Fehlgeschlagene Zeile enthält (null, a1e8e966-6b4e-4ada-aa61-d9b2fc6a5906, a1e8e966-620c-4e71-8438-6ec4f537934c, admin, null, 2026-05-31 08:46:42, 2026-05-31 08:46:42).")[39m

  [31m────────────────────────────────────────────────────────────────────────────────────────────────────────────────────[39m  
  [41;1m FAILED [49;22m [1mTests\Feature\DemoSetupApiTest[22m [90m>[39m organization voter can trigger demo setup                 [41;1m QueryException [49;22m  
[39;1m  SQLSTATE[23502]: Not null violation: 7 FEHLER:  NULL-Wert in Spalte »id« von Relation »user_organisation_roles« verletzt Not-Null-Constraint
DETAIL:  Fehlgeschlagene Zeile enthält (null, a1e8e966-fd27-46a6-a4de-51c66896b46b, a1e8e966-ea2a-4493-abb6-867995f25606, admin, null, 2026-05-31 08:46:43, 2026-05-31 08:46:43). (Connection: pgsql, SQL: insert into "user_organisation_roles" ("created_at", "organisation_id", "role", "updated_at", "user_id") values (2026-05-31 08:46:43, a1e8e966-ea2a-4493-abb6-867995f25606, admin, 2026-05-31 08:46:43, a1e8e966-fd27-46a6-a4de-51c66896b46b))[39;22m

  at [32mvendor\laravel\framework\src\Illuminate\Database\Connection.php[39m:[32m825[39m
    821▕                     $this->getName(), $query, $this->prepareBindings($bindings), $e
    822▕                 );
    823▕             }
    824▕ 
  ➜ 825▕             throw new QueryException(
    826▕                 $this->getName(), $query, $this->prepareBindings($bindings), $e
    827▕             );
    828▕         }
    829▕     }

  [33m1   [39m[39;1mvendor\laravel\framework\src\Illuminate\Database\Connection.php[39;22m:[39;1m825[39;22m

  [33m2   [39m[39;1mvendor\laravel\framework\src\Illuminate\Database\Connection.php[39;22m:[39;1m571[39;22m
  [90m    NunoMaduro\Collision\Exceptions\TestException::("SQLSTATE[23502]: Not null violation: 7 FEHLER:  NULL-Wert in Spalte »id« von Relation »user_organisation_roles« verletzt Not-Null-Constraint
DETAIL:  Fehlgeschlagene Zeile enthält (null, a1e8e966-fd27-46a6-a4de-51c66896b46b, a1e8e966-ea2a-4493-abb6-867995f25606, admin, null, 2026-05-31 08:46:43, 2026-05-31 08:46:43).")[39m

  [31m────────────────────────────────────────────────────────────────────────────────────────────────────────────────────[39m  
  [41;1m FAILED [49;22m [1mTests\Feature\DemoSetupCommandTest[22m [90m>[39m demo setup command works in mode1                                       
[39;1m  Failed asserting that a row in the table [elections] matches the attributes {
    "type": "demo",
    "organisation_id": null
}.

Found similar results: [
    {
        "type": "demo",
        "organisation_id": "8011b498-8905-423d-b20f-3a958a3be1c5"
    }
].[39;22m

  at [32mtests\Feature\DemoSetupCommandTest.php[39m:[32m30[39m
     26▕         // Run demo:setup without org (MODE 1)
     27▕         Artisan::call('demo:setup', ['--force' => true]);
     28▕ 
     29▕         // Verify database records created with NULL org
  ➜  30▕         $this->assertDatabaseHas('elections', [
     31▕             'type' => 'demo',
     32▕             'organisation_id' => null
     33▕         ]);
     34▕

  [31m────────────────────────────────────────────────────────────────────────────────────────────────────────────────────[39m  
  [41;1m FAILED [49;22m [1mTests\Feature\DemoSetupCommandTest[22m [90m>[39m demo setup command works in mode2 with explicit org                     
[39;1m  Demo posts should be created with organisation_id = a1e8e968-d6d4-4dd7-bb5e-7e45cd0bcc08
Failed asserting that false is true.[39;22m

  at [32mtests\Feature\DemoSetupCommandTest.php[39m:[32m72[39m
     68▕             'type' => 'demo',
     69▕             'organisation_id' => $orgId
     70▕         ]);
     71▕ 
  ➜  72▕         $this->assertTrue(
     73▕             DemoPost::where('organisation_id', $orgId)->exists(),
     74▕             "Demo posts should be created with organisation_id = {$orgId}"
     75▕         );
     76▕

  [33m1   [39m[39;1mtests\Feature\DemoSetupCommandTest.php[39;22m:[39;1m72[39;22m

  [31m────────────────────────────────────────────────────────────────────────────────────────────────────────────────────[39m  
  [41;1m FAILED [49;22m [1mTests\Feature\DemoSetupCommandTest[22m [90m>[39m demo setup creates correct number of records                            
[39;1m  Failed asserting that 0 matches expected 3.[39;22m

  at [32mtests\Feature\DemoSetupCommandTest.php[39m:[32m186[39m
    182▕         )->count();
    183▕ 
    184▕         // Verify expected counts
    185▕         $this->assertEquals(1, $electionCount);
  ➜ 186▕         $this->assertEquals(3, $postCount);
    187▕         $this->assertEquals(7, $candidacyCount);
    188▕         $this->assertEquals(3, $codeCount);
    189▕     }
    190▕

  [33m1   [39m[39;1mtests\Feature\DemoSetupCommandTest.php[39;22m:[39;1m186[39;22m

  [31m────────────────────────────────────────────────────────────────────────────────────────────────────────────────────[39m  
  [41;1m FAILED [49;22m [1mTests\Feature\DemoSetupCommandTest[22m [90m>[39m demo setup mode1 and mode2 data are isolated                            
[39;1m  Failed asserting that 0 matches expected 3.[39;22m

  at [32mtests\Feature\DemoSetupCommandTest.php[39m:[32m233[39m
    229▕                 ->where('organisation_id', $org2->id)
    230▕                 ->pluck('id')
    231▕         )->count();
    232▕ 
  ➜ 233▕         $this->assertEquals(3, $publicPosts);
    234▕         $this->assertEquals(3, $org1Posts);
    235▕         $this->assertEquals(3, $org2Posts);
    236▕     }
    237▕

  [33m1   [39m[39;1mtests\Feature\DemoSetupCommandTest.php[39;22m:[39;1m233[39;22m

  [31m────────────────────────────────────────────────────────────────────────────────────────────────────────────────────[39m  
  [41;1m FAILED [49;22m [1mTests\Feature\DemoSetupCommandTest[22m [90m>[39m demo setup clean option deletes without confirmation                    
[39;1m  Failed asserting that a row in the table [elections] does not match the attributes {
    "type": "demo",
    "organisation_id": "a1e8e96e-1d4e-482c-a72a-3e4b7f662f23"
}.

Found similar results: [
    {
        "type": "demo",
        "organisation_id": "a1e8e96e-1d4e-482c-a72a-3e4b7f662f23"
    }
].[39;22m

  at [32mtests\Feature\DemoSetupCommandTest.php[39m:[32m261[39m
    257▕         // Run clean
    258▕         Artisan::call('demo:setup', ['--org' => $org->id, '--clean' => true]);
    259▕ 
    260▕         // Verify data is gone
  ➜ 261▕         $this->assertDatabaseMissing('elections', [
    262▕             'type' => 'demo',
    263▕             'organisation_id' => $org->id
    264▕         ]);
    265▕     }

  [31m────────────────────────────────────────────────────────────────────────────────────────────────────────────────────[39m  
  [41;1m FAILED [49;22m [1mTests\Feature\DemoVoteCompleteFlowTest[22m [90m>[39m complete demo voting flow mode1                   [41;1m QueryException [49;22m  
[39;1m  SQLSTATE[23502]: Not null violation: 7 FEHLER:  NULL-Wert in Spalte »organisation_id« von Relation »users« verletzt Not-Null-Constraint
DETAIL:  Fehlgeschlagene Zeile enthält (a1e8e96f-8043-4886-978b-f816f8bea26b, null, Marques Hagenes, Arizona, heidenreich.karianne@example.org, 2026-05-31 08:46:48, $2y$10$92IXUNpkjO0rOQ5byMi.Ye4oKoEa3Ro9llC/.og/at2.uheWG/igi, 6zsWcXHhL0, 2026-05-31 08:46:48, 2026-05-31 08:46:48, null, null, null, null, null, null, null, null, null, null, null, null, null, null, null, null, null, anonymous, null, null, f, null, f, null). (Connection: pgsql, SQL: insert into "users" ("name", "email", "email_verified_at", "password", "remember_token", "region", "organisation_id", "is_committee_member", "id", "updated_at", "created_at") values (Marques Hagenes, heidenreich.karianne@example.org, 2026-05-31 08:46:48, $2y$10$92IXUNpkjO0rOQ5byMi.Ye4oKoEa3Ro9llC/.og/at2.uheWG/igi, 6zsWcXHhL0, Arizona, ?, 0, a1e8e96f-8043-4886-978b-f816f8bea26b, 2026-05-31 08:46:48, 2026-05-31 08:46:48))[39;22m

  at [32mvendor\laravel\framework\src\Illuminate\Database\Connection.php[39m:[32m825[39m
    821▕                     $this->getName(), $query, $this->prepareBindings($bindings), $e
    822▕                 );
    823▕             }
    824▕ 
  ➜ 825▕             throw new QueryException(
    826▕                 $this->getName(), $query, $this->prepareBindings($bindings), $e
    827▕             );
    828▕         }
    829▕     }

  [33m1   [39m[39;1mvendor\laravel\framework\src\Illuminate\Database\Connection.php[39;22m:[39;1m825[39;22m

  [33m2   [39m[39;1mvendor\laravel\framework\src\Illuminate\Database\Connection.php[39;22m:[39;1m571[39;22m
  [90m    NunoMaduro\Collision\Exceptions\TestException::("SQLSTATE[23502]: Not null violation: 7 FEHLER:  NULL-Wert in Spalte »organisation_id« von Relation »users« verletzt Not-Null-Constraint
DETAIL:  Fehlgeschlagene Zeile enthält (a1e8e96f-8043-4886-978b-f816f8bea26b, null, Marques Hagenes, Arizona, heidenreich.karianne@example.org, 2026-05-31 08:46:48, $2y$10$92IXUNpkjO0rOQ5byMi.Ye4oKoEa3Ro9llC/.og/at2.uheWG/igi, 6zsWcXHhL0, 2026-05-31 08:46:48, 2026-05-31 08:46:48, null, null, null, null, null, null, null, null, null, null, null, null, null, null, null, null, null, anonymous, null, null, f, null, f, null).")[39m

  [31m────────────────────────────────────────────────────────────────────────────────────────────────────────────────────[39m  
  [41;1m FAILED [49;22m [1mTests\Feature\DemoVoteCompleteFlowTest[22m [90m>[39m complete demo voting flow mode2                   [41;1m QueryException [49;22m  
[39;1m  SQLSTATE[22P02]: Invalid text representation: 7 FEHLER:  ungültige Eingabesyntax für Typ uuid: »1«
CONTEXT:  unbenanntes Portal Parameter $7 = '...' (Connection: pgsql, SQL: insert into "users" ("name", "email", "email_verified_at", "password", "remember_token", "region", "organisation_id", "is_committee_member", "id", "updated_at", "created_at") values (Elenora Abshire, christiansen.briana@example.com, 2026-05-31 08:46:49, $2y$10$92IXUNpkjO0rOQ5byMi.Ye4oKoEa3Ro9llC/.og/at2.uheWG/igi, OqH1npXnGT, South Carolina, 1, 0, a1e8e970-38c1-441b-9845-b6b8a148a945, 2026-05-31 08:46:49, 2026-05-31 08:46:49))[39;22m

  at [32mvendor\laravel\framework\src\Illuminate\Database\Connection.php[39m:[32m825[39m
    821▕                     $this->getName(), $query, $this->prepareBindings($bindings), $e
    822▕                 );
    823▕             }
    824▕ 
  ➜ 825▕             throw new QueryException(
    826▕                 $this->getName(), $query, $this->prepareBindings($bindings), $e
    827▕             );
    828▕         }
    829▕     }

  [33m1   [39m[39;1mvendor\laravel\framework\src\Illuminate\Database\Connection.php[39;22m:[39;1m825[39;22m

  [33m2   [39m[39;1mvendor\laravel\framework\src\Illuminate\Database\Connection.php[39;22m:[39;1m571[39;22m
  [90m    NunoMaduro\Collision\Exceptions\TestException::("SQLSTATE[22P02]: Invalid text representation: 7 FEHLER:  ungültige Eingabesyntax für Typ uuid: »1«
CONTEXT:  unbenanntes Portal Parameter $7 = '...'")[39m

  [31m────────────────────────────────────────────────────────────────────────────────────────────────────────────────────[39m  
  [41;1m FAILED [49;22m [1mTests\Feature\DemoVoteIsolationTest[22m [90m>[39m mode1 and mode2 data are completely isolated         [41;1m QueryException [49;22m  
[39;1m  SQLSTATE[23502]: Not null violation: 7 FEHLER:  NULL-Wert in Spalte »organisation_id« von Relation »elections« verletzt Not-Null-Constraint
DETAIL:  Fehlgeschlagene Zeile enthält (a1e8e970-d781-462e-a50a-485f948608a1, null, Public Demo, public-demo, null, demo, planned, null, null, t, null, 2026-05-31 08:46:49, 2026-05-31 08:46:49, null, f, f, 4, null, f, No vote / Abstain, maximum, null, null, 0, null, null, null, block, strict, none, null, null, null, f, null, null, null, f, null, null, null, t, 7, null, f, null, null, f, null, 0, 0, 0, 0, 0, 0, draft, null, null, null, null, null, null, null, null, 0, null, null, null, null, null, null, null, null, null, null, null, ip_count, none, 6, single_code, f, null, null, null, D.2.5, null). (Connection: pgsql, SQL: insert into "elections" ("name", "slug", "type", "organisation_id", "id", "updated_at", "created_at") values (Public Demo, public-demo, demo, ?, a1e8e970-d781-462e-a50a-485f948608a1, 2026-05-31 08:46:49, 2026-05-31 08:46:49))[39;22m

  at [32mvendor\laravel\framework\src\Illuminate\Database\Connection.php[39m:[32m825[39m
    821▕                     $this->getName(), $query, $this->prepareBindings($bindings), $e
    822▕                 );
    823▕             }
    824▕ 
  ➜ 825▕             throw new QueryException(
    826▕                 $this->getName(), $query, $this->prepareBindings($bindings), $e
    827▕             );
    828▕         }
    829▕     }

  [33m1   [39m[39;1mvendor\laravel\framework\src\Illuminate\Database\Connection.php[39;22m:[39;1m825[39;22m

  [33m2   [39m[39;1mvendor\laravel\framework\src\Illuminate\Database\Connection.php[39;22m:[39;1m571[39;22m
  [90m    NunoMaduro\Collision\Exceptions\TestException::("SQLSTATE[23502]: Not null violation: 7 FEHLER:  NULL-Wert in Spalte »organisation_id« von Relation »elections« verletzt Not-Null-Constraint
DETAIL:  Fehlgeschlagene Zeile enthält (a1e8e970-d781-462e-a50a-485f948608a1, null, Public Demo, public-demo, null, demo, planned, null, null, t, null, 2026-05-31 08:46:49, 2026-05-31 08:46:49, null, f, f, 4, null, f, No vote / Abstain, maximum, null, null, 0, null, null, null, block, strict, none, null, null, null, f, null, null, null, f, null, null, null, t, 7, null, f, null, null, f, null, 0, 0, 0, 0, 0, 0, draft, null, null, null, null, null, null, null, null, 0, null, null, null, null, null, null, null, null, null, null, null, ip_count, none, 6, single_code, f, null, null, null, D.2.5, null).")[39m

  [31m────────────────────────────────────────────────────────────────────────────────────────────────────────────────────[39m  
  [41;1m FAILED [49;22m [1mTests\Feature\DemoVoteMode1Test[22m [90m>[39m mode1 public demo allows voting without org              [41;1m QueryException [49;22m  
[39;1m  SQLSTATE[23502]: Not null violation: 7 FEHLER:  NULL-Wert in Spalte »organisation_id« von Relation »users« verletzt Not-Null-Constraint
DETAIL:  Fehlgeschlagene Zeile enthält (a1e8e971-8912-4253-9258-6970c76442b2, null, Prof. Saul Wilkinson II, Iowa, andrew96@example.com, 2026-05-31 08:46:50, $2y$10$92IXUNpkjO0rOQ5byMi.Ye4oKoEa3Ro9llC/.og/at2.uheWG/igi, VAHqO8zWAM, 2026-05-31 08:46:50, 2026-05-31 08:46:50, null, null, null, null, null, null, null, null, null, null, null, null, null, null, null, null, null, anonymous, null, null, f, null, f, null). (Connection: pgsql, SQL: insert into "users" ("name", "email", "email_verified_at", "password", "remember_token", "region", "organisation_id", "is_committee_member", "id", "updated_at", "created_at") values (Prof. Saul Wilkinson II, andrew96@example.com, 2026-05-31 08:46:50, $2y$10$92IXUNpkjO0rOQ5byMi.Ye4oKoEa3Ro9llC/.og/at2.uheWG/igi, VAHqO8zWAM, Iowa, ?, 0, a1e8e971-8912-4253-9258-6970c76442b2, 2026-05-31 08:46:50, 2026-05-31 08:46:50))[39;22m

  at [32mvendor\laravel\framework\src\Illuminate\Database\Connection.php[39m:[32m825[39m
    821▕                     $this->getName(), $query, $this->prepareBindings($bindings), $e
    822▕                 );
    823▕             }
    824▕ 
  ➜ 825▕             throw new QueryException(
    826▕                 $this->getName(), $query, $this->prepareBindings($bindings), $e
    827▕             );
    828▕         }
    829▕     }

  [33m1   [39m[39;1mvendor\laravel\framework\src\Illuminate\Database\Connection.php[39;22m:[39;1m825[39;22m

  [33m2   [39m[39;1mvendor\laravel\framework\src\Illuminate\Database\Connection.php[39;22m:[39;1m571[39;22m
  [90m    NunoMaduro\Collision\Exceptions\TestException::("SQLSTATE[23502]: Not null violation: 7 FEHLER:  NULL-Wert in Spalte »organisation_id« von Relation »users« verletzt Not-Null-Constraint
DETAIL:  Fehlgeschlagene Zeile enthält (a1e8e971-8912-4253-9258-6970c76442b2, null, Prof. Saul Wilkinson II, Iowa, andrew96@example.com, 2026-05-31 08:46:50, $2y$10$92IXUNpkjO0rOQ5byMi.Ye4oKoEa3Ro9llC/.og/at2.uheWG/igi, VAHqO8zWAM, 2026-05-31 08:46:50, 2026-05-31 08:46:50, null, null, null, null, null, null, null, null, null, null, null, null, null, null, null, null, null, anonymous, null, null, f, null, f, null).")[39m

  [31m────────────────────────────────────────────────────────────────────────────────────────────────────────────────────[39m  
  [41;1m FAILED [49;22m [1mTests\Feature\DemoVoteMode2Test[22m [90m>[39m mode2 org demo only shows org specific data              [41;1m QueryException [49;22m  
[39;1m  SQLSTATE[22P02]: Invalid text representation: 7 FEHLER:  ungültige Eingabesyntax für Typ uuid: »1«
CONTEXT:  unbenanntes Portal Parameter $7 = '...' (Connection: pgsql, SQL: insert into "users" ("name", "email", "email_verified_at", "password", "remember_token", "region", "organisation_id", "is_committee_member", "id", "updated_at", "created_at") values (Savion Orn, jorge62@example.com, 2026-05-31 08:46:50, $2y$10$92IXUNpkjO0rOQ5byMi.Ye4oKoEa3Ro9llC/.og/at2.uheWG/igi, OCrsIaegEe, Delaware, 1, 0, a1e8e972-49dc-4b7b-8eea-5241b939bcfa, 2026-05-31 08:46:50, 2026-05-31 08:46:50))[39;22m

  at [32mvendor\laravel\framework\src\Illuminate\Database\Connection.php[39m:[32m825[39m
    821▕                     $this->getName(), $query, $this->prepareBindings($bindings), $e
    822▕                 );
    823▕             }
    824▕ 
  ➜ 825▕             throw new QueryException(
    826▕                 $this->getName(), $query, $this->prepareBindings($bindings), $e
    827▕             );
    828▕         }
    829▕     }

  [33m1   [39m[39;1mvendor\laravel\framework\src\Illuminate\Database\Connection.php[39;22m:[39;1m825[39;22m

  [33m2   [39m[39;1mvendor\laravel\framework\src\Illuminate\Database\Connection.php[39;22m:[39;1m571[39;22m
  [90m    NunoMaduro\Collision\Exceptions\TestException::("SQLSTATE[22P02]: Invalid text representation: 7 FEHLER:  ungültige Eingabesyntax für Typ uuid: »1«
CONTEXT:  unbenanntes Portal Parameter $7 = '...'")[39m

  [31m────────────────────────────────────────────────────────────────────────────────────────────────────────────────────[39m  
  [41;1m FAILED [49;22m [1mTests\Feature\DemoVoteOrganisationTest[22m [90m>[39m mode1 demo vote gets null organisation id         [41;1m QueryException [49;22m  
[39;1m  SQLSTATE[42704]: Undefined object: 7 FEHLER:  unbekannter Konfigurationsparameter »foreign_key_checks« (Connection: pgsql, SQL: SET FOREIGN_KEY_CHECKS=0)[39;22m

  at [32mvendor\laravel\framework\src\Illuminate\Database\Connection.php[39m:[32m825[39m
    821▕                     $this->getName(), $query, $this->prepareBindings($bindings), $e
    822▕                 );
    823▕             }
    824▕ 
  ➜ 825▕             throw new QueryException(
    826▕                 $this->getName(), $query, $this->prepareBindings($bindings), $e
    827▕             );
    828▕         }
    829▕     }

  [33m1   [39m[39;1mvendor\laravel\framework\src\Illuminate\Database\Connection.php[39;22m:[39;1m825[39;22m

  [33m2   [39m[39;1mvendor\laravel\framework\src\Illuminate\Database\Connection.php[39;22m:[39;1m571[39;22m
  [90m    NunoMaduro\Collision\Exceptions\TestException::("SQLSTATE[42704]: Undefined object: 7 FEHLER:  unbekannter Konfigurationsparameter »foreign_key_checks«")[39m

  [31m────────────────────────────────────────────────────────────────────────────────────────────────────────────────────[39m  
  [41;1m FAILED [49;22m [1mTests\Feature\DemoVoteOrganisationTest[22m [90m>[39m mode2 demo vote gets organisation id when user h… [41;1m QueryException [49;22m  
[39;1m  SQLSTATE[42704]: Undefined object: 7 FEHLER:  unbekannter Konfigurationsparameter »foreign_key_checks« (Connection: pgsql, SQL: SET FOREIGN_KEY_CHECKS=0)[39;22m

  at [32mvendor\laravel\framework\src\Illuminate\Database\Connection.php[39m:[32m825[39m
    821▕                     $this->getName(), $query, $this->prepareBindings($bindings), $e
    822▕                 );
    823▕             }
    824▕ 
  ➜ 825▕             throw new QueryException(
    826▕                 $this->getName(), $query, $this->prepareBindings($bindings), $e
    827▕             );
    828▕         }
    829▕     }

  [33m1   [39m[39;1mvendor\laravel\framework\src\Illuminate\Database\Connection.php[39;22m:[39;1m825[39;22m

  [33m2   [39m[39;1mvendor\laravel\framework\src\Illuminate\Database\Connection.php[39;22m:[39;1m571[39;22m
  [90m    NunoMaduro\Collision\Exceptions\TestException::("SQLSTATE[42704]: Undefined object: 7 FEHLER:  unbekannter Konfigurationsparameter »foreign_key_checks«")[39m

  [31m────────────────────────────────────────────────────────────────────────────────────────────────────────────────────[39m  
  [41;1m FAILED [49;22m [1mTests\Feature\DemoVoteOrganisationTest[22m [90m>[39m mode2 demo result gets organisation id            [41;1m QueryException [49;22m  
[39;1m  SQLSTATE[42704]: Undefined object: 7 FEHLER:  unbekannter Konfigurationsparameter »foreign_key_checks« (Connection: pgsql, SQL: SET FOREIGN_KEY_CHECKS=0)[39;22m

  at [32mvendor\laravel\framework\src\Illuminate\Database\Connection.php[39m:[32m825[39m
    821▕                     $this->getName(), $query, $this->prepareBindings($bindings), $e
    822▕                 );
    823▕             }
    824▕ 
  ➜ 825▕             throw new QueryException(
    826▕                 $this->getName(), $query, $this->prepareBindings($bindings), $e
    827▕             );
    828▕         }
    829▕     }

  [33m1   [39m[39;1mvendor\laravel\framework\src\Illuminate\Database\Connection.php[39;22m:[39;1m825[39;22m

  [33m2   [39m[39;1mvendor\laravel\framework\src\Illuminate\Database\Connection.php[39;22m:[39;1m571[39;22m
  [90m    NunoMaduro\Collision\Exceptions\TestException::("SQLSTATE[42704]: Undefined object: 7 FEHLER:  unbekannter Konfigurationsparameter »foreign_key_checks«")[39m

  [31m────────────────────────────────────────────────────────────────────────────────────────────────────────────────────[39m  
  [41;1m FAILED [49;22m [1mTests\Feature\DemoVoteOrganisationTest[22m [90m>[39m org1 demo votes are isolated from org2            [41;1m QueryException [49;22m  
[39;1m  SQLSTATE[42704]: Undefined object: 7 FEHLER:  unbekannter Konfigurationsparameter »foreign_key_checks« (Connection: pgsql, SQL: SET FOREIGN_KEY_CHECKS=0)[39;22m

  at [32mvendor\laravel\framework\src\Illuminate\Database\Connection.php[39m:[32m825[39m
    821▕                     $this->getName(), $query, $this->prepareBindings($bindings), $e
    822▕                 );
    823▕             }
    824▕ 
  ➜ 825▕             throw new QueryException(
    826▕                 $this->getName(), $query, $this->prepareBindings($bindings), $e
    827▕             );
    828▕         }
    829▕     }

  [33m1   [39m[39;1mvendor\laravel\framework\src\Illuminate\Database\Connection.php[39;22m:[39;1m825[39;22m

  [33m2   [39m[39;1mvendor\laravel\framework\src\Illuminate\Database\Connection.php[39;22m:[39;1m571[39;22m
  [90m    NunoMaduro\Collision\Exceptions\TestException::("SQLSTATE[42704]: Undefined object: 7 FEHLER:  unbekannter Konfigurationsparameter »foreign_key_checks«")[39m

  [31m────────────────────────────────────────────────────────────────────────────────────────────────────────────────────[39m  
  [41;1m FAILED [49;22m [1mTests\Feature\DemoVoteOrganisationTest[22m [90m>[39m mode1 and mode2 demo votes are isolated           [41;1m QueryException [49;22m  
[39;1m  SQLSTATE[42704]: Undefined object: 7 FEHLER:  unbekannter Konfigurationsparameter »foreign_key_checks« (Connection: pgsql, SQL: SET FOREIGN_KEY_CHECKS=0)[39;22m

  at [32mvendor\laravel\framework\src\Illuminate\Database\Connection.php[39m:[32m825[39m
    821▕                     $this->getName(), $query, $this->prepareBindings($bindings), $e
    822▕                 );
    823▕             }
    824▕ 
  ➜ 825▕             throw new QueryException(
    826▕                 $this->getName(), $query, $this->prepareBindings($bindings), $e
    827▕             );
    828▕         }
    829▕     }

  [33m1   [39m[39;1mvendor\laravel\framework\src\Illuminate\Database\Connection.php[39;22m:[39;1m825[39;22m

  [33m2   [39m[39;1mvendor\laravel\framework\src\Illuminate\Database\Connection.php[39;22m:[39;1m571[39;22m
  [90m    NunoMaduro\Collision\Exceptions\TestException::("SQLSTATE[42704]: Undefined object: 7 FEHLER:  unbekannter Konfigurationsparameter »foreign_key_checks«")[39m

  [31m────────────────────────────────────────────────────────────────────────────────────────────────────────────────────[39m  
  [41;1m FAILED [49;22m [1mTests\Feature\DemoVoteOrganisationTest[22m [90m>[39m demo vote respects explicit organisation id       [41;1m QueryException [49;22m  
[39;1m  SQLSTATE[42704]: Undefined object: 7 FEHLER:  unbekannter Konfigurationsparameter »foreign_key_checks« (Connection: pgsql, SQL: SET FOREIGN_KEY_CHECKS=0)[39;22m

  at [32mvendor\laravel\framework\src\Illuminate\Database\Connection.php[39m:[32m825[39m
    821▕                     $this->getName(), $query, $this->prepareBindings($bindings), $e
    822▕                 );
    823▕             }
    824▕ 
  ➜ 825▕             throw new QueryException(
    826▕                 $this->getName(), $query, $this->prepareBindings($bindings), $e
    827▕             );
    828▕         }
    829▕     }

  [33m1   [39m[39;1mvendor\laravel\framework\src\Illuminate\Database\Connection.php[39;22m:[39;1m825[39;22m

  [33m2   [39m[39;1mvendor\laravel\framework\src\Illuminate\Database\Connection.php[39;22m:[39;1m571[39;22m
  [90m    NunoMaduro\Collision\Exceptions\TestException::("SQLSTATE[42704]: Undefined object: 7 FEHLER:  unbekannter Konfigurationsparameter »foreign_key_checks«")[39m

  [31m────────────────────────────────────────────────────────────────────────────────────────────────────────────────────[39m  
  [41;1m FAILED [49;22m [1mTests\Feature\DemoVoteOrganisationTest[22m [90m>[39m complete demo to real workflow with organisation  [41;1m QueryException [49;22m  
[39;1m  SQLSTATE[42704]: Undefined object: 7 FEHLER:  unbekannter Konfigurationsparameter »foreign_key_checks« (Connection: pgsql, SQL: SET FOREIGN_KEY_CHECKS=0)[39;22m

  at [32mvendor\laravel\framework\src\Illuminate\Database\Connection.php[39m:[32m825[39m
    821▕                     $this->getName(), $query, $this->prepareBindings($bindings), $e
    822▕                 );
    823▕             }
    824▕ 
  ➜ 825▕             throw new QueryException(
    826▕                 $this->getName(), $query, $this->prepareBindings($bindings), $e
    827▕             );
    828▕         }
    829▕     }

  [33m1   [39m[39;1mvendor\laravel\framework\src\Illuminate\Database\Connection.php[39;22m:[39;1m825[39;22m

  [33m2   [39m[39;1mvendor\laravel\framework\src\Illuminate\Database\Connection.php[39;22m:[39;1m571[39;22m
  [90m    NunoMaduro\Collision\Exceptions\TestException::("SQLSTATE[42704]: Undefined object: 7 FEHLER:  unbekannter Konfigurationsparameter »foreign_key_checks«")[39m

  [31m────────────────────────────────────────────────────────────────────────────────────────────────────────────────────[39m  
  [41;1m FAILED [49;22m [1mTests\Feature\DemoVoteVerificationCodeTest[22m [90m>[39m generated verification code matches stored c… [41;1m QueryException [49;22m  
[39;1m  SQLSTATE[23502]: Not null violation: 7 FEHLER:  NULL-Wert in Spalte »organisation_id« von Relation »demo_votes« verletzt Not-Null-Constraint
DETAIL:  Fehlgeschlagene Zeile enthält (a1e8e977-75cc-483d-9e65-aae4ff4d677b, null, a1e8e977-5dff-483d-8332-dd9584aa5270, afd2f7c3ac5bc4f41da3a4233f36666eb45e3a41ec018051ce7d8c98a5d400bd, f, null, null, 2026-05-31 08:46:54, 2026-05-31 08:46:54, null, null, null, 2026-05-31 08:46:54, null, null, null, null, null, null, null, null, null, null, null, null, null, null, null, null, null, null, null, null, null, null, null, null, null, null, null, null, null, null, null, null, null, null, null, null, null, null, null, null, null, null, null, null, null, null, null, null, null, null, null, null, null, null, null, null, null, null, null, null, null, null, null, null, null, null). (Connection: pgsql, SQL: insert into "demo_votes" ("election_id", "id", "organisation_id", "receipt_hash", "cast_at", "updated_at", "created_at") values (a1e8e977-5dff-483d-8332-dd9584aa5270, a1e8e977-75cc-483d-9e65-aae4ff4d677b, ?, afd2f7c3ac5bc4f41da3a4233f36666eb45e3a41ec018051ce7d8c98a5d400bd, 2026-05-31 08:46:54, 2026-05-31 08:46:54, 2026-05-31 08:46:54))[39;22m

  at [32mvendor\laravel\framework\src\Illuminate\Database\Connection.php[39m:[32m825[39m
    821▕                     $this->getName(), $query, $this->prepareBindings($bindings), $e
    822▕                 );
    823▕             }
    824▕ 
  ➜ 825▕             throw new QueryException(
    826▕                 $this->getName(), $query, $this->prepareBindings($bindings), $e
    827▕             );
    828▕         }
    829▕     }

  [33m1   [39m[39;1mvendor\laravel\framework\src\Illuminate\Database\Connection.php[39;22m:[39;1m825[39;22m

  [33m2   [39m[39;1mvendor\laravel\framework\src\Illuminate\Database\Connection.php[39;22m:[39;1m571[39;22m
  [90m    NunoMaduro\Collision\Exceptions\TestException::("SQLSTATE[23502]: Not null violation: 7 FEHLER:  NULL-Wert in Spalte »organisation_id« von Relation »demo_votes« verletzt Not-Null-Constraint
DETAIL:  Fehlgeschlagene Zeile enthält (a1e8e977-75cc-483d-9e65-aae4ff4d677b, null, a1e8e977-5dff-483d-8332-dd9584aa5270, afd2f7c3ac5bc4f41da3a4233f36666eb45e3a41ec018051ce7d8c98a5d400bd, f, null, null, 2026-05-31 08:46:54, 2026-05-31 08:46:54, null, null, null, 2026-05-31 08:46:54, null, null, null, null, null, null, null, null, null, null, null, null, null, null, null, null, null, null, null, null, null, null, null, null, null, null, null, null, null, null, null, null, null, null, null, null, null, null, null, null, null, null, null, null, null, null, null, null, null, null, null, null, null, null, null, null, null, null, null, null, null, null, null, null, null, null).")[39m

  [31m────────────────────────────────────────────────────────────────────────────────────────────────────────────────────[39m  
  [41;1m FAILED [49;22m [1mTests\Feature\DemoVoteVerificationCodeTest[22m [90m>[39m lookup demo vote by verification code finds…  [41;1m QueryException [49;22m  
[39;1m  SQLSTATE[23502]: Not null violation: 7 FEHLER:  NULL-Wert in Spalte »organisation_id« von Relation »demo_votes« verletzt Not-Null-Constraint
DETAIL:  Fehlgeschlagene Zeile enthält (a1e8e978-1704-4975-a8d0-3075d5ccc987, null, a1e8e977-fee5-4451-a1f7-687b7c16d028, 230b326faff176bf39ac52122ce0cab47596d37c495f196da2edf9d88cb79962, f, null, null, 2026-05-31 08:46:54, 2026-05-31 08:46:54, null, null, null, 2026-05-31 08:46:54, null, null, null, null, null, null, null, null, null, null, null, null, null, null, null, null, null, null, null, null, null, null, null, null, null, null, null, null, null, null, null, null, null, null, null, null, null, null, null, null, null, null, null, null, null, null, null, null, null, null, null, null, null, null, null, null, null, null, null, null, null, null, null, null, null, null). (Connection: pgsql, SQL: insert into "demo_votes" ("election_id", "id", "organisation_id", "receipt_hash", "cast_at", "updated_at", "created_at") values (a1e8e977-fee5-4451-a1f7-687b7c16d028, a1e8e978-1704-4975-a8d0-3075d5ccc987, ?, 230b326faff176bf39ac52122ce0cab47596d37c495f196da2edf9d88cb79962, 2026-05-31 08:46:54, 2026-05-31 08:46:54, 2026-05-31 08:46:54))[39;22m

  at [32mvendor\laravel\framework\src\Illuminate\Database\Connection.php[39m:[32m825[39m
    821▕                     $this->getName(), $query, $this->prepareBindings($bindings), $e
    822▕                 );
    823▕             }
    824▕ 
  ➜ 825▕             throw new QueryException(
    826▕                 $this->getName(), $query, $this->prepareBindings($bindings), $e
    827▕             );
    828▕         }
    829▕     }

  [33m1   [39m[39;1mvendor\laravel\framework\src\Illuminate\Database\Connection.php[39;22m:[39;1m825[39;22m

  [33m2   [39m[39;1mvendor\laravel\framework\src\Illuminate\Database\Connection.php[39;22m:[39;1m571[39;22m
  [90m    NunoMaduro\Collision\Exceptions\TestException::("SQLSTATE[23502]: Not null violation: 7 FEHLER:  NULL-Wert in Spalte »organisation_id« von Relation »demo_votes« verletzt Not-Null-Constraint
DETAIL:  Fehlgeschlagene Zeile enthält (a1e8e978-1704-4975-a8d0-3075d5ccc987, null, a1e8e977-fee5-4451-a1f7-687b7c16d028, 230b326faff176bf39ac52122ce0cab47596d37c495f196da2edf9d88cb79962, f, null, null, 2026-05-31 08:46:54, 2026-05-31 08:46:54, null, null, null, 2026-05-31 08:46:54, null, null, null, null, null, null, null, null, null, null, null, null, null, null, null, null, null, null, null, null, null, null, null, null, null, null, null, null, null, null, null, null, null, null, null, null, null, null, null, null, null, null, null, null, null, null, null, null, null, null, null, null, null, null, null, null, null, null, null, null, null, null, null, null, null, null).")[39m

  [31m────────────────────────────────────────────────────────────────────────────────────────────────────────────────────[39m  
  [41;1m FAILED [49;22m [1mTests\Feature\DemoVoteVerificationCodeTest[22m [90m>[39m whitespace handling in verification code      [41;1m QueryException [49;22m  
[39;1m  SQLSTATE[23502]: Not null violation: 7 FEHLER:  NULL-Wert in Spalte »organisation_id« von Relation »demo_votes« verletzt Not-Null-Constraint
DETAIL:  Fehlgeschlagene Zeile enthält (a1e8e978-c48f-4bf5-ad58-de36a80bb36e, null, a1e8e978-a906-4a5d-8473-6335d91053a7, 45223fa8378c7286100e78ca993cfcbad49f3d219693b9b6b8e816ddc659b5f6, f, null, null, 2026-05-31 08:46:54, 2026-05-31 08:46:54, null, null, null, 2026-05-31 08:46:54, null, null, null, null, null, null, null, null, null, null, null, null, null, null, null, null, null, null, null, null, null, null, null, null, null, null, null, null, null, null, null, null, null, null, null, null, null, null, null, null, null, null, null, null, null, null, null, null, null, null, null, null, null, null, null, null, null, null, null, null, null, null, null, null, null, null). (Connection: pgsql, SQL: insert into "demo_votes" ("election_id", "id", "organisation_id", "receipt_hash", "cast_at", "updated_at", "created_at") values (a1e8e978-a906-4a5d-8473-6335d91053a7, a1e8e978-c48f-4bf5-ad58-de36a80bb36e, ?, 45223fa8378c7286100e78ca993cfcbad49f3d219693b9b6b8e816ddc659b5f6, 2026-05-31 08:46:54, 2026-05-31 08:46:54, 2026-05-31 08:46:54))[39;22m

  at [32mvendor\laravel\framework\src\Illuminate\Database\Connection.php[39m:[32m825[39m
    821▕                     $this->getName(), $query, $this->prepareBindings($bindings), $e
    822▕                 );
    823▕             }
    824▕ 
  ➜ 825▕             throw new QueryException(
    826▕                 $this->getName(), $query, $this->prepareBindings($bindings), $e
    827▕             );
    828▕         }
    829▕     }

  [33m1   [39m[39;1mvendor\laravel\framework\src\Illuminate\Database\Connection.php[39;22m:[39;1m825[39;22m

  [33m2   [39m[39;1mvendor\laravel\framework\src\Illuminate\Database\Connection.php[39;22m:[39;1m571[39;22m
  [90m    NunoMaduro\Collision\Exceptions\TestException::("SQLSTATE[23502]: Not null violation: 7 FEHLER:  NULL-Wert in Spalte »organisation_id« von Relation »demo_votes« verletzt Not-Null-Constraint
DETAIL:  Fehlgeschlagene Zeile enthält (a1e8e978-c48f-4bf5-ad58-de36a80bb36e, null, a1e8e978-a906-4a5d-8473-6335d91053a7, 45223fa8378c7286100e78ca993cfcbad49f3d219693b9b6b8e816ddc659b5f6, f, null, null, 2026-05-31 08:46:54, 2026-05-31 08:46:54, null, null, null, 2026-05-31 08:46:54, null, null, null, null, null, null, null, null, null, null, null, null, null, null, null, null, null, null, null, null, null, null, null, null, null, null, null, null, null, null, null, null, null, null, null, null, null, null, null, null, null, null, null, null, null, null, null, null, null, null, null, null, null, null, null, null, null, null, null, null, null, null, null, null, null, null).")[39m

  [31m────────────────────────────────────────────────────────────────────────────────────────────────────────────────────[39m  
  [41;1m FAILED [49;22m [1mTests\Feature\DemoVoteVerificationCodeTest[22m [90m>[39m retrieved code matches stored code exactly    [41;1m QueryException [49;22m  
[39;1m  SQLSTATE[23502]: Not null violation: 7 FEHLER:  NULL-Wert in Spalte »organisation_id« von Relation »demo_votes« verletzt Not-Null-Constraint
DETAIL:  Fehlgeschlagene Zeile enthält (a1e8e979-8e6c-4e3b-b86d-8f07a08fa2b7, null, a1e8e979-77a5-4764-8334-1f6b408ea3af, 601f5682ff607a82a0dd669ac8e357b756be1ade0b1429160a0e1c82cb525797, f, null, null, 2026-05-31 08:46:55, 2026-05-31 08:46:55, null, null, null, 2026-05-31 08:46:55, null, null, null, null, null, null, null, null, null, null, null, null, null, null, null, null, null, null, null, null, null, null, null, null, null, null, null, null, null, null, null, null, null, null, null, null, null, null, null, null, null, null, null, null, null, null, null, null, null, null, null, null, null, null, null, null, null, null, null, null, null, null, null, null, null, null). (Connection: pgsql, SQL: insert into "demo_votes" ("election_id", "id", "organisation_id", "receipt_hash", "cast_at", "updated_at", "created_at") values (a1e8e979-77a5-4764-8334-1f6b408ea3af, a1e8e979-8e6c-4e3b-b86d-8f07a08fa2b7, ?, 601f5682ff607a82a0dd669ac8e357b756be1ade0b1429160a0e1c82cb525797, 2026-05-31 08:46:55, 2026-05-31 08:46:55, 2026-05-31 08:46:55))[39;22m

  at [32mvendor\laravel\framework\src\Illuminate\Database\Connection.php[39m:[32m825[39m
    821▕                     $this->getName(), $query, $this->prepareBindings($bindings), $e
    822▕                 );
    823▕             }
    824▕ 
  ➜ 825▕             throw new QueryException(
    826▕                 $this->getName(), $query, $this->prepareBindings($bindings), $e
    827▕             );
    828▕         }
    829▕     }

  [33m1   [39m[39;1mvendor\laravel\framework\src\Illuminate\Database\Connection.php[39;22m:[39;1m825[39;22m

  [33m2   [39m[39;1mvendor\laravel\framework\src\Illuminate\Database\Connection.php[39;22m:[39;1m571[39;22m
  [90m    NunoMaduro\Collision\Exceptions\TestException::("SQLSTATE[23502]: Not null violation: 7 FEHLER:  NULL-Wert in Spalte »organisation_id« von Relation »demo_votes« verletzt Not-Null-Constraint
DETAIL:  Fehlgeschlagene Zeile enthält (a1e8e979-8e6c-4e3b-b86d-8f07a08fa2b7, null, a1e8e979-77a5-4764-8334-1f6b408ea3af, 601f5682ff607a82a0dd669ac8e357b756be1ade0b1429160a0e1c82cb525797, f, null, null, 2026-05-31 08:46:55, 2026-05-31 08:46:55, null, null, null, 2026-05-31 08:46:55, null, null, null, null, null, null, null, null, null, null, null, null, null, null, null, null, null, null, null, null, null, null, null, null, null, null, null, null, null, null, null, null, null, null, null, null, null, null, null, null, null, null, null, null, null, null, null, null, null, null, null, null, null, null, null, null, null, null, null, null, null, null, null, null, null, null).")[39m

  [31m────────────────────────────────────────────────────────────────────────────────────────────────────────────────────[39m  
  [41;1m FAILED [49;22m [1mTests\Feature\DemoVoteVerificationCodeTest[22m [90m>[39m non existent verification code returns null   [41;1m QueryException [49;22m  
[39;1m  SQLSTATE[25P02]: In failed sql transaction: 7 FEHLER:  aktuelle Transaktion wurde abgebrochen, Befehle werden bis zum Ende der Transaktion ignoriert (Connection: pgsql, SQL: insert into "elections" ("organisation_id", "name", "slug", "description", "type", "is_active", "status", "state", "administration_completed", "nomination_completed", "start_date", "end_date", "posts_count", "voters_count", "election_committee_members_count", "candidates_count", "pending_candidacies_count", "votes_count", "voting_locked", "voting_starts_at", "voting_ends_at", "results_locked", "voter_source_strategy", "id", "updated_at", "created_at") values (?, Demo Election, culpa-voluptatem-ab-ea-sint-dicta-accusantium, Facere sit laborum laudantium ut ratione dolores tempora., demo, 1, active, draft, 0, 0, 2026-05-31 08:46:55, 2026-06-07 08:46:55, 0, 0, 0, 0, 0, 0, 0, ?, ?, 0, full_membership, a1e8e97a-692f-4307-98fa-669f388cf88f, 2026-05-31 08:46:55, 2026-05-31 08:46:55))[39;22m

  at [32mvendor\laravel\framework\src\Illuminate\Database\Connection.php[39m:[32m825[39m
    821▕                     $this->getName(), $query, $this->prepareBindings($bindings), $e
    822▕                 );
    823▕             }
    824▕ 
  ➜ 825▕             throw new QueryException(
    826▕                 $this->getName(), $query, $this->prepareBindings($bindings), $e
    827▕             );
    828▕         }
    829▕     }

  [33m1   [39m[39;1mvendor\laravel\framework\src\Illuminate\Database\Connection.php[39;22m:[39;1m825[39;22m

  [33m2   [39m[39;1mvendor\laravel\framework\src\Illuminate\Database\Connection.php[39;22m:[39;1m571[39;22m
  [90m    NunoMaduro\Collision\Exceptions\TestException::("SQLSTATE[25P02]: In failed sql transaction: 7 FEHLER:  aktuelle Transaktion wurde abgebrochen, Befehle werden bis zum Ende der Transaktion ignoriert")[39m

  [31m────────────────────────────────────────────────────────────────────────────────────────────────────────────────────[39m  
  [41;1m FAILED [49;22m [1mTests\Feature\DemoVoteVerificationCodeTest[22m [90m>[39m verification code format with underscore and… [41;1m QueryException [49;22m  
[39;1m  SQLSTATE[25P02]: In failed sql transaction: 7 FEHLER:  aktuelle Transaktion wurde abgebrochen, Befehle werden bis zum Ende der Transaktion ignoriert (Connection: pgsql, SQL: insert into "elections" ("organisation_id", "name", "slug", "description", "type", "is_active", "status", "state", "administration_completed", "nomination_completed", "start_date", "end_date", "posts_count", "voters_count", "election_committee_members_count", "candidates_count", "pending_candidacies_count", "votes_count", "voting_locked", "voting_starts_at", "voting_ends_at", "results_locked", "voter_source_strategy", "id", "updated_at", "created_at") values (?, Demo Election, eius-quis-minima-natus-nesciunt, Velit et consequuntur laudantium tempora., demo, 1, active, draft, 0, 0, 2026-05-31 08:46:56, 2026-06-07 08:46:56, 0, 0, 0, 0, 0, 0, 0, ?, ?, 0, full_membership, a1e8e97b-3cb1-494e-b734-b1ca6237f1fa, 2026-05-31 08:46:56, 2026-05-31 08:46:56))[39;22m

  at [32mvendor\laravel\framework\src\Illuminate\Database\Connection.php[39m:[32m825[39m
    821▕                     $this->getName(), $query, $this->prepareBindings($bindings), $e
    822▕                 );
    823▕             }
    824▕ 
  ➜ 825▕             throw new QueryException(
    826▕                 $this->getName(), $query, $this->prepareBindings($bindings), $e
    827▕             );
    828▕         }
    829▕     }

  [33m1   [39m[39;1mvendor\laravel\framework\src\Illuminate\Database\Connection.php[39;22m:[39;1m825[39;22m

  [33m2   [39m[39;1mvendor\laravel\framework\src\Illuminate\Database\Connection.php[39;22m:[39;1m571[39;22m
  [90m    NunoMaduro\Collision\Exceptions\TestException::("SQLSTATE[25P02]: In failed sql transaction: 7 FEHLER:  aktuelle Transaktion wurde abgebrochen, Befehle werden bis zum Ende der Transaktion ignoriert")[39m

  [31m────────────────────────────────────────────────────────────────────────────────────────────────────────────────────[39m  
  [41;1m FAILED [49;22m [1mTests\Feature\Demo\AgreementSubmissionTest[22m [90m>[39m user can access agreement page                [41;1m QueryException [49;22m  
[39;1m  SQLSTATE[42P01]: Undefined table: 7 FEHLER:  Relation »organisations« existiert nicht
LINE 1: select * from "organisations" where ("type" = $1 and "is_def...
                      ^ (Connection: pgsql, SQL: select * from "organisations" where ("type" = platform and "is_default" = 1) and "organisations"."deleted_at" is null limit 1)[39;22m

  at [32mvendor\laravel\framework\src\Illuminate\Database\Connection.php[39m:[32m825[39m
    821▕                     $this->getName(), $query, $this->prepareBindings($bindings), $e
    822▕                 );
    823▕             }
    824▕ 
  ➜ 825▕             throw new QueryException(
    826▕                 $this->getName(), $query, $this->prepareBindings($bindings), $e
    827▕             );
    828▕         }
    829▕     }

  [33m1   [39m[39;1mvendor\laravel\framework\src\Illuminate\Database\Connection.php[39;22m:[39;1m825[39;22m

  [33m2   [39m[39;1mvendor\laravel\framework\src\Illuminate\Database\Connection.php[39;22m:[39;1m412[39;22m
  [90m    NunoMaduro\Collision\Exceptions\TestException::("SQLSTATE[42P01]: Undefined table: 7 FEHLER:  Relation »organisations« existiert nicht
LINE 1: select * from "organisations" where ("type" = $1 and "is_def...
                      ^")[39m

  [31m────────────────────────────────────────────────────────────────────────────────────────────────────────────────────[39m  
  [41;1m FAILED [49;22m [1mTests\Feature\Demo\AgreementSubmissionTest[22m [90m>[39m user can submit agreement form                [41;1m QueryException [49;22m  
[39;1m  SQLSTATE[42P01]: Undefined table: 7 FEHLER:  Relation »organisations« existiert nicht
LINE 1: select * from "organisations" where ("type" = $1 and "is_def...
                      ^ (Connection: pgsql, SQL: select * from "organisations" where ("type" = platform and "is_default" = 1) and "organisations"."deleted_at" is null limit 1)[39;22m

  at [32mvendor\laravel\framework\src\Illuminate\Database\Connection.php[39m:[32m825[39m
    821▕                     $this->getName(), $query, $this->prepareBindings($bindings), $e
    822▕                 );
    823▕             }
    824▕ 
  ➜ 825▕             throw new QueryException(
    826▕                 $this->getName(), $query, $this->prepareBindings($bindings), $e
    827▕             );
    828▕         }
    829▕     }

  [33m1   [39m[39;1mvendor\laravel\framework\src\Illuminate\Database\Connection.php[39;22m:[39;1m825[39;22m

  [33m2   [39m[39;1mvendor\laravel\framework\src\Illuminate\Database\Connection.php[39;22m:[39;1m412[39;22m
  [90m    NunoMaduro\Collision\Exceptions\TestException::("SQLSTATE[42P01]: Undefined table: 7 FEHLER:  Relation »organisations« existiert nicht
LINE 1: select * from "organisations" where ("type" = $1 and "is_def...
                      ^")[39m

  [31m────────────────────────────────────────────────────────────────────────────────────────────────────────────────────[39m  
  [41;1m FAILED [49;22m [1mTests\Feature\Demo\AgreementSubmissionTest[22m [90m>[39m agreement submission redirects to vote page   [41;1m QueryException [49;22m  
[39;1m  SQLSTATE[42P01]: Undefined table: 7 FEHLER:  Relation »organisations« existiert nicht
LINE 1: select * from "organisations" where ("type" = $1 and "is_def...
                      ^ (Connection: pgsql, SQL: select * from "organisations" where ("type" = platform and "is_default" = 1) and "organisations"."deleted_at" is null limit 1)[39;22m

  at [32mvendor\laravel\framework\src\Illuminate\Database\Connection.php[39m:[32m825[39m
    821▕                     $this->getName(), $query, $this->prepareBindings($bindings), $e
    822▕                 );
    823▕             }
    824▕ 
  ➜ 825▕             throw new QueryException(
    826▕                 $this->getName(), $query, $this->prepareBindings($bindings), $e
    827▕             );
    828▕         }
    829▕     }

  [33m1   [39m[39;1mvendor\laravel\framework\src\Illuminate\Database\Connection.php[39;22m:[39;1m825[39;22m

  [33m2   [39m[39;1mvendor\laravel\framework\src\Illuminate\Database\Connection.php[39;22m:[39;1m412[39;22m
  [90m    NunoMaduro\Collision\Exceptions\TestException::("SQLSTATE[42P01]: Undefined table: 7 FEHLER:  Relation »organisations« existiert nicht
LINE 1: select * from "organisations" where ("type" = $1 and "is_def...
                      ^")[39m

  [31m────────────────────────────────────────────────────────────────────────────────────────────────────────────────────[39m  
  [41;1m FAILED [49;22m [1mTests\Feature\Demo\AgreementSubmissionTest[22m [90m>[39m agreement submission marks code as agreed     [41;1m QueryException [49;22m  
[39;1m  SQLSTATE[42703]: Undefined column: 7 FEHLER:  Spalte »is_committee_member« von Relation »users« existiert nicht
LINE 1: ...", "remember_token", "region", "organisation_id", "is_commit...
                                                             ^ (Connection: pgsql, SQL: insert into "users" ("name", "email", "email_verified_at", "password", "remember_token", "region", "organisation_id", "is_committee_member", "is_voter", "can_vote", "id", "updated_at", "created_at") values (Aiden Koelpin, test@example.com, 2026-05-31 08:46:58, $2y$10$92IXUNpkjO0rOQ5byMi.Ye4oKoEa3Ro9llC/.og/at2.uheWG/igi, zOSrSbJkSF, Oregon, 9ec10e58-ef8e-41ff-ab47-2f2e7e346e68, 0, 1, 1, a1e8e97e-008d-494c-bc83-c3a1d5eafa7f, 2026-05-31 08:46:58, 2026-05-31 08:46:58))[39;22m

  at [32mvendor\laravel\framework\src\Illuminate\Database\Connection.php[39m:[32m825[39m
    821▕                     $this->getName(), $query, $this->prepareBindings($bindings), $e
    822▕                 );
    823▕             }
    824▕ 
  ➜ 825▕             throw new QueryException(
    826▕                 $this->getName(), $query, $this->prepareBindings($bindings), $e
    827▕             );
    828▕         }
    829▕     }

  [33m1   [39m[39;1mvendor\laravel\framework\src\Illuminate\Database\Connection.php[39;22m:[39;1m825[39;22m

  [33m2   [39m[39;1mvendor\laravel\framework\src\Illuminate\Database\Connection.php[39;22m:[39;1m571[39;22m
  [90m    NunoMaduro\Collision\Exceptions\TestException::("SQLSTATE[42703]: Undefined column: 7 FEHLER:  Spalte »is_committee_member« von Relation »users« existiert nicht
LINE 1: ...", "remember_token", "region", "organisation_id", "is_commit...
                                                             ^")[39m

  [31m────────────────────────────────────────────────────────────────────────────────────────────────────────────────────[39m  
  [41;1m FAILED [49;22m [1mTests\Feature\Demo\CircularRedirectFixTest[22m [90m>[39m step not reset when user mid voting           [41;1m QueryException [49;22m  
[39;1m  SQLSTATE[42703]: Undefined column: 7 FEHLER:  Spalte »is_committee_member« von Relation »users« existiert nicht
LINE 1: ...", "remember_token", "region", "organisation_id", "is_commit...
                                                             ^ (Connection: pgsql, SQL: insert into "users" ("name", "email", "email_verified_at", "password", "remember_token", "region", "organisation_id", "is_committee_member", "id", "updated_at", "created_at") values (Alexa Jacobson, test@example.com, 2026-05-31 08:46:58, $2y$10$92IXUNpkjO0rOQ5byMi.Ye4oKoEa3Ro9llC/.og/at2.uheWG/igi, Cd1W7LNdAm, Arkansas, 9ec10e58-ef8e-41ff-ab47-2f2e7e346e68, 0, a1e8e97e-9bb7-4217-8d53-ecbd6f02bfcc, 2026-05-31 08:46:58, 2026-05-31 08:46:58))[39;22m

  at [32mvendor\laravel\framework\src\Illuminate\Database\Connection.php[39m:[32m825[39m
    821▕                     $this->getName(), $query, $this->prepareBindings($bindings), $e
    822▕                 );
    823▕             }
    824▕ 
  ➜ 825▕             throw new QueryException(
    826▕                 $this->getName(), $query, $this->prepareBindings($bindings), $e
    827▕             );
    828▕         }
    829▕     }

  [33m1   [39m[39;1mvendor\laravel\framework\src\Illuminate\Database\Connection.php[39;22m:[39;1m825[39;22m

  [33m2   [39m[39;1mvendor\laravel\framework\src\Illuminate\Database\Connection.php[39;22m:[39;1m571[39;22m
  [90m    NunoMaduro\Collision\Exceptions\TestException::("SQLSTATE[42703]: Undefined column: 7 FEHLER:  Spalte »is_committee_member« von Relation »users« existiert nicht
LINE 1: ...", "remember_token", "region", "organisation_id", "is_commit...
                                                             ^")[39m

  [31m────────────────────────────────────────────────────────────────────────────────────────────────────────────────────[39m  
  [41;1m FAILED [49;22m [1mTests\Feature\Demo\CircularRedirectFixTest[22m [90m>[39m step reset when user completed voting         [41;1m QueryException [49;22m  
[39;1m  SQLSTATE[42703]: Undefined column: 7 FEHLER:  Spalte »is_committee_member« von Relation »users« existiert nicht
LINE 1: ...", "remember_token", "region", "organisation_id", "is_commit...
                                                             ^ (Connection: pgsql, SQL: insert into "users" ("name", "email", "email_verified_at", "password", "remember_token", "region", "organisation_id", "is_committee_member", "id", "updated_at", "created_at") values (Judson Medhurst, test@example.com, 2026-05-31 08:46:59, $2y$10$92IXUNpkjO0rOQ5byMi.Ye4oKoEa3Ro9llC/.og/at2.uheWG/igi, xu1WkHYNB8, Oregon, 9ec10e58-ef8e-41ff-ab47-2f2e7e346e68, 0, a1e8e97f-2ab4-4d63-89f4-47733dac9283, 2026-05-31 08:46:59, 2026-05-31 08:46:59))[39;22m

  at [32mvendor\laravel\framework\src\Illuminate\Database\Connection.php[39m:[32m825[39m
    821▕                     $this->getName(), $query, $this->prepareBindings($bindings), $e
    822▕                 );
    823▕             }
    824▕ 
  ➜ 825▕             throw new QueryException(
    826▕                 $this->getName(), $query, $this->prepareBindings($bindings), $e
    827▕             );
    828▕         }
    829▕     }

  [33m1   [39m[39;1mvendor\laravel\framework\src\Illuminate\Database\Connection.php[39;22m:[39;1m825[39;22m

  [33m2   [39m[39;1mvendor\laravel\framework\src\Illuminate\Database\Connection.php[39;22m:[39;1m571[39;22m
  [90m    NunoMaduro\Collision\Exceptions\TestException::("SQLSTATE[42703]: Undefined column: 7 FEHLER:  Spalte »is_committee_member« von Relation »users« existiert nicht
LINE 1: ...", "remember_token", "region", "organisation_id", "is_commit...
                                                             ^")[39m

  [31m────────────────────────────────────────────────────────────────────────────────────────────────────────────────────[39m  
  [41;1m FAILED [49;22m [1mTests\Feature\Demo\CircularRedirectFixTest[22m [90m>[39m code not regenerated when mid voting          [41;1m QueryException [49;22m  
[39;1m  SQLSTATE[42703]: Undefined column: 7 FEHLER:  Spalte »is_committee_member« von Relation »users« existiert nicht
LINE 1: ...", "remember_token", "region", "organisation_id", "is_commit...
                                                             ^ (Connection: pgsql, SQL: insert into "users" ("name", "email", "email_verified_at", "password", "remember_token", "region", "organisation_id", "is_committee_member", "id", "updated_at", "created_at") values (Prof. Hobart Bode Jr., test@example.com, 2026-05-31 08:46:59, $2y$10$92IXUNpkjO0rOQ5byMi.Ye4oKoEa3Ro9llC/.og/at2.uheWG/igi, qhzPKRV3pm, Kentucky, 9ec10e58-ef8e-41ff-ab47-2f2e7e346e68, 0, a1e8e97f-a069-48aa-89a3-23a066b5a920, 2026-05-31 08:46:59, 2026-05-31 08:46:59))[39;22m

  at [32mvendor\laravel\framework\src\Illuminate\Database\Connection.php[39m:[32m825[39m
    821▕                     $this->getName(), $query, $this->prepareBindings($bindings), $e
    822▕                 );
    823▕             }
    824▕ 
  ➜ 825▕             throw new QueryException(
    826▕                 $this->getName(), $query, $this->prepareBindings($bindings), $e
    827▕             );
    828▕         }
    829▕     }

  [33m1   [39m[39;1mvendor\laravel\framework\src\Illuminate\Database\Connection.php[39;22m:[39;1m825[39;22m

  [33m2   [39m[39;1mvendor\laravel\framework\src\Illuminate\Database\Connection.php[39;22m:[39;1m571[39;22m
  [90m    NunoMaduro\Collision\Exceptions\TestException::("SQLSTATE[42703]: Undefined column: 7 FEHLER:  Spalte »is_committee_member« von Relation »users« existiert nicht
LINE 1: ...", "remember_token", "region", "organisation_id", "is_commit...
                                                             ^")[39m

  [31m────────────────────────────────────────────────────────────────────────────────────────────────────────────────────[39m  
  [41;1m FAILED [49;22m [1mTests\Feature\Demo\CircularRedirectFixTest[22m [90m>[39m all three code states                         [41;1m QueryException [49;22m  
[39;1m  SQLSTATE[42703]: Undefined column: 7 FEHLER:  Spalte »is_committee_member« von Relation »users« existiert nicht
LINE 1: ...", "remember_token", "region", "organisation_id", "is_commit...
                                                             ^ (Connection: pgsql, SQL: insert into "users" ("name", "email", "email_verified_at", "password", "remember_token", "region", "organisation_id", "is_committee_member", "id", "updated_at", "created_at") values (Mr. Dino Kulas Jr., test@example.com, 2026-05-31 08:46:59, $2y$10$92IXUNpkjO0rOQ5byMi.Ye4oKoEa3Ro9llC/.og/at2.uheWG/igi, o375NwVNsv, Illinois, 9ec10e58-ef8e-41ff-ab47-2f2e7e346e68, 0, a1e8e980-32b4-4058-8c46-aafe49b4ecf2, 2026-05-31 08:46:59, 2026-05-31 08:46:59))[39;22m

  at [32mvendor\laravel\framework\src\Illuminate\Database\Connection.php[39m:[32m825[39m
    821▕                     $this->getName(), $query, $this->prepareBindings($bindings), $e
    822▕                 );
    823▕             }
    824▕ 
  ➜ 825▕             throw new QueryException(
    826▕                 $this->getName(), $query, $this->prepareBindings($bindings), $e
    827▕             );
    828▕         }
    829▕     }

  [33m1   [39m[39;1mvendor\laravel\framework\src\Illuminate\Database\Connection.php[39;22m:[39;1m825[39;22m

  [33m2   [39m[39;1mvendor\laravel\framework\src\Illuminate\Database\Connection.php[39;22m:[39;1m571[39;22m
  [90m    NunoMaduro\Collision\Exceptions\TestException::("SQLSTATE[42703]: Undefined column: 7 FEHLER:  Spalte »is_committee_member« von Relation »users« existiert nicht
LINE 1: ...", "remember_token", "region", "organisation_id", "is_commit...
                                                             ^")[39m

  [31m────────────────────────────────────────────────────────────────────────────────────────────────────────────────────[39m  
  [41;1m FAILED [49;22m [1mTests\Feature\Demo\CodeCreatePageTest[22m [90m>[39m user can access demo code create page              [41;1m QueryException [49;22m  
[39;1m  SQLSTATE[42703]: Undefined column: 7 FEHLER:  Spalte »is_committee_member« von Relation »users« existiert nicht
LINE 1: ...", "remember_token", "region", "organisation_id", "is_commit...
                                                             ^ (Connection: pgsql, SQL: insert into "users" ("name", "email", "email_verified_at", "password", "remember_token", "region", "organisation_id", "is_committee_member", "id", "updated_at", "created_at") values (Rafael Ernser, test@example.com, 2026-05-31 08:47:00, $2y$10$92IXUNpkjO0rOQ5byMi.Ye4oKoEa3Ro9llC/.og/at2.uheWG/igi, zSTPNVw70V, North Carolina, 0, 0, a1e8e980-f27d-4521-979b-0e3af24fd942, 2026-05-31 08:47:00, 2026-05-31 08:47:00))[39;22m

  at [32mvendor\laravel\framework\src\Illuminate\Database\Connection.php[39m:[32m825[39m
    821▕                     $this->getName(), $query, $this->prepareBindings($bindings), $e
    822▕                 );
    823▕             }
    824▕ 
  ➜ 825▕             throw new QueryException(
    826▕                 $this->getName(), $query, $this->prepareBindings($bindings), $e
    827▕             );
    828▕         }
    829▕     }

  [33m1   [39m[39;1mvendor\laravel\framework\src\Illuminate\Database\Connection.php[39;22m:[39;1m825[39;22m

  [33m2   [39m[39;1mvendor\laravel\framework\src\Illuminate\Database\Connection.php[39;22m:[39;1m571[39;22m
  [90m    NunoMaduro\Collision\Exceptions\TestException::("SQLSTATE[42703]: Undefined column: 7 FEHLER:  Spalte »is_committee_member« von Relation »users« existiert nicht
LINE 1: ...", "remember_token", "region", "organisation_id", "is_commit...
                                                             ^")[39m

  [31m────────────────────────────────────────────────────────────────────────────────────────────────────────────────────[39m  
  [41;1m FAILED [49;22m [1mTests\Feature\Demo\CodeCreatePageTest[22m [90m>[39m invalid voter slug returns 404                     [41;1m QueryException [49;22m  
[39;1m  SQLSTATE[42703]: Undefined column: 7 FEHLER:  Spalte »is_committee_member« von Relation »users« existiert nicht
LINE 1: ...", "remember_token", "region", "organisation_id", "is_commit...
                                                             ^ (Connection: pgsql, SQL: insert into "users" ("name", "email", "email_verified_at", "password", "remember_token", "region", "organisation_id", "is_committee_member", "id", "updated_at", "created_at") values (Ruben Strosin Sr., test@example.com, 2026-05-31 08:47:00, $2y$10$92IXUNpkjO0rOQ5byMi.Ye4oKoEa3Ro9llC/.og/at2.uheWG/igi, lXmddYmcaX, Oklahoma, 0, 0, a1e8e981-a96a-427b-8395-caaf893e4934, 2026-05-31 08:47:00, 2026-05-31 08:47:00))[39;22m

  at [32mvendor\laravel\framework\src\Illuminate\Database\Connection.php[39m:[32m825[39m
    821▕                     $this->getName(), $query, $this->prepareBindings($bindings), $e
    822▕                 );
    823▕             }
    824▕ 
  ➜ 825▕             throw new QueryException(
    826▕                 $this->getName(), $query, $this->prepareBindings($bindings), $e
    827▕             );
    828▕         }
    829▕     }

  [33m1   [39m[39;1mvendor\laravel\framework\src\Illuminate\Database\Connection.php[39;22m:[39;1m825[39;22m

  [33m2   [39m[39;1mvendor\laravel\framework\src\Illuminate\Database\Connection.php[39;22m:[39;1m571[39;22m
  [90m    NunoMaduro\Collision\Exceptions\TestException::("SQLSTATE[42703]: Undefined column: 7 FEHLER:  Spalte »is_committee_member« von Relation »users« existiert nicht
LINE 1: ...", "remember_token", "region", "organisation_id", "is_commit...
                                                             ^")[39m

  [31m────────────────────────────────────────────────────────────────────────────────────────────────────────────────────[39m  
  [41;1m FAILED [49;22m [1mTests\Feature\Demo\CodeCreatePageTest[22m [90m>[39m code is generated on page access                   [41;1m QueryException [49;22m  
[39;1m  SQLSTATE[42703]: Undefined column: 7 FEHLER:  Spalte »is_committee_member« von Relation »users« existiert nicht
LINE 1: ...", "remember_token", "region", "organisation_id", "is_commit...
                                                             ^ (Connection: pgsql, SQL: insert into "users" ("name", "email", "email_verified_at", "password", "remember_token", "region", "organisation_id", "is_committee_member", "id", "updated_at", "created_at") values (Earline Williamson, test@example.com, 2026-05-31 08:47:01, $2y$10$92IXUNpkjO0rOQ5byMi.Ye4oKoEa3Ro9llC/.og/at2.uheWG/igi, SuKGNnUZ9V, Louisiana, 0, 0, a1e8e982-8c32-4c7d-9712-54e29723b374, 2026-05-31 08:47:01, 2026-05-31 08:47:01))[39;22m

  at [32mvendor\laravel\framework\src\Illuminate\Database\Connection.php[39m:[32m825[39m
    821▕                     $this->getName(), $query, $this->prepareBindings($bindings), $e
    822▕                 );
    823▕             }
    824▕ 
  ➜ 825▕             throw new QueryException(
    826▕                 $this->getName(), $query, $this->prepareBindings($bindings), $e
    827▕             );
    828▕         }
    829▕     }

  [33m1   [39m[39;1mvendor\laravel\framework\src\Illuminate\Database\Connection.php[39;22m:[39;1m825[39;22m

  [33m2   [39m[39;1mvendor\laravel\framework\src\Illuminate\Database\Connection.php[39;22m:[39;1m571[39;22m
  [90m    NunoMaduro\Collision\Exceptions\TestException::("SQLSTATE[42703]: Undefined column: 7 FEHLER:  Spalte »is_committee_member« von Relation »users« existiert nicht
LINE 1: ...", "remember_token", "region", "organisation_id", "is_commit...
                                                             ^")[39m

  [31m────────────────────────────────────────────────────────────────────────────────────────────────────────────────────[39m  
  [41;1m FAILED [49;22m [1mTests\Feature\Demo\DemoVoteControllerCandidateOrderingTest[22m [90m>[39m demo candidates are ordered…  [41;1m QueryException [49;22m  
[39;1m  SQLSTATE[42703]: Undefined column: 7 FEHLER:  Spalte »voter_source_strategy« von Relation »elections« existiert nicht
LINE 1: ...g_starts_at", "voting_ends_at", "results_locked", "voter_sou...
                                                             ^ (Connection: pgsql, SQL: insert into "elections" ("organisation_id", "name", "slug", "description", "type", "is_active", "status", "state", "administration_completed", "nomination_completed", "start_date", "end_date", "posts_count", "voters_count", "election_committee_members_count", "candidates_count", "pending_candidacies_count", "votes_count", "voting_locked", "voting_starts_at", "voting_ends_at", "results_locked", "voter_source_strategy", "id", "updated_at", "created_at") values (a1e8e983-5e17-45a7-9d09-4499886c938a, harum, commodi-totam-maiores-quis-sequi-reiciendis-ducimus, Fuga quia ea et quos., demo, 1, active, draft, 0, 0, 2026-05-31 08:47:01, 2026-06-07 08:47:01, 0, 0, 0, 0, 0, 0, 0, ?, ?, 0, full_membership, a1e8e983-6133-4ffa-ad5b-cc33f423b05f, 2026-05-31 08:47:01, 2026-05-31 08:47:01))[39;22m

  at [32mvendor\laravel\framework\src\Illuminate\Database\Connection.php[39m:[32m825[39m
    821▕                     $this->getName(), $query, $this->prepareBindings($bindings), $e
    822▕                 );
    823▕             }
    824▕ 
  ➜ 825▕             throw new QueryException(
    826▕                 $this->getName(), $query, $this->prepareBindings($bindings), $e
    827▕             );
    828▕         }
    829▕     }

  [33m1   [39m[39;1mvendor\laravel\framework\src\Illuminate\Database\Connection.php[39;22m:[39;1m825[39;22m

  [33m2   [39m[39;1mvendor\laravel\framework\src\Illuminate\Database\Connection.php[39;22m:[39;1m571[39;22m
  [90m    NunoMaduro\Collision\Exceptions\TestException::("SQLSTATE[42703]: Undefined column: 7 FEHLER:  Spalte »voter_source_strategy« von Relation »elections« existiert nicht
LINE 1: ...g_starts_at", "voting_ends_at", "results_locked", "voter_sou...
                                                             ^")[39m

  [31m────────────────────────────────────────────────────────────────────────────────────────────────────────────────────[39m  
  [41;1m FAILED [49;22m [1mTests\Feature\Demo\DemoVoteControllerCandidateOrderingTest[22m [90m>[39m demo candidacy position orde… [41;1m QueryException [49;22m  
[39;1m  SQLSTATE[42703]: Undefined column: 7 FEHLER:  Spalte »voter_source_strategy« von Relation »elections« existiert nicht
LINE 1: ...g_starts_at", "voting_ends_at", "results_locked", "voter_sou...
                                                             ^ (Connection: pgsql, SQL: insert into "elections" ("organisation_id", "name", "slug", "description", "type", "is_active", "status", "state", "administration_completed", "nomination_completed", "start_date", "end_date", "posts_count", "voters_count", "election_committee_members_count", "candidates_count", "pending_candidacies_count", "votes_count", "voting_locked", "voting_starts_at", "voting_ends_at", "results_locked", "voter_source_strategy", "id", "updated_at", "created_at") values (a1e8e984-2ead-43de-8fc6-5d4af4ebae0c, odio, et-corrupti-fuga-suscipit-est-ut-aut-animi, Illo et tempore id explicabo neque., demo, 1, active, draft, 0, 0, 2026-05-31 08:47:02, 2026-06-07 08:47:02, 0, 0, 0, 0, 0, 0, 0, ?, ?, 0, full_membership, a1e8e984-32a2-474c-8554-e6f536884b8d, 2026-05-31 08:47:02, 2026-05-31 08:47:02))[39;22m

  at [32mvendor\laravel\framework\src\Illuminate\Database\Connection.php[39m:[32m825[39m
    821▕                     $this->getName(), $query, $this->prepareBindings($bindings), $e
    822▕                 );
    823▕             }
    824▕ 
  ➜ 825▕             throw new QueryException(
    826▕                 $this->getName(), $query, $this->prepareBindings($bindings), $e
    827▕             );
    828▕         }
    829▕     }

  [33m1   [39m[39;1mvendor\laravel\framework\src\Illuminate\Database\Connection.php[39;22m:[39;1m825[39;22m

  [33m2   [39m[39;1mvendor\laravel\framework\src\Illuminate\Database\Connection.php[39;22m:[39;1m571[39;22m
  [90m    NunoMaduro\Collision\Exceptions\TestException::("SQLSTATE[42703]: Undefined column: 7 FEHLER:  Spalte »voter_source_strategy« von Relation »elections« existiert nicht
LINE 1: ...g_starts_at", "voting_ends_at", "results_locked", "voter_sou...
                                                             ^")[39m

  [31m────────────────────────────────────────────────────────────────────────────────────────────────────────────────────[39m  
  [41;1m FAILED [49;22m [1mTests\Feature\Demo\DemoVoteControllerCreateTest[22m [90m>[39m posts grouped into national regio… [41;1m AssertionFailedError [49;22m  
[39;1m  Not a valid Inertia response.[39;22m

  at [32mvendor\inertiajs\inertia-laravel\src\Testing\AssertableInertia.php[39m:[32m42[39m
     38▕             PHPUnit::assertArrayHasKey('version', $page);
     39▕             PHPUnit::assertArrayHasKey('encryptHistory', $page);
     40▕             PHPUnit::assertArrayHasKey('clearHistory', $page);
     41▕         } catch (AssertionFailedError $e) {
  ➜  42▕             PHPUnit::fail('Not a valid Inertia response.');
     43▕         }
     44▕ 
     45▕         $instance = static::fromArray($page['props']);
     46▕         $instance->component = $page['component'];

  [33m1   [39m[39;1mvendor\inertiajs\inertia-laravel\src\Testing\AssertableInertia.php[39;22m:[39;1m42[39;22m
  [33m2   [39m[39;1mvendor\inertiajs\inertia-laravel\src\Testing\TestResponseMacros.php[39;22m:[39;1m12[39;22m

  [31m────────────────────────────────────────────────────────────────────────────────────────────────────────────────────[39m  
  [41;1m FAILED [49;22m [1mTests\Feature\Demo\DemoVoteControllerCreateTest[22m [90m>[39m national posts have correct struc… [41;1m AssertionFailedError [49;22m  
[39;1m  Not a valid Inertia response.[39;22m

  at [32mvendor\inertiajs\inertia-laravel\src\Testing\AssertableInertia.php[39m:[32m42[39m
     38▕             PHPUnit::assertArrayHasKey('version', $page);
     39▕             PHPUnit::assertArrayHasKey('encryptHistory', $page);
     40▕             PHPUnit::assertArrayHasKey('clearHistory', $page);
     41▕         } catch (AssertionFailedError $e) {
  ➜  42▕             PHPUnit::fail('Not a valid Inertia response.');
     43▕         }
     44▕ 
     45▕         $instance = static::fromArray($page['props']);
     46▕         $instance->component = $page['component'];

  [33m1   [39m[39;1mvendor\inertiajs\inertia-laravel\src\Testing\AssertableInertia.php[39;22m:[39;1m42[39;22m
  [33m2   [39m[39;1mvendor\inertiajs\inertia-laravel\src\Testing\TestResponseMacros.php[39;22m:[39;1m12[39;22m

  [31m────────────────────────────────────────────────────────────────────────────────────────────────────────────────────[39m  
  [41;1m FAILED [49;22m [1mTests\Feature\Demo\DemoVoteControllerCreateTest[22m [90m>[39m regional posts filtered by user r… [41;1m AssertionFailedError [49;22m  
[39;1m  Not a valid Inertia response.[39;22m

  at [32mvendor\inertiajs\inertia-laravel\src\Testing\AssertableInertia.php[39m:[32m42[39m
     38▕             PHPUnit::assertArrayHasKey('version', $page);
     39▕             PHPUnit::assertArrayHasKey('encryptHistory', $page);
     40▕             PHPUnit::assertArrayHasKey('clearHistory', $page);
     41▕         } catch (AssertionFailedError $e) {
  ➜  42▕             PHPUnit::fail('Not a valid Inertia response.');
     43▕         }
     44▕ 
     45▕         $instance = static::fromArray($page['props']);
     46▕         $instance->component = $page['component'];

  [33m1   [39m[39;1mvendor\inertiajs\inertia-laravel\src\Testing\AssertableInertia.php[39;22m:[39;1m42[39;22m
  [33m2   [39m[39;1mvendor\inertiajs\inertia-laravel\src\Testing\TestResponseMacros.php[39;22m:[39;1m12[39;22m

  [31m────────────────────────────────────────────────────────────────────────────────────────────────────────────────────[39m  
  [41;1m FAILED [49;22m [1mTests\Feature\Demo\DemoVoteControllerCreateTest[22m [90m>[39m candidates ordered by position or… [41;1m AssertionFailedError [49;22m  
[39;1m  Not a valid Inertia response.[39;22m

  at [32mvendor\inertiajs\inertia-laravel\src\Testing\AssertableInertia.php[39m:[32m42[39m
     38▕             PHPUnit::assertArrayHasKey('version', $page);
     39▕             PHPUnit::assertArrayHasKey('encryptHistory', $page);
     40▕             PHPUnit::assertArrayHasKey('clearHistory', $page);
     41▕         } catch (AssertionFailedError $e) {
  ➜  42▕             PHPUnit::fail('Not a valid Inertia response.');
     43▕         }
     44▕ 
     45▕         $instance = static::fromArray($page['props']);
     46▕         $instance->component = $page['component'];

  [33m1   [39m[39;1mvendor\inertiajs\inertia-laravel\src\Testing\AssertableInertia.php[39;22m:[39;1m42[39;22m
  [33m2   [39m[39;1mvendor\inertiajs\inertia-laravel\src\Testing\TestResponseMacros.php[39;22m:[39;1m12[39;22m

  [31m────────────────────────────────────────────────────────────────────────────────────────────────────────────────────[39m  
  [41;1m FAILED [49;22m [1mTests\Feature\Demo\DemoVoteControllerCreateTest[22m [90m>[39m candidate has required fields      [41;1m AssertionFailedError [49;22m  
[39;1m  Not a valid Inertia response.[39;22m

  at [32mvendor\inertiajs\inertia-laravel\src\Testing\AssertableInertia.php[39m:[32m42[39m
     38▕             PHPUnit::assertArrayHasKey('version', $page);
     39▕             PHPUnit::assertArrayHasKey('encryptHistory', $page);
     40▕             PHPUnit::assertArrayHasKey('clearHistory', $page);
     41▕         } catch (AssertionFailedError $e) {
  ➜  42▕             PHPUnit::fail('Not a valid Inertia response.');
     43▕         }
     44▕ 
     45▕         $instance = static::fromArray($page['props']);
     46▕         $instance->component = $page['component'];

  [33m1   [39m[39;1mvendor\inertiajs\inertia-laravel\src\Testing\AssertableInertia.php[39;22m:[39;1m42[39;22m
  [33m2   [39m[39;1mvendor\inertiajs\inertia-laravel\src\Testing\TestResponseMacros.php[39;22m:[39;1m12[39;22m

  [31m────────────────────────────────────────────────────────────────────────────────────────────────────────────────────[39m  
  [41;1m FAILED [49;22m [1mTests\Feature\Demo\DemoVoteControllerCreateTest[22m [90m>[39m no regional posts when user has n… [41;1m AssertionFailedError [49;22m  
[39;1m  Not a valid Inertia response.[39;22m

  at [32mvendor\inertiajs\inertia-laravel\src\Testing\AssertableInertia.php[39m:[32m42[39m
     38▕             PHPUnit::assertArrayHasKey('version', $page);
     39▕             PHPUnit::assertArrayHasKey('encryptHistory', $page);
     40▕             PHPUnit::assertArrayHasKey('clearHistory', $page);
     41▕         } catch (AssertionFailedError $e) {
  ➜  42▕             PHPUnit::fail('Not a valid Inertia response.');
     43▕         }
     44▕ 
     45▕         $instance = static::fromArray($page['props']);
     46▕         $instance->component = $page['component'];

  [33m1   [39m[39;1mvendor\inertiajs\inertia-laravel\src\Testing\AssertableInertia.php[39;22m:[39;1m42[39;22m
  [33m2   [39m[39;1mvendor\inertiajs\inertia-laravel\src\Testing\TestResponseMacros.php[39;22m:[39;1m12[39;22m

  [31m────────────────────────────────────────────────────────────────────────────────────────────────────────────────────[39m  
  [41;1m FAILED [49;22m [1mTests\Feature\Demo\DemoVoteControllerCreateTest[22m [90m>[39m kandidatenname kommt aus kandidat… [41;1m AssertionFailedError [49;22m  
[39;1m  Not a valid Inertia response.[39;22m

  at [32mvendor\inertiajs\inertia-laravel\src\Testing\AssertableInertia.php[39m:[32m42[39m
     38▕             PHPUnit::assertArrayHasKey('version', $page);
     39▕             PHPUnit::assertArrayHasKey('encryptHistory', $page);
     40▕             PHPUnit::assertArrayHasKey('clearHistory', $page);
     41▕         } catch (AssertionFailedError $e) {
  ➜  42▕             PHPUnit::fail('Not a valid Inertia response.');
     43▕         }
     44▕ 
     45▕         $instance = static::fromArray($page['props']);
     46▕         $instance->component = $page['component'];

  [33m1   [39m[39;1mvendor\inertiajs\inertia-laravel\src\Testing\AssertableInertia.php[39;22m:[39;1m42[39;22m
  [33m2   [39m[39;1mvendor\inertiajs\inertia-laravel\src\Testing\TestResponseMacros.php[39;22m:[39;1m12[39;22m

  [31m────────────────────────────────────────────────────────────────────────────────────────────────────────────────────[39m  
  [41;1m FAILED [49;22m [1mTests\Feature\Demo\DemoVoteControllerCreateTest[22m [90m>[39m regionale posts zeigen korrekten…  [41;1m AssertionFailedError [49;22m  
[39;1m  Not a valid Inertia response.[39;22m

  at [32mvendor\inertiajs\inertia-laravel\src\Testing\AssertableInertia.php[39m:[32m42[39m
     38▕             PHPUnit::assertArrayHasKey('version', $page);
     39▕             PHPUnit::assertArrayHasKey('encryptHistory', $page);
     40▕             PHPUnit::assertArrayHasKey('clearHistory', $page);
     41▕         } catch (AssertionFailedError $e) {
  ➜  42▕             PHPUnit::fail('Not a valid Inertia response.');
     43▕         }
     44▕ 
     45▕         $instance = static::fromArray($page['props']);
     46▕         $instance->component = $page['component'];

  [33m1   [39m[39;1mvendor\inertiajs\inertia-laravel\src\Testing\AssertableInertia.php[39;22m:[39;1m42[39;22m
  [33m2   [39m[39;1mvendor\inertiajs\inertia-laravel\src\Testing\TestResponseMacros.php[39;22m:[39;1m12[39;22m

  [31m────────────────────────────────────────────────────────────────────────────────────────────────────────────────────[39m  
  [41;1m FAILED [49;22m [1mTests\Feature\Demo\DemoVoteControllerCreateTest[22m [90m>[39m kandidat ohne user id benutzt nam… [41;1m AssertionFailedError [49;22m  
[39;1m  Not a valid Inertia response.[39;22m

  at [32mvendor\inertiajs\inertia-laravel\src\Testing\AssertableInertia.php[39m:[32m42[39m
     38▕             PHPUnit::assertArrayHasKey('version', $page);
     39▕             PHPUnit::assertArrayHasKey('encryptHistory', $page);
     40▕             PHPUnit::assertArrayHasKey('clearHistory', $page);
     41▕         } catch (AssertionFailedError $e) {
  ➜  42▕             PHPUnit::fail('Not a valid Inertia response.');
     43▕         }
     44▕ 
     45▕         $instance = static::fromArray($page['props']);
     46▕         $instance->component = $page['component'];

  [33m1   [39m[39;1mvendor\inertiajs\inertia-laravel\src\Testing\AssertableInertia.php[39;22m:[39;1m42[39;22m
  [33m2   [39m[39;1mvendor\inertiajs\inertia-laravel\src\Testing\TestResponseMacros.php[39;22m:[39;1m12[39;22m

  [31m────────────────────────────────────────────────────────────────────────────────────────────────────────────────────[39m  
  [41;1m FAILED [49;22m [1mTests\Feature\Demo\DeviceDuplicateDetectionTest[22m [90m>[39m multiple vote attempts from same device detected  [41;1m Error [49;22m  
[39;1m  Class "Database\Factories\Demo\DemoCodeFactory" not found[39;22m

  at [32mvendor\laravel\framework\src\Illuminate\Database\Eloquent\Factories\Factory.php[39m:[32m864[39m
    860▕     public static function factoryForModel(string $modelName)
    861▕     {
    862▕         $factory = static::resolveFactoryName($modelName);
    863▕ 
  ➜ 864▕         return $factory::new();
    865▕     }
    866▕ 
    867▕     /**
    868▕      * Specify the callback that should be invoked to guess factory names based on dynamic relationship names.

  [33m1   [39m[39;1mvendor\laravel\framework\src\Illuminate\Database\Eloquent\Factories\Factory.php[39;22m:[39;1m864[39;22m
  [33m2   [39m[39;1mvendor\laravel\framework\src\Illuminate\Database\Eloquent\Factories\HasFactory.php[39;22m:[39;1m21[39;22m

  [31m────────────────────────────────────────────────────────────────────────────────────────────────────────────────────[39m  
  [41;1m FAILED [49;22m [1mTests\Feature\Demo\EndpointRoutingTest[22m [90m>[39m demo routes are different from real routes        [41;1m QueryException [49;22m  
[39;1m  SQLSTATE[23502]: Not null violation: 7 FEHLER:  NULL-Wert in Spalte »organisation_id« von Relation »elections« verletzt Not-Null-Constraint
DETAIL:  Fehlgeschlagene Zeile enthält (a1e8e997-b875-4585-a41f-2f378479cb44, null, aliquid, voluptatum-accusantium-voluptatem-tenetur-est, At et magni temporibus ad., demo, active, 2026-05-31 08:47:15, 2026-06-07 08:47:15, t, null, 2026-05-31 08:47:15, 2026-05-31 08:47:15, null, f, f, 4, null, f, No vote / Abstain, maximum, null, null, 0, null, null, null, block, strict, none, null, null, null, f, null, null, null, f, null, null, null, t, 7, null, f, null, null, f, null, 0, 0, 0, 0, 0, 0, draft, null, null, null, null, null, null, null, null, 0, null, null, null, null, null, null, null, null, null, null, full_membership, ip_count, none, 6, single_code, f, null, null, null, D.2.5, null). (Connection: pgsql, SQL: insert into "elections" ("organisation_id", "name", "slug", "description", "type", "is_active", "status", "state", "administration_completed", "nomination_completed", "start_date", "end_date", "posts_count", "voters_count", "election_committee_members_count", "candidates_count", "pending_candidacies_count", "votes_count", "voting_locked", "voting_starts_at", "voting_ends_at", "results_locked", "voter_source_strategy", "id", "updated_at", "created_at") values (?, aliquid, voluptatum-accusantium-voluptatem-tenetur-est, At et magni temporibus ad., demo, 1, active, draft, 0, 0, 2026-05-31 08:47:15, 2026-06-07 08:47:15, 0, 0, 0, 0, 0, 0, 0, ?, ?, 0, full_membership, a1e8e997-b875-4585-a41f-2f378479cb44, 2026-05-31 08:47:15, 2026-05-31 08:47:15))[39;22m

  at [32mvendor\laravel\framework\src\Illuminate\Database\Connection.php[39m:[32m825[39m
    821▕                     $this->getName(), $query, $this->prepareBindings($bindings), $e
    822▕                 );
    823▕             }
    824▕ 
  ➜ 825▕             throw new QueryException(
    826▕                 $this->getName(), $query, $this->prepareBindings($bindings), $e
    827▕             );
    828▕         }
    829▕     }

  [33m1   [39m[39;1mvendor\laravel\framework\src\Illuminate\Database\Connection.php[39;22m:[39;1m825[39;22m

  [33m2   [39m[39;1mvendor\laravel\framework\src\Illuminate\Database\Connection.php[39;22m:[39;1m571[39;22m
  [90m    NunoMaduro\Collision\Exceptions\TestException::("SQLSTATE[23502]: Not null violation: 7 FEHLER:  NULL-Wert in Spalte »organisation_id« von Relation »elections« verletzt Not-Null-Constraint
DETAIL:  Fehlgeschlagene Zeile enthält (a1e8e997-b875-4585-a41f-2f378479cb44, null, aliquid, voluptatum-accusantium-voluptatem-tenetur-est, At et magni temporibus ad., demo, active, 2026-05-31 08:47:15, 2026-06-07 08:47:15, t, null, 2026-05-31 08:47:15, 2026-05-31 08:47:15, null, f, f, 4, null, f, No vote / Abstain, maximum, null, null, 0, null, null, null, block, strict, none, null, null, null, f, null, null, null, f, null, null, null, t, 7, null, f, null, null, f, null, 0, 0, 0, 0, 0, 0, draft, null, null, null, null, null, null, null, null, 0, null, null, null, null, null, null, null, null, null, null, full_membership, ip_count, none, 6, single_code, f, null, null, null, D.2.5, null).")[39m

  [31m────────────────────────────────────────────────────────────────────────────────────────────────────────────────────[39m  
  [41;1m FAILED [49;22m [1mTests\Feature\Demo\EndpointRoutingTest[22m [90m>[39m slug demo routes differ from slug real routes     [41;1m QueryException [49;22m  
[39;1m  SQLSTATE[23502]: Not null violation: 7 FEHLER:  NULL-Wert in Spalte »organisation_id« von Relation »elections« verletzt Not-Null-Constraint
DETAIL:  Fehlgeschlagene Zeile enthält (a1e8e998-1b21-4a70-84a6-ddb6bdddbbe1, null, velit, delectus-sunt-qui-eos-dolorem-quo-quasi-expedita, Odio a quae provident occaecati ut., demo, active, 2026-05-31 08:47:15, 2026-06-07 08:47:15, t, null, 2026-05-31 08:47:15, 2026-05-31 08:47:15, null, f, f, 4, null, f, No vote / Abstain, maximum, null, null, 0, null, null, null, block, strict, none, null, null, null, f, null, null, null, f, null, null, null, t, 7, null, f, null, null, f, null, 0, 0, 0, 0, 0, 0, draft, null, null, null, null, null, null, null, null, 0, null, null, null, null, null, null, null, null, null, null, full_membership, ip_count, none, 6, single_code, f, null, null, null, D.2.5, null). (Connection: pgsql, SQL: insert into "elections" ("organisation_id", "name", "slug", "description", "type", "is_active", "status", "state", "administration_completed", "nomination_completed", "start_date", "end_date", "posts_count", "voters_count", "election_committee_members_count", "candidates_count", "pending_candidacies_count", "votes_count", "voting_locked", "voting_starts_at", "voting_ends_at", "results_locked", "voter_source_strategy", "id", "updated_at", "created_at") values (?, velit, delectus-sunt-qui-eos-dolorem-quo-quasi-expedita, Odio a quae provident occaecati ut., demo, 1, active, draft, 0, 0, 2026-05-31 08:47:15, 2026-06-07 08:47:15, 0, 0, 0, 0, 0, 0, 0, ?, ?, 0, full_membership, a1e8e998-1b21-4a70-84a6-ddb6bdddbbe1, 2026-05-31 08:47:15, 2026-05-31 08:47:15))[39;22m

  at [32mvendor\laravel\framework\src\Illuminate\Database\Connection.php[39m:[32m825[39m
    821▕                     $this->getName(), $query, $this->prepareBindings($bindings), $e
    822▕                 );
    823▕             }
    824▕ 
  ➜ 825▕             throw new QueryException(
    826▕                 $this->getName(), $query, $this->prepareBindings($bindings), $e
    827▕             );
    828▕         }
    829▕     }

  [33m1   [39m[39;1mvendor\laravel\framework\src\Illuminate\Database\Connection.php[39;22m:[39;1m825[39;22m

  [33m2   [39m[39;1mvendor\laravel\framework\src\Illuminate\Database\Connection.php[39;22m:[39;1m571[39;22m
  [90m    NunoMaduro\Collision\Exceptions\TestException::("SQLSTATE[23502]: Not null violation: 7 FEHLER:  NULL-Wert in Spalte »organisation_id« von Relation »elections« verletzt Not-Null-Constraint
DETAIL:  Fehlgeschlagene Zeile enthält (a1e8e998-1b21-4a70-84a6-ddb6bdddbbe1, null, velit, delectus-sunt-qui-eos-dolorem-quo-quasi-expedita, Odio a quae provident occaecati ut., demo, active, 2026-05-31 08:47:15, 2026-06-07 08:47:15, t, null, 2026-05-31 08:47:15, 2026-05-31 08:47:15, null, f, f, 4, null, f, No vote / Abstain, maximum, null, null, 0, null, null, null, block, strict, none, null, null, null, f, null, null, null, f, null, null, null, t, 7, null, f, null, null, f, null, 0, 0, 0, 0, 0, 0, draft, null, null, null, null, null, null, null, null, 0, null, null, null, null, null, null, null, null, null, null, full_membership, ip_count, none, 6, single_code, f, null, null, null, D.2.5, null).")[39m

  [31m────────────────────────────────────────────────────────────────────────────────────────────────────────────────────[39m  
  [41;1m FAILED [49;22m [1mTests\Feature\Demo\EndpointRoutingTest[22m [90m>[39m all demo routes are registered                    [41;1m QueryException [49;22m  
[39;1m  SQLSTATE[23502]: Not null violation: 7 FEHLER:  NULL-Wert in Spalte »organisation_id« von Relation »elections« verletzt Not-Null-Constraint
DETAIL:  Fehlgeschlagene Zeile enthält (a1e8e998-824d-43f9-97b3-09a612d8d582, null, numquam, distinctio-magnam-tenetur-aut-eveniet, Ducimus aspernatur deserunt rerum aut et et laboriosam., demo, active, 2026-05-31 08:47:15, 2026-06-07 08:47:15, t, null, 2026-05-31 08:47:15, 2026-05-31 08:47:15, null, f, f, 4, null, f, No vote / Abstain, maximum, null, null, 0, null, null, null, block, strict, none, null, null, null, f, null, null, null, f, null, null, null, t, 7, null, f, null, null, f, null, 0, 0, 0, 0, 0, 0, draft, null, null, null, null, null, null, null, null, 0, null, null, null, null, null, null, null, null, null, null, full_membership, ip_count, none, 6, single_code, f, null, null, null, D.2.5, null). (Connection: pgsql, SQL: insert into "elections" ("organisation_id", "name", "slug", "description", "type", "is_active", "status", "state", "administration_completed", "nomination_completed", "start_date", "end_date", "posts_count", "voters_count", "election_committee_members_count", "candidates_count", "pending_candidacies_count", "votes_count", "voting_locked", "voting_starts_at", "voting_ends_at", "results_locked", "voter_source_strategy", "id", "updated_at", "created_at") values (?, numquam, distinctio-magnam-tenetur-aut-eveniet, Ducimus aspernatur deserunt rerum aut et et laboriosam., demo, 1, active, draft, 0, 0, 2026-05-31 08:47:15, 2026-06-07 08:47:15, 0, 0, 0, 0, 0, 0, 0, ?, ?, 0, full_membership, a1e8e998-824d-43f9-97b3-09a612d8d582, 2026-05-31 08:47:15, 2026-05-31 08:47:15))[39;22m

  at [32mvendor\laravel\framework\src\Illuminate\Database\Connection.php[39m:[32m825[39m
    821▕                     $this->getName(), $query, $this->prepareBindings($bindings), $e
    822▕                 );
    823▕             }
    824▕ 
  ➜ 825▕             throw new QueryException(
    826▕                 $this->getName(), $query, $this->prepareBindings($bindings), $e
    827▕             );
    828▕         }
    829▕     }

  [33m1   [39m[39;1mvendor\laravel\framework\src\Illuminate\Database\Connection.php[39;22m:[39;1m825[39;22m

  [33m2   [39m[39;1mvendor\laravel\framework\src\Illuminate\Database\Connection.php[39;22m:[39;1m571[39;22m
  [90m    NunoMaduro\Collision\Exceptions\TestException::("SQLSTATE[23502]: Not null violation: 7 FEHLER:  NULL-Wert in Spalte »organisation_id« von Relation »elections« verletzt Not-Null-Constraint
DETAIL:  Fehlgeschlagene Zeile enthält (a1e8e998-824d-43f9-97b3-09a612d8d582, null, numquam, distinctio-magnam-tenetur-aut-eveniet, Ducimus aspernatur deserunt rerum aut et et laboriosam., demo, active, 2026-05-31 08:47:15, 2026-06-07 08:47:15, t, null, 2026-05-31 08:47:15, 2026-05-31 08:47:15, null, f, f, 4, null, f, No vote / Abstain, maximum, null, null, 0, null, null, null, block, strict, none, null, null, null, f, null, null, null, f, null, null, null, t, 7, null, f, null, null, f, null, 0, 0, 0, 0, 0, 0, draft, null, null, null, null, null, null, null, null, 0, null, null, null, null, null, null, null, null, null, null, full_membership, ip_count, none, 6, single_code, f, null, null, null, D.2.5, null).")[39m

  [31m────────────────────────────────────────────────────────────────────────────────────────────────────────────────────[39m  
  [41;1m FAILED [49;22m [1mTests\Feature\Demo\EndpointRoutingTest[22m [90m>[39m demo code routes exist and differ                 [41;1m QueryException [49;22m  
[39;1m  SQLSTATE[23502]: Not null violation: 7 FEHLER:  NULL-Wert in Spalte »organisation_id« von Relation »elections« verletzt Not-Null-Constraint
DETAIL:  Fehlgeschlagene Zeile enthält (a1e8e999-01fc-444c-b7ff-79a7e62f4cf0, null, eius, est-ea-suscipit-at-in, Aliquid velit omnis dolor dolorem facilis amet veritatis., demo, active, 2026-05-31 08:47:16, 2026-06-07 08:47:16, t, null, 2026-05-31 08:47:16, 2026-05-31 08:47:16, null, f, f, 4, null, f, No vote / Abstain, maximum, null, null, 0, null, null, null, block, strict, none, null, null, null, f, null, null, null, f, null, null, null, t, 7, null, f, null, null, f, null, 0, 0, 0, 0, 0, 0, draft, null, null, null, null, null, null, null, null, 0, null, null, null, null, null, null, null, null, null, null, full_membership, ip_count, none, 6, single_code, f, null, null, null, D.2.5, null). (Connection: pgsql, SQL: insert into "elections" ("organisation_id", "name", "slug", "description", "type", "is_active", "status", "state", "administration_completed", "nomination_completed", "start_date", "end_date", "posts_count", "voters_count", "election_committee_members_count", "candidates_count", "pending_candidacies_count", "votes_count", "voting_locked", "voting_starts_at", "voting_ends_at", "results_locked", "voter_source_strategy", "id", "updated_at", "created_at") values (?, eius, est-ea-suscipit-at-in, Aliquid velit omnis dolor dolorem facilis amet veritatis., demo, 1, active, draft, 0, 0, 2026-05-31 08:47:16, 2026-06-07 08:47:16, 0, 0, 0, 0, 0, 0, 0, ?, ?, 0, full_membership, a1e8e999-01fc-444c-b7ff-79a7e62f4cf0, 2026-05-31 08:47:16, 2026-05-31 08:47:16))[39;22m

  at [32mvendor\laravel\framework\src\Illuminate\Database\Connection.php[39m:[32m825[39m
    821▕                     $this->getName(), $query, $this->prepareBindings($bindings), $e
    822▕                 );
    823▕             }
    824▕ 
  ➜ 825▕             throw new QueryException(
    826▕                 $this->getName(), $query, $this->prepareBindings($bindings), $e
    827▕             );
    828▕         }
    829▕     }

  [33m1   [39m[39;1mvendor\laravel\framework\src\Illuminate\Database\Connection.php[39;22m:[39;1m825[39;22m

  [33m2   [39m[39;1mvendor\laravel\framework\src\Illuminate\Database\Connection.php[39;22m:[39;1m571[39;22m
  [90m    NunoMaduro\Collision\Exceptions\TestException::("SQLSTATE[23502]: Not null violation: 7 FEHLER:  NULL-Wert in Spalte »organisation_id« von Relation »elections« verletzt Not-Null-Constraint
DETAIL:  Fehlgeschlagene Zeile enthält (a1e8e999-01fc-444c-b7ff-79a7e62f4cf0, null, eius, est-ea-suscipit-at-in, Aliquid velit omnis dolor dolorem facilis amet veritatis., demo, active, 2026-05-31 08:47:16, 2026-06-07 08:47:16, t, null, 2026-05-31 08:47:16, 2026-05-31 08:47:16, null, f, f, 4, null, f, No vote / Abstain, maximum, null, null, 0, null, null, null, block, strict, none, null, null, null, f, null, null, null, f, null, null, null, t, 7, null, f, null, null, f, null, 0, 0, 0, 0, 0, 0, draft, null, null, null, null, null, null, null, null, 0, null, null, null, null, null, null, null, null, null, null, full_membership, ip_count, none, 6, single_code, f, null, null, null, D.2.5, null).")[39m

  [31m────────────────────────────────────────────────────────────────────────────────────────────────────────────────────[39m  
  [41;1m FAILED [49;22m [1mTests\Feature\Demo\EndpointRoutingTest[22m [90m>[39m slug parameters in routes                         [41;1m QueryException [49;22m  
[39;1m  SQLSTATE[23502]: Not null violation: 7 FEHLER:  NULL-Wert in Spalte »organisation_id« von Relation »elections« verletzt Not-Null-Constraint
DETAIL:  Fehlgeschlagene Zeile enthält (a1e8e999-92ba-46e2-a764-56e8d0993991, null, minus, error-eveniet-magni-temporibus-expedita, Et fugit voluptatem vel et ducimus qui temporibus mollitia., demo, active, 2026-05-31 08:47:16, 2026-06-07 08:47:16, t, null, 2026-05-31 08:47:16, 2026-05-31 08:47:16, null, f, f, 4, null, f, No vote / Abstain, maximum, null, null, 0, null, null, null, block, strict, none, null, null, null, f, null, null, null, f, null, null, null, t, 7, null, f, null, null, f, null, 0, 0, 0, 0, 0, 0, draft, null, null, null, null, null, null, null, null, 0, null, null, null, null, null, null, null, null, null, null, full_membership, ip_count, none, 6, single_code, f, null, null, null, D.2.5, null). (Connection: pgsql, SQL: insert into "elections" ("organisation_id", "name", "slug", "description", "type", "is_active", "status", "state", "administration_completed", "nomination_completed", "start_date", "end_date", "posts_count", "voters_count", "election_committee_members_count", "candidates_count", "pending_candidacies_count", "votes_count", "voting_locked", "voting_starts_at", "voting_ends_at", "results_locked", "voter_source_strategy", "id", "updated_at", "created_at") values (?, minus, error-eveniet-magni-temporibus-expedita, Et fugit voluptatem vel et ducimus qui temporibus mollitia., demo, 1, active, draft, 0, 0, 2026-05-31 08:47:16, 2026-06-07 08:47:16, 0, 0, 0, 0, 0, 0, 0, ?, ?, 0, full_membership, a1e8e999-92ba-46e2-a764-56e8d0993991, 2026-05-31 08:47:16, 2026-05-31 08:47:16))[39;22m

  at [32mvendor\laravel\framework\src\Illuminate\Database\Connection.php[39m:[32m825[39m
    821▕                     $this->getName(), $query, $this->prepareBindings($bindings), $e
    822▕                 );
    823▕             }
    824▕ 
  ➜ 825▕             throw new QueryException(
    826▕                 $this->getName(), $query, $this->prepareBindings($bindings), $e
    827▕             );
    828▕         }
    829▕     }

  [33m1   [39m[39;1mvendor\laravel\framework\src\Illuminate\Database\Connection.php[39;22m:[39;1m825[39;22m

  [33m2   [39m[39;1mvendor\laravel\framework\src\Illuminate\Database\Connection.php[39;22m:[39;1m571[39;22m
  [90m    NunoMaduro\Collision\Exceptions\TestException::("SQLSTATE[23502]: Not null violation: 7 FEHLER:  NULL-Wert in Spalte »organisation_id« von Relation »elections« verletzt Not-Null-Constraint
DETAIL:  Fehlgeschlagene Zeile enthält (a1e8e999-92ba-46e2-a764-56e8d0993991, null, minus, error-eveniet-magni-temporibus-expedita, Et fugit voluptatem vel et ducimus qui temporibus mollitia., demo, active, 2026-05-31 08:47:16, 2026-06-07 08:47:16, t, null, 2026-05-31 08:47:16, 2026-05-31 08:47:16, null, f, f, 4, null, f, No vote / Abstain, maximum, null, null, 0, null, null, null, block, strict, none, null, null, null, f, null, null, null, f, null, null, null, t, 7, null, f, null, null, f, null, 0, 0, 0, 0, 0, 0, draft, null, null, null, null, null, null, null, null, 0, null, null, null, null, null, null, null, null, null, null, full_membership, ip_count, none, 6, single_code, f, null, null, null, D.2.5, null).")[39m

  [31m────────────────────────────────────────────────────────────────────────────────────────────────────────────────────[39m  
  [41;1m FAILED [49;22m [1mTests\Feature\Demo\EndpointRoutingTest[22m [90m>[39m demo submit differs from real                     [41;1m QueryException [49;22m  
[39;1m  SQLSTATE[23502]: Not null violation: 7 FEHLER:  NULL-Wert in Spalte »organisation_id« von Relation »elections« verletzt Not-Null-Constraint
DETAIL:  Fehlgeschlagene Zeile enthält (a1e8e99a-1ad9-4338-a746-5c40f7c72a77, null, dolorum, cum-qui-sint-tempore-quis-natus-harum-beatae, Aspernatur necessitatibus qui porro ea qui repellendus., demo, active, 2026-05-31 08:47:16, 2026-06-07 08:47:16, t, null, 2026-05-31 08:47:16, 2026-05-31 08:47:16, null, f, f, 4, null, f, No vote / Abstain, maximum, null, null, 0, null, null, null, block, strict, none, null, null, null, f, null, null, null, f, null, null, null, t, 7, null, f, null, null, f, null, 0, 0, 0, 0, 0, 0, draft, null, null, null, null, null, null, null, null, 0, null, null, null, null, null, null, null, null, null, null, full_membership, ip_count, none, 6, single_code, f, null, null, null, D.2.5, null). (Connection: pgsql, SQL: insert into "elections" ("organisation_id", "name", "slug", "description", "type", "is_active", "status", "state", "administration_completed", "nomination_completed", "start_date", "end_date", "posts_count", "voters_count", "election_committee_members_count", "candidates_count", "pending_candidacies_count", "votes_count", "voting_locked", "voting_starts_at", "voting_ends_at", "results_locked", "voter_source_strategy", "id", "updated_at", "created_at") values (?, dolorum, cum-qui-sint-tempore-quis-natus-harum-beatae, Aspernatur necessitatibus qui porro ea qui repellendus., demo, 1, active, draft, 0, 0, 2026-05-31 08:47:16, 2026-06-07 08:47:16, 0, 0, 0, 0, 0, 0, 0, ?, ?, 0, full_membership, a1e8e99a-1ad9-4338-a746-5c40f7c72a77, 2026-05-31 08:47:16, 2026-05-31 08:47:16))[39;22m

  at [32mvendor\laravel\framework\src\Illuminate\Database\Connection.php[39m:[32m825[39m
    821▕                     $this->getName(), $query, $this->prepareBindings($bindings), $e
    822▕                 );
    823▕             }
    824▕ 
  ➜ 825▕             throw new QueryException(
    826▕                 $this->getName(), $query, $this->prepareBindings($bindings), $e
    827▕             );
    828▕         }
    829▕     }

  [33m1   [39m[39;1mvendor\laravel\framework\src\Illuminate\Database\Connection.php[39;22m:[39;1m825[39;22m

  [33m2   [39m[39;1mvendor\laravel\framework\src\Illuminate\Database\Connection.php[39;22m:[39;1m571[39;22m
  [90m    NunoMaduro\Collision\Exceptions\TestException::("SQLSTATE[23502]: Not null violation: 7 FEHLER:  NULL-Wert in Spalte »organisation_id« von Relation »elections« verletzt Not-Null-Constraint
DETAIL:  Fehlgeschlagene Zeile enthält (a1e8e99a-1ad9-4338-a746-5c40f7c72a77, null, dolorum, cum-qui-sint-tempore-quis-natus-harum-beatae, Aspernatur necessitatibus qui porro ea qui repellendus., demo, active, 2026-05-31 08:47:16, 2026-06-07 08:47:16, t, null, 2026-05-31 08:47:16, 2026-05-31 08:47:16, null, f, f, 4, null, f, No vote / Abstain, maximum, null, null, 0, null, null, null, block, strict, none, null, null, null, f, null, null, null, f, null, null, null, t, 7, null, f, null, null, f, null, 0, 0, 0, 0, 0, 0, draft, null, null, null, null, null, null, null, null, 0, null, null, null, null, null, null, null, null, null, null, full_membership, ip_count, none, 6, single_code, f, null, null, null, D.2.5, null).")[39m

  [31m────────────────────────────────────────────────────────────────────────────────────────────────────────────────────[39m  
  [41;1m FAILED [49;22m [1mTests\Feature\Demo\EndpointRoutingTest[22m [90m>[39m demo verify differs from real                     [41;1m QueryException [49;22m  
[39;1m  SQLSTATE[23502]: Not null violation: 7 FEHLER:  NULL-Wert in Spalte »organisation_id« von Relation »elections« verletzt Not-Null-Constraint
DETAIL:  Fehlgeschlagene Zeile enthält (a1e8e99a-84dc-4d5e-9388-41d52af4ed62, null, enim, est-et-doloribus-labore, Possimus vitae nihil dicta laborum et nesciunt., demo, active, 2026-05-31 08:47:17, 2026-06-07 08:47:17, t, null, 2026-05-31 08:47:17, 2026-05-31 08:47:17, null, f, f, 4, null, f, No vote / Abstain, maximum, null, null, 0, null, null, null, block, strict, none, null, null, null, f, null, null, null, f, null, null, null, t, 7, null, f, null, null, f, null, 0, 0, 0, 0, 0, 0, draft, null, null, null, null, null, null, null, null, 0, null, null, null, null, null, null, null, null, null, null, full_membership, ip_count, none, 6, single_code, f, null, null, null, D.2.5, null). (Connection: pgsql, SQL: insert into "elections" ("organisation_id", "name", "slug", "description", "type", "is_active", "status", "state", "administration_completed", "nomination_completed", "start_date", "end_date", "posts_count", "voters_count", "election_committee_members_count", "candidates_count", "pending_candidacies_count", "votes_count", "voting_locked", "voting_starts_at", "voting_ends_at", "results_locked", "voter_source_strategy", "id", "updated_at", "created_at") values (?, enim, est-et-doloribus-labore, Possimus vitae nihil dicta laborum et nesciunt., demo, 1, active, draft, 0, 0, 2026-05-31 08:47:17, 2026-06-07 08:47:17, 0, 0, 0, 0, 0, 0, 0, ?, ?, 0, full_membership, a1e8e99a-84dc-4d5e-9388-41d52af4ed62, 2026-05-31 08:47:17, 2026-05-31 08:47:17))[39;22m

  at [32mvendor\laravel\framework\src\Illuminate\Database\Connection.php[39m:[32m825[39m
    821▕                     $this->getName(), $query, $this->prepareBindings($bindings), $e
    822▕                 );
    823▕             }
    824▕ 
  ➜ 825▕             throw new QueryException(
    826▕                 $this->getName(), $query, $this->prepareBindings($bindings), $e
    827▕             );
    828▕         }
    829▕     }

  [33m1   [39m[39;1mvendor\laravel\framework\src\Illuminate\Database\Connection.php[39;22m:[39;1m825[39;22m

  [33m2   [39m[39;1mvendor\laravel\framework\src\Illuminate\Database\Connection.php[39;22m:[39;1m571[39;22m
  [90m    NunoMaduro\Collision\Exceptions\TestException::("SQLSTATE[23502]: Not null violation: 7 FEHLER:  NULL-Wert in Spalte »organisation_id« von Relation »elections« verletzt Not-Null-Constraint
DETAIL:  Fehlgeschlagene Zeile enthält (a1e8e99a-84dc-4d5e-9388-41d52af4ed62, null, enim, est-et-doloribus-labore, Possimus vitae nihil dicta laborum et nesciunt., demo, active, 2026-05-31 08:47:17, 2026-06-07 08:47:17, t, null, 2026-05-31 08:47:17, 2026-05-31 08:47:17, null, f, f, 4, null, f, No vote / Abstain, maximum, null, null, 0, null, null, null, block, strict, none, null, null, null, f, null, null, null, f, null, null, null, t, 7, null, f, null, null, f, null, 0, 0, 0, 0, 0, 0, draft, null, null, null, null, null, null, null, null, 0, null, null, null, null, null, null, null, null, null, null, full_membership, ip_count, none, 6, single_code, f, null, null, null, D.2.5, null).")[39m

  [31m────────────────────────────────────────────────────────────────────────────────────────────────────────────────────[39m  
  [41;1m FAILED [49;22m [1mTests\Feature\Demo\EndpointRoutingTest[22m [90m>[39m complete flow routes                              [41;1m QueryException [49;22m  
[39;1m  SQLSTATE[23502]: Not null violation: 7 FEHLER:  NULL-Wert in Spalte »organisation_id« von Relation »elections« verletzt Not-Null-Constraint
DETAIL:  Fehlgeschlagene Zeile enthält (a1e8e99b-2c25-4387-a01f-87b9350264fb, null, distinctio, repellat-qui-qui-saepe-possimus-fugiat-molestias-qui, Quaerat quia sit est esse quia maxime ratione sunt., demo, active, 2026-05-31 08:47:17, 2026-06-07 08:47:17, t, null, 2026-05-31 08:47:17, 2026-05-31 08:47:17, null, f, f, 4, null, f, No vote / Abstain, maximum, null, null, 0, null, null, null, block, strict, none, null, null, null, f, null, null, null, f, null, null, null, t, 7, null, f, null, null, f, null, 0, 0, 0, 0, 0, 0, draft, null, null, null, null, null, null, null, null, 0, null, null, null, null, null, null, null, null, null, null, full_membership, ip_count, none, 6, single_code, f, null, null, null, D.2.5, null). (Connection: pgsql, SQL: insert into "elections" ("organisation_id", "name", "slug", "description", "type", "is_active", "status", "state", "administration_completed", "nomination_completed", "start_date", "end_date", "posts_count", "voters_count", "election_committee_members_count", "candidates_count", "pending_candidacies_count", "votes_count", "voting_locked", "voting_starts_at", "voting_ends_at", "results_locked", "voter_source_strategy", "id", "updated_at", "created_at") values (?, distinctio, repellat-qui-qui-saepe-possimus-fugiat-molestias-qui, Quaerat quia sit est esse quia maxime ratione sunt., demo, 1, active, draft, 0, 0, 2026-05-31 08:47:17, 2026-06-07 08:47:17, 0, 0, 0, 0, 0, 0, 0, ?, ?, 0, full_membership, a1e8e99b-2c25-4387-a01f-87b9350264fb, 2026-05-31 08:47:17, 2026-05-31 08:47:17))[39;22m

  at [32mvendor\laravel\framework\src\Illuminate\Database\Connection.php[39m:[32m825[39m
    821▕                     $this->getName(), $query, $this->prepareBindings($bindings), $e
    822▕                 );
    823▕             }
    824▕ 
  ➜ 825▕             throw new QueryException(
    826▕                 $this->getName(), $query, $this->prepareBindings($bindings), $e
    827▕             );
    828▕         }
    829▕     }

  [33m1   [39m[39;1mvendor\laravel\framework\src\Illuminate\Database\Connection.php[39;22m:[39;1m825[39;22m

  [33m2   [39m[39;1mvendor\laravel\framework\src\Illuminate\Database\Connection.php[39;22m:[39;1m571[39;22m
  [90m    NunoMaduro\Collision\Exceptions\TestException::("SQLSTATE[23502]: Not null violation: 7 FEHLER:  NULL-Wert in Spalte »organisation_id« von Relation »elections« verletzt Not-Null-Constraint
DETAIL:  Fehlgeschlagene Zeile enthält (a1e8e99b-2c25-4387-a01f-87b9350264fb, null, distinctio, repellat-qui-qui-saepe-possimus-fugiat-molestias-qui, Quaerat quia sit est esse quia maxime ratione sunt., demo, active, 2026-05-31 08:47:17, 2026-06-07 08:47:17, t, null, 2026-05-31 08:47:17, 2026-05-31 08:47:17, null, f, f, 4, null, f, No vote / Abstain, maximum, null, null, 0, null, null, null, block, strict, none, null, null, null, f, null, null, null, f, null, null, null, t, 7, null, f, null, null, f, null, 0, 0, 0, 0, 0, 0, draft, null, null, null, null, null, null, null, null, 0, null, null, null, null, null, null, null, null, null, null, full_membership, ip_count, none, 6, single_code, f, null, null, null, D.2.5, null).")[39m

  [31m────────────────────────────────────────────────────────────────────────────────────────────────────────────────────[39m  
  [41;1m FAILED [49;22m [1mTests\Feature\Demo\ExpiredCodeRestartTest[22m [90m>[39m expired voting window on vote create redirects to code create    
[39;1m  Expected response status code [302] but received 404.
Failed asserting that 404 is identical to 302.[39;22m

  at [32mtests\Feature\Demo\ExpiredCodeRestartTest.php[39m:[32m149[39m
    145▕             ])
    146▕             ->get("/v/{$this->voterSlug->slug}/demo-vote/create");
    147▕ 
    148▕         // Must redirect to demo-code/create
  ➜ 149▕         $response->assertStatus(302);
    150▕         $location = $response->headers->get('Location', '');
    151▕         $this->assertStringContainsString(
    152▕             'demo-code/create',
    153▕             $location,

  [31m────────────────────────────────────────────────────────────────────────────────────────────────────────────────────[39m  
  [41;1m FAILED [49;22m [1mTests\Feature\Demo\ExpiredCodeRestartTest[22m [90m>[39m middleware resets can vote now when window expires               
[39;1m  CheckVotingWindow middleware must reset can_vote_now=0 when window expires
Failed asserting that true matches expected 0.[39;22m

  at [32mtests\Feature\Demo\ExpiredCodeRestartTest.php[39m:[32m187[39m
    183▕             ->get("/v/{$this->voterSlug->slug}/demo-vote/create");
    184▕ 
    185▕         // After middleware runs, can_vote_now must be 0
    186▕         $code->refresh();
  ➜ 187▕         $this->assertEquals(0, $code->can_vote_now,
    188▕             'CheckVotingWindow middleware must reset can_vote_now=0 when window expires'
    189▕         );
    190▕     }
    191▕

  [33m1   [39m[39;1mtests\Feature\Demo\ExpiredCodeRestartTest.php[39;22m:[39;1m187[39;22m

  [31m────────────────────────────────────────────────────────────────────────────────────────────────────────────────────[39m  
  [41;1m FAILED [49;22m [1mTests\Feature\Demo\ExpiredCodeRestartTest[22m [90m>[39m valid code still redirects to agreement from demo code create    
[39;1m  Expected response status code [302] but received 404.
Failed asserting that 404 is identical to 302.[39;22m

  at [32mtests\Feature\Demo\ExpiredCodeRestartTest.php[39m:[32m222[39m
    218▕             ])
    219▕             ->get("/v/{$this->voterSlug->slug}/demo-code/create");
    220▕ 
    221▕         // Must redirect to agreement (existing behavior preserved)
  ➜ 222▕         $response->assertStatus(302);
    223▕         $location = $response->headers->get('Location', '');
    224▕         $this->assertStringContainsString(
    225▕             'agreement',
    226▕             $location,

  [31m────────────────────────────────────────────────────────────────────────────────────────────────────────────────────[39m  
  [41;1m FAILED [49;22m [1mTests\Feature\Demo\ExpiredCodeRestartTest[22m [90m>[39m vote pre check detects expired window and… [41;1m ArgumentCountError [49;22m  
[39;1m  Too few arguments to function App\Http\Controllers\Demo\DemoVoteController::__construct(), 0 passed in C:\Users\nabra\OneDrive\Desktop\roshyara\xamp\nrna\nrna-eu\tests\Feature\Demo\ExpiredCodeRestartTest.php on line 258 and exactly 1 expected[39;22m

  at [32mapp\Http\Controllers\Demo\DemoVoteController.php[39m:[32m58[39m
     54▕ 
     55▕     /**
     56▕      * Constructor - Initialize voting process state
     57▕      */
  ➜  58▕     public function __construct(
     59▕         private TrustPolicyEvaluator $trustEvaluator,
     60▕     )
     61▕     {
     62▕         $this->in_code = '';

  [33m1   [39m[39;1mapp\Http\Controllers\Demo\DemoVoteController.php[39;22m:[39;1m58[39;22m
  [33m2   [39m[39;1mtests\Feature\Demo\ExpiredCodeRestartTest.php[39;22m:[39;1m258[39;22m

  [31m────────────────────────────────────────────────────────────────────────────────────────────────────────────────────[39m  
  [41;1m FAILED [49;22m [1mTests\Feature\Demo\FormSubmissionEndpointTest[22m [90m>[39m demo voting page includes election data    [41;1m QueryException [49;22m  
[39;1m  SQLSTATE[23502]: Not null violation: 7 FEHLER:  NULL-Wert in Spalte »organisation_id« von Relation »elections« verletzt Not-Null-Constraint
DETAIL:  Fehlgeschlagene Zeile enthält (a1e8e99f-4755-4e92-a4ed-752e52c42d01, null, et, quidem-quasi-excepturi-porro-voluptates-inventore-illo-in, Nam rerum aliquid iusto est illo., demo, active, 2026-05-31 08:47:20, 2026-06-07 08:47:20, t, null, 2026-05-31 08:47:20, 2026-05-31 08:47:20, null, f, f, 4, null, f, No vote / Abstain, maximum, null, null, 0, null, null, null, block, strict, none, null, null, null, f, null, null, null, f, null, null, null, t, 7, null, f, null, null, f, null, 0, 0, 0, 0, 0, 0, draft, null, null, null, null, null, null, null, null, 0, null, null, null, null, null, null, null, null, null, null, full_membership, ip_count, none, 6, single_code, f, null, null, null, D.2.5, null). (Connection: pgsql, SQL: insert into "elections" ("organisation_id", "name", "slug", "description", "type", "is_active", "status", "state", "administration_completed", "nomination_completed", "start_date", "end_date", "posts_count", "voters_count", "election_committee_members_count", "candidates_count", "pending_candidacies_count", "votes_count", "voting_locked", "voting_starts_at", "voting_ends_at", "results_locked", "voter_source_strategy", "id", "updated_at", "created_at") values (?, et, quidem-quasi-excepturi-porro-voluptates-inventore-illo-in, Nam rerum aliquid iusto est illo., demo, 1, active, draft, 0, 0, 2026-05-31 08:47:20, 2026-06-07 08:47:20, 0, 0, 0, 0, 0, 0, 0, ?, ?, 0, full_membership, a1e8e99f-4755-4e92-a4ed-752e52c42d01, 2026-05-31 08:47:20, 2026-05-31 08:47:20))[39;22m

  at [32mvendor\laravel\framework\src\Illuminate\Database\Connection.php[39m:[32m825[39m
    821▕                     $this->getName(), $query, $this->prepareBindings($bindings), $e
    822▕                 );
    823▕             }
    824▕ 
  ➜ 825▕             throw new QueryException(
    826▕                 $this->getName(), $query, $this->prepareBindings($bindings), $e
    827▕             );
    828▕         }
    829▕     }

  [33m1   [39m[39;1mvendor\laravel\framework\src\Illuminate\Database\Connection.php[39;22m:[39;1m825[39;22m

  [33m2   [39m[39;1mvendor\laravel\framework\src\Illuminate\Database\Connection.php[39;22m:[39;1m571[39;22m
  [90m    NunoMaduro\Collision\Exceptions\TestException::("SQLSTATE[23502]: Not null violation: 7 FEHLER:  NULL-Wert in Spalte »organisation_id« von Relation »elections« verletzt Not-Null-Constraint
DETAIL:  Fehlgeschlagene Zeile enthält (a1e8e99f-4755-4e92-a4ed-752e52c42d01, null, et, quidem-quasi-excepturi-porro-voluptates-inventore-illo-in, Nam rerum aliquid iusto est illo., demo, active, 2026-05-31 08:47:20, 2026-06-07 08:47:20, t, null, 2026-05-31 08:47:20, 2026-05-31 08:47:20, null, f, f, 4, null, f, No vote / Abstain, maximum, null, null, 0, null, null, null, block, strict, none, null, null, null, f, null, null, null, f, null, null, null, t, 7, null, f, null, null, f, null, 0, 0, 0, 0, 0, 0, draft, null, null, null, null, null, null, null, null, 0, null, null, null, null, null, null, null, null, null, null, full_membership, ip_count, none, 6, single_code, f, null, null, null, D.2.5, null).")[39m

  [31m────────────────────────────────────────────────────────────────────────────────────────────────────────────────────[39m  
  [41;1m FAILED [49;22m [1mTests\Feature\Demo\FormSubmissionEndpointTest[22m [90m>[39m demo election form submits to demo endpoi… [41;1m QueryException [49;22m  
[39;1m  SQLSTATE[23502]: Not null violation: 7 FEHLER:  NULL-Wert in Spalte »organisation_id« von Relation »elections« verletzt Not-Null-Constraint
DETAIL:  Fehlgeschlagene Zeile enthält (a1e8e99f-b1c4-43ed-988a-d51d44fcd4aa, null, ea, est-alias-placeat-impedit-exercitationem, Perspiciatis nihil tempora aut quas., demo, active, 2026-05-31 08:47:20, 2026-06-07 08:47:20, t, null, 2026-05-31 08:47:20, 2026-05-31 08:47:20, null, f, f, 4, null, f, No vote / Abstain, maximum, null, null, 0, null, null, null, block, strict, none, null, null, null, f, null, null, null, f, null, null, null, t, 7, null, f, null, null, f, null, 0, 0, 0, 0, 0, 0, draft, null, null, null, null, null, null, null, null, 0, null, null, null, null, null, null, null, null, null, null, full_membership, ip_count, none, 6, single_code, f, null, null, null, D.2.5, null). (Connection: pgsql, SQL: insert into "elections" ("organisation_id", "name", "slug", "description", "type", "is_active", "status", "state", "administration_completed", "nomination_completed", "start_date", "end_date", "posts_count", "voters_count", "election_committee_members_count", "candidates_count", "pending_candidacies_count", "votes_count", "voting_locked", "voting_starts_at", "voting_ends_at", "results_locked", "voter_source_strategy", "id", "updated_at", "created_at") values (?, ea, est-alias-placeat-impedit-exercitationem, Perspiciatis nihil tempora aut quas., demo, 1, active, draft, 0, 0, 2026-05-31 08:47:20, 2026-06-07 08:47:20, 0, 0, 0, 0, 0, 0, 0, ?, ?, 0, full_membership, a1e8e99f-b1c4-43ed-988a-d51d44fcd4aa, 2026-05-31 08:47:20, 2026-05-31 08:47:20))[39;22m

  at [32mvendor\laravel\framework\src\Illuminate\Database\Connection.php[39m:[32m825[39m
    821▕                     $this->getName(), $query, $this->prepareBindings($bindings), $e
    822▕                 );
    823▕             }
    824▕ 
  ➜ 825▕             throw new QueryException(
    826▕                 $this->getName(), $query, $this->prepareBindings($bindings), $e
    827▕             );
    828▕         }
    829▕     }

  [33m1   [39m[39;1mvendor\laravel\framework\src\Illuminate\Database\Connection.php[39;22m:[39;1m825[39;22m

  [33m2   [39m[39;1mvendor\laravel\framework\src\Illuminate\Database\Connection.php[39;22m:[39;1m571[39;22m
  [90m    NunoMaduro\Collision\Exceptions\TestException::("SQLSTATE[23502]: Not null violation: 7 FEHLER:  NULL-Wert in Spalte »organisation_id« von Relation »elections« verletzt Not-Null-Constraint
DETAIL:  Fehlgeschlagene Zeile enthält (a1e8e99f-b1c4-43ed-988a-d51d44fcd4aa, null, ea, est-alias-placeat-impedit-exercitationem, Perspiciatis nihil tempora aut quas., demo, active, 2026-05-31 08:47:20, 2026-06-07 08:47:20, t, null, 2026-05-31 08:47:20, 2026-05-31 08:47:20, null, f, f, 4, null, f, No vote / Abstain, maximum, null, null, 0, null, null, null, block, strict, none, null, null, null, f, null, null, null, f, null, null, null, t, 7, null, f, null, null, f, null, 0, 0, 0, 0, 0, 0, draft, null, null, null, null, null, null, null, null, 0, null, null, null, null, null, null, null, null, null, null, full_membership, ip_count, none, 6, single_code, f, null, null, null, D.2.5, null).")[39m

  [31m────────────────────────────────────────────────────────────────────────────────────────────────────────────────────[39m  
  [41;1m FAILED [49;22m [1mTests\Feature\Demo\FormSubmissionEndpointTest[22m [90m>[39m demo election slug form submits to slug d… [41;1m QueryException [49;22m  
[39;1m  SQLSTATE[23502]: Not null violation: 7 FEHLER:  NULL-Wert in Spalte »organisation_id« von Relation »elections« verletzt Not-Null-Constraint
DETAIL:  Fehlgeschlagene Zeile enthält (a1e8e9a0-13b4-48c3-af67-af0a03ed16c0, null, vel, sed-quae-consequatur-temporibus-quidem-nemo, Dignissimos consequuntur laboriosam omnis alias., demo, active, 2026-05-31 08:47:20, 2026-06-07 08:47:20, t, null, 2026-05-31 08:47:20, 2026-05-31 08:47:20, null, f, f, 4, null, f, No vote / Abstain, maximum, null, null, 0, null, null, null, block, strict, none, null, null, null, f, null, null, null, f, null, null, null, t, 7, null, f, null, null, f, null, 0, 0, 0, 0, 0, 0, draft, null, null, null, null, null, null, null, null, 0, null, null, null, null, null, null, null, null, null, null, full_membership, ip_count, none, 6, single_code, f, null, null, null, D.2.5, null). (Connection: pgsql, SQL: insert into "elections" ("organisation_id", "name", "slug", "description", "type", "is_active", "status", "state", "administration_completed", "nomination_completed", "start_date", "end_date", "posts_count", "voters_count", "election_committee_members_count", "candidates_count", "pending_candidacies_count", "votes_count", "voting_locked", "voting_starts_at", "voting_ends_at", "results_locked", "voter_source_strategy", "id", "updated_at", "created_at") values (?, vel, sed-quae-consequatur-temporibus-quidem-nemo, Dignissimos consequuntur laboriosam omnis alias., demo, 1, active, draft, 0, 0, 2026-05-31 08:47:20, 2026-06-07 08:47:20, 0, 0, 0, 0, 0, 0, 0, ?, ?, 0, full_membership, a1e8e9a0-13b4-48c3-af67-af0a03ed16c0, 2026-05-31 08:47:20, 2026-05-31 08:47:20))[39;22m

  at [32mvendor\laravel\framework\src\Illuminate\Database\Connection.php[39m:[32m825[39m
    821▕                     $this->getName(), $query, $this->prepareBindings($bindings), $e
    822▕                 );
    823▕             }
    824▕ 
  ➜ 825▕             throw new QueryException(
    826▕                 $this->getName(), $query, $this->prepareBindings($bindings), $e
    827▕             );
    828▕         }
    829▕     }

  [33m1   [39m[39;1mvendor\laravel\framework\src\Illuminate\Database\Connection.php[39;22m:[39;1m825[39;22m

  [33m2   [39m[39;1mvendor\laravel\framework\src\Illuminate\Database\Connection.php[39;22m:[39;1m571[39;22m
  [90m    NunoMaduro\Collision\Exceptions\TestException::("SQLSTATE[23502]: Not null violation: 7 FEHLER:  NULL-Wert in Spalte »organisation_id« von Relation »elections« verletzt Not-Null-Constraint
DETAIL:  Fehlgeschlagene Zeile enthält (a1e8e9a0-13b4-48c3-af67-af0a03ed16c0, null, vel, sed-quae-consequatur-temporibus-quidem-nemo, Dignissimos consequuntur laboriosam omnis alias., demo, active, 2026-05-31 08:47:20, 2026-06-07 08:47:20, t, null, 2026-05-31 08:47:20, 2026-05-31 08:47:20, null, f, f, 4, null, f, No vote / Abstain, maximum, null, null, 0, null, null, null, block, strict, none, null, null, null, f, null, null, null, f, null, null, null, t, 7, null, f, null, null, f, null, 0, 0, 0, 0, 0, 0, draft, null, null, null, null, null, null, null, null, 0, null, null, null, null, null, null, null, null, null, null, full_membership, ip_count, none, 6, single_code, f, null, null, null, D.2.5, null).")[39m

  [31m────────────────────────────────────────────────────────────────────────────────────────────────────────────────────[39m  
  [41;1m FAILED [49;22m [1mTests\Feature\Demo\FormSubmissionEndpointTest[22m [90m>[39m demo election form fails on wrong endpoin… [41;1m QueryException [49;22m  
[39;1m  SQLSTATE[23502]: Not null violation: 7 FEHLER:  NULL-Wert in Spalte »organisation_id« von Relation »elections« verletzt Not-Null-Constraint
DETAIL:  Fehlgeschlagene Zeile enthält (a1e8e9a0-987a-432a-b532-46d0a2e726d1, null, maxime, eos-vel-cupiditate-laudantium-et, Quibusdam debitis voluptates veniam hic qui eligendi ut sed., demo, active, 2026-05-31 08:47:21, 2026-06-07 08:47:21, t, null, 2026-05-31 08:47:21, 2026-05-31 08:47:21, null, f, f, 4, null, f, No vote / Abstain, maximum, null, null, 0, null, null, null, block, strict, none, null, null, null, f, null, null, null, f, null, null, null, t, 7, null, f, null, null, f, null, 0, 0, 0, 0, 0, 0, draft, null, null, null, null, null, null, null, null, 0, null, null, null, null, null, null, null, null, null, null, full_membership, ip_count, none, 6, single_code, f, null, null, null, D.2.5, null). (Connection: pgsql, SQL: insert into "elections" ("organisation_id", "name", "slug", "description", "type", "is_active", "status", "state", "administration_completed", "nomination_completed", "start_date", "end_date", "posts_count", "voters_count", "election_committee_members_count", "candidates_count", "pending_candidacies_count", "votes_count", "voting_locked", "voting_starts_at", "voting_ends_at", "results_locked", "voter_source_strategy", "id", "updated_at", "created_at") values (?, maxime, eos-vel-cupiditate-laudantium-et, Quibusdam debitis voluptates veniam hic qui eligendi ut sed., demo, 1, active, draft, 0, 0, 2026-05-31 08:47:21, 2026-06-07 08:47:21, 0, 0, 0, 0, 0, 0, 0, ?, ?, 0, full_membership, a1e8e9a0-987a-432a-b532-46d0a2e726d1, 2026-05-31 08:47:21, 2026-05-31 08:47:21))[39;22m

  at [32mvendor\laravel\framework\src\Illuminate\Database\Connection.php[39m:[32m825[39m
    821▕                     $this->getName(), $query, $this->prepareBindings($bindings), $e
    822▕                 );
    823▕             }
    824▕ 
  ➜ 825▕             throw new QueryException(
    826▕                 $this->getName(), $query, $this->prepareBindings($bindings), $e
    827▕             );
    828▕         }
    829▕     }

  [33m1   [39m[39;1mvendor\laravel\framework\src\Illuminate\Database\Connection.php[39;22m:[39;1m825[39;22m

  [33m2   [39m[39;1mvendor\laravel\framework\src\Illuminate\Database\Connection.php[39;22m:[39;1m571[39;22m
  [90m    NunoMaduro\Collision\Exceptions\TestException::("SQLSTATE[23502]: Not null violation: 7 FEHLER:  NULL-Wert in Spalte »organisation_id« von Relation »elections« verletzt Not-Null-Constraint
DETAIL:  Fehlgeschlagene Zeile enthält (a1e8e9a0-987a-432a-b532-46d0a2e726d1, null, maxime, eos-vel-cupiditate-laudantium-et, Quibusdam debitis voluptates veniam hic qui eligendi ut sed., demo, active, 2026-05-31 08:47:21, 2026-06-07 08:47:21, t, null, 2026-05-31 08:47:21, 2026-05-31 08:47:21, null, f, f, 4, null, f, No vote / Abstain, maximum, null, null, 0, null, null, null, block, strict, none, null, null, null, f, null, null, null, f, null, null, null, t, 7, null, f, null, null, f, null, 0, 0, 0, 0, 0, 0, draft, null, null, null, null, null, null, null, null, 0, null, null, null, null, null, null, null, null, null, null, full_membership, ip_count, none, 6, single_code, f, null, null, null, D.2.5, null).")[39m

  [31m────────────────────────────────────────────────────────────────────────────────────────────────────────────────────[39m  
  [41;1m FAILED [49;22m [1mTests\Feature\Demo\FormSubmissionEndpointTest[22m [90m>[39m component receives election prop           [41;1m QueryException [49;22m  
[39;1m  SQLSTATE[23502]: Not null violation: 7 FEHLER:  NULL-Wert in Spalte »organisation_id« von Relation »elections« verletzt Not-Null-Constraint
DETAIL:  Fehlgeschlagene Zeile enthält (a1e8e9a1-0773-4b85-bb0e-dfa8e25145c4, null, et, amet-odio-eligendi-ullam-voluptatem-placeat, Reprehenderit tempora ut similique sequi ratione., demo, active, 2026-05-31 08:47:21, 2026-06-07 08:47:21, t, null, 2026-05-31 08:47:21, 2026-05-31 08:47:21, null, f, f, 4, null, f, No vote / Abstain, maximum, null, null, 0, null, null, null, block, strict, none, null, null, null, f, null, null, null, f, null, null, null, t, 7, null, f, null, null, f, null, 0, 0, 0, 0, 0, 0, draft, null, null, null, null, null, null, null, null, 0, null, null, null, null, null, null, null, null, null, null, full_membership, ip_count, none, 6, single_code, f, null, null, null, D.2.5, null). (Connection: pgsql, SQL: insert into "elections" ("organisation_id", "name", "slug", "description", "type", "is_active", "status", "state", "administration_completed", "nomination_completed", "start_date", "end_date", "posts_count", "voters_count", "election_committee_members_count", "candidates_count", "pending_candidacies_count", "votes_count", "voting_locked", "voting_starts_at", "voting_ends_at", "results_locked", "voter_source_strategy", "id", "updated_at", "created_at") values (?, et, amet-odio-eligendi-ullam-voluptatem-placeat, Reprehenderit tempora ut similique sequi ratione., demo, 1, active, draft, 0, 0, 2026-05-31 08:47:21, 2026-06-07 08:47:21, 0, 0, 0, 0, 0, 0, 0, ?, ?, 0, full_membership, a1e8e9a1-0773-4b85-bb0e-dfa8e25145c4, 2026-05-31 08:47:21, 2026-05-31 08:47:21))[39;22m

  at [32mvendor\laravel\framework\src\Illuminate\Database\Connection.php[39m:[32m825[39m
    821▕                     $this->getName(), $query, $this->prepareBindings($bindings), $e
    822▕                 );
    823▕             }
    824▕ 
  ➜ 825▕             throw new QueryException(
    826▕                 $this->getName(), $query, $this->prepareBindings($bindings), $e
    827▕             );
    828▕         }
    829▕     }

  [33m1   [39m[39;1mvendor\laravel\framework\src\Illuminate\Database\Connection.php[39;22m:[39;1m825[39;22m

  [33m2   [39m[39;1mvendor\laravel\framework\src\Illuminate\Database\Connection.php[39;22m:[39;1m571[39;22m
  [90m    NunoMaduro\Collision\Exceptions\TestException::("SQLSTATE[23502]: Not null violation: 7 FEHLER:  NULL-Wert in Spalte »organisation_id« von Relation »elections« verletzt Not-Null-Constraint
DETAIL:  Fehlgeschlagene Zeile enthält (a1e8e9a1-0773-4b85-bb0e-dfa8e25145c4, null, et, amet-odio-eligendi-ullam-voluptatem-placeat, Reprehenderit tempora ut similique sequi ratione., demo, active, 2026-05-31 08:47:21, 2026-06-07 08:47:21, t, null, 2026-05-31 08:47:21, 2026-05-31 08:47:21, null, f, f, 4, null, f, No vote / Abstain, maximum, null, null, 0, null, null, null, block, strict, none, null, null, null, f, null, null, null, f, null, null, null, t, 7, null, f, null, null, f, null, 0, 0, 0, 0, 0, 0, draft, null, null, null, null, null, null, null, null, 0, null, null, null, null, null, null, null, null, null, null, full_membership, ip_count, none, 6, single_code, f, null, null, null, D.2.5, null).")[39m

  [31m────────────────────────────────────────────────────────────────────────────────────────────────────────────────────[39m  
  [41;1m FAILED [49;22m [1mTests\Feature\Demo\FormSubmissionEndpointTest[22m [90m>[39m complete demo voting form flow             [41;1m QueryException [49;22m  
[39;1m  SQLSTATE[23502]: Not null violation: 7 FEHLER:  NULL-Wert in Spalte »organisation_id« von Relation »elections« verletzt Not-Null-Constraint
DETAIL:  Fehlgeschlagene Zeile enthält (a1e8e9a1-a968-44a4-aee1-f078c41e39dc, null, qui, non-debitis-voluptatem-qui-consequatur, Nihil modi voluptatem sunt quisquam hic delectus., demo, active, 2026-05-31 08:47:21, 2026-06-07 08:47:21, t, null, 2026-05-31 08:47:21, 2026-05-31 08:47:21, null, f, f, 4, null, f, No vote / Abstain, maximum, null, null, 0, null, null, null, block, strict, none, null, null, null, f, null, null, null, f, null, null, null, t, 7, null, f, null, null, f, null, 0, 0, 0, 0, 0, 0, draft, null, null, null, null, null, null, null, null, 0, null, null, null, null, null, null, null, null, null, null, full_membership, ip_count, none, 6, single_code, f, null, null, null, D.2.5, null). (Connection: pgsql, SQL: insert into "elections" ("organisation_id", "name", "slug", "description", "type", "is_active", "status", "state", "administration_completed", "nomination_completed", "start_date", "end_date", "posts_count", "voters_count", "election_committee_members_count", "candidates_count", "pending_candidacies_count", "votes_count", "voting_locked", "voting_starts_at", "voting_ends_at", "results_locked", "voter_source_strategy", "id", "updated_at", "created_at") values (?, qui, non-debitis-voluptatem-qui-consequatur, Nihil modi voluptatem sunt quisquam hic delectus., demo, 1, active, draft, 0, 0, 2026-05-31 08:47:21, 2026-06-07 08:47:21, 0, 0, 0, 0, 0, 0, 0, ?, ?, 0, full_membership, a1e8e9a1-a968-44a4-aee1-f078c41e39dc, 2026-05-31 08:47:21, 2026-05-31 08:47:21))[39;22m

  at [32mvendor\laravel\framework\src\Illuminate\Database\Connection.php[39m:[32m825[39m
    821▕                     $this->getName(), $query, $this->prepareBindings($bindings), $e
    822▕                 );
    823▕             }
    824▕ 
  ➜ 825▕             throw new QueryException(
    826▕                 $this->getName(), $query, $this->prepareBindings($bindings), $e
    827▕             );
    828▕         }
    829▕     }

  [33m1   [39m[39;1mvendor\laravel\framework\src\Illuminate\Database\Connection.php[39;22m:[39;1m825[39;22m

  [33m2   [39m[39;1mvendor\laravel\framework\src\Illuminate\Database\Connection.php[39;22m:[39;1m571[39;22m
  [90m    NunoMaduro\Collision\Exceptions\TestException::("SQLSTATE[23502]: Not null violation: 7 FEHLER:  NULL-Wert in Spalte »organisation_id« von Relation »elections« verletzt Not-Null-Constraint
DETAIL:  Fehlgeschlagene Zeile enthält (a1e8e9a1-a968-44a4-aee1-f078c41e39dc, null, qui, non-debitis-voluptatem-qui-consequatur, Nihil modi voluptatem sunt quisquam hic delectus., demo, active, 2026-05-31 08:47:21, 2026-06-07 08:47:21, t, null, 2026-05-31 08:47:21, 2026-05-31 08:47:21, null, f, f, 4, null, f, No vote / Abstain, maximum, null, null, 0, null, null, null, block, strict, none, null, null, null, f, null, null, null, f, null, null, null, t, 7, null, f, null, null, f, null, 0, 0, 0, 0, 0, 0, draft, null, null, null, null, null, null, null, null, 0, null, null, null, null, null, null, null, null, null, null, full_membership, ip_count, none, 6, single_code, f, null, null, null, D.2.5, null).")[39m

  [31m────────────────────────────────────────────────────────────────────────────────────────────────────────────────────[39m  
  [41;1m FAILED [49;22m [1mTests\Feature\Demo\FormSubmissionEndpointTest[22m [90m>[39m endpoint routing consistency               [41;1m QueryException [49;22m  
[39;1m  SQLSTATE[23502]: Not null violation: 7 FEHLER:  NULL-Wert in Spalte »organisation_id« von Relation »elections« verletzt Not-Null-Constraint
DETAIL:  Fehlgeschlagene Zeile enthält (a1e8e9a2-087e-4b29-9283-725af92a10b9, null, odio, sequi-est-veniam-quisquam-non, Illum neque eveniet ut repudiandae., demo, active, 2026-05-31 08:47:21, 2026-06-07 08:47:21, t, null, 2026-05-31 08:47:21, 2026-05-31 08:47:21, null, f, f, 4, null, f, No vote / Abstain, maximum, null, null, 0, null, null, null, block, strict, none, null, null, null, f, null, null, null, f, null, null, null, t, 7, null, f, null, null, f, null, 0, 0, 0, 0, 0, 0, draft, null, null, null, null, null, null, null, null, 0, null, null, null, null, null, null, null, null, null, null, full_membership, ip_count, none, 6, single_code, f, null, null, null, D.2.5, null). (Connection: pgsql, SQL: insert into "elections" ("organisation_id", "name", "slug", "description", "type", "is_active", "status", "state", "administration_completed", "nomination_completed", "start_date", "end_date", "posts_count", "voters_count", "election_committee_members_count", "candidates_count", "pending_candidacies_count", "votes_count", "voting_locked", "voting_starts_at", "voting_ends_at", "results_locked", "voter_source_strategy", "id", "updated_at", "created_at") values (?, odio, sequi-est-veniam-quisquam-non, Illum neque eveniet ut repudiandae., demo, 1, active, draft, 0, 0, 2026-05-31 08:47:21, 2026-06-07 08:47:21, 0, 0, 0, 0, 0, 0, 0, ?, ?, 0, full_membership, a1e8e9a2-087e-4b29-9283-725af92a10b9, 2026-05-31 08:47:21, 2026-05-31 08:47:21))[39;22m

  at [32mvendor\laravel\framework\src\Illuminate\Database\Connection.php[39m:[32m825[39m
    821▕                     $this->getName(), $query, $this->prepareBindings($bindings), $e
    822▕                 );
    823▕             }
    824▕ 
  ➜ 825▕             throw new QueryException(
    826▕                 $this->getName(), $query, $this->prepareBindings($bindings), $e
    827▕             );
    828▕         }
    829▕     }

  [33m1   [39m[39;1mvendor\laravel\framework\src\Illuminate\Database\Connection.php[39;22m:[39;1m825[39;22m

  [33m2   [39m[39;1mvendor\laravel\framework\src\Illuminate\Database\Connection.php[39;22m:[39;1m571[39;22m
  [90m    NunoMaduro\Collision\Exceptions\TestException::("SQLSTATE[23502]: Not null violation: 7 FEHLER:  NULL-Wert in Spalte »organisation_id« von Relation »elections« verletzt Not-Null-Constraint
DETAIL:  Fehlgeschlagene Zeile enthält (a1e8e9a2-087e-4b29-9283-725af92a10b9, null, odio, sequi-est-veniam-quisquam-non, Illum neque eveniet ut repudiandae., demo, active, 2026-05-31 08:47:21, 2026-06-07 08:47:21, t, null, 2026-05-31 08:47:21, 2026-05-31 08:47:21, null, f, f, 4, null, f, No vote / Abstain, maximum, null, null, 0, null, null, null, block, strict, none, null, null, null, f, null, null, null, f, null, null, null, t, 7, null, f, null, null, f, null, 0, 0, 0, 0, 0, 0, draft, null, null, null, null, null, null, null, null, 0, null, null, null, null, null, null, null, null, null, null, full_membership, ip_count, none, 6, single_code, f, null, null, null, D.2.5, null).")[39m

  [31m────────────────────────────────────────────────────────────────────────────────────────────────────────────────────[39m  
  [41;1m FAILED [49;22m [1mTests\Feature\Demo\MarkUserAsVotedTest[22m [90m>[39m simple mode code to save vote used at tracks vote time              
[39;1m  Should show 10 minutes between entry and vote
Failed asserting that -10.0 matches expected 10.[39;22m

  at [32mtests\Feature\Demo\MarkUserAsVotedTest.php[39m:[32m112[39m
    108▕ 
    109▕         $this->assertNotNull($this->code->code_to_save_vote_used_at);
    110▕         $this->assertEquals(1, $this->code->has_voted);
    111▕         $timeDiff = $this->code->code_to_save_vote_used_at->diffInMinutes($this->code->code_to_open_voting_form_used_at);
  ➜ 112▕         $this->assertEquals(10, $timeDiff, 'Should show 10 minutes between entry and vote');
    113▕     }
    114▕ 
    115▕     /**
    116▕      * Test SIMPLE MODE: vote_submitted_at set

  [33m1   [39m[39;1mtests\Feature\Demo\MarkUserAsVotedTest.php[39;22m:[39;1m112[39;22m

  [31m────────────────────────────────────────────────────────────────────────────────────────────────────────────────────[39m  
  [41;1m FAILED [49;22m [1mTests\Feature\Demo\MarkUserAsVotedTest[22m [90m>[39m timing recorded between steps                                       
[39;1m  Should record 15 minutes between entry and vote
Failed asserting that -15.0 matches expected 15.[39;22m

  at [32mtests\Feature\Demo\MarkUserAsVotedTest.php[39m:[32m355[39m
    351▕         ]);
    352▕         $this->code->refresh();
    353▕ 
    354▕         $timingDiff = $this->code->code_to_save_vote_used_at->diffInMinutes($this->code->code_to_open_voting_form_used_at);
  ➜ 355▕         $this->assertEquals(15, $timingDiff, 'Should record 15 minutes between entry and vote');
    356▕     }
    357▕ }
    358▕

  [33m1   [39m[39;1mtests\Feature\Demo\MarkUserAsVotedTest.php[39;22m:[39;1m355[39;22m

  [31m────────────────────────────────────────────────────────────────────────────────────────────────────────────────────[39m  
  [41;1m FAILED [49;22m [1mTests\Feature\Demo\PublicDemoFlowTest[22m [90m>[39m anonymous visitor can start public demo                              
[39;1m  Expected response status code [201, 301, 302, 303, 307, 308] but received 500.
Failed asserting that false is true.

The following exception occurred during the last request:

PDOException: SQLSTATE[25P02]: In failed sql transaction: 7 FEHLER:  aktuelle Transaktion wurde abgebrochen, Befehle werden bis zum Ende der Transaktion ignoriert in C:\Users\nabra\OneDrive\Desktop\roshyara\xamp\nrna\nrna-eu\vendor\laravel\framework\src\Illuminate\Database\Connection.php:412
Stack trace:
#0 C:\Users\nabra\OneDrive\Desktop\roshyara\xamp\nrna\nrna-eu\vendor\laravel\framework\src\Illuminate\Database\Connection.php(412): PDOStatement->execute()
#1 C:\Users\nabra\OneDrive\Desktop\roshyara\xamp\nrna\nrna-eu\vendor\laravel\framework\src\Illuminate\Database\Connection.php(812): Illuminate\Database\Connection->Illuminate\Database\{closure}('select * from "...', Array)
#2 C:\Users\nabra\OneDrive\Desktop\roshyara\xamp\nrna\nrna-eu\vendor\laravel\framework\src\Illuminate\Database\Connection.php(779): Illuminate\Database\Connection->runQueryCallback('select * from "...', Array, Object(Closure))
#3 C:\Users\nabra\OneDrive\Desktop\roshyara\xamp\nrna\nrna-eu\vendor\laravel\framework\src\Illuminate\Database\Connection.php(398): Illuminate\Database\Connection->run('select * from "...', Array, Object(Closure))
#4 C:\Users\nabra\OneDrive\Desktop\roshyara\xamp\nrna\nrna-eu\vendor\laravel\framework\src\Illuminate\Database\Query\Builder.php(3133): Illuminate\Database\Connection->select('select * from "...', Array, true)
#5 C:\Users\nabra\OneDrive\Desktop\roshyara\xamp\nrna\nrna-eu\vendor\laravel\framework\src\Illuminate\Database\Query\Builder.php(3118): Illuminate\Database\Query\Builder->runSelect()
#6 C:\Users\nabra\OneDrive\Desktop\roshyara\xamp\nrna\nrna-eu\vendor\laravel\framework\src\Illuminate\Database\Query\Builder.php(3706): Illuminate\Database\Query\Builder->Illuminate\Database\Query\{closure}()
#7 C:\Users\nabra\OneDrive\Desktop\roshyara\xamp\nrna\nrna-eu\vendor\laravel\framework\src\Illuminate\Database\Query\Builder.php(3117): Illuminate\Database\Query\Builder->onceWithColumns(Array, Object(Closure))
#8 C:\Users\nabra\OneDrive\Desktop\roshyara\xamp\nrna\nrna-eu\vendor\laravel\framework\src\Illuminate\Database\Eloquent\Builder.php(787): Illuminate\Database\Query\Builder->get(Array)
#9 C:\Users\nabra\OneDrive\Desktop\roshyara\xamp\nrna\nrna-eu\vendor\laravel\framework\src\Illuminate\Database\Eloquent\Builder.php(769): Illuminate\Database\Eloquent\Builder->getModels(Array)
#10 C:\Users\nabra\OneDrive\Desktop\roshyara\xamp\nrna\nrna-eu\vendor\laravel\framework\src\Illuminate\Database\Concerns\BuildsQueries.php(344): Illuminate\Database\Eloquent\Builder->get(Array)
#11 C:\Users\nabra\OneDrive\Desktop\roshyara\xamp\nrna\nrna-eu\app\Services\DemoElectionResolver.php(180): Illuminate\Database\Eloquent\Builder->first()
#12 C:\Users\nabra\OneDrive\Desktop\roshyara\xamp\nrna\nrna-eu\app\Http\Controllers\Demo\PublicDemoController.php(70): App\Services\DemoElectionResolver->getPublicDemoElection()
#13 C:\Users\nabra\OneDrive\Desktop\roshyara\xamp\nrna\nrna-eu\vendor\laravel\framework\src\Illuminate\Routing\Controller.php(54): App\Http\Controllers\Demo\PublicDemoController->start()
#14 C:\Users\nabra\OneDrive\Desktop\roshyara\xamp\nrna\nrna-eu\vendor\laravel\framework\src\Illuminate\Routing\ControllerDispatcher.php(44): Illuminate\Routing\Controller->callAction('start', Array)
#15 C:\Users\nabra\OneDrive\Desktop\roshyara\xamp\nrna\nrna-eu\vendor\laravel\framework\src\Illuminate\Routing\Route.php(266): Illuminate\Routing\ControllerDispatcher->dispatch(Object(Illuminate\Routing\Route), Object(App\Http\Controllers\Demo\PublicDemoController), 'start')
#16 C:\Users\nabra\OneDrive\Desktop\roshyara\xamp\nrna\nrna-eu\vendor\laravel\framework\src\Illuminate\Routing\Route.php(212): Illuminate\Routing\Route->runController()
#17 C:\Users\nabra\OneDrive\Desktop\roshyara\xamp\nrna\nrna-eu\vendor\laravel\framework\src\Illuminate\Routing\Router.php(808): Illuminate\Routing\Route->run()
#18 C:\Users\nabra\OneDrive\Desktop\roshyara\xamp\nrna\nrna-eu\vendor\laravel\framework\src\Illuminate\Pipeline\Pipeline.php(170): Illuminate\Routing\Router->Illuminate\Routing\{closure}(Object(Illuminate\Http\Request))
#19 C:\Users\nabra\OneDrive\Desktop\roshyara\xamp\nrna\nrna-eu\vendor\inertiajs\inertia-laravel\src\Middleware.php(86): Illuminate\Pipeline\Pipeline->Illuminate\Pipeline\{closure}(Object(Illuminate\Http\Request))
#20 C:\Users\nabra\OneDrive\Desktop\roshyara\xamp\nrna\nrna-eu\vendor\laravel\framework\src\Illuminate\Pipeline\Pipeline.php(209): Inertia\Middleware->handle(Object(Illuminate\Http\Request), Object(Closure))
#21 C:\Users\nabra\OneDrive\Desktop\roshyara\xamp\nrna\nrna-eu\app\Http\Middleware\InjectPageMeta.php(65): Illuminate\Pipeline\Pipeline->Illuminate\Pipeline\{closure}(Object(Illuminate\Http\Request))
#22 C:\Users\nabra\OneDrive\Desktop\roshyara\xamp\nrna\nrna-eu\vendor\laravel\framework\src\Illuminate\Pipeline\Pipeline.php(209): App\Http\Middleware\InjectPageMeta->handle(Object(Illuminate\Http\Request), Object(Closure))
#23 C:\Users\nabra\OneDrive\Desktop\roshyara\xamp\nrna\nrna-eu\app\Http\Middleware\SetLocale.php(59): Illuminate\Pipeline\Pipeline->Illuminate\Pipeline\{closure}(Object(Illuminate\Http\Request))
#24 C:\Users\nabra\OneDrive\Desktop\roshyara\xamp\nrna\nrna-eu\vendor\laravel\framework\src\Illuminate\Pipeline\Pipeline.php(209): App\Http\Middleware\SetLocale->handle(Object(Illuminate\Http\Request), Object(Closure))
#25 C:\Users\nabra\OneDrive\Desktop\roshyara\xamp\nrna\nrna-eu\app\Http\Middleware\PreloadAssets.php(12): Illuminate\Pipeline\Pipeline->Illuminate\Pipeline\{closure}(Object(Illuminate\Http\Request))
#26 C:\Users\nabra\OneDrive\Desktop\roshyara\xamp\nrna\nrna-eu\vendor\laravel\framework\src\Illuminate\Pipeline\Pipeline.php(209): App\Http\Middleware\PreloadAssets->handle(Object(Illuminate\Http\Request), Object(Closure))
#27 C:\Users\nabra\OneDrive\Desktop\roshyara\xamp\nrna\nrna-eu\vendor\laravel\framework\src\Illuminate\Routing\Middleware\SubstituteBindings.php(51): Illuminate\Pipeline\Pipeline->Illuminate\Pipeline\{closure}(Object(Illuminate\Http\Request))
#28 C:\Users\nabra\OneDrive\Desktop\roshyara\xamp\nrna\nrna-eu\vendor\laravel\framework\src\Illuminate\Pipeline\Pipeline.php(209): Illuminate\Routing\Middleware\SubstituteBindings->handle(Object(Illuminate\Http\Request), Object(Closure))
#29 C:\Users\nabra\OneDrive\Desktop\roshyara\xamp\nrna\nrna-eu\vendor\laravel\framework\src\Illuminate\Foundation\Http\Middleware\VerifyCsrfToken.php(88): Illuminate\Pipeline\Pipeline->Illuminate\Pipeline\{closure}(Object(Illuminate\Http\Request))
#30 C:\Users\nabra\OneDrive\Desktop\roshyara\xamp\nrna\nrna-eu\vendor\laravel\framework\src\Illuminate\Pipeline\Pipeline.php(209): Illuminate\Foundation\Http\Middleware\VerifyCsrfToken->handle(Object(Illuminate\Http\Request), Object(Closure))
#31 C:\Users\nabra\OneDrive\Desktop\roshyara\xamp\nrna\nrna-eu\vendor\laravel\framework\src\Illuminate\View\Middleware\ShareErrorsFromSession.php(49): Illuminate\Pipeline\Pipeline->Illuminate\Pipeline\{closure}(Object(Illuminate\Http\Request))
#32 C:\Users\nabra\OneDrive\Desktop\roshyara\xamp\nrna\nrna-eu\vendor\laravel\framework\src\Illuminate\Pipeline\Pipeline.php(209): Illuminate\View\Middleware\ShareErrorsFromSession->handle(Object(Illuminate\Http\Request), Object(Closure))
#33 C:\Users\nabra\OneDrive\Desktop\roshyara\xamp\nrna\nrna-eu\vendor\laravel\framework\src\Illuminate\Session\Middleware\StartSession.php(121): Illuminate\Pipeline\Pipeline->Illuminate\Pipeline\{closure}(Object(Illuminate\Http\Request))
#34 C:\Users\nabra\OneDrive\Desktop\roshyara\xamp\nrna\nrna-eu\vendor\laravel\framework\src\Illuminate\Session\Middleware\StartSession.php(64): Illuminate\Session\Middleware\StartSession->handleStatefulRequest(Object(Illuminate\Http\Request), Object(Illuminate\Session\Store), Object(Closure))
#35 C:\Users\nabra\OneDrive\Desktop\roshyara\xamp\nrna\nrna-eu\vendor\laravel\framework\src\Illuminate\Pipeline\Pipeline.php(209): Illuminate\Session\Middleware\StartSession->handle(Object(Illuminate\Http\Request), Object(Closure))
#36 C:\Users\nabra\OneDrive\Desktop\roshyara\xamp\nrna\nrna-eu\vendor\laravel\framework\src\Illuminate\Cookie\Middleware\AddQueuedCookiesToResponse.php(37): Illuminate\Pipeline\Pipeline->Illuminate\Pipeline\{closure}(Object(Illuminate\Http\Request))
#37 C:\Users\nabra\OneDrive\Desktop\roshyara\xamp\nrna\nrna-eu\vendor\laravel\framework\src\Illuminate\Pipeline\Pipeline.php(209): Illuminate\Cookie\Middleware\AddQueuedCookiesToResponse->handle(Object(Illuminate\Http\Request), Object(Closure))
#38 C:\Users\nabra\OneDrive\Desktop\roshyara\xamp\nrna\nrna-eu\vendor\laravel\framework\src\Illuminate\Cookie\Middleware\EncryptCookies.php(75): Illuminate\Pipeline\Pipeline->Illuminate\Pipeline\{closure}(Object(Illuminate\Http\Request))
#39 C:\Users\nabra\OneDrive\Desktop\roshyara\xamp\nrna\nrna-eu\vendor\laravel\framework\src\Illuminate\Pipeline\Pipeline.php(209): Illuminate\Cookie\Middleware\EncryptCookies->handle(Object(Illuminate\Http\Request), Object(Closure))
#40 C:\Users\nabra\OneDrive\Desktop\roshyara\xamp\nrna\nrna-eu\vendor\laravel\framework\src\Illuminate\Pipeline\Pipeline.php(127): Illuminate\Pipeline\Pipeline->Illuminate\Pipeline\{closure}(Object(Illuminate\Http\Request))
#41 C:\Users\nabra\OneDrive\Desktop\roshyara\xamp\nrna\nrna-eu\vendor\laravel\framework\src\Illuminate\Routing\Router.php(807): Illuminate\Pipeline\Pipeline->then(Object(Closure))
#42 C:\Users\nabra\OneDrive\Desktop\roshyara\xamp\nrna\nrna-eu\vendor\laravel\framework\src\Illuminate\Routing\Router.php(786): Illuminate\Routing\Router->runRouteWithinStack(Object(Illuminate\Routing\Route), Object(Illuminate\Http\Request))
#43 C:\Users\nabra\OneDrive\Desktop\roshyara\xamp\nrna\nrna-eu\vendor\laravel\framework\src\Illuminate\Routing\Router.php(750): Illuminate\Routing\Router->runRoute(Object(Illuminate\Http\Request), Object(Illuminate\Routing\Route))
#44 C:\Users\nabra\OneDrive\Desktop\roshyara\xamp\nrna\nrna-eu\vendor\laravel\framework\src\Illuminate\Routing\Router.php(739): Illuminate\Routing\Router->dispatchToRoute(Object(Illuminate\Http\Request))
#45 C:\Users\nabra\OneDrive\Desktop\roshyara\xamp\nrna\nrna-eu\vendor\laravel\framework\src\Illuminate\Foundation\Http\Kernel.php(201): Illuminate\Routing\Router->dispatch(Object(Illuminate\Http\Request))
#46 C:\Users\nabra\OneDrive\Desktop\roshyara\xamp\nrna\nrna-eu\vendor\laravel\framework\src\Illuminate\Pipeline\Pipeline.php(170): Illuminate\Foundation\Http\Kernel->Illuminate\Foundation\Http\{closure}(Object(Illuminate\Http\Request))
#47 C:\Users\nabra\OneDrive\Desktop\roshyara\xamp\nrna\nrna-eu\app\Http\Middleware\TrackPerformance.php(28): Illuminate\Pipeline\Pipeline->Illuminate\Pipeline\{closure}(Object(Illuminate\Http\Request))
#48 C:\Users\nabra\OneDrive\Desktop\roshyara\xamp\nrna\nrna-eu\vendor\laravel\framework\src\Illuminate\Pipeline\Pipeline.php(209): App\Http\Middleware\TrackPerformance->handle(Object(Illuminate\Http\Request), Object(Closure))
#49 C:\Users\nabra\OneDrive\Desktop\roshyara\xamp\nrna\nrna-eu\vendor\laravel\framework\src\Illuminate\Foundation\Http\Middleware\TransformsRequest.php(21): Illuminate\Pipeline\Pipeline->Illuminate\Pipeline\{closure}(Object(Illuminate\Http\Request))
#50 C:\Users\nabra\OneDrive\Desktop\roshyara\xamp\nrna\nrna-eu\vendor\laravel\framework\src\Illuminate\Foundation\Http\Middleware\ConvertEmptyStringsToNull.php(31): Illuminate\Foundation\Http\Middleware\TransformsRequest->handle(Object(Illuminate\Http\Request), Object(Closure))
#51 C:\Users\nabra\OneDrive\Desktop\roshyara\xamp\nrna\nrna-eu\vendor\laravel\framework\src\Illuminate\Pipeline\Pipeline.php(209): Illuminate\Foundation\Http\Middleware\ConvertEmptyStringsToNull->handle(Object(Illuminate\Http\Request), Object(Closure))
#52 C:\Users\nabra\OneDrive\Desktop\roshyara\xamp\nrna\nrna-eu\vendor\laravel\framework\src\Illuminate\Foundation\Http\Middleware\TransformsRequest.php(21): Illuminate\Pipeline\Pipeline->Illuminate\Pipeline\{closure}(Object(Illuminate\Http\Request))
#53 C:\Users\nabra\OneDrive\Desktop\roshyara\xamp\nrna\nrna-eu\vendor\laravel\framework\src\Illuminate\Foundation\Http\Middleware\TrimStrings.php(51): Illuminate\Foundation\Http\Middleware\TransformsRequest->handle(Object(Illuminate\Http\Request), Object(Closure))
#54 C:\Users\nabra\OneDrive\Desktop\roshyara\xamp\nrna\nrna-eu\vendor\laravel\framework\src\Illuminate\Pipeline\Pipeline.php(209): Illuminate\Foundation\Http\Middleware\TrimStrings->handle(Object(Illuminate\Http\Request), Object(Closure))
#55 C:\Users\nabra\OneDrive\Desktop\roshyara\xamp\nrna\nrna-eu\vendor\laravel\framework\src\Illuminate\Http\Middleware\ValidatePostSize.php(27): Illuminate\Pipeline\Pipeline->Illuminate\Pipeline\{closure}(Object(Illuminate\Http\Request))
#56 C:\Users\nabra\OneDrive\Desktop\roshyara\xamp\nrna\nrna-eu\vendor\laravel\framework\src\Illuminate\Pipeline\Pipeline.php(209): Illuminate\Http\Middleware\ValidatePostSize->handle(Object(Illuminate\Http\Request), Object(Closure))
#57 C:\Users\nabra\OneDrive\Desktop\roshyara\xamp\nrna\nrna-eu\vendor\laravel\framework\src\Illuminate\Foundation\Http\Middleware\PreventRequestsDuringMaintenance.php(110): Illuminate\Pipeline\Pipeline->Illuminate\Pipeline\{closure}(Object(Illuminate\Http\Request))
#58 C:\Users\nabra\OneDrive\Desktop\roshyara\xamp\nrna\nrna-eu\vendor\laravel\framework\src\Illuminate\Pipeline\Pipeline.php(209): Illuminate\Foundation\Http\Middleware\PreventRequestsDuringMaintenance->handle(Object(Illuminate\Http\Request), Object(Closure))
#59 C:\Users\nabra\OneDrive\Desktop\roshyara\xamp\nrna\nrna-eu\vendor\laravel\framework\src\Illuminate\Http\Middleware\HandleCors.php(49): Illuminate\Pipeline\Pipeline->Illuminate\Pipeline\{closure}(Object(Illuminate\Http\Request))
#60 C:\Users\nabra\OneDrive\Desktop\roshyara\xamp\nrna\nrna-eu\vendor\laravel\framework\src\Illuminate\Pipeline\Pipeline.php(209): Illuminate\Http\Middleware\HandleCors->handle(Object(Illuminate\Http\Request), Object(Closure))
#61 C:\Users\nabra\OneDrive\Desktop\roshyara\xamp\nrna\nrna-eu\vendor\laravel\framework\src\Illuminate\Http\Middleware\TrustProxies.php(58): Illuminate\Pipeline\Pipeline->Illuminate\Pipeline\{closure}(Object(Illuminate\Http\Request))
#62 C:\Users\nabra\OneDrive\Desktop\roshyara\xamp\nrna\nrna-eu\vendor\laravel\framework\src\Illuminate\Pipeline\Pipeline.php(209): Illuminate\Http\Middleware\TrustProxies->handle(Object(Illuminate\Http\Request), Object(Closure))
#63 C:\Users\nabra\OneDrive\Desktop\roshyara\xamp\nrna\nrna-eu\vendor\laravel\framework\src\Illuminate\Foundation\Http\Middleware\InvokeDeferredCallbacks.php(22): Illuminate\Pipeline\Pipeline->Illuminate\Pipeline\{closure}(Object(Illuminate\Http\Request))
#64 C:\Users\nabra\OneDrive\Desktop\roshyara\xamp\nrna\nrna-eu\vendor\laravel\framework\src\Illuminate\Pipeline\Pipeline.php(209): Illuminate\Foundation\Http\Middleware\InvokeDeferredCallbacks->handle(Object(Illuminate\Http\Request), Object(Closure))
#65 C:\Users\nabra\OneDrive\Desktop\roshyara\xamp\nrna\nrna-eu\vendor\laravel\framework\src\Illuminate\Pipeline\Pipeline.php(127): Illuminate\Pipeline\Pipeline->Illuminate\Pipeline\{closure}(Object(Illuminate\Http\Request))
#66 C:\Users\nabra\OneDrive\Desktop\roshyara\xamp\nrna\nrna-eu\vendor\laravel\framework\src\Illuminate\Foundation\Http\Kernel.php(176): Illuminate\Pipeline\Pipeline->then(Object(Closure))
#67 C:\Users\nabra\OneDrive\Desktop\roshyara\xamp\nrna\nrna-eu\vendor\laravel\framework\src\Illuminate\Foundation\Http\Kernel.php(145): Illuminate\Foundation\Http\Kernel->sendRequestThroughRouter(Object(Illuminate\Http\Request))
#68 C:\Users\nabra\OneDrive\Desktop\roshyara\xamp\nrna\nrna-eu\vendor\laravel\framework\src\Illuminate\Foundation\Testing\Concerns\MakesHttpRequests.php(607): Illuminate\Foundation\Http\Kernel->handle(Object(Illuminate\Http\Request))
#69 C:\Users\nabra\OneDrive\Desktop\roshyara\xamp\nrna\nrna-eu\vendor\laravel\framework\src\Illuminate\Foundation\Testing\Concerns\MakesHttpRequests.php(368): Illuminate\Foundation\Testing\TestCase->call('GET', 'http://localhos...', Array, Array, Array, Array)
#70 C:\Users\nabra\OneDrive\Desktop\roshyara\xamp\nrna\nrna-eu\tests\Feature\Demo\PublicDemoFlowTest.php(52): Illuminate\Foundation\Testing\TestCase->get('http://localhos...')
#71 C:\Users\nabra\OneDrive\Desktop\roshyara\xamp\nrna\nrna-eu\vendor\phpunit\phpunit\src\Framework\TestCase.php(1235): Tests\Feature\Demo\PublicDemoFlowTest->anonymous_visitor_can_start_public_demo()
#72 C:\Users\nabra\OneDrive\Desktop\roshyara\xamp\nrna\nrna-eu\vendor\phpunit\phpunit\src\Framework\TestCase.php(514): PHPUnit\Framework\TestCase->runTest()
#73 C:\Users\nabra\OneDrive\Desktop\roshyara\xamp\nrna\nrna-eu\vendor\phpunit\phpunit\src\Framework\TestRunner\TestRunner.php(87): PHPUnit\Framework\TestCase->runBare()
#74 C:\Users\nabra\OneDrive\Desktop\roshyara\xamp\nrna\nrna-eu\vendor\phpunit\phpunit\src\Framework\TestCase.php(361): PHPUnit\Framework\TestRunner->run(Object(Tests\Feature\Demo\PublicDemoFlowTest))
#75 C:\Users\nabra\OneDrive\Desktop\roshyara\xamp\nrna\nrna-eu\vendor\phpunit\phpunit\src\Framework\TestSuite.php(369): PHPUnit\Framework\TestCase->run()
#76 C:\Users\nabra\OneDrive\Desktop\roshyara\xamp\nrna\nrna-eu\vendor\phpunit\phpunit\src\Framework\TestSuite.php(369): PHPUnit\Framework\TestSuite->run()
#77 C:\Users\nabra\OneDrive\Desktop\roshyara\xamp\nrna\nrna-eu\vendor\phpunit\phpunit\src\Framework\TestSuite.php(369): PHPUnit\Framework\TestSuite->run()
#78 C:\Users\nabra\OneDrive\Desktop\roshyara\xamp\nrna\nrna-eu\vendor\phpunit\phpunit\src\TextUI\TestRunner.php(64): PHPUnit\Framework\TestSuite->run()
#79 C:\Users\nabra\OneDrive\Desktop\roshyara\xamp\nrna\nrna-eu\vendor\phpunit\phpunit\src\TextUI\Application.php(210): PHPUnit\TextUI\TestRunner->run(Object(PHPUnit\TextUI\Configuration\Configuration), Object(PHPUnit\Runner\ResultCache\DefaultResultCache), Object(PHPUnit\Framework\TestSuite))
#80 C:\Users\nabra\OneDrive\Desktop\roshyara\xamp\nrna\nrna-eu\vendor\phpunit\phpunit\phpunit(104): PHPUnit\TextUI\Application->run(Array)
#81 {main}

Next Illuminate\Database\QueryException: SQLSTATE[25P02]: In failed sql transaction: 7 FEHLER:  aktuelle Transaktion wurde abgebrochen, Befehle werden bis zum Ende der Transaktion ignoriert (Connection: pgsql, SQL: select * from "elections" where "type" = demo and "organisation_id" is null limit 1) in C:\Users\nabra\OneDrive\Desktop\roshyara\xamp\nrna\nrna-eu\vendor\laravel\framework\src\Illuminate\Database\Connection.php:825
Stack trace:
#0 C:\Users\nabra\OneDrive\Desktop\roshyara\xamp\nrna\nrna-eu\vendor\laravel\framework\src\Illuminate\Database\Connection.php(779): Illuminate\Database\Connection->runQueryCallback('select * from "...', Array, Object(Closure))
#1 C:\Users\nabra\OneDrive\Desktop\roshyara\xamp\nrna\nrna-eu\vendor\laravel\framework\src\Illuminate\Database\Connection.php(398): Illuminate\Database\Connection->run('select * from "...', Array, Object(Closure))
#2 C:\Users\nabra\OneDrive\Desktop\roshyara\xamp\nrna\nrna-eu\vendor\laravel\framework\src\Illuminate\Database\Query\Builder.php(3133): Illuminate\Database\Connection->select('select * from "...', Array, true)
#3 C:\Users\nabra\OneDrive\Desktop\roshyara\xamp\nrna\nrna-eu\vendor\laravel\framework\src\Illuminate\Database\Query\Builder.php(3118): Illuminate\Database\Query\Builder->runSelect()
#4 C:\Users\nabra\OneDrive\Desktop\roshyara\xamp\nrna\nrna-eu\vendor\laravel\framework\src\Illuminate\Database\Query\Builder.php(3706): Illuminate\Database\Query\Builder->Illuminate\Database\Query\{closure}()
#5 C:\Users\nabra\OneDrive\Desktop\roshyara\xamp\nrna\nrna-eu\vendor\laravel\framework\src\Illuminate\Database\Query\Builder.php(3117): Illuminate\Database\Query\Builder->onceWithColumns(Array, Object(Closure))
#6 C:\Users\nabra\OneDrive\Desktop\roshyara\xamp\nrna\nrna-eu\vendor\laravel\framework\src\Illuminate\Database\Eloquent\Builder.php(787): Illuminate\Database\Query\Builder->get(Array)
#7 C:\Users\nabra\OneDrive\Desktop\roshyara\xamp\nrna\nrna-eu\vendor\laravel\framework\src\Illuminate\Database\Eloquent\Builder.php(769): Illuminate\Database\Eloquent\Builder->getModels(Array)
#8 C:\Users\nabra\OneDrive\Desktop\roshyara\xamp\nrna\nrna-eu\vendor\laravel\framework\src\Illuminate\Database\Concerns\BuildsQueries.php(344): Illuminate\Database\Eloquent\Builder->get(Array)
#9 C:\Users\nabra\OneDrive\Desktop\roshyara\xamp\nrna\nrna-eu\app\Services\DemoElectionResolver.php(180): Illuminate\Database\Eloquent\Builder->first()
#10 C:\Users\nabra\OneDrive\Desktop\roshyara\xamp\nrna\nrna-eu\app\Http\Controllers\Demo\PublicDemoController.php(70): App\Services\DemoElectionResolver->getPublicDemoElection()
#11 C:\Users\nabra\OneDrive\Desktop\roshyara\xamp\nrna\nrna-eu\vendor\laravel\framework\src\Illuminate\Routing\Controller.php(54): App\Http\Controllers\Demo\PublicDemoController->start()
#12 C:\Users\nabra\OneDrive\Desktop\roshyara\xamp\nrna\nrna-eu\vendor\laravel\framework\src\Illuminate\Routing\ControllerDispatcher.php(44): Illuminate\Routing\Controller->callAction('start', Array)
#13 C:\Users\nabra\OneDrive\Desktop\roshyara\xamp\nrna\nrna-eu\vendor\laravel\framework\src\Illuminate\Routing\Route.php(266): Illuminate\Routing\ControllerDispatcher->dispatch(Object(Illuminate\Routing\Route), Object(App\Http\Controllers\Demo\PublicDemoController), 'start')
#14 C:\Users\nabra\OneDrive\Desktop\roshyara\xamp\nrna\nrna-eu\vendor\laravel\framework\src\Illuminate\Routing\Route.php(212): Illuminate\Routing\Route->runController()
#15 C:\Users\nabra\OneDrive\Desktop\roshyara\xamp\nrna\nrna-eu\vendor\laravel\framework\src\Illuminate\Routing\Router.php(808): Illuminate\Routing\Route->run()
#16 C:\Users\nabra\OneDrive\Desktop\roshyara\xamp\nrna\nrna-eu\vendor\laravel\framework\src\Illuminate\Pipeline\Pipeline.php(170): Illuminate\Routing\Router->Illuminate\Routing\{closure}(Object(Illuminate\Http\Request))
#17 C:\Users\nabra\OneDrive\Desktop\roshyara\xamp\nrna\nrna-eu\vendor\inertiajs\inertia-laravel\src\Middleware.php(86): Illuminate\Pipeline\Pipeline->Illuminate\Pipeline\{closure}(Object(Illuminate\Http\Request))
#18 C:\Users\nabra\OneDrive\Desktop\roshyara\xamp\nrna\nrna-eu\vendor\laravel\framework\src\Illuminate\Pipeline\Pipeline.php(209): Inertia\Middleware->handle(Object(Illuminate\Http\Request), Object(Closure))
#19 C:\Users\nabra\OneDrive\Desktop\roshyara\xamp\nrna\nrna-eu\app\Http\Middleware\InjectPageMeta.php(65): Illuminate\Pipeline\Pipeline->Illuminate\Pipeline\{closure}(Object(Illuminate\Http\Request))
#20 C:\Users\nabra\OneDrive\Desktop\roshyara\xamp\nrna\nrna-eu\vendor\laravel\framework\src\Illuminate\Pipeline\Pipeline.php(209): App\Http\Middleware\InjectPageMeta->handle(Object(Illuminate\Http\Request), Object(Closure))
#21 C:\Users\nabra\OneDrive\Desktop\roshyara\xamp\nrna\nrna-eu\app\Http\Middleware\SetLocale.php(59): Illuminate\Pipeline\Pipeline->Illuminate\Pipeline\{closure}(Object(Illuminate\Http\Request))
#22 C:\Users\nabra\OneDrive\Desktop\roshyara\xamp\nrna\nrna-eu\vendor\laravel\framework\src\Illuminate\Pipeline\Pipeline.php(209): App\Http\Middleware\SetLocale->handle(Object(Illuminate\Http\Request), Object(Closure))
#23 C:\Users\nabra\OneDrive\Desktop\roshyara\xamp\nrna\nrna-eu\app\Http\Middleware\PreloadAssets.php(12): Illuminate\Pipeline\Pipeline->Illuminate\Pipeline\{closure}(Object(Illuminate\Http\Request))
#24 C:\Users\nabra\OneDrive\Desktop\roshyara\xamp\nrna\nrna-eu\vendor\laravel\framework\src\Illuminate\Pipeline\Pipeline.php(209): App\Http\Middleware\PreloadAssets->handle(Object(Illuminate\Http\Request), Object(Closure))
#25 C:\Users\nabra\OneDrive\Desktop\roshyara\xamp\nrna\nrna-eu\vendor\laravel\framework\src\Illuminate\Routing\Middleware\SubstituteBindings.php(51): Illuminate\Pipeline\Pipeline->Illuminate\Pipeline\{closure}(Object(Illuminate\Http\Request))
#26 C:\Users\nabra\OneDrive\Desktop\roshyara\xamp\nrna\nrna-eu\vendor\laravel\framework\src\Illuminate\Pipeline\Pipeline.php(209): Illuminate\Routing\Middleware\SubstituteBindings->handle(Object(Illuminate\Http\Request), Object(Closure))
#27 C:\Users\nabra\OneDrive\Desktop\roshyara\xamp\nrna\nrna-eu\vendor\laravel\framework\src\Illuminate\Foundation\Http\Middleware\VerifyCsrfToken.php(88): Illuminate\Pipeline\Pipeline->Illuminate\Pipeline\{closure}(Object(Illuminate\Http\Request))
#28 C:\Users\nabra\OneDrive\Desktop\roshyara\xamp\nrna\nrna-eu\vendor\laravel\framework\src\Illuminate\Pipeline\Pipeline.php(209): Illuminate\Foundation\Http\Middleware\VerifyCsrfToken->handle(Object(Illuminate\Http\Request), Object(Closure))
#29 C:\Users\nabra\OneDrive\Desktop\roshyara\xamp\nrna\nrna-eu\vendor\laravel\framework\src\Illuminate\View\Middleware\ShareErrorsFromSession.php(49): Illuminate\Pipeline\Pipeline->Illuminate\Pipeline\{closure}(Object(Illuminate\Http\Request))
#30 C:\Users\nabra\OneDrive\Desktop\roshyara\xamp\nrna\nrna-eu\vendor\laravel\framework\src\Illuminate\Pipeline\Pipeline.php(209): Illuminate\View\Middleware\ShareErrorsFromSession->handle(Object(Illuminate\Http\Request), Object(Closure))
#31 C:\Users\nabra\OneDrive\Desktop\roshyara\xamp\nrna\nrna-eu\vendor\laravel\framework\src\Illuminate\Session\Middleware\StartSession.php(121): Illuminate\Pipeline\Pipeline->Illuminate\Pipeline\{closure}(Object(Illuminate\Http\Request))
#32 C:\Users\nabra\OneDrive\Desktop\roshyara\xamp\nrna\nrna-eu\vendor\laravel\framework\src\Illuminate\Session\Middleware\StartSession.php(64): Illuminate\Session\Middleware\StartSession->handleStatefulRequest(Object(Illuminate\Http\Request), Object(Illuminate\Session\Store), Object(Closure))
#33 C:\Users\nabra\OneDrive\Desktop\roshyara\xamp\nrna\nrna-eu\vendor\laravel\framework\src\Illuminate\Pipeline\Pipeline.php(209): Illuminate\Session\Middleware\StartSession->handle(Object(Illuminate\Http\Request), Object(Closure))
#34 C:\Users\nabra\OneDrive\Desktop\roshyara\xamp\nrna\nrna-eu\vendor\laravel\framework\src\Illuminate\Cookie\Middleware\AddQueuedCookiesToResponse.php(37): Illuminate\Pipeline\Pipeline->Illuminate\Pipeline\{closure}(Object(Illuminate\Http\Request))
#35 C:\Users\nabra\OneDrive\Desktop\roshyara\xamp\nrna\nrna-eu\vendor\laravel\framework\src\Illuminate\Pipeline\Pipeline.php(209): Illuminate\Cookie\Middleware\AddQueuedCookiesToResponse->handle(Object(Illuminate\Http\Request), Object(Closure))
#36 C:\Users\nabra\OneDrive\Desktop\roshyara\xamp\nrna\nrna-eu\vendor\laravel\framework\src\Illuminate\Cookie\Middleware\EncryptCookies.php(75): Illuminate\Pipeline\Pipeline->Illuminate\Pipeline\{closure}(Object(Illuminate\Http\Request))
#37 C:\Users\nabra\OneDrive\Desktop\roshyara\xamp\nrna\nrna-eu\vendor\laravel\framework\src\Illuminate\Pipeline\Pipeline.php(209): Illuminate\Cookie\Middleware\EncryptCookies->handle(Object(Illuminate\Http\Request), Object(Closure))
#38 C:\Users\nabra\OneDrive\Desktop\roshyara\xamp\nrna\nrna-eu\vendor\laravel\framework\src\Illuminate\Pipeline\Pipeline.php(127): Illuminate\Pipeline\Pipeline->Illuminate\Pipeline\{closure}(Object(Illuminate\Http\Request))
#39 C:\Users\nabra\OneDrive\Desktop\roshyara\xamp\nrna\nrna-eu\vendor\laravel\framework\src\Illuminate\Routing\Router.php(807): Illuminate\Pipeline\Pipeline->then(Object(Closure))
#40 C:\Users\nabra\OneDrive\Desktop\roshyara\xamp\nrna\nrna-eu\vendor\laravel\framework\src\Illuminate\Routing\Router.php(786): Illuminate\Routing\Router->runRouteWithinStack(Object(Illuminate\Routing\Route), Object(Illuminate\Http\Request))
#41 C:\Users\nabra\OneDrive\Desktop\roshyara\xamp\nrna\nrna-eu\vendor\laravel\framework\src\Illuminate\Routing\Router.php(750): Illuminate\Routing\Router->runRoute(Object(Illuminate\Http\Request), Object(Illuminate\Routing\Route))
#42 C:\Users\nabra\OneDrive\Desktop\roshyara\xamp\nrna\nrna-eu\vendor\laravel\framework\src\Illuminate\Routing\Router.php(739): Illuminate\Routing\Router->dispatchToRoute(Object(Illuminate\Http\Request))
#43 C:\Users\nabra\OneDrive\Desktop\roshyara\xamp\nrna\nrna-eu\vendor\laravel\framework\src\Illuminate\Foundation\Http\Kernel.php(201): Illuminate\Routing\Router->dispatch(Object(Illuminate\Http\Request))
#44 C:\Users\nabra\OneDrive\Desktop\roshyara\xamp\nrna\nrna-eu\vendor\laravel\framework\src\Illuminate\Pipeline\Pipeline.php(170): Illuminate\Foundation\Http\Kernel->Illuminate\Foundation\Http\{closure}(Object(Illuminate\Http\Request))
#45 C:\Users\nabra\OneDrive\Desktop\roshyara\xamp\nrna\nrna-eu\app\Http\Middleware\TrackPerformance.php(28): Illuminate\Pipeline\Pipeline->Illuminate\Pipeline\{closure}(Object(Illuminate\Http\Request))
#46 C:\Users\nabra\OneDrive\Desktop\roshyara\xamp\nrna\nrna-eu\vendor\laravel\framework\src\Illuminate\Pipeline\Pipeline.php(209): App\Http\Middleware\TrackPerformance->handle(Object(Illuminate\Http\Request), Object(Closure))
#47 C:\Users\nabra\OneDrive\Desktop\roshyara\xamp\nrna\nrna-eu\vendor\laravel\framework\src\Illuminate\Foundation\Http\Middleware\TransformsRequest.php(21): Illuminate\Pipeline\Pipeline->Illuminate\Pipeline\{closure}(Object(Illuminate\Http\Request))
#48 C:\Users\nabra\OneDrive\Desktop\roshyara\xamp\nrna\nrna-eu\vendor\laravel\framework\src\Illuminate\Foundation\Http\Middleware\ConvertEmptyStringsToNull.php(31): Illuminate\Foundation\Http\Middleware\TransformsRequest->handle(Object(Illuminate\Http\Request), Object(Closure))
#49 C:\Users\nabra\OneDrive\Desktop\roshyara\xamp\nrna\nrna-eu\vendor\laravel\framework\src\Illuminate\Pipeline\Pipeline.php(209): Illuminate\Foundation\Http\Middleware\ConvertEmptyStringsToNull->handle(Object(Illuminate\Http\Request), Object(Closure))
#50 C:\Users\nabra\OneDrive\Desktop\roshyara\xamp\nrna\nrna-eu\vendor\laravel\framework\src\Illuminate\Foundation\Http\Middleware\TransformsRequest.php(21): Illuminate\Pipeline\Pipeline->Illuminate\Pipeline\{closure}(Object(Illuminate\Http\Request))
#51 C:\Users\nabra\OneDrive\Desktop\roshyara\xamp\nrna\nrna-eu\vendor\laravel\framework\src\Illuminate\Foundation\Http\Middleware\TrimStrings.php(51): Illuminate\Foundation\Http\Middleware\TransformsRequest->handle(Object(Illuminate\Http\Request), Object(Closure))
#52 C:\Users\nabra\OneDrive\Desktop\roshyara\xamp\nrna\nrna-eu\vendor\laravel\framework\src\Illuminate\Pipeline\Pipeline.php(209): Illuminate\Foundation\Http\Middleware\TrimStrings->handle(Object(Illuminate\Http\Request), Object(Closure))
#53 C:\Users\nabra\OneDrive\Desktop\roshyara\xamp\nrna\nrna-eu\vendor\laravel\framework\src\Illuminate\Http\Middleware\ValidatePostSize.php(27): Illuminate\Pipeline\Pipeline->Illuminate\Pipeline\{closure}(Object(Illuminate\Http\Request))
#54 C:\Users\nabra\OneDrive\Desktop\roshyara\xamp\nrna\nrna-eu\vendor\laravel\framework\src\Illuminate\Pipeline\Pipeline.php(209): Illuminate\Http\Middleware\ValidatePostSize->handle(Object(Illuminate\Http\Request), Object(Closure))
#55 C:\Users\nabra\OneDrive\Desktop\roshyara\xamp\nrna\nrna-eu\vendor\laravel\framework\src\Illuminate\Foundation\Http\Middleware\PreventRequestsDuringMaintenance.php(110): Illuminate\Pipeline\Pipeline->Illuminate\Pipeline\{closure}(Object(Illuminate\Http\Request))
#56 C:\Users\nabra\OneDrive\Desktop\roshyara\xamp\nrna\nrna-eu\vendor\laravel\framework\src\Illuminate\Pipeline\Pipeline.php(209): Illuminate\Foundation\Http\Middleware\PreventRequestsDuringMaintenance->handle(Object(Illuminate\Http\Request), Object(Closure))
#57 C:\Users\nabra\OneDrive\Desktop\roshyara\xamp\nrna\nrna-eu\vendor\laravel\framework\src\Illuminate\Http\Middleware\HandleCors.php(49): Illuminate\Pipeline\Pipeline->Illuminate\Pipeline\{closure}(Object(Illuminate\Http\Request))
#58 C:\Users\nabra\OneDrive\Desktop\roshyara\xamp\nrna\nrna-eu\vendor\laravel\framework\src\Illuminate\Pipeline\Pipeline.php(209): Illuminate\Http\Middleware\HandleCors->handle(Object(Illuminate\Http\Request), Object(Closure))
#59 C:\Users\nabra\OneDrive\Desktop\roshyara\xamp\nrna\nrna-eu\vendor\laravel\framework\src\Illuminate\Http\Middleware\TrustProxies.php(58): Illuminate\Pipeline\Pipeline->Illuminate\Pipeline\{closure}(Object(Illuminate\Http\Request))
#60 C:\Users\nabra\OneDrive\Desktop\roshyara\xamp\nrna\nrna-eu\vendor\laravel\framework\src\Illuminate\Pipeline\Pipeline.php(209): Illuminate\Http\Middleware\TrustProxies->handle(Object(Illuminate\Http\Request), Object(Closure))
#61 C:\Users\nabra\OneDrive\Desktop\roshyara\xamp\nrna\nrna-eu\vendor\laravel\framework\src\Illuminate\Foundation\Http\Middleware\InvokeDeferredCallbacks.php(22): Illuminate\Pipeline\Pipeline->Illuminate\Pipeline\{closure}(Object(Illuminate\Http\Request))
#62 C:\Users\nabra\OneDrive\Desktop\roshyara\xamp\nrna\nrna-eu\vendor\laravel\framework\src\Illuminate\Pipeline\Pipeline.php(209): Illuminate\Foundation\Http\Middleware\InvokeDeferredCallbacks->handle(Object(Illuminate\Http\Request), Object(Closure))
#63 C:\Users\nabra\OneDrive\Desktop\roshyara\xamp\nrna\nrna-eu\vendor\laravel\framework\src\Illuminate\Pipeline\Pipeline.php(127): Illuminate\Pipeline\Pipeline->Illuminate\Pipeline\{closure}(Object(Illuminate\Http\Request))
#64 C:\Users\nabra\OneDrive\Desktop\roshyara\xamp\nrna\nrna-eu\vendor\laravel\framework\src\Illuminate\Foundation\Http\Kernel.php(176): Illuminate\Pipeline\Pipeline->then(Object(Closure))
#65 C:\Users\nabra\OneDrive\Desktop\roshyara\xamp\nrna\nrna-eu\vendor\laravel\framework\src\Illuminate\Foundation\Http\Kernel.php(145): Illuminate\Foundation\Http\Kernel->sendRequestThroughRouter(Object(Illuminate\Http\Request))
#66 C:\Users\nabra\OneDrive\Desktop\roshyara\xamp\nrna\nrna-eu\vendor\laravel\framework\src\Illuminate\Foundation\Testing\Concerns\MakesHttpRequests.php(607): Illuminate\Foundation\Http\Kernel->handle(Object(Illuminate\Http\Request))
#67 C:\Users\nabra\OneDrive\Desktop\roshyara\xamp\nrna\nrna-eu\vendor\laravel\framework\src\Illuminate\Foundation\Testing\Concerns\MakesHttpRequests.php(368): Illuminate\Foundation\Testing\TestCase->call('GET', 'http://localhos...', Array, Array, Array, Array)
#68 C:\Users\nabra\OneDrive\Desktop\roshyara\xamp\nrna\nrna-eu\tests\Feature\Demo\PublicDemoFlowTest.php(52): Illuminate\Foundation\Testing\TestCase->get('http://localhos...')
#69 C:\Users\nabra\OneDrive\Desktop\roshyara\xamp\nrna\nrna-eu\vendor\phpunit\phpunit\src\Framework\TestCase.php(1235): Tests\Feature\Demo\PublicDemoFlowTest->anonymous_visitor_can_start_public_demo()
#70 C:\Users\nabra\OneDrive\Desktop\roshyara\xamp\nrna\nrna-eu\vendor\phpunit\phpunit\src\Framework\TestCase.php(514): PHPUnit\Framework\TestCase->runTest()
#71 C:\Users\nabra\OneDrive\Desktop\roshyara\xamp\nrna\nrna-eu\vendor\phpunit\phpunit\src\Framework\TestRunner\TestRunner.php(87): PHPUnit\Framework\TestCase->runBare()
#72 C:\Users\nabra\OneDrive\Desktop\roshyara\xamp\nrna\nrna-eu\vendor\phpunit\phpunit\src\Framework\TestCase.php(361): PHPUnit\Framework\TestRunner->run(Object(Tests\Feature\Demo\PublicDemoFlowTest))
#73 C:\Users\nabra\OneDrive\Desktop\roshyara\xamp\nrna\nrna-eu\vendor\phpunit\phpunit\src\Framework\TestSuite.php(369): PHPUnit\Framework\TestCase->run()
#74 C:\Users\nabra\OneDrive\Desktop\roshyara\xamp\nrna\nrna-eu\vendor\phpunit\phpunit\src\Framework\TestSuite.php(369): PHPUnit\Framework\TestSuite->run()
#75 C:\Users\nabra\OneDrive\Desktop\roshyara\xamp\nrna\nrna-eu\vendor\phpunit\phpunit\src\Framework\TestSuite.php(369): PHPUnit\Framework\TestSuite->run()
#76 C:\Users\nabra\OneDrive\Desktop\roshyara\xamp\nrna\nrna-eu\vendor\phpunit\phpunit\src\TextUI\TestRunner.php(64): PHPUnit\Framework\TestSuite->run()
#77 C:\Users\nabra\OneDrive\Desktop\roshyara\xamp\nrna\nrna-eu\vendor\phpunit\phpunit\src\TextUI\Application.php(210): PHPUnit\TextUI\TestRunner->run(Object(PHPUnit\TextUI\Configuration\Configuration), Object(PHPUnit\Runner\ResultCache\DefaultResultCache), Object(PHPUnit\Framework\TestSuite))
#78 C:\Users\nabra\OneDrive\Desktop\roshyara\xamp\nrna\nrna-eu\vendor\phpunit\phpunit\phpunit(104): PHPUnit\TextUI\Application->run(Array)
#79 {main}

----------------------------------------------------------------------------------

SQLSTATE[25P02]: In failed sql transaction: 7 FEHLER:  aktuelle Transaktion wurde abgebrochen, Befehle werden bis zum Ende der Transaktion ignoriert (Connection: pgsql, SQL: select * from "elections" where "type" = demo and "organisation_id" is null limit 1)[39;22m

  at [32mtests\Feature\Demo\PublicDemoFlowTest.php[39m:[32m54[39m
     50▕     public function anonymous_visitor_can_start_public_demo(): void
     51▕     {
     52▕         $response = $this->get(route('public-demo.start'));
     53▕ 
  ➜  54▕         $response->assertRedirect();
     55▕         $this->assertStringContainsString('/public-demo/', $response->headers->get('Location'));
     56▕         $this->assertStringContainsString('/code', $response->headers->get('Location'));
     57▕ 
     58▕         $this->assertDatabaseCount('public_demo_sessions', 1);

  [31m────────────────────────────────────────────────────────────────────────────────────────────────────────────────────[39m  
  [41;1m FAILED [49;22m [1mTests\Feature\Demo\PublicDemoFlowTest[22m [90m>[39m step1 accepts the displayed code and advances                        
[39;1m  Failed asserting that two strings are equal.

The following errors occurred during the last request:

voting code ist erforderlich.

--- Expected
+++ Actual
@@ @@
-'http://localhost/public-demo/4rClog4YxERR8ikT0pu6vEYloElcOS1NcHNxrn9s/agreement'
+'http://localhost'[39;22m

  at [32mtests\Feature\Demo\PublicDemoFlowTest.php[39m:[32m118[39m
    114▕         $response = $this->post(route('public-demo.code.verify', $session->session_token), [
    115▕             'code' => 'DEMO-1234',
    116▕         ]);
    117▕ 
  ➜ 118▕         $response->assertRedirect(route('public-demo.agreement.show', $session->session_token));
    119▕ 
    120▕         $session->refresh();
    121▕         $this->assertTrue($session->code_verified);
    122▕         $this->assertEquals(2, $session->current_step);

  [31m────────────────────────────────────────────────────────────────────────────────────────────────────────────────────[39m  
  [41;1m FAILED [49;22m [1mTests\Feature\Demo\PublicDemoFlowTest[22m [90m>[39m step1 rejects wrong code                                             
[39;1m  Session missing error: code
Failed asserting that false is true.

The following errors occurred during the last request:

voting code ist erforderlich.[39;22m

  at [32mtests\Feature\Demo\PublicDemoFlowTest.php[39m:[32m139[39m
    135▕         $response = $this->post(route('public-demo.code.verify', $session->session_token), [
    136▕             'code' => 'WRONG-CODE',
    137▕         ]);
    138▕ 
  ➜ 139▕         $response->assertSessionHasErrors('code');
    140▕ 
    141▕         $session->refresh();
    142▕         $this->assertFalse($session->code_verified);
    143▕         $this->assertEquals(1, $session->current_step);

  [31m────────────────────────────────────────────────────────────────────────────────────────────────────────────────────[39m  
  [41;1m FAILED [49;22m [1mTests\Feature\Demo\PublicDemoFlowTest[22m [90m>[39m step2 agreement accepted advances to vote                            
[39;1m  Failed asserting that two strings are equal.

The following errors occurred during the last request:

agreement ist erforderlich.

--- Expected
+++ Actual
@@ @@
-'http://localhost/public-demo/vUDKyjQy6xc1kWdgjuVSMZLcLdWvU82VNEsC5lTV/vote'
+'http://localhost'[39;22m

  at [32mtests\Feature\Demo\PublicDemoFlowTest.php[39m:[32m179[39m
    175▕         $response = $this->post(route('public-demo.agreement.submit', $session->session_token), [
    176▕             'agreed' => true,
    177▕         ]);
    178▕ 
  ➜ 179▕         $response->assertRedirect(route('public-demo.vote.show', $session->session_token));
    180▕ 
    181▕         $session->refresh();
    182▕         $this->assertTrue($session->agreed);
    183▕         $this->assertEquals(3, $session->current_step);

  [31m────────────────────────────────────────────────────────────────────────────────────────────────────────────────────[39m  
  [41;1m FAILED [49;22m [1mTests\Feature\Demo\PublicDemoFlowTest[22m [90m>[39m step3 renders vote page                                              
[39;1m  Expected response status code [200] but received 500.
Failed asserting that 500 is identical to 200.

The following exception occurred during the last request:

PDOException: SQLSTATE[25P02]: In failed sql transaction: 7 FEHLER:  aktuelle Transaktion wurde abgebrochen, Befehle werden bis zum Ende der Transaktion ignoriert in C:\Users\nabra\OneDrive\Desktop\roshyara\xamp\nrna\nrna-eu\vendor\laravel\framework\src\Illuminate\Database\Connection.php:412
Stack trace:
#0 C:\Users\nabra\OneDrive\Desktop\roshyara\xamp\nrna\nrna-eu\vendor\laravel\framework\src\Illuminate\Database\Connection.php(412): PDOStatement->execute()
#1 C:\Users\nabra\OneDrive\Desktop\roshyara\xamp\nrna\nrna-eu\vendor\laravel\framework\src\Illuminate\Database\Connection.php(812): Illuminate\Database\Connection->Illuminate\Database\{closure}('select * from "...', Array)
#2 C:\Users\nabra\OneDrive\Desktop\roshyara\xamp\nrna\nrna-eu\vendor\laravel\framework\src\Illuminate\Database\Connection.php(779): Illuminate\Database\Connection->runQueryCallback('select * from "...', Array, Object(Closure))
#3 C:\Users\nabra\OneDrive\Desktop\roshyara\xamp\nrna\nrna-eu\vendor\laravel\framework\src\Illuminate\Database\Connection.php(398): Illuminate\Database\Connection->run('select * from "...', Array, Object(Closure))
#4 C:\Users\nabra\OneDrive\Desktop\roshyara\xamp\nrna\nrna-eu\vendor\laravel\framework\src\Illuminate\Database\Query\Builder.php(3133): Illuminate\Database\Connection->select('select * from "...', Array, true)
#5 C:\Users\nabra\OneDrive\Desktop\roshyara\xamp\nrna\nrna-eu\vendor\laravel\framework\src\Illuminate\Database\Query\Builder.php(3118): Illuminate\Database\Query\Builder->runSelect()
#6 C:\Users\nabra\OneDrive\Desktop\roshyara\xamp\nrna\nrna-eu\vendor\laravel\framework\src\Illuminate\Database\Query\Builder.php(3706): Illuminate\Database\Query\Builder->Illuminate\Database\Query\{closure}()
#7 C:\Users\nabra\OneDrive\Desktop\roshyara\xamp\nrna\nrna-eu\vendor\laravel\framework\src\Illuminate\Database\Query\Builder.php(3117): Illuminate\Database\Query\Builder->onceWithColumns(Array, Object(Closure))
#8 C:\Users\nabra\OneDrive\Desktop\roshyara\xamp\nrna\nrna-eu\vendor\laravel\framework\src\Illuminate\Database\Eloquent\Builder.php(787): Illuminate\Database\Query\Builder->get(Array)
#9 C:\Users\nabra\OneDrive\Desktop\roshyara\xamp\nrna\nrna-eu\vendor\laravel\framework\src\Illuminate\Database\Eloquent\Builder.php(769): Illuminate\Database\Eloquent\Builder->getModels(Array)
#10 C:\Users\nabra\OneDrive\Desktop\roshyara\xamp\nrna\nrna-eu\vendor\laravel\framework\src\Illuminate\Database\Concerns\BuildsQueries.php(344): Illuminate\Database\Eloquent\Builder->get(Array)
#11 C:\Users\nabra\OneDrive\Desktop\roshyara\xamp\nrna\nrna-eu\app\Services\DemoElectionResolver.php(180): Illuminate\Database\Eloquent\Builder->first()
#12 C:\Users\nabra\OneDrive\Desktop\roshyara\xamp\nrna\nrna-eu\app\Http\Controllers\Demo\PublicDemoController.php(189): App\Services\DemoElectionResolver->getPublicDemoElection()
#13 C:\Users\nabra\OneDrive\Desktop\roshyara\xamp\nrna\nrna-eu\vendor\laravel\framework\src\Illuminate\Routing\Controller.php(54): App\Http\Controllers\Demo\PublicDemoController->voteShow(Object(App\Models\PublicDemoSession))
#14 C:\Users\nabra\OneDrive\Desktop\roshyara\xamp\nrna\nrna-eu\vendor\laravel\framework\src\Illuminate\Routing\ControllerDispatcher.php(44): Illuminate\Routing\Controller->callAction('voteShow', Array)
#15 C:\Users\nabra\OneDrive\Desktop\roshyara\xamp\nrna\nrna-eu\vendor\laravel\framework\src\Illuminate\Routing\Route.php(266): Illuminate\Routing\ControllerDispatcher->dispatch(Object(Illuminate\Routing\Route), Object(App\Http\Controllers\Demo\PublicDemoController), 'voteShow')
#16 C:\Users\nabra\OneDrive\Desktop\roshyara\xamp\nrna\nrna-eu\vendor\laravel\framework\src\Illuminate\Routing\Route.php(212): Illuminate\Routing\Route->runController()
#17 C:\Users\nabra\OneDrive\Desktop\roshyara\xamp\nrna\nrna-eu\vendor\laravel\framework\src\Illuminate\Routing\Router.php(808): Illuminate\Routing\Route->run()
#18 C:\Users\nabra\OneDrive\Desktop\roshyara\xamp\nrna\nrna-eu\vendor\laravel\framework\src\Illuminate\Pipeline\Pipeline.php(170): Illuminate\Routing\Router->Illuminate\Routing\{closure}(Object(Illuminate\Http\Request))
#19 C:\Users\nabra\OneDrive\Desktop\roshyara\xamp\nrna\nrna-eu\vendor\inertiajs\inertia-laravel\src\Middleware.php(86): Illuminate\Pipeline\Pipeline->Illuminate\Pipeline\{closure}(Object(Illuminate\Http\Request))
#20 C:\Users\nabra\OneDrive\Desktop\roshyara\xamp\nrna\nrna-eu\vendor\laravel\framework\src\Illuminate\Pipeline\Pipeline.php(209): Inertia\Middleware->handle(Object(Illuminate\Http\Request), Object(Closure))
#21 C:\Users\nabra\OneDrive\Desktop\roshyara\xamp\nrna\nrna-eu\app\Http\Middleware\InjectPageMeta.php(65): Illuminate\Pipeline\Pipeline->Illuminate\Pipeline\{closure}(Object(Illuminate\Http\Request))
#22 C:\Users\nabra\OneDrive\Desktop\roshyara\xamp\nrna\nrna-eu\vendor\laravel\framework\src\Illuminate\Pipeline\Pipeline.php(209): App\Http\Middleware\InjectPageMeta->handle(Object(Illuminate\Http\Request), Object(Closure))
#23 C:\Users\nabra\OneDrive\Desktop\roshyara\xamp\nrna\nrna-eu\app\Http\Middleware\SetLocale.php(59): Illuminate\Pipeline\Pipeline->Illuminate\Pipeline\{closure}(Object(Illuminate\Http\Request))
#24 C:\Users\nabra\OneDrive\Desktop\roshyara\xamp\nrna\nrna-eu\vendor\laravel\framework\src\Illuminate\Pipeline\Pipeline.php(209): App\Http\Middleware\SetLocale->handle(Object(Illuminate\Http\Request), Object(Closure))
#25 C:\Users\nabra\OneDrive\Desktop\roshyara\xamp\nrna\nrna-eu\app\Http\Middleware\PreloadAssets.php(12): Illuminate\Pipeline\Pipeline->Illuminate\Pipeline\{closure}(Object(Illuminate\Http\Request))
#26 C:\Users\nabra\OneDrive\Desktop\roshyara\xamp\nrna\nrna-eu\vendor\laravel\framework\src\Illuminate\Pipeline\Pipeline.php(209): App\Http\Middleware\PreloadAssets->handle(Object(Illuminate\Http\Request), Object(Closure))
#27 C:\Users\nabra\OneDrive\Desktop\roshyara\xamp\nrna\nrna-eu\vendor\laravel\framework\src\Illuminate\Routing\Middleware\SubstituteBindings.php(51): Illuminate\Pipeline\Pipeline->Illuminate\Pipeline\{closure}(Object(Illuminate\Http\Request))
#28 C:\Users\nabra\OneDrive\Desktop\roshyara\xamp\nrna\nrna-eu\vendor\laravel\framework\src\Illuminate\Pipeline\Pipeline.php(209): Illuminate\Routing\Middleware\SubstituteBindings->handle(Object(Illuminate\Http\Request), Object(Closure))
#29 C:\Users\nabra\OneDrive\Desktop\roshyara\xamp\nrna\nrna-eu\vendor\laravel\framework\src\Illuminate\Foundation\Http\Middleware\VerifyCsrfToken.php(88): Illuminate\Pipeline\Pipeline->Illuminate\Pipeline\{closure}(Object(Illuminate\Http\Request))
#30 C:\Users\nabra\OneDrive\Desktop\roshyara\xamp\nrna\nrna-eu\vendor\laravel\framework\src\Illuminate\Pipeline\Pipeline.php(209): Illuminate\Foundation\Http\Middleware\VerifyCsrfToken->handle(Object(Illuminate\Http\Request), Object(Closure))
#31 C:\Users\nabra\OneDrive\Desktop\roshyara\xamp\nrna\nrna-eu\vendor\laravel\framework\src\Illuminate\View\Middleware\ShareErrorsFromSession.php(49): Illuminate\Pipeline\Pipeline->Illuminate\Pipeline\{closure}(Object(Illuminate\Http\Request))
#32 C:\Users\nabra\OneDrive\Desktop\roshyara\xamp\nrna\nrna-eu\vendor\laravel\framework\src\Illuminate\Pipeline\Pipeline.php(209): Illuminate\View\Middleware\ShareErrorsFromSession->handle(Object(Illuminate\Http\Request), Object(Closure))
#33 C:\Users\nabra\OneDrive\Desktop\roshyara\xamp\nrna\nrna-eu\vendor\laravel\framework\src\Illuminate\Session\Middleware\StartSession.php(121): Illuminate\Pipeline\Pipeline->Illuminate\Pipeline\{closure}(Object(Illuminate\Http\Request))
#34 C:\Users\nabra\OneDrive\Desktop\roshyara\xamp\nrna\nrna-eu\vendor\laravel\framework\src\Illuminate\Session\Middleware\StartSession.php(64): Illuminate\Session\Middleware\StartSession->handleStatefulRequest(Object(Illuminate\Http\Request), Object(Illuminate\Session\Store), Object(Closure))
#35 C:\Users\nabra\OneDrive\Desktop\roshyara\xamp\nrna\nrna-eu\vendor\laravel\framework\src\Illuminate\Pipeline\Pipeline.php(209): Illuminate\Session\Middleware\StartSession->handle(Object(Illuminate\Http\Request), Object(Closure))
#36 C:\Users\nabra\OneDrive\Desktop\roshyara\xamp\nrna\nrna-eu\vendor\laravel\framework\src\Illuminate\Cookie\Middleware\AddQueuedCookiesToResponse.php(37): Illuminate\Pipeline\Pipeline->Illuminate\Pipeline\{closure}(Object(Illuminate\Http\Request))
#37 C:\Users\nabra\OneDrive\Desktop\roshyara\xamp\nrna\nrna-eu\vendor\laravel\framework\src\Illuminate\Pipeline\Pipeline.php(209): Illuminate\Cookie\Middleware\AddQueuedCookiesToResponse->handle(Object(Illuminate\Http\Request), Object(Closure))
#38 C:\Users\nabra\OneDrive\Desktop\roshyara\xamp\nrna\nrna-eu\vendor\laravel\framework\src\Illuminate\Cookie\Middleware\EncryptCookies.php(75): Illuminate\Pipeline\Pipeline->Illuminate\Pipeline\{closure}(Object(Illuminate\Http\Request))
#39 C:\Users\nabra\OneDrive\Desktop\roshyara\xamp\nrna\nrna-eu\vendor\laravel\framework\src\Illuminate\Pipeline\Pipeline.php(209): Illuminate\Cookie\Middleware\EncryptCookies->handle(Object(Illuminate\Http\Request), Object(Closure))
#40 C:\Users\nabra\OneDrive\Desktop\roshyara\xamp\nrna\nrna-eu\vendor\laravel\framework\src\Illuminate\Pipeline\Pipeline.php(127): Illuminate\Pipeline\Pipeline->Illuminate\Pipeline\{closure}(Object(Illuminate\Http\Request))
#41 C:\Users\nabra\OneDrive\Desktop\roshyara\xamp\nrna\nrna-eu\vendor\laravel\framework\src\Illuminate\Routing\Router.php(807): Illuminate\Pipeline\Pipeline->then(Object(Closure))
#42 C:\Users\nabra\OneDrive\Desktop\roshyara\xamp\nrna\nrna-eu\vendor\laravel\framework\src\Illuminate\Routing\Router.php(786): Illuminate\Routing\Router->runRouteWithinStack(Object(Illuminate\Routing\Route), Object(Illuminate\Http\Request))
#43 C:\Users\nabra\OneDrive\Desktop\roshyara\xamp\nrna\nrna-eu\vendor\laravel\framework\src\Illuminate\Routing\Router.php(750): Illuminate\Routing\Router->runRoute(Object(Illuminate\Http\Request), Object(Illuminate\Routing\Route))
#44 C:\Users\nabra\OneDrive\Desktop\roshyara\xamp\nrna\nrna-eu\vendor\laravel\framework\src\Illuminate\Routing\Router.php(739): Illuminate\Routing\Router->dispatchToRoute(Object(Illuminate\Http\Request))
#45 C:\Users\nabra\OneDrive\Desktop\roshyara\xamp\nrna\nrna-eu\vendor\laravel\framework\src\Illuminate\Foundation\Http\Kernel.php(201): Illuminate\Routing\Router->dispatch(Object(Illuminate\Http\Request))
#46 C:\Users\nabra\OneDrive\Desktop\roshyara\xamp\nrna\nrna-eu\vendor\laravel\framework\src\Illuminate\Pipeline\Pipeline.php(170): Illuminate\Foundation\Http\Kernel->Illuminate\Foundation\Http\{closure}(Object(Illuminate\Http\Request))
#47 C:\Users\nabra\OneDrive\Desktop\roshyara\xamp\nrna\nrna-eu\app\Http\Middleware\TrackPerformance.php(28): Illuminate\Pipeline\Pipeline->Illuminate\Pipeline\{closure}(Object(Illuminate\Http\Request))
#48 C:\Users\nabra\OneDrive\Desktop\roshyara\xamp\nrna\nrna-eu\vendor\laravel\framework\src\Illuminate\Pipeline\Pipeline.php(209): App\Http\Middleware\TrackPerformance->handle(Object(Illuminate\Http\Request), Object(Closure))
#49 C:\Users\nabra\OneDrive\Desktop\roshyara\xamp\nrna\nrna-eu\vendor\laravel\framework\src\Illuminate\Foundation\Http\Middleware\TransformsRequest.php(21): Illuminate\Pipeline\Pipeline->Illuminate\Pipeline\{closure}(Object(Illuminate\Http\Request))
#50 C:\Users\nabra\OneDrive\Desktop\roshyara\xamp\nrna\nrna-eu\vendor\laravel\framework\src\Illuminate\Foundation\Http\Middleware\ConvertEmptyStringsToNull.php(31): Illuminate\Foundation\Http\Middleware\TransformsRequest->handle(Object(Illuminate\Http\Request), Object(Closure))
#51 C:\Users\nabra\OneDrive\Desktop\roshyara\xamp\nrna\nrna-eu\vendor\laravel\framework\src\Illuminate\Pipeline\Pipeline.php(209): Illuminate\Foundation\Http\Middleware\ConvertEmptyStringsToNull->handle(Object(Illuminate\Http\Request), Object(Closure))
#52 C:\Users\nabra\OneDrive\Desktop\roshyara\xamp\nrna\nrna-eu\vendor\laravel\framework\src\Illuminate\Foundation\Http\Middleware\TransformsRequest.php(21): Illuminate\Pipeline\Pipeline->Illuminate\Pipeline\{closure}(Object(Illuminate\Http\Request))
#53 C:\Users\nabra\OneDrive\Desktop\roshyara\xamp\nrna\nrna-eu\vendor\laravel\framework\src\Illuminate\Foundation\Http\Middleware\TrimStrings.php(51): Illuminate\Foundation\Http\Middleware\TransformsRequest->handle(Object(Illuminate\Http\Request), Object(Closure))
#54 C:\Users\nabra\OneDrive\Desktop\roshyara\xamp\nrna\nrna-eu\vendor\laravel\framework\src\Illuminate\Pipeline\Pipeline.php(209): Illuminate\Foundation\Http\Middleware\TrimStrings->handle(Object(Illuminate\Http\Request), Object(Closure))
#55 C:\Users\nabra\OneDrive\Desktop\roshyara\xamp\nrna\nrna-eu\vendor\laravel\framework\src\Illuminate\Http\Middleware\ValidatePostSize.php(27): Illuminate\Pipeline\Pipeline->Illuminate\Pipeline\{closure}(Object(Illuminate\Http\Request))
#56 C:\Users\nabra\OneDrive\Desktop\roshyara\xamp\nrna\nrna-eu\vendor\laravel\framework\src\Illuminate\Pipeline\Pipeline.php(209): Illuminate\Http\Middleware\ValidatePostSize->handle(Object(Illuminate\Http\Request), Object(Closure))
#57 C:\Users\nabra\OneDrive\Desktop\roshyara\xamp\nrna\nrna-eu\vendor\laravel\framework\src\Illuminate\Foundation\Http\Middleware\PreventRequestsDuringMaintenance.php(110): Illuminate\Pipeline\Pipeline->Illuminate\Pipeline\{closure}(Object(Illuminate\Http\Request))
#58 C:\Users\nabra\OneDrive\Desktop\roshyara\xamp\nrna\nrna-eu\vendor\laravel\framework\src\Illuminate\Pipeline\Pipeline.php(209): Illuminate\Foundation\Http\Middleware\PreventRequestsDuringMaintenance->handle(Object(Illuminate\Http\Request), Object(Closure))
#59 C:\Users\nabra\OneDrive\Desktop\roshyara\xamp\nrna\nrna-eu\vendor\laravel\framework\src\Illuminate\Http\Middleware\HandleCors.php(49): Illuminate\Pipeline\Pipeline->Illuminate\Pipeline\{closure}(Object(Illuminate\Http\Request))
#60 C:\Users\nabra\OneDrive\Desktop\roshyara\xamp\nrna\nrna-eu\vendor\laravel\framework\src\Illuminate\Pipeline\Pipeline.php(209): Illuminate\Http\Middleware\HandleCors->handle(Object(Illuminate\Http\Request), Object(Closure))
#61 C:\Users\nabra\OneDrive\Desktop\roshyara\xamp\nrna\nrna-eu\vendor\laravel\framework\src\Illuminate\Http\Middleware\TrustProxies.php(58): Illuminate\Pipeline\Pipeline->Illuminate\Pipeline\{closure}(Object(Illuminate\Http\Request))
#62 C:\Users\nabra\OneDrive\Desktop\roshyara\xamp\nrna\nrna-eu\vendor\laravel\framework\src\Illuminate\Pipeline\Pipeline.php(209): Illuminate\Http\Middleware\TrustProxies->handle(Object(Illuminate\Http\Request), Object(Closure))
#63 C:\Users\nabra\OneDrive\Desktop\roshyara\xamp\nrna\nrna-eu\vendor\laravel\framework\src\Illuminate\Foundation\Http\Middleware\InvokeDeferredCallbacks.php(22): Illuminate\Pipeline\Pipeline->Illuminate\Pipeline\{closure}(Object(Illuminate\Http\Request))
#64 C:\Users\nabra\OneDrive\Desktop\roshyara\xamp\nrna\nrna-eu\vendor\laravel\framework\src\Illuminate\Pipeline\Pipeline.php(209): Illuminate\Foundation\Http\Middleware\InvokeDeferredCallbacks->handle(Object(Illuminate\Http\Request), Object(Closure))
#65 C:\Users\nabra\OneDrive\Desktop\roshyara\xamp\nrna\nrna-eu\vendor\laravel\framework\src\Illuminate\Pipeline\Pipeline.php(127): Illuminate\Pipeline\Pipeline->Illuminate\Pipeline\{closure}(Object(Illuminate\Http\Request))
#66 C:\Users\nabra\OneDrive\Desktop\roshyara\xamp\nrna\nrna-eu\vendor\laravel\framework\src\Illuminate\Foundation\Http\Kernel.php(176): Illuminate\Pipeline\Pipeline->then(Object(Closure))
#67 C:\Users\nabra\OneDrive\Desktop\roshyara\xamp\nrna\nrna-eu\vendor\laravel\framework\src\Illuminate\Foundation\Http\Kernel.php(145): Illuminate\Foundation\Http\Kernel->sendRequestThroughRouter(Object(Illuminate\Http\Request))
#68 C:\Users\nabra\OneDrive\Desktop\roshyara\xamp\nrna\nrna-eu\vendor\laravel\framework\src\Illuminate\Foundation\Testing\Concerns\MakesHttpRequests.php(607): Illuminate\Foundation\Http\Kernel->handle(Object(Illuminate\Http\Request))
#69 C:\Users\nabra\OneDrive\Desktop\roshyara\xamp\nrna\nrna-eu\vendor\laravel\framework\src\Illuminate\Foundation\Testing\Concerns\MakesHttpRequests.php(368): Illuminate\Foundation\Testing\TestCase->call('GET', 'http://localhos...', Array, Array, Array, Array)
#70 C:\Users\nabra\OneDrive\Desktop\roshyara\xamp\nrna\nrna-eu\tests\Feature\Demo\PublicDemoFlowTest.php(200): Illuminate\Foundation\Testing\TestCase->get('http://localhos...')
#71 C:\Users\nabra\OneDrive\Desktop\roshyara\xamp\nrna\nrna-eu\vendor\phpunit\phpunit\src\Framework\TestCase.php(1235): Tests\Feature\Demo\PublicDemoFlowTest->step3_renders_vote_page()
#72 C:\Users\nabra\OneDrive\Desktop\roshyara\xamp\nrna\nrna-eu\vendor\phpunit\phpunit\src\Framework\TestCase.php(514): PHPUnit\Framework\TestCase->runTest()
#73 C:\Users\nabra\OneDrive\Desktop\roshyara\xamp\nrna\nrna-eu\vendor\phpunit\phpunit\src\Framework\TestRunner\TestRunner.php(87): PHPUnit\Framework\TestCase->runBare()
#74 C:\Users\nabra\OneDrive\Desktop\roshyara\xamp\nrna\nrna-eu\vendor\phpunit\phpunit\src\Framework\TestCase.php(361): PHPUnit\Framework\TestRunner->run(Object(Tests\Feature\Demo\PublicDemoFlowTest))
#75 C:\Users\nabra\OneDrive\Desktop\roshyara\xamp\nrna\nrna-eu\vendor\phpunit\phpunit\src\Framework\TestSuite.php(369): PHPUnit\Framework\TestCase->run()
#76 C:\Users\nabra\OneDrive\Desktop\roshyara\xamp\nrna\nrna-eu\vendor\phpunit\phpunit\src\Framework\TestSuite.php(369): PHPUnit\Framework\TestSuite->run()
#77 C:\Users\nabra\OneDrive\Desktop\roshyara\xamp\nrna\nrna-eu\vendor\phpunit\phpunit\src\Framework\TestSuite.php(369): PHPUnit\Framework\TestSuite->run()
#78 C:\Users\nabra\OneDrive\Desktop\roshyara\xamp\nrna\nrna-eu\vendor\phpunit\phpunit\src\TextUI\TestRunner.php(64): PHPUnit\Framework\TestSuite->run()
#79 C:\Users\nabra\OneDrive\Desktop\roshyara\xamp\nrna\nrna-eu\vendor\phpunit\phpunit\src\TextUI\Application.php(210): PHPUnit\TextUI\TestRunner->run(Object(PHPUnit\TextUI\Configuration\Configuration), Object(PHPUnit\Runner\ResultCache\DefaultResultCache), Object(PHPUnit\Framework\TestSuite))
#80 C:\Users\nabra\OneDrive\Desktop\roshyara\xamp\nrna\nrna-eu\vendor\phpunit\phpunit\phpunit(104): PHPUnit\TextUI\Application->run(Array)
#81 {main}

Next Illuminate\Database\QueryException: SQLSTATE[25P02]: In failed sql transaction: 7 FEHLER:  aktuelle Transaktion wurde abgebrochen, Befehle werden bis zum Ende der Transaktion ignoriert (Connection: pgsql, SQL: select * from "elections" where "type" = demo and "organisation_id" is null limit 1) in C:\Users\nabra\OneDrive\Desktop\roshyara\xamp\nrna\nrna-eu\vendor\laravel\framework\src\Illuminate\Database\Connection.php:825
Stack trace:
#0 C:\Users\nabra\OneDrive\Desktop\roshyara\xamp\nrna\nrna-eu\vendor\laravel\framework\src\Illuminate\Database\Connection.php(779): Illuminate\Database\Connection->runQueryCallback('select * from "...', Array, Object(Closure))
#1 C:\Users\nabra\OneDrive\Desktop\roshyara\xamp\nrna\nrna-eu\vendor\laravel\framework\src\Illuminate\Database\Connection.php(398): Illuminate\Database\Connection->run('select * from "...', Array, Object(Closure))
#2 C:\Users\nabra\OneDrive\Desktop\roshyara\xamp\nrna\nrna-eu\vendor\laravel\framework\src\Illuminate\Database\Query\Builder.php(3133): Illuminate\Database\Connection->select('select * from "...', Array, true)
#3 C:\Users\nabra\OneDrive\Desktop\roshyara\xamp\nrna\nrna-eu\vendor\laravel\framework\src\Illuminate\Database\Query\Builder.php(3118): Illuminate\Database\Query\Builder->runSelect()
#4 C:\Users\nabra\OneDrive\Desktop\roshyara\xamp\nrna\nrna-eu\vendor\laravel\framework\src\Illuminate\Database\Query\Builder.php(3706): Illuminate\Database\Query\Builder->Illuminate\Database\Query\{closure}()
#5 C:\Users\nabra\OneDrive\Desktop\roshyara\xamp\nrna\nrna-eu\vendor\laravel\framework\src\Illuminate\Database\Query\Builder.php(3117): Illuminate\Database\Query\Builder->onceWithColumns(Array, Object(Closure))
#6 C:\Users\nabra\OneDrive\Desktop\roshyara\xamp\nrna\nrna-eu\vendor\laravel\framework\src\Illuminate\Database\Eloquent\Builder.php(787): Illuminate\Database\Query\Builder->get(Array)
#7 C:\Users\nabra\OneDrive\Desktop\roshyara\xamp\nrna\nrna-eu\vendor\laravel\framework\src\Illuminate\Database\Eloquent\Builder.php(769): Illuminate\Database\Eloquent\Builder->getModels(Array)
#8 C:\Users\nabra\OneDrive\Desktop\roshyara\xamp\nrna\nrna-eu\vendor\laravel\framework\src\Illuminate\Database\Concerns\BuildsQueries.php(344): Illuminate\Database\Eloquent\Builder->get(Array)
#9 C:\Users\nabra\OneDrive\Desktop\roshyara\xamp\nrna\nrna-eu\app\Services\DemoElectionResolver.php(180): Illuminate\Database\Eloquent\Builder->first()
#10 C:\Users\nabra\OneDrive\Desktop\roshyara\xamp\nrna\nrna-eu\app\Http\Controllers\Demo\PublicDemoController.php(189): App\Services\DemoElectionResolver->getPublicDemoElection()
#11 C:\Users\nabra\OneDrive\Desktop\roshyara\xamp\nrna\nrna-eu\vendor\laravel\framework\src\Illuminate\Routing\Controller.php(54): App\Http\Controllers\Demo\PublicDemoController->voteShow(Object(App\Models\PublicDemoSession))
#12 C:\Users\nabra\OneDrive\Desktop\roshyara\xamp\nrna\nrna-eu\vendor\laravel\framework\src\Illuminate\Routing\ControllerDispatcher.php(44): Illuminate\Routing\Controller->callAction('voteShow', Array)
#13 C:\Users\nabra\OneDrive\Desktop\roshyara\xamp\nrna\nrna-eu\vendor\laravel\framework\src\Illuminate\Routing\Route.php(266): Illuminate\Routing\ControllerDispatcher->dispatch(Object(Illuminate\Routing\Route), Object(App\Http\Controllers\Demo\PublicDemoController), 'voteShow')
#14 C:\Users\nabra\OneDrive\Desktop\roshyara\xamp\nrna\nrna-eu\vendor\laravel\framework\src\Illuminate\Routing\Route.php(212): Illuminate\Routing\Route->runController()
#15 C:\Users\nabra\OneDrive\Desktop\roshyara\xamp\nrna\nrna-eu\vendor\laravel\framework\src\Illuminate\Routing\Router.php(808): Illuminate\Routing\Route->run()
#16 C:\Users\nabra\OneDrive\Desktop\roshyara\xamp\nrna\nrna-eu\vendor\laravel\framework\src\Illuminate\Pipeline\Pipeline.php(170): Illuminate\Routing\Router->Illuminate\Routing\{closure}(Object(Illuminate\Http\Request))
#17 C:\Users\nabra\OneDrive\Desktop\roshyara\xamp\nrna\nrna-eu\vendor\inertiajs\inertia-laravel\src\Middleware.php(86): Illuminate\Pipeline\Pipeline->Illuminate\Pipeline\{closure}(Object(Illuminate\Http\Request))
#18 C:\Users\nabra\OneDrive\Desktop\roshyara\xamp\nrna\nrna-eu\vendor\laravel\framework\src\Illuminate\Pipeline\Pipeline.php(209): Inertia\Middleware->handle(Object(Illuminate\Http\Request), Object(Closure))
#19 C:\Users\nabra\OneDrive\Desktop\roshyara\xamp\nrna\nrna-eu\app\Http\Middleware\InjectPageMeta.php(65): Illuminate\Pipeline\Pipeline->Illuminate\Pipeline\{closure}(Object(Illuminate\Http\Request))
#20 C:\Users\nabra\OneDrive\Desktop\roshyara\xamp\nrna\nrna-eu\vendor\laravel\framework\src\Illuminate\Pipeline\Pipeline.php(209): App\Http\Middleware\InjectPageMeta->handle(Object(Illuminate\Http\Request), Object(Closure))
#21 C:\Users\nabra\OneDrive\Desktop\roshyara\xamp\nrna\nrna-eu\app\Http\Middleware\SetLocale.php(59): Illuminate\Pipeline\Pipeline->Illuminate\Pipeline\{closure}(Object(Illuminate\Http\Request))
#22 C:\Users\nabra\OneDrive\Desktop\roshyara\xamp\nrna\nrna-eu\vendor\laravel\framework\src\Illuminate\Pipeline\Pipeline.php(209): App\Http\Middleware\SetLocale->handle(Object(Illuminate\Http\Request), Object(Closure))
#23 C:\Users\nabra\OneDrive\Desktop\roshyara\xamp\nrna\nrna-eu\app\Http\Middleware\PreloadAssets.php(12): Illuminate\Pipeline\Pipeline->Illuminate\Pipeline\{closure}(Object(Illuminate\Http\Request))
#24 C:\Users\nabra\OneDrive\Desktop\roshyara\xamp\nrna\nrna-eu\vendor\laravel\framework\src\Illuminate\Pipeline\Pipeline.php(209): App\Http\Middleware\PreloadAssets->handle(Object(Illuminate\Http\Request), Object(Closure))
#25 C:\Users\nabra\OneDrive\Desktop\roshyara\xamp\nrna\nrna-eu\vendor\laravel\framework\src\Illuminate\Routing\Middleware\SubstituteBindings.php(51): Illuminate\Pipeline\Pipeline->Illuminate\Pipeline\{closure}(Object(Illuminate\Http\Request))
#26 C:\Users\nabra\OneDrive\Desktop\roshyara\xamp\nrna\nrna-eu\vendor\laravel\framework\src\Illuminate\Pipeline\Pipeline.php(209): Illuminate\Routing\Middleware\SubstituteBindings->handle(Object(Illuminate\Http\Request), Object(Closure))
#27 C:\Users\nabra\OneDrive\Desktop\roshyara\xamp\nrna\nrna-eu\vendor\laravel\framework\src\Illuminate\Foundation\Http\Middleware\VerifyCsrfToken.php(88): Illuminate\Pipeline\Pipeline->Illuminate\Pipeline\{closure}(Object(Illuminate\Http\Request))
#28 C:\Users\nabra\OneDrive\Desktop\roshyara\xamp\nrna\nrna-eu\vendor\laravel\framework\src\Illuminate\Pipeline\Pipeline.php(209): Illuminate\Foundation\Http\Middleware\VerifyCsrfToken->handle(Object(Illuminate\Http\Request), Object(Closure))
#29 C:\Users\nabra\OneDrive\Desktop\roshyara\xamp\nrna\nrna-eu\vendor\laravel\framework\src\Illuminate\View\Middleware\ShareErrorsFromSession.php(49): Illuminate\Pipeline\Pipeline->Illuminate\Pipeline\{closure}(Object(Illuminate\Http\Request))
#30 C:\Users\nabra\OneDrive\Desktop\roshyara\xamp\nrna\nrna-eu\vendor\laravel\framework\src\Illuminate\Pipeline\Pipeline.php(209): Illuminate\View\Middleware\ShareErrorsFromSession->handle(Object(Illuminate\Http\Request), Object(Closure))
#31 C:\Users\nabra\OneDrive\Desktop\roshyara\xamp\nrna\nrna-eu\vendor\laravel\framework\src\Illuminate\Session\Middleware\StartSession.php(121): Illuminate\Pipeline\Pipeline->Illuminate\Pipeline\{closure}(Object(Illuminate\Http\Request))
#32 C:\Users\nabra\OneDrive\Desktop\roshyara\xamp\nrna\nrna-eu\vendor\laravel\framework\src\Illuminate\Session\Middleware\StartSession.php(64): Illuminate\Session\Middleware\StartSession->handleStatefulRequest(Object(Illuminate\Http\Request), Object(Illuminate\Session\Store), Object(Closure))
#33 C:\Users\nabra\OneDrive\Desktop\roshyara\xamp\nrna\nrna-eu\vendor\laravel\framework\src\Illuminate\Pipeline\Pipeline.php(209): Illuminate\Session\Middleware\StartSession->handle(Object(Illuminate\Http\Request), Object(Closure))
#34 C:\Users\nabra\OneDrive\Desktop\roshyara\xamp\nrna\nrna-eu\vendor\laravel\framework\src\Illuminate\Cookie\Middleware\AddQueuedCookiesToResponse.php(37): Illuminate\Pipeline\Pipeline->Illuminate\Pipeline\{closure}(Object(Illuminate\Http\Request))
#35 C:\Users\nabra\OneDrive\Desktop\roshyara\xamp\nrna\nrna-eu\vendor\laravel\framework\src\Illuminate\Pipeline\Pipeline.php(209): Illuminate\Cookie\Middleware\AddQueuedCookiesToResponse->handle(Object(Illuminate\Http\Request), Object(Closure))
#36 C:\Users\nabra\OneDrive\Desktop\roshyara\xamp\nrna\nrna-eu\vendor\laravel\framework\src\Illuminate\Cookie\Middleware\EncryptCookies.php(75): Illuminate\Pipeline\Pipeline->Illuminate\Pipeline\{closure}(Object(Illuminate\Http\Request))
#37 C:\Users\nabra\OneDrive\Desktop\roshyara\xamp\nrna\nrna-eu\vendor\laravel\framework\src\Illuminate\Pipeline\Pipeline.php(209): Illuminate\Cookie\Middleware\EncryptCookies->handle(Object(Illuminate\Http\Request), Object(Closure))
#38 C:\Users\nabra\OneDrive\Desktop\roshyara\xamp\nrna\nrna-eu\vendor\laravel\framework\src\Illuminate\Pipeline\Pipeline.php(127): Illuminate\Pipeline\Pipeline->Illuminate\Pipeline\{closure}(Object(Illuminate\Http\Request))
#39 C:\Users\nabra\OneDrive\Desktop\roshyara\xamp\nrna\nrna-eu\vendor\laravel\framework\src\Illuminate\Routing\Router.php(807): Illuminate\Pipeline\Pipeline->then(Object(Closure))
#40 C:\Users\nabra\OneDrive\Desktop\roshyara\xamp\nrna\nrna-eu\vendor\laravel\framework\src\Illuminate\Routing\Router.php(786): Illuminate\Routing\Router->runRouteWithinStack(Object(Illuminate\Routing\Route), Object(Illuminate\Http\Request))
#41 C:\Users\nabra\OneDrive\Desktop\roshyara\xamp\nrna\nrna-eu\vendor\laravel\framework\src\Illuminate\Routing\Router.php(750): Illuminate\Routing\Router->runRoute(Object(Illuminate\Http\Request), Object(Illuminate\Routing\Route))
#42 C:\Users\nabra\OneDrive\Desktop\roshyara\xamp\nrna\nrna-eu\vendor\laravel\framework\src\Illuminate\Routing\Router.php(739): Illuminate\Routing\Router->dispatchToRoute(Object(Illuminate\Http\Request))
#43 C:\Users\nabra\OneDrive\Desktop\roshyara\xamp\nrna\nrna-eu\vendor\laravel\framework\src\Illuminate\Foundation\Http\Kernel.php(201): Illuminate\Routing\Router->dispatch(Object(Illuminate\Http\Request))
#44 C:\Users\nabra\OneDrive\Desktop\roshyara\xamp\nrna\nrna-eu\vendor\laravel\framework\src\Illuminate\Pipeline\Pipeline.php(170): Illuminate\Foundation\Http\Kernel->Illuminate\Foundation\Http\{closure}(Object(Illuminate\Http\Request))
#45 C:\Users\nabra\OneDrive\Desktop\roshyara\xamp\nrna\nrna-eu\app\Http\Middleware\TrackPerformance.php(28): Illuminate\Pipeline\Pipeline->Illuminate\Pipeline\{closure}(Object(Illuminate\Http\Request))
#46 C:\Users\nabra\OneDrive\Desktop\roshyara\xamp\nrna\nrna-eu\vendor\laravel\framework\src\Illuminate\Pipeline\Pipeline.php(209): App\Http\Middleware\TrackPerformance->handle(Object(Illuminate\Http\Request), Object(Closure))
#47 C:\Users\nabra\OneDrive\Desktop\roshyara\xamp\nrna\nrna-eu\vendor\laravel\framework\src\Illuminate\Foundation\Http\Middleware\TransformsRequest.php(21): Illuminate\Pipeline\Pipeline->Illuminate\Pipeline\{closure}(Object(Illuminate\Http\Request))
#48 C:\Users\nabra\OneDrive\Desktop\roshyara\xamp\nrna\nrna-eu\vendor\laravel\framework\src\Illuminate\Foundation\Http\Middleware\ConvertEmptyStringsToNull.php(31): Illuminate\Foundation\Http\Middleware\TransformsRequest->handle(Object(Illuminate\Http\Request), Object(Closure))
#49 C:\Users\nabra\OneDrive\Desktop\roshyara\xamp\nrna\nrna-eu\vendor\laravel\framework\src\Illuminate\Pipeline\Pipeline.php(209): Illuminate\Foundation\Http\Middleware\ConvertEmptyStringsToNull->handle(Object(Illuminate\Http\Request), Object(Closure))
#50 C:\Users\nabra\OneDrive\Desktop\roshyara\xamp\nrna\nrna-eu\vendor\laravel\framework\src\Illuminate\Foundation\Http\Middleware\TransformsRequest.php(21): Illuminate\Pipeline\Pipeline->Illuminate\Pipeline\{closure}(Object(Illuminate\Http\Request))
#51 C:\Users\nabra\OneDrive\Desktop\roshyara\xamp\nrna\nrna-eu\vendor\laravel\framework\src\Illuminate\Foundation\Http\Middleware\TrimStrings.php(51): Illuminate\Foundation\Http\Middleware\TransformsRequest->handle(Object(Illuminate\Http\Request), Object(Closure))
#52 C:\Users\nabra\OneDrive\Desktop\roshyara\xamp\nrna\nrna-eu\vendor\laravel\framework\src\Illuminate\Pipeline\Pipeline.php(209): Illuminate\Foundation\Http\Middleware\TrimStrings->handle(Object(Illuminate\Http\Request), Object(Closure))
#53 C:\Users\nabra\OneDrive\Desktop\roshyara\xamp\nrna\nrna-eu\vendor\laravel\framework\src\Illuminate\Http\Middleware\ValidatePostSize.php(27): Illuminate\Pipeline\Pipeline->Illuminate\Pipeline\{closure}(Object(Illuminate\Http\Request))
#54 C:\Users\nabra\OneDrive\Desktop\roshyara\xamp\nrna\nrna-eu\vendor\laravel\framework\src\Illuminate\Pipeline\Pipeline.php(209): Illuminate\Http\Middleware\ValidatePostSize->handle(Object(Illuminate\Http\Request), Object(Closure))
#55 C:\Users\nabra\OneDrive\Desktop\roshyara\xamp\nrna\nrna-eu\vendor\laravel\framework\src\Illuminate\Foundation\Http\Middleware\PreventRequestsDuringMaintenance.php(110): Illuminate\Pipeline\Pipeline->Illuminate\Pipeline\{closure}(Object(Illuminate\Http\Request))
#56 C:\Users\nabra\OneDrive\Desktop\roshyara\xamp\nrna\nrna-eu\vendor\laravel\framework\src\Illuminate\Pipeline\Pipeline.php(209): Illuminate\Foundation\Http\Middleware\PreventRequestsDuringMaintenance->handle(Object(Illuminate\Http\Request), Object(Closure))
#57 C:\Users\nabra\OneDrive\Desktop\roshyara\xamp\nrna\nrna-eu\vendor\laravel\framework\src\Illuminate\Http\Middleware\HandleCors.php(49): Illuminate\Pipeline\Pipeline->Illuminate\Pipeline\{closure}(Object(Illuminate\Http\Request))
#58 C:\Users\nabra\OneDrive\Desktop\roshyara\xamp\nrna\nrna-eu\vendor\laravel\framework\src\Illuminate\Pipeline\Pipeline.php(209): Illuminate\Http\Middleware\HandleCors->handle(Object(Illuminate\Http\Request), Object(Closure))
#59 C:\Users\nabra\OneDrive\Desktop\roshyara\xamp\nrna\nrna-eu\vendor\laravel\framework\src\Illuminate\Http\Middleware\TrustProxies.php(58): Illuminate\Pipeline\Pipeline->Illuminate\Pipeline\{closure}(Object(Illuminate\Http\Request))
#60 C:\Users\nabra\OneDrive\Desktop\roshyara\xamp\nrna\nrna-eu\vendor\laravel\framework\src\Illuminate\Pipeline\Pipeline.php(209): Illuminate\Http\Middleware\TrustProxies->handle(Object(Illuminate\Http\Request), Object(Closure))
#61 C:\Users\nabra\OneDrive\Desktop\roshyara\xamp\nrna\nrna-eu\vendor\laravel\framework\src\Illuminate\Foundation\Http\Middleware\InvokeDeferredCallbacks.php(22): Illuminate\Pipeline\Pipeline->Illuminate\Pipeline\{closure}(Object(Illuminate\Http\Request))
#62 C:\Users\nabra\OneDrive\Desktop\roshyara\xamp\nrna\nrna-eu\vendor\laravel\framework\src\Illuminate\Pipeline\Pipeline.php(209): Illuminate\Foundation\Http\Middleware\InvokeDeferredCallbacks->handle(Object(Illuminate\Http\Request), Object(Closure))
#63 C:\Users\nabra\OneDrive\Desktop\roshyara\xamp\nrna\nrna-eu\vendor\laravel\framework\src\Illuminate\Pipeline\Pipeline.php(127): Illuminate\Pipeline\Pipeline->Illuminate\Pipeline\{closure}(Object(Illuminate\Http\Request))
#64 C:\Users\nabra\OneDrive\Desktop\roshyara\xamp\nrna\nrna-eu\vendor\laravel\framework\src\Illuminate\Foundation\Http\Kernel.php(176): Illuminate\Pipeline\Pipeline->then(Object(Closure))
#65 C:\Users\nabra\OneDrive\Desktop\roshyara\xamp\nrna\nrna-eu\vendor\laravel\framework\src\Illuminate\Foundation\Http\Kernel.php(145): Illuminate\Foundation\Http\Kernel->sendRequestThroughRouter(Object(Illuminate\Http\Request))
#66 C:\Users\nabra\OneDrive\Desktop\roshyara\xamp\nrna\nrna-eu\vendor\laravel\framework\src\Illuminate\Foundation\Testing\Concerns\MakesHttpRequests.php(607): Illuminate\Foundation\Http\Kernel->handle(Object(Illuminate\Http\Request))
#67 C:\Users\nabra\OneDrive\Desktop\roshyara\xamp\nrna\nrna-eu\vendor\laravel\framework\src\Illuminate\Foundation\Testing\Concerns\MakesHttpRequests.php(368): Illuminate\Foundation\Testing\TestCase->call('GET', 'http://localhos...', Array, Array, Array, Array)
#68 C:\Users\nabra\OneDrive\Desktop\roshyara\xamp\nrna\nrna-eu\tests\Feature\Demo\PublicDemoFlowTest.php(200): Illuminate\Foundation\Testing\TestCase->get('http://localhos...')
#69 C:\Users\nabra\OneDrive\Desktop\roshyara\xamp\nrna\nrna-eu\vendor\phpunit\phpunit\src\Framework\TestCase.php(1235): Tests\Feature\Demo\PublicDemoFlowTest->step3_renders_vote_page()
#70 C:\Users\nabra\OneDrive\Desktop\roshyara\xamp\nrna\nrna-eu\vendor\phpunit\phpunit\src\Framework\TestCase.php(514): PHPUnit\Framework\TestCase->runTest()
#71 C:\Users\nabra\OneDrive\Desktop\roshyara\xamp\nrna\nrna-eu\vendor\phpunit\phpunit\src\Framework\TestRunner\TestRunner.php(87): PHPUnit\Framework\TestCase->runBare()
#72 C:\Users\nabra\OneDrive\Desktop\roshyara\xamp\nrna\nrna-eu\vendor\phpunit\phpunit\src\Framework\TestCase.php(361): PHPUnit\Framework\TestRunner->run(Object(Tests\Feature\Demo\PublicDemoFlowTest))
#73 C:\Users\nabra\OneDrive\Desktop\roshyara\xamp\nrna\nrna-eu\vendor\phpunit\phpunit\src\Framework\TestSuite.php(369): PHPUnit\Framework\TestCase->run()
#74 C:\Users\nabra\OneDrive\Desktop\roshyara\xamp\nrna\nrna-eu\vendor\phpunit\phpunit\src\Framework\TestSuite.php(369): PHPUnit\Framework\TestSuite->run()
#75 C:\Users\nabra\OneDrive\Desktop\roshyara\xamp\nrna\nrna-eu\vendor\phpunit\phpunit\src\Framework\TestSuite.php(369): PHPUnit\Framework\TestSuite->run()
#76 C:\Users\nabra\OneDrive\Desktop\roshyara\xamp\nrna\nrna-eu\vendor\phpunit\phpunit\src\TextUI\TestRunner.php(64): PHPUnit\Framework\TestSuite->run()
#77 C:\Users\nabra\OneDrive\Desktop\roshyara\xamp\nrna\nrna-eu\vendor\phpunit\phpunit\src\TextUI\Application.php(210): PHPUnit\TextUI\TestRunner->run(Object(PHPUnit\TextUI\Configuration\Configuration), Object(PHPUnit\Runner\ResultCache\DefaultResultCache), Object(PHPUnit\Framework\TestSuite))
#78 C:\Users\nabra\OneDrive\Desktop\roshyara\xamp\nrna\nrna-eu\vendor\phpunit\phpunit\phpunit(104): PHPUnit\TextUI\Application->run(Array)
#79 {main}

----------------------------------------------------------------------------------

SQLSTATE[25P02]: In failed sql transaction: 7 FEHLER:  aktuelle Transaktion wurde abgebrochen, Befehle werden bis zum Ende der Transaktion ignoriert (Connection: pgsql, SQL: select * from "elections" where "type" = demo and "organisation_id" is null limit 1)[39;22m

  at [32mtests\Feature\Demo\PublicDemoFlowTest.php[39m:[32m202[39m
    198▕         ]);
    199▕ 
    200▕         $response = $this->get(route('public-demo.vote.show', $session->session_token));
    201▕ 
  ➜ 202▕         $response->assertStatus(200);
    203▕         $response->assertInertia(fn ($page) => $page->component('Vote/DemoVote/Create'));
    204▕     }
    205▕ 
    206▕     /** @test */

  [31m────────────────────────────────────────────────────────────────────────────────────────────────────────────────────[39m  
  [41;1m FAILED [49;22m [1mTests\Feature\Demo\PublicDemoFlowTest[22m [90m>[39m step3 vote saved and advances to verify                              
[39;1m  Failed asserting that two strings are equal.

The following errors occurred during the last request:

national selected candidates muss vorhanden sein.
regional selected candidates muss vorhanden sein.

--- Expected
+++ Actual
@@ @@
-'http://localhost/public-demo/vyBn2j34e2aMMP4nVqAGueLMjZTylXiKmTYEQspW/verify'
+'http://localhost'[39;22m

  at [32mtests\Feature\Demo\PublicDemoFlowTest.php[39m:[32m220[39m
    216▕         $response = $this->post(route('public-demo.vote.submit', $session->session_token), [
    217▕             'selections' => ['post_id_1' => ['candidate_id_a']],
    218▕         ]);
    219▕ 
  ➜ 220▕         $response->assertRedirect(route('public-demo.verify.show', $session->session_token));
    221▕ 
    222▕         $session->refresh();
    223▕         $this->assertEquals(4, $session->current_step);
    224▕         $this->assertNotNull($session->candidate_selections);

  [31m────────────────────────────────────────────────────────────────────────────────────────────────────────────────────[39m  
  [41;1m FAILED [49;22m [1mTests\Feature\Demo\PublicDemoFlowTest[22m [90m>[39m step4 final submit records vote and advances                         
[39;1m  Failed asserting that two strings are equal.

The following errors occurred during the last request:

voting code ist erforderlich.

--- Expected
+++ Actual
@@ @@
-'http://localhost/public-demo/VOFHyTfZkxZLyupGt3KdufNhjaKTD2tCvGDIGg3k/thank-you'
+'http://localhost'[39;22m

  at [32mtests\Feature\Demo\PublicDemoFlowTest.php[39m:[32m261[39m
    257▕         ]);
    258▕ 
    259▕         $response = $this->post(route('public-demo.verify.confirm', $session->session_token));
    260▕ 
  ➜ 261▕         $response->assertRedirect(route('public-demo.thankyou', $session->session_token));
    262▕ 
    263▕         $session->refresh();
    264▕         $this->assertEquals(5, $session->current_step);
    265▕         $this->assertTrue($session->has_voted);

  [31m────────────────────────────────────────────────────────────────────────────────────────────────────────────────────[39m  
  [41;1m FAILED [49;22m [1mTests\Feature\Demo\PublicDemoFlowTest[22m [90m>[39m two independent sessions get isolated demo sessio… [41;1m QueryException [49;22m  
[39;1m  SQLSTATE[25P02]: In failed sql transaction: 7 FEHLER:  aktuelle Transaktion wurde abgebrochen, Befehle werden bis zum Ende der Transaktion ignoriert (Connection: pgsql, SQL: select * from "public_demo_sessions" limit 1)[39;22m

  at [32mvendor\laravel\framework\src\Illuminate\Database\Connection.php[39m:[32m825[39m
    821▕                     $this->getName(), $query, $this->prepareBindings($bindings), $e
    822▕                 );
    823▕             }
    824▕ 
  ➜ 825▕             throw new QueryException(
    826▕                 $this->getName(), $query, $this->prepareBindings($bindings), $e
    827▕             );
    828▕         }
    829▕     }

  [33m1   [39m[39;1mvendor\laravel\framework\src\Illuminate\Database\Connection.php[39;22m:[39;1m825[39;22m

  [33m2   [39m[39;1mvendor\laravel\framework\src\Illuminate\Database\Connection.php[39;22m:[39;1m412[39;22m
  [90m    NunoMaduro\Collision\Exceptions\TestException::("SQLSTATE[25P02]: In failed sql transaction: 7 FEHLER:  aktuelle Transaktion wurde abgebrochen, Befehle werden bis zum Ende der Transaktion ignoriert")[39m

  [31m────────────────────────────────────────────────────────────────────────────────────────────────────────────────────[39m  
  [41;1m FAILED [49;22m [1mTests\Feature\Demo\VoteAnonymityTest[22m [90m>[39m vote hash uses code id not user id                  [41;1m QueryException [49;22m  
[39;1m  SQLSTATE[23502]: Not null violation: 7 FEHLER:  NULL-Wert in Spalte »organisation_id« von Relation »elections« verletzt Not-Null-Constraint
DETAIL:  Fehlgeschlagene Zeile enthält (a1e8e9ca-10b2-4873-9ad6-f5b06de0f7ba, null, provident, explicabo-nostrum-autem-adipisci-quisquam-et-optio-quisquam-quod, Esse hic fugit ut porro nemo., demo, active, 2026-05-31 08:47:48, 2026-06-07 08:47:48, t, null, 2026-05-31 08:47:48, 2026-05-31 08:47:48, null, f, f, 4, null, f, No vote / Abstain, maximum, null, null, 0, null, null, null, block, strict, none, null, null, null, f, null, null, null, f, null, null, null, t, 7, null, f, null, null, f, null, 0, 0, 0, 0, 0, 0, draft, null, null, null, null, null, null, null, null, 0, null, null, null, null, null, null, null, null, null, null, full_membership, ip_count, none, 6, single_code, f, null, null, null, D.2.5, null). (Connection: pgsql, SQL: insert into "elections" ("organisation_id", "name", "slug", "description", "type", "is_active", "status", "state", "administration_completed", "nomination_completed", "start_date", "end_date", "posts_count", "voters_count", "election_committee_members_count", "candidates_count", "pending_candidacies_count", "votes_count", "voting_locked", "voting_starts_at", "voting_ends_at", "results_locked", "voter_source_strategy", "id", "updated_at", "created_at") values (?, provident, explicabo-nostrum-autem-adipisci-quisquam-et-optio-quisquam-quod, Esse hic fugit ut porro nemo., demo, 1, active, draft, 0, 0, 2026-05-31 08:47:48, 2026-06-07 08:47:48, 0, 0, 0, 0, 0, 0, 0, ?, ?, 0, full_membership, a1e8e9ca-10b2-4873-9ad6-f5b06de0f7ba, 2026-05-31 08:47:48, 2026-05-31 08:47:48))[39;22m

  at [32mvendor\laravel\framework\src\Illuminate\Database\Connection.php[39m:[32m825[39m
    821▕                     $this->getName(), $query, $this->prepareBindings($bindings), $e
    822▕                 );
    823▕             }
    824▕ 
  ➜ 825▕             throw new QueryException(
    826▕                 $this->getName(), $query, $this->prepareBindings($bindings), $e
    827▕             );
    828▕         }
    829▕     }

  [33m1   [39m[39;1mvendor\laravel\framework\src\Illuminate\Database\Connection.php[39;22m:[39;1m825[39;22m

  [33m2   [39m[39;1mvendor\laravel\framework\src\Illuminate\Database\Connection.php[39;22m:[39;1m571[39;22m
  [90m    NunoMaduro\Collision\Exceptions\TestException::("SQLSTATE[23502]: Not null violation: 7 FEHLER:  NULL-Wert in Spalte »organisation_id« von Relation »elections« verletzt Not-Null-Constraint
DETAIL:  Fehlgeschlagene Zeile enthält (a1e8e9ca-10b2-4873-9ad6-f5b06de0f7ba, null, provident, explicabo-nostrum-autem-adipisci-quisquam-et-optio-quisquam-quod, Esse hic fugit ut porro nemo., demo, active, 2026-05-31 08:47:48, 2026-06-07 08:47:48, t, null, 2026-05-31 08:47:48, 2026-05-31 08:47:48, null, f, f, 4, null, f, No vote / Abstain, maximum, null, null, 0, null, null, null, block, strict, none, null, null, null, f, null, null, null, f, null, null, null, t, 7, null, f, null, null, f, null, 0, 0, 0, 0, 0, 0, draft, null, null, null, null, null, null, null, null, 0, null, null, null, null, null, null, null, null, null, null, full_membership, ip_count, none, 6, single_code, f, null, null, null, D.2.5, null).")[39m

  [31m────────────────────────────────────────────────────────────────────────────────────────────────────────────────────[39m  
  [41;1m FAILED [49;22m [1mTests\Feature\Demo\VoteAnonymityTest[22m [90m>[39m demo vote table has no user id column               [41;1m QueryException [49;22m  
[39;1m  SQLSTATE[23502]: Not null violation: 7 FEHLER:  NULL-Wert in Spalte »organisation_id« von Relation »elections« verletzt Not-Null-Constraint
DETAIL:  Fehlgeschlagene Zeile enthält (a1e8e9ca-e548-4986-9739-38faddbb6076, null, cum, dolores-soluta-natus-dolore-est, Dolorem sequi impedit et fugiat est sit., demo, active, 2026-05-31 08:47:48, 2026-06-07 08:47:48, t, null, 2026-05-31 08:47:48, 2026-05-31 08:47:48, null, f, f, 4, null, f, No vote / Abstain, maximum, null, null, 0, null, null, null, block, strict, none, null, null, null, f, null, null, null, f, null, null, null, t, 7, null, f, null, null, f, null, 0, 0, 0, 0, 0, 0, draft, null, null, null, null, null, null, null, null, 0, null, null, null, null, null, null, null, null, null, null, full_membership, ip_count, none, 6, single_code, f, null, null, null, D.2.5, null). (Connection: pgsql, SQL: insert into "elections" ("organisation_id", "name", "slug", "description", "type", "is_active", "status", "state", "administration_completed", "nomination_completed", "start_date", "end_date", "posts_count", "voters_count", "election_committee_members_count", "candidates_count", "pending_candidacies_count", "votes_count", "voting_locked", "voting_starts_at", "voting_ends_at", "results_locked", "voter_source_strategy", "id", "updated_at", "created_at") values (?, cum, dolores-soluta-natus-dolore-est, Dolorem sequi impedit et fugiat est sit., demo, 1, active, draft, 0, 0, 2026-05-31 08:47:48, 2026-06-07 08:47:48, 0, 0, 0, 0, 0, 0, 0, ?, ?, 0, full_membership, a1e8e9ca-e548-4986-9739-38faddbb6076, 2026-05-31 08:47:48, 2026-05-31 08:47:48))[39;22m

  at [32mvendor\laravel\framework\src\Illuminate\Database\Connection.php[39m:[32m825[39m
    821▕                     $this->getName(), $query, $this->prepareBindings($bindings), $e
    822▕                 );
    823▕             }
    824▕ 
  ➜ 825▕             throw new QueryException(
    826▕                 $this->getName(), $query, $this->prepareBindings($bindings), $e
    827▕             );
    828▕         }
    829▕     }

  [33m1   [39m[39;1mvendor\laravel\framework\src\Illuminate\Database\Connection.php[39;22m:[39;1m825[39;22m

  [33m2   [39m[39;1mvendor\laravel\framework\src\Illuminate\Database\Connection.php[39;22m:[39;1m571[39;22m
  [90m    NunoMaduro\Collision\Exceptions\TestException::("SQLSTATE[23502]: Not null violation: 7 FEHLER:  NULL-Wert in Spalte »organisation_id« von Relation »elections« verletzt Not-Null-Constraint
DETAIL:  Fehlgeschlagene Zeile enthält (a1e8e9ca-e548-4986-9739-38faddbb6076, null, cum, dolores-soluta-natus-dolore-est, Dolorem sequi impedit et fugiat est sit., demo, active, 2026-05-31 08:47:48, 2026-06-07 08:47:48, t, null, 2026-05-31 08:47:48, 2026-05-31 08:47:48, null, f, f, 4, null, f, No vote / Abstain, maximum, null, null, 0, null, null, null, block, strict, none, null, null, null, f, null, null, null, f, null, null, null, t, 7, null, f, null, null, f, null, 0, 0, 0, 0, 0, 0, draft, null, null, null, null, null, null, null, null, 0, null, null, null, null, null, null, null, null, null, null, full_membership, ip_count, none, 6, single_code, f, null, null, null, D.2.5, null).")[39m

  [31m────────────────────────────────────────────────────────────────────────────────────────────────────────────────────[39m  
  [41;1m FAILED [49;22m [1mTests\Feature\Demo\VoteAnonymityTest[22m [90m>[39m different votes produce different hashes            [41;1m QueryException [49;22m  
[39;1m  SQLSTATE[23502]: Not null violation: 7 FEHLER:  NULL-Wert in Spalte »organisation_id« von Relation »elections« verletzt Not-Null-Constraint
DETAIL:  Fehlgeschlagene Zeile enthält (a1e8e9cb-8381-431a-82c3-855337272c81, null, quo, repellat-debitis-quisquam-perspiciatis-in-et, Sint totam distinctio vitae tenetur., demo, active, 2026-05-31 08:47:49, 2026-06-07 08:47:49, t, null, 2026-05-31 08:47:49, 2026-05-31 08:47:49, null, f, f, 4, null, f, No vote / Abstain, maximum, null, null, 0, null, null, null, block, strict, none, null, null, null, f, null, null, null, f, null, null, null, t, 7, null, f, null, null, f, null, 0, 0, 0, 0, 0, 0, draft, null, null, null, null, null, null, null, null, 0, null, null, null, null, null, null, null, null, null, null, full_membership, ip_count, none, 6, single_code, f, null, null, null, D.2.5, null). (Connection: pgsql, SQL: insert into "elections" ("organisation_id", "name", "slug", "description", "type", "is_active", "status", "state", "administration_completed", "nomination_completed", "start_date", "end_date", "posts_count", "voters_count", "election_committee_members_count", "candidates_count", "pending_candidacies_count", "votes_count", "voting_locked", "voting_starts_at", "voting_ends_at", "results_locked", "voter_source_strategy", "id", "updated_at", "created_at") values (?, quo, repellat-debitis-quisquam-perspiciatis-in-et, Sint totam distinctio vitae tenetur., demo, 1, active, draft, 0, 0, 2026-05-31 08:47:49, 2026-06-07 08:47:49, 0, 0, 0, 0, 0, 0, 0, ?, ?, 0, full_membership, a1e8e9cb-8381-431a-82c3-855337272c81, 2026-05-31 08:47:49, 2026-05-31 08:47:49))[39;22m

  at [32mvendor\laravel\framework\src\Illuminate\Database\Connection.php[39m:[32m825[39m
    821▕                     $this->getName(), $query, $this->prepareBindings($bindings), $e
    822▕                 );
    823▕             }
    824▕ 
  ➜ 825▕             throw new QueryException(
    826▕                 $this->getName(), $query, $this->prepareBindings($bindings), $e
    827▕             );
    828▕         }
    829▕     }

  [33m1   [39m[39;1mvendor\laravel\framework\src\Illuminate\Database\Connection.php[39;22m:[39;1m825[39;22m

  [33m2   [39m[39;1mvendor\laravel\framework\src\Illuminate\Database\Connection.php[39;22m:[39;1m571[39;22m
  [90m    NunoMaduro\Collision\Exceptions\TestException::("SQLSTATE[23502]: Not null violation: 7 FEHLER:  NULL-Wert in Spalte »organisation_id« von Relation »elections« verletzt Not-Null-Constraint
DETAIL:  Fehlgeschlagene Zeile enthält (a1e8e9cb-8381-431a-82c3-855337272c81, null, quo, repellat-debitis-quisquam-perspiciatis-in-et, Sint totam distinctio vitae tenetur., demo, active, 2026-05-31 08:47:49, 2026-06-07 08:47:49, t, null, 2026-05-31 08:47:49, 2026-05-31 08:47:49, null, f, f, 4, null, f, No vote / Abstain, maximum, null, null, 0, null, null, null, block, strict, none, null, null, null, f, null, null, null, f, null, null, null, t, 7, null, f, null, null, f, null, 0, 0, 0, 0, 0, 0, draft, null, null, null, null, null, null, null, null, 0, null, null, null, null, null, null, null, null, null, null, full_membership, ip_count, none, 6, single_code, f, null, null, null, D.2.5, null).")[39m

  [31m────────────────────────────────────────────────────────────────────────────────────────────────────────────────────[39m  
  [41;1m FAILED [49;22m [1mTests\Feature\Demo\VoteAnonymityTest[22m [90m>[39m vote hash is irreversible                           [41;1m QueryException [49;22m  
[39;1m  SQLSTATE[23502]: Not null violation: 7 FEHLER:  NULL-Wert in Spalte »organisation_id« von Relation »elections« verletzt Not-Null-Constraint
DETAIL:  Fehlgeschlagene Zeile enthält (a1e8e9cc-1dcc-4811-b9da-e41b1a391c78, null, ipsa, facilis-aperiam-in-impedit-et-quia-aliquam, Aspernatur doloremque eligendi incidunt ut sit sed., demo, active, 2026-05-31 08:47:49, 2026-06-07 08:47:49, t, null, 2026-05-31 08:47:49, 2026-05-31 08:47:49, null, f, f, 4, null, f, No vote / Abstain, maximum, null, null, 0, null, null, null, block, strict, none, null, null, null, f, null, null, null, f, null, null, null, t, 7, null, f, null, null, f, null, 0, 0, 0, 0, 0, 0, draft, null, null, null, null, null, null, null, null, 0, null, null, null, null, null, null, null, null, null, null, full_membership, ip_count, none, 6, single_code, f, null, null, null, D.2.5, null). (Connection: pgsql, SQL: insert into "elections" ("organisation_id", "name", "slug", "description", "type", "is_active", "status", "state", "administration_completed", "nomination_completed", "start_date", "end_date", "posts_count", "voters_count", "election_committee_members_count", "candidates_count", "pending_candidacies_count", "votes_count", "voting_locked", "voting_starts_at", "voting_ends_at", "results_locked", "voter_source_strategy", "id", "updated_at", "created_at") values (?, ipsa, facilis-aperiam-in-impedit-et-quia-aliquam, Aspernatur doloremque eligendi incidunt ut sit sed., demo, 1, active, draft, 0, 0, 2026-05-31 08:47:49, 2026-06-07 08:47:49, 0, 0, 0, 0, 0, 0, 0, ?, ?, 0, full_membership, a1e8e9cc-1dcc-4811-b9da-e41b1a391c78, 2026-05-31 08:47:49, 2026-05-31 08:47:49))[39;22m

  at [32mvendor\laravel\framework\src\Illuminate\Database\Connection.php[39m:[32m825[39m
    821▕                     $this->getName(), $query, $this->prepareBindings($bindings), $e
    822▕                 );
    823▕             }
    824▕ 
  ➜ 825▕             throw new QueryException(
    826▕                 $this->getName(), $query, $this->prepareBindings($bindings), $e
    827▕             );
    828▕         }
    829▕     }

  [33m1   [39m[39;1mvendor\laravel\framework\src\Illuminate\Database\Connection.php[39;22m:[39;1m825[39;22m

  [33m2   [39m[39;1mvendor\laravel\framework\src\Illuminate\Database\Connection.php[39;22m:[39;1m571[39;22m
  [90m    NunoMaduro\Collision\Exceptions\TestException::("SQLSTATE[23502]: Not null violation: 7 FEHLER:  NULL-Wert in Spalte »organisation_id« von Relation »elections« verletzt Not-Null-Constraint
DETAIL:  Fehlgeschlagene Zeile enthält (a1e8e9cc-1dcc-4811-b9da-e41b1a391c78, null, ipsa, facilis-aperiam-in-impedit-et-quia-aliquam, Aspernatur doloremque eligendi incidunt ut sit sed., demo, active, 2026-05-31 08:47:49, 2026-06-07 08:47:49, t, null, 2026-05-31 08:47:49, 2026-05-31 08:47:49, null, f, f, 4, null, f, No vote / Abstain, maximum, null, null, 0, null, null, null, block, strict, none, null, null, null, f, null, null, null, f, null, null, null, t, 7, null, f, null, null, f, null, 0, 0, 0, 0, 0, 0, draft, null, null, null, null, null, null, null, null, 0, null, null, null, null, null, null, null, null, null, null, full_membership, ip_count, none, 6, single_code, f, null, null, null, D.2.5, null).")[39m

  [31m────────────────────────────────────────────────────────────────────────────────────────────────────────────────────[39m  
  [41;1m FAILED [49;22m [1mTests\Feature\Demo\VoteAnonymityTest[22m [90m>[39m vote results contain no user id                     [41;1m QueryException [49;22m  
[39;1m  SQLSTATE[23502]: Not null violation: 7 FEHLER:  NULL-Wert in Spalte »organisation_id« von Relation »elections« verletzt Not-Null-Constraint
DETAIL:  Fehlgeschlagene Zeile enthält (a1e8e9cc-e3fe-45d0-a645-619c1741a08c, null, consequatur, fuga-eaque-exercitationem-nulla-quaerat-velit-voluptatibus-conse..., Dolor et tempora eligendi dolorem ullam eos., demo, active, 2026-05-31 08:47:50, 2026-06-07 08:47:50, t, null, 2026-05-31 08:47:50, 2026-05-31 08:47:50, null, f, f, 4, null, f, No vote / Abstain, maximum, null, null, 0, null, null, null, block, strict, none, null, null, null, f, null, null, null, f, null, null, null, t, 7, null, f, null, null, f, null, 0, 0, 0, 0, 0, 0, draft, null, null, null, null, null, null, null, null, 0, null, null, null, null, null, null, null, null, null, null, full_membership, ip_count, none, 6, single_code, f, null, null, null, D.2.5, null). (Connection: pgsql, SQL: insert into "elections" ("organisation_id", "name", "slug", "description", "type", "is_active", "status", "state", "administration_completed", "nomination_completed", "start_date", "end_date", "posts_count", "voters_count", "election_committee_members_count", "candidates_count", "pending_candidacies_count", "votes_count", "voting_locked", "voting_starts_at", "voting_ends_at", "results_locked", "voter_source_strategy", "id", "updated_at", "created_at") values (?, consequatur, fuga-eaque-exercitationem-nulla-quaerat-velit-voluptatibus-consequatur-eos, Dolor et tempora eligendi dolorem ullam eos., demo, 1, active, draft, 0, 0, 2026-05-31 08:47:50, 2026-06-07 08:47:50, 0, 0, 0, 0, 0, 0, 0, ?, ?, 0, full_membership, a1e8e9cc-e3fe-45d0-a645-619c1741a08c, 2026-05-31 08:47:50, 2026-05-31 08:47:50))[39;22m

  at [32mvendor\laravel\framework\src\Illuminate\Database\Connection.php[39m:[32m825[39m
    821▕                     $this->getName(), $query, $this->prepareBindings($bindings), $e
    822▕                 );
    823▕             }
    824▕ 
  ➜ 825▕             throw new QueryException(
    826▕                 $this->getName(), $query, $this->prepareBindings($bindings), $e
    827▕             );
    828▕         }
    829▕     }

  [33m1   [39m[39;1mvendor\laravel\framework\src\Illuminate\Database\Connection.php[39;22m:[39;1m825[39;22m

  [33m2   [39m[39;1mvendor\laravel\framework\src\Illuminate\Database\Connection.php[39;22m:[39;1m571[39;22m
  [90m    NunoMaduro\Collision\Exceptions\TestException::("SQLSTATE[23502]: Not null violation: 7 FEHLER:  NULL-Wert in Spalte »organisation_id« von Relation »elections« verletzt Not-Null-Constraint
DETAIL:  Fehlgeschlagene Zeile enthält (a1e8e9cc-e3fe-45d0-a645-619c1741a08c, null, consequatur, fuga-eaque-exercitationem-nulla-quaerat-velit-voluptatibus-conse..., Dolor et tempora eligendi dolorem ullam eos., demo, active, 2026-05-31 08:47:50, 2026-06-07 08:47:50, t, null, 2026-05-31 08:47:50, 2026-05-31 08:47:50, null, f, f, 4, null, f, No vote / Abstain, maximum, null, null, 0, null, null, null, block, strict, none, null, null, null, f, null, null, null, f, null, null, null, t, 7, null, f, null, null, f, null, 0, 0, 0, 0, 0, 0, draft, null, null, null, null, null, null, null, null, 0, null, null, null, null, null, null, null, null, null, null, full_membership, ip_count, none, 6, single_code, f, null, null, null, D.2.5, null).")[39m

  [31m────────────────────────────────────────────────────────────────────────────────────────────────────────────────────[39m  
  [41;1m FAILED [49;22m [1mTests\Feature\Demo\VotePreCheckTest[22m [90m>[39m simple mode code1 not entered redirects to code… [41;1m ArgumentCountError [49;22m  
[39;1m  Too few arguments to function App\Http\Controllers\Demo\DemoVoteController::__construct(), 0 passed in C:\Users\nabra\OneDrive\Desktop\roshyara\xamp\nrna\nrna-eu\tests\Feature\Demo\VotePreCheckTest.php on line 30 and exactly 1 expected[39;22m

  at [32mapp\Http\Controllers\Demo\DemoVoteController.php[39m:[32m58[39m
     54▕ 
     55▕     /**
     56▕      * Constructor - Initialize voting process state
     57▕      */
  ➜  58▕     public function __construct(
     59▕         private TrustPolicyEvaluator $trustEvaluator,
     60▕     )
     61▕     {
     62▕         $this->in_code = '';

  [33m1   [39m[39;1mapp\Http\Controllers\Demo\DemoVoteController.php[39;22m:[39;1m58[39;22m
  [33m2   [39m[39;1mtests\Feature\Demo\VotePreCheckTest.php[39;22m:[39;1m30[39;22m

  [31m────────────────────────────────────────────────────────────────────────────────────────────────────────────────────[39m  
  [41;1m FAILED [49;22m [1mTests\Feature\Demo\VotePreCheckTest[22m [90m>[39m simple mode code1 entered allows vote            [41;1m ArgumentCountError [49;22m  
[39;1m  Too few arguments to function App\Http\Controllers\Demo\DemoVoteController::__construct(), 0 passed in C:\Users\nabra\OneDrive\Desktop\roshyara\xamp\nrna\nrna-eu\tests\Feature\Demo\VotePreCheckTest.php on line 30 and exactly 1 expected[39;22m

  at [32mapp\Http\Controllers\Demo\DemoVoteController.php[39m:[32m58[39m
     54▕ 
     55▕     /**
     56▕      * Constructor - Initialize voting process state
     57▕      */
  ➜  58▕     public function __construct(
     59▕         private TrustPolicyEvaluator $trustEvaluator,
     60▕     )
     61▕     {
     62▕         $this->in_code = '';

  [33m1   [39m[39;1mapp\Http\Controllers\Demo\DemoVoteController.php[39;22m:[39;1m58[39;22m
  [33m2   [39m[39;1mtests\Feature\Demo\VotePreCheckTest.php[39;22m:[39;1m30[39;22m

  [31m────────────────────────────────────────────────────────────────────────────────────────────────────────────────────[39m  
  [41;1m FAILED [49;22m [1mTests\Feature\Demo\VotePreCheckTest[22m [90m>[39m simple mode code already used blocks vote        [41;1m ArgumentCountError [49;22m  
[39;1m  Too few arguments to function App\Http\Controllers\Demo\DemoVoteController::__construct(), 0 passed in C:\Users\nabra\OneDrive\Desktop\roshyara\xamp\nrna\nrna-eu\tests\Feature\Demo\VotePreCheckTest.php on line 30 and exactly 1 expected[39;22m

  at [32mapp\Http\Controllers\Demo\DemoVoteController.php[39m:[32m58[39m
     54▕ 
     55▕     /**
     56▕      * Constructor - Initialize voting process state
     57▕      */
  ➜  58▕     public function __construct(
     59▕         private TrustPolicyEvaluator $trustEvaluator,
     60▕     )
     61▕     {
     62▕         $this->in_code = '';

  [33m1   [39m[39;1mapp\Http\Controllers\Demo\DemoVoteController.php[39;22m:[39;1m58[39;22m
  [33m2   [39m[39;1mtests\Feature\Demo\VotePreCheckTest.php[39;22m:[39;1m30[39;22m

  [31m────────────────────────────────────────────────────────────────────────────────────────────────────────────────────[39m  
  [41;1m FAILED [49;22m [1mTests\Feature\Demo\VotePreCheckTest[22m [90m>[39m simple mode missing code1 sent redirects         [41;1m ArgumentCountError [49;22m  
[39;1m  Too few arguments to function App\Http\Controllers\Demo\DemoVoteController::__construct(), 0 passed in C:\Users\nabra\OneDrive\Desktop\roshyara\xamp\nrna\nrna-eu\tests\Feature\Demo\VotePreCheckTest.php on line 30 and exactly 1 expected[39;22m

  at [32mapp\Http\Controllers\Demo\DemoVoteController.php[39m:[32m58[39m
     54▕ 
     55▕     /**
     56▕      * Constructor - Initialize voting process state
     57▕      */
  ➜  58▕     public function __construct(
     59▕         private TrustPolicyEvaluator $trustEvaluator,
     60▕     )
     61▕     {
     62▕         $this->in_code = '';

  [33m1   [39m[39;1mapp\Http\Controllers\Demo\DemoVoteController.php[39;22m:[39;1m58[39;22m
  [33m2   [39m[39;1mtests\Feature\Demo\VotePreCheckTest.php[39;22m:[39;1m30[39;22m

  [31m────────────────────────────────────────────────────────────────────────────────────────────────────────────────────[39m  
  [41;1m FAILED [49;22m [1mTests\Feature\Demo\VotePreCheckTest[22m [90m>[39m simple mode voting window expired                [41;1m ArgumentCountError [49;22m  
[39;1m  Too few arguments to function App\Http\Controllers\Demo\DemoVoteController::__construct(), 0 passed in C:\Users\nabra\OneDrive\Desktop\roshyara\xamp\nrna\nrna-eu\tests\Feature\Demo\VotePreCheckTest.php on line 30 and exactly 1 expected[39;22m

  at [32mapp\Http\Controllers\Demo\DemoVoteController.php[39m:[32m58[39m
     54▕ 
     55▕     /**
     56▕      * Constructor - Initialize voting process state
     57▕      */
  ➜  58▕     public function __construct(
     59▕         private TrustPolicyEvaluator $trustEvaluator,
     60▕     )
     61▕     {
     62▕         $this->in_code = '';

  [33m1   [39m[39;1mapp\Http\Controllers\Demo\DemoVoteController.php[39;22m:[39;1m58[39;22m
  [33m2   [39m[39;1mtests\Feature\Demo\VotePreCheckTest.php[39;22m:[39;1m30[39;22m

  [31m────────────────────────────────────────────────────────────────────────────────────────────────────────────────────[39m  
  [41;1m FAILED [49;22m [1mTests\Feature\Demo\VotePreCheckTest[22m [90m>[39m strict mode code1 used awaiting code2            [41;1m ArgumentCountError [49;22m  
[39;1m  Too few arguments to function App\Http\Controllers\Demo\DemoVoteController::__construct(), 0 passed in C:\Users\nabra\OneDrive\Desktop\roshyara\xamp\nrna\nrna-eu\tests\Feature\Demo\VotePreCheckTest.php on line 30 and exactly 1 expected[39;22m

  at [32mapp\Http\Controllers\Demo\DemoVoteController.php[39m:[32m58[39m
     54▕ 
     55▕     /**
     56▕      * Constructor - Initialize voting process state
     57▕      */
  ➜  58▕     public function __construct(
     59▕         private TrustPolicyEvaluator $trustEvaluator,
     60▕     )
     61▕     {
     62▕         $this->in_code = '';

  [33m1   [39m[39;1mapp\Http\Controllers\Demo\DemoVoteController.php[39;22m:[39;1m58[39;22m
  [33m2   [39m[39;1mtests\Feature\Demo\VotePreCheckTest.php[39;22m:[39;1m30[39;22m

  [31m────────────────────────────────────────────────────────────────────────────────────────────────────────────────────[39m  
  [41;1m FAILED [49;22m [1mTests\Feature\Demo\VotePreCheckTest[22m [90m>[39m strict mode code1 not entered redirects          [41;1m ArgumentCountError [49;22m  
[39;1m  Too few arguments to function App\Http\Controllers\Demo\DemoVoteController::__construct(), 0 passed in C:\Users\nabra\OneDrive\Desktop\roshyara\xamp\nrna\nrna-eu\tests\Feature\Demo\VotePreCheckTest.php on line 30 and exactly 1 expected[39;22m

  at [32mapp\Http\Controllers\Demo\DemoVoteController.php[39m:[32m58[39m
     54▕ 
     55▕     /**
     56▕      * Constructor - Initialize voting process state
     57▕      */
  ➜  58▕     public function __construct(
     59▕         private TrustPolicyEvaluator $trustEvaluator,
     60▕     )
     61▕     {
     62▕         $this->in_code = '';

  [33m1   [39m[39;1mapp\Http\Controllers\Demo\DemoVoteController.php[39;22m:[39;1m58[39;22m
  [33m2   [39m[39;1mtests\Feature\Demo\VotePreCheckTest.php[39;22m:[39;1m30[39;22m

  [31m────────────────────────────────────────────────────────────────────────────────────────────────────────────────────[39m  
  [41;1m FAILED [49;22m [1mTests\Feature\Demo\VotePreCheckTest[22m [90m>[39m strict mode code2 already used blocks            [41;1m ArgumentCountError [49;22m  
[39;1m  Too few arguments to function App\Http\Controllers\Demo\DemoVoteController::__construct(), 0 passed in C:\Users\nabra\OneDrive\Desktop\roshyara\xamp\nrna\nrna-eu\tests\Feature\Demo\VotePreCheckTest.php on line 30 and exactly 1 expected[39;22m

  at [32mapp\Http\Controllers\Demo\DemoVoteController.php[39m:[32m58[39m
     54▕ 
     55▕     /**
     56▕      * Constructor - Initialize voting process state
     57▕      */
  ➜  58▕     public function __construct(
     59▕         private TrustPolicyEvaluator $trustEvaluator,
     60▕     )
     61▕     {
     62▕         $this->in_code = '';

  [33m1   [39m[39;1mapp\Http\Controllers\Demo\DemoVoteController.php[39;22m:[39;1m58[39;22m
  [33m2   [39m[39;1mtests\Feature\Demo\VotePreCheckTest.php[39;22m:[39;1m30[39;22m

  [31m────────────────────────────────────────────────────────────────────────────────────────────────────────────────────[39m  
  [41;1m FAILED [49;22m [1mTests\Feature\Demo\VotePreCheckTest[22m [90m>[39m both modes null code redirects                   [41;1m ArgumentCountError [49;22m  
[39;1m  Too few arguments to function App\Http\Controllers\Demo\DemoVoteController::__construct(), 0 passed in C:\Users\nabra\OneDrive\Desktop\roshyara\xamp\nrna\nrna-eu\tests\Feature\Demo\VotePreCheckTest.php on line 30 and exactly 1 expected[39;22m

  at [32mapp\Http\Controllers\Demo\DemoVoteController.php[39m:[32m58[39m
     54▕ 
     55▕     /**
     56▕      * Constructor - Initialize voting process state
     57▕      */
  ➜  58▕     public function __construct(
     59▕         private TrustPolicyEvaluator $trustEvaluator,
     60▕     )
     61▕     {
     62▕         $this->in_code = '';

  [33m1   [39m[39;1mapp\Http\Controllers\Demo\DemoVoteController.php[39;22m:[39;1m58[39;22m
  [33m2   [39m[39;1mtests\Feature\Demo\VotePreCheckTest.php[39;22m:[39;1m30[39;22m

  [31m────────────────────────────────────────────────────────────────────────────────────────────────────────────────────[39m  
  [41;1m FAILED [49;22m [1mTests\Feature\Demo\VotePreCheckTest[22m [90m>[39m both modes can vote now false redirects          [41;1m ArgumentCountError [49;22m  
[39;1m  Too few arguments to function App\Http\Controllers\Demo\DemoVoteController::__construct(), 0 passed in C:\Users\nabra\OneDrive\Desktop\roshyara\xamp\nrna\nrna-eu\tests\Feature\Demo\VotePreCheckTest.php on line 30 and exactly 1 expected[39;22m

  at [32mapp\Http\Controllers\Demo\DemoVoteController.php[39m:[32m58[39m
     54▕ 
     55▕     /**
     56▕      * Constructor - Initialize voting process state
     57▕      */
  ➜  58▕     public function __construct(
     59▕         private TrustPolicyEvaluator $trustEvaluator,
     60▕     )
     61▕     {
     62▕         $this->in_code = '';

  [33m1   [39m[39;1mapp\Http\Controllers\Demo\DemoVoteController.php[39;22m:[39;1m58[39;22m
  [33m2   [39m[39;1mtests\Feature\Demo\VotePreCheckTest.php[39;22m:[39;1m30[39;22m

  [31m────────────────────────────────────────────────────────────────────────────────────────────────────────────────────[39m  
  [41;1m FAILED [49;22m [1mTests\Feature\Demo\VotePreCheckTest[22m [90m>[39m both modes has voted redirects                   [41;1m ArgumentCountError [49;22m  
[39;1m  Too few arguments to function App\Http\Controllers\Demo\DemoVoteController::__construct(), 0 passed in C:\Users\nabra\OneDrive\Desktop\roshyara\xamp\nrna\nrna-eu\tests\Feature\Demo\VotePreCheckTest.php on line 30 and exactly 1 expected[39;22m

  at [32mapp\Http\Controllers\Demo\DemoVoteController.php[39m:[32m58[39m
     54▕ 
     55▕     /**
     56▕      * Constructor - Initialize voting process state
     57▕      */
  ➜  58▕     public function __construct(
     59▕         private TrustPolicyEvaluator $trustEvaluator,
     60▕     )
     61▕     {
     62▕         $this->in_code = '';

  [33m1   [39m[39;1mapp\Http\Controllers\Demo\DemoVoteController.php[39;22m:[39;1m58[39;22m
  [33m2   [39m[39;1mtests\Feature\Demo\VotePreCheckTest.php[39;22m:[39;1m30[39;22m

  [31m────────────────────────────────────────────────────────────────────────────────────────────────────────────────────[39m  
  [41;1m FAILED [49;22m [1mTests\Feature\Demo\VotePreCheckTest[22m [90m>[39m both modes no redirect loop within window        [41;1m ArgumentCountError [49;22m  
[39;1m  Too few arguments to function App\Http\Controllers\Demo\DemoVoteController::__construct(), 0 passed in C:\Users\nabra\OneDrive\Desktop\roshyara\xamp\nrna\nrna-eu\tests\Feature\Demo\VotePreCheckTest.php on line 30 and exactly 1 expected[39;22m

  at [32mapp\Http\Controllers\Demo\DemoVoteController.php[39m:[32m58[39m
     54▕ 
     55▕     /**
     56▕      * Constructor - Initialize voting process state
     57▕      */
  ➜  58▕     public function __construct(
     59▕         private TrustPolicyEvaluator $trustEvaluator,
     60▕     )
     61▕     {
     62▕         $this->in_code = '';

  [33m1   [39m[39;1mapp\Http\Controllers\Demo\DemoVoteController.php[39;22m:[39;1m58[39;22m
  [33m2   [39m[39;1mtests\Feature\Demo\VotePreCheckTest.php[39;22m:[39;1m30[39;22m

  [31m────────────────────────────────────────────────────────────────────────────────────────────────────────────────────[39m  
  [41;1m FAILED [49;22m [1mTests\Feature\Demo\VotingTimeConfigTest[22m [90m>[39m voting config has time in minutes key            [41;1m QueryException [49;22m  
[39;1m  SQLSTATE[42703]: Undefined column: 7 FEHLER:  Spalte »state« von Relation »elections« existiert nicht
LINE 1: ...g", "description", "type", "is_active", "status", "state", "...
                                                             ^ (Connection: pgsql, SQL: insert into "elections" ("organisation_id", "name", "slug", "description", "type", "is_active", "status", "state", "administration_completed", "nomination_completed", "start_date", "end_date", "posts_count", "voters_count", "election_committee_members_count", "candidates_count", "pending_candidacies_count", "votes_count", "voting_locked", "voting_starts_at", "voting_ends_at", "results_locked", "voter_source_strategy", "id", "updated_at", "created_at") values (2fb5b0dd-4f0b-4c9e-ae2c-a27050ef1560, aspernatur, omnis-rerum-inventore-qui-officiis-reprehenderit-sit-est, Eaque saepe iure dolore mollitia voluptate non ut., demo, 1, active, draft, 0, 0, 2026-05-31 08:47:56, 2026-06-07 08:47:56, 0, 0, 0, 0, 0, 0, 0, ?, ?, 0, full_membership, a1e8e9d6-108c-4ff2-9dbd-32ff50d1c34f, 2026-05-31 08:47:56, 2026-05-31 08:47:56))[39;22m

  at [32mvendor\laravel\framework\src\Illuminate\Database\Connection.php[39m:[32m825[39m
    821▕                     $this->getName(), $query, $this->prepareBindings($bindings), $e
    822▕                 );
    823▕             }
    824▕ 
  ➜ 825▕             throw new QueryException(
    826▕                 $this->getName(), $query, $this->prepareBindings($bindings), $e
    827▕             );
    828▕         }
    829▕     }

  [33m1   [39m[39;1mvendor\laravel\framework\src\Illuminate\Database\Connection.php[39;22m:[39;1m825[39;22m

  [33m2   [39m[39;1mvendor\laravel\framework\src\Illuminate\Database\Connection.php[39;22m:[39;1m571[39;22m
  [90m    NunoMaduro\Collision\Exceptions\TestException::("SQLSTATE[42703]: Undefined column: 7 FEHLER:  Spalte »state« von Relation »elections« existiert nicht
LINE 1: ...g", "description", "type", "is_active", "status", "state", "...
                                                             ^")[39m

  [31m────────────────────────────────────────────────────────────────────────────────────────────────────────────────────[39m  
  [41;1m FAILED [49;22m [1mTests\Feature\Demo\VotingTimeConfigTest[22m [90m>[39m voting time env var is used by config            [41;1m QueryException [49;22m  
[39;1m  SQLSTATE[42703]: Undefined column: 7 FEHLER:  Spalte »state« von Relation »elections« existiert nicht
LINE 1: ...g", "description", "type", "is_active", "status", "state", "...
                                                             ^ (Connection: pgsql, SQL: insert into "elections" ("organisation_id", "name", "slug", "description", "type", "is_active", "status", "state", "administration_completed", "nomination_completed", "start_date", "end_date", "posts_count", "voters_count", "election_committee_members_count", "candidates_count", "pending_candidacies_count", "votes_count", "voting_locked", "voting_starts_at", "voting_ends_at", "results_locked", "voter_source_strategy", "id", "updated_at", "created_at") values (2fb5b0dd-4f0b-4c9e-ae2c-a27050ef1560, rem, qui-voluptatem-velit-consequuntur-sapiente, Ut culpa ipsam alias non quibusdam error., demo, 1, active, draft, 0, 0, 2026-05-31 08:47:56, 2026-06-07 08:47:56, 0, 0, 0, 0, 0, 0, 0, ?, ?, 0, full_membership, a1e8e9d6-6e0c-4b2f-bc4c-b81e0e3c4a9b, 2026-05-31 08:47:56, 2026-05-31 08:47:56))[39;22m

  at [32mvendor\laravel\framework\src\Illuminate\Database\Connection.php[39m:[32m825[39m
    821▕                     $this->getName(), $query, $this->prepareBindings($bindings), $e
    822▕                 );
    823▕             }
    824▕ 
  ➜ 825▕             throw new QueryException(
    826▕                 $this->getName(), $query, $this->prepareBindings($bindings), $e
    827▕             );
    828▕         }
    829▕     }

  [33m1   [39m[39;1mvendor\laravel\framework\src\Illuminate\Database\Connection.php[39;22m:[39;1m825[39;22m

  [33m2   [39m[39;1mvendor\laravel\framework\src\Illuminate\Database\Connection.php[39;22m:[39;1m571[39;22m
  [90m    NunoMaduro\Collision\Exceptions\TestException::("SQLSTATE[42703]: Undefined column: 7 FEHLER:  Spalte »state« von Relation »elections« existiert nicht
LINE 1: ...g", "description", "type", "is_active", "status", "state", "...
                                                             ^")[39m

  [31m────────────────────────────────────────────────────────────────────────────────────────────────────────────────────[39m  
  [41;1m FAILED [49;22m [1mTests\Feature\Demo\VotingTimeConfigTest[22m [90m>[39m voter slug service uses config for expiry        [41;1m QueryException [49;22m  
[39;1m  SQLSTATE[42703]: Undefined column: 7 FEHLER:  Spalte »state« von Relation »elections« existiert nicht
LINE 1: ...g", "description", "type", "is_active", "status", "state", "...
                                                             ^ (Connection: pgsql, SQL: insert into "elections" ("organisation_id", "name", "slug", "description", "type", "is_active", "status", "state", "administration_completed", "nomination_completed", "start_date", "end_date", "posts_count", "voters_count", "election_committee_members_count", "candidates_count", "pending_candidacies_count", "votes_count", "voting_locked", "voting_starts_at", "voting_ends_at", "results_locked", "voter_source_strategy", "id", "updated_at", "created_at") values (2fb5b0dd-4f0b-4c9e-ae2c-a27050ef1560, possimus, id-dignissimos-sequi-quis-expedita, Qui rerum est atque dicta nisi ipsam., demo, 1, active, draft, 0, 0, 2026-05-31 08:47:56, 2026-06-07 08:47:56, 0, 0, 0, 0, 0, 0, 0, ?, ?, 0, full_membership, a1e8e9d6-cf4b-49d2-914b-10b61ddffab5, 2026-05-31 08:47:56, 2026-05-31 08:47:56))[39;22m

  at [32mvendor\laravel\framework\src\Illuminate\Database\Connection.php[39m:[32m825[39m
    821▕                     $this->getName(), $query, $this->prepareBindings($bindings), $e
    822▕                 );
    823▕             }
    824▕ 
  ➜ 825▕             throw new QueryException(
    826▕                 $this->getName(), $query, $this->prepareBindings($bindings), $e
    827▕             );
    828▕         }
    829▕     }

  [33m1   [39m[39;1mvendor\laravel\framework\src\Illuminate\Database\Connection.php[39;22m:[39;1m825[39;22m

  [33m2   [39m[39;1mvendor\laravel\framework\src\Illuminate\Database\Connection.php[39;22m:[39;1m571[39;22m
  [90m    NunoMaduro\Collision\Exceptions\TestException::("SQLSTATE[42703]: Undefined column: 7 FEHLER:  Spalte »state« von Relation »elections« existiert nicht
LINE 1: ...g", "description", "type", "is_active", "status", "state", "...
                                                             ^")[39m

  [31m────────────────────────────────────────────────────────────────────────────────────────────────────────────────────[39m  
  [41;1m FAILED [49;22m [1mTests\Feature\Demo\VotingTimeConfigTest[22m [90m>[39m default voting time is 30 minutes                [41;1m QueryException [49;22m  
[39;1m  SQLSTATE[42703]: Undefined column: 7 FEHLER:  Spalte »state« von Relation »elections« existiert nicht
LINE 1: ...g", "description", "type", "is_active", "status", "state", "...
                                                             ^ (Connection: pgsql, SQL: insert into "elections" ("organisation_id", "name", "slug", "description", "type", "is_active", "status", "state", "administration_completed", "nomination_completed", "start_date", "end_date", "posts_count", "voters_count", "election_committee_members_count", "candidates_count", "pending_candidacies_count", "votes_count", "voting_locked", "voting_starts_at", "voting_ends_at", "results_locked", "voter_source_strategy", "id", "updated_at", "created_at") values (2fb5b0dd-4f0b-4c9e-ae2c-a27050ef1560, ut, exercitationem-laudantium-quod-debitis-enim-explicabo, Quo voluptas dolore cumque., demo, 1, active, draft, 0, 0, 2026-05-31 08:47:56, 2026-06-07 08:47:56, 0, 0, 0, 0, 0, 0, 0, ?, ?, 0, full_membership, a1e8e9d7-5f74-4f81-ace4-0fc5048aa6d9, 2026-05-31 08:47:56, 2026-05-31 08:47:56))[39;22m

  at [32mvendor\laravel\framework\src\Illuminate\Database\Connection.php[39m:[32m825[39m
    821▕                     $this->getName(), $query, $this->prepareBindings($bindings), $e
    822▕                 );
    823▕             }
    824▕ 
  ➜ 825▕             throw new QueryException(
    826▕                 $this->getName(), $query, $this->prepareBindings($bindings), $e
    827▕             );
    828▕         }
    829▕     }

  [33m1   [39m[39;1mvendor\laravel\framework\src\Illuminate\Database\Connection.php[39;22m:[39;1m825[39;22m

  [33m2   [39m[39;1mvendor\laravel\framework\src\Illuminate\Database\Connection.php[39;22m:[39;1m571[39;22m
  [90m    NunoMaduro\Collision\Exceptions\TestException::("SQLSTATE[42703]: Undefined column: 7 FEHLER:  Spalte »state« von Relation »elections« existiert nicht
LINE 1: ...g", "description", "type", "is_active", "status", "state", "...
                                                             ^")[39m

  [31m────────────────────────────────────────────────────────────────────────────────────────────────────────────────────[39m  
  [41;1m FAILED [49;22m [1mTests\Feature\Demo\VotingTimeConfigTest[22m [90m>[39m demo code controller uses config voting time     [41;1m QueryException [49;22m  
[39;1m  SQLSTATE[42703]: Undefined column: 7 FEHLER:  Spalte »state« von Relation »elections« existiert nicht
LINE 1: ...g", "description", "type", "is_active", "status", "state", "...
                                                             ^ (Connection: pgsql, SQL: insert into "elections" ("organisation_id", "name", "slug", "description", "type", "is_active", "status", "state", "administration_completed", "nomination_completed", "start_date", "end_date", "posts_count", "voters_count", "election_committee_members_count", "candidates_count", "pending_candidacies_count", "votes_count", "voting_locked", "voting_starts_at", "voting_ends_at", "results_locked", "voter_source_strategy", "id", "updated_at", "created_at") values (2fb5b0dd-4f0b-4c9e-ae2c-a27050ef1560, nam, et-laborum-est-non-accusamus-enim, Et in expedita et non ea., demo, 1, active, draft, 0, 0, 2026-05-31 08:47:57, 2026-06-07 08:47:57, 0, 0, 0, 0, 0, 0, 0, ?, ?, 0, full_membership, a1e8e9d8-1edb-4c2f-9ffa-8679039743fa, 2026-05-31 08:47:57, 2026-05-31 08:47:57))[39;22m

  at [32mvendor\laravel\framework\src\Illuminate\Database\Connection.php[39m:[32m825[39m
    821▕                     $this->getName(), $query, $this->prepareBindings($bindings), $e
    822▕                 );
    823▕             }
    824▕ 
  ➜ 825▕             throw new QueryException(
    826▕                 $this->getName(), $query, $this->prepareBindings($bindings), $e
    827▕             );
    828▕         }
    829▕     }

  [33m1   [39m[39;1mvendor\laravel\framework\src\Illuminate\Database\Connection.php[39;22m:[39;1m825[39;22m

  [33m2   [39m[39;1mvendor\laravel\framework\src\Illuminate\Database\Connection.php[39;22m:[39;1m571[39;22m
  [90m    NunoMaduro\Collision\Exceptions\TestException::("SQLSTATE[42703]: Undefined column: 7 FEHLER:  Spalte »state« von Relation »elections« existiert nicht
LINE 1: ...g", "description", "type", "is_active", "status", "state", "...
                                                             ^")[39m

  [31m────────────────────────────────────────────────────────────────────────────────────────────────────────────────────[39m  
  [41;1m FAILED [49;22m [1mTests\Feature\Demo\VotingWorkflowIntegrationTest[22m [90m>[39m simple mode no redirect loop            [41;1m QueryException [49;22m  
[39;1m  SQLSTATE[42703]: Undefined column: 7 FEHLER:  Spalte »state« von Relation »elections« existiert nicht
LINE 1: ...g", "description", "type", "is_active", "status", "state", "...
                                                             ^ (Connection: pgsql, SQL: insert into "elections" ("organisation_id", "name", "slug", "description", "type", "is_active", "status", "state", "administration_completed", "nomination_completed", "start_date", "end_date", "posts_count", "voters_count", "election_committee_members_count", "candidates_count", "pending_candidacies_count", "votes_count", "voting_locked", "voting_starts_at", "voting_ends_at", "results_locked", "voter_source_strategy", "id", "updated_at", "created_at") values (2fb5b0dd-4f0b-4c9e-ae2c-a27050ef1560, iste, labore-voluptas-amet-nam-excepturi, Ex sit magnam doloremque autem nostrum esse totam., demo, 1, active, draft, 0, 0, 2026-05-31 08:47:57, 2026-06-07 08:47:57, 0, 0, 0, 0, 0, 0, 0, ?, ?, 0, full_membership, a1e8e9d8-b629-4a15-89a0-f181c2add625, 2026-05-31 08:47:57, 2026-05-31 08:47:57))[39;22m

  at [32mvendor\laravel\framework\src\Illuminate\Database\Connection.php[39m:[32m825[39m
    821▕                     $this->getName(), $query, $this->prepareBindings($bindings), $e
    822▕                 );
    823▕             }
    824▕ 
  ➜ 825▕             throw new QueryException(
    826▕                 $this->getName(), $query, $this->prepareBindings($bindings), $e
    827▕             );
    828▕         }
    829▕     }

  [33m1   [39m[39;1mvendor\laravel\framework\src\Illuminate\Database\Connection.php[39;22m:[39;1m825[39;22m

  [33m2   [39m[39;1mvendor\laravel\framework\src\Illuminate\Database\Connection.php[39;22m:[39;1m571[39;22m
  [90m    NunoMaduro\Collision\Exceptions\TestException::("SQLSTATE[42703]: Undefined column: 7 FEHLER:  Spalte »state« von Relation »elections« existiert nicht
LINE 1: ...g", "description", "type", "is_active", "status", "state", "...
                                                             ^")[39m

  [31m────────────────────────────────────────────────────────────────────────────────────────────────────────────────────[39m  
  [41;1m FAILED [49;22m [1mTests\Feature\Demo\VotingWorkflowIntegrationTest[22m [90m>[39m simple mode complete workflow           [41;1m QueryException [49;22m  
[39;1m  SQLSTATE[42703]: Undefined column: 7 FEHLER:  Spalte »state« von Relation »elections« existiert nicht
LINE 1: ...g", "description", "type", "is_active", "status", "state", "...
                                                             ^ (Connection: pgsql, SQL: insert into "elections" ("organisation_id", "name", "slug", "description", "type", "is_active", "status", "state", "administration_completed", "nomination_completed", "start_date", "end_date", "posts_count", "voters_count", "election_committee_members_count", "candidates_count", "pending_candidacies_count", "votes_count", "voting_locked", "voting_starts_at", "voting_ends_at", "results_locked", "voter_source_strategy", "id", "updated_at", "created_at") values (2fb5b0dd-4f0b-4c9e-ae2c-a27050ef1560, est, velit-unde-ut-quod-beatae-quam, Itaque nam necessitatibus nam facilis fuga quidem., demo, 1, active, draft, 0, 0, 2026-05-31 08:47:58, 2026-06-07 08:47:58, 0, 0, 0, 0, 0, 0, 0, ?, ?, 0, full_membership, a1e8e9d9-2177-41e0-af9b-fb3aaad2ceeb, 2026-05-31 08:47:58, 2026-05-31 08:47:58))[39;22m

  at [32mvendor\laravel\framework\src\Illuminate\Database\Connection.php[39m:[32m825[39m
    821▕                     $this->getName(), $query, $this->prepareBindings($bindings), $e
    822▕                 );
    823▕             }
    824▕ 
  ➜ 825▕             throw new QueryException(
    826▕                 $this->getName(), $query, $this->prepareBindings($bindings), $e
    827▕             );
    828▕         }
    829▕     }

  [33m1   [39m[39;1mvendor\laravel\framework\src\Illuminate\Database\Connection.php[39;22m:[39;1m825[39;22m

  [33m2   [39m[39;1mvendor\laravel\framework\src\Illuminate\Database\Connection.php[39;22m:[39;1m571[39;22m
  [90m    NunoMaduro\Collision\Exceptions\TestException::("SQLSTATE[42703]: Undefined column: 7 FEHLER:  Spalte »state« von Relation »elections« existiert nicht
LINE 1: ...g", "description", "type", "is_active", "status", "state", "...
                                                             ^")[39m

  [31m────────────────────────────────────────────────────────────────────────────────────────────────────────────────────[39m  
  [41;1m FAILED [49;22m [1mTests\Feature\Demo\VotingWorkflowIntegrationTest[22m [90m>[39m simple mode code timeout                [41;1m QueryException [49;22m  
[39;1m  SQLSTATE[42703]: Undefined column: 7 FEHLER:  Spalte »voter_source_strategy« von Relation »elections« existiert nicht
LINE 1: ...g_starts_at", "voting_ends_at", "results_locked", "voter_sou...
                                                             ^ (Connection: pgsql, SQL: insert into "elections" ("organisation_id", "name", "slug", "description", "type", "is_active", "status", "state", "administration_completed", "nomination_completed", "start_date", "end_date", "posts_count", "voters_count", "election_committee_members_count", "candidates_count", "pending_candidacies_count", "votes_count", "voting_locked", "voting_starts_at", "voting_ends_at", "results_locked", "voter_source_strategy", "id", "updated_at", "created_at") values (2fb5b0dd-4f0b-4c9e-ae2c-a27050ef1560, voluptas, id-velit-autem-autem-et-perferendis-odit-autem, Sapiente quo omnis repellat similique commodi., demo, 1, active, draft, 0, 0, 2026-05-31 08:47:58, 2026-06-07 08:47:58, 0, 0, 0, 0, 0, 0, 0, ?, ?, 0, full_membership, a1e8e9d9-95df-4a36-816d-6f811e7971c3, 2026-05-31 08:47:58, 2026-05-31 08:47:58))[39;22m

  at [32mvendor\laravel\framework\src\Illuminate\Database\Connection.php[39m:[32m825[39m
    821▕                     $this->getName(), $query, $this->prepareBindings($bindings), $e
    822▕                 );
    823▕             }
    824▕ 
  ➜ 825▕             throw new QueryException(
    826▕                 $this->getName(), $query, $this->prepareBindings($bindings), $e
    827▕             );
    828▕         }
    829▕     }

  [33m1   [39m[39;1mvendor\laravel\framework\src\Illuminate\Database\Connection.php[39;22m:[39;1m825[39;22m

  [33m2   [39m[39;1mvendor\laravel\framework\src\Illuminate\Database\Connection.php[39;22m:[39;1m571[39;22m
  [90m    NunoMaduro\Collision\Exceptions\TestException::("SQLSTATE[42703]: Undefined column: 7 FEHLER:  Spalte »voter_source_strategy« von Relation »elections« existiert nicht
LINE 1: ...g_starts_at", "voting_ends_at", "results_locked", "voter_sou...
                                                             ^")[39m

  [31m────────────────────────────────────────────────────────────────────────────────────────────────────────────────────[39m  
  [41;1m FAILED [49;22m [1mTests\Feature\Demo\VotingWorkflowIntegrationTest[22m [90m>[39m simple mode single email                [41;1m QueryException [49;22m  
[39;1m  SQLSTATE[42703]: Undefined column: 7 FEHLER:  Spalte »voter_source_strategy« von Relation »elections« existiert nicht
LINE 1: ...g_starts_at", "voting_ends_at", "results_locked", "voter_sou...
                                                             ^ (Connection: pgsql, SQL: insert into "elections" ("organisation_id", "name", "slug", "description", "type", "is_active", "status", "state", "administration_completed", "nomination_completed", "start_date", "end_date", "posts_count", "voters_count", "election_committee_members_count", "candidates_count", "pending_candidacies_count", "votes_count", "voting_locked", "voting_starts_at", "voting_ends_at", "results_locked", "voter_source_strategy", "id", "updated_at", "created_at") values (2fb5b0dd-4f0b-4c9e-ae2c-a27050ef1560, voluptatem, et-voluptatem-sit-rerum-id, Impedit consectetur ea ipsam nemo est culpa magni., demo, 1, active, draft, 0, 0, 2026-05-31 08:47:58, 2026-06-07 08:47:58, 0, 0, 0, 0, 0, 0, 0, ?, ?, 0, full_membership, a1e8e9d9-f8d1-42c0-ab20-e694d2bc268f, 2026-05-31 08:47:58, 2026-05-31 08:47:58))[39;22m

  at [32mvendor\laravel\framework\src\Illuminate\Database\Connection.php[39m:[32m825[39m
    821▕                     $this->getName(), $query, $this->prepareBindings($bindings), $e
    822▕                 );
    823▕             }
    824▕ 
  ➜ 825▕             throw new QueryException(
    826▕                 $this->getName(), $query, $this->prepareBindings($bindings), $e
    827▕             );
    828▕         }
    829▕     }

  [33m1   [39m[39;1mvendor\laravel\framework\src\Illuminate\Database\Connection.php[39;22m:[39;1m825[39;22m

  [33m2   [39m[39;1mvendor\laravel\framework\src\Illuminate\Database\Connection.php[39;22m:[39;1m571[39;22m
  [90m    NunoMaduro\Collision\Exceptions\TestException::("SQLSTATE[42703]: Undefined column: 7 FEHLER:  Spalte »voter_source_strategy« von Relation »elections« existiert nicht
LINE 1: ...g_starts_at", "voting_ends_at", "results_locked", "voter_sou...
                                                             ^")[39m

  [31m────────────────────────────────────────────────────────────────────────────────────────────────────────────────────[39m  
  [41;1m FAILED [49;22m [1mTests\Feature\Demo\VotingWorkflowIntegrationTest[22m [90m>[39m strict mode two code entries            [41;1m QueryException [49;22m  
[39;1m  SQLSTATE[42703]: Undefined column: 7 FEHLER:  Spalte »voter_source_strategy« von Relation »elections« existiert nicht
LINE 1: ...g_starts_at", "voting_ends_at", "results_locked", "voter_sou...
                                                             ^ (Connection: pgsql, SQL: insert into "elections" ("organisation_id", "name", "slug", "description", "type", "is_active", "status", "state", "administration_completed", "nomination_completed", "start_date", "end_date", "posts_count", "voters_count", "election_committee_members_count", "candidates_count", "pending_candidacies_count", "votes_count", "voting_locked", "voting_starts_at", "voting_ends_at", "results_locked", "voter_source_strategy", "id", "updated_at", "created_at") values (2fb5b0dd-4f0b-4c9e-ae2c-a27050ef1560, velit, ipsa-et-inventore-nemo-inventore-soluta, Reiciendis quae ea et molestiae unde., demo, 1, active, draft, 0, 0, 2026-05-31 08:47:58, 2026-06-07 08:47:58, 0, 0, 0, 0, 0, 0, 0, ?, ?, 0, full_membership, a1e8e9da-5eaa-4938-a5f5-b022f47a32e3, 2026-05-31 08:47:58, 2026-05-31 08:47:58))[39;22m

  at [32mvendor\laravel\framework\src\Illuminate\Database\Connection.php[39m:[32m825[39m
    821▕                     $this->getName(), $query, $this->prepareBindings($bindings), $e
    822▕                 );
    823▕             }
    824▕ 
  ➜ 825▕             throw new QueryException(
    826▕                 $this->getName(), $query, $this->prepareBindings($bindings), $e
    827▕             );
    828▕         }
    829▕     }

  [33m1   [39m[39;1mvendor\laravel\framework\src\Illuminate\Database\Connection.php[39;22m:[39;1m825[39;22m

  [33m2   [39m[39;1mvendor\laravel\framework\src\Illuminate\Database\Connection.php[39;22m:[39;1m571[39;22m
  [90m    NunoMaduro\Collision\Exceptions\TestException::("SQLSTATE[42703]: Undefined column: 7 FEHLER:  Spalte »voter_source_strategy« von Relation »elections« existiert nicht
LINE 1: ...g_starts_at", "voting_ends_at", "results_locked", "voter_sou...
                                                             ^")[39m

  [31m────────────────────────────────────────────────────────────────────────────────────────────────────────────────────[39m  
  [41;1m FAILED [49;22m [1mTests\Feature\Demo\VotingWorkflowIntegrationTest[22m [90m>[39m strict mode code2 for voting            [41;1m QueryException [49;22m  
[39;1m  SQLSTATE[42703]: Undefined column: 7 FEHLER:  Spalte »voter_source_strategy« von Relation »elections« existiert nicht
LINE 1: ...g_starts_at", "voting_ends_at", "results_locked", "voter_sou...
                                                             ^ (Connection: pgsql, SQL: insert into "elections" ("organisation_id", "name", "slug", "description", "type", "is_active", "status", "state", "administration_completed", "nomination_completed", "start_date", "end_date", "posts_count", "voters_count", "election_committee_members_count", "candidates_count", "pending_candidacies_count", "votes_count", "voting_locked", "voting_starts_at", "voting_ends_at", "results_locked", "voter_source_strategy", "id", "updated_at", "created_at") values (2fb5b0dd-4f0b-4c9e-ae2c-a27050ef1560, et, facilis-autem-quas-earum-nihil-ut, Tempora debitis eius sit voluptatum id corporis., demo, 1, active, draft, 0, 0, 2026-05-31 08:47:59, 2026-06-07 08:47:59, 0, 0, 0, 0, 0, 0, 0, ?, ?, 0, full_membership, a1e8e9da-c8cb-4d65-8383-e72a919700e0, 2026-05-31 08:47:59, 2026-05-31 08:47:59))[39;22m

  at [32mvendor\laravel\framework\src\Illuminate\Database\Connection.php[39m:[32m825[39m
    821▕                     $this->getName(), $query, $this->prepareBindings($bindings), $e
    822▕                 );
    823▕             }
    824▕ 
  ➜ 825▕             throw new QueryException(
    826▕                 $this->getName(), $query, $this->prepareBindings($bindings), $e
    827▕             );
    828▕         }
    829▕     }

  [33m1   [39m[39;1mvendor\laravel\framework\src\Illuminate\Database\Connection.php[39;22m:[39;1m825[39;22m

  [33m2   [39m[39;1mvendor\laravel\framework\src\Illuminate\Database\Connection.php[39;22m:[39;1m571[39;22m
  [90m    NunoMaduro\Collision\Exceptions\TestException::("SQLSTATE[42703]: Undefined column: 7 FEHLER:  Spalte »voter_source_strategy« von Relation »elections« existiert nicht
LINE 1: ...g_starts_at", "voting_ends_at", "results_locked", "voter_sou...
                                                             ^")[39m

  [31m────────────────────────────────────────────────────────────────────────────────────────────────────────────────────[39m  
  [41;1m FAILED [49;22m [1mTests\Feature\Demo\VotingWorkflowIntegrationTest[22m [90m>[39m code with no usage                      [41;1m QueryException [49;22m  
[39;1m  SQLSTATE[42703]: Undefined column: 7 FEHLER:  Spalte »voter_source_strategy« von Relation »elections« existiert nicht
LINE 1: ...g_starts_at", "voting_ends_at", "results_locked", "voter_sou...
                                                             ^ (Connection: pgsql, SQL: insert into "elections" ("organisation_id", "name", "slug", "description", "type", "is_active", "status", "state", "administration_completed", "nomination_completed", "start_date", "end_date", "posts_count", "voters_count", "election_committee_members_count", "candidates_count", "pending_candidacies_count", "votes_count", "voting_locked", "voting_starts_at", "voting_ends_at", "results_locked", "voter_source_strategy", "id", "updated_at", "created_at") values (2fb5b0dd-4f0b-4c9e-ae2c-a27050ef1560, et, nemo-dolorem-quibusdam-est-qui, Id sint ullam eos illum., demo, 1, active, draft, 0, 0, 2026-05-31 08:47:59, 2026-06-07 08:47:59, 0, 0, 0, 0, 0, 0, 0, ?, ?, 0, full_membership, a1e8e9db-2668-4346-95e6-ca1689265d40, 2026-05-31 08:47:59, 2026-05-31 08:47:59))[39;22m

  at [32mvendor\laravel\framework\src\Illuminate\Database\Connection.php[39m:[32m825[39m
    821▕                     $this->getName(), $query, $this->prepareBindings($bindings), $e
    822▕                 );
    823▕             }
    824▕ 
  ➜ 825▕             throw new QueryException(
    826▕                 $this->getName(), $query, $this->prepareBindings($bindings), $e
    827▕             );
    828▕         }
    829▕     }

  [33m1   [39m[39;1mvendor\laravel\framework\src\Illuminate\Database\Connection.php[39;22m:[39;1m825[39;22m

  [33m2   [39m[39;1mvendor\laravel\framework\src\Illuminate\Database\Connection.php[39;22m:[39;1m571[39;22m
  [90m    NunoMaduro\Collision\Exceptions\TestException::("SQLSTATE[42703]: Undefined column: 7 FEHLER:  Spalte »voter_source_strategy« von Relation »elections« existiert nicht
LINE 1: ...g_starts_at", "voting_ends_at", "results_locked", "voter_sou...
                                                             ^")[39m

  [31m────────────────────────────────────────────────────────────────────────────────────────────────────────────────────[39m  
  [41;1m FAILED [49;22m [1mTests\Feature\Demo\VotingWorkflowIntegrationTest[22m [90m>[39m already voted user cannot revote        [41;1m QueryException [49;22m  
[39;1m  SQLSTATE[42703]: Undefined column: 7 FEHLER:  Spalte »has_code1_sent« von Relation »demo_codes« existiert nicht
LINE 1: ...oting_form_used_at", "code_to_save_vote_used_at", "has_code1...
                                                             ^ (Connection: pgsql, SQL: insert into "demo_codes" ("organisation_id", "election_id", "user_id", "code_to_open_voting_form", "code_to_save_vote", "is_code_to_open_voting_form_usable", "is_code_to_save_vote_usable", "code_to_open_voting_form_used_at", "code_to_save_vote_used_at", "has_code1_sent", "has_code2_sent", "can_vote_now", "has_voted", "voting_time_in_minutes", "client_ip", "id", "updated_at", "created_at") values (a1e8e9db-c6c6-4c3a-9a36-33719461d1a8, a1e8e9db-a696-4c13-8e04-ba0c7d86b26b, a1e8e9db-bfa7-4599-8530-d34797b2db4b, DEMO02APUJBB, DEMOFLLMXDWO, 1, 1, ?, ?, 1, 0, 0, 0, 30, 127.0.0.1, a1e8e9db-c845-4288-ae72-4bc9cbd6c339, 2026-05-31 08:47:59, 2026-05-31 08:47:59))[39;22m

  at [32mvendor\laravel\framework\src\Illuminate\Database\Connection.php[39m:[32m825[39m
    821▕                     $this->getName(), $query, $this->prepareBindings($bindings), $e
    822▕                 );
    823▕             }
    824▕ 
  ➜ 825▕             throw new QueryException(
    826▕                 $this->getName(), $query, $this->prepareBindings($bindings), $e
    827▕             );
    828▕         }
    829▕     }

  [33m1   [39m[39;1mvendor\laravel\framework\src\Illuminate\Database\Connection.php[39;22m:[39;1m825[39;22m

  [33m2   [39m[39;1mvendor\laravel\framework\src\Illuminate\Database\Connection.php[39;22m:[39;1m571[39;22m
  [90m    NunoMaduro\Collision\Exceptions\TestException::("SQLSTATE[42703]: Undefined column: 7 FEHLER:  Spalte »has_code1_sent« von Relation »demo_codes« existiert nicht
LINE 1: ...oting_form_used_at", "code_to_save_vote_used_at", "has_code1...
                                                             ^")[39m

  [31m────────────────────────────────────────────────────────────────────────────────────────────────────────────────────[39m  
  [41;1m FAILED [49;22m [1mTests\Feature\Demo\VotingWorkflowIntegrationTest[22m [90m>[39m can vote now flag blocks voting         [41;1m QueryException [49;22m  
[39;1m  SQLSTATE[42703]: Undefined column: 7 FEHLER:  Spalte »post_name« von Relation »demo_candidacies« existiert nicht
LINE 1: ..."name", "user_name", "position_order", "post_id", "post_name...
                                                             ^ (Connection: pgsql, SQL: insert into "demo_candidacies" ("election_id", "organisation_id", "user_id", "name", "user_name", "position_order", "post_id", "post_name", "post_nepali_name", "id", "updated_at", "created_at") values (a1e8e9dc-598e-4289-87e1-253fcb6b4472, ?, a1e8e9dc-8515-4601-a968-6cd4ef592bdf, Richmond Hane IV, ?, 4, ?, voluptatem non deserunt, voluptatem non deserunt, a1e8e9dc-976b-4912-b541-4496554444d9, 2026-05-31 08:48:00, 2026-05-31 08:48:00))[39;22m

  at [32mvendor\laravel\framework\src\Illuminate\Database\Connection.php[39m:[32m825[39m
    821▕                     $this->getName(), $query, $this->prepareBindings($bindings), $e
    822▕                 );
    823▕             }
    824▕ 
  ➜ 825▕             throw new QueryException(
    826▕                 $this->getName(), $query, $this->prepareBindings($bindings), $e
    827▕             );
    828▕         }
    829▕     }

  [33m1   [39m[39;1mvendor\laravel\framework\src\Illuminate\Database\Connection.php[39;22m:[39;1m825[39;22m

  [33m2   [39m[39;1mvendor\laravel\framework\src\Illuminate\Database\Connection.php[39;22m:[39;1m571[39;22m
  [90m    NunoMaduro\Collision\Exceptions\TestException::("SQLSTATE[42703]: Undefined column: 7 FEHLER:  Spalte »post_name« von Relation »demo_candidacies« existiert nicht
LINE 1: ..."name", "user_name", "position_order", "post_id", "post_name...
                                                             ^")[39m

  [31m────────────────────────────────────────────────────────────────────────────────────────────────────────────────────[39m  
  [41;1m FAILED [49;22m [1mTests\Feature\Demo\VotingWorkflowIntegrationTest[22m [90m>[39m code to open voting form used at never… [41;1m QueryException [49;22m  
[39;1m  SQLSTATE[42703]: Undefined column: 7 FEHLER:  Spalte »post_name« von Relation »demo_candidacies« existiert nicht
LINE 1: ..."name", "user_name", "position_order", "post_id", "post_name...
                                                             ^ (Connection: pgsql, SQL: insert into "demo_candidacies" ("election_id", "organisation_id", "user_id", "name", "user_name", "position_order", "post_id", "post_name", "post_nepali_name", "id", "updated_at", "created_at") values (a1e8e9dc-f64f-4b38-b841-0adb50a41586, ?, a1e8e9dd-23e0-4242-9db5-136aa79a6b5a, George Pagac, ?, 9, ?, odit quas dolore, odit quas dolore, a1e8e9dd-3be6-4dcb-ac84-d5726f4f43f2, 2026-05-31 08:48:00, 2026-05-31 08:48:00))[39;22m

  at [32mvendor\laravel\framework\src\Illuminate\Database\Connection.php[39m:[32m825[39m
    821▕                     $this->getName(), $query, $this->prepareBindings($bindings), $e
    822▕                 );
    823▕             }
    824▕ 
  ➜ 825▕             throw new QueryException(
    826▕                 $this->getName(), $query, $this->prepareBindings($bindings), $e
    827▕             );
    828▕         }
    829▕     }

  [33m1   [39m[39;1mvendor\laravel\framework\src\Illuminate\Database\Connection.php[39;22m:[39;1m825[39;22m

  [33m2   [39m[39;1mvendor\laravel\framework\src\Illuminate\Database\Connection.php[39;22m:[39;1m571[39;22m
  [90m    NunoMaduro\Collision\Exceptions\TestException::("SQLSTATE[42703]: Undefined column: 7 FEHLER:  Spalte »post_name« von Relation »demo_candidacies« existiert nicht
LINE 1: ..."name", "user_name", "position_order", "post_id", "post_name...
                                                             ^")[39m

  [31m────────────────────────────────────────────────────────────────────────────────────────────────────────────────────[39m  
  [41;1m FAILED [49;22m [1mTests\Feature\Demo\VotingWorkflowIntegrationTest[22m [90m>[39m code to save vote used at matches vote… [41;1m QueryException [49;22m  
[39;1m  SQLSTATE[42703]: Undefined column: 7 FEHLER:  Spalte »post_name« von Relation »demo_candidacies« existiert nicht
LINE 1: ..."name", "user_name", "position_order", "post_id", "post_name...
                                                             ^ (Connection: pgsql, SQL: insert into "demo_candidacies" ("election_id", "organisation_id", "user_id", "name", "user_name", "position_order", "post_id", "post_name", "post_nepali_name", "id", "updated_at", "created_at") values (a1e8e9dd-ea15-46c0-80d4-96031390baea, ?, a1e8e9de-1d5f-46c0-809b-a59057260ee0, Yasmin Witting, ?, 8, ?, deleniti sit qui, deleniti sit qui, a1e8e9de-3183-417b-b5e6-a44166113b80, 2026-05-31 08:48:01, 2026-05-31 08:48:01))[39;22m

  at [32mvendor\laravel\framework\src\Illuminate\Database\Connection.php[39m:[32m825[39m
    821▕                     $this->getName(), $query, $this->prepareBindings($bindings), $e
    822▕                 );
    823▕             }
    824▕ 
  ➜ 825▕             throw new QueryException(
    826▕                 $this->getName(), $query, $this->prepareBindings($bindings), $e
    827▕             );
    828▕         }
    829▕     }

  [33m1   [39m[39;1mvendor\laravel\framework\src\Illuminate\Database\Connection.php[39;22m:[39;1m825[39;22m

  [33m2   [39m[39;1mvendor\laravel\framework\src\Illuminate\Database\Connection.php[39;22m:[39;1m571[39;22m
  [90m    NunoMaduro\Collision\Exceptions\TestException::("SQLSTATE[42703]: Undefined column: 7 FEHLER:  Spalte »post_name« von Relation »demo_candidacies« existiert nicht
LINE 1: ..."name", "user_name", "position_order", "post_id", "post_name...
                                                             ^")[39m

  [31m────────────────────────────────────────────────────────────────────────────────────────────────────────────────────[39m  
  [41;1m FAILED [49;22m [1mTests\Feature\Demo\VotingWorkflowIntegrationTest[22m [90m>[39m can vote now state transitions          [41;1m QueryException [49;22m  
[39;1m  SQLSTATE[42703]: Undefined column: 7 FEHLER:  Spalte »post_name« von Relation »demo_candidacies« existiert nicht
LINE 1: ..."name", "user_name", "position_order", "post_id", "post_name...
                                                             ^ (Connection: pgsql, SQL: insert into "demo_candidacies" ("election_id", "organisation_id", "user_id", "name", "user_name", "position_order", "post_id", "post_name", "post_nepali_name", "id", "updated_at", "created_at") values (a1e8e9de-a996-449d-afdd-37aaaf7c6281, ?, a1e8e9de-dc75-4479-a372-898b86d5286f, Dr. Ike Gusikowski, ?, 9, ?, ex occaecati doloribus, ex occaecati doloribus, a1e8e9de-f425-4d0e-9c58-efb582a55323, 2026-05-31 08:48:01, 2026-05-31 08:48:01))[39;22m

  at [32mvendor\laravel\framework\src\Illuminate\Database\Connection.php[39m:[32m825[39m
    821▕                     $this->getName(), $query, $this->prepareBindings($bindings), $e
    822▕                 );
    823▕             }
    824▕ 
  ➜ 825▕             throw new QueryException(
    826▕                 $this->getName(), $query, $this->prepareBindings($bindings), $e
    827▕             );
    828▕         }
    829▕     }

  [33m1   [39m[39;1mvendor\laravel\framework\src\Illuminate\Database\Connection.php[39;22m:[39;1m825[39;22m

  [33m2   [39m[39;1mvendor\laravel\framework\src\Illuminate\Database\Connection.php[39;22m:[39;1m571[39;22m
  [90m    NunoMaduro\Collision\Exceptions\TestException::("SQLSTATE[42703]: Undefined column: 7 FEHLER:  Spalte »post_name« von Relation »demo_candidacies« existiert nicht
LINE 1: ..."name", "user_name", "position_order", "post_id", "post_name...
                                                             ^")[39m

  [31m────────────────────────────────────────────────────────────────────────────────────────────────────────────────────[39m  
  [41;1m FAILED [49;22m [1mTests\Feature\Demo\VotingWorkflowIntegrationTest[22m [90m>[39m both modes handle timeout same          [41;1m QueryException [49;22m  
[39;1m  SQLSTATE[42703]: Undefined column: 7 FEHLER:  Spalte »post_name« von Relation »demo_candidacies« existiert nicht
LINE 1: ..."name", "user_name", "position_order", "post_id", "post_name...
                                                             ^ (Connection: pgsql, SQL: insert into "demo_candidacies" ("election_id", "organisation_id", "user_id", "name", "user_name", "position_order", "post_id", "post_name", "post_nepali_name", "id", "updated_at", "created_at") values (a1e8e9df-93f9-48b7-81a7-a7f143be38af, ?, a1e8e9df-cdeb-442a-8893-91494697ce37, Reagan Padberg, ?, 1, ?, facere velit voluptas, facere velit voluptas, a1e8e9df-eddc-4b2e-859d-a507a88e3189, 2026-05-31 08:48:02, 2026-05-31 08:48:02))[39;22m

  at [32mvendor\laravel\framework\src\Illuminate\Database\Connection.php[39m:[32m825[39m
    821▕                     $this->getName(), $query, $this->prepareBindings($bindings), $e
    822▕                 );
    823▕             }
    824▕ 
  ➜ 825▕             throw new QueryException(
    826▕                 $this->getName(), $query, $this->prepareBindings($bindings), $e
    827▕             );
    828▕         }
    829▕     }

  [33m1   [39m[39;1mvendor\laravel\framework\src\Illuminate\Database\Connection.php[39;22m:[39;1m825[39;22m

  [33m2   [39m[39;1mvendor\laravel\framework\src\Illuminate\Database\Connection.php[39;22m:[39;1m571[39;22m
  [90m    NunoMaduro\Collision\Exceptions\TestException::("SQLSTATE[42703]: Undefined column: 7 FEHLER:  Spalte »post_name« von Relation »demo_candidacies« existiert nicht
LINE 1: ..."name", "user_name", "position_order", "post_id", "post_name...
                                                             ^")[39m

  [31m────────────────────────────────────────────────────────────────────────────────────────────────────────────────────[39m  
  [41;1m FAILED [49;22m [1mTests\Feature\DoubleVoteDebugTest[22m [90m>[39m debug double vote scenario                             [41;1m QueryException [49;22m  
[39;1m  SQLSTATE[42703]: Undefined column: 7 FEHLER:  Spalte »is_voter« von Relation »users« existiert nicht
LINE 1: ...egion", "organisation_id", "is_committee_member", "is_voter"...
                                                             ^ (Connection: pgsql, SQL: insert into "users" ("name", "email", "email_verified_at", "password", "remember_token", "region", "organisation_id", "is_committee_member", "is_voter", "can_vote", "has_voted", "id", "updated_at", "created_at") values (Darwin Simonis, crystel97@example.net, 2026-05-31 08:48:03, $2y$10$92IXUNpkjO0rOQ5byMi.Ye4oKoEa3Ro9llC/.og/at2.uheWG/igi, ymfZxU5pnC, New Jersey, 2fb5b0dd-4f0b-4c9e-ae2c-a27050ef1560, 0, 1, 1, 0, a1e8e9e0-c457-444e-985c-67ab572be580, 2026-05-31 08:48:03, 2026-05-31 08:48:03))[39;22m

  at [32mvendor\laravel\framework\src\Illuminate\Database\Connection.php[39m:[32m825[39m
    821▕                     $this->getName(), $query, $this->prepareBindings($bindings), $e
    822▕                 );
    823▕             }
    824▕ 
  ➜ 825▕             throw new QueryException(
    826▕                 $this->getName(), $query, $this->prepareBindings($bindings), $e
    827▕             );
    828▕         }
    829▕     }

  [33m1   [39m[39;1mvendor\laravel\framework\src\Illuminate\Database\Connection.php[39;22m:[39;1m825[39;22m

  [33m2   [39m[39;1mvendor\laravel\framework\src\Illuminate\Database\Connection.php[39;22m:[39;1m571[39;22m
  [90m    NunoMaduro\Collision\Exceptions\TestException::("SQLSTATE[42703]: Undefined column: 7 FEHLER:  Spalte »is_voter« von Relation »users« existiert nicht
LINE 1: ...egion", "organisation_id", "is_committee_member", "is_voter"...
                                                             ^")[39m

  [31m────────────────────────────────────────────────────────────────────────────────────────────────────────────────────[39m  
  [41;1m FAILED [49;22m [1mTests\Feature\DoubleVoteDebugTest[22m [90m>[39m has voted flag effect                                  [41;1m QueryException [49;22m  
[39;1m  SQLSTATE[42703]: Undefined column: 7 FEHLER:  Spalte »is_voter« von Relation »users« existiert nicht
LINE 1: ...egion", "organisation_id", "is_committee_member", "is_voter"...
                                                             ^ (Connection: pgsql, SQL: insert into "users" ("name", "email", "email_verified_at", "password", "remember_token", "region", "organisation_id", "is_committee_member", "is_voter", "can_vote", "has_voted", "id", "updated_at", "created_at") values (Mrs. Katlyn Graham II, hane.sherwood@example.org, 2026-05-31 08:48:03, $2y$10$92IXUNpkjO0rOQ5byMi.Ye4oKoEa3Ro9llC/.og/at2.uheWG/igi, gW4CmuskHV, Wyoming, 2fb5b0dd-4f0b-4c9e-ae2c-a27050ef1560, 0, 1, 1, 0, a1e8e9e1-4bed-4c2d-aa20-4f2a922c8005, 2026-05-31 08:48:03, 2026-05-31 08:48:03))[39;22m

  at [32mvendor\laravel\framework\src\Illuminate\Database\Connection.php[39m:[32m825[39m
    821▕                     $this->getName(), $query, $this->prepareBindings($bindings), $e
    822▕                 );
    823▕             }
    824▕ 
  ➜ 825▕             throw new QueryException(
    826▕                 $this->getName(), $query, $this->prepareBindings($bindings), $e
    827▕             );
    828▕         }
    829▕     }

  [33m1   [39m[39;1mvendor\laravel\framework\src\Illuminate\Database\Connection.php[39;22m:[39;1m825[39;22m

  [33m2   [39m[39;1mvendor\laravel\framework\src\Illuminate\Database\Connection.php[39;22m:[39;1m571[39;22m
  [90m    NunoMaduro\Collision\Exceptions\TestException::("SQLSTATE[42703]: Undefined column: 7 FEHLER:  Spalte »is_voter« von Relation »users« existiert nicht
LINE 1: ...egion", "organisation_id", "is_committee_member", "is_voter"...
                                                             ^")[39m

  [31m────────────────────────────────────────────────────────────────────────────────────────────────────────────────────[39m  
  [41;1m FAILED [49;22m [1mTests\Feature\ElectionCandidacyRelationshipTest[22m [90m>[39m candidacy can be created with election…  [41;1m QueryException [49;22m  
[39;1m  SQLSTATE[22P02]: Invalid text representation: 7 FEHLER:  ungültige Eingabesyntax für Typ uuid: »POST001«
CONTEXT:  unbenanntes Portal Parameter $1 = '...' (Connection: pgsql, SQL: insert into "candidacies" ("post_id", "user_id", "position_order", "id", "organisation_id", "updated_at", "created_at") values (POST001, user_123, 1, a1e8e9e7-8e43-4ee6-ae23-999b423bb08a, ?, 2026-05-31 08:48:07, 2026-05-31 08:48:07))[39;22m

  at [32mvendor\laravel\framework\src\Illuminate\Database\Connection.php[39m:[32m825[39m
    821▕                     $this->getName(), $query, $this->prepareBindings($bindings), $e
    822▕                 );
    823▕             }
    824▕ 
  ➜ 825▕             throw new QueryException(
    826▕                 $this->getName(), $query, $this->prepareBindings($bindings), $e
    827▕             );
    828▕         }
    829▕     }

  [33m1   [39m[39;1mvendor\laravel\framework\src\Illuminate\Database\Connection.php[39;22m:[39;1m825[39;22m

  [33m2   [39m[39;1mvendor\laravel\framework\src\Illuminate\Database\Connection.php[39;22m:[39;1m571[39;22m
  [90m    NunoMaduro\Collision\Exceptions\TestException::("SQLSTATE[22P02]: Invalid text representation: 7 FEHLER:  ungültige Eingabesyntax für Typ uuid: »POST001«
CONTEXT:  unbenanntes Portal Parameter $1 = '...'")[39m

  [31m────────────────────────────────────────────────────────────────────────────────────────────────────────────────────[39m  
  [41;1m FAILED [49;22m [1mTests\Feature\ElectionCandidacyRelationshipTest[22m [90m>[39m candidacy belongs to election            [41;1m QueryException [49;22m  
[39;1m  SQLSTATE[22P02]: Invalid text representation: 7 FEHLER:  ungültige Eingabesyntax für Typ uuid: »POST002«
CONTEXT:  unbenanntes Portal Parameter $1 = '...' (Connection: pgsql, SQL: insert into "candidacies" ("post_id", "user_id", "position_order", "id", "organisation_id", "updated_at", "created_at") values (POST002, user_124, 1, a1e8e9e8-53e0-4583-bbff-4d40e480d423, ?, 2026-05-31 08:48:08, 2026-05-31 08:48:08))[39;22m

  at [32mvendor\laravel\framework\src\Illuminate\Database\Connection.php[39m:[32m825[39m
    821▕                     $this->getName(), $query, $this->prepareBindings($bindings), $e
    822▕                 );
    823▕             }
    824▕ 
  ➜ 825▕             throw new QueryException(
    826▕                 $this->getName(), $query, $this->prepareBindings($bindings), $e
    827▕             );
    828▕         }
    829▕     }

  [33m1   [39m[39;1mvendor\laravel\framework\src\Illuminate\Database\Connection.php[39;22m:[39;1m825[39;22m

  [33m2   [39m[39;1mvendor\laravel\framework\src\Illuminate\Database\Connection.php[39;22m:[39;1m571[39;22m
  [90m    NunoMaduro\Collision\Exceptions\TestException::("SQLSTATE[22P02]: Invalid text representation: 7 FEHLER:  ungültige Eingabesyntax für Typ uuid: »POST002«
CONTEXT:  unbenanntes Portal Parameter $1 = '...'")[39m

  [31m────────────────────────────────────────────────────────────────────────────────────────────────────────────────────[39m  
  [41;1m FAILED [49;22m [1mTests\Feature\ElectionCandidacyRelationshipTest[22m [90m>[39m election has many candidacies            [41;1m QueryException [49;22m  
[39;1m  SQLSTATE[22P02]: Invalid text representation: 7 FEHLER:  ungültige Eingabesyntax für Typ uuid: »POST003«
CONTEXT:  unbenanntes Portal Parameter $1 = '...' (Connection: pgsql, SQL: insert into "candidacies" ("post_id", "user_id", "position_order", "id", "organisation_id", "updated_at", "created_at") values (POST003, user_125, 1, a1e8e9e8-f9dd-4723-94da-420da0aa74bb, ?, 2026-05-31 08:48:08, 2026-05-31 08:48:08))[39;22m

  at [32mvendor\laravel\framework\src\Illuminate\Database\Connection.php[39m:[32m825[39m
    821▕                     $this->getName(), $query, $this->prepareBindings($bindings), $e
    822▕                 );
    823▕             }
    824▕ 
  ➜ 825▕             throw new QueryException(
    826▕                 $this->getName(), $query, $this->prepareBindings($bindings), $e
    827▕             );
    828▕         }
    829▕     }

  [33m1   [39m[39;1mvendor\laravel\framework\src\Illuminate\Database\Connection.php[39;22m:[39;1m825[39;22m

  [33m2   [39m[39;1mvendor\laravel\framework\src\Illuminate\Database\Connection.php[39;22m:[39;1m571[39;22m
  [90m    NunoMaduro\Collision\Exceptions\TestException::("SQLSTATE[22P02]: Invalid text representation: 7 FEHLER:  ungültige Eingabesyntax für Typ uuid: »POST003«
CONTEXT:  unbenanntes Portal Parameter $1 = '...'")[39m

  [31m────────────────────────────────────────────────────────────────────────────────────────────────────────────────────[39m  
  [41;1m FAILED [49;22m [1mTests\Feature\ElectionCandidacyRelationshipTest[22m [90m>[39m different elections have independent ca… [41;1m QueryException [49;22m  
[39;1m  SQLSTATE[22P02]: Invalid text representation: 7 FEHLER:  ungültige Eingabesyntax für Typ uuid: »POST005«
CONTEXT:  unbenanntes Portal Parameter $1 = '...' (Connection: pgsql, SQL: insert into "candidacies" ("post_id", "user_id", "position_order", "id", "organisation_id", "updated_at", "created_at") values (POST005, user_127, 1, a1e8e9e9-9ac3-4bb4-9276-7600e90f2013, ?, 2026-05-31 08:48:08, 2026-05-31 08:48:08))[39;22m

  at [32mvendor\laravel\framework\src\Illuminate\Database\Connection.php[39m:[32m825[39m
    821▕                     $this->getName(), $query, $this->prepareBindings($bindings), $e
    822▕                 );
    823▕             }
    824▕ 
  ➜ 825▕             throw new QueryException(
    826▕                 $this->getName(), $query, $this->prepareBindings($bindings), $e
    827▕             );
    828▕         }
    829▕     }

  [33m1   [39m[39;1mvendor\laravel\framework\src\Illuminate\Database\Connection.php[39;22m:[39;1m825[39;22m

  [33m2   [39m[39;1mvendor\laravel\framework\src\Illuminate\Database\Connection.php[39;22m:[39;1m571[39;22m
  [90m    NunoMaduro\Collision\Exceptions\TestException::("SQLSTATE[22P02]: Invalid text representation: 7 FEHLER:  ungültige Eingabesyntax für Typ uuid: »POST005«
CONTEXT:  unbenanntes Portal Parameter $1 = '...'")[39m

  [31m────────────────────────────────────────────────────────────────────────────────────────────────────────────────────[39m  
  [41;1m FAILED [49;22m [1mTests\Feature\ElectionCandidacyRelationshipTest[22m [90m>[39m candidacy election id is fillable        [41;1m QueryException [49;22m  
[39;1m  SQLSTATE[22P02]: Invalid text representation: 7 FEHLER:  ungültige Eingabesyntax für Typ uuid: »POST001«
CONTEXT:  unbenanntes Portal Parameter $1 = '...' (Connection: pgsql, SQL: insert into "candidacies" ("post_id", "user_id", "position_order", "id", "organisation_id", "updated_at", "created_at") values (POST001, user_123, 1, a1e8e9ea-22da-4d30-aba3-f15154759f1d, ?, 2026-05-31 08:48:09, 2026-05-31 08:48:09))[39;22m

  at [32mvendor\laravel\framework\src\Illuminate\Database\Connection.php[39m:[32m825[39m
    821▕                     $this->getName(), $query, $this->prepareBindings($bindings), $e
    822▕                 );
    823▕             }
    824▕ 
  ➜ 825▕             throw new QueryException(
    826▕                 $this->getName(), $query, $this->prepareBindings($bindings), $e
    827▕             );
    828▕         }
    829▕     }

  [33m1   [39m[39;1mvendor\laravel\framework\src\Illuminate\Database\Connection.php[39;22m:[39;1m825[39;22m

  [33m2   [39m[39;1mvendor\laravel\framework\src\Illuminate\Database\Connection.php[39;22m:[39;1m571[39;22m
  [90m    NunoMaduro\Collision\Exceptions\TestException::("SQLSTATE[22P02]: Invalid text representation: 7 FEHLER:  ungültige Eingabesyntax für Typ uuid: »POST001«
CONTEXT:  unbenanntes Portal Parameter $1 = '...'")[39m

  [31m────────────────────────────────────────────────────────────────────────────────────────────────────────────────────[39m  
  [41;1m FAILED [49;22m [1mTests\Feature\ElectionCandidacyRelationshipTest[22m [90m>[39m deleting election cascades to candidaci… [41;1m QueryException [49;22m  
[39;1m  SQLSTATE[22P02]: Invalid text representation: 7 FEHLER:  ungültige Eingabesyntax für Typ uuid: »POST007«
CONTEXT:  unbenanntes Portal Parameter $1 = '...' (Connection: pgsql, SQL: insert into "candidacies" ("post_id", "user_id", "position_order", "id", "organisation_id", "updated_at", "created_at") values (POST007, user_129, 1, a1e8e9ea-c837-4036-8a49-b681e72a8932, ?, 2026-05-31 08:48:09, 2026-05-31 08:48:09))[39;22m

  at [32mvendor\laravel\framework\src\Illuminate\Database\Connection.php[39m:[32m825[39m
    821▕                     $this->getName(), $query, $this->prepareBindings($bindings), $e
    822▕                 );
    823▕             }
    824▕ 
  ➜ 825▕             throw new QueryException(
    826▕                 $this->getName(), $query, $this->prepareBindings($bindings), $e
    827▕             );
    828▕         }
    829▕     }

  [33m1   [39m[39;1mvendor\laravel\framework\src\Illuminate\Database\Connection.php[39;22m:[39;1m825[39;22m

  [33m2   [39m[39;1mvendor\laravel\framework\src\Illuminate\Database\Connection.php[39;22m:[39;1m571[39;22m
  [90m    NunoMaduro\Collision\Exceptions\TestException::("SQLSTATE[22P02]: Invalid text representation: 7 FEHLER:  ungültige Eingabesyntax für Typ uuid: »POST007«
CONTEXT:  unbenanntes Portal Parameter $1 = '...'")[39m

  [31m────────────────────────────────────────────────────────────────────────────────────────────────────────────────────[39m  
  [41;1m FAILED [49;22m [1mTests\Feature\ElectionCandidacyRelationshipTest[22m [90m>[39m demo candidate can be created with election id    [41;1m Error [49;22m  
[39;1m  Class "App\Models\DemoCandidate" not found[39;22m

  at [32mtests\Feature\ElectionCandidacyRelationshipTest.php[39m:[32m167[39m
    163▕     public function test_demo_candidate_can_be_created_with_election_id()
    164▕     {
    165▕         $election = Election::factory()->demo()->create();
    166▕ 
  ➜ 167▕         $candidate = DemoCandidate::factory()->forElection($election)->create();
    168▕ 
    169▕         $this->assertNotNull($candidate->election_id);
    170▕         $this->assertEquals($election->id, $candidate->election_id);
    171▕     }

  [33m1   [39m[39;1mtests\Feature\ElectionCandidacyRelationshipTest.php[39;22m:[39;1m167[39;22m

  [31m────────────────────────────────────────────────────────────────────────────────────────────────────────────────────[39m  
  [41;1m FAILED [49;22m [1mTests\Feature\ElectionCandidacyRelationshipTest[22m [90m>[39m demo candidate belongs to election                [41;1m Error [49;22m  
[39;1m  Class "App\Models\DemoCandidate" not found[39;22m

  at [32mtests\Feature\ElectionCandidacyRelationshipTest.php[39m:[32m180[39m
    176▕     public function test_demo_candidate_belongs_to_election()
    177▕     {
    178▕         $election = Election::factory()->demo()->create();
    179▕ 
  ➜ 180▕         $candidate = DemoCandidate::factory()->forElection($election)->create();
    181▕ 
    182▕         $this->assertTrue($candidate->election()->exists());
    183▕         $this->assertEquals($election->id, $candidate->election->id);
    184▕     }

  [33m1   [39m[39;1mtests\Feature\ElectionCandidacyRelationshipTest.php[39;22m:[39;1m180[39;22m

  [31m────────────────────────────────────────────────────────────────────────────────────────────────────────────────────[39m  
  [41;1m FAILED [49;22m [1mTests\Feature\ElectionCandidacyRelationshipTest[22m [90m>[39m real and demo candidates scoped by elec… [41;1m QueryException [49;22m  
[39;1m  SQLSTATE[22P02]: Invalid text representation: 7 FEHLER:  ungültige Eingabesyntax für Typ uuid: »POST008«
CONTEXT:  unbenanntes Portal Parameter $1 = '...' (Connection: pgsql, SQL: insert into "candidacies" ("post_id", "user_id", "position_order", "id", "organisation_id", "updated_at", "created_at") values (POST008, user_130, 1, a1e8e9ec-9b31-4157-ab92-89d780486c30, ?, 2026-05-31 08:48:10, 2026-05-31 08:48:10))[39;22m

  at [32mvendor\laravel\framework\src\Illuminate\Database\Connection.php[39m:[32m825[39m
    821▕                     $this->getName(), $query, $this->prepareBindings($bindings), $e
    822▕                 );
    823▕             }
    824▕ 
  ➜ 825▕             throw new QueryException(
    826▕                 $this->getName(), $query, $this->prepareBindings($bindings), $e
    827▕             );
    828▕         }
    829▕     }

  [33m1   [39m[39;1mvendor\laravel\framework\src\Illuminate\Database\Connection.php[39;22m:[39;1m825[39;22m

  [33m2   [39m[39;1mvendor\laravel\framework\src\Illuminate\Database\Connection.php[39;22m:[39;1m571[39;22m
  [90m    NunoMaduro\Collision\Exceptions\TestException::("SQLSTATE[22P02]: Invalid text representation: 7 FEHLER:  ungültige Eingabesyntax für Typ uuid: »POST008«
CONTEXT:  unbenanntes Portal Parameter $1 = '...'")[39m

  [31m────────────────────────────────────────────────────────────────────────────────────────────────────────────────────[39m  
  [41;1m FAILED [49;22m [1mTests\Feature\ElectionIdPositionOrderTest[22m [90m>[39m posts have election id set                     [41;1m QueryException [49;22m  
[39;1m  SQLSTATE[23502]: Not null violation: 7 FEHLER:  NULL-Wert in Spalte »organisation_id« von Relation »posts« verletzt Not-Null-Constraint
DETAIL:  Fehlgeschlagene Zeile enthält (a1e8e9ed-497e-4c0a-98e2-dba07464a1a4, null, a1e8e9ed-2bd3-40ea-a533-ddd9f9e873f4, President, , t, null, 1, null, 2026-05-31 08:48:11, 2026-05-31 08:48:11, null). (Connection: pgsql, SQL: insert into "posts" ("name", "nepali_name", "required_number", "election_id", "id", "organisation_id", "updated_at", "created_at") values (President, , 1, a1e8e9ed-2bd3-40ea-a533-ddd9f9e873f4, a1e8e9ed-497e-4c0a-98e2-dba07464a1a4, ?, 2026-05-31 08:48:11, 2026-05-31 08:48:11))[39;22m

  at [32mvendor\laravel\framework\src\Illuminate\Database\Connection.php[39m:[32m825[39m
    821▕                     $this->getName(), $query, $this->prepareBindings($bindings), $e
    822▕                 );
    823▕             }
    824▕ 
  ➜ 825▕             throw new QueryException(
    826▕                 $this->getName(), $query, $this->prepareBindings($bindings), $e
    827▕             );
    828▕         }
    829▕     }

  [33m1   [39m[39;1mvendor\laravel\framework\src\Illuminate\Database\Connection.php[39;22m:[39;1m825[39;22m

  [33m2   [39m[39;1mvendor\laravel\framework\src\Illuminate\Database\Connection.php[39;22m:[39;1m571[39;22m
  [90m    NunoMaduro\Collision\Exceptions\TestException::("SQLSTATE[23502]: Not null violation: 7 FEHLER:  NULL-Wert in Spalte »organisation_id« von Relation »posts« verletzt Not-Null-Constraint
DETAIL:  Fehlgeschlagene Zeile enthält (a1e8e9ed-497e-4c0a-98e2-dba07464a1a4, null, a1e8e9ed-2bd3-40ea-a533-ddd9f9e873f4, President, , t, null, 1, null, 2026-05-31 08:48:11, 2026-05-31 08:48:11, null).")[39m

  [31m────────────────────────────────────────────────────────────────────────────────────────────────────────────────────[39m  
  [41;1m FAILED [49;22m [1mTests\Feature\ElectionIdPositionOrderTest[22m [90m>[39m candidacies have election id set               [41;1m QueryException [49;22m  
[39;1m  SQLSTATE[23502]: Not null violation: 7 FEHLER:  NULL-Wert in Spalte »organisation_id« von Relation »posts« verletzt Not-Null-Constraint
DETAIL:  Fehlgeschlagene Zeile enthält (a1e8e9ed-d025-42a0-b4a9-360f14dd3885, null, a1e8e9ed-b1ac-4910-bcf7-a54d708454f7, President, , t, null, 1, null, 2026-05-31 08:48:11, 2026-05-31 08:48:11, null). (Connection: pgsql, SQL: insert into "posts" ("name", "nepali_name", "required_number", "election_id", "id", "organisation_id", "updated_at", "created_at") values (President, , 1, a1e8e9ed-b1ac-4910-bcf7-a54d708454f7, a1e8e9ed-d025-42a0-b4a9-360f14dd3885, ?, 2026-05-31 08:48:11, 2026-05-31 08:48:11))[39;22m

  at [32mvendor\laravel\framework\src\Illuminate\Database\Connection.php[39m:[32m825[39m
    821▕                     $this->getName(), $query, $this->prepareBindings($bindings), $e
    822▕                 );
    823▕             }
    824▕ 
  ➜ 825▕             throw new QueryException(
    826▕                 $this->getName(), $query, $this->prepareBindings($bindings), $e
    827▕             );
    828▕         }
    829▕     }

  [33m1   [39m[39;1mvendor\laravel\framework\src\Illuminate\Database\Connection.php[39;22m:[39;1m825[39;22m

  [33m2   [39m[39;1mvendor\laravel\framework\src\Illuminate\Database\Connection.php[39;22m:[39;1m571[39;22m
  [90m    NunoMaduro\Collision\Exceptions\TestException::("SQLSTATE[23502]: Not null violation: 7 FEHLER:  NULL-Wert in Spalte »organisation_id« von Relation »posts« verletzt Not-Null-Constraint
DETAIL:  Fehlgeschlagene Zeile enthält (a1e8e9ed-d025-42a0-b4a9-360f14dd3885, null, a1e8e9ed-b1ac-4910-bcf7-a54d708454f7, President, , t, null, 1, null, 2026-05-31 08:48:11, 2026-05-31 08:48:11, null).")[39m

  [31m────────────────────────────────────────────────────────────────────────────────────────────────────────────────────[39m  
  [41;1m FAILED [49;22m [1mTests\Feature\ElectionIdPositionOrderTest[22m [90m>[39m query posts by election id filters correctly   [41;1m QueryException [49;22m  
[39;1m  SQLSTATE[23502]: Not null violation: 7 FEHLER:  NULL-Wert in Spalte »organisation_id« von Relation »posts« verletzt Not-Null-Constraint
DETAIL:  Fehlgeschlagene Zeile enthält (a1e8e9ee-60d8-44e0-a11b-f4ab4d3e3a3b, null, a1e8e9ee-44d3-4a1d-8c64-64cd4ab014ba, Real President, , t, null, 1, null, 2026-05-31 08:48:11, 2026-05-31 08:48:11, null). (Connection: pgsql, SQL: insert into "posts" ("name", "nepali_name", "required_number", "election_id", "id", "organisation_id", "updated_at", "created_at") values (Real President, , 1, a1e8e9ee-44d3-4a1d-8c64-64cd4ab014ba, a1e8e9ee-60d8-44e0-a11b-f4ab4d3e3a3b, ?, 2026-05-31 08:48:11, 2026-05-31 08:48:11))[39;22m

  at [32mvendor\laravel\framework\src\Illuminate\Database\Connection.php[39m:[32m825[39m
    821▕                     $this->getName(), $query, $this->prepareBindings($bindings), $e
    822▕                 );
    823▕             }
    824▕ 
  ➜ 825▕             throw new QueryException(
    826▕                 $this->getName(), $query, $this->prepareBindings($bindings), $e
    827▕             );
    828▕         }
    829▕     }

  [33m1   [39m[39;1mvendor\laravel\framework\src\Illuminate\Database\Connection.php[39;22m:[39;1m825[39;22m

  [33m2   [39m[39;1mvendor\laravel\framework\src\Illuminate\Database\Connection.php[39;22m:[39;1m571[39;22m
  [90m    NunoMaduro\Collision\Exceptions\TestException::("SQLSTATE[23502]: Not null violation: 7 FEHLER:  NULL-Wert in Spalte »organisation_id« von Relation »posts« verletzt Not-Null-Constraint
DETAIL:  Fehlgeschlagene Zeile enthält (a1e8e9ee-60d8-44e0-a11b-f4ab4d3e3a3b, null, a1e8e9ee-44d3-4a1d-8c64-64cd4ab014ba, Real President, , t, null, 1, null, 2026-05-31 08:48:11, 2026-05-31 08:48:11, null).")[39m

  [31m────────────────────────────────────────────────────────────────────────────────────────────────────────────────────[39m  
  [41;1m FAILED [49;22m [1mTests\Feature\ElectionIdPositionOrderTest[22m [90m>[39m query candidacies by election id filters corr… [41;1m QueryException [49;22m  
[39;1m  SQLSTATE[23502]: Not null violation: 7 FEHLER:  NULL-Wert in Spalte »organisation_id« von Relation »posts« verletzt Not-Null-Constraint
DETAIL:  Fehlgeschlagene Zeile enthält (a1e8e9ee-fc57-4018-a43b-fd43e22dc611, null, a1e8e9ee-d5ef-4327-bf63-f9b7e80012ab, Real President, , t, null, 1, null, 2026-05-31 08:48:12, 2026-05-31 08:48:12, null). (Connection: pgsql, SQL: insert into "posts" ("name", "nepali_name", "required_number", "election_id", "id", "organisation_id", "updated_at", "created_at") values (Real President, , 1, a1e8e9ee-d5ef-4327-bf63-f9b7e80012ab, a1e8e9ee-fc57-4018-a43b-fd43e22dc611, ?, 2026-05-31 08:48:12, 2026-05-31 08:48:12))[39;22m

  at [32mvendor\laravel\framework\src\Illuminate\Database\Connection.php[39m:[32m825[39m
    821▕                     $this->getName(), $query, $this->prepareBindings($bindings), $e
    822▕                 );
    823▕             }
    824▕ 
  ➜ 825▕             throw new QueryException(
    826▕                 $this->getName(), $query, $this->prepareBindings($bindings), $e
    827▕             );
    828▕         }
    829▕     }

  [33m1   [39m[39;1mvendor\laravel\framework\src\Illuminate\Database\Connection.php[39;22m:[39;1m825[39;22m

  [33m2   [39m[39;1mvendor\laravel\framework\src\Illuminate\Database\Connection.php[39;22m:[39;1m571[39;22m
  [90m    NunoMaduro\Collision\Exceptions\TestException::("SQLSTATE[23502]: Not null violation: 7 FEHLER:  NULL-Wert in Spalte »organisation_id« von Relation »posts« verletzt Not-Null-Constraint
DETAIL:  Fehlgeschlagene Zeile enthält (a1e8e9ee-fc57-4018-a43b-fd43e22dc611, null, a1e8e9ee-d5ef-4327-bf63-f9b7e80012ab, Real President, , t, null, 1, null, 2026-05-31 08:48:12, 2026-05-31 08:48:12, null).")[39m

  [31m────────────────────────────────────────────────────────────────────────────────────────────────────────────────────[39m  
  [41;1m FAILED [49;22m [1mTests\Feature\ElectionIdPositionOrderTest[22m [90m>[39m vote records include correct e… [41;1m OrganisationMismatchException [49;22m  
[39;1m  Vote organisation_id () does not match election organisation_id (2fb5b0dd-4f0b-4c9e-ae2c-a27050ef1560)[39;22m

  at [32mapp\Models\BaseVote.php[39m:[32m193[39m
    189▕                         'timestamp' => now(),
    190▕                         'ip' => request()->ip(),
    191▕                     ]);
    192▕ 
  ➜ 193▕                     throw new \App\Exceptions\OrganisationMismatchException(
    194▕                         "Vote organisation_id ({$vote->organisation_id}) does not match election organisation_id ({$election->organisation_id})",
    195▕                         [
    196▕                             'vote_organisation_id' => $vote->organisation_id,
    197▕                             'election_organisation_id' => $election->organisation_id,

  [33m1   [39m[39;1mapp\Models\BaseVote.php[39;22m:[39;1m193[39;22m
  [33m2   [39m[39;1mvendor\laravel\framework\src\Illuminate\Events\Dispatcher.php[39;22m:[39;1m459[39;22m

  [31m────────────────────────────────────────────────────────────────────────────────────────────────────────────────────[39m  
  [41;1m FAILED [49;22m [1mTests\Feature\ElectionIdPositionOrderTest[22m [90m>[39m demo votes include correct election id         [41;1m QueryException [49;22m  
[39;1m  SQLSTATE[23502]: Not null violation: 7 FEHLER:  NULL-Wert in Spalte »organisation_id« von Relation »demo_votes« verletzt Not-Null-Constraint
DETAIL:  Fehlgeschlagene Zeile enthält (a1e8e9f0-4e6e-49bf-81e7-6628937c6574, null, a1e8e9f0-3545-4d5b-9061-c9d233f0a31b, edd9a43ccda66cb53a62dbd328b53487c83692421a66bc9b1626bc84cd0f1a82, f, 2026-05-31 08:48:13, null, 2026-05-31 08:48:13, 2026-05-31 08:48:13, null, null, null, 2026-05-31 08:48:13, null, null, null, null, DEMO-VOTE-a1e8e9f0-3545-4d5b-9061-c9d233f0a31b, {"candidacy_id":"DEMO-CAND1"}, null, null, null, null, null, null, null, null, null, null, null, null, null, null, null, null, null, null, null, null, null, null, null, null, null, null, null, null, null, null, null, null, null, null, null, null, null, null, null, null, null, null, null, null, null, null, null, null, null, null, null, null, null, null, null, null, null, null, null, null). (Connection: pgsql, SQL: insert into "demo_votes" ("election_id", "no_vote_option", "voting_code", "candidate_01", "candidate_02", "candidate_03", "voted_at", "created_at", "updated_at", "id", "organisation_id", "receipt_hash", "cast_at") values (a1e8e9f0-3545-4d5b-9061-c9d233f0a31b, 0, DEMO-VOTE-a1e8e9f0-3545-4d5b-9061-c9d233f0a31b, {"candidacy_id":"DEMO-CAND1"}, ?, ?, 2026-05-31 08:48:13, 2026-05-31 08:48:13, 2026-05-31 08:48:13, a1e8e9f0-4e6e-49bf-81e7-6628937c6574, ?, edd9a43ccda66cb53a62dbd328b53487c83692421a66bc9b1626bc84cd0f1a82, 2026-05-31 08:48:13))[39;22m

  at [32mvendor\laravel\framework\src\Illuminate\Database\Connection.php[39m:[32m825[39m
    821▕                     $this->getName(), $query, $this->prepareBindings($bindings), $e
    822▕                 );
    823▕             }
    824▕ 
  ➜ 825▕             throw new QueryException(
    826▕                 $this->getName(), $query, $this->prepareBindings($bindings), $e
    827▕             );
    828▕         }
    829▕     }

  [33m1   [39m[39;1mvendor\laravel\framework\src\Illuminate\Database\Connection.php[39;22m:[39;1m825[39;22m

  [33m2   [39m[39;1mvendor\laravel\framework\src\Illuminate\Database\Connection.php[39;22m:[39;1m571[39;22m
  [90m    NunoMaduro\Collision\Exceptions\TestException::("SQLSTATE[23502]: Not null violation: 7 FEHLER:  NULL-Wert in Spalte »organisation_id« von Relation »demo_votes« verletzt Not-Null-Constraint
DETAIL:  Fehlgeschlagene Zeile enthält (a1e8e9f0-4e6e-49bf-81e7-6628937c6574, null, a1e8e9f0-3545-4d5b-9061-c9d233f0a31b, edd9a43ccda66cb53a62dbd328b53487c83692421a66bc9b1626bc84cd0f1a82, f, 2026-05-31 08:48:13, null, 2026-05-31 08:48:13, 2026-05-31 08:48:13, null, null, null, 2026-05-31 08:48:13, null, null, null, null, DEMO-VOTE-a1e8e9f0-3545-4d5b-9061-c9d233f0a31b, {"candidacy_id":"DEMO-CAND1"}, null, null, null, null, null, null, null, null, null, null, null, null, null, null, null, null, null, null, null, null, null, null, null, null, null, null, null, null, null, null, null, null, null, null, null, null, null, null, null, null, null, null, null, null, null, null, null, null, null, null, null, null, null, null, null, null, null, null, null, null).")[39m

  [31m────────────────────────────────────────────────────────────────────────────────────────────────────────────────────[39m  
  [41;1m FAILED [49;22m [1mTests\Feature\ElectionIdPositionOrderTest[22m [90m>[39m deleting election cascade deletes posts        [41;1m QueryException [49;22m  
[39;1m  SQLSTATE[23502]: Not null violation: 7 FEHLER:  NULL-Wert in Spalte »organisation_id« von Relation »posts« verletzt Not-Null-Constraint
DETAIL:  Fehlgeschlagene Zeile enthält (a1e8e9f1-0fdc-4260-874b-c05036d523dd, null, a1e8e9f0-e6f6-407d-828b-8e98eb8278b7, President, , t, null, 1, null, 2026-05-31 08:48:13, 2026-05-31 08:48:13, null). (Connection: pgsql, SQL: insert into "posts" ("name", "nepali_name", "required_number", "election_id", "id", "organisation_id", "updated_at", "created_at") values (President, , 1, a1e8e9f0-e6f6-407d-828b-8e98eb8278b7, a1e8e9f1-0fdc-4260-874b-c05036d523dd, ?, 2026-05-31 08:48:13, 2026-05-31 08:48:13))[39;22m

  at [32mvendor\laravel\framework\src\Illuminate\Database\Connection.php[39m:[32m825[39m
    821▕                     $this->getName(), $query, $this->prepareBindings($bindings), $e
    822▕                 );
    823▕             }
    824▕ 
  ➜ 825▕             throw new QueryException(
    826▕                 $this->getName(), $query, $this->prepareBindings($bindings), $e
    827▕             );
    828▕         }
    829▕     }

  [33m1   [39m[39;1mvendor\laravel\framework\src\Illuminate\Database\Connection.php[39;22m:[39;1m825[39;22m

  [33m2   [39m[39;1mvendor\laravel\framework\src\Illuminate\Database\Connection.php[39;22m:[39;1m571[39;22m
  [90m    NunoMaduro\Collision\Exceptions\TestException::("SQLSTATE[23502]: Not null violation: 7 FEHLER:  NULL-Wert in Spalte »organisation_id« von Relation »posts« verletzt Not-Null-Constraint
DETAIL:  Fehlgeschlagene Zeile enthält (a1e8e9f1-0fdc-4260-874b-c05036d523dd, null, a1e8e9f0-e6f6-407d-828b-8e98eb8278b7, President, , t, null, 1, null, 2026-05-31 08:48:13, 2026-05-31 08:48:13, null).")[39m

  [31m────────────────────────────────────────────────────────────────────────────────────────────────────────────────────[39m  
  [41;1m FAILED [49;22m [1mTests\Feature\ElectionIdPositionOrderTest[22m [90m>[39m deleting election cascade deletes candidacies  [41;1m QueryException [49;22m  
[39;1m  SQLSTATE[23502]: Not null violation: 7 FEHLER:  NULL-Wert in Spalte »organisation_id« von Relation »posts« verletzt Not-Null-Constraint
DETAIL:  Fehlgeschlagene Zeile enthält (a1e8e9f1-dfab-4cd5-874e-a9f06a6b31d8, null, a1e8e9f1-b44d-4872-aa86-bfb39b2af83a, President, , t, null, 1, null, 2026-05-31 08:48:14, 2026-05-31 08:48:14, null). (Connection: pgsql, SQL: insert into "posts" ("name", "nepali_name", "required_number", "election_id", "id", "organisation_id", "updated_at", "created_at") values (President, , 1, a1e8e9f1-b44d-4872-aa86-bfb39b2af83a, a1e8e9f1-dfab-4cd5-874e-a9f06a6b31d8, ?, 2026-05-31 08:48:14, 2026-05-31 08:48:14))[39;22m

  at [32mvendor\laravel\framework\src\Illuminate\Database\Connection.php[39m:[32m825[39m
    821▕                     $this->getName(), $query, $this->prepareBindings($bindings), $e
    822▕                 );
    823▕             }
    824▕ 
  ➜ 825▕             throw new QueryException(
    826▕                 $this->getName(), $query, $this->prepareBindings($bindings), $e
    827▕             );
    828▕         }
    829▕     }

  [33m1   [39m[39;1mvendor\laravel\framework\src\Illuminate\Database\Connection.php[39;22m:[39;1m825[39;22m

  [33m2   [39m[39;1mvendor\laravel\framework\src\Illuminate\Database\Connection.php[39;22m:[39;1m571[39;22m
  [90m    NunoMaduro\Collision\Exceptions\TestException::("SQLSTATE[23502]: Not null violation: 7 FEHLER:  NULL-Wert in Spalte »organisation_id« von Relation »posts« verletzt Not-Null-Constraint
DETAIL:  Fehlgeschlagene Zeile enthält (a1e8e9f1-dfab-4cd5-874e-a9f06a6b31d8, null, a1e8e9f1-b44d-4872-aa86-bfb39b2af83a, President, , t, null, 1, null, 2026-05-31 08:48:14, 2026-05-31 08:48:14, null).")[39m

  [31m────────────────────────────────────────────────────────────────────────────────────────────────────────────────────[39m  
  [41;1m FAILED [49;22m [1mTests\Feature\ElectionIdPositionOrderTest[22m [90m>[39m posts ordered by position order                [41;1m QueryException [49;22m  
[39;1m  SQLSTATE[23502]: Not null violation: 7 FEHLER:  NULL-Wert in Spalte »organisation_id« von Relation »posts« verletzt Not-Null-Constraint
DETAIL:  Fehlgeschlagene Zeile enthält (a1e8e9f2-884e-4211-a784-b8dae9fb089c, null, a1e8e9f2-64a6-4b6b-8d17-a0b54fb89903, Treasurer, , t, null, 1, 3, 2026-05-31 08:48:14, 2026-05-31 08:48:14, null). (Connection: pgsql, SQL: insert into "posts" ("name", "nepali_name", "required_number", "position_order", "election_id", "id", "organisation_id", "updated_at", "created_at") values (Treasurer, , 1, 3, a1e8e9f2-64a6-4b6b-8d17-a0b54fb89903, a1e8e9f2-884e-4211-a784-b8dae9fb089c, ?, 2026-05-31 08:48:14, 2026-05-31 08:48:14))[39;22m

  at [32mvendor\laravel\framework\src\Illuminate\Database\Connection.php[39m:[32m825[39m
    821▕                     $this->getName(), $query, $this->prepareBindings($bindings), $e
    822▕                 );
    823▕             }
    824▕ 
  ➜ 825▕             throw new QueryException(
    826▕                 $this->getName(), $query, $this->prepareBindings($bindings), $e
    827▕             );
    828▕         }
    829▕     }

  [33m1   [39m[39;1mvendor\laravel\framework\src\Illuminate\Database\Connection.php[39;22m:[39;1m825[39;22m

  [33m2   [39m[39;1mvendor\laravel\framework\src\Illuminate\Database\Connection.php[39;22m:[39;1m571[39;22m
  [90m    NunoMaduro\Collision\Exceptions\TestException::("SQLSTATE[23502]: Not null violation: 7 FEHLER:  NULL-Wert in Spalte »organisation_id« von Relation »posts« verletzt Not-Null-Constraint
DETAIL:  Fehlgeschlagene Zeile enthält (a1e8e9f2-884e-4211-a784-b8dae9fb089c, null, a1e8e9f2-64a6-4b6b-8d17-a0b54fb89903, Treasurer, , t, null, 1, 3, 2026-05-31 08:48:14, 2026-05-31 08:48:14, null).")[39m

  [31m────────────────────────────────────────────────────────────────────────────────────────────────────────────────────[39m  
  [41;1m FAILED [49;22m [1mTests\Feature\ElectionIdPositionOrderTest[22m [90m>[39m candidacies ordered by position order          [41;1m QueryException [49;22m  
[39;1m  SQLSTATE[23502]: Not null violation: 7 FEHLER:  NULL-Wert in Spalte »organisation_id« von Relation »posts« verletzt Not-Null-Constraint
DETAIL:  Fehlgeschlagene Zeile enthält (a1e8e9f3-4977-455e-b443-13d24c39f36d, null, a1e8e9f3-2747-4f44-8525-84d49e20d5ab, President, , t, null, 1, 1, 2026-05-31 08:48:15, 2026-05-31 08:48:15, null). (Connection: pgsql, SQL: insert into "posts" ("name", "nepali_name", "required_number", "position_order", "election_id", "id", "organisation_id", "updated_at", "created_at") values (President, , 1, 1, a1e8e9f3-2747-4f44-8525-84d49e20d5ab, a1e8e9f3-4977-455e-b443-13d24c39f36d, ?, 2026-05-31 08:48:15, 2026-05-31 08:48:15))[39;22m

  at [32mvendor\laravel\framework\src\Illuminate\Database\Connection.php[39m:[32m825[39m
    821▕                     $this->getName(), $query, $this->prepareBindings($bindings), $e
    822▕                 );
    823▕             }
    824▕ 
  ➜ 825▕             throw new QueryException(
    826▕                 $this->getName(), $query, $this->prepareBindings($bindings), $e
    827▕             );
    828▕         }
    829▕     }

  [33m1   [39m[39;1mvendor\laravel\framework\src\Illuminate\Database\Connection.php[39;22m:[39;1m825[39;22m

  [33m2   [39m[39;1mvendor\laravel\framework\src\Illuminate\Database\Connection.php[39;22m:[39;1m571[39;22m
  [90m    NunoMaduro\Collision\Exceptions\TestException::("SQLSTATE[23502]: Not null violation: 7 FEHLER:  NULL-Wert in Spalte »organisation_id« von Relation »posts« verletzt Not-Null-Constraint
DETAIL:  Fehlgeschlagene Zeile enthält (a1e8e9f3-4977-455e-b443-13d24c39f36d, null, a1e8e9f3-2747-4f44-8525-84d49e20d5ab, President, , t, null, 1, 1, 2026-05-31 08:48:15, 2026-05-31 08:48:15, null).")[39m

  [31m────────────────────────────────────────────────────────────────────────────────────────────────────────────────────[39m  
  [41;1m FAILED [49;22m [1mTests\Feature\ElectionIdPositionOrderTest[22m [90m>[39m demo candidates ordered by position order               [41;1m Error [49;22m  
[39;1m  Class "App\Models\DemoCandidate" not found[39;22m

  at [32mtests\Feature\ElectionIdPositionOrderTest.php[39m:[32m445[39m
    441▕      */
    442▕     public function test_demo_candidates_ordered_by_position_order()
    443▕     {
    444▕         // Create demo candidates out of order using factory
  ➜ 445▕         $demoCand3 = DemoCandidate::factory()->forElection($this->demoElection)->create([
    446▕             'candidacy_id' => 'DEMO3',
    447▕             'position_order' => 3,
    448▕         ]);
    449▕

  [33m1   [39m[39;1mtests\Feature\ElectionIdPositionOrderTest.php[39;22m:[39;1m445[39;22m

  [31m────────────────────────────────────────────────────────────────────────────────────────────────────────────────────[39m  
  [41;1m FAILED [49;22m [1mTests\Feature\ElectionIdPositionOrderTest[22m [90m>[39m position order with gaps handled correctly     [41;1m QueryException [49;22m  
[39;1m  SQLSTATE[23502]: Not null violation: 7 FEHLER:  NULL-Wert in Spalte »organisation_id« von Relation »posts« verletzt Not-Null-Constraint
DETAIL:  Fehlgeschlagene Zeile enthält (a1e8e9f4-73dd-4d27-a89d-20ecdc519940, null, a1e8e9f4-5013-4d4c-9260-564e6831b663, President, , t, null, 1, null, 2026-05-31 08:48:15, 2026-05-31 08:48:15, null). (Connection: pgsql, SQL: insert into "posts" ("name", "nepali_name", "required_number", "election_id", "id", "organisation_id", "updated_at", "created_at") values (President, , 1, a1e8e9f4-5013-4d4c-9260-564e6831b663, a1e8e9f4-73dd-4d27-a89d-20ecdc519940, ?, 2026-05-31 08:48:15, 2026-05-31 08:48:15))[39;22m

  at [32mvendor\laravel\framework\src\Illuminate\Database\Connection.php[39m:[32m825[39m
    821▕                     $this->getName(), $query, $this->prepareBindings($bindings), $e
    822▕                 );
    823▕             }
    824▕ 
  ➜ 825▕             throw new QueryException(
    826▕                 $this->getName(), $query, $this->prepareBindings($bindings), $e
    827▕             );
    828▕         }
    829▕     }

  [33m1   [39m[39;1mvendor\laravel\framework\src\Illuminate\Database\Connection.php[39;22m:[39;1m825[39;22m

  [33m2   [39m[39;1mvendor\laravel\framework\src\Illuminate\Database\Connection.php[39;22m:[39;1m571[39;22m
  [90m    NunoMaduro\Collision\Exceptions\TestException::("SQLSTATE[23502]: Not null violation: 7 FEHLER:  NULL-Wert in Spalte »organisation_id« von Relation »posts« verletzt Not-Null-Constraint
DETAIL:  Fehlgeschlagene Zeile enthält (a1e8e9f4-73dd-4d27-a89d-20ecdc519940, null, a1e8e9f4-5013-4d4c-9260-564e6831b663, President, , t, null, 1, null, 2026-05-31 08:48:15, 2026-05-31 08:48:15, null).")[39m

  [31m────────────────────────────────────────────────────────────────────────────────────────────────────────────────────[39m  
  [41;1m FAILED [49;22m [1mTests\Feature\ElectionIdPositionOrderTest[22m [90m>[39m reordering updates position order              [41;1m QueryException [49;22m  
[39;1m  SQLSTATE[23502]: Not null violation: 7 FEHLER:  NULL-Wert in Spalte »organisation_id« von Relation »posts« verletzt Not-Null-Constraint
DETAIL:  Fehlgeschlagene Zeile enthält (a1e8e9f5-18d5-402f-8536-e29584727e26, null, a1e8e9f4-efa3-477e-9f46-833d71e49e72, President, , t, null, 1, null, 2026-05-31 08:48:16, 2026-05-31 08:48:16, null). (Connection: pgsql, SQL: insert into "posts" ("name", "nepali_name", "required_number", "election_id", "id", "organisation_id", "updated_at", "created_at") values (President, , 1, a1e8e9f4-efa3-477e-9f46-833d71e49e72, a1e8e9f5-18d5-402f-8536-e29584727e26, ?, 2026-05-31 08:48:16, 2026-05-31 08:48:16))[39;22m

  at [32mvendor\laravel\framework\src\Illuminate\Database\Connection.php[39m:[32m825[39m
    821▕                     $this->getName(), $query, $this->prepareBindings($bindings), $e
    822▕                 );
    823▕             }
    824▕ 
  ➜ 825▕             throw new QueryException(
    826▕                 $this->getName(), $query, $this->prepareBindings($bindings), $e
    827▕             );
    828▕         }
    829▕     }

  [33m1   [39m[39;1mvendor\laravel\framework\src\Illuminate\Database\Connection.php[39;22m:[39;1m825[39;22m

  [33m2   [39m[39;1mvendor\laravel\framework\src\Illuminate\Database\Connection.php[39;22m:[39;1m571[39;22m
  [90m    NunoMaduro\Collision\Exceptions\TestException::("SQLSTATE[23502]: Not null violation: 7 FEHLER:  NULL-Wert in Spalte »organisation_id« von Relation »posts« verletzt Not-Null-Constraint
DETAIL:  Fehlgeschlagene Zeile enthält (a1e8e9f5-18d5-402f-8536-e29584727e26, null, a1e8e9f4-efa3-477e-9f46-833d71e49e72, President, , t, null, 1, null, 2026-05-31 08:48:16, 2026-05-31 08:48:16, null).")[39m

  [31m────────────────────────────────────────────────────────────────────────────────────────────────────────────────────[39m  
  [41;1m FAILED [49;22m [1mTests\Feature\ElectionIdPositionOrderTest[22m [90m>[39m position order independent per election        [41;1m QueryException [49;22m  
[39;1m  SQLSTATE[23502]: Not null violation: 7 FEHLER:  NULL-Wert in Spalte »organisation_id« von Relation »posts« verletzt Not-Null-Constraint
DETAIL:  Fehlgeschlagene Zeile enthält (a1e8e9f5-c342-4571-9ccf-91107cbd178a, null, a1e8e9f5-9eff-433b-a0be-22d1f2943119, President, , t, null, 1, null, 2026-05-31 08:48:16, 2026-05-31 08:48:16, null). (Connection: pgsql, SQL: insert into "posts" ("name", "nepali_name", "required_number", "election_id", "id", "organisation_id", "updated_at", "created_at") values (President, , 1, a1e8e9f5-9eff-433b-a0be-22d1f2943119, a1e8e9f5-c342-4571-9ccf-91107cbd178a, ?, 2026-05-31 08:48:16, 2026-05-31 08:48:16))[39;22m

  at [32mvendor\laravel\framework\src\Illuminate\Database\Connection.php[39m:[32m825[39m
    821▕                     $this->getName(), $query, $this->prepareBindings($bindings), $e
    822▕                 );
    823▕             }
    824▕ 
  ➜ 825▕             throw new QueryException(
    826▕                 $this->getName(), $query, $this->prepareBindings($bindings), $e
    827▕             );
    828▕         }
    829▕     }

  [33m1   [39m[39;1mvendor\laravel\framework\src\Illuminate\Database\Connection.php[39;22m:[39;1m825[39;22m

  [33m2   [39m[39;1mvendor\laravel\framework\src\Illuminate\Database\Connection.php[39;22m:[39;1m571[39;22m
  [90m    NunoMaduro\Collision\Exceptions\TestException::("SQLSTATE[23502]: Not null violation: 7 FEHLER:  NULL-Wert in Spalte »organisation_id« von Relation »posts« verletzt Not-Null-Constraint
DETAIL:  Fehlgeschlagene Zeile enthält (a1e8e9f5-c342-4571-9ccf-91107cbd178a, null, a1e8e9f5-9eff-433b-a0be-22d1f2943119, President, , t, null, 1, null, 2026-05-31 08:48:16, 2026-05-31 08:48:16, null).")[39m

  [31m────────────────────────────────────────────────────────────────────────────────────────────────────────────────────[39m  
  [41;1m FAILED [49;22m [1mTests\Feature\ElectionIdPositionOrderTest[22m [90m>[39m voting preserves candidacy election relations… [41;1m QueryException [49;22m  
[39;1m  SQLSTATE[23502]: Not null violation: 7 FEHLER:  NULL-Wert in Spalte »organisation_id« von Relation »posts« verletzt Not-Null-Constraint
DETAIL:  Fehlgeschlagene Zeile enthält (a1e8e9f6-9ac7-474e-a03d-11ed777a9dc4, null, a1e8e9f6-7242-43e9-a9ff-11a8a56124c2, President, , t, null, 1, null, 2026-05-31 08:48:17, 2026-05-31 08:48:17, null). (Connection: pgsql, SQL: insert into "posts" ("name", "nepali_name", "required_number", "election_id", "id", "organisation_id", "updated_at", "created_at") values (President, , 1, a1e8e9f6-7242-43e9-a9ff-11a8a56124c2, a1e8e9f6-9ac7-474e-a03d-11ed777a9dc4, ?, 2026-05-31 08:48:17, 2026-05-31 08:48:17))[39;22m

  at [32mvendor\laravel\framework\src\Illuminate\Database\Connection.php[39m:[32m825[39m
    821▕                     $this->getName(), $query, $this->prepareBindings($bindings), $e
    822▕                 );
    823▕             }
    824▕ 
  ➜ 825▕             throw new QueryException(
    826▕                 $this->getName(), $query, $this->prepareBindings($bindings), $e
    827▕             );
    828▕         }
    829▕     }

  [33m1   [39m[39;1mvendor\laravel\framework\src\Illuminate\Database\Connection.php[39;22m:[39;1m825[39;22m

  [33m2   [39m[39;1mvendor\laravel\framework\src\Illuminate\Database\Connection.php[39;22m:[39;1m571[39;22m
  [90m    NunoMaduro\Collision\Exceptions\TestException::("SQLSTATE[23502]: Not null violation: 7 FEHLER:  NULL-Wert in Spalte »organisation_id« von Relation »posts« verletzt Not-Null-Constraint
DETAIL:  Fehlgeschlagene Zeile enthält (a1e8e9f6-9ac7-474e-a03d-11ed777a9dc4, null, a1e8e9f6-7242-43e9-a9ff-11a8a56124c2, President, , t, null, 1, null, 2026-05-31 08:48:17, 2026-05-31 08:48:17, null).")[39m

  [31m────────────────────────────────────────────────────────────────────────────────────────────────────────────────────[39m  
  [41;1m FAILED [49;22m [1mTests\Feature\ElectionOfficerInvitationTest[22m [90m>[39m email notification is s… [41;1m UniqueConstraintViolationException [49;22m  
[39;1m  SQLSTATE[23505]: Unique violation: 7 FEHLER:  doppelter Schlüsselwert verletzt Unique-Constraint »user_organisation_roles_user_id_organisation_id_unique«
DETAIL:  Schlüssel »(user_id, organisation_id)=(a1e8e9f7-8d55-4704-bb79-8acbfbd508e9, a1e8e9f7-7877-43b4-b334-c061f80f5a8a)« existiert bereits. (Connection: pgsql, SQL: insert into "user_organisation_roles" ("id", "user_id", "organisation_id", "role", "updated_at", "created_at") values (6c41ed40-c328-41b7-9808-7517199b1994, a1e8e9f7-8d55-4704-bb79-8acbfbd508e9, a1e8e9f7-7877-43b4-b334-c061f80f5a8a, admin, 2026-05-31 08:48:18, 2026-05-31 08:48:18))[39;22m

  at [32mvendor\laravel\framework\src\Illuminate\Database\Connection.php[39m:[32m820[39m
    816▕         // message to include the bindings with SQL, which will make this exception a
    817▕         // lot more helpful to the developer instead of just the database's errors.
    818▕         catch (Exception $e) {
    819▕             if ($this->isUniqueConstraintError($e)) {
  ➜ 820▕                 throw new UniqueConstraintViolationException(
    821▕                     $this->getName(), $query, $this->prepareBindings($bindings), $e
    822▕                 );
    823▕             }
    824▕

  [33m1   [39m[39;1mvendor\laravel\framework\src\Illuminate\Database\Connection.php[39;22m:[39;1m820[39;22m

  [33m2   [39m[39;1mvendor\laravel\framework\src\Illuminate\Database\Connection.php[39;22m:[39;1m571[39;22m
  [90m    NunoMaduro\Collision\Exceptions\TestException::("SQLSTATE[23505]: Unique violation: 7 FEHLER:  doppelter Schlüsselwert verletzt Unique-Constraint »user_organisation_roles_user_id_organisation_id_unique«
DETAIL:  Schlüssel »(user_id, organisation_id)=(a1e8e9f7-8d55-4704-bb79-8acbfbd508e9, a1e8e9f7-7877-43b4-b334-c061f80f5a8a)« existiert bereits.")[39m

  [31m────────────────────────────────────────────────────────────────────────────────────────────────────────────────────[39m  
  [41;1m FAILED [49;22m [1mTests\Feature\ElectionOfficerInvitationTest[22m [90m>[39m invitation accept url r… [41;1m UniqueConstraintViolationException [49;22m  
[39;1m  SQLSTATE[23505]: Unique violation: 7 FEHLER:  doppelter Schlüsselwert verletzt Unique-Constraint »user_organisation_roles_user_id_organisation_id_unique«
DETAIL:  Schlüssel »(user_id, organisation_id)=(a1e8e9f8-3a42-4f51-9e9a-3f85956c23c2, a1e8e9f8-2e73-463b-b6de-c94e059a4d8e)« existiert bereits. (Connection: pgsql, SQL: insert into "user_organisation_roles" ("id", "user_id", "organisation_id", "role", "updated_at", "created_at") values (209ef53b-04d5-4173-8805-9bf91f3ff77f, a1e8e9f8-3a42-4f51-9e9a-3f85956c23c2, a1e8e9f8-2e73-463b-b6de-c94e059a4d8e, admin, 2026-05-31 08:48:18, 2026-05-31 08:48:18))[39;22m

  at [32mvendor\laravel\framework\src\Illuminate\Database\Connection.php[39m:[32m820[39m
    816▕         // message to include the bindings with SQL, which will make this exception a
    817▕         // lot more helpful to the developer instead of just the database's errors.
    818▕         catch (Exception $e) {
    819▕             if ($this->isUniqueConstraintError($e)) {
  ➜ 820▕                 throw new UniqueConstraintViolationException(
    821▕                     $this->getName(), $query, $this->prepareBindings($bindings), $e
    822▕                 );
    823▕             }
    824▕

  [33m1   [39m[39;1mvendor\laravel\framework\src\Illuminate\Database\Connection.php[39;22m:[39;1m820[39;22m

  [33m2   [39m[39;1mvendor\laravel\framework\src\Illuminate\Database\Connection.php[39;22m:[39;1m571[39;22m
  [90m    NunoMaduro\Collision\Exceptions\TestException::("SQLSTATE[23505]: Unique violation: 7 FEHLER:  doppelter Schlüsselwert verletzt Unique-Constraint »user_organisation_roles_user_id_organisation_id_unique«
DETAIL:  Schlüssel »(user_id, organisation_id)=(a1e8e9f8-3a42-4f51-9e9a-3f85956c23c2, a1e8e9f8-2e73-463b-b6de-c94e059a4d8e)« existiert bereits.")[39m

  [31m────────────────────────────────────────────────────────────────────────────────────────────────────────────────────[39m  
  [41;1m FAILED [49;22m [1mTests\Feature\ElectionOfficerInvitationTest[22m [90m>[39m authenticated user can…  [41;1m UniqueConstraintViolationException [49;22m  
[39;1m  SQLSTATE[23505]: Unique violation: 7 FEHLER:  doppelter Schlüsselwert verletzt Unique-Constraint »user_organisation_roles_user_id_organisation_id_unique«
DETAIL:  Schlüssel »(user_id, organisation_id)=(a1e8e9f8-96dc-41fe-8f77-51220caba71b, a1e8e9f8-8d09-4de6-bec5-b061f5054fac)« existiert bereits. (Connection: pgsql, SQL: insert into "user_organisation_roles" ("id", "user_id", "organisation_id", "role", "updated_at", "created_at") values (5cc0f028-c9eb-48a5-8865-b3bbca3155e2, a1e8e9f8-96dc-41fe-8f77-51220caba71b, a1e8e9f8-8d09-4de6-bec5-b061f5054fac, admin, 2026-05-31 08:48:18, 2026-05-31 08:48:18))[39;22m

  at [32mvendor\laravel\framework\src\Illuminate\Database\Connection.php[39m:[32m820[39m
    816▕         // message to include the bindings with SQL, which will make this exception a
    817▕         // lot more helpful to the developer instead of just the database's errors.
    818▕         catch (Exception $e) {
    819▕             if ($this->isUniqueConstraintError($e)) {
  ➜ 820▕                 throw new UniqueConstraintViolationException(
    821▕                     $this->getName(), $query, $this->prepareBindings($bindings), $e
    822▕                 );
    823▕             }
    824▕

  [33m1   [39m[39;1mvendor\laravel\framework\src\Illuminate\Database\Connection.php[39;22m:[39;1m820[39;22m

  [33m2   [39m[39;1mvendor\laravel\framework\src\Illuminate\Database\Connection.php[39;22m:[39;1m571[39;22m
  [90m    NunoMaduro\Collision\Exceptions\TestException::("SQLSTATE[23505]: Unique violation: 7 FEHLER:  doppelter Schlüsselwert verletzt Unique-Constraint »user_organisation_roles_user_id_organisation_id_unique«
DETAIL:  Schlüssel »(user_id, organisation_id)=(a1e8e9f8-96dc-41fe-8f77-51220caba71b, a1e8e9f8-8d09-4de6-bec5-b061f5054fac)« existiert bereits.")[39m

  [31m────────────────────────────────────────────────────────────────────────────────────────────────────────────────────[39m  
  [41;1m FAILED [49;22m [1mTests\Feature\ElectionOfficerInvitationTest[22m [90m>[39m guest visiting invitati… [41;1m UniqueConstraintViolationException [49;22m  
[39;1m  SQLSTATE[23505]: Unique violation: 7 FEHLER:  doppelter Schlüsselwert verletzt Unique-Constraint »user_organisation_roles_user_id_organisation_id_unique«
DETAIL:  Schlüssel »(user_id, organisation_id)=(a1e8e9f8-f5cd-47f1-9fbf-145fe817fdbc, a1e8e9f8-e5e2-4125-8dd0-2b56690da3db)« existiert bereits. (Connection: pgsql, SQL: insert into "user_organisation_roles" ("id", "user_id", "organisation_id", "role", "updated_at", "created_at") values (f6a2bcc3-e3d8-4eed-ac05-48d0694d7854, a1e8e9f8-f5cd-47f1-9fbf-145fe817fdbc, a1e8e9f8-e5e2-4125-8dd0-2b56690da3db, admin, 2026-05-31 08:48:18, 2026-05-31 08:48:18))[39;22m

  at [32mvendor\laravel\framework\src\Illuminate\Database\Connection.php[39m:[32m820[39m
    816▕         // message to include the bindings with SQL, which will make this exception a
    817▕         // lot more helpful to the developer instead of just the database's errors.
    818▕         catch (Exception $e) {
    819▕             if ($this->isUniqueConstraintError($e)) {
  ➜ 820▕                 throw new UniqueConstraintViolationException(
    821▕                     $this->getName(), $query, $this->prepareBindings($bindings), $e
    822▕                 );
    823▕             }
    824▕

  [33m1   [39m[39;1mvendor\laravel\framework\src\Illuminate\Database\Connection.php[39;22m:[39;1m820[39;22m

  [33m2   [39m[39;1mvendor\laravel\framework\src\Illuminate\Database\Connection.php[39;22m:[39;1m571[39;22m
  [90m    NunoMaduro\Collision\Exceptions\TestException::("SQLSTATE[23505]: Unique violation: 7 FEHLER:  doppelter Schlüsselwert verletzt Unique-Constraint »user_organisation_roles_user_id_organisation_id_unique«
DETAIL:  Schlüssel »(user_id, organisation_id)=(a1e8e9f8-f5cd-47f1-9fbf-145fe817fdbc, a1e8e9f8-e5e2-4125-8dd0-2b56690da3db)« existiert bereits.")[39m

  [31m────────────────────────────────────────────────────────────────────────────────────────────────────────────────────[39m  
  [41;1m FAILED [49;22m [1mTests\Feature\ElectionOfficerInvitationTest[22m [90m>[39m cannot accept invitatio… [41;1m UniqueConstraintViolationException [49;22m  
[39;1m  SQLSTATE[23505]: Unique violation: 7 FEHLER:  doppelter Schlüsselwert verletzt Unique-Constraint »user_organisation_roles_user_id_organisation_id_unique«
DETAIL:  Schlüssel »(user_id, organisation_id)=(a1e8e9f9-5e17-4ca4-b839-072b7cd865f6, a1e8e9f9-52a5-4604-b694-d8e9994b2ad7)« existiert bereits. (Connection: pgsql, SQL: insert into "user_organisation_roles" ("id", "user_id", "organisation_id", "role", "updated_at", "created_at") values (6c4ac322-3f6d-4605-854b-19f9755b7d5f, a1e8e9f9-5e17-4ca4-b839-072b7cd865f6, a1e8e9f9-52a5-4604-b694-d8e9994b2ad7, admin, 2026-05-31 08:48:19, 2026-05-31 08:48:19))[39;22m

  at [32mvendor\laravel\framework\src\Illuminate\Database\Connection.php[39m:[32m820[39m
    816▕         // message to include the bindings with SQL, which will make this exception a
    817▕         // lot more helpful to the developer instead of just the database's errors.
    818▕         catch (Exception $e) {
    819▕             if ($this->isUniqueConstraintError($e)) {
  ➜ 820▕                 throw new UniqueConstraintViolationException(
    821▕                     $this->getName(), $query, $this->prepareBindings($bindings), $e
    822▕                 );
    823▕             }
    824▕

  [33m1   [39m[39;1mvendor\laravel\framework\src\Illuminate\Database\Connection.php[39;22m:[39;1m820[39;22m

  [33m2   [39m[39;1mvendor\laravel\framework\src\Illuminate\Database\Connection.php[39;22m:[39;1m571[39;22m
  [90m    NunoMaduro\Collision\Exceptions\TestException::("SQLSTATE[23505]: Unique violation: 7 FEHLER:  doppelter Schlüsselwert verletzt Unique-Constraint »user_organisation_roles_user_id_organisation_id_unique«
DETAIL:  Schlüssel »(user_id, organisation_id)=(a1e8e9f9-5e17-4ca4-b839-072b7cd865f6, a1e8e9f9-52a5-4604-b694-d8e9994b2ad7)« existiert bereits.")[39m

  [31m────────────────────────────────────────────────────────────────────────────────────────────────────────────────────[39m  
  [41;1m FAILED [49;22m [1mTests\Feature\ElectionOfficerInvitationTest[22m [90m>[39m expired invitation link… [41;1m UniqueConstraintViolationException [49;22m  
[39;1m  SQLSTATE[23505]: Unique violation: 7 FEHLER:  doppelter Schlüsselwert verletzt Unique-Constraint »user_organisation_roles_user_id_organisation_id_unique«
DETAIL:  Schlüssel »(user_id, organisation_id)=(a1e8e9fa-2fbe-4ae6-9914-b50d8f8cdd48, a1e8e9fa-1d04-4c1f-aa47-0086b06ba1ff)« existiert bereits. (Connection: pgsql, SQL: insert into "user_organisation_roles" ("id", "user_id", "organisation_id", "role", "updated_at", "created_at") values (54966051-2e88-4bc0-82c2-6a5187e789bd, a1e8e9fa-2fbe-4ae6-9914-b50d8f8cdd48, a1e8e9fa-1d04-4c1f-aa47-0086b06ba1ff, admin, 2026-05-31 08:48:19, 2026-05-31 08:48:19))[39;22m

  at [32mvendor\laravel\framework\src\Illuminate\Database\Connection.php[39m:[32m820[39m
    816▕         // message to include the bindings with SQL, which will make this exception a
    817▕         // lot more helpful to the developer instead of just the database's errors.
    818▕         catch (Exception $e) {
    819▕             if ($this->isUniqueConstraintError($e)) {
  ➜ 820▕                 throw new UniqueConstraintViolationException(
    821▕                     $this->getName(), $query, $this->prepareBindings($bindings), $e
    822▕                 );
    823▕             }
    824▕

  [33m1   [39m[39;1mvendor\laravel\framework\src\Illuminate\Database\Connection.php[39;22m:[39;1m820[39;22m

  [33m2   [39m[39;1mvendor\laravel\framework\src\Illuminate\Database\Connection.php[39;22m:[39;1m571[39;22m
  [90m    NunoMaduro\Collision\Exceptions\TestException::("SQLSTATE[23505]: Unique violation: 7 FEHLER:  doppelter Schlüsselwert verletzt Unique-Constraint »user_organisation_roles_user_id_organisation_id_unique«
DETAIL:  Schlüssel »(user_id, organisation_id)=(a1e8e9fa-2fbe-4ae6-9914-b50d8f8cdd48, a1e8e9fa-1d04-4c1f-aa47-0086b06ba1ff)« existiert bereits.")[39m

  [31m────────────────────────────────────────────────────────────────────────────────────────────────────────────────────[39m  
  [41;1m FAILED [49;22m [1mTests\Feature\ElectionOfficerInvitationTest[22m [90m>[39m cannot accept already a… [41;1m UniqueConstraintViolationException [49;22m  
[39;1m  SQLSTATE[23505]: Unique violation: 7 FEHLER:  doppelter Schlüsselwert verletzt Unique-Constraint »user_organisation_roles_user_id_organisation_id_unique«
DETAIL:  Schlüssel »(user_id, organisation_id)=(a1e8e9fa-daeb-4441-964c-a8f7fc448610, a1e8e9fa-c86c-4ecf-83af-38d2c6345ae9)« existiert bereits. (Connection: pgsql, SQL: insert into "user_organisation_roles" ("id", "user_id", "organisation_id", "role", "updated_at", "created_at") values (c01484ca-e5d1-43ec-89ed-1fb84a4e31fa, a1e8e9fa-daeb-4441-964c-a8f7fc448610, a1e8e9fa-c86c-4ecf-83af-38d2c6345ae9, admin, 2026-05-31 08:48:20, 2026-05-31 08:48:20))[39;22m

  at [32mvendor\laravel\framework\src\Illuminate\Database\Connection.php[39m:[32m820[39m
    816▕         // message to include the bindings with SQL, which will make this exception a
    817▕         // lot more helpful to the developer instead of just the database's errors.
    818▕         catch (Exception $e) {
    819▕             if ($this->isUniqueConstraintError($e)) {
  ➜ 820▕                 throw new UniqueConstraintViolationException(
    821▕                     $this->getName(), $query, $this->prepareBindings($bindings), $e
    822▕                 );
    823▕             }
    824▕

  [33m1   [39m[39;1mvendor\laravel\framework\src\Illuminate\Database\Connection.php[39;22m:[39;1m820[39;22m

  [33m2   [39m[39;1mvendor\laravel\framework\src\Illuminate\Database\Connection.php[39;22m:[39;1m571[39;22m
  [90m    NunoMaduro\Collision\Exceptions\TestException::("SQLSTATE[23505]: Unique violation: 7 FEHLER:  doppelter Schlüsselwert verletzt Unique-Constraint »user_organisation_roles_user_id_organisation_id_unique«
DETAIL:  Schlüssel »(user_id, organisation_id)=(a1e8e9fa-daeb-4441-964c-a8f7fc448610, a1e8e9fa-c86c-4ecf-83af-38d2c6345ae9)« existiert bereits.")[39m

  [31m────────────────────────────────────────────────────────────────────────────────────────────────────────────────────[39m  
  [41;1m FAILED [49;22m [1mTests\Feature\ElectionOfficerManagementTest[22m [90m>[39m admin can appoint offic… [41;1m UniqueConstraintViolationException [49;22m  
[39;1m  SQLSTATE[23505]: Unique violation: 7 FEHLER:  doppelter Schlüsselwert verletzt Unique-Constraint »user_organisation_roles_user_id_organisation_id_unique«
DETAIL:  Schlüssel »(user_id, organisation_id)=(a1e8e9fb-9036-45b1-afe6-2db4ba5dccd8, a1e8e9fb-7b91-4d69-b7b9-fe65375912a8)« existiert bereits. (Connection: pgsql, SQL: insert into "user_organisation_roles" ("id", "user_id", "organisation_id", "role", "updated_at", "created_at") values (bcdaf986-093d-4102-b2e5-2ab77e2ff9b1, a1e8e9fb-9036-45b1-afe6-2db4ba5dccd8, a1e8e9fb-7b91-4d69-b7b9-fe65375912a8, admin, 2026-05-31 08:48:20, 2026-05-31 08:48:20))[39;22m

  at [32mvendor\laravel\framework\src\Illuminate\Database\Connection.php[39m:[32m820[39m
    816▕         // message to include the bindings with SQL, which will make this exception a
    817▕         // lot more helpful to the developer instead of just the database's errors.
    818▕         catch (Exception $e) {
    819▕             if ($this->isUniqueConstraintError($e)) {
  ➜ 820▕                 throw new UniqueConstraintViolationException(
    821▕                     $this->getName(), $query, $this->prepareBindings($bindings), $e
    822▕                 );
    823▕             }
    824▕

  [33m1   [39m[39;1mvendor\laravel\framework\src\Illuminate\Database\Connection.php[39;22m:[39;1m820[39;22m

  [33m2   [39m[39;1mvendor\laravel\framework\src\Illuminate\Database\Connection.php[39;22m:[39;1m571[39;22m
  [90m    NunoMaduro\Collision\Exceptions\TestException::("SQLSTATE[23505]: Unique violation: 7 FEHLER:  doppelter Schlüsselwert verletzt Unique-Constraint »user_organisation_roles_user_id_organisation_id_unique«
DETAIL:  Schlüssel »(user_id, organisation_id)=(a1e8e9fb-9036-45b1-afe6-2db4ba5dccd8, a1e8e9fb-7b91-4d69-b7b9-fe65375912a8)« existiert bereits.")[39m

  [31m────────────────────────────────────────────────────────────────────────────────────────────────────────────────────[39m  
  [41;1m FAILED [49;22m [1mTests\Feature\ElectionOfficerManagementTest[22m [90m>[39m member cannot appoint o… [41;1m UniqueConstraintViolationException [49;22m  
[39;1m  SQLSTATE[23505]: Unique violation: 7 FEHLER:  doppelter Schlüsselwert verletzt Unique-Constraint »user_organisation_roles_user_id_organisation_id_unique«
DETAIL:  Schlüssel »(user_id, organisation_id)=(a1e8e9fc-0f2f-4131-9e01-fa4126e3cda4, a1e8e9fc-01d5-4fbb-a61c-53e311fc727d)« existiert bereits. (Connection: pgsql, SQL: insert into "user_organisation_roles" ("id", "user_id", "organisation_id", "role", "updated_at", "created_at") values (d41a5eac-1ca2-4eea-a147-b1342ee6fdcb, a1e8e9fc-0f2f-4131-9e01-fa4126e3cda4, a1e8e9fc-01d5-4fbb-a61c-53e311fc727d, admin, 2026-05-31 08:48:20, 2026-05-31 08:48:20))[39;22m

  at [32mvendor\laravel\framework\src\Illuminate\Database\Connection.php[39m:[32m820[39m
    816▕         // message to include the bindings with SQL, which will make this exception a
    817▕         // lot more helpful to the developer instead of just the database's errors.
    818▕         catch (Exception $e) {
    819▕             if ($this->isUniqueConstraintError($e)) {
  ➜ 820▕                 throw new UniqueConstraintViolationException(
    821▕                     $this->getName(), $query, $this->prepareBindings($bindings), $e
    822▕                 );
    823▕             }
    824▕

  [33m1   [39m[39;1mvendor\laravel\framework\src\Illuminate\Database\Connection.php[39;22m:[39;1m820[39;22m

  [33m2   [39m[39;1mvendor\laravel\framework\src\Illuminate\Database\Connection.php[39;22m:[39;1m571[39;22m
  [90m    NunoMaduro\Collision\Exceptions\TestException::("SQLSTATE[23505]: Unique violation: 7 FEHLER:  doppelter Schlüsselwert verletzt Unique-Constraint »user_organisation_roles_user_id_organisation_id_unique«
DETAIL:  Schlüssel »(user_id, organisation_id)=(a1e8e9fc-0f2f-4131-9e01-fa4126e3cda4, a1e8e9fc-01d5-4fbb-a61c-53e311fc727d)« existiert bereits.")[39m

  [31m────────────────────────────────────────────────────────────────────────────────────────────────────────────────────[39m  
  [41;1m FAILED [49;22m [1mTests\Feature\ElectionOfficerManagementTest[22m [90m>[39m cannot appoint non memb… [41;1m UniqueConstraintViolationException [49;22m  
[39;1m  SQLSTATE[23505]: Unique violation: 7 FEHLER:  doppelter Schlüsselwert verletzt Unique-Constraint »user_organisation_roles_user_id_organisation_id_unique«
DETAIL:  Schlüssel »(user_id, organisation_id)=(a1e8e9fc-8949-44e7-af2e-f641698b0737, a1e8e9fc-7c2d-4456-8dad-9d5c21d3b169)« existiert bereits. (Connection: pgsql, SQL: insert into "user_organisation_roles" ("id", "user_id", "organisation_id", "role", "updated_at", "created_at") values (95e86e45-2190-424c-a10f-58c392d19e32, a1e8e9fc-8949-44e7-af2e-f641698b0737, a1e8e9fc-7c2d-4456-8dad-9d5c21d3b169, admin, 2026-05-31 08:48:21, 2026-05-31 08:48:21))[39;22m

  at [32mvendor\laravel\framework\src\Illuminate\Database\Connection.php[39m:[32m820[39m
    816▕         // message to include the bindings with SQL, which will make this exception a
    817▕         // lot more helpful to the developer instead of just the database's errors.
    818▕         catch (Exception $e) {
    819▕             if ($this->isUniqueConstraintError($e)) {
  ➜ 820▕                 throw new UniqueConstraintViolationException(
    821▕                     $this->getName(), $query, $this->prepareBindings($bindings), $e
    822▕                 );
    823▕             }
    824▕

  [33m1   [39m[39;1mvendor\laravel\framework\src\Illuminate\Database\Connection.php[39;22m:[39;1m820[39;22m

  [33m2   [39m[39;1mvendor\laravel\framework\src\Illuminate\Database\Connection.php[39;22m:[39;1m571[39;22m
  [90m    NunoMaduro\Collision\Exceptions\TestException::("SQLSTATE[23505]: Unique violation: 7 FEHLER:  doppelter Schlüsselwert verletzt Unique-Constraint »user_organisation_roles_user_id_organisation_id_unique«
DETAIL:  Schlüssel »(user_id, organisation_id)=(a1e8e9fc-8949-44e7-af2e-f641698b0737, a1e8e9fc-7c2d-4456-8dad-9d5c21d3b169)« existiert bereits.")[39m

  [31m────────────────────────────────────────────────────────────────────────────────────────────────────────────────────[39m  
  [41;1m FAILED [49;22m [1mTests\Feature\ElectionOfficerManagementTest[22m [90m>[39m cannot appoint duplicat… [41;1m UniqueConstraintViolationException [49;22m  
[39;1m  SQLSTATE[23505]: Unique violation: 7 FEHLER:  doppelter Schlüsselwert verletzt Unique-Constraint »user_organisation_roles_user_id_organisation_id_unique«
DETAIL:  Schlüssel »(user_id, organisation_id)=(a1e8e9fc-f134-47e7-a4fd-88a66709dc61, a1e8e9fc-e3f9-4176-b645-4b4d8418ea8d)« existiert bereits. (Connection: pgsql, SQL: insert into "user_organisation_roles" ("id", "user_id", "organisation_id", "role", "updated_at", "created_at") values (63b73ac1-3526-4599-8042-4e42297b18d7, a1e8e9fc-f134-47e7-a4fd-88a66709dc61, a1e8e9fc-e3f9-4176-b645-4b4d8418ea8d, admin, 2026-05-31 08:48:21, 2026-05-31 08:48:21))[39;22m

  at [32mvendor\laravel\framework\src\Illuminate\Database\Connection.php[39m:[32m820[39m
    816▕         // message to include the bindings with SQL, which will make this exception a
    817▕         // lot more helpful to the developer instead of just the database's errors.
    818▕         catch (Exception $e) {
    819▕             if ($this->isUniqueConstraintError($e)) {
  ➜ 820▕                 throw new UniqueConstraintViolationException(
    821▕                     $this->getName(), $query, $this->prepareBindings($bindings), $e
    822▕                 );
    823▕             }
    824▕

  [33m1   [39m[39;1mvendor\laravel\framework\src\Illuminate\Database\Connection.php[39;22m:[39;1m820[39;22m

  [33m2   [39m[39;1mvendor\laravel\framework\src\Illuminate\Database\Connection.php[39;22m:[39;1m571[39;22m
  [90m    NunoMaduro\Collision\Exceptions\TestException::("SQLSTATE[23505]: Unique violation: 7 FEHLER:  doppelter Schlüsselwert verletzt Unique-Constraint »user_organisation_roles_user_id_organisation_id_unique«
DETAIL:  Schlüssel »(user_id, organisation_id)=(a1e8e9fc-f134-47e7-a4fd-88a66709dc61, a1e8e9fc-e3f9-4176-b645-4b4d8418ea8d)« existiert bereits.")[39m

  [31m────────────────────────────────────────────────────────────────────────────────────────────────────────────────────[39m  
  [41;1m FAILED [49;22m [1mTests\Feature\ElectionOfficerManagementTest[22m [90m>[39m can reappoint soft dele… [41;1m UniqueConstraintViolationException [49;22m  
[39;1m  SQLSTATE[23505]: Unique violation: 7 FEHLER:  doppelter Schlüsselwert verletzt Unique-Constraint »user_organisation_roles_user_id_organisation_id_unique«
DETAIL:  Schlüssel »(user_id, organisation_id)=(a1e8e9fd-9b17-4b21-9435-d63c473cd20a, a1e8e9fd-845a-4797-b3b8-7c0f33674d40)« existiert bereits. (Connection: pgsql, SQL: insert into "user_organisation_roles" ("id", "user_id", "organisation_id", "role", "updated_at", "created_at") values (57c52b26-67a0-46f1-8f3b-6ade6c749bdb, a1e8e9fd-9b17-4b21-9435-d63c473cd20a, a1e8e9fd-845a-4797-b3b8-7c0f33674d40, admin, 2026-05-31 08:48:21, 2026-05-31 08:48:21))[39;22m

  at [32mvendor\laravel\framework\src\Illuminate\Database\Connection.php[39m:[32m820[39m
    816▕         // message to include the bindings with SQL, which will make this exception a
    817▕         // lot more helpful to the developer instead of just the database's errors.
    818▕         catch (Exception $e) {
    819▕             if ($this->isUniqueConstraintError($e)) {
  ➜ 820▕                 throw new UniqueConstraintViolationException(
    821▕                     $this->getName(), $query, $this->prepareBindings($bindings), $e
    822▕                 );
    823▕             }
    824▕

  [33m1   [39m[39;1mvendor\laravel\framework\src\Illuminate\Database\Connection.php[39;22m:[39;1m820[39;22m

  [33m2   [39m[39;1mvendor\laravel\framework\src\Illuminate\Database\Connection.php[39;22m:[39;1m571[39;22m
  [90m    NunoMaduro\Collision\Exceptions\TestException::("SQLSTATE[23505]: Unique violation: 7 FEHLER:  doppelter Schlüsselwert verletzt Unique-Constraint »user_organisation_roles_user_id_organisation_id_unique«
DETAIL:  Schlüssel »(user_id, organisation_id)=(a1e8e9fd-9b17-4b21-9435-d63c473cd20a, a1e8e9fd-845a-4797-b3b8-7c0f33674d40)« existiert bereits.")[39m

  [31m────────────────────────────────────────────────────────────────────────────────────────────────────────────────────[39m  
  [41;1m FAILED [49;22m [1mTests\Feature\ElectionOfficerManagementTest[22m [90m>[39m cannot appoint active o… [41;1m UniqueConstraintViolationException [49;22m  
[39;1m  SQLSTATE[23505]: Unique violation: 7 FEHLER:  doppelter Schlüsselwert verletzt Unique-Constraint »user_organisation_roles_user_id_organisation_id_unique«
DETAIL:  Schlüssel »(user_id, organisation_id)=(a1e8e9fe-549f-41be-94e2-145f4d39598c, a1e8e9fe-4414-4123-ba38-597c29959e7d)« existiert bereits. (Connection: pgsql, SQL: insert into "user_organisation_roles" ("id", "user_id", "organisation_id", "role", "updated_at", "created_at") values (8845bffa-2e52-4a39-944f-915bf91b244a, a1e8e9fe-549f-41be-94e2-145f4d39598c, a1e8e9fe-4414-4123-ba38-597c29959e7d, admin, 2026-05-31 08:48:22, 2026-05-31 08:48:22))[39;22m

  at [32mvendor\laravel\framework\src\Illuminate\Database\Connection.php[39m:[32m820[39m
    816▕         // message to include the bindings with SQL, which will make this exception a
    817▕         // lot more helpful to the developer instead of just the database's errors.
    818▕         catch (Exception $e) {
    819▕             if ($this->isUniqueConstraintError($e)) {
  ➜ 820▕                 throw new UniqueConstraintViolationException(
    821▕                     $this->getName(), $query, $this->prepareBindings($bindings), $e
    822▕                 );
    823▕             }
    824▕

  [33m1   [39m[39;1mvendor\laravel\framework\src\Illuminate\Database\Connection.php[39;22m:[39;1m820[39;22m

  [33m2   [39m[39;1mvendor\laravel\framework\src\Illuminate\Database\Connection.php[39;22m:[39;1m571[39;22m
  [90m    NunoMaduro\Collision\Exceptions\TestException::("SQLSTATE[23505]: Unique violation: 7 FEHLER:  doppelter Schlüsselwert verletzt Unique-Constraint »user_organisation_roles_user_id_organisation_id_unique«
DETAIL:  Schlüssel »(user_id, organisation_id)=(a1e8e9fe-549f-41be-94e2-145f4d39598c, a1e8e9fe-4414-4123-ba38-597c29959e7d)« existiert bereits.")[39m

  [31m────────────────────────────────────────────────────────────────────────────────────────────────────────────────────[39m  
  [41;1m FAILED [49;22m [1mTests\Feature\ElectionOfficerManagementTest[22m [90m>[39m officer can accept own…  [41;1m UniqueConstraintViolationException [49;22m  
[39;1m  SQLSTATE[23505]: Unique violation: 7 FEHLER:  doppelter Schlüsselwert verletzt Unique-Constraint »user_organisation_roles_user_id_organisation_id_unique«
DETAIL:  Schlüssel »(user_id, organisation_id)=(a1e8e9fe-c936-4cd3-939a-df2aff8135c4, a1e8e9fe-bc0e-4014-af78-6a27400b8354)« existiert bereits. (Connection: pgsql, SQL: insert into "user_organisation_roles" ("id", "user_id", "organisation_id", "role", "updated_at", "created_at") values (3d2e3eaa-2d69-4d91-8754-7354ecfa6779, a1e8e9fe-c936-4cd3-939a-df2aff8135c4, a1e8e9fe-bc0e-4014-af78-6a27400b8354, admin, 2026-05-31 08:48:22, 2026-05-31 08:48:22))[39;22m

  at [32mvendor\laravel\framework\src\Illuminate\Database\Connection.php[39m:[32m820[39m
    816▕         // message to include the bindings with SQL, which will make this exception a
    817▕         // lot more helpful to the developer instead of just the database's errors.
    818▕         catch (Exception $e) {
    819▕             if ($this->isUniqueConstraintError($e)) {
  ➜ 820▕                 throw new UniqueConstraintViolationException(
    821▕                     $this->getName(), $query, $this->prepareBindings($bindings), $e
    822▕                 );
    823▕             }
    824▕

  [33m1   [39m[39;1mvendor\laravel\framework\src\Illuminate\Database\Connection.php[39;22m:[39;1m820[39;22m

  [33m2   [39m[39;1mvendor\laravel\framework\src\Illuminate\Database\Connection.php[39;22m:[39;1m571[39;22m
  [90m    NunoMaduro\Collision\Exceptions\TestException::("SQLSTATE[23505]: Unique violation: 7 FEHLER:  doppelter Schlüsselwert verletzt Unique-Constraint »user_organisation_roles_user_id_organisation_id_unique«
DETAIL:  Schlüssel »(user_id, organisation_id)=(a1e8e9fe-c936-4cd3-939a-df2aff8135c4, a1e8e9fe-bc0e-4014-af78-6a27400b8354)« existiert bereits.")[39m

  [31m────────────────────────────────────────────────────────────────────────────────────────────────────────────────────[39m  
  [41;1m FAILED [49;22m [1mTests\Feature\ElectionOfficerManagementTest[22m [90m>[39m user cannot accept anot… [41;1m UniqueConstraintViolationException [49;22m  
[39;1m  SQLSTATE[23505]: Unique violation: 7 FEHLER:  doppelter Schlüsselwert verletzt Unique-Constraint »user_organisation_roles_user_id_organisation_id_unique«
DETAIL:  Schlüssel »(user_id, organisation_id)=(a1e8e9ff-64a3-4323-98ef-4e300692e445, a1e8e9ff-55ad-45b0-ace2-5e3d201d7e24)« existiert bereits. (Connection: pgsql, SQL: insert into "user_organisation_roles" ("id", "user_id", "organisation_id", "role", "updated_at", "created_at") values (3be7c0e2-f7bb-41b7-8634-3f290d1dbd1a, a1e8e9ff-64a3-4323-98ef-4e300692e445, a1e8e9ff-55ad-45b0-ace2-5e3d201d7e24, admin, 2026-05-31 08:48:23, 2026-05-31 08:48:23))[39;22m

  at [32mvendor\laravel\framework\src\Illuminate\Database\Connection.php[39m:[32m820[39m
    816▕         // message to include the bindings with SQL, which will make this exception a
    817▕         // lot more helpful to the developer instead of just the database's errors.
    818▕         catch (Exception $e) {
    819▕             if ($this->isUniqueConstraintError($e)) {
  ➜ 820▕                 throw new UniqueConstraintViolationException(
    821▕                     $this->getName(), $query, $this->prepareBindings($bindings), $e
    822▕                 );
    823▕             }
    824▕

  [33m1   [39m[39;1mvendor\laravel\framework\src\Illuminate\Database\Connection.php[39;22m:[39;1m820[39;22m

  [33m2   [39m[39;1mvendor\laravel\framework\src\Illuminate\Database\Connection.php[39;22m:[39;1m571[39;22m
  [90m    NunoMaduro\Collision\Exceptions\TestException::("SQLSTATE[23505]: Unique violation: 7 FEHLER:  doppelter Schlüsselwert verletzt Unique-Constraint »user_organisation_roles_user_id_organisation_id_unique«
DETAIL:  Schlüssel »(user_id, organisation_id)=(a1e8e9ff-64a3-4323-98ef-4e300692e445, a1e8e9ff-55ad-45b0-ace2-5e3d201d7e24)« existiert bereits.")[39m

  [31m────────────────────────────────────────────────────────────────────────────────────────────────────────────────────[39m  
  [41;1m FAILED [49;22m [1mTests\Feature\ElectionOfficerManagementTest[22m [90m>[39m admin can remove office… [41;1m UniqueConstraintViolationException [49;22m  
[39;1m  SQLSTATE[23505]: Unique violation: 7 FEHLER:  doppelter Schlüsselwert verletzt Unique-Constraint »user_organisation_roles_user_id_organisation_id_unique«
DETAIL:  Schlüssel »(user_id, organisation_id)=(a1e8e9ff-e851-4237-ab71-7d8fb67d885c, a1e8e9ff-d74f-4034-9799-a213746b7d03)« existiert bereits. (Connection: pgsql, SQL: insert into "user_organisation_roles" ("id", "user_id", "organisation_id", "role", "updated_at", "created_at") values (0c327f33-0407-4f19-acc1-954367695b9c, a1e8e9ff-e851-4237-ab71-7d8fb67d885c, a1e8e9ff-d74f-4034-9799-a213746b7d03, admin, 2026-05-31 08:48:23, 2026-05-31 08:48:23))[39;22m

  at [32mvendor\laravel\framework\src\Illuminate\Database\Connection.php[39m:[32m820[39m
    816▕         // message to include the bindings with SQL, which will make this exception a
    817▕         // lot more helpful to the developer instead of just the database's errors.
    818▕         catch (Exception $e) {
    819▕             if ($this->isUniqueConstraintError($e)) {
  ➜ 820▕                 throw new UniqueConstraintViolationException(
    821▕                     $this->getName(), $query, $this->prepareBindings($bindings), $e
    822▕                 );
    823▕             }
    824▕

  [33m1   [39m[39;1mvendor\laravel\framework\src\Illuminate\Database\Connection.php[39;22m:[39;1m820[39;22m

  [33m2   [39m[39;1mvendor\laravel\framework\src\Illuminate\Database\Connection.php[39;22m:[39;1m571[39;22m
  [90m    NunoMaduro\Collision\Exceptions\TestException::("SQLSTATE[23505]: Unique violation: 7 FEHLER:  doppelter Schlüsselwert verletzt Unique-Constraint »user_organisation_roles_user_id_organisation_id_unique«
DETAIL:  Schlüssel »(user_id, organisation_id)=(a1e8e9ff-e851-4237-ab71-7d8fb67d885c, a1e8e9ff-d74f-4034-9799-a213746b7d03)« existiert bereits.")[39m

  [31m────────────────────────────────────────────────────────────────────────────────────────────────────────────────────[39m  
  [41;1m FAILED [49;22m [1mTests\Feature\ElectionOfficerManagementTest[22m [90m>[39m member cannot remove of… [41;1m UniqueConstraintViolationException [49;22m  
[39;1m  SQLSTATE[23505]: Unique violation: 7 FEHLER:  doppelter Schlüsselwert verletzt Unique-Constraint »user_organisation_roles_user_id_organisation_id_unique«
DETAIL:  Schlüssel »(user_id, organisation_id)=(a1e8ea00-92ff-4de9-9f81-b9414f0fc0c2, a1e8ea00-83bc-401e-982d-98592bc52605)« existiert bereits. (Connection: pgsql, SQL: insert into "user_organisation_roles" ("id", "user_id", "organisation_id", "role", "updated_at", "created_at") values (db0c22cc-fa7a-48d6-b797-642011f6d8ca, a1e8ea00-92ff-4de9-9f81-b9414f0fc0c2, a1e8ea00-83bc-401e-982d-98592bc52605, admin, 2026-05-31 08:48:23, 2026-05-31 08:48:23))[39;22m

  at [32mvendor\laravel\framework\src\Illuminate\Database\Connection.php[39m:[32m820[39m
    816▕         // message to include the bindings with SQL, which will make this exception a
    817▕         // lot more helpful to the developer instead of just the database's errors.
    818▕         catch (Exception $e) {
    819▕             if ($this->isUniqueConstraintError($e)) {
  ➜ 820▕                 throw new UniqueConstraintViolationException(
    821▕                     $this->getName(), $query, $this->prepareBindings($bindings), $e
    822▕                 );
    823▕             }
    824▕

  [33m1   [39m[39;1mvendor\laravel\framework\src\Illuminate\Database\Connection.php[39;22m:[39;1m820[39;22m

  [33m2   [39m[39;1mvendor\laravel\framework\src\Illuminate\Database\Connection.php[39;22m:[39;1m571[39;22m
  [90m    NunoMaduro\Collision\Exceptions\TestException::("SQLSTATE[23505]: Unique violation: 7 FEHLER:  doppelter Schlüsselwert verletzt Unique-Constraint »user_organisation_roles_user_id_organisation_id_unique«
DETAIL:  Schlüssel »(user_id, organisation_id)=(a1e8ea00-92ff-4de9-9f81-b9414f0fc0c2, a1e8ea00-83bc-401e-982d-98592bc52605)« existiert bereits.")[39m

  [31m────────────────────────────────────────────────────────────────────────────────────────────────────────────────────[39m  
  [41;1m FAILED [49;22m [1mTests\Feature\ElectionOfficerManagementTest[22m [90m>[39m organisation show inclu… [41;1m UniqueConstraintViolationException [49;22m  
[39;1m  SQLSTATE[23505]: Unique violation: 7 FEHLER:  doppelter Schlüsselwert verletzt Unique-Constraint »user_organisation_roles_user_id_organisation_id_unique«
DETAIL:  Schlüssel »(user_id, organisation_id)=(a1e8ea01-2a75-4619-adf1-8ad731fe590f, a1e8ea01-17ea-4f3c-949a-2b78db7cf5f9)« existiert bereits. (Connection: pgsql, SQL: insert into "user_organisation_roles" ("id", "user_id", "organisation_id", "role", "updated_at", "created_at") values (928d9df2-e2a9-401d-a7cf-e7bab360a150, a1e8ea01-2a75-4619-adf1-8ad731fe590f, a1e8ea01-17ea-4f3c-949a-2b78db7cf5f9, admin, 2026-05-31 08:48:24, 2026-05-31 08:48:24))[39;22m

  at [32mvendor\laravel\framework\src\Illuminate\Database\Connection.php[39m:[32m820[39m
    816▕         // message to include the bindings with SQL, which will make this exception a
    817▕         // lot more helpful to the developer instead of just the database's errors.
    818▕         catch (Exception $e) {
    819▕             if ($this->isUniqueConstraintError($e)) {
  ➜ 820▕                 throw new UniqueConstraintViolationException(
    821▕                     $this->getName(), $query, $this->prepareBindings($bindings), $e
    822▕                 );
    823▕             }
    824▕

  [33m1   [39m[39;1mvendor\laravel\framework\src\Illuminate\Database\Connection.php[39;22m:[39;1m820[39;22m

  [33m2   [39m[39;1mvendor\laravel\framework\src\Illuminate\Database\Connection.php[39;22m:[39;1m571[39;22m
  [90m    NunoMaduro\Collision\Exceptions\TestException::("SQLSTATE[23505]: Unique violation: 7 FEHLER:  doppelter Schlüsselwert verletzt Unique-Constraint »user_organisation_roles_user_id_organisation_id_unique«
DETAIL:  Schlüssel »(user_id, organisation_id)=(a1e8ea01-2a75-4619-adf1-8ad731fe590f, a1e8ea01-17ea-4f3c-949a-2b78db7cf5f9)« existiert bereits.")[39m

  [31m────────────────────────────────────────────────────────────────────────────────────────────────────────────────────[39m  
  [41;1m FAILED [49;22m [1mTests\Feature\ElectionPostRelationshipTest[22m [90m>[39m post election id is fillable                  [41;1m QueryException [49;22m  
[39;1m  SQLSTATE[23502]: Not null violation: 7 FEHLER:  NULL-Wert in Spalte »organisation_id« von Relation »posts« verletzt Not-Null-Constraint
DETAIL:  Fehlgeschlagene Zeile enthält (a1e8ea03-28b9-4d3f-ac39-1ca91d387f30, null, a1e8ea03-21fb-4458-8e9d-71d651cea81b, President, राष्ट्रपति, t, null, 1, 1, 2026-05-31 08:48:25, 2026-05-31 08:48:25, null). (Connection: pgsql, SQL: insert into "posts" ("election_id", "name", "nepali_name", "required_number", "position_order", "id", "organisation_id", "updated_at", "created_at") values (a1e8ea03-21fb-4458-8e9d-71d651cea81b, President, राष्ट्रपति, 1, 1, a1e8ea03-28b9-4d3f-ac39-1ca91d387f30, ?, 2026-05-31 08:48:25, 2026-05-31 08:48:25))[39;22m

  at [32mvendor\laravel\framework\src\Illuminate\Database\Connection.php[39m:[32m825[39m
    821▕                     $this->getName(), $query, $this->prepareBindings($bindings), $e
    822▕                 );
    823▕             }
    824▕ 
  ➜ 825▕             throw new QueryException(
    826▕                 $this->getName(), $query, $this->prepareBindings($bindings), $e
    827▕             );
    828▕         }
    829▕     }

  [33m1   [39m[39;1mvendor\laravel\framework\src\Illuminate\Database\Connection.php[39;22m:[39;1m825[39;22m

  [33m2   [39m[39;1mvendor\laravel\framework\src\Illuminate\Database\Connection.php[39;22m:[39;1m571[39;22m
  [90m    NunoMaduro\Collision\Exceptions\TestException::("SQLSTATE[23502]: Not null violation: 7 FEHLER:  NULL-Wert in Spalte »organisation_id« von Relation »posts« verletzt Not-Null-Constraint
DETAIL:  Fehlgeschlagene Zeile enthält (a1e8ea03-28b9-4d3f-ac39-1ca91d387f30, null, a1e8ea03-21fb-4458-8e9d-71d651cea81b, President, राष्ट्रपति, t, null, 1, 1, 2026-05-31 08:48:25, 2026-05-31 08:48:25, null).")[39m

  [31m────────────────────────────────────────────────────────────────────────────────────────────────────────────────────[39m  
  [41;1m FAILED [49;22m [1mTests\Feature\ElectionStateMachineTest[22m [90m>[39m state remains nomination after nomin… [41;1m InvalidTransitionException [49;22m  
[39;1m  Action 'complete_administration' not allowed in state 'draft'. Allowed states: setup_administration[39;22m

  at [32mapp\Application\Election\Services\ConstitutionalTransitionGuard.php[39m:[32m59[39m
     55▕         // Check 2: State allows action
     56▕         if (!ElectionConstitution::isActionAllowedInState($action, $snapshot->state)) {
     57▕             $allowedStates = implode(', ', $rules['allowed_states']);
     58▕             $this->metrics?->recordIllegalActivationAttempt($election->id, "Action '$action' not allowed in state '{$snapshot->state->value}'");
  ➜  59▕             throw new InvalidTransitionException(
     60▕                 "Action '{$action}' not allowed in state '{$snapshot->state->value}'. " .
     61▕                 "Allowed states: {$allowedStates}"
     62▕             );
     63▕         }

  [33m1   [39m[39;1mapp\Application\Election\Services\ConstitutionalTransitionGuard.php[39;22m:[39;1m59[39;22m
  [33m2   [39m[39;1mapp\Models\Election.php[39;22m:[39;1m1650[39;22m

  [31m────────────────────────────────────────────────────────────────────────────────────────────────────────────────────[39m  
  [41;1m FAILED [49;22m [1mTests\Feature\ElectionStateMachineTest[22m [90m>[39m cannot complete administration without posts                        
[39;1m  Failed asserting that exception of type "App\Exceptions\InvalidTransitionException" matches expected exception "InvalidArgumentException". Message was: "Action 'complete_administration' not allowed in state 'draft'. Allowed states: setup_administration" at
C:\Users\nabra\OneDrive\Desktop\roshyara\xamp\nrna\nrna-eu\app\Application\Election\Services\ConstitutionalTransitionGuard.php:59
C:\Users\nabra\OneDrive\Desktop\roshyara\xamp\nrna\nrna-eu\app\Models\Election.php:1650
C:\Users\nabra\OneDrive\Desktop\roshyara\xamp\nrna\nrna-eu\vendor\laravel\framework\src\Illuminate\Database\Concerns\ManagesTransactions.php:32
C:\Users\nabra\OneDrive\Desktop\roshyara\xamp\nrna\nrna-eu\vendor\laravel\framework\src\Illuminate\Database\DatabaseManager.php:495
C:\Users\nabra\OneDrive\Desktop\roshyara\xamp\nrna\nrna-eu\vendor\laravel\framework\src\Illuminate\Support\Facades\Facade.php:361
C:\Users\nabra\OneDrive\Desktop\roshyara\xamp\nrna\nrna-eu\app\Models\Election.php:1632
C:\Users\nabra\OneDrive\Desktop\roshyara\xamp\nrna\nrna-eu\vendor\laravel\framework\src\Illuminate\Cache\Lock.php:131
C:\Users\nabra\OneDrive\Desktop\roshyara\xamp\nrna\nrna-eu\app\Models\Election.php:1619
C:\Users\nabra\OneDrive\Desktop\roshyara\xamp\nrna\nrna-eu\app\Models\Election.php:1352
C:\Users\nabra\OneDrive\Desktop\roshyara\xamp\nrna\nrna-eu\tests\Feature\ElectionStateMachineTest.php:273
.[39;22m

  [31m────────────────────────────────────────────────────────────────────────────────────────────────────────────────────[39m  
  [41;1m FAILED [49;22m [1mTests\Feature\ElectionStateMachineTest[22m [90m>[39m cannot complete administration without voters                       
[39;1m  Failed asserting that exception of type "App\Exceptions\InvalidTransitionException" matches expected exception "InvalidArgumentException". Message was: "Action 'complete_administration' not allowed in state 'draft'. Allowed states: setup_administration" at
C:\Users\nabra\OneDrive\Desktop\roshyara\xamp\nrna\nrna-eu\app\Application\Election\Services\ConstitutionalTransitionGuard.php:59
C:\Users\nabra\OneDrive\Desktop\roshyara\xamp\nrna\nrna-eu\app\Models\Election.php:1650
C:\Users\nabra\OneDrive\Desktop\roshyara\xamp\nrna\nrna-eu\vendor\laravel\framework\src\Illuminate\Database\Concerns\ManagesTransactions.php:32
C:\Users\nabra\OneDrive\Desktop\roshyara\xamp\nrna\nrna-eu\vendor\laravel\framework\src\Illuminate\Database\DatabaseManager.php:495
C:\Users\nabra\OneDrive\Desktop\roshyara\xamp\nrna\nrna-eu\vendor\laravel\framework\src\Illuminate\Support\Facades\Facade.php:361
C:\Users\nabra\OneDrive\Desktop\roshyara\xamp\nrna\nrna-eu\app\Models\Election.php:1632
C:\Users\nabra\OneDrive\Desktop\roshyara\xamp\nrna\nrna-eu\vendor\laravel\framework\src\Illuminate\Cache\Lock.php:131
C:\Users\nabra\OneDrive\Desktop\roshyara\xamp\nrna\nrna-eu\app\Models\Election.php:1619
C:\Users\nabra\OneDrive\Desktop\roshyara\xamp\nrna\nrna-eu\app\Models\Election.php:1352
C:\Users\nabra\OneDrive\Desktop\roshyara\xamp\nrna\nrna-eu\tests\Feature\ElectionStateMachineTest.php:287
.[39;22m

  [31m────────────────────────────────────────────────────────────────────────────────────────────────────────────────────[39m  
  [41;1m FAILED [49;22m [1mTests\Feature\ElectionStateMachineTest[22m [90m>[39m complete administration transitions…  [41;1m InvalidTransitionException [49;22m  
[39;1m  Action 'complete_administration' not allowed in state 'draft'. Allowed states: setup_administration[39;22m

  at [32mapp\Application\Election\Services\ConstitutionalTransitionGuard.php[39m:[32m59[39m
     55▕         // Check 2: State allows action
     56▕         if (!ElectionConstitution::isActionAllowedInState($action, $snapshot->state)) {
     57▕             $allowedStates = implode(', ', $rules['allowed_states']);
     58▕             $this->metrics?->recordIllegalActivationAttempt($election->id, "Action '$action' not allowed in state '{$snapshot->state->value}'");
  ➜  59▕             throw new InvalidTransitionException(
     60▕                 "Action '{$action}' not allowed in state '{$snapshot->state->value}'. " .
     61▕                 "Allowed states: {$allowedStates}"
     62▕             );
     63▕         }

  [33m1   [39m[39;1mapp\Application\Election\Services\ConstitutionalTransitionGuard.php[39;22m:[39;1m59[39;22m
  [33m2   [39m[39;1mapp\Models\Election.php[39;22m:[39;1m1650[39;22m

  [31m────────────────────────────────────────────────────────────────────────────────────────────────────────────────────[39m  
  [41;1m FAILED [49;22m [1mTests\Feature\ElectionStateMachineTest[22m [90m>[39m completing administration auto sets…  [41;1m InvalidTransitionException [49;22m  
[39;1m  Action 'complete_administration' not allowed in state 'draft'. Allowed states: setup_administration[39;22m

  at [32mapp\Application\Election\Services\ConstitutionalTransitionGuard.php[39m:[32m59[39m
     55▕         // Check 2: State allows action
     56▕         if (!ElectionConstitution::isActionAllowedInState($action, $snapshot->state)) {
     57▕             $allowedStates = implode(', ', $rules['allowed_states']);
     58▕             $this->metrics?->recordIllegalActivationAttempt($election->id, "Action '$action' not allowed in state '{$snapshot->state->value}'");
  ➜  59▕             throw new InvalidTransitionException(
     60▕                 "Action '{$action}' not allowed in state '{$snapshot->state->value}'. " .
     61▕                 "Allowed states: {$allowedStates}"
     62▕             );
     63▕         }

  [33m1   [39m[39;1mapp\Application\Election\Services\ConstitutionalTransitionGuard.php[39;22m:[39;1m59[39;22m
  [33m2   [39m[39;1mapp\Models\Election.php[39;22m:[39;1m1650[39;22m

  [31m────────────────────────────────────────────────────────────────────────────────────────────────────────────────────[39m  
  [41;1m FAILED [49;22m [1mTests\Feature\ElectionStateMachineTest[22m [90m>[39m cannot complete administration before scheduled start               
[39;1m  Failed asserting that exception of type "App\Exceptions\InvalidTransitionException" matches expected exception "InvalidArgumentException". Message was: "Action 'complete_administration' not allowed in state 'draft'. Allowed states: setup_administration" at
C:\Users\nabra\OneDrive\Desktop\roshyara\xamp\nrna\nrna-eu\app\Application\Election\Services\ConstitutionalTransitionGuard.php:59
C:\Users\nabra\OneDrive\Desktop\roshyara\xamp\nrna\nrna-eu\app\Models\Election.php:1650
C:\Users\nabra\OneDrive\Desktop\roshyara\xamp\nrna\nrna-eu\vendor\laravel\framework\src\Illuminate\Database\Concerns\ManagesTransactions.php:32
C:\Users\nabra\OneDrive\Desktop\roshyara\xamp\nrna\nrna-eu\vendor\laravel\framework\src\Illuminate\Database\DatabaseManager.php:495
C:\Users\nabra\OneDrive\Desktop\roshyara\xamp\nrna\nrna-eu\vendor\laravel\framework\src\Illuminate\Support\Facades\Facade.php:361
C:\Users\nabra\OneDrive\Desktop\roshyara\xamp\nrna\nrna-eu\app\Models\Election.php:1632
C:\Users\nabra\OneDrive\Desktop\roshyara\xamp\nrna\nrna-eu\vendor\laravel\framework\src\Illuminate\Cache\Lock.php:131
C:\Users\nabra\OneDrive\Desktop\roshyara\xamp\nrna\nrna-eu\app\Models\Election.php:1619
C:\Users\nabra\OneDrive\Desktop\roshyara\xamp\nrna\nrna-eu\app\Models\Election.php:1352
C:\Users\nabra\OneDrive\Desktop\roshyara\xamp\nrna\nrna-eu\tests\Feature\ElectionStateMachineTest.php:494
.[39;22m

  [31m────────────────────────────────────────────────────────────────────────────────────────────────────────────────────[39m  
  [41;1m FAILED [49;22m [1mTests\Feature\ElectionStateMachineTest[22m [90m>[39m can complete administration on or af… [41;1m InvalidTransitionException [49;22m  
[39;1m  Action 'complete_administration' not allowed in state 'draft'. Allowed states: setup_administration[39;22m

  at [32mapp\Application\Election\Services\ConstitutionalTransitionGuard.php[39m:[32m59[39m
     55▕         // Check 2: State allows action
     56▕         if (!ElectionConstitution::isActionAllowedInState($action, $snapshot->state)) {
     57▕             $allowedStates = implode(', ', $rules['allowed_states']);
     58▕             $this->metrics?->recordIllegalActivationAttempt($election->id, "Action '$action' not allowed in state '{$snapshot->state->value}'");
  ➜  59▕             throw new InvalidTransitionException(
     60▕                 "Action '{$action}' not allowed in state '{$snapshot->state->value}'. " .
     61▕                 "Allowed states: {$allowedStates}"
     62▕             );
     63▕         }

  [33m1   [39m[39;1mapp\Application\Election\Services\ConstitutionalTransitionGuard.php[39;22m:[39;1m59[39;22m
  [33m2   [39m[39;1mapp\Models\Election.php[39;22m:[39;1m1650[39;22m

  [31m────────────────────────────────────────────────────────────────────────────────────────────────────────────────────[39m  
  [41;1m FAILED [49;22m [1mTests\Feature\ElectionStateMachineTest[22m [90m>[39m can open voting on or after voting s… [41;1m InvalidTransitionException [49;22m  
[39;1m  Action 'open_voting' not allowed in state 'voting_active'. Allowed states: setup_nomination, ready_for_voting[39;22m

  at [32mapp\Application\Election\Services\ConstitutionalTransitionGuard.php[39m:[32m59[39m
     55▕         // Check 2: State allows action
     56▕         if (!ElectionConstitution::isActionAllowedInState($action, $snapshot->state)) {
     57▕             $allowedStates = implode(', ', $rules['allowed_states']);
     58▕             $this->metrics?->recordIllegalActivationAttempt($election->id, "Action '$action' not allowed in state '{$snapshot->state->value}'");
  ➜  59▕             throw new InvalidTransitionException(
     60▕                 "Action '{$action}' not allowed in state '{$snapshot->state->value}'. " .
     61▕                 "Allowed states: {$allowedStates}"
     62▕             );
     63▕         }

  [33m1   [39m[39;1mapp\Application\Election\Services\ConstitutionalTransitionGuard.php[39;22m:[39;1m59[39;22m
  [33m2   [39m[39;1mapp\Models\Election.php[39;22m:[39;1m1650[39;22m

  [31m────────────────────────────────────────────────────────────────────────────────────────────────────────────────────[39m  
  [41;1m FAILED [49;22m [1mTests\Feature\ElectionStateMachineTest[22m [90m>[39m why cannot open voting returns reason when before voting start      
[39;1m  Failed asserting that 'Timezone must be set before opening voting.' [Encoding ignored](length: 43) contains "start" [Encoding ignored](length: 5).[39;22m

  at [32mtests\Feature\ElectionStateMachineTest.php[39m:[32m597[39m
    593▕         ]);
    594▕ 
    595▕         $reason = $this->election->whyCannotOpenVoting();
    596▕         $this->assertNotNull($reason);
  ➜ 597▕         $this->assertStringContainsStringIgnoringCase('start', $reason);
    598▕     }
    599▕ 
    600▕     // =========================================================================
    601▕     // TIMELINE VALIDATION TESTS

  [33m1   [39m[39;1mtests\Feature\ElectionStateMachineTest.php[39;22m:[39;1m597[39;22m

  [31m────────────────────────────────────────────────────────────────────────────────────────────────────────────────────[39m  
  [41;1m FAILED [49;22m [1mTests\Feature\ElectionStateMachineTest[22m [90m>[39m complete administration route transitions state                     
[39;1m  Failed asserting that false is true.[39;22m

  at [32mtests\Feature\ElectionStateMachineTest.php[39m:[32m690[39m
    686▕             ]), ['reason' => 'Administration is complete'])
    687▕             ->assertRedirect();
    688▕ 
    689▕         $this->election->refresh();
  ➜ 690▕         $this->assertTrue($this->election->administration_completed);
    691▕     }
    692▕ 
    693▕     /** @test */
    694▕     public function complete_administration_route_requires_reason(): void

  [33m1   [39m[39;1mtests\Feature\ElectionStateMachineTest.php[39;22m:[39;1m690[39;22m

  [31m────────────────────────────────────────────────────────────────────────────────────────────────────────────────────[39m  
  [41;1m FAILED [49;22m [1mTests\Feature\ElectionStateMachineTest[22m [90m>[39m complete administration route requires reason                       
[39;1m  Session is missing expected key [errors].
Failed asserting that false is true.[39;22m

  at [32mtests\Feature\ElectionStateMachineTest.php[39m:[32m723[39m
    719▕             ->post(route('organisations.elections.complete-administration', [
    720▕                 'organisation' => $this->organisation->slug,
    721▕                 'election'     => $this->election->slug,
    722▕             ]), [])
  ➜ 723▕             ->assertSessionHasErrors('reason');
    724▕     }
    725▕ 
    726▕     // =========================================================================
    727▕     // MISSING REQUIREMENT TESTS

  [31m────────────────────────────────────────────────────────────────────────────────────────────────────────────────────[39m  
  [41;1m FAILED [49;22m [1mTests\Feature\ElectionStateMachineTest[22m [90m>[39m election approved event is dispatche… [41;1m InvalidTransitionException [49;22m  
[39;1m  Action 'approve' not allowed in state 'draft'. Allowed states: submitted_for_approval[39;22m

  at [32mapp\Application\Election\Services\ConstitutionalTransitionGuard.php[39m:[32m59[39m
     55▕         // Check 2: State allows action
     56▕         if (!ElectionConstitution::isActionAllowedInState($action, $snapshot->state)) {
     57▕             $allowedStates = implode(', ', $rules['allowed_states']);
     58▕             $this->metrics?->recordIllegalActivationAttempt($election->id, "Action '$action' not allowed in state '{$snapshot->state->value}'");
  ➜  59▕             throw new InvalidTransitionException(
     60▕                 "Action '{$action}' not allowed in state '{$snapshot->state->value}'. " .
     61▕                 "Allowed states: {$allowedStates}"
     62▕             );
     63▕         }

  [33m1   [39m[39;1mapp\Application\Election\Services\ConstitutionalTransitionGuard.php[39;22m:[39;1m59[39;22m
  [33m2   [39m[39;1mapp\Models\Election.php[39;22m:[39;1m1650[39;22m

  [31m────────────────────────────────────────────────────────────────────────────────────────────────────────────────────[39m  
  [41;1m FAILED [49;22m [1mTests\Feature\ElectionStateMachineTest[22m [90m>[39m administration completed event is di… [41;1m InvalidTransitionException [49;22m  
[39;1m  Action 'complete_administration' not allowed in state 'draft'. Allowed states: setup_administration[39;22m

  at [32mapp\Application\Election\Services\ConstitutionalTransitionGuard.php[39m:[32m59[39m
     55▕         // Check 2: State allows action
     56▕         if (!ElectionConstitution::isActionAllowedInState($action, $snapshot->state)) {
     57▕             $allowedStates = implode(', ', $rules['allowed_states']);
     58▕             $this->metrics?->recordIllegalActivationAttempt($election->id, "Action '$action' not allowed in state '{$snapshot->state->value}'");
  ➜  59▕             throw new InvalidTransitionException(
     60▕                 "Action '{$action}' not allowed in state '{$snapshot->state->value}'. " .
     61▕                 "Allowed states: {$allowedStates}"
     62▕             );
     63▕         }

  [33m1   [39m[39;1mapp\Application\Election\Services\ConstitutionalTransitionGuard.php[39;22m:[39;1m59[39;22m
  [33m2   [39m[39;1mapp\Models\Election.php[39;22m:[39;1m1650[39;22m

  [31m────────────────────────────────────────────────────────────────────────────────────────────────────────────────────[39m  
  [41;1m FAILED [49;22m [1mTests\Feature\ElectionStateMachineTest[22m [90m>[39m voting opened event is dispatched     [41;1m InvalidTransitionException [49;22m  
[39;1m  Action 'open_voting' not allowed in state 'voting_active'. Allowed states: setup_nomination, ready_for_voting[39;22m

  at [32mapp\Application\Election\Services\ConstitutionalTransitionGuard.php[39m:[32m59[39m
     55▕         // Check 2: State allows action
     56▕         if (!ElectionConstitution::isActionAllowedInState($action, $snapshot->state)) {
     57▕             $allowedStates = implode(', ', $rules['allowed_states']);
     58▕             $this->metrics?->recordIllegalActivationAttempt($election->id, "Action '$action' not allowed in state '{$snapshot->state->value}'");
  ➜  59▕             throw new InvalidTransitionException(
     60▕                 "Action '{$action}' not allowed in state '{$snapshot->state->value}'. " .
     61▕                 "Allowed states: {$allowedStates}"
     62▕             );
     63▕         }

  [33m1   [39m[39;1mapp\Application\Election\Services\ConstitutionalTransitionGuard.php[39;22m:[39;1m59[39;22m
  [33m2   [39m[39;1mapp\Models\Election.php[39;22m:[39;1m1650[39;22m

  [31m────────────────────────────────────────────────────────────────────────────────────────────────────────────────────[39m  
  [41;1m FAILED [49;22m [1mTests\Feature\ElectionStateMachineTest[22m [90m>[39m voting closed event is dispatched     [41;1m InvalidTransitionException [49;22m  
[39;1m  You do not have permission to perform 'close_voting'. Required role(s): chief, deputy[39;22m

  at [32mapp\Application\Election\Services\ConstitutionalTransitionGuard.php[39m:[32m70[39m
     66▕         $requiredRoles = ElectionConstitution::getAllowedRolesForAction($action);
     67▕         if (!$this->userHasAnyRole($election, $requiredRoles)) {
     68▕             $rolesStr = implode(', ', $requiredRoles);
     69▕             $this->metrics?->recordIllegalActivationAttempt($election->id, "User lacks required role(s) for action '$action'");
  ➜  70▕             throw new InvalidTransitionException(
     71▕                 "You do not have permission to perform '{$action}'. " .
     72▕                 "Required role(s): {$rolesStr}"
     73▕             );
     74▕         }

  [33m1   [39m[39;1mapp\Application\Election\Services\ConstitutionalTransitionGuard.php[39;22m:[39;1m70[39;22m
  [33m2   [39m[39;1mapp\Models\Election.php[39;22m:[39;1m1650[39;22m

  [31m────────────────────────────────────────────────────────────────────────────────────────────────────────────────────[39m  
  [41;1m FAILED [49;22m [1mTests\Feature\ElectionTimelineSettingsTest[22m [90m>[39m timeline page is accessible                                     
[39;1m  Expected response status code [200] but received 403.
Failed asserting that 403 is identical to 200.[39;22m

  at [32mtests\Feature\ElectionTimelineSettingsTest.php[39m:[32m55[39m
     51▕     public function timeline_page_is_accessible(): void
     52▕     {
     53▕         $this->actingAs($this->admin)
     54▕             ->get(route('elections.timeline', $this->election->slug))
  ➜  55▕             ->assertStatus(200)
     56▕             ->assertInertia(fn ($page) => $page->component('Election/Timeline'));
     57▕     }
     58▕ 
     59▕     /** @test */

  [31m────────────────────────────────────────────────────────────────────────────────────────────────────────────────────[39m  
  [41;1m FAILED [49;22m [1mTests\Feature\ElectionTimelineSettingsTest[22m [90m>[39m can update administration dates                                 
[39;1m  Expected response status code [201, 301, 302, 303, 307, 308] but received 403.
Failed asserting that false is true.[39;22m

  at [32mtests\Feature\ElectionTimelineSettingsTest.php[39m:[32m83[39m
     79▕             'administration_suggested_start' => $start,
     80▕             'administration_suggested_end' => $end,
     81▕         ]);
     82▕ 
  ➜  83▕         $response->assertRedirect();
     84▕         $this->election->refresh();
     85▕ 
     86▕         $this->assertNotNull($this->election->administration_suggested_start);
     87▕         $this->assertNotNull($this->election->administration_suggested_end);

  [31m────────────────────────────────────────────────────────────────────────────────────────────────────────────────────[39m  
  [41;1m FAILED [49;22m [1mTests\Feature\ElectionTimelineSettingsTest[22m [90m>[39m validates end date after start date                             
[39;1m  Session is missing expected key [errors].
Failed asserting that false is true.[39;22m

  at [32mtests\Feature\ElectionTimelineSettingsTest.php[39m:[32m103[39m
     99▕             'administration_suggested_start' => $start,
    100▕             'administration_suggested_end' => $end,
    101▕         ]);
    102▕ 
  ➜ 103▕         $response->assertSessionHasErrors(['administration_suggested_end']);
    104▕     }
    105▕ 
    106▕     /** @test */
    107▕     public function can_update_all_phases_at_once(): void

  [31m────────────────────────────────────────────────────────────────────────────────────────────────────────────────────[39m  
  [41;1m FAILED [49;22m [1mTests\Feature\ElectionTimelineSettingsTest[22m [90m>[39m can update all phases at once                                   
[39;1m  Expected response status code [201, 301, 302, 303, 307, 308] but received 403.
Failed asserting that false is true.[39;22m

  at [32mtests\Feature\ElectionTimelineSettingsTest.php[39m:[32m123[39m
    119▕         ];
    120▕ 
    121▕         $response = $this->patch(route('elections.update-timeline', $this->election->slug), $payload);
    122▕ 
  ➜ 123▕         $response->assertRedirect();
    124▕         $this->election->refresh();
    125▕ 
    126▕         $this->assertNotNull($this->election->administration_suggested_start);
    127▕         $this->assertNotNull($this->election->nomination_suggested_start);

  [31m────────────────────────────────────────────────────────────────────────────────────────────────────────────────────[39m  
  [41;1m FAILED [49;22m [1mTests\Feature\ElectionTimelineSettingsTest[22m [90m>[39m validates nomination dates chronologically                      
[39;1m  Session is missing expected key [errors].
Failed asserting that false is true.[39;22m

  at [32mtests\Feature\ElectionTimelineSettingsTest.php[39m:[32m159[39m
    155▕             'nomination_suggested_start' => Carbon::tomorrow()->addDays(14)->format('Y-m-d H:i:s'),
    156▕             'nomination_suggested_end' => Carbon::tomorrow()->format('Y-m-d H:i:s'),
    157▕         ]);
    158▕ 
  ➜ 159▕         $response->assertSessionHasErrors(['nomination_suggested_end']);
    160▕     }
    161▕ 
    162▕     /** @test */
    163▕     public function validates_phase_chronological_order(): void

  [31m────────────────────────────────────────────────────────────────────────────────────────────────────────────────────[39m  
  [41;1m FAILED [49;22m [1mTests\Feature\ElectionTimelineSettingsTest[22m [90m>[39m validates phase chronological order                             
[39;1m  Session is missing expected key [errors].
Failed asserting that false is true.[39;22m

  at [32mtests\Feature\ElectionTimelineSettingsTest.php[39m:[32m172[39m
    168▕             'administration_suggested_end' => Carbon::tomorrow()->addDays(20)->format('Y-m-d H:i:s'),
    169▕             'nomination_suggested_start' => Carbon::tomorrow()->addDays(14)->format('Y-m-d H:i:s'),
    170▕         ]);
    171▕ 
  ➜ 172▕         $response->assertSessionHasErrors(['nomination_suggested_start']);
    173▕     }
    174▕ 
    175▕     /** @test */
    176▕     public function voting_start_date_cannot_be_in_past(): void

  [31m────────────────────────────────────────────────────────────────────────────────────────────────────────────────────[39m  
  [41;1m FAILED [49;22m [1mTests\Feature\ElectionTimelineSettingsTest[22m [90m>[39m voting start date cannot be in past                             
[39;1m  Session is missing expected key [errors].
Failed asserting that false is true.[39;22m

  at [32mtests\Feature\ElectionTimelineSettingsTest.php[39m:[32m184[39m
    180▕         $response = $this->patch(route('elections.update-timeline', $this->election->slug), [
    181▕             'voting_starts_at' => Carbon::yesterday()->format('Y-m-d H:i:s'),
    182▕         ]);
    183▕ 
  ➜ 184▕         $response->assertSessionHasErrors(['voting_starts_at']);
    185▕     }
    186▕ 
    187▕     // =========================================================================
    188▕     // RESULTS PUBLICATION TESTS

  [31m────────────────────────────────────────────────────────────────────────────────────────────────────────────────────[39m  
  [41;1m FAILED [49;22m [1mTests\Feature\ElectionTimelineSettingsTest[22m [90m>[39m setting results published at auto publishes results             
[39;1m  Expected response status code [201, 301, 302, 303, 307, 308] but received 403.
Failed asserting that false is true.[39;22m

  at [32mtests\Feature\ElectionTimelineSettingsTest.php[39m:[32m200[39m
    196▕         $response = $this->patch(route('elections.update-timeline', $this->election->slug), [
    197▕             'results_published_at' => Carbon::tomorrow()->addDays(36)->format('Y-m-d H:i:s'),
    198▕         ]);
    199▕ 
  ➜ 200▕         $response->assertRedirect();
    201▕         $this->election->refresh();
    202▕ 
    203▕         $this->assertNotNull($this->election->results_published_at);
    204▕         $this->assertTrue($this->election->results_published);

  [31m────────────────────────────────────────────────────────────────────────────────────────────────────────────────────[39m  
  [41;1m FAILED [49;22m [1mTests\Feature\ElectionVoterManagementTest[22m [90m>[39m committee member can view… [41;1m UniqueConstraintViolationException [49;22m  
[39;1m  SQLSTATE[23505]: Unique violation: 7 FEHLER:  doppelter Schlüsselwert verletzt Unique-Constraint »user_organisation_roles_user_id_organisation_id_unique«
DETAIL:  Schlüssel »(user_id, organisation_id)=(a1e8ea1d-2a41-4742-8902-05f140067a55, a1e8ea1c-fa13-4033-8656-f561416be8c9)« existiert bereits. (Connection: pgsql, SQL: insert into "user_organisation_roles" ("created_at", "id", "organisation_id", "role", "updated_at", "user_id") values (2026-05-31 08:48:42, 32ffbc67-552b-4930-a74d-6d57e1ef55ed, a1e8ea1c-fa13-4033-8656-f561416be8c9, voter, 2026-05-31 08:48:42, a1e8ea1d-2a41-4742-8902-05f140067a55))[39;22m

  at [32mvendor\laravel\framework\src\Illuminate\Database\Connection.php[39m:[32m820[39m
    816▕         // message to include the bindings with SQL, which will make this exception a
    817▕         // lot more helpful to the developer instead of just the database's errors.
    818▕         catch (Exception $e) {
    819▕             if ($this->isUniqueConstraintError($e)) {
  ➜ 820▕                 throw new UniqueConstraintViolationException(
    821▕                     $this->getName(), $query, $this->prepareBindings($bindings), $e
    822▕                 );
    823▕             }
    824▕

  [33m1   [39m[39;1mvendor\laravel\framework\src\Illuminate\Database\Connection.php[39;22m:[39;1m820[39;22m

  [33m2   [39m[39;1mvendor\laravel\framework\src\Illuminate\Database\Connection.php[39;22m:[39;1m571[39;22m
  [90m    NunoMaduro\Collision\Exceptions\TestException::("SQLSTATE[23505]: Unique violation: 7 FEHLER:  doppelter Schlüsselwert verletzt Unique-Constraint »user_organisation_roles_user_id_organisation_id_unique«
DETAIL:  Schlüssel »(user_id, organisation_id)=(a1e8ea1d-2a41-4742-8902-05f140067a55, a1e8ea1c-fa13-4033-8656-f561416be8c9)« existiert bereits.")[39m

  [31m────────────────────────────────────────────────────────────────────────────────────────────────────────────────────[39m  
  [41;1m FAILED [49;22m [1mTests\Feature\ElectionVoterManagementTest[22m [90m>[39m non member cannot view vo… [41;1m UniqueConstraintViolationException [49;22m  
[39;1m  SQLSTATE[23505]: Unique violation: 7 FEHLER:  doppelter Schlüsselwert verletzt Unique-Constraint »user_organisation_roles_user_id_organisation_id_unique«
DETAIL:  Schlüssel »(user_id, organisation_id)=(a1e8ea1d-e38b-4f58-8de0-0739e88737b6, a1e8ea1d-b3ec-4f24-a511-eb5b8623798e)« existiert bereits. (Connection: pgsql, SQL: insert into "user_organisation_roles" ("created_at", "id", "organisation_id", "role", "updated_at", "user_id") values (2026-05-31 08:48:43, fb7ffa03-c9fb-4723-9219-ecce56abf6fa, a1e8ea1d-b3ec-4f24-a511-eb5b8623798e, voter, 2026-05-31 08:48:43, a1e8ea1d-e38b-4f58-8de0-0739e88737b6))[39;22m

  at [32mvendor\laravel\framework\src\Illuminate\Database\Connection.php[39m:[32m820[39m
    816▕         // message to include the bindings with SQL, which will make this exception a
    817▕         // lot more helpful to the developer instead of just the database's errors.
    818▕         catch (Exception $e) {
    819▕             if ($this->isUniqueConstraintError($e)) {
  ➜ 820▕                 throw new UniqueConstraintViolationException(
    821▕                     $this->getName(), $query, $this->prepareBindings($bindings), $e
    822▕                 );
    823▕             }
    824▕

  [33m1   [39m[39;1mvendor\laravel\framework\src\Illuminate\Database\Connection.php[39;22m:[39;1m820[39;22m

  [33m2   [39m[39;1mvendor\laravel\framework\src\Illuminate\Database\Connection.php[39;22m:[39;1m571[39;22m
  [90m    NunoMaduro\Collision\Exceptions\TestException::("SQLSTATE[23505]: Unique violation: 7 FEHLER:  doppelter Schlüsselwert verletzt Unique-Constraint »user_organisation_roles_user_id_organisation_id_unique«
DETAIL:  Schlüssel »(user_id, organisation_id)=(a1e8ea1d-e38b-4f58-8de0-0739e88737b6, a1e8ea1d-b3ec-4f24-a511-eb5b8623798e)« existiert bereits.")[39m

  [31m────────────────────────────────────────────────────────────────────────────────────────────────────────────────────[39m  
  [41;1m FAILED [49;22m [1mTests\Feature\ElectionVoterManagementTest[22m [90m>[39m committee member can assi… [41;1m UniqueConstraintViolationException [49;22m  
[39;1m  SQLSTATE[23505]: Unique violation: 7 FEHLER:  doppelter Schlüsselwert verletzt Unique-Constraint »user_organisation_roles_user_id_organisation_id_unique«
DETAIL:  Schlüssel »(user_id, organisation_id)=(a1e8ea1e-7209-4128-958f-a0b8862715dd, a1e8ea1e-5606-4b2d-a8b6-d041f5365fba)« existiert bereits. (Connection: pgsql, SQL: insert into "user_organisation_roles" ("created_at", "id", "organisation_id", "role", "updated_at", "user_id") values (2026-05-31 08:48:43, 75812688-1ba5-4d40-a408-87b92dea278f, a1e8ea1e-5606-4b2d-a8b6-d041f5365fba, voter, 2026-05-31 08:48:43, a1e8ea1e-7209-4128-958f-a0b8862715dd))[39;22m

  at [32mvendor\laravel\framework\src\Illuminate\Database\Connection.php[39m:[32m820[39m
    816▕         // message to include the bindings with SQL, which will make this exception a
    817▕         // lot more helpful to the developer instead of just the database's errors.
    818▕         catch (Exception $e) {
    819▕             if ($this->isUniqueConstraintError($e)) {
  ➜ 820▕                 throw new UniqueConstraintViolationException(
    821▕                     $this->getName(), $query, $this->prepareBindings($bindings), $e
    822▕                 );
    823▕             }
    824▕

  [33m1   [39m[39;1mvendor\laravel\framework\src\Illuminate\Database\Connection.php[39;22m:[39;1m820[39;22m

  [33m2   [39m[39;1mvendor\laravel\framework\src\Illuminate\Database\Connection.php[39;22m:[39;1m571[39;22m
  [90m    NunoMaduro\Collision\Exceptions\TestException::("SQLSTATE[23505]: Unique violation: 7 FEHLER:  doppelter Schlüsselwert verletzt Unique-Constraint »user_organisation_roles_user_id_organisation_id_unique«
DETAIL:  Schlüssel »(user_id, organisation_id)=(a1e8ea1e-7209-4128-958f-a0b8862715dd, a1e8ea1e-5606-4b2d-a8b6-d041f5365fba)« existiert bereits.")[39m

  [31m────────────────────────────────────────────────────────────────────────────────────────────────────────────────────[39m  
  [41;1m FAILED [49;22m [1mTests\Feature\ElectionVoterManagementTest[22m [90m>[39m assign non org member is…  [41;1m UniqueConstraintViolationException [49;22m  
[39;1m  SQLSTATE[23505]: Unique violation: 7 FEHLER:  doppelter Schlüsselwert verletzt Unique-Constraint »user_organisation_roles_user_id_organisation_id_unique«
DETAIL:  Schlüssel »(user_id, organisation_id)=(a1e8ea1f-0515-4d4e-99e8-905a074274fc, a1e8ea1e-e179-485f-8c2b-af50670fdbef)« existiert bereits. (Connection: pgsql, SQL: insert into "user_organisation_roles" ("created_at", "id", "organisation_id", "role", "updated_at", "user_id") values (2026-05-31 08:48:43, dcfe27b3-643b-41f9-917b-2c15822406f7, a1e8ea1e-e179-485f-8c2b-af50670fdbef, voter, 2026-05-31 08:48:43, a1e8ea1f-0515-4d4e-99e8-905a074274fc))[39;22m

  at [32mvendor\laravel\framework\src\Illuminate\Database\Connection.php[39m:[32m820[39m
    816▕         // message to include the bindings with SQL, which will make this exception a
    817▕         // lot more helpful to the developer instead of just the database's errors.
    818▕         catch (Exception $e) {
    819▕             if ($this->isUniqueConstraintError($e)) {
  ➜ 820▕                 throw new UniqueConstraintViolationException(
    821▕                     $this->getName(), $query, $this->prepareBindings($bindings), $e
    822▕                 );
    823▕             }
    824▕

  [33m1   [39m[39;1mvendor\laravel\framework\src\Illuminate\Database\Connection.php[39;22m:[39;1m820[39;22m

  [33m2   [39m[39;1mvendor\laravel\framework\src\Illuminate\Database\Connection.php[39;22m:[39;1m571[39;22m
  [90m    NunoMaduro\Collision\Exceptions\TestException::("SQLSTATE[23505]: Unique violation: 7 FEHLER:  doppelter Schlüsselwert verletzt Unique-Constraint »user_organisation_roles_user_id_organisation_id_unique«
DETAIL:  Schlüssel »(user_id, organisation_id)=(a1e8ea1f-0515-4d4e-99e8-905a074274fc, a1e8ea1e-e179-485f-8c2b-af50670fdbef)« existiert bereits.")[39m

  [31m────────────────────────────────────────────────────────────────────────────────────────────────────────────────────[39m  
  [41;1m FAILED [49;22m [1mTests\Feature\ElectionVoterManagementTest[22m [90m>[39m committee member can remo… [41;1m UniqueConstraintViolationException [49;22m  
[39;1m  SQLSTATE[23505]: Unique violation: 7 FEHLER:  doppelter Schlüsselwert verletzt Unique-Constraint »user_organisation_roles_user_id_organisation_id_unique«
DETAIL:  Schlüssel »(user_id, organisation_id)=(a1e8ea1f-9583-49cc-8b15-dd853488f8d2, a1e8ea1f-7f23-490a-9502-7a076fa7dc85)« existiert bereits. (Connection: pgsql, SQL: insert into "user_organisation_roles" ("created_at", "id", "organisation_id", "role", "updated_at", "user_id") values (2026-05-31 08:48:44, 187a1ae1-da0e-432f-9c5f-09b397228be4, a1e8ea1f-7f23-490a-9502-7a076fa7dc85, voter, 2026-05-31 08:48:44, a1e8ea1f-9583-49cc-8b15-dd853488f8d2))[39;22m

  at [32mvendor\laravel\framework\src\Illuminate\Database\Connection.php[39m:[32m820[39m
    816▕         // message to include the bindings with SQL, which will make this exception a
    817▕         // lot more helpful to the developer instead of just the database's errors.
    818▕         catch (Exception $e) {
    819▕             if ($this->isUniqueConstraintError($e)) {
  ➜ 820▕                 throw new UniqueConstraintViolationException(
    821▕                     $this->getName(), $query, $this->prepareBindings($bindings), $e
    822▕                 );
    823▕             }
    824▕

  [33m1   [39m[39;1mvendor\laravel\framework\src\Illuminate\Database\Connection.php[39;22m:[39;1m820[39;22m

  [33m2   [39m[39;1mvendor\laravel\framework\src\Illuminate\Database\Connection.php[39;22m:[39;1m571[39;22m
  [90m    NunoMaduro\Collision\Exceptions\TestException::("SQLSTATE[23505]: Unique violation: 7 FEHLER:  doppelter Schlüsselwert verletzt Unique-Constraint »user_organisation_roles_user_id_organisation_id_unique«
DETAIL:  Schlüssel »(user_id, organisation_id)=(a1e8ea1f-9583-49cc-8b15-dd853488f8d2, a1e8ea1f-7f23-490a-9502-7a076fa7dc85)« existiert bereits.")[39m

  [31m────────────────────────────────────────────────────────────────────────────────────────────────────────────────────[39m  
  [41;1m FAILED [49;22m [1mTests\Feature\ElectionVoterManagementTest[22m [90m>[39m regular voter cannot mana… [41;1m UniqueConstraintViolationException [49;22m  
[39;1m  SQLSTATE[23505]: Unique violation: 7 FEHLER:  doppelter Schlüsselwert verletzt Unique-Constraint »user_organisation_roles_user_id_organisation_id_unique«
DETAIL:  Schlüssel »(user_id, organisation_id)=(a1e8ea20-10cf-4b06-8e5f-f751acdb315a, a1e8ea1f-facb-4b67-b3f5-6299fa010ae8)« existiert bereits. (Connection: pgsql, SQL: insert into "user_organisation_roles" ("created_at", "id", "organisation_id", "role", "updated_at", "user_id") values (2026-05-31 08:48:44, 3e33797b-c9d3-4fbf-ad51-dbd7e1404486, a1e8ea1f-facb-4b67-b3f5-6299fa010ae8, voter, 2026-05-31 08:48:44, a1e8ea20-10cf-4b06-8e5f-f751acdb315a))[39;22m

  at [32mvendor\laravel\framework\src\Illuminate\Database\Connection.php[39m:[32m820[39m
    816▕         // message to include the bindings with SQL, which will make this exception a
    817▕         // lot more helpful to the developer instead of just the database's errors.
    818▕         catch (Exception $e) {
    819▕             if ($this->isUniqueConstraintError($e)) {
  ➜ 820▕                 throw new UniqueConstraintViolationException(
    821▕                     $this->getName(), $query, $this->prepareBindings($bindings), $e
    822▕                 );
    823▕             }
    824▕

  [33m1   [39m[39;1mvendor\laravel\framework\src\Illuminate\Database\Connection.php[39;22m:[39;1m820[39;22m

  [33m2   [39m[39;1mvendor\laravel\framework\src\Illuminate\Database\Connection.php[39;22m:[39;1m571[39;22m
  [90m    NunoMaduro\Collision\Exceptions\TestException::("SQLSTATE[23505]: Unique violation: 7 FEHLER:  doppelter Schlüsselwert verletzt Unique-Constraint »user_organisation_roles_user_id_organisation_id_unique«
DETAIL:  Schlüssel »(user_id, organisation_id)=(a1e8ea20-10cf-4b06-8e5f-f751acdb315a, a1e8ea1f-facb-4b67-b3f5-6299fa010ae8)« existiert bereits.")[39m

  [31m────────────────────────────────────────────────────────────────────────────────────────────────────────────────────[39m  
  [41;1m FAILED [49;22m [1mTests\Feature\ElectionVoterManagementTest[22m [90m>[39m committee member can bulk… [41;1m UniqueConstraintViolationException [49;22m  
[39;1m  SQLSTATE[23505]: Unique violation: 7 FEHLER:  doppelter Schlüsselwert verletzt Unique-Constraint »user_organisation_roles_user_id_organisation_id_unique«
DETAIL:  Schlüssel »(user_id, organisation_id)=(a1e8ea20-9ecf-42ad-8853-a340817ebfa9, a1e8ea20-8738-4507-aa6d-25d478d49bcb)« existiert bereits. (Connection: pgsql, SQL: insert into "user_organisation_roles" ("created_at", "id", "organisation_id", "role", "updated_at", "user_id") values (2026-05-31 08:48:44, 6bf99d85-47b1-4ae2-943e-2f355673ab65, a1e8ea20-8738-4507-aa6d-25d478d49bcb, voter, 2026-05-31 08:48:44, a1e8ea20-9ecf-42ad-8853-a340817ebfa9))[39;22m

  at [32mvendor\laravel\framework\src\Illuminate\Database\Connection.php[39m:[32m820[39m
    816▕         // message to include the bindings with SQL, which will make this exception a
    817▕         // lot more helpful to the developer instead of just the database's errors.
    818▕         catch (Exception $e) {
    819▕             if ($this->isUniqueConstraintError($e)) {
  ➜ 820▕                 throw new UniqueConstraintViolationException(
    821▕                     $this->getName(), $query, $this->prepareBindings($bindings), $e
    822▕                 );
    823▕             }
    824▕

  [33m1   [39m[39;1mvendor\laravel\framework\src\Illuminate\Database\Connection.php[39;22m:[39;1m820[39;22m

  [33m2   [39m[39;1mvendor\laravel\framework\src\Illuminate\Database\Connection.php[39;22m:[39;1m571[39;22m
  [90m    NunoMaduro\Collision\Exceptions\TestException::("SQLSTATE[23505]: Unique violation: 7 FEHLER:  doppelter Schlüsselwert verletzt Unique-Constraint »user_organisation_roles_user_id_organisation_id_unique«
DETAIL:  Schlüssel »(user_id, organisation_id)=(a1e8ea20-9ecf-42ad-8853-a340817ebfa9, a1e8ea20-8738-4507-aa6d-25d478d49bcb)« existiert bereits.")[39m

  [31m────────────────────────────────────────────────────────────────────────────────────────────────────────────────────[39m  
  [41;1m FAILED [49;22m [1mTests\Feature\ElectionVoterManagementTest[22m [90m>[39m committee member can expo… [41;1m UniqueConstraintViolationException [49;22m  
[39;1m  SQLSTATE[23505]: Unique violation: 7 FEHLER:  doppelter Schlüsselwert verletzt Unique-Constraint »user_organisation_roles_user_id_organisation_id_unique«
DETAIL:  Schlüssel »(user_id, organisation_id)=(a1e8ea21-026f-4709-a283-e8ba0693ac54, a1e8ea20-ebb7-496d-a28d-a968377c47b7)« existiert bereits. (Connection: pgsql, SQL: insert into "user_organisation_roles" ("created_at", "id", "organisation_id", "role", "updated_at", "user_id") values (2026-05-31 08:48:45, fda5f5fe-22bd-4164-8971-9dc0d8cf3e20, a1e8ea20-ebb7-496d-a28d-a968377c47b7, voter, 2026-05-31 08:48:45, a1e8ea21-026f-4709-a283-e8ba0693ac54))[39;22m

  at [32mvendor\laravel\framework\src\Illuminate\Database\Connection.php[39m:[32m820[39m
    816▕         // message to include the bindings with SQL, which will make this exception a
    817▕         // lot more helpful to the developer instead of just the database's errors.
    818▕         catch (Exception $e) {
    819▕             if ($this->isUniqueConstraintError($e)) {
  ➜ 820▕                 throw new UniqueConstraintViolationException(
    821▕                     $this->getName(), $query, $this->prepareBindings($bindings), $e
    822▕                 );
    823▕             }
    824▕

  [33m1   [39m[39;1mvendor\laravel\framework\src\Illuminate\Database\Connection.php[39;22m:[39;1m820[39;22m

  [33m2   [39m[39;1mvendor\laravel\framework\src\Illuminate\Database\Connection.php[39;22m:[39;1m571[39;22m
  [90m    NunoMaduro\Collision\Exceptions\TestException::("SQLSTATE[23505]: Unique violation: 7 FEHLER:  doppelter Schlüsselwert verletzt Unique-Constraint »user_organisation_roles_user_id_organisation_id_unique«
DETAIL:  Schlüssel »(user_id, organisation_id)=(a1e8ea21-026f-4709-a283-e8ba0693ac54, a1e8ea20-ebb7-496d-a28d-a968377c47b7)« existiert bereits.")[39m

  [31m────────────────────────────────────────────────────────────────────────────────────────────────────────────────────[39m  
  [41;1m FAILED [49;22m [1mTests\Feature\ElectionVoterManagementTest[22m [90m>[39m demo election voter index… [41;1m UniqueConstraintViolationException [49;22m  
[39;1m  SQLSTATE[23505]: Unique violation: 7 FEHLER:  doppelter Schlüsselwert verletzt Unique-Constraint »user_organisation_roles_user_id_organisation_id_unique«
DETAIL:  Schlüssel »(user_id, organisation_id)=(a1e8ea21-6b5f-40bd-ac2f-270573c2eed9, a1e8ea21-5899-4ec9-8b40-80b98586cdba)« existiert bereits. (Connection: pgsql, SQL: insert into "user_organisation_roles" ("created_at", "id", "organisation_id", "role", "updated_at", "user_id") values (2026-05-31 08:48:45, 1c9df166-202d-4c4b-847a-fc3fa05ca807, a1e8ea21-5899-4ec9-8b40-80b98586cdba, voter, 2026-05-31 08:48:45, a1e8ea21-6b5f-40bd-ac2f-270573c2eed9))[39;22m

  at [32mvendor\laravel\framework\src\Illuminate\Database\Connection.php[39m:[32m820[39m
    816▕         // message to include the bindings with SQL, which will make this exception a
    817▕         // lot more helpful to the developer instead of just the database's errors.
    818▕         catch (Exception $e) {
    819▕             if ($this->isUniqueConstraintError($e)) {
  ➜ 820▕                 throw new UniqueConstraintViolationException(
    821▕                     $this->getName(), $query, $this->prepareBindings($bindings), $e
    822▕                 );
    823▕             }
    824▕

  [33m1   [39m[39;1mvendor\laravel\framework\src\Illuminate\Database\Connection.php[39;22m:[39;1m820[39;22m

  [33m2   [39m[39;1mvendor\laravel\framework\src\Illuminate\Database\Connection.php[39;22m:[39;1m571[39;22m
  [90m    NunoMaduro\Collision\Exceptions\TestException::("SQLSTATE[23505]: Unique violation: 7 FEHLER:  doppelter Schlüsselwert verletzt Unique-Constraint »user_organisation_roles_user_id_organisation_id_unique«
DETAIL:  Schlüssel »(user_id, organisation_id)=(a1e8ea21-6b5f-40bd-ac2f-270573c2eed9, a1e8ea21-5899-4ec9-8b40-80b98586cdba)« existiert bereits.")[39m

  [31m────────────────────────────────────────────────────────────────────────────────────────────────────────────────────[39m  
  [41;1m FAILED [49;22m [1mTests\Feature\ElectionVoterManagementTest[22m [90m>[39m election page passes memb… [41;1m UniqueConstraintViolationException [49;22m  
[39;1m  SQLSTATE[23505]: Unique violation: 7 FEHLER:  doppelter Schlüsselwert verletzt Unique-Constraint »user_organisation_roles_user_id_organisation_id_unique«
DETAIL:  Schlüssel »(user_id, organisation_id)=(a1e8ea21-b74d-4d44-972e-1f7562337fec, a1e8ea21-a583-4d70-96ea-78017829eb50)« existiert bereits. (Connection: pgsql, SQL: insert into "user_organisation_roles" ("created_at", "id", "organisation_id", "role", "updated_at", "user_id") values (2026-05-31 08:48:45, 667a0ae6-45d4-4f55-8b4b-7c0366afbbd6, a1e8ea21-a583-4d70-96ea-78017829eb50, voter, 2026-05-31 08:48:45, a1e8ea21-b74d-4d44-972e-1f7562337fec))[39;22m

  at [32mvendor\laravel\framework\src\Illuminate\Database\Connection.php[39m:[32m820[39m
    816▕         // message to include the bindings with SQL, which will make this exception a
    817▕         // lot more helpful to the developer instead of just the database's errors.
    818▕         catch (Exception $e) {
    819▕             if ($this->isUniqueConstraintError($e)) {
  ➜ 820▕                 throw new UniqueConstraintViolationException(
    821▕                     $this->getName(), $query, $this->prepareBindings($bindings), $e
    822▕                 );
    823▕             }
    824▕

  [33m1   [39m[39;1mvendor\laravel\framework\src\Illuminate\Database\Connection.php[39;22m:[39;1m820[39;22m

  [33m2   [39m[39;1mvendor\laravel\framework\src\Illuminate\Database\Connection.php[39;22m:[39;1m571[39;22m
  [90m    NunoMaduro\Collision\Exceptions\TestException::("SQLSTATE[23505]: Unique violation: 7 FEHLER:  doppelter Schlüsselwert verletzt Unique-Constraint »user_organisation_roles_user_id_organisation_id_unique«
DETAIL:  Schlüssel »(user_id, organisation_id)=(a1e8ea21-b74d-4d44-972e-1f7562337fec, a1e8ea21-a583-4d70-96ea-78017829eb50)« existiert bereits.")[39m

  [31m────────────────────────────────────────────────────────────────────────────────────────────────────────────────────[39m  
  [41;1m FAILED [49;22m [1mTests\Feature\ElectionVoterManagementTest[22m [90m>[39m election page marks non m… [41;1m UniqueConstraintViolationException [49;22m  
[39;1m  SQLSTATE[23505]: Unique violation: 7 FEHLER:  doppelter Schlüsselwert verletzt Unique-Constraint »user_organisation_roles_user_id_organisation_id_unique«
DETAIL:  Schlüssel »(user_id, organisation_id)=(a1e8ea22-3f8a-4fd2-b742-e6e2b9a8f0d6, a1e8ea22-2caf-4ac4-98b5-2dab60234448)« existiert bereits. (Connection: pgsql, SQL: insert into "user_organisation_roles" ("created_at", "id", "organisation_id", "role", "updated_at", "user_id") values (2026-05-31 08:48:45, 882f2fdb-5915-4ba3-b827-4220936e671d, a1e8ea22-2caf-4ac4-98b5-2dab60234448, voter, 2026-05-31 08:48:45, a1e8ea22-3f8a-4fd2-b742-e6e2b9a8f0d6))[39;22m

  at [32mvendor\laravel\framework\src\Illuminate\Database\Connection.php[39m:[32m820[39m
    816▕         // message to include the bindings with SQL, which will make this exception a
    817▕         // lot more helpful to the developer instead of just the database's errors.
    818▕         catch (Exception $e) {
    819▕             if ($this->isUniqueConstraintError($e)) {
  ➜ 820▕                 throw new UniqueConstraintViolationException(
    821▕                     $this->getName(), $query, $this->prepareBindings($bindings), $e
    822▕                 );
    823▕             }
    824▕

  [33m1   [39m[39;1mvendor\laravel\framework\src\Illuminate\Database\Connection.php[39;22m:[39;1m820[39;22m

  [33m2   [39m[39;1mvendor\laravel\framework\src\Illuminate\Database\Connection.php[39;22m:[39;1m571[39;22m
  [90m    NunoMaduro\Collision\Exceptions\TestException::("SQLSTATE[23505]: Unique violation: 7 FEHLER:  doppelter Schlüsselwert verletzt Unique-Constraint »user_organisation_roles_user_id_organisation_id_unique«
DETAIL:  Schlüssel »(user_id, organisation_id)=(a1e8ea22-3f8a-4fd2-b742-e6e2b9a8f0d6, a1e8ea22-2caf-4ac4-98b5-2dab60234448)« existiert bereits.")[39m

  [31m────────────────────────────────────────────────────────────────────────────────────────────────────────────────────[39m  
  [41;1m FAILED [49;22m [1mTests\Feature\Election\CapacityApprovalTest[22m [90m>[39m election with expected 40 voters auto approves                 
[39;1m  Failed asserting that two strings are equal.
--- Expected
+++ Actual
@@ @@
-'administration'
+'approved'[39;22m

  at [32mtests\Feature\Election\CapacityApprovalTest.php[39m:[32m69[39m
     65▕     public function election_with_expected_40_voters_auto_approves(): void
     66▕     {
     67▕         $election = $this->draftElection(40);
     68▕         $election->submitForApproval($this->owner->id);
  ➜  69▕         $this->assertEquals('administration', $election->fresh()->state);
     70▕     }
     71▕ 
     72▕     /** @test */
     73▕     public function election_with_expected_41_voters_goes_to_pending_approval(): void

  [33m1   [39m[39;1mtests\Feature\Election\CapacityApprovalTest.php[39;22m:[39;1m69[39;22m

  [31m────────────────────────────────────────────────────────────────────────────────────────────────────────────────────[39m  
  [41;1m FAILED [49;22m [1mTests\Feature\Election\CapacityApprovalTest[22m [90m>[39m election with expected 41 voter… [41;1m InvalidTransitionException [49;22m  
[39;1m  You do not have permission to perform 'submit_for_approval'. Required role(s): chief, deputy[39;22m

  at [32mapp\Application\Election\Services\ConstitutionalTransitionGuard.php[39m:[32m70[39m
     66▕         $requiredRoles = ElectionConstitution::getAllowedRolesForAction($action);
     67▕         if (!$this->userHasAnyRole($election, $requiredRoles)) {
     68▕             $rolesStr = implode(', ', $requiredRoles);
     69▕             $this->metrics?->recordIllegalActivationAttempt($election->id, "User lacks required role(s) for action '$action'");
  ➜  70▕             throw new InvalidTransitionException(
     71▕                 "You do not have permission to perform '{$action}'. " .
     72▕                 "Required role(s): {$rolesStr}"
     73▕             );
     74▕         }

  [33m1   [39m[39;1mapp\Application\Election\Services\ConstitutionalTransitionGuard.php[39;22m:[39;1m70[39;22m
  [33m2   [39m[39;1mapp\Models\Election.php[39;22m:[39;1m1650[39;22m

  [31m────────────────────────────────────────────────────────────────────────────────────────────────────────────────────[39m  
  [41;1m FAILED [49;22m [1mTests\Feature\Election\CapacityApprovalTest[22m [90m>[39m auto submit creates single system audit record                 
[39;1m  Failed asserting that two strings are equal.
--- Expected
+++ Actual
@@ @@
-'administration'
+'approved'[39;22m

  at [32mtests\Feature\Election\CapacityApprovalTest.php[39m:[32m89[39m
     85▕ 
     86▕         $transitions = ElectionStateTransition::where('election_id', $election->id)->get();
     87▕         $this->assertCount(1, $transitions);
     88▕         $this->assertEquals('draft', $transitions->first()->from_state);
  ➜  89▕         $this->assertEquals('administration', $transitions->first()->to_state);
     90▕         $this->assertEquals('system', $transitions->first()->trigger);
     91▕     }
     92▕ 
     93▕     /** @test */

  [33m1   [39m[39;1mtests\Feature\Election\CapacityApprovalTest.php[39;22m:[39;1m89[39;22m

  [31m────────────────────────────────────────────────────────────────────────────────────────────────────────────────────[39m  
  [41;1m FAILED [49;22m [1mTests\Feature\Election\CapacityApprovalTest[22m [90m>[39m manual submit creates manual au… [41;1m InvalidTransitionException [49;22m  
[39;1m  You do not have permission to perform 'submit_for_approval'. Required role(s): chief, deputy[39;22m

  at [32mapp\Application\Election\Services\ConstitutionalTransitionGuard.php[39m:[32m70[39m
     66▕         $requiredRoles = ElectionConstitution::getAllowedRolesForAction($action);
     67▕         if (!$this->userHasAnyRole($election, $requiredRoles)) {
     68▕             $rolesStr = implode(', ', $requiredRoles);
     69▕             $this->metrics?->recordIllegalActivationAttempt($election->id, "User lacks required role(s) for action '$action'");
  ➜  70▕             throw new InvalidTransitionException(
     71▕                 "You do not have permission to perform '{$action}'. " .
     72▕                 "Required role(s): {$rolesStr}"
     73▕             );
     74▕         }

  [33m1   [39m[39;1mapp\Application\Election\Services\ConstitutionalTransitionGuard.php[39;22m:[39;1m70[39;22m
  [33m2   [39m[39;1mapp\Models\Election.php[39;22m:[39;1m1650[39;22m

  [31m────────────────────────────────────────────────────────────────────────────────────────────────────────────────────[39m  
  [41;1m FAILED [49;22m [1mTests\Feature\Election\ConstitutionalParityIntegrationTest[22m [90m>[39m happy path extractio… [41;1m ModelNotFoundException [49;22m  
[39;1m  No query results for model [App\Models\Election] a1e8ea26-6905-4aef-a9a8-f56280138b3f[39;22m

  at [32mvendor\laravel\framework\src\Illuminate\Database\Eloquent\Builder.php[39m:[32m515[39m
    511▕             return $result;
    512▕         }
    513▕ 
    514▕         if (is_null($result)) {
  ➜ 515▕             throw (new ModelNotFoundException)->setModel(
    516▕                 get_class($this->model), $id
    517▕             );
    518▕         }
    519▕

  [33m1   [39m[39;1mvendor\laravel\framework\src\Illuminate\Database\Eloquent\Builder.php[39;22m:[39;1m515[39;22m
  [33m2   [39m[39;1mvendor\laravel\framework\src\Illuminate\Support\Traits\ForwardsCalls.php[39;22m:[39;1m23[39;22m

  [31m────────────────────────────────────────────────────────────────────────────────────────────────────────────────────[39m  
  [41;1m FAILED [49;22m [1mTests\Feature\Election\ConstitutionalParityIntegrationTest[22m [90m>[39m suspension overlay e… [41;1m ModelNotFoundException [49;22m  
[39;1m  No query results for model [App\Models\Election] a1e8ea26-e8c8-48b6-abc1-1704b20bd104[39;22m

  at [32mvendor\laravel\framework\src\Illuminate\Database\Eloquent\Builder.php[39m:[32m515[39m
    511▕             return $result;
    512▕         }
    513▕ 
    514▕         if (is_null($result)) {
  ➜ 515▕             throw (new ModelNotFoundException)->setModel(
    516▕                 get_class($this->model), $id
    517▕             );
    518▕         }
    519▕

  [33m1   [39m[39;1mvendor\laravel\framework\src\Illuminate\Database\Eloquent\Builder.php[39;22m:[39;1m515[39;22m
  [33m2   [39m[39;1mvendor\laravel\framework\src\Illuminate\Support\Traits\ForwardsCalls.php[39;22m:[39;1m23[39;22m

  [31m────────────────────────────────────────────────────────────────────────────────────────────────────────────────────[39m  
  [41;1m FAILED [49;22m [1mTests\Feature\Election\ConstitutionalParityIntegrationTest[22m [90m>[39m closed lifecycle ext… [41;1m ModelNotFoundException [49;22m  
[39;1m  No query results for model [App\Models\Election] a1e8ea27-8f9b-4c3b-832e-3e0effade463[39;22m

  at [32mvendor\laravel\framework\src\Illuminate\Database\Eloquent\Builder.php[39m:[32m515[39m
    511▕             return $result;
    512▕         }
    513▕ 
    514▕         if (is_null($result)) {
  ➜ 515▕             throw (new ModelNotFoundException)->setModel(
    516▕                 get_class($this->model), $id
    517▕             );
    518▕         }
    519▕

  [33m1   [39m[39;1mvendor\laravel\framework\src\Illuminate\Database\Eloquent\Builder.php[39;22m:[39;1m515[39;22m
  [33m2   [39m[39;1mvendor\laravel\framework\src\Illuminate\Support\Traits\ForwardsCalls.php[39;22m:[39;1m23[39;22m

  [31m────────────────────────────────────────────────────────────────────────────────────────────────────────────────────[39m  
  [41;1m FAILED [49;22m [1mTests\Feature\Election\ConstitutionalParityIntegrationTest[22m [90m>[39m ip restriction extra… [41;1m ModelNotFoundException [49;22m  
[39;1m  No query results for model [App\Models\Election] a1e8ea27-f187-438f-a474-e4844420e3ec[39;22m

  at [32mvendor\laravel\framework\src\Illuminate\Database\Eloquent\Builder.php[39m:[32m515[39m
    511▕             return $result;
    512▕         }
    513▕ 
    514▕         if (is_null($result)) {
  ➜ 515▕             throw (new ModelNotFoundException)->setModel(
    516▕                 get_class($this->model), $id
    517▕             );
    518▕         }
    519▕

  [33m1   [39m[39;1mvendor\laravel\framework\src\Illuminate\Database\Eloquent\Builder.php[39;22m:[39;1m515[39;22m
  [33m2   [39m[39;1mvendor\laravel\framework\src\Illuminate\Support\Traits\ForwardsCalls.php[39;22m:[39;1m23[39;22m

  [31m────────────────────────────────────────────────────────────────────────────────────────────────────────────────────[39m  
  [41;1m FAILED [49;22m [1mTests\Feature\Election\ConstitutionalParityIntegrationTest[22m [90m>[39m divergence ledger re… [41;1m ModelNotFoundException [49;22m  
[39;1m  No query results for model [App\Models\Election] a1e8ea28-698e-43f3-a5b7-a07172afdeca[39;22m

  at [32mvendor\laravel\framework\src\Illuminate\Database\Eloquent\Builder.php[39m:[32m515[39m
    511▕             return $result;
    512▕         }
    513▕ 
    514▕         if (is_null($result)) {
  ➜ 515▕             throw (new ModelNotFoundException)->setModel(
    516▕                 get_class($this->model), $id
    517▕             );
    518▕         }
    519▕

  [33m1   [39m[39;1mvendor\laravel\framework\src\Illuminate\Database\Eloquent\Builder.php[39;22m:[39;1m515[39;22m
  [33m2   [39m[39;1mvendor\laravel\framework\src\Illuminate\Support\Traits\ForwardsCalls.php[39;22m:[39;1m23[39;22m

  [31m────────────────────────────────────────────────────────────────────────────────────────────────────────────────────[39m  
  [41;1m FAILED [49;22m [1mTests\Feature\Election\CsvVoterImportTest[22m [90m>[39m csv import validates email format                                
[39;1m  Expected response status code [201, 301, 302, 303, 307, 308] but received 500.
Failed asserting that false is true.

The following exception occurred during the last request:

PhpOffice\PhpSpreadsheet\Reader\Exception: Could not find zip member zip://C:\Users\nabra\OneDrive\Desktop\roshyara\xamp\nrna\nrna-eu\storage\framework\cache\laravel-excel\laravel-excel-TClODT1ucMV4LD63YK1EyyBsqyR9LJE1.tmp#_rels\.rels in C:\Users\nabra\OneDrive\Desktop\roshyara\xamp\nrna\nrna-eu\vendor\phpoffice\phpspreadsheet\src\PhpSpreadsheet\Shared\File.php:162
Stack trace:
#0 C:\Users\nabra\OneDrive\Desktop\roshyara\xamp\nrna\nrna-eu\vendor\phpoffice\phpspreadsheet\src\PhpSpreadsheet\Reader\Xlsx.php(428): PhpOffice\PhpSpreadsheet\Shared\File::assertFile('C:\\Users\\nabra\\...', '_rels/.rels')
#1 C:\Users\nabra\OneDrive\Desktop\roshyara\xamp\nrna\nrna-eu\vendor\phpoffice\phpspreadsheet\src\PhpSpreadsheet\Reader\BaseReader.php(182): PhpOffice\PhpSpreadsheet\Reader\Xlsx->loadSpreadsheetFromFile('C:\\Users\\nabra\\...')
#2 C:\Users\nabra\OneDrive\Desktop\roshyara\xamp\nrna\nrna-eu\vendor\maatwebsite\excel\src\Reader.php(269): PhpOffice\PhpSpreadsheet\Reader\BaseReader->load('C:\\Users\\nabra\\...')
#3 C:\Users\nabra\OneDrive\Desktop\roshyara\xamp\nrna\nrna-eu\vendor\maatwebsite\excel\src\Reader.php(256): Maatwebsite\Excel\Reader->readSpreadsheet()
#4 C:\Users\nabra\OneDrive\Desktop\roshyara\xamp\nrna\nrna-eu\vendor\maatwebsite\excel\src\Reader.php(158): Maatwebsite\Excel\Reader->loadSpreadsheet(Object(App\Imports\OrganisationUserImport))
#5 C:\Users\nabra\OneDrive\Desktop\roshyara\xamp\nrna\nrna-eu\vendor\maatwebsite\excel\src\Excel.php(171): Maatwebsite\Excel\Reader->toArray(Object(App\Imports\OrganisationUserImport), Object(Illuminate\Http\Testing\File), 'Xlsx', NULL)
#6 C:\Users\nabra\OneDrive\Desktop\roshyara\xamp\nrna\nrna-eu\vendor\laravel\framework\src\Illuminate\Support\Facades\Facade.php(361): Maatwebsite\Excel\Excel->toArray(Object(App\Imports\OrganisationUserImport), Object(Illuminate\Http\Testing\File))
#7 C:\Users\nabra\OneDrive\Desktop\roshyara\xamp\nrna\nrna-eu\app\Services\VoterImportService.php(151): Illuminate\Support\Facades\Facade::__callStatic('toArray', Array)
#8 C:\Users\nabra\OneDrive\Desktop\roshyara\xamp\nrna\nrna-eu\app\Services\VoterImportService.php(109): App\Services\VoterImportService->parseFile(Object(Illuminate\Http\Testing\File))
#9 C:\Users\nabra\OneDrive\Desktop\roshyara\xamp\nrna\nrna-eu\app\Http\Controllers\Election\VoterImportController.php(149): App\Services\VoterImportService->import(Object(Illuminate\Http\Testing\File))
#10 C:\Users\nabra\OneDrive\Desktop\roshyara\xamp\nrna\nrna-eu\vendor\laravel\framework\src\Illuminate\Routing\Controller.php(54): App\Http\Controllers\Election\VoterImportController->import(Object(Illuminate\Http\Request), Object(App\Models\Organisation), Object(App\Models\Election))
#11 C:\Users\nabra\OneDrive\Desktop\roshyara\xamp\nrna\nrna-eu\vendor\laravel\framework\src\Illuminate\Routing\ControllerDispatcher.php(44): Illuminate\Routing\Controller->callAction('import', Array)
#12 C:\Users\nabra\OneDrive\Desktop\roshyara\xamp\nrna\nrna-eu\vendor\laravel\framework\src\Illuminate\Routing\Route.php(266): Illuminate\Routing\ControllerDispatcher->dispatch(Object(Illuminate\Routing\Route), Object(App\Http\Controllers\Election\VoterImportController), 'import')
#13 C:\Users\nabra\OneDrive\Desktop\roshyara\xamp\nrna\nrna-eu\vendor\laravel\framework\src\Illuminate\Routing\Route.php(212): Illuminate\Routing\Route->runController()
#14 C:\Users\nabra\OneDrive\Desktop\roshyara\xamp\nrna\nrna-eu\vendor\laravel\framework\src\Illuminate\Routing\Router.php(808): Illuminate\Routing\Route->run()
#15 C:\Users\nabra\OneDrive\Desktop\roshyara\xamp\nrna\nrna-eu\vendor\laravel\framework\src\Illuminate\Pipeline\Pipeline.php(170): Illuminate\Routing\Router->Illuminate\Routing\{closure}(Object(Illuminate\Http\Request))
#16 C:\Users\nabra\OneDrive\Desktop\roshyara\xamp\nrna\nrna-eu\app\Http\Middleware\EnsureElectionState.php(78): Illuminate\Pipeline\Pipeline->Illuminate\Pipeline\{closure}(Object(Illuminate\Http\Request))
#17 C:\Users\nabra\OneDrive\Desktop\roshyara\xamp\nrna\nrna-eu\vendor\laravel\framework\src\Illuminate\Pipeline\Pipeline.php(209): App\Http\Middleware\EnsureElectionState->handle(Object(Illuminate\Http\Request), Object(Closure), 'import_voters')
#18 C:\Users\nabra\OneDrive\Desktop\roshyara\xamp\nrna\nrna-eu\app\Http\Middleware\EnsureOrganisationMember.php(161): Illuminate\Pipeline\Pipeline->Illuminate\Pipeline\{closure}(Object(Illuminate\Http\Request))
#19 C:\Users\nabra\OneDrive\Desktop\roshyara\xamp\nrna\nrna-eu\vendor\laravel\framework\src\Illuminate\Pipeline\Pipeline.php(209): App\Http\Middleware\EnsureOrganisationMember->handle(Object(Illuminate\Http\Request), Object(Closure))
#20 C:\Users\nabra\OneDrive\Desktop\roshyara\xamp\nrna\nrna-eu\vendor\laravel\framework\src\Illuminate\Auth\Middleware\EnsureEmailIsVerified.php(41): Illuminate\Pipeline\Pipeline->Illuminate\Pipeline\{closure}(Object(Illuminate\Http\Request))
#21 C:\Users\nabra\OneDrive\Desktop\roshyara\xamp\nrna\nrna-eu\vendor\laravel\framework\src\Illuminate\Pipeline\Pipeline.php(209): Illuminate\Auth\Middleware\EnsureEmailIsVerified->handle(Object(Illuminate\Http\Request), Object(Closure))
#22 C:\Users\nabra\OneDrive\Desktop\roshyara\xamp\nrna\nrna-eu\vendor\laravel\framework\src\Illuminate\Auth\Middleware\Authenticate.php(64): Illuminate\Pipeline\Pipeline->Illuminate\Pipeline\{closure}(Object(Illuminate\Http\Request))
#23 C:\Users\nabra\OneDrive\Desktop\roshyara\xamp\nrna\nrna-eu\vendor\laravel\framework\src\Illuminate\Pipeline\Pipeline.php(209): Illuminate\Auth\Middleware\Authenticate->handle(Object(Illuminate\Http\Request), Object(Closure))
#24 C:\Users\nabra\OneDrive\Desktop\roshyara\xamp\nrna\nrna-eu\vendor\inertiajs\inertia-laravel\src\Middleware.php(86): Illuminate\Pipeline\Pipeline->Illuminate\Pipeline\{closure}(Object(Illuminate\Http\Request))
#25 C:\Users\nabra\OneDrive\Desktop\roshyara\xamp\nrna\nrna-eu\vendor\laravel\framework\src\Illuminate\Pipeline\Pipeline.php(209): Inertia\Middleware->handle(Object(Illuminate\Http\Request), Object(Closure))
#26 C:\Users\nabra\OneDrive\Desktop\roshyara\xamp\nrna\nrna-eu\app\Http\Middleware\InjectPageMeta.php(65): Illuminate\Pipeline\Pipeline->Illuminate\Pipeline\{closure}(Object(Illuminate\Http\Request))
#27 C:\Users\nabra\OneDrive\Desktop\roshyara\xamp\nrna\nrna-eu\vendor\laravel\framework\src\Illuminate\Pipeline\Pipeline.php(209): App\Http\Middleware\InjectPageMeta->handle(Object(Illuminate\Http\Request), Object(Closure))
#28 C:\Users\nabra\OneDrive\Desktop\roshyara\xamp\nrna\nrna-eu\app\Http\Middleware\SetLocale.php(59): Illuminate\Pipeline\Pipeline->Illuminate\Pipeline\{closure}(Object(Illuminate\Http\Request))
#29 C:\Users\nabra\OneDrive\Desktop\roshyara\xamp\nrna\nrna-eu\vendor\laravel\framework\src\Illuminate\Pipeline\Pipeline.php(209): App\Http\Middleware\SetLocale->handle(Object(Illuminate\Http\Request), Object(Closure))
#30 C:\Users\nabra\OneDrive\Desktop\roshyara\xamp\nrna\nrna-eu\app\Http\Middleware\PreloadAssets.php(12): Illuminate\Pipeline\Pipeline->Illuminate\Pipeline\{closure}(Object(Illuminate\Http\Request))
#31 C:\Users\nabra\OneDrive\Desktop\roshyara\xamp\nrna\nrna-eu\vendor\laravel\framework\src\Illuminate\Pipeline\Pipeline.php(209): App\Http\Middleware\PreloadAssets->handle(Object(Illuminate\Http\Request), Object(Closure))
#32 C:\Users\nabra\OneDrive\Desktop\roshyara\xamp\nrna\nrna-eu\vendor\laravel\framework\src\Illuminate\Routing\Middleware\SubstituteBindings.php(51): Illuminate\Pipeline\Pipeline->Illuminate\Pipeline\{closure}(Object(Illuminate\Http\Request))
#33 C:\Users\nabra\OneDrive\Desktop\roshyara\xamp\nrna\nrna-eu\vendor\laravel\framework\src\Illuminate\Pipeline\Pipeline.php(209): Illuminate\Routing\Middleware\SubstituteBindings->handle(Object(Illuminate\Http\Request), Object(Closure))
#34 C:\Users\nabra\OneDrive\Desktop\roshyara\xamp\nrna\nrna-eu\vendor\laravel\framework\src\Illuminate\Foundation\Http\Middleware\VerifyCsrfToken.php(88): Illuminate\Pipeline\Pipeline->Illuminate\Pipeline\{closure}(Object(Illuminate\Http\Request))
#35 C:\Users\nabra\OneDrive\Desktop\roshyara\xamp\nrna\nrna-eu\vendor\laravel\framework\src\Illuminate\Pipeline\Pipeline.php(209): Illuminate\Foundation\Http\Middleware\VerifyCsrfToken->handle(Object(Illuminate\Http\Request), Object(Closure))
#36 C:\Users\nabra\OneDrive\Desktop\roshyara\xamp\nrna\nrna-eu\vendor\laravel\framework\src\Illuminate\View\Middleware\ShareErrorsFromSession.php(49): Illuminate\Pipeline\Pipeline->Illuminate\Pipeline\{closure}(Object(Illuminate\Http\Request))
#37 C:\Users\nabra\OneDrive\Desktop\roshyara\xamp\nrna\nrna-eu\vendor\laravel\framework\src\Illuminate\Pipeline\Pipeline.php(209): Illuminate\View\Middleware\ShareErrorsFromSession->handle(Object(Illuminate\Http\Request), Object(Closure))
#38 C:\Users\nabra\OneDrive\Desktop\roshyara\xamp\nrna\nrna-eu\vendor\laravel\framework\src\Illuminate\Session\Middleware\StartSession.php(121): Illuminate\Pipeline\Pipeline->Illuminate\Pipeline\{closure}(Object(Illuminate\Http\Request))
#39 C:\Users\nabra\OneDrive\Desktop\roshyara\xamp\nrna\nrna-eu\vendor\laravel\framework\src\Illuminate\Session\Middleware\StartSession.php(64): Illuminate\Session\Middleware\StartSession->handleStatefulRequest(Object(Illuminate\Http\Request), Object(Illuminate\Session\Store), Object(Closure))
#40 C:\Users\nabra\OneDrive\Desktop\roshyara\xamp\nrna\nrna-eu\vendor\laravel\framework\src\Illuminate\Pipeline\Pipeline.php(209): Illuminate\Session\Middleware\StartSession->handle(Object(Illuminate\Http\Request), Object(Closure))
#41 C:\Users\nabra\OneDrive\Desktop\roshyara\xamp\nrna\nrna-eu\vendor\laravel\framework\src\Illuminate\Cookie\Middleware\AddQueuedCookiesToResponse.php(37): Illuminate\Pipeline\Pipeline->Illuminate\Pipeline\{closure}(Object(Illuminate\Http\Request))
#42 C:\Users\nabra\OneDrive\Desktop\roshyara\xamp\nrna\nrna-eu\vendor\laravel\framework\src\Illuminate\Pipeline\Pipeline.php(209): Illuminate\Cookie\Middleware\AddQueuedCookiesToResponse->handle(Object(Illuminate\Http\Request), Object(Closure))
#43 C:\Users\nabra\OneDrive\Desktop\roshyara\xamp\nrna\nrna-eu\vendor\laravel\framework\src\Illuminate\Cookie\Middleware\EncryptCookies.php(75): Illuminate\Pipeline\Pipeline->Illuminate\Pipeline\{closure}(Object(Illuminate\Http\Request))
#44 C:\Users\nabra\OneDrive\Desktop\roshyara\xamp\nrna\nrna-eu\vendor\laravel\framework\src\Illuminate\Pipeline\Pipeline.php(209): Illuminate\Cookie\Middleware\EncryptCookies->handle(Object(Illuminate\Http\Request), Object(Closure))
#45 C:\Users\nabra\OneDrive\Desktop\roshyara\xamp\nrna\nrna-eu\vendor\laravel\framework\src\Illuminate\Pipeline\Pipeline.php(127): Illuminate\Pipeline\Pipeline->Illuminate\Pipeline\{closure}(Object(Illuminate\Http\Request))
#46 C:\Users\nabra\OneDrive\Desktop\roshyara\xamp\nrna\nrna-eu\vendor\laravel\framework\src\Illuminate\Routing\Router.php(807): Illuminate\Pipeline\Pipeline->then(Object(Closure))
#47 C:\Users\nabra\OneDrive\Desktop\roshyara\xamp\nrna\nrna-eu\vendor\laravel\framework\src\Illuminate\Routing\Router.php(786): Illuminate\Routing\Router->runRouteWithinStack(Object(Illuminate\Routing\Route), Object(Illuminate\Http\Request))
#48 C:\Users\nabra\OneDrive\Desktop\roshyara\xamp\nrna\nrna-eu\vendor\laravel\framework\src\Illuminate\Routing\Router.php(750): Illuminate\Routing\Router->runRoute(Object(Illuminate\Http\Request), Object(Illuminate\Routing\Route))
#49 C:\Users\nabra\OneDrive\Desktop\roshyara\xamp\nrna\nrna-eu\vendor\laravel\framework\src\Illuminate\Routing\Router.php(739): Illuminate\Routing\Router->dispatchToRoute(Object(Illuminate\Http\Request))
#50 C:\Users\nabra\OneDrive\Desktop\roshyara\xamp\nrna\nrna-eu\vendor\laravel\framework\src\Illuminate\Foundation\Http\Kernel.php(201): Illuminate\Routing\Router->dispatch(Object(Illuminate\Http\Request))
#51 C:\Users\nabra\OneDrive\Desktop\roshyara\xamp\nrna\nrna-eu\vendor\laravel\framework\src\Illuminate\Pipeline\Pipeline.php(170): Illuminate\Foundation\Http\Kernel->Illuminate\Foundation\Http\{closure}(Object(Illuminate\Http\Request))
#52 C:\Users\nabra\OneDrive\Desktop\roshyara\xamp\nrna\nrna-eu\app\Http\Middleware\TrackPerformance.php(28): Illuminate\Pipeline\Pipeline->Illuminate\Pipeline\{closure}(Object(Illuminate\Http\Request))
#53 C:\Users\nabra\OneDrive\Desktop\roshyara\xamp\nrna\nrna-eu\vendor\laravel\framework\src\Illuminate\Pipeline\Pipeline.php(209): App\Http\Middleware\TrackPerformance->handle(Object(Illuminate\Http\Request), Object(Closure))
#54 C:\Users\nabra\OneDrive\Desktop\roshyara\xamp\nrna\nrna-eu\vendor\laravel\framework\src\Illuminate\Foundation\Http\Middleware\TransformsRequest.php(21): Illuminate\Pipeline\Pipeline->Illuminate\Pipeline\{closure}(Object(Illuminate\Http\Request))
#55 C:\Users\nabra\OneDrive\Desktop\roshyara\xamp\nrna\nrna-eu\vendor\laravel\framework\src\Illuminate\Foundation\Http\Middleware\ConvertEmptyStringsToNull.php(31): Illuminate\Foundation\Http\Middleware\TransformsRequest->handle(Object(Illuminate\Http\Request), Object(Closure))
#56 C:\Users\nabra\OneDrive\Desktop\roshyara\xamp\nrna\nrna-eu\vendor\laravel\framework\src\Illuminate\Pipeline\Pipeline.php(209): Illuminate\Foundation\Http\Middleware\ConvertEmptyStringsToNull->handle(Object(Illuminate\Http\Request), Object(Closure))
#57 C:\Users\nabra\OneDrive\Desktop\roshyara\xamp\nrna\nrna-eu\vendor\laravel\framework\src\Illuminate\Foundation\Http\Middleware\TransformsRequest.php(21): Illuminate\Pipeline\Pipeline->Illuminate\Pipeline\{closure}(Object(Illuminate\Http\Request))
#58 C:\Users\nabra\OneDrive\Desktop\roshyara\xamp\nrna\nrna-eu\vendor\laravel\framework\src\Illuminate\Foundation\Http\Middleware\TrimStrings.php(51): Illuminate\Foundation\Http\Middleware\TransformsRequest->handle(Object(Illuminate\Http\Request), Object(Closure))
#59 C:\Users\nabra\OneDrive\Desktop\roshyara\xamp\nrna\nrna-eu\vendor\laravel\framework\src\Illuminate\Pipeline\Pipeline.php(209): Illuminate\Foundation\Http\Middleware\TrimStrings->handle(Object(Illuminate\Http\Request), Object(Closure))
#60 C:\Users\nabra\OneDrive\Desktop\roshyara\xamp\nrna\nrna-eu\vendor\laravel\framework\src\Illuminate\Http\Middleware\ValidatePostSize.php(27): Illuminate\Pipeline\Pipeline->Illuminate\Pipeline\{closure}(Object(Illuminate\Http\Request))
#61 C:\Users\nabra\OneDrive\Desktop\roshyara\xamp\nrna\nrna-eu\vendor\laravel\framework\src\Illuminate\Pipeline\Pipeline.php(209): Illuminate\Http\Middleware\ValidatePostSize->handle(Object(Illuminate\Http\Request), Object(Closure))
#62 C:\Users\nabra\OneDrive\Desktop\roshyara\xamp\nrna\nrna-eu\vendor\laravel\framework\src\Illuminate\Foundation\Http\Middleware\PreventRequestsDuringMaintenance.php(110): Illuminate\Pipeline\Pipeline->Illuminate\Pipeline\{closure}(Object(Illuminate\Http\Request))
#63 C:\Users\nabra\OneDrive\Desktop\roshyara\xamp\nrna\nrna-eu\vendor\laravel\framework\src\Illuminate\Pipeline\Pipeline.php(209): Illuminate\Foundation\Http\Middleware\PreventRequestsDuringMaintenance->handle(Object(Illuminate\Http\Request), Object(Closure))
#64 C:\Users\nabra\OneDrive\Desktop\roshyara\xamp\nrna\nrna-eu\vendor\laravel\framework\src\Illuminate\Http\Middleware\HandleCors.php(49): Illuminate\Pipeline\Pipeline->Illuminate\Pipeline\{closure}(Object(Illuminate\Http\Request))
#65 C:\Users\nabra\OneDrive\Desktop\roshyara\xamp\nrna\nrna-eu\vendor\laravel\framework\src\Illuminate\Pipeline\Pipeline.php(209): Illuminate\Http\Middleware\HandleCors->handle(Object(Illuminate\Http\Request), Object(Closure))
#66 C:\Users\nabra\OneDrive\Desktop\roshyara\xamp\nrna\nrna-eu\vendor\laravel\framework\src\Illuminate\Http\Middleware\TrustProxies.php(58): Illuminate\Pipeline\Pipeline->Illuminate\Pipeline\{closure}(Object(Illuminate\Http\Request))
#67 C:\Users\nabra\OneDrive\Desktop\roshyara\xamp\nrna\nrna-eu\vendor\laravel\framework\src\Illuminate\Pipeline\Pipeline.php(209): Illuminate\Http\Middleware\TrustProxies->handle(Object(Illuminate\Http\Request), Object(Closure))
#68 C:\Users\nabra\OneDrive\Desktop\roshyara\xamp\nrna\nrna-eu\vendor\laravel\framework\src\Illuminate\Foundation\Http\Middleware\InvokeDeferredCallbacks.php(22): Illuminate\Pipeline\Pipeline->Illuminate\Pipeline\{closure}(Object(Illuminate\Http\Request))
#69 C:\Users\nabra\OneDrive\Desktop\roshyara\xamp\nrna\nrna-eu\vendor\laravel\framework\src\Illuminate\Pipeline\Pipeline.php(209): Illuminate\Foundation\Http\Middleware\InvokeDeferredCallbacks->handle(Object(Illuminate\Http\Request), Object(Closure))
#70 C:\Users\nabra\OneDrive\Desktop\roshyara\xamp\nrna\nrna-eu\vendor\laravel\framework\src\Illuminate\Pipeline\Pipeline.php(127): Illuminate\Pipeline\Pipeline->Illuminate\Pipeline\{closure}(Object(Illuminate\Http\Request))
#71 C:\Users\nabra\OneDrive\Desktop\roshyara\xamp\nrna\nrna-eu\vendor\laravel\framework\src\Illuminate\Foundation\Http\Kernel.php(176): Illuminate\Pipeline\Pipeline->then(Object(Closure))
#72 C:\Users\nabra\OneDrive\Desktop\roshyara\xamp\nrna\nrna-eu\vendor\laravel\framework\src\Illuminate\Foundation\Http\Kernel.php(145): Illuminate\Foundation\Http\Kernel->sendRequestThroughRouter(Object(Illuminate\Http\Request))
#73 C:\Users\nabra\OneDrive\Desktop\roshyara\xamp\nrna\nrna-eu\vendor\laravel\framework\src\Illuminate\Foundation\Testing\Concerns\MakesHttpRequests.php(607): Illuminate\Foundation\Http\Kernel->handle(Object(Illuminate\Http\Request))
#74 C:\Users\nabra\OneDrive\Desktop\roshyara\xamp\nrna\nrna-eu\vendor\laravel\framework\src\Illuminate\Foundation\Testing\Concerns\MakesHttpRequests.php(397): Illuminate\Foundation\Testing\TestCase->call('POST', '/organisations/...', Array, Array, Array, Array)
#75 C:\Users\nabra\OneDrive\Desktop\roshyara\xamp\nrna\nrna-eu\tests\Feature\Election\CsvVoterImportTest.php(115): Illuminate\Foundation\Testing\TestCase->post('/organisations/...', Array)
#76 C:\Users\nabra\OneDrive\Desktop\roshyara\xamp\nrna\nrna-eu\vendor\phpunit\phpunit\src\Framework\TestCase.php(1235): Tests\Feature\Election\CsvVoterImportTest->csv_import_validates_email_format()
#77 C:\Users\nabra\OneDrive\Desktop\roshyara\xamp\nrna\nrna-eu\vendor\phpunit\phpunit\src\Framework\TestCase.php(514): PHPUnit\Framework\TestCase->runTest()
#78 C:\Users\nabra\OneDrive\Desktop\roshyara\xamp\nrna\nrna-eu\vendor\phpunit\phpunit\src\Framework\TestRunner\TestRunner.php(87): PHPUnit\Framework\TestCase->runBare()
#79 C:\Users\nabra\OneDrive\Desktop\roshyara\xamp\nrna\nrna-eu\vendor\phpunit\phpunit\src\Framework\TestCase.php(361): PHPUnit\Framework\TestRunner->run(Object(Tests\Feature\Election\CsvVoterImportTest))
#80 C:\Users\nabra\OneDrive\Desktop\roshyara\xamp\nrna\nrna-eu\vendor\phpunit\phpunit\src\Framework\TestSuite.php(369): PHPUnit\Framework\TestCase->run()
#81 C:\Users\nabra\OneDrive\Desktop\roshyara\xamp\nrna\nrna-eu\vendor\phpunit\phpunit\src\Framework\TestSuite.php(369): PHPUnit\Framework\TestSuite->run()
#82 C:\Users\nabra\OneDrive\Desktop\roshyara\xamp\nrna\nrna-eu\vendor\phpunit\phpunit\src\Framework\TestSuite.php(369): PHPUnit\Framework\TestSuite->run()
#83 C:\Users\nabra\OneDrive\Desktop\roshyara\xamp\nrna\nrna-eu\vendor\phpunit\phpunit\src\TextUI\TestRunner.php(64): PHPUnit\Framework\TestSuite->run()
#84 C:\Users\nabra\OneDrive\Desktop\roshyara\xamp\nrna\nrna-eu\vendor\phpunit\phpunit\src\TextUI\Application.php(210): PHPUnit\TextUI\TestRunner->run(Object(PHPUnit\TextUI\Configuration\Configuration), Object(PHPUnit\Runner\ResultCache\DefaultResultCache), Object(PHPUnit\Framework\TestSuite))
#85 C:\Users\nabra\OneDrive\Desktop\roshyara\xamp\nrna\nrna-eu\vendor\phpunit\phpunit\phpunit(104): PHPUnit\TextUI\Application->run(Array)
#86 {main}

----------------------------------------------------------------------------------

Could not find zip member zip://C:\Users\nabra\OneDrive\Desktop\roshyara\xamp\nrna\nrna-eu\storage\framework\cache\laravel-excel\laravel-excel-TClODT1ucMV4LD63YK1EyyBsqyR9LJE1.tmp#_rels\.rels[39;22m

  at [32mtests\Feature\Election\CsvVoterImportTest.php[39m:[32m120[39m
    116▕                 'file' => $file,
    117▕                 'confirmed' => true,
    118▕             ]);
    119▕ 
  ➜ 120▕         $response->assertRedirect();
    121▕     }
    122▕ 
    123▕     /** @test */
    124▕     public function csv_import_skips_already_assigned_voters(): void

  [31m────────────────────────────────────────────────────────────────────────────────────────────────────────────────────[39m  
  [41;1m FAILED [49;22m [1mTests\Feature\Election\CsvVoterImportTest[22m [90m>[39m csv import skips already assigned voters                         
[39;1m  Expected response status code [201, 301, 302, 303, 307, 308] but received 500.
Failed asserting that false is true.

The following exception occurred during the last request:

PhpOffice\PhpSpreadsheet\Reader\Exception: Could not find zip member zip://C:\Users\nabra\OneDrive\Desktop\roshyara\xamp\nrna\nrna-eu\storage\framework\cache\laravel-excel\laravel-excel-8pK9Z1u8EunbhvvjdnVA4j9W3l2VSbFw.tmp#_rels\.rels in C:\Users\nabra\OneDrive\Desktop\roshyara\xamp\nrna\nrna-eu\vendor\phpoffice\phpspreadsheet\src\PhpSpreadsheet\Shared\File.php:162
Stack trace:
#0 C:\Users\nabra\OneDrive\Desktop\roshyara\xamp\nrna\nrna-eu\vendor\phpoffice\phpspreadsheet\src\PhpSpreadsheet\Reader\Xlsx.php(428): PhpOffice\PhpSpreadsheet\Shared\File::assertFile('C:\\Users\\nabra\\...', '_rels/.rels')
#1 C:\Users\nabra\OneDrive\Desktop\roshyara\xamp\nrna\nrna-eu\vendor\phpoffice\phpspreadsheet\src\PhpSpreadsheet\Reader\BaseReader.php(182): PhpOffice\PhpSpreadsheet\Reader\Xlsx->loadSpreadsheetFromFile('C:\\Users\\nabra\\...')
#2 C:\Users\nabra\OneDrive\Desktop\roshyara\xamp\nrna\nrna-eu\vendor\maatwebsite\excel\src\Reader.php(269): PhpOffice\PhpSpreadsheet\Reader\BaseReader->load('C:\\Users\\nabra\\...')
#3 C:\Users\nabra\OneDrive\Desktop\roshyara\xamp\nrna\nrna-eu\vendor\maatwebsite\excel\src\Reader.php(256): Maatwebsite\Excel\Reader->readSpreadsheet()
#4 C:\Users\nabra\OneDrive\Desktop\roshyara\xamp\nrna\nrna-eu\vendor\maatwebsite\excel\src\Reader.php(158): Maatwebsite\Excel\Reader->loadSpreadsheet(Object(App\Imports\OrganisationUserImport))
#5 C:\Users\nabra\OneDrive\Desktop\roshyara\xamp\nrna\nrna-eu\vendor\maatwebsite\excel\src\Excel.php(171): Maatwebsite\Excel\Reader->toArray(Object(App\Imports\OrganisationUserImport), Object(Illuminate\Http\Testing\File), 'Xlsx', NULL)
#6 C:\Users\nabra\OneDrive\Desktop\roshyara\xamp\nrna\nrna-eu\vendor\laravel\framework\src\Illuminate\Support\Facades\Facade.php(361): Maatwebsite\Excel\Excel->toArray(Object(App\Imports\OrganisationUserImport), Object(Illuminate\Http\Testing\File))
#7 C:\Users\nabra\OneDrive\Desktop\roshyara\xamp\nrna\nrna-eu\app\Services\VoterImportService.php(151): Illuminate\Support\Facades\Facade::__callStatic('toArray', Array)
#8 C:\Users\nabra\OneDrive\Desktop\roshyara\xamp\nrna\nrna-eu\app\Services\VoterImportService.php(109): App\Services\VoterImportService->parseFile(Object(Illuminate\Http\Testing\File))
#9 C:\Users\nabra\OneDrive\Desktop\roshyara\xamp\nrna\nrna-eu\app\Http\Controllers\Election\VoterImportController.php(149): App\Services\VoterImportService->import(Object(Illuminate\Http\Testing\File))
#10 C:\Users\nabra\OneDrive\Desktop\roshyara\xamp\nrna\nrna-eu\vendor\laravel\framework\src\Illuminate\Routing\Controller.php(54): App\Http\Controllers\Election\VoterImportController->import(Object(Illuminate\Http\Request), Object(App\Models\Organisation), Object(App\Models\Election))
#11 C:\Users\nabra\OneDrive\Desktop\roshyara\xamp\nrna\nrna-eu\vendor\laravel\framework\src\Illuminate\Routing\ControllerDispatcher.php(44): Illuminate\Routing\Controller->callAction('import', Array)
#12 C:\Users\nabra\OneDrive\Desktop\roshyara\xamp\nrna\nrna-eu\vendor\laravel\framework\src\Illuminate\Routing\Route.php(266): Illuminate\Routing\ControllerDispatcher->dispatch(Object(Illuminate\Routing\Route), Object(App\Http\Controllers\Election\VoterImportController), 'import')
#13 C:\Users\nabra\OneDrive\Desktop\roshyara\xamp\nrna\nrna-eu\vendor\laravel\framework\src\Illuminate\Routing\Route.php(212): Illuminate\Routing\Route->runController()
#14 C:\Users\nabra\OneDrive\Desktop\roshyara\xamp\nrna\nrna-eu\vendor\laravel\framework\src\Illuminate\Routing\Router.php(808): Illuminate\Routing\Route->run()
#15 C:\Users\nabra\OneDrive\Desktop\roshyara\xamp\nrna\nrna-eu\vendor\laravel\framework\src\Illuminate\Pipeline\Pipeline.php(170): Illuminate\Routing\Router->Illuminate\Routing\{closure}(Object(Illuminate\Http\Request))
#16 C:\Users\nabra\OneDrive\Desktop\roshyara\xamp\nrna\nrna-eu\app\Http\Middleware\EnsureElectionState.php(78): Illuminate\Pipeline\Pipeline->Illuminate\Pipeline\{closure}(Object(Illuminate\Http\Request))
#17 C:\Users\nabra\OneDrive\Desktop\roshyara\xamp\nrna\nrna-eu\vendor\laravel\framework\src\Illuminate\Pipeline\Pipeline.php(209): App\Http\Middleware\EnsureElectionState->handle(Object(Illuminate\Http\Request), Object(Closure), 'import_voters')
#18 C:\Users\nabra\OneDrive\Desktop\roshyara\xamp\nrna\nrna-eu\app\Http\Middleware\EnsureOrganisationMember.php(161): Illuminate\Pipeline\Pipeline->Illuminate\Pipeline\{closure}(Object(Illuminate\Http\Request))
#19 C:\Users\nabra\OneDrive\Desktop\roshyara\xamp\nrna\nrna-eu\vendor\laravel\framework\src\Illuminate\Pipeline\Pipeline.php(209): App\Http\Middleware\EnsureOrganisationMember->handle(Object(Illuminate\Http\Request), Object(Closure))
#20 C:\Users\nabra\OneDrive\Desktop\roshyara\xamp\nrna\nrna-eu\vendor\laravel\framework\src\Illuminate\Auth\Middleware\EnsureEmailIsVerified.php(41): Illuminate\Pipeline\Pipeline->Illuminate\Pipeline\{closure}(Object(Illuminate\Http\Request))
#21 C:\Users\nabra\OneDrive\Desktop\roshyara\xamp\nrna\nrna-eu\vendor\laravel\framework\src\Illuminate\Pipeline\Pipeline.php(209): Illuminate\Auth\Middleware\EnsureEmailIsVerified->handle(Object(Illuminate\Http\Request), Object(Closure))
#22 C:\Users\nabra\OneDrive\Desktop\roshyara\xamp\nrna\nrna-eu\vendor\laravel\framework\src\Illuminate\Auth\Middleware\Authenticate.php(64): Illuminate\Pipeline\Pipeline->Illuminate\Pipeline\{closure}(Object(Illuminate\Http\Request))
#23 C:\Users\nabra\OneDrive\Desktop\roshyara\xamp\nrna\nrna-eu\vendor\laravel\framework\src\Illuminate\Pipeline\Pipeline.php(209): Illuminate\Auth\Middleware\Authenticate->handle(Object(Illuminate\Http\Request), Object(Closure))
#24 C:\Users\nabra\OneDrive\Desktop\roshyara\xamp\nrna\nrna-eu\vendor\inertiajs\inertia-laravel\src\Middleware.php(86): Illuminate\Pipeline\Pipeline->Illuminate\Pipeline\{closure}(Object(Illuminate\Http\Request))
#25 C:\Users\nabra\OneDrive\Desktop\roshyara\xamp\nrna\nrna-eu\vendor\laravel\framework\src\Illuminate\Pipeline\Pipeline.php(209): Inertia\Middleware->handle(Object(Illuminate\Http\Request), Object(Closure))
#26 C:\Users\nabra\OneDrive\Desktop\roshyara\xamp\nrna\nrna-eu\app\Http\Middleware\InjectPageMeta.php(65): Illuminate\Pipeline\Pipeline->Illuminate\Pipeline\{closure}(Object(Illuminate\Http\Request))
#27 C:\Users\nabra\OneDrive\Desktop\roshyara\xamp\nrna\nrna-eu\vendor\laravel\framework\src\Illuminate\Pipeline\Pipeline.php(209): App\Http\Middleware\InjectPageMeta->handle(Object(Illuminate\Http\Request), Object(Closure))
#28 C:\Users\nabra\OneDrive\Desktop\roshyara\xamp\nrna\nrna-eu\app\Http\Middleware\SetLocale.php(59): Illuminate\Pipeline\Pipeline->Illuminate\Pipeline\{closure}(Object(Illuminate\Http\Request))
#29 C:\Users\nabra\OneDrive\Desktop\roshyara\xamp\nrna\nrna-eu\vendor\laravel\framework\src\Illuminate\Pipeline\Pipeline.php(209): App\Http\Middleware\SetLocale->handle(Object(Illuminate\Http\Request), Object(Closure))
#30 C:\Users\nabra\OneDrive\Desktop\roshyara\xamp\nrna\nrna-eu\app\Http\Middleware\PreloadAssets.php(12): Illuminate\Pipeline\Pipeline->Illuminate\Pipeline\{closure}(Object(Illuminate\Http\Request))
#31 C:\Users\nabra\OneDrive\Desktop\roshyara\xamp\nrna\nrna-eu\vendor\laravel\framework\src\Illuminate\Pipeline\Pipeline.php(209): App\Http\Middleware\PreloadAssets->handle(Object(Illuminate\Http\Request), Object(Closure))
#32 C:\Users\nabra\OneDrive\Desktop\roshyara\xamp\nrna\nrna-eu\vendor\laravel\framework\src\Illuminate\Routing\Middleware\SubstituteBindings.php(51): Illuminate\Pipeline\Pipeline->Illuminate\Pipeline\{closure}(Object(Illuminate\Http\Request))
#33 C:\Users\nabra\OneDrive\Desktop\roshyara\xamp\nrna\nrna-eu\vendor\laravel\framework\src\Illuminate\Pipeline\Pipeline.php(209): Illuminate\Routing\Middleware\SubstituteBindings->handle(Object(Illuminate\Http\Request), Object(Closure))
#34 C:\Users\nabra\OneDrive\Desktop\roshyara\xamp\nrna\nrna-eu\vendor\laravel\framework\src\Illuminate\Foundation\Http\Middleware\VerifyCsrfToken.php(88): Illuminate\Pipeline\Pipeline->Illuminate\Pipeline\{closure}(Object(Illuminate\Http\Request))
#35 C:\Users\nabra\OneDrive\Desktop\roshyara\xamp\nrna\nrna-eu\vendor\laravel\framework\src\Illuminate\Pipeline\Pipeline.php(209): Illuminate\Foundation\Http\Middleware\VerifyCsrfToken->handle(Object(Illuminate\Http\Request), Object(Closure))
#36 C:\Users\nabra\OneDrive\Desktop\roshyara\xamp\nrna\nrna-eu\vendor\laravel\framework\src\Illuminate\View\Middleware\ShareErrorsFromSession.php(49): Illuminate\Pipeline\Pipeline->Illuminate\Pipeline\{closure}(Object(Illuminate\Http\Request))
#37 C:\Users\nabra\OneDrive\Desktop\roshyara\xamp\nrna\nrna-eu\vendor\laravel\framework\src\Illuminate\Pipeline\Pipeline.php(209): Illuminate\View\Middleware\ShareErrorsFromSession->handle(Object(Illuminate\Http\Request), Object(Closure))
#38 C:\Users\nabra\OneDrive\Desktop\roshyara\xamp\nrna\nrna-eu\vendor\laravel\framework\src\Illuminate\Session\Middleware\StartSession.php(121): Illuminate\Pipeline\Pipeline->Illuminate\Pipeline\{closure}(Object(Illuminate\Http\Request))
#39 C:\Users\nabra\OneDrive\Desktop\roshyara\xamp\nrna\nrna-eu\vendor\laravel\framework\src\Illuminate\Session\Middleware\StartSession.php(64): Illuminate\Session\Middleware\StartSession->handleStatefulRequest(Object(Illuminate\Http\Request), Object(Illuminate\Session\Store), Object(Closure))
#40 C:\Users\nabra\OneDrive\Desktop\roshyara\xamp\nrna\nrna-eu\vendor\laravel\framework\src\Illuminate\Pipeline\Pipeline.php(209): Illuminate\Session\Middleware\StartSession->handle(Object(Illuminate\Http\Request), Object(Closure))
#41 C:\Users\nabra\OneDrive\Desktop\roshyara\xamp\nrna\nrna-eu\vendor\laravel\framework\src\Illuminate\Cookie\Middleware\AddQueuedCookiesToResponse.php(37): Illuminate\Pipeline\Pipeline->Illuminate\Pipeline\{closure}(Object(Illuminate\Http\Request))
#42 C:\Users\nabra\OneDrive\Desktop\roshyara\xamp\nrna\nrna-eu\vendor\laravel\framework\src\Illuminate\Pipeline\Pipeline.php(209): Illuminate\Cookie\Middleware\AddQueuedCookiesToResponse->handle(Object(Illuminate\Http\Request), Object(Closure))
#43 C:\Users\nabra\OneDrive\Desktop\roshyara\xamp\nrna\nrna-eu\vendor\laravel\framework\src\Illuminate\Cookie\Middleware\EncryptCookies.php(75): Illuminate\Pipeline\Pipeline->Illuminate\Pipeline\{closure}(Object(Illuminate\Http\Request))
#44 C:\Users\nabra\OneDrive\Desktop\roshyara\xamp\nrna\nrna-eu\vendor\laravel\framework\src\Illuminate\Pipeline\Pipeline.php(209): Illuminate\Cookie\Middleware\EncryptCookies->handle(Object(Illuminate\Http\Request), Object(Closure))
#45 C:\Users\nabra\OneDrive\Desktop\roshyara\xamp\nrna\nrna-eu\vendor\laravel\framework\src\Illuminate\Pipeline\Pipeline.php(127): Illuminate\Pipeline\Pipeline->Illuminate\Pipeline\{closure}(Object(Illuminate\Http\Request))
#46 C:\Users\nabra\OneDrive\Desktop\roshyara\xamp\nrna\nrna-eu\vendor\laravel\framework\src\Illuminate\Routing\Router.php(807): Illuminate\Pipeline\Pipeline->then(Object(Closure))
#47 C:\Users\nabra\OneDrive\Desktop\roshyara\xamp\nrna\nrna-eu\vendor\laravel\framework\src\Illuminate\Routing\Router.php(786): Illuminate\Routing\Router->runRouteWithinStack(Object(Illuminate\Routing\Route), Object(Illuminate\Http\Request))
#48 C:\Users\nabra\OneDrive\Desktop\roshyara\xamp\nrna\nrna-eu\vendor\laravel\framework\src\Illuminate\Routing\Router.php(750): Illuminate\Routing\Router->runRoute(Object(Illuminate\Http\Request), Object(Illuminate\Routing\Route))
#49 C:\Users\nabra\OneDrive\Desktop\roshyara\xamp\nrna\nrna-eu\vendor\laravel\framework\src\Illuminate\Routing\Router.php(739): Illuminate\Routing\Router->dispatchToRoute(Object(Illuminate\Http\Request))
#50 C:\Users\nabra\OneDrive\Desktop\roshyara\xamp\nrna\nrna-eu\vendor\laravel\framework\src\Illuminate\Foundation\Http\Kernel.php(201): Illuminate\Routing\Router->dispatch(Object(Illuminate\Http\Request))
#51 C:\Users\nabra\OneDrive\Desktop\roshyara\xamp\nrna\nrna-eu\vendor\laravel\framework\src\Illuminate\Pipeline\Pipeline.php(170): Illuminate\Foundation\Http\Kernel->Illuminate\Foundation\Http\{closure}(Object(Illuminate\Http\Request))
#52 C:\Users\nabra\OneDrive\Desktop\roshyara\xamp\nrna\nrna-eu\app\Http\Middleware\TrackPerformance.php(28): Illuminate\Pipeline\Pipeline->Illuminate\Pipeline\{closure}(Object(Illuminate\Http\Request))
#53 C:\Users\nabra\OneDrive\Desktop\roshyara\xamp\nrna\nrna-eu\vendor\laravel\framework\src\Illuminate\Pipeline\Pipeline.php(209): App\Http\Middleware\TrackPerformance->handle(Object(Illuminate\Http\Request), Object(Closure))
#54 C:\Users\nabra\OneDrive\Desktop\roshyara\xamp\nrna\nrna-eu\vendor\laravel\framework\src\Illuminate\Foundation\Http\Middleware\TransformsRequest.php(21): Illuminate\Pipeline\Pipeline->Illuminate\Pipeline\{closure}(Object(Illuminate\Http\Request))
#55 C:\Users\nabra\OneDrive\Desktop\roshyara\xamp\nrna\nrna-eu\vendor\laravel\framework\src\Illuminate\Foundation\Http\Middleware\ConvertEmptyStringsToNull.php(31): Illuminate\Foundation\Http\Middleware\TransformsRequest->handle(Object(Illuminate\Http\Request), Object(Closure))
#56 C:\Users\nabra\OneDrive\Desktop\roshyara\xamp\nrna\nrna-eu\vendor\laravel\framework\src\Illuminate\Pipeline\Pipeline.php(209): Illuminate\Foundation\Http\Middleware\ConvertEmptyStringsToNull->handle(Object(Illuminate\Http\Request), Object(Closure))
#57 C:\Users\nabra\OneDrive\Desktop\roshyara\xamp\nrna\nrna-eu\vendor\laravel\framework\src\Illuminate\Foundation\Http\Middleware\TransformsRequest.php(21): Illuminate\Pipeline\Pipeline->Illuminate\Pipeline\{closure}(Object(Illuminate\Http\Request))
#58 C:\Users\nabra\OneDrive\Desktop\roshyara\xamp\nrna\nrna-eu\vendor\laravel\framework\src\Illuminate\Foundation\Http\Middleware\TrimStrings.php(51): Illuminate\Foundation\Http\Middleware\TransformsRequest->handle(Object(Illuminate\Http\Request), Object(Closure))
#59 C:\Users\nabra\OneDrive\Desktop\roshyara\xamp\nrna\nrna-eu\vendor\laravel\framework\src\Illuminate\Pipeline\Pipeline.php(209): Illuminate\Foundation\Http\Middleware\TrimStrings->handle(Object(Illuminate\Http\Request), Object(Closure))
#60 C:\Users\nabra\OneDrive\Desktop\roshyara\xamp\nrna\nrna-eu\vendor\laravel\framework\src\Illuminate\Http\Middleware\ValidatePostSize.php(27): Illuminate\Pipeline\Pipeline->Illuminate\Pipeline\{closure}(Object(Illuminate\Http\Request))
#61 C:\Users\nabra\OneDrive\Desktop\roshyara\xamp\nrna\nrna-eu\vendor\laravel\framework\src\Illuminate\Pipeline\Pipeline.php(209): Illuminate\Http\Middleware\ValidatePostSize->handle(Object(Illuminate\Http\Request), Object(Closure))
#62 C:\Users\nabra\OneDrive\Desktop\roshyara\xamp\nrna\nrna-eu\vendor\laravel\framework\src\Illuminate\Foundation\Http\Middleware\PreventRequestsDuringMaintenance.php(110): Illuminate\Pipeline\Pipeline->Illuminate\Pipeline\{closure}(Object(Illuminate\Http\Request))
#63 C:\Users\nabra\OneDrive\Desktop\roshyara\xamp\nrna\nrna-eu\vendor\laravel\framework\src\Illuminate\Pipeline\Pipeline.php(209): Illuminate\Foundation\Http\Middleware\PreventRequestsDuringMaintenance->handle(Object(Illuminate\Http\Request), Object(Closure))
#64 C:\Users\nabra\OneDrive\Desktop\roshyara\xamp\nrna\nrna-eu\vendor\laravel\framework\src\Illuminate\Http\Middleware\HandleCors.php(49): Illuminate\Pipeline\Pipeline->Illuminate\Pipeline\{closure}(Object(Illuminate\Http\Request))
#65 C:\Users\nabra\OneDrive\Desktop\roshyara\xamp\nrna\nrna-eu\vendor\laravel\framework\src\Illuminate\Pipeline\Pipeline.php(209): Illuminate\Http\Middleware\HandleCors->handle(Object(Illuminate\Http\Request), Object(Closure))
#66 C:\Users\nabra\OneDrive\Desktop\roshyara\xamp\nrna\nrna-eu\vendor\laravel\framework\src\Illuminate\Http\Middleware\TrustProxies.php(58): Illuminate\Pipeline\Pipeline->Illuminate\Pipeline\{closure}(Object(Illuminate\Http\Request))
#67 C:\Users\nabra\OneDrive\Desktop\roshyara\xamp\nrna\nrna-eu\vendor\laravel\framework\src\Illuminate\Pipeline\Pipeline.php(209): Illuminate\Http\Middleware\TrustProxies->handle(Object(Illuminate\Http\Request), Object(Closure))
#68 C:\Users\nabra\OneDrive\Desktop\roshyara\xamp\nrna\nrna-eu\vendor\laravel\framework\src\Illuminate\Foundation\Http\Middleware\InvokeDeferredCallbacks.php(22): Illuminate\Pipeline\Pipeline->Illuminate\Pipeline\{closure}(Object(Illuminate\Http\Request))
#69 C:\Users\nabra\OneDrive\Desktop\roshyara\xamp\nrna\nrna-eu\vendor\laravel\framework\src\Illuminate\Pipeline\Pipeline.php(209): Illuminate\Foundation\Http\Middleware\InvokeDeferredCallbacks->handle(Object(Illuminate\Http\Request), Object(Closure))
#70 C:\Users\nabra\OneDrive\Desktop\roshyara\xamp\nrna\nrna-eu\vendor\laravel\framework\src\Illuminate\Pipeline\Pipeline.php(127): Illuminate\Pipeline\Pipeline->Illuminate\Pipeline\{closure}(Object(Illuminate\Http\Request))
#71 C:\Users\nabra\OneDrive\Desktop\roshyara\xamp\nrna\nrna-eu\vendor\laravel\framework\src\Illuminate\Foundation\Http\Kernel.php(176): Illuminate\Pipeline\Pipeline->then(Object(Closure))
#72 C:\Users\nabra\OneDrive\Desktop\roshyara\xamp\nrna\nrna-eu\vendor\laravel\framework\src\Illuminate\Foundation\Http\Kernel.php(145): Illuminate\Foundation\Http\Kernel->sendRequestThroughRouter(Object(Illuminate\Http\Request))
#73 C:\Users\nabra\OneDrive\Desktop\roshyara\xamp\nrna\nrna-eu\vendor\laravel\framework\src\Illuminate\Foundation\Testing\Concerns\MakesHttpRequests.php(607): Illuminate\Foundation\Http\Kernel->handle(Object(Illuminate\Http\Request))
#74 C:\Users\nabra\OneDrive\Desktop\roshyara\xamp\nrna\nrna-eu\vendor\laravel\framework\src\Illuminate\Foundation\Testing\Concerns\MakesHttpRequests.php(397): Illuminate\Foundation\Testing\TestCase->call('POST', '/organisations/...', Array, Array, Array, Array)
#75 C:\Users\nabra\OneDrive\Desktop\roshyara\xamp\nrna\nrna-eu\tests\Feature\Election\CsvVoterImportTest.php(148): Illuminate\Foundation\Testing\TestCase->post('/organisations/...', Array)
#76 C:\Users\nabra\OneDrive\Desktop\roshyara\xamp\nrna\nrna-eu\vendor\phpunit\phpunit\src\Framework\TestCase.php(1235): Tests\Feature\Election\CsvVoterImportTest->csv_import_skips_already_assigned_voters()
#77 C:\Users\nabra\OneDrive\Desktop\roshyara\xamp\nrna\nrna-eu\vendor\phpunit\phpunit\src\Framework\TestCase.php(514): PHPUnit\Framework\TestCase->runTest()
#78 C:\Users\nabra\OneDrive\Desktop\roshyara\xamp\nrna\nrna-eu\vendor\phpunit\phpunit\src\Framework\TestRunner\TestRunner.php(87): PHPUnit\Framework\TestCase->runBare()
#79 C:\Users\nabra\OneDrive\Desktop\roshyara\xamp\nrna\nrna-eu\vendor\phpunit\phpunit\src\Framework\TestCase.php(361): PHPUnit\Framework\TestRunner->run(Object(Tests\Feature\Election\CsvVoterImportTest))
#80 C:\Users\nabra\OneDrive\Desktop\roshyara\xamp\nrna\nrna-eu\vendor\phpunit\phpunit\src\Framework\TestSuite.php(369): PHPUnit\Framework\TestCase->run()
#81 C:\Users\nabra\OneDrive\Desktop\roshyara\xamp\nrna\nrna-eu\vendor\phpunit\phpunit\src\Framework\TestSuite.php(369): PHPUnit\Framework\TestSuite->run()
#82 C:\Users\nabra\OneDrive\Desktop\roshyara\xamp\nrna\nrna-eu\vendor\phpunit\phpunit\src\Framework\TestSuite.php(369): PHPUnit\Framework\TestSuite->run()
#83 C:\Users\nabra\OneDrive\Desktop\roshyara\xamp\nrna\nrna-eu\vendor\phpunit\phpunit\src\TextUI\TestRunner.php(64): PHPUnit\Framework\TestSuite->run()
#84 C:\Users\nabra\OneDrive\Desktop\roshyara\xamp\nrna\nrna-eu\vendor\phpunit\phpunit\src\TextUI\Application.php(210): PHPUnit\TextUI\TestRunner->run(Object(PHPUnit\TextUI\Configuration\Configuration), Object(PHPUnit\Runner\ResultCache\DefaultResultCache), Object(PHPUnit\Framework\TestSuite))
#85 C:\Users\nabra\OneDrive\Desktop\roshyara\xamp\nrna\nrna-eu\vendor\phpunit\phpunit\phpunit(104): PHPUnit\TextUI\Application->run(Array)
#86 {main}

----------------------------------------------------------------------------------

Could not find zip member zip://C:\Users\nabra\OneDrive\Desktop\roshyara\xamp\nrna\nrna-eu\storage\framework\cache\laravel-excel\laravel-excel-8pK9Z1u8EunbhvvjdnVA4j9W3l2VSbFw.tmp#_rels\.rels[39;22m

  at [32mtests\Feature\Election\CsvVoterImportTest.php[39m:[32m153[39m
    149▕                 'file' => $file,
    150▕                 'confirmed' => true,
    151▕             ]);
    152▕ 
  ➜ 153▕         $response->assertRedirect();
    154▕     }
    155▕ 
    156▕     /** @test */
    157▕     public function csv_import_respects_membership_mode(): void

  [31m────────────────────────────────────────────────────────────────────────────────────────────────────────────────────[39m  
  [41;1m FAILED [49;22m [1mTests\Feature\Election\CsvVoterImportTest[22m [90m>[39m csv import respects membership mode                              
[39;1m  Expected response status code [201, 301, 302, 303, 307, 308] but received 403.
Failed asserting that false is true.[39;22m

  at [32mtests\Feature\Election\CsvVoterImportTest.php[39m:[32m207[39m
    203▕             "email\nvoter@example.com"
    204▕         );
    205▕ 
    206▕         $response = $this->actingAs($admin)
  ➜ 207▕             ->withSession(['current_organisation_id' => $fullMembershipOrg->id])
    208▕             ->post("/organisations/{$fullMembershipOrg->slug}/elections/{$fullMembershipElection->slug}/voters/import", [
    209▕                 'file' => $file,
    210▕                 'confirmed' => true,
    211▕             ]);

  [31m────────────────────────────────────────────────────────────────────────────────────────────────────────────────────[39m  
  [41;1m FAILED [49;22m [1mTests\Feature\Election\CsvVoterImportTest[22m [90m>[39m csv import handles large files gracefully                        
[39;1m  Expected response status code [201, 301, 302, 303, 307, 308] but received 500.
Failed asserting that false is true.

The following exception occurred during the last request:

PhpOffice\PhpSpreadsheet\Reader\Exception: Could not find zip member zip://C:\Users\nabra\OneDrive\Desktop\roshyara\xamp\nrna\nrna-eu\storage\framework\cache\laravel-excel\laravel-excel-I4Chy89ORSDy78qN0xtXeYGGqlEnEmcb.tmp#_rels\.rels in C:\Users\nabra\OneDrive\Desktop\roshyara\xamp\nrna\nrna-eu\vendor\phpoffice\phpspreadsheet\src\PhpSpreadsheet\Shared\File.php:162
Stack trace:
#0 C:\Users\nabra\OneDrive\Desktop\roshyara\xamp\nrna\nrna-eu\vendor\phpoffice\phpspreadsheet\src\PhpSpreadsheet\Reader\Xlsx.php(428): PhpOffice\PhpSpreadsheet\Shared\File::assertFile('C:\\Users\\nabra\\...', '_rels/.rels')
#1 C:\Users\nabra\OneDrive\Desktop\roshyara\xamp\nrna\nrna-eu\vendor\phpoffice\phpspreadsheet\src\PhpSpreadsheet\Reader\BaseReader.php(182): PhpOffice\PhpSpreadsheet\Reader\Xlsx->loadSpreadsheetFromFile('C:\\Users\\nabra\\...')
#2 C:\Users\nabra\OneDrive\Desktop\roshyara\xamp\nrna\nrna-eu\vendor\maatwebsite\excel\src\Reader.php(269): PhpOffice\PhpSpreadsheet\Reader\BaseReader->load('C:\\Users\\nabra\\...')
#3 C:\Users\nabra\OneDrive\Desktop\roshyara\xamp\nrna\nrna-eu\vendor\maatwebsite\excel\src\Reader.php(256): Maatwebsite\Excel\Reader->readSpreadsheet()
#4 C:\Users\nabra\OneDrive\Desktop\roshyara\xamp\nrna\nrna-eu\vendor\maatwebsite\excel\src\Reader.php(158): Maatwebsite\Excel\Reader->loadSpreadsheet(Object(App\Imports\OrganisationUserImport))
#5 C:\Users\nabra\OneDrive\Desktop\roshyara\xamp\nrna\nrna-eu\vendor\maatwebsite\excel\src\Excel.php(171): Maatwebsite\Excel\Reader->toArray(Object(App\Imports\OrganisationUserImport), Object(Illuminate\Http\Testing\File), 'Xlsx', NULL)
#6 C:\Users\nabra\OneDrive\Desktop\roshyara\xamp\nrna\nrna-eu\vendor\laravel\framework\src\Illuminate\Support\Facades\Facade.php(361): Maatwebsite\Excel\Excel->toArray(Object(App\Imports\OrganisationUserImport), Object(Illuminate\Http\Testing\File))
#7 C:\Users\nabra\OneDrive\Desktop\roshyara\xamp\nrna\nrna-eu\app\Services\VoterImportService.php(151): Illuminate\Support\Facades\Facade::__callStatic('toArray', Array)
#8 C:\Users\nabra\OneDrive\Desktop\roshyara\xamp\nrna\nrna-eu\app\Services\VoterImportService.php(109): App\Services\VoterImportService->parseFile(Object(Illuminate\Http\Testing\File))
#9 C:\Users\nabra\OneDrive\Desktop\roshyara\xamp\nrna\nrna-eu\app\Http\Controllers\Election\VoterImportController.php(149): App\Services\VoterImportService->import(Object(Illuminate\Http\Testing\File))
#10 C:\Users\nabra\OneDrive\Desktop\roshyara\xamp\nrna\nrna-eu\vendor\laravel\framework\src\Illuminate\Routing\Controller.php(54): App\Http\Controllers\Election\VoterImportController->import(Object(Illuminate\Http\Request), Object(App\Models\Organisation), Object(App\Models\Election))
#11 C:\Users\nabra\OneDrive\Desktop\roshyara\xamp\nrna\nrna-eu\vendor\laravel\framework\src\Illuminate\Routing\ControllerDispatcher.php(44): Illuminate\Routing\Controller->callAction('import', Array)
#12 C:\Users\nabra\OneDrive\Desktop\roshyara\xamp\nrna\nrna-eu\vendor\laravel\framework\src\Illuminate\Routing\Route.php(266): Illuminate\Routing\ControllerDispatcher->dispatch(Object(Illuminate\Routing\Route), Object(App\Http\Controllers\Election\VoterImportController), 'import')
#13 C:\Users\nabra\OneDrive\Desktop\roshyara\xamp\nrna\nrna-eu\vendor\laravel\framework\src\Illuminate\Routing\Route.php(212): Illuminate\Routing\Route->runController()
#14 C:\Users\nabra\OneDrive\Desktop\roshyara\xamp\nrna\nrna-eu\vendor\laravel\framework\src\Illuminate\Routing\Router.php(808): Illuminate\Routing\Route->run()
#15 C:\Users\nabra\OneDrive\Desktop\roshyara\xamp\nrna\nrna-eu\vendor\laravel\framework\src\Illuminate\Pipeline\Pipeline.php(170): Illuminate\Routing\Router->Illuminate\Routing\{closure}(Object(Illuminate\Http\Request))
#16 C:\Users\nabra\OneDrive\Desktop\roshyara\xamp\nrna\nrna-eu\app\Http\Middleware\EnsureElectionState.php(78): Illuminate\Pipeline\Pipeline->Illuminate\Pipeline\{closure}(Object(Illuminate\Http\Request))
#17 C:\Users\nabra\OneDrive\Desktop\roshyara\xamp\nrna\nrna-eu\vendor\laravel\framework\src\Illuminate\Pipeline\Pipeline.php(209): App\Http\Middleware\EnsureElectionState->handle(Object(Illuminate\Http\Request), Object(Closure), 'import_voters')
#18 C:\Users\nabra\OneDrive\Desktop\roshyara\xamp\nrna\nrna-eu\app\Http\Middleware\EnsureOrganisationMember.php(161): Illuminate\Pipeline\Pipeline->Illuminate\Pipeline\{closure}(Object(Illuminate\Http\Request))
#19 C:\Users\nabra\OneDrive\Desktop\roshyara\xamp\nrna\nrna-eu\vendor\laravel\framework\src\Illuminate\Pipeline\Pipeline.php(209): App\Http\Middleware\EnsureOrganisationMember->handle(Object(Illuminate\Http\Request), Object(Closure))
#20 C:\Users\nabra\OneDrive\Desktop\roshyara\xamp\nrna\nrna-eu\vendor\laravel\framework\src\Illuminate\Auth\Middleware\EnsureEmailIsVerified.php(41): Illuminate\Pipeline\Pipeline->Illuminate\Pipeline\{closure}(Object(Illuminate\Http\Request))
#21 C:\Users\nabra\OneDrive\Desktop\roshyara\xamp\nrna\nrna-eu\vendor\laravel\framework\src\Illuminate\Pipeline\Pipeline.php(209): Illuminate\Auth\Middleware\EnsureEmailIsVerified->handle(Object(Illuminate\Http\Request), Object(Closure))
#22 C:\Users\nabra\OneDrive\Desktop\roshyara\xamp\nrna\nrna-eu\vendor\laravel\framework\src\Illuminate\Auth\Middleware\Authenticate.php(64): Illuminate\Pipeline\Pipeline->Illuminate\Pipeline\{closure}(Object(Illuminate\Http\Request))
#23 C:\Users\nabra\OneDrive\Desktop\roshyara\xamp\nrna\nrna-eu\vendor\laravel\framework\src\Illuminate\Pipeline\Pipeline.php(209): Illuminate\Auth\Middleware\Authenticate->handle(Object(Illuminate\Http\Request), Object(Closure))
#24 C:\Users\nabra\OneDrive\Desktop\roshyara\xamp\nrna\nrna-eu\vendor\inertiajs\inertia-laravel\src\Middleware.php(86): Illuminate\Pipeline\Pipeline->Illuminate\Pipeline\{closure}(Object(Illuminate\Http\Request))
#25 C:\Users\nabra\OneDrive\Desktop\roshyara\xamp\nrna\nrna-eu\vendor\laravel\framework\src\Illuminate\Pipeline\Pipeline.php(209): Inertia\Middleware->handle(Object(Illuminate\Http\Request), Object(Closure))
#26 C:\Users\nabra\OneDrive\Desktop\roshyara\xamp\nrna\nrna-eu\app\Http\Middleware\InjectPageMeta.php(65): Illuminate\Pipeline\Pipeline->Illuminate\Pipeline\{closure}(Object(Illuminate\Http\Request))
#27 C:\Users\nabra\OneDrive\Desktop\roshyara\xamp\nrna\nrna-eu\vendor\laravel\framework\src\Illuminate\Pipeline\Pipeline.php(209): App\Http\Middleware\InjectPageMeta->handle(Object(Illuminate\Http\Request), Object(Closure))
#28 C:\Users\nabra\OneDrive\Desktop\roshyara\xamp\nrna\nrna-eu\app\Http\Middleware\SetLocale.php(59): Illuminate\Pipeline\Pipeline->Illuminate\Pipeline\{closure}(Object(Illuminate\Http\Request))
#29 C:\Users\nabra\OneDrive\Desktop\roshyara\xamp\nrna\nrna-eu\vendor\laravel\framework\src\Illuminate\Pipeline\Pipeline.php(209): App\Http\Middleware\SetLocale->handle(Object(Illuminate\Http\Request), Object(Closure))
#30 C:\Users\nabra\OneDrive\Desktop\roshyara\xamp\nrna\nrna-eu\app\Http\Middleware\PreloadAssets.php(12): Illuminate\Pipeline\Pipeline->Illuminate\Pipeline\{closure}(Object(Illuminate\Http\Request))
#31 C:\Users\nabra\OneDrive\Desktop\roshyara\xamp\nrna\nrna-eu\vendor\laravel\framework\src\Illuminate\Pipeline\Pipeline.php(209): App\Http\Middleware\PreloadAssets->handle(Object(Illuminate\Http\Request), Object(Closure))
#32 C:\Users\nabra\OneDrive\Desktop\roshyara\xamp\nrna\nrna-eu\vendor\laravel\framework\src\Illuminate\Routing\Middleware\SubstituteBindings.php(51): Illuminate\Pipeline\Pipeline->Illuminate\Pipeline\{closure}(Object(Illuminate\Http\Request))
#33 C:\Users\nabra\OneDrive\Desktop\roshyara\xamp\nrna\nrna-eu\vendor\laravel\framework\src\Illuminate\Pipeline\Pipeline.php(209): Illuminate\Routing\Middleware\SubstituteBindings->handle(Object(Illuminate\Http\Request), Object(Closure))
#34 C:\Users\nabra\OneDrive\Desktop\roshyara\xamp\nrna\nrna-eu\vendor\laravel\framework\src\Illuminate\Foundation\Http\Middleware\VerifyCsrfToken.php(88): Illuminate\Pipeline\Pipeline->Illuminate\Pipeline\{closure}(Object(Illuminate\Http\Request))
#35 C:\Users\nabra\OneDrive\Desktop\roshyara\xamp\nrna\nrna-eu\vendor\laravel\framework\src\Illuminate\Pipeline\Pipeline.php(209): Illuminate\Foundation\Http\Middleware\VerifyCsrfToken->handle(Object(Illuminate\Http\Request), Object(Closure))
#36 C:\Users\nabra\OneDrive\Desktop\roshyara\xamp\nrna\nrna-eu\vendor\laravel\framework\src\Illuminate\View\Middleware\ShareErrorsFromSession.php(49): Illuminate\Pipeline\Pipeline->Illuminate\Pipeline\{closure}(Object(Illuminate\Http\Request))
#37 C:\Users\nabra\OneDrive\Desktop\roshyara\xamp\nrna\nrna-eu\vendor\laravel\framework\src\Illuminate\Pipeline\Pipeline.php(209): Illuminate\View\Middleware\ShareErrorsFromSession->handle(Object(Illuminate\Http\Request), Object(Closure))
#38 C:\Users\nabra\OneDrive\Desktop\roshyara\xamp\nrna\nrna-eu\vendor\laravel\framework\src\Illuminate\Session\Middleware\StartSession.php(121): Illuminate\Pipeline\Pipeline->Illuminate\Pipeline\{closure}(Object(Illuminate\Http\Request))
#39 C:\Users\nabra\OneDrive\Desktop\roshyara\xamp\nrna\nrna-eu\vendor\laravel\framework\src\Illuminate\Session\Middleware\StartSession.php(64): Illuminate\Session\Middleware\StartSession->handleStatefulRequest(Object(Illuminate\Http\Request), Object(Illuminate\Session\Store), Object(Closure))
#40 C:\Users\nabra\OneDrive\Desktop\roshyara\xamp\nrna\nrna-eu\vendor\laravel\framework\src\Illuminate\Pipeline\Pipeline.php(209): Illuminate\Session\Middleware\StartSession->handle(Object(Illuminate\Http\Request), Object(Closure))
#41 C:\Users\nabra\OneDrive\Desktop\roshyara\xamp\nrna\nrna-eu\vendor\laravel\framework\src\Illuminate\Cookie\Middleware\AddQueuedCookiesToResponse.php(37): Illuminate\Pipeline\Pipeline->Illuminate\Pipeline\{closure}(Object(Illuminate\Http\Request))
#42 C:\Users\nabra\OneDrive\Desktop\roshyara\xamp\nrna\nrna-eu\vendor\laravel\framework\src\Illuminate\Pipeline\Pipeline.php(209): Illuminate\Cookie\Middleware\AddQueuedCookiesToResponse->handle(Object(Illuminate\Http\Request), Object(Closure))
#43 C:\Users\nabra\OneDrive\Desktop\roshyara\xamp\nrna\nrna-eu\vendor\laravel\framework\src\Illuminate\Cookie\Middleware\EncryptCookies.php(75): Illuminate\Pipeline\Pipeline->Illuminate\Pipeline\{closure}(Object(Illuminate\Http\Request))
#44 C:\Users\nabra\OneDrive\Desktop\roshyara\xamp\nrna\nrna-eu\vendor\laravel\framework\src\Illuminate\Pipeline\Pipeline.php(209): Illuminate\Cookie\Middleware\EncryptCookies->handle(Object(Illuminate\Http\Request), Object(Closure))
#45 C:\Users\nabra\OneDrive\Desktop\roshyara\xamp\nrna\nrna-eu\vendor\laravel\framework\src\Illuminate\Pipeline\Pipeline.php(127): Illuminate\Pipeline\Pipeline->Illuminate\Pipeline\{closure}(Object(Illuminate\Http\Request))
#46 C:\Users\nabra\OneDrive\Desktop\roshyara\xamp\nrna\nrna-eu\vendor\laravel\framework\src\Illuminate\Routing\Router.php(807): Illuminate\Pipeline\Pipeline->then(Object(Closure))
#47 C:\Users\nabra\OneDrive\Desktop\roshyara\xamp\nrna\nrna-eu\vendor\laravel\framework\src\Illuminate\Routing\Router.php(786): Illuminate\Routing\Router->runRouteWithinStack(Object(Illuminate\Routing\Route), Object(Illuminate\Http\Request))
#48 C:\Users\nabra\OneDrive\Desktop\roshyara\xamp\nrna\nrna-eu\vendor\laravel\framework\src\Illuminate\Routing\Router.php(750): Illuminate\Routing\Router->runRoute(Object(Illuminate\Http\Request), Object(Illuminate\Routing\Route))
#49 C:\Users\nabra\OneDrive\Desktop\roshyara\xamp\nrna\nrna-eu\vendor\laravel\framework\src\Illuminate\Routing\Router.php(739): Illuminate\Routing\Router->dispatchToRoute(Object(Illuminate\Http\Request))
#50 C:\Users\nabra\OneDrive\Desktop\roshyara\xamp\nrna\nrna-eu\vendor\laravel\framework\src\Illuminate\Foundation\Http\Kernel.php(201): Illuminate\Routing\Router->dispatch(Object(Illuminate\Http\Request))
#51 C:\Users\nabra\OneDrive\Desktop\roshyara\xamp\nrna\nrna-eu\vendor\laravel\framework\src\Illuminate\Pipeline\Pipeline.php(170): Illuminate\Foundation\Http\Kernel->Illuminate\Foundation\Http\{closure}(Object(Illuminate\Http\Request))
#52 C:\Users\nabra\OneDrive\Desktop\roshyara\xamp\nrna\nrna-eu\app\Http\Middleware\TrackPerformance.php(28): Illuminate\Pipeline\Pipeline->Illuminate\Pipeline\{closure}(Object(Illuminate\Http\Request))
#53 C:\Users\nabra\OneDrive\Desktop\roshyara\xamp\nrna\nrna-eu\vendor\laravel\framework\src\Illuminate\Pipeline\Pipeline.php(209): App\Http\Middleware\TrackPerformance->handle(Object(Illuminate\Http\Request), Object(Closure))
#54 C:\Users\nabra\OneDrive\Desktop\roshyara\xamp\nrna\nrna-eu\vendor\laravel\framework\src\Illuminate\Foundation\Http\Middleware\TransformsRequest.php(21): Illuminate\Pipeline\Pipeline->Illuminate\Pipeline\{closure}(Object(Illuminate\Http\Request))
#55 C:\Users\nabra\OneDrive\Desktop\roshyara\xamp\nrna\nrna-eu\vendor\laravel\framework\src\Illuminate\Foundation\Http\Middleware\ConvertEmptyStringsToNull.php(31): Illuminate\Foundation\Http\Middleware\TransformsRequest->handle(Object(Illuminate\Http\Request), Object(Closure))
#56 C:\Users\nabra\OneDrive\Desktop\roshyara\xamp\nrna\nrna-eu\vendor\laravel\framework\src\Illuminate\Pipeline\Pipeline.php(209): Illuminate\Foundation\Http\Middleware\ConvertEmptyStringsToNull->handle(Object(Illuminate\Http\Request), Object(Closure))
#57 C:\Users\nabra\OneDrive\Desktop\roshyara\xamp\nrna\nrna-eu\vendor\laravel\framework\src\Illuminate\Foundation\Http\Middleware\TransformsRequest.php(21): Illuminate\Pipeline\Pipeline->Illuminate\Pipeline\{closure}(Object(Illuminate\Http\Request))
#58 C:\Users\nabra\OneDrive\Desktop\roshyara\xamp\nrna\nrna-eu\vendor\laravel\framework\src\Illuminate\Foundation\Http\Middleware\TrimStrings.php(51): Illuminate\Foundation\Http\Middleware\TransformsRequest->handle(Object(Illuminate\Http\Request), Object(Closure))
#59 C:\Users\nabra\OneDrive\Desktop\roshyara\xamp\nrna\nrna-eu\vendor\laravel\framework\src\Illuminate\Pipeline\Pipeline.php(209): Illuminate\Foundation\Http\Middleware\TrimStrings->handle(Object(Illuminate\Http\Request), Object(Closure))
#60 C:\Users\nabra\OneDrive\Desktop\roshyara\xamp\nrna\nrna-eu\vendor\laravel\framework\src\Illuminate\Http\Middleware\ValidatePostSize.php(27): Illuminate\Pipeline\Pipeline->Illuminate\Pipeline\{closure}(Object(Illuminate\Http\Request))
#61 C:\Users\nabra\OneDrive\Desktop\roshyara\xamp\nrna\nrna-eu\vendor\laravel\framework\src\Illuminate\Pipeline\Pipeline.php(209): Illuminate\Http\Middleware\ValidatePostSize->handle(Object(Illuminate\Http\Request), Object(Closure))
#62 C:\Users\nabra\OneDrive\Desktop\roshyara\xamp\nrna\nrna-eu\vendor\laravel\framework\src\Illuminate\Foundation\Http\Middleware\PreventRequestsDuringMaintenance.php(110): Illuminate\Pipeline\Pipeline->Illuminate\Pipeline\{closure}(Object(Illuminate\Http\Request))
#63 C:\Users\nabra\OneDrive\Desktop\roshyara\xamp\nrna\nrna-eu\vendor\laravel\framework\src\Illuminate\Pipeline\Pipeline.php(209): Illuminate\Foundation\Http\Middleware\PreventRequestsDuringMaintenance->handle(Object(Illuminate\Http\Request), Object(Closure))
#64 C:\Users\nabra\OneDrive\Desktop\roshyara\xamp\nrna\nrna-eu\vendor\laravel\framework\src\Illuminate\Http\Middleware\HandleCors.php(49): Illuminate\Pipeline\Pipeline->Illuminate\Pipeline\{closure}(Object(Illuminate\Http\Request))
#65 C:\Users\nabra\OneDrive\Desktop\roshyara\xamp\nrna\nrna-eu\vendor\laravel\framework\src\Illuminate\Pipeline\Pipeline.php(209): Illuminate\Http\Middleware\HandleCors->handle(Object(Illuminate\Http\Request), Object(Closure))
#66 C:\Users\nabra\OneDrive\Desktop\roshyara\xamp\nrna\nrna-eu\vendor\laravel\framework\src\Illuminate\Http\Middleware\TrustProxies.php(58): Illuminate\Pipeline\Pipeline->Illuminate\Pipeline\{closure}(Object(Illuminate\Http\Request))
#67 C:\Users\nabra\OneDrive\Desktop\roshyara\xamp\nrna\nrna-eu\vendor\laravel\framework\src\Illuminate\Pipeline\Pipeline.php(209): Illuminate\Http\Middleware\TrustProxies->handle(Object(Illuminate\Http\Request), Object(Closure))
#68 C:\Users\nabra\OneDrive\Desktop\roshyara\xamp\nrna\nrna-eu\vendor\laravel\framework\src\Illuminate\Foundation\Http\Middleware\InvokeDeferredCallbacks.php(22): Illuminate\Pipeline\Pipeline->Illuminate\Pipeline\{closure}(Object(Illuminate\Http\Request))
#69 C:\Users\nabra\OneDrive\Desktop\roshyara\xamp\nrna\nrna-eu\vendor\laravel\framework\src\Illuminate\Pipeline\Pipeline.php(209): Illuminate\Foundation\Http\Middleware\InvokeDeferredCallbacks->handle(Object(Illuminate\Http\Request), Object(Closure))
#70 C:\Users\nabra\OneDrive\Desktop\roshyara\xamp\nrna\nrna-eu\vendor\laravel\framework\src\Illuminate\Pipeline\Pipeline.php(127): Illuminate\Pipeline\Pipeline->Illuminate\Pipeline\{closure}(Object(Illuminate\Http\Request))
#71 C:\Users\nabra\OneDrive\Desktop\roshyara\xamp\nrna\nrna-eu\vendor\laravel\framework\src\Illuminate\Foundation\Http\Kernel.php(176): Illuminate\Pipeline\Pipeline->then(Object(Closure))
#72 C:\Users\nabra\OneDrive\Desktop\roshyara\xamp\nrna\nrna-eu\vendor\laravel\framework\src\Illuminate\Foundation\Http\Kernel.php(145): Illuminate\Foundation\Http\Kernel->sendRequestThroughRouter(Object(Illuminate\Http\Request))
#73 C:\Users\nabra\OneDrive\Desktop\roshyara\xamp\nrna\nrna-eu\vendor\laravel\framework\src\Illuminate\Foundation\Testing\Concerns\MakesHttpRequests.php(607): Illuminate\Foundation\Http\Kernel->handle(Object(Illuminate\Http\Request))
#74 C:\Users\nabra\OneDrive\Desktop\roshyara\xamp\nrna\nrna-eu\vendor\laravel\framework\src\Illuminate\Foundation\Testing\Concerns\MakesHttpRequests.php(397): Illuminate\Foundation\Testing\TestCase->call('POST', '/organisations/...', Array, Array, Array, Array)
#75 C:\Users\nabra\OneDrive\Desktop\roshyara\xamp\nrna\nrna-eu\tests\Feature\Election\CsvVoterImportTest.php(233): Illuminate\Foundation\Testing\TestCase->post('/organisations/...', Array)
#76 C:\Users\nabra\OneDrive\Desktop\roshyara\xamp\nrna\nrna-eu\vendor\phpunit\phpunit\src\Framework\TestCase.php(1235): Tests\Feature\Election\CsvVoterImportTest->csv_import_handles_large_files_gracefully()
#77 C:\Users\nabra\OneDrive\Desktop\roshyara\xamp\nrna\nrna-eu\vendor\phpunit\phpunit\src\Framework\TestCase.php(514): PHPUnit\Framework\TestCase->runTest()
#78 C:\Users\nabra\OneDrive\Desktop\roshyara\xamp\nrna\nrna-eu\vendor\phpunit\phpunit\src\Framework\TestRunner\TestRunner.php(87): PHPUnit\Framework\TestCase->runBare()
#79 C:\Users\nabra\OneDrive\Desktop\roshyara\xamp\nrna\nrna-eu\vendor\phpunit\phpunit\src\Framework\TestCase.php(361): PHPUnit\Framework\TestRunner->run(Object(Tests\Feature\Election\CsvVoterImportTest))
#80 C:\Users\nabra\OneDrive\Desktop\roshyara\xamp\nrna\nrna-eu\vendor\phpunit\phpunit\src\Framework\TestSuite.php(369): PHPUnit\Framework\TestCase->run()
#81 C:\Users\nabra\OneDrive\Desktop\roshyara\xamp\nrna\nrna-eu\vendor\phpunit\phpunit\src\Framework\TestSuite.php(369): PHPUnit\Framework\TestSuite->run()
#82 C:\Users\nabra\OneDrive\Desktop\roshyara\xamp\nrna\nrna-eu\vendor\phpunit\phpunit\src\Framework\TestSuite.php(369): PHPUnit\Framework\TestSuite->run()
#83 C:\Users\nabra\OneDrive\Desktop\roshyara\xamp\nrna\nrna-eu\vendor\phpunit\phpunit\src\TextUI\TestRunner.php(64): PHPUnit\Framework\TestSuite->run()
#84 C:\Users\nabra\OneDrive\Desktop\roshyara\xamp\nrna\nrna-eu\vendor\phpunit\phpunit\src\TextUI\Application.php(210): PHPUnit\TextUI\TestRunner->run(Object(PHPUnit\TextUI\Configuration\Configuration), Object(PHPUnit\Runner\ResultCache\DefaultResultCache), Object(PHPUnit\Framework\TestSuite))
#85 C:\Users\nabra\OneDrive\Desktop\roshyara\xamp\nrna\nrna-eu\vendor\phpunit\phpunit\phpunit(104): PHPUnit\TextUI\Application->run(Array)
#86 {main}

----------------------------------------------------------------------------------

Could not find zip member zip://C:\Users\nabra\OneDrive\Desktop\roshyara\xamp\nrna\nrna-eu\storage\framework\cache\laravel-excel\laravel-excel-I4Chy89ORSDy78qN0xtXeYGGqlEnEmcb.tmp#_rels\.rels[39;22m

  at [32mtests\Feature\Election\CsvVoterImportTest.php[39m:[32m238[39m
    234▕             'voters.csv',
    235▕             $csvContent
    236▕         );
    237▕ 
  ➜ 238▕         $response = $this->actingAs($this->admin)
    239▕             ->post("/organisations/{$this->org->slug}/elections/{$this->election->slug}/voters/import", [
    240▕                 'file' => $file,
    241▕                 'confirmed' => true,
    242▕             ]);

  [31m────────────────────────────────────────────────────────────────────────────────────────────────────────────────────[39m  
  [41;1m FAILED [49;22m [1mTests\Feature\Election\ElectionActivationTest[22m [90m>[39m email notification sent to chief when election created       
[39;1m  The expected [App\Notifications\ElectionReadyForActivation] notification was not sent.
Failed asserting that false is true.[39;22m

  at [32mvendor\laravel\framework\src\Illuminate\Support\Testing\Fakes\NotificationFake.php[39m:[32m89[39m
     85▕         if (is_numeric($callback)) {
     86▕             return $this->assertSentToTimes($notifiable, $notification, $callback);
     87▕         }
     88▕ 
  ➜  89▕         PHPUnit::assertTrue(
     90▕             $this->sent($notifiable, $notification, $callback)->count() > 0,
     91▕             "The expected [{$notification}] notification was not sent."
     92▕         );
     93▕     }

  [33m1   [39m[39;1mvendor\laravel\framework\src\Illuminate\Support\Testing\Fakes\NotificationFake.php[39;22m:[39;1m89[39;22m
  [33m2   [39m[39;1mvendor\laravel\framework\src\Illuminate\Support\Facades\Facade.php[39;22m:[39;1m361[39;22m

  [31m────────────────────────────────────────────────────────────────────────────────────────────────────────────────────[39m  
  [41;1m FAILED [49;22m [1mTests\Feature\Election\ElectionActivationTest[22m [90m>[39m email notification sent to all active chiefs                 
[39;1m  The expected [App\Notifications\ElectionReadyForActivation] notification was not sent.
Failed asserting that false is true.[39;22m

  at [32mvendor\laravel\framework\src\Illuminate\Support\Testing\Fakes\NotificationFake.php[39m:[32m89[39m
     85▕         if (is_numeric($callback)) {
     86▕             return $this->assertSentToTimes($notifiable, $notification, $callback);
     87▕         }
     88▕ 
  ➜  89▕         PHPUnit::assertTrue(
     90▕             $this->sent($notifiable, $notification, $callback)->count() > 0,
     91▕             "The expected [{$notification}] notification was not sent."
     92▕         );
     93▕     }

  [33m1   [39m[39;1mvendor\laravel\framework\src\Illuminate\Support\Testing\Fakes\NotificationFake.php[39;22m:[39;1m89[39;22m
  [33m2   [39m[39;1mvendor\laravel\framework\src\Illuminate\Support\Facades\Facade.php[39;22m:[39;1m361[39;22m

  [31m────────────────────────────────────────────────────────────────────────────────────────────────────────────────────[39m  
  [41;1m FAILED [49;22m [1mTests\Feature\Election\ElectionActivationTest[22m [90m>[39m email notification not sent to inactive chiefs               
[39;1m  The expected [App\Notifications\ElectionReadyForActivation] notification was not sent.
Failed asserting that false is true.[39;22m

  at [32mvendor\laravel\framework\src\Illuminate\Support\Testing\Fakes\NotificationFake.php[39m:[32m89[39m
     85▕         if (is_numeric($callback)) {
     86▕             return $this->assertSentToTimes($notifiable, $notification, $callback);
     87▕         }
     88▕ 
  ➜  89▕         PHPUnit::assertTrue(
     90▕             $this->sent($notifiable, $notification, $callback)->count() > 0,
     91▕             "The expected [{$notification}] notification was not sent."
     92▕         );
     93▕     }

  [33m1   [39m[39;1mvendor\laravel\framework\src\Illuminate\Support\Testing\Fakes\NotificationFake.php[39;22m:[39;1m89[39;22m
  [33m2   [39m[39;1mvendor\laravel\framework\src\Illuminate\Support\Facades\Facade.php[39;22m:[39;1m361[39;22m

  [31m────────────────────────────────────────────────────────────────────────────────────────────────────────────────────[39m  
  [41;1m FAILED [49;22m [1mTests\Feature\Election\ElectionCreationTest[22m [90m>[39m organisation owner can create election                         
[39;1m  Expected response status code [201, 301, 302, 303, 307, 308] but received 403.
Failed asserting that false is true.[39;22m

  at [32mtests\Feature\Election\ElectionCreationTest.php[39m:[32m53[39m
     49▕         $response = $this->actingAs($this->owner)
     50▕             ->withSession($this->orgSession())
     51▕             ->post(route('organisations.elections.store', $this->org->slug), $this->validPayload());
     52▕ 
  ➜  53▕         $response->assertRedirect();
     54▕         $election = Election::withoutGlobalScopes()
     55▕             ->where('organisation_id', $this->org->id)
     56▕             ->where('name', 'General Election 2026')
     57▕             ->first();

  [31m────────────────────────────────────────────────────────────────────────────────────────────────────────────────────[39m  
  [41;1m FAILED [49;22m [1mTests\Feature\Election\ElectionCreationTest[22m [90m>[39m organisation admin can create election                         
[39;1m  Expected response status code [201, 301, 302, 303, 307, 308] but received 403.
Failed asserting that false is true.[39;22m

  at [32mtests\Feature\Election\ElectionCreationTest.php[39m:[32m76[39m
     72▕         $response = $this->actingAs($this->admin)
     73▕             ->withSession($this->orgSession())
     74▕             ->post(route('organisations.elections.store', $this->org->slug), $this->validPayload());
     75▕ 
  ➜  76▕         $response->assertRedirect();
     77▕         $this->assertDatabaseHas('elections', [
     78▕             'organisation_id' => $this->org->id,
     79▕             'name'            => 'General Election 2026',
     80▕         ]);

  [31m────────────────────────────────────────────────────────────────────────────────────────────────────────────────────[39m  
  [41;1m FAILED [49;22m [1mTests\Feature\Election\ElectionCreationTest[22m [90m>[39m election requires name                                         
[39;1m  Session is missing expected key [errors].
Failed asserting that false is true.[39;22m

  at [32mtests\Feature\Election\ElectionCreationTest.php[39m:[32m158[39m
    154▕     {
    155▕         $this->actingAs($this->owner)
    156▕             ->withSession($this->orgSession())
    157▕             ->post(route('organisations.elections.store', $this->org->slug), array_merge($this->validPayload(), ['name' => '']))
  ➜ 158▕             ->assertSessionHasErrors('name');
    159▕     }
    160▕ 
    161▕     // ═══════════════════════════════════════════════════════════════════════════════════════════════════════════════════
    162▕     // NEW: Constitutional Tests — expected_voter_count (TDD)

  [31m────────────────────────────────────────────────────────────────────────────────────────────────────────────────────[39m  
  [41;1m FAILED [49;22m [1mTests\Feature\Election\ElectionCreationTest[22m [90m>[39m election requires expected voter count                         
[39;1m  Session is missing expected key [errors].
Failed asserting that false is true.[39;22m

  at [32mtests\Feature\Election\ElectionCreationTest.php[39m:[32m170[39m
    166▕     {
    167▕         $this->actingAs($this->owner)
    168▕             ->withSession($this->orgSession())
    169▕             ->post(route('organisations.elections.store', $this->org->slug), array_merge($this->validPayload(), ['expected_voter_count' => '']))
  ➜ 170▕             ->assertSessionHasErrors('expected_voter_count');
    171▕     }
    172▕ 
    173▕     public function test_expected_voter_count_must_be_at_least_1(): void
    174▕     {

  [31m────────────────────────────────────────────────────────────────────────────────────────────────────────────────────[39m  
  [41;1m FAILED [49;22m [1mTests\Feature\Election\ElectionCreationTest[22m [90m>[39m expected voter count must be at least 1                        
[39;1m  Session is missing expected key [errors].
Failed asserting that false is true.[39;22m

  at [32mtests\Feature\Election\ElectionCreationTest.php[39m:[32m178[39m
    174▕     {
    175▕         $this->actingAs($this->owner)
    176▕             ->withSession($this->orgSession())
    177▕             ->post(route('organisations.elections.store', $this->org->slug), array_merge($this->validPayload(), ['expected_voter_count' => 0]))
  ➜ 178▕             ->assertSessionHasErrors('expected_voter_count');
    179▕     }
    180▕ 
    181▕     public function test_expected_voter_count_is_saved_on_creation(): void
    182▕     {

  [31m────────────────────────────────────────────────────────────────────────────────────────────────────────────────────[39m  
  [41;1m FAILED [49;22m [1mTests\Feature\Election\ElectionCreationTest[22m [90m>[39m expected voter count is saved on creation                      
[39;1m  Failed asserting that a row in the table [elections] matches the attributes {
    "organisation_id": "a1e8ea4b-57b4-4d52-a0aa-16e1adcf1c5e",
    "name": "General Election 2026",
    "expected_voter_count": 50
}.

The table is empty.[39;22m

  at [32mtests\Feature\Election\ElectionCreationTest.php[39m:[32m187[39m
    183▕         $this->actingAs($this->owner)
    184▕             ->withSession($this->orgSession())
    185▕             ->post(route('organisations.elections.store', $this->org->slug), array_merge($this->validPayload(), ['expected_voter_count' => 50]));
    186▕ 
  ➜ 187▕         $this->assertDatabaseHas('elections', [
    188▕             'organisation_id' => $this->org->id,
    189▕             'name'            => 'General Election 2026',
    190▕             'expected_voter_count' => 50,
    191▕         ]);

  [31m────────────────────────────────────────────────────────────────────────────────────────────────────────────────────[39m  
  [41;1m FAILED [49;22m [1mTests\Feature\Election\ElectionCreationTest[22m [90m>[39m small election saves expected voter count for auto approval    
[39;1m  Failed asserting that a row in the table [elections] matches the attributes {
    "organisation_id": "a1e8ea4c-3151-412b-853f-c4948d02ac54",
    "name": "General Election 2026",
    "expected_voter_count": 35
}.

The table is empty.[39;22m

  at [32mtests\Feature\Election\ElectionCreationTest.php[39m:[32m205[39m
    201▕         $this->actingAs($this->owner)
    202▕             ->withSession($this->orgSession())
    203▕             ->post(route('organisations.elections.store', $this->org->slug), array_merge($this->validPayload(), ['expected_voter_count' => 35]));
    204▕ 
  ➜ 205▕         $this->assertDatabaseHas('elections', [
    206▕             'organisation_id' => $this->org->id,
    207▕             'name'            => 'General Election 2026',
    208▕             'expected_voter_count' => 35,
    209▕         ]);

  [31m────────────────────────────────────────────────────────────────────────────────────────────────────────────────────[39m  
  [41;1m FAILED [49;22m [1mTests\Feature\Election\ElectionCreationTest[22m [90m>[39m large election saves expected voter count for manual review    
[39;1m  Failed asserting that a row in the table [elections] matches the attributes {
    "organisation_id": "a1e8ea4d-1bb1-4223-acc6-47191c5a8f3d",
    "name": "General Election 2026",
    "expected_voter_count": 100
}.

The table is empty.[39;22m

  at [32mtests\Feature\Election\ElectionCreationTest.php[39m:[32m219[39m
    215▕         $this->actingAs($this->owner)
    216▕             ->withSession($this->orgSession())
    217▕             ->post(route('organisations.elections.store', $this->org->slug), array_merge($this->validPayload(), ['expected_voter_count' => 100]));
    218▕ 
  ➜ 219▕         $this->assertDatabaseHas('elections', [
    220▕             'organisation_id' => $this->org->id,
    221▕             'name'            => 'General Election 2026',
    222▕             'expected_voter_count' => 100,
    223▕         ]);

  [31m────────────────────────────────────────────────────────────────────────────────────────────────────────────────────[39m  
  [41;1m FAILED [49;22m [1mTests\Feature\Election\ElectionCreationTest[22m [90m>[39m draft election created with null dates       [41;1m ErrorException [49;22m  
[39;1m  Attempt to read property "voting_starts_at" on null[39;22m

  at [32mtests\Feature\Election\ElectionCreationTest.php[39m:[32m241[39m
    237▕             ->where('name', 'General Election 2026')
    238▕             ->where('organisation_id', $this->org->id)
    239▕             ->first();
    240▕ 
  ➜ 241▕         $this->assertNull($election->voting_starts_at);
    242▕         $this->assertNull($election->voting_ends_at);
    243▕         $this->assertNull($election->administration_suggested_start);
    244▕         $this->assertNull($election->administration_suggested_end);
    245▕     }

  [31m────────────────────────────────────────────────────────────────────────────────────────────────────────────────────[39m  
  [41;1m FAILED [49;22m [1mTests\Feature\Election\ElectionCreationTest[22m [90m>[39m draft election state is draft                [41;1m ErrorException [49;22m  
[39;1m  Attempt to read property "state" on null[39;22m

  at [32mtests\Feature\Election\ElectionCreationTest.php[39m:[32m258[39m
    254▕             ->where('name', 'General Election 2026')
    255▕             ->where('organisation_id', $this->org->id)
    256▕             ->first();
    257▕ 
  ➜ 258▕         $this->assertEquals('draft', $election->state);
    259▕     }
    260▕ 
    261▕     public function test_cannot_submit_demo_type(): void
    262▕     {

  [31m────────────────────────────────────────────────────────────────────────────────────────────────────────────────────[39m  
  [41;1m FAILED [49;22m [1mTests\Feature\Election\ElectionCreationTest[22m [90m>[39m cannot submit demo type                                        
[39;1m  Session is missing expected key [errors].
Failed asserting that false is true.[39;22m

  at [32mtests\Feature\Election\ElectionCreationTest.php[39m:[32m266[39m
    262▕     {
    263▕         $this->actingAs($this->owner)
    264▕             ->withSession($this->orgSession())
    265▕             ->post(route('organisations.elections.store', $this->org->slug), array_merge($this->validPayload(), ['type' => 'demo']))
  ➜ 266▕             ->assertSessionHasErrors('type');
    267▕     }
    268▕ 
    269▕     public function test_election_name_must_be_unique_within_organisation(): void
    270▕     {

  [31m────────────────────────────────────────────────────────────────────────────────────────────────────────────────────[39m  
  [41;1m FAILED [49;22m [1mTests\Feature\Election\ElectionCreationTest[22m [90m>[39m election name must be unique within organisation               
[39;1m  Session is missing expected key [errors].
Failed asserting that false is true.[39;22m

  at [32mtests\Feature\Election\ElectionCreationTest.php[39m:[32m286[39m
    282▕ 
    283▕         $this->actingAs($this->owner)
    284▕             ->withSession($this->orgSession())
    285▕             ->post(route('organisations.elections.store', $this->org->slug), $this->validPayload())
  ➜ 286▕             ->assertSessionHasErrors('name');
    287▕     }
    288▕ 
    289▕     public function test_same_election_name_is_allowed_in_different_organisation(): void
    290▕     {

  [31m────────────────────────────────────────────────────────────────────────────────────────────────────────────────────[39m  
  [41;1m FAILED [49;22m [1mTests\Feature\Election\ElectionCreationTest[22m [90m>[39m same election name is allowed in different organisation        
[39;1m  Expected response status code [201, 301, 302, 303, 307, 308] but received 403.
Failed asserting that false is true.[39;22m

  at [32mtests\Feature\Election\ElectionCreationTest.php[39m:[32m307[39m
    303▕ 
    304▕         $this->actingAs($this->owner)
    305▕             ->withSession($this->orgSession())
    306▕             ->post(route('organisations.elections.store', $this->org->slug), $this->validPayload())
  ➜ 307▕             ->assertRedirect();
    308▕ 
    309▕         $this->assertDatabaseHas('elections', [
    310▕             'organisation_id' => $this->org->id,
    311▕             'name'            => 'General Election 2026',

  [31m────────────────────────────────────────────────────────────────────────────────────────────────────────────────────[39m  
  [41;1m FAILED [49;22m [1mTests\Feature\Election\ElectionCreationTest[22m [90m>[39m election defaults to draft state             [41;1m ErrorException [49;22m  
[39;1m  Attempt to read property "state" on null[39;22m

  at [32mtests\Feature\Election\ElectionCreationTest.php[39m:[32m330[39m
    326▕             ->where('name', 'General Election 2026')
    327▕             ->where('organisation_id', $this->org->id)
    328▕             ->first();
    329▕ 
  ➜ 330▕         $this->assertEquals('draft', $election->state);
    331▕     }
    332▕ 
    333▕     public function test_election_type_is_always_real(): void
    334▕     {

  [31m────────────────────────────────────────────────────────────────────────────────────────────────────────────────────[39m  
  [41;1m FAILED [49;22m [1mTests\Feature\Election\ElectionCreationTest[22m [90m>[39m election type is always real                 [41;1m ErrorException [49;22m  
[39;1m  Attempt to read property "type" on null[39;22m

  at [32mtests\Feature\Election\ElectionCreationTest.php[39m:[32m344[39m
    340▕             ->where('name', 'General Election 2026')
    341▕             ->where('organisation_id', $this->org->id)
    342▕             ->first();
    343▕ 
  ➜ 344▕         $this->assertEquals('real', $election->type);
    345▕     }
    346▕ 
    347▕     public function test_description_is_optional(): void
    348▕     {

  [31m────────────────────────────────────────────────────────────────────────────────────────────────────────────────────[39m  
  [41;1m FAILED [49;22m [1mTests\Feature\Election\ElectionCreationTest[22m [90m>[39m description is optional                                        
[39;1m  Expected response status code [201, 301, 302, 303, 307, 308] but received 403.
Failed asserting that false is true.[39;22m

  at [32mtests\Feature\Election\ElectionCreationTest.php[39m:[32m355[39m
    351▕ 
    352▕         $this->actingAs($this->owner)
    353▕             ->withSession($this->orgSession())
    354▕             ->post(route('organisations.elections.store', $this->org->slug), $payload)
  ➜ 355▕             ->assertRedirect();
    356▕ 
    357▕         $this->assertDatabaseHas('elections', [
    358▕             'organisation_id' => $this->org->id,
    359▕             'description'     => null,

  [31m────────────────────────────────────────────────────────────────────────────────────────────────────────────────────[39m  
  [41;1m FAILED [49;22m [1mTests\Feature\Election\ElectionCreationTest[22m [90m>[39m slug is generated on creation                [41;1m ErrorException [49;22m  
[39;1m  Attempt to read property "slug" on null[39;22m

  at [32mtests\Feature\Election\ElectionCreationTest.php[39m:[32m374[39m
    370▕             ->where('name', 'General Election 2026')
    371▕             ->where('organisation_id', $this->org->id)
    372▕             ->first();
    373▕ 
  ➜ 374▕         $this->assertNotNull($election->slug);
    375▕         $this->assertStringContainsString('general-election-2026', $election->slug);
    376▕     }
    377▕ 
    378▕     public function test_success_flash_message_on_creation(): void

  [31m────────────────────────────────────────────────────────────────────────────────────────────────────────────────────[39m  
  [41;1m FAILED [49;22m [1mTests\Feature\Election\ElectionCreationTest[22m [90m>[39m success flash message on creation                              
[39;1m  Session is missing expected key [success].
Failed asserting that false is true.[39;22m

  at [32mtests\Feature\Election\ElectionCreationTest.php[39m:[32m383[39m
    379▕     {
    380▕         $this->actingAs($this->owner)
    381▕             ->withSession($this->orgSession())
    382▕             ->post(route('organisations.elections.store', $this->org->slug), $this->validPayload())
  ➜ 383▕             ->assertSessionHas('success');
    384▕     }
    385▕ 
    386▕     // =========================================================================
    387▕     // Cross-Organisation Tests

  [31m────────────────────────────────────────────────────────────────────────────────────────────────────────────────────[39m  
  [41;1m FAILED [49;22m [1mTests\Feature\Election\ElectionCreationTest[22m [90m>[39m create page renders timezone field                             
[39;1m  Expected response status code [200] but received 403.
Failed asserting that 403 is identical to 200.[39;22m

  at [32mtests\Feature\Election\ElectionCreationTest.php[39m:[32m421[39m
    417▕         $response = $this->actingAs($this->owner)
    418▕             ->withSession($this->orgSession())
    419▕             ->get(route('organisations.elections.create', $this->org->slug));
    420▕ 
  ➜ 421▕         $response->assertStatus(200);
    422▕         $response->assertSee('timezone', false);
    423▕     }
    424▕ 
    425▕     private function validPayload(): array

  [31m────────────────────────────────────────────────────────────────────────────────────────────────────────────────────[39m  
  [41;1m FAILED [49;22m [1mTests\Feature\Election\ElectionGracePeriodUITest[22m [90m>[39m timeline view shows grace period settings                 
[39;1m  Expected response status code [200] but received 403.
Failed asserting that 403 is identical to 200.[39;22m

  at [32mtests\Feature\Election\ElectionGracePeriodUITest.php[39m:[32m46[39m
     42▕     {
     43▕         $response = $this->actingAs($this->user)
     44▕             ->get(route('elections.timeline', $this->election));
     45▕ 
  ➜  46▕         $response->assertStatus(200);
     47▕         // Verify the response contains the grace period related text from the Vue component
     48▕         $response->assertSee('allow_auto_transition');
     49▕         $response->assertSee('auto_transition_grace_days');
     50▕     }

  [31m────────────────────────────────────────────────────────────────────────────────────────────────────────────────────[39m  
  [41;1m FAILED [49;22m [1mTests\Feature\Election\ElectionManagementConstitutionalTest[22m [90m>[39m update voting dates… [41;1m RouteNotFoundException [49;22m  
[39;1m  Route [elections.update-voting-dates] not defined.[39;22m

  at [32mvendor\laravel\framework\src\Illuminate\Routing\UrlGenerator.php[39m:[32m517[39m
    513▕             ! is_null($url = call_user_func($this->missingNamedRouteResolver, $name, $parameters, $absolute))) {
    514▕             return $url;
    515▕         }
    516▕ 
  ➜ 517▕         throw new RouteNotFoundException("Route [{$name}] not defined.");
    518▕     }
    519▕ 
    520▕     /**
    521▕      * Get the URL for a given route instance.

  [33m1   [39m[39;1mvendor\laravel\framework\src\Illuminate\Routing\UrlGenerator.php[39;22m:[39;1m517[39;22m
  [33m2   [39m[39;1mvendor\laravel\framework\src\Illuminate\Foundation\helpers.php[39;22m:[39;1m853[39;22m

  [31m────────────────────────────────────────────────────────────────────────────────────────────────────────────────────[39m  
  [41;1m FAILED [49;22m [1mTests\Feature\Election\ElectionManagementConstitutionalTest[22m [90m>[39m index filters by st… [41;1m RouteNotFoundException [49;22m  
[39;1m  Route [elections.index] not defined.[39;22m

  at [32mvendor\laravel\framework\src\Illuminate\Routing\UrlGenerator.php[39m:[32m517[39m
    513▕             ! is_null($url = call_user_func($this->missingNamedRouteResolver, $name, $parameters, $absolute))) {
    514▕             return $url;
    515▕         }
    516▕ 
  ➜ 517▕         throw new RouteNotFoundException("Route [{$name}] not defined.");
    518▕     }
    519▕ 
    520▕     /**
    521▕      * Get the URL for a given route instance.

  [33m1   [39m[39;1mvendor\laravel\framework\src\Illuminate\Routing\UrlGenerator.php[39;22m:[39;1m517[39;22m
  [33m2   [39m[39;1mvendor\laravel\framework\src\Illuminate\Foundation\helpers.php[39;22m:[39;1m853[39;22m

  [31m────────────────────────────────────────────────────────────────────────────────────────────────────────────────────[39m  
  [41;1m FAILED [49;22m [1mTests\Feature\Election\ElectionManagementConstitutionalTest[22m [90m>[39m update voting dates… [41;1m RouteNotFoundException [49;22m  
[39;1m  Route [elections.update-voting-dates] not defined.[39;22m

  at [32mvendor\laravel\framework\src\Illuminate\Routing\UrlGenerator.php[39m:[32m517[39m
    513▕             ! is_null($url = call_user_func($this->missingNamedRouteResolver, $name, $parameters, $absolute))) {
    514▕             return $url;
    515▕         }
    516▕ 
  ➜ 517▕         throw new RouteNotFoundException("Route [{$name}] not defined.");
    518▕     }
    519▕ 
    520▕     /**
    521▕      * Get the URL for a given route instance.

  [33m1   [39m[39;1mvendor\laravel\framework\src\Illuminate\Routing\UrlGenerator.php[39;22m:[39;1m517[39;22m
  [33m2   [39m[39;1mvendor\laravel\framework\src\Illuminate\Foundation\helpers.php[39;22m:[39;1m853[39;22m

  [31m────────────────────────────────────────────────────────────────────────────────────────────────────────────────────[39m  
  [41;1m FAILED [49;22m [1mTests\Feature\Election\ElectionMembershipPersistenceTest[22m [90m>[39m assign voter persis… [41;1m VoterNotEligibleException [49;22m  
[39;1m  User 'a1e8ea69-6e11-415f-b94b-9ffb96716a61' is not eligible to vote in this election.[39;22m

  at [32mapp\Contexts\Elections\Application\Handlers\AssignVoterHandler.php[39m:[32m58[39m
     54▕     public function handle(AssignVoterCommand $cmd): ElectionMembership
     55▕     {
     56▕         // Step 1: Eligibility check via policy
     57▕         if (!$this->policy->isEligible($cmd->userId, $cmd->organisationId, $cmd->mode)) {
  ➜  58▕             throw new VoterNotEligibleException(
     59▕                 "User '{$cmd->userId}' is not eligible to vote in this election."
     60▕             );
     61▕         }
     62▕

  [33m1   [39m[39;1mapp\Contexts\Elections\Application\Handlers\AssignVoterHandler.php[39;22m:[39;1m58[39;22m
  [33m2   [39m[39;1mtests\Feature\Election\ElectionMembershipPersistenceTest.php[39;22m:[39;1m82[39;22m

  [31m────────────────────────────────────────────────────────────────────────────────────────────────────────────────────[39m  
  [41;1m FAILED [49;22m [1mTests\Feature\Election\ElectionMembershipPersistenceTest[22m [90m>[39m assign voter sets a… [41;1m VoterNotEligibleException [49;22m  
[39;1m  User 'a1e8ea69-f5d8-4440-a969-3c146ba8905f' is not eligible to vote in this election.[39;22m

  at [32mapp\Contexts\Elections\Application\Handlers\AssignVoterHandler.php[39m:[32m58[39m
     54▕     public function handle(AssignVoterCommand $cmd): ElectionMembership
     55▕     {
     56▕         // Step 1: Eligibility check via policy
     57▕         if (!$this->policy->isEligible($cmd->userId, $cmd->organisationId, $cmd->mode)) {
  ➜  58▕             throw new VoterNotEligibleException(
     59▕                 "User '{$cmd->userId}' is not eligible to vote in this election."
     60▕             );
     61▕         }
     62▕

  [33m1   [39m[39;1mapp\Contexts\Elections\Application\Handlers\AssignVoterHandler.php[39;22m:[39;1m58[39;22m
  [33m2   [39m[39;1mtests\Feature\Election\ElectionMembershipPersistenceTest.php[39;22m:[39;1m109[39;22m

  [31m────────────────────────────────────────────────────────────────────────────────────────────────────────────────────[39m  
  [41;1m FAILED [49;22m [1mTests\Feature\Election\ElectionMembershipPersistenceTest[22m [90m>[39m assign voter persis… [41;1m VoterNotEligibleException [49;22m  
[39;1m  User 'a1e8ea6a-702c-4d2f-85f3-7f826ba018a7' is not eligible to vote in this election.[39;22m

  at [32mapp\Contexts\Elections\Application\Handlers\AssignVoterHandler.php[39m:[32m58[39m
     54▕     public function handle(AssignVoterCommand $cmd): ElectionMembership
     55▕     {
     56▕         // Step 1: Eligibility check via policy
     57▕         if (!$this->policy->isEligible($cmd->userId, $cmd->organisationId, $cmd->mode)) {
  ➜  58▕             throw new VoterNotEligibleException(
     59▕                 "User '{$cmd->userId}' is not eligible to vote in this election."
     60▕             );
     61▕         }
     62▕

  [33m1   [39m[39;1mapp\Contexts\Elections\Application\Handlers\AssignVoterHandler.php[39;22m:[39;1m58[39;22m
  [33m2   [39m[39;1mtests\Feature\Election\ElectionMembershipPersistenceTest.php[39;22m:[39;1m138[39;22m

  [31m────────────────────────────────────────────────────────────────────────────────────────────────────────────────────[39m  
  [41;1m FAILED [49;22m [1mTests\Feature\Election\ElectionMembershipPersistenceTest[22m [90m>[39m assign voter unique… [41;1m VoterNotEligibleException [49;22m  
[39;1m  User 'a1e8ea6b-10ee-45fd-8f96-0cfc19c37901' is not eligible to vote in this election.[39;22m

  at [32mapp\Contexts\Elections\Application\Handlers\AssignVoterHandler.php[39m:[32m58[39m
     54▕     public function handle(AssignVoterCommand $cmd): ElectionMembership
     55▕     {
     56▕         // Step 1: Eligibility check via policy
     57▕         if (!$this->policy->isEligible($cmd->userId, $cmd->organisationId, $cmd->mode)) {
  ➜  58▕             throw new VoterNotEligibleException(
     59▕                 "User '{$cmd->userId}' is not eligible to vote in this election."
     60▕             );
     61▕         }
     62▕

  [33m1   [39m[39;1mapp\Contexts\Elections\Application\Handlers\AssignVoterHandler.php[39;22m:[39;1m58[39;22m
  [33m2   [39m[39;1mtests\Feature\Election\ElectionMembershipPersistenceTest.php[39;22m:[39;1m163[39;22m

  [31m────────────────────────────────────────────────────────────────────────────────────────────────────────────────────[39m  
  [41;1m FAILED [49;22m [1mTests\Feature\Election\ElectionMembershipPersistenceTest[22m [90m>[39m election membership… [41;1m VoterNotEligibleException [49;22m  
[39;1m  User 'a1e8ea6b-8dd8-4677-b8b4-f4ff22fde346' is not eligible to vote in this election.[39;22m

  at [32mapp\Contexts\Elections\Application\Handlers\AssignVoterHandler.php[39m:[32m58[39m
     54▕     public function handle(AssignVoterCommand $cmd): ElectionMembership
     55▕     {
     56▕         // Step 1: Eligibility check via policy
     57▕         if (!$this->policy->isEligible($cmd->userId, $cmd->organisationId, $cmd->mode)) {
  ➜  58▕             throw new VoterNotEligibleException(
     59▕                 "User '{$cmd->userId}' is not eligible to vote in this election."
     60▕             );
     61▕         }
     62▕

  [33m1   [39m[39;1mapp\Contexts\Elections\Application\Handlers\AssignVoterHandler.php[39;22m:[39;1m58[39;22m
  [33m2   [39m[39;1mtests\Feature\Election\ElectionMembershipPersistenceTest.php[39;22m:[39;1m197[39;22m

  [31m────────────────────────────────────────────────────────────────────────────────────────────────────────────────────[39m  
  [41;1m FAILED [49;22m [1mTests\Feature\Election\ElectionMembershipPersistenceTest[22m [90m>[39m election membership… [41;1m VoterNotEligibleException [49;22m  
[39;1m  User 'a1e8ea6c-2840-4ec4-8386-5a02199bd681' is not eligible to vote in this election.[39;22m

  at [32mapp\Contexts\Elections\Application\Handlers\AssignVoterHandler.php[39m:[32m58[39m
     54▕     public function handle(AssignVoterCommand $cmd): ElectionMembership
     55▕     {
     56▕         // Step 1: Eligibility check via policy
     57▕         if (!$this->policy->isEligible($cmd->userId, $cmd->organisationId, $cmd->mode)) {
  ➜  58▕             throw new VoterNotEligibleException(
     59▕                 "User '{$cmd->userId}' is not eligible to vote in this election."
     60▕             );
     61▕         }
     62▕

  [33m1   [39m[39;1mapp\Contexts\Elections\Application\Handlers\AssignVoterHandler.php[39;22m:[39;1m58[39;22m
  [33m2   [39m[39;1mtests\Feature\Election\ElectionMembershipPersistenceTest.php[39;22m:[39;1m222[39;22m

  [31m────────────────────────────────────────────────────────────────────────────────────────────────────────────────────[39m  
  [41;1m FAILED [49;22m [1mTests\Feature\Election\ElectionMembershipPersistenceTest[22m [90m>[39m election membership… [41;1m VoterNotEligibleException [49;22m  
[39;1m  User 'a1e8ea6c-9f2b-4fdc-a95d-d5a5a9630759' is not eligible to vote in this election.[39;22m

  at [32mapp\Contexts\Elections\Application\Handlers\AssignVoterHandler.php[39m:[32m58[39m
     54▕     public function handle(AssignVoterCommand $cmd): ElectionMembership
     55▕     {
     56▕         // Step 1: Eligibility check via policy
     57▕         if (!$this->policy->isEligible($cmd->userId, $cmd->organisationId, $cmd->mode)) {
  ➜  58▕             throw new VoterNotEligibleException(
     59▕                 "User '{$cmd->userId}' is not eligible to vote in this election."
     60▕             );
     61▕         }
     62▕

  [33m1   [39m[39;1mapp\Contexts\Elections\Application\Handlers\AssignVoterHandler.php[39;22m:[39;1m58[39;22m
  [33m2   [39m[39;1mtests\Feature\Election\ElectionMembershipPersistenceTest.php[39;22m:[39;1m247[39;22m

  [31m────────────────────────────────────────────────────────────────────────────────────────────────────────────────────[39m  
  [41;1m FAILED [49;22m [1mTests\Feature\Election\ElectionMembershipPersistenceTest[22m [90m>[39m bulk assign voters persists all records           
[39;1m  Failed asserting that 0 matches expected 2.[39;22m

  at [32mtests\Feature\Election\ElectionMembershipPersistenceTest.php[39m:[32m292[39m
    288▕         ));
    289▕ 
    290▕         $count = ElectionMembership::withoutGlobalScopes()
    291▕             ->where('election_id', $this->election->id)->count();
  ➜ 292▕         $this->assertEquals(2, $count);
    293▕     }
    294▕ 
    295▕     /**
    296▕      * Test P.1.9: bulkAssignVoters uses efficient insert (not looped assignVoter)

  [33m1   [39m[39;1mtests\Feature\Election\ElectionMembershipPersistenceTest.php[39;22m:[39;1m292[39;22m

  [31m────────────────────────────────────────────────────────────────────────────────────────────────────────────────────[39m  
  [41;1m FAILED [49;22m [1mTests\Feature\Election\ElectionMembershipPersistenceTest[22m [90m>[39m bulk assign voters creates records efficiently    
[39;1m  Failed asserting that 0 matches expected 2.[39;22m

  at [32mtests\Feature\Election\ElectionMembershipPersistenceTest.php[39m:[32m327[39m
    323▕             ->where('election_id', $this->election->id)
    324▕             ->orderBy('user_id')
    325▕             ->get();
    326▕ 
  ➜ 327▕         $this->assertEquals(2, $records->count());
    328▕         $this->assertEquals($this->user->id, $records[0]->user_id);
    329▕         $this->assertEquals($user2->id, $records[1]->user_id);
    330▕     }
    331▕

  [33m1   [39m[39;1mtests\Feature\Election\ElectionMembershipPersistenceTest.php[39;22m:[39;1m327[39;22m

  [31m────────────────────────────────────────────────────────────────────────────────────────────────────────────────────[39m  
  [41;1m FAILED [49;22m [1mTests\Feature\Election\ElectionMembershipPersistenceTest[22m [90m>[39m election membership… [41;1m VoterNotEligibleException [49;22m  
[39;1m  User 'a1e8ea6e-0883-426d-a0e1-ba730d6ddf8a' is not eligible to vote in this election.[39;22m

  at [32mapp\Contexts\Elections\Application\Handlers\AssignVoterHandler.php[39m:[32m58[39m
     54▕     public function handle(AssignVoterCommand $cmd): ElectionMembership
     55▕     {
     56▕         // Step 1: Eligibility check via policy
     57▕         if (!$this->policy->isEligible($cmd->userId, $cmd->organisationId, $cmd->mode)) {
  ➜  58▕             throw new VoterNotEligibleException(
     59▕                 "User '{$cmd->userId}' is not eligible to vote in this election."
     60▕             );
     61▕         }
     62▕

  [33m1   [39m[39;1mapp\Contexts\Elections\Application\Handlers\AssignVoterHandler.php[39;22m:[39;1m58[39;22m
  [33m2   [39m[39;1mtests\Feature\Election\ElectionMembershipPersistenceTest.php[39;22m:[39;1m340[39;22m

  [31m────────────────────────────────────────────────────────────────────────────────────────────────────────────────────[39m  
  [41;1m FAILED [49;22m [1mTests\Feature\Election\ElectionMembershipPersistenceTest[22m [90m>[39m bulk assign voters returns expected structure     
[39;1m  Failed asserting that a row in the table [election_memberships] matches the attributes {
    "user_id": "a1e8ea6e-6410-4b23-a3aa-5f4827d4cc0d",
    "election_id": "a1e8ea6e-59e5-4d14-8ffe-b154ccc6f3e2"
}.

The table is empty.[39;22m

  at [32mtests\Feature\Election\ElectionMembershipPersistenceTest.php[39m:[32m373[39m
    369▕             mode: VoterSourceStrategy::fromOrganisation($this->organisation),
    370▕             assignedBy: $this->assignedBy->id,
    371▕         ));
    372▕ 
  ➜ 373▕         $this->assertDatabaseHas('election_memberships', [
    374▕             'user_id' => $this->user->id,
    375▕             'election_id' => $this->election->id,
    376▕         ]);
    377▕     }

  [31m────────────────────────────────────────────────────────────────────────────────────────────────────────────────────[39m  
  [41;1m FAILED [49;22m [1mTests\Feature\Election\ElectionModelLockAndAuditTest[22m [90m>[39m complete nomination locks voting on start             
[39;1m  Failed asserting that false is true.[39;22m

  at [32mtests\Feature\Election\ElectionModelLockAndAuditTest.php[39m:[32m139[39m
    135▕         $election->completeNomination('Test reason', $user->id);
    136▕ 
    137▕         $fresh = $election->fresh();
    138▕         $this->assertTrue($fresh->nomination_completed);
  ➜ 139▕         $this->assertTrue($fresh->voting_locked);
    140▕         $this->assertEquals($user->id, $fresh->voting_locked_by);
    141▕     }
    142▕ 
    143▕     public function test_complete_administration_still_works(): void

  [33m1   [39m[39;1mtests\Feature\Election\ElectionModelLockAndAuditTest.php[39;22m:[39;1m139[39;22m

  [31m────────────────────────────────────────────────────────────────────────────────────────────────────────────────────[39m  
  [41;1m FAILED [49;22m [1mTests\Feature\Election\ElectionModelLockAndAuditTest[22m [90m>[39m complete administratio… [41;1m InvalidTransitionException [49;22m  
[39;1m  Action 'complete_administration' not allowed in state 'draft'. Allowed states: setup_administration[39;22m

  at [32mapp\Application\Election\Services\ConstitutionalTransitionGuard.php[39m:[32m59[39m
     55▕         // Check 2: State allows action
     56▕         if (!ElectionConstitution::isActionAllowedInState($action, $snapshot->state)) {
     57▕             $allowedStates = implode(', ', $rules['allowed_states']);
     58▕             $this->metrics?->recordIllegalActivationAttempt($election->id, "Action '$action' not allowed in state '{$snapshot->state->value}'");
  ➜  59▕             throw new InvalidTransitionException(
     60▕                 "Action '{$action}' not allowed in state '{$snapshot->state->value}'. " .
     61▕                 "Allowed states: {$allowedStates}"
     62▕             );
     63▕         }

  [33m1   [39m[39;1mapp\Application\Election\Services\ConstitutionalTransitionGuard.php[39;22m:[39;1m59[39;22m
  [33m2   [39m[39;1mapp\Models\Election.php[39;22m:[39;1m1650[39;22m

  [31m────────────────────────────────────────────────────────────────────────────────────────────────────────────────────[39m  
  [41;1m FAILED [49;22m [1mTests\Feature\Election\ElectionOnlyModeTest[22m [90m>[39m election only user without member recor… [41;1m ArgumentCountError [49;22m  
[39;1m  Too few arguments to function App\Services\VoterEligibilityService::isEligibleVoter(), 2 passed in C:\Users\nabra\OneDrive\Desktop\roshyara\xamp\nrna\nrna-eu\tests\Feature\Election\ElectionOnlyModeTest.php on line 146 and exactly 3 expected[39;22m

  at [32mapp\Services\VoterEligibilityService.php[39m:[32m31[39m
     27▕      *
     28▕      * IMPORTANT: Mode must be passed from election context — never derive internally.
     29▕      * Used by ElectionVoterController::store() validation.
     30▕      */
  ➜  31▕     public function isEligibleVoter(Organisation $org, User $user, VoterSourceStrategy $mode): bool
     32▕     {
     33▕         return $this->policy->isEligible(
     34▕             $user->id,
     35▕             $org->id,

  [33m1   [39m[39;1mapp\Services\VoterEligibilityService.php[39;22m:[39;1m31[39;22m
  [33m2   [39m[39;1mtests\Feature\Election\ElectionOnlyModeTest.php[39;22m:[39;1m146[39;22m

  [31m────────────────────────────────────────────────────────────────────────────────────────────────────────────────────[39m  
  [41;1m FAILED [49;22m [1mTests\Feature\Election\ElectionOnlyModeTest[22m [90m>[39m full membership user without member rec… [41;1m ArgumentCountError [49;22m  
[39;1m  Too few arguments to function App\Services\VoterEligibilityService::isEligibleVoter(), 2 passed in C:\Users\nabra\OneDrive\Desktop\roshyara\xamp\nrna\nrna-eu\tests\Feature\Election\ElectionOnlyModeTest.php on line 162 and exactly 3 expected[39;22m

  at [32mapp\Services\VoterEligibilityService.php[39m:[32m31[39m
     27▕      *
     28▕      * IMPORTANT: Mode must be passed from election context — never derive internally.
     29▕      * Used by ElectionVoterController::store() validation.
     30▕      */
  ➜  31▕     public function isEligibleVoter(Organisation $org, User $user, VoterSourceStrategy $mode): bool
     32▕     {
     33▕         return $this->policy->isEligible(
     34▕             $user->id,
     35▕             $org->id,

  [33m1   [39m[39;1mapp\Services\VoterEligibilityService.php[39;22m:[39;1m31[39;22m
  [33m2   [39m[39;1mtests\Feature\Election\ElectionOnlyModeTest.php[39;22m:[39;1m162[39;22m

  [31m────────────────────────────────────────────────────────────────────────────────────────────────────────────────────[39m  
  [41;1m FAILED [49;22m [1mTests\Feature\Election\ElectionOnlyModeTest[22m [90m>[39m full membership user with active member… [41;1m ArgumentCountError [49;22m  
[39;1m  Too few arguments to function App\Services\VoterEligibilityService::isEligibleVoter(), 2 passed in C:\Users\nabra\OneDrive\Desktop\roshyara\xamp\nrna\nrna-eu\tests\Feature\Election\ElectionOnlyModeTest.php on line 191 and exactly 3 expected[39;22m

  at [32mapp\Services\VoterEligibilityService.php[39m:[32m31[39m
     27▕      *
     28▕      * IMPORTANT: Mode must be passed from election context — never derive internally.
     29▕      * Used by ElectionVoterController::store() validation.
     30▕      */
  ➜  31▕     public function isEligibleVoter(Organisation $org, User $user, VoterSourceStrategy $mode): bool
     32▕     {
     33▕         return $this->policy->isEligible(
     34▕             $user->id,
     35▕             $org->id,

  [33m1   [39m[39;1mapp\Services\VoterEligibilityService.php[39;22m:[39;1m31[39;22m
  [33m2   [39m[39;1mtests\Feature\Election\ElectionOnlyModeTest.php[39;22m:[39;1m191[39;22m

  [31m────────────────────────────────────────────────────────────────────────────────────────────────────────────────────[39m  
  [41;1m FAILED [49;22m [1mTests\Feature\Election\ElectionOnlyModeTest[22m [90m>[39m election only dropdown shows all active org users              
[39;1m  user1 should appear in dropdown
Failed asserting that an array contains 'a1e8ea73-d66c-4125-87ac-c45aeba34e36'.[39;22m

  at [32mtests\Feature\Election\ElectionOnlyModeTest.php[39m:[32m211[39m
    207▕             ->get();
    208▕ 
    209▕         // Should include both user1 and user2 (no Member check needed)
    210▕         $voterIds = $voters->pluck('id')->toArray();
  ➜ 211▕         $this->assertContains($this->user1->id, $voterIds, 'user1 should appear in dropdown');
    212▕         $this->assertContains($this->user2->id, $voterIds, 'user2 should appear in dropdown');
    213▕     }
    214▕ 
    215▕     public function test_full_membership_dropdown_only_shows_members_with_paid_exempt(): void

  [33m1   [39m[39;1mtests\Feature\Election\ElectionOnlyModeTest.php[39;22m:[39;1m211[39;22m

  [31m────────────────────────────────────────────────────────────────────────────────────────────────────────────────────[39m  
  [41;1m FAILED [49;22m [1mTests\Feature\Election\ElectionOnlyModeTest[22m [90m>[39m election only single assign accepts user without member rec…   
[39;1m  User should be assigned to election in election-only mode
Failed asserting that false is true.[39;22m

  at [32mtests\Feature\Election\ElectionOnlyModeTest.php[39m:[32m276[39m
    272▕         // Should succeed (not 422 validation error)
    273▕         $response->assertStatus(302); // Redirect on success or stays on page
    274▕ 
    275▕         // Verify assignment was created
  ➜ 276▕         $this->assertTrue(
    277▕             $this->election->memberships()
    278▕                 ->where('user_id', $this->user1->id)
    279▕                 ->exists(),
    280▕             'User should be assigned to election in election-only mode'

  [33m1   [39m[39;1mtests\Feature\Election\ElectionOnlyModeTest.php[39;22m:[39;1m276[39;22m

  [31m────────────────────────────────────────────────────────────────────────────────────────────────────────────────────[39m  
  [41;1m FAILED [49;22m [1mTests\Feature\Election\ElectionOnlyModeTest[22m [90m>[39m election only bulk assign accepts users without member reco…   
[39;1m  user1 should be assigned to election in bulk
Failed asserting that false is true.[39;22m

  at [32mtests\Feature\Election\ElectionOnlyModeTest.php[39m:[32m354[39m
    350▕ 
    351▕         $response->assertStatus(302); // Redirect on success
    352▕ 
    353▕         // Verify both users were assigned
  ➜ 354▕         $this->assertTrue(
    355▕             $this->election->memberships()
    356▕                 ->where('user_id', $this->user1->id)
    357▕                 ->exists(),
    358▕             'user1 should be assigned to election in bulk'

  [33m1   [39m[39;1mtests\Feature\Election\ElectionOnlyModeTest.php[39;22m:[39;1m354[39;22m

  [31m────────────────────────────────────────────────────────────────────────────────────────────────────────────────────[39m  
  [41;1m FAILED [49;22m [1mTests\Feature\Election\ElectionSettingsTest[22m [90m>[39m ip restriction blocks excess votes from same ip                
[39;1m  Expected response status code [403] but received 302.
Failed asserting that 302 is identical to 403.[39;22m

  at [32mtests\Feature\Election\ElectionSettingsTest.php[39m:[32m248[39m
    244▕             ->withSession(['current_organisation_id' => $this->org->id])
    245▕             ->withServerVariables(['REMOTE_ADDR' => '10.0.0.1'])
    246▕             ->post(route('elections.start', $this->election->slug));
    247▕ 
  ➜ 248▕         $response->assertStatus(403);
    249▕     }
    250▕ 
    251▕     /** @test */
    252▕     public function test_whitelisted_ip_bypasses_restriction()

  [31m────────────────────────────────────────────────────────────────────────────────────────────────────────────────────[39m  
  [41;1m FAILED [49;22m [1mTests\Feature\Election\ElectionShowControllerTest[22m [90m>[39m eligible voter sees can vote true and has voted false    
[39;1m  Property [canVote] does not match the expected value.
Failed asserting that false is identical to true.[39;22m

  at [32mtests\Feature\Election\ElectionShowControllerTest.php[39m:[32m167[39m
    163▕         $this->actingAs($user)
    164▕              ->get(route('elections.show', $election->slug))
    165▕              ->assertInertia(fn ($page) => $page
    166▕                  ->component('Election/Show')
  ➜ 167▕                  ->where('canVote', true)
    168▕                  ->where('hasVoted', false)
    169▕                  ->where('isEligible', true)
    170▕              );
    171▕     }

  [33m1   [39m[39;1mvendor\inertiajs\inertia-laravel\src\Testing\TestResponseMacros.php[39;22m:[39;1m18[39;22m
  [33m2   [39m[39;1mvendor\laravel\framework\src\Illuminate\Macroable\Traits\Macroable.php[39;22m:[39;1m126[39;22m

  [31m────────────────────────────────────────────────────────────────────────────────────────────────────────────────────[39m  
  [41;1m FAILED [49;22m [1mTests\Feature\Election\ElectionShowControllerTest[22m [90m>[39m voted user sees has voted true and can vote false        
[39;1m  Property [hasVoted] does not match the expected value.
Failed asserting that false is identical to true.[39;22m

  at [32mtests\Feature\Election\ElectionShowControllerTest.php[39m:[32m186[39m
    182▕         $this->actingAs($user)
    183▕              ->get(route('elections.show', $election->slug))
    184▕              ->assertInertia(fn ($page) => $page
    185▕                  ->component('Election/Show')
  ➜ 186▕                  ->where('hasVoted', true)
    187▕                  ->where('canVote', false)
    188▕              );
    189▕     }
    190▕

  [33m1   [39m[39;1mvendor\inertiajs\inertia-laravel\src\Testing\TestResponseMacros.php[39;22m:[39;1m18[39;22m
  [33m2   [39m[39;1mvendor\laravel\framework\src\Illuminate\Macroable\Traits\Macroable.php[39;22m:[39;1m126[39;22m

  [31m────────────────────────────────────────────────────────────────────────────────────────────────────────────────────[39m  
  [41;1m FAILED [49;22m [1mTests\Feature\Election\ElectionShowControllerTest[22m [90m>[39m start for eligible voter creates voter slug and redir…   
[39;1m  Expected: [39;22m[31mhttp://localhost/elections/test-election-6a1bf638b15b1[39m[39;1m

  To contain: [39;22m[32m/v/[39m

  at [32mtests\Feature\Election\ElectionShowControllerTest.php[39m:[32m260[39m
    256▕              ->post(route('elections.start', $election->slug));
    257▕ 
    258▕         // Should redirect to slug.code.create (voter slug route)
    259▕         $response->assertRedirect();
  ➜ 260▕         $this->assertStringContainsString('/v/', $response->headers->get('Location'));
    261▕         $this->assertStringContainsString('/code/create', $response->headers->get('Location'));
    262▕ 
    263▕         // Voter slug must be created in DB
    264▕         $this->assertDatabaseHas('voter_slugs', [

  [33m1   [39m[39;1mtests\Feature\Election\ElectionShowControllerTest.php[39;22m:[39;1m260[39;22m

  [31m────────────────────────────────────────────────────────────────────────────────────────────────────────────────────[39m  
  [41;1m FAILED [49;22m [1mTests\Feature\Election\ElectionShowControllerTest[22m [90m>[39m start for already voted redirects with info              
[39;1m  Session is missing expected key [info].
Failed asserting that false is true.[39;22m

  at [32mtests\Feature\Election\ElectionShowControllerTest.php[39m:[32m297[39m
    293▕ 
    294▕         $this->actingAs($user)
    295▕              ->post(route('elections.start', $election->slug))
    296▕              ->assertRedirect(route('elections.show', $election->slug))
  ➜ 297▕              ->assertSessionHas('info');
    298▕     }
    299▕ 
    300▕     /** @test */
    301▕     public function start_reuses_existing_active_voter_slug(): void

  [31m────────────────────────────────────────────────────────────────────────────────────────────────────────────────────[39m  
  [41;1m FAILED [49;22m [1mTests\Feature\Election\ElectionStateMachineCapabilitiesTest[22m [90m>[39m capabilities contains exactly all constitut…   
[39;1m  Capabilities must contain exactly the constitution actions, no more, no less
Failed asserting that two arrays are equal.
--- Expected
+++ Actual
@@ @@
 Array (
-    0 => 'approve'
-    1 => 'archive'
-    2 => 'auto_submit'
-    3 => 'begin_setup'
-    4 => 'close_voting'
-    5 => 'complete_administration'
-    6 => 'complete_nomination'
-    7 => 'open_voting'
-    8 => 'publish_results'
-    9 => 'reject'
-    10 => 'resume'
-    11 => 'revise_and_resubmit'
-    12 => 'submit_for_approval'
-    13 => 'suspend'
+    0 => 'apply_candidacy'
+    1 => 'approve'
+    2 => 'archive'
+    3 => 'auto_submit'
+    4 => 'begin_setup'
+    5 => 'close_voting'
+    6 => 'complete_administration'
+    7 => 'complete_nomination'
+    8 => 'open_voting'
+    9 => 'publish_results'
+    10 => 'reject'
+    11 => 'resume'
+    12 => 'revise_and_resubmit'
+    13 => 'submit_for_approval'
+    14 => 'suspend'
 )[39;22m

  at [32mtests\Feature\Election\ElectionStateMachineCapabilitiesTest.php[39m:[32m83[39m
     79▕             'suspend',
     80▕             'resume',
     81▕         ];
     82▕ 
  ➜  83▕         $this->assertEqualsCanonicalizing($constitutionActions, $capabilityActions,
     84▕             'Capabilities must contain exactly the constitution actions, no more, no less'
     85▕         );
     86▕     }
     87▕

  [33m1   [39m[39;1mtests\Feature\Election\ElectionStateMachineCapabilitiesTest.php[39;22m:[39;1m83[39;22m

  [31m────────────────────────────────────────────────────────────────────────────────────────────────────────────────────[39m  
  [41;1m FAILED [49;22m [1mTests\Feature\Election\ElectionStateMachineCapabilitiesTest[22m [90m>[39m capabilities actions match constitution exa…   
[39;1m  Capabilities must contain exactly 14 actions (no gaps, no extras)
Failed asserting that actual size 15 matches expected size 14.[39;22m

  at [32mtests\Feature\Election\ElectionStateMachineCapabilitiesTest.php[39m:[32m242[39m
    238▕         $capabilities = $stateMachine['capabilities'];
    239▕         $capabilityActions = array_keys($capabilities);
    240▕ 
    241▕         // 14 actions defined in constitution
  ➜ 242▕         $this->assertCount(14, $capabilityActions,
    243▕             'Capabilities must contain exactly 14 actions (no gaps, no extras)'
    244▕         );
    245▕ 
    246▕         // No undefined actions

  [33m1   [39m[39;1mtests\Feature\Election\ElectionStateMachineCapabilitiesTest.php[39;22m:[39;1m242[39;22m

  [31m────────────────────────────────────────────────────────────────────────────────────────────────────────────────────[39m  
  [41;1m FAILED [49;22m [1mTests\Feature\Election\ElectionVoterSuspensionTest[22m [90m>[39m officer can prop… [41;1m UniqueConstraintViolationException [49;22m  
[39;1m  SQLSTATE[23505]: Unique violation: 7 FEHLER:  doppelter Schlüsselwert verletzt Unique-Constraint »user_organisation_roles_user_id_organisation_id_unique«
DETAIL:  Schlüssel »(user_id, organisation_id)=(a1e8eacc-7618-45fb-8393-bd1e3f6dd27e, a1e8eacc-57ab-4ca7-b7af-c12822b8a11e)« existiert bereits. (Connection: pgsql, SQL: insert into "user_organisation_roles" ("id", "user_id", "organisation_id", "role", "updated_at", "created_at") values (0618f5d3-17c3-4f94-a6d7-0ae3d35ae9c8, a1e8eacc-7618-45fb-8393-bd1e3f6dd27e, a1e8eacc-57ab-4ca7-b7af-c12822b8a11e, voter, 2026-05-31 08:50:37, 2026-05-31 08:50:37))[39;22m

  at [32mvendor\laravel\framework\src\Illuminate\Database\Connection.php[39m:[32m820[39m
    816▕         // message to include the bindings with SQL, which will make this exception a
    817▕         // lot more helpful to the developer instead of just the database's errors.
    818▕         catch (Exception $e) {
    819▕             if ($this->isUniqueConstraintError($e)) {
  ➜ 820▕                 throw new UniqueConstraintViolationException(
    821▕                     $this->getName(), $query, $this->prepareBindings($bindings), $e
    822▕                 );
    823▕             }
    824▕

  [33m1   [39m[39;1mvendor\laravel\framework\src\Illuminate\Database\Connection.php[39;22m:[39;1m820[39;22m

  [33m2   [39m[39;1mvendor\laravel\framework\src\Illuminate\Database\Connection.php[39;22m:[39;1m571[39;22m
  [90m    NunoMaduro\Collision\Exceptions\TestException::("SQLSTATE[23505]: Unique violation: 7 FEHLER:  doppelter Schlüsselwert verletzt Unique-Constraint »user_organisation_roles_user_id_organisation_id_unique«
DETAIL:  Schlüssel »(user_id, organisation_id)=(a1e8eacc-7618-45fb-8393-bd1e3f6dd27e, a1e8eacc-57ab-4ca7-b7af-c12822b8a11e)« existiert bereits.")[39m

  [31m────────────────────────────────────────────────────────────────────────────────────────────────────────────────────[39m  
  [41;1m FAILED [49;22m [1mTests\Feature\Election\ElectionVoterSuspensionTest[22m [90m>[39m cannot propose s… [41;1m UniqueConstraintViolationException [49;22m  
[39;1m  SQLSTATE[23505]: Unique violation: 7 FEHLER:  doppelter Schlüsselwert verletzt Unique-Constraint »user_organisation_roles_user_id_organisation_id_unique«
DETAIL:  Schlüssel »(user_id, organisation_id)=(a1e8eacc-fb08-4348-8734-389c1a378808, a1e8eacc-d527-4363-a627-37db25e9f85d)« existiert bereits. (Connection: pgsql, SQL: insert into "user_organisation_roles" ("id", "user_id", "organisation_id", "role", "updated_at", "created_at") values (f06d8222-9427-4f4e-8f56-e4e1774a6a22, a1e8eacc-fb08-4348-8734-389c1a378808, a1e8eacc-d527-4363-a627-37db25e9f85d, voter, 2026-05-31 08:50:37, 2026-05-31 08:50:37))[39;22m

  at [32mvendor\laravel\framework\src\Illuminate\Database\Connection.php[39m:[32m820[39m
    816▕         // message to include the bindings with SQL, which will make this exception a
    817▕         // lot more helpful to the developer instead of just the database's errors.
    818▕         catch (Exception $e) {
    819▕             if ($this->isUniqueConstraintError($e)) {
  ➜ 820▕                 throw new UniqueConstraintViolationException(
    821▕                     $this->getName(), $query, $this->prepareBindings($bindings), $e
    822▕                 );
    823▕             }
    824▕

  [33m1   [39m[39;1mvendor\laravel\framework\src\Illuminate\Database\Connection.php[39;22m:[39;1m820[39;22m

  [33m2   [39m[39;1mvendor\laravel\framework\src\Illuminate\Database\Connection.php[39;22m:[39;1m571[39;22m
  [90m    NunoMaduro\Collision\Exceptions\TestException::("SQLSTATE[23505]: Unique violation: 7 FEHLER:  doppelter Schlüsselwert verletzt Unique-Constraint »user_organisation_roles_user_id_organisation_id_unique«
DETAIL:  Schlüssel »(user_id, organisation_id)=(a1e8eacc-fb08-4348-8734-389c1a378808, a1e8eacc-d527-4363-a627-37db25e9f85d)« existiert bereits.")[39m

  [31m────────────────────────────────────────────────────────────────────────────────────────────────────────────────────[39m  
  [41;1m FAILED [49;22m [1mTests\Feature\Election\ElectionVoterSuspensionTest[22m [90m>[39m cannot propose s… [41;1m UniqueConstraintViolationException [49;22m  
[39;1m  SQLSTATE[23505]: Unique violation: 7 FEHLER:  doppelter Schlüsselwert verletzt Unique-Constraint »user_organisation_roles_user_id_organisation_id_unique«
DETAIL:  Schlüssel »(user_id, organisation_id)=(a1e8eacd-a7f4-4cdb-bf8e-38a6d02f6aa8, a1e8eacd-6698-4777-91cf-4f066b1e2004)« existiert bereits. (Connection: pgsql, SQL: insert into "user_organisation_roles" ("id", "user_id", "organisation_id", "role", "updated_at", "created_at") values (0e7ea308-7f5f-43bb-98b8-67d787451f5c, a1e8eacd-a7f4-4cdb-bf8e-38a6d02f6aa8, a1e8eacd-6698-4777-91cf-4f066b1e2004, voter, 2026-05-31 08:50:38, 2026-05-31 08:50:38))[39;22m

  at [32mvendor\laravel\framework\src\Illuminate\Database\Connection.php[39m:[32m820[39m
    816▕         // message to include the bindings with SQL, which will make this exception a
    817▕         // lot more helpful to the developer instead of just the database's errors.
    818▕         catch (Exception $e) {
    819▕             if ($this->isUniqueConstraintError($e)) {
  ➜ 820▕                 throw new UniqueConstraintViolationException(
    821▕                     $this->getName(), $query, $this->prepareBindings($bindings), $e
    822▕                 );
    823▕             }
    824▕

  [33m1   [39m[39;1mvendor\laravel\framework\src\Illuminate\Database\Connection.php[39;22m:[39;1m820[39;22m

  [33m2   [39m[39;1mvendor\laravel\framework\src\Illuminate\Database\Connection.php[39;22m:[39;1m571[39;22m
  [90m    NunoMaduro\Collision\Exceptions\TestException::("SQLSTATE[23505]: Unique violation: 7 FEHLER:  doppelter Schlüsselwert verletzt Unique-Constraint »user_organisation_roles_user_id_organisation_id_unique«
DETAIL:  Schlüssel »(user_id, organisation_id)=(a1e8eacd-a7f4-4cdb-bf8e-38a6d02f6aa8, a1e8eacd-6698-4777-91cf-4f066b1e2004)« existiert bereits.")[39m

  [31m────────────────────────────────────────────────────────────────────────────────────────────────────────────────────[39m  
  [41;1m FAILED [49;22m [1mTests\Feature\Election\ElectionVoterSuspensionTest[22m [90m>[39m second officer c… [41;1m UniqueConstraintViolationException [49;22m  
[39;1m  SQLSTATE[23505]: Unique violation: 7 FEHLER:  doppelter Schlüsselwert verletzt Unique-Constraint »user_organisation_roles_user_id_organisation_id_unique«
DETAIL:  Schlüssel »(user_id, organisation_id)=(a1e8eace-3baa-47c2-860b-3f2f3cf39263, a1e8eace-0ef2-4ecf-a4fe-7e9eea1d1130)« existiert bereits. (Connection: pgsql, SQL: insert into "user_organisation_roles" ("id", "user_id", "organisation_id", "role", "updated_at", "created_at") values (691190d0-aa3f-47cf-8bb3-56e154f7f934, a1e8eace-3baa-47c2-860b-3f2f3cf39263, a1e8eace-0ef2-4ecf-a4fe-7e9eea1d1130, voter, 2026-05-31 08:50:38, 2026-05-31 08:50:38))[39;22m

  at [32mvendor\laravel\framework\src\Illuminate\Database\Connection.php[39m:[32m820[39m
    816▕         // message to include the bindings with SQL, which will make this exception a
    817▕         // lot more helpful to the developer instead of just the database's errors.
    818▕         catch (Exception $e) {
    819▕             if ($this->isUniqueConstraintError($e)) {
  ➜ 820▕                 throw new UniqueConstraintViolationException(
    821▕                     $this->getName(), $query, $this->prepareBindings($bindings), $e
    822▕                 );
    823▕             }
    824▕

  [33m1   [39m[39;1mvendor\laravel\framework\src\Illuminate\Database\Connection.php[39;22m:[39;1m820[39;22m

  [33m2   [39m[39;1mvendor\laravel\framework\src\Illuminate\Database\Connection.php[39;22m:[39;1m571[39;22m
  [90m    NunoMaduro\Collision\Exceptions\TestException::("SQLSTATE[23505]: Unique violation: 7 FEHLER:  doppelter Schlüsselwert verletzt Unique-Constraint »user_organisation_roles_user_id_organisation_id_unique«
DETAIL:  Schlüssel »(user_id, organisation_id)=(a1e8eace-3baa-47c2-860b-3f2f3cf39263, a1e8eace-0ef2-4ecf-a4fe-7e9eea1d1130)« existiert bereits.")[39m

  [31m────────────────────────────────────────────────────────────────────────────────────────────────────────────────────[39m  
  [41;1m FAILED [49;22m [1mTests\Feature\Election\ElectionVoterSuspensionTest[22m [90m>[39m proposer cannot…  [41;1m UniqueConstraintViolationException [49;22m  
[39;1m  SQLSTATE[23505]: Unique violation: 7 FEHLER:  doppelter Schlüsselwert verletzt Unique-Constraint »user_organisation_roles_user_id_organisation_id_unique«
DETAIL:  Schlüssel »(user_id, organisation_id)=(a1e8eace-b67b-4138-a0b9-703e9e09294c, a1e8eace-8c65-4310-9956-e823ced5489f)« existiert bereits. (Connection: pgsql, SQL: insert into "user_organisation_roles" ("id", "user_id", "organisation_id", "role", "updated_at", "created_at") values (5e49a325-8f91-4f67-b2ad-9a2395f8a8e5, a1e8eace-b67b-4138-a0b9-703e9e09294c, a1e8eace-8c65-4310-9956-e823ced5489f, voter, 2026-05-31 08:50:39, 2026-05-31 08:50:39))[39;22m

  at [32mvendor\laravel\framework\src\Illuminate\Database\Connection.php[39m:[32m820[39m
    816▕         // message to include the bindings with SQL, which will make this exception a
    817▕         // lot more helpful to the developer instead of just the database's errors.
    818▕         catch (Exception $e) {
    819▕             if ($this->isUniqueConstraintError($e)) {
  ➜ 820▕                 throw new UniqueConstraintViolationException(
    821▕                     $this->getName(), $query, $this->prepareBindings($bindings), $e
    822▕                 );
    823▕             }
    824▕

  [33m1   [39m[39;1mvendor\laravel\framework\src\Illuminate\Database\Connection.php[39;22m:[39;1m820[39;22m

  [33m2   [39m[39;1mvendor\laravel\framework\src\Illuminate\Database\Connection.php[39;22m:[39;1m571[39;22m
  [90m    NunoMaduro\Collision\Exceptions\TestException::("SQLSTATE[23505]: Unique violation: 7 FEHLER:  doppelter Schlüsselwert verletzt Unique-Constraint »user_organisation_roles_user_id_organisation_id_unique«
DETAIL:  Schlüssel »(user_id, organisation_id)=(a1e8eace-b67b-4138-a0b9-703e9e09294c, a1e8eace-8c65-4310-9956-e823ced5489f)« existiert bereits.")[39m

  [31m────────────────────────────────────────────────────────────────────────────────────────────────────────────────────[39m  
  [41;1m FAILED [49;22m [1mTests\Feature\Election\ElectionVoterSuspensionTest[22m [90m>[39m proposer can can… [41;1m UniqueConstraintViolationException [49;22m  
[39;1m  SQLSTATE[23505]: Unique violation: 7 FEHLER:  doppelter Schlüsselwert verletzt Unique-Constraint »user_organisation_roles_user_id_organisation_id_unique«
DETAIL:  Schlüssel »(user_id, organisation_id)=(a1e8eacf-2dc6-423b-93f0-b9e7dce483d5, a1e8eacf-05e8-4c8d-86ee-a1f2ee8ed5a1)« existiert bereits. (Connection: pgsql, SQL: insert into "user_organisation_roles" ("id", "user_id", "organisation_id", "role", "updated_at", "created_at") values (bf981d84-353a-4759-9025-42f67539267d, a1e8eacf-2dc6-423b-93f0-b9e7dce483d5, a1e8eacf-05e8-4c8d-86ee-a1f2ee8ed5a1, voter, 2026-05-31 08:50:39, 2026-05-31 08:50:39))[39;22m

  at [32mvendor\laravel\framework\src\Illuminate\Database\Connection.php[39m:[32m820[39m
    816▕         // message to include the bindings with SQL, which will make this exception a
    817▕         // lot more helpful to the developer instead of just the database's errors.
    818▕         catch (Exception $e) {
    819▕             if ($this->isUniqueConstraintError($e)) {
  ➜ 820▕                 throw new UniqueConstraintViolationException(
    821▕                     $this->getName(), $query, $this->prepareBindings($bindings), $e
    822▕                 );
    823▕             }
    824▕

  [33m1   [39m[39;1mvendor\laravel\framework\src\Illuminate\Database\Connection.php[39;22m:[39;1m820[39;22m

  [33m2   [39m[39;1mvendor\laravel\framework\src\Illuminate\Database\Connection.php[39;22m:[39;1m571[39;22m
  [90m    NunoMaduro\Collision\Exceptions\TestException::("SQLSTATE[23505]: Unique violation: 7 FEHLER:  doppelter Schlüsselwert verletzt Unique-Constraint »user_organisation_roles_user_id_organisation_id_unique«
DETAIL:  Schlüssel »(user_id, organisation_id)=(a1e8eacf-2dc6-423b-93f0-b9e7dce483d5, a1e8eacf-05e8-4c8d-86ee-a1f2ee8ed5a1)« existiert bereits.")[39m

  [31m────────────────────────────────────────────────────────────────────────────────────────────────────────────────────[39m  
  [41;1m FAILED [49;22m [1mTests\Feature\Election\ElectionVoterSuspensionTest[22m [90m>[39m non proposer can… [41;1m UniqueConstraintViolationException [49;22m  
[39;1m  SQLSTATE[23505]: Unique violation: 7 FEHLER:  doppelter Schlüsselwert verletzt Unique-Constraint »user_organisation_roles_user_id_organisation_id_unique«
DETAIL:  Schlüssel »(user_id, organisation_id)=(a1e8eacf-ba0f-4c9a-8402-842fa35f5907, a1e8eacf-9253-41cb-806c-e69d2ed34d96)« existiert bereits. (Connection: pgsql, SQL: insert into "user_organisation_roles" ("id", "user_id", "organisation_id", "role", "updated_at", "created_at") values (d61ced82-7594-4c69-899c-2580b32af4d4, a1e8eacf-ba0f-4c9a-8402-842fa35f5907, a1e8eacf-9253-41cb-806c-e69d2ed34d96, voter, 2026-05-31 08:50:39, 2026-05-31 08:50:39))[39;22m

  at [32mvendor\laravel\framework\src\Illuminate\Database\Connection.php[39m:[32m820[39m
    816▕         // message to include the bindings with SQL, which will make this exception a
    817▕         // lot more helpful to the developer instead of just the database's errors.
    818▕         catch (Exception $e) {
    819▕             if ($this->isUniqueConstraintError($e)) {
  ➜ 820▕                 throw new UniqueConstraintViolationException(
    821▕                     $this->getName(), $query, $this->prepareBindings($bindings), $e
    822▕                 );
    823▕             }
    824▕

  [33m1   [39m[39;1mvendor\laravel\framework\src\Illuminate\Database\Connection.php[39;22m:[39;1m820[39;22m

  [33m2   [39m[39;1mvendor\laravel\framework\src\Illuminate\Database\Connection.php[39;22m:[39;1m571[39;22m
  [90m    NunoMaduro\Collision\Exceptions\TestException::("SQLSTATE[23505]: Unique violation: 7 FEHLER:  doppelter Schlüsselwert verletzt Unique-Constraint »user_organisation_roles_user_id_organisation_id_unique«
DETAIL:  Schlüssel »(user_id, organisation_id)=(a1e8eacf-ba0f-4c9a-8402-842fa35f5907, a1e8eacf-9253-41cb-806c-e69d2ed34d96)« existiert bereits.")[39m

  [31m────────────────────────────────────────────────────────────────────────────────────────────────────────────────────[39m  
  [41;1m FAILED [49;22m [1mTests\Feature\Election\StateMachineTransitionAuditTest[22m [90m>[39m complete administrat… [41;1m InvalidTransitionException [49;22m  
[39;1m  Action 'complete_administration' not allowed in state 'draft'. Allowed states: setup_administration[39;22m

  at [32mapp\Application\Election\Services\ConstitutionalTransitionGuard.php[39m:[32m59[39m
     55▕         // Check 2: State allows action
     56▕         if (!ElectionConstitution::isActionAllowedInState($action, $snapshot->state)) {
     57▕             $allowedStates = implode(', ', $rules['allowed_states']);
     58▕             $this->metrics?->recordIllegalActivationAttempt($election->id, "Action '$action' not allowed in state '{$snapshot->state->value}'");
  ➜  59▕             throw new InvalidTransitionException(
     60▕                 "Action '{$action}' not allowed in state '{$snapshot->state->value}'. " .
     61▕                 "Allowed states: {$allowedStates}"
     62▕             );
     63▕         }

  [33m1   [39m[39;1mapp\Application\Election\Services\ConstitutionalTransitionGuard.php[39;22m:[39;1m59[39;22m
  [33m2   [39m[39;1mapp\Models\Election.php[39;22m:[39;1m1650[39;22m

  [31m────────────────────────────────────────────────────────────────────────────────────────────────────────────────────[39m  
  [41;1m FAILED [49;22m [1mTests\Feature\Election\StateMachineTransitionAuditTest[22m [90m>[39m publish results cont… [41;1m InvalidTransitionException [49;22m  
[39;1m  Action 'publish_results' not allowed in state 'draft'. Allowed states: counting[39;22m

  at [32mapp\Application\Election\Services\ConstitutionalTransitionGuard.php[39m:[32m59[39m
     55▕         // Check 2: State allows action
     56▕         if (!ElectionConstitution::isActionAllowedInState($action, $snapshot->state)) {
     57▕             $allowedStates = implode(', ', $rules['allowed_states']);
     58▕             $this->metrics?->recordIllegalActivationAttempt($election->id, "Action '$action' not allowed in state '{$snapshot->state->value}'");
  ➜  59▕             throw new InvalidTransitionException(
     60▕                 "Action '{$action}' not allowed in state '{$snapshot->state->value}'. " .
     61▕                 "Allowed states: {$allowedStates}"
     62▕             );
     63▕         }

  [33m1   [39m[39;1mapp\Application\Election\Services\ConstitutionalTransitionGuard.php[39;22m:[39;1m59[39;22m
  [33m2   [39m[39;1mapp\Models\Election.php[39;22m:[39;1m1650[39;22m

  [31m────────────────────────────────────────────────────────────────────────────────────────────────────────────────────[39m  
  [41;1m FAILED [49;22m [1mTests\Feature\Election\StateMachineTransitionAuditTest[22m [90m>[39m publish results crea… [41;1m InvalidTransitionException [49;22m  
[39;1m  Action 'publish_results' not allowed in state 'draft'. Allowed states: counting[39;22m

  at [32mapp\Application\Election\Services\ConstitutionalTransitionGuard.php[39m:[32m59[39m
     55▕         // Check 2: State allows action
     56▕         if (!ElectionConstitution::isActionAllowedInState($action, $snapshot->state)) {
     57▕             $allowedStates = implode(', ', $rules['allowed_states']);
     58▕             $this->metrics?->recordIllegalActivationAttempt($election->id, "Action '$action' not allowed in state '{$snapshot->state->value}'");
  ➜  59▕             throw new InvalidTransitionException(
     60▕                 "Action '{$action}' not allowed in state '{$snapshot->state->value}'. " .
     61▕                 "Allowed states: {$allowedStates}"
     62▕             );
     63▕         }

  [33m1   [39m[39;1mapp\Application\Election\Services\ConstitutionalTransitionGuard.php[39;22m:[39;1m59[39;22m
  [33m2   [39m[39;1mapp\Models\Election.php[39;22m:[39;1m1650[39;22m

  [31m────────────────────────────────────────────────────────────────────────────────────────────────────────────────────[39m  
  [41;1m FAILED [49;22m [1mTests\Feature\Election\TimelineEditing\TimelineCapabilityAuthorizationTest[22m [90m>[39m can…  [41;1m PermissionDoesNotExist [49;22m  
[39;1m  There is no permission named `manage_elections` for guard `web`.[39;22m

  at [32mvendor\spatie\laravel-permission\src\Exceptions\PermissionDoesNotExist.php[39m:[32m11[39m
      7▕ class PermissionDoesNotExist extends InvalidArgumentException
      8▕ {
      9▕     public static function create(string $permissionName, ?string $guardName)
     10▕     {
  ➜  11▕         return new static("There is no permission named `{$permissionName}` for guard `{$guardName}`.");
     12▕     }
     13▕ 
     14▕     /**
     15▕      * @param  int|string  $permissionId

  [33m1   [39m[39;1mvendor\spatie\laravel-permission\src\Exceptions\PermissionDoesNotExist.php[39;22m:[39;1m11[39;22m
  [33m2   [39m[39;1mvendor\spatie\laravel-permission\src\Models\Permission.php[39;22m:[39;1m94[39;22m

  [31m────────────────────────────────────────────────────────────────────────────────────────────────────────────────────[39m  
  [41;1m FAILED [49;22m [1mTests\Feature\Election\TimelineEditing\TimelineCapabilityAuthorizationTest[22m [90m>[39m cann… [41;1m PermissionDoesNotExist [49;22m  
[39;1m  There is no permission named `manage_elections` for guard `web`.[39;22m

  at [32mvendor\spatie\laravel-permission\src\Exceptions\PermissionDoesNotExist.php[39m:[32m11[39m
      7▕ class PermissionDoesNotExist extends InvalidArgumentException
      8▕ {
      9▕     public static function create(string $permissionName, ?string $guardName)
     10▕     {
  ➜  11▕         return new static("There is no permission named `{$permissionName}` for guard `{$guardName}`.");
     12▕     }
     13▕ 
     14▕     /**
     15▕      * @param  int|string  $permissionId

  [33m1   [39m[39;1mvendor\spatie\laravel-permission\src\Exceptions\PermissionDoesNotExist.php[39;22m:[39;1m11[39;22m
  [33m2   [39m[39;1mvendor\spatie\laravel-permission\src\Models\Permission.php[39;22m:[39;1m94[39;22m

  [31m────────────────────────────────────────────────────────────────────────────────────────────────────────────────────[39m  
  [41;1m FAILED [49;22m [1mTests\Feature\Election\TimelineEditing\TimelineCapabilityAuthorizationTest[22m [90m>[39m cann… [41;1m PermissionDoesNotExist [49;22m  
[39;1m  There is no permission named `manage_elections` for guard `web`.[39;22m

  at [32mvendor\spatie\laravel-permission\src\Exceptions\PermissionDoesNotExist.php[39m:[32m11[39m
      7▕ class PermissionDoesNotExist extends InvalidArgumentException
      8▕ {
      9▕     public static function create(string $permissionName, ?string $guardName)
     10▕     {
  ➜  11▕         return new static("There is no permission named `{$permissionName}` for guard `{$guardName}`.");
     12▕     }
     13▕ 
     14▕     /**
     15▕      * @param  int|string  $permissionId

  [33m1   [39m[39;1mvendor\spatie\laravel-permission\src\Exceptions\PermissionDoesNotExist.php[39;22m:[39;1m11[39;22m
  [33m2   [39m[39;1mvendor\spatie\laravel-permission\src\Models\Permission.php[39;22m:[39;1m94[39;22m

  [31m────────────────────────────────────────────────────────────────────────────────────────────────────────────────────[39m  
  [41;1m FAILED [49;22m [1mTests\Feature\Election\TimelineEditing\TimelineCapabilityAuthorizationTest[22m [90m>[39m cann… [41;1m PermissionDoesNotExist [49;22m  
[39;1m  There is no permission named `manage_elections` for guard `web`.[39;22m

  at [32mvendor\spatie\laravel-permission\src\Exceptions\PermissionDoesNotExist.php[39m:[32m11[39m
      7▕ class PermissionDoesNotExist extends InvalidArgumentException
      8▕ {
      9▕     public static function create(string $permissionName, ?string $guardName)
     10▕     {
  ➜  11▕         return new static("There is no permission named `{$permissionName}` for guard `{$guardName}`.");
     12▕     }
     13▕ 
     14▕     /**
     15▕      * @param  int|string  $permissionId

  [33m1   [39m[39;1mvendor\spatie\laravel-permission\src\Exceptions\PermissionDoesNotExist.php[39;22m:[39;1m11[39;22m
  [33m2   [39m[39;1mvendor\spatie\laravel-permission\src\Models\Permission.php[39;22m:[39;1m94[39;22m

  [31m────────────────────────────────────────────────────────────────────────────────────────────────────────────────────[39m  
  [41;1m FAILED [49;22m [1mTests\Feature\Election\TimelineEditing\TimelineCapabilityAuthorizationTest[22m [90m>[39m can…  [41;1m PermissionDoesNotExist [49;22m  
[39;1m  There is no permission named `manage_elections` for guard `web`.[39;22m

  at [32mvendor\spatie\laravel-permission\src\Exceptions\PermissionDoesNotExist.php[39m:[32m11[39m
      7▕ class PermissionDoesNotExist extends InvalidArgumentException
      8▕ {
      9▕     public static function create(string $permissionName, ?string $guardName)
     10▕     {
  ➜  11▕         return new static("There is no permission named `{$permissionName}` for guard `{$guardName}`.");
     12▕     }
     13▕ 
     14▕     /**
     15▕      * @param  int|string  $permissionId

  [33m1   [39m[39;1mvendor\spatie\laravel-permission\src\Exceptions\PermissionDoesNotExist.php[39;22m:[39;1m11[39;22m
  [33m2   [39m[39;1mvendor\spatie\laravel-permission\src\Models\Permission.php[39;22m:[39;1m94[39;22m

  [31m────────────────────────────────────────────────────────────────────────────────────────────────────────────────────[39m  
  [41;1m FAILED [49;22m [1mTests\Feature\Election\TimelineEditing\TimelineCapabilityAuthorizationTest[22m [90m>[39m can…  [41;1m PermissionDoesNotExist [49;22m  
[39;1m  There is no permission named `manage_elections` for guard `web`.[39;22m

  at [32mvendor\spatie\laravel-permission\src\Exceptions\PermissionDoesNotExist.php[39m:[32m11[39m
      7▕ class PermissionDoesNotExist extends InvalidArgumentException
      8▕ {
      9▕     public static function create(string $permissionName, ?string $guardName)
     10▕     {
  ➜  11▕         return new static("There is no permission named `{$permissionName}` for guard `{$guardName}`.");
     12▕     }
     13▕ 
     14▕     /**
     15▕      * @param  int|string  $permissionId

  [33m1   [39m[39;1mvendor\spatie\laravel-permission\src\Exceptions\PermissionDoesNotExist.php[39;22m:[39;1m11[39;22m
  [33m2   [39m[39;1mvendor\spatie\laravel-permission\src\Models\Permission.php[39;22m:[39;1m94[39;22m

  [31m────────────────────────────────────────────────────────────────────────────────────────────────────────────────────[39m  
  [41;1m FAILED [49;22m [1mTests\Feature\Election\TimelineEditing\TimelineCapabilityAuthorizationTest[22m [90m>[39m auth… [41;1m PermissionDoesNotExist [49;22m  
[39;1m  There is no permission named `manage_elections` for guard `web`.[39;22m

  at [32mvendor\spatie\laravel-permission\src\Exceptions\PermissionDoesNotExist.php[39m:[32m11[39m
      7▕ class PermissionDoesNotExist extends InvalidArgumentException
      8▕ {
      9▕     public static function create(string $permissionName, ?string $guardName)
     10▕     {
  ➜  11▕         return new static("There is no permission named `{$permissionName}` for guard `{$guardName}`.");
     12▕     }
     13▕ 
     14▕     /**
     15▕      * @param  int|string  $permissionId

  [33m1   [39m[39;1mvendor\spatie\laravel-permission\src\Exceptions\PermissionDoesNotExist.php[39;22m:[39;1m11[39;22m
  [33m2   [39m[39;1mvendor\spatie\laravel-permission\src\Models\Permission.php[39;22m:[39;1m94[39;22m

  [31m────────────────────────────────────────────────────────────────────────────────────────────────────────────────────[39m  
  [41;1m FAILED [49;22m [1mTests\Feature\Election\TimelineEditing\TimelineCapabilityAuthorizationTest[22m [90m>[39m auth… [41;1m PermissionDoesNotExist [49;22m  
[39;1m  There is no permission named `manage_elections` for guard `web`.[39;22m

  at [32mvendor\spatie\laravel-permission\src\Exceptions\PermissionDoesNotExist.php[39m:[32m11[39m
      7▕ class PermissionDoesNotExist extends InvalidArgumentException
      8▕ {
      9▕     public static function create(string $permissionName, ?string $guardName)
     10▕     {
  ➜  11▕         return new static("There is no permission named `{$permissionName}` for guard `{$guardName}`.");
     12▕     }
     13▕ 
     14▕     /**
     15▕      * @param  int|string  $permissionId

  [33m1   [39m[39;1mvendor\spatie\laravel-permission\src\Exceptions\PermissionDoesNotExist.php[39;22m:[39;1m11[39;22m
  [33m2   [39m[39;1mvendor\spatie\laravel-permission\src\Models\Permission.php[39;22m:[39;1m94[39;22m

  [31m────────────────────────────────────────────────────────────────────────────────────────────────────────────────────[39m  
  [41;1m FAILED [49;22m [1mTests\Feature\Election\VoterDropdownTest[22m [90m>[39m dropdown shows only eligib… [41;1m UniqueConstraintViolationException [49;22m  
[39;1m  SQLSTATE[23505]: Unique violation: 7 FEHLER:  doppelter Schlüsselwert verletzt Unique-Constraint »user_organisation_roles_user_id_organisation_id_unique«
DETAIL:  Schlüssel »(user_id, organisation_id)=(a1e8eaf1-40a4-48e6-85ef-acb4a50aecaa, a1e8eaf1-2de5-4957-a162-f5f7e7f855c1)« existiert bereits. (Connection: pgsql, SQL: insert into "user_organisation_roles" ("id", "user_id", "organisation_id", "role", "updated_at", "created_at") values (aebed34a-a1e9-4d34-905f-4a5d436cdb57, a1e8eaf1-40a4-48e6-85ef-acb4a50aecaa, a1e8eaf1-2de5-4957-a162-f5f7e7f855c1, voter, 2026-05-31 08:51:01, 2026-05-31 08:51:01))[39;22m

  at [32mvendor\laravel\framework\src\Illuminate\Database\Connection.php[39m:[32m820[39m
    816▕         // message to include the bindings with SQL, which will make this exception a
    817▕         // lot more helpful to the developer instead of just the database's errors.
    818▕         catch (Exception $e) {
    819▕             if ($this->isUniqueConstraintError($e)) {
  ➜ 820▕                 throw new UniqueConstraintViolationException(
    821▕                     $this->getName(), $query, $this->prepareBindings($bindings), $e
    822▕                 );
    823▕             }
    824▕

  [33m1   [39m[39;1mvendor\laravel\framework\src\Illuminate\Database\Connection.php[39;22m:[39;1m820[39;22m

  [33m2   [39m[39;1mvendor\laravel\framework\src\Illuminate\Database\Connection.php[39;22m:[39;1m571[39;22m
  [90m    NunoMaduro\Collision\Exceptions\TestException::("SQLSTATE[23505]: Unique violation: 7 FEHLER:  doppelter Schlüsselwert verletzt Unique-Constraint »user_organisation_roles_user_id_organisation_id_unique«
DETAIL:  Schlüssel »(user_id, organisation_id)=(a1e8eaf1-40a4-48e6-85ef-acb4a50aecaa, a1e8eaf1-2de5-4957-a162-f5f7e7f855c1)« existiert bereits.")[39m

  [31m────────────────────────────────────────────────────────────────────────────────────────────────────────────────────[39m  
  [41;1m FAILED [49;22m [1mTests\Feature\Election\VoterDropdownTest[22m [90m>[39m dropdown excludes members…  [41;1m UniqueConstraintViolationException [49;22m  
[39;1m  SQLSTATE[23505]: Unique violation: 7 FEHLER:  doppelter Schlüsselwert verletzt Unique-Constraint »user_organisation_roles_user_id_organisation_id_unique«
DETAIL:  Schlüssel »(user_id, organisation_id)=(a1e8eaf1-9f04-4d64-874c-b285d8949a2f, a1e8eaf1-8c76-4352-a21f-4d50fad4318e)« existiert bereits. (Connection: pgsql, SQL: insert into "user_organisation_roles" ("id", "user_id", "organisation_id", "role", "updated_at", "created_at") values (b757670a-e088-47da-9358-bcf4071979b5, a1e8eaf1-9f04-4d64-874c-b285d8949a2f, a1e8eaf1-8c76-4352-a21f-4d50fad4318e, voter, 2026-05-31 08:51:01, 2026-05-31 08:51:01))[39;22m

  at [32mvendor\laravel\framework\src\Illuminate\Database\Connection.php[39m:[32m820[39m
    816▕         // message to include the bindings with SQL, which will make this exception a
    817▕         // lot more helpful to the developer instead of just the database's errors.
    818▕         catch (Exception $e) {
    819▕             if ($this->isUniqueConstraintError($e)) {
  ➜ 820▕                 throw new UniqueConstraintViolationException(
    821▕                     $this->getName(), $query, $this->prepareBindings($bindings), $e
    822▕                 );
    823▕             }
    824▕

  [33m1   [39m[39;1mvendor\laravel\framework\src\Illuminate\Database\Connection.php[39;22m:[39;1m820[39;22m

  [33m2   [39m[39;1mvendor\laravel\framework\src\Illuminate\Database\Connection.php[39;22m:[39;1m571[39;22m
  [90m    NunoMaduro\Collision\Exceptions\TestException::("SQLSTATE[23505]: Unique violation: 7 FEHLER:  doppelter Schlüsselwert verletzt Unique-Constraint »user_organisation_roles_user_id_organisation_id_unique«
DETAIL:  Schlüssel »(user_id, organisation_id)=(a1e8eaf1-9f04-4d64-874c-b285d8949a2f, a1e8eaf1-8c76-4352-a21f-4d50fad4318e)« existiert bereits.")[39m

  [31m────────────────────────────────────────────────────────────────────────────────────────────────────────────────────[39m  
  [41;1m FAILED [49;22m [1mTests\Feature\Election\VoterDropdownTest[22m [90m>[39m dropdown excludes associat… [41;1m UniqueConstraintViolationException [49;22m  
[39;1m  SQLSTATE[23505]: Unique violation: 7 FEHLER:  doppelter Schlüsselwert verletzt Unique-Constraint »user_organisation_roles_user_id_organisation_id_unique«
DETAIL:  Schlüssel »(user_id, organisation_id)=(a1e8eaf2-1494-47d7-a5c3-8972becdb3a2, a1e8eaf2-01d9-43f6-a7db-c42c037ca754)« existiert bereits. (Connection: pgsql, SQL: insert into "user_organisation_roles" ("id", "user_id", "organisation_id", "role", "updated_at", "created_at") values (1293cd55-0157-4716-b313-be6c31c102b4, a1e8eaf2-1494-47d7-a5c3-8972becdb3a2, a1e8eaf2-01d9-43f6-a7db-c42c037ca754, voter, 2026-05-31 08:51:02, 2026-05-31 08:51:02))[39;22m

  at [32mvendor\laravel\framework\src\Illuminate\Database\Connection.php[39m:[32m820[39m
    816▕         // message to include the bindings with SQL, which will make this exception a
    817▕         // lot more helpful to the developer instead of just the database's errors.
    818▕         catch (Exception $e) {
    819▕             if ($this->isUniqueConstraintError($e)) {
  ➜ 820▕                 throw new UniqueConstraintViolationException(
    821▕                     $this->getName(), $query, $this->prepareBindings($bindings), $e
    822▕                 );
    823▕             }
    824▕

  [33m1   [39m[39;1mvendor\laravel\framework\src\Illuminate\Database\Connection.php[39;22m:[39;1m820[39;22m

  [33m2   [39m[39;1mvendor\laravel\framework\src\Illuminate\Database\Connection.php[39;22m:[39;1m571[39;22m
  [90m    NunoMaduro\Collision\Exceptions\TestException::("SQLSTATE[23505]: Unique violation: 7 FEHLER:  doppelter Schlüsselwert verletzt Unique-Constraint »user_organisation_roles_user_id_organisation_id_unique«
DETAIL:  Schlüssel »(user_id, organisation_id)=(a1e8eaf2-1494-47d7-a5c3-8972becdb3a2, a1e8eaf2-01d9-43f6-a7db-c42c037ca754)« existiert bereits.")[39m

  [31m────────────────────────────────────────────────────────────────────────────────────────────────────────────────────[39m  
  [41;1m FAILED [49;22m [1mTests\Feature\Election\VoterDropdownTest[22m [90m>[39m dropdown excludes already…  [41;1m UniqueConstraintViolationException [49;22m  
[39;1m  SQLSTATE[23505]: Unique violation: 7 FEHLER:  doppelter Schlüsselwert verletzt Unique-Constraint »user_organisation_roles_user_id_organisation_id_unique«
DETAIL:  Schlüssel »(user_id, organisation_id)=(a1e8eaf2-8854-4259-8a4e-4c3494c421d1, a1e8eaf2-6d1f-4a0f-8fdd-c1819c33cd61)« existiert bereits. (Connection: pgsql, SQL: insert into "user_organisation_roles" ("id", "user_id", "organisation_id", "role", "updated_at", "created_at") values (9e2b41bf-d859-4252-8131-fd338bbd1f68, a1e8eaf2-8854-4259-8a4e-4c3494c421d1, a1e8eaf2-6d1f-4a0f-8fdd-c1819c33cd61, voter, 2026-05-31 08:51:02, 2026-05-31 08:51:02))[39;22m

  at [32mvendor\laravel\framework\src\Illuminate\Database\Connection.php[39m:[32m820[39m
    816▕         // message to include the bindings with SQL, which will make this exception a
    817▕         // lot more helpful to the developer instead of just the database's errors.
    818▕         catch (Exception $e) {
    819▕             if ($this->isUniqueConstraintError($e)) {
  ➜ 820▕                 throw new UniqueConstraintViolationException(
    821▕                     $this->getName(), $query, $this->prepareBindings($bindings), $e
    822▕                 );
    823▕             }
    824▕

  [33m1   [39m[39;1mvendor\laravel\framework\src\Illuminate\Database\Connection.php[39;22m:[39;1m820[39;22m

  [33m2   [39m[39;1mvendor\laravel\framework\src\Illuminate\Database\Connection.php[39;22m:[39;1m571[39;22m
  [90m    NunoMaduro\Collision\Exceptions\TestException::("SQLSTATE[23505]: Unique violation: 7 FEHLER:  doppelter Schlüsselwert verletzt Unique-Constraint »user_organisation_roles_user_id_organisation_id_unique«
DETAIL:  Schlüssel »(user_id, organisation_id)=(a1e8eaf2-8854-4259-8a4e-4c3494c421d1, a1e8eaf2-6d1f-4a0f-8fdd-c1819c33cd61)« existiert bereits.")[39m

  [31m────────────────────────────────────────────────────────────────────────────────────────────────────────────────────[39m  
  [41;1m FAILED [49;22m [1mTests\Feature\Election\VoterEligibilityTest[22m [90m>[39m store rejects associate type member                            
[39;1m  Session is missing expected key [errors].
Failed asserting that false is true.[39;22m

  at [32mtests\Feature\Election\VoterEligibilityTest.php[39m:[32m317[39m
    313▕             ->post(route('elections.voters.store', [
    314▕                 'organisation' => $this->org->slug,
    315▕                 'election'     => $this->election->slug,
    316▕             ]), ['user_id' => $voter->id])
  ➜ 317▕             ->assertSessionHasErrors(['user_id']);
    318▕     }
    319▕ 
    320▕     public function test_store_rejects_member_with_expired_membership(): void
    321▕     {

  [31m────────────────────────────────────────────────────────────────────────────────────────────────────────────────────[39m  
  [41;1m FAILED [49;22m [1mTests\Feature\Election\VoterEligibilityTest[22m [90m>[39m store rejects member with expired membership                   
[39;1m  Session is missing expected key [errors].
Failed asserting that false is true.[39;22m

  at [32mtests\Feature\Election\VoterEligibilityTest.php[39m:[32m331[39m
    327▕             ->post(route('elections.voters.store', [
    328▕                 'organisation' => $this->org->slug,
    329▕                 'election'     => $this->election->slug,
    330▕             ]), ['user_id' => $voter->id])
  ➜ 331▕             ->assertSessionHasErrors(['user_id']);
    332▕     }
    333▕ 
    334▕     // ══════════════════════════════════════════════════════════════════════════
    335▕     //  Group C — bulkStore() HTTP

  [31m────────────────────────────────────────────────────────────────────────────────────────────────────────────────────[39m  
  [41;1m FAILED [49;22m [1mTests\Feature\Election\VoterEligibilityTest[22m [90m>[39m bulk assign filters out ineligible…  [41;1m BadMethodCallException [49;22m  
[39;1m  Call to undefined method App\Models\ElectionMembership::bulkAssignVoters()[39;22m

  at [32mvendor\laravel\framework\src\Illuminate\Support\Traits\ForwardsCalls.php[39m:[32m67[39m
     63▕      * @throws \BadMethodCallException
     64▕      */
     65▕     protected static function throwBadMethodCallException($method)
     66▕     {
  ➜  67▕         throw new BadMethodCallException(sprintf(
     68▕             'Call to undefined method %s::%s()', static::class, $method
     69▕         ));
     70▕     }
     71▕ }

  [33m1   [39m[39;1mvendor\laravel\framework\src\Illuminate\Support\Traits\ForwardsCalls.php[39;22m:[39;1m67[39;22m
  [33m2   [39m[39;1mvendor\laravel\framework\src\Illuminate\Support\Traits\ForwardsCalls.php[39;22m:[39;1m36[39;22m

  [31m────────────────────────────────────────────────────────────────────────────────────────────────────────────────────[39m  
  [41;1m FAILED [49;22m [1mTests\Feature\Election\VoterEligibilityTest[22m [90m>[39m bulk assign all eligible creates al… [41;1m BadMethodCallException [49;22m  
[39;1m  Call to undefined method App\Models\ElectionMembership::bulkAssignVoters()[39;22m

  at [32mvendor\laravel\framework\src\Illuminate\Support\Traits\ForwardsCalls.php[39m:[32m67[39m
     63▕      * @throws \BadMethodCallException
     64▕      */
     65▕     protected static function throwBadMethodCallException($method)
     66▕     {
  ➜  67▕         throw new BadMethodCallException(sprintf(
     68▕             'Call to undefined method %s::%s()', static::class, $method
     69▕         ));
     70▕     }
     71▕ }

  [33m1   [39m[39;1mvendor\laravel\framework\src\Illuminate\Support\Traits\ForwardsCalls.php[39;22m:[39;1m67[39;22m
  [33m2   [39m[39;1mvendor\laravel\framework\src\Illuminate\Support\Traits\ForwardsCalls.php[39;22m:[39;1m36[39;22m

  [31m────────────────────────────────────────────────────────────────────────────────────────────────────────────────────[39m  
  [41;1m FAILED [49;22m [1mTests\Feature\Election\VoterEligibilityTest[22m [90m>[39m bulk assign skips already assigned…  [41;1m BadMethodCallException [49;22m  
[39;1m  Call to undefined method App\Models\ElectionMembership::bulkAssignVoters()[39;22m

  at [32mvendor\laravel\framework\src\Illuminate\Support\Traits\ForwardsCalls.php[39m:[32m67[39m
     63▕      * @throws \BadMethodCallException
     64▕      */
     65▕     protected static function throwBadMethodCallException($method)
     66▕     {
  ➜  67▕         throw new BadMethodCallException(sprintf(
     68▕             'Call to undefined method %s::%s()', static::class, $method
     69▕         ));
     70▕     }
     71▕ }

  [33m1   [39m[39;1mvendor\laravel\framework\src\Illuminate\Support\Traits\ForwardsCalls.php[39;22m:[39;1m67[39;22m
  [33m2   [39m[39;1mvendor\laravel\framework\src\Illuminate\Support\Traits\ForwardsCalls.php[39;22m:[39;1m36[39;22m

  [31m────────────────────────────────────────────────────────────────────────────────────────────────────────────────────[39m  
  [41;1m FAILED [49;22m [1mTests\Feature\Election\VoterEligibilityTest[22m [90m>[39m bulk assign blocks associate type m… [41;1m BadMethodCallException [49;22m  
[39;1m  Call to undefined method App\Models\ElectionMembership::bulkAssignVoters()[39;22m

  at [32mvendor\laravel\framework\src\Illuminate\Support\Traits\ForwardsCalls.php[39m:[32m67[39m
     63▕      * @throws \BadMethodCallException
     64▕      */
     65▕     protected static function throwBadMethodCallException($method)
     66▕     {
  ➜  67▕         throw new BadMethodCallException(sprintf(
     68▕             'Call to undefined method %s::%s()', static::class, $method
     69▕         ));
     70▕     }
     71▕ }

  [33m1   [39m[39;1mvendor\laravel\framework\src\Illuminate\Support\Traits\ForwardsCalls.php[39;22m:[39;1m67[39;22m
  [33m2   [39m[39;1mvendor\laravel\framework\src\Illuminate\Support\Traits\ForwardsCalls.php[39;22m:[39;1m36[39;22m

  [31m────────────────────────────────────────────────────────────────────────────────────────────────────────────────────[39m  
  [41;1m FAILED [49;22m [1mTests\Feature\Election\VoterEligibilityTest[22m [90m>[39m import preview marks eligible member as valid                  
[39;1m  Expected response status code [200] but received 403.
Failed asserting that 403 is identical to 200.[39;22m

  at [32mtests\Feature\Election\VoterEligibilityTest.php[39m:[32m525[39m
    521▕             ->post(route('elections.voters.import.preview', [
    522▕                 'organisation' => $this->org->slug,
    523▕                 'election'     => $this->election->slug,
    524▕             ]), ['file' => $this->makeCsv($csv)])
  ➜ 525▕             ->assertOk()
    526▕             ->assertJsonPath('stats.valid', 1)
    527▕             ->assertJsonPath('stats.invalid', 0);
    528▕     }
    529▕

  [31m────────────────────────────────────────────────────────────────────────────────────────────────────────────────────[39m  
  [41;1m FAILED [49;22m [1mTests\Feature\Election\VoterEligibilityTest[22m [90m>[39m import preview marks unpaid member as invalid                  
[39;1m  Expected response status code [200] but received 403.
Failed asserting that 403 is identical to 200.[39;22m

  at [32mtests\Feature\Election\VoterEligibilityTest.php[39m:[32m544[39m
    540▕             ->post(route('elections.voters.import.preview', [
    541▕                 'organisation' => $this->org->slug,
    542▕                 'election'     => $this->election->slug,
    543▕             ]), ['file' => $this->makeCsv($csv)])
  ➜ 544▕             ->assertOk()
    545▕             ->assertJsonPath('stats.invalid', 1);
    546▕ 
    547▕         $error = $response->json('preview.0.errors.0');
    548▕         $this->assertStringContainsStringIgnoringCase('eligible voter', $error);

  [31m────────────────────────────────────────────────────────────────────────────────────────────────────────────────────[39m  
  [41;1m FAILED [49;22m [1mTests\Feature\Election\VoterEligibilityTest[22m [90m>[39m import preview marks user without member record as invalid     
[39;1m  Expected response status code [200] but received 403.
Failed asserting that 403 is identical to 200.[39;22m

  at [32mtests\Feature\Election\VoterEligibilityTest.php[39m:[32m573[39m
    569▕             ->post(route('elections.voters.import.preview', [
    570▕                 'organisation' => $this->org->slug,
    571▕                 'election'     => $this->election->slug,
    572▕             ]), ['file' => $this->makeCsv($csv)])
  ➜ 573▕             ->assertOk()
    574▕             ->assertJsonPath('stats.invalid', 1);
    575▕     }
    576▕ 
    577▕     public function test_import_preview_marks_expired_member_as_invalid(): void

  [31m────────────────────────────────────────────────────────────────────────────────────────────────────────────────────[39m  
  [41;1m FAILED [49;22m [1mTests\Feature\Election\VoterEligibilityTest[22m [90m>[39m import preview marks expired member as invalid                 
[39;1m  Expected response status code [200] but received 403.
Failed asserting that 403 is identical to 200.[39;22m

  at [32mtests\Feature\Election\VoterEligibilityTest.php[39m:[32m591[39m
    587▕             ->post(route('elections.voters.import.preview', [
    588▕                 'organisation' => $this->org->slug,
    589▕                 'election'     => $this->election->slug,
    590▕             ]), ['file' => $this->makeCsv($csv)])
  ➜ 591▕             ->assertOk()
    592▕             ->assertJsonPath('stats.invalid', 1);
    593▕     }
    594▕ }
    595▕

  [31m────────────────────────────────────────────────────────────────────────────────────────────────────────────────────[39m  
  [41;1m FAILED [49;22m [1mTests\Feature\Election\VoterStrategyMigrationIntegrityTest[22m [90m>[39m legacy org true maps correctly via fr… [41;1m Error [49;22m  
[39;1m  Undefined constant App\Domain\Election\Enum\VoterSourceStrategy::FullMembership[39;22m

  at [32mtests\Feature\Election\VoterStrategyMigrationIntegrityTest.php[39m:[32m24[39m
     20▕             'uses_full_membership' => true,
     21▕         ]);
     22▕ 
     23▕         $mode = VoterSourceStrategy::fromOrganisation($org);
  ➜  24▕         $this->assertEquals(VoterSourceStrategy::FullMembership, $mode);
     25▕     }
     26▕ 
     27▕     #[\PHPUnit\Framework\Attributes\Test]
     28▕     public function test_legacy_org_false_maps_correctly_via_from_organisation()

  [33m1   [39m[39;1mtests\Feature\Election\VoterStrategyMigrationIntegrityTest.php[39;22m:[39;1m24[39;22m

  [31m────────────────────────────────────────────────────────────────────────────────────────────────────────────────────[39m  
  [41;1m FAILED [49;22m [1mTests\Feature\Election\VoterStrategyMigrationIntegrityTest[22m [90m>[39m legacy org false maps correctly via f… [41;1m Error [49;22m  
[39;1m  Undefined constant App\Domain\Election\Enum\VoterSourceStrategy::ElectionOnly[39;22m

  at [32mtests\Feature\Election\VoterStrategyMigrationIntegrityTest.php[39m:[32m37[39m
     33▕             'uses_full_membership' => false,
     34▕         ]);
     35▕ 
     36▕         $mode = VoterSourceStrategy::fromOrganisation($org);
  ➜  37▕         $this->assertEquals(VoterSourceStrategy::ElectionOnly, $mode);
     38▕     }
     39▕ 
     40▕     #[\PHPUnit\Framework\Attributes\Test]
     41▕     public function test_legacy_election_null_snapshot_falls_back_to_org()

  [33m1   [39m[39;1mtests\Feature\Election\VoterStrategyMigrationIntegrityTest.php[39;22m:[39;1m37[39;22m

  [31m────────────────────────────────────────────────────────────────────────────────────────────────────────────────────[39m  
  [41;1m FAILED [49;22m [1mTests\Feature\Election\VoterStrategyMigrationIntegrityTest[22m [90m>[39m legacy election null snaps… [41;1m RuntimeException [49;22m  
[39;1m  Election a1e8eb0d-0f3e-4e6b-816b-acb3ae0980d1 (legacy-election) missing voter_source_strategy snapshot. Run "php artisan app:backfill-voter-source-strategy" to populate missing elections.[39;22m

  at [32mapp\Domain\Election\Enum\VoterSourceStrategy.php[39m:[32m95[39m
     91▕      */
     92▕     public static function fromElection(Election $election): self
     93▕     {
     94▕         if ($election->voter_source_strategy === null) {
  ➜  95▕             throw new \RuntimeException(
     96▕                 sprintf(
     97▕                     'Election %s (%s) missing voter_source_strategy snapshot. ' .
     98▕                     'Run "php artisan app:backfill-voter-source-strategy" to populate missing elections.',
     99▕                     $election->id,

  [33m1   [39m[39;1mapp\Domain\Election\Enum\VoterSourceStrategy.php[39;22m:[39;1m95[39;22m
  [33m2   [39m[39;1mtests\Feature\Election\VoterStrategyMigrationIntegrityTest.php[39;22m:[39;1m57[39;22m

  [31m────────────────────────────────────────────────────────────────────────────────────────────────────────────────────[39m  
  [41;1m FAILED [49;22m [1mTests\Feature\Election\VoterVerificationTest[22m [90m>[39m admin can save voter verification                             
[39;1m  Expected response status code [201, 301, 302, 303, 307, 308] but received 403.
Failed asserting that false is true.[39;22m

  at [32mtests\Feature\Election\VoterVerificationTest.php[39m:[32m73[39m
     69▕                 'verified_ip' => '192.168.1.100',
     70▕                 'verified_device_fingerprint_hash' => null,
     71▕             ]);
     72▕ 
  ➜  73▕         $response->assertRedirect();
     74▕         $this->assertDatabaseHas('voter_verifications', [
     75▕             'election_id' => $this->election->id,
     76▕             'user_id' => $this->voter->id,
     77▕             'verified_ip' => '192.168.1.100',

  [31m────────────────────────────────────────────────────────────────────────────────────────────────────────────────────[39m  
  [41;1m FAILED [49;22m [1mTests\Feature\Election\VoterVerificationTest[22m [90m>[39m admin can save verification with ip only                      
[39;1m  Expected response status code [201, 301, 302, 303, 307, 308] but received 403.
Failed asserting that false is true.[39;22m

  at [32mtests\Feature\Election\VoterVerificationTest.php[39m:[32m90[39m
     86▕                 'user_id' => $this->voter->id,
     87▕                 'verified_ip' => '10.0.0.50',
     88▕             ]);
     89▕ 
  ➜  90▕         $response->assertRedirect();
     91▕ 
     92▕         $verification = VoterVerification::where('election_id', $this->election->id)
     93▕             ->where('user_id', $this->voter->id)
     94▕             ->first();

  [31m────────────────────────────────────────────────────────────────────────────────────────────────────────────────────[39m  
  [41;1m FAILED [49;22m [1mTests\Feature\Election\VoterVerificationTest[22m [90m>[39m admin can revoke voter verification                           
[39;1m  Expected response status code [201, 301, 302, 303, 307, 308] but received 403.
Failed asserting that false is true.[39;22m

  at [32mtests\Feature\Election\VoterVerificationTest.php[39m:[32m117[39m
    113▕ 
    114▕         $response = $this->actingAs($this->admin)
    115▕             ->delete(route('elections.voters.verification.revoke', [$this->organisation->slug, $this->election->slug, $verification->id]));
    116▕ 
  ➜ 117▕         $response->assertRedirect();
    118▕ 
    119▕         $verification->refresh();
    120▕         $this->assertEquals('revoked', $verification->status);
    121▕         $this->assertNotNull($verification->revoked_by);

  [31m────────────────────────────────────────────────────────────────────────────────────────────────────────────────────[39m  
  [41;1m FAILED [49;22m [1mTests\Feature\Election\VoterVerificationTest[22m [90m>[39m re verifying updates existing record                          
[39;1m  Failed asserting that two strings are equal.
--- Expected
+++ Actual
@@ @@
-'192.168.1.100'
+'192.168.1.1'[39;22m

  at [32mtests\Feature\Election\VoterVerificationTest.php[39m:[32m147[39m
    143▕             ->where('user_id', $this->voter->id)
    144▕             ->get();
    145▕ 
    146▕         $this->assertEquals(1, $verifications->count());
  ➜ 147▕         $this->assertEquals('192.168.1.100', $verifications->first()->verified_ip);
    148▕     }
    149▕ 
    150▕     public function test_non_admin_cannot_save_verification(): void
    151▕     {

  [33m1   [39m[39;1mtests\Feature\Election\VoterVerificationTest.php[39;22m:[39;1m147[39;22m

  [31m────────────────────────────────────────────────────────────────────────────────────────────────────────────────────[39m  
  [41;1m FAILED [49;22m [1mTests\Feature\Election\VotingButtonsStateMachineIntegrationTest[22m [90m>[39m open voting rejects if missing candidat…   
[39;1m  Expected: [39;22m[31mAction 'open_voting' cannot proceed. Unmet preconditions: voting_window_defined[39m[39;1m

  To contain: [39;22m[32mcandidates[39m

  at [32mtests\Feature\Election\VotingButtonsStateMachineIntegrationTest.php[39m:[32m252[39m
    248▕         $response = $this->actingAs($this->officer)
    249▕             ->post(route('elections.open-voting', $election->slug));
    250▕ 
    251▕         $response->assertSessionHas('error');
  ➜ 252▕         $this->assertStringContainsString('candidates', session('error'));
    253▕     }
    254▕ 
    255▕     // ============================================================
    256▕     // CLOSE VOTING BUTTON TESTS

  [33m1   [39m[39;1mtests\Feature\Election\VotingButtonsStateMachineIntegrationTest.php[39;22m:[39;1m252[39;22m

  [31m────────────────────────────────────────────────────────────────────────────────────────────────────────────────────[39m  
  [41;1m FAILED [49;22m [1mTests\Feature\EmailVerificationTest[22m [90m>[39m first time user redirected to welcome dashboard after email verific…   
[39;1m  Failed asserting that an array is empty.[39;22m

  at [32mtests\Feature\EmailVerificationTest.php[39m:[32m76[39m
     72▕             'email_verified_at' => null,
     73▕         ]);
     74▕ 
     75▕         // Verify user has no roles
  ➜  76▕         $this->assertEmpty($user->getDashboardRoles());
     77▕ 
     78▕         $verificationUrl = URL::temporarySignedRoute(
     79▕             'verification.verify',
     80▕             now()->addMinutes(60),

  [33m1   [39m[39;1mtests\Feature\EmailVerificationTest.php[39;22m:[39;1m76[39;22m

  [31m────────────────────────────────────────────────────────────────────────────────────────────────────────────────────[39m  
  [41;1m FAILED [49;22m [1mTests\Feature\EmailVerificationTest[22m [90m>[39m existing user with roles redirected to roles dashbo… [41;1m QueryException [49;22m  
[39;1m  SQLSTATE[23502]: Not null violation: 7 FEHLER:  NULL-Wert in Spalte »id« von Relation »organisations« verletzt Not-Null-Constraint
DETAIL:  Fehlgeschlagene Zeile enthält (null, Test Organisation, test-org-1780217502, tenant, f, null, null, null, null, null, 2026-05-31 08:51:42, 2026-05-31 08:51:42, null, null, t, null, flat, null, null, null, null, null, pending_setup, null, null, UTC). (Connection: pgsql, SQL: insert into "organisations" ("name", "slug", "created_at", "updated_at") values (Test Organisation, test-org-1780217502, 2026-05-31 08:51:42, 2026-05-31 08:51:42) returning "id")[39;22m

  at [32mvendor\laravel\framework\src\Illuminate\Database\Connection.php[39m:[32m825[39m
    821▕                     $this->getName(), $query, $this->prepareBindings($bindings), $e
    822▕                 );
    823▕             }
    824▕ 
  ➜ 825▕             throw new QueryException(
    826▕                 $this->getName(), $query, $this->prepareBindings($bindings), $e
    827▕             );
    828▕         }
    829▕     }

  [33m1   [39m[39;1mvendor\laravel\framework\src\Illuminate\Database\Connection.php[39;22m:[39;1m825[39;22m

  [33m2   [39m[39;1mvendor\laravel\framework\src\Illuminate\Database\Connection.php[39;22m:[39;1m412[39;22m
  [90m    NunoMaduro\Collision\Exceptions\TestException::("SQLSTATE[23502]: Not null violation: 7 FEHLER:  NULL-Wert in Spalte »id« von Relation »organisations« verletzt Not-Null-Constraint
DETAIL:  Fehlgeschlagene Zeile enthält (null, Test Organisation, test-org-1780217502, tenant, f, null, null, null, null, null, 2026-05-31 08:51:42, 2026-05-31 08:51:42, null, null, t, null, flat, null, null, null, null, null, pending_setup, null, null, UTC).")[39m

  [31m────────────────────────────────────────────────────────────────────────────────────────────────────────────────────[39m  
  [41;1m FAILED [49;22m [1mTests\Feature\ExceptionHandlingTest[22m [90m>[39m invalid voter slug throws 404                        [41;1m QueryException [49;22m  
[39;1m  SQLSTATE[23514]: Check violation: 7 FEHLER:  neue Zeile für Relation »organisations« verletzt Check-Constraint »organisations_type_check«
DETAIL:  Fehlgeschlagene Zeile enthält (a1e8eb2f-eb67-4ed4-bd3d-2ce294c60fcb, Test Org, test-org, organisation, f, null, null, null, null, null, 2026-05-31 08:51:42, 2026-05-31 08:51:42, null, null, t, null, flat, null, null, null, null, null, pending_setup, null, null, UTC). (Connection: pgsql, SQL: insert into "organisations" ("name", "slug", "type", "id", "updated_at", "created_at") values (Test Org, test-org, organisation, a1e8eb2f-eb67-4ed4-bd3d-2ce294c60fcb, 2026-05-31 08:51:42, 2026-05-31 08:51:42))[39;22m

  at [32mvendor\laravel\framework\src\Illuminate\Database\Connection.php[39m:[32m825[39m
    821▕                     $this->getName(), $query, $this->prepareBindings($bindings), $e
    822▕                 );
    823▕             }
    824▕ 
  ➜ 825▕             throw new QueryException(
    826▕                 $this->getName(), $query, $this->prepareBindings($bindings), $e
    827▕             );
    828▕         }
    829▕     }

  [33m1   [39m[39;1mvendor\laravel\framework\src\Illuminate\Database\Connection.php[39;22m:[39;1m825[39;22m

  [33m2   [39m[39;1mvendor\laravel\framework\src\Illuminate\Database\Connection.php[39;22m:[39;1m571[39;22m
  [90m    NunoMaduro\Collision\Exceptions\TestException::("SQLSTATE[23514]: Check violation: 7 FEHLER:  neue Zeile für Relation »organisations« verletzt Check-Constraint »organisations_type_check«
DETAIL:  Fehlgeschlagene Zeile enthält (a1e8eb2f-eb67-4ed4-bd3d-2ce294c60fcb, Test Org, test-org, organisation, f, null, null, null, null, null, 2026-05-31 08:51:42, 2026-05-31 08:51:42, null, null, t, null, flat, null, null, null, null, null, pending_setup, null, null, UTC).")[39m

  [31m────────────────────────────────────────────────────────────────────────────────────────────────────────────────────[39m  
  [41;1m FAILED [49;22m [1mTests\Feature\ExceptionHandlingTest[22m [90m>[39m expired voter slug throws appropriate error          [41;1m QueryException [49;22m  
[39;1m  SQLSTATE[23514]: Check violation: 7 FEHLER:  neue Zeile für Relation »organisations« verletzt Check-Constraint »organisations_type_check«
DETAIL:  Fehlgeschlagene Zeile enthält (a1e8eb30-4e21-4b7f-984a-46b9269b1fb2, Test Org, test-org, organisation, f, null, null, null, null, null, 2026-05-31 08:51:42, 2026-05-31 08:51:42, null, null, t, null, flat, null, null, null, null, null, pending_setup, null, null, UTC). (Connection: pgsql, SQL: insert into "organisations" ("name", "slug", "type", "id", "updated_at", "created_at") values (Test Org, test-org, organisation, a1e8eb30-4e21-4b7f-984a-46b9269b1fb2, 2026-05-31 08:51:42, 2026-05-31 08:51:42))[39;22m

  at [32mvendor\laravel\framework\src\Illuminate\Database\Connection.php[39m:[32m825[39m
    821▕                     $this->getName(), $query, $this->prepareBindings($bindings), $e
    822▕                 );
    823▕             }
    824▕ 
  ➜ 825▕             throw new QueryException(
    826▕                 $this->getName(), $query, $this->prepareBindings($bindings), $e
    827▕             );
    828▕         }
    829▕     }

  [33m1   [39m[39;1mvendor\laravel\framework\src\Illuminate\Database\Connection.php[39;22m:[39;1m825[39;22m

  [33m2   [39m[39;1mvendor\laravel\framework\src\Illuminate\Database\Connection.php[39;22m:[39;1m571[39;22m
  [90m    NunoMaduro\Collision\Exceptions\TestException::("SQLSTATE[23514]: Check violation: 7 FEHLER:  neue Zeile für Relation »organisations« verletzt Check-Constraint »organisations_type_check«
DETAIL:  Fehlgeschlagene Zeile enthält (a1e8eb30-4e21-4b7f-984a-46b9269b1fb2, Test Org, test-org, organisation, f, null, null, null, null, null, 2026-05-31 08:51:42, 2026-05-31 08:51:42, null, null, t, null, flat, null, null, null, null, null, pending_setup, null, null, UTC).")[39m

  [31m────────────────────────────────────────────────────────────────────────────────────────────────────────────────────[39m  
  [41;1m FAILED [49;22m [1mTests\Feature\ExceptionHandlingTest[22m [90m>[39m unauthenticated user cannot access voting routes     [41;1m QueryException [49;22m  
[39;1m  SQLSTATE[23514]: Check violation: 7 FEHLER:  neue Zeile für Relation »organisations« verletzt Check-Constraint »organisations_type_check«
DETAIL:  Fehlgeschlagene Zeile enthält (a1e8eb30-aea9-4608-88ff-341de8b25f26, Test Org, test-org, organisation, f, null, null, null, null, null, 2026-05-31 08:51:43, 2026-05-31 08:51:43, null, null, t, null, flat, null, null, null, null, null, pending_setup, null, null, UTC). (Connection: pgsql, SQL: insert into "organisations" ("name", "slug", "type", "id", "updated_at", "created_at") values (Test Org, test-org, organisation, a1e8eb30-aea9-4608-88ff-341de8b25f26, 2026-05-31 08:51:43, 2026-05-31 08:51:43))[39;22m

  at [32mvendor\laravel\framework\src\Illuminate\Database\Connection.php[39m:[32m825[39m
    821▕                     $this->getName(), $query, $this->prepareBindings($bindings), $e
    822▕                 );
    823▕             }
    824▕ 
  ➜ 825▕             throw new QueryException(
    826▕                 $this->getName(), $query, $this->prepareBindings($bindings), $e
    827▕             );
    828▕         }
    829▕     }

  [33m1   [39m[39;1mvendor\laravel\framework\src\Illuminate\Database\Connection.php[39;22m:[39;1m825[39;22m

  [33m2   [39m[39;1mvendor\laravel\framework\src\Illuminate\Database\Connection.php[39;22m:[39;1m571[39;22m
  [90m    NunoMaduro\Collision\Exceptions\TestException::("SQLSTATE[23514]: Check violation: 7 FEHLER:  neue Zeile für Relation »organisations« verletzt Check-Constraint »organisations_type_check«
DETAIL:  Fehlgeschlagene Zeile enthält (a1e8eb30-aea9-4608-88ff-341de8b25f26, Test Org, test-org, organisation, f, null, null, null, null, null, 2026-05-31 08:51:43, 2026-05-31 08:51:43, null, null, t, null, flat, null, null, null, null, null, pending_setup, null, null, UTC).")[39m

  [31m────────────────────────────────────────────────────────────────────────────────────────────────────────────────────[39m  
  [41;1m FAILED [49;22m [1mTests\Feature\ExceptionHandlingTest[22m [90m>[39m cross organisation access returns 404                [41;1m QueryException [49;22m  
[39;1m  SQLSTATE[23514]: Check violation: 7 FEHLER:  neue Zeile für Relation »organisations« verletzt Check-Constraint »organisations_type_check«
DETAIL:  Fehlgeschlagene Zeile enthält (a1e8eb31-1aa5-4cf0-b254-0312ad143d98, Test Org, test-org, organisation, f, null, null, null, null, null, 2026-05-31 08:51:43, 2026-05-31 08:51:43, null, null, t, null, flat, null, null, null, null, null, pending_setup, null, null, UTC). (Connection: pgsql, SQL: insert into "organisations" ("name", "slug", "type", "id", "updated_at", "created_at") values (Test Org, test-org, organisation, a1e8eb31-1aa5-4cf0-b254-0312ad143d98, 2026-05-31 08:51:43, 2026-05-31 08:51:43))[39;22m

  at [32mvendor\laravel\framework\src\Illuminate\Database\Connection.php[39m:[32m825[39m
    821▕                     $this->getName(), $query, $this->prepareBindings($bindings), $e
    822▕                 );
    823▕             }
    824▕ 
  ➜ 825▕             throw new QueryException(
    826▕                 $this->getName(), $query, $this->prepareBindings($bindings), $e
    827▕             );
    828▕         }
    829▕     }

  [33m1   [39m[39;1mvendor\laravel\framework\src\Illuminate\Database\Connection.php[39;22m:[39;1m825[39;22m

  [33m2   [39m[39;1mvendor\laravel\framework\src\Illuminate\Database\Connection.php[39;22m:[39;1m571[39;22m
  [90m    NunoMaduro\Collision\Exceptions\TestException::("SQLSTATE[23514]: Check violation: 7 FEHLER:  neue Zeile für Relation »organisations« verletzt Check-Constraint »organisations_type_check«
DETAIL:  Fehlgeschlagene Zeile enthält (a1e8eb31-1aa5-4cf0-b254-0312ad143d98, Test Org, test-org, organisation, f, null, null, null, null, null, 2026-05-31 08:51:43, 2026-05-31 08:51:43, null, null, t, null, flat, null, null, null, null, null, pending_setup, null, null, UTC).")[39m

  [31m────────────────────────────────────────────────────────────────────────────────────────────────────────────────────[39m  
  [41;1m FAILED [49;22m [1mTests\Feature\ExceptionHandlingTest[22m [90m>[39m inactive voter slug is rejected                      [41;1m QueryException [49;22m  
[39;1m  SQLSTATE[23514]: Check violation: 7 FEHLER:  neue Zeile für Relation »organisations« verletzt Check-Constraint »organisations_type_check«
DETAIL:  Fehlgeschlagene Zeile enthält (a1e8eb31-87f0-4259-9b56-8a577afedde5, Test Org, test-org, organisation, f, null, null, null, null, null, 2026-05-31 08:51:43, 2026-05-31 08:51:43, null, null, t, null, flat, null, null, null, null, null, pending_setup, null, null, UTC). (Connection: pgsql, SQL: insert into "organisations" ("name", "slug", "type", "id", "updated_at", "created_at") values (Test Org, test-org, organisation, a1e8eb31-87f0-4259-9b56-8a577afedde5, 2026-05-31 08:51:43, 2026-05-31 08:51:43))[39;22m

  at [32mvendor\laravel\framework\src\Illuminate\Database\Connection.php[39m:[32m825[39m
    821▕                     $this->getName(), $query, $this->prepareBindings($bindings), $e
    822▕                 );
    823▕             }
    824▕ 
  ➜ 825▕             throw new QueryException(
    826▕                 $this->getName(), $query, $this->prepareBindings($bindings), $e
    827▕             );
    828▕         }
    829▕     }

  [33m1   [39m[39;1mvendor\laravel\framework\src\Illuminate\Database\Connection.php[39;22m:[39;1m825[39;22m

  [33m2   [39m[39;1mvendor\laravel\framework\src\Illuminate\Database\Connection.php[39;22m:[39;1m571[39;22m
  [90m    NunoMaduro\Collision\Exceptions\TestException::("SQLSTATE[23514]: Check violation: 7 FEHLER:  neue Zeile für Relation »organisations« verletzt Check-Constraint »organisations_type_check«
DETAIL:  Fehlgeschlagene Zeile enthält (a1e8eb31-87f0-4259-9b56-8a577afedde5, Test Org, test-org, organisation, f, null, null, null, null, null, 2026-05-31 08:51:43, 2026-05-31 08:51:43, null, null, t, null, flat, null, null, null, null, null, pending_setup, null, null, UTC).")[39m

  [31m────────────────────────────────────────────────────────────────────────────────────────────────────────────────────[39m  
  [41;1m FAILED [49;22m [1mTests\Feature\ExceptionHandlingTest[22m [90m>[39m exception provides user friendly message             [41;1m QueryException [49;22m  
[39;1m  SQLSTATE[23514]: Check violation: 7 FEHLER:  neue Zeile für Relation »organisations« verletzt Check-Constraint »organisations_type_check«
DETAIL:  Fehlgeschlagene Zeile enthält (a1e8eb31-e355-4a3d-aecb-8b42f9640f48, Test Org, test-org, organisation, f, null, null, null, null, null, 2026-05-31 08:51:43, 2026-05-31 08:51:43, null, null, t, null, flat, null, null, null, null, null, pending_setup, null, null, UTC). (Connection: pgsql, SQL: insert into "organisations" ("name", "slug", "type", "id", "updated_at", "created_at") values (Test Org, test-org, organisation, a1e8eb31-e355-4a3d-aecb-8b42f9640f48, 2026-05-31 08:51:43, 2026-05-31 08:51:43))[39;22m

  at [32mvendor\laravel\framework\src\Illuminate\Database\Connection.php[39m:[32m825[39m
    821▕                     $this->getName(), $query, $this->prepareBindings($bindings), $e
    822▕                 );
    823▕             }
    824▕ 
  ➜ 825▕             throw new QueryException(
    826▕                 $this->getName(), $query, $this->prepareBindings($bindings), $e
    827▕             );
    828▕         }
    829▕     }

  [33m1   [39m[39;1mvendor\laravel\framework\src\Illuminate\Database\Connection.php[39;22m:[39;1m825[39;22m

  [33m2   [39m[39;1mvendor\laravel\framework\src\Illuminate\Database\Connection.php[39;22m:[39;1m571[39;22m
  [90m    NunoMaduro\Collision\Exceptions\TestException::("SQLSTATE[23514]: Check violation: 7 FEHLER:  neue Zeile für Relation »organisations« verletzt Check-Constraint »organisations_type_check«
DETAIL:  Fehlgeschlagene Zeile enthält (a1e8eb31-e355-4a3d-aecb-8b42f9640f48, Test Org, test-org, organisation, f, null, null, null, null, null, 2026-05-31 08:51:43, 2026-05-31 08:51:43, null, null, t, null, flat, null, null, null, null, null, pending_setup, null, null, UTC).")[39m

  [31m────────────────────────────────────────────────────────────────────────────────────────────────────────────────────[39m  
  [41;1m FAILED [49;22m [1mTests\Feature\ExceptionHandlingTest[22m [90m>[39m organisation mismatch returns 500 or 404             [41;1m QueryException [49;22m  
[39;1m  SQLSTATE[23514]: Check violation: 7 FEHLER:  neue Zeile für Relation »organisations« verletzt Check-Constraint »organisations_type_check«
DETAIL:  Fehlgeschlagene Zeile enthält (a1e8eb32-35a3-4f84-8007-66094820f0b5, Test Org, test-org, organisation, f, null, null, null, null, null, 2026-05-31 08:51:44, 2026-05-31 08:51:44, null, null, t, null, flat, null, null, null, null, null, pending_setup, null, null, UTC). (Connection: pgsql, SQL: insert into "organisations" ("name", "slug", "type", "id", "updated_at", "created_at") values (Test Org, test-org, organisation, a1e8eb32-35a3-4f84-8007-66094820f0b5, 2026-05-31 08:51:44, 2026-05-31 08:51:44))[39;22m

  at [32mvendor\laravel\framework\src\Illuminate\Database\Connection.php[39m:[32m825[39m
    821▕                     $this->getName(), $query, $this->prepareBindings($bindings), $e
    822▕                 );
    823▕             }
    824▕ 
  ➜ 825▕             throw new QueryException(
    826▕                 $this->getName(), $query, $this->prepareBindings($bindings), $e
    827▕             );
    828▕         }
    829▕     }

  [33m1   [39m[39;1mvendor\laravel\framework\src\Illuminate\Database\Connection.php[39;22m:[39;1m825[39;22m

  [33m2   [39m[39;1mvendor\laravel\framework\src\Illuminate\Database\Connection.php[39;22m:[39;1m571[39;22m
  [90m    NunoMaduro\Collision\Exceptions\TestException::("SQLSTATE[23514]: Check violation: 7 FEHLER:  neue Zeile für Relation »organisations« verletzt Check-Constraint »organisations_type_check«
DETAIL:  Fehlgeschlagene Zeile enthält (a1e8eb32-35a3-4f84-8007-66094820f0b5, Test Org, test-org, organisation, f, null, null, null, null, null, 2026-05-31 08:51:44, 2026-05-31 08:51:44, null, null, t, null, flat, null, null, null, null, null, pending_setup, null, null, UTC).")[39m

  [31m────────────────────────────────────────────────────────────────────────────────────────────────────────────────────[39m  
  [41;1m FAILED [49;22m [1mTests\Feature\ExceptionHandlingTest[22m [90m>[39m invalid election type returns appropriate error      [41;1m QueryException [49;22m  
[39;1m  SQLSTATE[23514]: Check violation: 7 FEHLER:  neue Zeile für Relation »organisations« verletzt Check-Constraint »organisations_type_check«
DETAIL:  Fehlgeschlagene Zeile enthält (a1e8eb32-8829-4da1-a0d1-e86ec0798c83, Test Org, test-org, organisation, f, null, null, null, null, null, 2026-05-31 08:51:44, 2026-05-31 08:51:44, null, null, t, null, flat, null, null, null, null, null, pending_setup, null, null, UTC). (Connection: pgsql, SQL: insert into "organisations" ("name", "slug", "type", "id", "updated_at", "created_at") values (Test Org, test-org, organisation, a1e8eb32-8829-4da1-a0d1-e86ec0798c83, 2026-05-31 08:51:44, 2026-05-31 08:51:44))[39;22m

  at [32mvendor\laravel\framework\src\Illuminate\Database\Connection.php[39m:[32m825[39m
    821▕                     $this->getName(), $query, $this->prepareBindings($bindings), $e
    822▕                 );
    823▕             }
    824▕ 
  ➜ 825▕             throw new QueryException(
    826▕                 $this->getName(), $query, $this->prepareBindings($bindings), $e
    827▕             );
    828▕         }
    829▕     }

  [33m1   [39m[39;1mvendor\laravel\framework\src\Illuminate\Database\Connection.php[39;22m:[39;1m825[39;22m

  [33m2   [39m[39;1mvendor\laravel\framework\src\Illuminate\Database\Connection.php[39;22m:[39;1m571[39;22m
  [90m    NunoMaduro\Collision\Exceptions\TestException::("SQLSTATE[23514]: Check violation: 7 FEHLER:  neue Zeile für Relation »organisations« verletzt Check-Constraint »organisations_type_check«
DETAIL:  Fehlgeschlagene Zeile enthält (a1e8eb32-8829-4da1-a0d1-e86ec0798c83, Test Org, test-org, organisation, f, null, null, null, null, null, 2026-05-31 08:51:44, 2026-05-31 08:51:44, null, null, t, null, flat, null, null, null, null, null, pending_setup, null, null, UTC).")[39m

  [31m────────────────────────────────────────────────────────────────────────────────────────────────────────────────────[39m  
  [41;1m FAILED [49;22m [1mTests\Feature\ExistingVotingControllersIntegrationTest[22m [90m>[39m slug based code controller creat… [41;1m QueryException [49;22m  
[39;1m  SQLSTATE[42703]: Undefined column: 7 FEHLER:  Spalte »is_voter« von Relation »users« existiert nicht
LINE 1: ...egion", "organisation_id", "is_committee_member", "is_voter"...
                                                             ^ (Connection: pgsql, SQL: insert into "users" ("name", "email", "email_verified_at", "password", "remember_token", "region", "organisation_id", "is_committee_member", "is_voter", "can_vote", "id", "updated_at", "created_at") values (Marcella Beatty, martine01@example.org, 2026-05-31 08:51:44, $2y$10$92IXUNpkjO0rOQ5byMi.Ye4oKoEa3Ro9llC/.og/at2.uheWG/igi, 9wDxfTjKlc, Montana, 2fb5b0dd-4f0b-4c9e-ae2c-a27050ef1560, 0, 1, 1, a1e8eb33-06c6-4f85-9560-ed2d5dd049da, 2026-05-31 08:51:44, 2026-05-31 08:51:44))[39;22m

  at [32mvendor\laravel\framework\src\Illuminate\Database\Connection.php[39m:[32m825[39m
    821▕                     $this->getName(), $query, $this->prepareBindings($bindings), $e
    822▕                 );
    823▕             }
    824▕ 
  ➜ 825▕             throw new QueryException(
    826▕                 $this->getName(), $query, $this->prepareBindings($bindings), $e
    827▕             );
    828▕         }
    829▕     }

  [33m1   [39m[39;1mvendor\laravel\framework\src\Illuminate\Database\Connection.php[39;22m:[39;1m825[39;22m

  [33m2   [39m[39;1mvendor\laravel\framework\src\Illuminate\Database\Connection.php[39;22m:[39;1m571[39;22m
  [90m    NunoMaduro\Collision\Exceptions\TestException::("SQLSTATE[42703]: Undefined column: 7 FEHLER:  Spalte »is_voter« von Relation »users« existiert nicht
LINE 1: ...egion", "organisation_id", "is_committee_member", "is_voter"...
                                                             ^")[39m

  [31m────────────────────────────────────────────────────────────────────────────────────────────────────────────────────[39m  
  [41;1m FAILED [49;22m [1mTests\Feature\ExistingVotingControllersIntegrationTest[22m [90m>[39m slug based code controller store… [41;1m QueryException [49;22m  
[39;1m  SQLSTATE[42703]: Undefined column: 7 FEHLER:  Spalte »is_voter« von Relation »users« existiert nicht
LINE 1: ...egion", "organisation_id", "is_committee_member", "is_voter"...
                                                             ^ (Connection: pgsql, SQL: insert into "users" ("name", "email", "email_verified_at", "password", "remember_token", "region", "organisation_id", "is_committee_member", "is_voter", "can_vote", "id", "updated_at", "created_at") values (Mireya Rempel, dach.marc@example.org, 2026-05-31 08:51:45, $2y$10$92IXUNpkjO0rOQ5byMi.Ye4oKoEa3Ro9llC/.og/at2.uheWG/igi, Oj6mlQT6bn, Minnesota, 2fb5b0dd-4f0b-4c9e-ae2c-a27050ef1560, 0, 1, 1, a1e8eb33-8bef-4c4a-85a1-c53dd2b41f6c, 2026-05-31 08:51:45, 2026-05-31 08:51:45))[39;22m

  at [32mvendor\laravel\framework\src\Illuminate\Database\Connection.php[39m:[32m825[39m
    821▕                     $this->getName(), $query, $this->prepareBindings($bindings), $e
    822▕                 );
    823▕             }
    824▕ 
  ➜ 825▕             throw new QueryException(
    826▕                 $this->getName(), $query, $this->prepareBindings($bindings), $e
    827▕             );
    828▕         }
    829▕     }

  [33m1   [39m[39;1mvendor\laravel\framework\src\Illuminate\Database\Connection.php[39;22m:[39;1m825[39;22m

  [33m2   [39m[39;1mvendor\laravel\framework\src\Illuminate\Database\Connection.php[39;22m:[39;1m571[39;22m
  [90m    NunoMaduro\Collision\Exceptions\TestException::("SQLSTATE[42703]: Undefined column: 7 FEHLER:  Spalte »is_voter« von Relation »users« existiert nicht
LINE 1: ...egion", "organisation_id", "is_committee_member", "is_voter"...
                                                             ^")[39m

  [31m────────────────────────────────────────────────────────────────────────────────────────────────────────────────────[39m  
  [41;1m FAILED [49;22m [1mTests\Feature\ExistingVotingControllersIntegrationTest[22m [90m>[39m slug based vote controller creat… [41;1m QueryException [49;22m  
[39;1m  SQLSTATE[42703]: Undefined column: 7 FEHLER:  Spalte »is_voter« von Relation »users« existiert nicht
LINE 1: ...egion", "organisation_id", "is_committee_member", "is_voter"...
                                                             ^ (Connection: pgsql, SQL: insert into "users" ("name", "email", "email_verified_at", "password", "remember_token", "region", "organisation_id", "is_committee_member", "is_voter", "can_vote", "id", "updated_at", "created_at") values (Miss Florida Jones DDS, qshields@example.org, 2026-05-31 08:51:45, $2y$10$92IXUNpkjO0rOQ5byMi.Ye4oKoEa3Ro9llC/.og/at2.uheWG/igi, rP6FXsoljo, California, 2fb5b0dd-4f0b-4c9e-ae2c-a27050ef1560, 0, 1, 1, a1e8eb33-f1a7-4c29-9437-8a94bc2a0429, 2026-05-31 08:51:45, 2026-05-31 08:51:45))[39;22m

  at [32mvendor\laravel\framework\src\Illuminate\Database\Connection.php[39m:[32m825[39m
    821▕                     $this->getName(), $query, $this->prepareBindings($bindings), $e
    822▕                 );
    823▕             }
    824▕ 
  ➜ 825▕             throw new QueryException(
    826▕                 $this->getName(), $query, $this->prepareBindings($bindings), $e
    827▕             );
    828▕         }
    829▕     }

  [33m1   [39m[39;1mvendor\laravel\framework\src\Illuminate\Database\Connection.php[39;22m:[39;1m825[39;22m

  [33m2   [39m[39;1mvendor\laravel\framework\src\Illuminate\Database\Connection.php[39;22m:[39;1m571[39;22m
  [90m    NunoMaduro\Collision\Exceptions\TestException::("SQLSTATE[42703]: Undefined column: 7 FEHLER:  Spalte »is_voter« von Relation »users« existiert nicht
LINE 1: ...egion", "organisation_id", "is_committee_member", "is_voter"...
                                                             ^")[39m

  [31m────────────────────────────────────────────────────────────────────────────────────────────────────────────────────[39m  
  [41;1m FAILED [49;22m [1mTests\Feature\ExistingVotingControllersIntegrationTest[22m [90m>[39m vote submission advances through… [41;1m QueryException [49;22m  
[39;1m  SQLSTATE[42703]: Undefined column: 7 FEHLER:  Spalte »is_voter« von Relation »users« existiert nicht
LINE 1: ...egion", "organisation_id", "is_committee_member", "is_voter"...
                                                             ^ (Connection: pgsql, SQL: insert into "users" ("name", "email", "email_verified_at", "password", "remember_token", "region", "organisation_id", "is_committee_member", "is_voter", "can_vote", "id", "updated_at", "created_at") values (Brennon Romaguera, deckow.alexandre@example.com, 2026-05-31 08:51:45, $2y$10$92IXUNpkjO0rOQ5byMi.Ye4oKoEa3Ro9llC/.og/at2.uheWG/igi, yb1u15T6W4, Tennessee, 2fb5b0dd-4f0b-4c9e-ae2c-a27050ef1560, 0, 1, 1, a1e8eb34-4ba3-4510-9395-2638c4e695e5, 2026-05-31 08:51:45, 2026-05-31 08:51:45))[39;22m

  at [32mvendor\laravel\framework\src\Illuminate\Database\Connection.php[39m:[32m825[39m
    821▕                     $this->getName(), $query, $this->prepareBindings($bindings), $e
    822▕                 );
    823▕             }
    824▕ 
  ➜ 825▕             throw new QueryException(
    826▕                 $this->getName(), $query, $this->prepareBindings($bindings), $e
    827▕             );
    828▕         }
    829▕     }

  [33m1   [39m[39;1mvendor\laravel\framework\src\Illuminate\Database\Connection.php[39;22m:[39;1m825[39;22m

  [33m2   [39m[39;1mvendor\laravel\framework\src\Illuminate\Database\Connection.php[39;22m:[39;1m571[39;22m
  [90m    NunoMaduro\Collision\Exceptions\TestException::("SQLSTATE[42703]: Undefined column: 7 FEHLER:  Spalte »is_voter« von Relation »users« existiert nicht
LINE 1: ...egion", "organisation_id", "is_committee_member", "is_voter"...
                                                             ^")[39m

  [31m────────────────────────────────────────────────────────────────────────────────────────────────────────────────────[39m  
  [41;1m FAILED [49;22m [1mTests\Feature\ExistingVotingControllersIntegrationTest[22m [90m>[39m existing vote eligibility middle… [41;1m QueryException [49;22m  
[39;1m  SQLSTATE[42703]: Undefined column: 7 FEHLER:  Spalte »is_voter« von Relation »users« existiert nicht
LINE 1: ...egion", "organisation_id", "is_committee_member", "is_voter"...
                                                             ^ (Connection: pgsql, SQL: insert into "users" ("name", "email", "email_verified_at", "password", "remember_token", "region", "organisation_id", "is_committee_member", "is_voter", "can_vote", "id", "updated_at", "created_at") values (Arno Shields, glesch@example.org, 2026-05-31 08:51:45, $2y$10$92IXUNpkjO0rOQ5byMi.Ye4oKoEa3Ro9llC/.og/at2.uheWG/igi, nRvx96Did2, South Carolina, 2fb5b0dd-4f0b-4c9e-ae2c-a27050ef1560, 0, 0, 0, a1e8eb34-9911-4068-b5c9-15cf12dec9a9, 2026-05-31 08:51:45, 2026-05-31 08:51:45))[39;22m

  at [32mvendor\laravel\framework\src\Illuminate\Database\Connection.php[39m:[32m825[39m
    821▕                     $this->getName(), $query, $this->prepareBindings($bindings), $e
    822▕                 );
    823▕             }
    824▕ 
  ➜ 825▕             throw new QueryException(
    826▕                 $this->getName(), $query, $this->prepareBindings($bindings), $e
    827▕             );
    828▕         }
    829▕     }

  [33m1   [39m[39;1mvendor\laravel\framework\src\Illuminate\Database\Connection.php[39;22m:[39;1m825[39;22m

  [33m2   [39m[39;1mvendor\laravel\framework\src\Illuminate\Database\Connection.php[39;22m:[39;1m571[39;22m
  [90m    NunoMaduro\Collision\Exceptions\TestException::("SQLSTATE[42703]: Undefined column: 7 FEHLER:  Spalte »is_voter« von Relation »users« existiert nicht
LINE 1: ...egion", "organisation_id", "is_committee_member", "is_voter"...
                                                             ^")[39m

  [31m────────────────────────────────────────────────────────────────────────────────────────────────────────────────────[39m  
  [41;1m FAILED [49;22m [1mTests\Feature\ExistingVotingControllersIntegrationTest[22m [90m>[39m slug expiry blocks access to exi… [41;1m QueryException [49;22m  
[39;1m  SQLSTATE[42703]: Undefined column: 7 FEHLER:  Spalte »is_voter« von Relation »users« existiert nicht
LINE 1: ...egion", "organisation_id", "is_committee_member", "is_voter"...
                                                             ^ (Connection: pgsql, SQL: insert into "users" ("name", "email", "email_verified_at", "password", "remember_token", "region", "organisation_id", "is_committee_member", "is_voter", "can_vote", "id", "updated_at", "created_at") values (Mrs. Caitlyn Barton, bshanahan@example.org, 2026-05-31 08:51:45, $2y$10$92IXUNpkjO0rOQ5byMi.Ye4oKoEa3Ro9llC/.og/at2.uheWG/igi, K9WiEFhklV, Rhode Island, 2fb5b0dd-4f0b-4c9e-ae2c-a27050ef1560, 0, 1, 1, a1e8eb34-e34d-439a-bd51-71be8185a251, 2026-05-31 08:51:45, 2026-05-31 08:51:45))[39;22m

  at [32mvendor\laravel\framework\src\Illuminate\Database\Connection.php[39m:[32m825[39m
    821▕                     $this->getName(), $query, $this->prepareBindings($bindings), $e
    822▕                 );
    823▕             }
    824▕ 
  ➜ 825▕             throw new QueryException(
    826▕                 $this->getName(), $query, $this->prepareBindings($bindings), $e
    827▕             );
    828▕         }
    829▕     }

  [33m1   [39m[39;1mvendor\laravel\framework\src\Illuminate\Database\Connection.php[39;22m:[39;1m825[39;22m

  [33m2   [39m[39;1mvendor\laravel\framework\src\Illuminate\Database\Connection.php[39;22m:[39;1m571[39;22m
  [90m    NunoMaduro\Collision\Exceptions\TestException::("SQLSTATE[42703]: Undefined column: 7 FEHLER:  Spalte »is_voter« von Relation »users« existiert nicht
LINE 1: ...egion", "organisation_id", "is_committee_member", "is_voter"...
                                                             ^")[39m

  [31m────────────────────────────────────────────────────────────────────────────────────────────────────────────────────[39m  
  [41;1m FAILED [49;22m [1mTests\Feature\ExistingVotingControllersIntegrationTest[22m [90m>[39m code creation stores slug refere… [41;1m QueryException [49;22m  
[39;1m  SQLSTATE[42703]: Undefined column: 7 FEHLER:  Spalte »is_voter« von Relation »users« existiert nicht
LINE 1: ...egion", "organisation_id", "is_committee_member", "is_voter"...
                                                             ^ (Connection: pgsql, SQL: insert into "users" ("name", "email", "email_verified_at", "password", "remember_token", "region", "organisation_id", "is_committee_member", "is_voter", "can_vote", "id", "updated_at", "created_at") values (Luna Auer, roselyn82@example.org, 2026-05-31 08:51:46, $2y$10$92IXUNpkjO0rOQ5byMi.Ye4oKoEa3Ro9llC/.og/at2.uheWG/igi, E3JSGXF1r6, Wisconsin, 2fb5b0dd-4f0b-4c9e-ae2c-a27050ef1560, 0, 1, 1, a1e8eb35-25b8-401b-86b1-033e57f38d21, 2026-05-31 08:51:46, 2026-05-31 08:51:46))[39;22m

  at [32mvendor\laravel\framework\src\Illuminate\Database\Connection.php[39m:[32m825[39m
    821▕                     $this->getName(), $query, $this->prepareBindings($bindings), $e
    822▕                 );
    823▕             }
    824▕ 
  ➜ 825▕             throw new QueryException(
    826▕                 $this->getName(), $query, $this->prepareBindings($bindings), $e
    827▕             );
    828▕         }
    829▕     }

  [33m1   [39m[39;1mvendor\laravel\framework\src\Illuminate\Database\Connection.php[39;22m:[39;1m825[39;22m

  [33m2   [39m[39;1mvendor\laravel\framework\src\Illuminate\Database\Connection.php[39;22m:[39;1m571[39;22m
  [90m    NunoMaduro\Collision\Exceptions\TestException::("SQLSTATE[42703]: Undefined column: 7 FEHLER:  Spalte »is_voter« von Relation »users« existiert nicht
LINE 1: ...egion", "organisation_id", "is_committee_member", "is_voter"...
                                                             ^")[39m

  [31m────────────────────────────────────────────────────────────────────────────────────────────────────────────────────[39m  
  [41;1m FAILED [49;22m [1mTests\Feature\Finance\FeePaidProjectionTest[22m [90m>[39m fee paid creates income record                    [41;1m TypeError [49;22m  
[39;1m  App\Contexts\Membership\Domain\Fee\Fee::create(): Argument #3 ($tenantId) must be of type App\Contexts\Shared\Domain\ValueObjects\TenantId, App\Contexts\Membership\Domain\ValueObjects\TenantId given, called in C:\Users\nabra\OneDrive\Desktop\roshyara\xamp\nrna\nrna-eu\tests\Support\Factories\FeeTestFactory.php on line 39[39;22m

  at [32mapp\Contexts\Membership\Domain\Fee\Fee.php[39m:[32m48[39m
     44▕         $this->amount = $amount;
     45▕         $this->dueDate = $dueDate;
     46▕     }
     47▕ 
  ➜  48▕     public static function create(
     49▕         MemberId $memberId,
     50▕         MembershipTypeId $membershipTypeId,
     51▕         TenantId $tenantId,
     52▕         string $amount,

  [33m1   [39m[39;1mapp\Contexts\Membership\Domain\Fee\Fee.php[39;22m:[39;1m48[39;22m
  [33m2   [39m[39;1mtests\Support\Factories\FeeTestFactory.php[39;22m:[39;1m39[39;22m

  [31m────────────────────────────────────────────────────────────────────────────────────────────────────────────────────[39m  
  [41;1m FAILED [49;22m [1mTests\Feature\Finance\FeePaidProjectionTest[22m [90m>[39m income projection is idempotent                   [41;1m TypeError [49;22m  
[39;1m  App\Contexts\Membership\Domain\Fee\Fee::create(): Argument #3 ($tenantId) must be of type App\Contexts\Shared\Domain\ValueObjects\TenantId, App\Contexts\Membership\Domain\ValueObjects\TenantId given, called in C:\Users\nabra\OneDrive\Desktop\roshyara\xamp\nrna\nrna-eu\tests\Support\Factories\FeeTestFactory.php on line 39[39;22m

  at [32mapp\Contexts\Membership\Domain\Fee\Fee.php[39m:[32m48[39m
     44▕         $this->amount = $amount;
     45▕         $this->dueDate = $dueDate;
     46▕     }
     47▕ 
  ➜  48▕     public static function create(
     49▕         MemberId $memberId,
     50▕         MembershipTypeId $membershipTypeId,
     51▕         TenantId $tenantId,
     52▕         string $amount,

  [33m1   [39m[39;1mapp\Contexts\Membership\Domain\Fee\Fee.php[39;22m:[39;1m48[39;22m
  [33m2   [39m[39;1mtests\Support\Factories\FeeTestFactory.php[39;22m:[39;1m39[39;22m

  [31m────────────────────────────────────────────────────────────────────────────────────────────────────────────────────[39m  
  [41;1m FAILED [49;22m [1mTests\Feature\Finance\FeePaidProjectionTest[22m [90m>[39m income preserves event audit trail in metadata    [41;1m TypeError [49;22m  
[39;1m  App\Contexts\Membership\Domain\Fee\Fee::create(): Argument #3 ($tenantId) must be of type App\Contexts\Shared\Domain\ValueObjects\TenantId, App\Contexts\Membership\Domain\ValueObjects\TenantId given, called in C:\Users\nabra\OneDrive\Desktop\roshyara\xamp\nrna\nrna-eu\tests\Support\Factories\FeeTestFactory.php on line 39[39;22m

  at [32mapp\Contexts\Membership\Domain\Fee\Fee.php[39m:[32m48[39m
     44▕         $this->amount = $amount;
     45▕         $this->dueDate = $dueDate;
     46▕     }
     47▕ 
  ➜  48▕     public static function create(
     49▕         MemberId $memberId,
     50▕         MembershipTypeId $membershipTypeId,
     51▕         TenantId $tenantId,
     52▕         string $amount,

  [33m1   [39m[39;1mapp\Contexts\Membership\Domain\Fee\Fee.php[39;22m:[39;1m48[39;22m
  [33m2   [39m[39;1mtests\Support\Factories\FeeTestFactory.php[39;22m:[39;1m39[39;22m

  [31m────────────────────────────────────────────────────────────────────────────────────────────────────────────────────[39m  
  [41;1m FAILED [49;22m [1mTests\Feature\Finance\FeePaidProjectionTest[22m [90m>[39m income uses payment received date for period      [41;1m TypeError [49;22m  
[39;1m  App\Contexts\Membership\Domain\Fee\Fee::create(): Argument #3 ($tenantId) must be of type App\Contexts\Shared\Domain\ValueObjects\TenantId, App\Contexts\Membership\Domain\ValueObjects\TenantId given, called in C:\Users\nabra\OneDrive\Desktop\roshyara\xamp\nrna\nrna-eu\tests\Support\Factories\FeeTestFactory.php on line 39[39;22m

  at [32mapp\Contexts\Membership\Domain\Fee\Fee.php[39m:[32m48[39m
     44▕         $this->amount = $amount;
     45▕         $this->dueDate = $dueDate;
     46▕     }
     47▕ 
  ➜  48▕     public static function create(
     49▕         MemberId $memberId,
     50▕         MembershipTypeId $membershipTypeId,
     51▕         TenantId $tenantId,
     52▕         string $amount,

  [33m1   [39m[39;1mapp\Contexts\Membership\Domain\Fee\Fee.php[39;22m:[39;1m48[39;22m
  [33m2   [39m[39;1mtests\Support\Factories\FeeTestFactory.php[39;22m:[39;1m39[39;22m

  [31m────────────────────────────────────────────────────────────────────────────────────────────────────────────────────[39m  
  [41;1m FAILED [49;22m [1mTests\Feature\Finance\FeePaidProjectionTest[22m [90m>[39m non fee paid events are ignored                   [41;1m TypeError [49;22m  
[39;1m  App\Contexts\Membership\Domain\Fee\Fee::create(): Argument #3 ($tenantId) must be of type App\Contexts\Shared\Domain\ValueObjects\TenantId, App\Contexts\Membership\Domain\ValueObjects\TenantId given, called in C:\Users\nabra\OneDrive\Desktop\roshyara\xamp\nrna\nrna-eu\tests\Support\Factories\FeeTestFactory.php on line 74[39;22m

  at [32mapp\Contexts\Membership\Domain\Fee\Fee.php[39m:[32m48[39m
     44▕         $this->amount = $amount;
     45▕         $this->dueDate = $dueDate;
     46▕     }
     47▕ 
  ➜  48▕     public static function create(
     49▕         MemberId $memberId,
     50▕         MembershipTypeId $membershipTypeId,
     51▕         TenantId $tenantId,
     52▕         string $amount,

  [33m1   [39m[39;1mapp\Contexts\Membership\Domain\Fee\Fee.php[39;22m:[39;1m48[39;22m
  [33m2   [39m[39;1mtests\Support\Factories\FeeTestFactory.php[39;22m:[39;1m74[39;22m

  [31m────────────────────────────────────────────────────────────────────────────────────────────────────────────────────[39m  
  [41;1m FAILED [49;22m [1mTests\Feature\Finance\IncomeOrganisationMigrationTest[22m [90m>[39m income can be created with organi… [41;1m QueryException [49;22m  
[39;1m  SQLSTATE[22P02]: Invalid text representation: 7 FEHLER:  ungültige Eingabesyntax für Typ bigint: »a1e8eb3d-0083-41f4-9ea5-439c99c3eb29«
CONTEXT:  unbenanntes Portal Parameter $1 = '...' (Connection: pgsql, SQL: insert into "incomes" ("user_id", "organisation_id", "country", "committee_name", "period_from", "period_to", "updated_at", "created_at") values (a1e8eb3d-0083-41f4-9ea5-439c99c3eb29, a1e8eb3c-f50c-48f8-8c7b-922dc761789c, NP, Test, 2026-05-01 00:00:00, 2026-05-31 23:59:59, 2026-05-31 08:51:51, 2026-05-31 08:51:51) returning "id")[39;22m

  at [32mvendor\laravel\framework\src\Illuminate\Database\Connection.php[39m:[32m825[39m
    821▕                     $this->getName(), $query, $this->prepareBindings($bindings), $e
    822▕                 );
    823▕             }
    824▕ 
  ➜ 825▕             throw new QueryException(
    826▕                 $this->getName(), $query, $this->prepareBindings($bindings), $e
    827▕             );
    828▕         }
    829▕     }

  [33m1   [39m[39;1mvendor\laravel\framework\src\Illuminate\Database\Connection.php[39;22m:[39;1m825[39;22m

  [33m2   [39m[39;1mvendor\laravel\framework\src\Illuminate\Database\Connection.php[39;22m:[39;1m412[39;22m
  [90m    NunoMaduro\Collision\Exceptions\TestException::("SQLSTATE[22P02]: Invalid text representation: 7 FEHLER:  ungültige Eingabesyntax für Typ bigint: »a1e8eb3d-0083-41f4-9ea5-439c99c3eb29«
CONTEXT:  unbenanntes Portal Parameter $1 = '...'")[39m

  [31m────────────────────────────────────────────────────────────────────────────────────────────────────────────────────[39m  
  [41;1m FAILED [49;22m [1mTests\Feature\Finance\MemberPaymentIntegrationTest[22m [90m>[39m full payment flow creates all records                   
[39;1m  Expected response status code [302] but received 500.
Failed asserting that 500 is identical to 302.

The following exception occurred during the last request:

PDOException: SQLSTATE[42703]: Undefined column: 7 FEHLER:  Spalte »currency« von Relation »membership_payments« existiert nicht
LINE 1: ...ember_id", "fee_id", "organisation_id", "amount", "currency"...
                                                             ^ in C:\Users\nabra\OneDrive\Desktop\roshyara\xamp\nrna\nrna-eu\vendor\laravel\framework\src\Illuminate\Database\Connection.php:571
Stack trace:
#0 C:\Users\nabra\OneDrive\Desktop\roshyara\xamp\nrna\nrna-eu\vendor\laravel\framework\src\Illuminate\Database\Connection.php(571): PDOStatement->execute()
#1 C:\Users\nabra\OneDrive\Desktop\roshyara\xamp\nrna\nrna-eu\vendor\laravel\framework\src\Illuminate\Database\Connection.php(812): Illuminate\Database\Connection->Illuminate\Database\{closure}('insert into "me...', Array)
#2 C:\Users\nabra\OneDrive\Desktop\roshyara\xamp\nrna\nrna-eu\vendor\laravel\framework\src\Illuminate\Database\Connection.php(779): Illuminate\Database\Connection->runQueryCallback('insert into "me...', Array, Object(Closure))
#3 C:\Users\nabra\OneDrive\Desktop\roshyara\xamp\nrna\nrna-eu\vendor\laravel\framework\src\Illuminate\Database\Connection.php(560): Illuminate\Database\Connection->run('insert into "me...', Array, Object(Closure))
#4 C:\Users\nabra\OneDrive\Desktop\roshyara\xamp\nrna\nrna-eu\vendor\laravel\framework\src\Illuminate\Database\Connection.php(524): Illuminate\Database\Connection->statement('insert into "me...', Array)
#5 C:\Users\nabra\OneDrive\Desktop\roshyara\xamp\nrna\nrna-eu\vendor\laravel\framework\src\Illuminate\Database\Query\Builder.php(3748): Illuminate\Database\Connection->insert('insert into "me...', Array)
#6 C:\Users\nabra\OneDrive\Desktop\roshyara\xamp\nrna\nrna-eu\vendor\laravel\framework\src\Illuminate\Database\Eloquent\Builder.php(2099): Illuminate\Database\Query\Builder->insert(Array)
#7 C:\Users\nabra\OneDrive\Desktop\roshyara\xamp\nrna\nrna-eu\vendor\laravel\framework\src\Illuminate\Database\Eloquent\Model.php(1335): Illuminate\Database\Eloquent\Builder->__call('insert', Array)
#8 C:\Users\nabra\OneDrive\Desktop\roshyara\xamp\nrna\nrna-eu\vendor\laravel\framework\src\Illuminate\Database\Eloquent\Model.php(1163): Illuminate\Database\Eloquent\Model->performInsert(Object(Illuminate\Database\Eloquent\Builder))
#9 C:\Users\nabra\OneDrive\Desktop\roshyara\xamp\nrna\nrna-eu\vendor\laravel\framework\src\Illuminate\Database\Eloquent\Builder.php(1107): Illuminate\Database\Eloquent\Model->save()
#10 C:\Users\nabra\OneDrive\Desktop\roshyara\xamp\nrna\nrna-eu\vendor\laravel\framework\src\Illuminate\Support\helpers.php(399): Illuminate\Database\Eloquent\Builder->Illuminate\Database\Eloquent\{closure}(Object(App\Models\MembershipPayment))
#11 C:\Users\nabra\OneDrive\Desktop\roshyara\xamp\nrna\nrna-eu\vendor\laravel\framework\src\Illuminate\Database\Eloquent\Builder.php(1106): tap(Object(App\Models\MembershipPayment), Object(Closure))
#12 C:\Users\nabra\OneDrive\Desktop\roshyara\xamp\nrna\nrna-eu\vendor\laravel\framework\src\Illuminate\Support\Traits\ForwardsCalls.php(23): Illuminate\Database\Eloquent\Builder->create(Array)
#13 C:\Users\nabra\OneDrive\Desktop\roshyara\xamp\nrna\nrna-eu\vendor\laravel\framework\src\Illuminate\Database\Eloquent\Model.php(2368): Illuminate\Database\Eloquent\Model->forwardCallTo(Object(Illuminate\Database\Eloquent\Builder), 'create', Array)
#14 C:\Users\nabra\OneDrive\Desktop\roshyara\xamp\nrna\nrna-eu\vendor\laravel\framework\src\Illuminate\Database\Eloquent\Model.php(2380): Illuminate\Database\Eloquent\Model->__call('create', Array)
#15 C:\Users\nabra\OneDrive\Desktop\roshyara\xamp\nrna\nrna-eu\app\Services\MembershipPaymentService.php(52): Illuminate\Database\Eloquent\Model::__callStatic('create', Array)
#16 C:\Users\nabra\OneDrive\Desktop\roshyara\xamp\nrna\nrna-eu\vendor\laravel\framework\src\Illuminate\Database\Concerns\ManagesTransactions.php(32): App\Services\MembershipPaymentService->App\Services\{closure}(Object(Illuminate\Database\PostgresConnection))
#17 C:\Users\nabra\OneDrive\Desktop\roshyara\xamp\nrna\nrna-eu\vendor\laravel\framework\src\Illuminate\Database\DatabaseManager.php(495): Illuminate\Database\Connection->transaction(Object(Closure))
#18 C:\Users\nabra\OneDrive\Desktop\roshyara\xamp\nrna\nrna-eu\vendor\laravel\framework\src\Illuminate\Support\Facades\Facade.php(361): Illuminate\Database\DatabaseManager->__call('transaction', Array)
#19 C:\Users\nabra\OneDrive\Desktop\roshyara\xamp\nrna\nrna-eu\app\Services\MembershipPaymentService.php(42): Illuminate\Support\Facades\Facade::__callStatic('transaction', Array)
#20 C:\Users\nabra\OneDrive\Desktop\roshyara\xamp\nrna\nrna-eu\app\Http\Controllers\Membership\MembershipFeeController.php(126): App\Services\MembershipPaymentService->recordPayment(Object(App\Models\Member), Object(App\Models\MembershipFee), Object(App\Domain\Shared\ValueObjects\Money), 'bank_transfer', 'REF-001')
#21 C:\Users\nabra\OneDrive\Desktop\roshyara\xamp\nrna\nrna-eu\vendor\laravel\framework\src\Illuminate\Routing\Controller.php(54): App\Http\Controllers\Membership\MembershipFeeController->pay(Object(Illuminate\Http\Request), Object(App\Models\Organisation), Object(App\Models\Member), Object(App\Models\MembershipFee), Object(App\Services\MembershipPaymentService))
#22 C:\Users\nabra\OneDrive\Desktop\roshyara\xamp\nrna\nrna-eu\vendor\laravel\framework\src\Illuminate\Routing\ControllerDispatcher.php(44): Illuminate\Routing\Controller->callAction('pay', Array)
#23 C:\Users\nabra\OneDrive\Desktop\roshyara\xamp\nrna\nrna-eu\vendor\laravel\framework\src\Illuminate\Routing\Route.php(266): Illuminate\Routing\ControllerDispatcher->dispatch(Object(Illuminate\Routing\Route), Object(App\Http\Controllers\Membership\MembershipFeeController), 'pay')
#24 C:\Users\nabra\OneDrive\Desktop\roshyara\xamp\nrna\nrna-eu\vendor\laravel\framework\src\Illuminate\Routing\Route.php(212): Illuminate\Routing\Route->runController()
#25 C:\Users\nabra\OneDrive\Desktop\roshyara\xamp\nrna\nrna-eu\vendor\laravel\framework\src\Illuminate\Routing\Router.php(808): Illuminate\Routing\Route->run()
#26 C:\Users\nabra\OneDrive\Desktop\roshyara\xamp\nrna\nrna-eu\vendor\laravel\framework\src\Illuminate\Pipeline\Pipeline.php(170): Illuminate\Routing\Router->Illuminate\Routing\{closure}(Object(Illuminate\Http\Request))
#27 C:\Users\nabra\OneDrive\Desktop\roshyara\xamp\nrna\nrna-eu\app\Http\Middleware\EnsureOrganisationMember.php(161): Illuminate\Pipeline\Pipeline->Illuminate\Pipeline\{closure}(Object(Illuminate\Http\Request))
#28 C:\Users\nabra\OneDrive\Desktop\roshyara\xamp\nrna\nrna-eu\vendor\laravel\framework\src\Illuminate\Pipeline\Pipeline.php(209): App\Http\Middleware\EnsureOrganisationMember->handle(Object(Illuminate\Http\Request), Object(Closure))
#29 C:\Users\nabra\OneDrive\Desktop\roshyara\xamp\nrna\nrna-eu\vendor\laravel\framework\src\Illuminate\Auth\Middleware\EnsureEmailIsVerified.php(41): Illuminate\Pipeline\Pipeline->Illuminate\Pipeline\{closure}(Object(Illuminate\Http\Request))
#30 C:\Users\nabra\OneDrive\Desktop\roshyara\xamp\nrna\nrna-eu\vendor\laravel\framework\src\Illuminate\Pipeline\Pipeline.php(209): Illuminate\Auth\Middleware\EnsureEmailIsVerified->handle(Object(Illuminate\Http\Request), Object(Closure))
#31 C:\Users\nabra\OneDrive\Desktop\roshyara\xamp\nrna\nrna-eu\vendor\laravel\framework\src\Illuminate\Auth\Middleware\Authenticate.php(64): Illuminate\Pipeline\Pipeline->Illuminate\Pipeline\{closure}(Object(Illuminate\Http\Request))
#32 C:\Users\nabra\OneDrive\Desktop\roshyara\xamp\nrna\nrna-eu\vendor\laravel\framework\src\Illuminate\Pipeline\Pipeline.php(209): Illuminate\Auth\Middleware\Authenticate->handle(Object(Illuminate\Http\Request), Object(Closure))
#33 C:\Users\nabra\OneDrive\Desktop\roshyara\xamp\nrna\nrna-eu\vendor\inertiajs\inertia-laravel\src\Middleware.php(86): Illuminate\Pipeline\Pipeline->Illuminate\Pipeline\{closure}(Object(Illuminate\Http\Request))
#34 C:\Users\nabra\OneDrive\Desktop\roshyara\xamp\nrna\nrna-eu\vendor\laravel\framework\src\Illuminate\Pipeline\Pipeline.php(209): Inertia\Middleware->handle(Object(Illuminate\Http\Request), Object(Closure))
#35 C:\Users\nabra\OneDrive\Desktop\roshyara\xamp\nrna\nrna-eu\app\Http\Middleware\InjectPageMeta.php(65): Illuminate\Pipeline\Pipeline->Illuminate\Pipeline\{closure}(Object(Illuminate\Http\Request))
#36 C:\Users\nabra\OneDrive\Desktop\roshyara\xamp\nrna\nrna-eu\vendor\laravel\framework\src\Illuminate\Pipeline\Pipeline.php(209): App\Http\Middleware\InjectPageMeta->handle(Object(Illuminate\Http\Request), Object(Closure))
#37 C:\Users\nabra\OneDrive\Desktop\roshyara\xamp\nrna\nrna-eu\app\Http\Middleware\SetLocale.php(59): Illuminate\Pipeline\Pipeline->Illuminate\Pipeline\{closure}(Object(Illuminate\Http\Request))
#38 C:\Users\nabra\OneDrive\Desktop\roshyara\xamp\nrna\nrna-eu\vendor\laravel\framework\src\Illuminate\Pipeline\Pipeline.php(209): App\Http\Middleware\SetLocale->handle(Object(Illuminate\Http\Request), Object(Closure))
#39 C:\Users\nabra\OneDrive\Desktop\roshyara\xamp\nrna\nrna-eu\app\Http\Middleware\PreloadAssets.php(12): Illuminate\Pipeline\Pipeline->Illuminate\Pipeline\{closure}(Object(Illuminate\Http\Request))
#40 C:\Users\nabra\OneDrive\Desktop\roshyara\xamp\nrna\nrna-eu\vendor\laravel\framework\src\Illuminate\Pipeline\Pipeline.php(209): App\Http\Middleware\PreloadAssets->handle(Object(Illuminate\Http\Request), Object(Closure))
#41 C:\Users\nabra\OneDrive\Desktop\roshyara\xamp\nrna\nrna-eu\vendor\laravel\framework\src\Illuminate\Routing\Middleware\SubstituteBindings.php(51): Illuminate\Pipeline\Pipeline->Illuminate\Pipeline\{closure}(Object(Illuminate\Http\Request))
#42 C:\Users\nabra\OneDrive\Desktop\roshyara\xamp\nrna\nrna-eu\vendor\laravel\framework\src\Illuminate\Pipeline\Pipeline.php(209): Illuminate\Routing\Middleware\SubstituteBindings->handle(Object(Illuminate\Http\Request), Object(Closure))
#43 C:\Users\nabra\OneDrive\Desktop\roshyara\xamp\nrna\nrna-eu\vendor\laravel\framework\src\Illuminate\Foundation\Http\Middleware\VerifyCsrfToken.php(88): Illuminate\Pipeline\Pipeline->Illuminate\Pipeline\{closure}(Object(Illuminate\Http\Request))
#44 C:\Users\nabra\OneDrive\Desktop\roshyara\xamp\nrna\nrna-eu\vendor\laravel\framework\src\Illuminate\Pipeline\Pipeline.php(209): Illuminate\Foundation\Http\Middleware\VerifyCsrfToken->handle(Object(Illuminate\Http\Request), Object(Closure))
#45 C:\Users\nabra\OneDrive\Desktop\roshyara\xamp\nrna\nrna-eu\vendor\laravel\framework\src\Illuminate\View\Middleware\ShareErrorsFromSession.php(49): Illuminate\Pipeline\Pipeline->Illuminate\Pipeline\{closure}(Object(Illuminate\Http\Request))
#46 C:\Users\nabra\OneDrive\Desktop\roshyara\xamp\nrna\nrna-eu\vendor\laravel\framework\src\Illuminate\Pipeline\Pipeline.php(209): Illuminate\View\Middleware\ShareErrorsFromSession->handle(Object(Illuminate\Http\Request), Object(Closure))
#47 C:\Users\nabra\OneDrive\Desktop\roshyara\xamp\nrna\nrna-eu\vendor\laravel\framework\src\Illuminate\Session\Middleware\StartSession.php(121): Illuminate\Pipeline\Pipeline->Illuminate\Pipeline\{closure}(Object(Illuminate\Http\Request))
#48 C:\Users\nabra\OneDrive\Desktop\roshyara\xamp\nrna\nrna-eu\vendor\laravel\framework\src\Illuminate\Session\Middleware\StartSession.php(64): Illuminate\Session\Middleware\StartSession->handleStatefulRequest(Object(Illuminate\Http\Request), Object(Illuminate\Session\Store), Object(Closure))
#49 C:\Users\nabra\OneDrive\Desktop\roshyara\xamp\nrna\nrna-eu\vendor\laravel\framework\src\Illuminate\Pipeline\Pipeline.php(209): Illuminate\Session\Middleware\StartSession->handle(Object(Illuminate\Http\Request), Object(Closure))
#50 C:\Users\nabra\OneDrive\Desktop\roshyara\xamp\nrna\nrna-eu\vendor\laravel\framework\src\Illuminate\Cookie\Middleware\AddQueuedCookiesToResponse.php(37): Illuminate\Pipeline\Pipeline->Illuminate\Pipeline\{closure}(Object(Illuminate\Http\Request))
#51 C:\Users\nabra\OneDrive\Desktop\roshyara\xamp\nrna\nrna-eu\vendor\laravel\framework\src\Illuminate\Pipeline\Pipeline.php(209): Illuminate\Cookie\Middleware\AddQueuedCookiesToResponse->handle(Object(Illuminate\Http\Request), Object(Closure))
#52 C:\Users\nabra\OneDrive\Desktop\roshyara\xamp\nrna\nrna-eu\vendor\laravel\framework\src\Illuminate\Cookie\Middleware\EncryptCookies.php(75): Illuminate\Pipeline\Pipeline->Illuminate\Pipeline\{closure}(Object(Illuminate\Http\Request))
#53 C:\Users\nabra\OneDrive\Desktop\roshyara\xamp\nrna\nrna-eu\vendor\laravel\framework\src\Illuminate\Pipeline\Pipeline.php(209): Illuminate\Cookie\Middleware\EncryptCookies->handle(Object(Illuminate\Http\Request), Object(Closure))
#54 C:\Users\nabra\OneDrive\Desktop\roshyara\xamp\nrna\nrna-eu\vendor\laravel\framework\src\Illuminate\Pipeline\Pipeline.php(127): Illuminate\Pipeline\Pipeline->Illuminate\Pipeline\{closure}(Object(Illuminate\Http\Request))
#55 C:\Users\nabra\OneDrive\Desktop\roshyara\xamp\nrna\nrna-eu\vendor\laravel\framework\src\Illuminate\Routing\Router.php(807): Illuminate\Pipeline\Pipeline->then(Object(Closure))
#56 C:\Users\nabra\OneDrive\Desktop\roshyara\xamp\nrna\nrna-eu\vendor\laravel\framework\src\Illuminate\Routing\Router.php(786): Illuminate\Routing\Router->runRouteWithinStack(Object(Illuminate\Routing\Route), Object(Illuminate\Http\Request))
#57 C:\Users\nabra\OneDrive\Desktop\roshyara\xamp\nrna\nrna-eu\vendor\laravel\framework\src\Illuminate\Routing\Router.php(750): Illuminate\Routing\Router->runRoute(Object(Illuminate\Http\Request), Object(Illuminate\Routing\Route))
#58 C:\Users\nabra\OneDrive\Desktop\roshyara\xamp\nrna\nrna-eu\vendor\laravel\framework\src\Illuminate\Routing\Router.php(739): Illuminate\Routing\Router->dispatchToRoute(Object(Illuminate\Http\Request))
#59 C:\Users\nabra\OneDrive\Desktop\roshyara\xamp\nrna\nrna-eu\vendor\laravel\framework\src\Illuminate\Foundation\Http\Kernel.php(201): Illuminate\Routing\Router->dispatch(Object(Illuminate\Http\Request))
#60 C:\Users\nabra\OneDrive\Desktop\roshyara\xamp\nrna\nrna-eu\vendor\laravel\framework\src\Illuminate\Pipeline\Pipeline.php(170): Illuminate\Foundation\Http\Kernel->Illuminate\Foundation\Http\{closure}(Object(Illuminate\Http\Request))
#61 C:\Users\nabra\OneDrive\Desktop\roshyara\xamp\nrna\nrna-eu\app\Http\Middleware\TrackPerformance.php(28): Illuminate\Pipeline\Pipeline->Illuminate\Pipeline\{closure}(Object(Illuminate\Http\Request))
#62 C:\Users\nabra\OneDrive\Desktop\roshyara\xamp\nrna\nrna-eu\vendor\laravel\framework\src\Illuminate\Pipeline\Pipeline.php(209): App\Http\Middleware\TrackPerformance->handle(Object(Illuminate\Http\Request), Object(Closure))
#63 C:\Users\nabra\OneDrive\Desktop\roshyara\xamp\nrna\nrna-eu\vendor\laravel\framework\src\Illuminate\Foundation\Http\Middleware\TransformsRequest.php(21): Illuminate\Pipeline\Pipeline->Illuminate\Pipeline\{closure}(Object(Illuminate\Http\Request))
#64 C:\Users\nabra\OneDrive\Desktop\roshyara\xamp\nrna\nrna-eu\vendor\laravel\framework\src\Illuminate\Foundation\Http\Middleware\ConvertEmptyStringsToNull.php(31): Illuminate\Foundation\Http\Middleware\TransformsRequest->handle(Object(Illuminate\Http\Request), Object(Closure))
#65 C:\Users\nabra\OneDrive\Desktop\roshyara\xamp\nrna\nrna-eu\vendor\laravel\framework\src\Illuminate\Pipeline\Pipeline.php(209): Illuminate\Foundation\Http\Middleware\ConvertEmptyStringsToNull->handle(Object(Illuminate\Http\Request), Object(Closure))
#66 C:\Users\nabra\OneDrive\Desktop\roshyara\xamp\nrna\nrna-eu\vendor\laravel\framework\src\Illuminate\Foundation\Http\Middleware\TransformsRequest.php(21): Illuminate\Pipeline\Pipeline->Illuminate\Pipeline\{closure}(Object(Illuminate\Http\Request))
#67 C:\Users\nabra\OneDrive\Desktop\roshyara\xamp\nrna\nrna-eu\vendor\laravel\framework\src\Illuminate\Foundation\Http\Middleware\TrimStrings.php(51): Illuminate\Foundation\Http\Middleware\TransformsRequest->handle(Object(Illuminate\Http\Request), Object(Closure))
#68 C:\Users\nabra\OneDrive\Desktop\roshyara\xamp\nrna\nrna-eu\vendor\laravel\framework\src\Illuminate\Pipeline\Pipeline.php(209): Illuminate\Foundation\Http\Middleware\TrimStrings->handle(Object(Illuminate\Http\Request), Object(Closure))
#69 C:\Users\nabra\OneDrive\Desktop\roshyara\xamp\nrna\nrna-eu\vendor\laravel\framework\src\Illuminate\Http\Middleware\ValidatePostSize.php(27): Illuminate\Pipeline\Pipeline->Illuminate\Pipeline\{closure}(Object(Illuminate\Http\Request))
#70 C:\Users\nabra\OneDrive\Desktop\roshyara\xamp\nrna\nrna-eu\vendor\laravel\framework\src\Illuminate\Pipeline\Pipeline.php(209): Illuminate\Http\Middleware\ValidatePostSize->handle(Object(Illuminate\Http\Request), Object(Closure))
#71 C:\Users\nabra\OneDrive\Desktop\roshyara\xamp\nrna\nrna-eu\vendor\laravel\framework\src\Illuminate\Foundation\Http\Middleware\PreventRequestsDuringMaintenance.php(110): Illuminate\Pipeline\Pipeline->Illuminate\Pipeline\{closure}(Object(Illuminate\Http\Request))
#72 C:\Users\nabra\OneDrive\Desktop\roshyara\xamp\nrna\nrna-eu\vendor\laravel\framework\src\Illuminate\Pipeline\Pipeline.php(209): Illuminate\Foundation\Http\Middleware\PreventRequestsDuringMaintenance->handle(Object(Illuminate\Http\Request), Object(Closure))
#73 C:\Users\nabra\OneDrive\Desktop\roshyara\xamp\nrna\nrna-eu\vendor\laravel\framework\src\Illuminate\Http\Middleware\HandleCors.php(49): Illuminate\Pipeline\Pipeline->Illuminate\Pipeline\{closure}(Object(Illuminate\Http\Request))
#74 C:\Users\nabra\OneDrive\Desktop\roshyara\xamp\nrna\nrna-eu\vendor\laravel\framework\src\Illuminate\Pipeline\Pipeline.php(209): Illuminate\Http\Middleware\HandleCors->handle(Object(Illuminate\Http\Request), Object(Closure))
#75 C:\Users\nabra\OneDrive\Desktop\roshyara\xamp\nrna\nrna-eu\vendor\laravel\framework\src\Illuminate\Http\Middleware\TrustProxies.php(58): Illuminate\Pipeline\Pipeline->Illuminate\Pipeline\{closure}(Object(Illuminate\Http\Request))
#76 C:\Users\nabra\OneDrive\Desktop\roshyara\xamp\nrna\nrna-eu\vendor\laravel\framework\src\Illuminate\Pipeline\Pipeline.php(209): Illuminate\Http\Middleware\TrustProxies->handle(Object(Illuminate\Http\Request), Object(Closure))
#77 C:\Users\nabra\OneDrive\Desktop\roshyara\xamp\nrna\nrna-eu\vendor\laravel\framework\src\Illuminate\Foundation\Http\Middleware\InvokeDeferredCallbacks.php(22): Illuminate\Pipeline\Pipeline->Illuminate\Pipeline\{closure}(Object(Illuminate\Http\Request))
#78 C:\Users\nabra\OneDrive\Desktop\roshyara\xamp\nrna\nrna-eu\vendor\laravel\framework\src\Illuminate\Pipeline\Pipeline.php(209): Illuminate\Foundation\Http\Middleware\InvokeDeferredCallbacks->handle(Object(Illuminate\Http\Request), Object(Closure))
#79 C:\Users\nabra\OneDrive\Desktop\roshyara\xamp\nrna\nrna-eu\vendor\laravel\framework\src\Illuminate\Pipeline\Pipeline.php(127): Illuminate\Pipeline\Pipeline->Illuminate\Pipeline\{closure}(Object(Illuminate\Http\Request))
#80 C:\Users\nabra\OneDrive\Desktop\roshyara\xamp\nrna\nrna-eu\vendor\laravel\framework\src\Illuminate\Foundation\Http\Kernel.php(176): Illuminate\Pipeline\Pipeline->then(Object(Closure))
#81 C:\Users\nabra\OneDrive\Desktop\roshyara\xamp\nrna\nrna-eu\vendor\laravel\framework\src\Illuminate\Foundation\Http\Kernel.php(145): Illuminate\Foundation\Http\Kernel->sendRequestThroughRouter(Object(Illuminate\Http\Request))
#82 C:\Users\nabra\OneDrive\Desktop\roshyara\xamp\nrna\nrna-eu\vendor\laravel\framework\src\Illuminate\Foundation\Testing\Concerns\MakesHttpRequests.php(607): Illuminate\Foundation\Http\Kernel->handle(Object(Illuminate\Http\Request))
#83 C:\Users\nabra\OneDrive\Desktop\roshyara\xamp\nrna\nrna-eu\vendor\laravel\framework\src\Illuminate\Foundation\Testing\Concerns\MakesHttpRequests.php(397): Illuminate\Foundation\Testing\TestCase->call('POST', 'http://localhos...', Array, Array, Array, Array)
#84 C:\Users\nabra\OneDrive\Desktop\roshyara\xamp\nrna\nrna-eu\tests\Feature\Finance\MemberPaymentIntegrationTest.php(66): Illuminate\Foundation\Testing\TestCase->post('http://localhos...', Array)
#85 C:\Users\nabra\OneDrive\Desktop\roshyara\xamp\nrna\nrna-eu\vendor\phpunit\phpunit\src\Framework\TestCase.php(1235): Tests\Feature\Finance\MemberPaymentIntegrationTest->test_full_payment_flow_creates_all_records()
#86 C:\Users\nabra\OneDrive\Desktop\roshyara\xamp\nrna\nrna-eu\vendor\phpunit\phpunit\src\Framework\TestCase.php(514): PHPUnit\Framework\TestCase->runTest()
#87 C:\Users\nabra\OneDrive\Desktop\roshyara\xamp\nrna\nrna-eu\vendor\phpunit\phpunit\src\Framework\TestRunner\TestRunner.php(87): PHPUnit\Framework\TestCase->runBare()
#88 C:\Users\nabra\OneDrive\Desktop\roshyara\xamp\nrna\nrna-eu\vendor\phpunit\phpunit\src\Framework\TestCase.php(361): PHPUnit\Framework\TestRunner->run(Object(Tests\Feature\Finance\MemberPaymentIntegrationTest))
#89 C:\Users\nabra\OneDrive\Desktop\roshyara\xamp\nrna\nrna-eu\vendor\phpunit\phpunit\src\Framework\TestSuite.php(369): PHPUnit\Framework\TestCase->run()
#90 C:\Users\nabra\OneDrive\Desktop\roshyara\xamp\nrna\nrna-eu\vendor\phpunit\phpunit\src\Framework\TestSuite.php(369): PHPUnit\Framework\TestSuite->run()
#91 C:\Users\nabra\OneDrive\Desktop\roshyara\xamp\nrna\nrna-eu\vendor\phpunit\phpunit\src\Framework\TestSuite.php(369): PHPUnit\Framework\TestSuite->run()
#92 C:\Users\nabra\OneDrive\Desktop\roshyara\xamp\nrna\nrna-eu\vendor\phpunit\phpunit\src\TextUI\TestRunner.php(64): PHPUnit\Framework\TestSuite->run()
#93 C:\Users\nabra\OneDrive\Desktop\roshyara\xamp\nrna\nrna-eu\vendor\phpunit\phpunit\src\TextUI\Application.php(210): PHPUnit\TextUI\TestRunner->run(Object(PHPUnit\TextUI\Configuration\Configuration), Object(PHPUnit\Runner\ResultCache\DefaultResultCache), Object(PHPUnit\Framework\TestSuite))
#94 C:\Users\nabra\OneDrive\Desktop\roshyara\xamp\nrna\nrna-eu\vendor\phpunit\phpunit\phpunit(104): PHPUnit\TextUI\Application->run(Array)
#95 {main}

Next Illuminate\Database\QueryException: SQLSTATE[42703]: Undefined column: 7 FEHLER:  Spalte »currency« von Relation »membership_payments« existiert nicht
LINE 1: ...ember_id", "fee_id", "organisation_id", "amount", "currency"...
                                                             ^ (Connection: pgsql, SQL: insert into "membership_payments" ("member_id", "fee_id", "organisation_id", "amount", "currency", "payment_method", "payment_reference", "status", "recorded_by", "paid_at", "id", "updated_at", "created_at") values (a1e8eb3e-16c4-4a58-98ad-69888dd3ccee, a1e8eb3e-3051-4eb0-8ace-ba0df55555b7, a1e8eb3d-f567-4175-bd84-68ede3ed5d3f, 100, EUR, bank_transfer, REF-001, completed, a1e8eb3e-033a-4dc9-914b-79b3c7fcd670, 2026-05-31 08:51:52, a1e8eb3e-580b-40b2-9533-3c95443be47e, 2026-05-31 08:51:52, 2026-05-31 08:51:52)) in C:\Users\nabra\OneDrive\Desktop\roshyara\xamp\nrna\nrna-eu\vendor\laravel\framework\src\Illuminate\Database\Connection.php:825
Stack trace:
#0 C:\Users\nabra\OneDrive\Desktop\roshyara\xamp\nrna\nrna-eu\vendor\laravel\framework\src\Illuminate\Database\Connection.php(779): Illuminate\Database\Connection->runQueryCallback('insert into "me...', Array, Object(Closure))
#1 C:\Users\nabra\OneDrive\Desktop\roshyara\xamp\nrna\nrna-eu\vendor\laravel\framework\src\Illuminate\Database\Connection.php(560): Illuminate\Database\Connection->run('insert into "me...', Array, Object(Closure))
#2 C:\Users\nabra\OneDrive\Desktop\roshyara\xamp\nrna\nrna-eu\vendor\laravel\framework\src\Illuminate\Database\Connection.php(524): Illuminate\Database\Connection->statement('insert into "me...', Array)
#3 C:\Users\nabra\OneDrive\Desktop\roshyara\xamp\nrna\nrna-eu\vendor\laravel\framework\src\Illuminate\Database\Query\Builder.php(3748): Illuminate\Database\Connection->insert('insert into "me...', Array)
#4 C:\Users\nabra\OneDrive\Desktop\roshyara\xamp\nrna\nrna-eu\vendor\laravel\framework\src\Illuminate\Database\Eloquent\Builder.php(2099): Illuminate\Database\Query\Builder->insert(Array)
#5 C:\Users\nabra\OneDrive\Desktop\roshyara\xamp\nrna\nrna-eu\vendor\laravel\framework\src\Illuminate\Database\Eloquent\Model.php(1335): Illuminate\Database\Eloquent\Builder->__call('insert', Array)
#6 C:\Users\nabra\OneDrive\Desktop\roshyara\xamp\nrna\nrna-eu\vendor\laravel\framework\src\Illuminate\Database\Eloquent\Model.php(1163): Illuminate\Database\Eloquent\Model->performInsert(Object(Illuminate\Database\Eloquent\Builder))
#7 C:\Users\nabra\OneDrive\Desktop\roshyara\xamp\nrna\nrna-eu\vendor\laravel\framework\src\Illuminate\Database\Eloquent\Builder.php(1107): Illuminate\Database\Eloquent\Model->save()
#8 C:\Users\nabra\OneDrive\Desktop\roshyara\xamp\nrna\nrna-eu\vendor\laravel\framework\src\Illuminate\Support\helpers.php(399): Illuminate\Database\Eloquent\Builder->Illuminate\Database\Eloquent\{closure}(Object(App\Models\MembershipPayment))
#9 C:\Users\nabra\OneDrive\Desktop\roshyara\xamp\nrna\nrna-eu\vendor\laravel\framework\src\Illuminate\Database\Eloquent\Builder.php(1106): tap(Object(App\Models\MembershipPayment), Object(Closure))
#10 C:\Users\nabra\OneDrive\Desktop\roshyara\xamp\nrna\nrna-eu\vendor\laravel\framework\src\Illuminate\Support\Traits\ForwardsCalls.php(23): Illuminate\Database\Eloquent\Builder->create(Array)
#11 C:\Users\nabra\OneDrive\Desktop\roshyara\xamp\nrna\nrna-eu\vendor\laravel\framework\src\Illuminate\Database\Eloquent\Model.php(2368): Illuminate\Database\Eloquent\Model->forwardCallTo(Object(Illuminate\Database\Eloquent\Builder), 'create', Array)
#12 C:\Users\nabra\OneDrive\Desktop\roshyara\xamp\nrna\nrna-eu\vendor\laravel\framework\src\Illuminate\Database\Eloquent\Model.php(2380): Illuminate\Database\Eloquent\Model->__call('create', Array)
#13 C:\Users\nabra\OneDrive\Desktop\roshyara\xamp\nrna\nrna-eu\app\Services\MembershipPaymentService.php(52): Illuminate\Database\Eloquent\Model::__callStatic('create', Array)
#14 C:\Users\nabra\OneDrive\Desktop\roshyara\xamp\nrna\nrna-eu\vendor\laravel\framework\src\Illuminate\Database\Concerns\ManagesTransactions.php(32): App\Services\MembershipPaymentService->App\Services\{closure}(Object(Illuminate\Database\PostgresConnection))
#15 C:\Users\nabra\OneDrive\Desktop\roshyara\xamp\nrna\nrna-eu\vendor\laravel\framework\src\Illuminate\Database\DatabaseManager.php(495): Illuminate\Database\Connection->transaction(Object(Closure))
#16 C:\Users\nabra\OneDrive\Desktop\roshyara\xamp\nrna\nrna-eu\vendor\laravel\framework\src\Illuminate\Support\Facades\Facade.php(361): Illuminate\Database\DatabaseManager->__call('transaction', Array)
#17 C:\Users\nabra\OneDrive\Desktop\roshyara\xamp\nrna\nrna-eu\app\Services\MembershipPaymentService.php(42): Illuminate\Support\Facades\Facade::__callStatic('transaction', Array)
#18 C:\Users\nabra\OneDrive\Desktop\roshyara\xamp\nrna\nrna-eu\app\Http\Controllers\Membership\MembershipFeeController.php(126): App\Services\MembershipPaymentService->recordPayment(Object(App\Models\Member), Object(App\Models\MembershipFee), Object(App\Domain\Shared\ValueObjects\Money), 'bank_transfer', 'REF-001')
#19 C:\Users\nabra\OneDrive\Desktop\roshyara\xamp\nrna\nrna-eu\vendor\laravel\framework\src\Illuminate\Routing\Controller.php(54): App\Http\Controllers\Membership\MembershipFeeController->pay(Object(Illuminate\Http\Request), Object(App\Models\Organisation), Object(App\Models\Member), Object(App\Models\MembershipFee), Object(App\Services\MembershipPaymentService))
#20 C:\Users\nabra\OneDrive\Desktop\roshyara\xamp\nrna\nrna-eu\vendor\laravel\framework\src\Illuminate\Routing\ControllerDispatcher.php(44): Illuminate\Routing\Controller->callAction('pay', Array)
#21 C:\Users\nabra\OneDrive\Desktop\roshyara\xamp\nrna\nrna-eu\vendor\laravel\framework\src\Illuminate\Routing\Route.php(266): Illuminate\Routing\ControllerDispatcher->dispatch(Object(Illuminate\Routing\Route), Object(App\Http\Controllers\Membership\MembershipFeeController), 'pay')
#22 C:\Users\nabra\OneDrive\Desktop\roshyara\xamp\nrna\nrna-eu\vendor\laravel\framework\src\Illuminate\Routing\Route.php(212): Illuminate\Routing\Route->runController()
#23 C:\Users\nabra\OneDrive\Desktop\roshyara\xamp\nrna\nrna-eu\vendor\laravel\framework\src\Illuminate\Routing\Router.php(808): Illuminate\Routing\Route->run()
#24 C:\Users\nabra\OneDrive\Desktop\roshyara\xamp\nrna\nrna-eu\vendor\laravel\framework\src\Illuminate\Pipeline\Pipeline.php(170): Illuminate\Routing\Router->Illuminate\Routing\{closure}(Object(Illuminate\Http\Request))
#25 C:\Users\nabra\OneDrive\Desktop\roshyara\xamp\nrna\nrna-eu\app\Http\Middleware\EnsureOrganisationMember.php(161): Illuminate\Pipeline\Pipeline->Illuminate\Pipeline\{closure}(Object(Illuminate\Http\Request))
#26 C:\Users\nabra\OneDrive\Desktop\roshyara\xamp\nrna\nrna-eu\vendor\laravel\framework\src\Illuminate\Pipeline\Pipeline.php(209): App\Http\Middleware\EnsureOrganisationMember->handle(Object(Illuminate\Http\Request), Object(Closure))
#27 C:\Users\nabra\OneDrive\Desktop\roshyara\xamp\nrna\nrna-eu\vendor\laravel\framework\src\Illuminate\Auth\Middleware\EnsureEmailIsVerified.php(41): Illuminate\Pipeline\Pipeline->Illuminate\Pipeline\{closure}(Object(Illuminate\Http\Request))
#28 C:\Users\nabra\OneDrive\Desktop\roshyara\xamp\nrna\nrna-eu\vendor\laravel\framework\src\Illuminate\Pipeline\Pipeline.php(209): Illuminate\Auth\Middleware\EnsureEmailIsVerified->handle(Object(Illuminate\Http\Request), Object(Closure))
#29 C:\Users\nabra\OneDrive\Desktop\roshyara\xamp\nrna\nrna-eu\vendor\laravel\framework\src\Illuminate\Auth\Middleware\Authenticate.php(64): Illuminate\Pipeline\Pipeline->Illuminate\Pipeline\{closure}(Object(Illuminate\Http\Request))
#30 C:\Users\nabra\OneDrive\Desktop\roshyara\xamp\nrna\nrna-eu\vendor\laravel\framework\src\Illuminate\Pipeline\Pipeline.php(209): Illuminate\Auth\Middleware\Authenticate->handle(Object(Illuminate\Http\Request), Object(Closure))
#31 C:\Users\nabra\OneDrive\Desktop\roshyara\xamp\nrna\nrna-eu\vendor\inertiajs\inertia-laravel\src\Middleware.php(86): Illuminate\Pipeline\Pipeline->Illuminate\Pipeline\{closure}(Object(Illuminate\Http\Request))
#32 C:\Users\nabra\OneDrive\Desktop\roshyara\xamp\nrna\nrna-eu\vendor\laravel\framework\src\Illuminate\Pipeline\Pipeline.php(209): Inertia\Middleware->handle(Object(Illuminate\Http\Request), Object(Closure))
#33 C:\Users\nabra\OneDrive\Desktop\roshyara\xamp\nrna\nrna-eu\app\Http\Middleware\InjectPageMeta.php(65): Illuminate\Pipeline\Pipeline->Illuminate\Pipeline\{closure}(Object(Illuminate\Http\Request))
#34 C:\Users\nabra\OneDrive\Desktop\roshyara\xamp\nrna\nrna-eu\vendor\laravel\framework\src\Illuminate\Pipeline\Pipeline.php(209): App\Http\Middleware\InjectPageMeta->handle(Object(Illuminate\Http\Request), Object(Closure))
#35 C:\Users\nabra\OneDrive\Desktop\roshyara\xamp\nrna\nrna-eu\app\Http\Middleware\SetLocale.php(59): Illuminate\Pipeline\Pipeline->Illuminate\Pipeline\{closure}(Object(Illuminate\Http\Request))
#36 C:\Users\nabra\OneDrive\Desktop\roshyara\xamp\nrna\nrna-eu\vendor\laravel\framework\src\Illuminate\Pipeline\Pipeline.php(209): App\Http\Middleware\SetLocale->handle(Object(Illuminate\Http\Request), Object(Closure))
#37 C:\Users\nabra\OneDrive\Desktop\roshyara\xamp\nrna\nrna-eu\app\Http\Middleware\PreloadAssets.php(12): Illuminate\Pipeline\Pipeline->Illuminate\Pipeline\{closure}(Object(Illuminate\Http\Request))
#38 C:\Users\nabra\OneDrive\Desktop\roshyara\xamp\nrna\nrna-eu\vendor\laravel\framework\src\Illuminate\Pipeline\Pipeline.php(209): App\Http\Middleware\PreloadAssets->handle(Object(Illuminate\Http\Request), Object(Closure))
#39 C:\Users\nabra\OneDrive\Desktop\roshyara\xamp\nrna\nrna-eu\vendor\laravel\framework\src\Illuminate\Routing\Middleware\SubstituteBindings.php(51): Illuminate\Pipeline\Pipeline->Illuminate\Pipeline\{closure}(Object(Illuminate\Http\Request))
#40 C:\Users\nabra\OneDrive\Desktop\roshyara\xamp\nrna\nrna-eu\vendor\laravel\framework\src\Illuminate\Pipeline\Pipeline.php(209): Illuminate\Routing\Middleware\SubstituteBindings->handle(Object(Illuminate\Http\Request), Object(Closure))
#41 C:\Users\nabra\OneDrive\Desktop\roshyara\xamp\nrna\nrna-eu\vendor\laravel\framework\src\Illuminate\Foundation\Http\Middleware\VerifyCsrfToken.php(88): Illuminate\Pipeline\Pipeline->Illuminate\Pipeline\{closure}(Object(Illuminate\Http\Request))
#42 C:\Users\nabra\OneDrive\Desktop\roshyara\xamp\nrna\nrna-eu\vendor\laravel\framework\src\Illuminate\Pipeline\Pipeline.php(209): Illuminate\Foundation\Http\Middleware\VerifyCsrfToken->handle(Object(Illuminate\Http\Request), Object(Closure))
#43 C:\Users\nabra\OneDrive\Desktop\roshyara\xamp\nrna\nrna-eu\vendor\laravel\framework\src\Illuminate\View\Middleware\ShareErrorsFromSession.php(49): Illuminate\Pipeline\Pipeline->Illuminate\Pipeline\{closure}(Object(Illuminate\Http\Request))
#44 C:\Users\nabra\OneDrive\Desktop\roshyara\xamp\nrna\nrna-eu\vendor\laravel\framework\src\Illuminate\Pipeline\Pipeline.php(209): Illuminate\View\Middleware\ShareErrorsFromSession->handle(Object(Illuminate\Http\Request), Object(Closure))
#45 C:\Users\nabra\OneDrive\Desktop\roshyara\xamp\nrna\nrna-eu\vendor\laravel\framework\src\Illuminate\Session\Middleware\StartSession.php(121): Illuminate\Pipeline\Pipeline->Illuminate\Pipeline\{closure}(Object(Illuminate\Http\Request))
#46 C:\Users\nabra\OneDrive\Desktop\roshyara\xamp\nrna\nrna-eu\vendor\laravel\framework\src\Illuminate\Session\Middleware\StartSession.php(64): Illuminate\Session\Middleware\StartSession->handleStatefulRequest(Object(Illuminate\Http\Request), Object(Illuminate\Session\Store), Object(Closure))
#47 C:\Users\nabra\OneDrive\Desktop\roshyara\xamp\nrna\nrna-eu\vendor\laravel\framework\src\Illuminate\Pipeline\Pipeline.php(209): Illuminate\Session\Middleware\StartSession->handle(Object(Illuminate\Http\Request), Object(Closure))
#48 C:\Users\nabra\OneDrive\Desktop\roshyara\xamp\nrna\nrna-eu\vendor\laravel\framework\src\Illuminate\Cookie\Middleware\AddQueuedCookiesToResponse.php(37): Illuminate\Pipeline\Pipeline->Illuminate\Pipeline\{closure}(Object(Illuminate\Http\Request))
#49 C:\Users\nabra\OneDrive\Desktop\roshyara\xamp\nrna\nrna-eu\vendor\laravel\framework\src\Illuminate\Pipeline\Pipeline.php(209): Illuminate\Cookie\Middleware\AddQueuedCookiesToResponse->handle(Object(Illuminate\Http\Request), Object(Closure))
#50 C:\Users\nabra\OneDrive\Desktop\roshyara\xamp\nrna\nrna-eu\vendor\laravel\framework\src\Illuminate\Cookie\Middleware\EncryptCookies.php(75): Illuminate\Pipeline\Pipeline->Illuminate\Pipeline\{closure}(Object(Illuminate\Http\Request))
#51 C:\Users\nabra\OneDrive\Desktop\roshyara\xamp\nrna\nrna-eu\vendor\laravel\framework\src\Illuminate\Pipeline\Pipeline.php(209): Illuminate\Cookie\Middleware\EncryptCookies->handle(Object(Illuminate\Http\Request), Object(Closure))
#52 C:\Users\nabra\OneDrive\Desktop\roshyara\xamp\nrna\nrna-eu\vendor\laravel\framework\src\Illuminate\Pipeline\Pipeline.php(127): Illuminate\Pipeline\Pipeline->Illuminate\Pipeline\{closure}(Object(Illuminate\Http\Request))
#53 C:\Users\nabra\OneDrive\Desktop\roshyara\xamp\nrna\nrna-eu\vendor\laravel\framework\src\Illuminate\Routing\Router.php(807): Illuminate\Pipeline\Pipeline->then(Object(Closure))
#54 C:\Users\nabra\OneDrive\Desktop\roshyara\xamp\nrna\nrna-eu\vendor\laravel\framework\src\Illuminate\Routing\Router.php(786): Illuminate\Routing\Router->runRouteWithinStack(Object(Illuminate\Routing\Route), Object(Illuminate\Http\Request))
#55 C:\Users\nabra\OneDrive\Desktop\roshyara\xamp\nrna\nrna-eu\vendor\laravel\framework\src\Illuminate\Routing\Router.php(750): Illuminate\Routing\Router->runRoute(Object(Illuminate\Http\Request), Object(Illuminate\Routing\Route))
#56 C:\Users\nabra\OneDrive\Desktop\roshyara\xamp\nrna\nrna-eu\vendor\laravel\framework\src\Illuminate\Routing\Router.php(739): Illuminate\Routing\Router->dispatchToRoute(Object(Illuminate\Http\Request))
#57 C:\Users\nabra\OneDrive\Desktop\roshyara\xamp\nrna\nrna-eu\vendor\laravel\framework\src\Illuminate\Foundation\Http\Kernel.php(201): Illuminate\Routing\Router->dispatch(Object(Illuminate\Http\Request))
#58 C:\Users\nabra\OneDrive\Desktop\roshyara\xamp\nrna\nrna-eu\vendor\laravel\framework\src\Illuminate\Pipeline\Pipeline.php(170): Illuminate\Foundation\Http\Kernel->Illuminate\Foundation\Http\{closure}(Object(Illuminate\Http\Request))
#59 C:\Users\nabra\OneDrive\Desktop\roshyara\xamp\nrna\nrna-eu\app\Http\Middleware\TrackPerformance.php(28): Illuminate\Pipeline\Pipeline->Illuminate\Pipeline\{closure}(Object(Illuminate\Http\Request))
#60 C:\Users\nabra\OneDrive\Desktop\roshyara\xamp\nrna\nrna-eu\vendor\laravel\framework\src\Illuminate\Pipeline\Pipeline.php(209): App\Http\Middleware\TrackPerformance->handle(Object(Illuminate\Http\Request), Object(Closure))
#61 C:\Users\nabra\OneDrive\Desktop\roshyara\xamp\nrna\nrna-eu\vendor\laravel\framework\src\Illuminate\Foundation\Http\Middleware\TransformsRequest.php(21): Illuminate\Pipeline\Pipeline->Illuminate\Pipeline\{closure}(Object(Illuminate\Http\Request))
#62 C:\Users\nabra\OneDrive\Desktop\roshyara\xamp\nrna\nrna-eu\vendor\laravel\framework\src\Illuminate\Foundation\Http\Middleware\ConvertEmptyStringsToNull.php(31): Illuminate\Foundation\Http\Middleware\TransformsRequest->handle(Object(Illuminate\Http\Request), Object(Closure))
#63 C:\Users\nabra\OneDrive\Desktop\roshyara\xamp\nrna\nrna-eu\vendor\laravel\framework\src\Illuminate\Pipeline\Pipeline.php(209): Illuminate\Foundation\Http\Middleware\ConvertEmptyStringsToNull->handle(Object(Illuminate\Http\Request), Object(Closure))
#64 C:\Users\nabra\OneDrive\Desktop\roshyara\xamp\nrna\nrna-eu\vendor\laravel\framework\src\Illuminate\Foundation\Http\Middleware\TransformsRequest.php(21): Illuminate\Pipeline\Pipeline->Illuminate\Pipeline\{closure}(Object(Illuminate\Http\Request))
#65 C:\Users\nabra\OneDrive\Desktop\roshyara\xamp\nrna\nrna-eu\vendor\laravel\framework\src\Illuminate\Foundation\Http\Middleware\TrimStrings.php(51): Illuminate\Foundation\Http\Middleware\TransformsRequest->handle(Object(Illuminate\Http\Request), Object(Closure))
#66 C:\Users\nabra\OneDrive\Desktop\roshyara\xamp\nrna\nrna-eu\vendor\laravel\framework\src\Illuminate\Pipeline\Pipeline.php(209): Illuminate\Foundation\Http\Middleware\TrimStrings->handle(Object(Illuminate\Http\Request), Object(Closure))
#67 C:\Users\nabra\OneDrive\Desktop\roshyara\xamp\nrna\nrna-eu\vendor\laravel\framework\src\Illuminate\Http\Middleware\ValidatePostSize.php(27): Illuminate\Pipeline\Pipeline->Illuminate\Pipeline\{closure}(Object(Illuminate\Http\Request))
#68 C:\Users\nabra\OneDrive\Desktop\roshyara\xamp\nrna\nrna-eu\vendor\laravel\framework\src\Illuminate\Pipeline\Pipeline.php(209): Illuminate\Http\Middleware\ValidatePostSize->handle(Object(Illuminate\Http\Request), Object(Closure))
#69 C:\Users\nabra\OneDrive\Desktop\roshyara\xamp\nrna\nrna-eu\vendor\laravel\framework\src\Illuminate\Foundation\Http\Middleware\PreventRequestsDuringMaintenance.php(110): Illuminate\Pipeline\Pipeline->Illuminate\Pipeline\{closure}(Object(Illuminate\Http\Request))
#70 C:\Users\nabra\OneDrive\Desktop\roshyara\xamp\nrna\nrna-eu\vendor\laravel\framework\src\Illuminate\Pipeline\Pipeline.php(209): Illuminate\Foundation\Http\Middleware\PreventRequestsDuringMaintenance->handle(Object(Illuminate\Http\Request), Object(Closure))
#71 C:\Users\nabra\OneDrive\Desktop\roshyara\xamp\nrna\nrna-eu\vendor\laravel\framework\src\Illuminate\Http\Middleware\HandleCors.php(49): Illuminate\Pipeline\Pipeline->Illuminate\Pipeline\{closure}(Object(Illuminate\Http\Request))
#72 C:\Users\nabra\OneDrive\Desktop\roshyara\xamp\nrna\nrna-eu\vendor\laravel\framework\src\Illuminate\Pipeline\Pipeline.php(209): Illuminate\Http\Middleware\HandleCors->handle(Object(Illuminate\Http\Request), Object(Closure))
#73 C:\Users\nabra\OneDrive\Desktop\roshyara\xamp\nrna\nrna-eu\vendor\laravel\framework\src\Illuminate\Http\Middleware\TrustProxies.php(58): Illuminate\Pipeline\Pipeline->Illuminate\Pipeline\{closure}(Object(Illuminate\Http\Request))
#74 C:\Users\nabra\OneDrive\Desktop\roshyara\xamp\nrna\nrna-eu\vendor\laravel\framework\src\Illuminate\Pipeline\Pipeline.php(209): Illuminate\Http\Middleware\TrustProxies->handle(Object(Illuminate\Http\Request), Object(Closure))
#75 C:\Users\nabra\OneDrive\Desktop\roshyara\xamp\nrna\nrna-eu\vendor\laravel\framework\src\Illuminate\Foundation\Http\Middleware\InvokeDeferredCallbacks.php(22): Illuminate\Pipeline\Pipeline->Illuminate\Pipeline\{closure}(Object(Illuminate\Http\Request))
#76 C:\Users\nabra\OneDrive\Desktop\roshyara\xamp\nrna\nrna-eu\vendor\laravel\framework\src\Illuminate\Pipeline\Pipeline.php(209): Illuminate\Foundation\Http\Middleware\InvokeDeferredCallbacks->handle(Object(Illuminate\Http\Request), Object(Closure))
#77 C:\Users\nabra\OneDrive\Desktop\roshyara\xamp\nrna\nrna-eu\vendor\laravel\framework\src\Illuminate\Pipeline\Pipeline.php(127): Illuminate\Pipeline\Pipeline->Illuminate\Pipeline\{closure}(Object(Illuminate\Http\Request))
#78 C:\Users\nabra\OneDrive\Desktop\roshyara\xamp\nrna\nrna-eu\vendor\laravel\framework\src\Illuminate\Foundation\Http\Kernel.php(176): Illuminate\Pipeline\Pipeline->then(Object(Closure))
#79 C:\Users\nabra\OneDrive\Desktop\roshyara\xamp\nrna\nrna-eu\vendor\laravel\framework\src\Illuminate\Foundation\Http\Kernel.php(145): Illuminate\Foundation\Http\Kernel->sendRequestThroughRouter(Object(Illuminate\Http\Request))
#80 C:\Users\nabra\OneDrive\Desktop\roshyara\xamp\nrna\nrna-eu\vendor\laravel\framework\src\Illuminate\Foundation\Testing\Concerns\MakesHttpRequests.php(607): Illuminate\Foundation\Http\Kernel->handle(Object(Illuminate\Http\Request))
#81 C:\Users\nabra\OneDrive\Desktop\roshyara\xamp\nrna\nrna-eu\vendor\laravel\framework\src\Illuminate\Foundation\Testing\Concerns\MakesHttpRequests.php(397): Illuminate\Foundation\Testing\TestCase->call('POST', 'http://localhos...', Array, Array, Array, Array)
#82 C:\Users\nabra\OneDrive\Desktop\roshyara\xamp\nrna\nrna-eu\tests\Feature\Finance\MemberPaymentIntegrationTest.php(66): Illuminate\Foundation\Testing\TestCase->post('http://localhos...', Array)
#83 C:\Users\nabra\OneDrive\Desktop\roshyara\xamp\nrna\nrna-eu\vendor\phpunit\phpunit\src\Framework\TestCase.php(1235): Tests\Feature\Finance\MemberPaymentIntegrationTest->test_full_payment_flow_creates_all_records()
#84 C:\Users\nabra\OneDrive\Desktop\roshyara\xamp\nrna\nrna-eu\vendor\phpunit\phpunit\src\Framework\TestCase.php(514): PHPUnit\Framework\TestCase->runTest()
#85 C:\Users\nabra\OneDrive\Desktop\roshyara\xamp\nrna\nrna-eu\vendor\phpunit\phpunit\src\Framework\TestRunner\TestRunner.php(87): PHPUnit\Framework\TestCase->runBare()
#86 C:\Users\nabra\OneDrive\Desktop\roshyara\xamp\nrna\nrna-eu\vendor\phpunit\phpunit\src\Framework\TestCase.php(361): PHPUnit\Framework\TestRunner->run(Object(Tests\Feature\Finance\MemberPaymentIntegrationTest))
#87 C:\Users\nabra\OneDrive\Desktop\roshyara\xamp\nrna\nrna-eu\vendor\phpunit\phpunit\src\Framework\TestSuite.php(369): PHPUnit\Framework\TestCase->run()
#88 C:\Users\nabra\OneDrive\Desktop\roshyara\xamp\nrna\nrna-eu\vendor\phpunit\phpunit\src\Framework\TestSuite.php(369): PHPUnit\Framework\TestSuite->run()
#89 C:\Users\nabra\OneDrive\Desktop\roshyara\xamp\nrna\nrna-eu\vendor\phpunit\phpunit\src\Framework\TestSuite.php(369): PHPUnit\Framework\TestSuite->run()
#90 C:\Users\nabra\OneDrive\Desktop\roshyara\xamp\nrna\nrna-eu\vendor\phpunit\phpunit\src\TextUI\TestRunner.php(64): PHPUnit\Framework\TestSuite->run()
#91 C:\Users\nabra\OneDrive\Desktop\roshyara\xamp\nrna\nrna-eu\vendor\phpunit\phpunit\src\TextUI\Application.php(210): PHPUnit\TextUI\TestRunner->run(Object(PHPUnit\TextUI\Configuration\Configuration), Object(PHPUnit\Runner\ResultCache\DefaultResultCache), Object(PHPUnit\Framework\TestSuite))
#92 C:\Users\nabra\OneDrive\Desktop\roshyara\xamp\nrna\nrna-eu\vendor\phpunit\phpunit\phpunit(104): PHPUnit\TextUI\Application->run(Array)
#93 {main}

----------------------------------------------------------------------------------

SQLSTATE[42703]: Undefined column: 7 FEHLER:  Spalte »currency« von Relation »membership_payments« existiert nicht
LINE 1: ...ember_id", "fee_id", "organisation_id", "amount", "currency"...
                                                             ^ (Connection: pgsql, SQL: insert into "membership_payments" ("member_id", "fee_id", "organisation_id", "amount", "currency", "payment_method", "payment_reference", "status", "recorded_by", "paid_at", "id", "updated_at", "created_at") values (a1e8eb3e-16c4-4a58-98ad-69888dd3ccee, a1e8eb3e-3051-4eb0-8ace-ba0df55555b7, a1e8eb3d-f567-4175-bd84-68ede3ed5d3f, 100, EUR, bank_transfer, REF-001, completed, a1e8eb3e-033a-4dc9-914b-79b3c7fcd670, 2026-05-31 08:51:52, a1e8eb3e-580b-40b2-9533-3c95443be47e, 2026-05-31 08:51:52, 2026-05-31 08:51:52))[39;22m

  at [32mtests\Feature\Finance\MemberPaymentIntegrationTest.php[39m:[32m80[39m
     76▕             ]
     77▕         );
     78▕ 
     79▕         // Assertions: All records created
  ➜  80▕         $response->assertStatus(302);
     81▕ 
     82▕         // 1. MembershipPayment record exists
     83▕         $this->assertDatabaseHas('membership_payments', [
     84▕             'member_id' => $this->member->id,

  [31m────────────────────────────────────────────────────────────────────────────────────────────────────────────────────[39m  
  [41;1m FAILED [49;22m [1mTests\Feature\Finance\MemberPaymentIntegrationTest[22m [90m>[39m event is dispatched                   [41;1m QueryException [49;22m  
[39;1m  SQLSTATE[42703]: Undefined column: 7 FEHLER:  Spalte »currency« von Relation »membership_payments« existiert nicht
LINE 1: ...ember_id", "fee_id", "organisation_id", "amount", "currency"...
                                                             ^ (Connection: pgsql, SQL: insert into "membership_payments" ("member_id", "fee_id", "organisation_id", "amount", "currency", "payment_method", "status", "recorded_by", "paid_at", "id", "updated_at", "created_at") values (a1e8eb3e-dd3e-4ec7-bea1-5b7eac891433, a1e8eb3e-e488-4375-9004-74e091efdac8, a1e8eb3e-b62b-4dc8-bb16-559400d89f7a, 100, EUR, bank_transfer, completed, a1e8eb3e-c644-4d76-9752-56fb7d97bdb9, 2026-05-31 08:51:52, a1e8eb3e-eae6-476b-b62d-dbe9f2bc9aec, 2026-05-31 08:51:52, 2026-05-31 08:51:52))[39;22m

  at [32mvendor\laravel\framework\src\Illuminate\Database\Connection.php[39m:[32m825[39m
    821▕                     $this->getName(), $query, $this->prepareBindings($bindings), $e
    822▕                 );
    823▕             }
    824▕ 
  ➜ 825▕             throw new QueryException(
    826▕                 $this->getName(), $query, $this->prepareBindings($bindings), $e
    827▕             );
    828▕         }
    829▕     }

  [33m1   [39m[39;1mvendor\laravel\framework\src\Illuminate\Database\Connection.php[39;22m:[39;1m825[39;22m

  [33m2   [39m[39;1mvendor\laravel\framework\src\Illuminate\Database\Connection.php[39;22m:[39;1m571[39;22m
  [90m    NunoMaduro\Collision\Exceptions\TestException::("SQLSTATE[42703]: Undefined column: 7 FEHLER:  Spalte »currency« von Relation »membership_payments« existiert nicht
LINE 1: ...ember_id", "fee_id", "organisation_id", "amount", "currency"...
                                                             ^")[39m

  [31m────────────────────────────────────────────────────────────────────────────────────────────────────────────────────[39m  
  [41;1m FAILED [49;22m [1mTests\Feature\Finance\MemberPaymentIntegrationTest[22m [90m>[39m event listener creates income record  [41;1m QueryException [49;22m  
[39;1m  SQLSTATE[42703]: Undefined column: 7 FEHLER:  Spalte »currency« von Relation »membership_payments« existiert nicht
LINE 1: ...ember_id", "fee_id", "organisation_id", "amount", "currency"...
                                                             ^ (Connection: pgsql, SQL: insert into "membership_payments" ("member_id", "fee_id", "organisation_id", "amount", "currency", "payment_method", "status", "recorded_by", "paid_at", "id", "updated_at", "created_at") values (a1e8eb3f-9713-4ac1-8289-20dd8932c19a, a1e8eb3f-9f0a-480b-b4b6-a4c0cf111918, a1e8eb3f-6d6a-4b5f-9b9e-8abe1ef52bcc, 100, EUR, bank_transfer, completed, a1e8eb3f-800e-4fbf-a090-849f007eda7b, 2026-05-31 08:51:53, a1e8eb3f-a5c9-4715-834f-b1522f7dc784, 2026-05-31 08:51:53, 2026-05-31 08:51:53))[39;22m

  at [32mvendor\laravel\framework\src\Illuminate\Database\Connection.php[39m:[32m825[39m
    821▕                     $this->getName(), $query, $this->prepareBindings($bindings), $e
    822▕                 );
    823▕             }
    824▕ 
  ➜ 825▕             throw new QueryException(
    826▕                 $this->getName(), $query, $this->prepareBindings($bindings), $e
    827▕             );
    828▕         }
    829▕     }

  [33m1   [39m[39;1mvendor\laravel\framework\src\Illuminate\Database\Connection.php[39;22m:[39;1m825[39;22m

  [33m2   [39m[39;1mvendor\laravel\framework\src\Illuminate\Database\Connection.php[39;22m:[39;1m571[39;22m
  [90m    NunoMaduro\Collision\Exceptions\TestException::("SQLSTATE[42703]: Undefined column: 7 FEHLER:  Spalte »currency« von Relation »membership_payments« existiert nicht
LINE 1: ...ember_id", "fee_id", "organisation_id", "amount", "currency"...
                                                             ^")[39m

  [31m────────────────────────────────────────────────────────────────────────────────────────────────────────────────────[39m  
  [41;1m FAILED [49;22m [1mTests\Feature\Finance\MemberPaymentIntegrationTest[22m [90m>[39m income record links back to membership payment          
[39;1m  Failed asserting that null is not null.[39;22m

  at [32mtests\Feature\Finance\MemberPaymentIntegrationTest.php[39m:[32m206[39m
    202▕         $payment = MembershipPayment::where('member_id', $this->member->id)
    203▕             ->where('fee_id', $this->fee->id)
    204▕             ->first();
    205▕ 
  ➜ 206▕         $this->assertNotNull($payment);
    207▕         $this->assertNotNull($payment->income_id);
    208▕ 
    209▕         // Income record exists with correct source_id
    210▕         $income = Income::find($payment->income_id);

  [33m1   [39m[39;1mtests\Feature\Finance\MemberPaymentIntegrationTest.php[39;22m:[39;1m206[39;22m

  [31m────────────────────────────────────────────────────────────────────────────────────────────────────────────────────[39m  
  [41;1m FAILED [49;22m [1mTests\Feature\Finance\MemberPaymentIntegrationTest[22m [90m>[39m income appears in existing finance module               
[39;1m  Failed asserting that null is not null.[39;22m

  at [32mtests\Feature\Finance\MemberPaymentIntegrationTest.php[39m:[32m238[39m
    234▕         $income = Income::where('organisation_id', $this->organisation->id)
    235▕             ->where('source_type', 'membership_fee')
    236▕             ->first();
    237▕ 
  ➜ 238▕         $this->assertNotNull($income);
    239▕         $this->assertEquals($this->organisation->id, $income->organisation_id);
    240▕         $this->assertEquals(100.00, $income->membership_fee);
    241▕         $this->assertEquals('Membership', $income->committee_name);
    242▕     }

  [33m1   [39m[39;1mtests\Feature\Finance\MemberPaymentIntegrationTest.php[39;22m:[39;1m238[39;22m

  [31m────────────────────────────────────────────────────────────────────────────────────────────────────────────────────[39m  
  [41;1m FAILED [49;22m [1mTests\Feature\Finance\MemberPaymentIntegrationTest[22m [90m>[39m concurrent payment prevents duplicate income records    
[39;1m  Expected response status code [302] but received 500.
Failed asserting that 500 is identical to 302.

The following exception occurred during the last request:

PDOException: SQLSTATE[42703]: Undefined column: 7 FEHLER:  Spalte »currency« von Relation »membership_payments« existiert nicht
LINE 1: ...ember_id", "fee_id", "organisation_id", "amount", "currency"...
                                                             ^ in C:\Users\nabra\OneDrive\Desktop\roshyara\xamp\nrna\nrna-eu\vendor\laravel\framework\src\Illuminate\Database\Connection.php:571
Stack trace:
#0 C:\Users\nabra\OneDrive\Desktop\roshyara\xamp\nrna\nrna-eu\vendor\laravel\framework\src\Illuminate\Database\Connection.php(571): PDOStatement->execute()
#1 C:\Users\nabra\OneDrive\Desktop\roshyara\xamp\nrna\nrna-eu\vendor\laravel\framework\src\Illuminate\Database\Connection.php(812): Illuminate\Database\Connection->Illuminate\Database\{closure}('insert into "me...', Array)
#2 C:\Users\nabra\OneDrive\Desktop\roshyara\xamp\nrna\nrna-eu\vendor\laravel\framework\src\Illuminate\Database\Connection.php(779): Illuminate\Database\Connection->runQueryCallback('insert into "me...', Array, Object(Closure))
#3 C:\Users\nabra\OneDrive\Desktop\roshyara\xamp\nrna\nrna-eu\vendor\laravel\framework\src\Illuminate\Database\Connection.php(560): Illuminate\Database\Connection->run('insert into "me...', Array, Object(Closure))
#4 C:\Users\nabra\OneDrive\Desktop\roshyara\xamp\nrna\nrna-eu\vendor\laravel\framework\src\Illuminate\Database\Connection.php(524): Illuminate\Database\Connection->statement('insert into "me...', Array)
#5 C:\Users\nabra\OneDrive\Desktop\roshyara\xamp\nrna\nrna-eu\vendor\laravel\framework\src\Illuminate\Database\Query\Builder.php(3748): Illuminate\Database\Connection->insert('insert into "me...', Array)
#6 C:\Users\nabra\OneDrive\Desktop\roshyara\xamp\nrna\nrna-eu\vendor\laravel\framework\src\Illuminate\Database\Eloquent\Builder.php(2099): Illuminate\Database\Query\Builder->insert(Array)
#7 C:\Users\nabra\OneDrive\Desktop\roshyara\xamp\nrna\nrna-eu\vendor\laravel\framework\src\Illuminate\Database\Eloquent\Model.php(1335): Illuminate\Database\Eloquent\Builder->__call('insert', Array)
#8 C:\Users\nabra\OneDrive\Desktop\roshyara\xamp\nrna\nrna-eu\vendor\laravel\framework\src\Illuminate\Database\Eloquent\Model.php(1163): Illuminate\Database\Eloquent\Model->performInsert(Object(Illuminate\Database\Eloquent\Builder))
#9 C:\Users\nabra\OneDrive\Desktop\roshyara\xamp\nrna\nrna-eu\vendor\laravel\framework\src\Illuminate\Database\Eloquent\Builder.php(1107): Illuminate\Database\Eloquent\Model->save()
#10 C:\Users\nabra\OneDrive\Desktop\roshyara\xamp\nrna\nrna-eu\vendor\laravel\framework\src\Illuminate\Support\helpers.php(399): Illuminate\Database\Eloquent\Builder->Illuminate\Database\Eloquent\{closure}(Object(App\Models\MembershipPayment))
#11 C:\Users\nabra\OneDrive\Desktop\roshyara\xamp\nrna\nrna-eu\vendor\laravel\framework\src\Illuminate\Database\Eloquent\Builder.php(1106): tap(Object(App\Models\MembershipPayment), Object(Closure))
#12 C:\Users\nabra\OneDrive\Desktop\roshyara\xamp\nrna\nrna-eu\vendor\laravel\framework\src\Illuminate\Support\Traits\ForwardsCalls.php(23): Illuminate\Database\Eloquent\Builder->create(Array)
#13 C:\Users\nabra\OneDrive\Desktop\roshyara\xamp\nrna\nrna-eu\vendor\laravel\framework\src\Illuminate\Database\Eloquent\Model.php(2368): Illuminate\Database\Eloquent\Model->forwardCallTo(Object(Illuminate\Database\Eloquent\Builder), 'create', Array)
#14 C:\Users\nabra\OneDrive\Desktop\roshyara\xamp\nrna\nrna-eu\vendor\laravel\framework\src\Illuminate\Database\Eloquent\Model.php(2380): Illuminate\Database\Eloquent\Model->__call('create', Array)
#15 C:\Users\nabra\OneDrive\Desktop\roshyara\xamp\nrna\nrna-eu\app\Services\MembershipPaymentService.php(52): Illuminate\Database\Eloquent\Model::__callStatic('create', Array)
#16 C:\Users\nabra\OneDrive\Desktop\roshyara\xamp\nrna\nrna-eu\vendor\laravel\framework\src\Illuminate\Database\Concerns\ManagesTransactions.php(32): App\Services\MembershipPaymentService->App\Services\{closure}(Object(Illuminate\Database\PostgresConnection))
#17 C:\Users\nabra\OneDrive\Desktop\roshyara\xamp\nrna\nrna-eu\vendor\laravel\framework\src\Illuminate\Database\DatabaseManager.php(495): Illuminate\Database\Connection->transaction(Object(Closure))
#18 C:\Users\nabra\OneDrive\Desktop\roshyara\xamp\nrna\nrna-eu\vendor\laravel\framework\src\Illuminate\Support\Facades\Facade.php(361): Illuminate\Database\DatabaseManager->__call('transaction', Array)
#19 C:\Users\nabra\OneDrive\Desktop\roshyara\xamp\nrna\nrna-eu\app\Services\MembershipPaymentService.php(42): Illuminate\Support\Facades\Facade::__callStatic('transaction', Array)
#20 C:\Users\nabra\OneDrive\Desktop\roshyara\xamp\nrna\nrna-eu\app\Http\Controllers\Membership\MembershipFeeController.php(126): App\Services\MembershipPaymentService->recordPayment(Object(App\Models\Member), Object(App\Models\MembershipFee), Object(App\Domain\Shared\ValueObjects\Money), 'bank_transfer', NULL)
#21 C:\Users\nabra\OneDrive\Desktop\roshyara\xamp\nrna\nrna-eu\vendor\laravel\framework\src\Illuminate\Routing\Controller.php(54): App\Http\Controllers\Membership\MembershipFeeController->pay(Object(Illuminate\Http\Request), Object(App\Models\Organisation), Object(App\Models\Member), Object(App\Models\MembershipFee), Object(App\Services\MembershipPaymentService))
#22 C:\Users\nabra\OneDrive\Desktop\roshyara\xamp\nrna\nrna-eu\vendor\laravel\framework\src\Illuminate\Routing\ControllerDispatcher.php(44): Illuminate\Routing\Controller->callAction('pay', Array)
#23 C:\Users\nabra\OneDrive\Desktop\roshyara\xamp\nrna\nrna-eu\vendor\laravel\framework\src\Illuminate\Routing\Route.php(266): Illuminate\Routing\ControllerDispatcher->dispatch(Object(Illuminate\Routing\Route), Object(App\Http\Controllers\Membership\MembershipFeeController), 'pay')
#24 C:\Users\nabra\OneDrive\Desktop\roshyara\xamp\nrna\nrna-eu\vendor\laravel\framework\src\Illuminate\Routing\Route.php(212): Illuminate\Routing\Route->runController()
#25 C:\Users\nabra\OneDrive\Desktop\roshyara\xamp\nrna\nrna-eu\vendor\laravel\framework\src\Illuminate\Routing\Router.php(808): Illuminate\Routing\Route->run()
#26 C:\Users\nabra\OneDrive\Desktop\roshyara\xamp\nrna\nrna-eu\vendor\laravel\framework\src\Illuminate\Pipeline\Pipeline.php(170): Illuminate\Routing\Router->Illuminate\Routing\{closure}(Object(Illuminate\Http\Request))
#27 C:\Users\nabra\OneDrive\Desktop\roshyara\xamp\nrna\nrna-eu\app\Http\Middleware\EnsureOrganisationMember.php(161): Illuminate\Pipeline\Pipeline->Illuminate\Pipeline\{closure}(Object(Illuminate\Http\Request))
#28 C:\Users\nabra\OneDrive\Desktop\roshyara\xamp\nrna\nrna-eu\vendor\laravel\framework\src\Illuminate\Pipeline\Pipeline.php(209): App\Http\Middleware\EnsureOrganisationMember->handle(Object(Illuminate\Http\Request), Object(Closure))
#29 C:\Users\nabra\OneDrive\Desktop\roshyara\xamp\nrna\nrna-eu\vendor\laravel\framework\src\Illuminate\Auth\Middleware\EnsureEmailIsVerified.php(41): Illuminate\Pipeline\Pipeline->Illuminate\Pipeline\{closure}(Object(Illuminate\Http\Request))
#30 C:\Users\nabra\OneDrive\Desktop\roshyara\xamp\nrna\nrna-eu\vendor\laravel\framework\src\Illuminate\Pipeline\Pipeline.php(209): Illuminate\Auth\Middleware\EnsureEmailIsVerified->handle(Object(Illuminate\Http\Request), Object(Closure))
#31 C:\Users\nabra\OneDrive\Desktop\roshyara\xamp\nrna\nrna-eu\vendor\laravel\framework\src\Illuminate\Auth\Middleware\Authenticate.php(64): Illuminate\Pipeline\Pipeline->Illuminate\Pipeline\{closure}(Object(Illuminate\Http\Request))
#32 C:\Users\nabra\OneDrive\Desktop\roshyara\xamp\nrna\nrna-eu\vendor\laravel\framework\src\Illuminate\Pipeline\Pipeline.php(209): Illuminate\Auth\Middleware\Authenticate->handle(Object(Illuminate\Http\Request), Object(Closure))
#33 C:\Users\nabra\OneDrive\Desktop\roshyara\xamp\nrna\nrna-eu\vendor\inertiajs\inertia-laravel\src\Middleware.php(86): Illuminate\Pipeline\Pipeline->Illuminate\Pipeline\{closure}(Object(Illuminate\Http\Request))
#34 C:\Users\nabra\OneDrive\Desktop\roshyara\xamp\nrna\nrna-eu\vendor\laravel\framework\src\Illuminate\Pipeline\Pipeline.php(209): Inertia\Middleware->handle(Object(Illuminate\Http\Request), Object(Closure))
#35 C:\Users\nabra\OneDrive\Desktop\roshyara\xamp\nrna\nrna-eu\app\Http\Middleware\InjectPageMeta.php(65): Illuminate\Pipeline\Pipeline->Illuminate\Pipeline\{closure}(Object(Illuminate\Http\Request))
#36 C:\Users\nabra\OneDrive\Desktop\roshyara\xamp\nrna\nrna-eu\vendor\laravel\framework\src\Illuminate\Pipeline\Pipeline.php(209): App\Http\Middleware\InjectPageMeta->handle(Object(Illuminate\Http\Request), Object(Closure))
#37 C:\Users\nabra\OneDrive\Desktop\roshyara\xamp\nrna\nrna-eu\app\Http\Middleware\SetLocale.php(59): Illuminate\Pipeline\Pipeline->Illuminate\Pipeline\{closure}(Object(Illuminate\Http\Request))
#38 C:\Users\nabra\OneDrive\Desktop\roshyara\xamp\nrna\nrna-eu\vendor\laravel\framework\src\Illuminate\Pipeline\Pipeline.php(209): App\Http\Middleware\SetLocale->handle(Object(Illuminate\Http\Request), Object(Closure))
#39 C:\Users\nabra\OneDrive\Desktop\roshyara\xamp\nrna\nrna-eu\app\Http\Middleware\PreloadAssets.php(12): Illuminate\Pipeline\Pipeline->Illuminate\Pipeline\{closure}(Object(Illuminate\Http\Request))
#40 C:\Users\nabra\OneDrive\Desktop\roshyara\xamp\nrna\nrna-eu\vendor\laravel\framework\src\Illuminate\Pipeline\Pipeline.php(209): App\Http\Middleware\PreloadAssets->handle(Object(Illuminate\Http\Request), Object(Closure))
#41 C:\Users\nabra\OneDrive\Desktop\roshyara\xamp\nrna\nrna-eu\vendor\laravel\framework\src\Illuminate\Routing\Middleware\SubstituteBindings.php(51): Illuminate\Pipeline\Pipeline->Illuminate\Pipeline\{closure}(Object(Illuminate\Http\Request))
#42 C:\Users\nabra\OneDrive\Desktop\roshyara\xamp\nrna\nrna-eu\vendor\laravel\framework\src\Illuminate\Pipeline\Pipeline.php(209): Illuminate\Routing\Middleware\SubstituteBindings->handle(Object(Illuminate\Http\Request), Object(Closure))
#43 C:\Users\nabra\OneDrive\Desktop\roshyara\xamp\nrna\nrna-eu\vendor\laravel\framework\src\Illuminate\Foundation\Http\Middleware\VerifyCsrfToken.php(88): Illuminate\Pipeline\Pipeline->Illuminate\Pipeline\{closure}(Object(Illuminate\Http\Request))
#44 C:\Users\nabra\OneDrive\Desktop\roshyara\xamp\nrna\nrna-eu\vendor\laravel\framework\src\Illuminate\Pipeline\Pipeline.php(209): Illuminate\Foundation\Http\Middleware\VerifyCsrfToken->handle(Object(Illuminate\Http\Request), Object(Closure))
#45 C:\Users\nabra\OneDrive\Desktop\roshyara\xamp\nrna\nrna-eu\vendor\laravel\framework\src\Illuminate\View\Middleware\ShareErrorsFromSession.php(49): Illuminate\Pipeline\Pipeline->Illuminate\Pipeline\{closure}(Object(Illuminate\Http\Request))
#46 C:\Users\nabra\OneDrive\Desktop\roshyara\xamp\nrna\nrna-eu\vendor\laravel\framework\src\Illuminate\Pipeline\Pipeline.php(209): Illuminate\View\Middleware\ShareErrorsFromSession->handle(Object(Illuminate\Http\Request), Object(Closure))
#47 C:\Users\nabra\OneDrive\Desktop\roshyara\xamp\nrna\nrna-eu\vendor\laravel\framework\src\Illuminate\Session\Middleware\StartSession.php(121): Illuminate\Pipeline\Pipeline->Illuminate\Pipeline\{closure}(Object(Illuminate\Http\Request))
#48 C:\Users\nabra\OneDrive\Desktop\roshyara\xamp\nrna\nrna-eu\vendor\laravel\framework\src\Illuminate\Session\Middleware\StartSession.php(64): Illuminate\Session\Middleware\StartSession->handleStatefulRequest(Object(Illuminate\Http\Request), Object(Illuminate\Session\Store), Object(Closure))
#49 C:\Users\nabra\OneDrive\Desktop\roshyara\xamp\nrna\nrna-eu\vendor\laravel\framework\src\Illuminate\Pipeline\Pipeline.php(209): Illuminate\Session\Middleware\StartSession->handle(Object(Illuminate\Http\Request), Object(Closure))
#50 C:\Users\nabra\OneDrive\Desktop\roshyara\xamp\nrna\nrna-eu\vendor\laravel\framework\src\Illuminate\Cookie\Middleware\AddQueuedCookiesToResponse.php(37): Illuminate\Pipeline\Pipeline->Illuminate\Pipeline\{closure}(Object(Illuminate\Http\Request))
#51 C:\Users\nabra\OneDrive\Desktop\roshyara\xamp\nrna\nrna-eu\vendor\laravel\framework\src\Illuminate\Pipeline\Pipeline.php(209): Illuminate\Cookie\Middleware\AddQueuedCookiesToResponse->handle(Object(Illuminate\Http\Request), Object(Closure))
#52 C:\Users\nabra\OneDrive\Desktop\roshyara\xamp\nrna\nrna-eu\vendor\laravel\framework\src\Illuminate\Cookie\Middleware\EncryptCookies.php(75): Illuminate\Pipeline\Pipeline->Illuminate\Pipeline\{closure}(Object(Illuminate\Http\Request))
#53 C:\Users\nabra\OneDrive\Desktop\roshyara\xamp\nrna\nrna-eu\vendor\laravel\framework\src\Illuminate\Pipeline\Pipeline.php(209): Illuminate\Cookie\Middleware\EncryptCookies->handle(Object(Illuminate\Http\Request), Object(Closure))
#54 C:\Users\nabra\OneDrive\Desktop\roshyara\xamp\nrna\nrna-eu\vendor\laravel\framework\src\Illuminate\Pipeline\Pipeline.php(127): Illuminate\Pipeline\Pipeline->Illuminate\Pipeline\{closure}(Object(Illuminate\Http\Request))
#55 C:\Users\nabra\OneDrive\Desktop\roshyara\xamp\nrna\nrna-eu\vendor\laravel\framework\src\Illuminate\Routing\Router.php(807): Illuminate\Pipeline\Pipeline->then(Object(Closure))
#56 C:\Users\nabra\OneDrive\Desktop\roshyara\xamp\nrna\nrna-eu\vendor\laravel\framework\src\Illuminate\Routing\Router.php(786): Illuminate\Routing\Router->runRouteWithinStack(Object(Illuminate\Routing\Route), Object(Illuminate\Http\Request))
#57 C:\Users\nabra\OneDrive\Desktop\roshyara\xamp\nrna\nrna-eu\vendor\laravel\framework\src\Illuminate\Routing\Router.php(750): Illuminate\Routing\Router->runRoute(Object(Illuminate\Http\Request), Object(Illuminate\Routing\Route))
#58 C:\Users\nabra\OneDrive\Desktop\roshyara\xamp\nrna\nrna-eu\vendor\laravel\framework\src\Illuminate\Routing\Router.php(739): Illuminate\Routing\Router->dispatchToRoute(Object(Illuminate\Http\Request))
#59 C:\Users\nabra\OneDrive\Desktop\roshyara\xamp\nrna\nrna-eu\vendor\laravel\framework\src\Illuminate\Foundation\Http\Kernel.php(201): Illuminate\Routing\Router->dispatch(Object(Illuminate\Http\Request))
#60 C:\Users\nabra\OneDrive\Desktop\roshyara\xamp\nrna\nrna-eu\vendor\laravel\framework\src\Illuminate\Pipeline\Pipeline.php(170): Illuminate\Foundation\Http\Kernel->Illuminate\Foundation\Http\{closure}(Object(Illuminate\Http\Request))
#61 C:\Users\nabra\OneDrive\Desktop\roshyara\xamp\nrna\nrna-eu\app\Http\Middleware\TrackPerformance.php(28): Illuminate\Pipeline\Pipeline->Illuminate\Pipeline\{closure}(Object(Illuminate\Http\Request))
#62 C:\Users\nabra\OneDrive\Desktop\roshyara\xamp\nrna\nrna-eu\vendor\laravel\framework\src\Illuminate\Pipeline\Pipeline.php(209): App\Http\Middleware\TrackPerformance->handle(Object(Illuminate\Http\Request), Object(Closure))
#63 C:\Users\nabra\OneDrive\Desktop\roshyara\xamp\nrna\nrna-eu\vendor\laravel\framework\src\Illuminate\Foundation\Http\Middleware\TransformsRequest.php(21): Illuminate\Pipeline\Pipeline->Illuminate\Pipeline\{closure}(Object(Illuminate\Http\Request))
#64 C:\Users\nabra\OneDrive\Desktop\roshyara\xamp\nrna\nrna-eu\vendor\laravel\framework\src\Illuminate\Foundation\Http\Middleware\ConvertEmptyStringsToNull.php(31): Illuminate\Foundation\Http\Middleware\TransformsRequest->handle(Object(Illuminate\Http\Request), Object(Closure))
#65 C:\Users\nabra\OneDrive\Desktop\roshyara\xamp\nrna\nrna-eu\vendor\laravel\framework\src\Illuminate\Pipeline\Pipeline.php(209): Illuminate\Foundation\Http\Middleware\ConvertEmptyStringsToNull->handle(Object(Illuminate\Http\Request), Object(Closure))
#66 C:\Users\nabra\OneDrive\Desktop\roshyara\xamp\nrna\nrna-eu\vendor\laravel\framework\src\Illuminate\Foundation\Http\Middleware\TransformsRequest.php(21): Illuminate\Pipeline\Pipeline->Illuminate\Pipeline\{closure}(Object(Illuminate\Http\Request))
#67 C:\Users\nabra\OneDrive\Desktop\roshyara\xamp\nrna\nrna-eu\vendor\laravel\framework\src\Illuminate\Foundation\Http\Middleware\TrimStrings.php(51): Illuminate\Foundation\Http\Middleware\TransformsRequest->handle(Object(Illuminate\Http\Request), Object(Closure))
#68 C:\Users\nabra\OneDrive\Desktop\roshyara\xamp\nrna\nrna-eu\vendor\laravel\framework\src\Illuminate\Pipeline\Pipeline.php(209): Illuminate\Foundation\Http\Middleware\TrimStrings->handle(Object(Illuminate\Http\Request), Object(Closure))
#69 C:\Users\nabra\OneDrive\Desktop\roshyara\xamp\nrna\nrna-eu\vendor\laravel\framework\src\Illuminate\Http\Middleware\ValidatePostSize.php(27): Illuminate\Pipeline\Pipeline->Illuminate\Pipeline\{closure}(Object(Illuminate\Http\Request))
#70 C:\Users\nabra\OneDrive\Desktop\roshyara\xamp\nrna\nrna-eu\vendor\laravel\framework\src\Illuminate\Pipeline\Pipeline.php(209): Illuminate\Http\Middleware\ValidatePostSize->handle(Object(Illuminate\Http\Request), Object(Closure))
#71 C:\Users\nabra\OneDrive\Desktop\roshyara\xamp\nrna\nrna-eu\vendor\laravel\framework\src\Illuminate\Foundation\Http\Middleware\PreventRequestsDuringMaintenance.php(110): Illuminate\Pipeline\Pipeline->Illuminate\Pipeline\{closure}(Object(Illuminate\Http\Request))
#72 C:\Users\nabra\OneDrive\Desktop\roshyara\xamp\nrna\nrna-eu\vendor\laravel\framework\src\Illuminate\Pipeline\Pipeline.php(209): Illuminate\Foundation\Http\Middleware\PreventRequestsDuringMaintenance->handle(Object(Illuminate\Http\Request), Object(Closure))
#73 C:\Users\nabra\OneDrive\Desktop\roshyara\xamp\nrna\nrna-eu\vendor\laravel\framework\src\Illuminate\Http\Middleware\HandleCors.php(49): Illuminate\Pipeline\Pipeline->Illuminate\Pipeline\{closure}(Object(Illuminate\Http\Request))
#74 C:\Users\nabra\OneDrive\Desktop\roshyara\xamp\nrna\nrna-eu\vendor\laravel\framework\src\Illuminate\Pipeline\Pipeline.php(209): Illuminate\Http\Middleware\HandleCors->handle(Object(Illuminate\Http\Request), Object(Closure))
#75 C:\Users\nabra\OneDrive\Desktop\roshyara\xamp\nrna\nrna-eu\vendor\laravel\framework\src\Illuminate\Http\Middleware\TrustProxies.php(58): Illuminate\Pipeline\Pipeline->Illuminate\Pipeline\{closure}(Object(Illuminate\Http\Request))
#76 C:\Users\nabra\OneDrive\Desktop\roshyara\xamp\nrna\nrna-eu\vendor\laravel\framework\src\Illuminate\Pipeline\Pipeline.php(209): Illuminate\Http\Middleware\TrustProxies->handle(Object(Illuminate\Http\Request), Object(Closure))
#77 C:\Users\nabra\OneDrive\Desktop\roshyara\xamp\nrna\nrna-eu\vendor\laravel\framework\src\Illuminate\Foundation\Http\Middleware\InvokeDeferredCallbacks.php(22): Illuminate\Pipeline\Pipeline->Illuminate\Pipeline\{closure}(Object(Illuminate\Http\Request))
#78 C:\Users\nabra\OneDrive\Desktop\roshyara\xamp\nrna\nrna-eu\vendor\laravel\framework\src\Illuminate\Pipeline\Pipeline.php(209): Illuminate\Foundation\Http\Middleware\InvokeDeferredCallbacks->handle(Object(Illuminate\Http\Request), Object(Closure))
#79 C:\Users\nabra\OneDrive\Desktop\roshyara\xamp\nrna\nrna-eu\vendor\laravel\framework\src\Illuminate\Pipeline\Pipeline.php(127): Illuminate\Pipeline\Pipeline->Illuminate\Pipeline\{closure}(Object(Illuminate\Http\Request))
#80 C:\Users\nabra\OneDrive\Desktop\roshyara\xamp\nrna\nrna-eu\vendor\laravel\framework\src\Illuminate\Foundation\Http\Kernel.php(176): Illuminate\Pipeline\Pipeline->then(Object(Closure))
#81 C:\Users\nabra\OneDrive\Desktop\roshyara\xamp\nrna\nrna-eu\vendor\laravel\framework\src\Illuminate\Foundation\Http\Kernel.php(145): Illuminate\Foundation\Http\Kernel->sendRequestThroughRouter(Object(Illuminate\Http\Request))
#82 C:\Users\nabra\OneDrive\Desktop\roshyara\xamp\nrna\nrna-eu\vendor\laravel\framework\src\Illuminate\Foundation\Testing\Concerns\MakesHttpRequests.php(607): Illuminate\Foundation\Http\Kernel->handle(Object(Illuminate\Http\Request))
#83 C:\Users\nabra\OneDrive\Desktop\roshyara\xamp\nrna\nrna-eu\vendor\laravel\framework\src\Illuminate\Foundation\Testing\Concerns\MakesHttpRequests.php(397): Illuminate\Foundation\Testing\TestCase->call('POST', 'http://localhos...', Array, Array, Array, Array)
#84 C:\Users\nabra\OneDrive\Desktop\roshyara\xamp\nrna\nrna-eu\tests\Feature\Finance\MemberPaymentIntegrationTest.php(264): Illuminate\Foundation\Testing\TestCase->post('http://localhos...', Array)
#85 C:\Users\nabra\OneDrive\Desktop\roshyara\xamp\nrna\nrna-eu\vendor\phpunit\phpunit\src\Framework\TestCase.php(1235): Tests\Feature\Finance\MemberPaymentIntegrationTest->test_concurrent_payment_prevents_duplicate_income_records()
#86 C:\Users\nabra\OneDrive\Desktop\roshyara\xamp\nrna\nrna-eu\vendor\phpunit\phpunit\src\Framework\TestCase.php(514): PHPUnit\Framework\TestCase->runTest()
#87 C:\Users\nabra\OneDrive\Desktop\roshyara\xamp\nrna\nrna-eu\vendor\phpunit\phpunit\src\Framework\TestRunner\TestRunner.php(87): PHPUnit\Framework\TestCase->runBare()
#88 C:\Users\nabra\OneDrive\Desktop\roshyara\xamp\nrna\nrna-eu\vendor\phpunit\phpunit\src\Framework\TestCase.php(361): PHPUnit\Framework\TestRunner->run(Object(Tests\Feature\Finance\MemberPaymentIntegrationTest))
#89 C:\Users\nabra\OneDrive\Desktop\roshyara\xamp\nrna\nrna-eu\vendor\phpunit\phpunit\src\Framework\TestSuite.php(369): PHPUnit\Framework\TestCase->run()
#90 C:\Users\nabra\OneDrive\Desktop\roshyara\xamp\nrna\nrna-eu\vendor\phpunit\phpunit\src\Framework\TestSuite.php(369): PHPUnit\Framework\TestSuite->run()
#91 C:\Users\nabra\OneDrive\Desktop\roshyara\xamp\nrna\nrna-eu\vendor\phpunit\phpunit\src\Framework\TestSuite.php(369): PHPUnit\Framework\TestSuite->run()
#92 C:\Users\nabra\OneDrive\Desktop\roshyara\xamp\nrna\nrna-eu\vendor\phpunit\phpunit\src\TextUI\TestRunner.php(64): PHPUnit\Framework\TestSuite->run()
#93 C:\Users\nabra\OneDrive\Desktop\roshyara\xamp\nrna\nrna-eu\vendor\phpunit\phpunit\src\TextUI\Application.php(210): PHPUnit\TextUI\TestRunner->run(Object(PHPUnit\TextUI\Configuration\Configuration), Object(PHPUnit\Runner\ResultCache\DefaultResultCache), Object(PHPUnit\Framework\TestSuite))
#94 C:\Users\nabra\OneDrive\Desktop\roshyara\xamp\nrna\nrna-eu\vendor\phpunit\phpunit\phpunit(104): PHPUnit\TextUI\Application->run(Array)
#95 {main}

Next Illuminate\Database\QueryException: SQLSTATE[42703]: Undefined column: 7 FEHLER:  Spalte »currency« von Relation »membership_payments« existiert nicht
LINE 1: ...ember_id", "fee_id", "organisation_id", "amount", "currency"...
                                                             ^ (Connection: pgsql, SQL: insert into "membership_payments" ("member_id", "fee_id", "organisation_id", "amount", "currency", "payment_method", "payment_reference", "status", "recorded_by", "paid_at", "id", "updated_at", "created_at") values (a1e8eb42-1764-40e3-839d-1b1946f3b434, a1e8eb42-1e2c-41e0-97d0-cb443867d152, a1e8eb41-f048-4eeb-923c-f4c94dd26614, 100, EUR, bank_transfer, ?, completed, a1e8eb42-0154-4c8e-acb8-222d659ee05b, 2026-05-31 08:51:54, a1e8eb42-5835-4283-a381-91b46df35ba5, 2026-05-31 08:51:54, 2026-05-31 08:51:54)) in C:\Users\nabra\OneDrive\Desktop\roshyara\xamp\nrna\nrna-eu\vendor\laravel\framework\src\Illuminate\Database\Connection.php:825
Stack trace:
#0 C:\Users\nabra\OneDrive\Desktop\roshyara\xamp\nrna\nrna-eu\vendor\laravel\framework\src\Illuminate\Database\Connection.php(779): Illuminate\Database\Connection->runQueryCallback('insert into "me...', Array, Object(Closure))
#1 C:\Users\nabra\OneDrive\Desktop\roshyara\xamp\nrna\nrna-eu\vendor\laravel\framework\src\Illuminate\Database\Connection.php(560): Illuminate\Database\Connection->run('insert into "me...', Array, Object(Closure))
#2 C:\Users\nabra\OneDrive\Desktop\roshyara\xamp\nrna\nrna-eu\vendor\laravel\framework\src\Illuminate\Database\Connection.php(524): Illuminate\Database\Connection->statement('insert into "me...', Array)
#3 C:\Users\nabra\OneDrive\Desktop\roshyara\xamp\nrna\nrna-eu\vendor\laravel\framework\src\Illuminate\Database\Query\Builder.php(3748): Illuminate\Database\Connection->insert('insert into "me...', Array)
#4 C:\Users\nabra\OneDrive\Desktop\roshyara\xamp\nrna\nrna-eu\vendor\laravel\framework\src\Illuminate\Database\Eloquent\Builder.php(2099): Illuminate\Database\Query\Builder->insert(Array)
#5 C:\Users\nabra\OneDrive\Desktop\roshyara\xamp\nrna\nrna-eu\vendor\laravel\framework\src\Illuminate\Database\Eloquent\Model.php(1335): Illuminate\Database\Eloquent\Builder->__call('insert', Array)
#6 C:\Users\nabra\OneDrive\Desktop\roshyara\xamp\nrna\nrna-eu\vendor\laravel\framework\src\Illuminate\Database\Eloquent\Model.php(1163): Illuminate\Database\Eloquent\Model->performInsert(Object(Illuminate\Database\Eloquent\Builder))
#7 C:\Users\nabra\OneDrive\Desktop\roshyara\xamp\nrna\nrna-eu\vendor\laravel\framework\src\Illuminate\Database\Eloquent\Builder.php(1107): Illuminate\Database\Eloquent\Model->save()
#8 C:\Users\nabra\OneDrive\Desktop\roshyara\xamp\nrna\nrna-eu\vendor\laravel\framework\src\Illuminate\Support\helpers.php(399): Illuminate\Database\Eloquent\Builder->Illuminate\Database\Eloquent\{closure}(Object(App\Models\MembershipPayment))
#9 C:\Users\nabra\OneDrive\Desktop\roshyara\xamp\nrna\nrna-eu\vendor\laravel\framework\src\Illuminate\Database\Eloquent\Builder.php(1106): tap(Object(App\Models\MembershipPayment), Object(Closure))
#10 C:\Users\nabra\OneDrive\Desktop\roshyara\xamp\nrna\nrna-eu\vendor\laravel\framework\src\Illuminate\Support\Traits\ForwardsCalls.php(23): Illuminate\Database\Eloquent\Builder->create(Array)
#11 C:\Users\nabra\OneDrive\Desktop\roshyara\xamp\nrna\nrna-eu\vendor\laravel\framework\src\Illuminate\Database\Eloquent\Model.php(2368): Illuminate\Database\Eloquent\Model->forwardCallTo(Object(Illuminate\Database\Eloquent\Builder), 'create', Array)
#12 C:\Users\nabra\OneDrive\Desktop\roshyara\xamp\nrna\nrna-eu\vendor\laravel\framework\src\Illuminate\Database\Eloquent\Model.php(2380): Illuminate\Database\Eloquent\Model->__call('create', Array)
#13 C:\Users\nabra\OneDrive\Desktop\roshyara\xamp\nrna\nrna-eu\app\Services\MembershipPaymentService.php(52): Illuminate\Database\Eloquent\Model::__callStatic('create', Array)
#14 C:\Users\nabra\OneDrive\Desktop\roshyara\xamp\nrna\nrna-eu\vendor\laravel\framework\src\Illuminate\Database\Concerns\ManagesTransactions.php(32): App\Services\MembershipPaymentService->App\Services\{closure}(Object(Illuminate\Database\PostgresConnection))
#15 C:\Users\nabra\OneDrive\Desktop\roshyara\xamp\nrna\nrna-eu\vendor\laravel\framework\src\Illuminate\Database\DatabaseManager.php(495): Illuminate\Database\Connection->transaction(Object(Closure))
#16 C:\Users\nabra\OneDrive\Desktop\roshyara\xamp\nrna\nrna-eu\vendor\laravel\framework\src\Illuminate\Support\Facades\Facade.php(361): Illuminate\Database\DatabaseManager->__call('transaction', Array)
#17 C:\Users\nabra\OneDrive\Desktop\roshyara\xamp\nrna\nrna-eu\app\Services\MembershipPaymentService.php(42): Illuminate\Support\Facades\Facade::__callStatic('transaction', Array)
#18 C:\Users\nabra\OneDrive\Desktop\roshyara\xamp\nrna\nrna-eu\app\Http\Controllers\Membership\MembershipFeeController.php(126): App\Services\MembershipPaymentService->recordPayment(Object(App\Models\Member), Object(App\Models\MembershipFee), Object(App\Domain\Shared\ValueObjects\Money), 'bank_transfer', NULL)
#19 C:\Users\nabra\OneDrive\Desktop\roshyara\xamp\nrna\nrna-eu\vendor\laravel\framework\src\Illuminate\Routing\Controller.php(54): App\Http\Controllers\Membership\MembershipFeeController->pay(Object(Illuminate\Http\Request), Object(App\Models\Organisation), Object(App\Models\Member), Object(App\Models\MembershipFee), Object(App\Services\MembershipPaymentService))
#20 C:\Users\nabra\OneDrive\Desktop\roshyara\xamp\nrna\nrna-eu\vendor\laravel\framework\src\Illuminate\Routing\ControllerDispatcher.php(44): Illuminate\Routing\Controller->callAction('pay', Array)
#21 C:\Users\nabra\OneDrive\Desktop\roshyara\xamp\nrna\nrna-eu\vendor\laravel\framework\src\Illuminate\Routing\Route.php(266): Illuminate\Routing\ControllerDispatcher->dispatch(Object(Illuminate\Routing\Route), Object(App\Http\Controllers\Membership\MembershipFeeController), 'pay')
#22 C:\Users\nabra\OneDrive\Desktop\roshyara\xamp\nrna\nrna-eu\vendor\laravel\framework\src\Illuminate\Routing\Route.php(212): Illuminate\Routing\Route->runController()
#23 C:\Users\nabra\OneDrive\Desktop\roshyara\xamp\nrna\nrna-eu\vendor\laravel\framework\src\Illuminate\Routing\Router.php(808): Illuminate\Routing\Route->run()
#24 C:\Users\nabra\OneDrive\Desktop\roshyara\xamp\nrna\nrna-eu\vendor\laravel\framework\src\Illuminate\Pipeline\Pipeline.php(170): Illuminate\Routing\Router->Illuminate\Routing\{closure}(Object(Illuminate\Http\Request))
#25 C:\Users\nabra\OneDrive\Desktop\roshyara\xamp\nrna\nrna-eu\app\Http\Middleware\EnsureOrganisationMember.php(161): Illuminate\Pipeline\Pipeline->Illuminate\Pipeline\{closure}(Object(Illuminate\Http\Request))
#26 C:\Users\nabra\OneDrive\Desktop\roshyara\xamp\nrna\nrna-eu\vendor\laravel\framework\src\Illuminate\Pipeline\Pipeline.php(209): App\Http\Middleware\EnsureOrganisationMember->handle(Object(Illuminate\Http\Request), Object(Closure))
#27 C:\Users\nabra\OneDrive\Desktop\roshyara\xamp\nrna\nrna-eu\vendor\laravel\framework\src\Illuminate\Auth\Middleware\EnsureEmailIsVerified.php(41): Illuminate\Pipeline\Pipeline->Illuminate\Pipeline\{closure}(Object(Illuminate\Http\Request))
#28 C:\Users\nabra\OneDrive\Desktop\roshyara\xamp\nrna\nrna-eu\vendor\laravel\framework\src\Illuminate\Pipeline\Pipeline.php(209): Illuminate\Auth\Middleware\EnsureEmailIsVerified->handle(Object(Illuminate\Http\Request), Object(Closure))
#29 C:\Users\nabra\OneDrive\Desktop\roshyara\xamp\nrna\nrna-eu\vendor\laravel\framework\src\Illuminate\Auth\Middleware\Authenticate.php(64): Illuminate\Pipeline\Pipeline->Illuminate\Pipeline\{closure}(Object(Illuminate\Http\Request))
#30 C:\Users\nabra\OneDrive\Desktop\roshyara\xamp\nrna\nrna-eu\vendor\laravel\framework\src\Illuminate\Pipeline\Pipeline.php(209): Illuminate\Auth\Middleware\Authenticate->handle(Object(Illuminate\Http\Request), Object(Closure))
#31 C:\Users\nabra\OneDrive\Desktop\roshyara\xamp\nrna\nrna-eu\vendor\inertiajs\inertia-laravel\src\Middleware.php(86): Illuminate\Pipeline\Pipeline->Illuminate\Pipeline\{closure}(Object(Illuminate\Http\Request))
#32 C:\Users\nabra\OneDrive\Desktop\roshyara\xamp\nrna\nrna-eu\vendor\laravel\framework\src\Illuminate\Pipeline\Pipeline.php(209): Inertia\Middleware->handle(Object(Illuminate\Http\Request), Object(Closure))
#33 C:\Users\nabra\OneDrive\Desktop\roshyara\xamp\nrna\nrna-eu\app\Http\Middleware\InjectPageMeta.php(65): Illuminate\Pipeline\Pipeline->Illuminate\Pipeline\{closure}(Object(Illuminate\Http\Request))
#34 C:\Users\nabra\OneDrive\Desktop\roshyara\xamp\nrna\nrna-eu\vendor\laravel\framework\src\Illuminate\Pipeline\Pipeline.php(209): App\Http\Middleware\InjectPageMeta->handle(Object(Illuminate\Http\Request), Object(Closure))
#35 C:\Users\nabra\OneDrive\Desktop\roshyara\xamp\nrna\nrna-eu\app\Http\Middleware\SetLocale.php(59): Illuminate\Pipeline\Pipeline->Illuminate\Pipeline\{closure}(Object(Illuminate\Http\Request))
#36 C:\Users\nabra\OneDrive\Desktop\roshyara\xamp\nrna\nrna-eu\vendor\laravel\framework\src\Illuminate\Pipeline\Pipeline.php(209): App\Http\Middleware\SetLocale->handle(Object(Illuminate\Http\Request), Object(Closure))
#37 C:\Users\nabra\OneDrive\Desktop\roshyara\xamp\nrna\nrna-eu\app\Http\Middleware\PreloadAssets.php(12): Illuminate\Pipeline\Pipeline->Illuminate\Pipeline\{closure}(Object(Illuminate\Http\Request))
#38 C:\Users\nabra\OneDrive\Desktop\roshyara\xamp\nrna\nrna-eu\vendor\laravel\framework\src\Illuminate\Pipeline\Pipeline.php(209): App\Http\Middleware\PreloadAssets->handle(Object(Illuminate\Http\Request), Object(Closure))
#39 C:\Users\nabra\OneDrive\Desktop\roshyara\xamp\nrna\nrna-eu\vendor\laravel\framework\src\Illuminate\Routing\Middleware\SubstituteBindings.php(51): Illuminate\Pipeline\Pipeline->Illuminate\Pipeline\{closure}(Object(Illuminate\Http\Request))
#40 C:\Users\nabra\OneDrive\Desktop\roshyara\xamp\nrna\nrna-eu\vendor\laravel\framework\src\Illuminate\Pipeline\Pipeline.php(209): Illuminate\Routing\Middleware\SubstituteBindings->handle(Object(Illuminate\Http\Request), Object(Closure))
#41 C:\Users\nabra\OneDrive\Desktop\roshyara\xamp\nrna\nrna-eu\vendor\laravel\framework\src\Illuminate\Foundation\Http\Middleware\VerifyCsrfToken.php(88): Illuminate\Pipeline\Pipeline->Illuminate\Pipeline\{closure}(Object(Illuminate\Http\Request))
#42 C:\Users\nabra\OneDrive\Desktop\roshyara\xamp\nrna\nrna-eu\vendor\laravel\framework\src\Illuminate\Pipeline\Pipeline.php(209): Illuminate\Foundation\Http\Middleware\VerifyCsrfToken->handle(Object(Illuminate\Http\Request), Object(Closure))
#43 C:\Users\nabra\OneDrive\Desktop\roshyara\xamp\nrna\nrna-eu\vendor\laravel\framework\src\Illuminate\View\Middleware\ShareErrorsFromSession.php(49): Illuminate\Pipeline\Pipeline->Illuminate\Pipeline\{closure}(Object(Illuminate\Http\Request))
#44 C:\Users\nabra\OneDrive\Desktop\roshyara\xamp\nrna\nrna-eu\vendor\laravel\framework\src\Illuminate\Pipeline\Pipeline.php(209): Illuminate\View\Middleware\ShareErrorsFromSession->handle(Object(Illuminate\Http\Request), Object(Closure))
#45 C:\Users\nabra\OneDrive\Desktop\roshyara\xamp\nrna\nrna-eu\vendor\laravel\framework\src\Illuminate\Session\Middleware\StartSession.php(121): Illuminate\Pipeline\Pipeline->Illuminate\Pipeline\{closure}(Object(Illuminate\Http\Request))
#46 C:\Users\nabra\OneDrive\Desktop\roshyara\xamp\nrna\nrna-eu\vendor\laravel\framework\src\Illuminate\Session\Middleware\StartSession.php(64): Illuminate\Session\Middleware\StartSession->handleStatefulRequest(Object(Illuminate\Http\Request), Object(Illuminate\Session\Store), Object(Closure))
#47 C:\Users\nabra\OneDrive\Desktop\roshyara\xamp\nrna\nrna-eu\vendor\laravel\framework\src\Illuminate\Pipeline\Pipeline.php(209): Illuminate\Session\Middleware\StartSession->handle(Object(Illuminate\Http\Request), Object(Closure))
#48 C:\Users\nabra\OneDrive\Desktop\roshyara\xamp\nrna\nrna-eu\vendor\laravel\framework\src\Illuminate\Cookie\Middleware\AddQueuedCookiesToResponse.php(37): Illuminate\Pipeline\Pipeline->Illuminate\Pipeline\{closure}(Object(Illuminate\Http\Request))
#49 C:\Users\nabra\OneDrive\Desktop\roshyara\xamp\nrna\nrna-eu\vendor\laravel\framework\src\Illuminate\Pipeline\Pipeline.php(209): Illuminate\Cookie\Middleware\AddQueuedCookiesToResponse->handle(Object(Illuminate\Http\Request), Object(Closure))
#50 C:\Users\nabra\OneDrive\Desktop\roshyara\xamp\nrna\nrna-eu\vendor\laravel\framework\src\Illuminate\Cookie\Middleware\EncryptCookies.php(75): Illuminate\Pipeline\Pipeline->Illuminate\Pipeline\{closure}(Object(Illuminate\Http\Request))
#51 C:\Users\nabra\OneDrive\Desktop\roshyara\xamp\nrna\nrna-eu\vendor\laravel\framework\src\Illuminate\Pipeline\Pipeline.php(209): Illuminate\Cookie\Middleware\EncryptCookies->handle(Object(Illuminate\Http\Request), Object(Closure))
#52 C:\Users\nabra\OneDrive\Desktop\roshyara\xamp\nrna\nrna-eu\vendor\laravel\framework\src\Illuminate\Pipeline\Pipeline.php(127): Illuminate\Pipeline\Pipeline->Illuminate\Pipeline\{closure}(Object(Illuminate\Http\Request))
#53 C:\Users\nabra\OneDrive\Desktop\roshyara\xamp\nrna\nrna-eu\vendor\laravel\framework\src\Illuminate\Routing\Router.php(807): Illuminate\Pipeline\Pipeline->then(Object(Closure))
#54 C:\Users\nabra\OneDrive\Desktop\roshyara\xamp\nrna\nrna-eu\vendor\laravel\framework\src\Illuminate\Routing\Router.php(786): Illuminate\Routing\Router->runRouteWithinStack(Object(Illuminate\Routing\Route), Object(Illuminate\Http\Request))
#55 C:\Users\nabra\OneDrive\Desktop\roshyara\xamp\nrna\nrna-eu\vendor\laravel\framework\src\Illuminate\Routing\Router.php(750): Illuminate\Routing\Router->runRoute(Object(Illuminate\Http\Request), Object(Illuminate\Routing\Route))
#56 C:\Users\nabra\OneDrive\Desktop\roshyara\xamp\nrna\nrna-eu\vendor\laravel\framework\src\Illuminate\Routing\Router.php(739): Illuminate\Routing\Router->dispatchToRoute(Object(Illuminate\Http\Request))
#57 C:\Users\nabra\OneDrive\Desktop\roshyara\xamp\nrna\nrna-eu\vendor\laravel\framework\src\Illuminate\Foundation\Http\Kernel.php(201): Illuminate\Routing\Router->dispatch(Object(Illuminate\Http\Request))
#58 C:\Users\nabra\OneDrive\Desktop\roshyara\xamp\nrna\nrna-eu\vendor\laravel\framework\src\Illuminate\Pipeline\Pipeline.php(170): Illuminate\Foundation\Http\Kernel->Illuminate\Foundation\Http\{closure}(Object(Illuminate\Http\Request))
#59 C:\Users\nabra\OneDrive\Desktop\roshyara\xamp\nrna\nrna-eu\app\Http\Middleware\TrackPerformance.php(28): Illuminate\Pipeline\Pipeline->Illuminate\Pipeline\{closure}(Object(Illuminate\Http\Request))
#60 C:\Users\nabra\OneDrive\Desktop\roshyara\xamp\nrna\nrna-eu\vendor\laravel\framework\src\Illuminate\Pipeline\Pipeline.php(209): App\Http\Middleware\TrackPerformance->handle(Object(Illuminate\Http\Request), Object(Closure))
#61 C:\Users\nabra\OneDrive\Desktop\roshyara\xamp\nrna\nrna-eu\vendor\laravel\framework\src\Illuminate\Foundation\Http\Middleware\TransformsRequest.php(21): Illuminate\Pipeline\Pipeline->Illuminate\Pipeline\{closure}(Object(Illuminate\Http\Request))
#62 C:\Users\nabra\OneDrive\Desktop\roshyara\xamp\nrna\nrna-eu\vendor\laravel\framework\src\Illuminate\Foundation\Http\Middleware\ConvertEmptyStringsToNull.php(31): Illuminate\Foundation\Http\Middleware\TransformsRequest->handle(Object(Illuminate\Http\Request), Object(Closure))
#63 C:\Users\nabra\OneDrive\Desktop\roshyara\xamp\nrna\nrna-eu\vendor\laravel\framework\src\Illuminate\Pipeline\Pipeline.php(209): Illuminate\Foundation\Http\Middleware\ConvertEmptyStringsToNull->handle(Object(Illuminate\Http\Request), Object(Closure))
#64 C:\Users\nabra\OneDrive\Desktop\roshyara\xamp\nrna\nrna-eu\vendor\laravel\framework\src\Illuminate\Foundation\Http\Middleware\TransformsRequest.php(21): Illuminate\Pipeline\Pipeline->Illuminate\Pipeline\{closure}(Object(Illuminate\Http\Request))
#65 C:\Users\nabra\OneDrive\Desktop\roshyara\xamp\nrna\nrna-eu\vendor\laravel\framework\src\Illuminate\Foundation\Http\Middleware\TrimStrings.php(51): Illuminate\Foundation\Http\Middleware\TransformsRequest->handle(Object(Illuminate\Http\Request), Object(Closure))
#66 C:\Users\nabra\OneDrive\Desktop\roshyara\xamp\nrna\nrna-eu\vendor\laravel\framework\src\Illuminate\Pipeline\Pipeline.php(209): Illuminate\Foundation\Http\Middleware\TrimStrings->handle(Object(Illuminate\Http\Request), Object(Closure))
#67 C:\Users\nabra\OneDrive\Desktop\roshyara\xamp\nrna\nrna-eu\vendor\laravel\framework\src\Illuminate\Http\Middleware\ValidatePostSize.php(27): Illuminate\Pipeline\Pipeline->Illuminate\Pipeline\{closure}(Object(Illuminate\Http\Request))
#68 C:\Users\nabra\OneDrive\Desktop\roshyara\xamp\nrna\nrna-eu\vendor\laravel\framework\src\Illuminate\Pipeline\Pipeline.php(209): Illuminate\Http\Middleware\ValidatePostSize->handle(Object(Illuminate\Http\Request), Object(Closure))
#69 C:\Users\nabra\OneDrive\Desktop\roshyara\xamp\nrna\nrna-eu\vendor\laravel\framework\src\Illuminate\Foundation\Http\Middleware\PreventRequestsDuringMaintenance.php(110): Illuminate\Pipeline\Pipeline->Illuminate\Pipeline\{closure}(Object(Illuminate\Http\Request))
#70 C:\Users\nabra\OneDrive\Desktop\roshyara\xamp\nrna\nrna-eu\vendor\laravel\framework\src\Illuminate\Pipeline\Pipeline.php(209): Illuminate\Foundation\Http\Middleware\PreventRequestsDuringMaintenance->handle(Object(Illuminate\Http\Request), Object(Closure))
#71 C:\Users\nabra\OneDrive\Desktop\roshyara\xamp\nrna\nrna-eu\vendor\laravel\framework\src\Illuminate\Http\Middleware\HandleCors.php(49): Illuminate\Pipeline\Pipeline->Illuminate\Pipeline\{closure}(Object(Illuminate\Http\Request))
#72 C:\Users\nabra\OneDrive\Desktop\roshyara\xamp\nrna\nrna-eu\vendor\laravel\framework\src\Illuminate\Pipeline\Pipeline.php(209): Illuminate\Http\Middleware\HandleCors->handle(Object(Illuminate\Http\Request), Object(Closure))
#73 C:\Users\nabra\OneDrive\Desktop\roshyara\xamp\nrna\nrna-eu\vendor\laravel\framework\src\Illuminate\Http\Middleware\TrustProxies.php(58): Illuminate\Pipeline\Pipeline->Illuminate\Pipeline\{closure}(Object(Illuminate\Http\Request))
#74 C:\Users\nabra\OneDrive\Desktop\roshyara\xamp\nrna\nrna-eu\vendor\laravel\framework\src\Illuminate\Pipeline\Pipeline.php(209): Illuminate\Http\Middleware\TrustProxies->handle(Object(Illuminate\Http\Request), Object(Closure))
#75 C:\Users\nabra\OneDrive\Desktop\roshyara\xamp\nrna\nrna-eu\vendor\laravel\framework\src\Illuminate\Foundation\Http\Middleware\InvokeDeferredCallbacks.php(22): Illuminate\Pipeline\Pipeline->Illuminate\Pipeline\{closure}(Object(Illuminate\Http\Request))
#76 C:\Users\nabra\OneDrive\Desktop\roshyara\xamp\nrna\nrna-eu\vendor\laravel\framework\src\Illuminate\Pipeline\Pipeline.php(209): Illuminate\Foundation\Http\Middleware\InvokeDeferredCallbacks->handle(Object(Illuminate\Http\Request), Object(Closure))
#77 C:\Users\nabra\OneDrive\Desktop\roshyara\xamp\nrna\nrna-eu\vendor\laravel\framework\src\Illuminate\Pipeline\Pipeline.php(127): Illuminate\Pipeline\Pipeline->Illuminate\Pipeline\{closure}(Object(Illuminate\Http\Request))
#78 C:\Users\nabra\OneDrive\Desktop\roshyara\xamp\nrna\nrna-eu\vendor\laravel\framework\src\Illuminate\Foundation\Http\Kernel.php(176): Illuminate\Pipeline\Pipeline->then(Object(Closure))
#79 C:\Users\nabra\OneDrive\Desktop\roshyara\xamp\nrna\nrna-eu\vendor\laravel\framework\src\Illuminate\Foundation\Http\Kernel.php(145): Illuminate\Foundation\Http\Kernel->sendRequestThroughRouter(Object(Illuminate\Http\Request))
#80 C:\Users\nabra\OneDrive\Desktop\roshyara\xamp\nrna\nrna-eu\vendor\laravel\framework\src\Illuminate\Foundation\Testing\Concerns\MakesHttpRequests.php(607): Illuminate\Foundation\Http\Kernel->handle(Object(Illuminate\Http\Request))
#81 C:\Users\nabra\OneDrive\Desktop\roshyara\xamp\nrna\nrna-eu\vendor\laravel\framework\src\Illuminate\Foundation\Testing\Concerns\MakesHttpRequests.php(397): Illuminate\Foundation\Testing\TestCase->call('POST', 'http://localhos...', Array, Array, Array, Array)
#82 C:\Users\nabra\OneDrive\Desktop\roshyara\xamp\nrna\nrna-eu\tests\Feature\Finance\MemberPaymentIntegrationTest.php(264): Illuminate\Foundation\Testing\TestCase->post('http://localhos...', Array)
#83 C:\Users\nabra\OneDrive\Desktop\roshyara\xamp\nrna\nrna-eu\vendor\phpunit\phpunit\src\Framework\TestCase.php(1235): Tests\Feature\Finance\MemberPaymentIntegrationTest->test_concurrent_payment_prevents_duplicate_income_records()
#84 C:\Users\nabra\OneDrive\Desktop\roshyara\xamp\nrna\nrna-eu\vendor\phpunit\phpunit\src\Framework\TestCase.php(514): PHPUnit\Framework\TestCase->runTest()
#85 C:\Users\nabra\OneDrive\Desktop\roshyara\xamp\nrna\nrna-eu\vendor\phpunit\phpunit\src\Framework\TestRunner\TestRunner.php(87): PHPUnit\Framework\TestCase->runBare()
#86 C:\Users\nabra\OneDrive\Desktop\roshyara\xamp\nrna\nrna-eu\vendor\phpunit\phpunit\src\Framework\TestCase.php(361): PHPUnit\Framework\TestRunner->run(Object(Tests\Feature\Finance\MemberPaymentIntegrationTest))
#87 C:\Users\nabra\OneDrive\Desktop\roshyara\xamp\nrna\nrna-eu\vendor\phpunit\phpunit\src\Framework\TestSuite.php(369): PHPUnit\Framework\TestCase->run()
#88 C:\Users\nabra\OneDrive\Desktop\roshyara\xamp\nrna\nrna-eu\vendor\phpunit\phpunit\src\Framework\TestSuite.php(369): PHPUnit\Framework\TestSuite->run()
#89 C:\Users\nabra\OneDrive\Desktop\roshyara\xamp\nrna\nrna-eu\vendor\phpunit\phpunit\src\Framework\TestSuite.php(369): PHPUnit\Framework\TestSuite->run()
#90 C:\Users\nabra\OneDrive\Desktop\roshyara\xamp\nrna\nrna-eu\vendor\phpunit\phpunit\src\TextUI\TestRunner.php(64): PHPUnit\Framework\TestSuite->run()
#91 C:\Users\nabra\OneDrive\Desktop\roshyara\xamp\nrna\nrna-eu\vendor\phpunit\phpunit\src\TextUI\Application.php(210): PHPUnit\TextUI\TestRunner->run(Object(PHPUnit\TextUI\Configuration\Configuration), Object(PHPUnit\Runner\ResultCache\DefaultResultCache), Object(PHPUnit\Framework\TestSuite))
#92 C:\Users\nabra\OneDrive\Desktop\roshyara\xamp\nrna\nrna-eu\vendor\phpunit\phpunit\phpunit(104): PHPUnit\TextUI\Application->run(Array)
#93 {main}

----------------------------------------------------------------------------------

SQLSTATE[42703]: Undefined column: 7 FEHLER:  Spalte »currency« von Relation »membership_payments« existiert nicht
LINE 1: ...ember_id", "fee_id", "organisation_id", "amount", "currency"...
                                                             ^ (Connection: pgsql, SQL: insert into "membership_payments" ("member_id", "fee_id", "organisation_id", "amount", "currency", "payment_method", "payment_reference", "status", "recorded_by", "paid_at", "id", "updated_at", "created_at") values (a1e8eb42-1764-40e3-839d-1b1946f3b434, a1e8eb42-1e2c-41e0-97d0-cb443867d152, a1e8eb41-f048-4eeb-923c-f4c94dd26614, 100, EUR, bank_transfer, ?, completed, a1e8eb42-0154-4c8e-acb8-222d659ee05b, 2026-05-31 08:51:54, a1e8eb42-5835-4283-a381-91b46df35ba5, 2026-05-31 08:51:54, 2026-05-31 08:51:54))[39;22m

  at [32mtests\Feature\Finance\MemberPaymentIntegrationTest.php[39m:[32m277[39m
    273▕             ]
    274▕         );
    275▕ 
    276▕         // Should redirect back with error
  ➜ 277▕         $response->assertStatus(302);
    278▕         $response->assertSessionHasErrors('error');
    279▕ 
    280▕         // Only ONE income record created (no duplicate)
    281▕         $incomeCount = Income::where('organisation_id', $this->organisation->id)

  [31m────────────────────────────────────────────────────────────────────────────────────────────────────────────────────[39m  
  [41;1m FAILED [49;22m [1mTests\Feature\Finance\MemberPaymentIntegrationTest[22m [90m>[39m cannot pay already paid fee                             
[39;1m  Failed asserting that two strings are equal.
--- Expected
+++ Actual
@@ @@
-'paid'
+'pending'[39;22m

  at [32mtests\Feature\Finance\MemberPaymentIntegrationTest.php[39m:[32m346[39m
    342▕         );
    343▕ 
    344▕         // Verify fee is now paid
    345▕         $this->fee->refresh();
  ➜ 346▕         $this->assertEquals('paid', $this->fee->status);
    347▕ 
    348▕         // Second payment attempt fails
    349▕         $response = $this->post(
    350▕             route('organisations.members.fees.pay', [

  [33m1   [39m[39;1mtests\Feature\Finance\MemberPaymentIntegrationTest.php[39;22m:[39;1m346[39;22m

  [31m────────────────────────────────────────────────────────────────────────────────────────────────────────────────────[39m  
  [41;1m FAILED [49;22m [1mTests\Feature\Finance\MembershipPaymentMigrationTest[22m [90m>[39m membership payment can be created…  [41;1m QueryException [49;22m  
[39;1m  SQLSTATE[42703]: Undefined column: 7 FEHLER:  Spalte »currency« von Relation »membership_payments« existiert nicht
LINE 1: ...ember_id", "fee_id", "organisation_id", "amount", "currency"...
                                                             ^ (Connection: pgsql, SQL: insert into "membership_payments" ("member_id", "fee_id", "organisation_id", "amount", "currency", "payment_method", "payment_reference", "status", "recorded_by", "paid_at", "id", "updated_at", "created_at") values (a1e8eb45-520b-417b-b559-28125194cdeb, a1e8eb45-607a-4af9-9df1-f004036cfb8a, a1e8eb45-3455-40d4-90a0-2a19bf431dab, 50, EUR, bank_transfer, REF-123, completed, a1e8eb45-71cc-434d-b2ed-9dd8ba5ef5c7, 2026-05-31 08:51:56, a1e8eb45-74bb-4f85-808f-759529fb63f4, 2026-05-31 08:51:56, 2026-05-31 08:51:56))[39;22m

  at [32mvendor\laravel\framework\src\Illuminate\Database\Connection.php[39m:[32m825[39m
    821▕                     $this->getName(), $query, $this->prepareBindings($bindings), $e
    822▕                 );
    823▕             }
    824▕ 
  ➜ 825▕             throw new QueryException(
    826▕                 $this->getName(), $query, $this->prepareBindings($bindings), $e
    827▕             );
    828▕         }
    829▕     }

  [33m1   [39m[39;1mvendor\laravel\framework\src\Illuminate\Database\Connection.php[39;22m:[39;1m825[39;22m

  [33m2   [39m[39;1mvendor\laravel\framework\src\Illuminate\Database\Connection.php[39;22m:[39;1m571[39;22m
  [90m    NunoMaduro\Collision\Exceptions\TestException::("SQLSTATE[42703]: Undefined column: 7 FEHLER:  Spalte »currency« von Relation »membership_payments« existiert nicht
LINE 1: ...ember_id", "fee_id", "organisation_id", "amount", "currency"...
                                                             ^")[39m

  [31m────────────────────────────────────────────────────────────────────────────────────────────────────────────────────[39m  
  [41;1m FAILED [49;22m [1mTests\Feature\Finance\MembershipPaymentMigrationTest[22m [90m>[39m membership payment has income id link                 
[39;1m  membership_payments table should have income_id column (nullable FK to incomes)
Failed asserting that false is true.[39;22m

  at [32mtests\Feature\Finance\MembershipPaymentMigrationTest.php[39m:[32m84[39m
     80▕      * RED Test: membership_payments table has income_id link to incomes table
     81▕      */
     82▕     public function test_membership_payment_has_income_id_link(): void
     83▕     {
  ➜  84▕         $this->assertTrue(
     85▕             Schema::hasColumn('membership_payments', 'income_id'),
     86▕             'membership_payments table should have income_id column (nullable FK to incomes)'
     87▕         );
     88▕     }

  [33m1   [39m[39;1mtests\Feature\Finance\MembershipPaymentMigrationTest.php[39;22m:[39;1m84[39;22m

  [31m────────────────────────────────────────────────────────────────────────────────────────────────────────────────────[39m  
  [41;1m FAILED [49;22m [1mTests\Feature\Finance\MembershipPaymentServiceTest[22m [90m>[39m record payment creates membership pa… [41;1m QueryException [49;22m  
[39;1m  SQLSTATE[42703]: Undefined column: 7 FEHLER:  Spalte »currency« von Relation »membership_payments« existiert nicht
LINE 1: ...ember_id", "fee_id", "organisation_id", "amount", "currency"...
                                                             ^ (Connection: pgsql, SQL: insert into "membership_payments" ("member_id", "fee_id", "organisation_id", "amount", "currency", "payment_method", "payment_reference", "status", "recorded_by", "paid_at", "id", "updated_at", "created_at") values (a1e8eb47-339a-4950-a08a-4708ea4cb88c, a1e8eb47-3775-4838-9a0c-444b2b189504, a1e8eb47-1ac7-407f-ab96-d2a5c6cbba32, 100, EUR, bank_transfer, REF-001, completed, a1e8eb47-26c4-4445-86a4-e0d643b0a2d2, 2026-05-31 08:51:57, a1e8eb47-3df1-47eb-9963-17f65b04989e, 2026-05-31 08:51:57, 2026-05-31 08:51:57))[39;22m

  at [32mvendor\laravel\framework\src\Illuminate\Database\Connection.php[39m:[32m825[39m
    821▕                     $this->getName(), $query, $this->prepareBindings($bindings), $e
    822▕                 );
    823▕             }
    824▕ 
  ➜ 825▕             throw new QueryException(
    826▕                 $this->getName(), $query, $this->prepareBindings($bindings), $e
    827▕             );
    828▕         }
    829▕     }

  [33m1   [39m[39;1mvendor\laravel\framework\src\Illuminate\Database\Connection.php[39;22m:[39;1m825[39;22m

  [33m2   [39m[39;1mvendor\laravel\framework\src\Illuminate\Database\Connection.php[39;22m:[39;1m571[39;22m
  [90m    NunoMaduro\Collision\Exceptions\TestException::("SQLSTATE[42703]: Undefined column: 7 FEHLER:  Spalte »currency« von Relation »membership_payments« existiert nicht
LINE 1: ...ember_id", "fee_id", "organisation_id", "amount", "currency"...
                                                             ^")[39m

  [31m────────────────────────────────────────────────────────────────────────────────────────────────────────────────────[39m  
  [41;1m FAILED [49;22m [1mTests\Feature\Finance\MembershipPaymentServiceTest[22m [90m>[39m record payment marks fee as paid      [41;1m QueryException [49;22m  
[39;1m  SQLSTATE[42703]: Undefined column: 7 FEHLER:  Spalte »currency« von Relation »membership_payments« existiert nicht
LINE 1: ...ember_id", "fee_id", "organisation_id", "amount", "currency"...
                                                             ^ (Connection: pgsql, SQL: insert into "membership_payments" ("member_id", "fee_id", "organisation_id", "amount", "currency", "payment_method", "payment_reference", "status", "recorded_by", "paid_at", "id", "updated_at", "created_at") values (a1e8eb47-cf67-4979-ad0b-91791f1ba284, a1e8eb47-d24d-4d3d-ab15-77e82376068e, a1e8eb47-bb68-4a79-b244-4598c0d6433a, 100, EUR, bank_transfer, ?, completed, a1e8eb47-c487-47b4-bda9-e7b75cc51552, 2026-05-31 08:51:58, a1e8eb47-d628-4e03-b456-8e164ff82b01, 2026-05-31 08:51:58, 2026-05-31 08:51:58))[39;22m

  at [32mvendor\laravel\framework\src\Illuminate\Database\Connection.php[39m:[32m825[39m
    821▕                     $this->getName(), $query, $this->prepareBindings($bindings), $e
    822▕                 );
    823▕             }
    824▕ 
  ➜ 825▕             throw new QueryException(
    826▕                 $this->getName(), $query, $this->prepareBindings($bindings), $e
    827▕             );
    828▕         }
    829▕     }

  [33m1   [39m[39;1mvendor\laravel\framework\src\Illuminate\Database\Connection.php[39;22m:[39;1m825[39;22m

  [33m2   [39m[39;1mvendor\laravel\framework\src\Illuminate\Database\Connection.php[39;22m:[39;1m571[39;22m
  [90m    NunoMaduro\Collision\Exceptions\TestException::("SQLSTATE[42703]: Undefined column: 7 FEHLER:  Spalte »currency« von Relation »membership_payments« existiert nicht
LINE 1: ...ember_id", "fee_id", "organisation_id", "amount", "currency"...
                                                             ^")[39m

  [31m────────────────────────────────────────────────────────────────────────────────────────────────────────────────────[39m  
  [41;1m FAILED [49;22m [1mTests\Feature\Finance\MembershipPaymentServiceTest[22m [90m>[39m record payment sets paid at on fee    [41;1m QueryException [49;22m  
[39;1m  SQLSTATE[42703]: Undefined column: 7 FEHLER:  Spalte »currency« von Relation »membership_payments« existiert nicht
LINE 1: ...ember_id", "fee_id", "organisation_id", "amount", "currency"...
                                                             ^ (Connection: pgsql, SQL: insert into "membership_payments" ("member_id", "fee_id", "organisation_id", "amount", "currency", "payment_method", "payment_reference", "status", "recorded_by", "paid_at", "id", "updated_at", "created_at") values (a1e8eb48-35cc-4dee-8696-d1af195819d4, a1e8eb48-3a1c-4bb3-a0c2-99630739321e, a1e8eb48-189d-4407-ac76-aa7ad965b7e4, 100, EUR, bank_transfer, ?, completed, a1e8eb48-24bf-491a-99b4-787e286ca512, 2026-05-31 08:51:58, a1e8eb48-406a-48ca-8d70-f5308c2b2e64, 2026-05-31 08:51:58, 2026-05-31 08:51:58))[39;22m

  at [32mvendor\laravel\framework\src\Illuminate\Database\Connection.php[39m:[32m825[39m
    821▕                     $this->getName(), $query, $this->prepareBindings($bindings), $e
    822▕                 );
    823▕             }
    824▕ 
  ➜ 825▕             throw new QueryException(
    826▕                 $this->getName(), $query, $this->prepareBindings($bindings), $e
    827▕             );
    828▕         }
    829▕     }

  [33m1   [39m[39;1mvendor\laravel\framework\src\Illuminate\Database\Connection.php[39;22m:[39;1m825[39;22m

  [33m2   [39m[39;1mvendor\laravel\framework\src\Illuminate\Database\Connection.php[39;22m:[39;1m571[39;22m
  [90m    NunoMaduro\Collision\Exceptions\TestException::("SQLSTATE[42703]: Undefined column: 7 FEHLER:  Spalte »currency« von Relation »membership_payments« existiert nicht
LINE 1: ...ember_id", "fee_id", "organisation_id", "amount", "currency"...
                                                             ^")[39m

  [31m────────────────────────────────────────────────────────────────────────────────────────────────────────────────────[39m  
  [41;1m FAILED [49;22m [1mTests\Feature\Finance\MembershipPaymentServiceTest[22m [90m>[39m record payment updates member fees s… [41;1m QueryException [49;22m  
[39;1m  SQLSTATE[23514]: Check violation: 7 FEHLER:  neue Zeile für Relation »members« verletzt Check-Constraint »members_fees_status_check«
DETAIL:  Fehlgeschlagene Zeile enthält (a1e8eb48-a242-424f-87da-31bf8b0884ae, a1e8eb48-9030-4b45-9eb3-57ac58015d9b, a1e8eb48-a15f-45df-8857-46938c5500c1, M6a1bf6aed8d3c, 2026-05-31 08:51:58, null, null, null, null, 2026-05-31 08:51:58, 2026-05-31 08:51:58, null, null, null, active, pending, null, null, null, null, null, null, unpaid). (Connection: pgsql, SQL: update "members" set "fees_status" = pending, "updated_at" = 2026-05-31 08:51:58 where "id" = a1e8eb48-a242-424f-87da-31bf8b0884ae)[39;22m

  at [32mvendor\laravel\framework\src\Illuminate\Database\Connection.php[39m:[32m825[39m
    821▕                     $this->getName(), $query, $this->prepareBindings($bindings), $e
    822▕                 );
    823▕             }
    824▕ 
  ➜ 825▕             throw new QueryException(
    826▕                 $this->getName(), $query, $this->prepareBindings($bindings), $e
    827▕             );
    828▕         }
    829▕     }

  [33m1   [39m[39;1mvendor\laravel\framework\src\Illuminate\Database\Connection.php[39;22m:[39;1m825[39;22m

  [33m2   [39m[39;1mvendor\laravel\framework\src\Illuminate\Database\Connection.php[39;22m:[39;1m596[39;22m
  [90m    NunoMaduro\Collision\Exceptions\TestException::("SQLSTATE[23514]: Check violation: 7 FEHLER:  neue Zeile für Relation »members« verletzt Check-Constraint »members_fees_status_check«
DETAIL:  Fehlgeschlagene Zeile enthält (a1e8eb48-a242-424f-87da-31bf8b0884ae, a1e8eb48-9030-4b45-9eb3-57ac58015d9b, a1e8eb48-a15f-45df-8857-46938c5500c1, M6a1bf6aed8d3c, 2026-05-31 08:51:58, null, null, null, null, 2026-05-31 08:51:58, 2026-05-31 08:51:58, null, null, null, active, pending, null, null, null, null, null, null, unpaid).")[39m

  [31m────────────────────────────────────────────────────────────────────────────────────────────────────────────────────[39m  
  [41;1m FAILED [49;22m [1mTests\Feature\Finance\MembershipPaymentServiceTest[22m [90m>[39m record payment does not update membe… [41;1m QueryException [49;22m  
[39;1m  SQLSTATE[23514]: Check violation: 7 FEHLER:  neue Zeile für Relation »members« verletzt Check-Constraint »members_fees_status_check«
DETAIL:  Fehlgeschlagene Zeile enthält (a1e8eb48-f8bf-409a-9203-14d0a31eb258, a1e8eb48-e405-49c8-8b19-cf8b528ddc51, a1e8eb48-f78d-4ab2-9122-8438f719ae41, M6a1bf6af1951a, 2026-05-31 08:51:59, null, null, null, null, 2026-05-31 08:51:59, 2026-05-31 08:51:59, null, null, null, active, pending, null, null, null, null, null, null, unpaid). (Connection: pgsql, SQL: update "members" set "fees_status" = pending, "updated_at" = 2026-05-31 08:51:59 where "id" = a1e8eb48-f8bf-409a-9203-14d0a31eb258)[39;22m

  at [32mvendor\laravel\framework\src\Illuminate\Database\Connection.php[39m:[32m825[39m
    821▕                     $this->getName(), $query, $this->prepareBindings($bindings), $e
    822▕                 );
    823▕             }
    824▕ 
  ➜ 825▕             throw new QueryException(
    826▕                 $this->getName(), $query, $this->prepareBindings($bindings), $e
    827▕             );
    828▕         }
    829▕     }

  [33m1   [39m[39;1mvendor\laravel\framework\src\Illuminate\Database\Connection.php[39;22m:[39;1m825[39;22m

  [33m2   [39m[39;1mvendor\laravel\framework\src\Illuminate\Database\Connection.php[39;22m:[39;1m596[39;22m
  [90m    NunoMaduro\Collision\Exceptions\TestException::("SQLSTATE[23514]: Check violation: 7 FEHLER:  neue Zeile für Relation »members« verletzt Check-Constraint »members_fees_status_check«
DETAIL:  Fehlgeschlagene Zeile enthält (a1e8eb48-f8bf-409a-9203-14d0a31eb258, a1e8eb48-e405-49c8-8b19-cf8b528ddc51, a1e8eb48-f78d-4ab2-9122-8438f719ae41, M6a1bf6af1951a, 2026-05-31 08:51:59, null, null, null, null, 2026-05-31 08:51:59, 2026-05-31 08:51:59, null, null, null, active, pending, null, null, null, null, null, null, unpaid).")[39m

  [31m────────────────────────────────────────────────────────────────────────────────────────────────────────────────────[39m  
  [41;1m FAILED [49;22m [1mTests\Feature\Finance\MembershipPaymentServiceTest[22m [90m>[39m record payment fires membership fee…  [41;1m QueryException [49;22m  
[39;1m  SQLSTATE[42703]: Undefined column: 7 FEHLER:  Spalte »currency« von Relation »membership_payments« existiert nicht
LINE 1: ...ember_id", "fee_id", "organisation_id", "amount", "currency"...
                                                             ^ (Connection: pgsql, SQL: insert into "membership_payments" ("member_id", "fee_id", "organisation_id", "amount", "currency", "payment_method", "payment_reference", "status", "recorded_by", "paid_at", "id", "updated_at", "created_at") values (a1e8eb49-540b-4852-874d-d067182e006e, a1e8eb49-5729-4aea-85cd-fb3fc5741c55, a1e8eb49-3e9e-4cfa-b492-e90b0cd9b35e, 100, EUR, bank_transfer, ?, completed, a1e8eb49-47d4-4f0a-b154-bdbd6bfca18b, 2026-05-31 08:51:59, a1e8eb49-5b0b-4233-b06f-ed2af88155fb, 2026-05-31 08:51:59, 2026-05-31 08:51:59))[39;22m

  at [32mvendor\laravel\framework\src\Illuminate\Database\Connection.php[39m:[32m825[39m
    821▕                     $this->getName(), $query, $this->prepareBindings($bindings), $e
    822▕                 );
    823▕             }
    824▕ 
  ➜ 825▕             throw new QueryException(
    826▕                 $this->getName(), $query, $this->prepareBindings($bindings), $e
    827▕             );
    828▕         }
    829▕     }

  [33m1   [39m[39;1mvendor\laravel\framework\src\Illuminate\Database\Connection.php[39;22m:[39;1m825[39;22m

  [33m2   [39m[39;1mvendor\laravel\framework\src\Illuminate\Database\Connection.php[39;22m:[39;1m571[39;22m
  [90m    NunoMaduro\Collision\Exceptions\TestException::("SQLSTATE[42703]: Undefined column: 7 FEHLER:  Spalte »currency« von Relation »membership_payments« existiert nicht
LINE 1: ...ember_id", "fee_id", "organisation_id", "amount", "currency"...
                                                             ^")[39m

  [31m────────────────────────────────────────────────────────────────────────────────────────────────────────────────────[39m  
  [41;1m FAILED [49;22m [1mTests\Feature\Finance\MembershipPaymentServiceTest[22m [90m>[39m record payment uses lock for update…  [41;1m QueryException [49;22m  
[39;1m  SQLSTATE[42703]: Undefined column: 7 FEHLER:  Spalte »currency« von Relation »membership_payments« existiert nicht
LINE 1: ...ember_id", "fee_id", "organisation_id", "amount", "currency"...
                                                             ^ (Connection: pgsql, SQL: insert into "membership_payments" ("member_id", "fee_id", "organisation_id", "amount", "currency", "payment_method", "payment_reference", "status", "recorded_by", "paid_at", "id", "updated_at", "created_at") values (a1e8eb49-b4fb-4901-8231-c92e47485677, a1e8eb49-b7ac-4e25-8f84-b67ce6bc46ad, a1e8eb49-a1b0-45ec-94ee-03fb88c27097, 100, EUR, bank_transfer, ?, completed, a1e8eb49-ab10-4cdc-a748-1ec165132d35, 2026-05-31 08:51:59, a1e8eb49-bb46-4a38-beac-eede1f22592b, 2026-05-31 08:51:59, 2026-05-31 08:51:59))[39;22m

  at [32mvendor\laravel\framework\src\Illuminate\Database\Connection.php[39m:[32m825[39m
    821▕                     $this->getName(), $query, $this->prepareBindings($bindings), $e
    822▕                 );
    823▕             }
    824▕ 
  ➜ 825▕             throw new QueryException(
    826▕                 $this->getName(), $query, $this->prepareBindings($bindings), $e
    827▕             );
    828▕         }
    829▕     }

  [33m1   [39m[39;1mvendor\laravel\framework\src\Illuminate\Database\Connection.php[39;22m:[39;1m825[39;22m

  [33m2   [39m[39;1mvendor\laravel\framework\src\Illuminate\Database\Connection.php[39;22m:[39;1m571[39;22m
  [90m    NunoMaduro\Collision\Exceptions\TestException::("SQLSTATE[42703]: Undefined column: 7 FEHLER:  Spalte »currency« von Relation »membership_payments« existiert nicht
LINE 1: ...ember_id", "fee_id", "organisation_id", "amount", "currency"...
                                                             ^")[39m

  [31m────────────────────────────────────────────────────────────────────────────────────────────────────────────────────[39m  
  [41;1m FAILED [49;22m [1mTests\Feature\Finance\MembershipPaymentServiceTest[22m [90m>[39m record payment throws if fee already… [41;1m QueryException [49;22m  
[39;1m  SQLSTATE[42703]: Undefined column: 7 FEHLER:  Spalte »currency« von Relation »membership_payments« existiert nicht
LINE 1: ...ember_id", "fee_id", "organisation_id", "amount", "currency"...
                                                             ^ (Connection: pgsql, SQL: insert into "membership_payments" ("member_id", "fee_id", "organisation_id", "amount", "currency", "payment_method", "payment_reference", "status", "recorded_by", "paid_at", "id", "updated_at", "created_at") values (a1e8eb4a-352b-4e9b-8390-00f27c3dce03, a1e8eb4a-3916-4763-8d67-a28662dd13e2, a1e8eb4a-21cc-4ee6-8ca2-e828eb0aff0f, 100, EUR, bank_transfer, ?, completed, a1e8eb4a-29b8-4bcc-b648-d1c097ebc4c1, 2026-05-31 08:51:59, a1e8eb4a-3e97-41d6-9a81-4a8244b0f414, 2026-05-31 08:51:59, 2026-05-31 08:51:59))[39;22m

  at [32mvendor\laravel\framework\src\Illuminate\Database\Connection.php[39m:[32m825[39m
    821▕                     $this->getName(), $query, $this->prepareBindings($bindings), $e
    822▕                 );
    823▕             }
    824▕ 
  ➜ 825▕             throw new QueryException(
    826▕                 $this->getName(), $query, $this->prepareBindings($bindings), $e
    827▕             );
    828▕         }
    829▕     }

  [33m1   [39m[39;1mvendor\laravel\framework\src\Illuminate\Database\Connection.php[39;22m:[39;1m825[39;22m

  [33m2   [39m[39;1mvendor\laravel\framework\src\Illuminate\Database\Connection.php[39;22m:[39;1m571[39;22m
  [90m    NunoMaduro\Collision\Exceptions\TestException::("SQLSTATE[42703]: Undefined column: 7 FEHLER:  Spalte »currency« von Relation »membership_payments« existiert nicht
LINE 1: ...ember_id", "fee_id", "organisation_id", "amount", "currency"...
                                                             ^")[39m

  [31m────────────────────────────────────────────────────────────────────────────────────────────────────────────────────[39m  
  [41;1m FAILED [49;22m [1mTests\Feature\Finance\MembershipPaymentServiceTest[22m [90m>[39m record payment returns membership pa… [41;1m QueryException [49;22m  
[39;1m  SQLSTATE[42703]: Undefined column: 7 FEHLER:  Spalte »currency« von Relation »membership_payments« existiert nicht
LINE 1: ...ember_id", "fee_id", "organisation_id", "amount", "currency"...
                                                             ^ (Connection: pgsql, SQL: insert into "membership_payments" ("member_id", "fee_id", "organisation_id", "amount", "currency", "payment_method", "payment_reference", "status", "recorded_by", "paid_at", "id", "updated_at", "created_at") values (a1e8eb4a-9385-417f-84ce-f6eba467f251, a1e8eb4a-96ab-47e9-9d62-b93ef7c71741, a1e8eb4a-8299-41c5-aec6-ecd0a7dc57f8, 100, EUR, bank_transfer, ?, completed, a1e8eb4a-89e2-40cf-9fcc-26f748827395, 2026-05-31 08:52:00, a1e8eb4a-9bdc-43fc-9215-06db59f63b68, 2026-05-31 08:52:00, 2026-05-31 08:52:00))[39;22m

  at [32mvendor\laravel\framework\src\Illuminate\Database\Connection.php[39m:[32m825[39m
    821▕                     $this->getName(), $query, $this->prepareBindings($bindings), $e
    822▕                 );
    823▕             }
    824▕ 
  ➜ 825▕             throw new QueryException(
    826▕                 $this->getName(), $query, $this->prepareBindings($bindings), $e
    827▕             );
    828▕         }
    829▕     }

  [33m1   [39m[39;1mvendor\laravel\framework\src\Illuminate\Database\Connection.php[39;22m:[39;1m825[39;22m

  [33m2   [39m[39;1mvendor\laravel\framework\src\Illuminate\Database\Connection.php[39;22m:[39;1m571[39;22m
  [90m    NunoMaduro\Collision\Exceptions\TestException::("SQLSTATE[42703]: Undefined column: 7 FEHLER:  Spalte »currency« von Relation »membership_payments« existiert nicht
LINE 1: ...ember_id", "fee_id", "organisation_id", "amount", "currency"...
                                                             ^")[39m

  [31m────────────────────────────────────────────────────────────────────────────────────────────────────────────────────[39m  
  [41;1m FAILED [49;22m [1mTests\Feature\Governance\Api\CommitteeMemberApiTest[22m [90m>[39m get committee members returns projection data          
[39;1m  Expected response status code [200] but received 404.
Failed asserting that 404 is identical to 200.[39;22m

  at [32mtests\Feature\Governance\Api\CommitteeMemberApiTest.php[39m:[32m54[39m
     50▕             ['X-Tenant-Id' => $tenantId->value()]
     51▕         );
     52▕ 
     53▕         // Assert: projection data returned
  ➜  54▕         $response->assertStatus(200)
     55▕             ->assertJsonStructure([
     56▕                 'committeeId',
     57▕                 'members' => [
     58▕                     '*' => [

  [31m────────────────────────────────────────────────────────────────────────────────────────────────────────────────────[39m  
  [41;1m FAILED [49;22m [1mTests\Feature\Governance\Api\CommitteeMemberApiTest[22m [90m>[39m api enforces tenant isolation                          
[39;1m  Expected response status code [200] but received 404.
Failed asserting that 404 is identical to 200.[39;22m

  at [32mtests\Feature\Governance\Api\CommitteeMemberApiTest.php[39m:[32m94[39m
     90▕             ['X-Tenant-Id' => $tenantA->value()]
     91▕         );
     92▕ 
     93▕         // Assert: only Tenant A's members returned
  ➜  94▕         $response->assertStatus(200);
     95▕ 
     96▕         $members = $response->json('members');
     97▕ 
     98▕         // Should contain only memberA

  [31m────────────────────────────────────────────────────────────────────────────────────────────────────────────────────[39m  
  [41;1m FAILED [49;22m [1mTests\Feature\Governance\Api\CommitteeMemberApiTest[22m [90m>[39m empty committee returns empty members                  
[39;1m  Expected response status code [200] but received 404.
Failed asserting that 404 is identical to 200.[39;22m

  at [32mtests\Feature\Governance\Api\CommitteeMemberApiTest.php[39m:[32m116[39m
    112▕             "/api/governance/committees/{$committeeId->value()}/members",
    113▕             ['X-Tenant-Id' => $tenantId->value()]
    114▕         );
    115▕ 
  ➜ 116▕         $response->assertStatus(200)
    117▕             ->assertJson([
    118▕                 'committeeId' => $committeeId->value(),
    119▕                 'members' => []
    120▕             ]);

  [31m────────────────────────────────────────────────────────────────────────────────────────────────────────────────────[39m  
  [41;1m FAILED [49;22m [1mTests\Feature\Governance\Api\CommitteeMemberApiTest[22m [90m>[39m assign member validates member id                      
[39;1m  Expected response status code [400] but received 404.
Failed asserting that 404 is identical to 400.[39;22m

  at [32mtests\Feature\Governance\Api\CommitteeMemberApiTest.php[39m:[32m152[39m
    148▕             ['memberId' => 'invalid-uuid'],
    149▕             ['X-Tenant-Id' => $tenantId->value()]
    150▕         );
    151▕ 
  ➜ 152▕         $response->assertStatus(400)
    153▕             ->assertJson(['error' => 'Invalid member ID format']);
    154▕     }
    155▕ 
    156▕     /**

  [31m────────────────────────────────────────────────────────────────────────────────────────────────────────────────────[39m  
  [41;1m FAILED [49;22m [1mTests\Feature\Governance\Api\CommitteeMemberApiTest[22m [90m>[39m remove member triggers domain command                  
[39;1m  Expected response status code [200] but received 404.
Failed asserting that 404 is identical to 200.[39;22m

  at [32mtests\Feature\Governance\Api\CommitteeMemberApiTest.php[39m:[32m177[39m
    173▕             ['X-Tenant-Id' => $tenantId->value()]
    174▕         );
    175▕ 
    176▕         // Assert: accepted
  ➜ 177▕         $response->assertStatus(200)
    178▕             ->assertJson(['status' => 'deleted']);
    179▕     }
    180▕ 
    181▕     /**

  [31m────────────────────────────────────────────────────────────────────────────────────────────────────────────────────[39m  
  [41;1m FAILED [49;22m [1mTests\Feature\Governance\Api\CommitteeMemberApiTest[22m [90m>[39m remove nonexistent member is safe                      
[39;1m  Expected response status code [200] but received 404.
Failed asserting that 404 is identical to 200.[39;22m

  at [32mtests\Feature\Governance\Api\CommitteeMemberApiTest.php[39m:[32m197[39m
    193▕             ['X-Tenant-Id' => $tenantId->value()]
    194▕         );
    195▕ 
    196▕         // Should not error
  ➜ 197▕         $response->assertStatus(200);
    198▕     }
    199▕ 
    200▕     /**
    201▕      * INVARIANT: API does not require authenticated user for MVP

  [31m────────────────────────────────────────────────────────────────────────────────────────────────────────────────────[39m  
  [41;1m FAILED [49;22m [1mTests\Feature\Governance\Api\CommitteeMemberApiTest[22m [90m>[39m api endpoints are accessible                           
[39;1m  Failed asserting that false is true.[39;22m

  at [32mtests\Feature\Governance\Api\CommitteeMemberApiTest.php[39m:[32m217[39m
    213▕         $response = $this->getJson(
    214▕             "/api/governance/committees/{$committeeId->value()}/members",
    215▕             ['X-Tenant-Id' => $tenantId->value()]
    216▕         );
  ➜ 217▕         $this->assertTrue(in_array($response->status(), [200])); // 200 for empty committee
    218▕ 
    219▕         // POST should work
    220▕         $response = $this->postJson(
    221▕             "/api/governance/committees/{$committeeId->value()}/members",

  [33m1   [39m[39;1mtests\Feature\Governance\Api\CommitteeMemberApiTest.php[39;22m:[39;1m217[39;22m

  [31m────────────────────────────────────────────────────────────────────────────────────────────────────────────────────[39m  
  [41;1m FAILED [49;22m [1mTests\Feature\Governance\Api\CommitteeMemberApiTest[22m [90m>[39m api response has consistent dto shape                  
[39;1m  Expected response status code [200] but received 404.
Failed asserting that 404 is identical to 200.[39;22m

  at [32mtests\Feature\Governance\Api\CommitteeMemberApiTest.php[39m:[32m250[39m
    246▕             "/api/governance/committees/{$committeeId->value()}/members",
    247▕             ['X-Tenant-Id' => $tenantId->value()]
    248▕         );
    249▕ 
  ➜ 250▕         $response->assertStatus(200);
    251▕ 
    252▕         $json = $response->json();
    253▕ 
    254▕         // Verify structure

  [31m────────────────────────────────────────────────────────────────────────────────────────────────────────────────────[39m  
  [41;1m FAILED [49;22m [1mTests\Feature\Governance\Ui\CommitteeMemberManagerTest[22m [90m>[39m component can fetch committee members               
[39;1m  Expected response status code [200] but received 404.
Failed asserting that 404 is identical to 200.[39;22m

  at [32mtests\Feature\Governance\Ui\CommitteeMemberManagerTest.php[39m:[32m49[39m
     45▕             ['X-Tenant-Id' => $tenantId->value()]
     46▕         );
     47▕ 
     48▕         // Assert: Component receives correct data structure
  ➜  49▕         $response->assertStatus(200)
     50▕             ->assertJsonStructure([
     51▕                 'committeeId',
     52▕                 'members' => [
     53▕                     '*' => [

  [31m────────────────────────────────────────────────────────────────────────────────────────────────────────────────────[39m  
  [41;1m FAILED [49;22m [1mTests\Feature\Governance\Ui\CommitteeMemberManagerTest[22m [90m>[39m component can remove member via api                 
[39;1m  Expected response status code [200] but received 404.
Failed asserting that 404 is identical to 200.[39;22m

  at [32mtests\Feature\Governance\Ui\CommitteeMemberManagerTest.php[39m:[32m97[39m
     93▕             ['X-Tenant-Id' => $tenantId->value()]
     94▕         );
     95▕ 
     96▕         // Assert: API processes the deletion request
  ➜  97▕         $response->assertStatus(200)
     98▕             ->assertJson(['status' => 'deleted']);
     99▕     }
    100▕ 
    101▕     /**

  [31m────────────────────────────────────────────────────────────────────────────────────────────────────────────────────[39m  
  [41;1m FAILED [49;22m [1mTests\Feature\Governance\Ui\CommitteeMemberManagerTest[22m [90m>[39m component shows validation error for invalid mem…   
[39;1m  Expected response status code [400] but received 404.
Failed asserting that 404 is identical to 400.[39;22m

  at [32mtests\Feature\Governance\Ui\CommitteeMemberManagerTest.php[39m:[32m118[39m
    114▕             ['X-Tenant-Id' => $tenantId->value()]
    115▕         );
    116▕ 
    117▕         // Assert: API returns validation error status
  ➜ 118▕         $response->assertStatus(400)
    119▕             ->assertJson(['error' => 'Invalid member ID format']);
    120▕     }
    121▕ 
    122▕     /**

  [31m────────────────────────────────────────────────────────────────────────────────────────────────────────────────────[39m  
  [41;1m FAILED [49;22m [1mTests\Feature\Governance\Ui\CommitteeMemberManagerTest[22m [90m>[39m component enforces tenant isolation                 
[39;1m  Expected response status code [200] but received 404.
Failed asserting that 404 is identical to 200.[39;22m

  at [32mtests\Feature\Governance\Ui\CommitteeMemberManagerTest.php[39m:[32m144[39m
    140▕             ['X-Tenant-Id' => $tenantB->value()]
    141▕         );
    142▕ 
    143▕         // Assert: Tenant B sees empty members list (isolation enforced)
  ➜ 144▕         $response->assertStatus(200)
    145▕             ->assertJson([
    146▕                 'members' => []
    147▕             ]);
    148▕     }

  [31m────────────────────────────────────────────────────────────────────────────────────────────────────────────────────[39m  
  [41;1m FAILED [49;22m [1mTests\Feature\Governance\Ui\CommitteeMemberManagerTest[22m [90m>[39m component handles missing tenant context            
[39;1m  Expected response status code [400] but received 404.
Failed asserting that 404 is identical to 400.[39;22m

  at [32mtests\Feature\Governance\Ui\CommitteeMemberManagerTest.php[39m:[32m164[39m
    160▕             "/api/governance/committees/{$committeeId->value()}/members"
    161▕         );
    162▕ 
    163▕         // Assert: API returns 400 error (component catches and shows error)
  ➜ 164▕         $response->assertStatus(400)
    165▕             ->assertJson(['error' => 'Missing tenant context']);
    166▕     }
    167▕ }
    168▕

  [31m────────────────────────────────────────────────────────────────────────────────────────────────────────────────────[39m  
  [41;1m FAILED [49;22m [1mTests\Feature\Integration\VotingMembershipIntegrationTest[22m [90m>[39m ensure el… [41;1m UniqueConstraintViolationException [49;22m  
[39;1m  SQLSTATE[23505]: Unique violation: 7 FEHLER:  doppelter Schlüsselwert verletzt Unique-Constraint »user_organisation_roles_user_id_organisation_id_unique«
DETAIL:  Schlüssel »(user_id, organisation_id)=(a1e8eb89-f85d-4c02-bd81-ab96a5ce7eb4, a1e8eb89-f05f-4ff8-b818-6702b0cc7c9a)« existiert bereits. (Connection: pgsql, SQL: insert into "user_organisation_roles" ("created_at", "id", "organisation_id", "role", "updated_at", "user_id") values (2026-05-31 08:52:41, ae2bef88-494b-4cd5-b2b7-5268b3a9abba, a1e8eb89-f05f-4ff8-b818-6702b0cc7c9a, voter, 2026-05-31 08:52:41, a1e8eb89-f85d-4c02-bd81-ab96a5ce7eb4))[39;22m

  at [32mvendor\laravel\framework\src\Illuminate\Database\Connection.php[39m:[32m820[39m
    816▕         // message to include the bindings with SQL, which will make this exception a
    817▕         // lot more helpful to the developer instead of just the database's errors.
    818▕         catch (Exception $e) {
    819▕             if ($this->isUniqueConstraintError($e)) {
  ➜ 820▕                 throw new UniqueConstraintViolationException(
    821▕                     $this->getName(), $query, $this->prepareBindings($bindings), $e
    822▕                 );
    823▕             }
    824▕

  [33m1   [39m[39;1mvendor\laravel\framework\src\Illuminate\Database\Connection.php[39;22m:[39;1m820[39;22m

  [33m2   [39m[39;1mvendor\laravel\framework\src\Illuminate\Database\Connection.php[39;22m:[39;1m571[39;22m
  [90m    NunoMaduro\Collision\Exceptions\TestException::("SQLSTATE[23505]: Unique violation: 7 FEHLER:  doppelter Schlüsselwert verletzt Unique-Constraint »user_organisation_roles_user_id_organisation_id_unique«
DETAIL:  Schlüssel »(user_id, organisation_id)=(a1e8eb89-f85d-4c02-bd81-ab96a5ce7eb4, a1e8eb89-f05f-4ff8-b818-6702b0cc7c9a)« existiert bereits.")[39m

  [31m────────────────────────────────────────────────────────────────────────────────────────────────────────────────────[39m  
  [41;1m FAILED [49;22m [1mTests\Feature\Integration\VotingMembershipIntegrationTest[22m [90m>[39m unassigne… [41;1m UniqueConstraintViolationException [49;22m  
[39;1m  SQLSTATE[23505]: Unique violation: 7 FEHLER:  doppelter Schlüsselwert verletzt Unique-Constraint »user_organisation_roles_user_id_organisation_id_unique«
DETAIL:  Schlüssel »(user_id, organisation_id)=(a1e8eb8a-5046-41d9-a810-3c939b69be60, a1e8eb8a-41fe-468e-9fa5-e5e1a24ab406)« existiert bereits. (Connection: pgsql, SQL: insert into "user_organisation_roles" ("created_at", "id", "organisation_id", "role", "updated_at", "user_id") values (2026-05-31 08:52:41, 1a53c781-6df1-4b0e-a98a-37d822f7aedf, a1e8eb8a-41fe-468e-9fa5-e5e1a24ab406, voter, 2026-05-31 08:52:41, a1e8eb8a-5046-41d9-a810-3c939b69be60))[39;22m

  at [32mvendor\laravel\framework\src\Illuminate\Database\Connection.php[39m:[32m820[39m
    816▕         // message to include the bindings with SQL, which will make this exception a
    817▕         // lot more helpful to the developer instead of just the database's errors.
    818▕         catch (Exception $e) {
    819▕             if ($this->isUniqueConstraintError($e)) {
  ➜ 820▕                 throw new UniqueConstraintViolationException(
    821▕                     $this->getName(), $query, $this->prepareBindings($bindings), $e
    822▕                 );
    823▕             }
    824▕

  [33m1   [39m[39;1mvendor\laravel\framework\src\Illuminate\Database\Connection.php[39;22m:[39;1m820[39;22m

  [33m2   [39m[39;1mvendor\laravel\framework\src\Illuminate\Database\Connection.php[39;22m:[39;1m571[39;22m
  [90m    NunoMaduro\Collision\Exceptions\TestException::("SQLSTATE[23505]: Unique violation: 7 FEHLER:  doppelter Schlüsselwert verletzt Unique-Constraint »user_organisation_roles_user_id_organisation_id_unique«
DETAIL:  Schlüssel »(user_id, organisation_id)=(a1e8eb8a-5046-41d9-a810-3c939b69be60, a1e8eb8a-41fe-468e-9fa5-e5e1a24ab406)« existiert bereits.")[39m

  [31m────────────────────────────────────────────────────────────────────────────────────────────────────────────────────[39m  
  [41;1m FAILED [49;22m [1mTests\Feature\Integration\VotingMembershipIntegrationTest[22m [90m>[39m assigned…  [41;1m UniqueConstraintViolationException [49;22m  
[39;1m  SQLSTATE[23505]: Unique violation: 7 FEHLER:  doppelter Schlüsselwert verletzt Unique-Constraint »user_organisation_roles_user_id_organisation_id_unique«
DETAIL:  Schlüssel »(user_id, organisation_id)=(a1e8eb8a-ef13-41dd-bd03-2202f31e8000, a1e8eb8a-e2cc-42cc-a4d3-1b6b0bc9f0d3)« existiert bereits. (Connection: pgsql, SQL: insert into "user_organisation_roles" ("created_at", "id", "organisation_id", "role", "updated_at", "user_id") values (2026-05-31 08:52:42, 4bc47a16-1cdc-44d3-8618-b3bf0db963fd, a1e8eb8a-e2cc-42cc-a4d3-1b6b0bc9f0d3, voter, 2026-05-31 08:52:42, a1e8eb8a-ef13-41dd-bd03-2202f31e8000))[39;22m

  at [32mvendor\laravel\framework\src\Illuminate\Database\Connection.php[39m:[32m820[39m
    816▕         // message to include the bindings with SQL, which will make this exception a
    817▕         // lot more helpful to the developer instead of just the database's errors.
    818▕         catch (Exception $e) {
    819▕             if ($this->isUniqueConstraintError($e)) {
  ➜ 820▕                 throw new UniqueConstraintViolationException(
    821▕                     $this->getName(), $query, $this->prepareBindings($bindings), $e
    822▕                 );
    823▕             }
    824▕

  [33m1   [39m[39;1mvendor\laravel\framework\src\Illuminate\Database\Connection.php[39;22m:[39;1m820[39;22m

  [33m2   [39m[39;1mvendor\laravel\framework\src\Illuminate\Database\Connection.php[39;22m:[39;1m571[39;22m
  [90m    NunoMaduro\Collision\Exceptions\TestException::("SQLSTATE[23505]: Unique violation: 7 FEHLER:  doppelter Schlüsselwert verletzt Unique-Constraint »user_organisation_roles_user_id_organisation_id_unique«
DETAIL:  Schlüssel »(user_id, organisation_id)=(a1e8eb8a-ef13-41dd-bd03-2202f31e8000, a1e8eb8a-e2cc-42cc-a4d3-1b6b0bc9f0d3)« existiert bereits.")[39m

  [31m────────────────────────────────────────────────────────────────────────────────────────────────────────────────────[39m  
  [41;1m FAILED [49;22m [1mTests\Feature\Integration\VotingMembershipIntegrationTest[22m [90m>[39m demo elec… [41;1m UniqueConstraintViolationException [49;22m  
[39;1m  SQLSTATE[23505]: Unique violation: 7 FEHLER:  doppelter Schlüsselwert verletzt Unique-Constraint »user_organisation_roles_user_id_organisation_id_unique«
DETAIL:  Schlüssel »(user_id, organisation_id)=(a1e8eb8b-631e-4dd0-bce6-b207b4b2d36b, a1e8eb8b-567b-4d78-9c90-257eb59706e5)« existiert bereits. (Connection: pgsql, SQL: insert into "user_organisation_roles" ("created_at", "id", "organisation_id", "role", "updated_at", "user_id") values (2026-05-31 08:52:42, 6ec552da-587f-4d87-a0ca-c9a161f6a68c, a1e8eb8b-567b-4d78-9c90-257eb59706e5, voter, 2026-05-31 08:52:42, a1e8eb8b-631e-4dd0-bce6-b207b4b2d36b))[39;22m

  at [32mvendor\laravel\framework\src\Illuminate\Database\Connection.php[39m:[32m820[39m
    816▕         // message to include the bindings with SQL, which will make this exception a
    817▕         // lot more helpful to the developer instead of just the database's errors.
    818▕         catch (Exception $e) {
    819▕             if ($this->isUniqueConstraintError($e)) {
  ➜ 820▕                 throw new UniqueConstraintViolationException(
    821▕                     $this->getName(), $query, $this->prepareBindings($bindings), $e
    822▕                 );
    823▕             }
    824▕

  [33m1   [39m[39;1mvendor\laravel\framework\src\Illuminate\Database\Connection.php[39;22m:[39;1m820[39;22m

  [33m2   [39m[39;1mvendor\laravel\framework\src\Illuminate\Database\Connection.php[39;22m:[39;1m571[39;22m
  [90m    NunoMaduro\Collision\Exceptions\TestException::("SQLSTATE[23505]: Unique violation: 7 FEHLER:  doppelter Schlüsselwert verletzt Unique-Constraint »user_organisation_roles_user_id_organisation_id_unique«
DETAIL:  Schlüssel »(user_id, organisation_id)=(a1e8eb8b-631e-4dd0-bce6-b207b4b2d36b, a1e8eb8b-567b-4d78-9c90-257eb59706e5)« existiert bereits.")[39m

  [31m────────────────────────────────────────────────────────────────────────────────────────────────────────────────────[39m  
  [41;1m FAILED [49;22m [1mTests\Feature\Integration\VotingMembershipIntegrationTest[22m [90m>[39m already v… [41;1m UniqueConstraintViolationException [49;22m  
[39;1m  SQLSTATE[23505]: Unique violation: 7 FEHLER:  doppelter Schlüsselwert verletzt Unique-Constraint »user_organisation_roles_user_id_organisation_id_unique«
DETAIL:  Schlüssel »(user_id, organisation_id)=(a1e8eb8b-bce8-4135-ab10-963b2033a856, a1e8eb8b-b48b-4157-b810-87b5963a1fa1)« existiert bereits. (Connection: pgsql, SQL: insert into "user_organisation_roles" ("created_at", "id", "organisation_id", "role", "updated_at", "user_id") values (2026-05-31 08:52:42, 7a63670a-cf2b-436f-8365-07933dcca6c2, a1e8eb8b-b48b-4157-b810-87b5963a1fa1, voter, 2026-05-31 08:52:42, a1e8eb8b-bce8-4135-ab10-963b2033a856))[39;22m

  at [32mvendor\laravel\framework\src\Illuminate\Database\Connection.php[39m:[32m820[39m
    816▕         // message to include the bindings with SQL, which will make this exception a
    817▕         // lot more helpful to the developer instead of just the database's errors.
    818▕         catch (Exception $e) {
    819▕             if ($this->isUniqueConstraintError($e)) {
  ➜ 820▕                 throw new UniqueConstraintViolationException(
    821▕                     $this->getName(), $query, $this->prepareBindings($bindings), $e
    822▕                 );
    823▕             }
    824▕

  [33m1   [39m[39;1mvendor\laravel\framework\src\Illuminate\Database\Connection.php[39;22m:[39;1m820[39;22m

  [33m2   [39m[39;1mvendor\laravel\framework\src\Illuminate\Database\Connection.php[39;22m:[39;1m571[39;22m
  [90m    NunoMaduro\Collision\Exceptions\TestException::("SQLSTATE[23505]: Unique violation: 7 FEHLER:  doppelter Schlüsselwert verletzt Unique-Constraint »user_organisation_roles_user_id_organisation_id_unique«
DETAIL:  Schlüssel »(user_id, organisation_id)=(a1e8eb8b-bce8-4135-ab10-963b2033a856, a1e8eb8b-b48b-4157-b810-87b5963a1fa1)« existiert bereits.")[39m

  [31m────────────────────────────────────────────────────────────────────────────────────────────────────────────────────[39m  
  [41;1m FAILED [49;22m [1mTests\Feature\Integration\VotingMembershipIntegrationTest[22m [90m>[39m voter rem… [41;1m UniqueConstraintViolationException [49;22m  
[39;1m  SQLSTATE[23505]: Unique violation: 7 FEHLER:  doppelter Schlüsselwert verletzt Unique-Constraint »user_organisation_roles_user_id_organisation_id_unique«
DETAIL:  Schlüssel »(user_id, organisation_id)=(a1e8eb8c-30ea-419b-ab4c-a58f364f74a7, a1e8eb8c-26eb-4ea6-9d6d-6c1d3dfecc0e)« existiert bereits. (Connection: pgsql, SQL: insert into "user_organisation_roles" ("created_at", "id", "organisation_id", "role", "updated_at", "user_id") values (2026-05-31 08:52:43, 81b768d8-c5af-4c8a-b161-3c2787b91d3c, a1e8eb8c-26eb-4ea6-9d6d-6c1d3dfecc0e, voter, 2026-05-31 08:52:43, a1e8eb8c-30ea-419b-ab4c-a58f364f74a7))[39;22m

  at [32mvendor\laravel\framework\src\Illuminate\Database\Connection.php[39m:[32m820[39m
    816▕         // message to include the bindings with SQL, which will make this exception a
    817▕         // lot more helpful to the developer instead of just the database's errors.
    818▕         catch (Exception $e) {
    819▕             if ($this->isUniqueConstraintError($e)) {
  ➜ 820▕                 throw new UniqueConstraintViolationException(
    821▕                     $this->getName(), $query, $this->prepareBindings($bindings), $e
    822▕                 );
    823▕             }
    824▕

  [33m1   [39m[39;1mvendor\laravel\framework\src\Illuminate\Database\Connection.php[39;22m:[39;1m820[39;22m

  [33m2   [39m[39;1mvendor\laravel\framework\src\Illuminate\Database\Connection.php[39;22m:[39;1m571[39;22m
  [90m    NunoMaduro\Collision\Exceptions\TestException::("SQLSTATE[23505]: Unique violation: 7 FEHLER:  doppelter Schlüsselwert verletzt Unique-Constraint »user_organisation_roles_user_id_organisation_id_unique«
DETAIL:  Schlüssel »(user_id, organisation_id)=(a1e8eb8c-30ea-419b-ab4c-a58f364f74a7, a1e8eb8c-26eb-4ea6-9d6d-6c1d3dfecc0e)« existiert bereits.")[39m

  [31m────────────────────────────────────────────────────────────────────────────────────────────────────────────────────[39m  
  [41;1m FAILED [49;22m [1mTests\Feature\IpRestriction\ElectionIpRestrictionTest[22m [90m>[39m show passes ip blocked true when…  [41;1m QueryException [49;22m  
[39;1m  SQLSTATE[23502]: Not null violation: 7 FEHLER:  NULL-Wert in Spalte »organisation_id« von Relation »election_memberships« verletzt Not-Null-Constraint
DETAIL:  Fehlgeschlagene Zeile enthält (a1e8eb8c-a376-4eaa-a2d6-4c451fa139af, a1e8eb8c-953a-4a67-bb7d-bceb2586e8a4, null, a1e8eb8c-9d4b-453d-8c8a-d131acd4d32a, voter, active, null, null, null, null, {}, 2026-05-31 08:52:43, 2026-05-31 08:52:43, f, null, none, null, null, null). (Connection: pgsql, SQL: insert into "election_memberships" ("role", "status", "metadata", "has_voted", "suspension_status", "user_id", "election_id", "id", "organisation_id", "updated_at", "created_at") values (voter, active, {}, 0, none, a1e8eb8c-953a-4a67-bb7d-bceb2586e8a4, a1e8eb8c-9d4b-453d-8c8a-d131acd4d32a, a1e8eb8c-a376-4eaa-a2d6-4c451fa139af, ?, 2026-05-31 08:52:43, 2026-05-31 08:52:43))[39;22m

  at [32mvendor\laravel\framework\src\Illuminate\Database\Connection.php[39m:[32m825[39m
    821▕                     $this->getName(), $query, $this->prepareBindings($bindings), $e
    822▕                 );
    823▕             }
    824▕ 
  ➜ 825▕             throw new QueryException(
    826▕                 $this->getName(), $query, $this->prepareBindings($bindings), $e
    827▕             );
    828▕         }
    829▕     }

  [33m1   [39m[39;1mvendor\laravel\framework\src\Illuminate\Database\Connection.php[39;22m:[39;1m825[39;22m

  [33m2   [39m[39;1mvendor\laravel\framework\src\Illuminate\Database\Connection.php[39;22m:[39;1m571[39;22m
  [90m    NunoMaduro\Collision\Exceptions\TestException::("SQLSTATE[23502]: Not null violation: 7 FEHLER:  NULL-Wert in Spalte »organisation_id« von Relation »election_memberships« verletzt Not-Null-Constraint
DETAIL:  Fehlgeschlagene Zeile enthält (a1e8eb8c-a376-4eaa-a2d6-4c451fa139af, a1e8eb8c-953a-4a67-bb7d-bceb2586e8a4, null, a1e8eb8c-9d4b-453d-8c8a-d131acd4d32a, voter, active, null, null, null, null, {}, 2026-05-31 08:52:43, 2026-05-31 08:52:43, f, null, none, null, null, null).")[39m

  [31m────────────────────────────────────────────────────────────────────────────────────────────────────────────────────[39m  
  [41;1m FAILED [49;22m [1mTests\Feature\IpRestriction\ElectionIpRestrictionTest[22m [90m>[39m show passes ip blocked false for…  [41;1m QueryException [49;22m  
[39;1m  SQLSTATE[23502]: Not null violation: 7 FEHLER:  NULL-Wert in Spalte »organisation_id« von Relation »election_memberships« verletzt Not-Null-Constraint
DETAIL:  Fehlgeschlagene Zeile enthält (a1e8eb8c-fb90-46c6-a64c-376481e44ee1, a1e8eb8c-f200-4ad0-9d1d-c2ae535363f3, null, a1e8eb8c-f84e-494b-84fa-9178a1325cca, voter, active, null, null, null, null, {}, 2026-05-31 08:52:43, 2026-05-31 08:52:43, f, null, none, null, null, null). (Connection: pgsql, SQL: insert into "election_memberships" ("role", "status", "metadata", "has_voted", "suspension_status", "user_id", "election_id", "id", "organisation_id", "updated_at", "created_at") values (voter, active, {}, 0, none, a1e8eb8c-f200-4ad0-9d1d-c2ae535363f3, a1e8eb8c-f84e-494b-84fa-9178a1325cca, a1e8eb8c-fb90-46c6-a64c-376481e44ee1, ?, 2026-05-31 08:52:43, 2026-05-31 08:52:43))[39;22m

  at [32mvendor\laravel\framework\src\Illuminate\Database\Connection.php[39m:[32m825[39m
    821▕                     $this->getName(), $query, $this->prepareBindings($bindings), $e
    822▕                 );
    823▕             }
    824▕ 
  ➜ 825▕             throw new QueryException(
    826▕                 $this->getName(), $query, $this->prepareBindings($bindings), $e
    827▕             );
    828▕         }
    829▕     }

  [33m1   [39m[39;1mvendor\laravel\framework\src\Illuminate\Database\Connection.php[39;22m:[39;1m825[39;22m

  [33m2   [39m[39;1mvendor\laravel\framework\src\Illuminate\Database\Connection.php[39;22m:[39;1m571[39;22m
  [90m    NunoMaduro\Collision\Exceptions\TestException::("SQLSTATE[23502]: Not null violation: 7 FEHLER:  NULL-Wert in Spalte »organisation_id« von Relation »election_memberships« verletzt Not-Null-Constraint
DETAIL:  Fehlgeschlagene Zeile enthält (a1e8eb8c-fb90-46c6-a64c-376481e44ee1, a1e8eb8c-f200-4ad0-9d1d-c2ae535363f3, null, a1e8eb8c-f84e-494b-84fa-9178a1325cca, voter, active, null, null, null, null, {}, 2026-05-31 08:52:43, 2026-05-31 08:52:43, f, null, none, null, null, null).")[39m

  [31m────────────────────────────────────────────────────────────────────────────────────────────────────────────────────[39m  
  [41;1m FAILED [49;22m [1mTests\Feature\IpRestriction\ElectionIpRestrictionTest[22m [90m>[39m show passes ip blocked false when… [41;1m QueryException [49;22m  
[39;1m  SQLSTATE[23502]: Not null violation: 7 FEHLER:  NULL-Wert in Spalte »organisation_id« von Relation »election_memberships« verletzt Not-Null-Constraint
DETAIL:  Fehlgeschlagene Zeile enthält (a1e8eb8d-5590-46a8-b2a3-85a5b5cc9a12, a1e8eb8d-498b-4b91-b99c-9cdf7bba43af, null, a1e8eb8d-4fb2-4721-a511-115d9e3d8147, voter, active, null, null, null, null, {}, 2026-05-31 08:52:43, 2026-05-31 08:52:43, f, null, none, null, null, null). (Connection: pgsql, SQL: insert into "election_memberships" ("role", "status", "metadata", "has_voted", "suspension_status", "user_id", "election_id", "id", "organisation_id", "updated_at", "created_at") values (voter, active, {}, 0, none, a1e8eb8d-498b-4b91-b99c-9cdf7bba43af, a1e8eb8d-4fb2-4721-a511-115d9e3d8147, a1e8eb8d-5590-46a8-b2a3-85a5b5cc9a12, ?, 2026-05-31 08:52:43, 2026-05-31 08:52:43))[39;22m

  at [32mvendor\laravel\framework\src\Illuminate\Database\Connection.php[39m:[32m825[39m
    821▕                     $this->getName(), $query, $this->prepareBindings($bindings), $e
    822▕                 );
    823▕             }
    824▕ 
  ➜ 825▕             throw new QueryException(
    826▕                 $this->getName(), $query, $this->prepareBindings($bindings), $e
    827▕             );
    828▕         }
    829▕     }

  [33m1   [39m[39;1mvendor\laravel\framework\src\Illuminate\Database\Connection.php[39;22m:[39;1m825[39;22m

  [33m2   [39m[39;1mvendor\laravel\framework\src\Illuminate\Database\Connection.php[39;22m:[39;1m571[39;22m
  [90m    NunoMaduro\Collision\Exceptions\TestException::("SQLSTATE[23502]: Not null violation: 7 FEHLER:  NULL-Wert in Spalte »organisation_id« von Relation »election_memberships« verletzt Not-Null-Constraint
DETAIL:  Fehlgeschlagene Zeile enthält (a1e8eb8d-5590-46a8-b2a3-85a5b5cc9a12, a1e8eb8d-498b-4b91-b99c-9cdf7bba43af, null, a1e8eb8d-4fb2-4721-a511-115d9e3d8147, voter, active, null, null, null, null, {}, 2026-05-31 08:52:43, 2026-05-31 08:52:43, f, null, none, null, null, null).")[39m

  [31m────────────────────────────────────────────────────────────────────────────────────────────────────────────────────[39m  
  [41;1m FAILED [49;22m [1mTests\Feature\IpRestriction\ElectionIpRestrictionTest[22m [90m>[39m start redirects with error when i… [41;1m QueryException [49;22m  
[39;1m  SQLSTATE[23502]: Not null violation: 7 FEHLER:  NULL-Wert in Spalte »organisation_id« von Relation »election_memberships« verletzt Not-Null-Constraint
DETAIL:  Fehlgeschlagene Zeile enthält (a1e8eb8d-b910-4c4f-ac2b-f25912889637, a1e8eb8d-af36-474b-a4ff-d3764e6cdb6c, null, a1e8eb8d-b511-4b5a-a859-9e7113d60b5a, voter, active, null, null, null, null, {}, 2026-05-31 08:52:44, 2026-05-31 08:52:44, f, null, none, null, null, null). (Connection: pgsql, SQL: insert into "election_memberships" ("role", "status", "metadata", "has_voted", "suspension_status", "user_id", "election_id", "id", "organisation_id", "updated_at", "created_at") values (voter, active, {}, 0, none, a1e8eb8d-af36-474b-a4ff-d3764e6cdb6c, a1e8eb8d-b511-4b5a-a859-9e7113d60b5a, a1e8eb8d-b910-4c4f-ac2b-f25912889637, ?, 2026-05-31 08:52:44, 2026-05-31 08:52:44))[39;22m

  at [32mvendor\laravel\framework\src\Illuminate\Database\Connection.php[39m:[32m825[39m
    821▕                     $this->getName(), $query, $this->prepareBindings($bindings), $e
    822▕                 );
    823▕             }
    824▕ 
  ➜ 825▕             throw new QueryException(
    826▕                 $this->getName(), $query, $this->prepareBindings($bindings), $e
    827▕             );
    828▕         }
    829▕     }

  [33m1   [39m[39;1mvendor\laravel\framework\src\Illuminate\Database\Connection.php[39;22m:[39;1m825[39;22m

  [33m2   [39m[39;1mvendor\laravel\framework\src\Illuminate\Database\Connection.php[39;22m:[39;1m571[39;22m
  [90m    NunoMaduro\Collision\Exceptions\TestException::("SQLSTATE[23502]: Not null violation: 7 FEHLER:  NULL-Wert in Spalte »organisation_id« von Relation »election_memberships« verletzt Not-Null-Constraint
DETAIL:  Fehlgeschlagene Zeile enthält (a1e8eb8d-b910-4c4f-ac2b-f25912889637, a1e8eb8d-af36-474b-a4ff-d3764e6cdb6c, null, a1e8eb8d-b511-4b5a-a859-9e7113d60b5a, voter, active, null, null, null, null, {}, 2026-05-31 08:52:44, 2026-05-31 08:52:44, f, null, none, null, null, null).")[39m

  [31m────────────────────────────────────────────────────────────────────────────────────────────────────────────────────[39m  
  [41;1m FAILED [49;22m [1mTests\Feature\IpRestriction\ElectionIpRestrictionTest[22m [90m>[39m start creates slug for whiteliste… [41;1m QueryException [49;22m  
[39;1m  SQLSTATE[23502]: Not null violation: 7 FEHLER:  NULL-Wert in Spalte »organisation_id« von Relation »election_memberships« verletzt Not-Null-Constraint
DETAIL:  Fehlgeschlagene Zeile enthält (a1e8eb8e-361b-4be7-ab8a-642d0bb54983, a1e8eb8e-2ca0-4661-97bf-b37014b5d492, null, a1e8eb8e-3115-4997-81ea-b5c4904e8843, voter, active, null, null, null, null, {}, 2026-05-31 08:52:44, 2026-05-31 08:52:44, f, null, none, null, null, null). (Connection: pgsql, SQL: insert into "election_memberships" ("role", "status", "metadata", "has_voted", "suspension_status", "user_id", "election_id", "id", "organisation_id", "updated_at", "created_at") values (voter, active, {}, 0, none, a1e8eb8e-2ca0-4661-97bf-b37014b5d492, a1e8eb8e-3115-4997-81ea-b5c4904e8843, a1e8eb8e-361b-4be7-ab8a-642d0bb54983, ?, 2026-05-31 08:52:44, 2026-05-31 08:52:44))[39;22m

  at [32mvendor\laravel\framework\src\Illuminate\Database\Connection.php[39m:[32m825[39m
    821▕                     $this->getName(), $query, $this->prepareBindings($bindings), $e
    822▕                 );
    823▕             }
    824▕ 
  ➜ 825▕             throw new QueryException(
    826▕                 $this->getName(), $query, $this->prepareBindings($bindings), $e
    827▕             );
    828▕         }
    829▕     }

  [33m1   [39m[39;1mvendor\laravel\framework\src\Illuminate\Database\Connection.php[39;22m:[39;1m825[39;22m

  [33m2   [39m[39;1mvendor\laravel\framework\src\Illuminate\Database\Connection.php[39;22m:[39;1m571[39;22m
  [90m    NunoMaduro\Collision\Exceptions\TestException::("SQLSTATE[23502]: Not null violation: 7 FEHLER:  NULL-Wert in Spalte »organisation_id« von Relation »election_memberships« verletzt Not-Null-Constraint
DETAIL:  Fehlgeschlagene Zeile enthält (a1e8eb8e-361b-4be7-ab8a-642d0bb54983, a1e8eb8e-2ca0-4661-97bf-b37014b5d492, null, a1e8eb8e-3115-4997-81ea-b5c4904e8843, voter, active, null, null, null, null, {}, 2026-05-31 08:52:44, 2026-05-31 08:52:44, f, null, none, null, null, null).")[39m

  [31m────────────────────────────────────────────────────────────────────────────────────────────────────────────────────[39m  
  [41;1m FAILED [49;22m [1mTests\Feature\IpRestriction\ElectionIpRestrictionTest[22m [90m>[39m show enforces global limit when p… [41;1m QueryException [49;22m  
[39;1m  SQLSTATE[23502]: Not null violation: 7 FEHLER:  NULL-Wert in Spalte »organisation_id« von Relation »election_memberships« verletzt Not-Null-Constraint
DETAIL:  Fehlgeschlagene Zeile enthält (a1e8eb8e-8c7f-4b50-ab53-bbd85a9e2d79, a1e8eb8e-846b-4e66-8ae2-75ad70235c1d, null, a1e8eb8e-88ee-4aa2-9519-fbe051479e8f, voter, active, null, null, null, null, {}, 2026-05-31 08:52:44, 2026-05-31 08:52:44, f, null, none, null, null, null). (Connection: pgsql, SQL: insert into "election_memberships" ("role", "status", "metadata", "has_voted", "suspension_status", "user_id", "election_id", "id", "organisation_id", "updated_at", "created_at") values (voter, active, {}, 0, none, a1e8eb8e-846b-4e66-8ae2-75ad70235c1d, a1e8eb8e-88ee-4aa2-9519-fbe051479e8f, a1e8eb8e-8c7f-4b50-ab53-bbd85a9e2d79, ?, 2026-05-31 08:52:44, 2026-05-31 08:52:44))[39;22m

  at [32mvendor\laravel\framework\src\Illuminate\Database\Connection.php[39m:[32m825[39m
    821▕                     $this->getName(), $query, $this->prepareBindings($bindings), $e
    822▕                 );
    823▕             }
    824▕ 
  ➜ 825▕             throw new QueryException(
    826▕                 $this->getName(), $query, $this->prepareBindings($bindings), $e
    827▕             );
    828▕         }
    829▕     }

  [33m1   [39m[39;1mvendor\laravel\framework\src\Illuminate\Database\Connection.php[39;22m:[39;1m825[39;22m

  [33m2   [39m[39;1mvendor\laravel\framework\src\Illuminate\Database\Connection.php[39;22m:[39;1m571[39;22m
  [90m    NunoMaduro\Collision\Exceptions\TestException::("SQLSTATE[23502]: Not null violation: 7 FEHLER:  NULL-Wert in Spalte »organisation_id« von Relation »election_memberships« verletzt Not-Null-Constraint
DETAIL:  Fehlgeschlagene Zeile enthält (a1e8eb8e-8c7f-4b50-ab53-bbd85a9e2d79, a1e8eb8e-846b-4e66-8ae2-75ad70235c1d, null, a1e8eb8e-88ee-4aa2-9519-fbe051479e8f, voter, active, null, null, null, null, {}, 2026-05-31 08:52:44, 2026-05-31 08:52:44, f, null, none, null, null, null).")[39m

  [31m────────────────────────────────────────────────────────────────────────────────────────────────────────────────────[39m  
  [41;1m FAILED [49;22m [1mTests\Feature\IpRestriction\ElectionIpRestrictionTest[22m [90m>[39m whitelist bypasses global limit    [41;1m QueryException [49;22m  
[39;1m  SQLSTATE[23502]: Not null violation: 7 FEHLER:  NULL-Wert in Spalte »organisation_id« von Relation »election_memberships« verletzt Not-Null-Constraint
DETAIL:  Fehlgeschlagene Zeile enthält (a1e8eb8e-efce-4fa9-82da-93936f81cf01, a1e8eb8e-e65e-468d-b0cd-d8d69d2cc85f, null, a1e8eb8e-eb6a-400b-b6ad-ea366e2f12e1, voter, active, null, null, null, null, {}, 2026-05-31 08:52:44, 2026-05-31 08:52:44, f, null, none, null, null, null). (Connection: pgsql, SQL: insert into "election_memberships" ("role", "status", "metadata", "has_voted", "suspension_status", "user_id", "election_id", "id", "organisation_id", "updated_at", "created_at") values (voter, active, {}, 0, none, a1e8eb8e-e65e-468d-b0cd-d8d69d2cc85f, a1e8eb8e-eb6a-400b-b6ad-ea366e2f12e1, a1e8eb8e-efce-4fa9-82da-93936f81cf01, ?, 2026-05-31 08:52:44, 2026-05-31 08:52:44))[39;22m

  at [32mvendor\laravel\framework\src\Illuminate\Database\Connection.php[39m:[32m825[39m
    821▕                     $this->getName(), $query, $this->prepareBindings($bindings), $e
    822▕                 );
    823▕             }
    824▕ 
  ➜ 825▕             throw new QueryException(
    826▕                 $this->getName(), $query, $this->prepareBindings($bindings), $e
    827▕             );
    828▕         }
    829▕     }

  [33m1   [39m[39;1mvendor\laravel\framework\src\Illuminate\Database\Connection.php[39;22m:[39;1m825[39;22m

  [33m2   [39m[39;1mvendor\laravel\framework\src\Illuminate\Database\Connection.php[39;22m:[39;1m571[39;22m
  [90m    NunoMaduro\Collision\Exceptions\TestException::("SQLSTATE[23502]: Not null violation: 7 FEHLER:  NULL-Wert in Spalte »organisation_id« von Relation »election_memberships« verletzt Not-Null-Constraint
DETAIL:  Fehlgeschlagene Zeile enthält (a1e8eb8e-efce-4fa9-82da-93936f81cf01, a1e8eb8e-e65e-468d-b0cd-d8d69d2cc85f, null, a1e8eb8e-eb6a-400b-b6ad-ea366e2f12e1, voter, active, null, null, null, null, {}, 2026-05-31 08:52:44, 2026-05-31 08:52:44, f, null, none, null, null, null).")[39m

  [31m────────────────────────────────────────────────────────────────────────────────────────────────────────────────────[39m  
  [41;1m FAILED [49;22m [1mTests\Feature\IpRestriction\ElectionIpRestrictionTest[22m [90m>[39m show passes correct remaining vot… [41;1m QueryException [49;22m  
[39;1m  SQLSTATE[23502]: Not null violation: 7 FEHLER:  NULL-Wert in Spalte »organisation_id« von Relation »election_memberships« verletzt Not-Null-Constraint
DETAIL:  Fehlgeschlagene Zeile enthält (a1e8eb8f-5182-44e7-a0af-d116fbd2f2d9, a1e8eb8f-447b-49d9-b77a-4c1b023b9696, null, a1e8eb8f-4d6e-47b4-a613-fab08e8fac09, voter, active, null, null, null, null, {}, 2026-05-31 08:52:45, 2026-05-31 08:52:45, f, null, none, null, null, null). (Connection: pgsql, SQL: insert into "election_memberships" ("role", "status", "metadata", "has_voted", "suspension_status", "user_id", "election_id", "id", "organisation_id", "updated_at", "created_at") values (voter, active, {}, 0, none, a1e8eb8f-447b-49d9-b77a-4c1b023b9696, a1e8eb8f-4d6e-47b4-a613-fab08e8fac09, a1e8eb8f-5182-44e7-a0af-d116fbd2f2d9, ?, 2026-05-31 08:52:45, 2026-05-31 08:52:45))[39;22m

  at [32mvendor\laravel\framework\src\Illuminate\Database\Connection.php[39m:[32m825[39m
    821▕                     $this->getName(), $query, $this->prepareBindings($bindings), $e
    822▕                 );
    823▕             }
    824▕ 
  ➜ 825▕             throw new QueryException(
    826▕                 $this->getName(), $query, $this->prepareBindings($bindings), $e
    827▕             );
    828▕         }
    829▕     }

  [33m1   [39m[39;1mvendor\laravel\framework\src\Illuminate\Database\Connection.php[39;22m:[39;1m825[39;22m

  [33m2   [39m[39;1mvendor\laravel\framework\src\Illuminate\Database\Connection.php[39;22m:[39;1m571[39;22m
  [90m    NunoMaduro\Collision\Exceptions\TestException::("SQLSTATE[23502]: Not null violation: 7 FEHLER:  NULL-Wert in Spalte »organisation_id« von Relation »election_memberships« verletzt Not-Null-Constraint
DETAIL:  Fehlgeschlagene Zeile enthält (a1e8eb8f-5182-44e7-a0af-d116fbd2f2d9, a1e8eb8f-447b-49d9-b77a-4c1b023b9696, null, a1e8eb8f-4d6e-47b4-a613-fab08e8fac09, voter, active, null, null, null, null, {}, 2026-05-31 08:52:45, 2026-05-31 08:52:45, f, null, none, null, null, null).")[39m

  [31m────────────────────────────────────────────────────────────────────────────────────────────────────────────────────[39m  
  [41;1m FAILED [49;22m [1mTests\Feature\Jobs\ScheduledJobsTest[22m [90m>[39m scheduled jobs have callbacks                                         
[39;1m  Each scheduled event should have a command or callback
Failed asserting that false is true.[39;22m

  at [32mtests\Feature\Jobs\ScheduledJobsTest.php[39m:[32m121[39m
    117▕ 
    118▕         foreach ($events as $event) {
    119▕             // Each event should have a way to execute
    120▕             // (either command, callable, or closure)
  ➜ 121▕             $this->assertTrue(
    122▕                 isset($event->command) || isset($event->callback) || is_callable($event),
    123▕                 'Each scheduled event should have a command or callback'
    124▕             );
    125▕         }

  [33m1   [39m[39;1mtests\Feature\Jobs\ScheduledJobsTest.php[39;22m:[39;1m121[39;22m

  [31m────────────────────────────────────────────────────────────────────────────────────────────────────────────────────[39m  
  [41;1m FAILED [49;22m [1mTests\Feature\Membership\CommitteeManagementHttpTest[22m [90m>[39m admin can create committee                            
[39;1m  Failed asserting that null matches expected 'Committee created successfully.'.

The following errors occurred during the last request:

type ist erforderlich.
governance level ist erforderlich.
geo unit id ist erforderlich.[39;22m

  at [32mtests\Feature\Membership\CommitteeManagementHttpTest.php[39m:[32m137[39m
    133▕                 'code' => 'TEST-001',
    134▕             ]);
    135▕ 
    136▕         $response->assertRedirect();
  ➜ 137▕         $response->assertSessionHas('success', 'Committee created successfully.');
    138▕ 
    139▕         $this->assertDatabaseHas('committees', [
    140▕             'organisation_id' => $this->organisation->id,
    141▕             'name' => 'Test Committee',

  [31m────────────────────────────────────────────────────────────────────────────────────────────────────────────────────[39m  
  [41;1m FAILED [49;22m [1mTests\Feature\Membership\CommitteeManagementHttpTest[22m [90m>[39m admin can create committee with geo selections        
[39;1m  Failed asserting that null matches expected 'Committee created successfully.'.

The following errors occurred during the last request:

type ist erforderlich.
governance level ist erforderlich.
geo unit id ist erforderlich.[39;22m

  at [32mtests\Feature\Membership\CommitteeManagementHttpTest.php[39m:[32m169[39m
    165▕                 ],
    166▕             ]);
    167▕ 
    168▕         $response->assertRedirect();
  ➜ 169▕         $response->assertSessionHas('success', 'Committee created successfully.');
    170▕ 
    171▕         $this->assertDatabaseHas('committees', [
    172▕             'organisation_id' => $this->organisation->id,
    173▕             'name' => 'Europe Committee',

  [31m────────────────────────────────────────────────────────────────────────────────────────────────────────────────────[39m  
  [41;1m FAILED [49;22m [1mTests\Feature\Membership\CommitteeManagementHttpTest[22m [90m>[39m admin can view edit form                              
[39;1m  Expected response status code [200] but received 404.
Failed asserting that 404 is identical to 200.[39;22m

  at [32mtests\Feature\Membership\CommitteeManagementHttpTest.php[39m:[32m191[39m
    187▕                 'organisation' => $this->organisation,
    188▕                 'committee' => $committee->slug,
    189▕             ]));
    190▕ 
  ➜ 191▕         $response->assertStatus(200);
    192▕         $response->assertInertia(fn ($page) => $page
    193▕             ->component('Committee/Edit')
    194▕             ->where('committee.id', $committee->id)
    195▕             ->where('committee.name', $committee->name)

  [31m────────────────────────────────────────────────────────────────────────────────────────────────────────────────────[39m  
  [41;1m FAILED [49;22m [1mTests\Feature\Membership\CommitteeManagementHttpTest[22m [90m>[39m admin can update committee                            
[39;1m  Expected response status code [201, 301, 302, 303, 307, 308] but received 404.
Failed asserting that false is true.[39;22m

  at [32mtests\Feature\Membership\CommitteeManagementHttpTest.php[39m:[32m212[39m
    208▕                 'name' => 'Updated Committee',
    209▕                 'status' => 'inactive',
    210▕             ]);
    211▕ 
  ➜ 212▕         $response->assertRedirect();
    213▕         $response->assertSessionHas('success', 'Committee updated successfully.');
    214▕ 
    215▕         $this->assertDatabaseHas('committees', [
    216▕             'id' => $committee->id,

  [31m────────────────────────────────────────────────────────────────────────────────────────────────────────────────────[39m  
  [41;1m FAILED [49;22m [1mTests\Feature\Membership\CommitteeManagementHttpTest[22m [90m>[39m admin can search members                              
[39;1m  Failed to assert that the response count matched the expected 1
Failed asserting that actual size 0 matches expected size 1.[39;22m

  at [32mtests\Feature\Membership\CommitteeManagementHttpTest.php[39m:[32m228[39m
    224▕         $response = $this->actingAs($this->admin)
    225▕             ->get(route('members.search', ['organisation' => $this->organisation]) . '?q=' . substr($this->member->name, 0, 3));
    226▕ 
    227▕         $response->assertStatus(200);
  ➜ 228▕         $response->assertJsonCount(1);
    229▕         $response->assertJsonFragment(['id' => $this->member->id]);
    230▕     }
    231▕ 
    232▕     public function test_member_search_requires_minimum_query_length(): void

  [31m────────────────────────────────────────────────────────────────────────────────────────────────────────────────────[39m  
  [41;1m FAILED [49;22m [1mTests\Feature\Membership\CommitteeManagementHttpTest[22m [90m>[39m assign member route exists                            
[39;1m  Failed asserting that an array contains 404.[39;22m

  at [32mtests\Feature\Membership\CommitteeManagementHttpTest.php[39m:[32m257[39m
    253▕                 'role_path' => '1.1',
    254▕                 'nomination_type' => 'appointed',
    255▕             ]);
    256▕ 
  ➜ 257▕         $this->assertContains($response->status(), [200, 302, 422]);
    258▕     }
    259▕ 
    260▕     public function test_remove_member_route_exists(): void
    261▕     {

  [33m1   [39m[39;1mtests\Feature\Membership\CommitteeManagementHttpTest.php[39;22m:[39;1m257[39;22m

  [31m────────────────────────────────────────────────────────────────────────────────────────────────────────────────────[39m  
  [41;1m FAILED [49;22m [1mTests\Feature\Membership\CommitteeManagementTest[22m [90m>[39m admin can remove member from committee via http           
[39;1m  Expected response status code [201, 301, 302, 303, 307, 308] but received 404.
Failed asserting that false is true.[39;22m

  at [32mtests\Feature\Membership\CommitteeManagementTest.php[39m:[32m75[39m
     71▕                 'committee' => $this->committee->slug,
     72▕                 'assignmentId' => $this->assignmentId,
     73▕             ]));
     74▕ 
  ➜  75▕         $response->assertRedirect();
     76▕         $response->assertSessionHas('success');
     77▕     }
     78▕ 
     79▕     public function test_guest_cannot_remove_member(): void

  [31m────────────────────────────────────────────────────────────────────────────────────────────────────────────────────[39m  
  [41;1m FAILED [49;22m [1mTests\Feature\Membership\CommitteeManagementTest[22m [90m>[39m guest cannot remove member                                
[39;1m  Expected response status code [201, 301, 302, 303, 307, 308] but received 404.
Failed asserting that false is true.[39;22m

  at [32mtests\Feature\Membership\CommitteeManagementTest.php[39m:[32m87[39m
     83▕             'committee' => $this->committee->slug,
     84▕             'assignmentId' => $this->assignmentId,
     85▕         ]));
     86▕ 
  ➜  87▕         $response->assertRedirect(route('login'));
     88▕     }
     89▕ 
     90▕     public function test_non_admin_cannot_remove_member(): void
     91▕     {

  [31m────────────────────────────────────────────────────────────────────────────────────────────────────────────────────[39m  
  [41;1m FAILED [49;22m [1mTests\Feature\Membership\CommitteeManagementTest[22m [90m>[39m non admin cannot remove member                            
[39;1m  Expected response status code [403] but received 404.
Failed asserting that 404 is identical to 403.[39;22m

  at [32mtests\Feature\Membership\CommitteeManagementTest.php[39m:[32m99[39m
     95▕                 'committee' => $this->committee->slug,
     96▕                 'assignmentId' => $this->assignmentId,
     97▕             ]));
     98▕ 
  ➜  99▕         $response->assertForbidden();
    100▕     }
    101▕ 
    102▕     public function test_admin_can_update_committee_name_via_http(): void
    103▕     {

  [31m────────────────────────────────────────────────────────────────────────────────────────────────────────────────────[39m  
  [41;1m FAILED [49;22m [1mTests\Feature\Membership\CommitteeManagementTest[22m [90m>[39m admin can update committee name via http                  
[39;1m  Expected response status code [201, 301, 302, 303, 307, 308] but received 404.
Failed asserting that false is true.[39;22m

  at [32mtests\Feature\Membership\CommitteeManagementTest.php[39m:[32m114[39m
    110▕             ]), [
    111▕                 'name' => $newName,
    112▕             ]);
    113▕ 
  ➜ 114▕         $response->assertRedirect();
    115▕         $response->assertSessionHas('success');
    116▕     }
    117▕ 
    118▕     public function test_guest_cannot_update_committee(): void

  [31m────────────────────────────────────────────────────────────────────────────────────────────────────────────────────[39m  
  [41;1m FAILED [49;22m [1mTests\Feature\Membership\CommitteeManagementTest[22m [90m>[39m guest cannot update committee                             
[39;1m  Expected response status code [201, 301, 302, 303, 307, 308] but received 404.
Failed asserting that false is true.[39;22m

  at [32mtests\Feature\Membership\CommitteeManagementTest.php[39m:[32m127[39m
    123▕         ]), [
    124▕             'name' => 'Updated Name',
    125▕         ]);
    126▕ 
  ➜ 127▕         $response->assertRedirect(route('login'));
    128▕     }
    129▕ 
    130▕     public function test_non_admin_cannot_update_committee(): void
    131▕     {

  [31m────────────────────────────────────────────────────────────────────────────────────────────────────────────────────[39m  
  [41;1m FAILED [49;22m [1mTests\Feature\Membership\CommitteeManagementTest[22m [90m>[39m non admin cannot update committee                         
[39;1m  Expected response status code [403] but received 404.
Failed asserting that 404 is identical to 403.[39;22m

  at [32mtests\Feature\Membership\CommitteeManagementTest.php[39m:[32m140[39m
    136▕             ]), [
    137▕                 'name' => 'Updated Name',
    138▕             ]);
    139▕ 
  ➜ 140▕         $response->assertForbidden();
    141▕     }
    142▕ }

  [31m────────────────────────────────────────────────────────────────────────────────────────────────────────────────────[39m  
  [41;1m FAILED [49;22m [1mTests\Feature\Membership\Domain\OrganisationParticipantTest[22m [90m>[39m can create staff participan… [41;1m QueryException [49;22m  
[39;1m  SQLSTATE[23514]: Check violation: 7 FEHLER:  neue Zeile für Relation »organisation_participants« verletzt Check-Constraint »organisation_participants_role_check«
DETAIL:  Fehlgeschlagene Zeile enthält (a1e8ebb1-60f4-49dc-b5e0-3af6f9dd2b35, a1e8ebb1-52d6-4bf3-b743-f6a88ab8b356, a1e8ebb1-5c42-4157-8574-74c4dc506999, staff, 2026-05-31 08:53:07, null, null, 2026-05-31 08:53:07, 2026-05-31 08:53:07, null, coordinator). (Connection: pgsql, SQL: insert into "organisation_participants" ("organisation_id", "user_id", "participant_type", "assigned_at", "role", "id", "updated_at", "created_at") values (a1e8ebb1-52d6-4bf3-b743-f6a88ab8b356, a1e8ebb1-5c42-4157-8574-74c4dc506999, staff, 2026-05-31 08:53:07, coordinator, a1e8ebb1-60f4-49dc-b5e0-3af6f9dd2b35, 2026-05-31 08:53:07, 2026-05-31 08:53:07))[39;22m

  at [32mvendor\laravel\framework\src\Illuminate\Database\Connection.php[39m:[32m825[39m
    821▕                     $this->getName(), $query, $this->prepareBindings($bindings), $e
    822▕                 );
    823▕             }
    824▕ 
  ➜ 825▕             throw new QueryException(
    826▕                 $this->getName(), $query, $this->prepareBindings($bindings), $e
    827▕             );
    828▕         }
    829▕     }

  [33m1   [39m[39;1mvendor\laravel\framework\src\Illuminate\Database\Connection.php[39;22m:[39;1m825[39;22m

  [33m2   [39m[39;1mvendor\laravel\framework\src\Illuminate\Database\Connection.php[39;22m:[39;1m571[39;22m
  [90m    NunoMaduro\Collision\Exceptions\TestException::("SQLSTATE[23514]: Check violation: 7 FEHLER:  neue Zeile für Relation »organisation_participants« verletzt Check-Constraint »organisation_participants_role_check«
DETAIL:  Fehlgeschlagene Zeile enthält (a1e8ebb1-60f4-49dc-b5e0-3af6f9dd2b35, a1e8ebb1-52d6-4bf3-b743-f6a88ab8b356, a1e8ebb1-5c42-4157-8574-74c4dc506999, staff, 2026-05-31 08:53:07, null, null, 2026-05-31 08:53:07, 2026-05-31 08:53:07, null, coordinator).")[39m

  [31m────────────────────────────────────────────────────────────────────────────────────────────────────────────────────[39m  
  [41;1m FAILED [49;22m [1mTests\Feature\Membership\Domain\OrganisationParticipantTest[22m [90m>[39m can create election committ… [41;1m QueryException [49;22m  
[39;1m  SQLSTATE[23514]: Check violation: 7 FEHLER:  neue Zeile für Relation »organisation_participants« verletzt Check-Constraint »organisation_participants_role_check«
DETAIL:  Fehlgeschlagene Zeile enthält (a1e8ebb1-ec0d-420f-af9b-d67a245d0eab, a1e8ebb1-e200-4f88-94f9-8e2a501292cf, a1e8ebb1-e928-4821-818a-b0e8b0c83ad5, election_committee, 2026-05-31 08:53:07, null, null, 2026-05-31 08:53:07, 2026-05-31 08:53:07, null, observer). (Connection: pgsql, SQL: insert into "organisation_participants" ("organisation_id", "user_id", "participant_type", "assigned_at", "role", "id", "updated_at", "created_at") values (a1e8ebb1-e200-4f88-94f9-8e2a501292cf, a1e8ebb1-e928-4821-818a-b0e8b0c83ad5, election_committee, 2026-05-31 08:53:07, observer, a1e8ebb1-ec0d-420f-af9b-d67a245d0eab, 2026-05-31 08:53:07, 2026-05-31 08:53:07))[39;22m

  at [32mvendor\laravel\framework\src\Illuminate\Database\Connection.php[39m:[32m825[39m
    821▕                     $this->getName(), $query, $this->prepareBindings($bindings), $e
    822▕                 );
    823▕             }
    824▕ 
  ➜ 825▕             throw new QueryException(
    826▕                 $this->getName(), $query, $this->prepareBindings($bindings), $e
    827▕             );
    828▕         }
    829▕     }

  [33m1   [39m[39;1mvendor\laravel\framework\src\Illuminate\Database\Connection.php[39;22m:[39;1m825[39;22m

  [33m2   [39m[39;1mvendor\laravel\framework\src\Illuminate\Database\Connection.php[39;22m:[39;1m571[39;22m
  [90m    NunoMaduro\Collision\Exceptions\TestException::("SQLSTATE[23514]: Check violation: 7 FEHLER:  neue Zeile für Relation »organisation_participants« verletzt Check-Constraint »organisation_participants_role_check«
DETAIL:  Fehlgeschlagene Zeile enthält (a1e8ebb1-ec0d-420f-af9b-d67a245d0eab, a1e8ebb1-e200-4f88-94f9-8e2a501292cf, a1e8ebb1-e928-4821-818a-b0e8b0c83ad5, election_committee, 2026-05-31 08:53:07, null, null, 2026-05-31 08:53:07, 2026-05-31 08:53:07, null, observer).")[39m

  [31m────────────────────────────────────────────────────────────────────────────────────────────────────────────────────[39m  
  [41;1m FAILED [49;22m [1mTests\Feature\Membership\FeePaymentProjectionConsistencyTest[22m [90m>[39m member fee state is update… [41;1m QueryException [49;22m  
[39;1m  SQLSTATE[23503]: Foreign key violation: 7 FEHLER:  Einfügen oder Aktualisieren in Tabelle »members« verletzt Fremdschlüssel-Constraint »members_organisation_id_foreign«
DETAIL:  Schlüssel (organisation_id)=(aa28ea42-db7f-4ba9-bfe0-f80f9967601a) ist nicht in Tabelle »organisations« vorhanden. (Connection: pgsql, SQL: insert into "members" ("id", "organisation_id", "membership_type_id", "status", "fee_state", "personal_info", "updated_at", "created_at") values (5a12ae8f-bd90-465e-8719-fa763c97cdf6, aa28ea42-db7f-4ba9-bfe0-f80f9967601a, cb510bce-85f5-444b-a23a-5b0d11c0f576, active, unpaid, {"fullName":"Test Member","email":"test@example.com","phone":"+1234567890"}, 2026-05-31 08:53:15, 2026-05-31 08:53:15))[39;22m

  at [32mvendor\laravel\framework\src\Illuminate\Database\Connection.php[39m:[32m825[39m
    821▕                     $this->getName(), $query, $this->prepareBindings($bindings), $e
    822▕                 );
    823▕             }
    824▕ 
  ➜ 825▕             throw new QueryException(
    826▕                 $this->getName(), $query, $this->prepareBindings($bindings), $e
    827▕             );
    828▕         }
    829▕     }

  [33m1   [39m[39;1mvendor\laravel\framework\src\Illuminate\Database\Connection.php[39;22m:[39;1m825[39;22m

  [33m2   [39m[39;1mvendor\laravel\framework\src\Illuminate\Database\Connection.php[39;22m:[39;1m571[39;22m
  [90m    NunoMaduro\Collision\Exceptions\TestException::("SQLSTATE[23503]: Foreign key violation: 7 FEHLER:  Einfügen oder Aktualisieren in Tabelle »members« verletzt Fremdschlüssel-Constraint »members_organisation_id_foreign«
DETAIL:  Schlüssel (organisation_id)=(aa28ea42-db7f-4ba9-bfe0-f80f9967601a) ist nicht in Tabelle »organisations« vorhanden.")[39m

  [31m────────────────────────────────────────────────────────────────────────────────────────────────────────────────────[39m  
  [41;1m FAILED [49;22m [1mTests\Feature\Membership\FeePaymentProjectionConsistencyTest[22m [90m>[39m member fee state is idempo… [41;1m QueryException [49;22m  
[39;1m  SQLSTATE[23503]: Foreign key violation: 7 FEHLER:  Einfügen oder Aktualisieren in Tabelle »members« verletzt Fremdschlüssel-Constraint »members_organisation_id_foreign«
DETAIL:  Schlüssel (organisation_id)=(4677a5e1-bcda-4a13-b6a9-1f2ca87de0b9) ist nicht in Tabelle »organisations« vorhanden. (Connection: pgsql, SQL: insert into "members" ("id", "organisation_id", "membership_type_id", "status", "fee_state", "personal_info", "updated_at", "created_at") values (8f8b768f-76e4-48ff-836b-0dc178db1032, 4677a5e1-bcda-4a13-b6a9-1f2ca87de0b9, 736b320c-3905-4d50-b255-0b269f8ff37c, active, unpaid, {"fullName":"Idempotent Member","email":"idempotent@example.com","phone":"+9999999999"}, 2026-05-31 08:53:15, 2026-05-31 08:53:15))[39;22m

  at [32mvendor\laravel\framework\src\Illuminate\Database\Connection.php[39m:[32m825[39m
    821▕                     $this->getName(), $query, $this->prepareBindings($bindings), $e
    822▕                 );
    823▕             }
    824▕ 
  ➜ 825▕             throw new QueryException(
    826▕                 $this->getName(), $query, $this->prepareBindings($bindings), $e
    827▕             );
    828▕         }
    829▕     }

  [33m1   [39m[39;1mvendor\laravel\framework\src\Illuminate\Database\Connection.php[39;22m:[39;1m825[39;22m

  [33m2   [39m[39;1mvendor\laravel\framework\src\Illuminate\Database\Connection.php[39;22m:[39;1m571[39;22m
  [90m    NunoMaduro\Collision\Exceptions\TestException::("SQLSTATE[23503]: Foreign key violation: 7 FEHLER:  Einfügen oder Aktualisieren in Tabelle »members« verletzt Fremdschlüssel-Constraint »members_organisation_id_foreign«
DETAIL:  Schlüssel (organisation_id)=(4677a5e1-bcda-4a13-b6a9-1f2ca87de0b9) ist nicht in Tabelle »organisations« vorhanden.")[39m

  [31m────────────────────────────────────────────────────────────────────────────────────────────────────────────────────[39m  
  [41;1m FAILED [49;22m [1mTests\Feature\Membership\FeePaymentProjectionConsistencyTest[22m [90m>[39m member listener uses only…  [41;1m QueryException [49;22m  
[39;1m  SQLSTATE[23503]: Foreign key violation: 7 FEHLER:  Einfügen oder Aktualisieren in Tabelle »members« verletzt Fremdschlüssel-Constraint »members_organisation_id_foreign«
DETAIL:  Schlüssel (organisation_id)=(b3efa29e-f594-4820-9c11-c46df82a373b) ist nicht in Tabelle »organisations« vorhanden. (Connection: pgsql, SQL: insert into "members" ("id", "organisation_id", "membership_type_id", "status", "fee_state", "personal_info", "updated_at", "created_at") values (364796e9-ea01-4d09-8514-ecb5193079ce, b3efa29e-f594-4820-9c11-c46df82a373b, ebfe29fa-2e70-4b13-b8b7-e539b896a341, active, unpaid, {"fullName":"Independent Member","email":"independent@example.com"}, 2026-05-31 08:53:15, 2026-05-31 08:53:15))[39;22m

  at [32mvendor\laravel\framework\src\Illuminate\Database\Connection.php[39m:[32m825[39m
    821▕                     $this->getName(), $query, $this->prepareBindings($bindings), $e
    822▕                 );
    823▕             }
    824▕ 
  ➜ 825▕             throw new QueryException(
    826▕                 $this->getName(), $query, $this->prepareBindings($bindings), $e
    827▕             );
    828▕         }
    829▕     }

  [33m1   [39m[39;1mvendor\laravel\framework\src\Illuminate\Database\Connection.php[39;22m:[39;1m825[39;22m

  [33m2   [39m[39;1mvendor\laravel\framework\src\Illuminate\Database\Connection.php[39;22m:[39;1m571[39;22m
  [90m    NunoMaduro\Collision\Exceptions\TestException::("SQLSTATE[23503]: Foreign key violation: 7 FEHLER:  Einfügen oder Aktualisieren in Tabelle »members« verletzt Fremdschlüssel-Constraint »members_organisation_id_foreign«
DETAIL:  Schlüssel (organisation_id)=(b3efa29e-f594-4820-9c11-c46df82a373b) ist nicht in Tabelle »organisations« vorhanden.")[39m

  [31m────────────────────────────────────────────────────────────────────────────────────────────────────────────────────[39m  
  [41;1m FAILED [49;22m [1mTests\Feature\Membership\FeePaymentProjectionConsistencyTest[22m [90m>[39m member projection is event… [41;1m QueryException [49;22m  
[39;1m  SQLSTATE[23503]: Foreign key violation: 7 FEHLER:  Einfügen oder Aktualisieren in Tabelle »members« verletzt Fremdschlüssel-Constraint »members_organisation_id_foreign«
DETAIL:  Schlüssel (organisation_id)=(ebeee402-faab-4e1b-b987-47e23aed0d28) ist nicht in Tabelle »organisations« vorhanden. (Connection: pgsql, SQL: insert into "members" ("id", "organisation_id", "membership_type_id", "status", "fee_state", "personal_info", "updated_at", "created_at") values (e991512f-ad27-4267-900b-4aa93cf4e61d, ebeee402-faab-4e1b-b987-47e23aed0d28, afe4f787-771b-48e1-ab74-9b00c5968382, active, unpaid, {"fullName":"Eventual Member","email":"eventual@example.com"}, 2026-05-31 08:53:16, 2026-05-31 08:53:16))[39;22m

  at [32mvendor\laravel\framework\src\Illuminate\Database\Connection.php[39m:[32m825[39m
    821▕                     $this->getName(), $query, $this->prepareBindings($bindings), $e
    822▕                 );
    823▕             }
    824▕ 
  ➜ 825▕             throw new QueryException(
    826▕                 $this->getName(), $query, $this->prepareBindings($bindings), $e
    827▕             );
    828▕         }
    829▕     }

  [33m1   [39m[39;1mvendor\laravel\framework\src\Illuminate\Database\Connection.php[39;22m:[39;1m825[39;22m

  [33m2   [39m[39;1mvendor\laravel\framework\src\Illuminate\Database\Connection.php[39;22m:[39;1m571[39;22m
  [90m    NunoMaduro\Collision\Exceptions\TestException::("SQLSTATE[23503]: Foreign key violation: 7 FEHLER:  Einfügen oder Aktualisieren in Tabelle »members« verletzt Fremdschlüssel-Constraint »members_organisation_id_foreign«
DETAIL:  Schlüssel (organisation_id)=(ebeee402-faab-4e1b-b987-47e23aed0d28) ist nicht in Tabelle »organisations« vorhanden.")[39m

  [31m────────────────────────────────────────────────────────────────────────────────────────────────────────────────────[39m  
  [41;1m FAILED [49;22m [1mTests\Feature\Membership\FeePaymentTest[22m [90m>[39m guest cannot record payment                      [41;1m QueryException [49;22m  
[39;1m  SQLSTATE[23502]: Not null violation: 7 FEHLER:  NULL-Wert in Spalte »id« von Relation »user_organisation_roles« verletzt Not-Null-Constraint
DETAIL:  Fehlgeschlagene Zeile enthält (null, a1e8ebbf-86fd-4cb8-b3cd-f29e9077336a, a1e8ebbf-62c5-4879-81a6-b9af45a7c4ae, admin, null, 2026-05-31 08:53:16, 2026-05-31 08:53:16). (Connection: pgsql, SQL: insert into "user_organisation_roles" ("created_at", "organisation_id", "role", "updated_at", "user_id") values (2026-05-31 08:53:16, a1e8ebbf-62c5-4879-81a6-b9af45a7c4ae, admin, 2026-05-31 08:53:16, a1e8ebbf-86fd-4cb8-b3cd-f29e9077336a))[39;22m

  at [32mvendor\laravel\framework\src\Illuminate\Database\Connection.php[39m:[32m825[39m
    821▕                     $this->getName(), $query, $this->prepareBindings($bindings), $e
    822▕                 );
    823▕             }
    824▕ 
  ➜ 825▕             throw new QueryException(
    826▕                 $this->getName(), $query, $this->prepareBindings($bindings), $e
    827▕             );
    828▕         }
    829▕     }

  [33m1   [39m[39;1mvendor\laravel\framework\src\Illuminate\Database\Connection.php[39;22m:[39;1m825[39;22m

  [33m2   [39m[39;1mvendor\laravel\framework\src\Illuminate\Database\Connection.php[39;22m:[39;1m571[39;22m
  [90m    NunoMaduro\Collision\Exceptions\TestException::("SQLSTATE[23502]: Not null violation: 7 FEHLER:  NULL-Wert in Spalte »id« von Relation »user_organisation_roles« verletzt Not-Null-Constraint
DETAIL:  Fehlgeschlagene Zeile enthält (null, a1e8ebbf-86fd-4cb8-b3cd-f29e9077336a, a1e8ebbf-62c5-4879-81a6-b9af45a7c4ae, admin, null, 2026-05-31 08:53:16, 2026-05-31 08:53:16).")[39m

  [31m────────────────────────────────────────────────────────────────────────────────────────────────────────────────────[39m  
  [41;1m FAILED [49;22m [1mTests\Feature\Membership\FeePaymentTest[22m [90m>[39m non admin cannot record payment                  [41;1m QueryException [49;22m  
[39;1m  SQLSTATE[23502]: Not null violation: 7 FEHLER:  NULL-Wert in Spalte »id« von Relation »user_organisation_roles« verletzt Not-Null-Constraint
DETAIL:  Fehlgeschlagene Zeile enthält (null, a1e8ebbf-f9d9-42b5-b302-3d572ea0500a, a1e8ebbf-efd2-443d-bebb-68f2b99f5bf4, admin, null, 2026-05-31 08:53:17, 2026-05-31 08:53:17). (Connection: pgsql, SQL: insert into "user_organisation_roles" ("created_at", "organisation_id", "role", "updated_at", "user_id") values (2026-05-31 08:53:17, a1e8ebbf-efd2-443d-bebb-68f2b99f5bf4, admin, 2026-05-31 08:53:17, a1e8ebbf-f9d9-42b5-b302-3d572ea0500a))[39;22m

  at [32mvendor\laravel\framework\src\Illuminate\Database\Connection.php[39m:[32m825[39m
    821▕                     $this->getName(), $query, $this->prepareBindings($bindings), $e
    822▕                 );
    823▕             }
    824▕ 
  ➜ 825▕             throw new QueryException(
    826▕                 $this->getName(), $query, $this->prepareBindings($bindings), $e
    827▕             );
    828▕         }
    829▕     }

  [33m1   [39m[39;1mvendor\laravel\framework\src\Illuminate\Database\Connection.php[39;22m:[39;1m825[39;22m

  [33m2   [39m[39;1mvendor\laravel\framework\src\Illuminate\Database\Connection.php[39;22m:[39;1m571[39;22m
  [90m    NunoMaduro\Collision\Exceptions\TestException::("SQLSTATE[23502]: Not null violation: 7 FEHLER:  NULL-Wert in Spalte »id« von Relation »user_organisation_roles« verletzt Not-Null-Constraint
DETAIL:  Fehlgeschlagene Zeile enthält (null, a1e8ebbf-f9d9-42b5-b302-3d572ea0500a, a1e8ebbf-efd2-443d-bebb-68f2b99f5bf4, admin, null, 2026-05-31 08:53:17, 2026-05-31 08:53:17).")[39m

  [31m────────────────────────────────────────────────────────────────────────────────────────────────────────────────────[39m  
  [41;1m FAILED [49;22m [1mTests\Feature\Membership\FeePaymentTest[22m [90m>[39m record payment marks fee as paid                 [41;1m QueryException [49;22m  
[39;1m  SQLSTATE[23502]: Not null violation: 7 FEHLER:  NULL-Wert in Spalte »id« von Relation »user_organisation_roles« verletzt Not-Null-Constraint
DETAIL:  Fehlgeschlagene Zeile enthält (null, a1e8ebc0-3fb3-4106-9bdd-e2e3a260c906, a1e8ebc0-3705-4eb9-96b3-89794b99b226, admin, null, 2026-05-31 08:53:17, 2026-05-31 08:53:17). (Connection: pgsql, SQL: insert into "user_organisation_roles" ("created_at", "organisation_id", "role", "updated_at", "user_id") values (2026-05-31 08:53:17, a1e8ebc0-3705-4eb9-96b3-89794b99b226, admin, 2026-05-31 08:53:17, a1e8ebc0-3fb3-4106-9bdd-e2e3a260c906))[39;22m

  at [32mvendor\laravel\framework\src\Illuminate\Database\Connection.php[39m:[32m825[39m
    821▕                     $this->getName(), $query, $this->prepareBindings($bindings), $e
    822▕                 );
    823▕             }
    824▕ 
  ➜ 825▕             throw new QueryException(
    826▕                 $this->getName(), $query, $this->prepareBindings($bindings), $e
    827▕             );
    828▕         }
    829▕     }

  [33m1   [39m[39;1mvendor\laravel\framework\src\Illuminate\Database\Connection.php[39;22m:[39;1m825[39;22m

  [33m2   [39m[39;1mvendor\laravel\framework\src\Illuminate\Database\Connection.php[39;22m:[39;1m571[39;22m
  [90m    NunoMaduro\Collision\Exceptions\TestException::("SQLSTATE[23502]: Not null violation: 7 FEHLER:  NULL-Wert in Spalte »id« von Relation »user_organisation_roles« verletzt Not-Null-Constraint
DETAIL:  Fehlgeschlagene Zeile enthält (null, a1e8ebc0-3fb3-4106-9bdd-e2e3a260c906, a1e8ebc0-3705-4eb9-96b3-89794b99b226, admin, null, 2026-05-31 08:53:17, 2026-05-31 08:53:17).")[39m

  [31m────────────────────────────────────────────────────────────────────────────────────────────────────────────────────[39m  
  [41;1m FAILED [49;22m [1mTests\Feature\Membership\FeePaymentTest[22m [90m>[39m record payment persists payment method           [41;1m QueryException [49;22m  
[39;1m  SQLSTATE[23502]: Not null violation: 7 FEHLER:  NULL-Wert in Spalte »id« von Relation »user_organisation_roles« verletzt Not-Null-Constraint
DETAIL:  Fehlgeschlagene Zeile enthält (null, a1e8ebc0-83ee-4f53-bba0-636164e56012, a1e8ebc0-7b67-4d74-a310-bd31e75b6a80, admin, null, 2026-05-31 08:53:17, 2026-05-31 08:53:17). (Connection: pgsql, SQL: insert into "user_organisation_roles" ("created_at", "organisation_id", "role", "updated_at", "user_id") values (2026-05-31 08:53:17, a1e8ebc0-7b67-4d74-a310-bd31e75b6a80, admin, 2026-05-31 08:53:17, a1e8ebc0-83ee-4f53-bba0-636164e56012))[39;22m

  at [32mvendor\laravel\framework\src\Illuminate\Database\Connection.php[39m:[32m825[39m
    821▕                     $this->getName(), $query, $this->prepareBindings($bindings), $e
    822▕                 );
    823▕             }
    824▕ 
  ➜ 825▕             throw new QueryException(
    826▕                 $this->getName(), $query, $this->prepareBindings($bindings), $e
    827▕             );
    828▕         }
    829▕     }

  [33m1   [39m[39;1mvendor\laravel\framework\src\Illuminate\Database\Connection.php[39;22m:[39;1m825[39;22m

  [33m2   [39m[39;1mvendor\laravel\framework\src\Illuminate\Database\Connection.php[39;22m:[39;1m571[39;22m
  [90m    NunoMaduro\Collision\Exceptions\TestException::("SQLSTATE[23502]: Not null violation: 7 FEHLER:  NULL-Wert in Spalte »id« von Relation »user_organisation_roles« verletzt Not-Null-Constraint
DETAIL:  Fehlgeschlagene Zeile enthält (null, a1e8ebc0-83ee-4f53-bba0-636164e56012, a1e8ebc0-7b67-4d74-a310-bd31e75b6a80, admin, null, 2026-05-31 08:53:17, 2026-05-31 08:53:17).")[39m

  [31m────────────────────────────────────────────────────────────────────────────────────────────────────────────────────[39m  
  [41;1m FAILED [49;22m [1mTests\Feature\Membership\FeePaymentTest[22m [90m>[39m record payment persists transaction reference    [41;1m QueryException [49;22m  
[39;1m  SQLSTATE[23502]: Not null violation: 7 FEHLER:  NULL-Wert in Spalte »id« von Relation »user_organisation_roles« verletzt Not-Null-Constraint
DETAIL:  Fehlgeschlagene Zeile enthält (null, a1e8ebc0-c678-4edd-b6fb-3b5d3158130a, a1e8ebc0-bd28-44b9-8e00-2816a823c512, admin, null, 2026-05-31 08:53:17, 2026-05-31 08:53:17). (Connection: pgsql, SQL: insert into "user_organisation_roles" ("created_at", "organisation_id", "role", "updated_at", "user_id") values (2026-05-31 08:53:17, a1e8ebc0-bd28-44b9-8e00-2816a823c512, admin, 2026-05-31 08:53:17, a1e8ebc0-c678-4edd-b6fb-3b5d3158130a))[39;22m

  at [32mvendor\laravel\framework\src\Illuminate\Database\Connection.php[39m:[32m825[39m
    821▕                     $this->getName(), $query, $this->prepareBindings($bindings), $e
    822▕                 );
    823▕             }
    824▕ 
  ➜ 825▕             throw new QueryException(
    826▕                 $this->getName(), $query, $this->prepareBindings($bindings), $e
    827▕             );
    828▕         }
    829▕     }

  [33m1   [39m[39;1mvendor\laravel\framework\src\Illuminate\Database\Connection.php[39;22m:[39;1m825[39;22m

  [33m2   [39m[39;1mvendor\laravel\framework\src\Illuminate\Database\Connection.php[39;22m:[39;1m571[39;22m
  [90m    NunoMaduro\Collision\Exceptions\TestException::("SQLSTATE[23502]: Not null violation: 7 FEHLER:  NULL-Wert in Spalte »id« von Relation »user_organisation_roles« verletzt Not-Null-Constraint
DETAIL:  Fehlgeschlagene Zeile enthält (null, a1e8ebc0-c678-4edd-b6fb-3b5d3158130a, a1e8ebc0-bd28-44b9-8e00-2816a823c512, admin, null, 2026-05-31 08:53:17, 2026-05-31 08:53:17).")[39m

  [31m────────────────────────────────────────────────────────────────────────────────────────────────────────────────────[39m  
  [41;1m FAILED [49;22m [1mTests\Feature\Membership\FeePaymentTest[22m [90m>[39m record payment with duplicate transaction refer… [41;1m QueryException [49;22m  
[39;1m  SQLSTATE[23502]: Not null violation: 7 FEHLER:  NULL-Wert in Spalte »id« von Relation »user_organisation_roles« verletzt Not-Null-Constraint
DETAIL:  Fehlgeschlagene Zeile enthält (null, a1e8ebc1-0f35-4421-8ce5-40fa437cf364, a1e8ebc1-06c9-4f0c-b0ce-699acbdbde41, admin, null, 2026-05-31 08:53:17, 2026-05-31 08:53:17). (Connection: pgsql, SQL: insert into "user_organisation_roles" ("created_at", "organisation_id", "role", "updated_at", "user_id") values (2026-05-31 08:53:17, a1e8ebc1-06c9-4f0c-b0ce-699acbdbde41, admin, 2026-05-31 08:53:17, a1e8ebc1-0f35-4421-8ce5-40fa437cf364))[39;22m

  at [32mvendor\laravel\framework\src\Illuminate\Database\Connection.php[39m:[32m825[39m
    821▕                     $this->getName(), $query, $this->prepareBindings($bindings), $e
    822▕                 );
    823▕             }
    824▕ 
  ➜ 825▕             throw new QueryException(
    826▕                 $this->getName(), $query, $this->prepareBindings($bindings), $e
    827▕             );
    828▕         }
    829▕     }

  [33m1   [39m[39;1mvendor\laravel\framework\src\Illuminate\Database\Connection.php[39;22m:[39;1m825[39;22m

  [33m2   [39m[39;1mvendor\laravel\framework\src\Illuminate\Database\Connection.php[39;22m:[39;1m571[39;22m
  [90m    NunoMaduro\Collision\Exceptions\TestException::("SQLSTATE[23502]: Not null violation: 7 FEHLER:  NULL-Wert in Spalte »id« von Relation »user_organisation_roles« verletzt Not-Null-Constraint
DETAIL:  Fehlgeschlagene Zeile enthält (null, a1e8ebc1-0f35-4421-8ce5-40fa437cf364, a1e8ebc1-06c9-4f0c-b0ce-699acbdbde41, admin, null, 2026-05-31 08:53:17, 2026-05-31 08:53:17).")[39m

  [31m────────────────────────────────────────────────────────────────────────────────────────────────────────────────────[39m  
  [41;1m FAILED [49;22m [1mTests\Feature\Membership\FeePaymentTest[22m [90m>[39m cannot pay fee from different tenant             [41;1m QueryException [49;22m  
[39;1m  SQLSTATE[23502]: Not null violation: 7 FEHLER:  NULL-Wert in Spalte »id« von Relation »user_organisation_roles« verletzt Not-Null-Constraint
DETAIL:  Fehlgeschlagene Zeile enthält (null, a1e8ebc1-6340-4a9f-90ec-31c949694ee1, a1e8ebc1-5abd-4d03-9e7e-d626a88f6291, admin, null, 2026-05-31 08:53:18, 2026-05-31 08:53:18). (Connection: pgsql, SQL: insert into "user_organisation_roles" ("created_at", "organisation_id", "role", "updated_at", "user_id") values (2026-05-31 08:53:18, a1e8ebc1-5abd-4d03-9e7e-d626a88f6291, admin, 2026-05-31 08:53:18, a1e8ebc1-6340-4a9f-90ec-31c949694ee1))[39;22m

  at [32mvendor\laravel\framework\src\Illuminate\Database\Connection.php[39m:[32m825[39m
    821▕                     $this->getName(), $query, $this->prepareBindings($bindings), $e
    822▕                 );
    823▕             }
    824▕ 
  ➜ 825▕             throw new QueryException(
    826▕                 $this->getName(), $query, $this->prepareBindings($bindings), $e
    827▕             );
    828▕         }
    829▕     }

  [33m1   [39m[39;1mvendor\laravel\framework\src\Illuminate\Database\Connection.php[39;22m:[39;1m825[39;22m

  [33m2   [39m[39;1mvendor\laravel\framework\src\Illuminate\Database\Connection.php[39;22m:[39;1m571[39;22m
  [90m    NunoMaduro\Collision\Exceptions\TestException::("SQLSTATE[23502]: Not null violation: 7 FEHLER:  NULL-Wert in Spalte »id« von Relation »user_organisation_roles« verletzt Not-Null-Constraint
DETAIL:  Fehlgeschlagene Zeile enthält (null, a1e8ebc1-6340-4a9f-90ec-31c949694ee1, a1e8ebc1-5abd-4d03-9e7e-d626a88f6291, admin, null, 2026-05-31 08:53:18, 2026-05-31 08:53:18).")[39m

  [31m────────────────────────────────────────────────────────────────────────────────────────────────────────────────────[39m  
  [41;1m FAILED [49;22m [1mTests\Feature\Membership\FeePaymentTest[22m [90m>[39m cannot pay already paid fee                      [41;1m QueryException [49;22m  
[39;1m  SQLSTATE[23502]: Not null violation: 7 FEHLER:  NULL-Wert in Spalte »id« von Relation »user_organisation_roles« verletzt Not-Null-Constraint
DETAIL:  Fehlgeschlagene Zeile enthält (null, a1e8ebc1-a211-41f8-97f7-a0321619ecc0, a1e8ebc1-9b27-4e3c-b0ac-2ab51096ae67, admin, null, 2026-05-31 08:53:18, 2026-05-31 08:53:18). (Connection: pgsql, SQL: insert into "user_organisation_roles" ("created_at", "organisation_id", "role", "updated_at", "user_id") values (2026-05-31 08:53:18, a1e8ebc1-9b27-4e3c-b0ac-2ab51096ae67, admin, 2026-05-31 08:53:18, a1e8ebc1-a211-41f8-97f7-a0321619ecc0))[39;22m

  at [32mvendor\laravel\framework\src\Illuminate\Database\Connection.php[39m:[32m825[39m
    821▕                     $this->getName(), $query, $this->prepareBindings($bindings), $e
    822▕                 );
    823▕             }
    824▕ 
  ➜ 825▕             throw new QueryException(
    826▕                 $this->getName(), $query, $this->prepareBindings($bindings), $e
    827▕             );
    828▕         }
    829▕     }

  [33m1   [39m[39;1mvendor\laravel\framework\src\Illuminate\Database\Connection.php[39;22m:[39;1m825[39;22m

  [33m2   [39m[39;1mvendor\laravel\framework\src\Illuminate\Database\Connection.php[39;22m:[39;1m571[39;22m
  [90m    NunoMaduro\Collision\Exceptions\TestException::("SQLSTATE[23502]: Not null violation: 7 FEHLER:  NULL-Wert in Spalte »id« von Relation »user_organisation_roles« verletzt Not-Null-Constraint
DETAIL:  Fehlgeschlagene Zeile enthält (null, a1e8ebc1-a211-41f8-97f7-a0321619ecc0, a1e8ebc1-9b27-4e3c-b0ac-2ab51096ae67, admin, null, 2026-05-31 08:53:18, 2026-05-31 08:53:18).")[39m

  [31m────────────────────────────────────────────────────────────────────────────────────────────────────────────────────[39m  
  [41;1m FAILED [49;22m [1mTests\Feature\Membership\FeeStatusRecalculationTest[22m [90m>[39m paying the only pending fee sets fe… [41;1m QueryException [49;22m  
[39;1m  SQLSTATE[42703]: Undefined column: 7 FEHLER:  Spalte »currency« von Relation »membership_payments« existiert nicht
LINE 1: ...ember_id", "fee_id", "organisation_id", "amount", "currency"...
                                                             ^ (Connection: pgsql, SQL: insert into "membership_payments" ("member_id", "fee_id", "organisation_id", "amount", "currency", "payment_method", "recorded_by", "paid_at", "id", "updated_at", "created_at") values (a1e8ebc1-f23f-4960-aaa4-3c9aa5501b39, ec4daf24-599c-4cb1-9e83-b029785521d1, a1e8ebc1-ddcf-4dbb-a487-9451fb21aaf3, 100.00, EUR, bank_transfer, a1e8ebc1-fd22-414f-a05a-7e89037a101d, 2026-05-31 08:53:18, a1e8ebc1-fe6b-47fb-9d90-de1af77ac20d, 2026-05-31 08:53:18, 2026-05-31 08:53:18))[39;22m

  at [32mvendor\laravel\framework\src\Illuminate\Database\Connection.php[39m:[32m825[39m
    821▕                     $this->getName(), $query, $this->prepareBindings($bindings), $e
    822▕                 );
    823▕             }
    824▕ 
  ➜ 825▕             throw new QueryException(
    826▕                 $this->getName(), $query, $this->prepareBindings($bindings), $e
    827▕             );
    828▕         }
    829▕     }

  [33m1   [39m[39;1mvendor\laravel\framework\src\Illuminate\Database\Connection.php[39;22m:[39;1m825[39;22m

  [33m2   [39m[39;1mvendor\laravel\framework\src\Illuminate\Database\Connection.php[39;22m:[39;1m571[39;22m
  [90m    NunoMaduro\Collision\Exceptions\TestException::("SQLSTATE[42703]: Undefined column: 7 FEHLER:  Spalte »currency« von Relation »membership_payments« existiert nicht
LINE 1: ...ember_id", "fee_id", "organisation_id", "amount", "currency"...
                                                             ^")[39m

  [31m────────────────────────────────────────────────────────────────────────────────────────────────────────────────────[39m  
  [41;1m FAILED [49;22m [1mTests\Feature\Membership\FeeStatusRecalculationTest[22m [90m>[39m paying the only fee grants full vot… [41;1m QueryException [49;22m  
[39;1m  SQLSTATE[42703]: Undefined column: 7 FEHLER:  Spalte »currency« von Relation »membership_payments« existiert nicht
LINE 1: ...ember_id", "fee_id", "organisation_id", "amount", "currency"...
                                                             ^ (Connection: pgsql, SQL: insert into "membership_payments" ("member_id", "fee_id", "organisation_id", "amount", "currency", "payment_method", "recorded_by", "paid_at", "id", "updated_at", "created_at") values (a1e8ebc2-65da-45cb-8294-2674cc87000d, 62cc7307-849b-4f1a-b389-3abac932dc56, a1e8ebc2-45a6-4207-bf53-fbc475ec9ddc, 100.00, EUR, bank_transfer, a1e8ebc2-7193-4f03-85e0-8710bb44d645, 2026-05-31 08:53:18, a1e8ebc2-7319-4021-89d6-10dc4ba83f6e, 2026-05-31 08:53:18, 2026-05-31 08:53:18))[39;22m

  at [32mvendor\laravel\framework\src\Illuminate\Database\Connection.php[39m:[32m825[39m
    821▕                     $this->getName(), $query, $this->prepareBindings($bindings), $e
    822▕                 );
    823▕             }
    824▕ 
  ➜ 825▕             throw new QueryException(
    826▕                 $this->getName(), $query, $this->prepareBindings($bindings), $e
    827▕             );
    828▕         }
    829▕     }

  [33m1   [39m[39;1mvendor\laravel\framework\src\Illuminate\Database\Connection.php[39;22m:[39;1m825[39;22m

  [33m2   [39m[39;1mvendor\laravel\framework\src\Illuminate\Database\Connection.php[39;22m:[39;1m571[39;22m
  [90m    NunoMaduro\Collision\Exceptions\TestException::("SQLSTATE[42703]: Undefined column: 7 FEHLER:  Spalte »currency« von Relation »membership_payments« existiert nicht
LINE 1: ...ember_id", "fee_id", "organisation_id", "amount", "currency"...
                                                             ^")[39m

  [31m────────────────────────────────────────────────────────────────────────────────────────────────────────────────────[39m  
  [41;1m FAILED [49;22m [1mTests\Feature\Membership\FeeStatusRecalculationTest[22m [90m>[39m paying one of two fees sets fees st… [41;1m QueryException [49;22m  
[39;1m  SQLSTATE[42703]: Undefined column: 7 FEHLER:  Spalte »currency« von Relation »membership_payments« existiert nicht
LINE 1: ...ember_id", "fee_id", "organisation_id", "amount", "currency"...
                                                             ^ (Connection: pgsql, SQL: insert into "membership_payments" ("member_id", "fee_id", "organisation_id", "amount", "currency", "payment_method", "recorded_by", "paid_at", "id", "updated_at", "created_at") values (a1e8ebc2-cbdf-4003-8857-c3187e7e99f2, 95dcfc20-3d01-4284-8b46-e01741293185, a1e8ebc2-b44f-49d5-82fa-5092516548da, 50.00, EUR, bank_transfer, a1e8ebc2-d887-4668-a949-2e5dc0b0c3bc, 2026-05-31 08:53:19, a1e8ebc2-d9b5-4baa-a026-782ad51244cd, 2026-05-31 08:53:19, 2026-05-31 08:53:19))[39;22m

  at [32mvendor\laravel\framework\src\Illuminate\Database\Connection.php[39m:[32m825[39m
    821▕                     $this->getName(), $query, $this->prepareBindings($bindings), $e
    822▕                 );
    823▕             }
    824▕ 
  ➜ 825▕             throw new QueryException(
    826▕                 $this->getName(), $query, $this->prepareBindings($bindings), $e
    827▕             );
    828▕         }
    829▕     }

  [33m1   [39m[39;1mvendor\laravel\framework\src\Illuminate\Database\Connection.php[39;22m:[39;1m825[39;22m

  [33m2   [39m[39;1mvendor\laravel\framework\src\Illuminate\Database\Connection.php[39;22m:[39;1m571[39;22m
  [90m    NunoMaduro\Collision\Exceptions\TestException::("SQLSTATE[42703]: Undefined column: 7 FEHLER:  Spalte »currency« von Relation »membership_payments« existiert nicht
LINE 1: ...ember_id", "fee_id", "organisation_id", "amount", "currency"...
                                                             ^")[39m

  [31m────────────────────────────────────────────────────────────────────────────────────────────────────────────────────[39m  
  [41;1m FAILED [49;22m [1mTests\Feature\Membership\FeeStatusRecalculationTest[22m [90m>[39m paying all fees sets fees status to… [41;1m QueryException [49;22m  
[39;1m  SQLSTATE[42703]: Undefined column: 7 FEHLER:  Spalte »currency« von Relation »membership_payments« existiert nicht
LINE 1: ...ember_id", "fee_id", "organisation_id", "amount", "currency"...
                                                             ^ (Connection: pgsql, SQL: insert into "membership_payments" ("member_id", "fee_id", "organisation_id", "amount", "currency", "payment_method", "recorded_by", "paid_at", "id", "updated_at", "created_at") values (a1e8ebc3-5134-4d43-9624-cc95376c5868, 9dc2a561-cf09-498e-8a30-c3188f2bacaf, a1e8ebc3-3d6c-4611-8293-0aac2c657540, 50.00, EUR, bank_transfer, a1e8ebc3-5b37-45d1-9e6a-d087eb69c991, 2026-05-31 08:53:19, a1e8ebc3-5c30-4bac-8c08-d698a40a96ba, 2026-05-31 08:53:19, 2026-05-31 08:53:19))[39;22m

  at [32mvendor\laravel\framework\src\Illuminate\Database\Connection.php[39m:[32m825[39m
    821▕                     $this->getName(), $query, $this->prepareBindings($bindings), $e
    822▕                 );
    823▕             }
    824▕ 
  ➜ 825▕             throw new QueryException(
    826▕                 $this->getName(), $query, $this->prepareBindings($bindings), $e
    827▕             );
    828▕         }
    829▕     }

  [33m1   [39m[39;1mvendor\laravel\framework\src\Illuminate\Database\Connection.php[39;22m:[39;1m825[39;22m

  [33m2   [39m[39;1mvendor\laravel\framework\src\Illuminate\Database\Connection.php[39;22m:[39;1m571[39;22m
  [90m    NunoMaduro\Collision\Exceptions\TestException::("SQLSTATE[42703]: Undefined column: 7 FEHLER:  Spalte »currency« von Relation »membership_payments« existiert nicht
LINE 1: ...ember_id", "fee_id", "organisation_id", "amount", "currency"...
                                                             ^")[39m

  [31m────────────────────────────────────────────────────────────────────────────────────────────────────────────────────[39m  
  [41;1m FAILED [49;22m [1mTests\Feature\Membership\FeeStatusRecalculationTest[22m [90m>[39m waiving all fees sets fees status t… [41;1m QueryException [49;22m  
[39;1m  SQLSTATE[42703]: Undefined column: 7 FEHLER:  Spalte »currency« von Relation »membership_payments« existiert nicht
LINE 1: ...ember_id", "fee_id", "organisation_id", "amount", "currency"...
                                                             ^ (Connection: pgsql, SQL: insert into "membership_payments" ("member_id", "fee_id", "organisation_id", "amount", "currency", "payment_method", "recorded_by", "paid_at", "id", "updated_at", "created_at") values (a1e8ebc3-a51a-4949-a4ea-21baa89ee82d, 47b45835-4f01-4e73-ae9d-e31ce9412b95, a1e8ebc3-902f-4526-9ae9-eaab01eb93b8, 100.00, EUR, bank_transfer, a1e8ebc3-ae80-4117-ba34-77ce9d1bd2d5, 2026-05-31 08:53:19, a1e8ebc3-afdc-4fa9-b038-2ada1ce66c54, 2026-05-31 08:53:19, 2026-05-31 08:53:19))[39;22m

  at [32mvendor\laravel\framework\src\Illuminate\Database\Connection.php[39m:[32m825[39m
    821▕                     $this->getName(), $query, $this->prepareBindings($bindings), $e
    822▕                 );
    823▕             }
    824▕ 
  ➜ 825▕             throw new QueryException(
    826▕                 $this->getName(), $query, $this->prepareBindings($bindings), $e
    827▕             );
    828▕         }
    829▕     }

  [33m1   [39m[39;1mvendor\laravel\framework\src\Illuminate\Database\Connection.php[39;22m:[39;1m825[39;22m

  [33m2   [39m[39;1mvendor\laravel\framework\src\Illuminate\Database\Connection.php[39;22m:[39;1m571[39;22m
  [90m    NunoMaduro\Collision\Exceptions\TestException::("SQLSTATE[42703]: Undefined column: 7 FEHLER:  Spalte »currency« von Relation »membership_payments« existiert nicht
LINE 1: ...ember_id", "fee_id", "organisation_id", "amount", "currency"...
                                                             ^")[39m

  [31m────────────────────────────────────────────────────────────────────────────────────────────────────────────────────[39m  
  [41;1m FAILED [49;22m [1mTests\Feature\Membership\FeeStatusRecalculationTest[22m [90m>[39m recalculation does not affect other… [41;1m QueryException [49;22m  
[39;1m  SQLSTATE[42703]: Undefined column: 7 FEHLER:  Spalte »currency« von Relation »membership_payments« existiert nicht
LINE 1: ...ember_id", "fee_id", "organisation_id", "amount", "currency"...
                                                             ^ (Connection: pgsql, SQL: insert into "membership_payments" ("member_id", "fee_id", "organisation_id", "amount", "currency", "payment_method", "recorded_by", "paid_at", "id", "updated_at", "created_at") values (a1e8ebc3-f5d2-4684-955a-c2fdd0052856, 1e6195a9-ee7d-454c-a04c-f282568016d1, a1e8ebc3-e2df-4cb4-991d-c992e6fedff7, 100.00, EUR, bank_transfer, a1e8ebc4-1094-45f0-9c8e-e0fa10343517, 2026-05-31 08:53:19, a1e8ebc4-1254-4e8c-aefb-1226992166d1, 2026-05-31 08:53:19, 2026-05-31 08:53:19))[39;22m

  at [32mvendor\laravel\framework\src\Illuminate\Database\Connection.php[39m:[32m825[39m
    821▕                     $this->getName(), $query, $this->prepareBindings($bindings), $e
    822▕                 );
    823▕             }
    824▕ 
  ➜ 825▕             throw new QueryException(
    826▕                 $this->getName(), $query, $this->prepareBindings($bindings), $e
    827▕             );
    828▕         }
    829▕     }

  [33m1   [39m[39;1mvendor\laravel\framework\src\Illuminate\Database\Connection.php[39;22m:[39;1m825[39;22m

  [33m2   [39m[39;1mvendor\laravel\framework\src\Illuminate\Database\Connection.php[39;22m:[39;1m571[39;22m
  [90m    NunoMaduro\Collision\Exceptions\TestException::("SQLSTATE[42703]: Undefined column: 7 FEHLER:  Spalte »currency« von Relation »membership_payments« existiert nicht
LINE 1: ...ember_id", "fee_id", "organisation_id", "amount", "currency"...
                                                             ^")[39m

  [31m────────────────────────────────────────────────────────────────────────────────────────────────────────────────────[39m  
  [41;1m FAILED [49;22m [1mTests\Feature\Membership\FeeWaiverTest[22m [90m>[39m guest cannot waive                                [41;1m QueryException [49;22m  
[39;1m  SQLSTATE[23502]: Not null violation: 7 FEHLER:  NULL-Wert in Spalte »id« von Relation »user_organisation_roles« verletzt Not-Null-Constraint
DETAIL:  Fehlgeschlagene Zeile enthält (null, a1e8ebc4-601e-4811-8d40-ac75b5ffe4d8, a1e8ebc4-58d5-4099-8c0a-4a85efe7aec0, admin, null, 2026-05-31 08:53:20, 2026-05-31 08:53:20). (Connection: pgsql, SQL: insert into "user_organisation_roles" ("created_at", "organisation_id", "role", "updated_at", "user_id") values (2026-05-31 08:53:20, a1e8ebc4-58d5-4099-8c0a-4a85efe7aec0, admin, 2026-05-31 08:53:20, a1e8ebc4-601e-4811-8d40-ac75b5ffe4d8))[39;22m

  at [32mvendor\laravel\framework\src\Illuminate\Database\Connection.php[39m:[32m825[39m
    821▕                     $this->getName(), $query, $this->prepareBindings($bindings), $e
    822▕                 );
    823▕             }
    824▕ 
  ➜ 825▕             throw new QueryException(
    826▕                 $this->getName(), $query, $this->prepareBindings($bindings), $e
    827▕             );
    828▕         }
    829▕     }

  [33m1   [39m[39;1mvendor\laravel\framework\src\Illuminate\Database\Connection.php[39;22m:[39;1m825[39;22m

  [33m2   [39m[39;1mvendor\laravel\framework\src\Illuminate\Database\Connection.php[39;22m:[39;1m571[39;22m
  [90m    NunoMaduro\Collision\Exceptions\TestException::("SQLSTATE[23502]: Not null violation: 7 FEHLER:  NULL-Wert in Spalte »id« von Relation »user_organisation_roles« verletzt Not-Null-Constraint
DETAIL:  Fehlgeschlagene Zeile enthält (null, a1e8ebc4-601e-4811-8d40-ac75b5ffe4d8, a1e8ebc4-58d5-4099-8c0a-4a85efe7aec0, admin, null, 2026-05-31 08:53:20, 2026-05-31 08:53:20).")[39m

  [31m────────────────────────────────────────────────────────────────────────────────────────────────────────────────────[39m  
  [41;1m FAILED [49;22m [1mTests\Feature\Membership\FeeWaiverTest[22m [90m>[39m non admin cannot waive                            [41;1m QueryException [49;22m  
[39;1m  SQLSTATE[23502]: Not null violation: 7 FEHLER:  NULL-Wert in Spalte »id« von Relation »user_organisation_roles« verletzt Not-Null-Constraint
DETAIL:  Fehlgeschlagene Zeile enthält (null, a1e8ebc4-a351-4cd1-8537-21be4efdf8e9, a1e8ebc4-9aba-4c40-b649-4d1e8d38436b, admin, null, 2026-05-31 08:53:20, 2026-05-31 08:53:20). (Connection: pgsql, SQL: insert into "user_organisation_roles" ("created_at", "organisation_id", "role", "updated_at", "user_id") values (2026-05-31 08:53:20, a1e8ebc4-9aba-4c40-b649-4d1e8d38436b, admin, 2026-05-31 08:53:20, a1e8ebc4-a351-4cd1-8537-21be4efdf8e9))[39;22m

  at [32mvendor\laravel\framework\src\Illuminate\Database\Connection.php[39m:[32m825[39m
    821▕                     $this->getName(), $query, $this->prepareBindings($bindings), $e
    822▕                 );
    823▕             }
    824▕ 
  ➜ 825▕             throw new QueryException(
    826▕                 $this->getName(), $query, $this->prepareBindings($bindings), $e
    827▕             );
    828▕         }
    829▕     }

  [33m1   [39m[39;1mvendor\laravel\framework\src\Illuminate\Database\Connection.php[39;22m:[39;1m825[39;22m

  [33m2   [39m[39;1mvendor\laravel\framework\src\Illuminate\Database\Connection.php[39;22m:[39;1m571[39;22m
  [90m    NunoMaduro\Collision\Exceptions\TestException::("SQLSTATE[23502]: Not null violation: 7 FEHLER:  NULL-Wert in Spalte »id« von Relation »user_organisation_roles« verletzt Not-Null-Constraint
DETAIL:  Fehlgeschlagene Zeile enthält (null, a1e8ebc4-a351-4cd1-8537-21be4efdf8e9, a1e8ebc4-9aba-4c40-b649-4d1e8d38436b, admin, null, 2026-05-31 08:53:20, 2026-05-31 08:53:20).")[39m

  [31m────────────────────────────────────────────────────────────────────────────────────────────────────────────────────[39m  
  [41;1m FAILED [49;22m [1mTests\Feature\Membership\FeeWaiverTest[22m [90m>[39m waive changes status to waived                    [41;1m QueryException [49;22m  
[39;1m  SQLSTATE[23502]: Not null violation: 7 FEHLER:  NULL-Wert in Spalte »id« von Relation »user_organisation_roles« verletzt Not-Null-Constraint
DETAIL:  Fehlgeschlagene Zeile enthält (null, a1e8ebc4-ec72-4271-b257-2b9b13f70765, a1e8ebc4-e22b-469a-8cdc-aff2f963408f, admin, null, 2026-05-31 08:53:20, 2026-05-31 08:53:20). (Connection: pgsql, SQL: insert into "user_organisation_roles" ("created_at", "organisation_id", "role", "updated_at", "user_id") values (2026-05-31 08:53:20, a1e8ebc4-e22b-469a-8cdc-aff2f963408f, admin, 2026-05-31 08:53:20, a1e8ebc4-ec72-4271-b257-2b9b13f70765))[39;22m

  at [32mvendor\laravel\framework\src\Illuminate\Database\Connection.php[39m:[32m825[39m
    821▕                     $this->getName(), $query, $this->prepareBindings($bindings), $e
    822▕                 );
    823▕             }
    824▕ 
  ➜ 825▕             throw new QueryException(
    826▕                 $this->getName(), $query, $this->prepareBindings($bindings), $e
    827▕             );
    828▕         }
    829▕     }

  [33m1   [39m[39;1mvendor\laravel\framework\src\Illuminate\Database\Connection.php[39;22m:[39;1m825[39;22m

  [33m2   [39m[39;1mvendor\laravel\framework\src\Illuminate\Database\Connection.php[39;22m:[39;1m571[39;22m
  [90m    NunoMaduro\Collision\Exceptions\TestException::("SQLSTATE[23502]: Not null violation: 7 FEHLER:  NULL-Wert in Spalte »id« von Relation »user_organisation_roles« verletzt Not-Null-Constraint
DETAIL:  Fehlgeschlagene Zeile enthält (null, a1e8ebc4-ec72-4271-b257-2b9b13f70765, a1e8ebc4-e22b-469a-8cdc-aff2f963408f, admin, null, 2026-05-31 08:53:20, 2026-05-31 08:53:20).")[39m

  [31m────────────────────────────────────────────────────────────────────────────────────────────────────────────────────[39m  
  [41;1m FAILED [49;22m [1mTests\Feature\Membership\FeeWaiverTest[22m [90m>[39m paid fee cannot be waived                         [41;1m QueryException [49;22m  
[39;1m  SQLSTATE[23502]: Not null violation: 7 FEHLER:  NULL-Wert in Spalte »id« von Relation »user_organisation_roles« verletzt Not-Null-Constraint
DETAIL:  Fehlgeschlagene Zeile enthält (null, a1e8ebc5-3870-4134-a456-f17fc19526e6, a1e8ebc5-2dba-48a5-870a-109656283a6a, admin, null, 2026-05-31 08:53:20, 2026-05-31 08:53:20). (Connection: pgsql, SQL: insert into "user_organisation_roles" ("created_at", "organisation_id", "role", "updated_at", "user_id") values (2026-05-31 08:53:20, a1e8ebc5-2dba-48a5-870a-109656283a6a, admin, 2026-05-31 08:53:20, a1e8ebc5-3870-4134-a456-f17fc19526e6))[39;22m

  at [32mvendor\laravel\framework\src\Illuminate\Database\Connection.php[39m:[32m825[39m
    821▕                     $this->getName(), $query, $this->prepareBindings($bindings), $e
    822▕                 );
    823▕             }
    824▕ 
  ➜ 825▕             throw new QueryException(
    826▕                 $this->getName(), $query, $this->prepareBindings($bindings), $e
    827▕             );
    828▕         }
    829▕     }

  [33m1   [39m[39;1mvendor\laravel\framework\src\Illuminate\Database\Connection.php[39;22m:[39;1m825[39;22m

  [33m2   [39m[39;1mvendor\laravel\framework\src\Illuminate\Database\Connection.php[39;22m:[39;1m571[39;22m
  [90m    NunoMaduro\Collision\Exceptions\TestException::("SQLSTATE[23502]: Not null violation: 7 FEHLER:  NULL-Wert in Spalte »id« von Relation »user_organisation_roles« verletzt Not-Null-Constraint
DETAIL:  Fehlgeschlagene Zeile enthält (null, a1e8ebc5-3870-4134-a456-f17fc19526e6, a1e8ebc5-2dba-48a5-870a-109656283a6a, admin, null, 2026-05-31 08:53:20, 2026-05-31 08:53:20).")[39m

  [31m────────────────────────────────────────────────────────────────────────────────────────────────────────────────────[39m  
  [41;1m FAILED [49;22m [1mTests\Feature\Membership\FeeWaiverTest[22m [90m>[39m cannot waive fee from different tenant            [41;1m QueryException [49;22m  
[39;1m  SQLSTATE[23502]: Not null violation: 7 FEHLER:  NULL-Wert in Spalte »id« von Relation »user_organisation_roles« verletzt Not-Null-Constraint
DETAIL:  Fehlgeschlagene Zeile enthält (null, a1e8ebc5-a90a-40e7-9e8d-b6cef7c172ba, a1e8ebc5-a0e0-4434-8897-487109ec4e7a, admin, null, 2026-05-31 08:53:20, 2026-05-31 08:53:20). (Connection: pgsql, SQL: insert into "user_organisation_roles" ("created_at", "organisation_id", "role", "updated_at", "user_id") values (2026-05-31 08:53:20, a1e8ebc5-a0e0-4434-8897-487109ec4e7a, admin, 2026-05-31 08:53:20, a1e8ebc5-a90a-40e7-9e8d-b6cef7c172ba))[39;22m

  at [32mvendor\laravel\framework\src\Illuminate\Database\Connection.php[39m:[32m825[39m
    821▕                     $this->getName(), $query, $this->prepareBindings($bindings), $e
    822▕                 );
    823▕             }
    824▕ 
  ➜ 825▕             throw new QueryException(
    826▕                 $this->getName(), $query, $this->prepareBindings($bindings), $e
    827▕             );
    828▕         }
    829▕     }

  [33m1   [39m[39;1mvendor\laravel\framework\src\Illuminate\Database\Connection.php[39;22m:[39;1m825[39;22m

  [33m2   [39m[39;1mvendor\laravel\framework\src\Illuminate\Database\Connection.php[39;22m:[39;1m571[39;22m
  [90m    NunoMaduro\Collision\Exceptions\TestException::("SQLSTATE[23502]: Not null violation: 7 FEHLER:  NULL-Wert in Spalte »id« von Relation »user_organisation_roles« verletzt Not-Null-Constraint
DETAIL:  Fehlgeschlagene Zeile enthält (null, a1e8ebc5-a90a-40e7-9e8d-b6cef7c172ba, a1e8ebc5-a0e0-4434-8897-487109ec4e7a, admin, null, 2026-05-31 08:53:20, 2026-05-31 08:53:20).")[39m

  [31m────────────────────────────────────────────────────────────────────────────────────────────────────────────────────[39m  
  [41;1m FAILED [49;22m [1mTests\Feature\Membership\MemberApprovalCreatesCorrectMemberTest[22m [90m>[39m approving application generates members…   
[39;1m  membership_number is null after approval
Failed asserting that null is not null.[39;22m

  at [32mtests\Feature\Membership\MemberApprovalCreatesCorrectMemberTest.php[39m:[32m144[39m
    140▕             ->where('organisation_id', $this->org->id)
    141▕             ->first();
    142▕ 
    143▕         $this->assertNotNull($member);
  ➜ 144▕         $this->assertNotNull($member->membership_number,
    145▕             'membership_number is null after approval');
    146▕         $this->assertStringStartsWith('M', $member->membership_number,
    147▕             'membership_number should start with M');
    148▕     }

  [33m1   [39m[39;1mtests\Feature\Membership\MemberApprovalCreatesCorrectMemberTest.php[39;22m:[39;1m144[39;22m

  [31m────────────────────────────────────────────────────────────────────────────────────────────────────────────────────[39m  
  [41;1m FAILED [49;22m [1mTests\Feature\Membership\MemberApprovalCreatesCorrectMemberTest[22m [90m>[39m each approved application gets unique m…   
[39;1m  Two approved members must have unique membership numbers
Failed asserting that actual size 1 matches expected size 2.[39;22m

  at [32mtests\Feature\Membership\MemberApprovalCreatesCorrectMemberTest.php[39m:[32m175[39m
    171▕             ->where('organisation_id', $this->org->id)
    172▕             ->pluck('membership_number')
    173▕             ->toArray();
    174▕ 
  ➜ 175▕         $this->assertCount(2, array_unique($numbers),
    176▕             'Two approved members must have unique membership numbers');
    177▕     }
    178▕ 
    179▕     // ══════════════════════════════════════════════════════════════════════════

  [33m1   [39m[39;1mtests\Feature\Membership\MemberApprovalCreatesCorrectMemberTest.php[39;22m:[39;1m175[39;22m

  [31m────────────────────────────────────────────────────────────────────────────────────────────────────────────────────[39m  
  [41;1m FAILED [49;22m [1mTests\Feature\Membership\MemberControllerIndexTest[22m [90m>[39m index by admin returns 200                              
[39;1m  Expected response status code [200] but received 403.
Failed asserting that 403 is identical to 200.[39;22m

  at [32mtests\Feature\Membership\MemberControllerIndexTest.php[39m:[32m136[39m
    132▕         $response = $this->actingAs($this->admin)
    133▕             ->withSession($this->orgSession())
    134▕             ->get("/organisations/{$this->org->slug}/members");
    135▕ 
  ➜ 136▕         $response->assertStatus(200);
    137▕     }
    138▕ 
    139▕     public function test_index_org_isolation_non_member_of_other_org(): void
    140▕     {

  [31m────────────────────────────────────────────────────────────────────────────────────────────────────────────────────[39m  
  [41;1m FAILED [49;22m [1mTests\Feature\Membership\MemberControllerIndexTest[22m [90m>[39m index returns correct data shape                        
[39;1m  Property [members.data] does not have the expected size.
Failed asserting that actual size 0 matches expected size 1.[39;22m

  at [32mtests\Feature\Membership\MemberControllerIndexTest.php[39m:[32m172[39m
    168▕         $response->assertStatus(200);
    169▕ 
    170▕         // Check that response contains members data with required fields
    171▕         $response->assertInertia(fn ($page) =>
  ➜ 172▕             $page->has('members.data', 1)
    173▕                 ->has('members.data.0.id')
    174▕                 ->has('members.data.0.name')
    175▕                 ->has('members.data.0.email')
    176▕                 ->has('members.data.0.status')

  [33m1   [39m[39;1mvendor\inertiajs\inertia-laravel\src\Testing\TestResponseMacros.php[39;22m:[39;1m18[39;22m
  [33m2   [39m[39;1mvendor\laravel\framework\src\Illuminate\Macroable\Traits\Macroable.php[39;22m:[39;1m126[39;22m

  [31m────────────────────────────────────────────────────────────────────────────────────────────────────────────────────[39m  
  [41;1m FAILED [49;22m [1mTests\Feature\Membership\MemberControllerIndexTest[22m [90m>[39m index shows pending fees amount                         
[39;1m  Property [members.data] does not have the expected size.
Failed asserting that actual size 0 matches expected size 2.[39;22m

  at [32mtests\Feature\Membership\MemberControllerIndexTest.php[39m:[32m198[39m
    194▕         $response->assertStatus(200);
    195▕ 
    196▕         // Verify pending fees are shown for each member (cast to float for comparison)
    197▕         $response->assertInertia(fn ($page) =>
  ➜ 198▕             $page->has('members.data', 2)
    199▕                 ->where('members.data.0.pending_fees', 50)
    200▕                 ->where('members.data.1.pending_fees', 75.5)
    201▕         );
    202▕     }

  [33m1   [39m[39;1mvendor\inertiajs\inertia-laravel\src\Testing\TestResponseMacros.php[39;22m:[39;1m18[39;22m
  [33m2   [39m[39;1mvendor\laravel\framework\src\Illuminate\Macroable\Traits\Macroable.php[39;22m:[39;1m126[39;22m

  [31m────────────────────────────────────────────────────────────────────────────────────────────────────────────────────[39m  
  [41;1m FAILED [49;22m [1mTests\Feature\Membership\MemberControllerIndexTest[22m [90m>[39m index filters by name                                   
[39;1m  Property [members.data] does not have the expected size.
Failed asserting that actual size 0 matches expected size 1.[39;22m

  at [32mtests\Feature\Membership\MemberControllerIndexTest.php[39m:[32m228[39m
    224▕         $response->assertStatus(200);
    225▕ 
    226▕         // Should only show John Smith
    227▕         $response->assertInertia(fn ($page) =>
  ➜ 228▕             $page->has('members.data', 1)
    229▕                 ->where('members.data.0.id', $member1->id)
    230▕                 ->where('members.data.0.name', 'John Smith')
    231▕         );
    232▕     }

  [33m1   [39m[39;1mvendor\inertiajs\inertia-laravel\src\Testing\TestResponseMacros.php[39;22m:[39;1m18[39;22m
  [33m2   [39m[39;1mvendor\laravel\framework\src\Illuminate\Macroable\Traits\Macroable.php[39;22m:[39;1m126[39;22m

  [31m────────────────────────────────────────────────────────────────────────────────────────────────────────────────────[39m  
  [41;1m FAILED [49;22m [1mTests\Feature\Membership\MemberControllerIndexTest[22m [90m>[39m index filters by status                                 
[39;1m  Property [members.data] does not have the expected size.
Failed asserting that actual size 0 matches expected size 1.[39;22m

  at [32mtests\Feature\Membership\MemberControllerIndexTest.php[39m:[32m266[39m
    262▕         $response->assertStatus(200);
    263▕ 
    264▕         // Should only show expired member
    265▕         $response->assertInertia(fn ($page) =>
  ➜ 266▕             $page->has('members.data', 1)
    267▕                 ->where('members.data.0.id', $expiredMember->id)
    268▕                 ->where('members.data.0.status', 'expired')
    269▕         );
    270▕     }

  [33m1   [39m[39;1mvendor\inertiajs\inertia-laravel\src\Testing\TestResponseMacros.php[39;22m:[39;1m18[39;22m
  [33m2   [39m[39;1mvendor\laravel\framework\src\Illuminate\Macroable\Traits\Macroable.php[39;22m:[39;1m126[39;22m

  [31m────────────────────────────────────────────────────────────────────────────────────────────────────────────────────[39m  
  [41;1m FAILED [49;22m [1mTests\Feature\Membership\MemberControllerMarkPaidTest[22m [90m>[39m mark paid sets fees status to exempt                 
[39;1m  Expected response status code [201, 301, 302, 303, 307, 308] but received 403.
Failed asserting that false is true.[39;22m

  at [32mtests\Feature\Membership\MemberControllerMarkPaidTest.php[39m:[32m131[39m
    127▕         $response = $this->actingAs($this->admin)
    128▕             ->withSession($this->orgSession())
    129▕             ->patch("/organisations/{$this->org->slug}/members/{$member->id}/mark-paid");
    130▕ 
  ➜ 131▕         $response->assertRedirect();
    132▕ 
    133▕         $this->assertDatabaseHas('members', [
    134▕             'id'           => $member->id,
    135▕             'fees_status'  => 'exempt',

  [31m────────────────────────────────────────────────────────────────────────────────────────────────────────────────────[39m  
  [41;1m FAILED [49;22m [1mTests\Feature\Membership\MemberControllerMarkPaidTest[22m [90m>[39m mark paid makes member appear in voter dropdown      
[39;1m  Failed asserting that a row in the table [members] matches the attributes {
    "id": "a1e8ebd1-1628-448c-ae94-6857648a58eb",
    "fees_status": "exempt"
}.

Found similar results: [
    {
        "id": "a1e8ebd1-1628-448c-ae94-6857648a58eb",
        "fees_status": "unpaid"
    }
].[39;22m

  at [32mtests\Feature\Membership\MemberControllerMarkPaidTest.php[39m:[32m155[39m
    151▕             ->withSession($this->orgSession())
    152▕             ->patch("/organisations/{$this->org->slug}/members/{$member->id}/mark-paid");
    153▕ 
    154▕         // AFTER: member is now exempt
  ➜ 155▕         $this->assertDatabaseHas('members', [
    156▕             'id'           => $member->id,
    157▕             'fees_status'  => 'exempt',
    158▕         ]);
    159▕

  [31m────────────────────────────────────────────────────────────────────────────────────────────────────────────────────[39m  
  [41;1m FAILED [49;22m [1mTests\Feature\Membership\MemberControllerMarkPaidTest[22m [90m>[39m mark paid also waives pending fee rows               
[39;1m  Failed asserting that a row in the table [membership_fees] matches the attributes {
    "member_id": "a1e8ebd5-46e6-4010-837f-2764c2d2a678",
    "status": "waived"
}.

Found similar results: [
    {
        "member_id": "a1e8ebd5-46e6-4010-837f-2764c2d2a678",
        "status": "pending"
    }
].[39;22m

  at [32mtests\Feature\Membership\MemberControllerMarkPaidTest.php[39m:[32m247[39m
    243▕             ->withSession($this->orgSession())
    244▕             ->patch("/organisations/{$this->org->slug}/members/{$member->id}/mark-paid");
    245▕ 
    246▕         // Pending fee should now be waived
  ➜ 247▕         $this->assertDatabaseHas('membership_fees', [
    248▕             'member_id' => $member->id,
    249▕             'status'    => 'waived',
    250▕         ]);
    251▕     }

  [31m────────────────────────────────────────────────────────────────────────────────────────────────────────────────────[39m  
  [41;1m FAILED [49;22m [1mTests\Feature\Membership\MemberControllerMarkPaidTest[22m [90m>[39m mark paid pending fees disappear from member inde…   
[39;1m  Failed asserting that a row in the table [membership_fees] matches the attributes {
    "member_id": "a1e8ebd6-1844-41f6-92fd-8fde9b53bbb1",
    "status": "waived"
}.

Found similar results: [
    {
        "member_id": "a1e8ebd6-1844-41f6-92fd-8fde9b53bbb1",
        "status": "pending"
    }
].[39;22m

  at [32mtests\Feature\Membership\MemberControllerMarkPaidTest.php[39m:[32m269[39m
    265▕             ->withSession($this->orgSession())
    266▕             ->patch("/organisations/{$this->org->slug}/members/{$member->id}/mark-paid");
    267▕ 
    268▕         // AFTER: pending fee should be waived
  ➜ 269▕         $this->assertDatabaseHas('membership_fees', [
    270▕             'member_id' => $member->id,
    271▕             'status'    => 'waived', // Changed from 'pending'
    272▕         ]);
    273▕

  [31m────────────────────────────────────────────────────────────────────────────────────────────────────────────────────[39m  
  [41;1m FAILED [49;22m [1mTests\Feature\Membership\MemberImportTest[22m [90m>[39m import creates member record with all fields                     
[39;1m  Failed asserting that a row in the table [members] matches the attributes {
    "organisation_user_id": "a1e8ebdd-9dac-41d2-b42a-dbf8ac073874",
    "membership_number": "MEM-001",
    "status": "active",
    "fees_status": "paid"
}.

Found similar results: [
    {
        "organisation_user_id": "a1e8ebdd-9dac-41d2-b42a-dbf8ac073874",
        "membership_number": null,
        "status": "active",
        "fees_status": "unpaid"
    }
].[39;22m

  at [32mtests\Feature\Membership\MemberImportTest.php[39m:[32m113[39m
    109▕         ]);
    110▕ 
    111▕         $orgUser = \App\Models\OrganisationUser::where('user_id', $user->id)->firstOrFail();
    112▕ 
  ➜ 113▕         $this->assertDatabaseHas('members', [
    114▕             'organisation_user_id' => $orgUser->id,
    115▕             'membership_number'    => 'MEM-001',
    116▕             'status'               => 'active',
    117▕             'fees_status'          => 'paid',

  [31m────────────────────────────────────────────────────────────────────────────────────────────────────────────────────[39m  
  [41;1m FAILED [49;22m [1mTests\Feature\Membership\MemberImportTest[22m [90m>[39m import uses defaults when optional columns missing               
[39;1m  Failed asserting that null is not null.[39;22m

  at [32mtests\Feature\Membership\MemberImportTest.php[39m:[32m137[39m
    133▕ 
    134▕         $this->assertEquals('active',  $member->status);
    135▕         $this->assertEquals('unpaid',  $member->fees_status);
    136▕         $this->assertNull($member->membership_expires_at);
  ➜ 137▕         $this->assertNotNull($member->joined_at);
    138▕     }
    139▕ 
    140▕     public function test_import_skips_duplicate_emails(): void
    141▕     {

  [33m1   [39m[39;1mtests\Feature\Membership\MemberImportTest.php[39;22m:[39;1m137[39;22m

  [31m────────────────────────────────────────────────────────────────────────────────────────────────────────────────────[39m  
  [41;1m FAILED [49;22m [1mTests\Feature\Membership\MemberImportTest[22m [90m>[39m import auto generates membership number when blank               
[39;1m  Failed asserting that null is not null.[39;22m

  at [32mtests\Feature\Membership\MemberImportTest.php[39m:[32m164[39m
    160▕         $user    = User::where('email', 'frank.k@example.com')->firstOrFail();
    161▕         $orgUser = \App\Models\OrganisationUser::where('user_id', $user->id)->firstOrFail();
    162▕         $member  = \App\Models\Member::where('organisation_user_id', $orgUser->id)->firstOrFail();
    163▕ 
  ➜ 164▕         $this->assertNotNull($member->membership_number);
    165▕         $this->assertMatchesRegularExpression('/^M[A-Z0-9]{8}$/', $member->membership_number);
    166▕     }
    167▕ }
    168▕

  [33m1   [39m[39;1mtests\Feature\Membership\MemberImportTest.php[39;22m:[39;1m164[39;22m

  [31m────────────────────────────────────────────────────────────────────────────────────────────────────────────────────[39m  
  [41;1m FAILED [49;22m [1mTests\Feature\Membership\MembershipFeeControllerPayTest[22m [90m>[39m pay creates membership payment record              
[39;1m  Expected response status code [302] but received 500.
Failed asserting that 500 is identical to 302.

The following exception occurred during the last request:

PDOException: SQLSTATE[42703]: Undefined column: 7 FEHLER:  Spalte »currency« von Relation »membership_payments« existiert nicht
LINE 1: ...ember_id", "fee_id", "organisation_id", "amount", "currency"...
                                                             ^ in C:\Users\nabra\OneDrive\Desktop\roshyara\xamp\nrna\nrna-eu\vendor\laravel\framework\src\Illuminate\Database\Connection.php:571
Stack trace:
#0 C:\Users\nabra\OneDrive\Desktop\roshyara\xamp\nrna\nrna-eu\vendor\laravel\framework\src\Illuminate\Database\Connection.php(571): PDOStatement->execute()
#1 C:\Users\nabra\OneDrive\Desktop\roshyara\xamp\nrna\nrna-eu\vendor\laravel\framework\src\Illuminate\Database\Connection.php(812): Illuminate\Database\Connection->Illuminate\Database\{closure}('insert into "me...', Array)
#2 C:\Users\nabra\OneDrive\Desktop\roshyara\xamp\nrna\nrna-eu\vendor\laravel\framework\src\Illuminate\Database\Connection.php(779): Illuminate\Database\Connection->runQueryCallback('insert into "me...', Array, Object(Closure))
#3 C:\Users\nabra\OneDrive\Desktop\roshyara\xamp\nrna\nrna-eu\vendor\laravel\framework\src\Illuminate\Database\Connection.php(560): Illuminate\Database\Connection->run('insert into "me...', Array, Object(Closure))
#4 C:\Users\nabra\OneDrive\Desktop\roshyara\xamp\nrna\nrna-eu\vendor\laravel\framework\src\Illuminate\Database\Connection.php(524): Illuminate\Database\Connection->statement('insert into "me...', Array)
#5 C:\Users\nabra\OneDrive\Desktop\roshyara\xamp\nrna\nrna-eu\vendor\laravel\framework\src\Illuminate\Database\Query\Builder.php(3748): Illuminate\Database\Connection->insert('insert into "me...', Array)
#6 C:\Users\nabra\OneDrive\Desktop\roshyara\xamp\nrna\nrna-eu\vendor\laravel\framework\src\Illuminate\Database\Eloquent\Builder.php(2099): Illuminate\Database\Query\Builder->insert(Array)
#7 C:\Users\nabra\OneDrive\Desktop\roshyara\xamp\nrna\nrna-eu\vendor\laravel\framework\src\Illuminate\Database\Eloquent\Model.php(1335): Illuminate\Database\Eloquent\Builder->__call('insert', Array)
#8 C:\Users\nabra\OneDrive\Desktop\roshyara\xamp\nrna\nrna-eu\vendor\laravel\framework\src\Illuminate\Database\Eloquent\Model.php(1163): Illuminate\Database\Eloquent\Model->performInsert(Object(Illuminate\Database\Eloquent\Builder))
#9 C:\Users\nabra\OneDrive\Desktop\roshyara\xamp\nrna\nrna-eu\vendor\laravel\framework\src\Illuminate\Database\Eloquent\Builder.php(1107): Illuminate\Database\Eloquent\Model->save()
#10 C:\Users\nabra\OneDrive\Desktop\roshyara\xamp\nrna\nrna-eu\vendor\laravel\framework\src\Illuminate\Support\helpers.php(399): Illuminate\Database\Eloquent\Builder->Illuminate\Database\Eloquent\{closure}(Object(App\Models\MembershipPayment))
#11 C:\Users\nabra\OneDrive\Desktop\roshyara\xamp\nrna\nrna-eu\vendor\laravel\framework\src\Illuminate\Database\Eloquent\Builder.php(1106): tap(Object(App\Models\MembershipPayment), Object(Closure))
#12 C:\Users\nabra\OneDrive\Desktop\roshyara\xamp\nrna\nrna-eu\vendor\laravel\framework\src\Illuminate\Support\Traits\ForwardsCalls.php(23): Illuminate\Database\Eloquent\Builder->create(Array)
#13 C:\Users\nabra\OneDrive\Desktop\roshyara\xamp\nrna\nrna-eu\vendor\laravel\framework\src\Illuminate\Database\Eloquent\Model.php(2368): Illuminate\Database\Eloquent\Model->forwardCallTo(Object(Illuminate\Database\Eloquent\Builder), 'create', Array)
#14 C:\Users\nabra\OneDrive\Desktop\roshyara\xamp\nrna\nrna-eu\vendor\laravel\framework\src\Illuminate\Database\Eloquent\Model.php(2380): Illuminate\Database\Eloquent\Model->__call('create', Array)
#15 C:\Users\nabra\OneDrive\Desktop\roshyara\xamp\nrna\nrna-eu\app\Services\MembershipPaymentService.php(52): Illuminate\Database\Eloquent\Model::__callStatic('create', Array)
#16 C:\Users\nabra\OneDrive\Desktop\roshyara\xamp\nrna\nrna-eu\vendor\laravel\framework\src\Illuminate\Database\Concerns\ManagesTransactions.php(32): App\Services\MembershipPaymentService->App\Services\{closure}(Object(Illuminate\Database\PostgresConnection))
#17 C:\Users\nabra\OneDrive\Desktop\roshyara\xamp\nrna\nrna-eu\vendor\laravel\framework\src\Illuminate\Database\DatabaseManager.php(495): Illuminate\Database\Connection->transaction(Object(Closure))
#18 C:\Users\nabra\OneDrive\Desktop\roshyara\xamp\nrna\nrna-eu\vendor\laravel\framework\src\Illuminate\Support\Facades\Facade.php(361): Illuminate\Database\DatabaseManager->__call('transaction', Array)
#19 C:\Users\nabra\OneDrive\Desktop\roshyara\xamp\nrna\nrna-eu\app\Services\MembershipPaymentService.php(42): Illuminate\Support\Facades\Facade::__callStatic('transaction', Array)
#20 C:\Users\nabra\OneDrive\Desktop\roshyara\xamp\nrna\nrna-eu\app\Http\Controllers\Membership\MembershipFeeController.php(126): App\Services\MembershipPaymentService->recordPayment(Object(App\Models\Member), Object(App\Models\MembershipFee), Object(App\Domain\Shared\ValueObjects\Money), 'bank_transfer', 'REF-001')
#21 C:\Users\nabra\OneDrive\Desktop\roshyara\xamp\nrna\nrna-eu\vendor\laravel\framework\src\Illuminate\Routing\Controller.php(54): App\Http\Controllers\Membership\MembershipFeeController->pay(Object(Illuminate\Http\Request), Object(App\Models\Organisation), Object(App\Models\Member), Object(App\Models\MembershipFee), Object(App\Services\MembershipPaymentService))
#22 C:\Users\nabra\OneDrive\Desktop\roshyara\xamp\nrna\nrna-eu\vendor\laravel\framework\src\Illuminate\Routing\ControllerDispatcher.php(44): Illuminate\Routing\Controller->callAction('pay', Array)
#23 C:\Users\nabra\OneDrive\Desktop\roshyara\xamp\nrna\nrna-eu\vendor\laravel\framework\src\Illuminate\Routing\Route.php(266): Illuminate\Routing\ControllerDispatcher->dispatch(Object(Illuminate\Routing\Route), Object(App\Http\Controllers\Membership\MembershipFeeController), 'pay')
#24 C:\Users\nabra\OneDrive\Desktop\roshyara\xamp\nrna\nrna-eu\vendor\laravel\framework\src\Illuminate\Routing\Route.php(212): Illuminate\Routing\Route->runController()
#25 C:\Users\nabra\OneDrive\Desktop\roshyara\xamp\nrna\nrna-eu\vendor\laravel\framework\src\Illuminate\Routing\Router.php(808): Illuminate\Routing\Route->run()
#26 C:\Users\nabra\OneDrive\Desktop\roshyara\xamp\nrna\nrna-eu\vendor\laravel\framework\src\Illuminate\Pipeline\Pipeline.php(170): Illuminate\Routing\Router->Illuminate\Routing\{closure}(Object(Illuminate\Http\Request))
#27 C:\Users\nabra\OneDrive\Desktop\roshyara\xamp\nrna\nrna-eu\app\Http\Middleware\EnsureOrganisationMember.php(161): Illuminate\Pipeline\Pipeline->Illuminate\Pipeline\{closure}(Object(Illuminate\Http\Request))
#28 C:\Users\nabra\OneDrive\Desktop\roshyara\xamp\nrna\nrna-eu\vendor\laravel\framework\src\Illuminate\Pipeline\Pipeline.php(209): App\Http\Middleware\EnsureOrganisationMember->handle(Object(Illuminate\Http\Request), Object(Closure))
#29 C:\Users\nabra\OneDrive\Desktop\roshyara\xamp\nrna\nrna-eu\vendor\laravel\framework\src\Illuminate\Auth\Middleware\EnsureEmailIsVerified.php(41): Illuminate\Pipeline\Pipeline->Illuminate\Pipeline\{closure}(Object(Illuminate\Http\Request))
#30 C:\Users\nabra\OneDrive\Desktop\roshyara\xamp\nrna\nrna-eu\vendor\laravel\framework\src\Illuminate\Pipeline\Pipeline.php(209): Illuminate\Auth\Middleware\EnsureEmailIsVerified->handle(Object(Illuminate\Http\Request), Object(Closure))
#31 C:\Users\nabra\OneDrive\Desktop\roshyara\xamp\nrna\nrna-eu\vendor\laravel\framework\src\Illuminate\Auth\Middleware\Authenticate.php(64): Illuminate\Pipeline\Pipeline->Illuminate\Pipeline\{closure}(Object(Illuminate\Http\Request))
#32 C:\Users\nabra\OneDrive\Desktop\roshyara\xamp\nrna\nrna-eu\vendor\laravel\framework\src\Illuminate\Pipeline\Pipeline.php(209): Illuminate\Auth\Middleware\Authenticate->handle(Object(Illuminate\Http\Request), Object(Closure))
#33 C:\Users\nabra\OneDrive\Desktop\roshyara\xamp\nrna\nrna-eu\vendor\inertiajs\inertia-laravel\src\Middleware.php(86): Illuminate\Pipeline\Pipeline->Illuminate\Pipeline\{closure}(Object(Illuminate\Http\Request))
#34 C:\Users\nabra\OneDrive\Desktop\roshyara\xamp\nrna\nrna-eu\vendor\laravel\framework\src\Illuminate\Pipeline\Pipeline.php(209): Inertia\Middleware->handle(Object(Illuminate\Http\Request), Object(Closure))
#35 C:\Users\nabra\OneDrive\Desktop\roshyara\xamp\nrna\nrna-eu\app\Http\Middleware\InjectPageMeta.php(65): Illuminate\Pipeline\Pipeline->Illuminate\Pipeline\{closure}(Object(Illuminate\Http\Request))
#36 C:\Users\nabra\OneDrive\Desktop\roshyara\xamp\nrna\nrna-eu\vendor\laravel\framework\src\Illuminate\Pipeline\Pipeline.php(209): App\Http\Middleware\InjectPageMeta->handle(Object(Illuminate\Http\Request), Object(Closure))
#37 C:\Users\nabra\OneDrive\Desktop\roshyara\xamp\nrna\nrna-eu\app\Http\Middleware\SetLocale.php(59): Illuminate\Pipeline\Pipeline->Illuminate\Pipeline\{closure}(Object(Illuminate\Http\Request))
#38 C:\Users\nabra\OneDrive\Desktop\roshyara\xamp\nrna\nrna-eu\vendor\laravel\framework\src\Illuminate\Pipeline\Pipeline.php(209): App\Http\Middleware\SetLocale->handle(Object(Illuminate\Http\Request), Object(Closure))
#39 C:\Users\nabra\OneDrive\Desktop\roshyara\xamp\nrna\nrna-eu\app\Http\Middleware\PreloadAssets.php(12): Illuminate\Pipeline\Pipeline->Illuminate\Pipeline\{closure}(Object(Illuminate\Http\Request))
#40 C:\Users\nabra\OneDrive\Desktop\roshyara\xamp\nrna\nrna-eu\vendor\laravel\framework\src\Illuminate\Pipeline\Pipeline.php(209): App\Http\Middleware\PreloadAssets->handle(Object(Illuminate\Http\Request), Object(Closure))
#41 C:\Users\nabra\OneDrive\Desktop\roshyara\xamp\nrna\nrna-eu\vendor\laravel\framework\src\Illuminate\Routing\Middleware\SubstituteBindings.php(51): Illuminate\Pipeline\Pipeline->Illuminate\Pipeline\{closure}(Object(Illuminate\Http\Request))
#42 C:\Users\nabra\OneDrive\Desktop\roshyara\xamp\nrna\nrna-eu\vendor\laravel\framework\src\Illuminate\Pipeline\Pipeline.php(209): Illuminate\Routing\Middleware\SubstituteBindings->handle(Object(Illuminate\Http\Request), Object(Closure))
#43 C:\Users\nabra\OneDrive\Desktop\roshyara\xamp\nrna\nrna-eu\vendor\laravel\framework\src\Illuminate\Foundation\Http\Middleware\VerifyCsrfToken.php(88): Illuminate\Pipeline\Pipeline->Illuminate\Pipeline\{closure}(Object(Illuminate\Http\Request))
#44 C:\Users\nabra\OneDrive\Desktop\roshyara\xamp\nrna\nrna-eu\vendor\laravel\framework\src\Illuminate\Pipeline\Pipeline.php(209): Illuminate\Foundation\Http\Middleware\VerifyCsrfToken->handle(Object(Illuminate\Http\Request), Object(Closure))
#45 C:\Users\nabra\OneDrive\Desktop\roshyara\xamp\nrna\nrna-eu\vendor\laravel\framework\src\Illuminate\View\Middleware\ShareErrorsFromSession.php(49): Illuminate\Pipeline\Pipeline->Illuminate\Pipeline\{closure}(Object(Illuminate\Http\Request))
#46 C:\Users\nabra\OneDrive\Desktop\roshyara\xamp\nrna\nrna-eu\vendor\laravel\framework\src\Illuminate\Pipeline\Pipeline.php(209): Illuminate\View\Middleware\ShareErrorsFromSession->handle(Object(Illuminate\Http\Request), Object(Closure))
#47 C:\Users\nabra\OneDrive\Desktop\roshyara\xamp\nrna\nrna-eu\vendor\laravel\framework\src\Illuminate\Session\Middleware\StartSession.php(121): Illuminate\Pipeline\Pipeline->Illuminate\Pipeline\{closure}(Object(Illuminate\Http\Request))
#48 C:\Users\nabra\OneDrive\Desktop\roshyara\xamp\nrna\nrna-eu\vendor\laravel\framework\src\Illuminate\Session\Middleware\StartSession.php(64): Illuminate\Session\Middleware\StartSession->handleStatefulRequest(Object(Illuminate\Http\Request), Object(Illuminate\Session\Store), Object(Closure))
#49 C:\Users\nabra\OneDrive\Desktop\roshyara\xamp\nrna\nrna-eu\vendor\laravel\framework\src\Illuminate\Pipeline\Pipeline.php(209): Illuminate\Session\Middleware\StartSession->handle(Object(Illuminate\Http\Request), Object(Closure))
#50 C:\Users\nabra\OneDrive\Desktop\roshyara\xamp\nrna\nrna-eu\vendor\laravel\framework\src\Illuminate\Cookie\Middleware\AddQueuedCookiesToResponse.php(37): Illuminate\Pipeline\Pipeline->Illuminate\Pipeline\{closure}(Object(Illuminate\Http\Request))
#51 C:\Users\nabra\OneDrive\Desktop\roshyara\xamp\nrna\nrna-eu\vendor\laravel\framework\src\Illuminate\Pipeline\Pipeline.php(209): Illuminate\Cookie\Middleware\AddQueuedCookiesToResponse->handle(Object(Illuminate\Http\Request), Object(Closure))
#52 C:\Users\nabra\OneDrive\Desktop\roshyara\xamp\nrna\nrna-eu\vendor\laravel\framework\src\Illuminate\Cookie\Middleware\EncryptCookies.php(75): Illuminate\Pipeline\Pipeline->Illuminate\Pipeline\{closure}(Object(Illuminate\Http\Request))
#53 C:\Users\nabra\OneDrive\Desktop\roshyara\xamp\nrna\nrna-eu\vendor\laravel\framework\src\Illuminate\Pipeline\Pipeline.php(209): Illuminate\Cookie\Middleware\EncryptCookies->handle(Object(Illuminate\Http\Request), Object(Closure))
#54 C:\Users\nabra\OneDrive\Desktop\roshyara\xamp\nrna\nrna-eu\vendor\laravel\framework\src\Illuminate\Pipeline\Pipeline.php(127): Illuminate\Pipeline\Pipeline->Illuminate\Pipeline\{closure}(Object(Illuminate\Http\Request))
#55 C:\Users\nabra\OneDrive\Desktop\roshyara\xamp\nrna\nrna-eu\vendor\laravel\framework\src\Illuminate\Routing\Router.php(807): Illuminate\Pipeline\Pipeline->then(Object(Closure))
#56 C:\Users\nabra\OneDrive\Desktop\roshyara\xamp\nrna\nrna-eu\vendor\laravel\framework\src\Illuminate\Routing\Router.php(786): Illuminate\Routing\Router->runRouteWithinStack(Object(Illuminate\Routing\Route), Object(Illuminate\Http\Request))
#57 C:\Users\nabra\OneDrive\Desktop\roshyara\xamp\nrna\nrna-eu\vendor\laravel\framework\src\Illuminate\Routing\Router.php(750): Illuminate\Routing\Router->runRoute(Object(Illuminate\Http\Request), Object(Illuminate\Routing\Route))
#58 C:\Users\nabra\OneDrive\Desktop\roshyara\xamp\nrna\nrna-eu\vendor\laravel\framework\src\Illuminate\Routing\Router.php(739): Illuminate\Routing\Router->dispatchToRoute(Object(Illuminate\Http\Request))
#59 C:\Users\nabra\OneDrive\Desktop\roshyara\xamp\nrna\nrna-eu\vendor\laravel\framework\src\Illuminate\Foundation\Http\Kernel.php(201): Illuminate\Routing\Router->dispatch(Object(Illuminate\Http\Request))
#60 C:\Users\nabra\OneDrive\Desktop\roshyara\xamp\nrna\nrna-eu\vendor\laravel\framework\src\Illuminate\Pipeline\Pipeline.php(170): Illuminate\Foundation\Http\Kernel->Illuminate\Foundation\Http\{closure}(Object(Illuminate\Http\Request))
#61 C:\Users\nabra\OneDrive\Desktop\roshyara\xamp\nrna\nrna-eu\app\Http\Middleware\TrackPerformance.php(28): Illuminate\Pipeline\Pipeline->Illuminate\Pipeline\{closure}(Object(Illuminate\Http\Request))
#62 C:\Users\nabra\OneDrive\Desktop\roshyara\xamp\nrna\nrna-eu\vendor\laravel\framework\src\Illuminate\Pipeline\Pipeline.php(209): App\Http\Middleware\TrackPerformance->handle(Object(Illuminate\Http\Request), Object(Closure))
#63 C:\Users\nabra\OneDrive\Desktop\roshyara\xamp\nrna\nrna-eu\vendor\laravel\framework\src\Illuminate\Foundation\Http\Middleware\TransformsRequest.php(21): Illuminate\Pipeline\Pipeline->Illuminate\Pipeline\{closure}(Object(Illuminate\Http\Request))
#64 C:\Users\nabra\OneDrive\Desktop\roshyara\xamp\nrna\nrna-eu\vendor\laravel\framework\src\Illuminate\Foundation\Http\Middleware\ConvertEmptyStringsToNull.php(31): Illuminate\Foundation\Http\Middleware\TransformsRequest->handle(Object(Illuminate\Http\Request), Object(Closure))
#65 C:\Users\nabra\OneDrive\Desktop\roshyara\xamp\nrna\nrna-eu\vendor\laravel\framework\src\Illuminate\Pipeline\Pipeline.php(209): Illuminate\Foundation\Http\Middleware\ConvertEmptyStringsToNull->handle(Object(Illuminate\Http\Request), Object(Closure))
#66 C:\Users\nabra\OneDrive\Desktop\roshyara\xamp\nrna\nrna-eu\vendor\laravel\framework\src\Illuminate\Foundation\Http\Middleware\TransformsRequest.php(21): Illuminate\Pipeline\Pipeline->Illuminate\Pipeline\{closure}(Object(Illuminate\Http\Request))
#67 C:\Users\nabra\OneDrive\Desktop\roshyara\xamp\nrna\nrna-eu\vendor\laravel\framework\src\Illuminate\Foundation\Http\Middleware\TrimStrings.php(51): Illuminate\Foundation\Http\Middleware\TransformsRequest->handle(Object(Illuminate\Http\Request), Object(Closure))
#68 C:\Users\nabra\OneDrive\Desktop\roshyara\xamp\nrna\nrna-eu\vendor\laravel\framework\src\Illuminate\Pipeline\Pipeline.php(209): Illuminate\Foundation\Http\Middleware\TrimStrings->handle(Object(Illuminate\Http\Request), Object(Closure))
#69 C:\Users\nabra\OneDrive\Desktop\roshyara\xamp\nrna\nrna-eu\vendor\laravel\framework\src\Illuminate\Http\Middleware\ValidatePostSize.php(27): Illuminate\Pipeline\Pipeline->Illuminate\Pipeline\{closure}(Object(Illuminate\Http\Request))
#70 C:\Users\nabra\OneDrive\Desktop\roshyara\xamp\nrna\nrna-eu\vendor\laravel\framework\src\Illuminate\Pipeline\Pipeline.php(209): Illuminate\Http\Middleware\ValidatePostSize->handle(Object(Illuminate\Http\Request), Object(Closure))
#71 C:\Users\nabra\OneDrive\Desktop\roshyara\xamp\nrna\nrna-eu\vendor\laravel\framework\src\Illuminate\Foundation\Http\Middleware\PreventRequestsDuringMaintenance.php(110): Illuminate\Pipeline\Pipeline->Illuminate\Pipeline\{closure}(Object(Illuminate\Http\Request))
#72 C:\Users\nabra\OneDrive\Desktop\roshyara\xamp\nrna\nrna-eu\vendor\laravel\framework\src\Illuminate\Pipeline\Pipeline.php(209): Illuminate\Foundation\Http\Middleware\PreventRequestsDuringMaintenance->handle(Object(Illuminate\Http\Request), Object(Closure))
#73 C:\Users\nabra\OneDrive\Desktop\roshyara\xamp\nrna\nrna-eu\vendor\laravel\framework\src\Illuminate\Http\Middleware\HandleCors.php(49): Illuminate\Pipeline\Pipeline->Illuminate\Pipeline\{closure}(Object(Illuminate\Http\Request))
#74 C:\Users\nabra\OneDrive\Desktop\roshyara\xamp\nrna\nrna-eu\vendor\laravel\framework\src\Illuminate\Pipeline\Pipeline.php(209): Illuminate\Http\Middleware\HandleCors->handle(Object(Illuminate\Http\Request), Object(Closure))
#75 C:\Users\nabra\OneDrive\Desktop\roshyara\xamp\nrna\nrna-eu\vendor\laravel\framework\src\Illuminate\Http\Middleware\TrustProxies.php(58): Illuminate\Pipeline\Pipeline->Illuminate\Pipeline\{closure}(Object(Illuminate\Http\Request))
#76 C:\Users\nabra\OneDrive\Desktop\roshyara\xamp\nrna\nrna-eu\vendor\laravel\framework\src\Illuminate\Pipeline\Pipeline.php(209): Illuminate\Http\Middleware\TrustProxies->handle(Object(Illuminate\Http\Request), Object(Closure))
#77 C:\Users\nabra\OneDrive\Desktop\roshyara\xamp\nrna\nrna-eu\vendor\laravel\framework\src\Illuminate\Foundation\Http\Middleware\InvokeDeferredCallbacks.php(22): Illuminate\Pipeline\Pipeline->Illuminate\Pipeline\{closure}(Object(Illuminate\Http\Request))
#78 C:\Users\nabra\OneDrive\Desktop\roshyara\xamp\nrna\nrna-eu\vendor\laravel\framework\src\Illuminate\Pipeline\Pipeline.php(209): Illuminate\Foundation\Http\Middleware\InvokeDeferredCallbacks->handle(Object(Illuminate\Http\Request), Object(Closure))
#79 C:\Users\nabra\OneDrive\Desktop\roshyara\xamp\nrna\nrna-eu\vendor\laravel\framework\src\Illuminate\Pipeline\Pipeline.php(127): Illuminate\Pipeline\Pipeline->Illuminate\Pipeline\{closure}(Object(Illuminate\Http\Request))
#80 C:\Users\nabra\OneDrive\Desktop\roshyara\xamp\nrna\nrna-eu\vendor\laravel\framework\src\Illuminate\Foundation\Http\Kernel.php(176): Illuminate\Pipeline\Pipeline->then(Object(Closure))
#81 C:\Users\nabra\OneDrive\Desktop\roshyara\xamp\nrna\nrna-eu\vendor\laravel\framework\src\Illuminate\Foundation\Http\Kernel.php(145): Illuminate\Foundation\Http\Kernel->sendRequestThroughRouter(Object(Illuminate\Http\Request))
#82 C:\Users\nabra\OneDrive\Desktop\roshyara\xamp\nrna\nrna-eu\vendor\laravel\framework\src\Illuminate\Foundation\Testing\Concerns\MakesHttpRequests.php(607): Illuminate\Foundation\Http\Kernel->handle(Object(Illuminate\Http\Request))
#83 C:\Users\nabra\OneDrive\Desktop\roshyara\xamp\nrna\nrna-eu\vendor\laravel\framework\src\Illuminate\Foundation\Testing\Concerns\MakesHttpRequests.php(397): Illuminate\Foundation\Testing\TestCase->call('POST', 'http://localhos...', Array, Array, Array, Array)
#84 C:\Users\nabra\OneDrive\Desktop\roshyara\xamp\nrna\nrna-eu\tests\Feature\Membership\MembershipFeeControllerPayTest.php(57): Illuminate\Foundation\Testing\TestCase->post('http://localhos...', Array)
#85 C:\Users\nabra\OneDrive\Desktop\roshyara\xamp\nrna\nrna-eu\vendor\phpunit\phpunit\src\Framework\TestCase.php(1235): Tests\Feature\Membership\MembershipFeeControllerPayTest->test_pay_creates_membership_payment_record()
#86 C:\Users\nabra\OneDrive\Desktop\roshyara\xamp\nrna\nrna-eu\vendor\phpunit\phpunit\src\Framework\TestCase.php(514): PHPUnit\Framework\TestCase->runTest()
#87 C:\Users\nabra\OneDrive\Desktop\roshyara\xamp\nrna\nrna-eu\vendor\phpunit\phpunit\src\Framework\TestRunner\TestRunner.php(87): PHPUnit\Framework\TestCase->runBare()
#88 C:\Users\nabra\OneDrive\Desktop\roshyara\xamp\nrna\nrna-eu\vendor\phpunit\phpunit\src\Framework\TestCase.php(361): PHPUnit\Framework\TestRunner->run(Object(Tests\Feature\Membership\MembershipFeeControllerPayTest))
#89 C:\Users\nabra\OneDrive\Desktop\roshyara\xamp\nrna\nrna-eu\vendor\phpunit\phpunit\src\Framework\TestSuite.php(369): PHPUnit\Framework\TestCase->run()
#90 C:\Users\nabra\OneDrive\Desktop\roshyara\xamp\nrna\nrna-eu\vendor\phpunit\phpunit\src\Framework\TestSuite.php(369): PHPUnit\Framework\TestSuite->run()
#91 C:\Users\nabra\OneDrive\Desktop\roshyara\xamp\nrna\nrna-eu\vendor\phpunit\phpunit\src\Framework\TestSuite.php(369): PHPUnit\Framework\TestSuite->run()
#92 C:\Users\nabra\OneDrive\Desktop\roshyara\xamp\nrna\nrna-eu\vendor\phpunit\phpunit\src\TextUI\TestRunner.php(64): PHPUnit\Framework\TestSuite->run()
#93 C:\Users\nabra\OneDrive\Desktop\roshyara\xamp\nrna\nrna-eu\vendor\phpunit\phpunit\src\TextUI\Application.php(210): PHPUnit\TextUI\TestRunner->run(Object(PHPUnit\TextUI\Configuration\Configuration), Object(PHPUnit\Runner\ResultCache\DefaultResultCache), Object(PHPUnit\Framework\TestSuite))
#94 C:\Users\nabra\OneDrive\Desktop\roshyara\xamp\nrna\nrna-eu\vendor\phpunit\phpunit\phpunit(104): PHPUnit\TextUI\Application->run(Array)
#95 {main}

Next Illuminate\Database\QueryException: SQLSTATE[42703]: Undefined column: 7 FEHLER:  Spalte »currency« von Relation »membership_payments« existiert nicht
LINE 1: ...ember_id", "fee_id", "organisation_id", "amount", "currency"...
                                                             ^ (Connection: pgsql, SQL: insert into "membership_payments" ("member_id", "fee_id", "organisation_id", "amount", "currency", "payment_method", "payment_reference", "status", "recorded_by", "paid_at", "id", "updated_at", "created_at") values (a1e8ebf2-e6aa-40a9-be27-55df2a29b87a, a1e8ebf2-eab4-4e2d-8289-b0b6d105af4a, a1e8ebf2-c9ec-4adc-88c9-d909b6882f71, 100, EUR, bank_transfer, REF-001, completed, a1e8ebf2-d860-4965-96e5-764ce51a1bbd, 2026-05-31 08:53:50, a1e8ebf3-0042-4b5e-9af7-cfc4ddd54349, 2026-05-31 08:53:50, 2026-05-31 08:53:50)) in C:\Users\nabra\OneDrive\Desktop\roshyara\xamp\nrna\nrna-eu\vendor\laravel\framework\src\Illuminate\Database\Connection.php:825
Stack trace:
#0 C:\Users\nabra\OneDrive\Desktop\roshyara\xamp\nrna\nrna-eu\vendor\laravel\framework\src\Illuminate\Database\Connection.php(779): Illuminate\Database\Connection->runQueryCallback('insert into "me...', Array, Object(Closure))
#1 C:\Users\nabra\OneDrive\Desktop\roshyara\xamp\nrna\nrna-eu\vendor\laravel\framework\src\Illuminate\Database\Connection.php(560): Illuminate\Database\Connection->run('insert into "me...', Array, Object(Closure))
#2 C:\Users\nabra\OneDrive\Desktop\roshyara\xamp\nrna\nrna-eu\vendor\laravel\framework\src\Illuminate\Database\Connection.php(524): Illuminate\Database\Connection->statement('insert into "me...', Array)
#3 C:\Users\nabra\OneDrive\Desktop\roshyara\xamp\nrna\nrna-eu\vendor\laravel\framework\src\Illuminate\Database\Query\Builder.php(3748): Illuminate\Database\Connection->insert('insert into "me...', Array)
#4 C:\Users\nabra\OneDrive\Desktop\roshyara\xamp\nrna\nrna-eu\vendor\laravel\framework\src\Illuminate\Database\Eloquent\Builder.php(2099): Illuminate\Database\Query\Builder->insert(Array)
#5 C:\Users\nabra\OneDrive\Desktop\roshyara\xamp\nrna\nrna-eu\vendor\laravel\framework\src\Illuminate\Database\Eloquent\Model.php(1335): Illuminate\Database\Eloquent\Builder->__call('insert', Array)
#6 C:\Users\nabra\OneDrive\Desktop\roshyara\xamp\nrna\nrna-eu\vendor\laravel\framework\src\Illuminate\Database\Eloquent\Model.php(1163): Illuminate\Database\Eloquent\Model->performInsert(Object(Illuminate\Database\Eloquent\Builder))
#7 C:\Users\nabra\OneDrive\Desktop\roshyara\xamp\nrna\nrna-eu\vendor\laravel\framework\src\Illuminate\Database\Eloquent\Builder.php(1107): Illuminate\Database\Eloquent\Model->save()
#8 C:\Users\nabra\OneDrive\Desktop\roshyara\xamp\nrna\nrna-eu\vendor\laravel\framework\src\Illuminate\Support\helpers.php(399): Illuminate\Database\Eloquent\Builder->Illuminate\Database\Eloquent\{closure}(Object(App\Models\MembershipPayment))
#9 C:\Users\nabra\OneDrive\Desktop\roshyara\xamp\nrna\nrna-eu\vendor\laravel\framework\src\Illuminate\Database\Eloquent\Builder.php(1106): tap(Object(App\Models\MembershipPayment), Object(Closure))
#10 C:\Users\nabra\OneDrive\Desktop\roshyara\xamp\nrna\nrna-eu\vendor\laravel\framework\src\Illuminate\Support\Traits\ForwardsCalls.php(23): Illuminate\Database\Eloquent\Builder->create(Array)
#11 C:\Users\nabra\OneDrive\Desktop\roshyara\xamp\nrna\nrna-eu\vendor\laravel\framework\src\Illuminate\Database\Eloquent\Model.php(2368): Illuminate\Database\Eloquent\Model->forwardCallTo(Object(Illuminate\Database\Eloquent\Builder), 'create', Array)
#12 C:\Users\nabra\OneDrive\Desktop\roshyara\xamp\nrna\nrna-eu\vendor\laravel\framework\src\Illuminate\Database\Eloquent\Model.php(2380): Illuminate\Database\Eloquent\Model->__call('create', Array)
#13 C:\Users\nabra\OneDrive\Desktop\roshyara\xamp\nrna\nrna-eu\app\Services\MembershipPaymentService.php(52): Illuminate\Database\Eloquent\Model::__callStatic('create', Array)
#14 C:\Users\nabra\OneDrive\Desktop\roshyara\xamp\nrna\nrna-eu\vendor\laravel\framework\src\Illuminate\Database\Concerns\ManagesTransactions.php(32): App\Services\MembershipPaymentService->App\Services\{closure}(Object(Illuminate\Database\PostgresConnection))
#15 C:\Users\nabra\OneDrive\Desktop\roshyara\xamp\nrna\nrna-eu\vendor\laravel\framework\src\Illuminate\Database\DatabaseManager.php(495): Illuminate\Database\Connection->transaction(Object(Closure))
#16 C:\Users\nabra\OneDrive\Desktop\roshyara\xamp\nrna\nrna-eu\vendor\laravel\framework\src\Illuminate\Support\Facades\Facade.php(361): Illuminate\Database\DatabaseManager->__call('transaction', Array)
#17 C:\Users\nabra\OneDrive\Desktop\roshyara\xamp\nrna\nrna-eu\app\Services\MembershipPaymentService.php(42): Illuminate\Support\Facades\Facade::__callStatic('transaction', Array)
#18 C:\Users\nabra\OneDrive\Desktop\roshyara\xamp\nrna\nrna-eu\app\Http\Controllers\Membership\MembershipFeeController.php(126): App\Services\MembershipPaymentService->recordPayment(Object(App\Models\Member), Object(App\Models\MembershipFee), Object(App\Domain\Shared\ValueObjects\Money), 'bank_transfer', 'REF-001')
#19 C:\Users\nabra\OneDrive\Desktop\roshyara\xamp\nrna\nrna-eu\vendor\laravel\framework\src\Illuminate\Routing\Controller.php(54): App\Http\Controllers\Membership\MembershipFeeController->pay(Object(Illuminate\Http\Request), Object(App\Models\Organisation), Object(App\Models\Member), Object(App\Models\MembershipFee), Object(App\Services\MembershipPaymentService))
#20 C:\Users\nabra\OneDrive\Desktop\roshyara\xamp\nrna\nrna-eu\vendor\laravel\framework\src\Illuminate\Routing\ControllerDispatcher.php(44): Illuminate\Routing\Controller->callAction('pay', Array)
#21 C:\Users\nabra\OneDrive\Desktop\roshyara\xamp\nrna\nrna-eu\vendor\laravel\framework\src\Illuminate\Routing\Route.php(266): Illuminate\Routing\ControllerDispatcher->dispatch(Object(Illuminate\Routing\Route), Object(App\Http\Controllers\Membership\MembershipFeeController), 'pay')
#22 C:\Users\nabra\OneDrive\Desktop\roshyara\xamp\nrna\nrna-eu\vendor\laravel\framework\src\Illuminate\Routing\Route.php(212): Illuminate\Routing\Route->runController()
#23 C:\Users\nabra\OneDrive\Desktop\roshyara\xamp\nrna\nrna-eu\vendor\laravel\framework\src\Illuminate\Routing\Router.php(808): Illuminate\Routing\Route->run()
#24 C:\Users\nabra\OneDrive\Desktop\roshyara\xamp\nrna\nrna-eu\vendor\laravel\framework\src\Illuminate\Pipeline\Pipeline.php(170): Illuminate\Routing\Router->Illuminate\Routing\{closure}(Object(Illuminate\Http\Request))
#25 C:\Users\nabra\OneDrive\Desktop\roshyara\xamp\nrna\nrna-eu\app\Http\Middleware\EnsureOrganisationMember.php(161): Illuminate\Pipeline\Pipeline->Illuminate\Pipeline\{closure}(Object(Illuminate\Http\Request))
#26 C:\Users\nabra\OneDrive\Desktop\roshyara\xamp\nrna\nrna-eu\vendor\laravel\framework\src\Illuminate\Pipeline\Pipeline.php(209): App\Http\Middleware\EnsureOrganisationMember->handle(Object(Illuminate\Http\Request), Object(Closure))
#27 C:\Users\nabra\OneDrive\Desktop\roshyara\xamp\nrna\nrna-eu\vendor\laravel\framework\src\Illuminate\Auth\Middleware\EnsureEmailIsVerified.php(41): Illuminate\Pipeline\Pipeline->Illuminate\Pipeline\{closure}(Object(Illuminate\Http\Request))
#28 C:\Users\nabra\OneDrive\Desktop\roshyara\xamp\nrna\nrna-eu\vendor\laravel\framework\src\Illuminate\Pipeline\Pipeline.php(209): Illuminate\Auth\Middleware\EnsureEmailIsVerified->handle(Object(Illuminate\Http\Request), Object(Closure))
#29 C:\Users\nabra\OneDrive\Desktop\roshyara\xamp\nrna\nrna-eu\vendor\laravel\framework\src\Illuminate\Auth\Middleware\Authenticate.php(64): Illuminate\Pipeline\Pipeline->Illuminate\Pipeline\{closure}(Object(Illuminate\Http\Request))
#30 C:\Users\nabra\OneDrive\Desktop\roshyara\xamp\nrna\nrna-eu\vendor\laravel\framework\src\Illuminate\Pipeline\Pipeline.php(209): Illuminate\Auth\Middleware\Authenticate->handle(Object(Illuminate\Http\Request), Object(Closure))
#31 C:\Users\nabra\OneDrive\Desktop\roshyara\xamp\nrna\nrna-eu\vendor\inertiajs\inertia-laravel\src\Middleware.php(86): Illuminate\Pipeline\Pipeline->Illuminate\Pipeline\{closure}(Object(Illuminate\Http\Request))
#32 C:\Users\nabra\OneDrive\Desktop\roshyara\xamp\nrna\nrna-eu\vendor\laravel\framework\src\Illuminate\Pipeline\Pipeline.php(209): Inertia\Middleware->handle(Object(Illuminate\Http\Request), Object(Closure))
#33 C:\Users\nabra\OneDrive\Desktop\roshyara\xamp\nrna\nrna-eu\app\Http\Middleware\InjectPageMeta.php(65): Illuminate\Pipeline\Pipeline->Illuminate\Pipeline\{closure}(Object(Illuminate\Http\Request))
#34 C:\Users\nabra\OneDrive\Desktop\roshyara\xamp\nrna\nrna-eu\vendor\laravel\framework\src\Illuminate\Pipeline\Pipeline.php(209): App\Http\Middleware\InjectPageMeta->handle(Object(Illuminate\Http\Request), Object(Closure))
#35 C:\Users\nabra\OneDrive\Desktop\roshyara\xamp\nrna\nrna-eu\app\Http\Middleware\SetLocale.php(59): Illuminate\Pipeline\Pipeline->Illuminate\Pipeline\{closure}(Object(Illuminate\Http\Request))
#36 C:\Users\nabra\OneDrive\Desktop\roshyara\xamp\nrna\nrna-eu\vendor\laravel\framework\src\Illuminate\Pipeline\Pipeline.php(209): App\Http\Middleware\SetLocale->handle(Object(Illuminate\Http\Request), Object(Closure))
#37 C:\Users\nabra\OneDrive\Desktop\roshyara\xamp\nrna\nrna-eu\app\Http\Middleware\PreloadAssets.php(12): Illuminate\Pipeline\Pipeline->Illuminate\Pipeline\{closure}(Object(Illuminate\Http\Request))
#38 C:\Users\nabra\OneDrive\Desktop\roshyara\xamp\nrna\nrna-eu\vendor\laravel\framework\src\Illuminate\Pipeline\Pipeline.php(209): App\Http\Middleware\PreloadAssets->handle(Object(Illuminate\Http\Request), Object(Closure))
#39 C:\Users\nabra\OneDrive\Desktop\roshyara\xamp\nrna\nrna-eu\vendor\laravel\framework\src\Illuminate\Routing\Middleware\SubstituteBindings.php(51): Illuminate\Pipeline\Pipeline->Illuminate\Pipeline\{closure}(Object(Illuminate\Http\Request))
#40 C:\Users\nabra\OneDrive\Desktop\roshyara\xamp\nrna\nrna-eu\vendor\laravel\framework\src\Illuminate\Pipeline\Pipeline.php(209): Illuminate\Routing\Middleware\SubstituteBindings->handle(Object(Illuminate\Http\Request), Object(Closure))
#41 C:\Users\nabra\OneDrive\Desktop\roshyara\xamp\nrna\nrna-eu\vendor\laravel\framework\src\Illuminate\Foundation\Http\Middleware\VerifyCsrfToken.php(88): Illuminate\Pipeline\Pipeline->Illuminate\Pipeline\{closure}(Object(Illuminate\Http\Request))
#42 C:\Users\nabra\OneDrive\Desktop\roshyara\xamp\nrna\nrna-eu\vendor\laravel\framework\src\Illuminate\Pipeline\Pipeline.php(209): Illuminate\Foundation\Http\Middleware\VerifyCsrfToken->handle(Object(Illuminate\Http\Request), Object(Closure))
#43 C:\Users\nabra\OneDrive\Desktop\roshyara\xamp\nrna\nrna-eu\vendor\laravel\framework\src\Illuminate\View\Middleware\ShareErrorsFromSession.php(49): Illuminate\Pipeline\Pipeline->Illuminate\Pipeline\{closure}(Object(Illuminate\Http\Request))
#44 C:\Users\nabra\OneDrive\Desktop\roshyara\xamp\nrna\nrna-eu\vendor\laravel\framework\src\Illuminate\Pipeline\Pipeline.php(209): Illuminate\View\Middleware\ShareErrorsFromSession->handle(Object(Illuminate\Http\Request), Object(Closure))
#45 C:\Users\nabra\OneDrive\Desktop\roshyara\xamp\nrna\nrna-eu\vendor\laravel\framework\src\Illuminate\Session\Middleware\StartSession.php(121): Illuminate\Pipeline\Pipeline->Illuminate\Pipeline\{closure}(Object(Illuminate\Http\Request))
#46 C:\Users\nabra\OneDrive\Desktop\roshyara\xamp\nrna\nrna-eu\vendor\laravel\framework\src\Illuminate\Session\Middleware\StartSession.php(64): Illuminate\Session\Middleware\StartSession->handleStatefulRequest(Object(Illuminate\Http\Request), Object(Illuminate\Session\Store), Object(Closure))
#47 C:\Users\nabra\OneDrive\Desktop\roshyara\xamp\nrna\nrna-eu\vendor\laravel\framework\src\Illuminate\Pipeline\Pipeline.php(209): Illuminate\Session\Middleware\StartSession->handle(Object(Illuminate\Http\Request), Object(Closure))
#48 C:\Users\nabra\OneDrive\Desktop\roshyara\xamp\nrna\nrna-eu\vendor\laravel\framework\src\Illuminate\Cookie\Middleware\AddQueuedCookiesToResponse.php(37): Illuminate\Pipeline\Pipeline->Illuminate\Pipeline\{closure}(Object(Illuminate\Http\Request))
#49 C:\Users\nabra\OneDrive\Desktop\roshyara\xamp\nrna\nrna-eu\vendor\laravel\framework\src\Illuminate\Pipeline\Pipeline.php(209): Illuminate\Cookie\Middleware\AddQueuedCookiesToResponse->handle(Object(Illuminate\Http\Request), Object(Closure))
#50 C:\Users\nabra\OneDrive\Desktop\roshyara\xamp\nrna\nrna-eu\vendor\laravel\framework\src\Illuminate\Cookie\Middleware\EncryptCookies.php(75): Illuminate\Pipeline\Pipeline->Illuminate\Pipeline\{closure}(Object(Illuminate\Http\Request))
#51 C:\Users\nabra\OneDrive\Desktop\roshyara\xamp\nrna\nrna-eu\vendor\laravel\framework\src\Illuminate\Pipeline\Pipeline.php(209): Illuminate\Cookie\Middleware\EncryptCookies->handle(Object(Illuminate\Http\Request), Object(Closure))
#52 C:\Users\nabra\OneDrive\Desktop\roshyara\xamp\nrna\nrna-eu\vendor\laravel\framework\src\Illuminate\Pipeline\Pipeline.php(127): Illuminate\Pipeline\Pipeline->Illuminate\Pipeline\{closure}(Object(Illuminate\Http\Request))
#53 C:\Users\nabra\OneDrive\Desktop\roshyara\xamp\nrna\nrna-eu\vendor\laravel\framework\src\Illuminate\Routing\Router.php(807): Illuminate\Pipeline\Pipeline->then(Object(Closure))
#54 C:\Users\nabra\OneDrive\Desktop\roshyara\xamp\nrna\nrna-eu\vendor\laravel\framework\src\Illuminate\Routing\Router.php(786): Illuminate\Routing\Router->runRouteWithinStack(Object(Illuminate\Routing\Route), Object(Illuminate\Http\Request))
#55 C:\Users\nabra\OneDrive\Desktop\roshyara\xamp\nrna\nrna-eu\vendor\laravel\framework\src\Illuminate\Routing\Router.php(750): Illuminate\Routing\Router->runRoute(Object(Illuminate\Http\Request), Object(Illuminate\Routing\Route))
#56 C:\Users\nabra\OneDrive\Desktop\roshyara\xamp\nrna\nrna-eu\vendor\laravel\framework\src\Illuminate\Routing\Router.php(739): Illuminate\Routing\Router->dispatchToRoute(Object(Illuminate\Http\Request))
#57 C:\Users\nabra\OneDrive\Desktop\roshyara\xamp\nrna\nrna-eu\vendor\laravel\framework\src\Illuminate\Foundation\Http\Kernel.php(201): Illuminate\Routing\Router->dispatch(Object(Illuminate\Http\Request))
#58 C:\Users\nabra\OneDrive\Desktop\roshyara\xamp\nrna\nrna-eu\vendor\laravel\framework\src\Illuminate\Pipeline\Pipeline.php(170): Illuminate\Foundation\Http\Kernel->Illuminate\Foundation\Http\{closure}(Object(Illuminate\Http\Request))
#59 C:\Users\nabra\OneDrive\Desktop\roshyara\xamp\nrna\nrna-eu\app\Http\Middleware\TrackPerformance.php(28): Illuminate\Pipeline\Pipeline->Illuminate\Pipeline\{closure}(Object(Illuminate\Http\Request))
#60 C:\Users\nabra\OneDrive\Desktop\roshyara\xamp\nrna\nrna-eu\vendor\laravel\framework\src\Illuminate\Pipeline\Pipeline.php(209): App\Http\Middleware\TrackPerformance->handle(Object(Illuminate\Http\Request), Object(Closure))
#61 C:\Users\nabra\OneDrive\Desktop\roshyara\xamp\nrna\nrna-eu\vendor\laravel\framework\src\Illuminate\Foundation\Http\Middleware\TransformsRequest.php(21): Illuminate\Pipeline\Pipeline->Illuminate\Pipeline\{closure}(Object(Illuminate\Http\Request))
#62 C:\Users\nabra\OneDrive\Desktop\roshyara\xamp\nrna\nrna-eu\vendor\laravel\framework\src\Illuminate\Foundation\Http\Middleware\ConvertEmptyStringsToNull.php(31): Illuminate\Foundation\Http\Middleware\TransformsRequest->handle(Object(Illuminate\Http\Request), Object(Closure))
#63 C:\Users\nabra\OneDrive\Desktop\roshyara\xamp\nrna\nrna-eu\vendor\laravel\framework\src\Illuminate\Pipeline\Pipeline.php(209): Illuminate\Foundation\Http\Middleware\ConvertEmptyStringsToNull->handle(Object(Illuminate\Http\Request), Object(Closure))
#64 C:\Users\nabra\OneDrive\Desktop\roshyara\xamp\nrna\nrna-eu\vendor\laravel\framework\src\Illuminate\Foundation\Http\Middleware\TransformsRequest.php(21): Illuminate\Pipeline\Pipeline->Illuminate\Pipeline\{closure}(Object(Illuminate\Http\Request))
#65 C:\Users\nabra\OneDrive\Desktop\roshyara\xamp\nrna\nrna-eu\vendor\laravel\framework\src\Illuminate\Foundation\Http\Middleware\TrimStrings.php(51): Illuminate\Foundation\Http\Middleware\TransformsRequest->handle(Object(Illuminate\Http\Request), Object(Closure))
#66 C:\Users\nabra\OneDrive\Desktop\roshyara\xamp\nrna\nrna-eu\vendor\laravel\framework\src\Illuminate\Pipeline\Pipeline.php(209): Illuminate\Foundation\Http\Middleware\TrimStrings->handle(Object(Illuminate\Http\Request), Object(Closure))
#67 C:\Users\nabra\OneDrive\Desktop\roshyara\xamp\nrna\nrna-eu\vendor\laravel\framework\src\Illuminate\Http\Middleware\ValidatePostSize.php(27): Illuminate\Pipeline\Pipeline->Illuminate\Pipeline\{closure}(Object(Illuminate\Http\Request))
#68 C:\Users\nabra\OneDrive\Desktop\roshyara\xamp\nrna\nrna-eu\vendor\laravel\framework\src\Illuminate\Pipeline\Pipeline.php(209): Illuminate\Http\Middleware\ValidatePostSize->handle(Object(Illuminate\Http\Request), Object(Closure))
#69 C:\Users\nabra\OneDrive\Desktop\roshyara\xamp\nrna\nrna-eu\vendor\laravel\framework\src\Illuminate\Foundation\Http\Middleware\PreventRequestsDuringMaintenance.php(110): Illuminate\Pipeline\Pipeline->Illuminate\Pipeline\{closure}(Object(Illuminate\Http\Request))
#70 C:\Users\nabra\OneDrive\Desktop\roshyara\xamp\nrna\nrna-eu\vendor\laravel\framework\src\Illuminate\Pipeline\Pipeline.php(209): Illuminate\Foundation\Http\Middleware\PreventRequestsDuringMaintenance->handle(Object(Illuminate\Http\Request), Object(Closure))
#71 C:\Users\nabra\OneDrive\Desktop\roshyara\xamp\nrna\nrna-eu\vendor\laravel\framework\src\Illuminate\Http\Middleware\HandleCors.php(49): Illuminate\Pipeline\Pipeline->Illuminate\Pipeline\{closure}(Object(Illuminate\Http\Request))
#72 C:\Users\nabra\OneDrive\Desktop\roshyara\xamp\nrna\nrna-eu\vendor\laravel\framework\src\Illuminate\Pipeline\Pipeline.php(209): Illuminate\Http\Middleware\HandleCors->handle(Object(Illuminate\Http\Request), Object(Closure))
#73 C:\Users\nabra\OneDrive\Desktop\roshyara\xamp\nrna\nrna-eu\vendor\laravel\framework\src\Illuminate\Http\Middleware\TrustProxies.php(58): Illuminate\Pipeline\Pipeline->Illuminate\Pipeline\{closure}(Object(Illuminate\Http\Request))
#74 C:\Users\nabra\OneDrive\Desktop\roshyara\xamp\nrna\nrna-eu\vendor\laravel\framework\src\Illuminate\Pipeline\Pipeline.php(209): Illuminate\Http\Middleware\TrustProxies->handle(Object(Illuminate\Http\Request), Object(Closure))
#75 C:\Users\nabra\OneDrive\Desktop\roshyara\xamp\nrna\nrna-eu\vendor\laravel\framework\src\Illuminate\Foundation\Http\Middleware\InvokeDeferredCallbacks.php(22): Illuminate\Pipeline\Pipeline->Illuminate\Pipeline\{closure}(Object(Illuminate\Http\Request))
#76 C:\Users\nabra\OneDrive\Desktop\roshyara\xamp\nrna\nrna-eu\vendor\laravel\framework\src\Illuminate\Pipeline\Pipeline.php(209): Illuminate\Foundation\Http\Middleware\InvokeDeferredCallbacks->handle(Object(Illuminate\Http\Request), Object(Closure))
#77 C:\Users\nabra\OneDrive\Desktop\roshyara\xamp\nrna\nrna-eu\vendor\laravel\framework\src\Illuminate\Pipeline\Pipeline.php(127): Illuminate\Pipeline\Pipeline->Illuminate\Pipeline\{closure}(Object(Illuminate\Http\Request))
#78 C:\Users\nabra\OneDrive\Desktop\roshyara\xamp\nrna\nrna-eu\vendor\laravel\framework\src\Illuminate\Foundation\Http\Kernel.php(176): Illuminate\Pipeline\Pipeline->then(Object(Closure))
#79 C:\Users\nabra\OneDrive\Desktop\roshyara\xamp\nrna\nrna-eu\vendor\laravel\framework\src\Illuminate\Foundation\Http\Kernel.php(145): Illuminate\Foundation\Http\Kernel->sendRequestThroughRouter(Object(Illuminate\Http\Request))
#80 C:\Users\nabra\OneDrive\Desktop\roshyara\xamp\nrna\nrna-eu\vendor\laravel\framework\src\Illuminate\Foundation\Testing\Concerns\MakesHttpRequests.php(607): Illuminate\Foundation\Http\Kernel->handle(Object(Illuminate\Http\Request))
#81 C:\Users\nabra\OneDrive\Desktop\roshyara\xamp\nrna\nrna-eu\vendor\laravel\framework\src\Illuminate\Foundation\Testing\Concerns\MakesHttpRequests.php(397): Illuminate\Foundation\Testing\TestCase->call('POST', 'http://localhos...', Array, Array, Array, Array)
#82 C:\Users\nabra\OneDrive\Desktop\roshyara\xamp\nrna\nrna-eu\tests\Feature\Membership\MembershipFeeControllerPayTest.php(57): Illuminate\Foundation\Testing\TestCase->post('http://localhos...', Array)
#83 C:\Users\nabra\OneDrive\Desktop\roshyara\xamp\nrna\nrna-eu\vendor\phpunit\phpunit\src\Framework\TestCase.php(1235): Tests\Feature\Membership\MembershipFeeControllerPayTest->test_pay_creates_membership_payment_record()
#84 C:\Users\nabra\OneDrive\Desktop\roshyara\xamp\nrna\nrna-eu\vendor\phpunit\phpunit\src\Framework\TestCase.php(514): PHPUnit\Framework\TestCase->runTest()
#85 C:\Users\nabra\OneDrive\Desktop\roshyara\xamp\nrna\nrna-eu\vendor\phpunit\phpunit\src\Framework\TestRunner\TestRunner.php(87): PHPUnit\Framework\TestCase->runBare()
#86 C:\Users\nabra\OneDrive\Desktop\roshyara\xamp\nrna\nrna-eu\vendor\phpunit\phpunit\src\Framework\TestCase.php(361): PHPUnit\Framework\TestRunner->run(Object(Tests\Feature\Membership\MembershipFeeControllerPayTest))
#87 C:\Users\nabra\OneDrive\Desktop\roshyara\xamp\nrna\nrna-eu\vendor\phpunit\phpunit\src\Framework\TestSuite.php(369): PHPUnit\Framework\TestCase->run()
#88 C:\Users\nabra\OneDrive\Desktop\roshyara\xamp\nrna\nrna-eu\vendor\phpunit\phpunit\src\Framework\TestSuite.php(369): PHPUnit\Framework\TestSuite->run()
#89 C:\Users\nabra\OneDrive\Desktop\roshyara\xamp\nrna\nrna-eu\vendor\phpunit\phpunit\src\Framework\TestSuite.php(369): PHPUnit\Framework\TestSuite->run()
#90 C:\Users\nabra\OneDrive\Desktop\roshyara\xamp\nrna\nrna-eu\vendor\phpunit\phpunit\src\TextUI\TestRunner.php(64): PHPUnit\Framework\TestSuite->run()
#91 C:\Users\nabra\OneDrive\Desktop\roshyara\xamp\nrna\nrna-eu\vendor\phpunit\phpunit\src\TextUI\Application.php(210): PHPUnit\TextUI\TestRunner->run(Object(PHPUnit\TextUI\Configuration\Configuration), Object(PHPUnit\Runner\ResultCache\DefaultResultCache), Object(PHPUnit\Framework\TestSuite))
#92 C:\Users\nabra\OneDrive\Desktop\roshyara\xamp\nrna\nrna-eu\vendor\phpunit\phpunit\phpunit(104): PHPUnit\TextUI\Application->run(Array)
#93 {main}

----------------------------------------------------------------------------------

SQLSTATE[42703]: Undefined column: 7 FEHLER:  Spalte »currency« von Relation »membership_payments« existiert nicht
LINE 1: ...ember_id", "fee_id", "organisation_id", "amount", "currency"...
                                                             ^ (Connection: pgsql, SQL: insert into "membership_payments" ("member_id", "fee_id", "organisation_id", "amount", "currency", "payment_method", "payment_reference", "status", "recorded_by", "paid_at", "id", "updated_at", "created_at") values (a1e8ebf2-e6aa-40a9-be27-55df2a29b87a, a1e8ebf2-eab4-4e2d-8289-b0b6d105af4a, a1e8ebf2-c9ec-4adc-88c9-d909b6882f71, 100, EUR, bank_transfer, REF-001, completed, a1e8ebf2-d860-4965-96e5-764ce51a1bbd, 2026-05-31 08:53:50, a1e8ebf3-0042-4b5e-9af7-cfc4ddd54349, 2026-05-31 08:53:50, 2026-05-31 08:53:50))[39;22m

  at [32mtests\Feature\Membership\MembershipFeeControllerPayTest.php[39m:[32m70[39m
     66▕                 'amount' => 100.00,
     67▕             ]
     68▕         );
     69▕ 
  ➜  70▕         $response->assertStatus(302);
     71▕         $this->assertDatabaseHas('membership_payments', [
     72▕             'member_id' => $this->member->id,
     73▕             'fee_id' => $this->fee->id,
     74▕             'amount' => 100.00,

  [31m────────────────────────────────────────────────────────────────────────────────────────────────────────────────────[39m  
  [41;1m FAILED [49;22m [1mTests\Feature\Membership\MembershipFeeControllerPayTest[22m [90m>[39m pay fires membership fee paid event                
[39;1m  Failed asserting that actual size 0 matches expected size 1.[39;22m

  at [32mtests\Feature\Membership\MembershipFeeControllerPayTest.php[39m:[32m100[39m
     96▕                 'amount' => 100.00,
     97▕             ]
     98▕         );
     99▕ 
  ➜ 100▕         $this->assertCount(1, $events);
    101▕     }
    102▕ 
    103▕     /**
    104▕      * RED: Payment records payment and fires event (listener decouples Income creation)

  [33m1   [39m[39;1mtests\Feature\Membership\MembershipFeeControllerPayTest.php[39;22m:[39;1m100[39;22m

  [31m────────────────────────────────────────────────────────────────────────────────────────────────────────────────────[39m  
  [41;1m FAILED [49;22m [1mTests\Feature\Membership\MembershipFeeControllerPayTest[22m [90m>[39m pay records payment and fires event                
[39;1m  Expected response status code [302] but received 500.
Failed asserting that 500 is identical to 302.

The following exception occurred during the last request:

PDOException: SQLSTATE[42703]: Undefined column: 7 FEHLER:  Spalte »currency« von Relation »membership_payments« existiert nicht
LINE 1: ...ember_id", "fee_id", "organisation_id", "amount", "currency"...
                                                             ^ in C:\Users\nabra\OneDrive\Desktop\roshyara\xamp\nrna\nrna-eu\vendor\laravel\framework\src\Illuminate\Database\Connection.php:571
Stack trace:
#0 C:\Users\nabra\OneDrive\Desktop\roshyara\xamp\nrna\nrna-eu\vendor\laravel\framework\src\Illuminate\Database\Connection.php(571): PDOStatement->execute()
#1 C:\Users\nabra\OneDrive\Desktop\roshyara\xamp\nrna\nrna-eu\vendor\laravel\framework\src\Illuminate\Database\Connection.php(812): Illuminate\Database\Connection->Illuminate\Database\{closure}('insert into "me...', Array)
#2 C:\Users\nabra\OneDrive\Desktop\roshyara\xamp\nrna\nrna-eu\vendor\laravel\framework\src\Illuminate\Database\Connection.php(779): Illuminate\Database\Connection->runQueryCallback('insert into "me...', Array, Object(Closure))
#3 C:\Users\nabra\OneDrive\Desktop\roshyara\xamp\nrna\nrna-eu\vendor\laravel\framework\src\Illuminate\Database\Connection.php(560): Illuminate\Database\Connection->run('insert into "me...', Array, Object(Closure))
#4 C:\Users\nabra\OneDrive\Desktop\roshyara\xamp\nrna\nrna-eu\vendor\laravel\framework\src\Illuminate\Database\Connection.php(524): Illuminate\Database\Connection->statement('insert into "me...', Array)
#5 C:\Users\nabra\OneDrive\Desktop\roshyara\xamp\nrna\nrna-eu\vendor\laravel\framework\src\Illuminate\Database\Query\Builder.php(3748): Illuminate\Database\Connection->insert('insert into "me...', Array)
#6 C:\Users\nabra\OneDrive\Desktop\roshyara\xamp\nrna\nrna-eu\vendor\laravel\framework\src\Illuminate\Database\Eloquent\Builder.php(2099): Illuminate\Database\Query\Builder->insert(Array)
#7 C:\Users\nabra\OneDrive\Desktop\roshyara\xamp\nrna\nrna-eu\vendor\laravel\framework\src\Illuminate\Database\Eloquent\Model.php(1335): Illuminate\Database\Eloquent\Builder->__call('insert', Array)
#8 C:\Users\nabra\OneDrive\Desktop\roshyara\xamp\nrna\nrna-eu\vendor\laravel\framework\src\Illuminate\Database\Eloquent\Model.php(1163): Illuminate\Database\Eloquent\Model->performInsert(Object(Illuminate\Database\Eloquent\Builder))
#9 C:\Users\nabra\OneDrive\Desktop\roshyara\xamp\nrna\nrna-eu\vendor\laravel\framework\src\Illuminate\Database\Eloquent\Builder.php(1107): Illuminate\Database\Eloquent\Model->save()
#10 C:\Users\nabra\OneDrive\Desktop\roshyara\xamp\nrna\nrna-eu\vendor\laravel\framework\src\Illuminate\Support\helpers.php(399): Illuminate\Database\Eloquent\Builder->Illuminate\Database\Eloquent\{closure}(Object(App\Models\MembershipPayment))
#11 C:\Users\nabra\OneDrive\Desktop\roshyara\xamp\nrna\nrna-eu\vendor\laravel\framework\src\Illuminate\Database\Eloquent\Builder.php(1106): tap(Object(App\Models\MembershipPayment), Object(Closure))
#12 C:\Users\nabra\OneDrive\Desktop\roshyara\xamp\nrna\nrna-eu\vendor\laravel\framework\src\Illuminate\Support\Traits\ForwardsCalls.php(23): Illuminate\Database\Eloquent\Builder->create(Array)
#13 C:\Users\nabra\OneDrive\Desktop\roshyara\xamp\nrna\nrna-eu\vendor\laravel\framework\src\Illuminate\Database\Eloquent\Model.php(2368): Illuminate\Database\Eloquent\Model->forwardCallTo(Object(Illuminate\Database\Eloquent\Builder), 'create', Array)
#14 C:\Users\nabra\OneDrive\Desktop\roshyara\xamp\nrna\nrna-eu\vendor\laravel\framework\src\Illuminate\Database\Eloquent\Model.php(2380): Illuminate\Database\Eloquent\Model->__call('create', Array)
#15 C:\Users\nabra\OneDrive\Desktop\roshyara\xamp\nrna\nrna-eu\app\Services\MembershipPaymentService.php(52): Illuminate\Database\Eloquent\Model::__callStatic('create', Array)
#16 C:\Users\nabra\OneDrive\Desktop\roshyara\xamp\nrna\nrna-eu\vendor\laravel\framework\src\Illuminate\Database\Concerns\ManagesTransactions.php(32): App\Services\MembershipPaymentService->App\Services\{closure}(Object(Illuminate\Database\PostgresConnection))
#17 C:\Users\nabra\OneDrive\Desktop\roshyara\xamp\nrna\nrna-eu\vendor\laravel\framework\src\Illuminate\Database\DatabaseManager.php(495): Illuminate\Database\Connection->transaction(Object(Closure))
#18 C:\Users\nabra\OneDrive\Desktop\roshyara\xamp\nrna\nrna-eu\vendor\laravel\framework\src\Illuminate\Support\Facades\Facade.php(361): Illuminate\Database\DatabaseManager->__call('transaction', Array)
#19 C:\Users\nabra\OneDrive\Desktop\roshyara\xamp\nrna\nrna-eu\app\Services\MembershipPaymentService.php(42): Illuminate\Support\Facades\Facade::__callStatic('transaction', Array)
#20 C:\Users\nabra\OneDrive\Desktop\roshyara\xamp\nrna\nrna-eu\app\Http\Controllers\Membership\MembershipFeeController.php(126): App\Services\MembershipPaymentService->recordPayment(Object(App\Models\Member), Object(App\Models\MembershipFee), Object(App\Domain\Shared\ValueObjects\Money), 'bank_transfer', NULL)
#21 C:\Users\nabra\OneDrive\Desktop\roshyara\xamp\nrna\nrna-eu\vendor\laravel\framework\src\Illuminate\Routing\Controller.php(54): App\Http\Controllers\Membership\MembershipFeeController->pay(Object(Illuminate\Http\Request), Object(App\Models\Organisation), Object(App\Models\Member), Object(App\Models\MembershipFee), Object(App\Services\MembershipPaymentService))
#22 C:\Users\nabra\OneDrive\Desktop\roshyara\xamp\nrna\nrna-eu\vendor\laravel\framework\src\Illuminate\Routing\ControllerDispatcher.php(44): Illuminate\Routing\Controller->callAction('pay', Array)
#23 C:\Users\nabra\OneDrive\Desktop\roshyara\xamp\nrna\nrna-eu\vendor\laravel\framework\src\Illuminate\Routing\Route.php(266): Illuminate\Routing\ControllerDispatcher->dispatch(Object(Illuminate\Routing\Route), Object(App\Http\Controllers\Membership\MembershipFeeController), 'pay')
#24 C:\Users\nabra\OneDrive\Desktop\roshyara\xamp\nrna\nrna-eu\vendor\laravel\framework\src\Illuminate\Routing\Route.php(212): Illuminate\Routing\Route->runController()
#25 C:\Users\nabra\OneDrive\Desktop\roshyara\xamp\nrna\nrna-eu\vendor\laravel\framework\src\Illuminate\Routing\Router.php(808): Illuminate\Routing\Route->run()
#26 C:\Users\nabra\OneDrive\Desktop\roshyara\xamp\nrna\nrna-eu\vendor\laravel\framework\src\Illuminate\Pipeline\Pipeline.php(170): Illuminate\Routing\Router->Illuminate\Routing\{closure}(Object(Illuminate\Http\Request))
#27 C:\Users\nabra\OneDrive\Desktop\roshyara\xamp\nrna\nrna-eu\app\Http\Middleware\EnsureOrganisationMember.php(161): Illuminate\Pipeline\Pipeline->Illuminate\Pipeline\{closure}(Object(Illuminate\Http\Request))
#28 C:\Users\nabra\OneDrive\Desktop\roshyara\xamp\nrna\nrna-eu\vendor\laravel\framework\src\Illuminate\Pipeline\Pipeline.php(209): App\Http\Middleware\EnsureOrganisationMember->handle(Object(Illuminate\Http\Request), Object(Closure))
#29 C:\Users\nabra\OneDrive\Desktop\roshyara\xamp\nrna\nrna-eu\vendor\laravel\framework\src\Illuminate\Auth\Middleware\EnsureEmailIsVerified.php(41): Illuminate\Pipeline\Pipeline->Illuminate\Pipeline\{closure}(Object(Illuminate\Http\Request))
#30 C:\Users\nabra\OneDrive\Desktop\roshyara\xamp\nrna\nrna-eu\vendor\laravel\framework\src\Illuminate\Pipeline\Pipeline.php(209): Illuminate\Auth\Middleware\EnsureEmailIsVerified->handle(Object(Illuminate\Http\Request), Object(Closure))
#31 C:\Users\nabra\OneDrive\Desktop\roshyara\xamp\nrna\nrna-eu\vendor\laravel\framework\src\Illuminate\Auth\Middleware\Authenticate.php(64): Illuminate\Pipeline\Pipeline->Illuminate\Pipeline\{closure}(Object(Illuminate\Http\Request))
#32 C:\Users\nabra\OneDrive\Desktop\roshyara\xamp\nrna\nrna-eu\vendor\laravel\framework\src\Illuminate\Pipeline\Pipeline.php(209): Illuminate\Auth\Middleware\Authenticate->handle(Object(Illuminate\Http\Request), Object(Closure))
#33 C:\Users\nabra\OneDrive\Desktop\roshyara\xamp\nrna\nrna-eu\vendor\inertiajs\inertia-laravel\src\Middleware.php(86): Illuminate\Pipeline\Pipeline->Illuminate\Pipeline\{closure}(Object(Illuminate\Http\Request))
#34 C:\Users\nabra\OneDrive\Desktop\roshyara\xamp\nrna\nrna-eu\vendor\laravel\framework\src\Illuminate\Pipeline\Pipeline.php(209): Inertia\Middleware->handle(Object(Illuminate\Http\Request), Object(Closure))
#35 C:\Users\nabra\OneDrive\Desktop\roshyara\xamp\nrna\nrna-eu\app\Http\Middleware\InjectPageMeta.php(65): Illuminate\Pipeline\Pipeline->Illuminate\Pipeline\{closure}(Object(Illuminate\Http\Request))
#36 C:\Users\nabra\OneDrive\Desktop\roshyara\xamp\nrna\nrna-eu\vendor\laravel\framework\src\Illuminate\Pipeline\Pipeline.php(209): App\Http\Middleware\InjectPageMeta->handle(Object(Illuminate\Http\Request), Object(Closure))
#37 C:\Users\nabra\OneDrive\Desktop\roshyara\xamp\nrna\nrna-eu\app\Http\Middleware\SetLocale.php(59): Illuminate\Pipeline\Pipeline->Illuminate\Pipeline\{closure}(Object(Illuminate\Http\Request))
#38 C:\Users\nabra\OneDrive\Desktop\roshyara\xamp\nrna\nrna-eu\vendor\laravel\framework\src\Illuminate\Pipeline\Pipeline.php(209): App\Http\Middleware\SetLocale->handle(Object(Illuminate\Http\Request), Object(Closure))
#39 C:\Users\nabra\OneDrive\Desktop\roshyara\xamp\nrna\nrna-eu\app\Http\Middleware\PreloadAssets.php(12): Illuminate\Pipeline\Pipeline->Illuminate\Pipeline\{closure}(Object(Illuminate\Http\Request))
#40 C:\Users\nabra\OneDrive\Desktop\roshyara\xamp\nrna\nrna-eu\vendor\laravel\framework\src\Illuminate\Pipeline\Pipeline.php(209): App\Http\Middleware\PreloadAssets->handle(Object(Illuminate\Http\Request), Object(Closure))
#41 C:\Users\nabra\OneDrive\Desktop\roshyara\xamp\nrna\nrna-eu\vendor\laravel\framework\src\Illuminate\Routing\Middleware\SubstituteBindings.php(51): Illuminate\Pipeline\Pipeline->Illuminate\Pipeline\{closure}(Object(Illuminate\Http\Request))
#42 C:\Users\nabra\OneDrive\Desktop\roshyara\xamp\nrna\nrna-eu\vendor\laravel\framework\src\Illuminate\Pipeline\Pipeline.php(209): Illuminate\Routing\Middleware\SubstituteBindings->handle(Object(Illuminate\Http\Request), Object(Closure))
#43 C:\Users\nabra\OneDrive\Desktop\roshyara\xamp\nrna\nrna-eu\vendor\laravel\framework\src\Illuminate\Foundation\Http\Middleware\VerifyCsrfToken.php(88): Illuminate\Pipeline\Pipeline->Illuminate\Pipeline\{closure}(Object(Illuminate\Http\Request))
#44 C:\Users\nabra\OneDrive\Desktop\roshyara\xamp\nrna\nrna-eu\vendor\laravel\framework\src\Illuminate\Pipeline\Pipeline.php(209): Illuminate\Foundation\Http\Middleware\VerifyCsrfToken->handle(Object(Illuminate\Http\Request), Object(Closure))
#45 C:\Users\nabra\OneDrive\Desktop\roshyara\xamp\nrna\nrna-eu\vendor\laravel\framework\src\Illuminate\View\Middleware\ShareErrorsFromSession.php(49): Illuminate\Pipeline\Pipeline->Illuminate\Pipeline\{closure}(Object(Illuminate\Http\Request))
#46 C:\Users\nabra\OneDrive\Desktop\roshyara\xamp\nrna\nrna-eu\vendor\laravel\framework\src\Illuminate\Pipeline\Pipeline.php(209): Illuminate\View\Middleware\ShareErrorsFromSession->handle(Object(Illuminate\Http\Request), Object(Closure))
#47 C:\Users\nabra\OneDrive\Desktop\roshyara\xamp\nrna\nrna-eu\vendor\laravel\framework\src\Illuminate\Session\Middleware\StartSession.php(121): Illuminate\Pipeline\Pipeline->Illuminate\Pipeline\{closure}(Object(Illuminate\Http\Request))
#48 C:\Users\nabra\OneDrive\Desktop\roshyara\xamp\nrna\nrna-eu\vendor\laravel\framework\src\Illuminate\Session\Middleware\StartSession.php(64): Illuminate\Session\Middleware\StartSession->handleStatefulRequest(Object(Illuminate\Http\Request), Object(Illuminate\Session\Store), Object(Closure))
#49 C:\Users\nabra\OneDrive\Desktop\roshyara\xamp\nrna\nrna-eu\vendor\laravel\framework\src\Illuminate\Pipeline\Pipeline.php(209): Illuminate\Session\Middleware\StartSession->handle(Object(Illuminate\Http\Request), Object(Closure))
#50 C:\Users\nabra\OneDrive\Desktop\roshyara\xamp\nrna\nrna-eu\vendor\laravel\framework\src\Illuminate\Cookie\Middleware\AddQueuedCookiesToResponse.php(37): Illuminate\Pipeline\Pipeline->Illuminate\Pipeline\{closure}(Object(Illuminate\Http\Request))
#51 C:\Users\nabra\OneDrive\Desktop\roshyara\xamp\nrna\nrna-eu\vendor\laravel\framework\src\Illuminate\Pipeline\Pipeline.php(209): Illuminate\Cookie\Middleware\AddQueuedCookiesToResponse->handle(Object(Illuminate\Http\Request), Object(Closure))
#52 C:\Users\nabra\OneDrive\Desktop\roshyara\xamp\nrna\nrna-eu\vendor\laravel\framework\src\Illuminate\Cookie\Middleware\EncryptCookies.php(75): Illuminate\Pipeline\Pipeline->Illuminate\Pipeline\{closure}(Object(Illuminate\Http\Request))
#53 C:\Users\nabra\OneDrive\Desktop\roshyara\xamp\nrna\nrna-eu\vendor\laravel\framework\src\Illuminate\Pipeline\Pipeline.php(209): Illuminate\Cookie\Middleware\EncryptCookies->handle(Object(Illuminate\Http\Request), Object(Closure))
#54 C:\Users\nabra\OneDrive\Desktop\roshyara\xamp\nrna\nrna-eu\vendor\laravel\framework\src\Illuminate\Pipeline\Pipeline.php(127): Illuminate\Pipeline\Pipeline->Illuminate\Pipeline\{closure}(Object(Illuminate\Http\Request))
#55 C:\Users\nabra\OneDrive\Desktop\roshyara\xamp\nrna\nrna-eu\vendor\laravel\framework\src\Illuminate\Routing\Router.php(807): Illuminate\Pipeline\Pipeline->then(Object(Closure))
#56 C:\Users\nabra\OneDrive\Desktop\roshyara\xamp\nrna\nrna-eu\vendor\laravel\framework\src\Illuminate\Routing\Router.php(786): Illuminate\Routing\Router->runRouteWithinStack(Object(Illuminate\Routing\Route), Object(Illuminate\Http\Request))
#57 C:\Users\nabra\OneDrive\Desktop\roshyara\xamp\nrna\nrna-eu\vendor\laravel\framework\src\Illuminate\Routing\Router.php(750): Illuminate\Routing\Router->runRoute(Object(Illuminate\Http\Request), Object(Illuminate\Routing\Route))
#58 C:\Users\nabra\OneDrive\Desktop\roshyara\xamp\nrna\nrna-eu\vendor\laravel\framework\src\Illuminate\Routing\Router.php(739): Illuminate\Routing\Router->dispatchToRoute(Object(Illuminate\Http\Request))
#59 C:\Users\nabra\OneDrive\Desktop\roshyara\xamp\nrna\nrna-eu\vendor\laravel\framework\src\Illuminate\Foundation\Http\Kernel.php(201): Illuminate\Routing\Router->dispatch(Object(Illuminate\Http\Request))
#60 C:\Users\nabra\OneDrive\Desktop\roshyara\xamp\nrna\nrna-eu\vendor\laravel\framework\src\Illuminate\Pipeline\Pipeline.php(170): Illuminate\Foundation\Http\Kernel->Illuminate\Foundation\Http\{closure}(Object(Illuminate\Http\Request))
#61 C:\Users\nabra\OneDrive\Desktop\roshyara\xamp\nrna\nrna-eu\app\Http\Middleware\TrackPerformance.php(28): Illuminate\Pipeline\Pipeline->Illuminate\Pipeline\{closure}(Object(Illuminate\Http\Request))
#62 C:\Users\nabra\OneDrive\Desktop\roshyara\xamp\nrna\nrna-eu\vendor\laravel\framework\src\Illuminate\Pipeline\Pipeline.php(209): App\Http\Middleware\TrackPerformance->handle(Object(Illuminate\Http\Request), Object(Closure))
#63 C:\Users\nabra\OneDrive\Desktop\roshyara\xamp\nrna\nrna-eu\vendor\laravel\framework\src\Illuminate\Foundation\Http\Middleware\TransformsRequest.php(21): Illuminate\Pipeline\Pipeline->Illuminate\Pipeline\{closure}(Object(Illuminate\Http\Request))
#64 C:\Users\nabra\OneDrive\Desktop\roshyara\xamp\nrna\nrna-eu\vendor\laravel\framework\src\Illuminate\Foundation\Http\Middleware\ConvertEmptyStringsToNull.php(31): Illuminate\Foundation\Http\Middleware\TransformsRequest->handle(Object(Illuminate\Http\Request), Object(Closure))
#65 C:\Users\nabra\OneDrive\Desktop\roshyara\xamp\nrna\nrna-eu\vendor\laravel\framework\src\Illuminate\Pipeline\Pipeline.php(209): Illuminate\Foundation\Http\Middleware\ConvertEmptyStringsToNull->handle(Object(Illuminate\Http\Request), Object(Closure))
#66 C:\Users\nabra\OneDrive\Desktop\roshyara\xamp\nrna\nrna-eu\vendor\laravel\framework\src\Illuminate\Foundation\Http\Middleware\TransformsRequest.php(21): Illuminate\Pipeline\Pipeline->Illuminate\Pipeline\{closure}(Object(Illuminate\Http\Request))
#67 C:\Users\nabra\OneDrive\Desktop\roshyara\xamp\nrna\nrna-eu\vendor\laravel\framework\src\Illuminate\Foundation\Http\Middleware\TrimStrings.php(51): Illuminate\Foundation\Http\Middleware\TransformsRequest->handle(Object(Illuminate\Http\Request), Object(Closure))
#68 C:\Users\nabra\OneDrive\Desktop\roshyara\xamp\nrna\nrna-eu\vendor\laravel\framework\src\Illuminate\Pipeline\Pipeline.php(209): Illuminate\Foundation\Http\Middleware\TrimStrings->handle(Object(Illuminate\Http\Request), Object(Closure))
#69 C:\Users\nabra\OneDrive\Desktop\roshyara\xamp\nrna\nrna-eu\vendor\laravel\framework\src\Illuminate\Http\Middleware\ValidatePostSize.php(27): Illuminate\Pipeline\Pipeline->Illuminate\Pipeline\{closure}(Object(Illuminate\Http\Request))
#70 C:\Users\nabra\OneDrive\Desktop\roshyara\xamp\nrna\nrna-eu\vendor\laravel\framework\src\Illuminate\Pipeline\Pipeline.php(209): Illuminate\Http\Middleware\ValidatePostSize->handle(Object(Illuminate\Http\Request), Object(Closure))
#71 C:\Users\nabra\OneDrive\Desktop\roshyara\xamp\nrna\nrna-eu\vendor\laravel\framework\src\Illuminate\Foundation\Http\Middleware\PreventRequestsDuringMaintenance.php(110): Illuminate\Pipeline\Pipeline->Illuminate\Pipeline\{closure}(Object(Illuminate\Http\Request))
#72 C:\Users\nabra\OneDrive\Desktop\roshyara\xamp\nrna\nrna-eu\vendor\laravel\framework\src\Illuminate\Pipeline\Pipeline.php(209): Illuminate\Foundation\Http\Middleware\PreventRequestsDuringMaintenance->handle(Object(Illuminate\Http\Request), Object(Closure))
#73 C:\Users\nabra\OneDrive\Desktop\roshyara\xamp\nrna\nrna-eu\vendor\laravel\framework\src\Illuminate\Http\Middleware\HandleCors.php(49): Illuminate\Pipeline\Pipeline->Illuminate\Pipeline\{closure}(Object(Illuminate\Http\Request))
#74 C:\Users\nabra\OneDrive\Desktop\roshyara\xamp\nrna\nrna-eu\vendor\laravel\framework\src\Illuminate\Pipeline\Pipeline.php(209): Illuminate\Http\Middleware\HandleCors->handle(Object(Illuminate\Http\Request), Object(Closure))
#75 C:\Users\nabra\OneDrive\Desktop\roshyara\xamp\nrna\nrna-eu\vendor\laravel\framework\src\Illuminate\Http\Middleware\TrustProxies.php(58): Illuminate\Pipeline\Pipeline->Illuminate\Pipeline\{closure}(Object(Illuminate\Http\Request))
#76 C:\Users\nabra\OneDrive\Desktop\roshyara\xamp\nrna\nrna-eu\vendor\laravel\framework\src\Illuminate\Pipeline\Pipeline.php(209): Illuminate\Http\Middleware\TrustProxies->handle(Object(Illuminate\Http\Request), Object(Closure))
#77 C:\Users\nabra\OneDrive\Desktop\roshyara\xamp\nrna\nrna-eu\vendor\laravel\framework\src\Illuminate\Foundation\Http\Middleware\InvokeDeferredCallbacks.php(22): Illuminate\Pipeline\Pipeline->Illuminate\Pipeline\{closure}(Object(Illuminate\Http\Request))
#78 C:\Users\nabra\OneDrive\Desktop\roshyara\xamp\nrna\nrna-eu\vendor\laravel\framework\src\Illuminate\Pipeline\Pipeline.php(209): Illuminate\Foundation\Http\Middleware\InvokeDeferredCallbacks->handle(Object(Illuminate\Http\Request), Object(Closure))
#79 C:\Users\nabra\OneDrive\Desktop\roshyara\xamp\nrna\nrna-eu\vendor\laravel\framework\src\Illuminate\Pipeline\Pipeline.php(127): Illuminate\Pipeline\Pipeline->Illuminate\Pipeline\{closure}(Object(Illuminate\Http\Request))
#80 C:\Users\nabra\OneDrive\Desktop\roshyara\xamp\nrna\nrna-eu\vendor\laravel\framework\src\Illuminate\Foundation\Http\Kernel.php(176): Illuminate\Pipeline\Pipeline->then(Object(Closure))
#81 C:\Users\nabra\OneDrive\Desktop\roshyara\xamp\nrna\nrna-eu\vendor\laravel\framework\src\Illuminate\Foundation\Http\Kernel.php(145): Illuminate\Foundation\Http\Kernel->sendRequestThroughRouter(Object(Illuminate\Http\Request))
#82 C:\Users\nabra\OneDrive\Desktop\roshyara\xamp\nrna\nrna-eu\vendor\laravel\framework\src\Illuminate\Foundation\Testing\Concerns\MakesHttpRequests.php(607): Illuminate\Foundation\Http\Kernel->handle(Object(Illuminate\Http\Request))
#83 C:\Users\nabra\OneDrive\Desktop\roshyara\xamp\nrna\nrna-eu\vendor\laravel\framework\src\Illuminate\Foundation\Testing\Concerns\MakesHttpRequests.php(397): Illuminate\Foundation\Testing\TestCase->call('POST', 'http://localhos...', Array, Array, Array, Array)
#84 C:\Users\nabra\OneDrive\Desktop\roshyara\xamp\nrna\nrna-eu\tests\Feature\Membership\MembershipFeeControllerPayTest.php(108): Illuminate\Foundation\Testing\TestCase->post('http://localhos...', Array)
#85 C:\Users\nabra\OneDrive\Desktop\roshyara\xamp\nrna\nrna-eu\vendor\phpunit\phpunit\src\Framework\TestCase.php(1235): Tests\Feature\Membership\MembershipFeeControllerPayTest->test_pay_records_payment_and_fires_event()
#86 C:\Users\nabra\OneDrive\Desktop\roshyara\xamp\nrna\nrna-eu\vendor\phpunit\phpunit\src\Framework\TestCase.php(514): PHPUnit\Framework\TestCase->runTest()
#87 C:\Users\nabra\OneDrive\Desktop\roshyara\xamp\nrna\nrna-eu\vendor\phpunit\phpunit\src\Framework\TestRunner\TestRunner.php(87): PHPUnit\Framework\TestCase->runBare()
#88 C:\Users\nabra\OneDrive\Desktop\roshyara\xamp\nrna\nrna-eu\vendor\phpunit\phpunit\src\Framework\TestCase.php(361): PHPUnit\Framework\TestRunner->run(Object(Tests\Feature\Membership\MembershipFeeControllerPayTest))
#89 C:\Users\nabra\OneDrive\Desktop\roshyara\xamp\nrna\nrna-eu\vendor\phpunit\phpunit\src\Framework\TestSuite.php(369): PHPUnit\Framework\TestCase->run()
#90 C:\Users\nabra\OneDrive\Desktop\roshyara\xamp\nrna\nrna-eu\vendor\phpunit\phpunit\src\Framework\TestSuite.php(369): PHPUnit\Framework\TestSuite->run()
#91 C:\Users\nabra\OneDrive\Desktop\roshyara\xamp\nrna\nrna-eu\vendor\phpunit\phpunit\src\Framework\TestSuite.php(369): PHPUnit\Framework\TestSuite->run()
#92 C:\Users\nabra\OneDrive\Desktop\roshyara\xamp\nrna\nrna-eu\vendor\phpunit\phpunit\src\TextUI\TestRunner.php(64): PHPUnit\Framework\TestSuite->run()
#93 C:\Users\nabra\OneDrive\Desktop\roshyara\xamp\nrna\nrna-eu\vendor\phpunit\phpunit\src\TextUI\Application.php(210): PHPUnit\TextUI\TestRunner->run(Object(PHPUnit\TextUI\Configuration\Configuration), Object(PHPUnit\Runner\ResultCache\DefaultResultCache), Object(PHPUnit\Framework\TestSuite))
#94 C:\Users\nabra\OneDrive\Desktop\roshyara\xamp\nrna\nrna-eu\vendor\phpunit\phpunit\phpunit(104): PHPUnit\TextUI\Application->run(Array)
#95 {main}

Next Illuminate\Database\QueryException: SQLSTATE[42703]: Undefined column: 7 FEHLER:  Spalte »currency« von Relation »membership_payments« existiert nicht
LINE 1: ...ember_id", "fee_id", "organisation_id", "amount", "currency"...
                                                             ^ (Connection: pgsql, SQL: insert into "membership_payments" ("member_id", "fee_id", "organisation_id", "amount", "currency", "payment_method", "payment_reference", "status", "recorded_by", "paid_at", "id", "updated_at", "created_at") values (a1e8ebf4-38e4-4e2d-aacf-482935de689f, a1e8ebf4-3ea2-4a53-a3f1-6665c3783d28, a1e8ebf4-1227-489a-bfd3-963fb87ce0a2, 100, EUR, bank_transfer, ?, completed, a1e8ebf4-221a-4454-b02f-7a47b06cef94, 2026-05-31 08:53:51, a1e8ebf4-56c2-4ebb-8cb5-2a5e6cc4c061, 2026-05-31 08:53:51, 2026-05-31 08:53:51)) in C:\Users\nabra\OneDrive\Desktop\roshyara\xamp\nrna\nrna-eu\vendor\laravel\framework\src\Illuminate\Database\Connection.php:825
Stack trace:
#0 C:\Users\nabra\OneDrive\Desktop\roshyara\xamp\nrna\nrna-eu\vendor\laravel\framework\src\Illuminate\Database\Connection.php(779): Illuminate\Database\Connection->runQueryCallback('insert into "me...', Array, Object(Closure))
#1 C:\Users\nabra\OneDrive\Desktop\roshyara\xamp\nrna\nrna-eu\vendor\laravel\framework\src\Illuminate\Database\Connection.php(560): Illuminate\Database\Connection->run('insert into "me...', Array, Object(Closure))
#2 C:\Users\nabra\OneDrive\Desktop\roshyara\xamp\nrna\nrna-eu\vendor\laravel\framework\src\Illuminate\Database\Connection.php(524): Illuminate\Database\Connection->statement('insert into "me...', Array)
#3 C:\Users\nabra\OneDrive\Desktop\roshyara\xamp\nrna\nrna-eu\vendor\laravel\framework\src\Illuminate\Database\Query\Builder.php(3748): Illuminate\Database\Connection->insert('insert into "me...', Array)
#4 C:\Users\nabra\OneDrive\Desktop\roshyara\xamp\nrna\nrna-eu\vendor\laravel\framework\src\Illuminate\Database\Eloquent\Builder.php(2099): Illuminate\Database\Query\Builder->insert(Array)
#5 C:\Users\nabra\OneDrive\Desktop\roshyara\xamp\nrna\nrna-eu\vendor\laravel\framework\src\Illuminate\Database\Eloquent\Model.php(1335): Illuminate\Database\Eloquent\Builder->__call('insert', Array)
#6 C:\Users\nabra\OneDrive\Desktop\roshyara\xamp\nrna\nrna-eu\vendor\laravel\framework\src\Illuminate\Database\Eloquent\Model.php(1163): Illuminate\Database\Eloquent\Model->performInsert(Object(Illuminate\Database\Eloquent\Builder))
#7 C:\Users\nabra\OneDrive\Desktop\roshyara\xamp\nrna\nrna-eu\vendor\laravel\framework\src\Illuminate\Database\Eloquent\Builder.php(1107): Illuminate\Database\Eloquent\Model->save()
#8 C:\Users\nabra\OneDrive\Desktop\roshyara\xamp\nrna\nrna-eu\vendor\laravel\framework\src\Illuminate\Support\helpers.php(399): Illuminate\Database\Eloquent\Builder->Illuminate\Database\Eloquent\{closure}(Object(App\Models\MembershipPayment))
#9 C:\Users\nabra\OneDrive\Desktop\roshyara\xamp\nrna\nrna-eu\vendor\laravel\framework\src\Illuminate\Database\Eloquent\Builder.php(1106): tap(Object(App\Models\MembershipPayment), Object(Closure))
#10 C:\Users\nabra\OneDrive\Desktop\roshyara\xamp\nrna\nrna-eu\vendor\laravel\framework\src\Illuminate\Support\Traits\ForwardsCalls.php(23): Illuminate\Database\Eloquent\Builder->create(Array)
#11 C:\Users\nabra\OneDrive\Desktop\roshyara\xamp\nrna\nrna-eu\vendor\laravel\framework\src\Illuminate\Database\Eloquent\Model.php(2368): Illuminate\Database\Eloquent\Model->forwardCallTo(Object(Illuminate\Database\Eloquent\Builder), 'create', Array)
#12 C:\Users\nabra\OneDrive\Desktop\roshyara\xamp\nrna\nrna-eu\vendor\laravel\framework\src\Illuminate\Database\Eloquent\Model.php(2380): Illuminate\Database\Eloquent\Model->__call('create', Array)
#13 C:\Users\nabra\OneDrive\Desktop\roshyara\xamp\nrna\nrna-eu\app\Services\MembershipPaymentService.php(52): Illuminate\Database\Eloquent\Model::__callStatic('create', Array)
#14 C:\Users\nabra\OneDrive\Desktop\roshyara\xamp\nrna\nrna-eu\vendor\laravel\framework\src\Illuminate\Database\Concerns\ManagesTransactions.php(32): App\Services\MembershipPaymentService->App\Services\{closure}(Object(Illuminate\Database\PostgresConnection))
#15 C:\Users\nabra\OneDrive\Desktop\roshyara\xamp\nrna\nrna-eu\vendor\laravel\framework\src\Illuminate\Database\DatabaseManager.php(495): Illuminate\Database\Connection->transaction(Object(Closure))
#16 C:\Users\nabra\OneDrive\Desktop\roshyara\xamp\nrna\nrna-eu\vendor\laravel\framework\src\Illuminate\Support\Facades\Facade.php(361): Illuminate\Database\DatabaseManager->__call('transaction', Array)
#17 C:\Users\nabra\OneDrive\Desktop\roshyara\xamp\nrna\nrna-eu\app\Services\MembershipPaymentService.php(42): Illuminate\Support\Facades\Facade::__callStatic('transaction', Array)
#18 C:\Users\nabra\OneDrive\Desktop\roshyara\xamp\nrna\nrna-eu\app\Http\Controllers\Membership\MembershipFeeController.php(126): App\Services\MembershipPaymentService->recordPayment(Object(App\Models\Member), Object(App\Models\MembershipFee), Object(App\Domain\Shared\ValueObjects\Money), 'bank_transfer', NULL)
#19 C:\Users\nabra\OneDrive\Desktop\roshyara\xamp\nrna\nrna-eu\vendor\laravel\framework\src\Illuminate\Routing\Controller.php(54): App\Http\Controllers\Membership\MembershipFeeController->pay(Object(Illuminate\Http\Request), Object(App\Models\Organisation), Object(App\Models\Member), Object(App\Models\MembershipFee), Object(App\Services\MembershipPaymentService))
#20 C:\Users\nabra\OneDrive\Desktop\roshyara\xamp\nrna\nrna-eu\vendor\laravel\framework\src\Illuminate\Routing\ControllerDispatcher.php(44): Illuminate\Routing\Controller->callAction('pay', Array)
#21 C:\Users\nabra\OneDrive\Desktop\roshyara\xamp\nrna\nrna-eu\vendor\laravel\framework\src\Illuminate\Routing\Route.php(266): Illuminate\Routing\ControllerDispatcher->dispatch(Object(Illuminate\Routing\Route), Object(App\Http\Controllers\Membership\MembershipFeeController), 'pay')
#22 C:\Users\nabra\OneDrive\Desktop\roshyara\xamp\nrna\nrna-eu\vendor\laravel\framework\src\Illuminate\Routing\Route.php(212): Illuminate\Routing\Route->runController()
#23 C:\Users\nabra\OneDrive\Desktop\roshyara\xamp\nrna\nrna-eu\vendor\laravel\framework\src\Illuminate\Routing\Router.php(808): Illuminate\Routing\Route->run()
#24 C:\Users\nabra\OneDrive\Desktop\roshyara\xamp\nrna\nrna-eu\vendor\laravel\framework\src\Illuminate\Pipeline\Pipeline.php(170): Illuminate\Routing\Router->Illuminate\Routing\{closure}(Object(Illuminate\Http\Request))
#25 C:\Users\nabra\OneDrive\Desktop\roshyara\xamp\nrna\nrna-eu\app\Http\Middleware\EnsureOrganisationMember.php(161): Illuminate\Pipeline\Pipeline->Illuminate\Pipeline\{closure}(Object(Illuminate\Http\Request))
#26 C:\Users\nabra\OneDrive\Desktop\roshyara\xamp\nrna\nrna-eu\vendor\laravel\framework\src\Illuminate\Pipeline\Pipeline.php(209): App\Http\Middleware\EnsureOrganisationMember->handle(Object(Illuminate\Http\Request), Object(Closure))
#27 C:\Users\nabra\OneDrive\Desktop\roshyara\xamp\nrna\nrna-eu\vendor\laravel\framework\src\Illuminate\Auth\Middleware\EnsureEmailIsVerified.php(41): Illuminate\Pipeline\Pipeline->Illuminate\Pipeline\{closure}(Object(Illuminate\Http\Request))
#28 C:\Users\nabra\OneDrive\Desktop\roshyara\xamp\nrna\nrna-eu\vendor\laravel\framework\src\Illuminate\Pipeline\Pipeline.php(209): Illuminate\Auth\Middleware\EnsureEmailIsVerified->handle(Object(Illuminate\Http\Request), Object(Closure))
#29 C:\Users\nabra\OneDrive\Desktop\roshyara\xamp\nrna\nrna-eu\vendor\laravel\framework\src\Illuminate\Auth\Middleware\Authenticate.php(64): Illuminate\Pipeline\Pipeline->Illuminate\Pipeline\{closure}(Object(Illuminate\Http\Request))
#30 C:\Users\nabra\OneDrive\Desktop\roshyara\xamp\nrna\nrna-eu\vendor\laravel\framework\src\Illuminate\Pipeline\Pipeline.php(209): Illuminate\Auth\Middleware\Authenticate->handle(Object(Illuminate\Http\Request), Object(Closure))
#31 C:\Users\nabra\OneDrive\Desktop\roshyara\xamp\nrna\nrna-eu\vendor\inertiajs\inertia-laravel\src\Middleware.php(86): Illuminate\Pipeline\Pipeline->Illuminate\Pipeline\{closure}(Object(Illuminate\Http\Request))
#32 C:\Users\nabra\OneDrive\Desktop\roshyara\xamp\nrna\nrna-eu\vendor\laravel\framework\src\Illuminate\Pipeline\Pipeline.php(209): Inertia\Middleware->handle(Object(Illuminate\Http\Request), Object(Closure))
#33 C:\Users\nabra\OneDrive\Desktop\roshyara\xamp\nrna\nrna-eu\app\Http\Middleware\InjectPageMeta.php(65): Illuminate\Pipeline\Pipeline->Illuminate\Pipeline\{closure}(Object(Illuminate\Http\Request))
#34 C:\Users\nabra\OneDrive\Desktop\roshyara\xamp\nrna\nrna-eu\vendor\laravel\framework\src\Illuminate\Pipeline\Pipeline.php(209): App\Http\Middleware\InjectPageMeta->handle(Object(Illuminate\Http\Request), Object(Closure))
#35 C:\Users\nabra\OneDrive\Desktop\roshyara\xamp\nrna\nrna-eu\app\Http\Middleware\SetLocale.php(59): Illuminate\Pipeline\Pipeline->Illuminate\Pipeline\{closure}(Object(Illuminate\Http\Request))
#36 C:\Users\nabra\OneDrive\Desktop\roshyara\xamp\nrna\nrna-eu\vendor\laravel\framework\src\Illuminate\Pipeline\Pipeline.php(209): App\Http\Middleware\SetLocale->handle(Object(Illuminate\Http\Request), Object(Closure))
#37 C:\Users\nabra\OneDrive\Desktop\roshyara\xamp\nrna\nrna-eu\app\Http\Middleware\PreloadAssets.php(12): Illuminate\Pipeline\Pipeline->Illuminate\Pipeline\{closure}(Object(Illuminate\Http\Request))
#38 C:\Users\nabra\OneDrive\Desktop\roshyara\xamp\nrna\nrna-eu\vendor\laravel\framework\src\Illuminate\Pipeline\Pipeline.php(209): App\Http\Middleware\PreloadAssets->handle(Object(Illuminate\Http\Request), Object(Closure))
#39 C:\Users\nabra\OneDrive\Desktop\roshyara\xamp\nrna\nrna-eu\vendor\laravel\framework\src\Illuminate\Routing\Middleware\SubstituteBindings.php(51): Illuminate\Pipeline\Pipeline->Illuminate\Pipeline\{closure}(Object(Illuminate\Http\Request))
#40 C:\Users\nabra\OneDrive\Desktop\roshyara\xamp\nrna\nrna-eu\vendor\laravel\framework\src\Illuminate\Pipeline\Pipeline.php(209): Illuminate\Routing\Middleware\SubstituteBindings->handle(Object(Illuminate\Http\Request), Object(Closure))
#41 C:\Users\nabra\OneDrive\Desktop\roshyara\xamp\nrna\nrna-eu\vendor\laravel\framework\src\Illuminate\Foundation\Http\Middleware\VerifyCsrfToken.php(88): Illuminate\Pipeline\Pipeline->Illuminate\Pipeline\{closure}(Object(Illuminate\Http\Request))
#42 C:\Users\nabra\OneDrive\Desktop\roshyara\xamp\nrna\nrna-eu\vendor\laravel\framework\src\Illuminate\Pipeline\Pipeline.php(209): Illuminate\Foundation\Http\Middleware\VerifyCsrfToken->handle(Object(Illuminate\Http\Request), Object(Closure))
#43 C:\Users\nabra\OneDrive\Desktop\roshyara\xamp\nrna\nrna-eu\vendor\laravel\framework\src\Illuminate\View\Middleware\ShareErrorsFromSession.php(49): Illuminate\Pipeline\Pipeline->Illuminate\Pipeline\{closure}(Object(Illuminate\Http\Request))
#44 C:\Users\nabra\OneDrive\Desktop\roshyara\xamp\nrna\nrna-eu\vendor\laravel\framework\src\Illuminate\Pipeline\Pipeline.php(209): Illuminate\View\Middleware\ShareErrorsFromSession->handle(Object(Illuminate\Http\Request), Object(Closure))
#45 C:\Users\nabra\OneDrive\Desktop\roshyara\xamp\nrna\nrna-eu\vendor\laravel\framework\src\Illuminate\Session\Middleware\StartSession.php(121): Illuminate\Pipeline\Pipeline->Illuminate\Pipeline\{closure}(Object(Illuminate\Http\Request))
#46 C:\Users\nabra\OneDrive\Desktop\roshyara\xamp\nrna\nrna-eu\vendor\laravel\framework\src\Illuminate\Session\Middleware\StartSession.php(64): Illuminate\Session\Middleware\StartSession->handleStatefulRequest(Object(Illuminate\Http\Request), Object(Illuminate\Session\Store), Object(Closure))
#47 C:\Users\nabra\OneDrive\Desktop\roshyara\xamp\nrna\nrna-eu\vendor\laravel\framework\src\Illuminate\Pipeline\Pipeline.php(209): Illuminate\Session\Middleware\StartSession->handle(Object(Illuminate\Http\Request), Object(Closure))
#48 C:\Users\nabra\OneDrive\Desktop\roshyara\xamp\nrna\nrna-eu\vendor\laravel\framework\src\Illuminate\Cookie\Middleware\AddQueuedCookiesToResponse.php(37): Illuminate\Pipeline\Pipeline->Illuminate\Pipeline\{closure}(Object(Illuminate\Http\Request))
#49 C:\Users\nabra\OneDrive\Desktop\roshyara\xamp\nrna\nrna-eu\vendor\laravel\framework\src\Illuminate\Pipeline\Pipeline.php(209): Illuminate\Cookie\Middleware\AddQueuedCookiesToResponse->handle(Object(Illuminate\Http\Request), Object(Closure))
#50 C:\Users\nabra\OneDrive\Desktop\roshyara\xamp\nrna\nrna-eu\vendor\laravel\framework\src\Illuminate\Cookie\Middleware\EncryptCookies.php(75): Illuminate\Pipeline\Pipeline->Illuminate\Pipeline\{closure}(Object(Illuminate\Http\Request))
#51 C:\Users\nabra\OneDrive\Desktop\roshyara\xamp\nrna\nrna-eu\vendor\laravel\framework\src\Illuminate\Pipeline\Pipeline.php(209): Illuminate\Cookie\Middleware\EncryptCookies->handle(Object(Illuminate\Http\Request), Object(Closure))
#52 C:\Users\nabra\OneDrive\Desktop\roshyara\xamp\nrna\nrna-eu\vendor\laravel\framework\src\Illuminate\Pipeline\Pipeline.php(127): Illuminate\Pipeline\Pipeline->Illuminate\Pipeline\{closure}(Object(Illuminate\Http\Request))
#53 C:\Users\nabra\OneDrive\Desktop\roshyara\xamp\nrna\nrna-eu\vendor\laravel\framework\src\Illuminate\Routing\Router.php(807): Illuminate\Pipeline\Pipeline->then(Object(Closure))
#54 C:\Users\nabra\OneDrive\Desktop\roshyara\xamp\nrna\nrna-eu\vendor\laravel\framework\src\Illuminate\Routing\Router.php(786): Illuminate\Routing\Router->runRouteWithinStack(Object(Illuminate\Routing\Route), Object(Illuminate\Http\Request))
#55 C:\Users\nabra\OneDrive\Desktop\roshyara\xamp\nrna\nrna-eu\vendor\laravel\framework\src\Illuminate\Routing\Router.php(750): Illuminate\Routing\Router->runRoute(Object(Illuminate\Http\Request), Object(Illuminate\Routing\Route))
#56 C:\Users\nabra\OneDrive\Desktop\roshyara\xamp\nrna\nrna-eu\vendor\laravel\framework\src\Illuminate\Routing\Router.php(739): Illuminate\Routing\Router->dispatchToRoute(Object(Illuminate\Http\Request))
#57 C:\Users\nabra\OneDrive\Desktop\roshyara\xamp\nrna\nrna-eu\vendor\laravel\framework\src\Illuminate\Foundation\Http\Kernel.php(201): Illuminate\Routing\Router->dispatch(Object(Illuminate\Http\Request))
#58 C:\Users\nabra\OneDrive\Desktop\roshyara\xamp\nrna\nrna-eu\vendor\laravel\framework\src\Illuminate\Pipeline\Pipeline.php(170): Illuminate\Foundation\Http\Kernel->Illuminate\Foundation\Http\{closure}(Object(Illuminate\Http\Request))
#59 C:\Users\nabra\OneDrive\Desktop\roshyara\xamp\nrna\nrna-eu\app\Http\Middleware\TrackPerformance.php(28): Illuminate\Pipeline\Pipeline->Illuminate\Pipeline\{closure}(Object(Illuminate\Http\Request))
#60 C:\Users\nabra\OneDrive\Desktop\roshyara\xamp\nrna\nrna-eu\vendor\laravel\framework\src\Illuminate\Pipeline\Pipeline.php(209): App\Http\Middleware\TrackPerformance->handle(Object(Illuminate\Http\Request), Object(Closure))
#61 C:\Users\nabra\OneDrive\Desktop\roshyara\xamp\nrna\nrna-eu\vendor\laravel\framework\src\Illuminate\Foundation\Http\Middleware\TransformsRequest.php(21): Illuminate\Pipeline\Pipeline->Illuminate\Pipeline\{closure}(Object(Illuminate\Http\Request))
#62 C:\Users\nabra\OneDrive\Desktop\roshyara\xamp\nrna\nrna-eu\vendor\laravel\framework\src\Illuminate\Foundation\Http\Middleware\ConvertEmptyStringsToNull.php(31): Illuminate\Foundation\Http\Middleware\TransformsRequest->handle(Object(Illuminate\Http\Request), Object(Closure))
#63 C:\Users\nabra\OneDrive\Desktop\roshyara\xamp\nrna\nrna-eu\vendor\laravel\framework\src\Illuminate\Pipeline\Pipeline.php(209): Illuminate\Foundation\Http\Middleware\ConvertEmptyStringsToNull->handle(Object(Illuminate\Http\Request), Object(Closure))
#64 C:\Users\nabra\OneDrive\Desktop\roshyara\xamp\nrna\nrna-eu\vendor\laravel\framework\src\Illuminate\Foundation\Http\Middleware\TransformsRequest.php(21): Illuminate\Pipeline\Pipeline->Illuminate\Pipeline\{closure}(Object(Illuminate\Http\Request))
#65 C:\Users\nabra\OneDrive\Desktop\roshyara\xamp\nrna\nrna-eu\vendor\laravel\framework\src\Illuminate\Foundation\Http\Middleware\TrimStrings.php(51): Illuminate\Foundation\Http\Middleware\TransformsRequest->handle(Object(Illuminate\Http\Request), Object(Closure))
#66 C:\Users\nabra\OneDrive\Desktop\roshyara\xamp\nrna\nrna-eu\vendor\laravel\framework\src\Illuminate\Pipeline\Pipeline.php(209): Illuminate\Foundation\Http\Middleware\TrimStrings->handle(Object(Illuminate\Http\Request), Object(Closure))
#67 C:\Users\nabra\OneDrive\Desktop\roshyara\xamp\nrna\nrna-eu\vendor\laravel\framework\src\Illuminate\Http\Middleware\ValidatePostSize.php(27): Illuminate\Pipeline\Pipeline->Illuminate\Pipeline\{closure}(Object(Illuminate\Http\Request))
#68 C:\Users\nabra\OneDrive\Desktop\roshyara\xamp\nrna\nrna-eu\vendor\laravel\framework\src\Illuminate\Pipeline\Pipeline.php(209): Illuminate\Http\Middleware\ValidatePostSize->handle(Object(Illuminate\Http\Request), Object(Closure))
#69 C:\Users\nabra\OneDrive\Desktop\roshyara\xamp\nrna\nrna-eu\vendor\laravel\framework\src\Illuminate\Foundation\Http\Middleware\PreventRequestsDuringMaintenance.php(110): Illuminate\Pipeline\Pipeline->Illuminate\Pipeline\{closure}(Object(Illuminate\Http\Request))
#70 C:\Users\nabra\OneDrive\Desktop\roshyara\xamp\nrna\nrna-eu\vendor\laravel\framework\src\Illuminate\Pipeline\Pipeline.php(209): Illuminate\Foundation\Http\Middleware\PreventRequestsDuringMaintenance->handle(Object(Illuminate\Http\Request), Object(Closure))
#71 C:\Users\nabra\OneDrive\Desktop\roshyara\xamp\nrna\nrna-eu\vendor\laravel\framework\src\Illuminate\Http\Middleware\HandleCors.php(49): Illuminate\Pipeline\Pipeline->Illuminate\Pipeline\{closure}(Object(Illuminate\Http\Request))
#72 C:\Users\nabra\OneDrive\Desktop\roshyara\xamp\nrna\nrna-eu\vendor\laravel\framework\src\Illuminate\Pipeline\Pipeline.php(209): Illuminate\Http\Middleware\HandleCors->handle(Object(Illuminate\Http\Request), Object(Closure))
#73 C:\Users\nabra\OneDrive\Desktop\roshyara\xamp\nrna\nrna-eu\vendor\laravel\framework\src\Illuminate\Http\Middleware\TrustProxies.php(58): Illuminate\Pipeline\Pipeline->Illuminate\Pipeline\{closure}(Object(Illuminate\Http\Request))
#74 C:\Users\nabra\OneDrive\Desktop\roshyara\xamp\nrna\nrna-eu\vendor\laravel\framework\src\Illuminate\Pipeline\Pipeline.php(209): Illuminate\Http\Middleware\TrustProxies->handle(Object(Illuminate\Http\Request), Object(Closure))
#75 C:\Users\nabra\OneDrive\Desktop\roshyara\xamp\nrna\nrna-eu\vendor\laravel\framework\src\Illuminate\Foundation\Http\Middleware\InvokeDeferredCallbacks.php(22): Illuminate\Pipeline\Pipeline->Illuminate\Pipeline\{closure}(Object(Illuminate\Http\Request))
#76 C:\Users\nabra\OneDrive\Desktop\roshyara\xamp\nrna\nrna-eu\vendor\laravel\framework\src\Illuminate\Pipeline\Pipeline.php(209): Illuminate\Foundation\Http\Middleware\InvokeDeferredCallbacks->handle(Object(Illuminate\Http\Request), Object(Closure))
#77 C:\Users\nabra\OneDrive\Desktop\roshyara\xamp\nrna\nrna-eu\vendor\laravel\framework\src\Illuminate\Pipeline\Pipeline.php(127): Illuminate\Pipeline\Pipeline->Illuminate\Pipeline\{closure}(Object(Illuminate\Http\Request))
#78 C:\Users\nabra\OneDrive\Desktop\roshyara\xamp\nrna\nrna-eu\vendor\laravel\framework\src\Illuminate\Foundation\Http\Kernel.php(176): Illuminate\Pipeline\Pipeline->then(Object(Closure))
#79 C:\Users\nabra\OneDrive\Desktop\roshyara\xamp\nrna\nrna-eu\vendor\laravel\framework\src\Illuminate\Foundation\Http\Kernel.php(145): Illuminate\Foundation\Http\Kernel->sendRequestThroughRouter(Object(Illuminate\Http\Request))
#80 C:\Users\nabra\OneDrive\Desktop\roshyara\xamp\nrna\nrna-eu\vendor\laravel\framework\src\Illuminate\Foundation\Testing\Concerns\MakesHttpRequests.php(607): Illuminate\Foundation\Http\Kernel->handle(Object(Illuminate\Http\Request))
#81 C:\Users\nabra\OneDrive\Desktop\roshyara\xamp\nrna\nrna-eu\vendor\laravel\framework\src\Illuminate\Foundation\Testing\Concerns\MakesHttpRequests.php(397): Illuminate\Foundation\Testing\TestCase->call('POST', 'http://localhos...', Array, Array, Array, Array)
#82 C:\Users\nabra\OneDrive\Desktop\roshyara\xamp\nrna\nrna-eu\tests\Feature\Membership\MembershipFeeControllerPayTest.php(108): Illuminate\Foundation\Testing\TestCase->post('http://localhos...', Array)
#83 C:\Users\nabra\OneDrive\Desktop\roshyara\xamp\nrna\nrna-eu\vendor\phpunit\phpunit\src\Framework\TestCase.php(1235): Tests\Feature\Membership\MembershipFeeControllerPayTest->test_pay_records_payment_and_fires_event()
#84 C:\Users\nabra\OneDrive\Desktop\roshyara\xamp\nrna\nrna-eu\vendor\phpunit\phpunit\src\Framework\TestCase.php(514): PHPUnit\Framework\TestCase->runTest()
#85 C:\Users\nabra\OneDrive\Desktop\roshyara\xamp\nrna\nrna-eu\vendor\phpunit\phpunit\src\Framework\TestRunner\TestRunner.php(87): PHPUnit\Framework\TestCase->runBare()
#86 C:\Users\nabra\OneDrive\Desktop\roshyara\xamp\nrna\nrna-eu\vendor\phpunit\phpunit\src\Framework\TestCase.php(361): PHPUnit\Framework\TestRunner->run(Object(Tests\Feature\Membership\MembershipFeeControllerPayTest))
#87 C:\Users\nabra\OneDrive\Desktop\roshyara\xamp\nrna\nrna-eu\vendor\phpunit\phpunit\src\Framework\TestSuite.php(369): PHPUnit\Framework\TestCase->run()
#88 C:\Users\nabra\OneDrive\Desktop\roshyara\xamp\nrna\nrna-eu\vendor\phpunit\phpunit\src\Framework\TestSuite.php(369): PHPUnit\Framework\TestSuite->run()
#89 C:\Users\nabra\OneDrive\Desktop\roshyara\xamp\nrna\nrna-eu\vendor\phpunit\phpunit\src\Framework\TestSuite.php(369): PHPUnit\Framework\TestSuite->run()
#90 C:\Users\nabra\OneDrive\Desktop\roshyara\xamp\nrna\nrna-eu\vendor\phpunit\phpunit\src\TextUI\TestRunner.php(64): PHPUnit\Framework\TestSuite->run()
#91 C:\Users\nabra\OneDrive\Desktop\roshyara\xamp\nrna\nrna-eu\vendor\phpunit\phpunit\src\TextUI\Application.php(210): PHPUnit\TextUI\TestRunner->run(Object(PHPUnit\TextUI\Configuration\Configuration), Object(PHPUnit\Runner\ResultCache\DefaultResultCache), Object(PHPUnit\Framework\TestSuite))
#92 C:\Users\nabra\OneDrive\Desktop\roshyara\xamp\nrna\nrna-eu\vendor\phpunit\phpunit\phpunit(104): PHPUnit\TextUI\Application->run(Array)
#93 {main}

----------------------------------------------------------------------------------

SQLSTATE[42703]: Undefined column: 7 FEHLER:  Spalte »currency« von Relation »membership_payments« existiert nicht
LINE 1: ...ember_id", "fee_id", "organisation_id", "amount", "currency"...
                                                             ^ (Connection: pgsql, SQL: insert into "membership_payments" ("member_id", "fee_id", "organisation_id", "amount", "currency", "payment_method", "payment_reference", "status", "recorded_by", "paid_at", "id", "updated_at", "created_at") values (a1e8ebf4-38e4-4e2d-aacf-482935de689f, a1e8ebf4-3ea2-4a53-a3f1-6665c3783d28, a1e8ebf4-1227-489a-bfd3-963fb87ce0a2, 100, EUR, bank_transfer, ?, completed, a1e8ebf4-221a-4454-b02f-7a47b06cef94, 2026-05-31 08:53:51, a1e8ebf4-56c2-4ebb-8cb5-2a5e6cc4c061, 2026-05-31 08:53:51, 2026-05-31 08:53:51))[39;22m

  at [32mtests\Feature\Membership\MembershipFeeControllerPayTest.php[39m:[32m121[39m
    117▕             ]
    118▕         );
    119▕ 
    120▕         // Payment is recorded
  ➜ 121▕         $response->assertStatus(302);
    122▕         $this->assertDatabaseHas('membership_payments', [
    123▕             'member_id' => $this->member->id,
    124▕             'fee_id' => $this->fee->id,
    125▕         ]);

  [31m────────────────────────────────────────────────────────────────────────────────────────────────────────────────────[39m  
  [41;1m FAILED [49;22m [1mTests\Feature\Membership\MembershipFeeControllerPayTest[22m [90m>[39m pay updates fee status to paid                     
[39;1m  Failed asserting that two strings are equal.
--- Expected
+++ Actual
@@ @@
-'paid'
+'pending'[39;22m

  at [32mtests\Feature\Membership\MembershipFeeControllerPayTest.php[39m:[32m151[39m
    147▕             ]
    148▕         );
    149▕ 
    150▕         $this->fee->refresh();
  ➜ 151▕         $this->assertEquals('paid', $this->fee->status);
    152▕     }
    153▕ 
    154▕     /**
    155▕      * RED: Requires manage_membership policy (403 without permission)

  [33m1   [39m[39;1mtests\Feature\Membership\MembershipFeeControllerPayTest.php[39;22m:[39;1m151[39;22m

  [31m────────────────────────────────────────────────────────────────────────────────────────────────────────────────────[39m  
  [41;1m FAILED [49;22m [1mTests\Feature\Membership\MembershipFeeControllerPayTest[22m [90m>[39m pay rejects duplicate payment on already paid f…   
[39;1m  Expected response status code [302] but received 500.
Failed asserting that 500 is identical to 302.

The following exception occurred during the last request:

PDOException: SQLSTATE[42703]: Undefined column: 7 FEHLER:  Spalte »currency« von Relation »membership_payments« existiert nicht
LINE 1: ...ember_id", "fee_id", "organisation_id", "amount", "currency"...
                                                             ^ in C:\Users\nabra\OneDrive\Desktop\roshyara\xamp\nrna\nrna-eu\vendor\laravel\framework\src\Illuminate\Database\Connection.php:571
Stack trace:
#0 C:\Users\nabra\OneDrive\Desktop\roshyara\xamp\nrna\nrna-eu\vendor\laravel\framework\src\Illuminate\Database\Connection.php(571): PDOStatement->execute()
#1 C:\Users\nabra\OneDrive\Desktop\roshyara\xamp\nrna\nrna-eu\vendor\laravel\framework\src\Illuminate\Database\Connection.php(812): Illuminate\Database\Connection->Illuminate\Database\{closure}('insert into "me...', Array)
#2 C:\Users\nabra\OneDrive\Desktop\roshyara\xamp\nrna\nrna-eu\vendor\laravel\framework\src\Illuminate\Database\Connection.php(779): Illuminate\Database\Connection->runQueryCallback('insert into "me...', Array, Object(Closure))
#3 C:\Users\nabra\OneDrive\Desktop\roshyara\xamp\nrna\nrna-eu\vendor\laravel\framework\src\Illuminate\Database\Connection.php(560): Illuminate\Database\Connection->run('insert into "me...', Array, Object(Closure))
#4 C:\Users\nabra\OneDrive\Desktop\roshyara\xamp\nrna\nrna-eu\vendor\laravel\framework\src\Illuminate\Database\Connection.php(524): Illuminate\Database\Connection->statement('insert into "me...', Array)
#5 C:\Users\nabra\OneDrive\Desktop\roshyara\xamp\nrna\nrna-eu\vendor\laravel\framework\src\Illuminate\Database\Query\Builder.php(3748): Illuminate\Database\Connection->insert('insert into "me...', Array)
#6 C:\Users\nabra\OneDrive\Desktop\roshyara\xamp\nrna\nrna-eu\vendor\laravel\framework\src\Illuminate\Database\Eloquent\Builder.php(2099): Illuminate\Database\Query\Builder->insert(Array)
#7 C:\Users\nabra\OneDrive\Desktop\roshyara\xamp\nrna\nrna-eu\vendor\laravel\framework\src\Illuminate\Database\Eloquent\Model.php(1335): Illuminate\Database\Eloquent\Builder->__call('insert', Array)
#8 C:\Users\nabra\OneDrive\Desktop\roshyara\xamp\nrna\nrna-eu\vendor\laravel\framework\src\Illuminate\Database\Eloquent\Model.php(1163): Illuminate\Database\Eloquent\Model->performInsert(Object(Illuminate\Database\Eloquent\Builder))
#9 C:\Users\nabra\OneDrive\Desktop\roshyara\xamp\nrna\nrna-eu\vendor\laravel\framework\src\Illuminate\Database\Eloquent\Builder.php(1107): Illuminate\Database\Eloquent\Model->save()
#10 C:\Users\nabra\OneDrive\Desktop\roshyara\xamp\nrna\nrna-eu\vendor\laravel\framework\src\Illuminate\Support\helpers.php(399): Illuminate\Database\Eloquent\Builder->Illuminate\Database\Eloquent\{closure}(Object(App\Models\MembershipPayment))
#11 C:\Users\nabra\OneDrive\Desktop\roshyara\xamp\nrna\nrna-eu\vendor\laravel\framework\src\Illuminate\Database\Eloquent\Builder.php(1106): tap(Object(App\Models\MembershipPayment), Object(Closure))
#12 C:\Users\nabra\OneDrive\Desktop\roshyara\xamp\nrna\nrna-eu\vendor\laravel\framework\src\Illuminate\Support\Traits\ForwardsCalls.php(23): Illuminate\Database\Eloquent\Builder->create(Array)
#13 C:\Users\nabra\OneDrive\Desktop\roshyara\xamp\nrna\nrna-eu\vendor\laravel\framework\src\Illuminate\Database\Eloquent\Model.php(2368): Illuminate\Database\Eloquent\Model->forwardCallTo(Object(Illuminate\Database\Eloquent\Builder), 'create', Array)
#14 C:\Users\nabra\OneDrive\Desktop\roshyara\xamp\nrna\nrna-eu\vendor\laravel\framework\src\Illuminate\Database\Eloquent\Model.php(2380): Illuminate\Database\Eloquent\Model->__call('create', Array)
#15 C:\Users\nabra\OneDrive\Desktop\roshyara\xamp\nrna\nrna-eu\app\Services\MembershipPaymentService.php(52): Illuminate\Database\Eloquent\Model::__callStatic('create', Array)
#16 C:\Users\nabra\OneDrive\Desktop\roshyara\xamp\nrna\nrna-eu\vendor\laravel\framework\src\Illuminate\Database\Concerns\ManagesTransactions.php(32): App\Services\MembershipPaymentService->App\Services\{closure}(Object(Illuminate\Database\PostgresConnection))
#17 C:\Users\nabra\OneDrive\Desktop\roshyara\xamp\nrna\nrna-eu\vendor\laravel\framework\src\Illuminate\Database\DatabaseManager.php(495): Illuminate\Database\Connection->transaction(Object(Closure))
#18 C:\Users\nabra\OneDrive\Desktop\roshyara\xamp\nrna\nrna-eu\vendor\laravel\framework\src\Illuminate\Support\Facades\Facade.php(361): Illuminate\Database\DatabaseManager->__call('transaction', Array)
#19 C:\Users\nabra\OneDrive\Desktop\roshyara\xamp\nrna\nrna-eu\app\Services\MembershipPaymentService.php(42): Illuminate\Support\Facades\Facade::__callStatic('transaction', Array)
#20 C:\Users\nabra\OneDrive\Desktop\roshyara\xamp\nrna\nrna-eu\app\Http\Controllers\Membership\MembershipFeeController.php(126): App\Services\MembershipPaymentService->recordPayment(Object(App\Models\Member), Object(App\Models\MembershipFee), Object(App\Domain\Shared\ValueObjects\Money), 'bank_transfer', NULL)
#21 C:\Users\nabra\OneDrive\Desktop\roshyara\xamp\nrna\nrna-eu\vendor\laravel\framework\src\Illuminate\Routing\Controller.php(54): App\Http\Controllers\Membership\MembershipFeeController->pay(Object(Illuminate\Http\Request), Object(App\Models\Organisation), Object(App\Models\Member), Object(App\Models\MembershipFee), Object(App\Services\MembershipPaymentService))
#22 C:\Users\nabra\OneDrive\Desktop\roshyara\xamp\nrna\nrna-eu\vendor\laravel\framework\src\Illuminate\Routing\ControllerDispatcher.php(44): Illuminate\Routing\Controller->callAction('pay', Array)
#23 C:\Users\nabra\OneDrive\Desktop\roshyara\xamp\nrna\nrna-eu\vendor\laravel\framework\src\Illuminate\Routing\Route.php(266): Illuminate\Routing\ControllerDispatcher->dispatch(Object(Illuminate\Routing\Route), Object(App\Http\Controllers\Membership\MembershipFeeController), 'pay')
#24 C:\Users\nabra\OneDrive\Desktop\roshyara\xamp\nrna\nrna-eu\vendor\laravel\framework\src\Illuminate\Routing\Route.php(212): Illuminate\Routing\Route->runController()
#25 C:\Users\nabra\OneDrive\Desktop\roshyara\xamp\nrna\nrna-eu\vendor\laravel\framework\src\Illuminate\Routing\Router.php(808): Illuminate\Routing\Route->run()
#26 C:\Users\nabra\OneDrive\Desktop\roshyara\xamp\nrna\nrna-eu\vendor\laravel\framework\src\Illuminate\Pipeline\Pipeline.php(170): Illuminate\Routing\Router->Illuminate\Routing\{closure}(Object(Illuminate\Http\Request))
#27 C:\Users\nabra\OneDrive\Desktop\roshyara\xamp\nrna\nrna-eu\app\Http\Middleware\EnsureOrganisationMember.php(161): Illuminate\Pipeline\Pipeline->Illuminate\Pipeline\{closure}(Object(Illuminate\Http\Request))
#28 C:\Users\nabra\OneDrive\Desktop\roshyara\xamp\nrna\nrna-eu\vendor\laravel\framework\src\Illuminate\Pipeline\Pipeline.php(209): App\Http\Middleware\EnsureOrganisationMember->handle(Object(Illuminate\Http\Request), Object(Closure))
#29 C:\Users\nabra\OneDrive\Desktop\roshyara\xamp\nrna\nrna-eu\vendor\laravel\framework\src\Illuminate\Auth\Middleware\EnsureEmailIsVerified.php(41): Illuminate\Pipeline\Pipeline->Illuminate\Pipeline\{closure}(Object(Illuminate\Http\Request))
#30 C:\Users\nabra\OneDrive\Desktop\roshyara\xamp\nrna\nrna-eu\vendor\laravel\framework\src\Illuminate\Pipeline\Pipeline.php(209): Illuminate\Auth\Middleware\EnsureEmailIsVerified->handle(Object(Illuminate\Http\Request), Object(Closure))
#31 C:\Users\nabra\OneDrive\Desktop\roshyara\xamp\nrna\nrna-eu\vendor\laravel\framework\src\Illuminate\Auth\Middleware\Authenticate.php(64): Illuminate\Pipeline\Pipeline->Illuminate\Pipeline\{closure}(Object(Illuminate\Http\Request))
#32 C:\Users\nabra\OneDrive\Desktop\roshyara\xamp\nrna\nrna-eu\vendor\laravel\framework\src\Illuminate\Pipeline\Pipeline.php(209): Illuminate\Auth\Middleware\Authenticate->handle(Object(Illuminate\Http\Request), Object(Closure))
#33 C:\Users\nabra\OneDrive\Desktop\roshyara\xamp\nrna\nrna-eu\vendor\inertiajs\inertia-laravel\src\Middleware.php(86): Illuminate\Pipeline\Pipeline->Illuminate\Pipeline\{closure}(Object(Illuminate\Http\Request))
#34 C:\Users\nabra\OneDrive\Desktop\roshyara\xamp\nrna\nrna-eu\vendor\laravel\framework\src\Illuminate\Pipeline\Pipeline.php(209): Inertia\Middleware->handle(Object(Illuminate\Http\Request), Object(Closure))
#35 C:\Users\nabra\OneDrive\Desktop\roshyara\xamp\nrna\nrna-eu\app\Http\Middleware\InjectPageMeta.php(65): Illuminate\Pipeline\Pipeline->Illuminate\Pipeline\{closure}(Object(Illuminate\Http\Request))
#36 C:\Users\nabra\OneDrive\Desktop\roshyara\xamp\nrna\nrna-eu\vendor\laravel\framework\src\Illuminate\Pipeline\Pipeline.php(209): App\Http\Middleware\InjectPageMeta->handle(Object(Illuminate\Http\Request), Object(Closure))
#37 C:\Users\nabra\OneDrive\Desktop\roshyara\xamp\nrna\nrna-eu\app\Http\Middleware\SetLocale.php(59): Illuminate\Pipeline\Pipeline->Illuminate\Pipeline\{closure}(Object(Illuminate\Http\Request))
#38 C:\Users\nabra\OneDrive\Desktop\roshyara\xamp\nrna\nrna-eu\vendor\laravel\framework\src\Illuminate\Pipeline\Pipeline.php(209): App\Http\Middleware\SetLocale->handle(Object(Illuminate\Http\Request), Object(Closure))
#39 C:\Users\nabra\OneDrive\Desktop\roshyara\xamp\nrna\nrna-eu\app\Http\Middleware\PreloadAssets.php(12): Illuminate\Pipeline\Pipeline->Illuminate\Pipeline\{closure}(Object(Illuminate\Http\Request))
#40 C:\Users\nabra\OneDrive\Desktop\roshyara\xamp\nrna\nrna-eu\vendor\laravel\framework\src\Illuminate\Pipeline\Pipeline.php(209): App\Http\Middleware\PreloadAssets->handle(Object(Illuminate\Http\Request), Object(Closure))
#41 C:\Users\nabra\OneDrive\Desktop\roshyara\xamp\nrna\nrna-eu\vendor\laravel\framework\src\Illuminate\Routing\Middleware\SubstituteBindings.php(51): Illuminate\Pipeline\Pipeline->Illuminate\Pipeline\{closure}(Object(Illuminate\Http\Request))
#42 C:\Users\nabra\OneDrive\Desktop\roshyara\xamp\nrna\nrna-eu\vendor\laravel\framework\src\Illuminate\Pipeline\Pipeline.php(209): Illuminate\Routing\Middleware\SubstituteBindings->handle(Object(Illuminate\Http\Request), Object(Closure))
#43 C:\Users\nabra\OneDrive\Desktop\roshyara\xamp\nrna\nrna-eu\vendor\laravel\framework\src\Illuminate\Foundation\Http\Middleware\VerifyCsrfToken.php(88): Illuminate\Pipeline\Pipeline->Illuminate\Pipeline\{closure}(Object(Illuminate\Http\Request))
#44 C:\Users\nabra\OneDrive\Desktop\roshyara\xamp\nrna\nrna-eu\vendor\laravel\framework\src\Illuminate\Pipeline\Pipeline.php(209): Illuminate\Foundation\Http\Middleware\VerifyCsrfToken->handle(Object(Illuminate\Http\Request), Object(Closure))
#45 C:\Users\nabra\OneDrive\Desktop\roshyara\xamp\nrna\nrna-eu\vendor\laravel\framework\src\Illuminate\View\Middleware\ShareErrorsFromSession.php(49): Illuminate\Pipeline\Pipeline->Illuminate\Pipeline\{closure}(Object(Illuminate\Http\Request))
#46 C:\Users\nabra\OneDrive\Desktop\roshyara\xamp\nrna\nrna-eu\vendor\laravel\framework\src\Illuminate\Pipeline\Pipeline.php(209): Illuminate\View\Middleware\ShareErrorsFromSession->handle(Object(Illuminate\Http\Request), Object(Closure))
#47 C:\Users\nabra\OneDrive\Desktop\roshyara\xamp\nrna\nrna-eu\vendor\laravel\framework\src\Illuminate\Session\Middleware\StartSession.php(121): Illuminate\Pipeline\Pipeline->Illuminate\Pipeline\{closure}(Object(Illuminate\Http\Request))
#48 C:\Users\nabra\OneDrive\Desktop\roshyara\xamp\nrna\nrna-eu\vendor\laravel\framework\src\Illuminate\Session\Middleware\StartSession.php(64): Illuminate\Session\Middleware\StartSession->handleStatefulRequest(Object(Illuminate\Http\Request), Object(Illuminate\Session\Store), Object(Closure))
#49 C:\Users\nabra\OneDrive\Desktop\roshyara\xamp\nrna\nrna-eu\vendor\laravel\framework\src\Illuminate\Pipeline\Pipeline.php(209): Illuminate\Session\Middleware\StartSession->handle(Object(Illuminate\Http\Request), Object(Closure))
#50 C:\Users\nabra\OneDrive\Desktop\roshyara\xamp\nrna\nrna-eu\vendor\laravel\framework\src\Illuminate\Cookie\Middleware\AddQueuedCookiesToResponse.php(37): Illuminate\Pipeline\Pipeline->Illuminate\Pipeline\{closure}(Object(Illuminate\Http\Request))
#51 C:\Users\nabra\OneDrive\Desktop\roshyara\xamp\nrna\nrna-eu\vendor\laravel\framework\src\Illuminate\Pipeline\Pipeline.php(209): Illuminate\Cookie\Middleware\AddQueuedCookiesToResponse->handle(Object(Illuminate\Http\Request), Object(Closure))
#52 C:\Users\nabra\OneDrive\Desktop\roshyara\xamp\nrna\nrna-eu\vendor\laravel\framework\src\Illuminate\Cookie\Middleware\EncryptCookies.php(75): Illuminate\Pipeline\Pipeline->Illuminate\Pipeline\{closure}(Object(Illuminate\Http\Request))
#53 C:\Users\nabra\OneDrive\Desktop\roshyara\xamp\nrna\nrna-eu\vendor\laravel\framework\src\Illuminate\Pipeline\Pipeline.php(209): Illuminate\Cookie\Middleware\EncryptCookies->handle(Object(Illuminate\Http\Request), Object(Closure))
#54 C:\Users\nabra\OneDrive\Desktop\roshyara\xamp\nrna\nrna-eu\vendor\laravel\framework\src\Illuminate\Pipeline\Pipeline.php(127): Illuminate\Pipeline\Pipeline->Illuminate\Pipeline\{closure}(Object(Illuminate\Http\Request))
#55 C:\Users\nabra\OneDrive\Desktop\roshyara\xamp\nrna\nrna-eu\vendor\laravel\framework\src\Illuminate\Routing\Router.php(807): Illuminate\Pipeline\Pipeline->then(Object(Closure))
#56 C:\Users\nabra\OneDrive\Desktop\roshyara\xamp\nrna\nrna-eu\vendor\laravel\framework\src\Illuminate\Routing\Router.php(786): Illuminate\Routing\Router->runRouteWithinStack(Object(Illuminate\Routing\Route), Object(Illuminate\Http\Request))
#57 C:\Users\nabra\OneDrive\Desktop\roshyara\xamp\nrna\nrna-eu\vendor\laravel\framework\src\Illuminate\Routing\Router.php(750): Illuminate\Routing\Router->runRoute(Object(Illuminate\Http\Request), Object(Illuminate\Routing\Route))
#58 C:\Users\nabra\OneDrive\Desktop\roshyara\xamp\nrna\nrna-eu\vendor\laravel\framework\src\Illuminate\Routing\Router.php(739): Illuminate\Routing\Router->dispatchToRoute(Object(Illuminate\Http\Request))
#59 C:\Users\nabra\OneDrive\Desktop\roshyara\xamp\nrna\nrna-eu\vendor\laravel\framework\src\Illuminate\Foundation\Http\Kernel.php(201): Illuminate\Routing\Router->dispatch(Object(Illuminate\Http\Request))
#60 C:\Users\nabra\OneDrive\Desktop\roshyara\xamp\nrna\nrna-eu\vendor\laravel\framework\src\Illuminate\Pipeline\Pipeline.php(170): Illuminate\Foundation\Http\Kernel->Illuminate\Foundation\Http\{closure}(Object(Illuminate\Http\Request))
#61 C:\Users\nabra\OneDrive\Desktop\roshyara\xamp\nrna\nrna-eu\app\Http\Middleware\TrackPerformance.php(28): Illuminate\Pipeline\Pipeline->Illuminate\Pipeline\{closure}(Object(Illuminate\Http\Request))
#62 C:\Users\nabra\OneDrive\Desktop\roshyara\xamp\nrna\nrna-eu\vendor\laravel\framework\src\Illuminate\Pipeline\Pipeline.php(209): App\Http\Middleware\TrackPerformance->handle(Object(Illuminate\Http\Request), Object(Closure))
#63 C:\Users\nabra\OneDrive\Desktop\roshyara\xamp\nrna\nrna-eu\vendor\laravel\framework\src\Illuminate\Foundation\Http\Middleware\TransformsRequest.php(21): Illuminate\Pipeline\Pipeline->Illuminate\Pipeline\{closure}(Object(Illuminate\Http\Request))
#64 C:\Users\nabra\OneDrive\Desktop\roshyara\xamp\nrna\nrna-eu\vendor\laravel\framework\src\Illuminate\Foundation\Http\Middleware\ConvertEmptyStringsToNull.php(31): Illuminate\Foundation\Http\Middleware\TransformsRequest->handle(Object(Illuminate\Http\Request), Object(Closure))
#65 C:\Users\nabra\OneDrive\Desktop\roshyara\xamp\nrna\nrna-eu\vendor\laravel\framework\src\Illuminate\Pipeline\Pipeline.php(209): Illuminate\Foundation\Http\Middleware\ConvertEmptyStringsToNull->handle(Object(Illuminate\Http\Request), Object(Closure))
#66 C:\Users\nabra\OneDrive\Desktop\roshyara\xamp\nrna\nrna-eu\vendor\laravel\framework\src\Illuminate\Foundation\Http\Middleware\TransformsRequest.php(21): Illuminate\Pipeline\Pipeline->Illuminate\Pipeline\{closure}(Object(Illuminate\Http\Request))
#67 C:\Users\nabra\OneDrive\Desktop\roshyara\xamp\nrna\nrna-eu\vendor\laravel\framework\src\Illuminate\Foundation\Http\Middleware\TrimStrings.php(51): Illuminate\Foundation\Http\Middleware\TransformsRequest->handle(Object(Illuminate\Http\Request), Object(Closure))
#68 C:\Users\nabra\OneDrive\Desktop\roshyara\xamp\nrna\nrna-eu\vendor\laravel\framework\src\Illuminate\Pipeline\Pipeline.php(209): Illuminate\Foundation\Http\Middleware\TrimStrings->handle(Object(Illuminate\Http\Request), Object(Closure))
#69 C:\Users\nabra\OneDrive\Desktop\roshyara\xamp\nrna\nrna-eu\vendor\laravel\framework\src\Illuminate\Http\Middleware\ValidatePostSize.php(27): Illuminate\Pipeline\Pipeline->Illuminate\Pipeline\{closure}(Object(Illuminate\Http\Request))
#70 C:\Users\nabra\OneDrive\Desktop\roshyara\xamp\nrna\nrna-eu\vendor\laravel\framework\src\Illuminate\Pipeline\Pipeline.php(209): Illuminate\Http\Middleware\ValidatePostSize->handle(Object(Illuminate\Http\Request), Object(Closure))
#71 C:\Users\nabra\OneDrive\Desktop\roshyara\xamp\nrna\nrna-eu\vendor\laravel\framework\src\Illuminate\Foundation\Http\Middleware\PreventRequestsDuringMaintenance.php(110): Illuminate\Pipeline\Pipeline->Illuminate\Pipeline\{closure}(Object(Illuminate\Http\Request))
#72 C:\Users\nabra\OneDrive\Desktop\roshyara\xamp\nrna\nrna-eu\vendor\laravel\framework\src\Illuminate\Pipeline\Pipeline.php(209): Illuminate\Foundation\Http\Middleware\PreventRequestsDuringMaintenance->handle(Object(Illuminate\Http\Request), Object(Closure))
#73 C:\Users\nabra\OneDrive\Desktop\roshyara\xamp\nrna\nrna-eu\vendor\laravel\framework\src\Illuminate\Http\Middleware\HandleCors.php(49): Illuminate\Pipeline\Pipeline->Illuminate\Pipeline\{closure}(Object(Illuminate\Http\Request))
#74 C:\Users\nabra\OneDrive\Desktop\roshyara\xamp\nrna\nrna-eu\vendor\laravel\framework\src\Illuminate\Pipeline\Pipeline.php(209): Illuminate\Http\Middleware\HandleCors->handle(Object(Illuminate\Http\Request), Object(Closure))
#75 C:\Users\nabra\OneDrive\Desktop\roshyara\xamp\nrna\nrna-eu\vendor\laravel\framework\src\Illuminate\Http\Middleware\TrustProxies.php(58): Illuminate\Pipeline\Pipeline->Illuminate\Pipeline\{closure}(Object(Illuminate\Http\Request))
#76 C:\Users\nabra\OneDrive\Desktop\roshyara\xamp\nrna\nrna-eu\vendor\laravel\framework\src\Illuminate\Pipeline\Pipeline.php(209): Illuminate\Http\Middleware\TrustProxies->handle(Object(Illuminate\Http\Request), Object(Closure))
#77 C:\Users\nabra\OneDrive\Desktop\roshyara\xamp\nrna\nrna-eu\vendor\laravel\framework\src\Illuminate\Foundation\Http\Middleware\InvokeDeferredCallbacks.php(22): Illuminate\Pipeline\Pipeline->Illuminate\Pipeline\{closure}(Object(Illuminate\Http\Request))
#78 C:\Users\nabra\OneDrive\Desktop\roshyara\xamp\nrna\nrna-eu\vendor\laravel\framework\src\Illuminate\Pipeline\Pipeline.php(209): Illuminate\Foundation\Http\Middleware\InvokeDeferredCallbacks->handle(Object(Illuminate\Http\Request), Object(Closure))
#79 C:\Users\nabra\OneDrive\Desktop\roshyara\xamp\nrna\nrna-eu\vendor\laravel\framework\src\Illuminate\Pipeline\Pipeline.php(127): Illuminate\Pipeline\Pipeline->Illuminate\Pipeline\{closure}(Object(Illuminate\Http\Request))
#80 C:\Users\nabra\OneDrive\Desktop\roshyara\xamp\nrna\nrna-eu\vendor\laravel\framework\src\Illuminate\Foundation\Http\Kernel.php(176): Illuminate\Pipeline\Pipeline->then(Object(Closure))
#81 C:\Users\nabra\OneDrive\Desktop\roshyara\xamp\nrna\nrna-eu\vendor\laravel\framework\src\Illuminate\Foundation\Http\Kernel.php(145): Illuminate\Foundation\Http\Kernel->sendRequestThroughRouter(Object(Illuminate\Http\Request))
#82 C:\Users\nabra\OneDrive\Desktop\roshyara\xamp\nrna\nrna-eu\vendor\laravel\framework\src\Illuminate\Foundation\Testing\Concerns\MakesHttpRequests.php(607): Illuminate\Foundation\Http\Kernel->handle(Object(Illuminate\Http\Request))
#83 C:\Users\nabra\OneDrive\Desktop\roshyara\xamp\nrna\nrna-eu\vendor\laravel\framework\src\Illuminate\Foundation\Testing\Concerns\MakesHttpRequests.php(397): Illuminate\Foundation\Testing\TestCase->call('POST', 'http://localhos...', Array, Array, Array, Array)
#84 C:\Users\nabra\OneDrive\Desktop\roshyara\xamp\nrna\nrna-eu\tests\Feature\Membership\MembershipFeeControllerPayTest.php(256): Illuminate\Foundation\Testing\TestCase->post('http://localhos...', Array)
#85 C:\Users\nabra\OneDrive\Desktop\roshyara\xamp\nrna\nrna-eu\vendor\phpunit\phpunit\src\Framework\TestCase.php(1235): Tests\Feature\Membership\MembershipFeeControllerPayTest->test_pay_rejects_duplicate_payment_on_already_paid_fee()
#86 C:\Users\nabra\OneDrive\Desktop\roshyara\xamp\nrna\nrna-eu\vendor\phpunit\phpunit\src\Framework\TestCase.php(514): PHPUnit\Framework\TestCase->runTest()
#87 C:\Users\nabra\OneDrive\Desktop\roshyara\xamp\nrna\nrna-eu\vendor\phpunit\phpunit\src\Framework\TestRunner\TestRunner.php(87): PHPUnit\Framework\TestCase->runBare()
#88 C:\Users\nabra\OneDrive\Desktop\roshyara\xamp\nrna\nrna-eu\vendor\phpunit\phpunit\src\Framework\TestCase.php(361): PHPUnit\Framework\TestRunner->run(Object(Tests\Feature\Membership\MembershipFeeControllerPayTest))
#89 C:\Users\nabra\OneDrive\Desktop\roshyara\xamp\nrna\nrna-eu\vendor\phpunit\phpunit\src\Framework\TestSuite.php(369): PHPUnit\Framework\TestCase->run()
#90 C:\Users\nabra\OneDrive\Desktop\roshyara\xamp\nrna\nrna-eu\vendor\phpunit\phpunit\src\Framework\TestSuite.php(369): PHPUnit\Framework\TestSuite->run()
#91 C:\Users\nabra\OneDrive\Desktop\roshyara\xamp\nrna\nrna-eu\vendor\phpunit\phpunit\src\Framework\TestSuite.php(369): PHPUnit\Framework\TestSuite->run()
#92 C:\Users\nabra\OneDrive\Desktop\roshyara\xamp\nrna\nrna-eu\vendor\phpunit\phpunit\src\TextUI\TestRunner.php(64): PHPUnit\Framework\TestSuite->run()
#93 C:\Users\nabra\OneDrive\Desktop\roshyara\xamp\nrna\nrna-eu\vendor\phpunit\phpunit\src\TextUI\Application.php(210): PHPUnit\TextUI\TestRunner->run(Object(PHPUnit\TextUI\Configuration\Configuration), Object(PHPUnit\Runner\ResultCache\DefaultResultCache), Object(PHPUnit\Framework\TestSuite))
#94 C:\Users\nabra\OneDrive\Desktop\roshyara\xamp\nrna\nrna-eu\vendor\phpunit\phpunit\phpunit(104): PHPUnit\TextUI\Application->run(Array)
#95 {main}

Next Illuminate\Database\QueryException: SQLSTATE[42703]: Undefined column: 7 FEHLER:  Spalte »currency« von Relation »membership_payments« existiert nicht
LINE 1: ...ember_id", "fee_id", "organisation_id", "amount", "currency"...
                                                             ^ (Connection: pgsql, SQL: insert into "membership_payments" ("member_id", "fee_id", "organisation_id", "amount", "currency", "payment_method", "payment_reference", "status", "recorded_by", "paid_at", "id", "updated_at", "created_at") values (a1e8ebf7-64bc-41e9-a435-fb7d6a4ab460, a1e8ebf7-6967-4f1a-8447-cb48dbc31e28, a1e8ebf7-4b7e-4f0e-aa7e-538556f11a55, 100, EUR, bank_transfer, ?, completed, a1e8ebf7-566f-4687-88ea-7969afbf1ebf, 2026-05-31 08:53:53, a1e8ebf7-90fe-4496-b92a-125c3de0472d, 2026-05-31 08:53:53, 2026-05-31 08:53:53)) in C:\Users\nabra\OneDrive\Desktop\roshyara\xamp\nrna\nrna-eu\vendor\laravel\framework\src\Illuminate\Database\Connection.php:825
Stack trace:
#0 C:\Users\nabra\OneDrive\Desktop\roshyara\xamp\nrna\nrna-eu\vendor\laravel\framework\src\Illuminate\Database\Connection.php(779): Illuminate\Database\Connection->runQueryCallback('insert into "me...', Array, Object(Closure))
#1 C:\Users\nabra\OneDrive\Desktop\roshyara\xamp\nrna\nrna-eu\vendor\laravel\framework\src\Illuminate\Database\Connection.php(560): Illuminate\Database\Connection->run('insert into "me...', Array, Object(Closure))
#2 C:\Users\nabra\OneDrive\Desktop\roshyara\xamp\nrna\nrna-eu\vendor\laravel\framework\src\Illuminate\Database\Connection.php(524): Illuminate\Database\Connection->statement('insert into "me...', Array)
#3 C:\Users\nabra\OneDrive\Desktop\roshyara\xamp\nrna\nrna-eu\vendor\laravel\framework\src\Illuminate\Database\Query\Builder.php(3748): Illuminate\Database\Connection->insert('insert into "me...', Array)
#4 C:\Users\nabra\OneDrive\Desktop\roshyara\xamp\nrna\nrna-eu\vendor\laravel\framework\src\Illuminate\Database\Eloquent\Builder.php(2099): Illuminate\Database\Query\Builder->insert(Array)
#5 C:\Users\nabra\OneDrive\Desktop\roshyara\xamp\nrna\nrna-eu\vendor\laravel\framework\src\Illuminate\Database\Eloquent\Model.php(1335): Illuminate\Database\Eloquent\Builder->__call('insert', Array)
#6 C:\Users\nabra\OneDrive\Desktop\roshyara\xamp\nrna\nrna-eu\vendor\laravel\framework\src\Illuminate\Database\Eloquent\Model.php(1163): Illuminate\Database\Eloquent\Model->performInsert(Object(Illuminate\Database\Eloquent\Builder))
#7 C:\Users\nabra\OneDrive\Desktop\roshyara\xamp\nrna\nrna-eu\vendor\laravel\framework\src\Illuminate\Database\Eloquent\Builder.php(1107): Illuminate\Database\Eloquent\Model->save()
#8 C:\Users\nabra\OneDrive\Desktop\roshyara\xamp\nrna\nrna-eu\vendor\laravel\framework\src\Illuminate\Support\helpers.php(399): Illuminate\Database\Eloquent\Builder->Illuminate\Database\Eloquent\{closure}(Object(App\Models\MembershipPayment))
#9 C:\Users\nabra\OneDrive\Desktop\roshyara\xamp\nrna\nrna-eu\vendor\laravel\framework\src\Illuminate\Database\Eloquent\Builder.php(1106): tap(Object(App\Models\MembershipPayment), Object(Closure))
#10 C:\Users\nabra\OneDrive\Desktop\roshyara\xamp\nrna\nrna-eu\vendor\laravel\framework\src\Illuminate\Support\Traits\ForwardsCalls.php(23): Illuminate\Database\Eloquent\Builder->create(Array)
#11 C:\Users\nabra\OneDrive\Desktop\roshyara\xamp\nrna\nrna-eu\vendor\laravel\framework\src\Illuminate\Database\Eloquent\Model.php(2368): Illuminate\Database\Eloquent\Model->forwardCallTo(Object(Illuminate\Database\Eloquent\Builder), 'create', Array)
#12 C:\Users\nabra\OneDrive\Desktop\roshyara\xamp\nrna\nrna-eu\vendor\laravel\framework\src\Illuminate\Database\Eloquent\Model.php(2380): Illuminate\Database\Eloquent\Model->__call('create', Array)
#13 C:\Users\nabra\OneDrive\Desktop\roshyara\xamp\nrna\nrna-eu\app\Services\MembershipPaymentService.php(52): Illuminate\Database\Eloquent\Model::__callStatic('create', Array)
#14 C:\Users\nabra\OneDrive\Desktop\roshyara\xamp\nrna\nrna-eu\vendor\laravel\framework\src\Illuminate\Database\Concerns\ManagesTransactions.php(32): App\Services\MembershipPaymentService->App\Services\{closure}(Object(Illuminate\Database\PostgresConnection))
#15 C:\Users\nabra\OneDrive\Desktop\roshyara\xamp\nrna\nrna-eu\vendor\laravel\framework\src\Illuminate\Database\DatabaseManager.php(495): Illuminate\Database\Connection->transaction(Object(Closure))
#16 C:\Users\nabra\OneDrive\Desktop\roshyara\xamp\nrna\nrna-eu\vendor\laravel\framework\src\Illuminate\Support\Facades\Facade.php(361): Illuminate\Database\DatabaseManager->__call('transaction', Array)
#17 C:\Users\nabra\OneDrive\Desktop\roshyara\xamp\nrna\nrna-eu\app\Services\MembershipPaymentService.php(42): Illuminate\Support\Facades\Facade::__callStatic('transaction', Array)
#18 C:\Users\nabra\OneDrive\Desktop\roshyara\xamp\nrna\nrna-eu\app\Http\Controllers\Membership\MembershipFeeController.php(126): App\Services\MembershipPaymentService->recordPayment(Object(App\Models\Member), Object(App\Models\MembershipFee), Object(App\Domain\Shared\ValueObjects\Money), 'bank_transfer', NULL)
#19 C:\Users\nabra\OneDrive\Desktop\roshyara\xamp\nrna\nrna-eu\vendor\laravel\framework\src\Illuminate\Routing\Controller.php(54): App\Http\Controllers\Membership\MembershipFeeController->pay(Object(Illuminate\Http\Request), Object(App\Models\Organisation), Object(App\Models\Member), Object(App\Models\MembershipFee), Object(App\Services\MembershipPaymentService))
#20 C:\Users\nabra\OneDrive\Desktop\roshyara\xamp\nrna\nrna-eu\vendor\laravel\framework\src\Illuminate\Routing\ControllerDispatcher.php(44): Illuminate\Routing\Controller->callAction('pay', Array)
#21 C:\Users\nabra\OneDrive\Desktop\roshyara\xamp\nrna\nrna-eu\vendor\laravel\framework\src\Illuminate\Routing\Route.php(266): Illuminate\Routing\ControllerDispatcher->dispatch(Object(Illuminate\Routing\Route), Object(App\Http\Controllers\Membership\MembershipFeeController), 'pay')
#22 C:\Users\nabra\OneDrive\Desktop\roshyara\xamp\nrna\nrna-eu\vendor\laravel\framework\src\Illuminate\Routing\Route.php(212): Illuminate\Routing\Route->runController()
#23 C:\Users\nabra\OneDrive\Desktop\roshyara\xamp\nrna\nrna-eu\vendor\laravel\framework\src\Illuminate\Routing\Router.php(808): Illuminate\Routing\Route->run()
#24 C:\Users\nabra\OneDrive\Desktop\roshyara\xamp\nrna\nrna-eu\vendor\laravel\framework\src\Illuminate\Pipeline\Pipeline.php(170): Illuminate\Routing\Router->Illuminate\Routing\{closure}(Object(Illuminate\Http\Request))
#25 C:\Users\nabra\OneDrive\Desktop\roshyara\xamp\nrna\nrna-eu\app\Http\Middleware\EnsureOrganisationMember.php(161): Illuminate\Pipeline\Pipeline->Illuminate\Pipeline\{closure}(Object(Illuminate\Http\Request))
#26 C:\Users\nabra\OneDrive\Desktop\roshyara\xamp\nrna\nrna-eu\vendor\laravel\framework\src\Illuminate\Pipeline\Pipeline.php(209): App\Http\Middleware\EnsureOrganisationMember->handle(Object(Illuminate\Http\Request), Object(Closure))
#27 C:\Users\nabra\OneDrive\Desktop\roshyara\xamp\nrna\nrna-eu\vendor\laravel\framework\src\Illuminate\Auth\Middleware\EnsureEmailIsVerified.php(41): Illuminate\Pipeline\Pipeline->Illuminate\Pipeline\{closure}(Object(Illuminate\Http\Request))
#28 C:\Users\nabra\OneDrive\Desktop\roshyara\xamp\nrna\nrna-eu\vendor\laravel\framework\src\Illuminate\Pipeline\Pipeline.php(209): Illuminate\Auth\Middleware\EnsureEmailIsVerified->handle(Object(Illuminate\Http\Request), Object(Closure))
#29 C:\Users\nabra\OneDrive\Desktop\roshyara\xamp\nrna\nrna-eu\vendor\laravel\framework\src\Illuminate\Auth\Middleware\Authenticate.php(64): Illuminate\Pipeline\Pipeline->Illuminate\Pipeline\{closure}(Object(Illuminate\Http\Request))
#30 C:\Users\nabra\OneDrive\Desktop\roshyara\xamp\nrna\nrna-eu\vendor\laravel\framework\src\Illuminate\Pipeline\Pipeline.php(209): Illuminate\Auth\Middleware\Authenticate->handle(Object(Illuminate\Http\Request), Object(Closure))
#31 C:\Users\nabra\OneDrive\Desktop\roshyara\xamp\nrna\nrna-eu\vendor\inertiajs\inertia-laravel\src\Middleware.php(86): Illuminate\Pipeline\Pipeline->Illuminate\Pipeline\{closure}(Object(Illuminate\Http\Request))
#32 C:\Users\nabra\OneDrive\Desktop\roshyara\xamp\nrna\nrna-eu\vendor\laravel\framework\src\Illuminate\Pipeline\Pipeline.php(209): Inertia\Middleware->handle(Object(Illuminate\Http\Request), Object(Closure))
#33 C:\Users\nabra\OneDrive\Desktop\roshyara\xamp\nrna\nrna-eu\app\Http\Middleware\InjectPageMeta.php(65): Illuminate\Pipeline\Pipeline->Illuminate\Pipeline\{closure}(Object(Illuminate\Http\Request))
#34 C:\Users\nabra\OneDrive\Desktop\roshyara\xamp\nrna\nrna-eu\vendor\laravel\framework\src\Illuminate\Pipeline\Pipeline.php(209): App\Http\Middleware\InjectPageMeta->handle(Object(Illuminate\Http\Request), Object(Closure))
#35 C:\Users\nabra\OneDrive\Desktop\roshyara\xamp\nrna\nrna-eu\app\Http\Middleware\SetLocale.php(59): Illuminate\Pipeline\Pipeline->Illuminate\Pipeline\{closure}(Object(Illuminate\Http\Request))
#36 C:\Users\nabra\OneDrive\Desktop\roshyara\xamp\nrna\nrna-eu\vendor\laravel\framework\src\Illuminate\Pipeline\Pipeline.php(209): App\Http\Middleware\SetLocale->handle(Object(Illuminate\Http\Request), Object(Closure))
#37 C:\Users\nabra\OneDrive\Desktop\roshyara\xamp\nrna\nrna-eu\app\Http\Middleware\PreloadAssets.php(12): Illuminate\Pipeline\Pipeline->Illuminate\Pipeline\{closure}(Object(Illuminate\Http\Request))
#38 C:\Users\nabra\OneDrive\Desktop\roshyara\xamp\nrna\nrna-eu\vendor\laravel\framework\src\Illuminate\Pipeline\Pipeline.php(209): App\Http\Middleware\PreloadAssets->handle(Object(Illuminate\Http\Request), Object(Closure))
#39 C:\Users\nabra\OneDrive\Desktop\roshyara\xamp\nrna\nrna-eu\vendor\laravel\framework\src\Illuminate\Routing\Middleware\SubstituteBindings.php(51): Illuminate\Pipeline\Pipeline->Illuminate\Pipeline\{closure}(Object(Illuminate\Http\Request))
#40 C:\Users\nabra\OneDrive\Desktop\roshyara\xamp\nrna\nrna-eu\vendor\laravel\framework\src\Illuminate\Pipeline\Pipeline.php(209): Illuminate\Routing\Middleware\SubstituteBindings->handle(Object(Illuminate\Http\Request), Object(Closure))
#41 C:\Users\nabra\OneDrive\Desktop\roshyara\xamp\nrna\nrna-eu\vendor\laravel\framework\src\Illuminate\Foundation\Http\Middleware\VerifyCsrfToken.php(88): Illuminate\Pipeline\Pipeline->Illuminate\Pipeline\{closure}(Object(Illuminate\Http\Request))
#42 C:\Users\nabra\OneDrive\Desktop\roshyara\xamp\nrna\nrna-eu\vendor\laravel\framework\src\Illuminate\Pipeline\Pipeline.php(209): Illuminate\Foundation\Http\Middleware\VerifyCsrfToken->handle(Object(Illuminate\Http\Request), Object(Closure))
#43 C:\Users\nabra\OneDrive\Desktop\roshyara\xamp\nrna\nrna-eu\vendor\laravel\framework\src\Illuminate\View\Middleware\ShareErrorsFromSession.php(49): Illuminate\Pipeline\Pipeline->Illuminate\Pipeline\{closure}(Object(Illuminate\Http\Request))
#44 C:\Users\nabra\OneDrive\Desktop\roshyara\xamp\nrna\nrna-eu\vendor\laravel\framework\src\Illuminate\Pipeline\Pipeline.php(209): Illuminate\View\Middleware\ShareErrorsFromSession->handle(Object(Illuminate\Http\Request), Object(Closure))
#45 C:\Users\nabra\OneDrive\Desktop\roshyara\xamp\nrna\nrna-eu\vendor\laravel\framework\src\Illuminate\Session\Middleware\StartSession.php(121): Illuminate\Pipeline\Pipeline->Illuminate\Pipeline\{closure}(Object(Illuminate\Http\Request))
#46 C:\Users\nabra\OneDrive\Desktop\roshyara\xamp\nrna\nrna-eu\vendor\laravel\framework\src\Illuminate\Session\Middleware\StartSession.php(64): Illuminate\Session\Middleware\StartSession->handleStatefulRequest(Object(Illuminate\Http\Request), Object(Illuminate\Session\Store), Object(Closure))
#47 C:\Users\nabra\OneDrive\Desktop\roshyara\xamp\nrna\nrna-eu\vendor\laravel\framework\src\Illuminate\Pipeline\Pipeline.php(209): Illuminate\Session\Middleware\StartSession->handle(Object(Illuminate\Http\Request), Object(Closure))
#48 C:\Users\nabra\OneDrive\Desktop\roshyara\xamp\nrna\nrna-eu\vendor\laravel\framework\src\Illuminate\Cookie\Middleware\AddQueuedCookiesToResponse.php(37): Illuminate\Pipeline\Pipeline->Illuminate\Pipeline\{closure}(Object(Illuminate\Http\Request))
#49 C:\Users\nabra\OneDrive\Desktop\roshyara\xamp\nrna\nrna-eu\vendor\laravel\framework\src\Illuminate\Pipeline\Pipeline.php(209): Illuminate\Cookie\Middleware\AddQueuedCookiesToResponse->handle(Object(Illuminate\Http\Request), Object(Closure))
#50 C:\Users\nabra\OneDrive\Desktop\roshyara\xamp\nrna\nrna-eu\vendor\laravel\framework\src\Illuminate\Cookie\Middleware\EncryptCookies.php(75): Illuminate\Pipeline\Pipeline->Illuminate\Pipeline\{closure}(Object(Illuminate\Http\Request))
#51 C:\Users\nabra\OneDrive\Desktop\roshyara\xamp\nrna\nrna-eu\vendor\laravel\framework\src\Illuminate\Pipeline\Pipeline.php(209): Illuminate\Cookie\Middleware\EncryptCookies->handle(Object(Illuminate\Http\Request), Object(Closure))
#52 C:\Users\nabra\OneDrive\Desktop\roshyara\xamp\nrna\nrna-eu\vendor\laravel\framework\src\Illuminate\Pipeline\Pipeline.php(127): Illuminate\Pipeline\Pipeline->Illuminate\Pipeline\{closure}(Object(Illuminate\Http\Request))
#53 C:\Users\nabra\OneDrive\Desktop\roshyara\xamp\nrna\nrna-eu\vendor\laravel\framework\src\Illuminate\Routing\Router.php(807): Illuminate\Pipeline\Pipeline->then(Object(Closure))
#54 C:\Users\nabra\OneDrive\Desktop\roshyara\xamp\nrna\nrna-eu\vendor\laravel\framework\src\Illuminate\Routing\Router.php(786): Illuminate\Routing\Router->runRouteWithinStack(Object(Illuminate\Routing\Route), Object(Illuminate\Http\Request))
#55 C:\Users\nabra\OneDrive\Desktop\roshyara\xamp\nrna\nrna-eu\vendor\laravel\framework\src\Illuminate\Routing\Router.php(750): Illuminate\Routing\Router->runRoute(Object(Illuminate\Http\Request), Object(Illuminate\Routing\Route))
#56 C:\Users\nabra\OneDrive\Desktop\roshyara\xamp\nrna\nrna-eu\vendor\laravel\framework\src\Illuminate\Routing\Router.php(739): Illuminate\Routing\Router->dispatchToRoute(Object(Illuminate\Http\Request))
#57 C:\Users\nabra\OneDrive\Desktop\roshyara\xamp\nrna\nrna-eu\vendor\laravel\framework\src\Illuminate\Foundation\Http\Kernel.php(201): Illuminate\Routing\Router->dispatch(Object(Illuminate\Http\Request))
#58 C:\Users\nabra\OneDrive\Desktop\roshyara\xamp\nrna\nrna-eu\vendor\laravel\framework\src\Illuminate\Pipeline\Pipeline.php(170): Illuminate\Foundation\Http\Kernel->Illuminate\Foundation\Http\{closure}(Object(Illuminate\Http\Request))
#59 C:\Users\nabra\OneDrive\Desktop\roshyara\xamp\nrna\nrna-eu\app\Http\Middleware\TrackPerformance.php(28): Illuminate\Pipeline\Pipeline->Illuminate\Pipeline\{closure}(Object(Illuminate\Http\Request))
#60 C:\Users\nabra\OneDrive\Desktop\roshyara\xamp\nrna\nrna-eu\vendor\laravel\framework\src\Illuminate\Pipeline\Pipeline.php(209): App\Http\Middleware\TrackPerformance->handle(Object(Illuminate\Http\Request), Object(Closure))
#61 C:\Users\nabra\OneDrive\Desktop\roshyara\xamp\nrna\nrna-eu\vendor\laravel\framework\src\Illuminate\Foundation\Http\Middleware\TransformsRequest.php(21): Illuminate\Pipeline\Pipeline->Illuminate\Pipeline\{closure}(Object(Illuminate\Http\Request))
#62 C:\Users\nabra\OneDrive\Desktop\roshyara\xamp\nrna\nrna-eu\vendor\laravel\framework\src\Illuminate\Foundation\Http\Middleware\ConvertEmptyStringsToNull.php(31): Illuminate\Foundation\Http\Middleware\TransformsRequest->handle(Object(Illuminate\Http\Request), Object(Closure))
#63 C:\Users\nabra\OneDrive\Desktop\roshyara\xamp\nrna\nrna-eu\vendor\laravel\framework\src\Illuminate\Pipeline\Pipeline.php(209): Illuminate\Foundation\Http\Middleware\ConvertEmptyStringsToNull->handle(Object(Illuminate\Http\Request), Object(Closure))
#64 C:\Users\nabra\OneDrive\Desktop\roshyara\xamp\nrna\nrna-eu\vendor\laravel\framework\src\Illuminate\Foundation\Http\Middleware\TransformsRequest.php(21): Illuminate\Pipeline\Pipeline->Illuminate\Pipeline\{closure}(Object(Illuminate\Http\Request))
#65 C:\Users\nabra\OneDrive\Desktop\roshyara\xamp\nrna\nrna-eu\vendor\laravel\framework\src\Illuminate\Foundation\Http\Middleware\TrimStrings.php(51): Illuminate\Foundation\Http\Middleware\TransformsRequest->handle(Object(Illuminate\Http\Request), Object(Closure))
#66 C:\Users\nabra\OneDrive\Desktop\roshyara\xamp\nrna\nrna-eu\vendor\laravel\framework\src\Illuminate\Pipeline\Pipeline.php(209): Illuminate\Foundation\Http\Middleware\TrimStrings->handle(Object(Illuminate\Http\Request), Object(Closure))
#67 C:\Users\nabra\OneDrive\Desktop\roshyara\xamp\nrna\nrna-eu\vendor\laravel\framework\src\Illuminate\Http\Middleware\ValidatePostSize.php(27): Illuminate\Pipeline\Pipeline->Illuminate\Pipeline\{closure}(Object(Illuminate\Http\Request))
#68 C:\Users\nabra\OneDrive\Desktop\roshyara\xamp\nrna\nrna-eu\vendor\laravel\framework\src\Illuminate\Pipeline\Pipeline.php(209): Illuminate\Http\Middleware\ValidatePostSize->handle(Object(Illuminate\Http\Request), Object(Closure))
#69 C:\Users\nabra\OneDrive\Desktop\roshyara\xamp\nrna\nrna-eu\vendor\laravel\framework\src\Illuminate\Foundation\Http\Middleware\PreventRequestsDuringMaintenance.php(110): Illuminate\Pipeline\Pipeline->Illuminate\Pipeline\{closure}(Object(Illuminate\Http\Request))
#70 C:\Users\nabra\OneDrive\Desktop\roshyara\xamp\nrna\nrna-eu\vendor\laravel\framework\src\Illuminate\Pipeline\Pipeline.php(209): Illuminate\Foundation\Http\Middleware\PreventRequestsDuringMaintenance->handle(Object(Illuminate\Http\Request), Object(Closure))
#71 C:\Users\nabra\OneDrive\Desktop\roshyara\xamp\nrna\nrna-eu\vendor\laravel\framework\src\Illuminate\Http\Middleware\HandleCors.php(49): Illuminate\Pipeline\Pipeline->Illuminate\Pipeline\{closure}(Object(Illuminate\Http\Request))
#72 C:\Users\nabra\OneDrive\Desktop\roshyara\xamp\nrna\nrna-eu\vendor\laravel\framework\src\Illuminate\Pipeline\Pipeline.php(209): Illuminate\Http\Middleware\HandleCors->handle(Object(Illuminate\Http\Request), Object(Closure))
#73 C:\Users\nabra\OneDrive\Desktop\roshyara\xamp\nrna\nrna-eu\vendor\laravel\framework\src\Illuminate\Http\Middleware\TrustProxies.php(58): Illuminate\Pipeline\Pipeline->Illuminate\Pipeline\{closure}(Object(Illuminate\Http\Request))
#74 C:\Users\nabra\OneDrive\Desktop\roshyara\xamp\nrna\nrna-eu\vendor\laravel\framework\src\Illuminate\Pipeline\Pipeline.php(209): Illuminate\Http\Middleware\TrustProxies->handle(Object(Illuminate\Http\Request), Object(Closure))
#75 C:\Users\nabra\OneDrive\Desktop\roshyara\xamp\nrna\nrna-eu\vendor\laravel\framework\src\Illuminate\Foundation\Http\Middleware\InvokeDeferredCallbacks.php(22): Illuminate\Pipeline\Pipeline->Illuminate\Pipeline\{closure}(Object(Illuminate\Http\Request))
#76 C:\Users\nabra\OneDrive\Desktop\roshyara\xamp\nrna\nrna-eu\vendor\laravel\framework\src\Illuminate\Pipeline\Pipeline.php(209): Illuminate\Foundation\Http\Middleware\InvokeDeferredCallbacks->handle(Object(Illuminate\Http\Request), Object(Closure))
#77 C:\Users\nabra\OneDrive\Desktop\roshyara\xamp\nrna\nrna-eu\vendor\laravel\framework\src\Illuminate\Pipeline\Pipeline.php(127): Illuminate\Pipeline\Pipeline->Illuminate\Pipeline\{closure}(Object(Illuminate\Http\Request))
#78 C:\Users\nabra\OneDrive\Desktop\roshyara\xamp\nrna\nrna-eu\vendor\laravel\framework\src\Illuminate\Foundation\Http\Kernel.php(176): Illuminate\Pipeline\Pipeline->then(Object(Closure))
#79 C:\Users\nabra\OneDrive\Desktop\roshyara\xamp\nrna\nrna-eu\vendor\laravel\framework\src\Illuminate\Foundation\Http\Kernel.php(145): Illuminate\Foundation\Http\Kernel->sendRequestThroughRouter(Object(Illuminate\Http\Request))
#80 C:\Users\nabra\OneDrive\Desktop\roshyara\xamp\nrna\nrna-eu\vendor\laravel\framework\src\Illuminate\Foundation\Testing\Concerns\MakesHttpRequests.php(607): Illuminate\Foundation\Http\Kernel->handle(Object(Illuminate\Http\Request))
#81 C:\Users\nabra\OneDrive\Desktop\roshyara\xamp\nrna\nrna-eu\vendor\laravel\framework\src\Illuminate\Foundation\Testing\Concerns\MakesHttpRequests.php(397): Illuminate\Foundation\Testing\TestCase->call('POST', 'http://localhos...', Array, Array, Array, Array)
#82 C:\Users\nabra\OneDrive\Desktop\roshyara\xamp\nrna\nrna-eu\tests\Feature\Membership\MembershipFeeControllerPayTest.php(256): Illuminate\Foundation\Testing\TestCase->post('http://localhos...', Array)
#83 C:\Users\nabra\OneDrive\Desktop\roshyara\xamp\nrna\nrna-eu\vendor\phpunit\phpunit\src\Framework\TestCase.php(1235): Tests\Feature\Membership\MembershipFeeControllerPayTest->test_pay_rejects_duplicate_payment_on_already_paid_fee()
#84 C:\Users\nabra\OneDrive\Desktop\roshyara\xamp\nrna\nrna-eu\vendor\phpunit\phpunit\src\Framework\TestCase.php(514): PHPUnit\Framework\TestCase->runTest()
#85 C:\Users\nabra\OneDrive\Desktop\roshyara\xamp\nrna\nrna-eu\vendor\phpunit\phpunit\src\Framework\TestRunner\TestRunner.php(87): PHPUnit\Framework\TestCase->runBare()
#86 C:\Users\nabra\OneDrive\Desktop\roshyara\xamp\nrna\nrna-eu\vendor\phpunit\phpunit\src\Framework\TestCase.php(361): PHPUnit\Framework\TestRunner->run(Object(Tests\Feature\Membership\MembershipFeeControllerPayTest))
#87 C:\Users\nabra\OneDrive\Desktop\roshyara\xamp\nrna\nrna-eu\vendor\phpunit\phpunit\src\Framework\TestSuite.php(369): PHPUnit\Framework\TestCase->run()
#88 C:\Users\nabra\OneDrive\Desktop\roshyara\xamp\nrna\nrna-eu\vendor\phpunit\phpunit\src\Framework\TestSuite.php(369): PHPUnit\Framework\TestSuite->run()
#89 C:\Users\nabra\OneDrive\Desktop\roshyara\xamp\nrna\nrna-eu\vendor\phpunit\phpunit\src\Framework\TestSuite.php(369): PHPUnit\Framework\TestSuite->run()
#90 C:\Users\nabra\OneDrive\Desktop\roshyara\xamp\nrna\nrna-eu\vendor\phpunit\phpunit\src\TextUI\TestRunner.php(64): PHPUnit\Framework\TestSuite->run()
#91 C:\Users\nabra\OneDrive\Desktop\roshyara\xamp\nrna\nrna-eu\vendor\phpunit\phpunit\src\TextUI\Application.php(210): PHPUnit\TextUI\TestRunner->run(Object(PHPUnit\TextUI\Configuration\Configuration), Object(PHPUnit\Runner\ResultCache\DefaultResultCache), Object(PHPUnit\Framework\TestSuite))
#92 C:\Users\nabra\OneDrive\Desktop\roshyara\xamp\nrna\nrna-eu\vendor\phpunit\phpunit\phpunit(104): PHPUnit\TextUI\Application->run(Array)
#93 {main}

----------------------------------------------------------------------------------

SQLSTATE[42703]: Undefined column: 7 FEHLER:  Spalte »currency« von Relation »membership_payments« existiert nicht
LINE 1: ...ember_id", "fee_id", "organisation_id", "amount", "currency"...
                                                             ^ (Connection: pgsql, SQL: insert into "membership_payments" ("member_id", "fee_id", "organisation_id", "amount", "currency", "payment_method", "payment_reference", "status", "recorded_by", "paid_at", "id", "updated_at", "created_at") values (a1e8ebf7-64bc-41e9-a435-fb7d6a4ab460, a1e8ebf7-6967-4f1a-8447-cb48dbc31e28, a1e8ebf7-4b7e-4f0e-aa7e-538556f11a55, 100, EUR, bank_transfer, ?, completed, a1e8ebf7-566f-4687-88ea-7969afbf1ebf, 2026-05-31 08:53:53, a1e8ebf7-90fe-4496-b92a-125c3de0472d, 2026-05-31 08:53:53, 2026-05-31 08:53:53))[39;22m

  at [32mtests\Feature\Membership\MembershipFeeControllerPayTest.php[39m:[32m269[39m
    265▕             ]
    266▕         );
    267▕ 
    268▕         // Should redirect back with error
  ➜ 269▕         $response->assertStatus(302);
    270▕         $response->assertSessionHasErrors('error');
    271▕     }
    272▕ 
    273▕     /**

  [31m────────────────────────────────────────────────────────────────────────────────────────────────────────────────────[39m  
  [41;1m FAILED [49;22m [1mTests\Feature\Membership\MembershipFeeTest[22m [90m>[39m admin can record payment                                        
[39;1m  Expected response status code [201, 301, 302, 303, 307, 308] but received 500.
Failed asserting that false is true.

The following exception occurred during the last request:

PDOException: SQLSTATE[42703]: Undefined column: 7 FEHLER:  Spalte »currency« von Relation »membership_payments« existiert nicht
LINE 1: ...ember_id", "fee_id", "organisation_id", "amount", "currency"...
                                                             ^ in C:\Users\nabra\OneDrive\Desktop\roshyara\xamp\nrna\nrna-eu\vendor\laravel\framework\src\Illuminate\Database\Connection.php:571
Stack trace:
#0 C:\Users\nabra\OneDrive\Desktop\roshyara\xamp\nrna\nrna-eu\vendor\laravel\framework\src\Illuminate\Database\Connection.php(571): PDOStatement->execute()
#1 C:\Users\nabra\OneDrive\Desktop\roshyara\xamp\nrna\nrna-eu\vendor\laravel\framework\src\Illuminate\Database\Connection.php(812): Illuminate\Database\Connection->Illuminate\Database\{closure}('insert into "me...', Array)
#2 C:\Users\nabra\OneDrive\Desktop\roshyara\xamp\nrna\nrna-eu\vendor\laravel\framework\src\Illuminate\Database\Connection.php(779): Illuminate\Database\Connection->runQueryCallback('insert into "me...', Array, Object(Closure))
#3 C:\Users\nabra\OneDrive\Desktop\roshyara\xamp\nrna\nrna-eu\vendor\laravel\framework\src\Illuminate\Database\Connection.php(560): Illuminate\Database\Connection->run('insert into "me...', Array, Object(Closure))
#4 C:\Users\nabra\OneDrive\Desktop\roshyara\xamp\nrna\nrna-eu\vendor\laravel\framework\src\Illuminate\Database\Connection.php(524): Illuminate\Database\Connection->statement('insert into "me...', Array)
#5 C:\Users\nabra\OneDrive\Desktop\roshyara\xamp\nrna\nrna-eu\vendor\laravel\framework\src\Illuminate\Database\Query\Builder.php(3748): Illuminate\Database\Connection->insert('insert into "me...', Array)
#6 C:\Users\nabra\OneDrive\Desktop\roshyara\xamp\nrna\nrna-eu\vendor\laravel\framework\src\Illuminate\Database\Eloquent\Builder.php(2099): Illuminate\Database\Query\Builder->insert(Array)
#7 C:\Users\nabra\OneDrive\Desktop\roshyara\xamp\nrna\nrna-eu\vendor\laravel\framework\src\Illuminate\Database\Eloquent\Model.php(1335): Illuminate\Database\Eloquent\Builder->__call('insert', Array)
#8 C:\Users\nabra\OneDrive\Desktop\roshyara\xamp\nrna\nrna-eu\vendor\laravel\framework\src\Illuminate\Database\Eloquent\Model.php(1163): Illuminate\Database\Eloquent\Model->performInsert(Object(Illuminate\Database\Eloquent\Builder))
#9 C:\Users\nabra\OneDrive\Desktop\roshyara\xamp\nrna\nrna-eu\vendor\laravel\framework\src\Illuminate\Database\Eloquent\Builder.php(1107): Illuminate\Database\Eloquent\Model->save()
#10 C:\Users\nabra\OneDrive\Desktop\roshyara\xamp\nrna\nrna-eu\vendor\laravel\framework\src\Illuminate\Support\helpers.php(399): Illuminate\Database\Eloquent\Builder->Illuminate\Database\Eloquent\{closure}(Object(App\Models\MembershipPayment))
#11 C:\Users\nabra\OneDrive\Desktop\roshyara\xamp\nrna\nrna-eu\vendor\laravel\framework\src\Illuminate\Database\Eloquent\Builder.php(1106): tap(Object(App\Models\MembershipPayment), Object(Closure))
#12 C:\Users\nabra\OneDrive\Desktop\roshyara\xamp\nrna\nrna-eu\vendor\laravel\framework\src\Illuminate\Support\Traits\ForwardsCalls.php(23): Illuminate\Database\Eloquent\Builder->create(Array)
#13 C:\Users\nabra\OneDrive\Desktop\roshyara\xamp\nrna\nrna-eu\vendor\laravel\framework\src\Illuminate\Database\Eloquent\Model.php(2368): Illuminate\Database\Eloquent\Model->forwardCallTo(Object(Illuminate\Database\Eloquent\Builder), 'create', Array)
#14 C:\Users\nabra\OneDrive\Desktop\roshyara\xamp\nrna\nrna-eu\vendor\laravel\framework\src\Illuminate\Database\Eloquent\Model.php(2380): Illuminate\Database\Eloquent\Model->__call('create', Array)
#15 C:\Users\nabra\OneDrive\Desktop\roshyara\xamp\nrna\nrna-eu\app\Services\MembershipPaymentService.php(52): Illuminate\Database\Eloquent\Model::__callStatic('create', Array)
#16 C:\Users\nabra\OneDrive\Desktop\roshyara\xamp\nrna\nrna-eu\vendor\laravel\framework\src\Illuminate\Database\Concerns\ManagesTransactions.php(32): App\Services\MembershipPaymentService->App\Services\{closure}(Object(Illuminate\Database\PostgresConnection))
#17 C:\Users\nabra\OneDrive\Desktop\roshyara\xamp\nrna\nrna-eu\vendor\laravel\framework\src\Illuminate\Database\DatabaseManager.php(495): Illuminate\Database\Connection->transaction(Object(Closure))
#18 C:\Users\nabra\OneDrive\Desktop\roshyara\xamp\nrna\nrna-eu\vendor\laravel\framework\src\Illuminate\Support\Facades\Facade.php(361): Illuminate\Database\DatabaseManager->__call('transaction', Array)
#19 C:\Users\nabra\OneDrive\Desktop\roshyara\xamp\nrna\nrna-eu\app\Services\MembershipPaymentService.php(42): Illuminate\Support\Facades\Facade::__callStatic('transaction', Array)
#20 C:\Users\nabra\OneDrive\Desktop\roshyara\xamp\nrna\nrna-eu\app\Http\Controllers\Membership\MembershipFeeController.php(126): App\Services\MembershipPaymentService->recordPayment(Object(App\Models\Member), Object(App\Models\MembershipFee), Object(App\Domain\Shared\ValueObjects\Money), 'bank_transfer', 'REF-001')
#21 C:\Users\nabra\OneDrive\Desktop\roshyara\xamp\nrna\nrna-eu\vendor\laravel\framework\src\Illuminate\Routing\Controller.php(54): App\Http\Controllers\Membership\MembershipFeeController->pay(Object(Illuminate\Http\Request), Object(App\Models\Organisation), Object(App\Models\Member), Object(App\Models\MembershipFee), Object(App\Services\MembershipPaymentService))
#22 C:\Users\nabra\OneDrive\Desktop\roshyara\xamp\nrna\nrna-eu\vendor\laravel\framework\src\Illuminate\Routing\ControllerDispatcher.php(44): Illuminate\Routing\Controller->callAction('pay', Array)
#23 C:\Users\nabra\OneDrive\Desktop\roshyara\xamp\nrna\nrna-eu\vendor\laravel\framework\src\Illuminate\Routing\Route.php(266): Illuminate\Routing\ControllerDispatcher->dispatch(Object(Illuminate\Routing\Route), Object(App\Http\Controllers\Membership\MembershipFeeController), 'pay')
#24 C:\Users\nabra\OneDrive\Desktop\roshyara\xamp\nrna\nrna-eu\vendor\laravel\framework\src\Illuminate\Routing\Route.php(212): Illuminate\Routing\Route->runController()
#25 C:\Users\nabra\OneDrive\Desktop\roshyara\xamp\nrna\nrna-eu\vendor\laravel\framework\src\Illuminate\Routing\Router.php(808): Illuminate\Routing\Route->run()
#26 C:\Users\nabra\OneDrive\Desktop\roshyara\xamp\nrna\nrna-eu\vendor\laravel\framework\src\Illuminate\Pipeline\Pipeline.php(170): Illuminate\Routing\Router->Illuminate\Routing\{closure}(Object(Illuminate\Http\Request))
#27 C:\Users\nabra\OneDrive\Desktop\roshyara\xamp\nrna\nrna-eu\app\Http\Middleware\EnsureOrganisationMember.php(161): Illuminate\Pipeline\Pipeline->Illuminate\Pipeline\{closure}(Object(Illuminate\Http\Request))
#28 C:\Users\nabra\OneDrive\Desktop\roshyara\xamp\nrna\nrna-eu\vendor\laravel\framework\src\Illuminate\Pipeline\Pipeline.php(209): App\Http\Middleware\EnsureOrganisationMember->handle(Object(Illuminate\Http\Request), Object(Closure))
#29 C:\Users\nabra\OneDrive\Desktop\roshyara\xamp\nrna\nrna-eu\vendor\laravel\framework\src\Illuminate\Auth\Middleware\EnsureEmailIsVerified.php(41): Illuminate\Pipeline\Pipeline->Illuminate\Pipeline\{closure}(Object(Illuminate\Http\Request))
#30 C:\Users\nabra\OneDrive\Desktop\roshyara\xamp\nrna\nrna-eu\vendor\laravel\framework\src\Illuminate\Pipeline\Pipeline.php(209): Illuminate\Auth\Middleware\EnsureEmailIsVerified->handle(Object(Illuminate\Http\Request), Object(Closure))
#31 C:\Users\nabra\OneDrive\Desktop\roshyara\xamp\nrna\nrna-eu\vendor\laravel\framework\src\Illuminate\Auth\Middleware\Authenticate.php(64): Illuminate\Pipeline\Pipeline->Illuminate\Pipeline\{closure}(Object(Illuminate\Http\Request))
#32 C:\Users\nabra\OneDrive\Desktop\roshyara\xamp\nrna\nrna-eu\vendor\laravel\framework\src\Illuminate\Pipeline\Pipeline.php(209): Illuminate\Auth\Middleware\Authenticate->handle(Object(Illuminate\Http\Request), Object(Closure))
#33 C:\Users\nabra\OneDrive\Desktop\roshyara\xamp\nrna\nrna-eu\vendor\inertiajs\inertia-laravel\src\Middleware.php(86): Illuminate\Pipeline\Pipeline->Illuminate\Pipeline\{closure}(Object(Illuminate\Http\Request))
#34 C:\Users\nabra\OneDrive\Desktop\roshyara\xamp\nrna\nrna-eu\vendor\laravel\framework\src\Illuminate\Pipeline\Pipeline.php(209): Inertia\Middleware->handle(Object(Illuminate\Http\Request), Object(Closure))
#35 C:\Users\nabra\OneDrive\Desktop\roshyara\xamp\nrna\nrna-eu\app\Http\Middleware\InjectPageMeta.php(65): Illuminate\Pipeline\Pipeline->Illuminate\Pipeline\{closure}(Object(Illuminate\Http\Request))
#36 C:\Users\nabra\OneDrive\Desktop\roshyara\xamp\nrna\nrna-eu\vendor\laravel\framework\src\Illuminate\Pipeline\Pipeline.php(209): App\Http\Middleware\InjectPageMeta->handle(Object(Illuminate\Http\Request), Object(Closure))
#37 C:\Users\nabra\OneDrive\Desktop\roshyara\xamp\nrna\nrna-eu\app\Http\Middleware\SetLocale.php(59): Illuminate\Pipeline\Pipeline->Illuminate\Pipeline\{closure}(Object(Illuminate\Http\Request))
#38 C:\Users\nabra\OneDrive\Desktop\roshyara\xamp\nrna\nrna-eu\vendor\laravel\framework\src\Illuminate\Pipeline\Pipeline.php(209): App\Http\Middleware\SetLocale->handle(Object(Illuminate\Http\Request), Object(Closure))
#39 C:\Users\nabra\OneDrive\Desktop\roshyara\xamp\nrna\nrna-eu\app\Http\Middleware\PreloadAssets.php(12): Illuminate\Pipeline\Pipeline->Illuminate\Pipeline\{closure}(Object(Illuminate\Http\Request))
#40 C:\Users\nabra\OneDrive\Desktop\roshyara\xamp\nrna\nrna-eu\vendor\laravel\framework\src\Illuminate\Pipeline\Pipeline.php(209): App\Http\Middleware\PreloadAssets->handle(Object(Illuminate\Http\Request), Object(Closure))
#41 C:\Users\nabra\OneDrive\Desktop\roshyara\xamp\nrna\nrna-eu\vendor\laravel\framework\src\Illuminate\Routing\Middleware\SubstituteBindings.php(51): Illuminate\Pipeline\Pipeline->Illuminate\Pipeline\{closure}(Object(Illuminate\Http\Request))
#42 C:\Users\nabra\OneDrive\Desktop\roshyara\xamp\nrna\nrna-eu\vendor\laravel\framework\src\Illuminate\Pipeline\Pipeline.php(209): Illuminate\Routing\Middleware\SubstituteBindings->handle(Object(Illuminate\Http\Request), Object(Closure))
#43 C:\Users\nabra\OneDrive\Desktop\roshyara\xamp\nrna\nrna-eu\vendor\laravel\framework\src\Illuminate\Foundation\Http\Middleware\VerifyCsrfToken.php(88): Illuminate\Pipeline\Pipeline->Illuminate\Pipeline\{closure}(Object(Illuminate\Http\Request))
#44 C:\Users\nabra\OneDrive\Desktop\roshyara\xamp\nrna\nrna-eu\vendor\laravel\framework\src\Illuminate\Pipeline\Pipeline.php(209): Illuminate\Foundation\Http\Middleware\VerifyCsrfToken->handle(Object(Illuminate\Http\Request), Object(Closure))
#45 C:\Users\nabra\OneDrive\Desktop\roshyara\xamp\nrna\nrna-eu\vendor\laravel\framework\src\Illuminate\View\Middleware\ShareErrorsFromSession.php(49): Illuminate\Pipeline\Pipeline->Illuminate\Pipeline\{closure}(Object(Illuminate\Http\Request))
#46 C:\Users\nabra\OneDrive\Desktop\roshyara\xamp\nrna\nrna-eu\vendor\laravel\framework\src\Illuminate\Pipeline\Pipeline.php(209): Illuminate\View\Middleware\ShareErrorsFromSession->handle(Object(Illuminate\Http\Request), Object(Closure))
#47 C:\Users\nabra\OneDrive\Desktop\roshyara\xamp\nrna\nrna-eu\vendor\laravel\framework\src\Illuminate\Session\Middleware\StartSession.php(121): Illuminate\Pipeline\Pipeline->Illuminate\Pipeline\{closure}(Object(Illuminate\Http\Request))
#48 C:\Users\nabra\OneDrive\Desktop\roshyara\xamp\nrna\nrna-eu\vendor\laravel\framework\src\Illuminate\Session\Middleware\StartSession.php(64): Illuminate\Session\Middleware\StartSession->handleStatefulRequest(Object(Illuminate\Http\Request), Object(Illuminate\Session\Store), Object(Closure))
#49 C:\Users\nabra\OneDrive\Desktop\roshyara\xamp\nrna\nrna-eu\vendor\laravel\framework\src\Illuminate\Pipeline\Pipeline.php(209): Illuminate\Session\Middleware\StartSession->handle(Object(Illuminate\Http\Request), Object(Closure))
#50 C:\Users\nabra\OneDrive\Desktop\roshyara\xamp\nrna\nrna-eu\vendor\laravel\framework\src\Illuminate\Cookie\Middleware\AddQueuedCookiesToResponse.php(37): Illuminate\Pipeline\Pipeline->Illuminate\Pipeline\{closure}(Object(Illuminate\Http\Request))
#51 C:\Users\nabra\OneDrive\Desktop\roshyara\xamp\nrna\nrna-eu\vendor\laravel\framework\src\Illuminate\Pipeline\Pipeline.php(209): Illuminate\Cookie\Middleware\AddQueuedCookiesToResponse->handle(Object(Illuminate\Http\Request), Object(Closure))
#52 C:\Users\nabra\OneDrive\Desktop\roshyara\xamp\nrna\nrna-eu\vendor\laravel\framework\src\Illuminate\Cookie\Middleware\EncryptCookies.php(75): Illuminate\Pipeline\Pipeline->Illuminate\Pipeline\{closure}(Object(Illuminate\Http\Request))
#53 C:\Users\nabra\OneDrive\Desktop\roshyara\xamp\nrna\nrna-eu\vendor\laravel\framework\src\Illuminate\Pipeline\Pipeline.php(209): Illuminate\Cookie\Middleware\EncryptCookies->handle(Object(Illuminate\Http\Request), Object(Closure))
#54 C:\Users\nabra\OneDrive\Desktop\roshyara\xamp\nrna\nrna-eu\vendor\laravel\framework\src\Illuminate\Pipeline\Pipeline.php(127): Illuminate\Pipeline\Pipeline->Illuminate\Pipeline\{closure}(Object(Illuminate\Http\Request))
#55 C:\Users\nabra\OneDrive\Desktop\roshyara\xamp\nrna\nrna-eu\vendor\laravel\framework\src\Illuminate\Routing\Router.php(807): Illuminate\Pipeline\Pipeline->then(Object(Closure))
#56 C:\Users\nabra\OneDrive\Desktop\roshyara\xamp\nrna\nrna-eu\vendor\laravel\framework\src\Illuminate\Routing\Router.php(786): Illuminate\Routing\Router->runRouteWithinStack(Object(Illuminate\Routing\Route), Object(Illuminate\Http\Request))
#57 C:\Users\nabra\OneDrive\Desktop\roshyara\xamp\nrna\nrna-eu\vendor\laravel\framework\src\Illuminate\Routing\Router.php(750): Illuminate\Routing\Router->runRoute(Object(Illuminate\Http\Request), Object(Illuminate\Routing\Route))
#58 C:\Users\nabra\OneDrive\Desktop\roshyara\xamp\nrna\nrna-eu\vendor\laravel\framework\src\Illuminate\Routing\Router.php(739): Illuminate\Routing\Router->dispatchToRoute(Object(Illuminate\Http\Request))
#59 C:\Users\nabra\OneDrive\Desktop\roshyara\xamp\nrna\nrna-eu\vendor\laravel\framework\src\Illuminate\Foundation\Http\Kernel.php(201): Illuminate\Routing\Router->dispatch(Object(Illuminate\Http\Request))
#60 C:\Users\nabra\OneDrive\Desktop\roshyara\xamp\nrna\nrna-eu\vendor\laravel\framework\src\Illuminate\Pipeline\Pipeline.php(170): Illuminate\Foundation\Http\Kernel->Illuminate\Foundation\Http\{closure}(Object(Illuminate\Http\Request))
#61 C:\Users\nabra\OneDrive\Desktop\roshyara\xamp\nrna\nrna-eu\app\Http\Middleware\TrackPerformance.php(28): Illuminate\Pipeline\Pipeline->Illuminate\Pipeline\{closure}(Object(Illuminate\Http\Request))
#62 C:\Users\nabra\OneDrive\Desktop\roshyara\xamp\nrna\nrna-eu\vendor\laravel\framework\src\Illuminate\Pipeline\Pipeline.php(209): App\Http\Middleware\TrackPerformance->handle(Object(Illuminate\Http\Request), Object(Closure))
#63 C:\Users\nabra\OneDrive\Desktop\roshyara\xamp\nrna\nrna-eu\vendor\laravel\framework\src\Illuminate\Foundation\Http\Middleware\TransformsRequest.php(21): Illuminate\Pipeline\Pipeline->Illuminate\Pipeline\{closure}(Object(Illuminate\Http\Request))
#64 C:\Users\nabra\OneDrive\Desktop\roshyara\xamp\nrna\nrna-eu\vendor\laravel\framework\src\Illuminate\Foundation\Http\Middleware\ConvertEmptyStringsToNull.php(31): Illuminate\Foundation\Http\Middleware\TransformsRequest->handle(Object(Illuminate\Http\Request), Object(Closure))
#65 C:\Users\nabra\OneDrive\Desktop\roshyara\xamp\nrna\nrna-eu\vendor\laravel\framework\src\Illuminate\Pipeline\Pipeline.php(209): Illuminate\Foundation\Http\Middleware\ConvertEmptyStringsToNull->handle(Object(Illuminate\Http\Request), Object(Closure))
#66 C:\Users\nabra\OneDrive\Desktop\roshyara\xamp\nrna\nrna-eu\vendor\laravel\framework\src\Illuminate\Foundation\Http\Middleware\TransformsRequest.php(21): Illuminate\Pipeline\Pipeline->Illuminate\Pipeline\{closure}(Object(Illuminate\Http\Request))
#67 C:\Users\nabra\OneDrive\Desktop\roshyara\xamp\nrna\nrna-eu\vendor\laravel\framework\src\Illuminate\Foundation\Http\Middleware\TrimStrings.php(51): Illuminate\Foundation\Http\Middleware\TransformsRequest->handle(Object(Illuminate\Http\Request), Object(Closure))
#68 C:\Users\nabra\OneDrive\Desktop\roshyara\xamp\nrna\nrna-eu\vendor\laravel\framework\src\Illuminate\Pipeline\Pipeline.php(209): Illuminate\Foundation\Http\Middleware\TrimStrings->handle(Object(Illuminate\Http\Request), Object(Closure))
#69 C:\Users\nabra\OneDrive\Desktop\roshyara\xamp\nrna\nrna-eu\vendor\laravel\framework\src\Illuminate\Http\Middleware\ValidatePostSize.php(27): Illuminate\Pipeline\Pipeline->Illuminate\Pipeline\{closure}(Object(Illuminate\Http\Request))
#70 C:\Users\nabra\OneDrive\Desktop\roshyara\xamp\nrna\nrna-eu\vendor\laravel\framework\src\Illuminate\Pipeline\Pipeline.php(209): Illuminate\Http\Middleware\ValidatePostSize->handle(Object(Illuminate\Http\Request), Object(Closure))
#71 C:\Users\nabra\OneDrive\Desktop\roshyara\xamp\nrna\nrna-eu\vendor\laravel\framework\src\Illuminate\Foundation\Http\Middleware\PreventRequestsDuringMaintenance.php(110): Illuminate\Pipeline\Pipeline->Illuminate\Pipeline\{closure}(Object(Illuminate\Http\Request))
#72 C:\Users\nabra\OneDrive\Desktop\roshyara\xamp\nrna\nrna-eu\vendor\laravel\framework\src\Illuminate\Pipeline\Pipeline.php(209): Illuminate\Foundation\Http\Middleware\PreventRequestsDuringMaintenance->handle(Object(Illuminate\Http\Request), Object(Closure))
#73 C:\Users\nabra\OneDrive\Desktop\roshyara\xamp\nrna\nrna-eu\vendor\laravel\framework\src\Illuminate\Http\Middleware\HandleCors.php(49): Illuminate\Pipeline\Pipeline->Illuminate\Pipeline\{closure}(Object(Illuminate\Http\Request))
#74 C:\Users\nabra\OneDrive\Desktop\roshyara\xamp\nrna\nrna-eu\vendor\laravel\framework\src\Illuminate\Pipeline\Pipeline.php(209): Illuminate\Http\Middleware\HandleCors->handle(Object(Illuminate\Http\Request), Object(Closure))
#75 C:\Users\nabra\OneDrive\Desktop\roshyara\xamp\nrna\nrna-eu\vendor\laravel\framework\src\Illuminate\Http\Middleware\TrustProxies.php(58): Illuminate\Pipeline\Pipeline->Illuminate\Pipeline\{closure}(Object(Illuminate\Http\Request))
#76 C:\Users\nabra\OneDrive\Desktop\roshyara\xamp\nrna\nrna-eu\vendor\laravel\framework\src\Illuminate\Pipeline\Pipeline.php(209): Illuminate\Http\Middleware\TrustProxies->handle(Object(Illuminate\Http\Request), Object(Closure))
#77 C:\Users\nabra\OneDrive\Desktop\roshyara\xamp\nrna\nrna-eu\vendor\laravel\framework\src\Illuminate\Foundation\Http\Middleware\InvokeDeferredCallbacks.php(22): Illuminate\Pipeline\Pipeline->Illuminate\Pipeline\{closure}(Object(Illuminate\Http\Request))
#78 C:\Users\nabra\OneDrive\Desktop\roshyara\xamp\nrna\nrna-eu\vendor\laravel\framework\src\Illuminate\Pipeline\Pipeline.php(209): Illuminate\Foundation\Http\Middleware\InvokeDeferredCallbacks->handle(Object(Illuminate\Http\Request), Object(Closure))
#79 C:\Users\nabra\OneDrive\Desktop\roshyara\xamp\nrna\nrna-eu\vendor\laravel\framework\src\Illuminate\Pipeline\Pipeline.php(127): Illuminate\Pipeline\Pipeline->Illuminate\Pipeline\{closure}(Object(Illuminate\Http\Request))
#80 C:\Users\nabra\OneDrive\Desktop\roshyara\xamp\nrna\nrna-eu\vendor\laravel\framework\src\Illuminate\Foundation\Http\Kernel.php(176): Illuminate\Pipeline\Pipeline->then(Object(Closure))
#81 C:\Users\nabra\OneDrive\Desktop\roshyara\xamp\nrna\nrna-eu\vendor\laravel\framework\src\Illuminate\Foundation\Http\Kernel.php(145): Illuminate\Foundation\Http\Kernel->sendRequestThroughRouter(Object(Illuminate\Http\Request))
#82 C:\Users\nabra\OneDrive\Desktop\roshyara\xamp\nrna\nrna-eu\vendor\laravel\framework\src\Illuminate\Foundation\Testing\Concerns\MakesHttpRequests.php(607): Illuminate\Foundation\Http\Kernel->handle(Object(Illuminate\Http\Request))
#83 C:\Users\nabra\OneDrive\Desktop\roshyara\xamp\nrna\nrna-eu\vendor\laravel\framework\src\Illuminate\Foundation\Testing\Concerns\MakesHttpRequests.php(397): Illuminate\Foundation\Testing\TestCase->call('POST', 'http://localhos...', Array, Array, Array, Array)
#84 C:\Users\nabra\OneDrive\Desktop\roshyara\xamp\nrna\nrna-eu\tests\Feature\Membership\MembershipFeeTest.php(103): Illuminate\Foundation\Testing\TestCase->post('http://localhos...', Array)
#85 C:\Users\nabra\OneDrive\Desktop\roshyara\xamp\nrna\nrna-eu\vendor\phpunit\phpunit\src\Framework\TestCase.php(1235): Tests\Feature\Membership\MembershipFeeTest->admin_can_record_payment()
#86 C:\Users\nabra\OneDrive\Desktop\roshyara\xamp\nrna\nrna-eu\vendor\phpunit\phpunit\src\Framework\TestCase.php(514): PHPUnit\Framework\TestCase->runTest()
#87 C:\Users\nabra\OneDrive\Desktop\roshyara\xamp\nrna\nrna-eu\vendor\phpunit\phpunit\src\Framework\TestRunner\TestRunner.php(87): PHPUnit\Framework\TestCase->runBare()
#88 C:\Users\nabra\OneDrive\Desktop\roshyara\xamp\nrna\nrna-eu\vendor\phpunit\phpunit\src\Framework\TestCase.php(361): PHPUnit\Framework\TestRunner->run(Object(Tests\Feature\Membership\MembershipFeeTest))
#89 C:\Users\nabra\OneDrive\Desktop\roshyara\xamp\nrna\nrna-eu\vendor\phpunit\phpunit\src\Framework\TestSuite.php(369): PHPUnit\Framework\TestCase->run()
#90 C:\Users\nabra\OneDrive\Desktop\roshyara\xamp\nrna\nrna-eu\vendor\phpunit\phpunit\src\Framework\TestSuite.php(369): PHPUnit\Framework\TestSuite->run()
#91 C:\Users\nabra\OneDrive\Desktop\roshyara\xamp\nrna\nrna-eu\vendor\phpunit\phpunit\src\Framework\TestSuite.php(369): PHPUnit\Framework\TestSuite->run()
#92 C:\Users\nabra\OneDrive\Desktop\roshyara\xamp\nrna\nrna-eu\vendor\phpunit\phpunit\src\TextUI\TestRunner.php(64): PHPUnit\Framework\TestSuite->run()
#93 C:\Users\nabra\OneDrive\Desktop\roshyara\xamp\nrna\nrna-eu\vendor\phpunit\phpunit\src\TextUI\Application.php(210): PHPUnit\TextUI\TestRunner->run(Object(PHPUnit\TextUI\Configuration\Configuration), Object(PHPUnit\Runner\ResultCache\DefaultResultCache), Object(PHPUnit\Framework\TestSuite))
#94 C:\Users\nabra\OneDrive\Desktop\roshyara\xamp\nrna\nrna-eu\vendor\phpunit\phpunit\phpunit(104): PHPUnit\TextUI\Application->run(Array)
#95 {main}

Next Illuminate\Database\QueryException: SQLSTATE[42703]: Undefined column: 7 FEHLER:  Spalte »currency« von Relation »membership_payments« existiert nicht
LINE 1: ...ember_id", "fee_id", "organisation_id", "amount", "currency"...
                                                             ^ (Connection: pgsql, SQL: insert into "membership_payments" ("member_id", "fee_id", "organisation_id", "amount", "currency", "payment_method", "payment_reference", "status", "recorded_by", "paid_at", "id", "updated_at", "created_at") values (a1e8ebff-b00c-4c9a-add0-88510f4fcea9, 7d622d00-2cd1-47ac-9e72-46a40133f5fc, a1e8ebff-76ed-4ffb-8e19-1f33caf98ef1, 50, EUR, bank_transfer, REF-001, completed, a1e8ebff-865f-4a20-aa1a-9695bbf7fb3f, 2026-05-31 08:53:58, a1e8ebff-c23b-41a4-8fca-497cc17c1ffb, 2026-05-31 08:53:58, 2026-05-31 08:53:58)) in C:\Users\nabra\OneDrive\Desktop\roshyara\xamp\nrna\nrna-eu\vendor\laravel\framework\src\Illuminate\Database\Connection.php:825
Stack trace:
#0 C:\Users\nabra\OneDrive\Desktop\roshyara\xamp\nrna\nrna-eu\vendor\laravel\framework\src\Illuminate\Database\Connection.php(779): Illuminate\Database\Connection->runQueryCallback('insert into "me...', Array, Object(Closure))
#1 C:\Users\nabra\OneDrive\Desktop\roshyara\xamp\nrna\nrna-eu\vendor\laravel\framework\src\Illuminate\Database\Connection.php(560): Illuminate\Database\Connection->run('insert into "me...', Array, Object(Closure))
#2 C:\Users\nabra\OneDrive\Desktop\roshyara\xamp\nrna\nrna-eu\vendor\laravel\framework\src\Illuminate\Database\Connection.php(524): Illuminate\Database\Connection->statement('insert into "me...', Array)
#3 C:\Users\nabra\OneDrive\Desktop\roshyara\xamp\nrna\nrna-eu\vendor\laravel\framework\src\Illuminate\Database\Query\Builder.php(3748): Illuminate\Database\Connection->insert('insert into "me...', Array)
#4 C:\Users\nabra\OneDrive\Desktop\roshyara\xamp\nrna\nrna-eu\vendor\laravel\framework\src\Illuminate\Database\Eloquent\Builder.php(2099): Illuminate\Database\Query\Builder->insert(Array)
#5 C:\Users\nabra\OneDrive\Desktop\roshyara\xamp\nrna\nrna-eu\vendor\laravel\framework\src\Illuminate\Database\Eloquent\Model.php(1335): Illuminate\Database\Eloquent\Builder->__call('insert', Array)
#6 C:\Users\nabra\OneDrive\Desktop\roshyara\xamp\nrna\nrna-eu\vendor\laravel\framework\src\Illuminate\Database\Eloquent\Model.php(1163): Illuminate\Database\Eloquent\Model->performInsert(Object(Illuminate\Database\Eloquent\Builder))
#7 C:\Users\nabra\OneDrive\Desktop\roshyara\xamp\nrna\nrna-eu\vendor\laravel\framework\src\Illuminate\Database\Eloquent\Builder.php(1107): Illuminate\Database\Eloquent\Model->save()
#8 C:\Users\nabra\OneDrive\Desktop\roshyara\xamp\nrna\nrna-eu\vendor\laravel\framework\src\Illuminate\Support\helpers.php(399): Illuminate\Database\Eloquent\Builder->Illuminate\Database\Eloquent\{closure}(Object(App\Models\MembershipPayment))
#9 C:\Users\nabra\OneDrive\Desktop\roshyara\xamp\nrna\nrna-eu\vendor\laravel\framework\src\Illuminate\Database\Eloquent\Builder.php(1106): tap(Object(App\Models\MembershipPayment), Object(Closure))
#10 C:\Users\nabra\OneDrive\Desktop\roshyara\xamp\nrna\nrna-eu\vendor\laravel\framework\src\Illuminate\Support\Traits\ForwardsCalls.php(23): Illuminate\Database\Eloquent\Builder->create(Array)
#11 C:\Users\nabra\OneDrive\Desktop\roshyara\xamp\nrna\nrna-eu\vendor\laravel\framework\src\Illuminate\Database\Eloquent\Model.php(2368): Illuminate\Database\Eloquent\Model->forwardCallTo(Object(Illuminate\Database\Eloquent\Builder), 'create', Array)
#12 C:\Users\nabra\OneDrive\Desktop\roshyara\xamp\nrna\nrna-eu\vendor\laravel\framework\src\Illuminate\Database\Eloquent\Model.php(2380): Illuminate\Database\Eloquent\Model->__call('create', Array)
#13 C:\Users\nabra\OneDrive\Desktop\roshyara\xamp\nrna\nrna-eu\app\Services\MembershipPaymentService.php(52): Illuminate\Database\Eloquent\Model::__callStatic('create', Array)
#14 C:\Users\nabra\OneDrive\Desktop\roshyara\xamp\nrna\nrna-eu\vendor\laravel\framework\src\Illuminate\Database\Concerns\ManagesTransactions.php(32): App\Services\MembershipPaymentService->App\Services\{closure}(Object(Illuminate\Database\PostgresConnection))
#15 C:\Users\nabra\OneDrive\Desktop\roshyara\xamp\nrna\nrna-eu\vendor\laravel\framework\src\Illuminate\Database\DatabaseManager.php(495): Illuminate\Database\Connection->transaction(Object(Closure))
#16 C:\Users\nabra\OneDrive\Desktop\roshyara\xamp\nrna\nrna-eu\vendor\laravel\framework\src\Illuminate\Support\Facades\Facade.php(361): Illuminate\Database\DatabaseManager->__call('transaction', Array)
#17 C:\Users\nabra\OneDrive\Desktop\roshyara\xamp\nrna\nrna-eu\app\Services\MembershipPaymentService.php(42): Illuminate\Support\Facades\Facade::__callStatic('transaction', Array)
#18 C:\Users\nabra\OneDrive\Desktop\roshyara\xamp\nrna\nrna-eu\app\Http\Controllers\Membership\MembershipFeeController.php(126): App\Services\MembershipPaymentService->recordPayment(Object(App\Models\Member), Object(App\Models\MembershipFee), Object(App\Domain\Shared\ValueObjects\Money), 'bank_transfer', 'REF-001')
#19 C:\Users\nabra\OneDrive\Desktop\roshyara\xamp\nrna\nrna-eu\vendor\laravel\framework\src\Illuminate\Routing\Controller.php(54): App\Http\Controllers\Membership\MembershipFeeController->pay(Object(Illuminate\Http\Request), Object(App\Models\Organisation), Object(App\Models\Member), Object(App\Models\MembershipFee), Object(App\Services\MembershipPaymentService))
#20 C:\Users\nabra\OneDrive\Desktop\roshyara\xamp\nrna\nrna-eu\vendor\laravel\framework\src\Illuminate\Routing\ControllerDispatcher.php(44): Illuminate\Routing\Controller->callAction('pay', Array)
#21 C:\Users\nabra\OneDrive\Desktop\roshyara\xamp\nrna\nrna-eu\vendor\laravel\framework\src\Illuminate\Routing\Route.php(266): Illuminate\Routing\ControllerDispatcher->dispatch(Object(Illuminate\Routing\Route), Object(App\Http\Controllers\Membership\MembershipFeeController), 'pay')
#22 C:\Users\nabra\OneDrive\Desktop\roshyara\xamp\nrna\nrna-eu\vendor\laravel\framework\src\Illuminate\Routing\Route.php(212): Illuminate\Routing\Route->runController()
#23 C:\Users\nabra\OneDrive\Desktop\roshyara\xamp\nrna\nrna-eu\vendor\laravel\framework\src\Illuminate\Routing\Router.php(808): Illuminate\Routing\Route->run()
#24 C:\Users\nabra\OneDrive\Desktop\roshyara\xamp\nrna\nrna-eu\vendor\laravel\framework\src\Illuminate\Pipeline\Pipeline.php(170): Illuminate\Routing\Router->Illuminate\Routing\{closure}(Object(Illuminate\Http\Request))
#25 C:\Users\nabra\OneDrive\Desktop\roshyara\xamp\nrna\nrna-eu\app\Http\Middleware\EnsureOrganisationMember.php(161): Illuminate\Pipeline\Pipeline->Illuminate\Pipeline\{closure}(Object(Illuminate\Http\Request))
#26 C:\Users\nabra\OneDrive\Desktop\roshyara\xamp\nrna\nrna-eu\vendor\laravel\framework\src\Illuminate\Pipeline\Pipeline.php(209): App\Http\Middleware\EnsureOrganisationMember->handle(Object(Illuminate\Http\Request), Object(Closure))
#27 C:\Users\nabra\OneDrive\Desktop\roshyara\xamp\nrna\nrna-eu\vendor\laravel\framework\src\Illuminate\Auth\Middleware\EnsureEmailIsVerified.php(41): Illuminate\Pipeline\Pipeline->Illuminate\Pipeline\{closure}(Object(Illuminate\Http\Request))
#28 C:\Users\nabra\OneDrive\Desktop\roshyara\xamp\nrna\nrna-eu\vendor\laravel\framework\src\Illuminate\Pipeline\Pipeline.php(209): Illuminate\Auth\Middleware\EnsureEmailIsVerified->handle(Object(Illuminate\Http\Request), Object(Closure))
#29 C:\Users\nabra\OneDrive\Desktop\roshyara\xamp\nrna\nrna-eu\vendor\laravel\framework\src\Illuminate\Auth\Middleware\Authenticate.php(64): Illuminate\Pipeline\Pipeline->Illuminate\Pipeline\{closure}(Object(Illuminate\Http\Request))
#30 C:\Users\nabra\OneDrive\Desktop\roshyara\xamp\nrna\nrna-eu\vendor\laravel\framework\src\Illuminate\Pipeline\Pipeline.php(209): Illuminate\Auth\Middleware\Authenticate->handle(Object(Illuminate\Http\Request), Object(Closure))
#31 C:\Users\nabra\OneDrive\Desktop\roshyara\xamp\nrna\nrna-eu\vendor\inertiajs\inertia-laravel\src\Middleware.php(86): Illuminate\Pipeline\Pipeline->Illuminate\Pipeline\{closure}(Object(Illuminate\Http\Request))
#32 C:\Users\nabra\OneDrive\Desktop\roshyara\xamp\nrna\nrna-eu\vendor\laravel\framework\src\Illuminate\Pipeline\Pipeline.php(209): Inertia\Middleware->handle(Object(Illuminate\Http\Request), Object(Closure))
#33 C:\Users\nabra\OneDrive\Desktop\roshyara\xamp\nrna\nrna-eu\app\Http\Middleware\InjectPageMeta.php(65): Illuminate\Pipeline\Pipeline->Illuminate\Pipeline\{closure}(Object(Illuminate\Http\Request))
#34 C:\Users\nabra\OneDrive\Desktop\roshyara\xamp\nrna\nrna-eu\vendor\laravel\framework\src\Illuminate\Pipeline\Pipeline.php(209): App\Http\Middleware\InjectPageMeta->handle(Object(Illuminate\Http\Request), Object(Closure))
#35 C:\Users\nabra\OneDrive\Desktop\roshyara\xamp\nrna\nrna-eu\app\Http\Middleware\SetLocale.php(59): Illuminate\Pipeline\Pipeline->Illuminate\Pipeline\{closure}(Object(Illuminate\Http\Request))
#36 C:\Users\nabra\OneDrive\Desktop\roshyara\xamp\nrna\nrna-eu\vendor\laravel\framework\src\Illuminate\Pipeline\Pipeline.php(209): App\Http\Middleware\SetLocale->handle(Object(Illuminate\Http\Request), Object(Closure))
#37 C:\Users\nabra\OneDrive\Desktop\roshyara\xamp\nrna\nrna-eu\app\Http\Middleware\PreloadAssets.php(12): Illuminate\Pipeline\Pipeline->Illuminate\Pipeline\{closure}(Object(Illuminate\Http\Request))
#38 C:\Users\nabra\OneDrive\Desktop\roshyara\xamp\nrna\nrna-eu\vendor\laravel\framework\src\Illuminate\Pipeline\Pipeline.php(209): App\Http\Middleware\PreloadAssets->handle(Object(Illuminate\Http\Request), Object(Closure))
#39 C:\Users\nabra\OneDrive\Desktop\roshyara\xamp\nrna\nrna-eu\vendor\laravel\framework\src\Illuminate\Routing\Middleware\SubstituteBindings.php(51): Illuminate\Pipeline\Pipeline->Illuminate\Pipeline\{closure}(Object(Illuminate\Http\Request))
#40 C:\Users\nabra\OneDrive\Desktop\roshyara\xamp\nrna\nrna-eu\vendor\laravel\framework\src\Illuminate\Pipeline\Pipeline.php(209): Illuminate\Routing\Middleware\SubstituteBindings->handle(Object(Illuminate\Http\Request), Object(Closure))
#41 C:\Users\nabra\OneDrive\Desktop\roshyara\xamp\nrna\nrna-eu\vendor\laravel\framework\src\Illuminate\Foundation\Http\Middleware\VerifyCsrfToken.php(88): Illuminate\Pipeline\Pipeline->Illuminate\Pipeline\{closure}(Object(Illuminate\Http\Request))
#42 C:\Users\nabra\OneDrive\Desktop\roshyara\xamp\nrna\nrna-eu\vendor\laravel\framework\src\Illuminate\Pipeline\Pipeline.php(209): Illuminate\Foundation\Http\Middleware\VerifyCsrfToken->handle(Object(Illuminate\Http\Request), Object(Closure))
#43 C:\Users\nabra\OneDrive\Desktop\roshyara\xamp\nrna\nrna-eu\vendor\laravel\framework\src\Illuminate\View\Middleware\ShareErrorsFromSession.php(49): Illuminate\Pipeline\Pipeline->Illuminate\Pipeline\{closure}(Object(Illuminate\Http\Request))
#44 C:\Users\nabra\OneDrive\Desktop\roshyara\xamp\nrna\nrna-eu\vendor\laravel\framework\src\Illuminate\Pipeline\Pipeline.php(209): Illuminate\View\Middleware\ShareErrorsFromSession->handle(Object(Illuminate\Http\Request), Object(Closure))
#45 C:\Users\nabra\OneDrive\Desktop\roshyara\xamp\nrna\nrna-eu\vendor\laravel\framework\src\Illuminate\Session\Middleware\StartSession.php(121): Illuminate\Pipeline\Pipeline->Illuminate\Pipeline\{closure}(Object(Illuminate\Http\Request))
#46 C:\Users\nabra\OneDrive\Desktop\roshyara\xamp\nrna\nrna-eu\vendor\laravel\framework\src\Illuminate\Session\Middleware\StartSession.php(64): Illuminate\Session\Middleware\StartSession->handleStatefulRequest(Object(Illuminate\Http\Request), Object(Illuminate\Session\Store), Object(Closure))
#47 C:\Users\nabra\OneDrive\Desktop\roshyara\xamp\nrna\nrna-eu\vendor\laravel\framework\src\Illuminate\Pipeline\Pipeline.php(209): Illuminate\Session\Middleware\StartSession->handle(Object(Illuminate\Http\Request), Object(Closure))
#48 C:\Users\nabra\OneDrive\Desktop\roshyara\xamp\nrna\nrna-eu\vendor\laravel\framework\src\Illuminate\Cookie\Middleware\AddQueuedCookiesToResponse.php(37): Illuminate\Pipeline\Pipeline->Illuminate\Pipeline\{closure}(Object(Illuminate\Http\Request))
#49 C:\Users\nabra\OneDrive\Desktop\roshyara\xamp\nrna\nrna-eu\vendor\laravel\framework\src\Illuminate\Pipeline\Pipeline.php(209): Illuminate\Cookie\Middleware\AddQueuedCookiesToResponse->handle(Object(Illuminate\Http\Request), Object(Closure))
#50 C:\Users\nabra\OneDrive\Desktop\roshyara\xamp\nrna\nrna-eu\vendor\laravel\framework\src\Illuminate\Cookie\Middleware\EncryptCookies.php(75): Illuminate\Pipeline\Pipeline->Illuminate\Pipeline\{closure}(Object(Illuminate\Http\Request))
#51 C:\Users\nabra\OneDrive\Desktop\roshyara\xamp\nrna\nrna-eu\vendor\laravel\framework\src\Illuminate\Pipeline\Pipeline.php(209): Illuminate\Cookie\Middleware\EncryptCookies->handle(Object(Illuminate\Http\Request), Object(Closure))
#52 C:\Users\nabra\OneDrive\Desktop\roshyara\xamp\nrna\nrna-eu\vendor\laravel\framework\src\Illuminate\Pipeline\Pipeline.php(127): Illuminate\Pipeline\Pipeline->Illuminate\Pipeline\{closure}(Object(Illuminate\Http\Request))
#53 C:\Users\nabra\OneDrive\Desktop\roshyara\xamp\nrna\nrna-eu\vendor\laravel\framework\src\Illuminate\Routing\Router.php(807): Illuminate\Pipeline\Pipeline->then(Object(Closure))
#54 C:\Users\nabra\OneDrive\Desktop\roshyara\xamp\nrna\nrna-eu\vendor\laravel\framework\src\Illuminate\Routing\Router.php(786): Illuminate\Routing\Router->runRouteWithinStack(Object(Illuminate\Routing\Route), Object(Illuminate\Http\Request))
#55 C:\Users\nabra\OneDrive\Desktop\roshyara\xamp\nrna\nrna-eu\vendor\laravel\framework\src\Illuminate\Routing\Router.php(750): Illuminate\Routing\Router->runRoute(Object(Illuminate\Http\Request), Object(Illuminate\Routing\Route))
#56 C:\Users\nabra\OneDrive\Desktop\roshyara\xamp\nrna\nrna-eu\vendor\laravel\framework\src\Illuminate\Routing\Router.php(739): Illuminate\Routing\Router->dispatchToRoute(Object(Illuminate\Http\Request))
#57 C:\Users\nabra\OneDrive\Desktop\roshyara\xamp\nrna\nrna-eu\vendor\laravel\framework\src\Illuminate\Foundation\Http\Kernel.php(201): Illuminate\Routing\Router->dispatch(Object(Illuminate\Http\Request))
#58 C:\Users\nabra\OneDrive\Desktop\roshyara\xamp\nrna\nrna-eu\vendor\laravel\framework\src\Illuminate\Pipeline\Pipeline.php(170): Illuminate\Foundation\Http\Kernel->Illuminate\Foundation\Http\{closure}(Object(Illuminate\Http\Request))
#59 C:\Users\nabra\OneDrive\Desktop\roshyara\xamp\nrna\nrna-eu\app\Http\Middleware\TrackPerformance.php(28): Illuminate\Pipeline\Pipeline->Illuminate\Pipeline\{closure}(Object(Illuminate\Http\Request))
#60 C:\Users\nabra\OneDrive\Desktop\roshyara\xamp\nrna\nrna-eu\vendor\laravel\framework\src\Illuminate\Pipeline\Pipeline.php(209): App\Http\Middleware\TrackPerformance->handle(Object(Illuminate\Http\Request), Object(Closure))
#61 C:\Users\nabra\OneDrive\Desktop\roshyara\xamp\nrna\nrna-eu\vendor\laravel\framework\src\Illuminate\Foundation\Http\Middleware\TransformsRequest.php(21): Illuminate\Pipeline\Pipeline->Illuminate\Pipeline\{closure}(Object(Illuminate\Http\Request))
#62 C:\Users\nabra\OneDrive\Desktop\roshyara\xamp\nrna\nrna-eu\vendor\laravel\framework\src\Illuminate\Foundation\Http\Middleware\ConvertEmptyStringsToNull.php(31): Illuminate\Foundation\Http\Middleware\TransformsRequest->handle(Object(Illuminate\Http\Request), Object(Closure))
#63 C:\Users\nabra\OneDrive\Desktop\roshyara\xamp\nrna\nrna-eu\vendor\laravel\framework\src\Illuminate\Pipeline\Pipeline.php(209): Illuminate\Foundation\Http\Middleware\ConvertEmptyStringsToNull->handle(Object(Illuminate\Http\Request), Object(Closure))
#64 C:\Users\nabra\OneDrive\Desktop\roshyara\xamp\nrna\nrna-eu\vendor\laravel\framework\src\Illuminate\Foundation\Http\Middleware\TransformsRequest.php(21): Illuminate\Pipeline\Pipeline->Illuminate\Pipeline\{closure}(Object(Illuminate\Http\Request))
#65 C:\Users\nabra\OneDrive\Desktop\roshyara\xamp\nrna\nrna-eu\vendor\laravel\framework\src\Illuminate\Foundation\Http\Middleware\TrimStrings.php(51): Illuminate\Foundation\Http\Middleware\TransformsRequest->handle(Object(Illuminate\Http\Request), Object(Closure))
#66 C:\Users\nabra\OneDrive\Desktop\roshyara\xamp\nrna\nrna-eu\vendor\laravel\framework\src\Illuminate\Pipeline\Pipeline.php(209): Illuminate\Foundation\Http\Middleware\TrimStrings->handle(Object(Illuminate\Http\Request), Object(Closure))
#67 C:\Users\nabra\OneDrive\Desktop\roshyara\xamp\nrna\nrna-eu\vendor\laravel\framework\src\Illuminate\Http\Middleware\ValidatePostSize.php(27): Illuminate\Pipeline\Pipeline->Illuminate\Pipeline\{closure}(Object(Illuminate\Http\Request))
#68 C:\Users\nabra\OneDrive\Desktop\roshyara\xamp\nrna\nrna-eu\vendor\laravel\framework\src\Illuminate\Pipeline\Pipeline.php(209): Illuminate\Http\Middleware\ValidatePostSize->handle(Object(Illuminate\Http\Request), Object(Closure))
#69 C:\Users\nabra\OneDrive\Desktop\roshyara\xamp\nrna\nrna-eu\vendor\laravel\framework\src\Illuminate\Foundation\Http\Middleware\PreventRequestsDuringMaintenance.php(110): Illuminate\Pipeline\Pipeline->Illuminate\Pipeline\{closure}(Object(Illuminate\Http\Request))
#70 C:\Users\nabra\OneDrive\Desktop\roshyara\xamp\nrna\nrna-eu\vendor\laravel\framework\src\Illuminate\Pipeline\Pipeline.php(209): Illuminate\Foundation\Http\Middleware\PreventRequestsDuringMaintenance->handle(Object(Illuminate\Http\Request), Object(Closure))
#71 C:\Users\nabra\OneDrive\Desktop\roshyara\xamp\nrna\nrna-eu\vendor\laravel\framework\src\Illuminate\Http\Middleware\HandleCors.php(49): Illuminate\Pipeline\Pipeline->Illuminate\Pipeline\{closure}(Object(Illuminate\Http\Request))
#72 C:\Users\nabra\OneDrive\Desktop\roshyara\xamp\nrna\nrna-eu\vendor\laravel\framework\src\Illuminate\Pipeline\Pipeline.php(209): Illuminate\Http\Middleware\HandleCors->handle(Object(Illuminate\Http\Request), Object(Closure))
#73 C:\Users\nabra\OneDrive\Desktop\roshyara\xamp\nrna\nrna-eu\vendor\laravel\framework\src\Illuminate\Http\Middleware\TrustProxies.php(58): Illuminate\Pipeline\Pipeline->Illuminate\Pipeline\{closure}(Object(Illuminate\Http\Request))
#74 C:\Users\nabra\OneDrive\Desktop\roshyara\xamp\nrna\nrna-eu\vendor\laravel\framework\src\Illuminate\Pipeline\Pipeline.php(209): Illuminate\Http\Middleware\TrustProxies->handle(Object(Illuminate\Http\Request), Object(Closure))
#75 C:\Users\nabra\OneDrive\Desktop\roshyara\xamp\nrna\nrna-eu\vendor\laravel\framework\src\Illuminate\Foundation\Http\Middleware\InvokeDeferredCallbacks.php(22): Illuminate\Pipeline\Pipeline->Illuminate\Pipeline\{closure}(Object(Illuminate\Http\Request))
#76 C:\Users\nabra\OneDrive\Desktop\roshyara\xamp\nrna\nrna-eu\vendor\laravel\framework\src\Illuminate\Pipeline\Pipeline.php(209): Illuminate\Foundation\Http\Middleware\InvokeDeferredCallbacks->handle(Object(Illuminate\Http\Request), Object(Closure))
#77 C:\Users\nabra\OneDrive\Desktop\roshyara\xamp\nrna\nrna-eu\vendor\laravel\framework\src\Illuminate\Pipeline\Pipeline.php(127): Illuminate\Pipeline\Pipeline->Illuminate\Pipeline\{closure}(Object(Illuminate\Http\Request))
#78 C:\Users\nabra\OneDrive\Desktop\roshyara\xamp\nrna\nrna-eu\vendor\laravel\framework\src\Illuminate\Foundation\Http\Kernel.php(176): Illuminate\Pipeline\Pipeline->then(Object(Closure))
#79 C:\Users\nabra\OneDrive\Desktop\roshyara\xamp\nrna\nrna-eu\vendor\laravel\framework\src\Illuminate\Foundation\Http\Kernel.php(145): Illuminate\Foundation\Http\Kernel->sendRequestThroughRouter(Object(Illuminate\Http\Request))
#80 C:\Users\nabra\OneDrive\Desktop\roshyara\xamp\nrna\nrna-eu\vendor\laravel\framework\src\Illuminate\Foundation\Testing\Concerns\MakesHttpRequests.php(607): Illuminate\Foundation\Http\Kernel->handle(Object(Illuminate\Http\Request))
#81 C:\Users\nabra\OneDrive\Desktop\roshyara\xamp\nrna\nrna-eu\vendor\laravel\framework\src\Illuminate\Foundation\Testing\Concerns\MakesHttpRequests.php(397): Illuminate\Foundation\Testing\TestCase->call('POST', 'http://localhos...', Array, Array, Array, Array)
#82 C:\Users\nabra\OneDrive\Desktop\roshyara\xamp\nrna\nrna-eu\tests\Feature\Membership\MembershipFeeTest.php(103): Illuminate\Foundation\Testing\TestCase->post('http://localhos...', Array)
#83 C:\Users\nabra\OneDrive\Desktop\roshyara\xamp\nrna\nrna-eu\vendor\phpunit\phpunit\src\Framework\TestCase.php(1235): Tests\Feature\Membership\MembershipFeeTest->admin_can_record_payment()
#84 C:\Users\nabra\OneDrive\Desktop\roshyara\xamp\nrna\nrna-eu\vendor\phpunit\phpunit\src\Framework\TestCase.php(514): PHPUnit\Framework\TestCase->runTest()
#85 C:\Users\nabra\OneDrive\Desktop\roshyara\xamp\nrna\nrna-eu\vendor\phpunit\phpunit\src\Framework\TestRunner\TestRunner.php(87): PHPUnit\Framework\TestCase->runBare()
#86 C:\Users\nabra\OneDrive\Desktop\roshyara\xamp\nrna\nrna-eu\vendor\phpunit\phpunit\src\Framework\TestCase.php(361): PHPUnit\Framework\TestRunner->run(Object(Tests\Feature\Membership\MembershipFeeTest))
#87 C:\Users\nabra\OneDrive\Desktop\roshyara\xamp\nrna\nrna-eu\vendor\phpunit\phpunit\src\Framework\TestSuite.php(369): PHPUnit\Framework\TestCase->run()
#88 C:\Users\nabra\OneDrive\Desktop\roshyara\xamp\nrna\nrna-eu\vendor\phpunit\phpunit\src\Framework\TestSuite.php(369): PHPUnit\Framework\TestSuite->run()
#89 C:\Users\nabra\OneDrive\Desktop\roshyara\xamp\nrna\nrna-eu\vendor\phpunit\phpunit\src\Framework\TestSuite.php(369): PHPUnit\Framework\TestSuite->run()
#90 C:\Users\nabra\OneDrive\Desktop\roshyara\xamp\nrna\nrna-eu\vendor\phpunit\phpunit\src\TextUI\TestRunner.php(64): PHPUnit\Framework\TestSuite->run()
#91 C:\Users\nabra\OneDrive\Desktop\roshyara\xamp\nrna\nrna-eu\vendor\phpunit\phpunit\src\TextUI\Application.php(210): PHPUnit\TextUI\TestRunner->run(Object(PHPUnit\TextUI\Configuration\Configuration), Object(PHPUnit\Runner\ResultCache\DefaultResultCache), Object(PHPUnit\Framework\TestSuite))
#92 C:\Users\nabra\OneDrive\Desktop\roshyara\xamp\nrna\nrna-eu\vendor\phpunit\phpunit\phpunit(104): PHPUnit\TextUI\Application->run(Array)
#93 {main}

----------------------------------------------------------------------------------

SQLSTATE[42703]: Undefined column: 7 FEHLER:  Spalte »currency« von Relation »membership_payments« existiert nicht
LINE 1: ...ember_id", "fee_id", "organisation_id", "amount", "currency"...
                                                             ^ (Connection: pgsql, SQL: insert into "membership_payments" ("member_id", "fee_id", "organisation_id", "amount", "currency", "payment_method", "payment_reference", "status", "recorded_by", "paid_at", "id", "updated_at", "created_at") values (a1e8ebff-b00c-4c9a-add0-88510f4fcea9, 7d622d00-2cd1-47ac-9e72-46a40133f5fc, a1e8ebff-76ed-4ffb-8e19-1f33caf98ef1, 50, EUR, bank_transfer, REF-001, completed, a1e8ebff-865f-4a20-aa1a-9695bbf7fb3f, 2026-05-31 08:53:58, a1e8ebff-c23b-41a4-8fca-497cc17c1ffb, 2026-05-31 08:53:58, 2026-05-31 08:53:58))[39;22m

  at [32mtests\Feature\Membership\MembershipFeeTest.php[39m:[32m111[39m
    107▕                 'payment_reference' => 'REF-001',
    108▕             ]
    109▕         );
    110▕ 
  ➜ 111▕         $response->assertRedirect();
    112▕         $response->assertSessionHasNoErrors();
    113▕ 
    114▕         $this->assertDatabaseHas('membership_fees', [
    115▕             'id'     => $this->fee->id,

  [31m────────────────────────────────────────────────────────────────────────────────────────────────────────────────────[39m  
  [41;1m FAILED [49;22m [1mTests\Feature\Membership\MembershipFeeTest[22m [90m>[39m payment fires membership fee paid event                         
[39;1m  The expected [App\Events\MembershipFeePaid] event was not dispatched.
Failed asserting that false is true.[39;22m

  at [32mvendor\laravel\framework\src\Illuminate\Support\Testing\Fakes\EventFake.php[39m:[32m145[39m
    141▕         if (is_int($callback)) {
    142▕             return $this->assertDispatchedTimes($event, $callback);
    143▕         }
    144▕ 
  ➜ 145▕         PHPUnit::assertTrue(
    146▕             $this->dispatched($event, $callback)->count() > 0,
    147▕             "The expected [{$event}] event was not dispatched."
    148▕         );
    149▕     }

  [33m1   [39m[39;1mvendor\laravel\framework\src\Illuminate\Support\Testing\Fakes\EventFake.php[39;22m:[39;1m145[39;22m
  [33m2   [39m[39;1mvendor\laravel\framework\src\Illuminate\Support\Facades\Facade.php[39;22m:[39;1m361[39;22m

  [31m────────────────────────────────────────────────────────────────────────────────────────────────────────────────────[39m  
  [41;1m FAILED [49;22m [1mTests\Feature\Membership\MembershipFeeTest[22m [90m>[39m duplicate payment with same idempotency key returns conflict    
[39;1m  Expected 409 or redirect on duplicate idempotency key
Failed asserting that false is true.[39;22m

  at [32mtests\Feature\Membership\MembershipFeeTest.php[39m:[32m205[39m
    201▕             ]
    202▕         );
    203▕ 
    204▕         // Should be 409 or redirect with error
  ➜ 205▕         $this->assertTrue(
    206▕             $response->getStatusCode() === 409 || $response->isRedirect(),
    207▕             'Expected 409 or redirect on duplicate idempotency key'
    208▕         );
    209▕     }

  [33m1   [39m[39;1mtests\Feature\Membership\MembershipFeeTest.php[39;22m:[39;1m205[39;22m

  [31m────────────────────────────────────────────────────────────────────────────────────────────────────────────────────[39m  
  [41;1m FAILED [49;22m [1mTests\Feature\Membership\OutboxIntegrationTest[22m [90m>[39m payment creates outbox event                   [41;1m TypeError [49;22m  
[39;1m  App\Contexts\Membership\Domain\Fee\Fee::create(): Argument #3 ($tenantId) must be of type App\Contexts\Shared\Domain\ValueObjects\TenantId, App\Contexts\Membership\Domain\ValueObjects\TenantId given, called in C:\Users\nabra\OneDrive\Desktop\roshyara\xamp\nrna\nrna-eu\tests\Support\Factories\FeeTestFactory.php on line 39[39;22m

  at [32mapp\Contexts\Membership\Domain\Fee\Fee.php[39m:[32m48[39m
     44▕         $this->amount = $amount;
     45▕         $this->dueDate = $dueDate;
     46▕     }
     47▕ 
  ➜  48▕     public static function create(
     49▕         MemberId $memberId,
     50▕         MembershipTypeId $membershipTypeId,
     51▕         TenantId $tenantId,
     52▕         string $amount,

  [33m1   [39m[39;1mapp\Contexts\Membership\Domain\Fee\Fee.php[39;22m:[39;1m48[39;22m
  [33m2   [39m[39;1mtests\Support\Factories\FeeTestFactory.php[39;22m:[39;1m39[39;22m

  [31m────────────────────────────────────────────────────────────────────────────────────────────────────────────────────[39m  
  [41;1m FAILED [49;22m [1mTests\Feature\Membership\OutboxIntegrationTest[22m [90m>[39m outbox event persists payload                  [41;1m TypeError [49;22m  
[39;1m  App\Contexts\Membership\Domain\Fee\Fee::create(): Argument #3 ($tenantId) must be of type App\Contexts\Shared\Domain\ValueObjects\TenantId, App\Contexts\Membership\Domain\ValueObjects\TenantId given, called in C:\Users\nabra\OneDrive\Desktop\roshyara\xamp\nrna\nrna-eu\tests\Support\Factories\FeeTestFactory.php on line 39[39;22m

  at [32mapp\Contexts\Membership\Domain\Fee\Fee.php[39m:[32m48[39m
     44▕         $this->amount = $amount;
     45▕         $this->dueDate = $dueDate;
     46▕     }
     47▕ 
  ➜  48▕     public static function create(
     49▕         MemberId $memberId,
     50▕         MembershipTypeId $membershipTypeId,
     51▕         TenantId $tenantId,
     52▕         string $amount,

  [33m1   [39m[39;1mapp\Contexts\Membership\Domain\Fee\Fee.php[39;22m:[39;1m48[39;22m
  [33m2   [39m[39;1mtests\Support\Factories\FeeTestFactory.php[39;22m:[39;1m39[39;22m

  [31m────────────────────────────────────────────────────────────────────────────────────────────────────────────────────[39m  
  [41;1m FAILED [49;22m [1mTests\Feature\Membership\OutboxIntegrationTest[22m [90m>[39m waived fee creates outbox event                [41;1m TypeError [49;22m  
[39;1m  App\Contexts\Membership\Domain\Fee\Fee::create(): Argument #3 ($tenantId) must be of type App\Contexts\Shared\Domain\ValueObjects\TenantId, App\Contexts\Membership\Domain\ValueObjects\TenantId given, called in C:\Users\nabra\OneDrive\Desktop\roshyara\xamp\nrna\nrna-eu\tests\Support\Factories\FeeTestFactory.php on line 74[39;22m

  at [32mapp\Contexts\Membership\Domain\Fee\Fee.php[39m:[32m48[39m
     44▕         $this->amount = $amount;
     45▕         $this->dueDate = $dueDate;
     46▕     }
     47▕ 
  ➜  48▕     public static function create(
     49▕         MemberId $memberId,
     50▕         MembershipTypeId $membershipTypeId,
     51▕         TenantId $tenantId,
     52▕         string $amount,

  [33m1   [39m[39;1mapp\Contexts\Membership\Domain\Fee\Fee.php[39;22m:[39;1m48[39;22m
  [33m2   [39m[39;1mtests\Support\Factories\FeeTestFactory.php[39;22m:[39;1m74[39;22m

  [31m────────────────────────────────────────────────────────────────────────────────────────────────────────────────────[39m  
  [41;1m FAILED [49;22m [1mTests\Feature\Membership\ParticipantImportErrorMessagesTest[22m [90m>[39m success message includes created and partic…   
[39;1m  Expected response status code [201, 301, 302, 303, 307, 308] but received 500.
Failed asserting that false is true.

The following exception occurred during the last request:

PDOException: SQLSTATE[23514]: Check violation: 7 FEHLER:  neue Zeile für Relation »organisation_participants« verletzt Check-Constraint »organisation_participants_role_check«
DETAIL:  Fehlgeschlagene Zeile enthält (a1e8ec23-0ef7-4e68-b48e-c4c8246e91bb, a1e8ec22-9ec7-42a6-b514-1e788ee5e598, a1e8ec22-c9c7-4822-b5e6-9b0a98517846, staff, 2026-05-31 08:54:22, null, null, 2026-05-31 08:54:22, 2026-05-31 08:54:22, null, coordinator). in C:\Users\nabra\OneDrive\Desktop\roshyara\xamp\nrna\nrna-eu\vendor\laravel\framework\src\Illuminate\Database\Connection.php:571
Stack trace:
#0 C:\Users\nabra\OneDrive\Desktop\roshyara\xamp\nrna\nrna-eu\vendor\laravel\framework\src\Illuminate\Database\Connection.php(571): PDOStatement->execute()
#1 C:\Users\nabra\OneDrive\Desktop\roshyara\xamp\nrna\nrna-eu\vendor\laravel\framework\src\Illuminate\Database\Connection.php(812): Illuminate\Database\Connection->Illuminate\Database\{closure}('insert into "or...', Array)
#2 C:\Users\nabra\OneDrive\Desktop\roshyara\xamp\nrna\nrna-eu\vendor\laravel\framework\src\Illuminate\Database\Connection.php(779): Illuminate\Database\Connection->runQueryCallback('insert into "or...', Array, Object(Closure))
#3 C:\Users\nabra\OneDrive\Desktop\roshyara\xamp\nrna\nrna-eu\vendor\laravel\framework\src\Illuminate\Database\Connection.php(560): Illuminate\Database\Connection->run('insert into "or...', Array, Object(Closure))
#4 C:\Users\nabra\OneDrive\Desktop\roshyara\xamp\nrna\nrna-eu\vendor\laravel\framework\src\Illuminate\Database\Connection.php(524): Illuminate\Database\Connection->statement('insert into "or...', Array)
#5 C:\Users\nabra\OneDrive\Desktop\roshyara\xamp\nrna\nrna-eu\vendor\laravel\framework\src\Illuminate\Database\Query\Builder.php(3748): Illuminate\Database\Connection->insert('insert into "or...', Array)
#6 C:\Users\nabra\OneDrive\Desktop\roshyara\xamp\nrna\nrna-eu\vendor\laravel\framework\src\Illuminate\Database\Eloquent\Builder.php(2099): Illuminate\Database\Query\Builder->insert(Array)
#7 C:\Users\nabra\OneDrive\Desktop\roshyara\xamp\nrna\nrna-eu\vendor\laravel\framework\src\Illuminate\Database\Eloquent\Model.php(1335): Illuminate\Database\Eloquent\Builder->__call('insert', Array)
#8 C:\Users\nabra\OneDrive\Desktop\roshyara\xamp\nrna\nrna-eu\vendor\laravel\framework\src\Illuminate\Database\Eloquent\Model.php(1163): Illuminate\Database\Eloquent\Model->performInsert(Object(Illuminate\Database\Eloquent\Builder))
#9 C:\Users\nabra\OneDrive\Desktop\roshyara\xamp\nrna\nrna-eu\vendor\laravel\framework\src\Illuminate\Database\Eloquent\Builder.php(1107): Illuminate\Database\Eloquent\Model->save()
#10 C:\Users\nabra\OneDrive\Desktop\roshyara\xamp\nrna\nrna-eu\vendor\laravel\framework\src\Illuminate\Support\helpers.php(399): Illuminate\Database\Eloquent\Builder->Illuminate\Database\Eloquent\{closure}(Object(App\Models\OrganisationParticipant))
#11 C:\Users\nabra\OneDrive\Desktop\roshyara\xamp\nrna\nrna-eu\vendor\laravel\framework\src\Illuminate\Database\Eloquent\Builder.php(1106): tap(Object(App\Models\OrganisationParticipant), Object(Closure))
#12 C:\Users\nabra\OneDrive\Desktop\roshyara\xamp\nrna\nrna-eu\vendor\laravel\framework\src\Illuminate\Support\Traits\ForwardsCalls.php(23): Illuminate\Database\Eloquent\Builder->create(Array)
#13 C:\Users\nabra\OneDrive\Desktop\roshyara\xamp\nrna\nrna-eu\vendor\laravel\framework\src\Illuminate\Database\Eloquent\Model.php(2368): Illuminate\Database\Eloquent\Model->forwardCallTo(Object(Illuminate\Database\Eloquent\Builder), 'create', Array)
#14 C:\Users\nabra\OneDrive\Desktop\roshyara\xamp\nrna\nrna-eu\vendor\laravel\framework\src\Illuminate\Database\Eloquent\Model.php(2380): Illuminate\Database\Eloquent\Model->__call('create', Array)
#15 C:\Users\nabra\OneDrive\Desktop\roshyara\xamp\nrna\nrna-eu\app\Services\ParticipantImportService.php(124): Illuminate\Database\Eloquent\Model::__callStatic('create', Array)
#16 C:\Users\nabra\OneDrive\Desktop\roshyara\xamp\nrna\nrna-eu\vendor\laravel\framework\src\Illuminate\Database\Concerns\ManagesTransactions.php(32): App\Services\ParticipantImportService->App\Services\{closure}(Object(Illuminate\Database\PostgresConnection))
#17 C:\Users\nabra\OneDrive\Desktop\roshyara\xamp\nrna\nrna-eu\vendor\laravel\framework\src\Illuminate\Database\DatabaseManager.php(495): Illuminate\Database\Connection->transaction(Object(Closure))
#18 C:\Users\nabra\OneDrive\Desktop\roshyara\xamp\nrna\nrna-eu\vendor\laravel\framework\src\Illuminate\Support\Facades\Facade.php(361): Illuminate\Database\DatabaseManager->__call('transaction', Array)
#19 C:\Users\nabra\OneDrive\Desktop\roshyara\xamp\nrna\nrna-eu\app\Services\ParticipantImportService.php(95): Illuminate\Support\Facades\Facade::__callStatic('transaction', Array)
#20 C:\Users\nabra\OneDrive\Desktop\roshyara\xamp\nrna\nrna-eu\app\Http\Controllers\Membership\ParticipantImportController.php(65): App\Services\ParticipantImportService->import(Object(Illuminate\Http\UploadedFile))
#21 C:\Users\nabra\OneDrive\Desktop\roshyara\xamp\nrna\nrna-eu\vendor\laravel\framework\src\Illuminate\Routing\Controller.php(54): App\Http\Controllers\Membership\ParticipantImportController->import(Object(Illuminate\Http\Request), Object(App\Models\Organisation))
#22 C:\Users\nabra\OneDrive\Desktop\roshyara\xamp\nrna\nrna-eu\vendor\laravel\framework\src\Illuminate\Routing\ControllerDispatcher.php(44): Illuminate\Routing\Controller->callAction('import', Array)
#23 C:\Users\nabra\OneDrive\Desktop\roshyara\xamp\nrna\nrna-eu\vendor\laravel\framework\src\Illuminate\Routing\Route.php(266): Illuminate\Routing\ControllerDispatcher->dispatch(Object(Illuminate\Routing\Route), Object(App\Http\Controllers\Membership\ParticipantImportController), 'import')
#24 C:\Users\nabra\OneDrive\Desktop\roshyara\xamp\nrna\nrna-eu\vendor\laravel\framework\src\Illuminate\Routing\Route.php(212): Illuminate\Routing\Route->runController()
#25 C:\Users\nabra\OneDrive\Desktop\roshyara\xamp\nrna\nrna-eu\vendor\laravel\framework\src\Illuminate\Routing\Router.php(808): Illuminate\Routing\Route->run()
#26 C:\Users\nabra\OneDrive\Desktop\roshyara\xamp\nrna\nrna-eu\vendor\laravel\framework\src\Illuminate\Pipeline\Pipeline.php(170): Illuminate\Routing\Router->Illuminate\Routing\{closure}(Object(Illuminate\Http\Request))
#27 C:\Users\nabra\OneDrive\Desktop\roshyara\xamp\nrna\nrna-eu\app\Http\Middleware\EnsureOrganisationMember.php(161): Illuminate\Pipeline\Pipeline->Illuminate\Pipeline\{closure}(Object(Illuminate\Http\Request))
#28 C:\Users\nabra\OneDrive\Desktop\roshyara\xamp\nrna\nrna-eu\vendor\laravel\framework\src\Illuminate\Pipeline\Pipeline.php(209): App\Http\Middleware\EnsureOrganisationMember->handle(Object(Illuminate\Http\Request), Object(Closure))
#29 C:\Users\nabra\OneDrive\Desktop\roshyara\xamp\nrna\nrna-eu\vendor\laravel\framework\src\Illuminate\Auth\Middleware\EnsureEmailIsVerified.php(41): Illuminate\Pipeline\Pipeline->Illuminate\Pipeline\{closure}(Object(Illuminate\Http\Request))
#30 C:\Users\nabra\OneDrive\Desktop\roshyara\xamp\nrna\nrna-eu\vendor\laravel\framework\src\Illuminate\Pipeline\Pipeline.php(209): Illuminate\Auth\Middleware\EnsureEmailIsVerified->handle(Object(Illuminate\Http\Request), Object(Closure))
#31 C:\Users\nabra\OneDrive\Desktop\roshyara\xamp\nrna\nrna-eu\vendor\laravel\framework\src\Illuminate\Auth\Middleware\Authenticate.php(64): Illuminate\Pipeline\Pipeline->Illuminate\Pipeline\{closure}(Object(Illuminate\Http\Request))
#32 C:\Users\nabra\OneDrive\Desktop\roshyara\xamp\nrna\nrna-eu\vendor\laravel\framework\src\Illuminate\Pipeline\Pipeline.php(209): Illuminate\Auth\Middleware\Authenticate->handle(Object(Illuminate\Http\Request), Object(Closure))
#33 C:\Users\nabra\OneDrive\Desktop\roshyara\xamp\nrna\nrna-eu\vendor\inertiajs\inertia-laravel\src\Middleware.php(86): Illuminate\Pipeline\Pipeline->Illuminate\Pipeline\{closure}(Object(Illuminate\Http\Request))
#34 C:\Users\nabra\OneDrive\Desktop\roshyara\xamp\nrna\nrna-eu\vendor\laravel\framework\src\Illuminate\Pipeline\Pipeline.php(209): Inertia\Middleware->handle(Object(Illuminate\Http\Request), Object(Closure))
#35 C:\Users\nabra\OneDrive\Desktop\roshyara\xamp\nrna\nrna-eu\app\Http\Middleware\InjectPageMeta.php(65): Illuminate\Pipeline\Pipeline->Illuminate\Pipeline\{closure}(Object(Illuminate\Http\Request))
#36 C:\Users\nabra\OneDrive\Desktop\roshyara\xamp\nrna\nrna-eu\vendor\laravel\framework\src\Illuminate\Pipeline\Pipeline.php(209): App\Http\Middleware\InjectPageMeta->handle(Object(Illuminate\Http\Request), Object(Closure))
#37 C:\Users\nabra\OneDrive\Desktop\roshyara\xamp\nrna\nrna-eu\app\Http\Middleware\SetLocale.php(59): Illuminate\Pipeline\Pipeline->Illuminate\Pipeline\{closure}(Object(Illuminate\Http\Request))
#38 C:\Users\nabra\OneDrive\Desktop\roshyara\xamp\nrna\nrna-eu\vendor\laravel\framework\src\Illuminate\Pipeline\Pipeline.php(209): App\Http\Middleware\SetLocale->handle(Object(Illuminate\Http\Request), Object(Closure))
#39 C:\Users\nabra\OneDrive\Desktop\roshyara\xamp\nrna\nrna-eu\app\Http\Middleware\PreloadAssets.php(12): Illuminate\Pipeline\Pipeline->Illuminate\Pipeline\{closure}(Object(Illuminate\Http\Request))
#40 C:\Users\nabra\OneDrive\Desktop\roshyara\xamp\nrna\nrna-eu\vendor\laravel\framework\src\Illuminate\Pipeline\Pipeline.php(209): App\Http\Middleware\PreloadAssets->handle(Object(Illuminate\Http\Request), Object(Closure))
#41 C:\Users\nabra\OneDrive\Desktop\roshyara\xamp\nrna\nrna-eu\vendor\laravel\framework\src\Illuminate\Routing\Middleware\SubstituteBindings.php(51): Illuminate\Pipeline\Pipeline->Illuminate\Pipeline\{closure}(Object(Illuminate\Http\Request))
#42 C:\Users\nabra\OneDrive\Desktop\roshyara\xamp\nrna\nrna-eu\vendor\laravel\framework\src\Illuminate\Pipeline\Pipeline.php(209): Illuminate\Routing\Middleware\SubstituteBindings->handle(Object(Illuminate\Http\Request), Object(Closure))
#43 C:\Users\nabra\OneDrive\Desktop\roshyara\xamp\nrna\nrna-eu\vendor\laravel\framework\src\Illuminate\Foundation\Http\Middleware\VerifyCsrfToken.php(88): Illuminate\Pipeline\Pipeline->Illuminate\Pipeline\{closure}(Object(Illuminate\Http\Request))
#44 C:\Users\nabra\OneDrive\Desktop\roshyara\xamp\nrna\nrna-eu\vendor\laravel\framework\src\Illuminate\Pipeline\Pipeline.php(209): Illuminate\Foundation\Http\Middleware\VerifyCsrfToken->handle(Object(Illuminate\Http\Request), Object(Closure))
#45 C:\Users\nabra\OneDrive\Desktop\roshyara\xamp\nrna\nrna-eu\vendor\laravel\framework\src\Illuminate\View\Middleware\ShareErrorsFromSession.php(49): Illuminate\Pipeline\Pipeline->Illuminate\Pipeline\{closure}(Object(Illuminate\Http\Request))
#46 C:\Users\nabra\OneDrive\Desktop\roshyara\xamp\nrna\nrna-eu\vendor\laravel\framework\src\Illuminate\Pipeline\Pipeline.php(209): Illuminate\View\Middleware\ShareErrorsFromSession->handle(Object(Illuminate\Http\Request), Object(Closure))
#47 C:\Users\nabra\OneDrive\Desktop\roshyara\xamp\nrna\nrna-eu\vendor\laravel\framework\src\Illuminate\Session\Middleware\StartSession.php(121): Illuminate\Pipeline\Pipeline->Illuminate\Pipeline\{closure}(Object(Illuminate\Http\Request))
#48 C:\Users\nabra\OneDrive\Desktop\roshyara\xamp\nrna\nrna-eu\vendor\laravel\framework\src\Illuminate\Session\Middleware\StartSession.php(64): Illuminate\Session\Middleware\StartSession->handleStatefulRequest(Object(Illuminate\Http\Request), Object(Illuminate\Session\Store), Object(Closure))
#49 C:\Users\nabra\OneDrive\Desktop\roshyara\xamp\nrna\nrna-eu\vendor\laravel\framework\src\Illuminate\Pipeline\Pipeline.php(209): Illuminate\Session\Middleware\StartSession->handle(Object(Illuminate\Http\Request), Object(Closure))
#50 C:\Users\nabra\OneDrive\Desktop\roshyara\xamp\nrna\nrna-eu\vendor\laravel\framework\src\Illuminate\Cookie\Middleware\AddQueuedCookiesToResponse.php(37): Illuminate\Pipeline\Pipeline->Illuminate\Pipeline\{closure}(Object(Illuminate\Http\Request))
#51 C:\Users\nabra\OneDrive\Desktop\roshyara\xamp\nrna\nrna-eu\vendor\laravel\framework\src\Illuminate\Pipeline\Pipeline.php(209): Illuminate\Cookie\Middleware\AddQueuedCookiesToResponse->handle(Object(Illuminate\Http\Request), Object(Closure))
#52 C:\Users\nabra\OneDrive\Desktop\roshyara\xamp\nrna\nrna-eu\vendor\laravel\framework\src\Illuminate\Cookie\Middleware\EncryptCookies.php(75): Illuminate\Pipeline\Pipeline->Illuminate\Pipeline\{closure}(Object(Illuminate\Http\Request))
#53 C:\Users\nabra\OneDrive\Desktop\roshyara\xamp\nrna\nrna-eu\vendor\laravel\framework\src\Illuminate\Pipeline\Pipeline.php(209): Illuminate\Cookie\Middleware\EncryptCookies->handle(Object(Illuminate\Http\Request), Object(Closure))
#54 C:\Users\nabra\OneDrive\Desktop\roshyara\xamp\nrna\nrna-eu\vendor\laravel\framework\src\Illuminate\Pipeline\Pipeline.php(127): Illuminate\Pipeline\Pipeline->Illuminate\Pipeline\{closure}(Object(Illuminate\Http\Request))
#55 C:\Users\nabra\OneDrive\Desktop\roshyara\xamp\nrna\nrna-eu\vendor\laravel\framework\src\Illuminate\Routing\Router.php(807): Illuminate\Pipeline\Pipeline->then(Object(Closure))
#56 C:\Users\nabra\OneDrive\Desktop\roshyara\xamp\nrna\nrna-eu\vendor\laravel\framework\src\Illuminate\Routing\Router.php(786): Illuminate\Routing\Router->runRouteWithinStack(Object(Illuminate\Routing\Route), Object(Illuminate\Http\Request))
#57 C:\Users\nabra\OneDrive\Desktop\roshyara\xamp\nrna\nrna-eu\vendor\laravel\framework\src\Illuminate\Routing\Router.php(750): Illuminate\Routing\Router->runRoute(Object(Illuminate\Http\Request), Object(Illuminate\Routing\Route))
#58 C:\Users\nabra\OneDrive\Desktop\roshyara\xamp\nrna\nrna-eu\vendor\laravel\framework\src\Illuminate\Routing\Router.php(739): Illuminate\Routing\Router->dispatchToRoute(Object(Illuminate\Http\Request))
#59 C:\Users\nabra\OneDrive\Desktop\roshyara\xamp\nrna\nrna-eu\vendor\laravel\framework\src\Illuminate\Foundation\Http\Kernel.php(201): Illuminate\Routing\Router->dispatch(Object(Illuminate\Http\Request))
#60 C:\Users\nabra\OneDrive\Desktop\roshyara\xamp\nrna\nrna-eu\vendor\laravel\framework\src\Illuminate\Pipeline\Pipeline.php(170): Illuminate\Foundation\Http\Kernel->Illuminate\Foundation\Http\{closure}(Object(Illuminate\Http\Request))
#61 C:\Users\nabra\OneDrive\Desktop\roshyara\xamp\nrna\nrna-eu\app\Http\Middleware\TrackPerformance.php(28): Illuminate\Pipeline\Pipeline->Illuminate\Pipeline\{closure}(Object(Illuminate\Http\Request))
#62 C:\Users\nabra\OneDrive\Desktop\roshyara\xamp\nrna\nrna-eu\vendor\laravel\framework\src\Illuminate\Pipeline\Pipeline.php(209): App\Http\Middleware\TrackPerformance->handle(Object(Illuminate\Http\Request), Object(Closure))
#63 C:\Users\nabra\OneDrive\Desktop\roshyara\xamp\nrna\nrna-eu\vendor\laravel\framework\src\Illuminate\Foundation\Http\Middleware\TransformsRequest.php(21): Illuminate\Pipeline\Pipeline->Illuminate\Pipeline\{closure}(Object(Illuminate\Http\Request))
#64 C:\Users\nabra\OneDrive\Desktop\roshyara\xamp\nrna\nrna-eu\vendor\laravel\framework\src\Illuminate\Foundation\Http\Middleware\ConvertEmptyStringsToNull.php(31): Illuminate\Foundation\Http\Middleware\TransformsRequest->handle(Object(Illuminate\Http\Request), Object(Closure))
#65 C:\Users\nabra\OneDrive\Desktop\roshyara\xamp\nrna\nrna-eu\vendor\laravel\framework\src\Illuminate\Pipeline\Pipeline.php(209): Illuminate\Foundation\Http\Middleware\ConvertEmptyStringsToNull->handle(Object(Illuminate\Http\Request), Object(Closure))
#66 C:\Users\nabra\OneDrive\Desktop\roshyara\xamp\nrna\nrna-eu\vendor\laravel\framework\src\Illuminate\Foundation\Http\Middleware\TransformsRequest.php(21): Illuminate\Pipeline\Pipeline->Illuminate\Pipeline\{closure}(Object(Illuminate\Http\Request))
#67 C:\Users\nabra\OneDrive\Desktop\roshyara\xamp\nrna\nrna-eu\vendor\laravel\framework\src\Illuminate\Foundation\Http\Middleware\TrimStrings.php(51): Illuminate\Foundation\Http\Middleware\TransformsRequest->handle(Object(Illuminate\Http\Request), Object(Closure))
#68 C:\Users\nabra\OneDrive\Desktop\roshyara\xamp\nrna\nrna-eu\vendor\laravel\framework\src\Illuminate\Pipeline\Pipeline.php(209): Illuminate\Foundation\Http\Middleware\TrimStrings->handle(Object(Illuminate\Http\Request), Object(Closure))
#69 C:\Users\nabra\OneDrive\Desktop\roshyara\xamp\nrna\nrna-eu\vendor\laravel\framework\src\Illuminate\Http\Middleware\ValidatePostSize.php(27): Illuminate\Pipeline\Pipeline->Illuminate\Pipeline\{closure}(Object(Illuminate\Http\Request))
#70 C:\Users\nabra\OneDrive\Desktop\roshyara\xamp\nrna\nrna-eu\vendor\laravel\framework\src\Illuminate\Pipeline\Pipeline.php(209): Illuminate\Http\Middleware\ValidatePostSize->handle(Object(Illuminate\Http\Request), Object(Closure))
#71 C:\Users\nabra\OneDrive\Desktop\roshyara\xamp\nrna\nrna-eu\vendor\laravel\framework\src\Illuminate\Foundation\Http\Middleware\PreventRequestsDuringMaintenance.php(110): Illuminate\Pipeline\Pipeline->Illuminate\Pipeline\{closure}(Object(Illuminate\Http\Request))
#72 C:\Users\nabra\OneDrive\Desktop\roshyara\xamp\nrna\nrna-eu\vendor\laravel\framework\src\Illuminate\Pipeline\Pipeline.php(209): Illuminate\Foundation\Http\Middleware\PreventRequestsDuringMaintenance->handle(Object(Illuminate\Http\Request), Object(Closure))
#73 C:\Users\nabra\OneDrive\Desktop\roshyara\xamp\nrna\nrna-eu\vendor\laravel\framework\src\Illuminate\Http\Middleware\HandleCors.php(49): Illuminate\Pipeline\Pipeline->Illuminate\Pipeline\{closure}(Object(Illuminate\Http\Request))
#74 C:\Users\nabra\OneDrive\Desktop\roshyara\xamp\nrna\nrna-eu\vendor\laravel\framework\src\Illuminate\Pipeline\Pipeline.php(209): Illuminate\Http\Middleware\HandleCors->handle(Object(Illuminate\Http\Request), Object(Closure))
#75 C:\Users\nabra\OneDrive\Desktop\roshyara\xamp\nrna\nrna-eu\vendor\laravel\framework\src\Illuminate\Http\Middleware\TrustProxies.php(58): Illuminate\Pipeline\Pipeline->Illuminate\Pipeline\{closure}(Object(Illuminate\Http\Request))
#76 C:\Users\nabra\OneDrive\Desktop\roshyara\xamp\nrna\nrna-eu\vendor\laravel\framework\src\Illuminate\Pipeline\Pipeline.php(209): Illuminate\Http\Middleware\TrustProxies->handle(Object(Illuminate\Http\Request), Object(Closure))
#77 C:\Users\nabra\OneDrive\Desktop\roshyara\xamp\nrna\nrna-eu\vendor\laravel\framework\src\Illuminate\Foundation\Http\Middleware\InvokeDeferredCallbacks.php(22): Illuminate\Pipeline\Pipeline->Illuminate\Pipeline\{closure}(Object(Illuminate\Http\Request))
#78 C:\Users\nabra\OneDrive\Desktop\roshyara\xamp\nrna\nrna-eu\vendor\laravel\framework\src\Illuminate\Pipeline\Pipeline.php(209): Illuminate\Foundation\Http\Middleware\InvokeDeferredCallbacks->handle(Object(Illuminate\Http\Request), Object(Closure))
#79 C:\Users\nabra\OneDrive\Desktop\roshyara\xamp\nrna\nrna-eu\vendor\laravel\framework\src\Illuminate\Pipeline\Pipeline.php(127): Illuminate\Pipeline\Pipeline->Illuminate\Pipeline\{closure}(Object(Illuminate\Http\Request))
#80 C:\Users\nabra\OneDrive\Desktop\roshyara\xamp\nrna\nrna-eu\vendor\laravel\framework\src\Illuminate\Foundation\Http\Kernel.php(176): Illuminate\Pipeline\Pipeline->then(Object(Closure))
#81 C:\Users\nabra\OneDrive\Desktop\roshyara\xamp\nrna\nrna-eu\vendor\laravel\framework\src\Illuminate\Foundation\Http\Kernel.php(145): Illuminate\Foundation\Http\Kernel->sendRequestThroughRouter(Object(Illuminate\Http\Request))
#82 C:\Users\nabra\OneDrive\Desktop\roshyara\xamp\nrna\nrna-eu\vendor\laravel\framework\src\Illuminate\Foundation\Testing\Concerns\MakesHttpRequests.php(607): Illuminate\Foundation\Http\Kernel->handle(Object(Illuminate\Http\Request))
#83 C:\Users\nabra\OneDrive\Desktop\roshyara\xamp\nrna\nrna-eu\vendor\laravel\framework\src\Illuminate\Foundation\Testing\Concerns\MakesHttpRequests.php(397): Illuminate\Foundation\Testing\TestCase->call('POST', 'http://localhos...', Array, Array, Array, Array)
#84 C:\Users\nabra\OneDrive\Desktop\roshyara\xamp\nrna\nrna-eu\tests\Feature\Membership\ParticipantImportErrorMessagesTest.php(164): Illuminate\Foundation\Testing\TestCase->post('http://localhos...', Array)
#85 C:\Users\nabra\OneDrive\Desktop\roshyara\xamp\nrna\nrna-eu\vendor\phpunit\phpunit\src\Framework\TestCase.php(1235): Tests\Feature\Membership\ParticipantImportErrorMessagesTest->test_success_message_includes_created_and_participant_wording()
#86 C:\Users\nabra\OneDrive\Desktop\roshyara\xamp\nrna\nrna-eu\vendor\phpunit\phpunit\src\Framework\TestCase.php(514): PHPUnit\Framework\TestCase->runTest()
#87 C:\Users\nabra\OneDrive\Desktop\roshyara\xamp\nrna\nrna-eu\vendor\phpunit\phpunit\src\Framework\TestRunner\TestRunner.php(87): PHPUnit\Framework\TestCase->runBare()
#88 C:\Users\nabra\OneDrive\Desktop\roshyara\xamp\nrna\nrna-eu\vendor\phpunit\phpunit\src\Framework\TestCase.php(361): PHPUnit\Framework\TestRunner->run(Object(Tests\Feature\Membership\ParticipantImportErrorMessagesTest))
#89 C:\Users\nabra\OneDrive\Desktop\roshyara\xamp\nrna\nrna-eu\vendor\phpunit\phpunit\src\Framework\TestSuite.php(369): PHPUnit\Framework\TestCase->run()
#90 C:\Users\nabra\OneDrive\Desktop\roshyara\xamp\nrna\nrna-eu\vendor\phpunit\phpunit\src\Framework\TestSuite.php(369): PHPUnit\Framework\TestSuite->run()
#91 C:\Users\nabra\OneDrive\Desktop\roshyara\xamp\nrna\nrna-eu\vendor\phpunit\phpunit\src\Framework\TestSuite.php(369): PHPUnit\Framework\TestSuite->run()
#92 C:\Users\nabra\OneDrive\Desktop\roshyara\xamp\nrna\nrna-eu\vendor\phpunit\phpunit\src\TextUI\TestRunner.php(64): PHPUnit\Framework\TestSuite->run()
#93 C:\Users\nabra\OneDrive\Desktop\roshyara\xamp\nrna\nrna-eu\vendor\phpunit\phpunit\src\TextUI\Application.php(210): PHPUnit\TextUI\TestRunner->run(Object(PHPUnit\TextUI\Configuration\Configuration), Object(PHPUnit\Runner\ResultCache\DefaultResultCache), Object(PHPUnit\Framework\TestSuite))
#94 C:\Users\nabra\OneDrive\Desktop\roshyara\xamp\nrna\nrna-eu\vendor\phpunit\phpunit\phpunit(104): PHPUnit\TextUI\Application->run(Array)
#95 {main}

Next Illuminate\Database\QueryException: SQLSTATE[23514]: Check violation: 7 FEHLER:  neue Zeile für Relation »organisation_participants« verletzt Check-Constraint »organisation_participants_role_check«
DETAIL:  Fehlgeschlagene Zeile enthält (a1e8ec23-0ef7-4e68-b48e-c4c8246e91bb, a1e8ec22-9ec7-42a6-b514-1e788ee5e598, a1e8ec22-c9c7-4822-b5e6-9b0a98517846, staff, 2026-05-31 08:54:22, null, null, 2026-05-31 08:54:22, 2026-05-31 08:54:22, null, coordinator). (Connection: pgsql, SQL: insert into "organisation_participants" ("organisation_id", "user_id", "participant_type", "role", "expires_at", "permissions", "assigned_at", "id", "updated_at", "created_at") values (a1e8ec22-9ec7-42a6-b514-1e788ee5e598, a1e8ec22-c9c7-4822-b5e6-9b0a98517846, staff, coordinator, ?, ?, 2026-05-31 08:54:22, a1e8ec23-0ef7-4e68-b48e-c4c8246e91bb, 2026-05-31 08:54:22, 2026-05-31 08:54:22)) in C:\Users\nabra\OneDrive\Desktop\roshyara\xamp\nrna\nrna-eu\vendor\laravel\framework\src\Illuminate\Database\Connection.php:825
Stack trace:
#0 C:\Users\nabra\OneDrive\Desktop\roshyara\xamp\nrna\nrna-eu\vendor\laravel\framework\src\Illuminate\Database\Connection.php(779): Illuminate\Database\Connection->runQueryCallback('insert into "or...', Array, Object(Closure))
#1 C:\Users\nabra\OneDrive\Desktop\roshyara\xamp\nrna\nrna-eu\vendor\laravel\framework\src\Illuminate\Database\Connection.php(560): Illuminate\Database\Connection->run('insert into "or...', Array, Object(Closure))
#2 C:\Users\nabra\OneDrive\Desktop\roshyara\xamp\nrna\nrna-eu\vendor\laravel\framework\src\Illuminate\Database\Connection.php(524): Illuminate\Database\Connection->statement('insert into "or...', Array)
#3 C:\Users\nabra\OneDrive\Desktop\roshyara\xamp\nrna\nrna-eu\vendor\laravel\framework\src\Illuminate\Database\Query\Builder.php(3748): Illuminate\Database\Connection->insert('insert into "or...', Array)
#4 C:\Users\nabra\OneDrive\Desktop\roshyara\xamp\nrna\nrna-eu\vendor\laravel\framework\src\Illuminate\Database\Eloquent\Builder.php(2099): Illuminate\Database\Query\Builder->insert(Array)
#5 C:\Users\nabra\OneDrive\Desktop\roshyara\xamp\nrna\nrna-eu\vendor\laravel\framework\src\Illuminate\Database\Eloquent\Model.php(1335): Illuminate\Database\Eloquent\Builder->__call('insert', Array)
#6 C:\Users\nabra\OneDrive\Desktop\roshyara\xamp\nrna\nrna-eu\vendor\laravel\framework\src\Illuminate\Database\Eloquent\Model.php(1163): Illuminate\Database\Eloquent\Model->performInsert(Object(Illuminate\Database\Eloquent\Builder))
#7 C:\Users\nabra\OneDrive\Desktop\roshyara\xamp\nrna\nrna-eu\vendor\laravel\framework\src\Illuminate\Database\Eloquent\Builder.php(1107): Illuminate\Database\Eloquent\Model->save()
#8 C:\Users\nabra\OneDrive\Desktop\roshyara\xamp\nrna\nrna-eu\vendor\laravel\framework\src\Illuminate\Support\helpers.php(399): Illuminate\Database\Eloquent\Builder->Illuminate\Database\Eloquent\{closure}(Object(App\Models\OrganisationParticipant))
#9 C:\Users\nabra\OneDrive\Desktop\roshyara\xamp\nrna\nrna-eu\vendor\laravel\framework\src\Illuminate\Database\Eloquent\Builder.php(1106): tap(Object(App\Models\OrganisationParticipant), Object(Closure))
#10 C:\Users\nabra\OneDrive\Desktop\roshyara\xamp\nrna\nrna-eu\vendor\laravel\framework\src\Illuminate\Support\Traits\ForwardsCalls.php(23): Illuminate\Database\Eloquent\Builder->create(Array)
#11 C:\Users\nabra\OneDrive\Desktop\roshyara\xamp\nrna\nrna-eu\vendor\laravel\framework\src\Illuminate\Database\Eloquent\Model.php(2368): Illuminate\Database\Eloquent\Model->forwardCallTo(Object(Illuminate\Database\Eloquent\Builder), 'create', Array)
#12 C:\Users\nabra\OneDrive\Desktop\roshyara\xamp\nrna\nrna-eu\vendor\laravel\framework\src\Illuminate\Database\Eloquent\Model.php(2380): Illuminate\Database\Eloquent\Model->__call('create', Array)
#13 C:\Users\nabra\OneDrive\Desktop\roshyara\xamp\nrna\nrna-eu\app\Services\ParticipantImportService.php(124): Illuminate\Database\Eloquent\Model::__callStatic('create', Array)
#14 C:\Users\nabra\OneDrive\Desktop\roshyara\xamp\nrna\nrna-eu\vendor\laravel\framework\src\Illuminate\Database\Concerns\ManagesTransactions.php(32): App\Services\ParticipantImportService->App\Services\{closure}(Object(Illuminate\Database\PostgresConnection))
#15 C:\Users\nabra\OneDrive\Desktop\roshyara\xamp\nrna\nrna-eu\vendor\laravel\framework\src\Illuminate\Database\DatabaseManager.php(495): Illuminate\Database\Connection->transaction(Object(Closure))
#16 C:\Users\nabra\OneDrive\Desktop\roshyara\xamp\nrna\nrna-eu\vendor\laravel\framework\src\Illuminate\Support\Facades\Facade.php(361): Illuminate\Database\DatabaseManager->__call('transaction', Array)
#17 C:\Users\nabra\OneDrive\Desktop\roshyara\xamp\nrna\nrna-eu\app\Services\ParticipantImportService.php(95): Illuminate\Support\Facades\Facade::__callStatic('transaction', Array)
#18 C:\Users\nabra\OneDrive\Desktop\roshyara\xamp\nrna\nrna-eu\app\Http\Controllers\Membership\ParticipantImportController.php(65): App\Services\ParticipantImportService->import(Object(Illuminate\Http\UploadedFile))
#19 C:\Users\nabra\OneDrive\Desktop\roshyara\xamp\nrna\nrna-eu\vendor\laravel\framework\src\Illuminate\Routing\Controller.php(54): App\Http\Controllers\Membership\ParticipantImportController->import(Object(Illuminate\Http\Request), Object(App\Models\Organisation))
#20 C:\Users\nabra\OneDrive\Desktop\roshyara\xamp\nrna\nrna-eu\vendor\laravel\framework\src\Illuminate\Routing\ControllerDispatcher.php(44): Illuminate\Routing\Controller->callAction('import', Array)
#21 C:\Users\nabra\OneDrive\Desktop\roshyara\xamp\nrna\nrna-eu\vendor\laravel\framework\src\Illuminate\Routing\Route.php(266): Illuminate\Routing\ControllerDispatcher->dispatch(Object(Illuminate\Routing\Route), Object(App\Http\Controllers\Membership\ParticipantImportController), 'import')
#22 C:\Users\nabra\OneDrive\Desktop\roshyara\xamp\nrna\nrna-eu\vendor\laravel\framework\src\Illuminate\Routing\Route.php(212): Illuminate\Routing\Route->runController()
#23 C:\Users\nabra\OneDrive\Desktop\roshyara\xamp\nrna\nrna-eu\vendor\laravel\framework\src\Illuminate\Routing\Router.php(808): Illuminate\Routing\Route->run()
#24 C:\Users\nabra\OneDrive\Desktop\roshyara\xamp\nrna\nrna-eu\vendor\laravel\framework\src\Illuminate\Pipeline\Pipeline.php(170): Illuminate\Routing\Router->Illuminate\Routing\{closure}(Object(Illuminate\Http\Request))
#25 C:\Users\nabra\OneDrive\Desktop\roshyara\xamp\nrna\nrna-eu\app\Http\Middleware\EnsureOrganisationMember.php(161): Illuminate\Pipeline\Pipeline->Illuminate\Pipeline\{closure}(Object(Illuminate\Http\Request))
#26 C:\Users\nabra\OneDrive\Desktop\roshyara\xamp\nrna\nrna-eu\vendor\laravel\framework\src\Illuminate\Pipeline\Pipeline.php(209): App\Http\Middleware\EnsureOrganisationMember->handle(Object(Illuminate\Http\Request), Object(Closure))
#27 C:\Users\nabra\OneDrive\Desktop\roshyara\xamp\nrna\nrna-eu\vendor\laravel\framework\src\Illuminate\Auth\Middleware\EnsureEmailIsVerified.php(41): Illuminate\Pipeline\Pipeline->Illuminate\Pipeline\{closure}(Object(Illuminate\Http\Request))
#28 C:\Users\nabra\OneDrive\Desktop\roshyara\xamp\nrna\nrna-eu\vendor\laravel\framework\src\Illuminate\Pipeline\Pipeline.php(209): Illuminate\Auth\Middleware\EnsureEmailIsVerified->handle(Object(Illuminate\Http\Request), Object(Closure))
#29 C:\Users\nabra\OneDrive\Desktop\roshyara\xamp\nrna\nrna-eu\vendor\laravel\framework\src\Illuminate\Auth\Middleware\Authenticate.php(64): Illuminate\Pipeline\Pipeline->Illuminate\Pipeline\{closure}(Object(Illuminate\Http\Request))
#30 C:\Users\nabra\OneDrive\Desktop\roshyara\xamp\nrna\nrna-eu\vendor\laravel\framework\src\Illuminate\Pipeline\Pipeline.php(209): Illuminate\Auth\Middleware\Authenticate->handle(Object(Illuminate\Http\Request), Object(Closure))
#31 C:\Users\nabra\OneDrive\Desktop\roshyara\xamp\nrna\nrna-eu\vendor\inertiajs\inertia-laravel\src\Middleware.php(86): Illuminate\Pipeline\Pipeline->Illuminate\Pipeline\{closure}(Object(Illuminate\Http\Request))
#32 C:\Users\nabra\OneDrive\Desktop\roshyara\xamp\nrna\nrna-eu\vendor\laravel\framework\src\Illuminate\Pipeline\Pipeline.php(209): Inertia\Middleware->handle(Object(Illuminate\Http\Request), Object(Closure))
#33 C:\Users\nabra\OneDrive\Desktop\roshyara\xamp\nrna\nrna-eu\app\Http\Middleware\InjectPageMeta.php(65): Illuminate\Pipeline\Pipeline->Illuminate\Pipeline\{closure}(Object(Illuminate\Http\Request))
#34 C:\Users\nabra\OneDrive\Desktop\roshyara\xamp\nrna\nrna-eu\vendor\laravel\framework\src\Illuminate\Pipeline\Pipeline.php(209): App\Http\Middleware\InjectPageMeta->handle(Object(Illuminate\Http\Request), Object(Closure))
#35 C:\Users\nabra\OneDrive\Desktop\roshyara\xamp\nrna\nrna-eu\app\Http\Middleware\SetLocale.php(59): Illuminate\Pipeline\Pipeline->Illuminate\Pipeline\{closure}(Object(Illuminate\Http\Request))
#36 C:\Users\nabra\OneDrive\Desktop\roshyara\xamp\nrna\nrna-eu\vendor\laravel\framework\src\Illuminate\Pipeline\Pipeline.php(209): App\Http\Middleware\SetLocale->handle(Object(Illuminate\Http\Request), Object(Closure))
#37 C:\Users\nabra\OneDrive\Desktop\roshyara\xamp\nrna\nrna-eu\app\Http\Middleware\PreloadAssets.php(12): Illuminate\Pipeline\Pipeline->Illuminate\Pipeline\{closure}(Object(Illuminate\Http\Request))
#38 C:\Users\nabra\OneDrive\Desktop\roshyara\xamp\nrna\nrna-eu\vendor\laravel\framework\src\Illuminate\Pipeline\Pipeline.php(209): App\Http\Middleware\PreloadAssets->handle(Object(Illuminate\Http\Request), Object(Closure))
#39 C:\Users\nabra\OneDrive\Desktop\roshyara\xamp\nrna\nrna-eu\vendor\laravel\framework\src\Illuminate\Routing\Middleware\SubstituteBindings.php(51): Illuminate\Pipeline\Pipeline->Illuminate\Pipeline\{closure}(Object(Illuminate\Http\Request))
#40 C:\Users\nabra\OneDrive\Desktop\roshyara\xamp\nrna\nrna-eu\vendor\laravel\framework\src\Illuminate\Pipeline\Pipeline.php(209): Illuminate\Routing\Middleware\SubstituteBindings->handle(Object(Illuminate\Http\Request), Object(Closure))
#41 C:\Users\nabra\OneDrive\Desktop\roshyara\xamp\nrna\nrna-eu\vendor\laravel\framework\src\Illuminate\Foundation\Http\Middleware\VerifyCsrfToken.php(88): Illuminate\Pipeline\Pipeline->Illuminate\Pipeline\{closure}(Object(Illuminate\Http\Request))
#42 C:\Users\nabra\OneDrive\Desktop\roshyara\xamp\nrna\nrna-eu\vendor\laravel\framework\src\Illuminate\Pipeline\Pipeline.php(209): Illuminate\Foundation\Http\Middleware\VerifyCsrfToken->handle(Object(Illuminate\Http\Request), Object(Closure))
#43 C:\Users\nabra\OneDrive\Desktop\roshyara\xamp\nrna\nrna-eu\vendor\laravel\framework\src\Illuminate\View\Middleware\ShareErrorsFromSession.php(49): Illuminate\Pipeline\Pipeline->Illuminate\Pipeline\{closure}(Object(Illuminate\Http\Request))
#44 C:\Users\nabra\OneDrive\Desktop\roshyara\xamp\nrna\nrna-eu\vendor\laravel\framework\src\Illuminate\Pipeline\Pipeline.php(209): Illuminate\View\Middleware\ShareErrorsFromSession->handle(Object(Illuminate\Http\Request), Object(Closure))
#45 C:\Users\nabra\OneDrive\Desktop\roshyara\xamp\nrna\nrna-eu\vendor\laravel\framework\src\Illuminate\Session\Middleware\StartSession.php(121): Illuminate\Pipeline\Pipeline->Illuminate\Pipeline\{closure}(Object(Illuminate\Http\Request))
#46 C:\Users\nabra\OneDrive\Desktop\roshyara\xamp\nrna\nrna-eu\vendor\laravel\framework\src\Illuminate\Session\Middleware\StartSession.php(64): Illuminate\Session\Middleware\StartSession->handleStatefulRequest(Object(Illuminate\Http\Request), Object(Illuminate\Session\Store), Object(Closure))
#47 C:\Users\nabra\OneDrive\Desktop\roshyara\xamp\nrna\nrna-eu\vendor\laravel\framework\src\Illuminate\Pipeline\Pipeline.php(209): Illuminate\Session\Middleware\StartSession->handle(Object(Illuminate\Http\Request), Object(Closure))
#48 C:\Users\nabra\OneDrive\Desktop\roshyara\xamp\nrna\nrna-eu\vendor\laravel\framework\src\Illuminate\Cookie\Middleware\AddQueuedCookiesToResponse.php(37): Illuminate\Pipeline\Pipeline->Illuminate\Pipeline\{closure}(Object(Illuminate\Http\Request))
#49 C:\Users\nabra\OneDrive\Desktop\roshyara\xamp\nrna\nrna-eu\vendor\laravel\framework\src\Illuminate\Pipeline\Pipeline.php(209): Illuminate\Cookie\Middleware\AddQueuedCookiesToResponse->handle(Object(Illuminate\Http\Request), Object(Closure))
#50 C:\Users\nabra\OneDrive\Desktop\roshyara\xamp\nrna\nrna-eu\vendor\laravel\framework\src\Illuminate\Cookie\Middleware\EncryptCookies.php(75): Illuminate\Pipeline\Pipeline->Illuminate\Pipeline\{closure}(Object(Illuminate\Http\Request))
#51 C:\Users\nabra\OneDrive\Desktop\roshyara\xamp\nrna\nrna-eu\vendor\laravel\framework\src\Illuminate\Pipeline\Pipeline.php(209): Illuminate\Cookie\Middleware\EncryptCookies->handle(Object(Illuminate\Http\Request), Object(Closure))
#52 C:\Users\nabra\OneDrive\Desktop\roshyara\xamp\nrna\nrna-eu\vendor\laravel\framework\src\Illuminate\Pipeline\Pipeline.php(127): Illuminate\Pipeline\Pipeline->Illuminate\Pipeline\{closure}(Object(Illuminate\Http\Request))
#53 C:\Users\nabra\OneDrive\Desktop\roshyara\xamp\nrna\nrna-eu\vendor\laravel\framework\src\Illuminate\Routing\Router.php(807): Illuminate\Pipeline\Pipeline->then(Object(Closure))
#54 C:\Users\nabra\OneDrive\Desktop\roshyara\xamp\nrna\nrna-eu\vendor\laravel\framework\src\Illuminate\Routing\Router.php(786): Illuminate\Routing\Router->runRouteWithinStack(Object(Illuminate\Routing\Route), Object(Illuminate\Http\Request))
#55 C:\Users\nabra\OneDrive\Desktop\roshyara\xamp\nrna\nrna-eu\vendor\laravel\framework\src\Illuminate\Routing\Router.php(750): Illuminate\Routing\Router->runRoute(Object(Illuminate\Http\Request), Object(Illuminate\Routing\Route))
#56 C:\Users\nabra\OneDrive\Desktop\roshyara\xamp\nrna\nrna-eu\vendor\laravel\framework\src\Illuminate\Routing\Router.php(739): Illuminate\Routing\Router->dispatchToRoute(Object(Illuminate\Http\Request))
#57 C:\Users\nabra\OneDrive\Desktop\roshyara\xamp\nrna\nrna-eu\vendor\laravel\framework\src\Illuminate\Foundation\Http\Kernel.php(201): Illuminate\Routing\Router->dispatch(Object(Illuminate\Http\Request))
#58 C:\Users\nabra\OneDrive\Desktop\roshyara\xamp\nrna\nrna-eu\vendor\laravel\framework\src\Illuminate\Pipeline\Pipeline.php(170): Illuminate\Foundation\Http\Kernel->Illuminate\Foundation\Http\{closure}(Object(Illuminate\Http\Request))
#59 C:\Users\nabra\OneDrive\Desktop\roshyara\xamp\nrna\nrna-eu\app\Http\Middleware\TrackPerformance.php(28): Illuminate\Pipeline\Pipeline->Illuminate\Pipeline\{closure}(Object(Illuminate\Http\Request))
#60 C:\Users\nabra\OneDrive\Desktop\roshyara\xamp\nrna\nrna-eu\vendor\laravel\framework\src\Illuminate\Pipeline\Pipeline.php(209): App\Http\Middleware\TrackPerformance->handle(Object(Illuminate\Http\Request), Object(Closure))
#61 C:\Users\nabra\OneDrive\Desktop\roshyara\xamp\nrna\nrna-eu\vendor\laravel\framework\src\Illuminate\Foundation\Http\Middleware\TransformsRequest.php(21): Illuminate\Pipeline\Pipeline->Illuminate\Pipeline\{closure}(Object(Illuminate\Http\Request))
#62 C:\Users\nabra\OneDrive\Desktop\roshyara\xamp\nrna\nrna-eu\vendor\laravel\framework\src\Illuminate\Foundation\Http\Middleware\ConvertEmptyStringsToNull.php(31): Illuminate\Foundation\Http\Middleware\TransformsRequest->handle(Object(Illuminate\Http\Request), Object(Closure))
#63 C:\Users\nabra\OneDrive\Desktop\roshyara\xamp\nrna\nrna-eu\vendor\laravel\framework\src\Illuminate\Pipeline\Pipeline.php(209): Illuminate\Foundation\Http\Middleware\ConvertEmptyStringsToNull->handle(Object(Illuminate\Http\Request), Object(Closure))
#64 C:\Users\nabra\OneDrive\Desktop\roshyara\xamp\nrna\nrna-eu\vendor\laravel\framework\src\Illuminate\Foundation\Http\Middleware\TransformsRequest.php(21): Illuminate\Pipeline\Pipeline->Illuminate\Pipeline\{closure}(Object(Illuminate\Http\Request))
#65 C:\Users\nabra\OneDrive\Desktop\roshyara\xamp\nrna\nrna-eu\vendor\laravel\framework\src\Illuminate\Foundation\Http\Middleware\TrimStrings.php(51): Illuminate\Foundation\Http\Middleware\TransformsRequest->handle(Object(Illuminate\Http\Request), Object(Closure))
#66 C:\Users\nabra\OneDrive\Desktop\roshyara\xamp\nrna\nrna-eu\vendor\laravel\framework\src\Illuminate\Pipeline\Pipeline.php(209): Illuminate\Foundation\Http\Middleware\TrimStrings->handle(Object(Illuminate\Http\Request), Object(Closure))
#67 C:\Users\nabra\OneDrive\Desktop\roshyara\xamp\nrna\nrna-eu\vendor\laravel\framework\src\Illuminate\Http\Middleware\ValidatePostSize.php(27): Illuminate\Pipeline\Pipeline->Illuminate\Pipeline\{closure}(Object(Illuminate\Http\Request))
#68 C:\Users\nabra\OneDrive\Desktop\roshyara\xamp\nrna\nrna-eu\vendor\laravel\framework\src\Illuminate\Pipeline\Pipeline.php(209): Illuminate\Http\Middleware\ValidatePostSize->handle(Object(Illuminate\Http\Request), Object(Closure))
#69 C:\Users\nabra\OneDrive\Desktop\roshyara\xamp\nrna\nrna-eu\vendor\laravel\framework\src\Illuminate\Foundation\Http\Middleware\PreventRequestsDuringMaintenance.php(110): Illuminate\Pipeline\Pipeline->Illuminate\Pipeline\{closure}(Object(Illuminate\Http\Request))
#70 C:\Users\nabra\OneDrive\Desktop\roshyara\xamp\nrna\nrna-eu\vendor\laravel\framework\src\Illuminate\Pipeline\Pipeline.php(209): Illuminate\Foundation\Http\Middleware\PreventRequestsDuringMaintenance->handle(Object(Illuminate\Http\Request), Object(Closure))
#71 C:\Users\nabra\OneDrive\Desktop\roshyara\xamp\nrna\nrna-eu\vendor\laravel\framework\src\Illuminate\Http\Middleware\HandleCors.php(49): Illuminate\Pipeline\Pipeline->Illuminate\Pipeline\{closure}(Object(Illuminate\Http\Request))
#72 C:\Users\nabra\OneDrive\Desktop\roshyara\xamp\nrna\nrna-eu\vendor\laravel\framework\src\Illuminate\Pipeline\Pipeline.php(209): Illuminate\Http\Middleware\HandleCors->handle(Object(Illuminate\Http\Request), Object(Closure))
#73 C:\Users\nabra\OneDrive\Desktop\roshyara\xamp\nrna\nrna-eu\vendor\laravel\framework\src\Illuminate\Http\Middleware\TrustProxies.php(58): Illuminate\Pipeline\Pipeline->Illuminate\Pipeline\{closure}(Object(Illuminate\Http\Request))
#74 C:\Users\nabra\OneDrive\Desktop\roshyara\xamp\nrna\nrna-eu\vendor\laravel\framework\src\Illuminate\Pipeline\Pipeline.php(209): Illuminate\Http\Middleware\TrustProxies->handle(Object(Illuminate\Http\Request), Object(Closure))
#75 C:\Users\nabra\OneDrive\Desktop\roshyara\xamp\nrna\nrna-eu\vendor\laravel\framework\src\Illuminate\Foundation\Http\Middleware\InvokeDeferredCallbacks.php(22): Illuminate\Pipeline\Pipeline->Illuminate\Pipeline\{closure}(Object(Illuminate\Http\Request))
#76 C:\Users\nabra\OneDrive\Desktop\roshyara\xamp\nrna\nrna-eu\vendor\laravel\framework\src\Illuminate\Pipeline\Pipeline.php(209): Illuminate\Foundation\Http\Middleware\InvokeDeferredCallbacks->handle(Object(Illuminate\Http\Request), Object(Closure))
#77 C:\Users\nabra\OneDrive\Desktop\roshyara\xamp\nrna\nrna-eu\vendor\laravel\framework\src\Illuminate\Pipeline\Pipeline.php(127): Illuminate\Pipeline\Pipeline->Illuminate\Pipeline\{closure}(Object(Illuminate\Http\Request))
#78 C:\Users\nabra\OneDrive\Desktop\roshyara\xamp\nrna\nrna-eu\vendor\laravel\framework\src\Illuminate\Foundation\Http\Kernel.php(176): Illuminate\Pipeline\Pipeline->then(Object(Closure))
#79 C:\Users\nabra\OneDrive\Desktop\roshyara\xamp\nrna\nrna-eu\vendor\laravel\framework\src\Illuminate\Foundation\Http\Kernel.php(145): Illuminate\Foundation\Http\Kernel->sendRequestThroughRouter(Object(Illuminate\Http\Request))
#80 C:\Users\nabra\OneDrive\Desktop\roshyara\xamp\nrna\nrna-eu\vendor\laravel\framework\src\Illuminate\Foundation\Testing\Concerns\MakesHttpRequests.php(607): Illuminate\Foundation\Http\Kernel->handle(Object(Illuminate\Http\Request))
#81 C:\Users\nabra\OneDrive\Desktop\roshyara\xamp\nrna\nrna-eu\vendor\laravel\framework\src\Illuminate\Foundation\Testing\Concerns\MakesHttpRequests.php(397): Illuminate\Foundation\Testing\TestCase->call('POST', 'http://localhos...', Array, Array, Array, Array)
#82 C:\Users\nabra\OneDrive\Desktop\roshyara\xamp\nrna\nrna-eu\tests\Feature\Membership\ParticipantImportErrorMessagesTest.php(164): Illuminate\Foundation\Testing\TestCase->post('http://localhos...', Array)
#83 C:\Users\nabra\OneDrive\Desktop\roshyara\xamp\nrna\nrna-eu\vendor\phpunit\phpunit\src\Framework\TestCase.php(1235): Tests\Feature\Membership\ParticipantImportErrorMessagesTest->test_success_message_includes_created_and_participant_wording()
#84 C:\Users\nabra\OneDrive\Desktop\roshyara\xamp\nrna\nrna-eu\vendor\phpunit\phpunit\src\Framework\TestCase.php(514): PHPUnit\Framework\TestCase->runTest()
#85 C:\Users\nabra\OneDrive\Desktop\roshyara\xamp\nrna\nrna-eu\vendor\phpunit\phpunit\src\Framework\TestRunner\TestRunner.php(87): PHPUnit\Framework\TestCase->runBare()
#86 C:\Users\nabra\OneDrive\Desktop\roshyara\xamp\nrna\nrna-eu\vendor\phpunit\phpunit\src\Framework\TestCase.php(361): PHPUnit\Framework\TestRunner->run(Object(Tests\Feature\Membership\ParticipantImportErrorMessagesTest))
#87 C:\Users\nabra\OneDrive\Desktop\roshyara\xamp\nrna\nrna-eu\vendor\phpunit\phpunit\src\Framework\TestSuite.php(369): PHPUnit\Framework\TestCase->run()
#88 C:\Users\nabra\OneDrive\Desktop\roshyara\xamp\nrna\nrna-eu\vendor\phpunit\phpunit\src\Framework\TestSuite.php(369): PHPUnit\Framework\TestSuite->run()
#89 C:\Users\nabra\OneDrive\Desktop\roshyara\xamp\nrna\nrna-eu\vendor\phpunit\phpunit\src\Framework\TestSuite.php(369): PHPUnit\Framework\TestSuite->run()
#90 C:\Users\nabra\OneDrive\Desktop\roshyara\xamp\nrna\nrna-eu\vendor\phpunit\phpunit\src\TextUI\TestRunner.php(64): PHPUnit\Framework\TestSuite->run()
#91 C:\Users\nabra\OneDrive\Desktop\roshyara\xamp\nrna\nrna-eu\vendor\phpunit\phpunit\src\TextUI\Application.php(210): PHPUnit\TextUI\TestRunner->run(Object(PHPUnit\TextUI\Configuration\Configuration), Object(PHPUnit\Runner\ResultCache\DefaultResultCache), Object(PHPUnit\Framework\TestSuite))
#92 C:\Users\nabra\OneDrive\Desktop\roshyara\xamp\nrna\nrna-eu\vendor\phpunit\phpunit\phpunit(104): PHPUnit\TextUI\Application->run(Array)
#93 {main}

----------------------------------------------------------------------------------

SQLSTATE[23514]: Check violation: 7 FEHLER:  neue Zeile für Relation »organisation_participants« verletzt Check-Constraint »organisation_participants_role_check«
DETAIL:  Fehlgeschlagene Zeile enthält (a1e8ec23-0ef7-4e68-b48e-c4c8246e91bb, a1e8ec22-9ec7-42a6-b514-1e788ee5e598, a1e8ec22-c9c7-4822-b5e6-9b0a98517846, staff, 2026-05-31 08:54:22, null, null, 2026-05-31 08:54:22, 2026-05-31 08:54:22, null, coordinator). (Connection: pgsql, SQL: insert into "organisation_participants" ("organisation_id", "user_id", "participant_type", "role", "expires_at", "permissions", "assigned_at", "id", "updated_at", "created_at") values (a1e8ec22-9ec7-42a6-b514-1e788ee5e598, a1e8ec22-c9c7-4822-b5e6-9b0a98517846, staff, coordinator, ?, ?, 2026-05-31 08:54:22, a1e8ec23-0ef7-4e68-b48e-c4c8246e91bb, 2026-05-31 08:54:22, 2026-05-31 08:54:22))[39;22m

  at [32mtests\Feature\Membership\ParticipantImportErrorMessagesTest.php[39m:[32m172[39m
    168▕                     'confirmed' => '1',
    169▕                 ]
    170▕             );
    171▕ 
  ➜ 172▕         $response->assertRedirect();
    173▕         $message = $response->getSession()->get('success');
    174▕ 
    175▕         $this->assertNotNull($message);
    176▕         $this->assertStringContainsStringIgnoringCase('created', $message);

  [31m────────────────────────────────────────────────────────────────────────────────────────────────────────────────────[39m  
  [41;1m FAILED [49;22m [1mTests\Feature\MiddlewareChainTest[22m [90m>[39m layer 1 verifies voter slug exists                     [41;1m QueryException [49;22m  
[39;1m  SQLSTATE[23514]: Check violation: 7 FEHLER:  neue Zeile für Relation »organisations« verletzt Check-Constraint »organisations_type_check«
DETAIL:  Fehlgeschlagene Zeile enthält (a1e8ec4f-5460-4c93-8cd1-59ab588bde21, Test Org, test-org, organisation, f, null, null, null, null, null, 2026-05-31 08:54:51, 2026-05-31 08:54:51, null, null, t, null, flat, null, null, null, null, null, pending_setup, null, null, UTC). (Connection: pgsql, SQL: insert into "organisations" ("name", "slug", "type", "id", "updated_at", "created_at") values (Test Org, test-org, organisation, a1e8ec4f-5460-4c93-8cd1-59ab588bde21, 2026-05-31 08:54:51, 2026-05-31 08:54:51))[39;22m

  at [32mvendor\laravel\framework\src\Illuminate\Database\Connection.php[39m:[32m825[39m
    821▕                     $this->getName(), $query, $this->prepareBindings($bindings), $e
    822▕                 );
    823▕             }
    824▕ 
  ➜ 825▕             throw new QueryException(
    826▕                 $this->getName(), $query, $this->prepareBindings($bindings), $e
    827▕             );
    828▕         }
    829▕     }

  [33m1   [39m[39;1mvendor\laravel\framework\src\Illuminate\Database\Connection.php[39;22m:[39;1m825[39;22m

  [33m2   [39m[39;1mvendor\laravel\framework\src\Illuminate\Database\Connection.php[39;22m:[39;1m571[39;22m
  [90m    NunoMaduro\Collision\Exceptions\TestException::("SQLSTATE[23514]: Check violation: 7 FEHLER:  neue Zeile für Relation »organisations« verletzt Check-Constraint »organisations_type_check«
DETAIL:  Fehlgeschlagene Zeile enthält (a1e8ec4f-5460-4c93-8cd1-59ab588bde21, Test Org, test-org, organisation, f, null, null, null, null, null, 2026-05-31 08:54:51, 2026-05-31 08:54:51, null, null, t, null, flat, null, null, null, null, null, pending_setup, null, null, UTC).")[39m

  [31m────────────────────────────────────────────────────────────────────────────────────────────────────────────────────[39m  
  [41;1m FAILED [49;22m [1mTests\Feature\MiddlewareChainTest[22m [90m>[39m layer 1 rejects invalid voter slug                     [41;1m QueryException [49;22m  
[39;1m  SQLSTATE[23514]: Check violation: 7 FEHLER:  neue Zeile für Relation »organisations« verletzt Check-Constraint »organisations_type_check«
DETAIL:  Fehlgeschlagene Zeile enthält (a1e8ec4f-b69c-42f9-8f70-fb45675f4952, Test Org, test-org, organisation, f, null, null, null, null, null, 2026-05-31 08:54:51, 2026-05-31 08:54:51, null, null, t, null, flat, null, null, null, null, null, pending_setup, null, null, UTC). (Connection: pgsql, SQL: insert into "organisations" ("name", "slug", "type", "id", "updated_at", "created_at") values (Test Org, test-org, organisation, a1e8ec4f-b69c-42f9-8f70-fb45675f4952, 2026-05-31 08:54:51, 2026-05-31 08:54:51))[39;22m

  at [32mvendor\laravel\framework\src\Illuminate\Database\Connection.php[39m:[32m825[39m
    821▕                     $this->getName(), $query, $this->prepareBindings($bindings), $e
    822▕                 );
    823▕             }
    824▕ 
  ➜ 825▕             throw new QueryException(
    826▕                 $this->getName(), $query, $this->prepareBindings($bindings), $e
    827▕             );
    828▕         }
    829▕     }

  [33m1   [39m[39;1mvendor\laravel\framework\src\Illuminate\Database\Connection.php[39;22m:[39;1m825[39;22m

  [33m2   [39m[39;1mvendor\laravel\framework\src\Illuminate\Database\Connection.php[39;22m:[39;1m571[39;22m
  [90m    NunoMaduro\Collision\Exceptions\TestException::("SQLSTATE[23514]: Check violation: 7 FEHLER:  neue Zeile für Relation »organisations« verletzt Check-Constraint »organisations_type_check«
DETAIL:  Fehlgeschlagene Zeile enthält (a1e8ec4f-b69c-42f9-8f70-fb45675f4952, Test Org, test-org, organisation, f, null, null, null, null, null, 2026-05-31 08:54:51, 2026-05-31 08:54:51, null, null, t, null, flat, null, null, null, null, null, pending_setup, null, null, UTC).")[39m

  [31m────────────────────────────────────────────────────────────────────────────────────────────────────────────────────[39m  
  [41;1m FAILED [49;22m [1mTests\Feature\MiddlewareChainTest[22m [90m>[39m layer 1 verifies slug belongs to user                  [41;1m QueryException [49;22m  
[39;1m  SQLSTATE[23514]: Check violation: 7 FEHLER:  neue Zeile für Relation »organisations« verletzt Check-Constraint »organisations_type_check«
DETAIL:  Fehlgeschlagene Zeile enthält (a1e8ec50-1b0f-4d60-84c6-64a5339f8015, Test Org, test-org, organisation, f, null, null, null, null, null, 2026-05-31 08:54:51, 2026-05-31 08:54:51, null, null, t, null, flat, null, null, null, null, null, pending_setup, null, null, UTC). (Connection: pgsql, SQL: insert into "organisations" ("name", "slug", "type", "id", "updated_at", "created_at") values (Test Org, test-org, organisation, a1e8ec50-1b0f-4d60-84c6-64a5339f8015, 2026-05-31 08:54:51, 2026-05-31 08:54:51))[39;22m

  at [32mvendor\laravel\framework\src\Illuminate\Database\Connection.php[39m:[32m825[39m
    821▕                     $this->getName(), $query, $this->prepareBindings($bindings), $e
    822▕                 );
    823▕             }
    824▕ 
  ➜ 825▕             throw new QueryException(
    826▕                 $this->getName(), $query, $this->prepareBindings($bindings), $e
    827▕             );
    828▕         }
    829▕     }

  [33m1   [39m[39;1mvendor\laravel\framework\src\Illuminate\Database\Connection.php[39;22m:[39;1m825[39;22m

  [33m2   [39m[39;1mvendor\laravel\framework\src\Illuminate\Database\Connection.php[39;22m:[39;1m571[39;22m
  [90m    NunoMaduro\Collision\Exceptions\TestException::("SQLSTATE[23514]: Check violation: 7 FEHLER:  neue Zeile für Relation »organisations« verletzt Check-Constraint »organisations_type_check«
DETAIL:  Fehlgeschlagene Zeile enthält (a1e8ec50-1b0f-4d60-84c6-64a5339f8015, Test Org, test-org, organisation, f, null, null, null, null, null, 2026-05-31 08:54:51, 2026-05-31 08:54:51, null, null, t, null, flat, null, null, null, null, null, pending_setup, null, null, UTC).")[39m

  [31m────────────────────────────────────────────────────────────────────────────────────────────────────────────────────[39m  
  [41;1m FAILED [49;22m [1mTests\Feature\MiddlewareChainTest[22m [90m>[39m layer 2 validates voter slug not expired               [41;1m QueryException [49;22m  
[39;1m  SQLSTATE[23514]: Check violation: 7 FEHLER:  neue Zeile für Relation »organisations« verletzt Check-Constraint »organisations_type_check«
DETAIL:  Fehlgeschlagene Zeile enthält (a1e8ec50-8db5-49eb-8a53-40c1a5911393, Test Org, test-org, organisation, f, null, null, null, null, null, 2026-05-31 08:54:51, 2026-05-31 08:54:51, null, null, t, null, flat, null, null, null, null, null, pending_setup, null, null, UTC). (Connection: pgsql, SQL: insert into "organisations" ("name", "slug", "type", "id", "updated_at", "created_at") values (Test Org, test-org, organisation, a1e8ec50-8db5-49eb-8a53-40c1a5911393, 2026-05-31 08:54:51, 2026-05-31 08:54:51))[39;22m

  at [32mvendor\laravel\framework\src\Illuminate\Database\Connection.php[39m:[32m825[39m
    821▕                     $this->getName(), $query, $this->prepareBindings($bindings), $e
    822▕                 );
    823▕             }
    824▕ 
  ➜ 825▕             throw new QueryException(
    826▕                 $this->getName(), $query, $this->prepareBindings($bindings), $e
    827▕             );
    828▕         }
    829▕     }

  [33m1   [39m[39;1mvendor\laravel\framework\src\Illuminate\Database\Connection.php[39;22m:[39;1m825[39;22m

  [33m2   [39m[39;1mvendor\laravel\framework\src\Illuminate\Database\Connection.php[39;22m:[39;1m571[39;22m
  [90m    NunoMaduro\Collision\Exceptions\TestException::("SQLSTATE[23514]: Check violation: 7 FEHLER:  neue Zeile für Relation »organisations« verletzt Check-Constraint »organisations_type_check«
DETAIL:  Fehlgeschlagene Zeile enthält (a1e8ec50-8db5-49eb-8a53-40c1a5911393, Test Org, test-org, organisation, f, null, null, null, null, null, 2026-05-31 08:54:51, 2026-05-31 08:54:51, null, null, t, null, flat, null, null, null, null, null, pending_setup, null, null, UTC).")[39m

  [31m────────────────────────────────────────────────────────────────────────────────────────────────────────────────────[39m  
  [41;1m FAILED [49;22m [1mTests\Feature\MiddlewareChainTest[22m [90m>[39m layer 2 rejects access when election inactive          [41;1m QueryException [49;22m  
[39;1m  SQLSTATE[23514]: Check violation: 7 FEHLER:  neue Zeile für Relation »organisations« verletzt Check-Constraint »organisations_type_check«
DETAIL:  Fehlgeschlagene Zeile enthält (a1e8ec51-0ce7-4f12-906d-a334d93712c5, Test Org, test-org, organisation, f, null, null, null, null, null, 2026-05-31 08:54:52, 2026-05-31 08:54:52, null, null, t, null, flat, null, null, null, null, null, pending_setup, null, null, UTC). (Connection: pgsql, SQL: insert into "organisations" ("name", "slug", "type", "id", "updated_at", "created_at") values (Test Org, test-org, organisation, a1e8ec51-0ce7-4f12-906d-a334d93712c5, 2026-05-31 08:54:52, 2026-05-31 08:54:52))[39;22m

  at [32mvendor\laravel\framework\src\Illuminate\Database\Connection.php[39m:[32m825[39m
    821▕                     $this->getName(), $query, $this->prepareBindings($bindings), $e
    822▕                 );
    823▕             }
    824▕ 
  ➜ 825▕             throw new QueryException(
    826▕                 $this->getName(), $query, $this->prepareBindings($bindings), $e
    827▕             );
    828▕         }
    829▕     }

  [33m1   [39m[39;1mvendor\laravel\framework\src\Illuminate\Database\Connection.php[39;22m:[39;1m825[39;22m

  [33m2   [39m[39;1mvendor\laravel\framework\src\Illuminate\Database\Connection.php[39;22m:[39;1m571[39;22m
  [90m    NunoMaduro\Collision\Exceptions\TestException::("SQLSTATE[23514]: Check violation: 7 FEHLER:  neue Zeile für Relation »organisations« verletzt Check-Constraint »organisations_type_check«
DETAIL:  Fehlgeschlagene Zeile enthält (a1e8ec51-0ce7-4f12-906d-a334d93712c5, Test Org, test-org, organisation, f, null, null, null, null, null, 2026-05-31 08:54:52, 2026-05-31 08:54:52, null, null, t, null, flat, null, null, null, null, null, pending_setup, null, null, UTC).")[39m

  [31m────────────────────────────────────────────────────────────────────────────────────────────────────────────────────[39m  
  [41;1m FAILED [49;22m [1mTests\Feature\MiddlewareChainTest[22m [90m>[39m layer 3 verifies organisation consistency              [41;1m QueryException [49;22m  
[39;1m  SQLSTATE[23514]: Check violation: 7 FEHLER:  neue Zeile für Relation »organisations« verletzt Check-Constraint »organisations_type_check«
DETAIL:  Fehlgeschlagene Zeile enthält (a1e8ec51-797e-4e49-b721-ff7c06d78789, Test Org, test-org, organisation, f, null, null, null, null, null, 2026-05-31 08:54:52, 2026-05-31 08:54:52, null, null, t, null, flat, null, null, null, null, null, pending_setup, null, null, UTC). (Connection: pgsql, SQL: insert into "organisations" ("name", "slug", "type", "id", "updated_at", "created_at") values (Test Org, test-org, organisation, a1e8ec51-797e-4e49-b721-ff7c06d78789, 2026-05-31 08:54:52, 2026-05-31 08:54:52))[39;22m

  at [32mvendor\laravel\framework\src\Illuminate\Database\Connection.php[39m:[32m825[39m
    821▕                     $this->getName(), $query, $this->prepareBindings($bindings), $e
    822▕                 );
    823▕             }
    824▕ 
  ➜ 825▕             throw new QueryException(
    826▕                 $this->getName(), $query, $this->prepareBindings($bindings), $e
    827▕             );
    828▕         }
    829▕     }

  [33m1   [39m[39;1mvendor\laravel\framework\src\Illuminate\Database\Connection.php[39;22m:[39;1m825[39;22m

  [33m2   [39m[39;1mvendor\laravel\framework\src\Illuminate\Database\Connection.php[39;22m:[39;1m571[39;22m
  [90m    NunoMaduro\Collision\Exceptions\TestException::("SQLSTATE[23514]: Check violation: 7 FEHLER:  neue Zeile für Relation »organisations« verletzt Check-Constraint »organisations_type_check«
DETAIL:  Fehlgeschlagene Zeile enthält (a1e8ec51-797e-4e49-b721-ff7c06d78789, Test Org, test-org, organisation, f, null, null, null, null, null, 2026-05-31 08:54:52, 2026-05-31 08:54:52, null, null, t, null, flat, null, null, null, null, null, pending_setup, null, null, UTC).")[39m

  [31m────────────────────────────────────────────────────────────────────────────────────────────────────────────────────[39m  
  [41;1m FAILED [49;22m [1mTests\Feature\MiddlewareChainTest[22m [90m>[39m layer 3 rejects organisation mismatch                  [41;1m QueryException [49;22m  
[39;1m  SQLSTATE[23514]: Check violation: 7 FEHLER:  neue Zeile für Relation »organisations« verletzt Check-Constraint »organisations_type_check«
DETAIL:  Fehlgeschlagene Zeile enthält (a1e8ec51-e0a5-4cd9-98d2-342b4017b2db, Test Org, test-org, organisation, f, null, null, null, null, null, 2026-05-31 08:54:52, 2026-05-31 08:54:52, null, null, t, null, flat, null, null, null, null, null, pending_setup, null, null, UTC). (Connection: pgsql, SQL: insert into "organisations" ("name", "slug", "type", "id", "updated_at", "created_at") values (Test Org, test-org, organisation, a1e8ec51-e0a5-4cd9-98d2-342b4017b2db, 2026-05-31 08:54:52, 2026-05-31 08:54:52))[39;22m

  at [32mvendor\laravel\framework\src\Illuminate\Database\Connection.php[39m:[32m825[39m
    821▕                     $this->getName(), $query, $this->prepareBindings($bindings), $e
    822▕                 );
    823▕             }
    824▕ 
  ➜ 825▕             throw new QueryException(
    826▕                 $this->getName(), $query, $this->prepareBindings($bindings), $e
    827▕             );
    828▕         }
    829▕     }

  [33m1   [39m[39;1mvendor\laravel\framework\src\Illuminate\Database\Connection.php[39;22m:[39;1m825[39;22m

  [33m2   [39m[39;1mvendor\laravel\framework\src\Illuminate\Database\Connection.php[39;22m:[39;1m571[39;22m
  [90m    NunoMaduro\Collision\Exceptions\TestException::("SQLSTATE[23514]: Check violation: 7 FEHLER:  neue Zeile für Relation »organisations« verletzt Check-Constraint »organisations_type_check«
DETAIL:  Fehlgeschlagene Zeile enthält (a1e8ec51-e0a5-4cd9-98d2-342b4017b2db, Test Org, test-org, organisation, f, null, null, null, null, null, 2026-05-31 08:54:52, 2026-05-31 08:54:52, null, null, t, null, flat, null, null, null, null, null, pending_setup, null, null, UTC).")[39m

  [31m────────────────────────────────────────────────────────────────────────────────────────────────────────────────────[39m  
  [41;1m FAILED [49;22m [1mTests\Feature\MiddlewareChainTest[22m [90m>[39m all three layers execute in order                      [41;1m QueryException [49;22m  
[39;1m  SQLSTATE[23514]: Check violation: 7 FEHLER:  neue Zeile für Relation »organisations« verletzt Check-Constraint »organisations_type_check«
DETAIL:  Fehlgeschlagene Zeile enthält (a1e8ec52-8aee-48ad-8ed5-48ebaf850081, Test Org, test-org, organisation, f, null, null, null, null, null, 2026-05-31 08:54:53, 2026-05-31 08:54:53, null, null, t, null, flat, null, null, null, null, null, pending_setup, null, null, UTC). (Connection: pgsql, SQL: insert into "organisations" ("name", "slug", "type", "id", "updated_at", "created_at") values (Test Org, test-org, organisation, a1e8ec52-8aee-48ad-8ed5-48ebaf850081, 2026-05-31 08:54:53, 2026-05-31 08:54:53))[39;22m

  at [32mvendor\laravel\framework\src\Illuminate\Database\Connection.php[39m:[32m825[39m
    821▕                     $this->getName(), $query, $this->prepareBindings($bindings), $e
    822▕                 );
    823▕             }
    824▕ 
  ➜ 825▕             throw new QueryException(
    826▕                 $this->getName(), $query, $this->prepareBindings($bindings), $e
    827▕             );
    828▕         }
    829▕     }

  [33m1   [39m[39;1mvendor\laravel\framework\src\Illuminate\Database\Connection.php[39;22m:[39;1m825[39;22m

  [33m2   [39m[39;1mvendor\laravel\framework\src\Illuminate\Database\Connection.php[39;22m:[39;1m571[39;22m
  [90m    NunoMaduro\Collision\Exceptions\TestException::("SQLSTATE[23514]: Check violation: 7 FEHLER:  neue Zeile für Relation »organisations« verletzt Check-Constraint »organisations_type_check«
DETAIL:  Fehlgeschlagene Zeile enthält (a1e8ec52-8aee-48ad-8ed5-48ebaf850081, Test Org, test-org, organisation, f, null, null, null, null, null, 2026-05-31 08:54:53, 2026-05-31 08:54:53, null, null, t, null, flat, null, null, null, null, null, pending_setup, null, null, UTC).")[39m

  [31m────────────────────────────────────────────────────────────────────────────────────────────────────────────────────[39m  
  [41;1m FAILED [49;22m [1mTests\Feature\MiddlewareChainTest[22m [90m>[39m early layer failure prevents later layers              [41;1m QueryException [49;22m  
[39;1m  SQLSTATE[23514]: Check violation: 7 FEHLER:  neue Zeile für Relation »organisations« verletzt Check-Constraint »organisations_type_check«
DETAIL:  Fehlgeschlagene Zeile enthält (a1e8ec52-eb0b-42bf-8190-9f05cf037d2a, Test Org, test-org, organisation, f, null, null, null, null, null, 2026-05-31 08:54:53, 2026-05-31 08:54:53, null, null, t, null, flat, null, null, null, null, null, pending_setup, null, null, UTC). (Connection: pgsql, SQL: insert into "organisations" ("name", "slug", "type", "id", "updated_at", "created_at") values (Test Org, test-org, organisation, a1e8ec52-eb0b-42bf-8190-9f05cf037d2a, 2026-05-31 08:54:53, 2026-05-31 08:54:53))[39;22m

  at [32mvendor\laravel\framework\src\Illuminate\Database\Connection.php[39m:[32m825[39m
    821▕                     $this->getName(), $query, $this->prepareBindings($bindings), $e
    822▕                 );
    823▕             }
    824▕ 
  ➜ 825▕             throw new QueryException(
    826▕                 $this->getName(), $query, $this->prepareBindings($bindings), $e
    827▕             );
    828▕         }
    829▕     }

  [33m1   [39m[39;1mvendor\laravel\framework\src\Illuminate\Database\Connection.php[39;22m:[39;1m825[39;22m

  [33m2   [39m[39;1mvendor\laravel\framework\src\Illuminate\Database\Connection.php[39;22m:[39;1m571[39;22m
  [90m    NunoMaduro\Collision\Exceptions\TestException::("SQLSTATE[23514]: Check violation: 7 FEHLER:  neue Zeile für Relation »organisations« verletzt Check-Constraint »organisations_type_check«
DETAIL:  Fehlgeschlagene Zeile enthält (a1e8ec52-eb0b-42bf-8190-9f05cf037d2a, Test Org, test-org, organisation, f, null, null, null, null, null, 2026-05-31 08:54:53, 2026-05-31 08:54:53, null, null, t, null, flat, null, null, null, null, null, pending_setup, null, null, UTC).")[39m

  [31m────────────────────────────────────────────────────────────────────────────────────────────────────────────────────[39m  
  [41;1m FAILED [49;22m [1mTests\Feature\Middleware\EnsureElectionStateTest[22m [90m>[39m returns 404 when election not found     [41;1m QueryException [49;22m  
[39;1m  SQLSTATE[22P02]: Invalid text representation: 7 FEHLER:  ungültige Eingabesyntax für Typ uuid: »non-existent-uuid«
CONTEXT:  unbenanntes Portal Parameter $1 = '...' (Connection: pgsql, SQL: select * from "elections" where "id" = non-existent-uuid and "elections"."deleted_at" is null and "elections"."organisation_id" is null limit 1)[39;22m

  at [32mvendor\laravel\framework\src\Illuminate\Database\Connection.php[39m:[32m825[39m
    821▕                     $this->getName(), $query, $this->prepareBindings($bindings), $e
    822▕                 );
    823▕             }
    824▕ 
  ➜ 825▕             throw new QueryException(
    826▕                 $this->getName(), $query, $this->prepareBindings($bindings), $e
    827▕             );
    828▕         }
    829▕     }

  [33m1   [39m[39;1mvendor\laravel\framework\src\Illuminate\Database\Connection.php[39;22m:[39;1m825[39;22m

  [33m2   [39m[39;1mvendor\laravel\framework\src\Illuminate\Database\Connection.php[39;22m:[39;1m412[39;22m
  [90m    NunoMaduro\Collision\Exceptions\TestException::("SQLSTATE[22P02]: Invalid text representation: 7 FEHLER:  ungültige Eingabesyntax für Typ uuid: »non-existent-uuid«
CONTEXT:  unbenanntes Portal Parameter $1 = '...'")[39m

  [31m────────────────────────────────────────────────────────────────────────────────────────────────────────────────────[39m  
  [41;1m FAILED [49;22m [1mTests\Feature\Middleware\EnsureElectionVoterTest[22m [90m>[39m unauthenticated us… [41;1m UniqueConstraintViolationException [49;22m  
[39;1m  SQLSTATE[23505]: Unique violation: 7 FEHLER:  doppelter Schlüsselwert verletzt Unique-Constraint »user_organisation_roles_user_id_organisation_id_unique«
DETAIL:  Schlüssel »(user_id, organisation_id)=(a1e8ec56-5e4b-453b-9cf2-a083a8668ec4, a1e8ec56-4ee2-4bb4-834b-c6a4e3535c3c)« existiert bereits. (Connection: pgsql, SQL: insert into "user_organisation_roles" ("created_at", "id", "organisation_id", "role", "updated_at", "user_id") values (2026-05-31 08:54:55, b342d3bc-e96c-4be5-8628-e95cec589bba, a1e8ec56-4ee2-4bb4-834b-c6a4e3535c3c, voter, 2026-05-31 08:54:55, a1e8ec56-5e4b-453b-9cf2-a083a8668ec4))[39;22m

  at [32mvendor\laravel\framework\src\Illuminate\Database\Connection.php[39m:[32m820[39m
    816▕         // message to include the bindings with SQL, which will make this exception a
    817▕         // lot more helpful to the developer instead of just the database's errors.
    818▕         catch (Exception $e) {
    819▕             if ($this->isUniqueConstraintError($e)) {
  ➜ 820▕                 throw new UniqueConstraintViolationException(
    821▕                     $this->getName(), $query, $this->prepareBindings($bindings), $e
    822▕                 );
    823▕             }
    824▕

  [33m1   [39m[39;1mvendor\laravel\framework\src\Illuminate\Database\Connection.php[39;22m:[39;1m820[39;22m

  [33m2   [39m[39;1mvendor\laravel\framework\src\Illuminate\Database\Connection.php[39;22m:[39;1m571[39;22m
  [90m    NunoMaduro\Collision\Exceptions\TestException::("SQLSTATE[23505]: Unique violation: 7 FEHLER:  doppelter Schlüsselwert verletzt Unique-Constraint »user_organisation_roles_user_id_organisation_id_unique«
DETAIL:  Schlüssel »(user_id, organisation_id)=(a1e8ec56-5e4b-453b-9cf2-a083a8668ec4, a1e8ec56-4ee2-4bb4-834b-c6a4e3535c3c)« existiert bereits.")[39m

  [31m────────────────────────────────────────────────────────────────────────────────────────────────────────────────────[39m  
  [41;1m FAILED [49;22m [1mTests\Feature\Middleware\EnsureElectionVoterTest[22m [90m>[39m nonexistent electi… [41;1m UniqueConstraintViolationException [49;22m  
[39;1m  SQLSTATE[23505]: Unique violation: 7 FEHLER:  doppelter Schlüsselwert verletzt Unique-Constraint »user_organisation_roles_user_id_organisation_id_unique«
DETAIL:  Schlüssel »(user_id, organisation_id)=(a1e8ec56-cdbc-4840-85d6-96a7ed6b0a49, a1e8ec56-c081-4a56-846c-9b3f308cb0f7)« existiert bereits. (Connection: pgsql, SQL: insert into "user_organisation_roles" ("created_at", "id", "organisation_id", "role", "updated_at", "user_id") values (2026-05-31 08:54:55, f9137ff7-21bf-4a7f-a7c7-c42b4fd1c78b, a1e8ec56-c081-4a56-846c-9b3f308cb0f7, voter, 2026-05-31 08:54:55, a1e8ec56-cdbc-4840-85d6-96a7ed6b0a49))[39;22m

  at [32mvendor\laravel\framework\src\Illuminate\Database\Connection.php[39m:[32m820[39m
    816▕         // message to include the bindings with SQL, which will make this exception a
    817▕         // lot more helpful to the developer instead of just the database's errors.
    818▕         catch (Exception $e) {
    819▕             if ($this->isUniqueConstraintError($e)) {
  ➜ 820▕                 throw new UniqueConstraintViolationException(
    821▕                     $this->getName(), $query, $this->prepareBindings($bindings), $e
    822▕                 );
    823▕             }
    824▕

  [33m1   [39m[39;1mvendor\laravel\framework\src\Illuminate\Database\Connection.php[39;22m:[39;1m820[39;22m

  [33m2   [39m[39;1mvendor\laravel\framework\src\Illuminate\Database\Connection.php[39;22m:[39;1m571[39;22m
  [90m    NunoMaduro\Collision\Exceptions\TestException::("SQLSTATE[23505]: Unique violation: 7 FEHLER:  doppelter Schlüsselwert verletzt Unique-Constraint »user_organisation_roles_user_id_organisation_id_unique«
DETAIL:  Schlüssel »(user_id, organisation_id)=(a1e8ec56-cdbc-4840-85d6-96a7ed6b0a49, a1e8ec56-c081-4a56-846c-9b3f308cb0f7)« existiert bereits.")[39m

  [31m────────────────────────────────────────────────────────────────────────────────────────────────────────────────────[39m  
  [41;1m FAILED [49;22m [1mTests\Feature\Middleware\EnsureElectionVoterTest[22m [90m>[39m demo election bypa… [41;1m UniqueConstraintViolationException [49;22m  
[39;1m  SQLSTATE[23505]: Unique violation: 7 FEHLER:  doppelter Schlüsselwert verletzt Unique-Constraint »user_organisation_roles_user_id_organisation_id_unique«
DETAIL:  Schlüssel »(user_id, organisation_id)=(a1e8ec57-36c7-4533-a748-0f67934be182, a1e8ec57-2c91-4d74-93a6-ee86afe6ccd1)« existiert bereits. (Connection: pgsql, SQL: insert into "user_organisation_roles" ("created_at", "id", "organisation_id", "role", "updated_at", "user_id") values (2026-05-31 08:54:56, ccb3223c-87ff-40c6-8532-2f9387f7d0fc, a1e8ec57-2c91-4d74-93a6-ee86afe6ccd1, voter, 2026-05-31 08:54:56, a1e8ec57-36c7-4533-a748-0f67934be182))[39;22m

  at [32mvendor\laravel\framework\src\Illuminate\Database\Connection.php[39m:[32m820[39m
    816▕         // message to include the bindings with SQL, which will make this exception a
    817▕         // lot more helpful to the developer instead of just the database's errors.
    818▕         catch (Exception $e) {
    819▕             if ($this->isUniqueConstraintError($e)) {
  ➜ 820▕                 throw new UniqueConstraintViolationException(
    821▕                     $this->getName(), $query, $this->prepareBindings($bindings), $e
    822▕                 );
    823▕             }
    824▕

  [33m1   [39m[39;1mvendor\laravel\framework\src\Illuminate\Database\Connection.php[39;22m:[39;1m820[39;22m

  [33m2   [39m[39;1mvendor\laravel\framework\src\Illuminate\Database\Connection.php[39;22m:[39;1m571[39;22m
  [90m    NunoMaduro\Collision\Exceptions\TestException::("SQLSTATE[23505]: Unique violation: 7 FEHLER:  doppelter Schlüsselwert verletzt Unique-Constraint »user_organisation_roles_user_id_organisation_id_unique«
DETAIL:  Schlüssel »(user_id, organisation_id)=(a1e8ec57-36c7-4533-a748-0f67934be182, a1e8ec57-2c91-4d74-93a6-ee86afe6ccd1)« existiert bereits.")[39m

  [31m────────────────────────────────────────────────────────────────────────────────────────────────────────────────────[39m  
  [41;1m FAILED [49;22m [1mTests\Feature\Middleware\EnsureElectionVoterTest[22m [90m>[39m eligible voter pas… [41;1m UniqueConstraintViolationException [49;22m  
[39;1m  SQLSTATE[23505]: Unique violation: 7 FEHLER:  doppelter Schlüsselwert verletzt Unique-Constraint »user_organisation_roles_user_id_organisation_id_unique«
DETAIL:  Schlüssel »(user_id, organisation_id)=(a1e8ec57-9b44-4ae1-b28b-f20675705732, a1e8ec57-8ef4-4ad2-97cc-c8aa47644793)« existiert bereits. (Connection: pgsql, SQL: insert into "user_organisation_roles" ("created_at", "id", "organisation_id", "role", "updated_at", "user_id") values (2026-05-31 08:54:56, 0ec0f757-5288-48f1-b7fa-5dedc545ea16, a1e8ec57-8ef4-4ad2-97cc-c8aa47644793, voter, 2026-05-31 08:54:56, a1e8ec57-9b44-4ae1-b28b-f20675705732))[39;22m

  at [32mvendor\laravel\framework\src\Illuminate\Database\Connection.php[39m:[32m820[39m
    816▕         // message to include the bindings with SQL, which will make this exception a
    817▕         // lot more helpful to the developer instead of just the database's errors.
    818▕         catch (Exception $e) {
    819▕             if ($this->isUniqueConstraintError($e)) {
  ➜ 820▕                 throw new UniqueConstraintViolationException(
    821▕                     $this->getName(), $query, $this->prepareBindings($bindings), $e
    822▕                 );
    823▕             }
    824▕

  [33m1   [39m[39;1mvendor\laravel\framework\src\Illuminate\Database\Connection.php[39;22m:[39;1m820[39;22m

  [33m2   [39m[39;1mvendor\laravel\framework\src\Illuminate\Database\Connection.php[39;22m:[39;1m571[39;22m
  [90m    NunoMaduro\Collision\Exceptions\TestException::("SQLSTATE[23505]: Unique violation: 7 FEHLER:  doppelter Schlüsselwert verletzt Unique-Constraint »user_organisation_roles_user_id_organisation_id_unique«
DETAIL:  Schlüssel »(user_id, organisation_id)=(a1e8ec57-9b44-4ae1-b28b-f20675705732, a1e8ec57-8ef4-4ad2-97cc-c8aa47644793)« existiert bereits.")[39m

  [31m────────────────────────────────────────────────────────────────────────────────────────────────────────────────────[39m  
  [41;1m FAILED [49;22m [1mTests\Feature\Middleware\EnsureElectionVoterTest[22m [90m>[39m ineligible voter i… [41;1m UniqueConstraintViolationException [49;22m  
[39;1m  SQLSTATE[23505]: Unique violation: 7 FEHLER:  doppelter Schlüsselwert verletzt Unique-Constraint »user_organisation_roles_user_id_organisation_id_unique«
DETAIL:  Schlüssel »(user_id, organisation_id)=(a1e8ec58-01bb-4f71-9052-51ff7fd413bc, a1e8ec57-f479-43ec-94d7-fb089592d998)« existiert bereits. (Connection: pgsql, SQL: insert into "user_organisation_roles" ("created_at", "id", "organisation_id", "role", "updated_at", "user_id") values (2026-05-31 08:54:56, 275fb1a7-bcea-4af1-bcd4-fcfb1cf974a9, a1e8ec57-f479-43ec-94d7-fb089592d998, voter, 2026-05-31 08:54:56, a1e8ec58-01bb-4f71-9052-51ff7fd413bc))[39;22m

  at [32mvendor\laravel\framework\src\Illuminate\Database\Connection.php[39m:[32m820[39m
    816▕         // message to include the bindings with SQL, which will make this exception a
    817▕         // lot more helpful to the developer instead of just the database's errors.
    818▕         catch (Exception $e) {
    819▕             if ($this->isUniqueConstraintError($e)) {
  ➜ 820▕                 throw new UniqueConstraintViolationException(
    821▕                     $this->getName(), $query, $this->prepareBindings($bindings), $e
    822▕                 );
    823▕             }
    824▕

  [33m1   [39m[39;1mvendor\laravel\framework\src\Illuminate\Database\Connection.php[39;22m:[39;1m820[39;22m

  [33m2   [39m[39;1mvendor\laravel\framework\src\Illuminate\Database\Connection.php[39;22m:[39;1m571[39;22m
  [90m    NunoMaduro\Collision\Exceptions\TestException::("SQLSTATE[23505]: Unique violation: 7 FEHLER:  doppelter Schlüsselwert verletzt Unique-Constraint »user_organisation_roles_user_id_organisation_id_unique«
DETAIL:  Schlüssel »(user_id, organisation_id)=(a1e8ec58-01bb-4f71-9052-51ff7fd413bc, a1e8ec57-f479-43ec-94d7-fb089592d998)« existiert bereits.")[39m

  [31m────────────────────────────────────────────────────────────────────────────────────────────────────────────────────[39m  
  [41;1m FAILED [49;22m [1mTests\Feature\Middleware\EnsureElectionVoterTest[22m [90m>[39m ineligible voter j… [41;1m UniqueConstraintViolationException [49;22m  
[39;1m  SQLSTATE[23505]: Unique violation: 7 FEHLER:  doppelter Schlüsselwert verletzt Unique-Constraint »user_organisation_roles_user_id_organisation_id_unique«
DETAIL:  Schlüssel »(user_id, organisation_id)=(a1e8ec58-74a9-4cf1-8fe4-208c8d63a648, a1e8ec58-63f1-4e26-bb61-7b8217fbf33f)« existiert bereits. (Connection: pgsql, SQL: insert into "user_organisation_roles" ("created_at", "id", "organisation_id", "role", "updated_at", "user_id") values (2026-05-31 08:54:57, 41b80682-61ae-4c05-a5af-cffd400258a8, a1e8ec58-63f1-4e26-bb61-7b8217fbf33f, voter, 2026-05-31 08:54:57, a1e8ec58-74a9-4cf1-8fe4-208c8d63a648))[39;22m

  at [32mvendor\laravel\framework\src\Illuminate\Database\Connection.php[39m:[32m820[39m
    816▕         // message to include the bindings with SQL, which will make this exception a
    817▕         // lot more helpful to the developer instead of just the database's errors.
    818▕         catch (Exception $e) {
    819▕             if ($this->isUniqueConstraintError($e)) {
  ➜ 820▕                 throw new UniqueConstraintViolationException(
    821▕                     $this->getName(), $query, $this->prepareBindings($bindings), $e
    822▕                 );
    823▕             }
    824▕

  [33m1   [39m[39;1mvendor\laravel\framework\src\Illuminate\Database\Connection.php[39;22m:[39;1m820[39;22m

  [33m2   [39m[39;1mvendor\laravel\framework\src\Illuminate\Database\Connection.php[39;22m:[39;1m571[39;22m
  [90m    NunoMaduro\Collision\Exceptions\TestException::("SQLSTATE[23505]: Unique violation: 7 FEHLER:  doppelter Schlüsselwert verletzt Unique-Constraint »user_organisation_roles_user_id_organisation_id_unique«
DETAIL:  Schlüssel »(user_id, organisation_id)=(a1e8ec58-74a9-4cf1-8fe4-208c8d63a648, a1e8ec58-63f1-4e26-bb61-7b8217fbf33f)« existiert bereits.")[39m

  [31m────────────────────────────────────────────────────────────────────────────────────────────────────────────────────[39m  
  [41;1m FAILED [49;22m [1mTests\Feature\Middleware\EnsureElectionVoterTest[22m [90m>[39m eligible voter has… [41;1m UniqueConstraintViolationException [49;22m  
[39;1m  SQLSTATE[23505]: Unique violation: 7 FEHLER:  doppelter Schlüsselwert verletzt Unique-Constraint »user_organisation_roles_user_id_organisation_id_unique«
DETAIL:  Schlüssel »(user_id, organisation_id)=(a1e8ec58-e3ec-41a4-8d97-3889ad14b6bc, a1e8ec58-d7df-4810-b1e4-e1d2e0da9ad4)« existiert bereits. (Connection: pgsql, SQL: insert into "user_organisation_roles" ("created_at", "id", "organisation_id", "role", "updated_at", "user_id") values (2026-05-31 08:54:57, 1e114845-0a0d-4baf-9dc1-62265c3c80f3, a1e8ec58-d7df-4810-b1e4-e1d2e0da9ad4, voter, 2026-05-31 08:54:57, a1e8ec58-e3ec-41a4-8d97-3889ad14b6bc))[39;22m

  at [32mvendor\laravel\framework\src\Illuminate\Database\Connection.php[39m:[32m820[39m
    816▕         // message to include the bindings with SQL, which will make this exception a
    817▕         // lot more helpful to the developer instead of just the database's errors.
    818▕         catch (Exception $e) {
    819▕             if ($this->isUniqueConstraintError($e)) {
  ➜ 820▕                 throw new UniqueConstraintViolationException(
    821▕                     $this->getName(), $query, $this->prepareBindings($bindings), $e
    822▕                 );
    823▕             }
    824▕

  [33m1   [39m[39;1mvendor\laravel\framework\src\Illuminate\Database\Connection.php[39;22m:[39;1m820[39;22m

  [33m2   [39m[39;1mvendor\laravel\framework\src\Illuminate\Database\Connection.php[39;22m:[39;1m571[39;22m
  [90m    NunoMaduro\Collision\Exceptions\TestException::("SQLSTATE[23505]: Unique violation: 7 FEHLER:  doppelter Schlüsselwert verletzt Unique-Constraint »user_organisation_roles_user_id_organisation_id_unique«
DETAIL:  Schlüssel »(user_id, organisation_id)=(a1e8ec58-e3ec-41a4-8d97-3889ad14b6bc, a1e8ec58-d7df-4810-b1e4-e1d2e0da9ad4)« existiert bereits.")[39m

  [31m────────────────────────────────────────────────────────────────────────────────────────────────────────────────────[39m  
  [41;1m FAILED [49;22m [1mTests\Feature\Middleware\MiddlewareExecutionOrderTest[22m [90m>[39m web middleware group has custom middleware in ord…   
[39;1m  Failed asserting that an array contains 'TenantContext'.[39;22m

  at [32mtests\Feature\Middleware\MiddlewareExecutionOrderTest.php[39m:[32m41[39m
     37▕ 
     38▕         // Verify custom middleware are present
     39▕         $this->assertContains('SetLocale', $middlewareClassNames);
     40▕         $this->assertContains('HandleInertiaRequests', $middlewareClassNames);
  ➜  41▕         $this->assertContains('TenantContext', $middlewareClassNames);
     42▕     }
     43▕ 
     44▕     /**
     45▕      * Test session is available to custom middleware.

  [33m1   [39m[39;1mtests\Feature\Middleware\MiddlewareExecutionOrderTest.php[39;22m:[39;1m41[39;22m

  [31m────────────────────────────────────────────────────────────────────────────────────────────────────────────────────[39m  
  [41;1m FAILED [49;22m [1mTests\Feature\Middleware\MiddlewareExecutionOrderTest[22m [90m>[39m authentication middleware runs before tenant cont…   
[39;1m  Unauthenticated request should be redirected
Failed asserting that false is true.[39;22m

  at [32mtests\Feature\Middleware\MiddlewareExecutionOrderTest.php[39m:[32m68[39m
     64▕     {
     65▕         // Without authentication
     66▕         $response1 = $this->get('/dashboard');
     67▕         // Should not have access (401/302 redirect)
  ➜  68▕         $this->assertTrue(
     69▕             in_array($response1->status(), [302, 401]),
     70▕             'Unauthenticated request should be redirected'
     71▕         );
     72▕

  [33m1   [39m[39;1mtests\Feature\Middleware\MiddlewareExecutionOrderTest.php[39;22m:[39;1m68[39;22m

  [31m────────────────────────────────────────────────────────────────────────────────────────────────────────────────────[39m  
  [41;1m FAILED [49;22m [1mTests\Feature\Middleware\MiddlewareExecutionOrderTest[22m [90m>[39m csrf token is available                              
[39;1m  Failed asserting that null is not null.[39;22m

  at [32mtests\Feature\Middleware\MiddlewareExecutionOrderTest.php[39m:[32m110[39m
    106▕         $this->actingAs($user);
    107▕ 
    108▕         // Token should be available
    109▕         $token = csrf_token();
  ➜ 110▕         $this->assertNotNull($token);
    111▕         $this->assertNotEmpty($token);
    112▕     }
    113▕ 
    114▕     /**

  [33m1   [39m[39;1mtests\Feature\Middleware\MiddlewareExecutionOrderTest.php[39;22m:[39;1m110[39;22m

  [31m────────────────────────────────────────────────────────────────────────────────────────────────────────────────────[39m  
  [41;1m FAILED [49;22m [1mTests\Feature\Middleware\TenantContextMiddlewareTest[22m [90m>[39m x tenant id header sets tenant context                
[39;1m  Failed asserting that false is true.[39;22m

  at [32mtests\Feature\Middleware\TenantContextMiddlewareTest.php[39m:[32m33[39m
     29▕             ->withHeader('X-Tenant-Id', $org->id)
     30▕             ->get('/organisations/' . $org->slug);
     31▕ 
     32▕         // ASSERT: TenantContext should have the header value (test the contract, not implementation)
  ➜  33▕         $this->assertTrue(TenantContext::has());
     34▕         $this->assertEquals($org->id, TenantContext::get());
     35▕     }
     36▕ 
     37▕     public function test_header_takes_priority_over_user_organisation_id(): void

  [33m1   [39m[39;1mtests\Feature\Middleware\TenantContextMiddlewareTest.php[39;22m:[39;1m33[39;22m

  [31m────────────────────────────────────────────────────────────────────────────────────────────────────────────────────[39m  
  [41;1m FAILED [49;22m [1mTests\Feature\Middleware\TenantContextMiddlewareTest[22m [90m>[39m header takes priority over user organisation id       
[39;1m  Failed asserting that null matches expected 'a1e8ec6a-acf5-470f-9949-ac6a1180ca85'.[39;22m

  at [32mtests\Feature\Middleware\TenantContextMiddlewareTest.php[39m:[32m50[39m
     46▕             ->withHeader('X-Tenant-Id', $org2->id)
     47▕             ->get('/organisations/' . $org2->slug);
     48▕ 
     49▕         // ASSERT: Header should take priority (contract test, not implementation)
  ➜  50▕         $this->assertEquals($org2->id, TenantContext::get());
     51▕     }
     52▕ }
     53▕

  [33m1   [39m[39;1mtests\Feature\Middleware\TenantContextMiddlewareTest.php[39;22m:[39;1m50[39;22m

  [31m────────────────────────────────────────────────────────────────────────────────────────────────────────────────────[39m  
  [41;1m FAILED [49;22m [1mTests\Feature\MultipleVotePreventionTest[22m [90m>[39m first vote submission succeeds                  [41;1m QueryException [49;22m  
[39;1m  SQLSTATE[42703]: Undefined column: 7 FEHLER:  Spalte »is_voter« von Relation »users« existiert nicht
LINE 1: ...egion", "organisation_id", "is_committee_member", "is_voter"...
                                                             ^ (Connection: pgsql, SQL: insert into "users" ("name", "email", "email_verified_at", "password", "remember_token", "region", "organisation_id", "is_committee_member", "is_voter", "can_vote", "has_voted", "id", "updated_at", "created_at") values (Aimee Glover, rlangosh@example.com, 2026-05-31 08:55:09, $2y$10$92IXUNpkjO0rOQ5byMi.Ye4oKoEa3Ro9llC/.og/at2.uheWG/igi, YT9B4McJwe, Arizona, 2fb5b0dd-4f0b-4c9e-ae2c-a27050ef1560, 0, 1, 1, 0, a1e8ec6b-74ce-4818-ba4d-f73cc9a7ceba, 2026-05-31 08:55:09, 2026-05-31 08:55:09))[39;22m

  at [32mvendor\laravel\framework\src\Illuminate\Database\Connection.php[39m:[32m825[39m
    821▕                     $this->getName(), $query, $this->prepareBindings($bindings), $e
    822▕                 );
    823▕             }
    824▕ 
  ➜ 825▕             throw new QueryException(
    826▕                 $this->getName(), $query, $this->prepareBindings($bindings), $e
    827▕             );
    828▕         }
    829▕     }

  [33m1   [39m[39;1mvendor\laravel\framework\src\Illuminate\Database\Connection.php[39;22m:[39;1m825[39;22m

  [33m2   [39m[39;1mvendor\laravel\framework\src\Illuminate\Database\Connection.php[39;22m:[39;1m571[39;22m
  [90m    NunoMaduro\Collision\Exceptions\TestException::("SQLSTATE[42703]: Undefined column: 7 FEHLER:  Spalte »is_voter« von Relation »users« existiert nicht
LINE 1: ...egion", "organisation_id", "is_committee_member", "is_voter"...
                                                             ^")[39m

  [31m────────────────────────────────────────────────────────────────────────────────────────────────────────────────────[39m  
  [41;1m FAILED [49;22m [1mTests\Feature\MultipleVotePreventionTest[22m [90m>[39m second vote submission blocked in real electio… [41;1m QueryException [49;22m  
[39;1m  SQLSTATE[42703]: Undefined column: 7 FEHLER:  Spalte »is_voter« von Relation »users« existiert nicht
LINE 1: ...egion", "organisation_id", "is_committee_member", "is_voter"...
                                                             ^ (Connection: pgsql, SQL: insert into "users" ("name", "email", "email_verified_at", "password", "remember_token", "region", "organisation_id", "is_committee_member", "is_voter", "can_vote", "has_voted", "id", "updated_at", "created_at") values (Consuelo Streich Jr., fgreen@example.net, 2026-05-31 08:55:09, $2y$10$92IXUNpkjO0rOQ5byMi.Ye4oKoEa3Ro9llC/.og/at2.uheWG/igi, N9QfNUmf7d, Michigan, 2fb5b0dd-4f0b-4c9e-ae2c-a27050ef1560, 0, 1, 1, 0, a1e8ec6c-0fe1-40f8-8ab4-850c53dc5a3a, 2026-05-31 08:55:09, 2026-05-31 08:55:09))[39;22m

  at [32mvendor\laravel\framework\src\Illuminate\Database\Connection.php[39m:[32m825[39m
    821▕                     $this->getName(), $query, $this->prepareBindings($bindings), $e
    822▕                 );
    823▕             }
    824▕ 
  ➜ 825▕             throw new QueryException(
    826▕                 $this->getName(), $query, $this->prepareBindings($bindings), $e
    827▕             );
    828▕         }
    829▕     }

  [33m1   [39m[39;1mvendor\laravel\framework\src\Illuminate\Database\Connection.php[39;22m:[39;1m825[39;22m

  [33m2   [39m[39;1mvendor\laravel\framework\src\Illuminate\Database\Connection.php[39;22m:[39;1m571[39;22m
  [90m    NunoMaduro\Collision\Exceptions\TestException::("SQLSTATE[42703]: Undefined column: 7 FEHLER:  Spalte »is_voter« von Relation »users« existiert nicht
LINE 1: ...egion", "organisation_id", "is_committee_member", "is_voter"...
                                                             ^")[39m

  [31m────────────────────────────────────────────────────────────────────────────────────────────────────────────────────[39m  
  [41;1m FAILED [49;22m [1mTests\Feature\MultipleVotePreventionTest[22m [90m>[39m demo election allows second vote                [41;1m QueryException [49;22m  
[39;1m  SQLSTATE[42703]: Undefined column: 7 FEHLER:  Spalte »is_voter« von Relation »users« existiert nicht
LINE 1: ...egion", "organisation_id", "is_committee_member", "is_voter"...
                                                             ^ (Connection: pgsql, SQL: insert into "users" ("name", "email", "email_verified_at", "password", "remember_token", "region", "organisation_id", "is_committee_member", "is_voter", "can_vote", "has_voted", "id", "updated_at", "created_at") values (Kaley Will, shakira90@example.com, 2026-05-31 08:55:10, $2y$10$92IXUNpkjO0rOQ5byMi.Ye4oKoEa3Ro9llC/.og/at2.uheWG/igi, MeAptCYgnj, Iowa, 2fb5b0dd-4f0b-4c9e-ae2c-a27050ef1560, 0, 1, 1, 0, a1e8ec6c-9a39-43f5-82e2-7e7f9eaa8d37, 2026-05-31 08:55:10, 2026-05-31 08:55:10))[39;22m

  at [32mvendor\laravel\framework\src\Illuminate\Database\Connection.php[39m:[32m825[39m
    821▕                     $this->getName(), $query, $this->prepareBindings($bindings), $e
    822▕                 );
    823▕             }
    824▕ 
  ➜ 825▕             throw new QueryException(
    826▕                 $this->getName(), $query, $this->prepareBindings($bindings), $e
    827▕             );
    828▕         }
    829▕     }

  [33m1   [39m[39;1mvendor\laravel\framework\src\Illuminate\Database\Connection.php[39;22m:[39;1m825[39;22m

  [33m2   [39m[39;1mvendor\laravel\framework\src\Illuminate\Database\Connection.php[39;22m:[39;1m571[39;22m
  [90m    NunoMaduro\Collision\Exceptions\TestException::("SQLSTATE[42703]: Undefined column: 7 FEHLER:  Spalte »is_voter« von Relation »users« existiert nicht
LINE 1: ...egion", "organisation_id", "is_committee_member", "is_voter"...
                                                             ^")[39m

  [31m────────────────────────────────────────────────────────────────────────────────────────────────────────────────────[39m  
  [41;1m FAILED [49;22m [1mTests\Feature\MultipleVotePreventionTest[22m [90m>[39m double vote check happens early                 [41;1m QueryException [49;22m  
[39;1m  SQLSTATE[42703]: Undefined column: 7 FEHLER:  Spalte »is_voter« von Relation »users« existiert nicht
LINE 1: ...egion", "organisation_id", "is_committee_member", "is_voter"...
                                                             ^ (Connection: pgsql, SQL: insert into "users" ("name", "email", "email_verified_at", "password", "remember_token", "region", "organisation_id", "is_committee_member", "is_voter", "can_vote", "has_voted", "id", "updated_at", "created_at") values (Triston Bernier, hessel.tre@example.net, 2026-05-31 08:55:10, $2y$10$92IXUNpkjO0rOQ5byMi.Ye4oKoEa3Ro9llC/.og/at2.uheWG/igi, mQ3BvDv5TO, Nebraska, 2fb5b0dd-4f0b-4c9e-ae2c-a27050ef1560, 0, 1, 1, 0, a1e8ec6d-13aa-4e6c-a066-b215c8a55a1c, 2026-05-31 08:55:10, 2026-05-31 08:55:10))[39;22m

  at [32mvendor\laravel\framework\src\Illuminate\Database\Connection.php[39m:[32m825[39m
    821▕                     $this->getName(), $query, $this->prepareBindings($bindings), $e
    822▕                 );
    823▕             }
    824▕ 
  ➜ 825▕             throw new QueryException(
    826▕                 $this->getName(), $query, $this->prepareBindings($bindings), $e
    827▕             );
    828▕         }
    829▕     }

  [33m1   [39m[39;1mvendor\laravel\framework\src\Illuminate\Database\Connection.php[39;22m:[39;1m825[39;22m

  [33m2   [39m[39;1mvendor\laravel\framework\src\Illuminate\Database\Connection.php[39;22m:[39;1m571[39;22m
  [90m    NunoMaduro\Collision\Exceptions\TestException::("SQLSTATE[42703]: Undefined column: 7 FEHLER:  Spalte »is_voter« von Relation »users« existiert nicht
LINE 1: ...egion", "organisation_id", "is_committee_member", "is_voter"...
                                                             ^")[39m

  [31m────────────────────────────────────────────────────────────────────────────────────────────────────────────────────[39m  
  [41;1m FAILED [49;22m [1mTests\Feature\MultipleVotePreventionTest[22m [90m>[39m election type determines voting restrictions    [41;1m QueryException [49;22m  
[39;1m  SQLSTATE[42703]: Undefined column: 7 FEHLER:  Spalte »is_voter« von Relation »users« existiert nicht
LINE 1: ...egion", "organisation_id", "is_committee_member", "is_voter"...
                                                             ^ (Connection: pgsql, SQL: insert into "users" ("name", "email", "email_verified_at", "password", "remember_token", "region", "organisation_id", "is_committee_member", "is_voter", "can_vote", "has_voted", "id", "updated_at", "created_at") values (Dr. Maurice Ankunding III, emmitt.gleichner@example.com, 2026-05-31 08:55:10, $2y$10$92IXUNpkjO0rOQ5byMi.Ye4oKoEa3Ro9llC/.og/at2.uheWG/igi, zwleABt5ge, District of Columbia, 2fb5b0dd-4f0b-4c9e-ae2c-a27050ef1560, 0, 1, 1, 0, a1e8ec6d-a0e5-4b57-aec7-bc5240e8cf91, 2026-05-31 08:55:10, 2026-05-31 08:55:10))[39;22m

  at [32mvendor\laravel\framework\src\Illuminate\Database\Connection.php[39m:[32m825[39m
    821▕                     $this->getName(), $query, $this->prepareBindings($bindings), $e
    822▕                 );
    823▕             }
    824▕ 
  ➜ 825▕             throw new QueryException(
    826▕                 $this->getName(), $query, $this->prepareBindings($bindings), $e
    827▕             );
    828▕         }
    829▕     }

  [33m1   [39m[39;1mvendor\laravel\framework\src\Illuminate\Database\Connection.php[39;22m:[39;1m825[39;22m

  [33m2   [39m[39;1mvendor\laravel\framework\src\Illuminate\Database\Connection.php[39;22m:[39;1m571[39;22m
  [90m    NunoMaduro\Collision\Exceptions\TestException::("SQLSTATE[42703]: Undefined column: 7 FEHLER:  Spalte »is_voter« von Relation »users« existiert nicht
LINE 1: ...egion", "organisation_id", "is_committee_member", "is_voter"...
                                                             ^")[39m

  [31m────────────────────────────────────────────────────────────────────────────────────────────────────────────────────[39m  
  [41;1m FAILED [49;22m [1mTests\Feature\Newsletter\NewsletterAttachmentTest[22m [90m>[39m admin can upload attachment to draft newsletter          
[39;1m  Expected response status code [200] but received 404.
Failed asserting that 404 is identical to 200.[39;22m

  at [32mtests\Feature\Newsletter\NewsletterAttachmentTest.php[39m:[32m57[39m
     53▕                 $this->organisation->slug,
     54▕                 $this->newsletter->id,
     55▕             ]), ['attachment' => $file]);
     56▕ 
  ➜  57▕         $response->assertOk();
     58▕         $this->assertDatabaseHas('newsletter_attachments', [
     59▕             'organisation_newsletter_id' => $this->newsletter->id,
     60▕             'original_name'              => 'document.pdf',
     61▕             'mime_type'                  => 'application/pdf',

  [31m────────────────────────────────────────────────────────────────────────────────────────────────────────────────────[39m  
  [41;1m FAILED [49;22m [1mTests\Feature\Newsletter\NewsletterAttachmentTest[22m [90m>[39m uploaded file is stored in private disk                  
[39;1m  Failed asserting that null is not null.[39;22m

  at [32mtests\Feature\Newsletter\NewsletterAttachmentTest.php[39m:[32m78[39m
     74▕                 $this->newsletter->id,
     75▕             ]), ['attachment' => $file]);
     76▕ 
     77▕         $attachment = NewsletterAttachment::first();
  ➜  78▕         $this->assertNotNull($attachment);
     79▕         Storage::disk('private')->assertExists($attachment->stored_path);
     80▕     }
     81▕ 
     82▕     public function test_cannot_upload_attachment_to_non_draft_newsletter(): void

  [33m1   [39m[39;1mtests\Feature\Newsletter\NewsletterAttachmentTest.php[39;22m:[39;1m78[39;22m

  [31m────────────────────────────────────────────────────────────────────────────────────────────────────────────────────[39m  
  [41;1m FAILED [49;22m [1mTests\Feature\Newsletter\NewsletterAttachmentTest[22m [90m>[39m cannot upload attachment to non draft newsletter         
[39;1m  Expected response status code [422] but received 404.
Failed asserting that 404 is identical to 422.[39;22m

  at [32mtests\Feature\Newsletter\NewsletterAttachmentTest.php[39m:[32m96[39m
     92▕                 $this->organisation->slug,
     93▕                 $this->newsletter->id,
     94▕             ]), ['attachment' => $file]);
     95▕ 
  ➜  96▕         $response->assertStatus(422);
     97▕         $this->assertDatabaseEmpty('newsletter_attachments');
     98▕     }
     99▕ 
    100▕     public function test_max_3_attachments_per_newsletter(): void

  [31m────────────────────────────────────────────────────────────────────────────────────────────────────────────────────[39m  
  [41;1m FAILED [49;22m [1mTests\Feature\Newsletter\NewsletterAttachmentTest[22m [90m>[39m max 3 attachments per newsletter                         
[39;1m  Expected response status code [200] but received 404.
Failed asserting that 404 is identical to 200.[39;22m

  at [32mtests\Feature\Newsletter\NewsletterAttachmentTest.php[39m:[32m110[39m
    106▕                 ->postJson(route('organisations.membership.newsletters.attachments.store', [
    107▕                     $this->organisation->slug,
    108▕                     $this->newsletter->id,
    109▕                 ]), ['attachment' => UploadedFile::fake()->create("file{$i}.pdf", 100, 'application/pdf')])
  ➜ 110▕                 ->assertOk();
    111▕         }
    112▕ 
    113▕         // 4th upload must be rejected
    114▕         $response = $this->actingAs($this->admin)

  [31m────────────────────────────────────────────────────────────────────────────────────────────────────────────────────[39m  
  [41;1m FAILED [49;22m [1mTests\Feature\Newsletter\NewsletterAttachmentTest[22m [90m>[39m file larger than 10mb is rejected                        
[39;1m  Expected response status code [422] but received 404.
Failed asserting that 404 is identical to 422.[39;22m

  at [32mtests\Feature\Newsletter\NewsletterAttachmentTest.php[39m:[32m137[39m
    133▕                 $this->organisation->slug,
    134▕                 $this->newsletter->id,
    135▕             ]), ['attachment' => $file]);
    136▕ 
  ➜ 137▕         $response->assertStatus(422);
    138▕         $this->assertDatabaseEmpty('newsletter_attachments');
    139▕     }
    140▕ 
    141▕     public function test_unsupported_file_type_is_rejected(): void

  [31m────────────────────────────────────────────────────────────────────────────────────────────────────────────────────[39m  
  [41;1m FAILED [49;22m [1mTests\Feature\Newsletter\NewsletterAttachmentTest[22m [90m>[39m unsupported file type is rejected                        
[39;1m  Expected response status code [422] but received 404.
Failed asserting that 404 is identical to 422.[39;22m

  at [32mtests\Feature\Newsletter\NewsletterAttachmentTest.php[39m:[32m153[39m
    149▕                 $this->organisation->slug,
    150▕                 $this->newsletter->id,
    151▕             ]), ['attachment' => $file]);
    152▕ 
  ➜ 153▕         $response->assertStatus(422);
    154▕         $this->assertDatabaseEmpty('newsletter_attachments');
    155▕     }
    156▕ 
    157▕     public function test_non_admin_cannot_upload_attachment(): void

  [31m────────────────────────────────────────────────────────────────────────────────────────────────────────────────────[39m  
  [41;1m FAILED [49;22m [1mTests\Feature\Newsletter\NewsletterAttachmentTest[22m [90m>[39m non admin cannot upload attachment                       
[39;1m  Expected response status code [403] but received 404.
Failed asserting that 404 is identical to 403.[39;22m

  at [32mtests\Feature\Newsletter\NewsletterAttachmentTest.php[39m:[32m175[39m
    171▕             ->postJson(route('organisations.membership.newsletters.attachments.store', [
    172▕                 $this->organisation->slug,
    173▕                 $this->newsletter->id,
    174▕             ]), ['attachment' => $file])
  ➜ 175▕             ->assertStatus(403);
    176▕     }
    177▕ 
    178▕     public function test_admin_can_delete_attachment(): void
    179▕     {

  [31m────────────────────────────────────────────────────────────────────────────────────────────────────────────────────[39m  
  [41;1m FAILED [49;22m [1mTests\Feature\Newsletter\NewsletterAttachmentTest[22m [90m>[39m admin can delete attachment                              
[39;1m  Failed asserting that null is not null.[39;22m

  at [32mtests\Feature\Newsletter\NewsletterAttachmentTest.php[39m:[32m190[39m
    186▕                 $this->newsletter->id,
    187▕             ]), ['attachment' => $file]);
    188▕ 
    189▕         $attachment = NewsletterAttachment::first();
  ➜ 190▕         $this->assertNotNull($attachment);
    191▕ 
    192▕         $this->actingAs($this->admin)
    193▕             ->delete(route('organisations.membership.newsletters.attachments.destroy', [
    194▕                 $this->organisation->slug,

  [33m1   [39m[39;1mtests\Feature\Newsletter\NewsletterAttachmentTest.php[39;22m:[39;1m190[39;22m

  [31m────────────────────────────────────────────────────────────────────────────────────────────────────────────────────[39m  
  [41;1m FAILED [49;22m [1mTests\Feature\Newsletter\NewsletterAttachmentTest[22m [90m>[39m deleting newsletter soft deletes attachments             
[39;1m  Failed asserting that 0 is identical to 1.[39;22m

  at [32mtests\Feature\Newsletter\NewsletterAttachmentTest.php[39m:[32m220[39m
    216▕ 
    217▕         // Newsletter is soft-deleted; cascade should soft-delete attachments via observer or model event
    218▕         $this->assertSoftDeleted('organisation_newsletters', ['id' => $this->newsletter->id]);
    219▕         // Attachments remain but newsletter is gone — files should still be on disk until cron cleans up
  ➜ 220▕         $this->assertSame(1, NewsletterAttachment::withTrashed()->count());
    221▕     }
    222▕ }
    223▕

  [33m1   [39m[39;1mtests\Feature\Newsletter\NewsletterAttachmentTest.php[39;22m:[39;1m220[39;22m

  [31m────────────────────────────────────────────────────────────────────────────────────────────────────────────────────[39m  
  [41;1m FAILED [49;22m [1mTests\Feature\Newsletter\NewsletterAudienceSegmentationTest[22m [90m>[39m dispatch all members target… [41;1m QueryException [49;22m  
[39;1m  SQLSTATE[25P02]: In failed sql transaction: 7 FEHLER:  aktuelle Transaktion wurde abgebrochen, Befehle werden bis zum Ende der Transaktion ignoriert (Connection: pgsql, SQL: insert into "newsletter_recipients" ("consent_given_at", "consent_source", "created_at", "email", "id", "idempotency_key", "member_id", "name", "organisation_newsletter_id", "status", "updated_at", "user_id") values (2026-05-31 08:55:15, member_agreement, 2026-05-31 08:55:15, jbreitenberg@example.com, 7c7fdb8d-ff53-4a14-b0eb-c345efec8e02, 1018089d5ad37d58bdac0fa25adbc9e118065eec7a7684b18fd5aa6498ab535c, a1e8ec73-f2e3-4198-b44c-6bbc56b06c3b, Miss Zelda Spencer IV, 10, pending, 2026-05-31 08:55:15, a1e8ec73-c818-4d03-aeed-4f25575ef9e6), (2026-05-31 08:55:15, member_agreement, 2026-05-31 08:55:15, princess.boyle@example.net, aa6ac7a9-1a6c-4a3c-be90-7a541347f146, e3e933ac9ce699f2fa55c074d5a678210ce616b0678a42059f6e1def508cf707, a1e8ec73-f839-4373-911b-66f9173e6b38, Guadalupe Gulgowski, 10, pending, 2026-05-31 08:55:15, a1e8ec73-eb16-4347-b762-ef7ff4ef31ba), (2026-05-31 08:55:15, member_agreement, 2026-05-31 08:55:15, vivien.kub@example.com, 8101b807-5d18-4841-bc4e-46ada7497272, 7d50426b313094fcaeb89859436ad45354a6c4517555a4fb9c559957697ec9ca, a1e8ec73-f6f6-4741-8ad2-9a7e8c92213d, Alyce Hayes, 10, pending, 2026-05-31 08:55:15, a1e8ec73-db03-4257-86fa-4f156df15ee4))[39;22m

  at [32mvendor\laravel\framework\src\Illuminate\Database\Connection.php[39m:[32m825[39m
    821▕                     $this->getName(), $query, $this->prepareBindings($bindings), $e
    822▕                 );
    823▕             }
    824▕ 
  ➜ 825▕             throw new QueryException(
    826▕                 $this->getName(), $query, $this->prepareBindings($bindings), $e
    827▕             );
    828▕         }
    829▕     }

  [33m1   [39m[39;1mvendor\laravel\framework\src\Illuminate\Database\Connection.php[39;22m:[39;1m825[39;22m

  [33m2   [39m[39;1mvendor\laravel\framework\src\Illuminate\Database\Connection.php[39;22m:[39;1m571[39;22m
  [90m    NunoMaduro\Collision\Exceptions\TestException::("SQLSTATE[25P02]: In failed sql transaction: 7 FEHLER:  aktuelle Transaktion wurde abgebrochen, Befehle werden bis zum Ende der Transaktion ignoriert")[39m

  [31m────────────────────────────────────────────────────────────────────────────────────────────────────────────────────[39m  
  [41;1m FAILED [49;22m [1mTests\Feature\Newsletter\NewsletterAudienceSegmentationTest[22m [90m>[39m dispatch election voters us… [41;1m QueryException [49;22m  
[39;1m  SQLSTATE[42703]: Undefined column: 7 FEHLER:  Spalte members.user_id existiert nicht
LINE 1: ...users"."id" left join "members" on "users"."id" = "members"....
                                                             ^ (Connection: pgsql, SQL: select DISTINCT users.email, users.name, COALESCE(members.id, NULL) as member_id, users.id as user_id, election_participation as consent_source from "election_memberships" inner join "users" on "election_memberships"."user_id" = "users"."id" left join "members" on "users"."id" = "members"."user_id" where "election_id" = a1e8ec75-6fc5-458d-b288-df4ad7af0042 and "role" = voter and "status" = active and "users"."organisation_id" = a1e8ec75-5b59-4ccd-9d52-4c477767b24b and "users"."newsletter_unsubscribed_at" is null and "users"."newsletter_bounced_at" is null)[39;22m

  at [32mvendor\laravel\framework\src\Illuminate\Database\Connection.php[39m:[32m825[39m
    821▕                     $this->getName(), $query, $this->prepareBindings($bindings), $e
    822▕                 );
    823▕             }
    824▕ 
  ➜ 825▕             throw new QueryException(
    826▕                 $this->getName(), $query, $this->prepareBindings($bindings), $e
    827▕             );
    828▕         }
    829▕     }

  [33m1   [39m[39;1mvendor\laravel\framework\src\Illuminate\Database\Connection.php[39;22m:[39;1m825[39;22m

  [33m2   [39m[39;1mvendor\laravel\framework\src\Illuminate\Database\Connection.php[39;22m:[39;1m412[39;22m
  [90m    NunoMaduro\Collision\Exceptions\TestException::("SQLSTATE[42703]: Undefined column: 7 FEHLER:  Spalte members.user_id existiert nicht
LINE 1: ...users"."id" left join "members" on "users"."id" = "members"....
                                                             ^")[39m

  [31m────────────────────────────────────────────────────────────────────────────────────────────────────────────────────[39m  
  [41;1m FAILED [49;22m [1mTests\Feature\Newsletter\NewsletterAudienceSegmentationTest[22m [90m>[39m dispatch election not voted… [41;1m QueryException [49;22m  
[39;1m  SQLSTATE[42703]: Undefined column: 7 FEHLER:  Spalte members.user_id existiert nicht
LINE 1: ...users"."id" left join "members" on "users"."id" = "members"....
                                                             ^ (Connection: pgsql, SQL: select DISTINCT users.email, users.name, COALESCE(members.id, NULL) as member_id, users.id as user_id, election_participation as consent_source from "election_memberships" inner join "users" on "election_memberships"."user_id" = "users"."id" left join "members" on "users"."id" = "members"."user_id" where "election_id" = a1e8ec76-1f1b-4fd6-80de-6baeb99bf8ff and "role" = voter and "has_voted" = 0 and "status" = active and "users"."organisation_id" = a1e8ec76-08af-49b7-8a1e-a018a52c5a2c and "users"."newsletter_unsubscribed_at" is null and "users"."newsletter_bounced_at" is null)[39;22m

  at [32mvendor\laravel\framework\src\Illuminate\Database\Connection.php[39m:[32m825[39m
    821▕                     $this->getName(), $query, $this->prepareBindings($bindings), $e
    822▕                 );
    823▕             }
    824▕ 
  ➜ 825▕             throw new QueryException(
    826▕                 $this->getName(), $query, $this->prepareBindings($bindings), $e
    827▕             );
    828▕         }
    829▕     }

  [33m1   [39m[39;1mvendor\laravel\framework\src\Illuminate\Database\Connection.php[39;22m:[39;1m825[39;22m

  [33m2   [39m[39;1mvendor\laravel\framework\src\Illuminate\Database\Connection.php[39;22m:[39;1m412[39;22m
  [90m    NunoMaduro\Collision\Exceptions\TestException::("SQLSTATE[42703]: Undefined column: 7 FEHLER:  Spalte members.user_id existiert nicht
LINE 1: ...users"."id" left join "members" on "users"."id" = "members"....
                                                             ^")[39m

  [31m────────────────────────────────────────────────────────────────────────────────────────────────────────────────────[39m  
  [41;1m FAILED [49;22m [1mTests\Feature\Newsletter\NewsletterAudienceSegmentationTest[22m [90m>[39m dispatch election committee… [41;1m QueryException [49;22m  
[39;1m  SQLSTATE[42703]: Undefined column: 7 FEHLER:  Spalte members.user_id existiert nicht
LINE 1: ...users"."id" left join "members" on "users"."id" = "members"....
                                                             ^ (Connection: pgsql, SQL: select DISTINCT users.email, users.name, COALESCE(members.id, NULL) as member_id, users.id as user_id, election_participation as consent_source from "election_officers" inner join "users" on "election_officers"."user_id" = "users"."id" left join "members" on "users"."id" = "members"."user_id" where "election_officers"."election_id" = a1e8ec76-a27e-424a-82ab-94aa1034bfd4 and "election_officers"."status" = active and "users"."organisation_id" = a1e8ec76-8e9c-472e-b510-2081ae821652 and "users"."newsletter_unsubscribed_at" is null and "users"."newsletter_bounced_at" is null)[39;22m

  at [32mvendor\laravel\framework\src\Illuminate\Database\Connection.php[39m:[32m825[39m
    821▕                     $this->getName(), $query, $this->prepareBindings($bindings), $e
    822▕                 );
    823▕             }
    824▕ 
  ➜ 825▕             throw new QueryException(
    826▕                 $this->getName(), $query, $this->prepareBindings($bindings), $e
    827▕             );
    828▕         }
    829▕     }

  [33m1   [39m[39;1mvendor\laravel\framework\src\Illuminate\Database\Connection.php[39;22m:[39;1m825[39;22m

  [33m2   [39m[39;1mvendor\laravel\framework\src\Illuminate\Database\Connection.php[39;22m:[39;1m412[39;22m
  [90m    NunoMaduro\Collision\Exceptions\TestException::("SQLSTATE[42703]: Undefined column: 7 FEHLER:  Spalte members.user_id existiert nicht
LINE 1: ...users"."id" left join "members" on "users"."id" = "members"....
                                                             ^")[39m

  [31m────────────────────────────────────────────────────────────────────────────────────────────────────────────────────[39m  
  [41;1m FAILED [49;22m [1mTests\Feature\Newsletter\NewsletterAudienceSegmentationTest[22m [90m>[39m non member election partici… [41;1m QueryException [49;22m  
[39;1m  SQLSTATE[42703]: Undefined column: 7 FEHLER:  Spalte members.user_id existiert nicht
LINE 1: ...users"."id" left join "members" on "users"."id" = "members"....
                                                             ^ (Connection: pgsql, SQL: select DISTINCT users.email, users.name, COALESCE(members.id, NULL) as member_id, users.id as user_id, election_participation as consent_source from "election_memberships" inner join "users" on "election_memberships"."user_id" = "users"."id" left join "members" on "users"."id" = "members"."user_id" where "election_id" = a1e8ec77-c106-41dd-9110-9d24425a3d1a and "role" = observer and "users"."organisation_id" = a1e8ec77-af39-4927-b618-a22805804152 and "users"."newsletter_unsubscribed_at" is null and "users"."newsletter_bounced_at" is null)[39;22m

  at [32mvendor\laravel\framework\src\Illuminate\Database\Connection.php[39m:[32m825[39m
    821▕                     $this->getName(), $query, $this->prepareBindings($bindings), $e
    822▕                 );
    823▕             }
    824▕ 
  ➜ 825▕             throw new QueryException(
    826▕                 $this->getName(), $query, $this->prepareBindings($bindings), $e
    827▕             );
    828▕         }
    829▕     }

  [33m1   [39m[39;1mvendor\laravel\framework\src\Illuminate\Database\Connection.php[39;22m:[39;1m825[39;22m

  [33m2   [39m[39;1mvendor\laravel\framework\src\Illuminate\Database\Connection.php[39;22m:[39;1m412[39;22m
  [90m    NunoMaduro\Collision\Exceptions\TestException::("SQLSTATE[42703]: Undefined column: 7 FEHLER:  Spalte members.user_id existiert nicht
LINE 1: ...users"."id" left join "members" on "users"."id" = "members"....
                                                             ^")[39m

  [31m────────────────────────────────────────────────────────────────────────────────────────────────────────────────────[39m  
  [41;1m FAILED [49;22m [1mTests\Feature\Newsletter\NewsletterAudienceSegmentationTest[22m [90m>[39m store validates elect… [41;1m AssertionFailedError [49;22m  
[39;1m  Expected validation exception[39;22m

  at [32mtests\Feature\Newsletter\NewsletterAudienceSegmentationTest.php[39m:[32m285[39m
    281▕                 'subject' => 'Test',
    282▕                 'html_content' => 'Test',
    283▕             'status' => 'draft',
    284▕             ]);
  ➜ 285▕             $this->fail('Expected validation exception');
    286▕         } catch (\Illuminate\Validation\ValidationException $e) {
    287▕             $this->assertArrayHasKey('audience_meta.election_id', $e->errors());
    288▕         }
    289▕     }

  [33m1   [39m[39;1mtests\Feature\Newsletter\NewsletterAudienceSegmentationTest.php[39;22m:[39;1m285[39;22m

  [31m────────────────────────────────────────────────────────────────────────────────────────────────────────────────────[39m  
  [41;1m FAILED [49;22m [1mTests\Feature\Newsletter\NewsletterAudienceSegmentationTest[22m [90m>[39m store rejects unknown… [41;1m AssertionFailedError [49;22m  
[39;1m  Expected validation exception[39;22m

  at [32mtests\Feature\Newsletter\NewsletterAudienceSegmentationTest.php[39m:[32m303[39m
    299▕                 'subject' => 'Test',
    300▕                 'html_content' => 'Test',
    301▕             'status' => 'draft',
    302▕             ]);
  ➜ 303▕             $this->fail('Expected validation exception');
    304▕         } catch (\Illuminate\Validation\ValidationException $e) {
    305▕             $this->assertArrayHasKey('audience_type', $e->errors());
    306▕         }
    307▕     }

  [33m1   [39m[39;1mtests\Feature\Newsletter\NewsletterAudienceSegmentationTest.php[39;22m:[39;1m303[39;22m

  [31m────────────────────────────────────────────────────────────────────────────────────────────────────────────────────[39m  
  [41;1m FAILED [49;22m [1mTests\Feature\Newsletter\NewsletterAudienceSegmentationTest[22m [90m>[39m store rate limits max… [41;1m AssertionFailedError [49;22m  
[39;1m  Expected 429 rate limit exception[39;22m

  at [32mtests\Feature\Newsletter\NewsletterAudienceSegmentationTest.php[39m:[32m326[39m
    322▕                 'subject' => 'Test',
    323▕                 'html_content' => 'Test',
    324▕             'status' => 'draft',
    325▕             ]);
  ➜ 326▕             $this->fail('Expected 429 rate limit exception');
    327▕         } catch (\Symfony\Component\HttpKernel\Exception\HttpException $e) {
    328▕             $this->assertEquals(429, $e->getStatusCode());
    329▕         }
    330▕     }

  [33m1   [39m[39;1mtests\Feature\Newsletter\NewsletterAudienceSegmentationTest.php[39;22m:[39;1m326[39;22m

  [31m────────────────────────────────────────────────────────────────────────────────────────────────────────────────────[39m  
  [41;1m FAILED [49;22m [1mTests\Feature\Newsletter\NewsletterAudienceSegmentationTest[22m [90m>[39m preview count rate limits 30 requests per m…   
[39;1m  Failed asserting that 500 matches expected 429.[39;22m

  at [32mtests\Feature\Newsletter\NewsletterAudienceSegmentationTest.php[39m:[32m345[39m
    341▕         $response = $this->getJson(route('organisations.membership.newsletters.previewCount', [
    342▕             'organisation' => $this->organisation->slug,
    343▕         ]));
    344▕ 
  ➜ 345▕         $this->assertEquals(429, $response->status());
    346▕     }
    347▕ 
    348▕     /** @test */
    349▕     public function test_dispatch_handles_audience_with_zero_recipients_gracefully()

  [33m1   [39m[39;1mtests\Feature\Newsletter\NewsletterAudienceSegmentationTest.php[39;22m:[39;1m345[39;22m

  [31m────────────────────────────────────────────────────────────────────────────────────────────────────────────────────[39m  
  [41;1m FAILED [49;22m [1mTests\Feature\Newsletter\NewsletterAudienceSegmentationTest[22m [90m>[39m dispatch handles audience w… [41;1m QueryException [49;22m  
[39;1m  SQLSTATE[23502]: Not null violation: 7 FEHLER:  NULL-Wert in Spalte »actor_user_id« von Relation »newsletter_audit_logs« verletzt Not-Null-Constraint
DETAIL:  Fehlgeschlagene Zeile enthält (1, 13, a1e8ec7b-2197-4d67-9b89-987e1765f1d6, null, dispatched, {"recipient_count":0,"audience_type":"all_members","audience_met..., 127.0.0.1, 2026-05-31 08:55:19, 2026-05-31 08:55:19). (Connection: pgsql, SQL: insert into "newsletter_audit_logs" ("organisation_newsletter_id", "organisation_id", "actor_user_id", "action", "metadata", "ip_address", "updated_at", "created_at") values (13, a1e8ec7b-2197-4d67-9b89-987e1765f1d6, ?, dispatched, {"recipient_count":0,"audience_type":"all_members","audience_meta":null}, 127.0.0.1, 2026-05-31 08:55:19, 2026-05-31 08:55:19) returning "id")[39;22m

  at [32mvendor\laravel\framework\src\Illuminate\Database\Connection.php[39m:[32m825[39m
    821▕                     $this->getName(), $query, $this->prepareBindings($bindings), $e
    822▕                 );
    823▕             }
    824▕ 
  ➜ 825▕             throw new QueryException(
    826▕                 $this->getName(), $query, $this->prepareBindings($bindings), $e
    827▕             );
    828▕         }
    829▕     }

  [33m1   [39m[39;1mvendor\laravel\framework\src\Illuminate\Database\Connection.php[39;22m:[39;1m825[39;22m

  [33m2   [39m[39;1mvendor\laravel\framework\src\Illuminate\Database\Connection.php[39;22m:[39;1m412[39;22m
  [90m    NunoMaduro\Collision\Exceptions\TestException::("SQLSTATE[23502]: Not null violation: 7 FEHLER:  NULL-Wert in Spalte »actor_user_id« von Relation »newsletter_audit_logs« verletzt Not-Null-Constraint
DETAIL:  Fehlgeschlagene Zeile enthält (1, 13, a1e8ec7b-2197-4d67-9b89-987e1765f1d6, null, dispatched, {"recipient_count":0,"audience_type":"all_members","audience_met..., 127.0.0.1, 2026-05-31 08:55:19, 2026-05-31 08:55:19).")[39m

  [31m────────────────────────────────────────────────────────────────────────────────────────────────────────────────────[39m  
  [41;1m FAILED [49;22m [1mTests\Feature\Newsletter\NewsletterAudienceSegmentationTest[22m [90m>[39m dispatch does not duplicate… [41;1m QueryException [49;22m  
[39;1m  SQLSTATE[42703]: Undefined column: 7 FEHLER:  Spalte members.user_id existiert nicht
LINE 1: ...users"."id" left join "members" on "users"."id" = "members"....
                                                             ^ (Connection: pgsql, SQL: select DISTINCT users.email, users.name, COALESCE(members.id, NULL) as member_id, users.id as user_id, election_participation as consent_source from "election_memberships" inner join "users" on "election_memberships"."user_id" = "users"."id" left join "members" on "users"."id" = "members"."user_id" where "election_id" = a1e8ec7b-be20-4cb9-8993-98e26f40d93e and "role" = voter and "status" = active and "users"."organisation_id" = a1e8ec7b-a63a-4d42-a733-f334ede1ad22 and "users"."newsletter_unsubscribed_at" is null and "users"."newsletter_bounced_at" is null)[39;22m

  at [32mvendor\laravel\framework\src\Illuminate\Database\Connection.php[39m:[32m825[39m
    821▕                     $this->getName(), $query, $this->prepareBindings($bindings), $e
    822▕                 );
    823▕             }
    824▕ 
  ➜ 825▕             throw new QueryException(
    826▕                 $this->getName(), $query, $this->prepareBindings($bindings), $e
    827▕             );
    828▕         }
    829▕     }

  [33m1   [39m[39;1mvendor\laravel\framework\src\Illuminate\Database\Connection.php[39;22m:[39;1m825[39;22m

  [33m2   [39m[39;1mvendor\laravel\framework\src\Illuminate\Database\Connection.php[39;22m:[39;1m412[39;22m
  [90m    NunoMaduro\Collision\Exceptions\TestException::("SQLSTATE[42703]: Undefined column: 7 FEHLER:  Spalte members.user_id existiert nicht
LINE 1: ...users"."id" left join "members" on "users"."id" = "members"....
                                                             ^")[39m

  [31m────────────────────────────────────────────────────────────────────────────────────────────────────────────────────[39m  
  [41;1m FAILED [49;22m [1mTests\Feature\Newsletter\NewsletterAudienceSegmentationTest[22m [90m>[39m concurrent newsletter dispa… [41;1m QueryException [49;22m  
[39;1m  SQLSTATE[25P02]: In failed sql transaction: 7 FEHLER:  aktuelle Transaktion wurde abgebrochen, Befehle werden bis zum Ende der Transaktion ignoriert (Connection: pgsql, SQL: insert into "newsletter_recipients" ("consent_given_at", "consent_source", "created_at", "email", "id", "idempotency_key", "member_id", "name", "organisation_newsletter_id", "status", "updated_at", "user_id") values (2026-05-31 08:55:21, member_agreement, 2026-05-31 08:55:21, casandra49@example.org, b356151c-6e7b-4c22-9317-c13d16343270, d3a0a6102915525fc4951743a15be06971f10d3024932bef5ce2b4116c8290e2, a1e8ec7d-cd20-422e-b949-7c84d0b0197a, Kavon Hoppe, 14, pending, 2026-05-31 08:55:21, a1e8ec7d-c579-482a-9220-2796bea2dc7f), (2026-05-31 08:55:21, member_agreement, 2026-05-31 08:55:21, kian.kirlin@example.com, ec3862ef-b19e-4d5e-bb9f-0c2068520694, 06667b6091ce59fb06403d82ea0b9db593b6130f7f508c96fd5e479ad59af104, a1e8ec7d-cbf5-4033-bcbc-3bd470525fce, Dr. Myrtis Smitham, 14, pending, 2026-05-31 08:55:21, a1e8ec7d-b93e-4177-9fd1-4fb0b09fc687), (2026-05-31 08:55:21, member_agreement, 2026-05-31 08:55:21, price.lesley@example.org, 1e8ffae3-00af-4647-bd3f-7026c9a1fcdf, f373f6940164bc9268295d402ea308bf5eaa14076f3b5d1ecbf0f28af60a4a59, a1e8ec7d-c8f4-4182-8594-7d5d658dc4f3, Jonatan Prohaska, 14, pending, 2026-05-31 08:55:21, a1e8ec7d-ace1-44d9-8e44-0807e972cbd3))[39;22m

  at [32mvendor\laravel\framework\src\Illuminate\Database\Connection.php[39m:[32m825[39m
    821▕                     $this->getName(), $query, $this->prepareBindings($bindings), $e
    822▕                 );
    823▕             }
    824▕ 
  ➜ 825▕             throw new QueryException(
    826▕                 $this->getName(), $query, $this->prepareBindings($bindings), $e
    827▕             );
    828▕         }
    829▕     }

  [33m1   [39m[39;1mvendor\laravel\framework\src\Illuminate\Database\Connection.php[39;22m:[39;1m825[39;22m

  [33m2   [39m[39;1mvendor\laravel\framework\src\Illuminate\Database\Connection.php[39;22m:[39;1m571[39;22m
  [90m    NunoMaduro\Collision\Exceptions\TestException::("SQLSTATE[25P02]: In failed sql transaction: 7 FEHLER:  aktuelle Transaktion wurde abgebrochen, Befehle werden bis zum Ende der Transaktion ignoriert")[39m

  [31m────────────────────────────────────────────────────────────────────────────────────────────────────────────────────[39m  
  [41;1m FAILED [49;22m [1mTests\Feature\Newsletter\NewsletterAudienceSegmentationTest[22m [90m>[39m gdpr consent source stored…  [41;1m QueryException [49;22m  
[39;1m  SQLSTATE[25P02]: In failed sql transaction: 7 FEHLER:  aktuelle Transaktion wurde abgebrochen, Befehle werden bis zum Ende der Transaktion ignoriert (Connection: pgsql, SQL: insert into "newsletter_recipients" ("consent_given_at", "consent_source", "created_at", "email", "id", "idempotency_key", "member_id", "name", "organisation_newsletter_id", "status", "updated_at", "user_id") values (2026-05-31 08:55:24, member_agreement, 2026-05-31 08:55:24, rocio.quitzon@example.com, cc4f87d7-9404-4096-a405-d27aa1bd2b52, ee9a46627765946d20305682f10bcc52d96cbae9b51448fa46c9c71bca6a815a, a1e8ec81-3da0-4c61-97a6-5eff047d792f, Dr. Cullen Kunze IV, 16, pending, 2026-05-31 08:55:24, a1e8ec80-1f0e-4bde-813e-2a626acff0f5))[39;22m

  at [32mvendor\laravel\framework\src\Illuminate\Database\Connection.php[39m:[32m825[39m
    821▕                     $this->getName(), $query, $this->prepareBindings($bindings), $e
    822▕                 );
    823▕             }
    824▕ 
  ➜ 825▕             throw new QueryException(
    826▕                 $this->getName(), $query, $this->prepareBindings($bindings), $e
    827▕             );
    828▕         }
    829▕     }

  [33m1   [39m[39;1mvendor\laravel\framework\src\Illuminate\Database\Connection.php[39;22m:[39;1m825[39;22m

  [33m2   [39m[39;1mvendor\laravel\framework\src\Illuminate\Database\Connection.php[39;22m:[39;1m571[39;22m
  [90m    NunoMaduro\Collision\Exceptions\TestException::("SQLSTATE[25P02]: In failed sql transaction: 7 FEHLER:  aktuelle Transaktion wurde abgebrochen, Befehle werden bis zum Ende der Transaktion ignoriert")[39m

  [31m────────────────────────────────────────────────────────────────────────────────────────────────────────────────────[39m  
  [41;1m FAILED [49;22m [1mTests\Feature\Newsletter\NewsletterAudienceSegmentationTest[22m [90m>[39m dispatch ignores cache to e… [41;1m QueryException [49;22m  
[39;1m  SQLSTATE[25P02]: In failed sql transaction: 7 FEHLER:  aktuelle Transaktion wurde abgebrochen, Befehle werden bis zum Ende der Transaktion ignoriert (Connection: pgsql, SQL: insert into "newsletter_recipients" ("consent_given_at", "consent_source", "created_at", "email", "id", "idempotency_key", "member_id", "name", "organisation_newsletter_id", "status", "updated_at", "user_id") values (2026-05-31 08:55:29, member_agreement, 2026-05-31 08:55:29, emory99@example.com, d3548180-3669-42bf-8c57-11fad9d89124, 52415de0b0ff511cc5323dc0dd2ef3423893d5309a341363b335f12daaf816bd, a1e8ec87-2de5-4018-8aa2-0eff3fadeabf, Jaren Runolfsdottir, 17, pending, 2026-05-31 08:55:29, a1e8ec85-dfe3-484f-b5eb-ae8284ad5dba), (2026-05-31 08:55:29, member_agreement, 2026-05-31 08:55:29, hansen.brittany@example.net, e51ba813-0a71-41f2-b5f5-0bae1f2e7aaa, 01c86d78c8f6633893c90bf37d0061da36c01de2b313d40ec85f5d04de42d5b6, a1e8ec89-1038-49eb-b37d-bc885fa05ff4, Larissa Romaguera, 17, pending, 2026-05-31 08:55:29, a1e8ec87-f901-4aa6-98c5-acd1eafb9698), (2026-05-31 08:55:29, member_agreement, 2026-05-31 08:55:29, kschmidt@example.org, 27145167-bfd0-49e3-8a3e-a2dfadf0c177, b7340efbcffa23a7678ec50279ecd9a58d9d6e79523b09e7f0381443440241d2, a1e8ec86-cc8e-4c15-8ee6-8c8a2bfc2d67, Prof. Douglas Jenkins, 17, pending, 2026-05-31 08:55:29, a1e8ec84-5388-4349-9c93-8be0dd34c98d))[39;22m

  at [32mvendor\laravel\framework\src\Illuminate\Database\Connection.php[39m:[32m825[39m
    821▕                     $this->getName(), $query, $this->prepareBindings($bindings), $e
    822▕                 );
    823▕             }
    824▕ 
  ➜ 825▕             throw new QueryException(
    826▕                 $this->getName(), $query, $this->prepareBindings($bindings), $e
    827▕             );
    828▕         }
    829▕     }

  [33m1   [39m[39;1mvendor\laravel\framework\src\Illuminate\Database\Connection.php[39;22m:[39;1m825[39;22m

  [33m2   [39m[39;1mvendor\laravel\framework\src\Illuminate\Database\Connection.php[39;22m:[39;1m571[39;22m
  [90m    NunoMaduro\Collision\Exceptions\TestException::("SQLSTATE[25P02]: In failed sql transaction: 7 FEHLER:  aktuelle Transaktion wurde abgebrochen, Befehle werden bis zum Ende der Transaktion ignoriert")[39m

  [31m────────────────────────────────────────────────────────────────────────────────────────────────────────────────────[39m  
  [41;1m FAILED [49;22m [1mTests\Feature\Newsletter\NewsletterAudienceSegmentationTest[22m [90m>[39m multi s… [41;1m UniqueConstraintViolationException [49;22m  
[39;1m  SQLSTATE[23505]: Unique violation: 7 FEHLER:  doppelter Schlüsselwert verletzt Unique-Constraint »uq_user_election_active«
DETAIL:  Schlüssel »(user_id, election_id)=(a1e8ec8c-75d0-4549-8eb6-5602898303cd, a1e8ec8b-a854-409e-8fad-e93833baa5dc)« existiert bereits. (Connection: pgsql, SQL: insert into "election_memberships" ("role", "status", "metadata", "has_voted", "suspension_status", "user_id", "organisation_id", "election_id", "id", "updated_at", "created_at") values (candidate, active, {}, 0, none, a1e8ec8c-75d0-4549-8eb6-5602898303cd, a1e8ec8a-1dfa-43a5-8ec1-b0b9b57385cd, a1e8ec8b-a854-409e-8fad-e93833baa5dc, a1e8ec8d-cfeb-4800-be38-8218444647d8, 2026-05-31 08:55:32, 2026-05-31 08:55:32))[39;22m

  at [32mvendor\laravel\framework\src\Illuminate\Database\Connection.php[39m:[32m820[39m
    816▕         // message to include the bindings with SQL, which will make this exception a
    817▕         // lot more helpful to the developer instead of just the database's errors.
    818▕         catch (Exception $e) {
    819▕             if ($this->isUniqueConstraintError($e)) {
  ➜ 820▕                 throw new UniqueConstraintViolationException(
    821▕                     $this->getName(), $query, $this->prepareBindings($bindings), $e
    822▕                 );
    823▕             }
    824▕

  [33m1   [39m[39;1mvendor\laravel\framework\src\Illuminate\Database\Connection.php[39;22m:[39;1m820[39;22m

  [33m2   [39m[39;1mvendor\laravel\framework\src\Illuminate\Database\Connection.php[39;22m:[39;1m571[39;22m
  [90m    NunoMaduro\Collision\Exceptions\TestException::("SQLSTATE[23505]: Unique violation: 7 FEHLER:  doppelter Schlüsselwert verletzt Unique-Constraint »uq_user_election_active«
DETAIL:  Schlüssel »(user_id, election_id)=(a1e8ec8c-75d0-4549-8eb6-5602898303cd, a1e8ec8b-a854-409e-8fad-e93833baa5dc)« existiert bereits.")[39m

  [31m────────────────────────────────────────────────────────────────────────────────────────────────────────────────────[39m  
  [41;1m FAILED [49;22m [1mTests\Feature\OrganisationCreationCsrfTest[22m [90m>[39m organization creation requires csrf token                       
[39;1m  Expected response status code [201] but received 302.
Failed asserting that 302 is identical to 201.

The following errors occurred during the last request:

Creation failed: representative muss eine Zeichenkette sein.[39;22m

  at [32mtests\Feature\OrganisationCreationCsrfTest.php[39m:[32m51[39m
     47▕             ]);
     48▕ 
     49▕         // Should succeed because actingAs() provides session with CSRF
     50▕         // The test verifies that the form submission works with proper session handling
  ➜  51▕         $response->assertStatus(201);
     52▕     }
     53▕ 
     54▕     /**
     55▕      * Test that organisation creation succeeds with valid CSRF token in form submission

  [31m────────────────────────────────────────────────────────────────────────────────────────────────────────────────────[39m  
  [41;1m FAILED [49;22m [1mTests\Feature\OrganisationCreationCsrfTest[22m [90m>[39m organization creation succeeds with valid csrf token            
[39;1m  Expected response status code [201] but received 302.
Failed asserting that 302 is identical to 201.

The following errors occurred during the last request:

Creation failed: representative muss eine Zeichenkette sein.[39;22m

  at [32mtests\Feature\OrganisationCreationCsrfTest.php[39m:[32m91[39m
     87▕             ->from(route('dashboard'))
     88▕             ->post('/organisations', $payload);
     89▕ 
     90▕         // Should succeed with 201 Created
  ➜  91▕         $response->assertStatus(201);
     92▕ 
     93▕         // Verify organisation was created
     94▕         $org = Organisation::where('email', 'board@example.de')->first();
     95▕         $this->assertNotNull($org);

  [31m────────────────────────────────────────────────────────────────────────────────────────────────────────────────────[39m  
  [41;1m FAILED [49;22m [1mTests\Feature\OrganisationCreationCsrfTest[22m [90m>[39m csrf token persists across multi step form                      
[39;1m  Expected response status code [422] but received 302.
Failed asserting that 302 is identical to 422.

The following errors occurred during the last request:

Creation failed: representative muss eine Zeichenkette sein.[39;22m

  at [32mtests\Feature\OrganisationCreationCsrfTest.php[39m:[32m132[39m
    128▕                 'accept_terms' => true,
    129▕             ]);
    130▕ 
    131▕         // Should fail with validation error
  ➜ 132▕         $response1->assertStatus(422);
    133▕         $response1->assertJsonValidationErrors(['address.zip']);
    134▕ 
    135▕         // Second attempt: Same session, fixed zip code (should succeed)
    136▕         // This verifies the CSRF token is valid for the same session

  [31m────────────────────────────────────────────────────────────────────────────────────────────────────────────────────[39m  
  [41;1m FAILED [49;22m [1mTests\Feature\OrganisationCreationDatabaseTest[22m [90m>[39m organization creation is atomic           [41;1m QueryException [49;22m  
[39;1m  SQLSTATE[42P01]: Undefined table: 7 FEHLER:  Relation »organization_user« existiert nicht
LINE 1: select count(*) as aggregate from "organization_user"
                                          ^ (Connection: pgsql, SQL: select count(*) as aggregate from "organization_user")[39;22m

  at [32mvendor\laravel\framework\src\Illuminate\Database\Connection.php[39m:[32m825[39m
    821▕                     $this->getName(), $query, $this->prepareBindings($bindings), $e
    822▕                 );
    823▕             }
    824▕ 
  ➜ 825▕             throw new QueryException(
    826▕                 $this->getName(), $query, $this->prepareBindings($bindings), $e
    827▕             );
    828▕         }
    829▕     }

  [33m1   [39m[39;1mvendor\laravel\framework\src\Illuminate\Database\Connection.php[39;22m:[39;1m825[39;22m

  [33m2   [39m[39;1mvendor\laravel\framework\src\Illuminate\Database\Connection.php[39;22m:[39;1m412[39;22m
  [90m    NunoMaduro\Collision\Exceptions\TestException::("SQLSTATE[42P01]: Undefined table: 7 FEHLER:  Relation »organization_user« existiert nicht
LINE 1: select count(*) as aggregate from "organization_user"
                                          ^")[39m

  [31m────────────────────────────────────────────────────────────────────────────────────────────────────────────────────[39m  
  [41;1m FAILED [49;22m [1mTests\Feature\OrganisationCreationDatabaseTest[22m [90m>[39m user organisation id updated correctly    [41;1m QueryException [49;22m  
[39;1m  SQLSTATE[23502]: Not null violation: 7 FEHLER:  NULL-Wert in Spalte »organisation_id« von Relation »users« verletzt Not-Null-Constraint
DETAIL:  Fehlgeschlagene Zeile enthält (a1e8ec91-ce3e-49f9-88d5-c21993411430, null, Nannie Davis, Nevada, hgreenholt@example.net, 2026-05-31 08:55:34, $2y$10$92IXUNpkjO0rOQ5byMi.Ye4oKoEa3Ro9llC/.og/at2.uheWG/igi, idcf0DYyeq, 2026-05-31 08:55:34, 2026-05-31 08:55:34, null, null, null, null, null, null, null, null, null, null, null, null, null, null, null, null, null, anonymous, null, null, f, null, f, null). (Connection: pgsql, SQL: insert into "users" ("name", "email", "email_verified_at", "password", "remember_token", "region", "organisation_id", "is_committee_member", "id", "updated_at", "created_at") values (Nannie Davis, hgreenholt@example.net, 2026-05-31 08:55:34, $2y$10$92IXUNpkjO0rOQ5byMi.Ye4oKoEa3Ro9llC/.og/at2.uheWG/igi, idcf0DYyeq, Nevada, ?, 0, a1e8ec91-ce3e-49f9-88d5-c21993411430, 2026-05-31 08:55:34, 2026-05-31 08:55:34))[39;22m

  at [32mvendor\laravel\framework\src\Illuminate\Database\Connection.php[39m:[32m825[39m
    821▕                     $this->getName(), $query, $this->prepareBindings($bindings), $e
    822▕                 );
    823▕             }
    824▕ 
  ➜ 825▕             throw new QueryException(
    826▕                 $this->getName(), $query, $this->prepareBindings($bindings), $e
    827▕             );
    828▕         }
    829▕     }

  [33m1   [39m[39;1mvendor\laravel\framework\src\Illuminate\Database\Connection.php[39;22m:[39;1m825[39;22m

  [33m2   [39m[39;1mvendor\laravel\framework\src\Illuminate\Database\Connection.php[39;22m:[39;1m571[39;22m
  [90m    NunoMaduro\Collision\Exceptions\TestException::("SQLSTATE[23502]: Not null violation: 7 FEHLER:  NULL-Wert in Spalte »organisation_id« von Relation »users« verletzt Not-Null-Constraint
DETAIL:  Fehlgeschlagene Zeile enthält (a1e8ec91-ce3e-49f9-88d5-c21993411430, null, Nannie Davis, Nevada, hgreenholt@example.net, 2026-05-31 08:55:34, $2y$10$92IXUNpkjO0rOQ5byMi.Ye4oKoEa3Ro9llC/.og/at2.uheWG/igi, idcf0DYyeq, 2026-05-31 08:55:34, 2026-05-31 08:55:34, null, null, null, null, null, null, null, null, null, null, null, null, null, null, null, null, null, anonymous, null, null, f, null, f, null).")[39m

  [31m────────────────────────────────────────────────────────────────────────────────────────────────────────────────────[39m  
  [41;1m FAILED [49;22m [1mTests\Feature\OrganisationCreationDatabaseTest[22m [90m>[39m representative user organisation id set   [41;1m ErrorException [49;22m  
[39;1m  Attempt to read property "organisation_id" on null[39;22m

  at [32mtests\Feature\OrganisationCreationDatabaseTest.php[39m:[32m117[39m
    113▕         // Get the representative user
    114▕         $rep = User::where('email', 'rep@neworg.de')->first();
    115▕ 
    116▕         // Verify representative has organisation_id set
  ➜ 117▕         $this->assertNotNull($rep->organisation_id);
    118▕         $this->assertEquals($org->id, $rep->organisation_id);
    119▕     }
    120▕ 
    121▕     /**

  [31m────────────────────────────────────────────────────────────────────────────────────────────────────────────────────[39m  
  [41;1m FAILED [49;22m [1mTests\Feature\OrganisationCreationDatabaseTest[22m [90m>[39m duplicate organization name rejected                        
[39;1m  Expected response status code [201] but received 302.
Failed asserting that 302 is identical to 201.

The following errors occurred during the last request:

Creation failed: representative muss eine Zeichenkette sein.[39;22m

  at [32mtests\Feature\OrganisationCreationDatabaseTest.php[39m:[32m134[39m
    130▕         $data['name'] = 'Unique Organisation Name';
    131▕ 
    132▕         // Create first organisation
    133▕         $response1 = $this->actingAs($user)->postJson('/organisations', $data);
  ➜ 134▕         $response1->assertStatus(201);
    135▕ 
    136▕         // Verify it was created
    137▕         $org1 = Organisation::where('name', 'Unique Organisation Name')->first();
    138▕         $this->assertNotNull($org1);

  [31m────────────────────────────────────────────────────────────────────────────────────────────────────────────────────[39m  
  [41;1m FAILED [49;22m [1mTests\Feature\OrganisationCreationDatabaseTest[22m [90m>[39m duplicate organization email rejected                       
[39;1m  Expected response status code [201] but received 302.
Failed asserting that 302 is identical to 201.

The following errors occurred during the last request:

Creation failed: representative muss eine Zeichenkette sein.[39;22m

  at [32mtests\Feature\OrganisationCreationDatabaseTest.php[39m:[32m169[39m
    165▕         $data['email'] = 'unique@org.de';
    166▕ 
    167▕         // Create first organisation
    168▕         $response1 = $this->actingAs($user1)->postJson('/organisations', $data);
  ➜ 169▕         $response1->assertStatus(201);
    170▕ 
    171▕         // Create second user
    172▕         $user2 = User::factory()->create();
    173▕

  [31m────────────────────────────────────────────────────────────────────────────────────────────────────────────────────[39m  
  [41;1m FAILED [49;22m [1mTests\Feature\OrganisationCreationDatabaseTest[22m [90m>[39m organization slug generated correctly     [41;1m ErrorException [49;22m  
[39;1m  Attempt to read property "slug" on null[39;22m

  at [32mtests\Feature\OrganisationCreationDatabaseTest.php[39m:[32m204[39m
    200▕ 
    201▕         $this->actingAs($user)->postJson('/organisations', $data1);
    202▕ 
    203▕         $org1 = Organisation::where('email', 'org1@test.de')->first();
  ➜ 204▕         $this->assertEquals('nrna-europe', $org1->slug);
    205▕ 
    206▕         // Test case 2: Name with numbers and special chars
    207▕         $data2 = $this->validOrganisationData();
    208▕         $data2['name'] = 'Test Org 123 - Germany';

  [31m────────────────────────────────────────────────────────────────────────────────────────────────────────────────────[39m  
  [41;1m FAILED [49;22m [1mTests\Feature\OrganisationCreationDatabaseTest[22m [90m>[39m address stored as json                    [41;1m ErrorException [49;22m  
[39;1m  Attempt to read property "address" on null[39;22m

  at [32mtests\Feature\OrganisationCreationDatabaseTest.php[39m:[32m249[39m
    245▕ 
    246▕         $org = Organisation::where('email', $data['email'])->first();
    247▕ 
    248▕         // Verify address is stored as array
  ➜ 249▕         $this->assertIsArray($org->address);
    250▕         $this->assertEquals('Europastrasse 42', $org->address['street']);
    251▕         $this->assertEquals('Vienna', $org->address['city']);
    252▕         $this->assertEquals('10115', $org->address['zip']);
    253▕         $this->assertEquals('AT', $org->address['country']);

  [31m────────────────────────────────────────────────────────────────────────────────────────────────────────────────────[39m  
  [41;1m FAILED [49;22m [1mTests\Feature\OrganisationCreationDatabaseTest[22m [90m>[39m creator id is set                         [41;1m ErrorException [49;22m  
[39;1m  Attempt to read property "created_by" on null[39;22m

  at [32mtests\Feature\OrganisationCreationDatabaseTest.php[39m:[32m271[39m
    267▕ 
    268▕         $org = Organisation::where('email', $data['email'])->first();
    269▕ 
    270▕         // Verify creator_id matches logged-in user
  ➜ 271▕         $this->assertEquals($user->id, $org->created_by);
    272▕     }
    273▕ 
    274▕     /**
    275▕      * Test that creator is attached as admin

  [31m────────────────────────────────────────────────────────────────────────────────────────────────────────────────────[39m  
  [41;1m FAILED [49;22m [1mTests\Feature\OrganisationCreationDatabaseTest[22m [90m>[39m creator attached as admin                          [41;1m Error [49;22m  
[39;1m  Call to a member function users() on null[39;22m

  at [32mtests\Feature\OrganisationCreationDatabaseTest.php[39m:[32m290[39m
    286▕         $org = Organisation::where('email', $data['email'])->first();
    287▕ 
    288▕         // Verify pivot relationship
    289▕         $this->assertTrue(
  ➜ 290▕             $org->users()
    291▕                 ->where('user_id', $user->id)
    292▕                 ->wherePivot('role', 'admin')
    293▕                 ->exists()
    294▕         );

  [33m1   [39m[39;1mtests\Feature\OrganisationCreationDatabaseTest.php[39;22m:[39;1m290[39;22m

  [31m────────────────────────────────────────────────────────────────────────────────────────────────────────────────────[39m  
  [41;1m FAILED [49;22m [1mTests\Feature\OrganisationCreationDatabaseTest[22m [90m>[39m assigned at timestamp is set              [41;1m ErrorException [49;22m  
[39;1m  Attempt to read property "id" on null[39;22m

  at [32mtests\Feature\OrganisationCreationDatabaseTest.php[39m:[32m314[39m
    310▕ 
    311▕         $org = Organisation::where('email', $data['email'])->first();
    312▕ 
    313▕         $pivot = DB::table('organization_user')
  ➜ 314▕             ->where('organisation_id', $org->id)
    315▕             ->where('user_id', $user->id)
    316▕             ->first();
    317▕ 
    318▕         // Verify assigned_at is set

  [31m────────────────────────────────────────────────────────────────────────────────────────────────────────────────────[39m  
  [41;1m FAILED [49;22m [1mTests\Feature\OrganisationCreationEmailTest[22m [90m>[39m organization creation succeeds without organisation email      
[39;1m  Expected response status code [201] but received 302.
Failed asserting that 302 is identical to 201.

The following errors occurred during the last request:

Creation failed: representative muss eine Zeichenkette sein.[39;22m

  at [32mtests\Feature\OrganisationCreationEmailTest.php[39m:[32m54[39m
     50▕         $data = $this->validOrganisationData();
     51▕ 
     52▕         $response = $this->actingAs($user)->postJson('/organisations', $data);
     53▕ 
  ➜  54▕         $response->assertStatus(201);
     55▕ 
     56▕         // Verify organisation created email is NOT sent (functionality removed)
     57▕         Mail::assertNotSent(OrganisationCreatedMail::class);
     58▕         Mail::assertNotQueued(OrganisationCreatedMail::class);

  [31m────────────────────────────────────────────────────────────────────────────────────────────────────────────────────[39m  
  [41;1m FAILED [49;22m [1mTests\Feature\OrganisationCreationEmailTest[22m [90m>[39m representative invitation email sent for external rep          
[39;1m  The expected [App\Mail\RepresentativeInvitationMail] mailable was not sent.
Failed asserting that false is true.[39;22m

  at [32mvendor\laravel\framework\src\Illuminate\Support\Testing\Fakes\MailFake.php[39m:[32m91[39m
     87▕ 
     88▕             return;
     89▕         }
     90▕ 
  ➜  91▕         PHPUnit::assertTrue(
     92▕             $this->sent($mailable, $callback)->count() > 0,
     93▕             "The expected [{$mailable}] mailable was not sent.".$suggestion
     94▕         );
     95▕     }

  [33m1   [39m[39;1mvendor\laravel\framework\src\Illuminate\Support\Testing\Fakes\MailFake.php[39;22m:[39;1m91[39;22m
  [33m2   [39m[39;1mvendor\laravel\framework\src\Illuminate\Support\Facades\Facade.php[39;22m:[39;1m361[39;22m

  [31m────────────────────────────────────────────────────────────────────────────────────────────────────────────────────[39m  
  [41;1m FAILED [49;22m [1mTests\Feature\OrganisationCreationEmailTest[22m [90m>[39m representative invitation email has correct content            
[39;1m  The expected [App\Mail\RepresentativeInvitationMail] mailable was not sent.
Failed asserting that false is true.[39;22m

  at [32mvendor\laravel\framework\src\Illuminate\Support\Testing\Fakes\MailFake.php[39m:[32m91[39m
     87▕ 
     88▕             return;
     89▕         }
     90▕ 
  ➜  91▕         PHPUnit::assertTrue(
     92▕             $this->sent($mailable, $callback)->count() > 0,
     93▕             "The expected [{$mailable}] mailable was not sent.".$suggestion
     94▕         );
     95▕     }

  [33m1   [39m[39;1mvendor\laravel\framework\src\Illuminate\Support\Testing\Fakes\MailFake.php[39;22m:[39;1m91[39;22m
  [33m2   [39m[39;1mvendor\laravel\framework\src\Illuminate\Support\Facades\Facade.php[39;22m:[39;1m361[39;22m

  [31m────────────────────────────────────────────────────────────────────────────────────────────────────────────────────[39m  
  [41;1m FAILED [49;22m [1mTests\Feature\OrganisationCreationEmailTest[22m [90m>[39m email templates exist for all locales  [41;1m AssertionFailedError [49;22m  
[39;1m  Template emails.organisation.created-de failed to render: No hint path defined for [mail]. (View: C:\Users\nabra\OneDrive\Desktop\roshyara\xamp\nrna\nrna-eu\resources\views\emails\organisation\created-de.blade.php)[39;22m

  at [32mtests\Feature\OrganisationCreationEmailTest.php[39m:[32m171[39m
    167▕                     'organizationEmail' => 'test@org.de',
    168▕                     'locale' => $locale,
    169▕                 ])->render();
    170▕             } catch (\Exception $e) {
  ➜ 171▕                 $this->fail("Template {$template} failed to render: " . $e->getMessage());
    172▕             }
    173▕         }
    174▕ 
    175▕         // Test representative invitation templates

  [33m1   [39m[39;1mtests\Feature\OrganisationCreationEmailTest.php[39;22m:[39;1m171[39;22m

  [31m────────────────────────────────────────────────────────────────────────────────────────────────────────────────────[39m  
  [41;1m FAILED [49;22m [1mTests\Feature\OrganisationCreationEmailTest[22m [90m>[39m representative invitation email is sent                        
[39;1m  The expected [App\Mail\RepresentativeInvitationMail] mailable was not sent.
Failed asserting that false is true.[39;22m

  at [32mvendor\laravel\framework\src\Illuminate\Support\Testing\Fakes\MailFake.php[39m:[32m91[39m
     87▕ 
     88▕             return;
     89▕         }
     90▕ 
  ➜  91▕         PHPUnit::assertTrue(
     92▕             $this->sent($mailable, $callback)->count() > 0,
     93▕             "The expected [{$mailable}] mailable was not sent.".$suggestion
     94▕         );
     95▕     }

  [33m1   [39m[39;1mvendor\laravel\framework\src\Illuminate\Support\Testing\Fakes\MailFake.php[39;22m:[39;1m91[39;22m
  [33m2   [39m[39;1mvendor\laravel\framework\src\Illuminate\Support\Facades\Facade.php[39;22m:[39;1m361[39;22m

  [31m────────────────────────────────────────────────────────────────────────────────────────────────────────────────────[39m  
  [41;1m FAILED [49;22m [1mTests\Feature\OrganisationCreationEmailTest[22m [90m>[39m representative invitation email uses correct locale            
[39;1m  The expected [App\Mail\RepresentativeInvitationMail] mailable was not sent.
Failed asserting that false is true.[39;22m

  at [32mvendor\laravel\framework\src\Illuminate\Support\Testing\Fakes\MailFake.php[39m:[32m91[39m
     87▕ 
     88▕             return;
     89▕         }
     90▕ 
  ➜  91▕         PHPUnit::assertTrue(
     92▕             $this->sent($mailable, $callback)->count() > 0,
     93▕             "The expected [{$mailable}] mailable was not sent.".$suggestion
     94▕         );
     95▕     }

  [33m1   [39m[39;1mvendor\laravel\framework\src\Illuminate\Support\Testing\Fakes\MailFake.php[39;22m:[39;1m91[39;22m
  [33m2   [39m[39;1mvendor\laravel\framework\src\Illuminate\Support\Facades\Facade.php[39;22m:[39;1m361[39;22m

  [31m────────────────────────────────────────────────────────────────────────────────────────────────────────────────────[39m  
  [41;1m FAILED [49;22m [1mTests\Feature\OrganisationCreationEmailTest[22m [90m>[39m only representative invitation sent for external representa…   
[39;1m  The expected [App\Mail\RepresentativeInvitationMail] mailable was not sent.
Failed asserting that false is true.[39;22m

  at [32mvendor\laravel\framework\src\Illuminate\Support\Testing\Fakes\MailFake.php[39m:[32m91[39m
     87▕ 
     88▕             return;
     89▕         }
     90▕ 
  ➜  91▕         PHPUnit::assertTrue(
     92▕             $this->sent($mailable, $callback)->count() > 0,
     93▕             "The expected [{$mailable}] mailable was not sent.".$suggestion
     94▕         );
     95▕     }

  [33m1   [39m[39;1mvendor\laravel\framework\src\Illuminate\Support\Testing\Fakes\MailFake.php[39;22m:[39;1m91[39;22m
  [33m2   [39m[39;1mvendor\laravel\framework\src\Illuminate\Support\Facades\Facade.php[39;22m:[39;1m361[39;22m

  [31m────────────────────────────────────────────────────────────────────────────────────────────────────────────────────[39m  
  [41;1m FAILED [49;22m [1mTests\Feature\OrganisationCreationErrorTest[22m [90m>[39m invalid json request rejected                     [41;1m TypeError [49;22m  
[39;1m  Illuminate\Foundation\Testing\TestCase::postJson(): Argument #2 ($data) must be of type array, string given, called in C:\Users\nabra\OneDrive\Desktop\roshyara\xamp\nrna\nrna-eu\tests\Feature\OrganisationCreationErrorTest.php on line 72[39;22m

  at [32mtests\Feature\OrganisationCreationErrorTest.php[39m:[32m72[39m
     68▕     {
     69▕         $user = User::factory()->create();
     70▕ 
     71▕         $response = $this->actingAs($user)
  ➜  72▕             ->postJson('/organisations', 'invalid json');
     73▕ 
     74▕         // Should return 400 or 422 (bad request/validation)
     75▕         $this->assertIn($response->getStatusCode(), [400, 422]);
     76▕     }

  [31m────────────────────────────────────────────────────────────────────────────────────────────────────────────────────[39m  
  [41;1m FAILED [49;22m [1mTests\Feature\OrganisationCreationErrorTest[22m [90m>[39m missing required fields returns validation errors              
[39;1m  Expected response status code [422] but received 302.
Failed asserting that 302 is identical to 422.

The following errors occurred during the last request:

Creation failed: name ist erforderlich. (and 1 more error)[39;22m

  at [32mtests\Feature\OrganisationCreationErrorTest.php[39m:[32m94[39m
     90▕             'accept_gdpr' => true,
     91▕             'accept_terms' => true,
     92▕         ]);
     93▕ 
  ➜  94▕         $response->assertStatus(422);
     95▕         $response->assertJsonValidationErrors(['name']);
     96▕     }
     97▕ 
     98▕     /**

  [31m────────────────────────────────────────────────────────────────────────────────────────────────────────────────────[39m  
  [41;1m FAILED [49;22m [1mTests\Feature\OrganisationCreationErrorTest[22m [90m>[39m validation error response structure                            
[39;1m  Expected response status code [422] but received 302.
Failed asserting that 302 is identical to 422.

The following errors occurred during the last request:

Creation failed: name ist erforderlich. (and 2 more errors)[39;22m

  at [32mtests\Feature\OrganisationCreationErrorTest.php[39m:[32m114[39m
    110▕             'representative' => [], // Missing required fields
    111▕             'accept_gdpr' => false, // Required to be true
    112▕         ]);
    113▕ 
  ➜ 114▕         $response->assertStatus(422);
    115▕         $response->assertJsonStructure([
    116▕             'success',
    117▕             'message',
    118▕             'errors' => [

  [31m────────────────────────────────────────────────────────────────────────────────────────────────────────────────────[39m  
  [41;1m FAILED [49;22m [1mTests\Feature\OrganisationCreationErrorTest[22m [90m>[39m specific validation messages                                   
[39;1m  Expected response status code [422] but received 302.
Failed asserting that 302 is identical to 422.

The following errors occurred during the last request:

Creation failed: name muss mindestens 3 Zeichen sein. (and 1 more error)[39;22m

  at [32mtests\Feature\OrganisationCreationErrorTest.php[39m:[32m145[39m
    141▕             'accept_gdpr' => true,
    142▕             'accept_terms' => true,
    143▕         ]);
    144▕ 
  ➜ 145▕         $response->assertStatus(422);
    146▕         $response->assertJsonValidationErrors(['name']);
    147▕ 
    148▕         // Error message should be meaningful
    149▕         $errors = $response->json('errors.name');

  [31m────────────────────────────────────────────────────────────────────────────────────────────────────────────────────[39m  
  [41;1m FAILED [49;22m [1mTests\Feature\OrganisationCreationErrorTest[22m [90m>[39m duplicate email returns validation error                       
[39;1m  Expected response status code [201] but received 302.
Failed asserting that 302 is identical to 201.

The following errors occurred during the last request:

Creation failed: representative muss eine Zeichenkette sein.[39;22m

  at [32mtests\Feature\OrganisationCreationErrorTest.php[39m:[32m168[39m
    164▕         $data = $this->validOrganisationData();
    165▕ 
    166▕         // Create first organisation
    167▕         $response1 = $this->actingAs($user1)->postJson('/organisations', $data);
  ➜ 168▕         $response1->assertStatus(201);
    169▕ 
    170▕         // Attempt to create second with same email
    171▕         $response2 = $this->actingAs($user2)->postJson('/organisations', $data);
    172▕

  [31m────────────────────────────────────────────────────────────────────────────────────────────────────────────────────[39m  
  [41;1m FAILED [49;22m [1mTests\Feature\OrganisationCreationErrorTest[22m [90m>[39m timeout handling                                               
[39;1m  Expected response status code [201] but received 302.
Failed asserting that 302 is identical to 201.

The following errors occurred during the last request:

Creation failed: representative muss eine Zeichenkette sein.[39;22m

  at [32mtests\Feature\OrganisationCreationErrorTest.php[39m:[32m231[39m
    227▕             ->withoutMiddleware('throttle')
    228▕             ->postJson('/organisations', $data);
    229▕ 
    230▕         // Should succeed
  ➜ 231▕         $response->assertStatus(201);
    232▕     }
    233▕ 
    234▕     /**
    235▕      * Test that organisation creation with empty array data is rejected

  [31m────────────────────────────────────────────────────────────────────────────────────────────────────────────────────[39m  
  [41;1m FAILED [49;22m [1mTests\Feature\OrganisationCreationErrorTest[22m [90m>[39m empty array data rejected                                      
[39;1m  Expected response status code [422] but received 302.
Failed asserting that 302 is identical to 422.

The following errors occurred during the last request:

Creation failed: name ist erforderlich.[39;22m

  at [32mtests\Feature\OrganisationCreationErrorTest.php[39m:[32m243[39m
    239▕         $user = User::factory()->create();
    240▕ 
    241▕         $response = $this->actingAs($user)->postJson('/organisations', []);
    242▕ 
  ➜ 243▕         $response->assertStatus(422);
    244▕         $response->assertJsonValidationErrors(['name', 'email']);
    245▕     }
    246▕ 
    247▕     /**

  [31m────────────────────────────────────────────────────────────────────────────────────────────────────────────────────[39m  
  [41;1m FAILED [49;22m [1mTests\Feature\OrganisationCreationErrorTest[22m [90m>[39m null values in required fields rejected                        
[39;1m  Expected response status code [422] but received 302.
Failed asserting that 302 is identical to 422.

The following errors occurred during the last request:

Creation failed: name ist erforderlich.[39;22m

  at [32mtests\Feature\OrganisationCreationErrorTest.php[39m:[32m263[39m
    259▕             'accept_gdpr' => null,
    260▕             'accept_terms' => null,
    261▕         ]);
    262▕ 
  ➜ 263▕         $response->assertStatus(422);
    264▕         $this->assertGreaterThan(0, count($response->json('errors')));
    265▕     }
    266▕ 
    267▕     /**

  [31m────────────────────────────────────────────────────────────────────────────────────────────────────────────────────[39m  
  [41;1m FAILED [49;22m [1mTests\Feature\OrganisationCreationErrorTest[22m [90m>[39m large payload handling                                [41;1m Error [49;22m  
[39;1m  Call to undefined method Tests\Feature\OrganisationCreationErrorTest::assertIn()[39;22m

  at [32mtests\Feature\OrganisationCreationErrorTest.php[39m:[32m281[39m
    277▕         $response = $this->actingAs($user)->postJson('/organisations', $data);
    278▕ 
    279▕         // Should either fail validation or be truncated
    280▕         // Should not throw error
  ➜ 281▕         $this->assertIn($response->getStatusCode(), [201, 422]);
    282▕     }
    283▕ 
    284▕     /**
    285▕      * Test that special characters in email are handled

  [33m1   [39m[39;1mtests\Feature\OrganisationCreationErrorTest.php[39;22m:[39;1m281[39;22m

  [31m────────────────────────────────────────────────────────────────────────────────────────────────────────────────────[39m  
  [41;1m FAILED [49;22m [1mTests\Feature\OrganisationCreationErrorTest[22m [90m>[39m special characters in email validation                         
[39;1m  Expected response status code [422] but received 302.
Failed asserting that 302 is identical to 422.

The following errors occurred during the last request:

Creation failed: email muss eine gültige E-Mail-Adresse sein. (and 1 more error)[39;22m

  at [32mtests\Feature\OrganisationCreationErrorTest.php[39m:[32m306[39m
    302▕ 
    303▕             $response = $this->actingAs($user)->postJson('/organisations', $data);
    304▕ 
    305▕             // Should fail validation
  ➜ 306▕             $response->assertStatus(422);
    307▕             $response->assertJsonValidationErrors(['email']);
    308▕         }
    309▕     }
    310▕

  [31m────────────────────────────────────────────────────────────────────────────────────────────────────────────────────[39m  
  [41;1m FAILED [49;22m [1mTests\Feature\OrganisationCreationErrorTest[22m [90m>[39m response headers are secure                                    
[39;1m  Response should be JSON
Failed asserting that false is true.[39;22m

  at [32mtests\Feature\OrganisationCreationErrorTest.php[39m:[32m324[39m
    320▕ 
    321▕         $response = $this->actingAs($user)->postJson('/organisations', $data);
    322▕ 
    323▕         // Verify response content type
  ➜ 324▕         $this->assertTrue(
    325▕             str_contains($response->headers->get('Content-Type'), 'application/json'),
    326▕             'Response should be JSON'
    327▕         );
    328▕

  [33m1   [39m[39;1mtests\Feature\OrganisationCreationErrorTest.php[39;22m:[39;1m324[39;22m

  [31m────────────────────────────────────────────────────────────────────────────────────────────────────────────────────[39m  
  [41;1m FAILED [49;22m [1mTests\Feature\OrganisationCreationErrorTest[22m [90m>[39m error messages dont expose sensitive info                      
[39;1m  Expected response status code [422] but received 302.
Failed asserting that 302 is identical to 422.

The following errors occurred during the last request:

Creation failed: name ist erforderlich. (and 1 more error)[39;22m

  at [32mtests\Feature\OrganisationCreationErrorTest.php[39m:[32m348[39m
    344▕             'name' => '',
    345▕             'email' => 'invalid',
    346▕         ]);
    347▕ 
  ➜ 348▕         $response->assertStatus(422);
    349▕ 
    350▕         // Verify error response doesn't contain sensitive info
    351▕         $errorMessage = json_encode($response->json());
    352▕         $this->assertStringNotContainsString('password', strtolower($errorMessage));

  [31m────────────────────────────────────────────────────────────────────────────────────────────────────────────────────[39m  
  [41;1m FAILED [49;22m [1mTests\Feature\OrganisationCreationIntegrationTest[22m [90m>[39m complete organization creation workflow                  
[39;1m  Expected response status code [201] but received 302.
Failed asserting that 302 is identical to 201.

The following errors occurred during the last request:

Creation failed: representative muss eine Zeichenkette sein.[39;22m

  at [32mtests\Feature\OrganisationCreationIntegrationTest.php[39m:[32m66[39m
     62▕             ->from(route('dashboard'))
     63▕             ->post('/organisations', $data);
     64▕ 
     65▕         // 2. Should succeed
  ➜  66▕         $response->assertStatus(201);
     67▕         $response->assertJsonPath('success', true);
     68▕ 
     69▕         // 3. Organisation should be created
     70▕         $org = Organisation::where('email', $data['email'])->first();

  [31m────────────────────────────────────────────────────────────────────────────────────────────────────────────────────[39m  
  [41;1m FAILED [49;22m [1mTests\Feature\OrganisationCreationIntegrationTest[22m [90m>[39m organization creation with self representative           
[39;1m  Expected response status code [201] but received 302.
Failed asserting that 302 is identical to 201.

The following errors occurred during the last request:

Creation failed: representative muss eine Zeichenkette sein.[39;22m

  at [32mtests\Feature\OrganisationCreationIntegrationTest.php[39m:[32m112[39m
    108▕         $data['representative']['email'] = '';
    109▕ 
    110▕         $response = $this->actingAs($user)->postJson('/organisations', $data);
    111▕ 
  ➜ 112▕         $response->assertStatus(201);
    113▕ 
    114▕         $org = Organisation::where('email', $data['email'])->first();
    115▕ 
    116▕         // No emails should be sent for self-representative (organisation email removed)

  [31m────────────────────────────────────────────────────────────────────────────────────────────────────────────────────[39m  
  [41;1m FAILED [49;22m [1mTests\Feature\OrganisationCreationIntegrationTest[22m [90m>[39m multi step form with validation retry                    
[39;1m  Expected response status code [422] but received 302.
Failed asserting that 302 is identical to 422.

The following errors occurred during the last request:

Creation failed: representative muss eine Zeichenkette sein.[39;22m

  at [32mtests\Feature\OrganisationCreationIntegrationTest.php[39m:[32m145[39m
    141▕         $data = $this->validOrganisationData();
    142▕         $data['address']['zip'] = '';
    143▕ 
    144▕         $response1 = $this->actingAs($user)->postJson('/organisations', $data);
  ➜ 145▕         $response1->assertStatus(422);
    146▕         $response1->assertJsonValidationErrors(['address.zip']);
    147▕ 
    148▕         // Step 2: Resubmit with correct zip code
    149▕         $data['address']['zip'] = '12345';

  [31m────────────────────────────────────────────────────────────────────────────────────────────────────────────────────[39m  
  [41;1m FAILED [49;22m [1mTests\Feature\OrganisationCreationIntegrationTest[22m [90m>[39m multiple users create different organizations            
[39;1m  Expected response status code [201] but received 302.
Failed asserting that 302 is identical to 201.

The following errors occurred during the last request:

Creation failed: representative muss eine Zeichenkette sein.[39;22m

  at [32mtests\Feature\OrganisationCreationIntegrationTest.php[39m:[32m177[39m
    173▕         $data1['name'] = 'Organisation One';
    174▕         $data1['email'] = 'org1@test.de';
    175▕ 
    176▕         $response1 = $this->actingAs($user1)->postJson('/organisations', $data1);
  ➜ 177▕         $response1->assertStatus(201);
    178▕ 
    179▕         $org1 = Organisation::where('email', 'org1@test.de')->first();
    180▕ 
    181▕         // User 2 creates different organisation

  [31m────────────────────────────────────────────────────────────────────────────────────────────────────────────────────[39m  
  [41;1m FAILED [49;22m [1mTests\Feature\OrganisationCreationIntegrationTest[22m [90m>[39m organization creation with external representative       
[39;1m  Expected response status code [201] but received 302.
Failed asserting that 302 is identical to 201.

The following errors occurred during the last request:

Creation failed: representative muss eine Zeichenkette sein.[39;22m

  at [32mtests\Feature\OrganisationCreationIntegrationTest.php[39m:[32m231[39m
    227▕         $data['representative']['is_self'] = false;
    228▕ 
    229▕         $response = $this->actingAs($creator)->postJson('/organisations', $data);
    230▕ 
  ➜ 231▕         $response->assertStatus(201);
    232▕ 
    233▕         $org = Organisation::where('email', $data['email'])->first();
    234▕ 
    235▕         // Verify both users are in organisation

  [31m────────────────────────────────────────────────────────────────────────────────────────────────────────────────────[39m  
  [41;1m FAILED [49;22m [1mTests\Feature\OrganisationCreationIntegrationTest[22m [90m>[39m dashboard access after creation        [41;1m ErrorException [49;22m  
[39;1m  Attempt to read property "slug" on null[39;22m

  at [32mtests\Feature\OrganisationCreationIntegrationTest.php[39m:[32m278[39m
    274▕         $org = Organisation::where('email', $data['email'])->first();
    275▕ 
    276▕         // Access dashboard
    277▕         $response = $this->actingAs($user)
  ➜ 278▕             ->getJson("/organisations/{$org->slug}");
    279▕ 
    280▕         // Should succeed
    281▕         $response->assertStatus(200);
    282▕

  [31m────────────────────────────────────────────────────────────────────────────────────────────────────────────────────[39m  
  [41;1m FAILED [49;22m [1mTests\Feature\OrganisationCreationIntegrationTest[22m [90m>[39m user organisation id assigned          [41;1m QueryException [49;22m  
[39;1m  SQLSTATE[23502]: Not null violation: 7 FEHLER:  NULL-Wert in Spalte »organisation_id« von Relation »users« verletzt Not-Null-Constraint
DETAIL:  Fehlgeschlagene Zeile enthält (a1e8ecb1-2d4b-476a-9e17-f632de2dd341, null, Miss Jude Huel I, North Dakota, jensen07@example.com, 2026-05-31 08:55:55, $2y$10$92IXUNpkjO0rOQ5byMi.Ye4oKoEa3Ro9llC/.og/at2.uheWG/igi, 9L82BN5gkX, 2026-05-31 08:55:55, 2026-05-31 08:55:55, null, null, null, null, null, null, null, null, null, null, null, null, null, null, null, null, null, anonymous, null, null, f, null, f, null). (Connection: pgsql, SQL: insert into "users" ("name", "email", "email_verified_at", "password", "remember_token", "region", "organisation_id", "is_committee_member", "id", "updated_at", "created_at") values (Miss Jude Huel I, jensen07@example.com, 2026-05-31 08:55:55, $2y$10$92IXUNpkjO0rOQ5byMi.Ye4oKoEa3Ro9llC/.og/at2.uheWG/igi, 9L82BN5gkX, North Dakota, ?, 0, a1e8ecb1-2d4b-476a-9e17-f632de2dd341, 2026-05-31 08:55:55, 2026-05-31 08:55:55))[39;22m

  at [32mvendor\laravel\framework\src\Illuminate\Database\Connection.php[39m:[32m825[39m
    821▕                     $this->getName(), $query, $this->prepareBindings($bindings), $e
    822▕                 );
    823▕             }
    824▕ 
  ➜ 825▕             throw new QueryException(
    826▕                 $this->getName(), $query, $this->prepareBindings($bindings), $e
    827▕             );
    828▕         }
    829▕     }

  [33m1   [39m[39;1mvendor\laravel\framework\src\Illuminate\Database\Connection.php[39;22m:[39;1m825[39;22m

  [33m2   [39m[39;1mvendor\laravel\framework\src\Illuminate\Database\Connection.php[39;22m:[39;1m571[39;22m
  [90m    NunoMaduro\Collision\Exceptions\TestException::("SQLSTATE[23502]: Not null violation: 7 FEHLER:  NULL-Wert in Spalte »organisation_id« von Relation »users« verletzt Not-Null-Constraint
DETAIL:  Fehlgeschlagene Zeile enthält (a1e8ecb1-2d4b-476a-9e17-f632de2dd341, null, Miss Jude Huel I, North Dakota, jensen07@example.com, 2026-05-31 08:55:55, $2y$10$92IXUNpkjO0rOQ5byMi.Ye4oKoEa3Ro9llC/.og/at2.uheWG/igi, 9L82BN5gkX, 2026-05-31 08:55:55, 2026-05-31 08:55:55, null, null, null, null, null, null, null, null, null, null, null, null, null, null, null, null, null, anonymous, null, null, f, null, f, null).")[39m

  [31m────────────────────────────────────────────────────────────────────────────────────────────────────────────────────[39m  
  [41;1m FAILED [49;22m [1mTests\Feature\OrganisationCreationIntegrationTest[22m [90m>[39m representative organisation id assign… [41;1m ErrorException [49;22m  
[39;1m  Attempt to read property "id" on null[39;22m

  at [32mtests\Feature\OrganisationCreationIntegrationTest.php[39m:[32m346[39m
    342▕         $org = Organisation::where('email', $data['email'])->first();
    343▕         $rep = User::where('email', 'newrep@org.de')->first();
    344▕ 
    345▕         // Representative should have organisation_id set
  ➜ 346▕         $this->assertEquals($org->id, $rep->organisation_id);
    347▕     }
    348▕ 
    349▕     /**
    350▕      * Test representative invitation email content reflects organisation details

  [31m────────────────────────────────────────────────────────────────────────────────────────────────────────────────────[39m  
  [41;1m FAILED [49;22m [1mTests\Feature\OrganisationCreationIntegrationTest[22m [90m>[39m representative invitation email content reflects orga…   
[39;1m  The expected [App\Mail\RepresentativeInvitationMail] mailable was not sent.
Failed asserting that false is true.[39;22m

  at [32mvendor\laravel\framework\src\Illuminate\Support\Testing\Fakes\MailFake.php[39m:[32m91[39m
     87▕ 
     88▕             return;
     89▕         }
     90▕ 
  ➜  91▕         PHPUnit::assertTrue(
     92▕             $this->sent($mailable, $callback)->count() > 0,
     93▕             "The expected [{$mailable}] mailable was not sent.".$suggestion
     94▕         );
     95▕     }

  [33m1   [39m[39;1mvendor\laravel\framework\src\Illuminate\Support\Testing\Fakes\MailFake.php[39;22m:[39;1m91[39;22m
  [33m2   [39m[39;1mvendor\laravel\framework\src\Illuminate\Support\Facades\Facade.php[39;22m:[39;1m361[39;22m

  [31m────────────────────────────────────────────────────────────────────────────────────────────────────────────────────[39m  
  [41;1m FAILED [49;22m [1mTests\Feature\OrganisationCreationIntegrationTest[22m [90m>[39m response includes organization…  [41;1m AssertionFailedError [49;22m  
[39;1m  Invalid JSON was returned from the route.[39;22m

  at [32mtests\Feature\OrganisationCreationIntegrationTest.php[39m:[32m387[39m
    383▕         $data = $this->validOrganisationData();
    384▕ 
    385▕         $response = $this->actingAs($user)->postJson('/organisations', $data);
    386▕ 
  ➜ 387▕         $response->assertJsonPath('success', true);
    388▕         $response->assertJsonPath('message', 'Organisation erfolgreich erstellt!');
    389▕         $response->assertJsonStructure([
    390▕             'success',
    391▕             'message',

  [31m────────────────────────────────────────────────────────────────────────────────────────────────────────────────────[39m  
  [41;1m FAILED [49;22m [1mTests\Feature\OrganisationCreationRepresentativeTest[22m [90m>[39m representative user created if not exists             
[39;1m  Failed asserting that 72 matches expected 73.[39;22m

  at [32mtests\Feature\OrganisationCreationRepresentativeTest.php[39m:[32m54[39m
     50▕ 
     51▕         $this->actingAs($creator)->postJson('/organisations', $data);
     52▕ 
     53▕         // Verify new user was created
  ➜  54▕         $this->assertEquals($initialUserCount + 1, User::count());
     55▕ 
     56▕         // Verify user has correct name
     57▕         $rep = User::where('email', 'newrep@org.de')->first();
     58▕         $this->assertNotNull($rep);

  [33m1   [39m[39;1mtests\Feature\OrganisationCreationRepresentativeTest.php[39;22m:[39;1m54[39;22m

  [31m────────────────────────────────────────────────────────────────────────────────────────────────────────────────────[39m  
  [41;1m FAILED [49;22m [1mTests\Feature\OrganisationCreationRepresentativeTest[22m [90m>[39m representative user has random pas… [41;1m ErrorException [49;22m  
[39;1m  Attempt to read property "password" on null[39;22m

  at [32mtests\Feature\OrganisationCreationRepresentativeTest.php[39m:[32m78[39m
     74▕ 
     75▕         $rep = User::where('email', 'rep1@org.de')->first();
     76▕ 
     77▕         // Verify password is hashed (not empty, not plain text)
  ➜  78▕         $this->assertNotNull($rep->password);
     79▕         $this->assertNotEquals('', $rep->password);
     80▕         // Password should be hashed (bcrypt produces 60 char hash)
     81▕         $this->assertEquals(60, strlen($rep->password));
     82▕     }

  [31m────────────────────────────────────────────────────────────────────────────────────────────────────────────────────[39m  
  [41;1m FAILED [49;22m [1mTests\Feature\OrganisationCreationRepresentativeTest[22m [90m>[39m representative user email not veri… [41;1m ErrorException [49;22m  
[39;1m  Attempt to read property "email_verified_at" on null[39;22m

  at [32mtests\Feature\OrganisationCreationRepresentativeTest.php[39m:[32m100[39m
     96▕ 
     97▕         $rep = User::where('email', 'rep2@org.de')->first();
     98▕ 
     99▕         // Verify email is not yet verified
  ➜ 100▕         $this->assertNull($rep->email_verified_at);
    101▕     }
    102▕ 
    103▕     /**
    104▕      * Test that existing representative user is reused if email exists

  [31m────────────────────────────────────────────────────────────────────────────────────────────────────────────────────[39m  
  [41;1m FAILED [49;22m [1mTests\Feature\OrganisationCreationRepresentativeTest[22m [90m>[39m existing representative user reused                   
[39;1m  Failed asserting that 73 matches expected 72.[39;22m

  at [32mtests\Feature\OrganisationCreationRepresentativeTest.php[39m:[32m126[39m
    122▕ 
    123▕         $this->actingAs($creator)->postJson('/organisations', $data);
    124▕ 
    125▕         // Verify no new user was created
  ➜ 126▕         $this->assertEquals($initialUserCount, User::count());
    127▕ 
    128▕         // Verify the existing user is still there
    129▕         $user = User::where('email', 'existing@org.de')->first();
    130▕         $this->assertNotNull($user);

  [33m1   [39m[39;1mtests\Feature\OrganisationCreationRepresentativeTest.php[39;22m:[39;1m126[39;22m

  [31m────────────────────────────────────────────────────────────────────────────────────────────────────────────────────[39m  
  [41;1m FAILED [49;22m [1mTests\Feature\OrganisationCreationRepresentativeTest[22m [90m>[39m representative attached as voter             [41;1m Error [49;22m  
[39;1m  Call to a member function users() on null[39;22m

  at [32mtests\Feature\OrganisationCreationRepresentativeTest.php[39m:[32m153[39m
    149▕         $rep = User::where('email', 'voter@org.de')->first();
    150▕ 
    151▕         // Verify relationship exists with voter role
    152▕         $this->assertTrue(
  ➜ 153▕             $org->users()
    154▕                 ->where('users.id', $rep->id)
    155▕                 ->wherePivot('role', 'voter')
    156▕                 ->exists()
    157▕         );

  [33m1   [39m[39;1mtests\Feature\OrganisationCreationRepresentativeTest.php[39;22m:[39;1m153[39;22m

  [31m────────────────────────────────────────────────────────────────────────────────────────────────────────────────────[39m  
  [41;1m FAILED [49;22m [1mTests\Feature\OrganisationCreationRepresentativeTest[22m [90m>[39m creator attached as admin                    [41;1m Error [49;22m  
[39;1m  Call to a member function users() on null[39;22m

  at [32mtests\Feature\OrganisationCreationRepresentativeTest.php[39m:[32m176[39m
    172▕         $org = Organisation::where('email', $data['email'])->first();
    173▕ 
    174▕         // Verify creator attached as admin
    175▕         $this->assertTrue(
  ➜ 176▕             $org->users()
    177▕                 ->where('users.id', $creator->id)
    178▕                 ->wherePivot('role', 'admin')
    179▕                 ->exists()
    180▕         );

  [33m1   [39m[39;1mtests\Feature\OrganisationCreationRepresentativeTest.php[39;22m:[39;1m176[39;22m

  [31m────────────────────────────────────────────────────────────────────────────────────────────────────────────────────[39m  
  [41;1m FAILED [49;22m [1mTests\Feature\OrganisationCreationRepresentativeTest[22m [90m>[39m self representative does not create duplica… [41;1m Error [49;22m  
[39;1m  Call to a member function users() on null[39;22m

  at [32mtests\Feature\OrganisationCreationRepresentativeTest.php[39m:[32m206[39m
    202▕ 
    203▕         // Verify creator is attached as admin (not voter)
    204▕         $org = Organisation::where('email', $data['email'])->first();
    205▕         $this->assertTrue(
  ➜ 206▕             $org->users()
    207▕                 ->where('users.id', $creator->id)
    208▕                 ->wherePivot('role', 'admin')
    209▕                 ->exists()
    210▕         );

  [33m1   [39m[39;1mtests\Feature\OrganisationCreationRepresentativeTest.php[39;22m:[39;1m206[39;22m

  [31m────────────────────────────────────────────────────────────────────────────────────────────────────────────────────[39m  
  [41;1m FAILED [49;22m [1mTests\Feature\OrganisationCreationRepresentativeTest[22m [90m>[39m organization attached to representative      [41;1m Error [49;22m  
[39;1m  Call to a member function organisations() on null[39;22m

  at [32mtests\Feature\OrganisationCreationRepresentativeTest.php[39m:[32m238[39m
    234▕         $org = Organisation::where('email', $data['email'])->first();
    235▕         $rep = User::where('email', 'rep3@org.de')->first();
    236▕ 
    237▕         // Verify organisation count for representative
  ➜ 238▕         $this->assertEquals(1, $rep->organisations()->count());
    239▕ 
    240▕         // Verify correct organisation
    241▕         $this->assertTrue($rep->organisations()->where('organisation_id', $org->id)->exists());
    242▕     }

  [33m1   [39m[39;1mtests\Feature\OrganisationCreationRepresentativeTest.php[39;22m:[39;1m238[39;22m

  [31m────────────────────────────────────────────────────────────────────────────────────────────────────────────────────[39m  
  [41;1m FAILED [49;22m [1mTests\Feature\OrganisationCreationRepresentativeTest[22m [90m>[39m representative can belong to multiple organ… [41;1m Error [49;22m  
[39;1m  Call to a member function organisations() on null[39;22m

  at [32mtests\Feature\OrganisationCreationRepresentativeTest.php[39m:[32m271[39m
    267▕         $this->actingAs($creator)->postJson('/organisations', $data2);
    268▕ 
    269▕         // Verify representative belongs to both organisations
    270▕         $rep = User::where('email', $sharedRepEmail)->first();
  ➜ 271▕         $this->assertEquals(2, $rep->organisations()->count());
    272▕     }
    273▕ 
    274▕     /**
    275▕      * Test that assigned_at timestamp is set for representative

  [33m1   [39m[39;1mtests\Feature\OrganisationCreationRepresentativeTest.php[39;22m:[39;1m271[39;22m

  [31m────────────────────────────────────────────────────────────────────────────────────────────────────────────────────[39m  
  [41;1m FAILED [49;22m [1mTests\Feature\OrganisationCreationRepresentativeTest[22m [90m>[39m assigned at timestamp set for repr… [41;1m ErrorException [49;22m  
[39;1m  Attempt to read property "id" on null[39;22m

  at [32mtests\Feature\OrganisationCreationRepresentativeTest.php[39m:[32m294[39m
    290▕         $rep = User::where('email', 'rep4@org.de')->first();
    291▕ 
    292▕         // Get pivot record
    293▕         $pivot = \Illuminate\Support\Facades\DB::table('organization_user')
  ➜ 294▕             ->where('organisation_id', $org->id)
    295▕             ->where('users.id', $rep->id)
    296▕             ->first();
    297▕ 
    298▕         // Verify assigned_at is set

  [31m────────────────────────────────────────────────────────────────────────────────────────────────────────────────────[39m  
  [41;1m FAILED [49;22m [1mTests\Feature\OrganisationCreationRepresentativeTest[22m [90m>[39m representative organisation id mat… [41;1m ErrorException [49;22m  
[39;1m  Attempt to read property "organisation_id" on null[39;22m

  at [32mtests\Feature\OrganisationCreationRepresentativeTest.php[39m:[32m323[39m
    319▕         $org = Organisation::where('email', $data['email'])->first();
    320▕         $rep = User::where('email', 'rep5@org.de')->first();
    321▕ 
    322▕         // Verify representative has organisation_id set to created organisation
  ➜ 323▕         $this->assertNotNull($rep->organisation_id);
    324▕         $this->assertEquals($org->id, $rep->organisation_id);
    325▕     }
    326▕ }
    327▕

  [31m────────────────────────────────────────────────────────────────────────────────────────────────────────────────────[39m  
  [41;1m FAILED [49;22m [1mTests\Feature\OrganisationCreationSecurityTest[22m [90m>[39m organization creator becomes admin                 [41;1m Error [49;22m  
[39;1m  Call to a member function users() on null[39;22m

  at [32mtests\Feature\OrganisationCreationSecurityTest.php[39m:[32m65[39m
     61▕ 
     62▕         $org = Organisation::where('email', $data['email'])->first();
     63▕ 
     64▕         // Verify creator is admin
  ➜  65▕         $pivot = $org->users()
     66▕             ->where('users.id', $user->id)
     67▕             ->wherePivot('role', 'admin')
     68▕             ->first();
     69▕

  [33m1   [39m[39;1mtests\Feature\OrganisationCreationSecurityTest.php[39;22m:[39;1m65[39;22m

  [31m────────────────────────────────────────────────────────────────────────────────────────────────────────────────────[39m  
  [41;1m FAILED [49;22m [1mTests\Feature\OrganisationCreationSecurityTest[22m [90m>[39m sql injection prevention                                    
[39;1m  Expected response status code [201] but received 302.
Failed asserting that 302 is identical to 201.

The following errors occurred during the last request:

Creation failed: representative muss eine Zeichenkette sein.[39;22m

  at [32mtests\Feature\OrganisationCreationSecurityTest.php[39m:[32m91[39m
     87▕ 
     88▕         $response = $this->actingAs($user)->postJson('/organisations', $data);
     89▕ 
     90▕         // Should succeed (not throw SQL error)
  ➜  91▕         $response->assertStatus(201);
     92▕ 
     93▕         // Verify the dangerous string was stored as-is (not executed)
     94▕         $org = Organisation::where('email', 'sql@test.de')->first();
     95▕         $this->assertEquals("Test' OR '1'='1", $org->name);

  [31m────────────────────────────────────────────────────────────────────────────────────────────────────────────────────[39m  
  [41;1m FAILED [49;22m [1mTests\Feature\OrganisationCreationSecurityTest[22m [90m>[39m xss prevention in organization data                         
[39;1m  Expected response status code [201] but received 302.
Failed asserting that 302 is identical to 201.

The following errors occurred during the last request:

Creation failed: representative muss eine Zeichenkette sein.[39;22m

  at [32mtests\Feature\OrganisationCreationSecurityTest.php[39m:[32m119[39m
    115▕ 
    116▕         $response = $this->actingAs($user)->postJson('/organisations', $data);
    117▕ 
    118▕         // Should succeed but store the string safely
  ➜ 119▕         $response->assertStatus(201);
    120▕ 
    121▕         // Verify the dangerous string was stored
    122▕         $org = Organisation::where('email', 'xss@test.de')->first();
    123▕         $this->assertEquals('<script>alert("XSS")</script>', $org->name);

  [31m────────────────────────────────────────────────────────────────────────────────────────────────────────────────────[39m  
  [41;1m FAILED [49;22m [1mTests\Feature\OrganisationCreationSecurityTest[22m [90m>[39m xss prevention in address                                   
[39;1m  Expected response status code [201] but received 302.
Failed asserting that 302 is identical to 201.

The following errors occurred during the last request:

Creation failed: representative muss eine Zeichenkette sein.[39;22m

  at [32mtests\Feature\OrganisationCreationSecurityTest.php[39m:[32m146[39m
    142▕ 
    143▕         $response = $this->actingAs($user)->postJson('/organisations', $data);
    144▕ 
    145▕         // Should succeed
  ➜ 146▕         $response->assertStatus(201);
    147▕ 
    148▕         // Verify data was stored
    149▕         $org = Organisation::where('email', 'xss2@test.de')->first();
    150▕         $this->assertEquals('<img src=x onerror=alert("XSS")>', $org->address['street']);

  [31m────────────────────────────────────────────────────────────────────────────────────────────────────────────────────[39m  
  [41;1m FAILED [49;22m [1mTests\Feature\OrganisationCreationSecurityTest[22m [90m>[39m organization access restricted to member… [41;1m ErrorException [49;22m  
[39;1m  Attempt to read property "slug" on null[39;22m

  at [32mtests\Feature\OrganisationCreationSecurityTest.php[39m:[32m172[39m
    168▕ 
    169▕         $org = Organisation::where('email', $data['email'])->first();
    170▕ 
    171▕         // Creator can access
  ➜ 172▕         $response = $this->actingAs($creator)->getJson("/organisations/{$org->slug}");
    173▕         $response->assertStatus(200);
    174▕ 
    175▕         // Non-member cannot access
    176▕         $response = $this->actingAs($nonMember)->getJson("/organisations/{$org->slug}");

  [31m────────────────────────────────────────────────────────────────────────────────────────────────────────────────────[39m  
  [41;1m FAILED [49;22m [1mTests\Feature\OrganisationCreationSecurityTest[22m [90m>[39m no user enumeration via email                               
[39;1m  Expected response status code [201] but received 302.
Failed asserting that 302 is identical to 201.

The following errors occurred during the last request:

Creation failed: representative muss eine Zeichenkette sein.[39;22m

  at [32mtests\Feature\OrganisationCreationSecurityTest.php[39m:[32m197[39m
    193▕ 
    194▕         $response = $this->actingAs($creator)->postJson('/organisations', $data);
    195▕ 
    196▕         // Should succeed
  ➜ 197▕         $response->assertStatus(201);
    198▕ 
    199▕         // No error should reveal whether email exists or not
    200▕         $this->assertTrue($response->json('success'));
    201▕     }

  [31m────────────────────────────────────────────────────────────────────────────────────────────────────────────────────[39m  
  [41;1m FAILED [49;22m [1mTests\Feature\OrganisationCreationSecurityTest[22m [90m>[39m organisation id not exposed to non membe… [41;1m ErrorException [49;22m  
[39;1m  Attempt to read property "slug" on null[39;22m

  at [32mtests\Feature\OrganisationCreationSecurityTest.php[39m:[32m219[39m
    215▕ 
    216▕         $org = Organisation::where('email', $data['email'])->first();
    217▕ 
    218▕         // Non-member trying to access should get 403
  ➜ 219▕         $response = $this->actingAs($otherUser)->getJson("/organisations/{$org->slug}");
    220▕         $response->assertStatus(403);
    221▕ 
    222▕         // Verify they don't get organisation details
    223▕         $response->assertJsonMissing(['organisation' => true]);

  [31m────────────────────────────────────────────────────────────────────────────────────────────────────────────────────[39m  
  [41;1m FAILED [49;22m [1mTests\Feature\OrganisationCreationSecurityTest[22m [90m>[39m organization accessed by slug not id      [41;1m ErrorException [49;22m  
[39;1m  Attempt to read property "slug" on null[39;22m

  at [32mtests\Feature\OrganisationCreationSecurityTest.php[39m:[32m241[39m
    237▕ 
    238▕         $org = Organisation::where('email', $data['email'])->first();
    239▕ 
    240▕         // Access by slug should work
  ➜ 241▕         $response = $this->actingAs($user)->getJson("/organisations/{$org->slug}");
    242▕         $response->assertStatus(200);
    243▕ 
    244▕         // Access by ID should fail (route not defined)
    245▕         $response = $this->actingAs($user)->getJson("/organisations/{$org->id}");

  [31m────────────────────────────────────────────────────────────────────────────────────────────────────────────────────[39m  
  [41;1m FAILED [49;22m [1mTests\Feature\OrganisationCreationSecurityTest[22m [90m>[39m password reset respects authorization     [41;1m ErrorException [49;22m  
[39;1m  Attempt to read property "email" on null[39;22m

  at [32mtests\Feature\OrganisationCreationSecurityTest.php[39m:[32m266[39m
    262▕         // Representative user should be able to reset password
    263▕         $rep = User::where('email', 'rep@neworg.de')->first();
    264▕ 
    265▕         $response = $this->postJson('/forgot-password', [
  ➜ 266▕             'email' => $rep->email,
    267▕         ]);
    268▕ 
    269▕         // Should succeed (standard password reset, no enumeration)
    270▕         $response->assertStatus(200) || $response->assertStatus(302);

  [31m────────────────────────────────────────────────────────────────────────────────────────────────────────────────────[39m  
  [41;1m FAILED [49;22m [1mTests\Feature\OrganisationCreationSecurityTest[22m [90m>[39m organization modification restricted               [41;1m Error [49;22m  
[39;1m  Call to a member function users() on null[39;22m

  at [32mtests\Feature\OrganisationCreationSecurityTest.php[39m:[32m296[39m
    292▕ 
    293▕         // If organisation has editable endpoints, voter should not be able to edit
    294▕         // This test documents expected behavior
    295▕         $this->assertTrue(
  ➜ 296▕             $org->users()
    297▕                 ->where('users.id', $creator->id)
    298▕                 ->wherePivot('role', 'admin')
    299▕                 ->exists(),
    300▕             'Creator must be admin to manage organisation'

  [33m1   [39m[39;1mtests\Feature\OrganisationCreationSecurityTest.php[39;22m:[39;1m296[39;22m

  [31m────────────────────────────────────────────────────────────────────────────────────────────────────────────────────[39m  
  [41;1m FAILED [49;22m [1mTests\Feature\OrganisationCreationStringOperatorTest[22m [90m>[39m email field handles string values            [41;1m Error [49;22m  
[39;1m  Call to undefined method Tests\Feature\OrganisationCreationStringOperatorTest::assertIn()[39;22m

  at [32mtests\Feature\OrganisationCreationStringOperatorTest.php[39m:[32m57[39m
     53▕         // Normal string email should work
     54▕         $response = $this->actingAs($user)->postJson('/organisations', $data);
     55▕ 
     56▕         // In test environment, this should pass
  ➜  57▕         $this->assertIn($response->getStatusCode(), [201, 422]);
     58▕         // 201 = success, 422 = validation error (expected in test for DNS validation)
     59▕     }
     60▕ 
     61▕     /**

  [33m1   [39m[39;1mtests\Feature\OrganisationCreationStringOperatorTest.php[39;22m:[39;1m57[39;22m

  [31m────────────────────────────────────────────────────────────────────────────────────────────────────────────────────[39m  
  [41;1m FAILED [49;22m [1mTests\Feature\OrganisationCreationStringOperatorTest[22m [90m>[39m email validation handles malformed email     [41;1m Error [49;22m  
[39;1m  Call to undefined method Tests\Feature\OrganisationCreationStringOperatorTest::assertIn()[39;22m

  at [32mtests\Feature\OrganisationCreationStringOperatorTest.php[39m:[32m110[39m
    106▕ 
    107▕         $response = $this->actingAs($user)->postJson('/organisations', $data);
    108▕ 
    109▕         // Should return validation error, not string operator error
  ➜ 110▕         $this->assertIn($response->getStatusCode(), [422, 500]);
    111▕         if ($response->getStatusCode() === 422) {
    112▕             $response->assertJsonValidationErrors(['email']);
    113▕         }
    114▕     }

  [33m1   [39m[39;1mtests\Feature\OrganisationCreationStringOperatorTest.php[39;22m:[39;1m110[39;22m

  [31m────────────────────────────────────────────────────────────────────────────────────────────────────────────────────[39m  
  [41;1m FAILED [49;22m [1mTests\Feature\OrganisationCreationStringOperatorTest[22m [90m>[39m email validation handles null value          [41;1m Error [49;22m  
[39;1m  Call to undefined method Tests\Feature\OrganisationCreationStringOperatorTest::assertIn()[39;22m

  at [32mtests\Feature\OrganisationCreationStringOperatorTest.php[39m:[32m147[39m
    143▕ 
    144▕         $response = $this->actingAs($user)->postJson('/organisations', $data);
    145▕ 
    146▕         // Should return validation error about required field
  ➜ 147▕         $this->assertIn($response->getStatusCode(), [422, 500]);
    148▕     }
    149▕ 
    150▕     /**
    151▕      * Test that validation handles representative email being null/empty

  [33m1   [39m[39;1mtests\Feature\OrganisationCreationStringOperatorTest.php[39;22m:[39;1m147[39;22m

  [31m────────────────────────────────────────────────────────────────────────────────────────────────────────────────────[39m  
  [41;1m FAILED [49;22m [1mTests\Feature\OrganisationCreationStringOperatorTest[22m [90m>[39m representative email handles null for exter… [41;1m Error [49;22m  
[39;1m  Call to undefined method Tests\Feature\OrganisationCreationStringOperatorTest::assertIn()[39;22m

  at [32mtests\Feature\OrganisationCreationStringOperatorTest.php[39m:[32m165[39m
    161▕ 
    162▕         $response = $this->actingAs($user)->postJson('/organisations', $data);
    163▕ 
    164▕         // Should fail validation, not crash with string operator error
  ➜ 165▕         $this->assertIn($response->getStatusCode(), [422, 500]);
    166▕     }
    167▕ 
    168▕     /**
    169▕      * Test that self-representative with email still validates properly

  [33m1   [39m[39;1mtests\Feature\OrganisationCreationStringOperatorTest.php[39;22m:[39;1m165[39;22m

  [31m────────────────────────────────────────────────────────────────────────────────────────────────────────────────────[39m  
  [41;1m FAILED [49;22m [1mTests\Feature\OrganisationCreationStringOperatorTest[22m [90m>[39m complete form submission no string operator… [41;1m Error [49;22m  
[39;1m  Call to undefined method Tests\Feature\OrganisationCreationStringOperatorTest::assertNotEqual()[39;22m

  at [32mtests\Feature\OrganisationCreationStringOperatorTest.php[39m:[32m241[39m
    237▕         // Submit form
    238▕         $response = $this->actingAs($user)->postJson('/organisations', $data);
    239▕ 
    240▕         // Should NOT be a 500 error (which would indicate string operator error)
  ➜ 241▕         $this->assertNotEqual(
    242▕             500,
    243▕             $response->getStatusCode(),
    244▕             'String operator error occurred: [] operator not supported for strings'
    245▕         );

  [33m1   [39m[39;1mtests\Feature\OrganisationCreationStringOperatorTest.php[39;22m:[39;1m241[39;22m

  [31m────────────────────────────────────────────────────────────────────────────────────────────────────────────────────[39m  
  [41;1m FAILED [49;22m [1mTests\Feature\OrganisationCreationStringOperatorTest[22m [90m>[39m validation works in non testing environment  [41;1m Error [49;22m  
[39;1m  Call to undefined method Tests\Feature\OrganisationCreationStringOperatorTest::assertNotEqual()[39;22m

  at [32mtests\Feature\OrganisationCreationStringOperatorTest.php[39m:[32m274[39m
    270▕ 
    271▕         $response = $this->actingAs($user)->postJson('/organisations', $data);
    272▕ 
    273▕         // No 500 error means validation handled all cases properly
  ➜ 274▕         $this->assertNotEqual(500, $response->getStatusCode());
    275▕     }
    276▕ 
    277▕     /**
    278▕      * Test with various email formats

  [33m1   [39m[39;1mtests\Feature\OrganisationCreationStringOperatorTest.php[39;22m:[39;1m274[39;22m

  [31m────────────────────────────────────────────────────────────────────────────────────────────────────────────────────[39m  
  [41;1m FAILED [49;22m [1mTests\Feature\OrganisationCreationStringOperatorTest[22m [90m>[39m email formats dont crash validation          [41;1m Error [49;22m  
[39;1m  Call to undefined method Tests\Feature\OrganisationCreationStringOperatorTest::assertNotEqual()[39;22m

  at [32mtests\Feature\OrganisationCreationStringOperatorTest.php[39m:[32m300[39m
    296▕             $data['email'] = $email;
    297▕ 
    298▕             $response = $this->actingAs($user)->postJson('/organisations', $data);
    299▕ 
  ➜ 300▕             $this->assertNotEqual(
    301▕                 500,
    302▕                 $response->getStatusCode(),
    303▕                 "String operator error with email: $email"
    304▕             );

  [33m1   [39m[39;1mtests\Feature\OrganisationCreationStringOperatorTest.php[39;22m:[39;1m300[39;22m

  [31m────────────────────────────────────────────────────────────────────────────────────────────────────────────────────[39m  
  [41;1m FAILED [49;22m [1mTests\Feature\OrganisationCreationStringOperatorTest[22m [90m>[39m email with whitespace handled                [41;1m Error [49;22m  
[39;1m  Call to undefined method Tests\Feature\OrganisationCreationStringOperatorTest::assertNotEqual()[39;22m

  at [32mtests\Feature\OrganisationCreationStringOperatorTest.php[39m:[32m322[39m
    318▕ 
    319▕         $response = $this->actingAs($user)->postJson('/organisations', $data);
    320▕ 
    321▕         // Should not crash with string operator error
  ➜ 322▕         $this->assertNotEqual(500, $response->getStatusCode());
    323▕     }
    324▕ 
    325▕     /**
    326▕      * Test that error is descriptive if it still occurs

  [33m1   [39m[39;1mtests\Feature\OrganisationCreationStringOperatorTest.php[39;22m:[39;1m322[39;22m

  [31m────────────────────────────────────────────────────────────────────────────────────────────────────────────────────[39m  
  [41;1m FAILED [49;22m [1mTests\Feature\OrganisationCreationTest[22m [90m>[39m organization creation requires name and email                       
[39;1m  Expected response status code [422] but received 302.
Failed asserting that 302 is identical to 422.

The following errors occurred during the last request:

Creation failed: name ist erforderlich. (and 1 more error)[39;22m

  at [32mtests\Feature\OrganisationCreationTest.php[39m:[32m31[39m
     27▕             'accept_gdpr' => true,
     28▕             'accept_terms' => true,
     29▕         ]);
     30▕ 
  ➜  31▕         $response->assertStatus(422)
     32▕                 ->assertJsonValidationErrors(['name', 'email']);
     33▕     }
     34▕ 
     35▕     /**

  [31m────────────────────────────────────────────────────────────────────────────────────────────────────────────────────[39m  
  [41;1m FAILED [49;22m [1mTests\Feature\OrganisationCreationTest[22m [90m>[39m organization creation requires valid email                          
[39;1m  Expected response status code [422] but received 302.
Failed asserting that 302 is identical to 422.

The following errors occurred during the last request:

Creation failed: email muss eine gültige E-Mail-Adresse sein. (and 1 more error)[39;22m

  at [32mtests\Feature\OrganisationCreationTest.php[39m:[32m61[39m
     57▕             'accept_gdpr' => true,
     58▕             'accept_terms' => true,
     59▕         ]);
     60▕ 
  ➜  61▕         $response->assertStatus(422)
     62▕                 ->assertJsonValidationErrors(['email']);
     63▕     }
     64▕ 
     65▕     /**

  [31m────────────────────────────────────────────────────────────────────────────────────────────────────────────────────[39m  
  [41;1m FAILED [49;22m [1mTests\Feature\OrganisationCreationTest[22m [90m>[39m organization creation with self representative                      
[39;1m  Expected response status code [201] but received 302.
Failed asserting that 302 is identical to 201.

The following errors occurred during the last request:

Creation failed: representative muss eine Zeichenkette sein.[39;22m

  at [32mtests\Feature\OrganisationCreationTest.php[39m:[32m97[39m
     93▕         $response = $this->actingAs($user)
     94▕                         ->postJson('/organisations', $payload);
     95▕ 
     96▕         // Should succeed
  ➜  97▕         $response->assertStatus(201);
     98▕         $response->assertJsonPath('success', true);
     99▕ 
    100▕         // Organisation should be created
    101▕         $org = Organisation::where('name', 'Test Association')->first();

  [31m────────────────────────────────────────────────────────────────────────────────────────────────────────────────────[39m  
  [41;1m FAILED [49;22m [1mTests\Feature\OrganisationCreationTest[22m [90m>[39m organization creation with external representative                  
[39;1m  Expected response status code [201] but received 302.
Failed asserting that 302 is identical to 201.

The following errors occurred during the last request:

Creation failed: representative muss eine Zeichenkette sein.[39;22m

  at [32mtests\Feature\OrganisationCreationTest.php[39m:[32m156[39m
    152▕ 
    153▕         $response = $this->actingAs($user)
    154▕                         ->postJson('/organisations', $payload);
    155▕ 
  ➜ 156▕         $response->assertStatus(201);
    157▕         $response->assertJsonPath('success', true);
    158▕ 
    159▕         // Organisation should be created
    160▕         $org = Organisation::where('name', 'Community Group')->first();

  [31m────────────────────────────────────────────────────────────────────────────────────────────────────────────────────[39m  
  [41;1m FAILED [49;22m [1mTests\Feature\OrganisationCreationTest[22m [90m>[39m organization show requires membership             [41;1m QueryException [49;22m  
[39;1m  SQLSTATE[42703]: Undefined column: 7 FEHLER:  Spalte »created_by« von Relation »organisations« existiert nicht
LINE 1: ...ress", "representative", "settings", "languages", "created_b...
                                                             ^ (Connection: pgsql, SQL: insert into "organisations" ("name", "email", "slug", "type", "is_default", "uses_full_membership", "address", "representative", "settings", "languages", "created_by", "id", "updated_at", "created_at") values (Kessler-Douglas, eduardo49@howe.com, kessler-douglas, tenant, 0, 1, {"street":"717 Erdman Mall","city":"Terryside","zip":"72417-5125","country":"DE"}, {"name":"Ms. Ofelia Johnson","role":"Chairman","email":"dale15@hotmail.com"}, [], ["de","en"], a1e8eccb-fc33-4c80-b2b6-3114a66f0774, a1e8eccc-0078-410d-8d90-0d8fbf526645, 2026-05-31 08:56:12, 2026-05-31 08:56:12))[39;22m

  at [32mvendor\laravel\framework\src\Illuminate\Database\Connection.php[39m:[32m825[39m
    821▕                     $this->getName(), $query, $this->prepareBindings($bindings), $e
    822▕                 );
    823▕             }
    824▕ 
  ➜ 825▕             throw new QueryException(
    826▕                 $this->getName(), $query, $this->prepareBindings($bindings), $e
    827▕             );
    828▕         }
    829▕     }

  [33m1   [39m[39;1mvendor\laravel\framework\src\Illuminate\Database\Connection.php[39;22m:[39;1m825[39;22m

  [33m2   [39m[39;1mvendor\laravel\framework\src\Illuminate\Database\Connection.php[39;22m:[39;1m571[39;22m
  [90m    NunoMaduro\Collision\Exceptions\TestException::("SQLSTATE[42703]: Undefined column: 7 FEHLER:  Spalte »created_by« von Relation »organisations« existiert nicht
LINE 1: ...ress", "representative", "settings", "languages", "created_b...
                                                             ^")[39m

  [31m────────────────────────────────────────────────────────────────────────────────────────────────────────────────────[39m  
  [41;1m FAILED [49;22m [1mTests\Feature\OrganisationCreationTest[22m [90m>[39m organization show denies non members              [41;1m QueryException [49;22m  
[39;1m  SQLSTATE[42703]: Undefined column: 7 FEHLER:  Spalte »created_by« von Relation »organisations« existiert nicht
LINE 1: ...ress", "representative", "settings", "languages", "created_b...
                                                             ^ (Connection: pgsql, SQL: insert into "organisations" ("name", "email", "slug", "type", "is_default", "uses_full_membership", "address", "representative", "settings", "languages", "created_by", "id", "updated_at", "created_at") values (Pfannerstill-Smitham, bryana78@schiller.com, pfannerstill-smitham, tenant, 0, 1, {"street":"1119 Anderson Club Apt. 928","city":"Lake Tabithaton","zip":"09297","country":"DE"}, {"name":"Mr. Wendell Konopelski","role":"Chairman","email":"natalia36@gmail.com"}, [], ["de","en"], a1e8eccc-3d92-4b02-a5f0-2b8ac5ce73a3, a1e8eccc-497a-4e64-95ce-2bf21f37aed1, 2026-05-31 08:56:12, 2026-05-31 08:56:12))[39;22m

  at [32mvendor\laravel\framework\src\Illuminate\Database\Connection.php[39m:[32m825[39m
    821▕                     $this->getName(), $query, $this->prepareBindings($bindings), $e
    822▕                 );
    823▕             }
    824▕ 
  ➜ 825▕             throw new QueryException(
    826▕                 $this->getName(), $query, $this->prepareBindings($bindings), $e
    827▕             );
    828▕         }
    829▕     }

  [33m1   [39m[39;1mvendor\laravel\framework\src\Illuminate\Database\Connection.php[39;22m:[39;1m825[39;22m

  [33m2   [39m[39;1mvendor\laravel\framework\src\Illuminate\Database\Connection.php[39;22m:[39;1m571[39;22m
  [90m    NunoMaduro\Collision\Exceptions\TestException::("SQLSTATE[42703]: Undefined column: 7 FEHLER:  Spalte »created_by« von Relation »organisations« existiert nicht
LINE 1: ...ress", "representative", "settings", "languages", "created_b...
                                                             ^")[39m

  [31m────────────────────────────────────────────────────────────────────────────────────────────────────────────────────[39m  
  [41;1m FAILED [49;22m [1mTests\Feature\OrganisationCreationValidationTest[22m [90m>[39m organization name min length                              
[39;1m  Expected response status code [422] but received 302.
Failed asserting that 302 is identical to 422.

The following errors occurred during the last request:

Creation failed: name muss mindestens 3 Zeichen sein. (and 1 more error)[39;22m

  at [32mtests\Feature\OrganisationCreationValidationTest.php[39m:[32m48[39m
     44▕         $data = $this->validOrganisationData();
     45▕         $data['name'] = 'AB';
     46▕ 
     47▕         $response = $this->actingAs($user)->postJson('/organisations', $data);
  ➜  48▕         $response->assertStatus(422);
     49▕         $response->assertJsonValidationErrors(['name']);
     50▕ 
     51▕         // Test with 3 characters (should pass)
     52▕         $data['name'] = 'ABC';

  [31m────────────────────────────────────────────────────────────────────────────────────────────────────────────────────[39m  
  [41;1m FAILED [49;22m [1mTests\Feature\OrganisationCreationValidationTest[22m [90m>[39m organization name max length                              
[39;1m  Expected response status code [201] but received 302.
Failed asserting that 302 is identical to 201.

The following errors occurred during the last request:

Creation failed: representative muss eine Zeichenkette sein.[39;22m

  at [32mtests\Feature\OrganisationCreationValidationTest.php[39m:[32m73[39m
     69▕         $data['name'] = $longName;
     70▕         $data['email'] = 'long1@test.de';
     71▕ 
     72▕         $response = $this->actingAs($user)->postJson('/organisations', $data);
  ➜  73▕         $response->assertStatus(201);
     74▕ 
     75▕         // Test with 256 characters (should fail)
     76▕         $tooLongName = str_repeat('A', 256);
     77▕         $data['name'] = $tooLongName;

  [31m────────────────────────────────────────────────────────────────────────────────────────────────────────────────────[39m  
  [41;1m FAILED [49;22m [1mTests\Feature\OrganisationCreationValidationTest[22m [90m>[39m organization email format validation                      
[39;1m  Expected response status code [422] but received 302.
Failed asserting that 302 is identical to 422.

The following errors occurred during the last request:

Creation failed: email muss eine gültige E-Mail-Adresse sein. (and 1 more error)[39;22m

  at [32mtests\Feature\OrganisationCreationValidationTest.php[39m:[32m107[39m
    103▕             $data = $this->validOrganisationData();
    104▕             $data['email'] = $invalidEmail;
    105▕ 
    106▕             $response = $this->actingAs($user)->postJson('/organisations', $data);
  ➜ 107▕             $response->assertStatus(422);
    108▕             $response->assertJsonValidationErrors(['email']);
    109▕         }
    110▕     }
    111▕

  [31m────────────────────────────────────────────────────────────────────────────────────────────────────────────────────[39m  
  [41;1m FAILED [49;22m [1mTests\Feature\OrganisationCreationValidationTest[22m [90m>[39m zip code format validation                                
[39;1m  Expected response status code [422] but received 302.
Failed asserting that 302 is identical to 422.

The following errors occurred during the last request:

Creation failed: representative muss eine Zeichenkette sein.[39;22m

  at [32mtests\Feature\OrganisationCreationValidationTest.php[39m:[32m138[39m
    134▕             if ($shouldPass) {
    135▕                 $this->assertNotEquals(422, $response->getStatusCode(),
    136▕                     "Zip {$zip} should be valid");
    137▕             } else {
  ➜ 138▕                 $response->assertStatus(422);
    139▕                 $response->assertJsonValidationErrors(['address.zip']);
    140▕             }
    141▕         }
    142▕     }

  [31m────────────────────────────────────────────────────────────────────────────────────────────────────────────────────[39m  
  [41;1m FAILED [49;22m [1mTests\Feature\OrganisationCreationValidationTest[22m [90m>[39m country code validation         [41;1m BadMethodCallException [49;22m  
[39;1m  Call to undefined method Illuminate\Http\RedirectResponse::assertNotEquals()[39;22m

  at [32mvendor\laravel\framework\src\Illuminate\Support\Traits\ForwardsCalls.php[39m:[32m67[39m
     63▕      * @throws \BadMethodCallException
     64▕      */
     65▕     protected static function throwBadMethodCallException($method)
     66▕     {
  ➜  67▕         throw new BadMethodCallException(sprintf(
     68▕             'Call to undefined method %s::%s()', static::class, $method
     69▕         ));
     70▕     }
     71▕ }

  [33m1   [39m[39;1mvendor\laravel\framework\src\Illuminate\Support\Traits\ForwardsCalls.php[39;22m:[39;1m67[39;22m
  [33m2   [39m[39;1mvendor\laravel\framework\src\Illuminate\Http\RedirectResponse.php[39;22m:[39;1m256[39;22m

  [31m────────────────────────────────────────────────────────────────────────────────────────────────────────────────────[39m  
  [41;1m FAILED [49;22m [1mTests\Feature\OrganisationCreationValidationTest[22m [90m>[39m representative email required when not self               
[39;1m  Expected response status code [422] but received 302.
Failed asserting that 302 is identical to 422.

The following errors occurred during the last request:

Creation failed: representative muss eine Zeichenkette sein.[39;22m

  at [32mtests\Feature\OrganisationCreationValidationTest.php[39m:[32m191[39m
    187▕         $data['representative']['is_self'] = false;
    188▕         $data['representative']['email'] = '';
    189▕ 
    190▕         $response = $this->actingAs($user)->postJson('/organisations', $data);
  ➜ 191▕         $response->assertStatus(422);
    192▕         $response->assertJsonValidationErrors(['representative.email']);
    193▕ 
    194▕         // Case 2: is_self = true, email empty (should pass)
    195▕         $data = $this->validOrganisationData();

  [31m────────────────────────────────────────────────────────────────────────────────────────────────────────────────────[39m  
  [41;1m FAILED [49;22m [1mTests\Feature\OrganisationCreationValidationTest[22m [90m>[39m gdpr and terms acceptance required                        
[39;1m  Expected response status code [422] but received 302.
Failed asserting that 302 is identical to 422.

The following errors occurred during the last request:

Creation failed: representative muss eine Zeichenkette sein.[39;22m

  at [32mtests\Feature\OrganisationCreationValidationTest.php[39m:[32m217[39m
    213▕         $data['accept_gdpr'] = false;
    214▕         $data['email'] = 'gdpr@test.de';
    215▕ 
    216▕         $response = $this->actingAs($user)->postJson('/organisations', $data);
  ➜ 217▕         $response->assertStatus(422);
    218▕         $response->assertJsonValidationErrors(['accept_gdpr']);
    219▕ 
    220▕         // Test missing terms acceptance
    221▕         $data = $this->validOrganisationData();

  [31m────────────────────────────────────────────────────────────────────────────────────────────────────────────────────[39m  
  [41;1m FAILED [49;22m [1mTests\Feature\OrganisationCreationValidationTest[22m [90m>[39m email trimming and normalization                          
[39;1m  Expected response status code [201] but received 302.
Failed asserting that 302 is identical to 201.

The following errors occurred during the last request:

Creation failed: representative muss eine Zeichenkette sein.[39;22m

  at [32mtests\Feature\OrganisationCreationValidationTest.php[39m:[32m281[39m
    277▕         $data = $this->validOrganisationData();
    278▕         $data['email'] = '  TEST@ORG.DE  '; // With spaces and uppercase
    279▕ 
    280▕         $response = $this->actingAs($user)->postJson('/organisations', $data);
  ➜ 281▕         $response->assertStatus(201);
    282▕ 
    283▕         // Get organisation and verify email is stored normalized
    284▕         $org = $response->json('organisation');
    285▕         $this->assertEquals('test@org.de', $org['email']); // lowercase, no spaces

  [31m────────────────────────────────────────────────────────────────────────────────────────────────────────────────────[39m  
  [41;1m FAILED [49;22m [1mTests\Feature\OrganisationCreationValidationTest[22m [90m>[39m representative name min length                            
[39;1m  Expected response status code [422] but received 302.
Failed asserting that 302 is identical to 422.

The following errors occurred during the last request:

Creation failed: representative muss eine Zeichenkette sein.[39;22m

  at [32mtests\Feature\OrganisationCreationValidationTest.php[39m:[32m301[39m
    297▕         $data['representative']['name'] = 'AB';
    298▕         $data['email'] = 'name2@test.de';
    299▕ 
    300▕         $response = $this->actingAs($user)->postJson('/organisations', $data);
  ➜ 301▕         $response->assertStatus(422);
    302▕         $response->assertJsonValidationErrors(['representative.name']);
    303▕ 
    304▕         // Test with 3 characters (should pass)
    305▕         $data['representative']['name'] = 'ABC';

  [31m────────────────────────────────────────────────────────────────────────────────────────────────────────────────────[39m  
  [41;1m FAILED [49;22m [1mTests\Feature\OrganisationCreationValidationTest[22m [90m>[39m representative role required                              
[39;1m  Expected response status code [422] but received 302.
Failed asserting that 302 is identical to 422.

The following errors occurred during the last request:

Creation failed: representative muss eine Zeichenkette sein.[39;22m

  at [32mtests\Feature\OrganisationCreationValidationTest.php[39m:[32m324[39m
    320▕         $data['representative']['role'] = '';
    321▕         $data['email'] = 'role@test.de';
    322▕ 
    323▕         $response = $this->actingAs($user)->postJson('/organisations', $data);
  ➜ 324▕         $response->assertStatus(422);
    325▕         $response->assertJsonValidationErrors(['representative.role']);
    326▕     }
    327▕ 
    328▕     /**

  [31m────────────────────────────────────────────────────────────────────────────────────────────────────────────────────[39m  
  [41;1m FAILED [49;22m [1mTests\Feature\OrganisationCreationValidationTest[22m [90m>[39m address fields required                                   
[39;1m  Expected response status code [422] but received 302.
Failed asserting that 302 is identical to 422.

The following errors occurred during the last request:

Creation failed: representative muss eine Zeichenkette sein.[39;22m

  at [32mtests\Feature\OrganisationCreationValidationTest.php[39m:[32m343[39m
    339▕             unset($data['address'][$field]);
    340▕             $data['email'] = "addr_{$field}@test.de";
    341▕ 
    342▕             $response = $this->actingAs($user)->postJson('/organisations', $data);
  ➜ 343▕             $response->assertStatus(422);
    344▕             $response->assertJsonValidationErrors(["address.{$field}"]);
    345▕         }
    346▕     }
    347▕

  [31m────────────────────────────────────────────────────────────────────────────────────────────────────────────────────[39m  
  [41;1m FAILED [49;22m [1mTests\Feature\OrganisationCreationValidationTest[22m [90m>[39m street address max length                                 
[39;1m  Expected response status code [422] but received 302.
Failed asserting that 302 is identical to 422.

The following errors occurred during the last request:

Creation failed: representative muss eine Zeichenkette sein.[39;22m

  at [32mtests\Feature\OrganisationCreationValidationTest.php[39m:[32m360[39m
    356▕         $data['address']['street'] = str_repeat('A', 256); // Exceeds 255
    357▕         $data['email'] = 'street@test.de';
    358▕ 
    359▕         $response = $this->actingAs($user)->postJson('/organisations', $data);
  ➜ 360▕         $response->assertStatus(422);
    361▕         $response->assertJsonValidationErrors(['address.street']);
    362▕     }
    363▕ 
    364▕     /**

  [31m────────────────────────────────────────────────────────────────────────────────────────────────────────────────────[39m  
  [41;1m FAILED [49;22m [1mTests\Feature\OrganisationCreationValidationTest[22m [90m>[39m city max length                                           
[39;1m  Expected response status code [422] but received 302.
Failed asserting that 302 is identical to 422.

The following errors occurred during the last request:

Creation failed: representative muss eine Zeichenkette sein.[39;22m

  at [32mtests\Feature\OrganisationCreationValidationTest.php[39m:[32m376[39m
    372▕         $data['address']['city'] = str_repeat('A', 101); // Exceeds 100
    373▕         $data['email'] = 'city@test.de';
    374▕ 
    375▕         $response = $this->actingAs($user)->postJson('/organisations', $data);
  ➜ 376▕         $response->assertStatus(422);
    377▕         $response->assertJsonValidationErrors(['address.city']);
    378▕     }
    379▕ }
    380▕

  [31m────────────────────────────────────────────────────────────────────────────────────────────────────────────────────[39m  
  [41;1m FAILED [49;22m [1mTests\Feature\OrganisationIsolationTest[22m [90m>[39m results are isolated per organisation                     [41;1m Error [49;22m  
[39;1m  Class "Database\Factories\ResultFactory" not found[39;22m

  at [32mvendor\laravel\framework\src\Illuminate\Database\Eloquent\Factories\Factory.php[39m:[32m864[39m
    860▕     public static function factoryForModel(string $modelName)
    861▕     {
    862▕         $factory = static::resolveFactoryName($modelName);
    863▕ 
  ➜ 864▕         return $factory::new();
    865▕     }
    866▕ 
    867▕     /**
    868▕      * Specify the callback that should be invoked to guess factory names based on dynamic relationship names.

  [33m1   [39m[39;1mvendor\laravel\framework\src\Illuminate\Database\Eloquent\Factories\Factory.php[39;22m:[39;1m864[39;22m
  [33m2   [39m[39;1mvendor\laravel\framework\src\Illuminate\Database\Eloquent\Factories\HasFactory.php[39;22m:[39;1m21[39;22m

  [31m────────────────────────────────────────────────────────────────────────────────────────────────────────────────────[39m  
  [41;1m FAILED [49;22m [1mTests\Feature\OrganisationVoterHubTest[22m [90m>[39m voter hub shows correct membership status                           
[39;1m  Property [voterMemberships.a1e8ece3-470e-40f8-ab46-55a91e76720f.status] does not exist.
Failed asserting that false is true.[39;22m

  at [32mtests\Feature\OrganisationVoterHubTest.php[39m:[32m77[39m
     73▕ 
     74▕         $this->actingAs($this->member)
     75▕              ->get(route('organisations.voter-hub', $this->org->slug))
     76▕              ->assertInertia(fn ($page) =>
  ➜  77▕                  $page->where('voterMemberships.' . $election->id . '.status', 'active')
     78▕                       ->where('voterMemberships.' . $election->id . '.has_voted', false)
     79▕              );
     80▕     }
     81▕

  [33m1   [39m[39;1mvendor\inertiajs\inertia-laravel\src\Testing\TestResponseMacros.php[39;22m:[39;1m18[39;22m
  [33m2   [39m[39;1mvendor\laravel\framework\src\Illuminate\Macroable\Traits\Macroable.php[39;22m:[39;1m126[39;22m

  [31m────────────────────────────────────────────────────────────────────────────────────────────────────────────────────[39m  
  [41;1m FAILED [49;22m [1mTests\Feature\OrganisationVoterHubTest[22m [90m>[39m voter hub only includes active elections                            
[39;1m  Property [activeElections] does not have the expected size.
Failed asserting that actual size 0 matches expected size 1.[39;22m

  at [32mtests\Feature\OrganisationVoterHubTest.php[39m:[32m94[39m
     90▕ 
     91▕         $this->actingAs($this->member)
     92▕              ->get(route('organisations.voter-hub', $this->org->slug))
     93▕              ->assertInertia(fn ($page) =>
  ➜  94▕                  $page->has('activeElections', 1)
     95▕                       ->where('activeElections.0.id', $active->id)
     96▕              );
     97▕     }
     98▕ }

  [33m1   [39m[39;1mvendor\inertiajs\inertia-laravel\src\Testing\TestResponseMacros.php[39;22m:[39;1m18[39;22m
  [33m2   [39m[39;1mvendor\laravel\framework\src\Illuminate\Macroable\Traits\Macroable.php[39;22m:[39;1m126[39;22m

  [31m────────────────────────────────────────────────────────────────────────────────────────────────────────────────────[39m  
  [41;1m FAILED [49;22m [1mTests\Feature\Organisation\InvitationAcceptanceTest[22m [90m>[39m expired invitation cannot be accepted                  
[39;1m  Expected response status code [404] but received 302.
Failed asserting that 302 is identical to 404.[39;22m

  at [32mtests\Feature\Organisation\InvitationAcceptanceTest.php[39m:[32m161[39m
    157▕         $acceptingUser = User::factory()->create(['email' => 'invited@example.com']);
    158▕ 
    159▕         $this->actingAs($acceptingUser)
    160▕              ->get(route('organisations.invitations.accept', $this->token))
  ➜ 161▕              ->assertStatus(404);
    162▕ 
    163▕         $this->assertDatabaseMissing('members', [
    164▕             'organisation_id' => $this->organisation->id,
    165▕         ]);

  [31m────────────────────────────────────────────────────────────────────────────────────────────────────────────────────[39m  
  [41;1m FAILED [49;22m [1mTests\Feature\Organisation\NewsletterCreationTest[22m [90m>[39m admin can create newsletter draft                        
[39;1m  Expected response status code [201, 301, 302, 303, 307, 308] but received 404.
Failed asserting that false is true.[39;22m

  at [32mtests\Feature\Organisation\NewsletterCreationTest.php[39m:[32m42[39m
     38▕              ->post(route('organisations.membership.newsletters.store', $this->organisation->slug), [
     39▕                  'subject'      => 'Monthly Update',
     40▕                  'html_content' => '<p>Hello members!</p>',
     41▕              ])
  ➜  42▕              ->assertRedirect();
     43▕ 
     44▕         $this->assertDatabaseHas('organisation_newsletters', [
     45▕             'organisation_id' => $this->organisation->id,
     46▕             'subject'         => 'Monthly Update',

  [31m────────────────────────────────────────────────────────────────────────────────────────────────────────────────────[39m  
  [41;1m FAILED [49;22m [1mTests\Feature\Organisation\NewsletterCreationTest[22m [90m>[39m owner can create newsletter draft                        
[39;1m  Expected response status code [201, 301, 302, 303, 307, 308] but received 404.
Failed asserting that false is true.[39;22m

  at [32mtests\Feature\Organisation\NewsletterCreationTest.php[39m:[32m70[39m
     66▕              ->post(route('organisations.membership.newsletters.store', $this->organisation->slug), [
     67▕                  'subject'      => 'Owner Message',
     68▕                  'html_content' => '<p>From the owner</p>',
     69▕              ])
  ➜  70▕              ->assertRedirect();
     71▕ 
     72▕         $this->assertDatabaseHas('organisation_newsletters', [
     73▕             'organisation_id' => $this->organisation->id,
     74▕             'subject'         => 'Owner Message',

  [31m────────────────────────────────────────────────────────────────────────────────────────────────────────────────────[39m  
  [41;1m FAILED [49;22m [1mTests\Feature\Organisation\NewsletterCreationTest[22m [90m>[39m non admin cannot create newsletter                       
[39;1m  Expected response status code [403] but received 404.
Failed asserting that 404 is identical to 403.[39;22m

  at [32mtests\Feature\Organisation\NewsletterCreationTest.php[39m:[32m93[39m
     89▕              ->post(route('organisations.membership.newsletters.store', $this->organisation->slug), [
     90▕                  'subject'      => 'Spam',
     91▕                  'html_content' => '<p>Buy now!</p>',
     92▕              ])
  ➜  93▕              ->assertStatus(403);
     94▕     }
     95▕ 
     96▕     public function test_html_content_is_sanitised_on_save(): void
     97▕     {

  [31m────────────────────────────────────────────────────────────────────────────────────────────────────────────────────[39m  
  [41;1m FAILED [49;22m [1mTests\Feature\Organisation\NewsletterCreationTest[22m [90m>[39m html content is sanitised on save                        
[39;1m  Failed asserting that null is not null.[39;22m

  at [32mtests\Feature\Organisation\NewsletterCreationTest.php[39m:[32m108[39m
    104▕         $newsletter = OrganisationNewsletter::withoutGlobalScopes()
    105▕             ->where('organisation_id', $this->organisation->id)
    106▕             ->first();
    107▕ 
  ➜ 108▕         $this->assertNotNull($newsletter);
    109▕         $this->assertStringNotContainsString('<script>', $newsletter->html_content);
    110▕     }
    111▕ 
    112▕     public function test_admin_can_view_newsletter_list(): void

  [33m1   [39m[39;1mtests\Feature\Organisation\NewsletterCreationTest.php[39;22m:[39;1m108[39;22m

  [31m────────────────────────────────────────────────────────────────────────────────────────────────────────────────────[39m  
  [41;1m FAILED [49;22m [1mTests\Feature\Organisation\NewsletterCreationTest[22m [90m>[39m admin can view newsletter list                           
[39;1m  Expected response status code [200] but received 404.
Failed asserting that 404 is identical to 200.[39;22m

  at [32mtests\Feature\Organisation\NewsletterCreationTest.php[39m:[32m116[39m
    112▕     public function test_admin_can_view_newsletter_list(): void
    113▕     {
    114▕         $this->actingAs($this->admin)
    115▕              ->get(route('organisations.membership.newsletters.index', $this->organisation->slug))
  ➜ 116▕              ->assertStatus(200);
    117▕     }
    118▕ 
    119▕     public function test_preview_recipient_count_returns_active_member_count(): void
    120▕     {

  [31m────────────────────────────────────────────────────────────────────────────────────────────────────────────────────[39m  
  [41;1m FAILED [49;22m [1mTests\Feature\Organisation\NewsletterCreationTest[22m [90m>[39m preview recipient count returns activ… [41;1m QueryException [49;22m  
[39;1m  SQLSTATE[23514]: Check violation: 7 FEHLER:  neue Zeile für Relation »members« verletzt Check-Constraint »members_status_check«
DETAIL:  Fehlgeschlagene Zeile enthält (a1e8eceb-8fd5-4a0e-9051-d92648e54334, a1e8eceb-6f44-41f9-ada5-add3347a8fbc, a1e8eceb-8f8e-49d9-8ee8-8955bb74f58c, M6a1bf7c16eba1, null, null, null, null, null, 2026-05-31 08:56:33, 2026-05-31 08:56:33, null, null, null, inactive, unpaid, null, null, null, null, null, null, unpaid). (Connection: pgsql, SQL: insert into "members" ("organisation_id", "organisation_user_id", "membership_number", "status", "fees_status", "newsletter_unsubscribed_at", "id", "updated_at", "created_at") values (a1e8eceb-6f44-41f9-ada5-add3347a8fbc, a1e8eceb-8f8e-49d9-8ee8-8955bb74f58c, M6a1bf7c16eba1, inactive, unpaid, ?, a1e8eceb-8fd5-4a0e-9051-d92648e54334, 2026-05-31 08:56:33, 2026-05-31 08:56:33))[39;22m

  at [32mvendor\laravel\framework\src\Illuminate\Database\Connection.php[39m:[32m825[39m
    821▕                     $this->getName(), $query, $this->prepareBindings($bindings), $e
    822▕                 );
    823▕             }
    824▕ 
  ➜ 825▕             throw new QueryException(
    826▕                 $this->getName(), $query, $this->prepareBindings($bindings), $e
    827▕             );
    828▕         }
    829▕     }

  [33m1   [39m[39;1mvendor\laravel\framework\src\Illuminate\Database\Connection.php[39;22m:[39;1m825[39;22m

  [33m2   [39m[39;1mvendor\laravel\framework\src\Illuminate\Database\Connection.php[39;22m:[39;1m571[39;22m
  [90m    NunoMaduro\Collision\Exceptions\TestException::("SQLSTATE[23514]: Check violation: 7 FEHLER:  neue Zeile für Relation »members« verletzt Check-Constraint »members_status_check«
DETAIL:  Fehlgeschlagene Zeile enthält (a1e8eceb-8fd5-4a0e-9051-d92648e54334, a1e8eceb-6f44-41f9-ada5-add3347a8fbc, a1e8eceb-8f8e-49d9-8ee8-8955bb74f58c, M6a1bf7c16eba1, null, null, null, null, null, 2026-05-31 08:56:33, 2026-05-31 08:56:33, null, null, null, inactive, unpaid, null, null, null, null, null, null, unpaid).")[39m

  [31m────────────────────────────────────────────────────────────────────────────────────────────────────────────────────[39m  
  [41;1m FAILED [49;22m [1mTests\Feature\Organisation\NewsletterDispatchTest[22m [90m>[39m admin can dispatch draft newsletter                      
[39;1m  Expected response status code [201, 301, 302, 303, 307, 308] but received 404.
Failed asserting that false is true.[39;22m

  at [32mtests\Feature\Organisation\NewsletterDispatchTest.php[39m:[32m54[39m
     50▕              ->patch(route('organisations.membership.newsletters.send', [
     51▕                  $this->organisation->slug,
     52▕                  $this->newsletter->id,
     53▕              ]))
  ➜  54▕              ->assertRedirect();
     55▕ 
     56▕         $this->newsletter->refresh();
     57▕         $this->assertEquals('queued', $this->newsletter->status);
     58▕         $this->assertNotNull($this->newsletter->idempotency_key);

  [31m────────────────────────────────────────────────────────────────────────────────────────────────────────────────────[39m  
  [41;1m FAILED [49;22m [1mTests\Feature\Organisation\NewsletterDispatchTest[22m [90m>[39m cannot dispatch already queued newsletter                
[39;1m  Expected response status code [422] but received 404.
Failed asserting that 404 is identical to 422.[39;22m

  at [32mtests\Feature\Organisation\NewsletterDispatchTest.php[39m:[32m76[39m
     72▕              ->patch(route('organisations.membership.newsletters.send', [
     73▕                  $this->organisation->slug,
     74▕                  $this->newsletter->id,
     75▕              ]))
  ➜  76▕              ->assertStatus(422);
     77▕     }
     78▕ 
     79▕     public function test_cannot_dispatch_completed_newsletter(): void
     80▕     {

  [31m────────────────────────────────────────────────────────────────────────────────────────────────────────────────────[39m  
  [41;1m FAILED [49;22m [1mTests\Feature\Organisation\NewsletterDispatchTest[22m [90m>[39m cannot dispatch completed newsletter                     
[39;1m  Expected response status code [422] but received 404.
Failed asserting that 404 is identical to 422.[39;22m

  at [32mtests\Feature\Organisation\NewsletterDispatchTest.php[39m:[32m88[39m
     84▕              ->patch(route('organisations.membership.newsletters.send', [
     85▕                  $this->organisation->slug,
     86▕                  $this->newsletter->id,
     87▕              ]))
  ➜  88▕              ->assertStatus(422);
     89▕     }
     90▕ 
     91▕     public function test_non_admin_cannot_dispatch(): void
     92▕     {

  [31m────────────────────────────────────────────────────────────────────────────────────────────────────────────────────[39m  
  [41;1m FAILED [49;22m [1mTests\Feature\Organisation\NewsletterDispatchTest[22m [90m>[39m non admin cannot dispatch                                
[39;1m  Expected response status code [403] but received 404.
Failed asserting that 404 is identical to 403.[39;22m

  at [32mtests\Feature\Organisation\NewsletterDispatchTest.php[39m:[32m105[39m
    101▕              ->patch(route('organisations.membership.newsletters.send', [
    102▕                  $this->organisation->slug,
    103▕                  $this->newsletter->id,
    104▕              ]))
  ➜ 105▕              ->assertStatus(403);
    106▕     }
    107▕ 
    108▕     public function test_admin_can_cancel_draft_newsletter(): void
    109▕     {

  [31m────────────────────────────────────────────────────────────────────────────────────────────────────────────────────[39m  
  [41;1m FAILED [49;22m [1mTests\Feature\Organisation\NewsletterDispatchTest[22m [90m>[39m admin can cancel draft newsletter                        
[39;1m  Expected response status code [201, 301, 302, 303, 307, 308] but received 404.
Failed asserting that false is true.[39;22m

  at [32mtests\Feature\Organisation\NewsletterDispatchTest.php[39m:[32m115[39m
    111▕              ->patch(route('organisations.membership.newsletters.cancel', [
    112▕                  $this->organisation->slug,
    113▕                  $this->newsletter->id,
    114▕              ]))
  ➜ 115▕              ->assertRedirect();
    116▕ 
    117▕         $this->newsletter->refresh();
    118▕         $this->assertEquals('cancelled', $this->newsletter->status);
    119▕

  [31m────────────────────────────────────────────────────────────────────────────────────────────────────────────────────[39m  
  [41;1m FAILED [49;22m [1mTests\Feature\Organisation\NewsletterDispatchTest[22m [90m>[39m cannot cancel completed newsletter                       
[39;1m  Expected response status code [422] but received 404.
Failed asserting that 404 is identical to 422.[39;22m

  at [32mtests\Feature\Organisation\NewsletterDispatchTest.php[39m:[32m135[39m
    131▕              ->patch(route('organisations.membership.newsletters.cancel', [
    132▕                  $this->organisation->slug,
    133▕                  $this->newsletter->id,
    134▕              ]))
  ➜ 135▕              ->assertStatus(422);
    136▕     }
    137▕ }
    138▕

  [31m────────────────────────────────────────────────────────────────────────────────────────────────────────────────────[39m  
  [41;1m FAILED [49;22m [1mTests\Feature\Organisation\NewsletterUnsubscribeTest[22m [90m>[39m unsubscribed members excluded from recipients on d…   
[39;1m  Failed asserting that 0 matches expected 1.[39;22m

  at [32mtests\Feature\Organisation\NewsletterUnsubscribeTest.php[39m:[32m106[39m
    102▕                  $newsletter->id,
    103▕              ]));
    104▕ 
    105▕         // Only 1 recipient should be created (the active non-unsubscribed member)
  ➜ 106▕         $this->assertEquals(1, NewsletterRecipient::where('organisation_newsletter_id', $newsletter->id)->count());
    107▕     }
    108▕ 
    109▕     public function test_bounced_members_excluded_from_recipients_on_dispatch(): void
    110▕     {

  [33m1   [39m[39;1mtests\Feature\Organisation\NewsletterUnsubscribeTest.php[39;22m:[39;1m106[39;22m

  [31m────────────────────────────────────────────────────────────────────────────────────────────────────────────────────[39m  
  [41;1m FAILED [49;22m [1mTests\Feature\Organisation\NewsletterUnsubscribeTest[22m [90m>[39m bounced members excluded from recipients on dispat…   
[39;1m  Failed asserting that 0 matches expected 1.[39;22m

  at [32mtests\Feature\Organisation\NewsletterUnsubscribeTest.php[39m:[32m145[39m
    141▕                  $this->organisation->slug,
    142▕                  $newsletter->id,
    143▕              ]));
    144▕ 
  ➜ 145▕         $this->assertEquals(1, NewsletterRecipient::where('organisation_newsletter_id', $newsletter->id)->count());
    146▕     }
    147▕ 
    148▕     protected function createNewsletterMember(): Member
    149▕     {

  [33m1   [39m[39;1mtests\Feature\Organisation\NewsletterUnsubscribeTest.php[39;22m:[39;1m145[39;22m

  [31m────────────────────────────────────────────────────────────────────────────────────────────────────────────────────[39m  
  [41;1m FAILED [49;22m [1mTests\Feature\Organisation\OrganisationCreationPageTest[22m [90m>[39m store requires name                                
[39;1m  Session missing error: name
Failed asserting that false is true.

The following errors occurred during the last request:

Creation failed: name ist erforderlich.[39;22m

  at [32mtests\Feature\Organisation\OrganisationCreationPageTest.php[39m:[32m76[39m
     72▕     public function test_store_requires_name(): void
     73▕     {
     74▕         $this->actingAs($this->user)
     75▕             ->post(route('organisations.store'), ['name' => ''])
  ➜  76▕             ->assertSessionHasErrors('name');
     77▕     }
     78▕ 
     79▕     public function test_store_requires_name_at_least_3_chars(): void
     80▕     {

  [31m────────────────────────────────────────────────────────────────────────────────────────────────────────────────────[39m  
  [41;1m FAILED [49;22m [1mTests\Feature\Organisation\OrganisationCreationPageTest[22m [90m>[39m store requires name at least 3 chars               
[39;1m  Session missing error: name
Failed asserting that false is true.

The following errors occurred during the last request:

Creation failed: name muss mindestens 3 Zeichen sein.[39;22m

  at [32mtests\Feature\Organisation\OrganisationCreationPageTest.php[39m:[32m83[39m
     79▕     public function test_store_requires_name_at_least_3_chars(): void
     80▕     {
     81▕         $this->actingAs($this->user)
     82▕             ->post(route('organisations.store'), ['name' => 'Ab'])
  ➜  83▕             ->assertSessionHasErrors('name');
     84▕     }
     85▕ 
     86▕     public function test_store_rejects_name_over_255_chars(): void
     87▕     {

  [31m────────────────────────────────────────────────────────────────────────────────────────────────────────────────────[39m  
  [41;1m FAILED [49;22m [1mTests\Feature\Organisation\OrganisationCreationPageTest[22m [90m>[39m store rejects name over 255 chars                  
[39;1m  Session missing error: name
Failed asserting that false is true.

The following errors occurred during the last request:

Creation failed: name darf nicht größer als 255 Zeichen sein.[39;22m

  at [32mtests\Feature\Organisation\OrganisationCreationPageTest.php[39m:[32m90[39m
     86▕     public function test_store_rejects_name_over_255_chars(): void
     87▕     {
     88▕         $this->actingAs($this->user)
     89▕             ->post(route('organisations.store'), ['name' => str_repeat('a', 256)])
  ➜  90▕             ->assertSessionHasErrors('name');
     91▕     }
     92▕ 
     93▕     public function test_slug_is_generated_from_name(): void
     94▕     {

  [31m────────────────────────────────────────────────────────────────────────────────────────────────────────────────────[39m  
  [41;1m FAILED [49;22m [1mTests\Feature\Organisation\OrganisationCreationPageTest[22m [90m>[39m organisations index lists users organisations      
[39;1m  Property [organisations] does not have the expected size.
Failed asserting that actual size 2 matches expected size 1.[39;22m

  at [32mtests\Feature\Organisation\OrganisationCreationPageTest.php[39m:[32m151[39m
    147▕ 
    148▕         $response->assertStatus(200);
    149▕         $response->assertInertia(fn ($page) => $page
    150▕             ->component('Organisations/Index')
  ➜ 151▕             ->has('organisations', 1)
    152▕         );
    153▕     }
    154▕ 
    155▕     public function test_organisations_index_excludes_other_users_organisations(): void

  [33m1   [39m[39;1mvendor\inertiajs\inertia-laravel\src\Testing\TestResponseMacros.php[39;22m:[39;1m18[39;22m
  [33m2   [39m[39;1mvendor\laravel\framework\src\Illuminate\Macroable\Traits\Macroable.php[39;22m:[39;1m126[39;22m

  [31m────────────────────────────────────────────────────────────────────────────────────────────────────────────────────[39m  
  [41;1m FAILED [49;22m [1mTests\Feature\Organisation\OrganisationCreationPageTest[22m [90m>[39m organisations index excludes other users organi…   
[39;1m  Property [organisations] does not have the expected size.
Failed asserting that actual size 1 matches expected size 0.[39;22m

  at [32mtests\Feature\Organisation\OrganisationCreationPageTest.php[39m:[32m162[39m
    158▕         Organisation::factory()->create(['type' => 'tenant']);
    159▕ 
    160▕         $response = $this->actingAs($this->user)->get(route('organisations.index'));
    161▕ 
  ➜ 162▕         $response->assertInertia(fn ($page) => $page->has('organisations', 0));
    163▕     }
    164▕ }
    165▕

  [33m1   [39m[39;1mvendor\inertiajs\inertia-laravel\src\Testing\TestResponseMacros.php[39;22m:[39;1m18[39;22m
  [33m2   [39m[39;1mvendor\laravel\framework\src\Illuminate\Macroable\Traits\Macroable.php[39;22m:[39;1m126[39;22m

  [31m────────────────────────────────────────────────────────────────────────────────────────────────────────────────────[39m  
  [41;1m FAILED [49;22m [1mTests\Feature\Organisation\OrganisationGeographicScopeTest[22m [90m>[39m geographical worldwide created successfully     
[39;1m  Failed asserting that a row in the table [organisations] matches the attributes {
    "name": "NRNA World",
    "geographic_scope": "worldwide"
}.

Found similar results: [
    {
        "name": "NRNA World",
        "geographic_scope": null
    }
].[39;22m

  at [32mtests\Feature\Organisation\OrganisationGeographicScopeTest.php[39m:[32m73[39m
     69▕             'geographic_scope' => 'worldwide',
     70▕         ]);
     71▕ 
     72▕         $response->assertRedirect();
  ➜  73▕         $this->assertDatabaseHas('organisations', [
     74▕             'name' => 'NRNA World',
     75▕             'geographic_scope' => 'worldwide',
     76▕         ]);
     77▕     }

  [31m────────────────────────────────────────────────────────────────────────────────────────────────────────────────────[39m  
  [41;1m FAILED [49;22m [1mTests\Feature\Organisation\OrganisationGeographicScopeTest[22m [90m>[39m geographical single country requires base co…   
[39;1m  Session is missing expected key [errors].
Failed asserting that false is true.[39;22m

  at [32mtests\Feature\Organisation\OrganisationGeographicScopeTest.php[39m:[32m88[39m
     84▕             'geographic_scope' => 'single_country',
     85▕             // base_country_code missing
     86▕         ]);
     87▕ 
  ➜  88▕         $response->assertSessionHasErrors(['base_country_code']);
     89▕     }
     90▕ 
     91▕     public function test_geographical_single_country_saved_correctly(): void
     92▕     {

  [31m────────────────────────────────────────────────────────────────────────────────────────────────────────────────────[39m  
  [41;1m FAILED [49;22m [1mTests\Feature\Organisation\OrganisationGeographicScopeTest[22m [90m>[39m geographical single country saved correctly     
[39;1m  Failed asserting that a row in the table [organisations] matches the attributes {
    "name": "CDU Germany",
    "geographic_scope": "single_country",
    "base_country_code": "DE"
}.

Found similar results: [
    {
        "name": "CDU Germany",
        "geographic_scope": null,
        "base_country_code": null
    }
].[39;22m

  at [32mtests\Feature\Organisation\OrganisationGeographicScopeTest.php[39m:[32m100[39m
     96▕             'geographic_scope' => 'single_country',
     97▕             'base_country_code' => 'DE',
     98▕         ]);
     99▕ 
  ➜ 100▕         $this->assertDatabaseHas('organisations', [
    101▕             'name' => 'CDU Germany',
    102▕             'geographic_scope' => 'single_country',
    103▕             'base_country_code' => 'DE',
    104▕         ]);

  [31m────────────────────────────────────────────────────────────────────────────────────────────────────────────────────[39m  
  [41;1m FAILED [49;22m [1mTests\Feature\Organisation\OrganisationGeographicScopeTest[22m [90m>[39m geographical multi country saves allowed cou…   
[39;1m  null does not match expected type "array".[39;22m

  at [32mtests\Feature\Organisation\OrganisationGeographicScopeTest.php[39m:[32m118[39m
    114▕         ]);
    115▕ 
    116▕         $org = Organisation::where('name', 'NRNA Germany')->first();
    117▕         $this->assertNotNull($org);
  ➜ 118▕         $this->assertEquals(['DE', 'AT', 'CH'], $org->allowed_countries);
    119▕     }
    120▕ 
    121▕     public function test_multi_country_requires_at_least_two_countries(): void
    122▕     {

  [33m1   [39m[39;1mtests\Feature\Organisation\OrganisationGeographicScopeTest.php[39;22m:[39;1m118[39;22m

  [31m────────────────────────────────────────────────────────────────────────────────────────────────────────────────────[39m  
  [41;1m FAILED [49;22m [1mTests\Feature\Organisation\OrganisationGeographicScopeTest[22m [90m>[39m multi country requires at least two countrie…   
[39;1m  Session is missing expected key [errors].
Failed asserting that false is true.[39;22m

  at [32mtests\Feature\Organisation\OrganisationGeographicScopeTest.php[39m:[32m130[39m
    126▕             'geographic_scope' => 'multi_country',
    127▕             'allowed_countries' => ['DE'], // only 1 — should use single_country instead
    128▕         ]);
    129▕ 
  ➜ 130▕         $response->assertSessionHasErrors(['allowed_countries']);
    131▕     }
    132▕ 
    133▕     public function test_geographical_scope_required_when_structure_is_geographical(): void
    134▕     {

  [31m────────────────────────────────────────────────────────────────────────────────────────────────────────────────────[39m  
  [41;1m FAILED [49;22m [1mTests\Feature\Organisation\OrganisationGeographicScopeTest[22m [90m>[39m geographical scope required when structure i…   
[39;1m  Session is missing expected key [errors].
Failed asserting that false is true.[39;22m

  at [32mtests\Feature\Organisation\OrganisationGeographicScopeTest.php[39m:[32m141[39m
    137▕             'committee_structure' => 'geographical',
    138▕             // geographic_scope missing
    139▕         ]);
    140▕ 
  ➜ 141▕         $response->assertSessionHasErrors(['geographic_scope']);
    142▕     }
    143▕ 
    144▕     // --- Immutability enforcement ---
    145▕

  [31m────────────────────────────────────────────────────────────────────────────────────────────────────────────────────[39m  
  [41;1m FAILED [49;22m [1mTests\Feature\Organisation\OrganisationSettingsTest[22m [90m>[39m admin can update membership mode                       
[39;1m  Failed asserting that true is false.[39;22m

  at [32mtests\Feature\Organisation\OrganisationSettingsTest.php[39m:[32m67[39m
     63▕ 
     64▕         $response->assertRedirect();
     65▕ 
     66▕         $this->org->refresh();
  ➜  67▕         $this->assertFalse($this->org->uses_full_membership);
     68▕     }
     69▕ 
     70▕     /** @test */
     71▕     public function non_admin_cannot_access_settings(): void

  [33m1   [39m[39;1mtests\Feature\Organisation\OrganisationSettingsTest.php[39;22m:[39;1m67[39;22m

  [31m────────────────────────────────────────────────────────────────────────────────────────────────────────────────────[39m  
  [41;1m FAILED [49;22m [1mTests\Feature\Organisations\VoterControllerIntegrationTest[22m [90m>[39m it handles complete…  [41;1m BadMethodCallException [49;22m  
[39;1m  Call to undefined method Illuminate\Database\Eloquent\Relations\HasMany::attach()[39;22m

  at [32mvendor\laravel\framework\src\Illuminate\Support\Traits\ForwardsCalls.php[39m:[32m67[39m
     63▕      * @throws \BadMethodCallException
     64▕      */
     65▕     protected static function throwBadMethodCallException($method)
     66▕     {
  ➜  67▕         throw new BadMethodCallException(sprintf(
     68▕             'Call to undefined method %s::%s()', static::class, $method
     69▕         ));
     70▕     }
     71▕ }

  [33m1   [39m[39;1mvendor\laravel\framework\src\Illuminate\Support\Traits\ForwardsCalls.php[39;22m:[39;1m67[39;22m
  [33m2   [39m[39;1mvendor\laravel\framework\src\Illuminate\Support\Traits\ForwardsCalls.php[39;22m:[39;1m36[39;22m

  [31m────────────────────────────────────────────────────────────────────────────────────────────────────────────────────[39m  
  [41;1m FAILED [49;22m [1mTests\Feature\Organisations\VoterControllerIntegrationTest[22m [90m>[39m it handles complete…  [41;1m BadMethodCallException [49;22m  
[39;1m  Call to undefined method Illuminate\Database\Eloquent\Relations\HasMany::attach()[39;22m

  at [32mvendor\laravel\framework\src\Illuminate\Support\Traits\ForwardsCalls.php[39m:[32m67[39m
     63▕      * @throws \BadMethodCallException
     64▕      */
     65▕     protected static function throwBadMethodCallException($method)
     66▕     {
  ➜  67▕         throw new BadMethodCallException(sprintf(
     68▕             'Call to undefined method %s::%s()', static::class, $method
     69▕         ));
     70▕     }
     71▕ }

  [33m1   [39m[39;1mvendor\laravel\framework\src\Illuminate\Support\Traits\ForwardsCalls.php[39;22m:[39;1m67[39;22m
  [33m2   [39m[39;1mvendor\laravel\framework\src\Illuminate\Support\Traits\ForwardsCalls.php[39;22m:[39;1m36[39;22m

  [31m────────────────────────────────────────────────────────────────────────────────────────────────────────────────────[39m  
  [41;1m FAILED [49;22m [1mTests\Feature\Organisations\VoterControllerIntegrationTest[22m [90m>[39m it handles bulk oper… [41;1m BadMethodCallException [49;22m  
[39;1m  Call to undefined method Illuminate\Database\Eloquent\Relations\HasMany::attach()[39;22m

  at [32mvendor\laravel\framework\src\Illuminate\Support\Traits\ForwardsCalls.php[39m:[32m67[39m
     63▕      * @throws \BadMethodCallException
     64▕      */
     65▕     protected static function throwBadMethodCallException($method)
     66▕     {
  ➜  67▕         throw new BadMethodCallException(sprintf(
     68▕             'Call to undefined method %s::%s()', static::class, $method
     69▕         ));
     70▕     }
     71▕ }

  [33m1   [39m[39;1mvendor\laravel\framework\src\Illuminate\Support\Traits\ForwardsCalls.php[39;22m:[39;1m67[39;22m
  [33m2   [39m[39;1mvendor\laravel\framework\src\Illuminate\Support\Traits\ForwardsCalls.php[39;22m:[39;1m36[39;22m

  [31m────────────────────────────────────────────────────────────────────────────────────────────────────────────────────[39m  
  [41;1m FAILED [49;22m [1mTests\Feature\Organisations\VoterControllerIntegrationTest[22m [90m>[39m it handles paginatio… [41;1m BadMethodCallException [49;22m  
[39;1m  Call to undefined method Illuminate\Database\Eloquent\Relations\HasMany::attach()[39;22m

  at [32mvendor\laravel\framework\src\Illuminate\Support\Traits\ForwardsCalls.php[39m:[32m67[39m
     63▕      * @throws \BadMethodCallException
     64▕      */
     65▕     protected static function throwBadMethodCallException($method)
     66▕     {
  ➜  67▕         throw new BadMethodCallException(sprintf(
     68▕             'Call to undefined method %s::%s()', static::class, $method
     69▕         ));
     70▕     }
     71▕ }

  [33m1   [39m[39;1mvendor\laravel\framework\src\Illuminate\Support\Traits\ForwardsCalls.php[39;22m:[39;1m67[39;22m
  [33m2   [39m[39;1mvendor\laravel\framework\src\Illuminate\Support\Traits\ForwardsCalls.php[39;22m:[39;1m36[39;22m

  [31m────────────────────────────────────────────────────────────────────────────────────────────────────────────────────[39m  
  [41;1m FAILED [49;22m [1mTests\Feature\Organisations\VoterControllerIntegrationTest[22m [90m>[39m it properly manages…  [41;1m BadMethodCallException [49;22m  
[39;1m  Call to undefined method Illuminate\Database\Eloquent\Relations\HasMany::attach()[39;22m

  at [32mvendor\laravel\framework\src\Illuminate\Support\Traits\ForwardsCalls.php[39m:[32m67[39m
     63▕      * @throws \BadMethodCallException
     64▕      */
     65▕     protected static function throwBadMethodCallException($method)
     66▕     {
  ➜  67▕         throw new BadMethodCallException(sprintf(
     68▕             'Call to undefined method %s::%s()', static::class, $method
     69▕         ));
     70▕     }
     71▕ }

  [33m1   [39m[39;1mvendor\laravel\framework\src\Illuminate\Support\Traits\ForwardsCalls.php[39;22m:[39;1m67[39;22m
  [33m2   [39m[39;1mvendor\laravel\framework\src\Illuminate\Support\Traits\ForwardsCalls.php[39;22m:[39;1m36[39;22m

  [31m────────────────────────────────────────────────────────────────────────────────────────────────────────────────────[39m  
  [41;1m FAILED [49;22m [1mTests\Feature\Organisations\VoterControllerIntegrationTest[22m [90m>[39m it allows multiple c… [41;1m BadMethodCallException [49;22m  
[39;1m  Call to undefined method Illuminate\Database\Eloquent\Relations\HasMany::attach()[39;22m

  at [32mvendor\laravel\framework\src\Illuminate\Support\Traits\ForwardsCalls.php[39m:[32m67[39m
     63▕      * @throws \BadMethodCallException
     64▕      */
     65▕     protected static function throwBadMethodCallException($method)
     66▕     {
  ➜  67▕         throw new BadMethodCallException(sprintf(
     68▕             'Call to undefined method %s::%s()', static::class, $method
     69▕         ));
     70▕     }
     71▕ }

  [33m1   [39m[39;1mvendor\laravel\framework\src\Illuminate\Support\Traits\ForwardsCalls.php[39;22m:[39;1m67[39;22m
  [33m2   [39m[39;1mvendor\laravel\framework\src\Illuminate\Support\Traits\ForwardsCalls.php[39;22m:[39;1m36[39;22m

  [31m────────────────────────────────────────────────────────────────────────────────────────────────────────────────────[39m  
  [41;1m FAILED [49;22m [1mTests\Feature\Organisations\VoterControllerIntegrationTest[22m [90m>[39m it grants new permis… [41;1m BadMethodCallException [49;22m  
[39;1m  Call to undefined method Illuminate\Database\Eloquent\Relations\HasMany::attach()[39;22m

  at [32mvendor\laravel\framework\src\Illuminate\Support\Traits\ForwardsCalls.php[39m:[32m67[39m
     63▕      * @throws \BadMethodCallException
     64▕      */
     65▕     protected static function throwBadMethodCallException($method)
     66▕     {
  ➜  67▕         throw new BadMethodCallException(sprintf(
     68▕             'Call to undefined method %s::%s()', static::class, $method
     69▕         ));
     70▕     }
     71▕ }

  [33m1   [39m[39;1mvendor\laravel\framework\src\Illuminate\Support\Traits\ForwardsCalls.php[39;22m:[39;1m67[39;22m
  [33m2   [39m[39;1mvendor\laravel\framework\src\Illuminate\Support\Traits\ForwardsCalls.php[39;22m:[39;1m36[39;22m

  [31m────────────────────────────────────────────────────────────────────────────────────────────────────────────────────[39m  
  [41;1m FAILED [49;22m [1mTests\Feature\Organisations\VoterControllerIntegrationTest[22m [90m>[39m it handles organizat… [41;1m BadMethodCallException [49;22m  
[39;1m  Call to undefined method Illuminate\Database\Eloquent\Relations\HasMany::attach()[39;22m

  at [32mvendor\laravel\framework\src\Illuminate\Support\Traits\ForwardsCalls.php[39m:[32m67[39m
     63▕      * @throws \BadMethodCallException
     64▕      */
     65▕     protected static function throwBadMethodCallException($method)
     66▕     {
  ➜  67▕         throw new BadMethodCallException(sprintf(
     68▕             'Call to undefined method %s::%s()', static::class, $method
     69▕         ));
     70▕     }
     71▕ }

  [33m1   [39m[39;1mvendor\laravel\framework\src\Illuminate\Support\Traits\ForwardsCalls.php[39;22m:[39;1m67[39;22m
  [33m2   [39m[39;1mvendor\laravel\framework\src\Illuminate\Support\Traits\ForwardsCalls.php[39;22m:[39;1m36[39;22m

  [31m────────────────────────────────────────────────────────────────────────────────────────────────────────────────────[39m  
  [41;1m FAILED [49;22m [1mTests\Feature\Organisations\VoterControllerIntegrationTest[22m [90m>[39m it tracks ip address… [41;1m BadMethodCallException [49;22m  
[39;1m  Call to undefined method Illuminate\Database\Eloquent\Relations\HasMany::attach()[39;22m

  at [32mvendor\laravel\framework\src\Illuminate\Support\Traits\ForwardsCalls.php[39m:[32m67[39m
     63▕      * @throws \BadMethodCallException
     64▕      */
     65▕     protected static function throwBadMethodCallException($method)
     66▕     {
  ➜  67▕         throw new BadMethodCallException(sprintf(
     68▕             'Call to undefined method %s::%s()', static::class, $method
     69▕         ));
     70▕     }
     71▕ }

  [33m1   [39m[39;1mvendor\laravel\framework\src\Illuminate\Support\Traits\ForwardsCalls.php[39;22m:[39;1m67[39;22m
  [33m2   [39m[39;1mvendor\laravel\framework\src\Illuminate\Support\Traits\ForwardsCalls.php[39;22m:[39;1m36[39;22m

  [31m────────────────────────────────────────────────────────────────────────────────────────────────────────────────────[39m  
  [41;1m FAILED [49;22m [1mTests\Feature\Organisations\VoterControllerIntegrationTest[22m [90m>[39m it handles sequentia… [41;1m BadMethodCallException [49;22m  
[39;1m  Call to undefined method Illuminate\Database\Eloquent\Relations\HasMany::attach()[39;22m

  at [32mvendor\laravel\framework\src\Illuminate\Support\Traits\ForwardsCalls.php[39m:[32m67[39m
     63▕      * @throws \BadMethodCallException
     64▕      */
     65▕     protected static function throwBadMethodCallException($method)
     66▕     {
  ➜  67▕         throw new BadMethodCallException(sprintf(
     68▕             'Call to undefined method %s::%s()', static::class, $method
     69▕         ));
     70▕     }
     71▕ }

  [33m1   [39m[39;1mvendor\laravel\framework\src\Illuminate\Support\Traits\ForwardsCalls.php[39;22m:[39;1m67[39;22m
  [33m2   [39m[39;1mvendor\laravel\framework\src\Illuminate\Support\Traits\ForwardsCalls.php[39;22m:[39;1m36[39;22m

  [31m────────────────────────────────────────────────────────────────────────────────────────────────────────────────────[39m  
  [41;1m FAILED [49;22m [1mTests\Feature\Organisations\VoterControllerIntegrationTest[22m [90m>[39m it sets appropriate…  [41;1m BadMethodCallException [49;22m  
[39;1m  Call to undefined method Illuminate\Database\Eloquent\Relations\HasMany::attach()[39;22m

  at [32mvendor\laravel\framework\src\Illuminate\Support\Traits\ForwardsCalls.php[39m:[32m67[39m
     63▕      * @throws \BadMethodCallException
     64▕      */
     65▕     protected static function throwBadMethodCallException($method)
     66▕     {
  ➜  67▕         throw new BadMethodCallException(sprintf(
     68▕             'Call to undefined method %s::%s()', static::class, $method
     69▕         ));
     70▕     }
     71▕ }

  [33m1   [39m[39;1mvendor\laravel\framework\src\Illuminate\Support\Traits\ForwardsCalls.php[39;22m:[39;1m67[39;22m
  [33m2   [39m[39;1mvendor\laravel\framework\src\Illuminate\Support\Traits\ForwardsCalls.php[39;22m:[39;1m36[39;22m

  [31m────────────────────────────────────────────────────────────────────────────────────────────────────────────────────[39m  
  [41;1m FAILED [49;22m [1mTests\Feature\organisations\VoterControllerSecurityTest[22m [90m>[39m it prevents cross organ… [41;1m BadMethodCallException [49;22m  
[39;1m  Call to undefined method Illuminate\Database\Eloquent\Relations\HasMany::attach()[39;22m

  at [32mvendor\laravel\framework\src\Illuminate\Support\Traits\ForwardsCalls.php[39m:[32m67[39m
     63▕      * @throws \BadMethodCallException
     64▕      */
     65▕     protected static function throwBadMethodCallException($method)
     66▕     {
  ➜  67▕         throw new BadMethodCallException(sprintf(
     68▕             'Call to undefined method %s::%s()', static::class, $method
     69▕         ));
     70▕     }
     71▕ }

  [33m1   [39m[39;1mvendor\laravel\framework\src\Illuminate\Support\Traits\ForwardsCalls.php[39;22m:[39;1m67[39;22m
  [33m2   [39m[39;1mvendor\laravel\framework\src\Illuminate\Support\Traits\ForwardsCalls.php[39;22m:[39;1m36[39;22m

  [31m────────────────────────────────────────────────────────────────────────────────────────────────────────────────────[39m  
  [41;1m FAILED [49;22m [1mTests\Feature\organisations\VoterControllerSecurityTest[22m [90m>[39m it prevents cross organ… [41;1m BadMethodCallException [49;22m  
[39;1m  Call to undefined method Illuminate\Database\Eloquent\Relations\HasMany::attach()[39;22m

  at [32mvendor\laravel\framework\src\Illuminate\Support\Traits\ForwardsCalls.php[39m:[32m67[39m
     63▕      * @throws \BadMethodCallException
     64▕      */
     65▕     protected static function throwBadMethodCallException($method)
     66▕     {
  ➜  67▕         throw new BadMethodCallException(sprintf(
     68▕             'Call to undefined method %s::%s()', static::class, $method
     69▕         ));
     70▕     }
     71▕ }

  [33m1   [39m[39;1mvendor\laravel\framework\src\Illuminate\Support\Traits\ForwardsCalls.php[39;22m:[39;1m67[39;22m
  [33m2   [39m[39;1mvendor\laravel\framework\src\Illuminate\Support\Traits\ForwardsCalls.php[39;22m:[39;1m36[39;22m

  [31m────────────────────────────────────────────────────────────────────────────────────────────────────────────────────[39m  
  [41;1m FAILED [49;22m [1mTests\Feature\organisations\VoterControllerSecurityTest[22m [90m>[39m it prevents cross organ… [41;1m BadMethodCallException [49;22m  
[39;1m  Call to undefined method Illuminate\Database\Eloquent\Relations\HasMany::attach()[39;22m

  at [32mvendor\laravel\framework\src\Illuminate\Support\Traits\ForwardsCalls.php[39m:[32m67[39m
     63▕      * @throws \BadMethodCallException
     64▕      */
     65▕     protected static function throwBadMethodCallException($method)
     66▕     {
  ➜  67▕         throw new BadMethodCallException(sprintf(
     68▕             'Call to undefined method %s::%s()', static::class, $method
     69▕         ));
     70▕     }
     71▕ }

  [33m1   [39m[39;1mvendor\laravel\framework\src\Illuminate\Support\Traits\ForwardsCalls.php[39;22m:[39;1m67[39;22m
  [33m2   [39m[39;1mvendor\laravel\framework\src\Illuminate\Support\Traits\ForwardsCalls.php[39;22m:[39;1m36[39;22m

  [31m────────────────────────────────────────────────────────────────────────────────────────────────────────────────────[39m  
  [41;1m FAILED [49;22m [1mTests\Feature\organisations\VoterControllerSecurityTest[22m [90m>[39m it prevents org2 user a… [41;1m BadMethodCallException [49;22m  
[39;1m  Call to undefined method Illuminate\Database\Eloquent\Relations\HasMany::attach()[39;22m

  at [32mvendor\laravel\framework\src\Illuminate\Support\Traits\ForwardsCalls.php[39m:[32m67[39m
     63▕      * @throws \BadMethodCallException
     64▕      */
     65▕     protected static function throwBadMethodCallException($method)
     66▕     {
  ➜  67▕         throw new BadMethodCallException(sprintf(
     68▕             'Call to undefined method %s::%s()', static::class, $method
     69▕         ));
     70▕     }
     71▕ }

  [33m1   [39m[39;1mvendor\laravel\framework\src\Illuminate\Support\Traits\ForwardsCalls.php[39;22m:[39;1m67[39;22m
  [33m2   [39m[39;1mvendor\laravel\framework\src\Illuminate\Support\Traits\ForwardsCalls.php[39;22m:[39;1m36[39;22m

  [31m────────────────────────────────────────────────────────────────────────────────────────────────────────────────────[39m  
  [41;1m FAILED [49;22m [1mTests\Feature\organisations\VoterControllerSecurityTest[22m [90m>[39m it prevents cross organ… [41;1m BadMethodCallException [49;22m  
[39;1m  Call to undefined method Illuminate\Database\Eloquent\Relations\HasMany::attach()[39;22m

  at [32mvendor\laravel\framework\src\Illuminate\Support\Traits\ForwardsCalls.php[39m:[32m67[39m
     63▕      * @throws \BadMethodCallException
     64▕      */
     65▕     protected static function throwBadMethodCallException($method)
     66▕     {
  ➜  67▕         throw new BadMethodCallException(sprintf(
     68▕             'Call to undefined method %s::%s()', static::class, $method
     69▕         ));
     70▕     }
     71▕ }

  [33m1   [39m[39;1mvendor\laravel\framework\src\Illuminate\Support\Traits\ForwardsCalls.php[39;22m:[39;1m67[39;22m
  [33m2   [39m[39;1mvendor\laravel\framework\src\Illuminate\Support\Traits\ForwardsCalls.php[39;22m:[39;1m36[39;22m

  [31m────────────────────────────────────────────────────────────────────────────────────────────────────────────────────[39m  
  [41;1m FAILED [49;22m [1mTests\Feature\organisations\VoterControllerSecurityTest[22m [90m>[39m it prevents cross organ… [41;1m BadMethodCallException [49;22m  
[39;1m  Call to undefined method Illuminate\Database\Eloquent\Relations\HasMany::attach()[39;22m

  at [32mvendor\laravel\framework\src\Illuminate\Support\Traits\ForwardsCalls.php[39m:[32m67[39m
     63▕      * @throws \BadMethodCallException
     64▕      */
     65▕     protected static function throwBadMethodCallException($method)
     66▕     {
  ➜  67▕         throw new BadMethodCallException(sprintf(
     68▕             'Call to undefined method %s::%s()', static::class, $method
     69▕         ));
     70▕     }
     71▕ }

  [33m1   [39m[39;1mvendor\laravel\framework\src\Illuminate\Support\Traits\ForwardsCalls.php[39;22m:[39;1m67[39;22m
  [33m2   [39m[39;1mvendor\laravel\framework\src\Illuminate\Support\Traits\ForwardsCalls.php[39;22m:[39;1m36[39;22m

  [31m────────────────────────────────────────────────────────────────────────────────────────────────────────────────────[39m  
  [41;1m FAILED [49;22m [1mTests\Feature\organisations\VoterControllerSecurityTest[22m [90m>[39m it requires commission…  [41;1m BadMethodCallException [49;22m  
[39;1m  Call to undefined method Illuminate\Database\Eloquent\Relations\HasMany::attach()[39;22m

  at [32mvendor\laravel\framework\src\Illuminate\Support\Traits\ForwardsCalls.php[39m:[32m67[39m
     63▕      * @throws \BadMethodCallException
     64▕      */
     65▕     protected static function throwBadMethodCallException($method)
     66▕     {
  ➜  67▕         throw new BadMethodCallException(sprintf(
     68▕             'Call to undefined method %s::%s()', static::class, $method
     69▕         ));
     70▕     }
     71▕ }

  [33m1   [39m[39;1mvendor\laravel\framework\src\Illuminate\Support\Traits\ForwardsCalls.php[39;22m:[39;1m67[39;22m
  [33m2   [39m[39;1mvendor\laravel\framework\src\Illuminate\Support\Traits\ForwardsCalls.php[39;22m:[39;1m36[39;22m

  [31m────────────────────────────────────────────────────────────────────────────────────────────────────────────────────[39m  
  [41;1m FAILED [49;22m [1mTests\Feature\organisations\VoterControllerSecurityTest[22m [90m>[39m it requires commission…  [41;1m BadMethodCallException [49;22m  
[39;1m  Call to undefined method Illuminate\Database\Eloquent\Relations\HasMany::attach()[39;22m

  at [32mvendor\laravel\framework\src\Illuminate\Support\Traits\ForwardsCalls.php[39m:[32m67[39m
     63▕      * @throws \BadMethodCallException
     64▕      */
     65▕     protected static function throwBadMethodCallException($method)
     66▕     {
  ➜  67▕         throw new BadMethodCallException(sprintf(
     68▕             'Call to undefined method %s::%s()', static::class, $method
     69▕         ));
     70▕     }
     71▕ }

  [33m1   [39m[39;1mvendor\laravel\framework\src\Illuminate\Support\Traits\ForwardsCalls.php[39;22m:[39;1m67[39;22m
  [33m2   [39m[39;1mvendor\laravel\framework\src\Illuminate\Support\Traits\ForwardsCalls.php[39;22m:[39;1m36[39;22m

  [31m────────────────────────────────────────────────────────────────────────────────────────────────────────────────────[39m  
  [41;1m FAILED [49;22m [1mTests\Feature\organisations\VoterControllerSecurityTest[22m [90m>[39m it prevents sql injecti… [41;1m BadMethodCallException [49;22m  
[39;1m  Call to undefined method Illuminate\Database\Eloquent\Relations\HasMany::attach()[39;22m

  at [32mvendor\laravel\framework\src\Illuminate\Support\Traits\ForwardsCalls.php[39m:[32m67[39m
     63▕      * @throws \BadMethodCallException
     64▕      */
     65▕     protected static function throwBadMethodCallException($method)
     66▕     {
  ➜  67▕         throw new BadMethodCallException(sprintf(
     68▕             'Call to undefined method %s::%s()', static::class, $method
     69▕         ));
     70▕     }
     71▕ }

  [33m1   [39m[39;1mvendor\laravel\framework\src\Illuminate\Support\Traits\ForwardsCalls.php[39;22m:[39;1m67[39;22m
  [33m2   [39m[39;1mvendor\laravel\framework\src\Illuminate\Support\Traits\ForwardsCalls.php[39;22m:[39;1m36[39;22m

  [31m────────────────────────────────────────────────────────────────────────────────────────────────────────────────────[39m  
  [41;1m FAILED [49;22m [1mTests\Feature\organisations\VoterControllerSecurityTest[22m [90m>[39m it validates organizati… [41;1m BadMethodCallException [49;22m  
[39;1m  Call to undefined method Illuminate\Database\Eloquent\Relations\HasMany::attach()[39;22m

  at [32mvendor\laravel\framework\src\Illuminate\Support\Traits\ForwardsCalls.php[39m:[32m67[39m
     63▕      * @throws \BadMethodCallException
     64▕      */
     65▕     protected static function throwBadMethodCallException($method)
     66▕     {
  ➜  67▕         throw new BadMethodCallException(sprintf(
     68▕             'Call to undefined method %s::%s()', static::class, $method
     69▕         ));
     70▕     }
     71▕ }

  [33m1   [39m[39;1mvendor\laravel\framework\src\Illuminate\Support\Traits\ForwardsCalls.php[39;22m:[39;1m67[39;22m
  [33m2   [39m[39;1mvendor\laravel\framework\src\Illuminate\Support\Traits\ForwardsCalls.php[39;22m:[39;1m36[39;22m

  [31m────────────────────────────────────────────────────────────────────────────────────────────────────────────────────[39m  
  [41;1m FAILED [49;22m [1mTests\Feature\organisations\VoterControllerSecurityTest[22m [90m>[39m it records actual appro… [41;1m BadMethodCallException [49;22m  
[39;1m  Call to undefined method Illuminate\Database\Eloquent\Relations\HasMany::attach()[39;22m

  at [32mvendor\laravel\framework\src\Illuminate\Support\Traits\ForwardsCalls.php[39m:[32m67[39m
     63▕      * @throws \BadMethodCallException
     64▕      */
     65▕     protected static function throwBadMethodCallException($method)
     66▕     {
  ➜  67▕         throw new BadMethodCallException(sprintf(
     68▕             'Call to undefined method %s::%s()', static::class, $method
     69▕         ));
     70▕     }
     71▕ }

  [33m1   [39m[39;1mvendor\laravel\framework\src\Illuminate\Support\Traits\ForwardsCalls.php[39;22m:[39;1m67[39;22m
  [33m2   [39m[39;1mvendor\laravel\framework\src\Illuminate\Support\Traits\ForwardsCalls.php[39;22m:[39;1m36[39;22m

  [31m────────────────────────────────────────────────────────────────────────────────────────────────────────────────────[39m  
  [41;1m FAILED [49;22m [1mTests\Feature\organisations\VoterControllerSecurityTest[22m [90m>[39m it filters voters by or… [41;1m BadMethodCallException [49;22m  
[39;1m  Call to undefined method Illuminate\Database\Eloquent\Relations\HasMany::attach()[39;22m

  at [32mvendor\laravel\framework\src\Illuminate\Support\Traits\ForwardsCalls.php[39m:[32m67[39m
     63▕      * @throws \BadMethodCallException
     64▕      */
     65▕     protected static function throwBadMethodCallException($method)
     66▕     {
  ➜  67▕         throw new BadMethodCallException(sprintf(
     68▕             'Call to undefined method %s::%s()', static::class, $method
     69▕         ));
     70▕     }
     71▕ }

  [33m1   [39m[39;1mvendor\laravel\framework\src\Illuminate\Support\Traits\ForwardsCalls.php[39;22m:[39;1m67[39;22m
  [33m2   [39m[39;1mvendor\laravel\framework\src\Illuminate\Support\Traits\ForwardsCalls.php[39;22m:[39;1m36[39;22m

  [31m────────────────────────────────────────────────────────────────────────────────────────────────────────────────────[39m  
  [41;1m FAILED [49;22m [1mTests\Feature\organisations\VoterControllerSecurityTest[22m [90m>[39m it validates organizati… [41;1m BadMethodCallException [49;22m  
[39;1m  Call to undefined method Illuminate\Database\Eloquent\Relations\HasMany::attach()[39;22m

  at [32mvendor\laravel\framework\src\Illuminate\Support\Traits\ForwardsCalls.php[39m:[32m67[39m
     63▕      * @throws \BadMethodCallException
     64▕      */
     65▕     protected static function throwBadMethodCallException($method)
     66▕     {
  ➜  67▕         throw new BadMethodCallException(sprintf(
     68▕             'Call to undefined method %s::%s()', static::class, $method
     69▕         ));
     70▕     }
     71▕ }

  [33m1   [39m[39;1mvendor\laravel\framework\src\Illuminate\Support\Traits\ForwardsCalls.php[39;22m:[39;1m67[39;22m
  [33m2   [39m[39;1mvendor\laravel\framework\src\Illuminate\Support\Traits\ForwardsCalls.php[39;22m:[39;1m36[39;22m

  [31m────────────────────────────────────────────────────────────────────────────────────────────────────────────────────[39m  
  [41;1m FAILED [49;22m [1mTests\Feature\organisations\VoterControllerSecurityTest[22m [90m>[39m it requires csrf token…  [41;1m BadMethodCallException [49;22m  
[39;1m  Call to undefined method Illuminate\Database\Eloquent\Relations\HasMany::attach()[39;22m

  at [32mvendor\laravel\framework\src\Illuminate\Support\Traits\ForwardsCalls.php[39m:[32m67[39m
     63▕      * @throws \BadMethodCallException
     64▕      */
     65▕     protected static function throwBadMethodCallException($method)
     66▕     {
  ➜  67▕         throw new BadMethodCallException(sprintf(
     68▕             'Call to undefined method %s::%s()', static::class, $method
     69▕         ));
     70▕     }
     71▕ }

  [33m1   [39m[39;1mvendor\laravel\framework\src\Illuminate\Support\Traits\ForwardsCalls.php[39;22m:[39;1m67[39;22m
  [33m2   [39m[39;1mvendor\laravel\framework\src\Illuminate\Support\Traits\ForwardsCalls.php[39;22m:[39;1m36[39;22m

  [31m────────────────────────────────────────────────────────────────────────────────────────────────────────────────────[39m  
  [41;1m FAILED [49;22m [1mTests\Feature\organisations\VoterControllerSecurityTest[22m [90m>[39m it logs all approval at… [41;1m BadMethodCallException [49;22m  
[39;1m  Call to undefined method Illuminate\Database\Eloquent\Relations\HasMany::attach()[39;22m

  at [32mvendor\laravel\framework\src\Illuminate\Support\Traits\ForwardsCalls.php[39m:[32m67[39m
     63▕      * @throws \BadMethodCallException
     64▕      */
     65▕     protected static function throwBadMethodCallException($method)
     66▕     {
  ➜  67▕         throw new BadMethodCallException(sprintf(
     68▕             'Call to undefined method %s::%s()', static::class, $method
     69▕         ));
     70▕     }
     71▕ }

  [33m1   [39m[39;1mvendor\laravel\framework\src\Illuminate\Support\Traits\ForwardsCalls.php[39;22m:[39;1m67[39;22m
  [33m2   [39m[39;1mvendor\laravel\framework\src\Illuminate\Support\Traits\ForwardsCalls.php[39;22m:[39;1m36[39;22m

  [31m────────────────────────────────────────────────────────────────────────────────────────────────────────────────────[39m  
  [41;1m FAILED [49;22m [1mTests\Feature\organisations\VoterControllerSecurityTest[22m [90m>[39m it prevents privilege e… [41;1m BadMethodCallException [49;22m  
[39;1m  Call to undefined method Illuminate\Database\Eloquent\Relations\HasMany::attach()[39;22m

  at [32mvendor\laravel\framework\src\Illuminate\Support\Traits\ForwardsCalls.php[39m:[32m67[39m
     63▕      * @throws \BadMethodCallException
     64▕      */
     65▕     protected static function throwBadMethodCallException($method)
     66▕     {
  ➜  67▕         throw new BadMethodCallException(sprintf(
     68▕             'Call to undefined method %s::%s()', static::class, $method
     69▕         ));
     70▕     }
     71▕ }

  [33m1   [39m[39;1mvendor\laravel\framework\src\Illuminate\Support\Traits\ForwardsCalls.php[39;22m:[39;1m67[39;22m
  [33m2   [39m[39;1mvendor\laravel\framework\src\Illuminate\Support\Traits\ForwardsCalls.php[39;22m:[39;1m36[39;22m

  [31m────────────────────────────────────────────────────────────────────────────────────────────────────────────────────[39m  
  [41;1m FAILED [49;22m [1mTests\Feature\organisations\VoterControllerSecurityTest[22m [90m>[39m it prevents information… [41;1m BadMethodCallException [49;22m  
[39;1m  Call to undefined method Illuminate\Database\Eloquent\Relations\HasMany::attach()[39;22m

  at [32mvendor\laravel\framework\src\Illuminate\Support\Traits\ForwardsCalls.php[39m:[32m67[39m
     63▕      * @throws \BadMethodCallException
     64▕      */
     65▕     protected static function throwBadMethodCallException($method)
     66▕     {
  ➜  67▕         throw new BadMethodCallException(sprintf(
     68▕             'Call to undefined method %s::%s()', static::class, $method
     69▕         ));
     70▕     }
     71▕ }

  [33m1   [39m[39;1mvendor\laravel\framework\src\Illuminate\Support\Traits\ForwardsCalls.php[39;22m:[39;1m67[39;22m
  [33m2   [39m[39;1mvendor\laravel\framework\src\Illuminate\Support\Traits\ForwardsCalls.php[39;22m:[39;1m36[39;22m

  [31m────────────────────────────────────────────────────────────────────────────────────────────────────────────────────[39m  
  [41;1m FAILED [49;22m [1mTests\Feature\organisations\VoterControllerTest[22m [90m>[39m it displays voter list for orga… [41;1m BadMethodCallException [49;22m  
[39;1m  Call to undefined method Illuminate\Database\Eloquent\Relations\HasMany::attach()[39;22m

  at [32mvendor\laravel\framework\src\Illuminate\Support\Traits\ForwardsCalls.php[39m:[32m67[39m
     63▕      * @throws \BadMethodCallException
     64▕      */
     65▕     protected static function throwBadMethodCallException($method)
     66▕     {
  ➜  67▕         throw new BadMethodCallException(sprintf(
     68▕             'Call to undefined method %s::%s()', static::class, $method
     69▕         ));
     70▕     }
     71▕ }

  [33m1   [39m[39;1mvendor\laravel\framework\src\Illuminate\Support\Traits\ForwardsCalls.php[39;22m:[39;1m67[39;22m
  [33m2   [39m[39;1mvendor\laravel\framework\src\Illuminate\Support\Traits\ForwardsCalls.php[39;22m:[39;1m36[39;22m

  [31m────────────────────────────────────────────────────────────────────────────────────────────────────────────────────[39m  
  [41;1m FAILED [49;22m [1mTests\Feature\organisations\VoterControllerTest[22m [90m>[39m it blocks non member access to…  [41;1m BadMethodCallException [49;22m  
[39;1m  Call to undefined method Illuminate\Database\Eloquent\Relations\HasMany::attach()[39;22m

  at [32mvendor\laravel\framework\src\Illuminate\Support\Traits\ForwardsCalls.php[39m:[32m67[39m
     63▕      * @throws \BadMethodCallException
     64▕      */
     65▕     protected static function throwBadMethodCallException($method)
     66▕     {
  ➜  67▕         throw new BadMethodCallException(sprintf(
     68▕             'Call to undefined method %s::%s()', static::class, $method
     69▕         ));
     70▕     }
     71▕ }

  [33m1   [39m[39;1mvendor\laravel\framework\src\Illuminate\Support\Traits\ForwardsCalls.php[39;22m:[39;1m67[39;22m
  [33m2   [39m[39;1mvendor\laravel\framework\src\Illuminate\Support\Traits\ForwardsCalls.php[39;22m:[39;1m36[39;22m

  [31m────────────────────────────────────────────────────────────────────────────────────────────────────────────────────[39m  
  [41;1m FAILED [49;22m [1mTests\Feature\organisations\VoterControllerTest[22m [90m>[39m it redirects unauthenticated us… [41;1m BadMethodCallException [49;22m  
[39;1m  Call to undefined method Illuminate\Database\Eloquent\Relations\HasMany::attach()[39;22m

  at [32mvendor\laravel\framework\src\Illuminate\Support\Traits\ForwardsCalls.php[39m:[32m67[39m
     63▕      * @throws \BadMethodCallException
     64▕      */
     65▕     protected static function throwBadMethodCallException($method)
     66▕     {
  ➜  67▕         throw new BadMethodCallException(sprintf(
     68▕             'Call to undefined method %s::%s()', static::class, $method
     69▕         ));
     70▕     }
     71▕ }

  [33m1   [39m[39;1mvendor\laravel\framework\src\Illuminate\Support\Traits\ForwardsCalls.php[39;22m:[39;1m67[39;22m
  [33m2   [39m[39;1mvendor\laravel\framework\src\Illuminate\Support\Traits\ForwardsCalls.php[39;22m:[39;1m36[39;22m

  [31m────────────────────────────────────────────────────────────────────────────────────────────────────────────────────[39m  
  [41;1m FAILED [49;22m [1mTests\Feature\organisations\VoterControllerTest[22m [90m>[39m it shows correct statistics      [41;1m BadMethodCallException [49;22m  
[39;1m  Call to undefined method Illuminate\Database\Eloquent\Relations\HasMany::attach()[39;22m

  at [32mvendor\laravel\framework\src\Illuminate\Support\Traits\ForwardsCalls.php[39m:[32m67[39m
     63▕      * @throws \BadMethodCallException
     64▕      */
     65▕     protected static function throwBadMethodCallException($method)
     66▕     {
  ➜  67▕         throw new BadMethodCallException(sprintf(
     68▕             'Call to undefined method %s::%s()', static::class, $method
     69▕         ));
     70▕     }
     71▕ }

  [33m1   [39m[39;1mvendor\laravel\framework\src\Illuminate\Support\Traits\ForwardsCalls.php[39;22m:[39;1m67[39;22m
  [33m2   [39m[39;1mvendor\laravel\framework\src\Illuminate\Support\Traits\ForwardsCalls.php[39;22m:[39;1m36[39;22m

  [31m────────────────────────────────────────────────────────────────────────────────────────────────────────────────────[39m  
  [41;1m FAILED [49;22m [1mTests\Feature\organisations\VoterControllerTest[22m [90m>[39m it filters voters by search que… [41;1m BadMethodCallException [49;22m  
[39;1m  Call to undefined method Illuminate\Database\Eloquent\Relations\HasMany::attach()[39;22m

  at [32mvendor\laravel\framework\src\Illuminate\Support\Traits\ForwardsCalls.php[39m:[32m67[39m
     63▕      * @throws \BadMethodCallException
     64▕      */
     65▕     protected static function throwBadMethodCallException($method)
     66▕     {
  ➜  67▕         throw new BadMethodCallException(sprintf(
     68▕             'Call to undefined method %s::%s()', static::class, $method
     69▕         ));
     70▕     }
     71▕ }

  [33m1   [39m[39;1mvendor\laravel\framework\src\Illuminate\Support\Traits\ForwardsCalls.php[39;22m:[39;1m67[39;22m
  [33m2   [39m[39;1mvendor\laravel\framework\src\Illuminate\Support\Traits\ForwardsCalls.php[39;22m:[39;1m36[39;22m

  [31m────────────────────────────────────────────────────────────────────────────────────────────────────────────────────[39m  
  [41;1m FAILED [49;22m [1mTests\Feature\organisations\VoterControllerTest[22m [90m>[39m it filters voters by status      [41;1m BadMethodCallException [49;22m  
[39;1m  Call to undefined method Illuminate\Database\Eloquent\Relations\HasMany::attach()[39;22m

  at [32mvendor\laravel\framework\src\Illuminate\Support\Traits\ForwardsCalls.php[39m:[32m67[39m
     63▕      * @throws \BadMethodCallException
     64▕      */
     65▕     protected static function throwBadMethodCallException($method)
     66▕     {
  ➜  67▕         throw new BadMethodCallException(sprintf(
     68▕             'Call to undefined method %s::%s()', static::class, $method
     69▕         ));
     70▕     }
     71▕ }

  [33m1   [39m[39;1mvendor\laravel\framework\src\Illuminate\Support\Traits\ForwardsCalls.php[39;22m:[39;1m67[39;22m
  [33m2   [39m[39;1mvendor\laravel\framework\src\Illuminate\Support\Traits\ForwardsCalls.php[39;22m:[39;1m36[39;22m

  [31m────────────────────────────────────────────────────────────────────────────────────────────────────────────────────[39m  
  [41;1m FAILED [49;22m [1mTests\Feature\organisations\VoterControllerTest[22m [90m>[39m it allows commission member to…  [41;1m BadMethodCallException [49;22m  
[39;1m  Call to undefined method Illuminate\Database\Eloquent\Relations\HasMany::attach()[39;22m

  at [32mvendor\laravel\framework\src\Illuminate\Support\Traits\ForwardsCalls.php[39m:[32m67[39m
     63▕      * @throws \BadMethodCallException
     64▕      */
     65▕     protected static function throwBadMethodCallException($method)
     66▕     {
  ➜  67▕         throw new BadMethodCallException(sprintf(
     68▕             'Call to undefined method %s::%s()', static::class, $method
     69▕         ));
     70▕     }
     71▕ }

  [33m1   [39m[39;1mvendor\laravel\framework\src\Illuminate\Support\Traits\ForwardsCalls.php[39;22m:[39;1m67[39;22m
  [33m2   [39m[39;1mvendor\laravel\framework\src\Illuminate\Support\Traits\ForwardsCalls.php[39;22m:[39;1m36[39;22m

  [31m────────────────────────────────────────────────────────────────────────────────────────────────────────────────────[39m  
  [41;1m FAILED [49;22m [1mTests\Feature\organisations\VoterControllerTest[22m [90m>[39m it blocks regular member from a… [41;1m BadMethodCallException [49;22m  
[39;1m  Call to undefined method Illuminate\Database\Eloquent\Relations\HasMany::attach()[39;22m

  at [32mvendor\laravel\framework\src\Illuminate\Support\Traits\ForwardsCalls.php[39m:[32m67[39m
     63▕      * @throws \BadMethodCallException
     64▕      */
     65▕     protected static function throwBadMethodCallException($method)
     66▕     {
  ➜  67▕         throw new BadMethodCallException(sprintf(
     68▕             'Call to undefined method %s::%s()', static::class, $method
     69▕         ));
     70▕     }
     71▕ }

  [33m1   [39m[39;1mvendor\laravel\framework\src\Illuminate\Support\Traits\ForwardsCalls.php[39;22m:[39;1m67[39;22m
  [33m2   [39m[39;1mvendor\laravel\framework\src\Illuminate\Support\Traits\ForwardsCalls.php[39;22m:[39;1m36[39;22m

  [31m────────────────────────────────────────────────────────────────────────────────────────────────────────────────────[39m  
  [41;1m FAILED [49;22m [1mTests\Feature\organisations\VoterControllerTest[22m [90m>[39m it allows commission member to…  [41;1m BadMethodCallException [49;22m  
[39;1m  Call to undefined method Illuminate\Database\Eloquent\Relations\HasMany::attach()[39;22m

  at [32mvendor\laravel\framework\src\Illuminate\Support\Traits\ForwardsCalls.php[39m:[32m67[39m
     63▕      * @throws \BadMethodCallException
     64▕      */
     65▕     protected static function throwBadMethodCallException($method)
     66▕     {
  ➜  67▕         throw new BadMethodCallException(sprintf(
     68▕             'Call to undefined method %s::%s()', static::class, $method
     69▕         ));
     70▕     }
     71▕ }

  [33m1   [39m[39;1mvendor\laravel\framework\src\Illuminate\Support\Traits\ForwardsCalls.php[39;22m:[39;1m67[39;22m
  [33m2   [39m[39;1mvendor\laravel\framework\src\Illuminate\Support\Traits\ForwardsCalls.php[39;22m:[39;1m36[39;22m

  [31m────────────────────────────────────────────────────────────────────────────────────────────────────────────────────[39m  
  [41;1m FAILED [49;22m [1mTests\Feature\organisations\VoterControllerTest[22m [90m>[39m it blocks regular member from s… [41;1m BadMethodCallException [49;22m  
[39;1m  Call to undefined method Illuminate\Database\Eloquent\Relations\HasMany::attach()[39;22m

  at [32mvendor\laravel\framework\src\Illuminate\Support\Traits\ForwardsCalls.php[39m:[32m67[39m
     63▕      * @throws \BadMethodCallException
     64▕      */
     65▕     protected static function throwBadMethodCallException($method)
     66▕     {
  ➜  67▕         throw new BadMethodCallException(sprintf(
     68▕             'Call to undefined method %s::%s()', static::class, $method
     69▕         ));
     70▕     }
     71▕ }

  [33m1   [39m[39;1mvendor\laravel\framework\src\Illuminate\Support\Traits\ForwardsCalls.php[39;22m:[39;1m67[39;22m
  [33m2   [39m[39;1mvendor\laravel\framework\src\Illuminate\Support\Traits\ForwardsCalls.php[39;22m:[39;1m36[39;22m

  [31m────────────────────────────────────────────────────────────────────────────────────────────────────────────────────[39m  
  [41;1m FAILED [49;22m [1mTests\Feature\organisations\VoterControllerTest[22m [90m>[39m it prevents cross organization…  [41;1m BadMethodCallException [49;22m  
[39;1m  Call to undefined method Illuminate\Database\Eloquent\Relations\HasMany::attach()[39;22m

  at [32mvendor\laravel\framework\src\Illuminate\Support\Traits\ForwardsCalls.php[39m:[32m67[39m
     63▕      * @throws \BadMethodCallException
     64▕      */
     65▕     protected static function throwBadMethodCallException($method)
     66▕     {
  ➜  67▕         throw new BadMethodCallException(sprintf(
     68▕             'Call to undefined method %s::%s()', static::class, $method
     69▕         ));
     70▕     }
     71▕ }

  [33m1   [39m[39;1mvendor\laravel\framework\src\Illuminate\Support\Traits\ForwardsCalls.php[39;22m:[39;1m67[39;22m
  [33m2   [39m[39;1mvendor\laravel\framework\src\Illuminate\Support\Traits\ForwardsCalls.php[39;22m:[39;1m36[39;22m

  [31m────────────────────────────────────────────────────────────────────────────────────────────────────────────────────[39m  
  [41;1m FAILED [49;22m [1mTests\Feature\organisations\VoterControllerTest[22m [90m>[39m it allows bulk approve of voter… [41;1m BadMethodCallException [49;22m  
[39;1m  Call to undefined method Illuminate\Database\Eloquent\Relations\HasMany::attach()[39;22m

  at [32mvendor\laravel\framework\src\Illuminate\Support\Traits\ForwardsCalls.php[39m:[32m67[39m
     63▕      * @throws \BadMethodCallException
     64▕      */
     65▕     protected static function throwBadMethodCallException($method)
     66▕     {
  ➜  67▕         throw new BadMethodCallException(sprintf(
     68▕             'Call to undefined method %s::%s()', static::class, $method
     69▕         ));
     70▕     }
     71▕ }

  [33m1   [39m[39;1mvendor\laravel\framework\src\Illuminate\Support\Traits\ForwardsCalls.php[39;22m:[39;1m67[39;22m
  [33m2   [39m[39;1mvendor\laravel\framework\src\Illuminate\Support\Traits\ForwardsCalls.php[39;22m:[39;1m36[39;22m

  [31m────────────────────────────────────────────────────────────────────────────────────────────────────────────────────[39m  
  [41;1m FAILED [49;22m [1mTests\Feature\organisations\VoterControllerTest[22m [90m>[39m it returns error for empty bulk… [41;1m BadMethodCallException [49;22m  
[39;1m  Call to undefined method Illuminate\Database\Eloquent\Relations\HasMany::attach()[39;22m

  at [32mvendor\laravel\framework\src\Illuminate\Support\Traits\ForwardsCalls.php[39m:[32m67[39m
     63▕      * @throws \BadMethodCallException
     64▕      */
     65▕     protected static function throwBadMethodCallException($method)
     66▕     {
  ➜  67▕         throw new BadMethodCallException(sprintf(
     68▕             'Call to undefined method %s::%s()', static::class, $method
     69▕         ));
     70▕     }
     71▕ }

  [33m1   [39m[39;1mvendor\laravel\framework\src\Illuminate\Support\Traits\ForwardsCalls.php[39;22m:[39;1m67[39;22m
  [33m2   [39m[39;1mvendor\laravel\framework\src\Illuminate\Support\Traits\ForwardsCalls.php[39;22m:[39;1m36[39;22m

  [31m────────────────────────────────────────────────────────────────────────────────────────────────────────────────────[39m  
  [41;1m FAILED [49;22m [1mTests\Feature\organisations\VoterControllerTest[22m [90m>[39m it allows bulk suspend of voter… [41;1m BadMethodCallException [49;22m  
[39;1m  Call to undefined method Illuminate\Database\Eloquent\Relations\HasMany::attach()[39;22m

  at [32mvendor\laravel\framework\src\Illuminate\Support\Traits\ForwardsCalls.php[39m:[32m67[39m
     63▕      * @throws \BadMethodCallException
     64▕      */
     65▕     protected static function throwBadMethodCallException($method)
     66▕     {
  ➜  67▕         throw new BadMethodCallException(sprintf(
     68▕             'Call to undefined method %s::%s()', static::class, $method
     69▕         ));
     70▕     }
     71▕ }

  [33m1   [39m[39;1mvendor\laravel\framework\src\Illuminate\Support\Traits\ForwardsCalls.php[39;22m:[39;1m67[39;22m
  [33m2   [39m[39;1mvendor\laravel\framework\src\Illuminate\Support\Traits\ForwardsCalls.php[39;22m:[39;1m36[39;22m

  [31m────────────────────────────────────────────────────────────────────────────────────────────────────────────────────[39m  
  [41;1m FAILED [49;22m [1mTests\Feature\organisations\VoterControllerTest[22m [90m>[39m it paginates voter list          [41;1m BadMethodCallException [49;22m  
[39;1m  Call to undefined method Illuminate\Database\Eloquent\Relations\HasMany::attach()[39;22m

  at [32mvendor\laravel\framework\src\Illuminate\Support\Traits\ForwardsCalls.php[39m:[32m67[39m
     63▕      * @throws \BadMethodCallException
     64▕      */
     65▕     protected static function throwBadMethodCallException($method)
     66▕     {
  ➜  67▕         throw new BadMethodCallException(sprintf(
     68▕             'Call to undefined method %s::%s()', static::class, $method
     69▕         ));
     70▕     }
     71▕ }

  [33m1   [39m[39;1mvendor\laravel\framework\src\Illuminate\Support\Traits\ForwardsCalls.php[39;22m:[39;1m67[39;22m
  [33m2   [39m[39;1mvendor\laravel\framework\src\Illuminate\Support\Traits\ForwardsCalls.php[39;22m:[39;1m36[39;22m

  [31m────────────────────────────────────────────────────────────────────────────────────────────────────────────────────[39m  
  [41;1m FAILED [49;22m [1mTests\Feature\organisations\VoterControllerTest[22m [90m>[39m it only shows voters from the o… [41;1m BadMethodCallException [49;22m  
[39;1m  Call to undefined method Illuminate\Database\Eloquent\Relations\HasMany::attach()[39;22m

  at [32mvendor\laravel\framework\src\Illuminate\Support\Traits\ForwardsCalls.php[39m:[32m67[39m
     63▕      * @throws \BadMethodCallException
     64▕      */
     65▕     protected static function throwBadMethodCallException($method)
     66▕     {
  ➜  67▕         throw new BadMethodCallException(sprintf(
     68▕             'Call to undefined method %s::%s()', static::class, $method
     69▕         ));
     70▕     }
     71▕ }

  [33m1   [39m[39;1mvendor\laravel\framework\src\Illuminate\Support\Traits\ForwardsCalls.php[39;22m:[39;1m67[39;22m
  [33m2   [39m[39;1mvendor\laravel\framework\src\Illuminate\Support\Traits\ForwardsCalls.php[39;22m:[39;1m36[39;22m

  [31m────────────────────────────────────────────────────────────────────────────────────────────────────────────────────[39m  
  [41;1m FAILED [49;22m [1mTests\Feature\organisations\VoterControllerTest[22m [90m>[39m it invalidates cache on voter a… [41;1m BadMethodCallException [49;22m  
[39;1m  Call to undefined method Illuminate\Database\Eloquent\Relations\HasMany::attach()[39;22m

  at [32mvendor\laravel\framework\src\Illuminate\Support\Traits\ForwardsCalls.php[39m:[32m67[39m
     63▕      * @throws \BadMethodCallException
     64▕      */
     65▕     protected static function throwBadMethodCallException($method)
     66▕     {
  ➜  67▕         throw new BadMethodCallException(sprintf(
     68▕             'Call to undefined method %s::%s()', static::class, $method
     69▕         ));
     70▕     }
     71▕ }

  [33m1   [39m[39;1mvendor\laravel\framework\src\Illuminate\Support\Traits\ForwardsCalls.php[39;22m:[39;1m67[39;22m
  [33m2   [39m[39;1mvendor\laravel\framework\src\Illuminate\Support\Traits\ForwardsCalls.php[39;22m:[39;1m36[39;22m

  [31m────────────────────────────────────────────────────────────────────────────────────────────────────────────────────[39m  
  [41;1m FAILED [49;22m [1mTests\Feature\organisations\VoterControllerTest[22m [90m>[39m it invalidates cache on bulk ap… [41;1m BadMethodCallException [49;22m  
[39;1m  Call to undefined method Illuminate\Database\Eloquent\Relations\HasMany::attach()[39;22m

  at [32mvendor\laravel\framework\src\Illuminate\Support\Traits\ForwardsCalls.php[39m:[32m67[39m
     63▕      * @throws \BadMethodCallException
     64▕      */
     65▕     protected static function throwBadMethodCallException($method)
     66▕     {
  ➜  67▕         throw new BadMethodCallException(sprintf(
     68▕             'Call to undefined method %s::%s()', static::class, $method
     69▕         ));
     70▕     }
     71▕ }

  [33m1   [39m[39;1mvendor\laravel\framework\src\Illuminate\Support\Traits\ForwardsCalls.php[39;22m:[39;1m67[39;22m
  [33m2   [39m[39;1mvendor\laravel\framework\src\Illuminate\Support\Traits\ForwardsCalls.php[39;22m:[39;1m36[39;22m

  [31m────────────────────────────────────────────────────────────────────────────────────────────────────────────────────[39m  
  [41;1m FAILED [49;22m [1mTests\Feature\organisations\VoterControllerTest[22m [90m>[39m it records ip address on approv… [41;1m BadMethodCallException [49;22m  
[39;1m  Call to undefined method Illuminate\Database\Eloquent\Relations\HasMany::attach()[39;22m

  at [32mvendor\laravel\framework\src\Illuminate\Support\Traits\ForwardsCalls.php[39m:[32m67[39m
     63▕      * @throws \BadMethodCallException
     64▕      */
     65▕     protected static function throwBadMethodCallException($method)
     66▕     {
  ➜  67▕         throw new BadMethodCallException(sprintf(
     68▕             'Call to undefined method %s::%s()', static::class, $method
     69▕         ));
     70▕     }
     71▕ }

  [33m1   [39m[39;1mvendor\laravel\framework\src\Illuminate\Support\Traits\ForwardsCalls.php[39;22m:[39;1m67[39;22m
  [33m2   [39m[39;1mvendor\laravel\framework\src\Illuminate\Support\Traits\ForwardsCalls.php[39;22m:[39;1m36[39;22m

  [31m────────────────────────────────────────────────────────────────────────────────────────────────────────────────────[39m  
  [41;1m FAILED [49;22m [1mTests\Feature\organisations\VoterControllerTest[22m [90m>[39m it indicates commission member…  [41;1m BadMethodCallException [49;22m  
[39;1m  Call to undefined method Illuminate\Database\Eloquent\Relations\HasMany::attach()[39;22m

  at [32mvendor\laravel\framework\src\Illuminate\Support\Traits\ForwardsCalls.php[39m:[32m67[39m
     63▕      * @throws \BadMethodCallException
     64▕      */
     65▕     protected static function throwBadMethodCallException($method)
     66▕     {
  ➜  67▕         throw new BadMethodCallException(sprintf(
     68▕             'Call to undefined method %s::%s()', static::class, $method
     69▕         ));
     70▕     }
     71▕ }

  [33m1   [39m[39;1mvendor\laravel\framework\src\Illuminate\Support\Traits\ForwardsCalls.php[39;22m:[39;1m67[39;22m
  [33m2   [39m[39;1mvendor\laravel\framework\src\Illuminate\Support\Traits\ForwardsCalls.php[39;22m:[39;1m36[39;22m

  [31m────────────────────────────────────────────────────────────────────────────────────────────────────────────────────[39m  
  [41;1m FAILED [49;22m [1mTests\Feature\organisations\VoterControllerTest[22m [90m>[39m it allows approval of voters re… [41;1m BadMethodCallException [49;22m  
[39;1m  Call to undefined method Illuminate\Database\Eloquent\Relations\HasMany::attach()[39;22m

  at [32mvendor\laravel\framework\src\Illuminate\Support\Traits\ForwardsCalls.php[39m:[32m67[39m
     63▕      * @throws \BadMethodCallException
     64▕      */
     65▕     protected static function throwBadMethodCallException($method)
     66▕     {
  ➜  67▕         throw new BadMethodCallException(sprintf(
     68▕             'Call to undefined method %s::%s()', static::class, $method
     69▕         ));
     70▕     }
     71▕ }

  [33m1   [39m[39;1mvendor\laravel\framework\src\Illuminate\Support\Traits\ForwardsCalls.php[39;22m:[39;1m67[39;22m
  [33m2   [39m[39;1mvendor\laravel\framework\src\Illuminate\Support\Traits\ForwardsCalls.php[39;22m:[39;1m36[39;22m

  [31m────────────────────────────────────────────────────────────────────────────────────────────────────────────────────[39m  
  [41;1m FAILED [49;22m [1mTests\Feature\organisations\VoterControllerTest[22m [90m>[39m it loads organization context    [41;1m BadMethodCallException [49;22m  
[39;1m  Call to undefined method Illuminate\Database\Eloquent\Relations\HasMany::attach()[39;22m

  at [32mvendor\laravel\framework\src\Illuminate\Support\Traits\ForwardsCalls.php[39m:[32m67[39m
     63▕      * @throws \BadMethodCallException
     64▕      */
     65▕     protected static function throwBadMethodCallException($method)
     66▕     {
  ➜  67▕         throw new BadMethodCallException(sprintf(
     68▕             'Call to undefined method %s::%s()', static::class, $method
     69▕         ));
     70▕     }
     71▕ }

  [33m1   [39m[39;1mvendor\laravel\framework\src\Illuminate\Support\Traits\ForwardsCalls.php[39;22m:[39;1m67[39;22m
  [33m2   [39m[39;1mvendor\laravel\framework\src\Illuminate\Support\Traits\ForwardsCalls.php[39;22m:[39;1m36[39;22m

  [31m────────────────────────────────────────────────────────────────────────────────────────────────────────────────────[39m  
  [41;1m FAILED [49;22m [1mTests\Feature\organisations\VoterControllerTest[22m [90m>[39m it preserves filters in respons… [41;1m BadMethodCallException [49;22m  
[39;1m  Call to undefined method Illuminate\Database\Eloquent\Relations\HasMany::attach()[39;22m

  at [32mvendor\laravel\framework\src\Illuminate\Support\Traits\ForwardsCalls.php[39m:[32m67[39m
     63▕      * @throws \BadMethodCallException
     64▕      */
     65▕     protected static function throwBadMethodCallException($method)
     66▕     {
  ➜  67▕         throw new BadMethodCallException(sprintf(
     68▕             'Call to undefined method %s::%s()', static::class, $method
     69▕         ));
     70▕     }
     71▕ }

  [33m1   [39m[39;1mvendor\laravel\framework\src\Illuminate\Support\Traits\ForwardsCalls.php[39;22m:[39;1m67[39;22m
  [33m2   [39m[39;1mvendor\laravel\framework\src\Illuminate\Support\Traits\ForwardsCalls.php[39;22m:[39;1m36[39;22m

  [31m────────────────────────────────────────────────────────────────────────────────────────────────────────────────────[39m  
  [41;1m FAILED [49;22m [1mTests\Feature\organisations\VoterControllerTest[22m [90m>[39m it shows success message after…  [41;1m BadMethodCallException [49;22m  
[39;1m  Call to undefined method Illuminate\Database\Eloquent\Relations\HasMany::attach()[39;22m

  at [32mvendor\laravel\framework\src\Illuminate\Support\Traits\ForwardsCalls.php[39m:[32m67[39m
     63▕      * @throws \BadMethodCallException
     64▕      */
     65▕     protected static function throwBadMethodCallException($method)
     66▕     {
  ➜  67▕         throw new BadMethodCallException(sprintf(
     68▕             'Call to undefined method %s::%s()', static::class, $method
     69▕         ));
     70▕     }
     71▕ }

  [33m1   [39m[39;1mvendor\laravel\framework\src\Illuminate\Support\Traits\ForwardsCalls.php[39;22m:[39;1m67[39;22m
  [33m2   [39m[39;1mvendor\laravel\framework\src\Illuminate\Support\Traits\ForwardsCalls.php[39;22m:[39;1m36[39;22m

  [31m────────────────────────────────────────────────────────────────────────────────────────────────────────────────────[39m  
  [41;1m FAILED [49;22m [1mTests\Feature\organisations\VoterControllerTest[22m [90m>[39m it only shows voters not non vo… [41;1m BadMethodCallException [49;22m  
[39;1m  Call to undefined method Illuminate\Database\Eloquent\Relations\HasMany::attach()[39;22m

  at [32mvendor\laravel\framework\src\Illuminate\Support\Traits\ForwardsCalls.php[39m:[32m67[39m
     63▕      * @throws \BadMethodCallException
     64▕      */
     65▕     protected static function throwBadMethodCallException($method)
     66▕     {
  ➜  67▕         throw new BadMethodCallException(sprintf(
     68▕             'Call to undefined method %s::%s()', static::class, $method
     69▕         ));
     70▕     }
     71▕ }

  [33m1   [39m[39;1mvendor\laravel\framework\src\Illuminate\Support\Traits\ForwardsCalls.php[39;22m:[39;1m67[39;22m
  [33m2   [39m[39;1mvendor\laravel\framework\src\Illuminate\Support\Traits\ForwardsCalls.php[39;22m:[39;1m36[39;22m

  [31m────────────────────────────────────────────────────────────────────────────────────────────────────────────────────[39m  
  [41;1m FAILED [49;22m [1mTests\Feature\organisations\VoterControllerTest[22m [90m>[39m it prevents voter lookup across… [41;1m BadMethodCallException [49;22m  
[39;1m  Call to undefined method Illuminate\Database\Eloquent\Relations\HasMany::attach()[39;22m

  at [32mvendor\laravel\framework\src\Illuminate\Support\Traits\ForwardsCalls.php[39m:[32m67[39m
     63▕      * @throws \BadMethodCallException
     64▕      */
     65▕     protected static function throwBadMethodCallException($method)
     66▕     {
  ➜  67▕         throw new BadMethodCallException(sprintf(
     68▕             'Call to undefined method %s::%s()', static::class, $method
     69▕         ));
     70▕     }
     71▕ }

  [33m1   [39m[39;1mvendor\laravel\framework\src\Illuminate\Support\Traits\ForwardsCalls.php[39;22m:[39;1m67[39;22m
  [33m2   [39m[39;1mvendor\laravel\framework\src\Illuminate\Support\Traits\ForwardsCalls.php[39;22m:[39;1m36[39;22m

  [31m────────────────────────────────────────────────────────────────────────────────────────────────────────────────────[39m  
  [41;1m FAILED [49;22m [1mTests\Feature\organisations\VoterControllerTest[22m [90m>[39m it handles non existent voter g… [41;1m BadMethodCallException [49;22m  
[39;1m  Call to undefined method Illuminate\Database\Eloquent\Relations\HasMany::attach()[39;22m

  at [32mvendor\laravel\framework\src\Illuminate\Support\Traits\ForwardsCalls.php[39m:[32m67[39m
     63▕      * @throws \BadMethodCallException
     64▕      */
     65▕     protected static function throwBadMethodCallException($method)
     66▕     {
  ➜  67▕         throw new BadMethodCallException(sprintf(
     68▕             'Call to undefined method %s::%s()', static::class, $method
     69▕         ));
     70▕     }
     71▕ }

  [33m1   [39m[39;1mvendor\laravel\framework\src\Illuminate\Support\Traits\ForwardsCalls.php[39;22m:[39;1m67[39;22m
  [33m2   [39m[39;1mvendor\laravel\framework\src\Illuminate\Support\Traits\ForwardsCalls.php[39;22m:[39;1m36[39;22m

  [31m────────────────────────────────────────────────────────────────────────────────────────────────────────────────────[39m  
  [41;1m FAILED [49;22m [1mTests\Feature\Phase2VoteValidationTest[22m [90m>[39m candidate selection validation rejects nonexiste… [41;1m QueryException [49;22m  
[39;1m  SQLSTATE[42703]: Undefined column: 7 FEHLER:  Spalte »is_voter« von Relation »users« existiert nicht
LINE 1: ...egion", "organisation_id", "is_committee_member", "is_voter"...
                                                             ^ (Connection: pgsql, SQL: insert into "users" ("name", "email", "email_verified_at", "password", "remember_token", "region", "organisation_id", "is_committee_member", "is_voter", "can_vote", "has_voted", "id", "updated_at", "created_at") values (Carmine Daugherty, herminio53@example.com, 2026-05-31 08:57:03, $2y$10$92IXUNpkjO0rOQ5byMi.Ye4oKoEa3Ro9llC/.og/at2.uheWG/igi, Qq5h1TVKT7, Oregon, 2fb5b0dd-4f0b-4c9e-ae2c-a27050ef1560, 0, 1, 1, 0, a1e8ed18-ad4d-4378-af4c-ba8359ee13fe, 2026-05-31 08:57:03, 2026-05-31 08:57:03))[39;22m

  at [32mvendor\laravel\framework\src\Illuminate\Database\Connection.php[39m:[32m825[39m
    821▕                     $this->getName(), $query, $this->prepareBindings($bindings), $e
    822▕                 );
    823▕             }
    824▕ 
  ➜ 825▕             throw new QueryException(
    826▕                 $this->getName(), $query, $this->prepareBindings($bindings), $e
    827▕             );
    828▕         }
    829▕     }

  [33m1   [39m[39;1mvendor\laravel\framework\src\Illuminate\Database\Connection.php[39;22m:[39;1m825[39;22m

  [33m2   [39m[39;1mvendor\laravel\framework\src\Illuminate\Database\Connection.php[39;22m:[39;1m571[39;22m
  [90m    NunoMaduro\Collision\Exceptions\TestException::("SQLSTATE[42703]: Undefined column: 7 FEHLER:  Spalte »is_voter« von Relation »users« existiert nicht
LINE 1: ...egion", "organisation_id", "is_committee_member", "is_voter"...
                                                             ^")[39m

  [31m────────────────────────────────────────────────────────────────────────────────────────────────────────────────────[39m  
  [41;1m FAILED [49;22m [1mTests\Feature\Phase2VoteValidationTest[22m [90m>[39m vote completeness validation rejects incomplete…  [41;1m QueryException [49;22m  
[39;1m  SQLSTATE[42703]: Undefined column: 7 FEHLER:  Spalte »is_voter« von Relation »users« existiert nicht
LINE 1: ...egion", "organisation_id", "is_committee_member", "is_voter"...
                                                             ^ (Connection: pgsql, SQL: insert into "users" ("name", "email", "email_verified_at", "password", "remember_token", "region", "organisation_id", "is_committee_member", "is_voter", "can_vote", "has_voted", "id", "updated_at", "created_at") values (Frederick Barrows, xbalistreri@example.org, 2026-05-31 08:57:03, $2y$10$92IXUNpkjO0rOQ5byMi.Ye4oKoEa3Ro9llC/.og/at2.uheWG/igi, A3fqELPCoT, Arizona, 2fb5b0dd-4f0b-4c9e-ae2c-a27050ef1560, 0, 1, 1, 0, a1e8ed19-0bb9-4ff7-b433-0de620064444, 2026-05-31 08:57:03, 2026-05-31 08:57:03))[39;22m

  at [32mvendor\laravel\framework\src\Illuminate\Database\Connection.php[39m:[32m825[39m
    821▕                     $this->getName(), $query, $this->prepareBindings($bindings), $e
    822▕                 );
    823▕             }
    824▕ 
  ➜ 825▕             throw new QueryException(
    826▕                 $this->getName(), $query, $this->prepareBindings($bindings), $e
    827▕             );
    828▕         }
    829▕     }

  [33m1   [39m[39;1mvendor\laravel\framework\src\Illuminate\Database\Connection.php[39;22m:[39;1m825[39;22m

  [33m2   [39m[39;1mvendor\laravel\framework\src\Illuminate\Database\Connection.php[39;22m:[39;1m571[39;22m
  [90m    NunoMaduro\Collision\Exceptions\TestException::("SQLSTATE[42703]: Undefined column: 7 FEHLER:  Spalte »is_voter« von Relation »users« existiert nicht
LINE 1: ...egion", "organisation_id", "is_committee_member", "is_voter"...
                                                             ^")[39m

  [31m────────────────────────────────────────────────────────────────────────────────────────────────────────────────────[39m  
  [41;1m FAILED [49;22m [1mTests\Feature\Phase2VoteValidationTest[22m [90m>[39m multiple vote prevention blocks second vote in r… [41;1m QueryException [49;22m  
[39;1m  SQLSTATE[42703]: Undefined column: 7 FEHLER:  Spalte »is_voter« von Relation »users« existiert nicht
LINE 1: ...egion", "organisation_id", "is_committee_member", "is_voter"...
                                                             ^ (Connection: pgsql, SQL: insert into "users" ("name", "email", "email_verified_at", "password", "remember_token", "region", "organisation_id", "is_committee_member", "is_voter", "can_vote", "has_voted", "id", "updated_at", "created_at") values (Frankie Conn Jr., alek.keebler@example.com, 2026-05-31 08:57:03, $2y$10$92IXUNpkjO0rOQ5byMi.Ye4oKoEa3Ro9llC/.og/at2.uheWG/igi, 0o6UYrzRLI, Ohio, 2fb5b0dd-4f0b-4c9e-ae2c-a27050ef1560, 0, 1, 1, 0, a1e8ed19-80c3-4d5b-a171-c161885caf6b, 2026-05-31 08:57:03, 2026-05-31 08:57:03))[39;22m

  at [32mvendor\laravel\framework\src\Illuminate\Database\Connection.php[39m:[32m825[39m
    821▕                     $this->getName(), $query, $this->prepareBindings($bindings), $e
    822▕                 );
    823▕             }
    824▕ 
  ➜ 825▕             throw new QueryException(
    826▕                 $this->getName(), $query, $this->prepareBindings($bindings), $e
    827▕             );
    828▕         }
    829▕     }

  [33m1   [39m[39;1mvendor\laravel\framework\src\Illuminate\Database\Connection.php[39;22m:[39;1m825[39;22m

  [33m2   [39m[39;1mvendor\laravel\framework\src\Illuminate\Database\Connection.php[39;22m:[39;1m571[39;22m
  [90m    NunoMaduro\Collision\Exceptions\TestException::("SQLSTATE[42703]: Undefined column: 7 FEHLER:  Spalte »is_voter« von Relation »users« existiert nicht
LINE 1: ...egion", "organisation_id", "is_committee_member", "is_voter"...
                                                             ^")[39m

  [31m────────────────────────────────────────────────────────────────────────────────────────────────────────────────────[39m  
  [41;1m FAILED [49;22m [1mTests\Feature\Phase2VoteValidationTest[22m [90m>[39m demo election allows multiple votes               [41;1m QueryException [49;22m  
[39;1m  SQLSTATE[42703]: Undefined column: 7 FEHLER:  Spalte »is_voter« von Relation »users« existiert nicht
LINE 1: ...egion", "organisation_id", "is_committee_member", "is_voter"...
                                                             ^ (Connection: pgsql, SQL: insert into "users" ("name", "email", "email_verified_at", "password", "remember_token", "region", "organisation_id", "is_committee_member", "is_voter", "can_vote", "has_voted", "id", "updated_at", "created_at") values (Jayden Graham, rubye.beahan@example.com, 2026-05-31 08:57:03, $2y$10$92IXUNpkjO0rOQ5byMi.Ye4oKoEa3Ro9llC/.og/at2.uheWG/igi, Bc4ZEHXL54, Rhode Island, 2fb5b0dd-4f0b-4c9e-ae2c-a27050ef1560, 0, 1, 1, 0, a1e8ed19-c7a0-4bb0-a1e5-813c1b971998, 2026-05-31 08:57:03, 2026-05-31 08:57:03))[39;22m

  at [32mvendor\laravel\framework\src\Illuminate\Database\Connection.php[39m:[32m825[39m
    821▕                     $this->getName(), $query, $this->prepareBindings($bindings), $e
    822▕                 );
    823▕             }
    824▕ 
  ➜ 825▕             throw new QueryException(
    826▕                 $this->getName(), $query, $this->prepareBindings($bindings), $e
    827▕             );
    828▕         }
    829▕     }

  [33m1   [39m[39;1mvendor\laravel\framework\src\Illuminate\Database\Connection.php[39;22m:[39;1m825[39;22m

  [33m2   [39m[39;1mvendor\laravel\framework\src\Illuminate\Database\Connection.php[39;22m:[39;1m571[39;22m
  [90m    NunoMaduro\Collision\Exceptions\TestException::("SQLSTATE[42703]: Undefined column: 7 FEHLER:  Spalte »is_voter« von Relation »users« existiert nicht
LINE 1: ...egion", "organisation_id", "is_committee_member", "is_voter"...
                                                             ^")[39m

  [31m────────────────────────────────────────────────────────────────────────────────────────────────────────────────────[39m  
  [41;1m FAILED [49;22m [1mTests\Feature\Phase2VoteValidationTest[22m [90m>[39m valid vote submission passes validation           [41;1m QueryException [49;22m  
[39;1m  SQLSTATE[42703]: Undefined column: 7 FEHLER:  Spalte »is_voter« von Relation »users« existiert nicht
LINE 1: ...egion", "organisation_id", "is_committee_member", "is_voter"...
                                                             ^ (Connection: pgsql, SQL: insert into "users" ("name", "email", "email_verified_at", "password", "remember_token", "region", "organisation_id", "is_committee_member", "is_voter", "can_vote", "has_voted", "id", "updated_at", "created_at") values (Rahul Wisoky MD, paucek.marcia@example.com, 2026-05-31 08:57:03, $2y$10$92IXUNpkjO0rOQ5byMi.Ye4oKoEa3Ro9llC/.og/at2.uheWG/igi, J36FKwBjeI, Missouri, 2fb5b0dd-4f0b-4c9e-ae2c-a27050ef1560, 0, 1, 1, 0, a1e8ed1a-0ce4-418c-97f0-07323e0d37e5, 2026-05-31 08:57:03, 2026-05-31 08:57:03))[39;22m

  at [32mvendor\laravel\framework\src\Illuminate\Database\Connection.php[39m:[32m825[39m
    821▕                     $this->getName(), $query, $this->prepareBindings($bindings), $e
    822▕                 );
    823▕             }
    824▕ 
  ➜ 825▕             throw new QueryException(
    826▕                 $this->getName(), $query, $this->prepareBindings($bindings), $e
    827▕             );
    828▕         }
    829▕     }

  [33m1   [39m[39;1mvendor\laravel\framework\src\Illuminate\Database\Connection.php[39;22m:[39;1m825[39;22m

  [33m2   [39m[39;1mvendor\laravel\framework\src\Illuminate\Database\Connection.php[39;22m:[39;1m571[39;22m
  [90m    NunoMaduro\Collision\Exceptions\TestException::("SQLSTATE[42703]: Undefined column: 7 FEHLER:  Spalte »is_voter« von Relation »users« existiert nicht
LINE 1: ...egion", "organisation_id", "is_committee_member", "is_voter"...
                                                             ^")[39m

  [31m────────────────────────────────────────────────────────────────────────────────────────────────────────────────────[39m  
  [41;1m FAILED [49;22m [1mTests\Feature\Phase2VoteValidationTest[22m [90m>[39m no vote option properly handles skip selections   [41;1m QueryException [49;22m  
[39;1m  SQLSTATE[42703]: Undefined column: 7 FEHLER:  Spalte »is_voter« von Relation »users« existiert nicht
LINE 1: ...egion", "organisation_id", "is_committee_member", "is_voter"...
                                                             ^ (Connection: pgsql, SQL: insert into "users" ("name", "email", "email_verified_at", "password", "remember_token", "region", "organisation_id", "is_committee_member", "is_voter", "can_vote", "has_voted", "id", "updated_at", "created_at") values (Dagmar Stiedemann, thompson.beau@example.net, 2026-05-31 08:57:04, $2y$10$92IXUNpkjO0rOQ5byMi.Ye4oKoEa3Ro9llC/.og/at2.uheWG/igi, 11IDZQM63E, Florida, 2fb5b0dd-4f0b-4c9e-ae2c-a27050ef1560, 0, 1, 1, 0, a1e8ed1a-708d-4d26-8b7d-1bf37b37b082, 2026-05-31 08:57:04, 2026-05-31 08:57:04))[39;22m

  at [32mvendor\laravel\framework\src\Illuminate\Database\Connection.php[39m:[32m825[39m
    821▕                     $this->getName(), $query, $this->prepareBindings($bindings), $e
    822▕                 );
    823▕             }
    824▕ 
  ➜ 825▕             throw new QueryException(
    826▕                 $this->getName(), $query, $this->prepareBindings($bindings), $e
    827▕             );
    828▕         }
    829▕     }

  [33m1   [39m[39;1mvendor\laravel\framework\src\Illuminate\Database\Connection.php[39;22m:[39;1m825[39;22m

  [33m2   [39m[39;1mvendor\laravel\framework\src\Illuminate\Database\Connection.php[39;22m:[39;1m571[39;22m
  [90m    NunoMaduro\Collision\Exceptions\TestException::("SQLSTATE[42703]: Undefined column: 7 FEHLER:  Spalte »is_voter« von Relation »users« existiert nicht
LINE 1: ...egion", "organisation_id", "is_committee_member", "is_voter"...
                                                             ^")[39m

  [31m────────────────────────────────────────────────────────────────────────────────────────────────────────────────────[39m  
  [41;1m FAILED [49;22m [1mTests\Feature\Phase2VoteValidationTest[22m [90m>[39m ineligible voter cannot vote                      [41;1m QueryException [49;22m  
[39;1m  SQLSTATE[42703]: Undefined column: 7 FEHLER:  Spalte »is_voter« von Relation »users« existiert nicht
LINE 1: ...egion", "organisation_id", "is_committee_member", "is_voter"...
                                                             ^ (Connection: pgsql, SQL: insert into "users" ("name", "email", "email_verified_at", "password", "remember_token", "region", "organisation_id", "is_committee_member", "is_voter", "can_vote", "has_voted", "id", "updated_at", "created_at") values (Prof. Ole Daniel MD, windler.terrence@example.net, 2026-05-31 08:57:04, $2y$10$92IXUNpkjO0rOQ5byMi.Ye4oKoEa3Ro9llC/.og/at2.uheWG/igi, R62K9D3P22, Oklahoma, 2fb5b0dd-4f0b-4c9e-ae2c-a27050ef1560, 0, 1, 1, 0, a1e8ed1a-bb9b-419f-99e4-0fa19cd94e17, 2026-05-31 08:57:04, 2026-05-31 08:57:04))[39;22m

  at [32mvendor\laravel\framework\src\Illuminate\Database\Connection.php[39m:[32m825[39m
    821▕                     $this->getName(), $query, $this->prepareBindings($bindings), $e
    822▕                 );
    823▕             }
    824▕ 
  ➜ 825▕             throw new QueryException(
    826▕                 $this->getName(), $query, $this->prepareBindings($bindings), $e
    827▕             );
    828▕         }
    829▕     }

  [33m1   [39m[39;1mvendor\laravel\framework\src\Illuminate\Database\Connection.php[39;22m:[39;1m825[39;22m

  [33m2   [39m[39;1mvendor\laravel\framework\src\Illuminate\Database\Connection.php[39;22m:[39;1m571[39;22m
  [90m    NunoMaduro\Collision\Exceptions\TestException::("SQLSTATE[42703]: Undefined column: 7 FEHLER:  Spalte »is_voter« von Relation »users« existiert nicht
LINE 1: ...egion", "organisation_id", "is_committee_member", "is_voter"...
                                                             ^")[39m

  [31m────────────────────────────────────────────────────────────────────────────────────────────────────────────────────[39m  
  [41;1m FAILED [49;22m [1mTests\Feature\Phase2VoteValidationTest[22m [90m>[39m closed election blocks voting                     [41;1m QueryException [49;22m  
[39;1m  SQLSTATE[42703]: Undefined column: 7 FEHLER:  Spalte »is_voter« von Relation »users« existiert nicht
LINE 1: ...egion", "organisation_id", "is_committee_member", "is_voter"...
                                                             ^ (Connection: pgsql, SQL: insert into "users" ("name", "email", "email_verified_at", "password", "remember_token", "region", "organisation_id", "is_committee_member", "is_voter", "can_vote", "has_voted", "id", "updated_at", "created_at") values (Ms. Josie Hane, borer.onie@example.net, 2026-05-31 08:57:04, $2y$10$92IXUNpkjO0rOQ5byMi.Ye4oKoEa3Ro9llC/.og/at2.uheWG/igi, EkuWP1qoIH, Michigan, 2fb5b0dd-4f0b-4c9e-ae2c-a27050ef1560, 0, 1, 1, 0, a1e8ed1b-2a3a-4662-bd63-2ef3bd171653, 2026-05-31 08:57:04, 2026-05-31 08:57:04))[39;22m

  at [32mvendor\laravel\framework\src\Illuminate\Database\Connection.php[39m:[32m825[39m
    821▕                     $this->getName(), $query, $this->prepareBindings($bindings), $e
    822▕                 );
    823▕             }
    824▕ 
  ➜ 825▕             throw new QueryException(
    826▕                 $this->getName(), $query, $this->prepareBindings($bindings), $e
    827▕             );
    828▕         }
    829▕     }

  [33m1   [39m[39;1mvendor\laravel\framework\src\Illuminate\Database\Connection.php[39;22m:[39;1m825[39;22m

  [33m2   [39m[39;1mvendor\laravel\framework\src\Illuminate\Database\Connection.php[39;22m:[39;1m571[39;22m
  [90m    NunoMaduro\Collision\Exceptions\TestException::("SQLSTATE[42703]: Undefined column: 7 FEHLER:  Spalte »is_voter« von Relation »users« existiert nicht
LINE 1: ...egion", "organisation_id", "is_committee_member", "is_voter"...
                                                             ^")[39m

  [31m────────────────────────────────────────────────────────────────────────────────────────────────────────────────────[39m  
  [41;1m FAILED [49;22m [1mTests\Feature\Phase2VoteValidationTest[22m [90m>[39m vote sanitization fixes inconsistent no vote fla… [41;1m QueryException [49;22m  
[39;1m  SQLSTATE[42703]: Undefined column: 7 FEHLER:  Spalte »is_voter« von Relation »users« existiert nicht
LINE 1: ...egion", "organisation_id", "is_committee_member", "is_voter"...
                                                             ^ (Connection: pgsql, SQL: insert into "users" ("name", "email", "email_verified_at", "password", "remember_token", "region", "organisation_id", "is_committee_member", "is_voter", "can_vote", "has_voted", "id", "updated_at", "created_at") values (Lonny Ortiz, tmacejkovic@example.com, 2026-05-31 08:57:04, $2y$10$92IXUNpkjO0rOQ5byMi.Ye4oKoEa3Ro9llC/.og/at2.uheWG/igi, jccTBBGMSt, Idaho, 2fb5b0dd-4f0b-4c9e-ae2c-a27050ef1560, 0, 1, 1, 0, a1e8ed1b-7957-4d85-a155-7c28f8e521bf, 2026-05-31 08:57:04, 2026-05-31 08:57:04))[39;22m

  at [32mvendor\laravel\framework\src\Illuminate\Database\Connection.php[39m:[32m825[39m
    821▕                     $this->getName(), $query, $this->prepareBindings($bindings), $e
    822▕                 );
    823▕             }
    824▕ 
  ➜ 825▕             throw new QueryException(
    826▕                 $this->getName(), $query, $this->prepareBindings($bindings), $e
    827▕             );
    828▕         }
    829▕     }

  [33m1   [39m[39;1mvendor\laravel\framework\src\Illuminate\Database\Connection.php[39;22m:[39;1m825[39;22m

  [33m2   [39m[39;1mvendor\laravel\framework\src\Illuminate\Database\Connection.php[39;22m:[39;1m571[39;22m
  [90m    NunoMaduro\Collision\Exceptions\TestException::("SQLSTATE[42703]: Undefined column: 7 FEHLER:  Spalte »is_voter« von Relation »users« existiert nicht
LINE 1: ...egion", "organisation_id", "is_committee_member", "is_voter"...
                                                             ^")[39m

  [31m────────────────────────────────────────────────────────────────────────────────────────────────────────────────────[39m  
  [41;1m FAILED [49;22m [1mTests\Feature\Phase3VoteStorageVerificationTest[22m [90m>[39m vote record stored in votes table        [41;1m QueryException [49;22m  
[39;1m  SQLSTATE[42703]: Undefined column: 7 FEHLER:  Spalte »is_voter« von Relation »users« existiert nicht
LINE 1: ...egion", "organisation_id", "is_committee_member", "is_voter"...
                                                             ^ (Connection: pgsql, SQL: insert into "users" ("name", "email", "email_verified_at", "password", "remember_token", "region", "organisation_id", "is_committee_member", "is_voter", "can_vote", "has_voted", "id", "updated_at", "created_at") values (Mr. Nicholaus Rice II, mwisoky@example.net, 2026-05-31 08:57:05, $2y$10$92IXUNpkjO0rOQ5byMi.Ye4oKoEa3Ro9llC/.og/at2.uheWG/igi, 7CQgMctAZN, New Jersey, 2fb5b0dd-4f0b-4c9e-ae2c-a27050ef1560, 0, 1, 1, 0, a1e8ed1b-d98e-48de-8b00-917e48af1980, 2026-05-31 08:57:05, 2026-05-31 08:57:05))[39;22m

  at [32mvendor\laravel\framework\src\Illuminate\Database\Connection.php[39m:[32m825[39m
    821▕                     $this->getName(), $query, $this->prepareBindings($bindings), $e
    822▕                 );
    823▕             }
    824▕ 
  ➜ 825▕             throw new QueryException(
    826▕                 $this->getName(), $query, $this->prepareBindings($bindings), $e
    827▕             );
    828▕         }
    829▕     }

  [33m1   [39m[39;1mvendor\laravel\framework\src\Illuminate\Database\Connection.php[39;22m:[39;1m825[39;22m

  [33m2   [39m[39;1mvendor\laravel\framework\src\Illuminate\Database\Connection.php[39;22m:[39;1m571[39;22m
  [90m    NunoMaduro\Collision\Exceptions\TestException::("SQLSTATE[42703]: Undefined column: 7 FEHLER:  Spalte »is_voter« von Relation »users« existiert nicht
LINE 1: ...egion", "organisation_id", "is_committee_member", "is_voter"...
                                                             ^")[39m

  [31m────────────────────────────────────────────────────────────────────────────────────────────────────────────────────[39m  
  [41;1m FAILED [49;22m [1mTests\Feature\Phase3VoteStorageVerificationTest[22m [90m>[39m real election vote not in demo votes ta… [41;1m QueryException [49;22m  
[39;1m  SQLSTATE[42703]: Undefined column: 7 FEHLER:  Spalte »is_voter« von Relation »users« existiert nicht
LINE 1: ...egion", "organisation_id", "is_committee_member", "is_voter"...
                                                             ^ (Connection: pgsql, SQL: insert into "users" ("name", "email", "email_verified_at", "password", "remember_token", "region", "organisation_id", "is_committee_member", "is_voter", "can_vote", "has_voted", "id", "updated_at", "created_at") values (Mr. Amani Cronin III, karianne77@example.com, 2026-05-31 08:57:05, $2y$10$92IXUNpkjO0rOQ5byMi.Ye4oKoEa3Ro9llC/.og/at2.uheWG/igi, o5XrJ4bq5U, Virginia, 2fb5b0dd-4f0b-4c9e-ae2c-a27050ef1560, 0, 1, 1, 0, a1e8ed1c-1b86-4351-9101-39c6c914cdd9, 2026-05-31 08:57:05, 2026-05-31 08:57:05))[39;22m

  at [32mvendor\laravel\framework\src\Illuminate\Database\Connection.php[39m:[32m825[39m
    821▕                     $this->getName(), $query, $this->prepareBindings($bindings), $e
    822▕                 );
    823▕             }
    824▕ 
  ➜ 825▕             throw new QueryException(
    826▕                 $this->getName(), $query, $this->prepareBindings($bindings), $e
    827▕             );
    828▕         }
    829▕     }

  [33m1   [39m[39;1mvendor\laravel\framework\src\Illuminate\Database\Connection.php[39;22m:[39;1m825[39;22m

  [33m2   [39m[39;1mvendor\laravel\framework\src\Illuminate\Database\Connection.php[39;22m:[39;1m571[39;22m
  [90m    NunoMaduro\Collision\Exceptions\TestException::("SQLSTATE[42703]: Undefined column: 7 FEHLER:  Spalte »is_voter« von Relation »users« existiert nicht
LINE 1: ...egion", "organisation_id", "is_committee_member", "is_voter"...
                                                             ^")[39m

  [31m────────────────────────────────────────────────────────────────────────────────────────────────────────────────────[39m  
  [41;1m FAILED [49;22m [1mTests\Feature\Phase3VoteStorageVerificationTest[22m [90m>[39m demo election vote stored in demo votes… [41;1m QueryException [49;22m  
[39;1m  SQLSTATE[42703]: Undefined column: 7 FEHLER:  Spalte »is_voter« von Relation »users« existiert nicht
LINE 1: ...egion", "organisation_id", "is_committee_member", "is_voter"...
                                                             ^ (Connection: pgsql, SQL: insert into "users" ("name", "email", "email_verified_at", "password", "remember_token", "region", "organisation_id", "is_committee_member", "is_voter", "can_vote", "has_voted", "id", "updated_at", "created_at") values (Lilyan Koepp, kblick@example.net, 2026-05-31 08:57:05, $2y$10$92IXUNpkjO0rOQ5byMi.Ye4oKoEa3Ro9llC/.og/at2.uheWG/igi, AKo2Es1ILY, Missouri, 2fb5b0dd-4f0b-4c9e-ae2c-a27050ef1560, 0, 1, 1, 0, a1e8ed1c-5ea9-4534-a553-c3d53d93146e, 2026-05-31 08:57:05, 2026-05-31 08:57:05))[39;22m

  at [32mvendor\laravel\framework\src\Illuminate\Database\Connection.php[39m:[32m825[39m
    821▕                     $this->getName(), $query, $this->prepareBindings($bindings), $e
    822▕                 );
    823▕             }
    824▕ 
  ➜ 825▕             throw new QueryException(
    826▕                 $this->getName(), $query, $this->prepareBindings($bindings), $e
    827▕             );
    828▕         }
    829▕     }

  [33m1   [39m[39;1mvendor\laravel\framework\src\Illuminate\Database\Connection.php[39;22m:[39;1m825[39;22m

  [33m2   [39m[39;1mvendor\laravel\framework\src\Illuminate\Database\Connection.php[39;22m:[39;1m571[39;22m
  [90m    NunoMaduro\Collision\Exceptions\TestException::("SQLSTATE[42703]: Undefined column: 7 FEHLER:  Spalte »is_voter« von Relation »users« existiert nicht
LINE 1: ...egion", "organisation_id", "is_committee_member", "is_voter"...
                                                             ^")[39m

  [31m────────────────────────────────────────────────────────────────────────────────────────────────────────────────────[39m  
  [41;1m FAILED [49;22m [1mTests\Feature\Phase3VoteStorageVerificationTest[22m [90m>[39m vote json structure integrity            [41;1m QueryException [49;22m  
[39;1m  SQLSTATE[42703]: Undefined column: 7 FEHLER:  Spalte »is_voter« von Relation »users« existiert nicht
LINE 1: ...egion", "organisation_id", "is_committee_member", "is_voter"...
                                                             ^ (Connection: pgsql, SQL: insert into "users" ("name", "email", "email_verified_at", "password", "remember_token", "region", "organisation_id", "is_committee_member", "is_voter", "can_vote", "has_voted", "id", "updated_at", "created_at") values (Jarrell Stracke, nelle.grant@example.net, 2026-05-31 08:57:05, $2y$10$92IXUNpkjO0rOQ5byMi.Ye4oKoEa3Ro9llC/.og/at2.uheWG/igi, ijoN6zBeUE, North Dakota, 2fb5b0dd-4f0b-4c9e-ae2c-a27050ef1560, 0, 1, 1, 0, a1e8ed1c-a4d5-4eff-87e3-c896a3827477, 2026-05-31 08:57:05, 2026-05-31 08:57:05))[39;22m

  at [32mvendor\laravel\framework\src\Illuminate\Database\Connection.php[39m:[32m825[39m
    821▕                     $this->getName(), $query, $this->prepareBindings($bindings), $e
    822▕                 );
    823▕             }
    824▕ 
  ➜ 825▕             throw new QueryException(
    826▕                 $this->getName(), $query, $this->prepareBindings($bindings), $e
    827▕             );
    828▕         }
    829▕     }

  [33m1   [39m[39;1mvendor\laravel\framework\src\Illuminate\Database\Connection.php[39;22m:[39;1m825[39;22m

  [33m2   [39m[39;1mvendor\laravel\framework\src\Illuminate\Database\Connection.php[39;22m:[39;1m571[39;22m
  [90m    NunoMaduro\Collision\Exceptions\TestException::("SQLSTATE[42703]: Undefined column: 7 FEHLER:  Spalte »is_voter« von Relation »users« existiert nicht
LINE 1: ...egion", "organisation_id", "is_committee_member", "is_voter"...
                                                             ^")[39m

  [31m────────────────────────────────────────────────────────────────────────────────────────────────────────────────────[39m  
  [41;1m FAILED [49;22m [1mTests\Feature\Phase3VoteStorageVerificationTest[22m [90m>[39m multiple votes from same voter tracked   [41;1m QueryException [49;22m  
[39;1m  SQLSTATE[42703]: Undefined column: 7 FEHLER:  Spalte »is_voter« von Relation »users« existiert nicht
LINE 1: ...egion", "organisation_id", "is_committee_member", "is_voter"...
                                                             ^ (Connection: pgsql, SQL: insert into "users" ("name", "email", "email_verified_at", "password", "remember_token", "region", "organisation_id", "is_committee_member", "is_voter", "can_vote", "has_voted", "id", "updated_at", "created_at") values (Solon Leannon I, fhickle@example.net, 2026-05-31 08:57:05, $2y$10$92IXUNpkjO0rOQ5byMi.Ye4oKoEa3Ro9llC/.og/at2.uheWG/igi, RNuJC1I5CL, Washington, 2fb5b0dd-4f0b-4c9e-ae2c-a27050ef1560, 0, 1, 1, 0, a1e8ed1c-ed82-4aa8-a67a-8ee60c5f4e31, 2026-05-31 08:57:05, 2026-05-31 08:57:05))[39;22m

  at [32mvendor\laravel\framework\src\Illuminate\Database\Connection.php[39m:[32m825[39m
    821▕                     $this->getName(), $query, $this->prepareBindings($bindings), $e
    822▕                 );
    823▕             }
    824▕ 
  ➜ 825▕             throw new QueryException(
    826▕                 $this->getName(), $query, $this->prepareBindings($bindings), $e
    827▕             );
    828▕         }
    829▕     }

  [33m1   [39m[39;1mvendor\laravel\framework\src\Illuminate\Database\Connection.php[39;22m:[39;1m825[39;22m

  [33m2   [39m[39;1mvendor\laravel\framework\src\Illuminate\Database\Connection.php[39;22m:[39;1m571[39;22m
  [90m    NunoMaduro\Collision\Exceptions\TestException::("SQLSTATE[42703]: Undefined column: 7 FEHLER:  Spalte »is_voter« von Relation »users« existiert nicht
LINE 1: ...egion", "organisation_id", "is_committee_member", "is_voter"...
                                                             ^")[39m

  [31m────────────────────────────────────────────────────────────────────────────────────────────────────────────────────[39m  
  [41;1m FAILED [49;22m [1mTests\Feature\Phase3VoteStorageVerificationTest[22m [90m>[39m vote has correct election id             [41;1m QueryException [49;22m  
[39;1m  SQLSTATE[42703]: Undefined column: 7 FEHLER:  Spalte »is_voter« von Relation »users« existiert nicht
LINE 1: ...egion", "organisation_id", "is_committee_member", "is_voter"...
                                                             ^ (Connection: pgsql, SQL: insert into "users" ("name", "email", "email_verified_at", "password", "remember_token", "region", "organisation_id", "is_committee_member", "is_voter", "can_vote", "has_voted", "id", "updated_at", "created_at") values (Clovis Huel Jr., kreiger.tevin@example.org, 2026-05-31 08:57:06, $2y$10$92IXUNpkjO0rOQ5byMi.Ye4oKoEa3Ro9llC/.og/at2.uheWG/igi, 0ISUU647Ll, Pennsylvania, 2fb5b0dd-4f0b-4c9e-ae2c-a27050ef1560, 0, 1, 1, 0, a1e8ed1d-4982-486b-a8cd-b92e2475ace0, 2026-05-31 08:57:06, 2026-05-31 08:57:06))[39;22m

  at [32mvendor\laravel\framework\src\Illuminate\Database\Connection.php[39m:[32m825[39m
    821▕                     $this->getName(), $query, $this->prepareBindings($bindings), $e
    822▕                 );
    823▕             }
    824▕ 
  ➜ 825▕             throw new QueryException(
    826▕                 $this->getName(), $query, $this->prepareBindings($bindings), $e
    827▕             );
    828▕         }
    829▕     }

  [33m1   [39m[39;1mvendor\laravel\framework\src\Illuminate\Database\Connection.php[39;22m:[39;1m825[39;22m

  [33m2   [39m[39;1mvendor\laravel\framework\src\Illuminate\Database\Connection.php[39;22m:[39;1m571[39;22m
  [90m    NunoMaduro\Collision\Exceptions\TestException::("SQLSTATE[42703]: Undefined column: 7 FEHLER:  Spalte »is_voter« von Relation »users« existiert nicht
LINE 1: ...egion", "organisation_id", "is_committee_member", "is_voter"...
                                                             ^")[39m

  [31m────────────────────────────────────────────────────────────────────────────────────────────────────────────────────[39m  
  [41;1m FAILED [49;22m [1mTests\Feature\Phase3VoteStorageVerificationTest[22m [90m>[39m vote links to correct code               [41;1m QueryException [49;22m  
[39;1m  SQLSTATE[42703]: Undefined column: 7 FEHLER:  Spalte »is_voter« von Relation »users« existiert nicht
LINE 1: ...egion", "organisation_id", "is_committee_member", "is_voter"...
                                                             ^ (Connection: pgsql, SQL: insert into "users" ("name", "email", "email_verified_at", "password", "remember_token", "region", "organisation_id", "is_committee_member", "is_voter", "can_vote", "has_voted", "id", "updated_at", "created_at") values (Beryl Bogisich, ally.carroll@example.net, 2026-05-31 08:57:06, $2y$10$92IXUNpkjO0rOQ5byMi.Ye4oKoEa3Ro9llC/.og/at2.uheWG/igi, fXZVPgaUbw, Rhode Island, 2fb5b0dd-4f0b-4c9e-ae2c-a27050ef1560, 0, 1, 1, 0, a1e8ed1d-8aa5-4b34-bc9f-ca0ac0f5e8a3, 2026-05-31 08:57:06, 2026-05-31 08:57:06))[39;22m

  at [32mvendor\laravel\framework\src\Illuminate\Database\Connection.php[39m:[32m825[39m
    821▕                     $this->getName(), $query, $this->prepareBindings($bindings), $e
    822▕                 );
    823▕             }
    824▕ 
  ➜ 825▕             throw new QueryException(
    826▕                 $this->getName(), $query, $this->prepareBindings($bindings), $e
    827▕             );
    828▕         }
    829▕     }

  [33m1   [39m[39;1mvendor\laravel\framework\src\Illuminate\Database\Connection.php[39;22m:[39;1m825[39;22m

  [33m2   [39m[39;1mvendor\laravel\framework\src\Illuminate\Database\Connection.php[39;22m:[39;1m571[39;22m
  [90m    NunoMaduro\Collision\Exceptions\TestException::("SQLSTATE[42703]: Undefined column: 7 FEHLER:  Spalte »is_voter« von Relation »users« existiert nicht
LINE 1: ...egion", "organisation_id", "is_committee_member", "is_voter"...
                                                             ^")[39m

  [31m────────────────────────────────────────────────────────────────────────────────────────────────────────────────────[39m  
  [41;1m FAILED [49;22m [1mTests\Feature\Phase3VoteStorageVerificationTest[22m [90m>[39m has voted flag set after vote stored     [41;1m QueryException [49;22m  
[39;1m  SQLSTATE[42703]: Undefined column: 7 FEHLER:  Spalte »is_voter« von Relation »users« existiert nicht
LINE 1: ...egion", "organisation_id", "is_committee_member", "is_voter"...
                                                             ^ (Connection: pgsql, SQL: insert into "users" ("name", "email", "email_verified_at", "password", "remember_token", "region", "organisation_id", "is_committee_member", "is_voter", "can_vote", "has_voted", "id", "updated_at", "created_at") values (Rex Nicolas, vinnie64@example.com, 2026-05-31 08:57:06, $2y$10$92IXUNpkjO0rOQ5byMi.Ye4oKoEa3Ro9llC/.og/at2.uheWG/igi, 6Qie7DDEQb, Illinois, 2fb5b0dd-4f0b-4c9e-ae2c-a27050ef1560, 0, 1, 1, 0, a1e8ed1d-cd86-4c54-8d9b-ef763b5c2688, 2026-05-31 08:57:06, 2026-05-31 08:57:06))[39;22m

  at [32mvendor\laravel\framework\src\Illuminate\Database\Connection.php[39m:[32m825[39m
    821▕                     $this->getName(), $query, $this->prepareBindings($bindings), $e
    822▕                 );
    823▕             }
    824▕ 
  ➜ 825▕             throw new QueryException(
    826▕                 $this->getName(), $query, $this->prepareBindings($bindings), $e
    827▕             );
    828▕         }
    829▕     }

  [33m1   [39m[39;1mvendor\laravel\framework\src\Illuminate\Database\Connection.php[39;22m:[39;1m825[39;22m

  [33m2   [39m[39;1mvendor\laravel\framework\src\Illuminate\Database\Connection.php[39;22m:[39;1m571[39;22m
  [90m    NunoMaduro\Collision\Exceptions\TestException::("SQLSTATE[42703]: Undefined column: 7 FEHLER:  Spalte »is_voter« von Relation »users« existiert nicht
LINE 1: ...egion", "organisation_id", "is_committee_member", "is_voter"...
                                                             ^")[39m

  [31m────────────────────────────────────────────────────────────────────────────────────────────────────────────────────[39m  
  [41;1m FAILED [49;22m [1mTests\Feature\Phase4StateManagementTest[22m [90m>[39m initial code state                               [41;1m QueryException [49;22m  
[39;1m  SQLSTATE[42703]: Undefined column: 7 FEHLER:  Spalte »is_voter« von Relation »users« existiert nicht
LINE 1: ...egion", "organisation_id", "is_committee_member", "is_voter"...
                                                             ^ (Connection: pgsql, SQL: insert into "users" ("name", "email", "email_verified_at", "password", "remember_token", "region", "organisation_id", "is_committee_member", "is_voter", "can_vote", "has_voted", "id", "updated_at", "created_at") values (Miss Meghan Volkman, gerhold.leonard@example.com, 2026-05-31 08:57:06, $2y$10$92IXUNpkjO0rOQ5byMi.Ye4oKoEa3Ro9llC/.og/at2.uheWG/igi, jE2LsnEFqn, Pennsylvania, 2fb5b0dd-4f0b-4c9e-ae2c-a27050ef1560, 0, 1, 1, 0, a1e8ed1e-1eed-4ce4-bca8-60d5237035a8, 2026-05-31 08:57:06, 2026-05-31 08:57:06))[39;22m

  at [32mvendor\laravel\framework\src\Illuminate\Database\Connection.php[39m:[32m825[39m
    821▕                     $this->getName(), $query, $this->prepareBindings($bindings), $e
    822▕                 );
    823▕             }
    824▕ 
  ➜ 825▕             throw new QueryException(
    826▕                 $this->getName(), $query, $this->prepareBindings($bindings), $e
    827▕             );
    828▕         }
    829▕     }

  [33m1   [39m[39;1mvendor\laravel\framework\src\Illuminate\Database\Connection.php[39;22m:[39;1m825[39;22m

  [33m2   [39m[39;1mvendor\laravel\framework\src\Illuminate\Database\Connection.php[39;22m:[39;1m571[39;22m
  [90m    NunoMaduro\Collision\Exceptions\TestException::("SQLSTATE[42703]: Undefined column: 7 FEHLER:  Spalte »is_voter« von Relation »users« existiert nicht
LINE 1: ...egion", "organisation_id", "is_committee_member", "is_voter"...
                                                             ^")[39m

  [31m────────────────────────────────────────────────────────────────────────────────────────────────────────────────────[39m  
  [41;1m FAILED [49;22m [1mTests\Feature\Phase4StateManagementTest[22m [90m>[39m code state updates after vote submit             [41;1m QueryException [49;22m  
[39;1m  SQLSTATE[42703]: Undefined column: 7 FEHLER:  Spalte »is_voter« von Relation »users« existiert nicht
LINE 1: ...egion", "organisation_id", "is_committee_member", "is_voter"...
                                                             ^ (Connection: pgsql, SQL: insert into "users" ("name", "email", "email_verified_at", "password", "remember_token", "region", "organisation_id", "is_committee_member", "is_voter", "can_vote", "has_voted", "id", "updated_at", "created_at") values (Kevin Johns, wolff.filomena@example.net, 2026-05-31 08:57:06, $2y$10$92IXUNpkjO0rOQ5byMi.Ye4oKoEa3Ro9llC/.og/at2.uheWG/igi, IkKT3UO1GZ, Colorado, 2fb5b0dd-4f0b-4c9e-ae2c-a27050ef1560, 0, 1, 1, 0, a1e8ed1e-97db-4559-97b8-9422ea07e8d2, 2026-05-31 08:57:06, 2026-05-31 08:57:06))[39;22m

  at [32mvendor\laravel\framework\src\Illuminate\Database\Connection.php[39m:[32m825[39m
    821▕                     $this->getName(), $query, $this->prepareBindings($bindings), $e
    822▕                 );
    823▕             }
    824▕ 
  ➜ 825▕             throw new QueryException(
    826▕                 $this->getName(), $query, $this->prepareBindings($bindings), $e
    827▕             );
    828▕         }
    829▕     }

  [33m1   [39m[39;1mvendor\laravel\framework\src\Illuminate\Database\Connection.php[39;22m:[39;1m825[39;22m

  [33m2   [39m[39;1mvendor\laravel\framework\src\Illuminate\Database\Connection.php[39;22m:[39;1m571[39;22m
  [90m    NunoMaduro\Collision\Exceptions\TestException::("SQLSTATE[42703]: Undefined column: 7 FEHLER:  Spalte »is_voter« von Relation »users« existiert nicht
LINE 1: ...egion", "organisation_id", "is_committee_member", "is_voter"...
                                                             ^")[39m

  [31m────────────────────────────────────────────────────────────────────────────────────────────────────────────────────[39m  
  [41;1m FAILED [49;22m [1mTests\Feature\Phase4StateManagementTest[22m [90m>[39m code has voted flag set on confirmation          [41;1m QueryException [49;22m  
[39;1m  SQLSTATE[42703]: Undefined column: 7 FEHLER:  Spalte »is_voter« von Relation »users« existiert nicht
LINE 1: ...egion", "organisation_id", "is_committee_member", "is_voter"...
                                                             ^ (Connection: pgsql, SQL: insert into "users" ("name", "email", "email_verified_at", "password", "remember_token", "region", "organisation_id", "is_committee_member", "is_voter", "can_vote", "has_voted", "id", "updated_at", "created_at") values (Annamae Feeney IV, farrell.ludwig@example.com, 2026-05-31 08:57:07, $2y$10$92IXUNpkjO0rOQ5byMi.Ye4oKoEa3Ro9llC/.og/at2.uheWG/igi, K8QvE1E4Jb, Tennessee, 2fb5b0dd-4f0b-4c9e-ae2c-a27050ef1560, 0, 1, 1, 0, a1e8ed1e-e728-438c-ae28-080e0fa8e100, 2026-05-31 08:57:07, 2026-05-31 08:57:07))[39;22m

  at [32mvendor\laravel\framework\src\Illuminate\Database\Connection.php[39m:[32m825[39m
    821▕                     $this->getName(), $query, $this->prepareBindings($bindings), $e
    822▕                 );
    823▕             }
    824▕ 
  ➜ 825▕             throw new QueryException(
    826▕                 $this->getName(), $query, $this->prepareBindings($bindings), $e
    827▕             );
    828▕         }
    829▕     }

  [33m1   [39m[39;1mvendor\laravel\framework\src\Illuminate\Database\Connection.php[39;22m:[39;1m825[39;22m

  [33m2   [39m[39;1mvendor\laravel\framework\src\Illuminate\Database\Connection.php[39;22m:[39;1m571[39;22m
  [90m    NunoMaduro\Collision\Exceptions\TestException::("SQLSTATE[42703]: Undefined column: 7 FEHLER:  Spalte »is_voter« von Relation »users« existiert nicht
LINE 1: ...egion", "organisation_id", "is_committee_member", "is_voter"...
                                                             ^")[39m

  [31m────────────────────────────────────────────────────────────────────────────────────────────────────────────────────[39m  
  [41;1m FAILED [49;22m [1mTests\Feature\Phase4StateManagementTest[22m [90m>[39m code state transition sequence                   [41;1m QueryException [49;22m  
[39;1m  SQLSTATE[42703]: Undefined column: 7 FEHLER:  Spalte »is_voter« von Relation »users« existiert nicht
LINE 1: ...egion", "organisation_id", "is_committee_member", "is_voter"...
                                                             ^ (Connection: pgsql, SQL: insert into "users" ("name", "email", "email_verified_at", "password", "remember_token", "region", "organisation_id", "is_committee_member", "is_voter", "can_vote", "has_voted", "id", "updated_at", "created_at") values (Jaeden Koch, baufderhar@example.org, 2026-05-31 08:57:07, $2y$10$92IXUNpkjO0rOQ5byMi.Ye4oKoEa3Ro9llC/.og/at2.uheWG/igi, aq0QIMxufH, Texas, 2fb5b0dd-4f0b-4c9e-ae2c-a27050ef1560, 0, 1, 1, 0, a1e8ed1f-260d-4451-98ba-92e44e19688f, 2026-05-31 08:57:07, 2026-05-31 08:57:07))[39;22m

  at [32mvendor\laravel\framework\src\Illuminate\Database\Connection.php[39m:[32m825[39m
    821▕                     $this->getName(), $query, $this->prepareBindings($bindings), $e
    822▕                 );
    823▕             }
    824▕ 
  ➜ 825▕             throw new QueryException(
    826▕                 $this->getName(), $query, $this->prepareBindings($bindings), $e
    827▕             );
    828▕         }
    829▕     }

  [33m1   [39m[39;1mvendor\laravel\framework\src\Illuminate\Database\Connection.php[39;22m:[39;1m825[39;22m

  [33m2   [39m[39;1mvendor\laravel\framework\src\Illuminate\Database\Connection.php[39;22m:[39;1m571[39;22m
  [90m    NunoMaduro\Collision\Exceptions\TestException::("SQLSTATE[42703]: Undefined column: 7 FEHLER:  Spalte »is_voter« von Relation »users« existiert nicht
LINE 1: ...egion", "organisation_id", "is_committee_member", "is_voter"...
                                                             ^")[39m

  [31m────────────────────────────────────────────────────────────────────────────────────────────────────────────────────[39m  
  [41;1m FAILED [49;22m [1mTests\Feature\Phase4StateManagementTest[22m [90m>[39m voter slug step progression                      [41;1m QueryException [49;22m  
[39;1m  SQLSTATE[42703]: Undefined column: 7 FEHLER:  Spalte »is_voter« von Relation »users« existiert nicht
LINE 1: ...egion", "organisation_id", "is_committee_member", "is_voter"...
                                                             ^ (Connection: pgsql, SQL: insert into "users" ("name", "email", "email_verified_at", "password", "remember_token", "region", "organisation_id", "is_committee_member", "is_voter", "can_vote", "has_voted", "id", "updated_at", "created_at") values (Romaine Gottlieb, mercedes66@example.org, 2026-05-31 08:57:07, $2y$10$92IXUNpkjO0rOQ5byMi.Ye4oKoEa3Ro9llC/.og/at2.uheWG/igi, J8CJYvaKZ8, South Carolina, 2fb5b0dd-4f0b-4c9e-ae2c-a27050ef1560, 0, 1, 1, 0, a1e8ed1f-645b-4844-a6e7-320fd3053057, 2026-05-31 08:57:07, 2026-05-31 08:57:07))[39;22m

  at [32mvendor\laravel\framework\src\Illuminate\Database\Connection.php[39m:[32m825[39m
    821▕                     $this->getName(), $query, $this->prepareBindings($bindings), $e
    822▕                 );
    823▕             }
    824▕ 
  ➜ 825▕             throw new QueryException(
    826▕                 $this->getName(), $query, $this->prepareBindings($bindings), $e
    827▕             );
    828▕         }
    829▕     }

  [33m1   [39m[39;1mvendor\laravel\framework\src\Illuminate\Database\Connection.php[39;22m:[39;1m825[39;22m

  [33m2   [39m[39;1mvendor\laravel\framework\src\Illuminate\Database\Connection.php[39;22m:[39;1m571[39;22m
  [90m    NunoMaduro\Collision\Exceptions\TestException::("SQLSTATE[42703]: Undefined column: 7 FEHLER:  Spalte »is_voter« von Relation »users« existiert nicht
LINE 1: ...egion", "organisation_id", "is_committee_member", "is_voter"...
                                                             ^")[39m

  [31m────────────────────────────────────────────────────────────────────────────────────────────────────────────────────[39m  
  [41;1m FAILED [49;22m [1mTests\Feature\Phase4StateManagementTest[22m [90m>[39m voter state independence                         [41;1m QueryException [49;22m  
[39;1m  SQLSTATE[42703]: Undefined column: 7 FEHLER:  Spalte »is_voter« von Relation »users« existiert nicht
LINE 1: ...egion", "organisation_id", "is_committee_member", "is_voter"...
                                                             ^ (Connection: pgsql, SQL: insert into "users" ("name", "email", "email_verified_at", "password", "remember_token", "region", "organisation_id", "is_committee_member", "is_voter", "can_vote", "has_voted", "id", "updated_at", "created_at") values (Hosea Braun, pascale.dare@example.org, 2026-05-31 08:57:07, $2y$10$92IXUNpkjO0rOQ5byMi.Ye4oKoEa3Ro9llC/.og/at2.uheWG/igi, zwjd09zBNz, Michigan, 2fb5b0dd-4f0b-4c9e-ae2c-a27050ef1560, 0, 1, 1, 0, a1e8ed1f-a570-497e-8b75-0b9a38d972a9, 2026-05-31 08:57:07, 2026-05-31 08:57:07))[39;22m

  at [32mvendor\laravel\framework\src\Illuminate\Database\Connection.php[39m:[32m825[39m
    821▕                     $this->getName(), $query, $this->prepareBindings($bindings), $e
    822▕                 );
    823▕             }
    824▕ 
  ➜ 825▕             throw new QueryException(
    826▕                 $this->getName(), $query, $this->prepareBindings($bindings), $e
    827▕             );
    828▕         }
    829▕     }

  [33m1   [39m[39;1mvendor\laravel\framework\src\Illuminate\Database\Connection.php[39;22m:[39;1m825[39;22m

  [33m2   [39m[39;1mvendor\laravel\framework\src\Illuminate\Database\Connection.php[39;22m:[39;1m571[39;22m
  [90m    NunoMaduro\Collision\Exceptions\TestException::("SQLSTATE[42703]: Undefined column: 7 FEHLER:  Spalte »is_voter« von Relation »users« existiert nicht
LINE 1: ...egion", "organisation_id", "is_committee_member", "is_voter"...
                                                             ^")[39m

  [31m────────────────────────────────────────────────────────────────────────────────────────────────────────────────────[39m  
  [41;1m FAILED [49;22m [1mTests\Feature\Phase4StateManagementTest[22m [90m>[39m code state persistence                           [41;1m QueryException [49;22m  
[39;1m  SQLSTATE[42703]: Undefined column: 7 FEHLER:  Spalte »is_voter« von Relation »users« existiert nicht
LINE 1: ...egion", "organisation_id", "is_committee_member", "is_voter"...
                                                             ^ (Connection: pgsql, SQL: insert into "users" ("name", "email", "email_verified_at", "password", "remember_token", "region", "organisation_id", "is_committee_member", "is_voter", "can_vote", "has_voted", "id", "updated_at", "created_at") values (Lori Howe, abraham66@example.com, 2026-05-31 08:57:07, $2y$10$92IXUNpkjO0rOQ5byMi.Ye4oKoEa3Ro9llC/.og/at2.uheWG/igi, nU6vtk0ooX, Arizona, 2fb5b0dd-4f0b-4c9e-ae2c-a27050ef1560, 0, 1, 1, 0, a1e8ed1f-f3cd-4219-a1ff-93e29952a50a, 2026-05-31 08:57:07, 2026-05-31 08:57:07))[39;22m

  at [32mvendor\laravel\framework\src\Illuminate\Database\Connection.php[39m:[32m825[39m
    821▕                     $this->getName(), $query, $this->prepareBindings($bindings), $e
    822▕                 );
    823▕             }
    824▕ 
  ➜ 825▕             throw new QueryException(
    826▕                 $this->getName(), $query, $this->prepareBindings($bindings), $e
    827▕             );
    828▕         }
    829▕     }

  [33m1   [39m[39;1mvendor\laravel\framework\src\Illuminate\Database\Connection.php[39;22m:[39;1m825[39;22m

  [33m2   [39m[39;1mvendor\laravel\framework\src\Illuminate\Database\Connection.php[39;22m:[39;1m571[39;22m
  [90m    NunoMaduro\Collision\Exceptions\TestException::("SQLSTATE[42703]: Undefined column: 7 FEHLER:  Spalte »is_voter« von Relation »users« existiert nicht
LINE 1: ...egion", "organisation_id", "is_committee_member", "is_voter"...
                                                             ^")[39m

  [31m────────────────────────────────────────────────────────────────────────────────────────────────────────────────────[39m  
  [41;1m FAILED [49;22m [1mTests\Feature\Phase4StateManagementTest[22m [90m>[39m state transition atomicity                       [41;1m QueryException [49;22m  
[39;1m  SQLSTATE[42703]: Undefined column: 7 FEHLER:  Spalte »is_voter« von Relation »users« existiert nicht
LINE 1: ...egion", "organisation_id", "is_committee_member", "is_voter"...
                                                             ^ (Connection: pgsql, SQL: insert into "users" ("name", "email", "email_verified_at", "password", "remember_token", "region", "organisation_id", "is_committee_member", "is_voter", "can_vote", "has_voted", "id", "updated_at", "created_at") values (Addison Lynch, ckreiger@example.net, 2026-05-31 08:57:07, $2y$10$92IXUNpkjO0rOQ5byMi.Ye4oKoEa3Ro9llC/.og/at2.uheWG/igi, aObJBazyDt, Wyoming, 2fb5b0dd-4f0b-4c9e-ae2c-a27050ef1560, 0, 1, 1, 0, a1e8ed20-324e-45c8-926f-e204321510aa, 2026-05-31 08:57:07, 2026-05-31 08:57:07))[39;22m

  at [32mvendor\laravel\framework\src\Illuminate\Database\Connection.php[39m:[32m825[39m
    821▕                     $this->getName(), $query, $this->prepareBindings($bindings), $e
    822▕                 );
    823▕             }
    824▕ 
  ➜ 825▕             throw new QueryException(
    826▕                 $this->getName(), $query, $this->prepareBindings($bindings), $e
    827▕             );
    828▕         }
    829▕     }

  [33m1   [39m[39;1mvendor\laravel\framework\src\Illuminate\Database\Connection.php[39;22m:[39;1m825[39;22m

  [33m2   [39m[39;1mvendor\laravel\framework\src\Illuminate\Database\Connection.php[39;22m:[39;1m571[39;22m
  [90m    NunoMaduro\Collision\Exceptions\TestException::("SQLSTATE[42703]: Undefined column: 7 FEHLER:  Spalte »is_voter« von Relation »users« existiert nicht
LINE 1: ...egion", "organisation_id", "is_committee_member", "is_voter"...
                                                             ^")[39m

  [31m────────────────────────────────────────────────────────────────────────────────────────────────────────────────────[39m  
  [41;1m FAILED [49;22m [1mTests\Feature\Phase5ErrorHandlingTest[22m [90m>[39m invalid candidacy selection rejected               [41;1m QueryException [49;22m  
[39;1m  SQLSTATE[42703]: Undefined column: 7 FEHLER:  Spalte »is_voter« von Relation »users« existiert nicht
LINE 1: ...egion", "organisation_id", "is_committee_member", "is_voter"...
                                                             ^ (Connection: pgsql, SQL: insert into "users" ("name", "email", "email_verified_at", "password", "remember_token", "region", "organisation_id", "is_committee_member", "is_voter", "can_vote", "id", "updated_at", "created_at") values (Norris Stanton, strosin.erica@example.org, 2026-05-31 08:57:08, $2y$10$92IXUNpkjO0rOQ5byMi.Ye4oKoEa3Ro9llC/.og/at2.uheWG/igi, KqWqmyk0AE, District of Columbia, 2fb5b0dd-4f0b-4c9e-ae2c-a27050ef1560, 0, 1, 1, a1e8ed20-a59d-4720-99ec-156600898dd8, 2026-05-31 08:57:08, 2026-05-31 08:57:08))[39;22m

  at [32mvendor\laravel\framework\src\Illuminate\Database\Connection.php[39m:[32m825[39m
    821▕                     $this->getName(), $query, $this->prepareBindings($bindings), $e
    822▕                 );
    823▕             }
    824▕ 
  ➜ 825▕             throw new QueryException(
    826▕                 $this->getName(), $query, $this->prepareBindings($bindings), $e
    827▕             );
    828▕         }
    829▕     }

  [33m1   [39m[39;1mvendor\laravel\framework\src\Illuminate\Database\Connection.php[39;22m:[39;1m825[39;22m

  [33m2   [39m[39;1mvendor\laravel\framework\src\Illuminate\Database\Connection.php[39;22m:[39;1m571[39;22m
  [90m    NunoMaduro\Collision\Exceptions\TestException::("SQLSTATE[42703]: Undefined column: 7 FEHLER:  Spalte »is_voter« von Relation »users« existiert nicht
LINE 1: ...egion", "organisation_id", "is_committee_member", "is_voter"...
                                                             ^")[39m

  [31m────────────────────────────────────────────────────────────────────────────────────────────────────────────────────[39m  
  [41;1m FAILED [49;22m [1mTests\Feature\Phase5ErrorHandlingTest[22m [90m>[39m missing required candidates rejected               [41;1m QueryException [49;22m  
[39;1m  SQLSTATE[42703]: Undefined column: 7 FEHLER:  Spalte »is_voter« von Relation »users« existiert nicht
LINE 1: ...egion", "organisation_id", "is_committee_member", "is_voter"...
                                                             ^ (Connection: pgsql, SQL: insert into "users" ("name", "email", "email_verified_at", "password", "remember_token", "region", "organisation_id", "is_committee_member", "is_voter", "can_vote", "id", "updated_at", "created_at") values (Vada Stark, rico.kautzer@example.net, 2026-05-31 08:57:08, $2y$10$92IXUNpkjO0rOQ5byMi.Ye4oKoEa3Ro9llC/.og/at2.uheWG/igi, K95WjI4VVY, Alabama, 2fb5b0dd-4f0b-4c9e-ae2c-a27050ef1560, 0, 1, 1, a1e8ed21-02bc-4517-9576-f7336333008f, 2026-05-31 08:57:08, 2026-05-31 08:57:08))[39;22m

  at [32mvendor\laravel\framework\src\Illuminate\Database\Connection.php[39m:[32m825[39m
    821▕                     $this->getName(), $query, $this->prepareBindings($bindings), $e
    822▕                 );
    823▕             }
    824▕ 
  ➜ 825▕             throw new QueryException(
    826▕                 $this->getName(), $query, $this->prepareBindings($bindings), $e
    827▕             );
    828▕         }
    829▕     }

  [33m1   [39m[39;1mvendor\laravel\framework\src\Illuminate\Database\Connection.php[39;22m:[39;1m825[39;22m

  [33m2   [39m[39;1mvendor\laravel\framework\src\Illuminate\Database\Connection.php[39;22m:[39;1m571[39;22m
  [90m    NunoMaduro\Collision\Exceptions\TestException::("SQLSTATE[42703]: Undefined column: 7 FEHLER:  Spalte »is_voter« von Relation »users« existiert nicht
LINE 1: ...egion", "organisation_id", "is_committee_member", "is_voter"...
                                                             ^")[39m

  [31m────────────────────────────────────────────────────────────────────────────────────────────────────────────────────[39m  
  [41;1m FAILED [49;22m [1mTests\Feature\Phase5ErrorHandlingTest[22m [90m>[39m ineligible voter blocked                           [41;1m QueryException [49;22m  
[39;1m  SQLSTATE[42703]: Undefined column: 7 FEHLER:  Spalte »is_voter« von Relation »users« existiert nicht
LINE 1: ...egion", "organisation_id", "is_committee_member", "is_voter"...
                                                             ^ (Connection: pgsql, SQL: insert into "users" ("name", "email", "email_verified_at", "password", "remember_token", "region", "organisation_id", "is_committee_member", "is_voter", "can_vote", "id", "updated_at", "created_at") values (Joesph Roberts PhD, anthony.halvorson@example.org, 2026-05-31 08:57:08, $2y$10$92IXUNpkjO0rOQ5byMi.Ye4oKoEa3Ro9llC/.og/at2.uheWG/igi, 4v3X92s63g, Wisconsin, 2fb5b0dd-4f0b-4c9e-ae2c-a27050ef1560, 0, 1, 1, a1e8ed21-4d75-4f5d-8828-bd2cd21aac30, 2026-05-31 08:57:08, 2026-05-31 08:57:08))[39;22m

  at [32mvendor\laravel\framework\src\Illuminate\Database\Connection.php[39m:[32m825[39m
    821▕                     $this->getName(), $query, $this->prepareBindings($bindings), $e
    822▕                 );
    823▕             }
    824▕ 
  ➜ 825▕             throw new QueryException(
    826▕                 $this->getName(), $query, $this->prepareBindings($bindings), $e
    827▕             );
    828▕         }
    829▕     }

  [33m1   [39m[39;1mvendor\laravel\framework\src\Illuminate\Database\Connection.php[39;22m:[39;1m825[39;22m

  [33m2   [39m[39;1mvendor\laravel\framework\src\Illuminate\Database\Connection.php[39;22m:[39;1m571[39;22m
  [90m    NunoMaduro\Collision\Exceptions\TestException::("SQLSTATE[42703]: Undefined column: 7 FEHLER:  Spalte »is_voter« von Relation »users« existiert nicht
LINE 1: ...egion", "organisation_id", "is_committee_member", "is_voter"...
                                                             ^")[39m

  [31m────────────────────────────────────────────────────────────────────────────────────────────────────────────────────[39m  
  [41;1m FAILED [49;22m [1mTests\Feature\Phase5ErrorHandlingTest[22m [90m>[39m inactive election blocks voting                    [41;1m QueryException [49;22m  
[39;1m  SQLSTATE[42703]: Undefined column: 7 FEHLER:  Spalte »is_voter« von Relation »users« existiert nicht
LINE 1: ...egion", "organisation_id", "is_committee_member", "is_voter"...
                                                             ^ (Connection: pgsql, SQL: insert into "users" ("name", "email", "email_verified_at", "password", "remember_token", "region", "organisation_id", "is_committee_member", "is_voter", "can_vote", "id", "updated_at", "created_at") values (Eleanore Kautzer, gabriella.bauch@example.net, 2026-05-31 08:57:08, $2y$10$92IXUNpkjO0rOQ5byMi.Ye4oKoEa3Ro9llC/.og/at2.uheWG/igi, oY81p7NgyX, Indiana, 2fb5b0dd-4f0b-4c9e-ae2c-a27050ef1560, 0, 1, 1, a1e8ed21-9007-4255-acf2-fe9abb7238d1, 2026-05-31 08:57:08, 2026-05-31 08:57:08))[39;22m

  at [32mvendor\laravel\framework\src\Illuminate\Database\Connection.php[39m:[32m825[39m
    821▕                     $this->getName(), $query, $this->prepareBindings($bindings), $e
    822▕                 );
    823▕             }
    824▕ 
  ➜ 825▕             throw new QueryException(
    826▕                 $this->getName(), $query, $this->prepareBindings($bindings), $e
    827▕             );
    828▕         }
    829▕     }

  [33m1   [39m[39;1mvendor\laravel\framework\src\Illuminate\Database\Connection.php[39;22m:[39;1m825[39;22m

  [33m2   [39m[39;1mvendor\laravel\framework\src\Illuminate\Database\Connection.php[39;22m:[39;1m571[39;22m
  [90m    NunoMaduro\Collision\Exceptions\TestException::("SQLSTATE[42703]: Undefined column: 7 FEHLER:  Spalte »is_voter« von Relation »users« existiert nicht
LINE 1: ...egion", "organisation_id", "is_committee_member", "is_voter"...
                                                             ^")[39m

  [31m────────────────────────────────────────────────────────────────────────────────────────────────────────────────────[39m  
  [41;1m FAILED [49;22m [1mTests\Feature\Phase5ErrorHandlingTest[22m [90m>[39m expired code blocks voting                         [41;1m QueryException [49;22m  
[39;1m  SQLSTATE[42703]: Undefined column: 7 FEHLER:  Spalte »is_voter« von Relation »users« existiert nicht
LINE 1: ...egion", "organisation_id", "is_committee_member", "is_voter"...
                                                             ^ (Connection: pgsql, SQL: insert into "users" ("name", "email", "email_verified_at", "password", "remember_token", "region", "organisation_id", "is_committee_member", "is_voter", "can_vote", "id", "updated_at", "created_at") values (Ardith Muller, brice51@example.net, 2026-05-31 08:57:08, $2y$10$92IXUNpkjO0rOQ5byMi.Ye4oKoEa3Ro9llC/.og/at2.uheWG/igi, Ltc2tsXm6s, North Carolina, 2fb5b0dd-4f0b-4c9e-ae2c-a27050ef1560, 0, 1, 1, a1e8ed21-d006-431b-ae3c-6058069a426f, 2026-05-31 08:57:09, 2026-05-31 08:57:09))[39;22m

  at [32mvendor\laravel\framework\src\Illuminate\Database\Connection.php[39m:[32m825[39m
    821▕                     $this->getName(), $query, $this->prepareBindings($bindings), $e
    822▕                 );
    823▕             }
    824▕ 
  ➜ 825▕             throw new QueryException(
    826▕                 $this->getName(), $query, $this->prepareBindings($bindings), $e
    827▕             );
    828▕         }
    829▕     }

  [33m1   [39m[39;1mvendor\laravel\framework\src\Illuminate\Database\Connection.php[39;22m:[39;1m825[39;22m

  [33m2   [39m[39;1mvendor\laravel\framework\src\Illuminate\Database\Connection.php[39;22m:[39;1m571[39;22m
  [90m    NunoMaduro\Collision\Exceptions\TestException::("SQLSTATE[42703]: Undefined column: 7 FEHLER:  Spalte »is_voter« von Relation »users« existiert nicht
LINE 1: ...egion", "organisation_id", "is_committee_member", "is_voter"...
                                                             ^")[39m

  [31m────────────────────────────────────────────────────────────────────────────────────────────────────────────────────[39m  
  [41;1m FAILED [49;22m [1mTests\Feature\Phase5ErrorHandlingTest[22m [90m>[39m missing session data rejected                      [41;1m QueryException [49;22m  
[39;1m  SQLSTATE[42703]: Undefined column: 7 FEHLER:  Spalte »is_voter« von Relation »users« existiert nicht
LINE 1: ...egion", "organisation_id", "is_committee_member", "is_voter"...
                                                             ^ (Connection: pgsql, SQL: insert into "users" ("name", "email", "email_verified_at", "password", "remember_token", "region", "organisation_id", "is_committee_member", "is_voter", "can_vote", "id", "updated_at", "created_at") values (Mr. Kellen Hickle Sr., mohr.murphy@example.com, 2026-05-31 08:57:09, $2y$10$92IXUNpkjO0rOQ5byMi.Ye4oKoEa3Ro9llC/.og/at2.uheWG/igi, 7V1uXu41iw, Missouri, 2fb5b0dd-4f0b-4c9e-ae2c-a27050ef1560, 0, 1, 1, a1e8ed22-1ce5-44c4-ad12-c1bd92832453, 2026-05-31 08:57:09, 2026-05-31 08:57:09))[39;22m

  at [32mvendor\laravel\framework\src\Illuminate\Database\Connection.php[39m:[32m825[39m
    821▕                     $this->getName(), $query, $this->prepareBindings($bindings), $e
    822▕                 );
    823▕             }
    824▕ 
  ➜ 825▕             throw new QueryException(
    826▕                 $this->getName(), $query, $this->prepareBindings($bindings), $e
    827▕             );
    828▕         }
    829▕     }

  [33m1   [39m[39;1mvendor\laravel\framework\src\Illuminate\Database\Connection.php[39;22m:[39;1m825[39;22m

  [33m2   [39m[39;1mvendor\laravel\framework\src\Illuminate\Database\Connection.php[39;22m:[39;1m571[39;22m
  [90m    NunoMaduro\Collision\Exceptions\TestException::("SQLSTATE[42703]: Undefined column: 7 FEHLER:  Spalte »is_voter« von Relation »users« existiert nicht
LINE 1: ...egion", "organisation_id", "is_committee_member", "is_voter"...
                                                             ^")[39m

  [31m────────────────────────────────────────────────────────────────────────────────────────────────────────────────────[39m  
  [41;1m FAILED [49;22m [1mTests\Feature\Phase5ErrorHandlingTest[22m [90m>[39m unauthenticated access blocked                     [41;1m QueryException [49;22m  
[39;1m  SQLSTATE[42703]: Undefined column: 7 FEHLER:  Spalte »is_voter« von Relation »users« existiert nicht
LINE 1: ...egion", "organisation_id", "is_committee_member", "is_voter"...
                                                             ^ (Connection: pgsql, SQL: insert into "users" ("name", "email", "email_verified_at", "password", "remember_token", "region", "organisation_id", "is_committee_member", "is_voter", "can_vote", "id", "updated_at", "created_at") values (Dr. Gunnar Schamberger, srutherford@example.com, 2026-05-31 08:57:09, $2y$10$92IXUNpkjO0rOQ5byMi.Ye4oKoEa3Ro9llC/.og/at2.uheWG/igi, HMRVWYpQPI, New Hampshire, 2fb5b0dd-4f0b-4c9e-ae2c-a27050ef1560, 0, 1, 1, a1e8ed22-6240-4d83-ac00-1576092bd178, 2026-05-31 08:57:09, 2026-05-31 08:57:09))[39;22m

  at [32mvendor\laravel\framework\src\Illuminate\Database\Connection.php[39m:[32m825[39m
    821▕                     $this->getName(), $query, $this->prepareBindings($bindings), $e
    822▕                 );
    823▕             }
    824▕ 
  ➜ 825▕             throw new QueryException(
    826▕                 $this->getName(), $query, $this->prepareBindings($bindings), $e
    827▕             );
    828▕         }
    829▕     }

  [33m1   [39m[39;1mvendor\laravel\framework\src\Illuminate\Database\Connection.php[39;22m:[39;1m825[39;22m

  [33m2   [39m[39;1mvendor\laravel\framework\src\Illuminate\Database\Connection.php[39;22m:[39;1m571[39;22m
  [90m    NunoMaduro\Collision\Exceptions\TestException::("SQLSTATE[42703]: Undefined column: 7 FEHLER:  Spalte »is_voter« von Relation »users« existiert nicht
LINE 1: ...egion", "organisation_id", "is_committee_member", "is_voter"...
                                                             ^")[39m

  [31m────────────────────────────────────────────────────────────────────────────────────────────────────────────────────[39m  
  [41;1m FAILED [49;22m [1mTests\Feature\Phase5ErrorHandlingTest[22m [90m>[39m code mismatch rejected                             [41;1m QueryException [49;22m  
[39;1m  SQLSTATE[42703]: Undefined column: 7 FEHLER:  Spalte »is_voter« von Relation »users« existiert nicht
LINE 1: ...egion", "organisation_id", "is_committee_member", "is_voter"...
                                                             ^ (Connection: pgsql, SQL: insert into "users" ("name", "email", "email_verified_at", "password", "remember_token", "region", "organisation_id", "is_committee_member", "is_voter", "can_vote", "id", "updated_at", "created_at") values (Beryl Friesen, effie65@example.com, 2026-05-31 08:57:09, $2y$10$92IXUNpkjO0rOQ5byMi.Ye4oKoEa3Ro9llC/.og/at2.uheWG/igi, 7jWTKKNGUg, Arizona, 2fb5b0dd-4f0b-4c9e-ae2c-a27050ef1560, 0, 1, 1, a1e8ed22-afd0-4cf6-bee3-f71b45918ec5, 2026-05-31 08:57:09, 2026-05-31 08:57:09))[39;22m

  at [32mvendor\laravel\framework\src\Illuminate\Database\Connection.php[39m:[32m825[39m
    821▕                     $this->getName(), $query, $this->prepareBindings($bindings), $e
    822▕                 );
    823▕             }
    824▕ 
  ➜ 825▕             throw new QueryException(
    826▕                 $this->getName(), $query, $this->prepareBindings($bindings), $e
    827▕             );
    828▕         }
    829▕     }

  [33m1   [39m[39;1mvendor\laravel\framework\src\Illuminate\Database\Connection.php[39;22m:[39;1m825[39;22m

  [33m2   [39m[39;1mvendor\laravel\framework\src\Illuminate\Database\Connection.php[39;22m:[39;1m571[39;22m
  [90m    NunoMaduro\Collision\Exceptions\TestException::("SQLSTATE[42703]: Undefined column: 7 FEHLER:  Spalte »is_voter« von Relation »users« existiert nicht
LINE 1: ...egion", "organisation_id", "is_committee_member", "is_voter"...
                                                             ^")[39m

  [31m────────────────────────────────────────────────────────────────────────────────────────────────────────────────────[39m  
  [41;1m FAILED [49;22m [1mTests\Feature\Phase6EndToEndIntegrationTest[22m [90m>[39m complete real election voting workflow       [41;1m QueryException [49;22m  
[39;1m  SQLSTATE[42703]: Undefined column: 7 FEHLER:  Spalte »post_id« von Relation »posts« existiert nicht
LINE 1: ...state_name", "required_number", "position_order", "post_id",...
                                                             ^ (Connection: pgsql, SQL: insert into "posts" ("organisation_id", "election_id", "name", "is_national_wide", "state_name", "required_number", "position_order", "post_id", "id", "updated_at", "created_at") values (2fb5b0dd-4f0b-4c9e-ae2c-a27050ef1560, a1e8ed23-1808-4cf6-8ad7-abab6796663b, vitae, 0, ?, 1, 1, POST1_a1e8ed23-1808-4cf6-8ad7-abab6796663b, a1e8ed23-2cb4-410d-9268-d8784cf862c0, 2026-05-31 08:57:09, 2026-05-31 08:57:09))[39;22m

  at [32mvendor\laravel\framework\src\Illuminate\Database\Connection.php[39m:[32m825[39m
    821▕                     $this->getName(), $query, $this->prepareBindings($bindings), $e
    822▕                 );
    823▕             }
    824▕ 
  ➜ 825▕             throw new QueryException(
    826▕                 $this->getName(), $query, $this->prepareBindings($bindings), $e
    827▕             );
    828▕         }
    829▕     }

  [33m1   [39m[39;1mvendor\laravel\framework\src\Illuminate\Database\Connection.php[39;22m:[39;1m825[39;22m

  [33m2   [39m[39;1mvendor\laravel\framework\src\Illuminate\Database\Connection.php[39;22m:[39;1m571[39;22m
  [90m    NunoMaduro\Collision\Exceptions\TestException::("SQLSTATE[42703]: Undefined column: 7 FEHLER:  Spalte »post_id« von Relation »posts« existiert nicht
LINE 1: ...state_name", "required_number", "position_order", "post_id",...
                                                             ^")[39m

  [31m────────────────────────────────────────────────────────────────────────────────────────────────────────────────────[39m  
  [41;1m FAILED [49;22m [1mTests\Feature\Phase6EndToEndIntegrationTest[22m [90m>[39m multiple voters independent voting           [41;1m QueryException [49;22m  
[39;1m  SQLSTATE[42703]: Undefined column: 7 FEHLER:  Spalte »post_id« von Relation »posts« existiert nicht
LINE 1: ...state_name", "required_number", "position_order", "post_id",...
                                                             ^ (Connection: pgsql, SQL: insert into "posts" ("organisation_id", "election_id", "name", "is_national_wide", "state_name", "required_number", "position_order", "post_id", "id", "updated_at", "created_at") values (2fb5b0dd-4f0b-4c9e-ae2c-a27050ef1560, a1e8ed23-8c93-452f-97c9-61c669e67afc, eum, 0, ?, 1, 1, POST1_a1e8ed23-8c93-452f-97c9-61c669e67afc, a1e8ed23-a45c-4271-8ead-d6071128aea0, 2026-05-31 08:57:10, 2026-05-31 08:57:10))[39;22m

  at [32mvendor\laravel\framework\src\Illuminate\Database\Connection.php[39m:[32m825[39m
    821▕                     $this->getName(), $query, $this->prepareBindings($bindings), $e
    822▕                 );
    823▕             }
    824▕ 
  ➜ 825▕             throw new QueryException(
    826▕                 $this->getName(), $query, $this->prepareBindings($bindings), $e
    827▕             );
    828▕         }
    829▕     }

  [33m1   [39m[39;1mvendor\laravel\framework\src\Illuminate\Database\Connection.php[39;22m:[39;1m825[39;22m

  [33m2   [39m[39;1mvendor\laravel\framework\src\Illuminate\Database\Connection.php[39;22m:[39;1m571[39;22m
  [90m    NunoMaduro\Collision\Exceptions\TestException::("SQLSTATE[42703]: Undefined column: 7 FEHLER:  Spalte »post_id« von Relation »posts« existiert nicht
LINE 1: ...state_name", "required_number", "position_order", "post_id",...
                                                             ^")[39m

  [31m────────────────────────────────────────────────────────────────────────────────────────────────────────────────────[39m  
  [41;1m FAILED [49;22m [1mTests\Feature\Phase6EndToEndIntegrationTest[22m [90m>[39m real and demo elections parallel             [41;1m QueryException [49;22m  
[39;1m  SQLSTATE[42703]: Undefined column: 7 FEHLER:  Spalte »post_id« von Relation »posts« existiert nicht
LINE 1: ...state_name", "required_number", "position_order", "post_id",...
                                                             ^ (Connection: pgsql, SQL: insert into "posts" ("organisation_id", "election_id", "name", "is_national_wide", "state_name", "required_number", "position_order", "post_id", "id", "updated_at", "created_at") values (2fb5b0dd-4f0b-4c9e-ae2c-a27050ef1560, a1e8ed23-d994-47bb-ac0d-91ea98ea0dbb, voluptates, 1, ?, 1, 1, POST1_a1e8ed23-d994-47bb-ac0d-91ea98ea0dbb, a1e8ed23-f299-4dae-be70-617bb8cc1a09, 2026-05-31 08:57:10, 2026-05-31 08:57:10))[39;22m

  at [32mvendor\laravel\framework\src\Illuminate\Database\Connection.php[39m:[32m825[39m
    821▕                     $this->getName(), $query, $this->prepareBindings($bindings), $e
    822▕                 );
    823▕             }
    824▕ 
  ➜ 825▕             throw new QueryException(
    826▕                 $this->getName(), $query, $this->prepareBindings($bindings), $e
    827▕             );
    828▕         }
    829▕     }

  [33m1   [39m[39;1mvendor\laravel\framework\src\Illuminate\Database\Connection.php[39;22m:[39;1m825[39;22m

  [33m2   [39m[39;1mvendor\laravel\framework\src\Illuminate\Database\Connection.php[39;22m:[39;1m571[39;22m
  [90m    NunoMaduro\Collision\Exceptions\TestException::("SQLSTATE[42703]: Undefined column: 7 FEHLER:  Spalte »post_id« von Relation »posts« existiert nicht
LINE 1: ...state_name", "required_number", "position_order", "post_id",...
                                                             ^")[39m

  [31m────────────────────────────────────────────────────────────────────────────────────────────────────────────────────[39m  
  [41;1m FAILED [49;22m [1mTests\Feature\Phase6EndToEndIntegrationTest[22m [90m>[39m voter progression through all steps          [41;1m QueryException [49;22m  
[39;1m  SQLSTATE[42703]: Undefined column: 7 FEHLER:  Spalte »post_id« von Relation »posts« existiert nicht
LINE 1: ...state_name", "required_number", "position_order", "post_id",...
                                                             ^ (Connection: pgsql, SQL: insert into "posts" ("organisation_id", "election_id", "name", "is_national_wide", "state_name", "required_number", "position_order", "post_id", "id", "updated_at", "created_at") values (2fb5b0dd-4f0b-4c9e-ae2c-a27050ef1560, a1e8ed24-6497-484a-b81a-75eea667b428, voluptas, 1, ?, 1, 1, POST1_a1e8ed24-6497-484a-b81a-75eea667b428, a1e8ed24-80fe-4a7f-8ae9-b3a56420c697, 2026-05-31 08:57:10, 2026-05-31 08:57:10))[39;22m

  at [32mvendor\laravel\framework\src\Illuminate\Database\Connection.php[39m:[32m825[39m
    821▕                     $this->getName(), $query, $this->prepareBindings($bindings), $e
    822▕                 );
    823▕             }
    824▕ 
  ➜ 825▕             throw new QueryException(
    826▕                 $this->getName(), $query, $this->prepareBindings($bindings), $e
    827▕             );
    828▕         }
    829▕     }

  [33m1   [39m[39;1mvendor\laravel\framework\src\Illuminate\Database\Connection.php[39;22m:[39;1m825[39;22m

  [33m2   [39m[39;1mvendor\laravel\framework\src\Illuminate\Database\Connection.php[39;22m:[39;1m571[39;22m
  [90m    NunoMaduro\Collision\Exceptions\TestException::("SQLSTATE[42703]: Undefined column: 7 FEHLER:  Spalte »post_id« von Relation »posts« existiert nicht
LINE 1: ...state_name", "required_number", "position_order", "post_id",...
                                                             ^")[39m

  [31m────────────────────────────────────────────────────────────────────────────────────────────────────────────────────[39m  
  [41;1m FAILED [49;22m [1mTests\Feature\Phase6EndToEndIntegrationTest[22m [90m>[39m code state consistency                       [41;1m QueryException [49;22m  
[39;1m  SQLSTATE[42703]: Undefined column: 7 FEHLER:  Spalte »post_id« von Relation »posts« existiert nicht
LINE 1: ...state_name", "required_number", "position_order", "post_id",...
                                                             ^ (Connection: pgsql, SQL: insert into "posts" ("organisation_id", "election_id", "name", "is_national_wide", "state_name", "required_number", "position_order", "post_id", "id", "updated_at", "created_at") values (2fb5b0dd-4f0b-4c9e-ae2c-a27050ef1560, a1e8ed24-b7e6-43d9-88cf-534512a0bf39, eum, 1, ?, 1, 1, POST1_a1e8ed24-b7e6-43d9-88cf-534512a0bf39, a1e8ed24-ce73-483e-9c0f-4b564627ac71, 2026-05-31 08:57:10, 2026-05-31 08:57:10))[39;22m

  at [32mvendor\laravel\framework\src\Illuminate\Database\Connection.php[39m:[32m825[39m
    821▕                     $this->getName(), $query, $this->prepareBindings($bindings), $e
    822▕                 );
    823▕             }
    824▕ 
  ➜ 825▕             throw new QueryException(
    826▕                 $this->getName(), $query, $this->prepareBindings($bindings), $e
    827▕             );
    828▕         }
    829▕     }

  [33m1   [39m[39;1mvendor\laravel\framework\src\Illuminate\Database\Connection.php[39;22m:[39;1m825[39;22m

  [33m2   [39m[39;1mvendor\laravel\framework\src\Illuminate\Database\Connection.php[39;22m:[39;1m571[39;22m
  [90m    NunoMaduro\Collision\Exceptions\TestException::("SQLSTATE[42703]: Undefined column: 7 FEHLER:  Spalte »post_id« von Relation »posts« existiert nicht
LINE 1: ...state_name", "required_number", "position_order", "post_id",...
                                                             ^")[39m

  [31m────────────────────────────────────────────────────────────────────────────────────────────────────────────────────[39m  
  [41;1m FAILED [49;22m [1mTests\Feature\Phase6EndToEndIntegrationTest[22m [90m>[39m error recovery and retry                     [41;1m QueryException [49;22m  
[39;1m  SQLSTATE[42703]: Undefined column: 7 FEHLER:  Spalte »post_id« von Relation »posts« existiert nicht
LINE 1: ...state_name", "required_number", "position_order", "post_id",...
                                                             ^ (Connection: pgsql, SQL: insert into "posts" ("organisation_id", "election_id", "name", "is_national_wide", "state_name", "required_number", "position_order", "post_id", "id", "updated_at", "created_at") values (2fb5b0dd-4f0b-4c9e-ae2c-a27050ef1560, a1e8ed25-064c-4630-9c02-1bf9d62a16a8, reprehenderit, 1, ?, 1, 1, POST1_a1e8ed25-064c-4630-9c02-1bf9d62a16a8, a1e8ed25-1a36-4bdc-9413-d9b804d1ae00, 2026-05-31 08:57:11, 2026-05-31 08:57:11))[39;22m

  at [32mvendor\laravel\framework\src\Illuminate\Database\Connection.php[39m:[32m825[39m
    821▕                     $this->getName(), $query, $this->prepareBindings($bindings), $e
    822▕                 );
    823▕             }
    824▕ 
  ➜ 825▕             throw new QueryException(
    826▕                 $this->getName(), $query, $this->prepareBindings($bindings), $e
    827▕             );
    828▕         }
    829▕     }

  [33m1   [39m[39;1mvendor\laravel\framework\src\Illuminate\Database\Connection.php[39;22m:[39;1m825[39;22m

  [33m2   [39m[39;1mvendor\laravel\framework\src\Illuminate\Database\Connection.php[39;22m:[39;1m571[39;22m
  [90m    NunoMaduro\Collision\Exceptions\TestException::("SQLSTATE[42703]: Undefined column: 7 FEHLER:  Spalte »post_id« von Relation »posts« existiert nicht
LINE 1: ...state_name", "required_number", "position_order", "post_id",...
                                                             ^")[39m

  [31m────────────────────────────────────────────────────────────────────────────────────────────────────────────────────[39m  
  [41;1m FAILED [49;22m [1mTests\Feature\Phase6EndToEndIntegrationTest[22m [90m>[39m voting audit trail                           [41;1m QueryException [49;22m  
[39;1m  SQLSTATE[42703]: Undefined column: 7 FEHLER:  Spalte »post_id« von Relation »posts« existiert nicht
LINE 1: ...state_name", "required_number", "position_order", "post_id",...
                                                             ^ (Connection: pgsql, SQL: insert into "posts" ("organisation_id", "election_id", "name", "is_national_wide", "state_name", "required_number", "position_order", "post_id", "id", "updated_at", "created_at") values (2fb5b0dd-4f0b-4c9e-ae2c-a27050ef1560, a1e8ed25-4e82-41fa-ac7b-1c8b1b2121ff, dolorem, 1, ?, 1, 1, POST1_a1e8ed25-4e82-41fa-ac7b-1c8b1b2121ff, a1e8ed25-6766-4919-a254-0a621fcbb733, 2026-05-31 08:57:11, 2026-05-31 08:57:11))[39;22m

  at [32mvendor\laravel\framework\src\Illuminate\Database\Connection.php[39m:[32m825[39m
    821▕                     $this->getName(), $query, $this->prepareBindings($bindings), $e
    822▕                 );
    823▕             }
    824▕ 
  ➜ 825▕             throw new QueryException(
    826▕                 $this->getName(), $query, $this->prepareBindings($bindings), $e
    827▕             );
    828▕         }
    829▕     }

  [33m1   [39m[39;1mvendor\laravel\framework\src\Illuminate\Database\Connection.php[39;22m:[39;1m825[39;22m

  [33m2   [39m[39;1mvendor\laravel\framework\src\Illuminate\Database\Connection.php[39;22m:[39;1m571[39;22m
  [90m    NunoMaduro\Collision\Exceptions\TestException::("SQLSTATE[42703]: Undefined column: 7 FEHLER:  Spalte »post_id« von Relation »posts« existiert nicht
LINE 1: ...state_name", "required_number", "position_order", "post_id",...
                                                             ^")[39m

  [31m────────────────────────────────────────────────────────────────────────────────────────────────────────────────────[39m  
  [41;1m FAILED [49;22m [1mTests\Feature\Phase6EndToEndIntegrationTest[22m [90m>[39m system resilience concurrent operations      [41;1m QueryException [49;22m  
[39;1m  SQLSTATE[42703]: Undefined column: 7 FEHLER:  Spalte »post_id« von Relation »posts« existiert nicht
LINE 1: ...state_name", "required_number", "position_order", "post_id",...
                                                             ^ (Connection: pgsql, SQL: insert into "posts" ("organisation_id", "election_id", "name", "is_national_wide", "state_name", "required_number", "position_order", "post_id", "id", "updated_at", "created_at") values (2fb5b0dd-4f0b-4c9e-ae2c-a27050ef1560, a1e8ed25-a002-4c6f-a3a4-a8dd8960af05, veniam, 0, Tennessee, 1, 1, POST1_a1e8ed25-a002-4c6f-a3a4-a8dd8960af05, a1e8ed25-b735-4e82-b803-09c9739fa97d, 2026-05-31 08:57:11, 2026-05-31 08:57:11))[39;22m

  at [32mvendor\laravel\framework\src\Illuminate\Database\Connection.php[39m:[32m825[39m
    821▕                     $this->getName(), $query, $this->prepareBindings($bindings), $e
    822▕                 );
    823▕             }
    824▕ 
  ➜ 825▕             throw new QueryException(
    826▕                 $this->getName(), $query, $this->prepareBindings($bindings), $e
    827▕             );
    828▕         }
    829▕     }

  [33m1   [39m[39;1mvendor\laravel\framework\src\Illuminate\Database\Connection.php[39;22m:[39;1m825[39;22m

  [33m2   [39m[39;1mvendor\laravel\framework\src\Illuminate\Database\Connection.php[39;22m:[39;1m571[39;22m
  [90m    NunoMaduro\Collision\Exceptions\TestException::("SQLSTATE[42703]: Undefined column: 7 FEHLER:  Spalte »post_id« von Relation »posts« existiert nicht
LINE 1: ...state_name", "required_number", "position_order", "post_id",...
                                                             ^")[39m

  [31m────────────────────────────────────────────────────────────────────────────────────────────────────────────────────[39m  
  [41;1m FAILED [49;22m [1mTests\Feature\PreventMultipleVotingTest[22m [90m>[39m user can only have one active slug at a time     [41;1m QueryException [49;22m  
[39;1m  SQLSTATE[42703]: Undefined column: 7 FEHLER:  Spalte »is_voter« von Relation »users« existiert nicht
LINE 1: ...egion", "organisation_id", "is_committee_member", "is_voter"...
                                                             ^ (Connection: pgsql, SQL: insert into "users" ("name", "email", "email_verified_at", "password", "remember_token", "region", "organisation_id", "is_committee_member", "is_voter", "can_vote", "id", "updated_at", "created_at") values (Ismael Veum, chet.paucek@example.net, 2026-05-31 08:57:11, $2y$10$92IXUNpkjO0rOQ5byMi.Ye4oKoEa3Ro9llC/.og/at2.uheWG/igi, 3UvwsPcaGV, Montana, 2fb5b0dd-4f0b-4c9e-ae2c-a27050ef1560, 0, 1, 1, a1e8ed26-2b66-4baf-913f-8cf4bcb5c44b, 2026-05-31 08:57:11, 2026-05-31 08:57:11))[39;22m

  at [32mvendor\laravel\framework\src\Illuminate\Database\Connection.php[39m:[32m825[39m
    821▕                     $this->getName(), $query, $this->prepareBindings($bindings), $e
    822▕                 );
    823▕             }
    824▕ 
  ➜ 825▕             throw new QueryException(
    826▕                 $this->getName(), $query, $this->prepareBindings($bindings), $e
    827▕             );
    828▕         }
    829▕     }

  [33m1   [39m[39;1mvendor\laravel\framework\src\Illuminate\Database\Connection.php[39;22m:[39;1m825[39;22m

  [33m2   [39m[39;1mvendor\laravel\framework\src\Illuminate\Database\Connection.php[39;22m:[39;1m571[39;22m
  [90m    NunoMaduro\Collision\Exceptions\TestException::("SQLSTATE[42703]: Undefined column: 7 FEHLER:  Spalte »is_voter« von Relation »users« existiert nicht
LINE 1: ...egion", "organisation_id", "is_committee_member", "is_voter"...
                                                             ^")[39m

  [31m────────────────────────────────────────────────────────────────────────────────────────────────────────────────────[39m  
  [41;1m FAILED [49;22m [1mTests\Feature\PreventMultipleVotingTest[22m [90m>[39m security service detects and fixes multiple act… [41;1m QueryException [49;22m  
[39;1m  SQLSTATE[42703]: Undefined column: 7 FEHLER:  Spalte »is_voter« von Relation »users« existiert nicht
LINE 1: ...egion", "organisation_id", "is_committee_member", "is_voter"...
                                                             ^ (Connection: pgsql, SQL: insert into "users" ("name", "email", "email_verified_at", "password", "remember_token", "region", "organisation_id", "is_committee_member", "is_voter", "can_vote", "id", "updated_at", "created_at") values (Dr. Aniya Oberbrunner MD, pterry@example.net, 2026-05-31 08:57:11, $2y$10$92IXUNpkjO0rOQ5byMi.Ye4oKoEa3Ro9llC/.og/at2.uheWG/igi, UdWNqJaYR4, South Carolina, 2fb5b0dd-4f0b-4c9e-ae2c-a27050ef1560, 0, 1, 1, a1e8ed26-6587-49dc-8562-9a8ca781a235, 2026-05-31 08:57:12, 2026-05-31 08:57:12))[39;22m

  at [32mvendor\laravel\framework\src\Illuminate\Database\Connection.php[39m:[32m825[39m
    821▕                     $this->getName(), $query, $this->prepareBindings($bindings), $e
    822▕                 );
    823▕             }
    824▕ 
  ➜ 825▕             throw new QueryException(
    826▕                 $this->getName(), $query, $this->prepareBindings($bindings), $e
    827▕             );
    828▕         }
    829▕     }

  [33m1   [39m[39;1mvendor\laravel\framework\src\Illuminate\Database\Connection.php[39;22m:[39;1m825[39;22m

  [33m2   [39m[39;1mvendor\laravel\framework\src\Illuminate\Database\Connection.php[39;22m:[39;1m571[39;22m
  [90m    NunoMaduro\Collision\Exceptions\TestException::("SQLSTATE[42703]: Undefined column: 7 FEHLER:  Spalte »is_voter« von Relation »users« existiert nicht
LINE 1: ...egion", "organisation_id", "is_committee_member", "is_voter"...
                                                             ^")[39m

  [31m────────────────────────────────────────────────────────────────────────────────────────────────────────────────────[39m  
  [41;1m FAILED [49;22m [1mTests\Feature\PreventMultipleVotingTest[22m [90m>[39m security service blocks slug generation for ine… [41;1m QueryException [49;22m  
[39;1m  SQLSTATE[42703]: Undefined column: 7 FEHLER:  Spalte »is_voter« von Relation »users« existiert nicht
LINE 1: ...egion", "organisation_id", "is_committee_member", "is_voter"...
                                                             ^ (Connection: pgsql, SQL: insert into "users" ("name", "email", "email_verified_at", "password", "remember_token", "region", "organisation_id", "is_committee_member", "is_voter", "can_vote", "has_voted", "id", "updated_at", "created_at") values (Kailyn Farrell II, paige62@example.com, 2026-05-31 08:57:12, $2y$10$92IXUNpkjO0rOQ5byMi.Ye4oKoEa3Ro9llC/.og/at2.uheWG/igi, bvH0HPnjkm, Iowa, 2fb5b0dd-4f0b-4c9e-ae2c-a27050ef1560, 0, 0, 1, 0, a1e8ed26-a2df-4ae2-ba6f-64b5ba22606b, 2026-05-31 08:57:12, 2026-05-31 08:57:12))[39;22m

  at [32mvendor\laravel\framework\src\Illuminate\Database\Connection.php[39m:[32m825[39m
    821▕                     $this->getName(), $query, $this->prepareBindings($bindings), $e
    822▕                 );
    823▕             }
    824▕ 
  ➜ 825▕             throw new QueryException(
    826▕                 $this->getName(), $query, $this->prepareBindings($bindings), $e
    827▕             );
    828▕         }
    829▕     }

  [33m1   [39m[39;1mvendor\laravel\framework\src\Illuminate\Database\Connection.php[39;22m:[39;1m825[39;22m

  [33m2   [39m[39;1mvendor\laravel\framework\src\Illuminate\Database\Connection.php[39;22m:[39;1m571[39;22m
  [90m    NunoMaduro\Collision\Exceptions\TestException::("SQLSTATE[42703]: Undefined column: 7 FEHLER:  Spalte »is_voter« von Relation »users« existiert nicht
LINE 1: ...egion", "organisation_id", "is_committee_member", "is_voter"...
                                                             ^")[39m

  [31m────────────────────────────────────────────────────────────────────────────────────────────────────────────────────[39m  
  [41;1m FAILED [49;22m [1mTests\Feature\PreventMultipleVotingTest[22m [90m>[39m security service blocks users with existing act… [41;1m QueryException [49;22m  
[39;1m  SQLSTATE[42703]: Undefined column: 7 FEHLER:  Spalte »is_voter« von Relation »users« existiert nicht
LINE 1: ...egion", "organisation_id", "is_committee_member", "is_voter"...
                                                             ^ (Connection: pgsql, SQL: insert into "users" ("name", "email", "email_verified_at", "password", "remember_token", "region", "organisation_id", "is_committee_member", "is_voter", "can_vote", "id", "updated_at", "created_at") values (Violette Hermann, rashawn07@example.net, 2026-05-31 08:57:12, $2y$10$92IXUNpkjO0rOQ5byMi.Ye4oKoEa3Ro9llC/.og/at2.uheWG/igi, nQqxeXwaDZ, Illinois, 2fb5b0dd-4f0b-4c9e-ae2c-a27050ef1560, 0, 1, 1, a1e8ed26-e21f-456d-8912-b2c4df2db718, 2026-05-31 08:57:12, 2026-05-31 08:57:12))[39;22m

  at [32mvendor\laravel\framework\src\Illuminate\Database\Connection.php[39m:[32m825[39m
    821▕                     $this->getName(), $query, $this->prepareBindings($bindings), $e
    822▕                 );
    823▕             }
    824▕ 
  ➜ 825▕             throw new QueryException(
    826▕                 $this->getName(), $query, $this->prepareBindings($bindings), $e
    827▕             );
    828▕         }
    829▕     }

  [33m1   [39m[39;1mvendor\laravel\framework\src\Illuminate\Database\Connection.php[39;22m:[39;1m825[39;22m

  [33m2   [39m[39;1mvendor\laravel\framework\src\Illuminate\Database\Connection.php[39;22m:[39;1m571[39;22m
  [90m    NunoMaduro\Collision\Exceptions\TestException::("SQLSTATE[42703]: Undefined column: 7 FEHLER:  Spalte »is_voter« von Relation »users« existiert nicht
LINE 1: ...egion", "organisation_id", "is_committee_member", "is_voter"...
                                                             ^")[39m

  [31m────────────────────────────────────────────────────────────────────────────────────────────────────────────────────[39m  
  [41;1m FAILED [49;22m [1mTests\Feature\PreventMultipleVotingTest[22m [90m>[39m middleware blocks access when multiple slugs de… [41;1m QueryException [49;22m  
[39;1m  SQLSTATE[42703]: Undefined column: 7 FEHLER:  Spalte »is_voter« von Relation »users« existiert nicht
LINE 1: ...egion", "organisation_id", "is_committee_member", "is_voter"...
                                                             ^ (Connection: pgsql, SQL: insert into "users" ("name", "email", "email_verified_at", "password", "remember_token", "region", "organisation_id", "is_committee_member", "is_voter", "can_vote", "id", "updated_at", "created_at") values (Herman Kautzer, szulauf@example.net, 2026-05-31 08:57:12, $2y$10$92IXUNpkjO0rOQ5byMi.Ye4oKoEa3Ro9llC/.og/at2.uheWG/igi, 6MWiFMsRqS, Iowa, 2fb5b0dd-4f0b-4c9e-ae2c-a27050ef1560, 0, 1, 1, a1e8ed27-4e92-415c-8b88-d081c38dd525, 2026-05-31 08:57:12, 2026-05-31 08:57:12))[39;22m

  at [32mvendor\laravel\framework\src\Illuminate\Database\Connection.php[39m:[32m825[39m
    821▕                     $this->getName(), $query, $this->prepareBindings($bindings), $e
    822▕                 );
    823▕             }
    824▕ 
  ➜ 825▕             throw new QueryException(
    826▕                 $this->getName(), $query, $this->prepareBindings($bindings), $e
    827▕             );
    828▕         }
    829▕     }

  [33m1   [39m[39;1mvendor\laravel\framework\src\Illuminate\Database\Connection.php[39;22m:[39;1m825[39;22m

  [33m2   [39m[39;1mvendor\laravel\framework\src\Illuminate\Database\Connection.php[39;22m:[39;1m571[39;22m
  [90m    NunoMaduro\Collision\Exceptions\TestException::("SQLSTATE[42703]: Undefined column: 7 FEHLER:  Spalte »is_voter« von Relation »users« existiert nicht
LINE 1: ...egion", "organisation_id", "is_committee_member", "is_voter"...
                                                             ^")[39m

  [31m────────────────────────────────────────────────────────────────────────────────────────────────────────────────────[39m  
  [41;1m FAILED [49;22m [1mTests\Feature\PreventMultipleVotingTest[22m [90m>[39m completed voters cannot access any voting urls   [41;1m QueryException [49;22m  
[39;1m  SQLSTATE[42703]: Undefined column: 7 FEHLER:  Spalte »is_voter« von Relation »users« existiert nicht
LINE 1: ...egion", "organisation_id", "is_committee_member", "is_voter"...
                                                             ^ (Connection: pgsql, SQL: insert into "users" ("name", "email", "email_verified_at", "password", "remember_token", "region", "organisation_id", "is_committee_member", "is_voter", "can_vote", "has_voted", "id", "updated_at", "created_at") values (Ashleigh Renner, claudine62@example.org, 2026-05-31 08:57:12, $2y$10$92IXUNpkjO0rOQ5byMi.Ye4oKoEa3Ro9llC/.og/at2.uheWG/igi, u6lrkIvEmi, Alabama, 2fb5b0dd-4f0b-4c9e-ae2c-a27050ef1560, 0, 1, 1, 1, a1e8ed27-927b-4e6f-b241-25c398f4c82a, 2026-05-31 08:57:12, 2026-05-31 08:57:12))[39;22m

  at [32mvendor\laravel\framework\src\Illuminate\Database\Connection.php[39m:[32m825[39m
    821▕                     $this->getName(), $query, $this->prepareBindings($bindings), $e
    822▕                 );
    823▕             }
    824▕ 
  ➜ 825▕             throw new QueryException(
    826▕                 $this->getName(), $query, $this->prepareBindings($bindings), $e
    827▕             );
    828▕         }
    829▕     }

  [33m1   [39m[39;1mvendor\laravel\framework\src\Illuminate\Database\Connection.php[39;22m:[39;1m825[39;22m

  [33m2   [39m[39;1mvendor\laravel\framework\src\Illuminate\Database\Connection.php[39;22m:[39;1m571[39;22m
  [90m    NunoMaduro\Collision\Exceptions\TestException::("SQLSTATE[42703]: Undefined column: 7 FEHLER:  Spalte »is_voter« von Relation »users« existiert nicht
LINE 1: ...egion", "organisation_id", "is_committee_member", "is_voter"...
                                                             ^")[39m

  [31m────────────────────────────────────────────────────────────────────────────────────────────────────────────────────[39m  
  [41;1m FAILED [49;22m [1mTests\Feature\PreventMultipleVotingTest[22m [90m>[39m security audit identifies violations             [41;1m QueryException [49;22m  
[39;1m  SQLSTATE[42703]: Undefined column: 7 FEHLER:  Spalte »is_voter« von Relation »users« existiert nicht
LINE 1: ...egion", "organisation_id", "is_committee_member", "is_voter"...
                                                             ^ (Connection: pgsql, SQL: insert into "users" ("name", "email", "email_verified_at", "password", "remember_token", "region", "organisation_id", "is_committee_member", "is_voter", "can_vote", "id", "updated_at", "created_at") values (Mr. Nickolas Volkman DDS, abreitenberg@example.org, 2026-05-31 08:57:12, $2y$10$92IXUNpkjO0rOQ5byMi.Ye4oKoEa3Ro9llC/.og/at2.uheWG/igi, cbG0d62Bxb, Georgia, 2fb5b0dd-4f0b-4c9e-ae2c-a27050ef1560, 0, 1, 1, a1e8ed27-cda1-4abc-8674-9d1b4cf7c4d9, 2026-05-31 08:57:12, 2026-05-31 08:57:12))[39;22m

  at [32mvendor\laravel\framework\src\Illuminate\Database\Connection.php[39m:[32m825[39m
    821▕                     $this->getName(), $query, $this->prepareBindings($bindings), $e
    822▕                 );
    823▕             }
    824▕ 
  ➜ 825▕             throw new QueryException(
    826▕                 $this->getName(), $query, $this->prepareBindings($bindings), $e
    827▕             );
    828▕         }
    829▕     }

  [33m1   [39m[39;1mvendor\laravel\framework\src\Illuminate\Database\Connection.php[39;22m:[39;1m825[39;22m

  [33m2   [39m[39;1mvendor\laravel\framework\src\Illuminate\Database\Connection.php[39;22m:[39;1m571[39;22m
  [90m    NunoMaduro\Collision\Exceptions\TestException::("SQLSTATE[42703]: Undefined column: 7 FEHLER:  Spalte »is_voter« von Relation »users« existiert nicht
LINE 1: ...egion", "organisation_id", "is_committee_member", "is_voter"...
                                                             ^")[39m

  [31m────────────────────────────────────────────────────────────────────────────────────────────────────────────────────[39m  
  [41;1m FAILED [49;22m [1mTests\Feature\PreventMultipleVotingTest[22m [90m>[39m emergency lockdown deactivates all user slugs    [41;1m QueryException [49;22m  
[39;1m  SQLSTATE[42703]: Undefined column: 7 FEHLER:  Spalte »is_voter« von Relation »users« existiert nicht
LINE 1: ...egion", "organisation_id", "is_committee_member", "is_voter"...
                                                             ^ (Connection: pgsql, SQL: insert into "users" ("name", "email", "email_verified_at", "password", "remember_token", "region", "organisation_id", "is_committee_member", "is_voter", "can_vote", "id", "updated_at", "created_at") values (Ardith Jacobi, darian.buckridge@example.org, 2026-05-31 08:57:13, $2y$10$92IXUNpkjO0rOQ5byMi.Ye4oKoEa3Ro9llC/.og/at2.uheWG/igi, QXYPTcg4aF, Massachusetts, 2fb5b0dd-4f0b-4c9e-ae2c-a27050ef1560, 0, 1, 1, a1e8ed28-06d0-4684-af78-1af13d73a6a8, 2026-05-31 08:57:13, 2026-05-31 08:57:13))[39;22m

  at [32mvendor\laravel\framework\src\Illuminate\Database\Connection.php[39m:[32m825[39m
    821▕                     $this->getName(), $query, $this->prepareBindings($bindings), $e
    822▕                 );
    823▕             }
    824▕ 
  ➜ 825▕             throw new QueryException(
    826▕                 $this->getName(), $query, $this->prepareBindings($bindings), $e
    827▕             );
    828▕         }
    829▕     }

  [33m1   [39m[39;1mvendor\laravel\framework\src\Illuminate\Database\Connection.php[39;22m:[39;1m825[39;22m

  [33m2   [39m[39;1mvendor\laravel\framework\src\Illuminate\Database\Connection.php[39;22m:[39;1m571[39;22m
  [90m    NunoMaduro\Collision\Exceptions\TestException::("SQLSTATE[42703]: Undefined column: 7 FEHLER:  Spalte »is_voter« von Relation »users« existiert nicht
LINE 1: ...egion", "organisation_id", "is_committee_member", "is_voter"...
                                                             ^")[39m

  [31m────────────────────────────────────────────────────────────────────────────────────────────────────────────────────[39m  
  [41;1m FAILED [49;22m [1mTests\Feature\PreventMultipleVotingTest[22m [90m>[39m rate limiting prevents excessive requests        [41;1m QueryException [49;22m  
[39;1m  SQLSTATE[42703]: Undefined column: 7 FEHLER:  Spalte »is_voter« von Relation »users« existiert nicht
LINE 1: ...egion", "organisation_id", "is_committee_member", "is_voter"...
                                                             ^ (Connection: pgsql, SQL: insert into "users" ("name", "email", "email_verified_at", "password", "remember_token", "region", "organisation_id", "is_committee_member", "is_voter", "can_vote", "id", "updated_at", "created_at") values (Orin Ruecker, aliya.mckenzie@example.net, 2026-05-31 08:57:13, $2y$10$92IXUNpkjO0rOQ5byMi.Ye4oKoEa3Ro9llC/.og/at2.uheWG/igi, qMGsUCSloW, Montana, 2fb5b0dd-4f0b-4c9e-ae2c-a27050ef1560, 0, 1, 1, a1e8ed28-414c-44f4-991c-66de00886dd5, 2026-05-31 08:57:13, 2026-05-31 08:57:13))[39;22m

  at [32mvendor\laravel\framework\src\Illuminate\Database\Connection.php[39m:[32m825[39m
    821▕                     $this->getName(), $query, $this->prepareBindings($bindings), $e
    822▕                 );
    823▕             }
    824▕ 
  ➜ 825▕             throw new QueryException(
    826▕                 $this->getName(), $query, $this->prepareBindings($bindings), $e
    827▕             );
    828▕         }
    829▕     }

  [33m1   [39m[39;1mvendor\laravel\framework\src\Illuminate\Database\Connection.php[39;22m:[39;1m825[39;22m

  [33m2   [39m[39;1mvendor\laravel\framework\src\Illuminate\Database\Connection.php[39;22m:[39;1m571[39;22m
  [90m    NunoMaduro\Collision\Exceptions\TestException::("SQLSTATE[42703]: Undefined column: 7 FEHLER:  Spalte »is_voter« von Relation »users« existiert nicht
LINE 1: ...egion", "organisation_id", "is_committee_member", "is_voter"...
                                                             ^")[39m

  [31m────────────────────────────────────────────────────────────────────────────────────────────────────────────────────[39m  
  [41;1m FAILED [49;22m [1mTests\Feature\ProfileInformationTest[22m [90m>[39m profile information can be updated                                    
[39;1m  Failed asserting that two strings are equal.
--- Expected
+++ Actual
@@ @@
-'Test Name'
+'Mrs. Alanna Weissnat'[39;22m

  at [32mtests\Feature\ProfileInformationTest.php[39m:[32m22[39m
     18▕             'name' => 'Test Name',
     19▕             'email' => 'test@example.com',
     20▕         ]);
     21▕ 
  ➜  22▕         $this->assertEquals('Test Name', $user->fresh()->name);
     23▕         $this->assertEquals('test@example.com', $user->fresh()->email);
     24▕     }
     25▕ }
     26▕

  [33m1   [39m[39;1mtests\Feature\ProfileInformationTest.php[39;22m:[39;1m22[39;22m

  [31m────────────────────────────────────────────────────────────────────────────────────────────────────────────────────[39m  
  [41;1m FAILED [49;22m [1mTests\Feature\RealElection\EndpointRoutingTest[22m [90m>[39m real routes differ from demo routes       [41;1m QueryException [49;22m  
[39;1m  SQLSTATE[42703]: Undefined column: 7 FEHLER:  Spalte »is_voter« von Relation »users« existiert nicht
LINE 1: ...egion", "organisation_id", "is_committee_member", "is_voter"...
                                                             ^ (Connection: pgsql, SQL: insert into "users" ("name", "email", "email_verified_at", "password", "remember_token", "region", "organisation_id", "is_committee_member", "is_voter", "can_vote", "id", "updated_at", "created_at") values (Vicky Gibson I, sylvan.murphy@example.com, 2026-05-31 08:57:33, $2y$10$92IXUNpkjO0rOQ5byMi.Ye4oKoEa3Ro9llC/.og/at2.uheWG/igi, vo9dT6VtM4, Oregon, 2fb5b0dd-4f0b-4c9e-ae2c-a27050ef1560, 0, 1, 1, a1e8ed47-14c5-41a6-8493-1871416291c2, 2026-05-31 08:57:33, 2026-05-31 08:57:33))[39;22m

  at [32mvendor\laravel\framework\src\Illuminate\Database\Connection.php[39m:[32m825[39m
    821▕                     $this->getName(), $query, $this->prepareBindings($bindings), $e
    822▕                 );
    823▕             }
    824▕ 
  ➜ 825▕             throw new QueryException(
    826▕                 $this->getName(), $query, $this->prepareBindings($bindings), $e
    827▕             );
    828▕         }
    829▕     }

  [33m1   [39m[39;1mvendor\laravel\framework\src\Illuminate\Database\Connection.php[39;22m:[39;1m825[39;22m

  [33m2   [39m[39;1mvendor\laravel\framework\src\Illuminate\Database\Connection.php[39;22m:[39;1m571[39;22m
  [90m    NunoMaduro\Collision\Exceptions\TestException::("SQLSTATE[42703]: Undefined column: 7 FEHLER:  Spalte »is_voter« von Relation »users« existiert nicht
LINE 1: ...egion", "organisation_id", "is_committee_member", "is_voter"...
                                                             ^")[39m

  [31m────────────────────────────────────────────────────────────────────────────────────────────────────────────────────[39m  
  [41;1m FAILED [49;22m [1mTests\Feature\RealElection\EndpointRoutingTest[22m [90m>[39m real submit routes differ from demo       [41;1m QueryException [49;22m  
[39;1m  SQLSTATE[42703]: Undefined column: 7 FEHLER:  Spalte »is_voter« von Relation »users« existiert nicht
LINE 1: ...egion", "organisation_id", "is_committee_member", "is_voter"...
                                                             ^ (Connection: pgsql, SQL: insert into "users" ("name", "email", "email_verified_at", "password", "remember_token", "region", "organisation_id", "is_committee_member", "is_voter", "can_vote", "id", "updated_at", "created_at") values (Joaquin Larson, bethel99@example.com, 2026-05-31 08:57:33, $2y$10$92IXUNpkjO0rOQ5byMi.Ye4oKoEa3Ro9llC/.og/at2.uheWG/igi, QgfXJcYboA, Delaware, 2fb5b0dd-4f0b-4c9e-ae2c-a27050ef1560, 0, 1, 1, a1e8ed47-7583-45bb-81ba-8d99b637cf21, 2026-05-31 08:57:33, 2026-05-31 08:57:33))[39;22m

  at [32mvendor\laravel\framework\src\Illuminate\Database\Connection.php[39m:[32m825[39m
    821▕                     $this->getName(), $query, $this->prepareBindings($bindings), $e
    822▕                 );
    823▕             }
    824▕ 
  ➜ 825▕             throw new QueryException(
    826▕                 $this->getName(), $query, $this->prepareBindings($bindings), $e
    827▕             );
    828▕         }
    829▕     }

  [33m1   [39m[39;1mvendor\laravel\framework\src\Illuminate\Database\Connection.php[39;22m:[39;1m825[39;22m

  [33m2   [39m[39;1mvendor\laravel\framework\src\Illuminate\Database\Connection.php[39;22m:[39;1m571[39;22m
  [90m    NunoMaduro\Collision\Exceptions\TestException::("SQLSTATE[42703]: Undefined column: 7 FEHLER:  Spalte »is_voter« von Relation »users« existiert nicht
LINE 1: ...egion", "organisation_id", "is_committee_member", "is_voter"...
                                                             ^")[39m

  [31m────────────────────────────────────────────────────────────────────────────────────────────────────────────────────[39m  
  [41;1m FAILED [49;22m [1mTests\Feature\RealElection\EndpointRoutingTest[22m [90m>[39m real verify routes differ from demo       [41;1m QueryException [49;22m  
[39;1m  SQLSTATE[42703]: Undefined column: 7 FEHLER:  Spalte »is_voter« von Relation »users« existiert nicht
LINE 1: ...egion", "organisation_id", "is_committee_member", "is_voter"...
                                                             ^ (Connection: pgsql, SQL: insert into "users" ("name", "email", "email_verified_at", "password", "remember_token", "region", "organisation_id", "is_committee_member", "is_voter", "can_vote", "id", "updated_at", "created_at") values (Katrine Rosenbaum V, jacquelyn.dooley@example.net, 2026-05-31 08:57:33, $2y$10$92IXUNpkjO0rOQ5byMi.Ye4oKoEa3Ro9llC/.og/at2.uheWG/igi, cItfysgwrE, Maine, 2fb5b0dd-4f0b-4c9e-ae2c-a27050ef1560, 0, 1, 1, a1e8ed47-c57a-4d6a-ac9e-78c4c47eddd0, 2026-05-31 08:57:33, 2026-05-31 08:57:33))[39;22m

  at [32mvendor\laravel\framework\src\Illuminate\Database\Connection.php[39m:[32m825[39m
    821▕                     $this->getName(), $query, $this->prepareBindings($bindings), $e
    822▕                 );
    823▕             }
    824▕ 
  ➜ 825▕             throw new QueryException(
    826▕                 $this->getName(), $query, $this->prepareBindings($bindings), $e
    827▕             );
    828▕         }
    829▕     }

  [33m1   [39m[39;1mvendor\laravel\framework\src\Illuminate\Database\Connection.php[39;22m:[39;1m825[39;22m

  [33m2   [39m[39;1mvendor\laravel\framework\src\Illuminate\Database\Connection.php[39;22m:[39;1m571[39;22m
  [90m    NunoMaduro\Collision\Exceptions\TestException::("SQLSTATE[42703]: Undefined column: 7 FEHLER:  Spalte »is_voter« von Relation »users« existiert nicht
LINE 1: ...egion", "organisation_id", "is_committee_member", "is_voter"...
                                                             ^")[39m

  [31m────────────────────────────────────────────────────────────────────────────────────────────────────────────────────[39m  
  [41;1m FAILED [49;22m [1mTests\Feature\RealElection\EndpointRoutingTest[22m [90m>[39m real code routes are correct              [41;1m QueryException [49;22m  
[39;1m  SQLSTATE[42703]: Undefined column: 7 FEHLER:  Spalte »is_voter« von Relation »users« existiert nicht
LINE 1: ...egion", "organisation_id", "is_committee_member", "is_voter"...
                                                             ^ (Connection: pgsql, SQL: insert into "users" ("name", "email", "email_verified_at", "password", "remember_token", "region", "organisation_id", "is_committee_member", "is_voter", "can_vote", "id", "updated_at", "created_at") values (Andy Brown MD, lucinda10@example.org, 2026-05-31 08:57:34, $2y$10$92IXUNpkjO0rOQ5byMi.Ye4oKoEa3Ro9llC/.og/at2.uheWG/igi, Sex4QaIgNf, New Mexico, 2fb5b0dd-4f0b-4c9e-ae2c-a27050ef1560, 0, 1, 1, a1e8ed48-2e73-45ec-9a03-1fbad9cf9f01, 2026-05-31 08:57:34, 2026-05-31 08:57:34))[39;22m

  at [32mvendor\laravel\framework\src\Illuminate\Database\Connection.php[39m:[32m825[39m
    821▕                     $this->getName(), $query, $this->prepareBindings($bindings), $e
    822▕                 );
    823▕             }
    824▕ 
  ➜ 825▕             throw new QueryException(
    826▕                 $this->getName(), $query, $this->prepareBindings($bindings), $e
    827▕             );
    828▕         }
    829▕     }

  [33m1   [39m[39;1mvendor\laravel\framework\src\Illuminate\Database\Connection.php[39;22m:[39;1m825[39;22m

  [33m2   [39m[39;1mvendor\laravel\framework\src\Illuminate\Database\Connection.php[39;22m:[39;1m571[39;22m
  [90m    NunoMaduro\Collision\Exceptions\TestException::("SQLSTATE[42703]: Undefined column: 7 FEHLER:  Spalte »is_voter« von Relation »users« existiert nicht
LINE 1: ...egion", "organisation_id", "is_committee_member", "is_voter"...
                                                             ^")[39m

  [31m────────────────────────────────────────────────────────────────────────────────────────────────────────────────────[39m  
  [41;1m FAILED [49;22m [1mTests\Feature\RealElection\EndpointRoutingTest[22m [90m>[39m slug real routes differ from slug demo    [41;1m QueryException [49;22m  
[39;1m  SQLSTATE[42703]: Undefined column: 7 FEHLER:  Spalte »is_voter« von Relation »users« existiert nicht
LINE 1: ...egion", "organisation_id", "is_committee_member", "is_voter"...
                                                             ^ (Connection: pgsql, SQL: insert into "users" ("name", "email", "email_verified_at", "password", "remember_token", "region", "organisation_id", "is_committee_member", "is_voter", "can_vote", "id", "updated_at", "created_at") values (William Turner, dhermann@example.com, 2026-05-31 08:57:34, $2y$10$92IXUNpkjO0rOQ5byMi.Ye4oKoEa3Ro9llC/.og/at2.uheWG/igi, iExEgSWqB1, Alabama, 2fb5b0dd-4f0b-4c9e-ae2c-a27050ef1560, 0, 1, 1, a1e8ed48-9396-4a68-8b1b-3b75e2f84f3e, 2026-05-31 08:57:34, 2026-05-31 08:57:34))[39;22m

  at [32mvendor\laravel\framework\src\Illuminate\Database\Connection.php[39m:[32m825[39m
    821▕                     $this->getName(), $query, $this->prepareBindings($bindings), $e
    822▕                 );
    823▕             }
    824▕ 
  ➜ 825▕             throw new QueryException(
    826▕                 $this->getName(), $query, $this->prepareBindings($bindings), $e
    827▕             );
    828▕         }
    829▕     }

  [33m1   [39m[39;1mvendor\laravel\framework\src\Illuminate\Database\Connection.php[39;22m:[39;1m825[39;22m

  [33m2   [39m[39;1mvendor\laravel\framework\src\Illuminate\Database\Connection.php[39;22m:[39;1m571[39;22m
  [90m    NunoMaduro\Collision\Exceptions\TestException::("SQLSTATE[42703]: Undefined column: 7 FEHLER:  Spalte »is_voter« von Relation »users« existiert nicht
LINE 1: ...egion", "organisation_id", "is_committee_member", "is_voter"...
                                                             ^")[39m

  [31m────────────────────────────────────────────────────────────────────────────────────────────────────────────────────[39m  
  [41;1m FAILED [49;22m [1mTests\Feature\RealElection\EndpointRoutingTest[22m [90m>[39m real election uses vote routes not demo   [41;1m QueryException [49;22m  
[39;1m  SQLSTATE[42703]: Undefined column: 7 FEHLER:  Spalte »is_voter« von Relation »users« existiert nicht
LINE 1: ...egion", "organisation_id", "is_committee_member", "is_voter"...
                                                             ^ (Connection: pgsql, SQL: insert into "users" ("name", "email", "email_verified_at", "password", "remember_token", "region", "organisation_id", "is_committee_member", "is_voter", "can_vote", "id", "updated_at", "created_at") values (Dr. Carson Hegmann, genesis85@example.com, 2026-05-31 08:57:35, $2y$10$92IXUNpkjO0rOQ5byMi.Ye4oKoEa3Ro9llC/.og/at2.uheWG/igi, wjbgnc4WGD, Virginia, 2fb5b0dd-4f0b-4c9e-ae2c-a27050ef1560, 0, 1, 1, a1e8ed49-d4fb-49ef-b427-31a01d1bb252, 2026-05-31 08:57:35, 2026-05-31 08:57:35))[39;22m

  at [32mvendor\laravel\framework\src\Illuminate\Database\Connection.php[39m:[32m825[39m
    821▕                     $this->getName(), $query, $this->prepareBindings($bindings), $e
    822▕                 );
    823▕             }
    824▕ 
  ➜ 825▕             throw new QueryException(
    826▕                 $this->getName(), $query, $this->prepareBindings($bindings), $e
    827▕             );
    828▕         }
    829▕     }

  [33m1   [39m[39;1mvendor\laravel\framework\src\Illuminate\Database\Connection.php[39;22m:[39;1m825[39;22m

  [33m2   [39m[39;1mvendor\laravel\framework\src\Illuminate\Database\Connection.php[39;22m:[39;1m571[39;22m
  [90m    NunoMaduro\Collision\Exceptions\TestException::("SQLSTATE[42703]: Undefined column: 7 FEHLER:  Spalte »is_voter« von Relation »users« existiert nicht
LINE 1: ...egion", "organisation_id", "is_committee_member", "is_voter"...
                                                             ^")[39m

  [31m────────────────────────────────────────────────────────────────────────────────────────────────────────────────────[39m  
  [41;1m FAILED [49;22m [1mTests\Feature\RealElection\EndpointRoutingTest[22m [90m>[39m real election page navigation             [41;1m QueryException [49;22m  
[39;1m  SQLSTATE[42703]: Undefined column: 7 FEHLER:  Spalte »is_voter« von Relation »users« existiert nicht
LINE 1: ...egion", "organisation_id", "is_committee_member", "is_voter"...
                                                             ^ (Connection: pgsql, SQL: insert into "users" ("name", "email", "email_verified_at", "password", "remember_token", "region", "organisation_id", "is_committee_member", "is_voter", "can_vote", "id", "updated_at", "created_at") values (Angelica Powlowski V, gusikowski.shaniya@example.net, 2026-05-31 08:57:35, $2y$10$92IXUNpkjO0rOQ5byMi.Ye4oKoEa3Ro9llC/.og/at2.uheWG/igi, MVsGTHPhn9, District of Columbia, 2fb5b0dd-4f0b-4c9e-ae2c-a27050ef1560, 0, 1, 1, a1e8ed4a-1c4c-4d91-abd3-64d3f0620131, 2026-05-31 08:57:35, 2026-05-31 08:57:35))[39;22m

  at [32mvendor\laravel\framework\src\Illuminate\Database\Connection.php[39m:[32m825[39m
    821▕                     $this->getName(), $query, $this->prepareBindings($bindings), $e
    822▕                 );
    823▕             }
    824▕ 
  ➜ 825▕             throw new QueryException(
    826▕                 $this->getName(), $query, $this->prepareBindings($bindings), $e
    827▕             );
    828▕         }
    829▕     }

  [33m1   [39m[39;1mvendor\laravel\framework\src\Illuminate\Database\Connection.php[39;22m:[39;1m825[39;22m

  [33m2   [39m[39;1mvendor\laravel\framework\src\Illuminate\Database\Connection.php[39;22m:[39;1m571[39;22m
  [90m    NunoMaduro\Collision\Exceptions\TestException::("SQLSTATE[42703]: Undefined column: 7 FEHLER:  Spalte »is_voter« von Relation »users« existiert nicht
LINE 1: ...egion", "organisation_id", "is_committee_member", "is_voter"...
                                                             ^")[39m

  [31m────────────────────────────────────────────────────────────────────────────────────────────────────────────────────[39m  
  [41;1m FAILED [49;22m [1mTests\Feature\RealElection\EndpointRoutingTest[22m [90m>[39m slug based real election navigation       [41;1m QueryException [49;22m  
[39;1m  SQLSTATE[42703]: Undefined column: 7 FEHLER:  Spalte »is_voter« von Relation »users« existiert nicht
LINE 1: ...egion", "organisation_id", "is_committee_member", "is_voter"...
                                                             ^ (Connection: pgsql, SQL: insert into "users" ("name", "email", "email_verified_at", "password", "remember_token", "region", "organisation_id", "is_committee_member", "is_voter", "can_vote", "id", "updated_at", "created_at") values (Jeffry Fahey DDS, buford.ohara@example.org, 2026-05-31 08:57:35, $2y$10$92IXUNpkjO0rOQ5byMi.Ye4oKoEa3Ro9llC/.og/at2.uheWG/igi, kotWHgACvS, Colorado, 2fb5b0dd-4f0b-4c9e-ae2c-a27050ef1560, 0, 1, 1, a1e8ed4a-981f-4a3f-8f50-469e76315285, 2026-05-31 08:57:35, 2026-05-31 08:57:35))[39;22m

  at [32mvendor\laravel\framework\src\Illuminate\Database\Connection.php[39m:[32m825[39m
    821▕                     $this->getName(), $query, $this->prepareBindings($bindings), $e
    822▕                 );
    823▕             }
    824▕ 
  ➜ 825▕             throw new QueryException(
    826▕                 $this->getName(), $query, $this->prepareBindings($bindings), $e
    827▕             );
    828▕         }
    829▕     }

  [33m1   [39m[39;1mvendor\laravel\framework\src\Illuminate\Database\Connection.php[39;22m:[39;1m825[39;22m

  [33m2   [39m[39;1mvendor\laravel\framework\src\Illuminate\Database\Connection.php[39;22m:[39;1m571[39;22m
  [90m    NunoMaduro\Collision\Exceptions\TestException::("SQLSTATE[42703]: Undefined column: 7 FEHLER:  Spalte »is_voter« von Relation »users« existiert nicht
LINE 1: ...egion", "organisation_id", "is_committee_member", "is_voter"...
                                                             ^")[39m

  [31m────────────────────────────────────────────────────────────────────────────────────────────────────────────────────[39m  
  [41;1m FAILED [49;22m [1mTests\Feature\RealElection\EndpointRoutingTest[22m [90m>[39m real code creation route correct          [41;1m QueryException [49;22m  
[39;1m  SQLSTATE[42703]: Undefined column: 7 FEHLER:  Spalte »is_voter« von Relation »users« existiert nicht
LINE 1: ...egion", "organisation_id", "is_committee_member", "is_voter"...
                                                             ^ (Connection: pgsql, SQL: insert into "users" ("name", "email", "email_verified_at", "password", "remember_token", "region", "organisation_id", "is_committee_member", "is_voter", "can_vote", "id", "updated_at", "created_at") values (Caesar Dach, maryse.kirlin@example.com, 2026-05-31 08:57:36, $2y$10$92IXUNpkjO0rOQ5byMi.Ye4oKoEa3Ro9llC/.og/at2.uheWG/igi, gbCh85JYI2, Idaho, 2fb5b0dd-4f0b-4c9e-ae2c-a27050ef1560, 0, 1, 1, a1e8ed4b-6534-4682-b83e-4e710f75fbd8, 2026-05-31 08:57:36, 2026-05-31 08:57:36))[39;22m

  at [32mvendor\laravel\framework\src\Illuminate\Database\Connection.php[39m:[32m825[39m
    821▕                     $this->getName(), $query, $this->prepareBindings($bindings), $e
    822▕                 );
    823▕             }
    824▕ 
  ➜ 825▕             throw new QueryException(
    826▕                 $this->getName(), $query, $this->prepareBindings($bindings), $e
    827▕             );
    828▕         }
    829▕     }

  [33m1   [39m[39;1mvendor\laravel\framework\src\Illuminate\Database\Connection.php[39;22m:[39;1m825[39;22m

  [33m2   [39m[39;1mvendor\laravel\framework\src\Illuminate\Database\Connection.php[39;22m:[39;1m571[39;22m
  [90m    NunoMaduro\Collision\Exceptions\TestException::("SQLSTATE[42703]: Undefined column: 7 FEHLER:  Spalte »is_voter« von Relation »users« existiert nicht
LINE 1: ...egion", "organisation_id", "is_committee_member", "is_voter"...
                                                             ^")[39m

  [31m────────────────────────────────────────────────────────────────────────────────────────────────────────────────────[39m  
  [41;1m FAILED [49;22m [1mTests\Feature\RealElection\EndpointRoutingTest[22m [90m>[39m no demo endpoints in real routes          [41;1m QueryException [49;22m  
[39;1m  SQLSTATE[42703]: Undefined column: 7 FEHLER:  Spalte »is_voter« von Relation »users« existiert nicht
LINE 1: ...egion", "organisation_id", "is_committee_member", "is_voter"...
                                                             ^ (Connection: pgsql, SQL: insert into "users" ("name", "email", "email_verified_at", "password", "remember_token", "region", "organisation_id", "is_committee_member", "is_voter", "can_vote", "id", "updated_at", "created_at") values (Janelle Ledner IV, tblock@example.org, 2026-05-31 08:57:37, $2y$10$92IXUNpkjO0rOQ5byMi.Ye4oKoEa3Ro9llC/.og/at2.uheWG/igi, FOmG6ippKO, Utah, 2fb5b0dd-4f0b-4c9e-ae2c-a27050ef1560, 0, 1, 1, a1e8ed4d-56f5-41e7-8806-3c5b78a20549, 2026-05-31 08:57:37, 2026-05-31 08:57:37))[39;22m

  at [32mvendor\laravel\framework\src\Illuminate\Database\Connection.php[39m:[32m825[39m
    821▕                     $this->getName(), $query, $this->prepareBindings($bindings), $e
    822▕                 );
    823▕             }
    824▕ 
  ➜ 825▕             throw new QueryException(
    826▕                 $this->getName(), $query, $this->prepareBindings($bindings), $e
    827▕             );
    828▕         }
    829▕     }

  [33m1   [39m[39;1mvendor\laravel\framework\src\Illuminate\Database\Connection.php[39;22m:[39;1m825[39;22m

  [33m2   [39m[39;1mvendor\laravel\framework\src\Illuminate\Database\Connection.php[39;22m:[39;1m571[39;22m
  [90m    NunoMaduro\Collision\Exceptions\TestException::("SQLSTATE[42703]: Undefined column: 7 FEHLER:  Spalte »is_voter« von Relation »users« existiert nicht
LINE 1: ...egion", "organisation_id", "is_committee_member", "is_voter"...
                                                             ^")[39m

  [31m────────────────────────────────────────────────────────────────────────────────────────────────────────────────────[39m  
  [41;1m FAILED [49;22m [1mTests\Feature\RealElection\EndpointRoutingTest[22m [90m>[39m all real routes are registered            [41;1m QueryException [49;22m  
[39;1m  SQLSTATE[42703]: Undefined column: 7 FEHLER:  Spalte »is_voter« von Relation »users« existiert nicht
LINE 1: ...egion", "organisation_id", "is_committee_member", "is_voter"...
                                                             ^ (Connection: pgsql, SQL: insert into "users" ("name", "email", "email_verified_at", "password", "remember_token", "region", "organisation_id", "is_committee_member", "is_voter", "can_vote", "id", "updated_at", "created_at") values (Martin Lakin PhD, twalter@example.net, 2026-05-31 08:57:37, $2y$10$92IXUNpkjO0rOQ5byMi.Ye4oKoEa3Ro9llC/.og/at2.uheWG/igi, rtZnXzwINR, Montana, 2fb5b0dd-4f0b-4c9e-ae2c-a27050ef1560, 0, 1, 1, a1e8ed4d-a830-41ec-a8ed-34a145070dfe, 2026-05-31 08:57:37, 2026-05-31 08:57:37))[39;22m

  at [32mvendor\laravel\framework\src\Illuminate\Database\Connection.php[39m:[32m825[39m
    821▕                     $this->getName(), $query, $this->prepareBindings($bindings), $e
    822▕                 );
    823▕             }
    824▕ 
  ➜ 825▕             throw new QueryException(
    826▕                 $this->getName(), $query, $this->prepareBindings($bindings), $e
    827▕             );
    828▕         }
    829▕     }

  [33m1   [39m[39;1mvendor\laravel\framework\src\Illuminate\Database\Connection.php[39;22m:[39;1m825[39;22m

  [33m2   [39m[39;1mvendor\laravel\framework\src\Illuminate\Database\Connection.php[39;22m:[39;1m571[39;22m
  [90m    NunoMaduro\Collision\Exceptions\TestException::("SQLSTATE[42703]: Undefined column: 7 FEHLER:  Spalte »is_voter« von Relation »users« existiert nicht
LINE 1: ...egion", "organisation_id", "is_committee_member", "is_voter"...
                                                             ^")[39m

  [31m────────────────────────────────────────────────────────────────────────────────────────────────────────────────────[39m  
  [41;1m FAILED [49;22m [1mTests\Feature\RealElection\EndpointRoutingTest[22m [90m>[39m real elections use code model             [41;1m QueryException [49;22m  
[39;1m  SQLSTATE[42703]: Undefined column: 7 FEHLER:  Spalte »is_voter« von Relation »users« existiert nicht
LINE 1: ...egion", "organisation_id", "is_committee_member", "is_voter"...
                                                             ^ (Connection: pgsql, SQL: insert into "users" ("name", "email", "email_verified_at", "password", "remember_token", "region", "organisation_id", "is_committee_member", "is_voter", "can_vote", "id", "updated_at", "created_at") values (Roma Quitzon, jones.torey@example.com, 2026-05-31 08:57:37, $2y$10$92IXUNpkjO0rOQ5byMi.Ye4oKoEa3Ro9llC/.og/at2.uheWG/igi, tRqqzbvf7T, Wisconsin, 2fb5b0dd-4f0b-4c9e-ae2c-a27050ef1560, 0, 1, 1, a1e8ed4d-e9dd-4a0e-9d24-5bd119364d08, 2026-05-31 08:57:37, 2026-05-31 08:57:37))[39;22m

  at [32mvendor\laravel\framework\src\Illuminate\Database\Connection.php[39m:[32m825[39m
    821▕                     $this->getName(), $query, $this->prepareBindings($bindings), $e
    822▕                 );
    823▕             }
    824▕ 
  ➜ 825▕             throw new QueryException(
    826▕                 $this->getName(), $query, $this->prepareBindings($bindings), $e
    827▕             );
    828▕         }
    829▕     }

  [33m1   [39m[39;1mvendor\laravel\framework\src\Illuminate\Database\Connection.php[39;22m:[39;1m825[39;22m

  [33m2   [39m[39;1mvendor\laravel\framework\src\Illuminate\Database\Connection.php[39;22m:[39;1m571[39;22m
  [90m    NunoMaduro\Collision\Exceptions\TestException::("SQLSTATE[42703]: Undefined column: 7 FEHLER:  Spalte »is_voter« von Relation »users« existiert nicht
LINE 1: ...egion", "organisation_id", "is_committee_member", "is_voter"...
                                                             ^")[39m

  [31m────────────────────────────────────────────────────────────────────────────────────────────────────────────────────[39m  
  [41;1m FAILED [49;22m [1mTests\Feature\RealElection\EndpointRoutingTest[22m [90m>[39m validation error handling in real contro… [41;1m QueryException [49;22m  
[39;1m  SQLSTATE[42703]: Undefined column: 7 FEHLER:  Spalte »is_voter« von Relation »users« existiert nicht
LINE 1: ...egion", "organisation_id", "is_committee_member", "is_voter"...
                                                             ^ (Connection: pgsql, SQL: insert into "users" ("name", "email", "email_verified_at", "password", "remember_token", "region", "organisation_id", "is_committee_member", "is_voter", "can_vote", "id", "updated_at", "created_at") values (Dr. Kristian Herzog, anibal30@example.net, 2026-05-31 08:57:38, $2y$10$92IXUNpkjO0rOQ5byMi.Ye4oKoEa3Ro9llC/.og/at2.uheWG/igi, 1db3OBEtHV, Georgia, 2fb5b0dd-4f0b-4c9e-ae2c-a27050ef1560, 0, 1, 1, a1e8ed4e-33b8-4bb2-b7f2-a19937c02d92, 2026-05-31 08:57:38, 2026-05-31 08:57:38))[39;22m

  at [32mvendor\laravel\framework\src\Illuminate\Database\Connection.php[39m:[32m825[39m
    821▕                     $this->getName(), $query, $this->prepareBindings($bindings), $e
    822▕                 );
    823▕             }
    824▕ 
  ➜ 825▕             throw new QueryException(
    826▕                 $this->getName(), $query, $this->prepareBindings($bindings), $e
    827▕             );
    828▕         }
    829▕     }

  [33m1   [39m[39;1mvendor\laravel\framework\src\Illuminate\Database\Connection.php[39;22m:[39;1m825[39;22m

  [33m2   [39m[39;1mvendor\laravel\framework\src\Illuminate\Database\Connection.php[39;22m:[39;1m571[39;22m
  [90m    NunoMaduro\Collision\Exceptions\TestException::("SQLSTATE[42703]: Undefined column: 7 FEHLER:  Spalte »is_voter« von Relation »users« existiert nicht
LINE 1: ...egion", "organisation_id", "is_committee_member", "is_voter"...
                                                             ^")[39m

  [31m────────────────────────────────────────────────────────────────────────────────────────────────────────────────────[39m  
  [41;1m FAILED [49;22m [1mTests\Feature\RealElection\EndpointRoutingTest[22m [90m>[39m real election complete flow uses real ro… [41;1m QueryException [49;22m  
[39;1m  SQLSTATE[42703]: Undefined column: 7 FEHLER:  Spalte »is_voter« von Relation »users« existiert nicht
LINE 1: ...egion", "organisation_id", "is_committee_member", "is_voter"...
                                                             ^ (Connection: pgsql, SQL: insert into "users" ("name", "email", "email_verified_at", "password", "remember_token", "region", "organisation_id", "is_committee_member", "is_voter", "can_vote", "id", "updated_at", "created_at") values (Hailie Gleason, spollich@example.com, 2026-05-31 08:57:38, $2y$10$92IXUNpkjO0rOQ5byMi.Ye4oKoEa3Ro9llC/.og/at2.uheWG/igi, ztJeSNcxdl, Oregon, 2fb5b0dd-4f0b-4c9e-ae2c-a27050ef1560, 0, 1, 1, a1e8ed4e-780e-481b-b505-0718cd5275db, 2026-05-31 08:57:38, 2026-05-31 08:57:38))[39;22m

  at [32mvendor\laravel\framework\src\Illuminate\Database\Connection.php[39m:[32m825[39m
    821▕                     $this->getName(), $query, $this->prepareBindings($bindings), $e
    822▕                 );
    823▕             }
    824▕ 
  ➜ 825▕             throw new QueryException(
    826▕                 $this->getName(), $query, $this->prepareBindings($bindings), $e
    827▕             );
    828▕         }
    829▕     }

  [33m1   [39m[39;1mvendor\laravel\framework\src\Illuminate\Database\Connection.php[39;22m:[39;1m825[39;22m

  [33m2   [39m[39;1mvendor\laravel\framework\src\Illuminate\Database\Connection.php[39;22m:[39;1m571[39;22m
  [90m    NunoMaduro\Collision\Exceptions\TestException::("SQLSTATE[42703]: Undefined column: 7 FEHLER:  Spalte »is_voter« von Relation »users« existiert nicht
LINE 1: ...egion", "organisation_id", "is_committee_member", "is_voter"...
                                                             ^")[39m

  [31m────────────────────────────────────────────────────────────────────────────────────────────────────────────────────[39m  
  [41;1m FAILED [49;22m [1mTests\Feature\RealElection\EndpointRoutingTest[22m [90m>[39m real slug parameters correct              [41;1m QueryException [49;22m  
[39;1m  SQLSTATE[42703]: Undefined column: 7 FEHLER:  Spalte »is_voter« von Relation »users« existiert nicht
LINE 1: ...egion", "organisation_id", "is_committee_member", "is_voter"...
                                                             ^ (Connection: pgsql, SQL: insert into "users" ("name", "email", "email_verified_at", "password", "remember_token", "region", "organisation_id", "is_committee_member", "is_voter", "can_vote", "id", "updated_at", "created_at") values (Omari Hintz, turcotte.pedro@example.org, 2026-05-31 08:57:38, $2y$10$92IXUNpkjO0rOQ5byMi.Ye4oKoEa3Ro9llC/.og/at2.uheWG/igi, 6hSGO9xA1d, Ohio, 2fb5b0dd-4f0b-4c9e-ae2c-a27050ef1560, 0, 1, 1, a1e8ed4f-78f6-4e65-bb33-5fec5e5b4a37, 2026-05-31 08:57:38, 2026-05-31 08:57:38))[39;22m

  at [32mvendor\laravel\framework\src\Illuminate\Database\Connection.php[39m:[32m825[39m
    821▕                     $this->getName(), $query, $this->prepareBindings($bindings), $e
    822▕                 );
    823▕             }
    824▕ 
  ➜ 825▕             throw new QueryException(
    826▕                 $this->getName(), $query, $this->prepareBindings($bindings), $e
    827▕             );
    828▕         }
    829▕     }

  [33m1   [39m[39;1mvendor\laravel\framework\src\Illuminate\Database\Connection.php[39;22m:[39;1m825[39;22m

  [33m2   [39m[39;1mvendor\laravel\framework\src\Illuminate\Database\Connection.php[39;22m:[39;1m571[39;22m
  [90m    NunoMaduro\Collision\Exceptions\TestException::("SQLSTATE[42703]: Undefined column: 7 FEHLER:  Spalte »is_voter« von Relation »users« existiert nicht
LINE 1: ...egion", "organisation_id", "is_committee_member", "is_voter"...
                                                             ^")[39m

  [31m────────────────────────────────────────────────────────────────────────────────────────────────────────────────────[39m  
  [41;1m FAILED [49;22m [1mTests\Feature\RealElection\RoutingTest[22m [90m>[39m real vs demo vote create routes different         [41;1m QueryException [49;22m  
[39;1m  SQLSTATE[23502]: Not null violation: 7 FEHLER:  NULL-Wert in Spalte »organisation_id« von Relation »elections« verletzt Not-Null-Constraint
DETAIL:  Fehlgeschlagene Zeile enthält (a1e8ed50-6636-4a3b-8ea5-e7c14e491740, null, ut, minus-soluta-et-sed-eos-reprehenderit, Tempore tenetur nam id nihil eum rem magnam., demo, active, 2026-05-31 08:57:39, 2026-06-07 08:57:39, t, null, 2026-05-31 08:57:39, 2026-05-31 08:57:39, null, f, f, 4, null, f, No vote / Abstain, maximum, null, null, 0, null, null, null, block, strict, none, null, null, null, f, null, null, null, f, null, null, null, t, 7, null, f, null, null, f, null, 0, 0, 0, 0, 0, 0, draft, null, null, null, null, null, null, null, null, 0, null, null, null, null, null, null, null, null, null, null, full_membership, ip_count, none, 6, single_code, f, null, null, null, D.2.5, null). (Connection: pgsql, SQL: insert into "elections" ("organisation_id", "name", "slug", "description", "type", "is_active", "status", "state", "administration_completed", "nomination_completed", "start_date", "end_date", "posts_count", "voters_count", "election_committee_members_count", "candidates_count", "pending_candidacies_count", "votes_count", "voting_locked", "voting_starts_at", "voting_ends_at", "results_locked", "voter_source_strategy", "id", "updated_at", "created_at") values (?, ut, minus-soluta-et-sed-eos-reprehenderit, Tempore tenetur nam id nihil eum rem magnam., demo, 1, active, draft, 0, 0, 2026-05-31 08:57:39, 2026-06-07 08:57:39, 0, 0, 0, 0, 0, 0, 0, ?, ?, 0, full_membership, a1e8ed50-6636-4a3b-8ea5-e7c14e491740, 2026-05-31 08:57:39, 2026-05-31 08:57:39))[39;22m

  at [32mvendor\laravel\framework\src\Illuminate\Database\Connection.php[39m:[32m825[39m
    821▕                     $this->getName(), $query, $this->prepareBindings($bindings), $e
    822▕                 );
    823▕             }
    824▕ 
  ➜ 825▕             throw new QueryException(
    826▕                 $this->getName(), $query, $this->prepareBindings($bindings), $e
    827▕             );
    828▕         }
    829▕     }

  [33m1   [39m[39;1mvendor\laravel\framework\src\Illuminate\Database\Connection.php[39;22m:[39;1m825[39;22m

  [33m2   [39m[39;1mvendor\laravel\framework\src\Illuminate\Database\Connection.php[39;22m:[39;1m571[39;22m
  [90m    NunoMaduro\Collision\Exceptions\TestException::("SQLSTATE[23502]: Not null violation: 7 FEHLER:  NULL-Wert in Spalte »organisation_id« von Relation »elections« verletzt Not-Null-Constraint
DETAIL:  Fehlgeschlagene Zeile enthält (a1e8ed50-6636-4a3b-8ea5-e7c14e491740, null, ut, minus-soluta-et-sed-eos-reprehenderit, Tempore tenetur nam id nihil eum rem magnam., demo, active, 2026-05-31 08:57:39, 2026-06-07 08:57:39, t, null, 2026-05-31 08:57:39, 2026-05-31 08:57:39, null, f, f, 4, null, f, No vote / Abstain, maximum, null, null, 0, null, null, null, block, strict, none, null, null, null, f, null, null, null, f, null, null, null, t, 7, null, f, null, null, f, null, 0, 0, 0, 0, 0, 0, draft, null, null, null, null, null, null, null, null, 0, null, null, null, null, null, null, null, null, null, null, full_membership, ip_count, none, 6, single_code, f, null, null, null, D.2.5, null).")[39m

  [31m────────────────────────────────────────────────────────────────────────────────────────────────────────────────────[39m  
  [41;1m FAILED [49;22m [1mTests\Feature\RealElection\RoutingTest[22m [90m>[39m real create route no demo keyword                 [41;1m QueryException [49;22m  
[39;1m  SQLSTATE[23502]: Not null violation: 7 FEHLER:  NULL-Wert in Spalte »organisation_id« von Relation »elections« verletzt Not-Null-Constraint
DETAIL:  Fehlgeschlagene Zeile enthält (a1e8ed52-9fc8-4f7f-b77e-57ae25d29834, null, et, officiis-dignissimos-quod-et-provident-incidunt, Est modi ipsam et omnis magnam assumenda neque., demo, active, 2026-05-31 08:57:40, 2026-06-07 08:57:40, t, null, 2026-05-31 08:57:40, 2026-05-31 08:57:40, null, f, f, 4, null, f, No vote / Abstain, maximum, null, null, 0, null, null, null, block, strict, none, null, null, null, f, null, null, null, f, null, null, null, t, 7, null, f, null, null, f, null, 0, 0, 0, 0, 0, 0, draft, null, null, null, null, null, null, null, null, 0, null, null, null, null, null, null, null, null, null, null, full_membership, ip_count, none, 6, single_code, f, null, null, null, D.2.5, null). (Connection: pgsql, SQL: insert into "elections" ("organisation_id", "name", "slug", "description", "type", "is_active", "status", "state", "administration_completed", "nomination_completed", "start_date", "end_date", "posts_count", "voters_count", "election_committee_members_count", "candidates_count", "pending_candidacies_count", "votes_count", "voting_locked", "voting_starts_at", "voting_ends_at", "results_locked", "voter_source_strategy", "id", "updated_at", "created_at") values (?, et, officiis-dignissimos-quod-et-provident-incidunt, Est modi ipsam et omnis magnam assumenda neque., demo, 1, active, draft, 0, 0, 2026-05-31 08:57:40, 2026-06-07 08:57:40, 0, 0, 0, 0, 0, 0, 0, ?, ?, 0, full_membership, a1e8ed52-9fc8-4f7f-b77e-57ae25d29834, 2026-05-31 08:57:40, 2026-05-31 08:57:40))[39;22m

  at [32mvendor\laravel\framework\src\Illuminate\Database\Connection.php[39m:[32m825[39m
    821▕                     $this->getName(), $query, $this->prepareBindings($bindings), $e
    822▕                 );
    823▕             }
    824▕ 
  ➜ 825▕             throw new QueryException(
    826▕                 $this->getName(), $query, $this->prepareBindings($bindings), $e
    827▕             );
    828▕         }
    829▕     }

  [33m1   [39m[39;1mvendor\laravel\framework\src\Illuminate\Database\Connection.php[39;22m:[39;1m825[39;22m

  [33m2   [39m[39;1mvendor\laravel\framework\src\Illuminate\Database\Connection.php[39;22m:[39;1m571[39;22m
  [90m    NunoMaduro\Collision\Exceptions\TestException::("SQLSTATE[23502]: Not null violation: 7 FEHLER:  NULL-Wert in Spalte »organisation_id« von Relation »elections« verletzt Not-Null-Constraint
DETAIL:  Fehlgeschlagene Zeile enthält (a1e8ed52-9fc8-4f7f-b77e-57ae25d29834, null, et, officiis-dignissimos-quod-et-provident-incidunt, Est modi ipsam et omnis magnam assumenda neque., demo, active, 2026-05-31 08:57:40, 2026-06-07 08:57:40, t, null, 2026-05-31 08:57:40, 2026-05-31 08:57:40, null, f, f, 4, null, f, No vote / Abstain, maximum, null, null, 0, null, null, null, block, strict, none, null, null, null, f, null, null, null, f, null, null, null, t, 7, null, f, null, null, f, null, 0, 0, 0, 0, 0, 0, draft, null, null, null, null, null, null, null, null, 0, null, null, null, null, null, null, null, null, null, null, full_membership, ip_count, none, 6, single_code, f, null, null, null, D.2.5, null).")[39m

  [31m────────────────────────────────────────────────────────────────────────────────────────────────────────────────────[39m  
  [41;1m FAILED [49;22m [1mTests\Feature\RealElection\RoutingTest[22m [90m>[39m demo create route has demo keyword                [41;1m QueryException [49;22m  
[39;1m  SQLSTATE[23502]: Not null violation: 7 FEHLER:  NULL-Wert in Spalte »organisation_id« von Relation »elections« verletzt Not-Null-Constraint
DETAIL:  Fehlgeschlagene Zeile enthält (a1e8ed53-ccc6-4589-8569-b93abd2ac482, null, tempore, ducimus-aliquid-dolores-totam, Velit blanditiis totam ullam vero pariatur., demo, active, 2026-05-31 08:57:41, 2026-06-07 08:57:41, t, null, 2026-05-31 08:57:41, 2026-05-31 08:57:41, null, f, f, 4, null, f, No vote / Abstain, maximum, null, null, 0, null, null, null, block, strict, none, null, null, null, f, null, null, null, f, null, null, null, t, 7, null, f, null, null, f, null, 0, 0, 0, 0, 0, 0, draft, null, null, null, null, null, null, null, null, 0, null, null, null, null, null, null, null, null, null, null, full_membership, ip_count, none, 6, single_code, f, null, null, null, D.2.5, null). (Connection: pgsql, SQL: insert into "elections" ("organisation_id", "name", "slug", "description", "type", "is_active", "status", "state", "administration_completed", "nomination_completed", "start_date", "end_date", "posts_count", "voters_count", "election_committee_members_count", "candidates_count", "pending_candidacies_count", "votes_count", "voting_locked", "voting_starts_at", "voting_ends_at", "results_locked", "voter_source_strategy", "id", "updated_at", "created_at") values (?, tempore, ducimus-aliquid-dolores-totam, Velit blanditiis totam ullam vero pariatur., demo, 1, active, draft, 0, 0, 2026-05-31 08:57:41, 2026-06-07 08:57:41, 0, 0, 0, 0, 0, 0, 0, ?, ?, 0, full_membership, a1e8ed53-ccc6-4589-8569-b93abd2ac482, 2026-05-31 08:57:41, 2026-05-31 08:57:41))[39;22m

  at [32mvendor\laravel\framework\src\Illuminate\Database\Connection.php[39m:[32m825[39m
    821▕                     $this->getName(), $query, $this->prepareBindings($bindings), $e
    822▕                 );
    823▕             }
    824▕ 
  ➜ 825▕             throw new QueryException(
    826▕                 $this->getName(), $query, $this->prepareBindings($bindings), $e
    827▕             );
    828▕         }
    829▕     }

  [33m1   [39m[39;1mvendor\laravel\framework\src\Illuminate\Database\Connection.php[39;22m:[39;1m825[39;22m

  [33m2   [39m[39;1mvendor\laravel\framework\src\Illuminate\Database\Connection.php[39;22m:[39;1m571[39;22m
  [90m    NunoMaduro\Collision\Exceptions\TestException::("SQLSTATE[23502]: Not null violation: 7 FEHLER:  NULL-Wert in Spalte »organisation_id« von Relation »elections« verletzt Not-Null-Constraint
DETAIL:  Fehlgeschlagene Zeile enthält (a1e8ed53-ccc6-4589-8569-b93abd2ac482, null, tempore, ducimus-aliquid-dolores-totam, Velit blanditiis totam ullam vero pariatur., demo, active, 2026-05-31 08:57:41, 2026-06-07 08:57:41, t, null, 2026-05-31 08:57:41, 2026-05-31 08:57:41, null, f, f, 4, null, f, No vote / Abstain, maximum, null, null, 0, null, null, null, block, strict, none, null, null, null, f, null, null, null, f, null, null, null, t, 7, null, f, null, null, f, null, 0, 0, 0, 0, 0, 0, draft, null, null, null, null, null, null, null, null, 0, null, null, null, null, null, null, null, null, null, null, full_membership, ip_count, none, 6, single_code, f, null, null, null, D.2.5, null).")[39m

  [31m────────────────────────────────────────────────────────────────────────────────────────────────────────────────────[39m  
  [41;1m FAILED [49;22m [1mTests\Feature\RealElection\RoutingTest[22m [90m>[39m real vs demo submit different                     [41;1m QueryException [49;22m  
[39;1m  SQLSTATE[23502]: Not null violation: 7 FEHLER:  NULL-Wert in Spalte »organisation_id« von Relation »elections« verletzt Not-Null-Constraint
DETAIL:  Fehlgeschlagene Zeile enthält (a1e8ed55-5a1b-4ae1-9bd5-f663011cd619, null, qui, exercitationem-est-perferendis-nemo-neque-est-accusamus, Autem qui labore eos laboriosam voluptates occaecati nulla., demo, active, 2026-05-31 08:57:42, 2026-06-07 08:57:42, t, null, 2026-05-31 08:57:42, 2026-05-31 08:57:42, null, f, f, 4, null, f, No vote / Abstain, maximum, null, null, 0, null, null, null, block, strict, none, null, null, null, f, null, null, null, f, null, null, null, t, 7, null, f, null, null, f, null, 0, 0, 0, 0, 0, 0, draft, null, null, null, null, null, null, null, null, 0, null, null, null, null, null, null, null, null, null, null, full_membership, ip_count, none, 6, single_code, f, null, null, null, D.2.5, null). (Connection: pgsql, SQL: insert into "elections" ("organisation_id", "name", "slug", "description", "type", "is_active", "status", "state", "administration_completed", "nomination_completed", "start_date", "end_date", "posts_count", "voters_count", "election_committee_members_count", "candidates_count", "pending_candidacies_count", "votes_count", "voting_locked", "voting_starts_at", "voting_ends_at", "results_locked", "voter_source_strategy", "id", "updated_at", "created_at") values (?, qui, exercitationem-est-perferendis-nemo-neque-est-accusamus, Autem qui labore eos laboriosam voluptates occaecati nulla., demo, 1, active, draft, 0, 0, 2026-05-31 08:57:42, 2026-06-07 08:57:42, 0, 0, 0, 0, 0, 0, 0, ?, ?, 0, full_membership, a1e8ed55-5a1b-4ae1-9bd5-f663011cd619, 2026-05-31 08:57:42, 2026-05-31 08:57:42))[39;22m

  at [32mvendor\laravel\framework\src\Illuminate\Database\Connection.php[39m:[32m825[39m
    821▕                     $this->getName(), $query, $this->prepareBindings($bindings), $e
    822▕                 );
    823▕             }
    824▕ 
  ➜ 825▕             throw new QueryException(
    826▕                 $this->getName(), $query, $this->prepareBindings($bindings), $e
    827▕             );
    828▕         }
    829▕     }

  [33m1   [39m[39;1mvendor\laravel\framework\src\Illuminate\Database\Connection.php[39;22m:[39;1m825[39;22m

  [33m2   [39m[39;1mvendor\laravel\framework\src\Illuminate\Database\Connection.php[39;22m:[39;1m571[39;22m
  [90m    NunoMaduro\Collision\Exceptions\TestException::("SQLSTATE[23502]: Not null violation: 7 FEHLER:  NULL-Wert in Spalte »organisation_id« von Relation »elections« verletzt Not-Null-Constraint
DETAIL:  Fehlgeschlagene Zeile enthält (a1e8ed55-5a1b-4ae1-9bd5-f663011cd619, null, qui, exercitationem-est-perferendis-nemo-neque-est-accusamus, Autem qui labore eos laboriosam voluptates occaecati nulla., demo, active, 2026-05-31 08:57:42, 2026-06-07 08:57:42, t, null, 2026-05-31 08:57:42, 2026-05-31 08:57:42, null, f, f, 4, null, f, No vote / Abstain, maximum, null, null, 0, null, null, null, block, strict, none, null, null, null, f, null, null, null, f, null, null, null, t, 7, null, f, null, null, f, null, 0, 0, 0, 0, 0, 0, draft, null, null, null, null, null, null, null, null, 0, null, null, null, null, null, null, null, null, null, null, full_membership, ip_count, none, 6, single_code, f, null, null, null, D.2.5, null).")[39m

  [31m────────────────────────────────────────────────────────────────────────────────────────────────────────────────────[39m  
  [41;1m FAILED [49;22m [1mTests\Feature\RealElection\RoutingTest[22m [90m>[39m real vs demo verify different                     [41;1m QueryException [49;22m  
[39;1m  SQLSTATE[23502]: Not null violation: 7 FEHLER:  NULL-Wert in Spalte »organisation_id« von Relation »elections« verletzt Not-Null-Constraint
DETAIL:  Fehlgeschlagene Zeile enthält (a1e8ed55-e576-4fa8-a3fd-986f02730d84, null, consequatur, doloremque-assumenda-eos-dolor-est-optio, Consequatur nesciunt est eaque voluptatum., demo, active, 2026-05-31 08:57:43, 2026-06-07 08:57:43, t, null, 2026-05-31 08:57:43, 2026-05-31 08:57:43, null, f, f, 4, null, f, No vote / Abstain, maximum, null, null, 0, null, null, null, block, strict, none, null, null, null, f, null, null, null, f, null, null, null, t, 7, null, f, null, null, f, null, 0, 0, 0, 0, 0, 0, draft, null, null, null, null, null, null, null, null, 0, null, null, null, null, null, null, null, null, null, null, full_membership, ip_count, none, 6, single_code, f, null, null, null, D.2.5, null). (Connection: pgsql, SQL: insert into "elections" ("organisation_id", "name", "slug", "description", "type", "is_active", "status", "state", "administration_completed", "nomination_completed", "start_date", "end_date", "posts_count", "voters_count", "election_committee_members_count", "candidates_count", "pending_candidacies_count", "votes_count", "voting_locked", "voting_starts_at", "voting_ends_at", "results_locked", "voter_source_strategy", "id", "updated_at", "created_at") values (?, consequatur, doloremque-assumenda-eos-dolor-est-optio, Consequatur nesciunt est eaque voluptatum., demo, 1, active, draft, 0, 0, 2026-05-31 08:57:43, 2026-06-07 08:57:43, 0, 0, 0, 0, 0, 0, 0, ?, ?, 0, full_membership, a1e8ed55-e576-4fa8-a3fd-986f02730d84, 2026-05-31 08:57:43, 2026-05-31 08:57:43))[39;22m

  at [32mvendor\laravel\framework\src\Illuminate\Database\Connection.php[39m:[32m825[39m
    821▕                     $this->getName(), $query, $this->prepareBindings($bindings), $e
    822▕                 );
    823▕             }
    824▕ 
  ➜ 825▕             throw new QueryException(
    826▕                 $this->getName(), $query, $this->prepareBindings($bindings), $e
    827▕             );
    828▕         }
    829▕     }

  [33m1   [39m[39;1mvendor\laravel\framework\src\Illuminate\Database\Connection.php[39;22m:[39;1m825[39;22m

  [33m2   [39m[39;1mvendor\laravel\framework\src\Illuminate\Database\Connection.php[39;22m:[39;1m571[39;22m
  [90m    NunoMaduro\Collision\Exceptions\TestException::("SQLSTATE[23502]: Not null violation: 7 FEHLER:  NULL-Wert in Spalte »organisation_id« von Relation »elections« verletzt Not-Null-Constraint
DETAIL:  Fehlgeschlagene Zeile enthält (a1e8ed55-e576-4fa8-a3fd-986f02730d84, null, consequatur, doloremque-assumenda-eos-dolor-est-optio, Consequatur nesciunt est eaque voluptatum., demo, active, 2026-05-31 08:57:43, 2026-06-07 08:57:43, t, null, 2026-05-31 08:57:43, 2026-05-31 08:57:43, null, f, f, 4, null, f, No vote / Abstain, maximum, null, null, 0, null, null, null, block, strict, none, null, null, null, f, null, null, null, f, null, null, null, t, 7, null, f, null, null, f, null, 0, 0, 0, 0, 0, 0, draft, null, null, null, null, null, null, null, null, 0, null, null, null, null, null, null, null, null, null, null, full_membership, ip_count, none, 6, single_code, f, null, null, null, D.2.5, null).")[39m

  [31m────────────────────────────────────────────────────────────────────────────────────────────────────────────────────[39m  
  [41;1m FAILED [49;22m [1mTests\Feature\RealElection\RoutingTest[22m [90m>[39m slug based real vs demo different                 [41;1m QueryException [49;22m  
[39;1m  SQLSTATE[23502]: Not null violation: 7 FEHLER:  NULL-Wert in Spalte »organisation_id« von Relation »elections« verletzt Not-Null-Constraint
DETAIL:  Fehlgeschlagene Zeile enthält (a1e8ed56-2883-4ea8-8646-1e021cc92b6b, null, repellat, alias-dolor-deserunt-placeat-aspernatur-ipsum-id, Quibusdam ex velit illum quae vero ex sit., demo, active, 2026-05-31 08:57:43, 2026-06-07 08:57:43, t, null, 2026-05-31 08:57:43, 2026-05-31 08:57:43, null, f, f, 4, null, f, No vote / Abstain, maximum, null, null, 0, null, null, null, block, strict, none, null, null, null, f, null, null, null, f, null, null, null, t, 7, null, f, null, null, f, null, 0, 0, 0, 0, 0, 0, draft, null, null, null, null, null, null, null, null, 0, null, null, null, null, null, null, null, null, null, null, full_membership, ip_count, none, 6, single_code, f, null, null, null, D.2.5, null). (Connection: pgsql, SQL: insert into "elections" ("organisation_id", "name", "slug", "description", "type", "is_active", "status", "state", "administration_completed", "nomination_completed", "start_date", "end_date", "posts_count", "voters_count", "election_committee_members_count", "candidates_count", "pending_candidacies_count", "votes_count", "voting_locked", "voting_starts_at", "voting_ends_at", "results_locked", "voter_source_strategy", "id", "updated_at", "created_at") values (?, repellat, alias-dolor-deserunt-placeat-aspernatur-ipsum-id, Quibusdam ex velit illum quae vero ex sit., demo, 1, active, draft, 0, 0, 2026-05-31 08:57:43, 2026-06-07 08:57:43, 0, 0, 0, 0, 0, 0, 0, ?, ?, 0, full_membership, a1e8ed56-2883-4ea8-8646-1e021cc92b6b, 2026-05-31 08:57:43, 2026-05-31 08:57:43))[39;22m

  at [32mvendor\laravel\framework\src\Illuminate\Database\Connection.php[39m:[32m825[39m
    821▕                     $this->getName(), $query, $this->prepareBindings($bindings), $e
    822▕                 );
    823▕             }
    824▕ 
  ➜ 825▕             throw new QueryException(
    826▕                 $this->getName(), $query, $this->prepareBindings($bindings), $e
    827▕             );
    828▕         }
    829▕     }

  [33m1   [39m[39;1mvendor\laravel\framework\src\Illuminate\Database\Connection.php[39;22m:[39;1m825[39;22m

  [33m2   [39m[39;1mvendor\laravel\framework\src\Illuminate\Database\Connection.php[39;22m:[39;1m571[39;22m
  [90m    NunoMaduro\Collision\Exceptions\TestException::("SQLSTATE[23502]: Not null violation: 7 FEHLER:  NULL-Wert in Spalte »organisation_id« von Relation »elections« verletzt Not-Null-Constraint
DETAIL:  Fehlgeschlagene Zeile enthält (a1e8ed56-2883-4ea8-8646-1e021cc92b6b, null, repellat, alias-dolor-deserunt-placeat-aspernatur-ipsum-id, Quibusdam ex velit illum quae vero ex sit., demo, active, 2026-05-31 08:57:43, 2026-06-07 08:57:43, t, null, 2026-05-31 08:57:43, 2026-05-31 08:57:43, null, f, f, 4, null, f, No vote / Abstain, maximum, null, null, 0, null, null, null, block, strict, none, null, null, null, f, null, null, null, f, null, null, null, t, 7, null, f, null, null, f, null, 0, 0, 0, 0, 0, 0, draft, null, null, null, null, null, null, null, null, 0, null, null, null, null, null, null, null, null, null, null, full_membership, ip_count, none, 6, single_code, f, null, null, null, D.2.5, null).")[39m

  [31m────────────────────────────────────────────────────────────────────────────────────────────────────────────────────[39m  
  [41;1m FAILED [49;22m [1mTests\Feature\RealElection\RoutingTest[22m [90m>[39m real election type is real                        [41;1m QueryException [49;22m  
[39;1m  SQLSTATE[23502]: Not null violation: 7 FEHLER:  NULL-Wert in Spalte »organisation_id« von Relation »elections« verletzt Not-Null-Constraint
DETAIL:  Fehlgeschlagene Zeile enthält (a1e8ed56-e398-4dc6-aac5-52349fdecb65, null, qui, hic-optio-reiciendis-ipsum-laboriosam-provident, Et sit et rerum et at illum nobis voluptas., demo, active, 2026-05-31 08:57:43, 2026-06-07 08:57:43, t, null, 2026-05-31 08:57:43, 2026-05-31 08:57:43, null, f, f, 4, null, f, No vote / Abstain, maximum, null, null, 0, null, null, null, block, strict, none, null, null, null, f, null, null, null, f, null, null, null, t, 7, null, f, null, null, f, null, 0, 0, 0, 0, 0, 0, draft, null, null, null, null, null, null, null, null, 0, null, null, null, null, null, null, null, null, null, null, full_membership, ip_count, none, 6, single_code, f, null, null, null, D.2.5, null). (Connection: pgsql, SQL: insert into "elections" ("organisation_id", "name", "slug", "description", "type", "is_active", "status", "state", "administration_completed", "nomination_completed", "start_date", "end_date", "posts_count", "voters_count", "election_committee_members_count", "candidates_count", "pending_candidacies_count", "votes_count", "voting_locked", "voting_starts_at", "voting_ends_at", "results_locked", "voter_source_strategy", "id", "updated_at", "created_at") values (?, qui, hic-optio-reiciendis-ipsum-laboriosam-provident, Et sit et rerum et at illum nobis voluptas., demo, 1, active, draft, 0, 0, 2026-05-31 08:57:43, 2026-06-07 08:57:43, 0, 0, 0, 0, 0, 0, 0, ?, ?, 0, full_membership, a1e8ed56-e398-4dc6-aac5-52349fdecb65, 2026-05-31 08:57:43, 2026-05-31 08:57:43))[39;22m

  at [32mvendor\laravel\framework\src\Illuminate\Database\Connection.php[39m:[32m825[39m
    821▕                     $this->getName(), $query, $this->prepareBindings($bindings), $e
    822▕                 );
    823▕             }
    824▕ 
  ➜ 825▕             throw new QueryException(
    826▕                 $this->getName(), $query, $this->prepareBindings($bindings), $e
    827▕             );
    828▕         }
    829▕     }

  [33m1   [39m[39;1mvendor\laravel\framework\src\Illuminate\Database\Connection.php[39;22m:[39;1m825[39;22m

  [33m2   [39m[39;1mvendor\laravel\framework\src\Illuminate\Database\Connection.php[39;22m:[39;1m571[39;22m
  [90m    NunoMaduro\Collision\Exceptions\TestException::("SQLSTATE[23502]: Not null violation: 7 FEHLER:  NULL-Wert in Spalte »organisation_id« von Relation »elections« verletzt Not-Null-Constraint
DETAIL:  Fehlgeschlagene Zeile enthält (a1e8ed56-e398-4dc6-aac5-52349fdecb65, null, qui, hic-optio-reiciendis-ipsum-laboriosam-provident, Et sit et rerum et at illum nobis voluptas., demo, active, 2026-05-31 08:57:43, 2026-06-07 08:57:43, t, null, 2026-05-31 08:57:43, 2026-05-31 08:57:43, null, f, f, 4, null, f, No vote / Abstain, maximum, null, null, 0, null, null, null, block, strict, none, null, null, null, f, null, null, null, f, null, null, null, t, 7, null, f, null, null, f, null, 0, 0, 0, 0, 0, 0, draft, null, null, null, null, null, null, null, null, 0, null, null, null, null, null, null, null, null, null, null, full_membership, ip_count, none, 6, single_code, f, null, null, null, D.2.5, null).")[39m

  [31m────────────────────────────────────────────────────────────────────────────────────────────────────────────────────[39m  
  [41;1m FAILED [49;22m [1mTests\Feature\RealElection\RoutingTest[22m [90m>[39m demo election type is demo                        [41;1m QueryException [49;22m  
[39;1m  SQLSTATE[23502]: Not null violation: 7 FEHLER:  NULL-Wert in Spalte »organisation_id« von Relation »elections« verletzt Not-Null-Constraint
DETAIL:  Fehlgeschlagene Zeile enthält (a1e8ed57-367c-4ee2-a954-3a7bbe01123d, null, molestiae, non-eos-aut-voluptatem-quibusdam-cum-animi-praesentium, Adipisci suscipit quisquam minus omnis eligendi veritatis., demo, active, 2026-05-31 08:57:44, 2026-06-07 08:57:44, t, null, 2026-05-31 08:57:44, 2026-05-31 08:57:44, null, f, f, 4, null, f, No vote / Abstain, maximum, null, null, 0, null, null, null, block, strict, none, null, null, null, f, null, null, null, f, null, null, null, t, 7, null, f, null, null, f, null, 0, 0, 0, 0, 0, 0, draft, null, null, null, null, null, null, null, null, 0, null, null, null, null, null, null, null, null, null, null, full_membership, ip_count, none, 6, single_code, f, null, null, null, D.2.5, null). (Connection: pgsql, SQL: insert into "elections" ("organisation_id", "name", "slug", "description", "type", "is_active", "status", "state", "administration_completed", "nomination_completed", "start_date", "end_date", "posts_count", "voters_count", "election_committee_members_count", "candidates_count", "pending_candidacies_count", "votes_count", "voting_locked", "voting_starts_at", "voting_ends_at", "results_locked", "voter_source_strategy", "id", "updated_at", "created_at") values (?, molestiae, non-eos-aut-voluptatem-quibusdam-cum-animi-praesentium, Adipisci suscipit quisquam minus omnis eligendi veritatis., demo, 1, active, draft, 0, 0, 2026-05-31 08:57:44, 2026-06-07 08:57:44, 0, 0, 0, 0, 0, 0, 0, ?, ?, 0, full_membership, a1e8ed57-367c-4ee2-a954-3a7bbe01123d, 2026-05-31 08:57:44, 2026-05-31 08:57:44))[39;22m

  at [32mvendor\laravel\framework\src\Illuminate\Database\Connection.php[39m:[32m825[39m
    821▕                     $this->getName(), $query, $this->prepareBindings($bindings), $e
    822▕                 );
    823▕             }
    824▕ 
  ➜ 825▕             throw new QueryException(
    826▕                 $this->getName(), $query, $this->prepareBindings($bindings), $e
    827▕             );
    828▕         }
    829▕     }

  [33m1   [39m[39;1mvendor\laravel\framework\src\Illuminate\Database\Connection.php[39;22m:[39;1m825[39;22m

  [33m2   [39m[39;1mvendor\laravel\framework\src\Illuminate\Database\Connection.php[39;22m:[39;1m571[39;22m
  [90m    NunoMaduro\Collision\Exceptions\TestException::("SQLSTATE[23502]: Not null violation: 7 FEHLER:  NULL-Wert in Spalte »organisation_id« von Relation »elections« verletzt Not-Null-Constraint
DETAIL:  Fehlgeschlagene Zeile enthält (a1e8ed57-367c-4ee2-a954-3a7bbe01123d, null, molestiae, non-eos-aut-voluptatem-quibusdam-cum-animi-praesentium, Adipisci suscipit quisquam minus omnis eligendi veritatis., demo, active, 2026-05-31 08:57:44, 2026-06-07 08:57:44, t, null, 2026-05-31 08:57:44, 2026-05-31 08:57:44, null, f, f, 4, null, f, No vote / Abstain, maximum, null, null, 0, null, null, null, block, strict, none, null, null, null, f, null, null, null, f, null, null, null, t, 7, null, f, null, null, f, null, 0, 0, 0, 0, 0, 0, draft, null, null, null, null, null, null, null, null, 0, null, null, null, null, null, null, null, null, null, null, full_membership, ip_count, none, 6, single_code, f, null, null, null, D.2.5, null).")[39m

  [31m────────────────────────────────────────────────────────────────────────────────────────────────────────────────────[39m  
  [41;1m FAILED [49;22m [1mTests\Feature\RealElection\RoutingTest[22m [90m>[39m real routes complete                              [41;1m QueryException [49;22m  
[39;1m  SQLSTATE[23502]: Not null violation: 7 FEHLER:  NULL-Wert in Spalte »organisation_id« von Relation »elections« verletzt Not-Null-Constraint
DETAIL:  Fehlgeschlagene Zeile enthält (a1e8ed57-e32a-41a2-9d21-614a82bc286a, null, rem, voluptatem-tempora-sequi-earum-et-et-ratione-consequuntur, Porro provident omnis eveniet odit recusandae occaecati velit., demo, active, 2026-05-31 08:57:44, 2026-06-07 08:57:44, t, null, 2026-05-31 08:57:44, 2026-05-31 08:57:44, null, f, f, 4, null, f, No vote / Abstain, maximum, null, null, 0, null, null, null, block, strict, none, null, null, null, f, null, null, null, f, null, null, null, t, 7, null, f, null, null, f, null, 0, 0, 0, 0, 0, 0, draft, null, null, null, null, null, null, null, null, 0, null, null, null, null, null, null, null, null, null, null, full_membership, ip_count, none, 6, single_code, f, null, null, null, D.2.5, null). (Connection: pgsql, SQL: insert into "elections" ("organisation_id", "name", "slug", "description", "type", "is_active", "status", "state", "administration_completed", "nomination_completed", "start_date", "end_date", "posts_count", "voters_count", "election_committee_members_count", "candidates_count", "pending_candidacies_count", "votes_count", "voting_locked", "voting_starts_at", "voting_ends_at", "results_locked", "voter_source_strategy", "id", "updated_at", "created_at") values (?, rem, voluptatem-tempora-sequi-earum-et-et-ratione-consequuntur, Porro provident omnis eveniet odit recusandae occaecati velit., demo, 1, active, draft, 0, 0, 2026-05-31 08:57:44, 2026-06-07 08:57:44, 0, 0, 0, 0, 0, 0, 0, ?, ?, 0, full_membership, a1e8ed57-e32a-41a2-9d21-614a82bc286a, 2026-05-31 08:57:44, 2026-05-31 08:57:44))[39;22m

  at [32mvendor\laravel\framework\src\Illuminate\Database\Connection.php[39m:[32m825[39m
    821▕                     $this->getName(), $query, $this->prepareBindings($bindings), $e
    822▕                 );
    823▕             }
    824▕ 
  ➜ 825▕             throw new QueryException(
    826▕                 $this->getName(), $query, $this->prepareBindings($bindings), $e
    827▕             );
    828▕         }
    829▕     }

  [33m1   [39m[39;1mvendor\laravel\framework\src\Illuminate\Database\Connection.php[39;22m:[39;1m825[39;22m

  [33m2   [39m[39;1mvendor\laravel\framework\src\Illuminate\Database\Connection.php[39;22m:[39;1m571[39;22m
  [90m    NunoMaduro\Collision\Exceptions\TestException::("SQLSTATE[23502]: Not null violation: 7 FEHLER:  NULL-Wert in Spalte »organisation_id« von Relation »elections« verletzt Not-Null-Constraint
DETAIL:  Fehlgeschlagene Zeile enthält (a1e8ed57-e32a-41a2-9d21-614a82bc286a, null, rem, voluptatem-tempora-sequi-earum-et-et-ratione-consequuntur, Porro provident omnis eveniet odit recusandae occaecati velit., demo, active, 2026-05-31 08:57:44, 2026-06-07 08:57:44, t, null, 2026-05-31 08:57:44, 2026-05-31 08:57:44, null, f, f, 4, null, f, No vote / Abstain, maximum, null, null, 0, null, null, null, block, strict, none, null, null, null, f, null, null, null, f, null, null, null, t, 7, null, f, null, null, f, null, 0, 0, 0, 0, 0, 0, draft, null, null, null, null, null, null, null, null, 0, null, null, null, null, null, null, null, null, null, null, full_membership, ip_count, none, 6, single_code, f, null, null, null, D.2.5, null).")[39m

  [31m────────────────────────────────────────────────────────────────────────────────────────────────────────────────────[39m  
  [41;1m FAILED [49;22m [1mTests\Feature\RealElection\RoutingTest[22m [90m>[39m demo routes complete                              [41;1m QueryException [49;22m  
[39;1m  SQLSTATE[23502]: Not null violation: 7 FEHLER:  NULL-Wert in Spalte »organisation_id« von Relation »elections« verletzt Not-Null-Constraint
DETAIL:  Fehlgeschlagene Zeile enthält (a1e8ed58-b954-48c7-9441-e15beb60641c, null, eligendi, ex-doloribus-impedit-sunt-in-est, Sed sunt id vel aliquam doloremque consequatur., demo, active, 2026-05-31 08:57:44, 2026-06-07 08:57:44, t, null, 2026-05-31 08:57:44, 2026-05-31 08:57:44, null, f, f, 4, null, f, No vote / Abstain, maximum, null, null, 0, null, null, null, block, strict, none, null, null, null, f, null, null, null, f, null, null, null, t, 7, null, f, null, null, f, null, 0, 0, 0, 0, 0, 0, draft, null, null, null, null, null, null, null, null, 0, null, null, null, null, null, null, null, null, null, null, full_membership, ip_count, none, 6, single_code, f, null, null, null, D.2.5, null). (Connection: pgsql, SQL: insert into "elections" ("organisation_id", "name", "slug", "description", "type", "is_active", "status", "state", "administration_completed", "nomination_completed", "start_date", "end_date", "posts_count", "voters_count", "election_committee_members_count", "candidates_count", "pending_candidacies_count", "votes_count", "voting_locked", "voting_starts_at", "voting_ends_at", "results_locked", "voter_source_strategy", "id", "updated_at", "created_at") values (?, eligendi, ex-doloribus-impedit-sunt-in-est, Sed sunt id vel aliquam doloremque consequatur., demo, 1, active, draft, 0, 0, 2026-05-31 08:57:44, 2026-06-07 08:57:44, 0, 0, 0, 0, 0, 0, 0, ?, ?, 0, full_membership, a1e8ed58-b954-48c7-9441-e15beb60641c, 2026-05-31 08:57:44, 2026-05-31 08:57:44))[39;22m

  at [32mvendor\laravel\framework\src\Illuminate\Database\Connection.php[39m:[32m825[39m
    821▕                     $this->getName(), $query, $this->prepareBindings($bindings), $e
    822▕                 );
    823▕             }
    824▕ 
  ➜ 825▕             throw new QueryException(
    826▕                 $this->getName(), $query, $this->prepareBindings($bindings), $e
    827▕             );
    828▕         }
    829▕     }

  [33m1   [39m[39;1mvendor\laravel\framework\src\Illuminate\Database\Connection.php[39;22m:[39;1m825[39;22m

  [33m2   [39m[39;1mvendor\laravel\framework\src\Illuminate\Database\Connection.php[39;22m:[39;1m571[39;22m
  [90m    NunoMaduro\Collision\Exceptions\TestException::("SQLSTATE[23502]: Not null violation: 7 FEHLER:  NULL-Wert in Spalte »organisation_id« von Relation »elections« verletzt Not-Null-Constraint
DETAIL:  Fehlgeschlagene Zeile enthält (a1e8ed58-b954-48c7-9441-e15beb60641c, null, eligendi, ex-doloribus-impedit-sunt-in-est, Sed sunt id vel aliquam doloremque consequatur., demo, active, 2026-05-31 08:57:44, 2026-06-07 08:57:44, t, null, 2026-05-31 08:57:44, 2026-05-31 08:57:44, null, f, f, 4, null, f, No vote / Abstain, maximum, null, null, 0, null, null, null, block, strict, none, null, null, null, f, null, null, null, f, null, null, null, t, 7, null, f, null, null, f, null, 0, 0, 0, 0, 0, 0, draft, null, null, null, null, null, null, null, null, 0, null, null, null, null, null, null, null, null, null, null, full_membership, ip_count, none, 6, single_code, f, null, null, null, D.2.5, null).")[39m

  [31m────────────────────────────────────────────────────────────────────────────────────────────────────────────────────[39m  
  [41;1m FAILED [49;22m [1mTests\Feature\RealElection\RoutingTest[22m [90m>[39m real routes dont use demo keywords                [41;1m QueryException [49;22m  
[39;1m  SQLSTATE[23502]: Not null violation: 7 FEHLER:  NULL-Wert in Spalte »organisation_id« von Relation »elections« verletzt Not-Null-Constraint
DETAIL:  Fehlgeschlagene Zeile enthält (a1e8ed59-26ea-41bf-a982-7ef6aa22e60f, null, libero, voluptas-quis-quia-voluptatem-adipisci-quo-doloremque, Amet et et et sed., demo, active, 2026-05-31 08:57:45, 2026-06-07 08:57:45, t, null, 2026-05-31 08:57:45, 2026-05-31 08:57:45, null, f, f, 4, null, f, No vote / Abstain, maximum, null, null, 0, null, null, null, block, strict, none, null, null, null, f, null, null, null, f, null, null, null, t, 7, null, f, null, null, f, null, 0, 0, 0, 0, 0, 0, draft, null, null, null, null, null, null, null, null, 0, null, null, null, null, null, null, null, null, null, null, full_membership, ip_count, none, 6, single_code, f, null, null, null, D.2.5, null). (Connection: pgsql, SQL: insert into "elections" ("organisation_id", "name", "slug", "description", "type", "is_active", "status", "state", "administration_completed", "nomination_completed", "start_date", "end_date", "posts_count", "voters_count", "election_committee_members_count", "candidates_count", "pending_candidacies_count", "votes_count", "voting_locked", "voting_starts_at", "voting_ends_at", "results_locked", "voter_source_strategy", "id", "updated_at", "created_at") values (?, libero, voluptas-quis-quia-voluptatem-adipisci-quo-doloremque, Amet et et et sed., demo, 1, active, draft, 0, 0, 2026-05-31 08:57:45, 2026-06-07 08:57:45, 0, 0, 0, 0, 0, 0, 0, ?, ?, 0, full_membership, a1e8ed59-26ea-41bf-a982-7ef6aa22e60f, 2026-05-31 08:57:45, 2026-05-31 08:57:45))[39;22m

  at [32mvendor\laravel\framework\src\Illuminate\Database\Connection.php[39m:[32m825[39m
    821▕                     $this->getName(), $query, $this->prepareBindings($bindings), $e
    822▕                 );
    823▕             }
    824▕ 
  ➜ 825▕             throw new QueryException(
    826▕                 $this->getName(), $query, $this->prepareBindings($bindings), $e
    827▕             );
    828▕         }
    829▕     }

  [33m1   [39m[39;1mvendor\laravel\framework\src\Illuminate\Database\Connection.php[39;22m:[39;1m825[39;22m

  [33m2   [39m[39;1mvendor\laravel\framework\src\Illuminate\Database\Connection.php[39;22m:[39;1m571[39;22m
  [90m    NunoMaduro\Collision\Exceptions\TestException::("SQLSTATE[23502]: Not null violation: 7 FEHLER:  NULL-Wert in Spalte »organisation_id« von Relation »elections« verletzt Not-Null-Constraint
DETAIL:  Fehlgeschlagene Zeile enthält (a1e8ed59-26ea-41bf-a982-7ef6aa22e60f, null, libero, voluptas-quis-quia-voluptatem-adipisci-quo-doloremque, Amet et et et sed., demo, active, 2026-05-31 08:57:45, 2026-06-07 08:57:45, t, null, 2026-05-31 08:57:45, 2026-05-31 08:57:45, null, f, f, 4, null, f, No vote / Abstain, maximum, null, null, 0, null, null, null, block, strict, none, null, null, null, f, null, null, null, f, null, null, null, t, 7, null, f, null, null, f, null, 0, 0, 0, 0, 0, 0, draft, null, null, null, null, null, null, null, null, 0, null, null, null, null, null, null, null, null, null, null, full_membership, ip_count, none, 6, single_code, f, null, null, null, D.2.5, null).")[39m

  [31m────────────────────────────────────────────────────────────────────────────────────────────────────────────────────[39m  
  [41;1m FAILED [49;22m [1mTests\Feature\RealElection\RoutingTest[22m [90m>[39m demo routes dont use real keywords                [41;1m QueryException [49;22m  
[39;1m  SQLSTATE[23502]: Not null violation: 7 FEHLER:  NULL-Wert in Spalte »organisation_id« von Relation »elections« verletzt Not-Null-Constraint
DETAIL:  Fehlgeschlagene Zeile enthält (a1e8ed59-906f-40a1-ac52-3b31ef93e9f8, null, porro, aliquid-quod-aut-quisquam, Nihil eligendi ducimus consequatur., demo, active, 2026-05-31 08:57:45, 2026-06-07 08:57:45, t, null, 2026-05-31 08:57:45, 2026-05-31 08:57:45, null, f, f, 4, null, f, No vote / Abstain, maximum, null, null, 0, null, null, null, block, strict, none, null, null, null, f, null, null, null, f, null, null, null, t, 7, null, f, null, null, f, null, 0, 0, 0, 0, 0, 0, draft, null, null, null, null, null, null, null, null, 0, null, null, null, null, null, null, null, null, null, null, full_membership, ip_count, none, 6, single_code, f, null, null, null, D.2.5, null). (Connection: pgsql, SQL: insert into "elections" ("organisation_id", "name", "slug", "description", "type", "is_active", "status", "state", "administration_completed", "nomination_completed", "start_date", "end_date", "posts_count", "voters_count", "election_committee_members_count", "candidates_count", "pending_candidacies_count", "votes_count", "voting_locked", "voting_starts_at", "voting_ends_at", "results_locked", "voter_source_strategy", "id", "updated_at", "created_at") values (?, porro, aliquid-quod-aut-quisquam, Nihil eligendi ducimus consequatur., demo, 1, active, draft, 0, 0, 2026-05-31 08:57:45, 2026-06-07 08:57:45, 0, 0, 0, 0, 0, 0, 0, ?, ?, 0, full_membership, a1e8ed59-906f-40a1-ac52-3b31ef93e9f8, 2026-05-31 08:57:45, 2026-05-31 08:57:45))[39;22m

  at [32mvendor\laravel\framework\src\Illuminate\Database\Connection.php[39m:[32m825[39m
    821▕                     $this->getName(), $query, $this->prepareBindings($bindings), $e
    822▕                 );
    823▕             }
    824▕ 
  ➜ 825▕             throw new QueryException(
    826▕                 $this->getName(), $query, $this->prepareBindings($bindings), $e
    827▕             );
    828▕         }
    829▕     }

  [33m1   [39m[39;1mvendor\laravel\framework\src\Illuminate\Database\Connection.php[39;22m:[39;1m825[39;22m

  [33m2   [39m[39;1mvendor\laravel\framework\src\Illuminate\Database\Connection.php[39;22m:[39;1m571[39;22m
  [90m    NunoMaduro\Collision\Exceptions\TestException::("SQLSTATE[23502]: Not null violation: 7 FEHLER:  NULL-Wert in Spalte »organisation_id« von Relation »elections« verletzt Not-Null-Constraint
DETAIL:  Fehlgeschlagene Zeile enthält (a1e8ed59-906f-40a1-ac52-3b31ef93e9f8, null, porro, aliquid-quod-aut-quisquam, Nihil eligendi ducimus consequatur., demo, active, 2026-05-31 08:57:45, 2026-06-07 08:57:45, t, null, 2026-05-31 08:57:45, 2026-05-31 08:57:45, null, f, f, 4, null, f, No vote / Abstain, maximum, null, null, 0, null, null, null, block, strict, none, null, null, null, f, null, null, null, f, null, null, null, t, 7, null, f, null, null, f, null, 0, 0, 0, 0, 0, 0, draft, null, null, null, null, null, null, null, null, 0, null, null, null, null, null, null, null, null, null, null, full_membership, ip_count, none, 6, single_code, f, null, null, null, D.2.5, null).")[39m

  [31m────────────────────────────────────────────────────────────────────────────────────────────────────────────────────[39m  
  [41;1m FAILED [49;22m [1mTests\Feature\RealElection\RoutingTest[22m [90m>[39m real slug routes correct                          [41;1m QueryException [49;22m  
[39;1m  SQLSTATE[23502]: Not null violation: 7 FEHLER:  NULL-Wert in Spalte »organisation_id« von Relation »elections« verletzt Not-Null-Constraint
DETAIL:  Fehlgeschlagene Zeile enthält (a1e8ed59-cb81-49e9-81a7-970810211a83, null, dolor, praesentium-error-reprehenderit-architecto-iure-et-inventore, Dolorem voluptate corporis dolorem possimus rerum., demo, active, 2026-05-31 08:57:45, 2026-06-07 08:57:45, t, null, 2026-05-31 08:57:45, 2026-05-31 08:57:45, null, f, f, 4, null, f, No vote / Abstain, maximum, null, null, 0, null, null, null, block, strict, none, null, null, null, f, null, null, null, f, null, null, null, t, 7, null, f, null, null, f, null, 0, 0, 0, 0, 0, 0, draft, null, null, null, null, null, null, null, null, 0, null, null, null, null, null, null, null, null, null, null, full_membership, ip_count, none, 6, single_code, f, null, null, null, D.2.5, null). (Connection: pgsql, SQL: insert into "elections" ("organisation_id", "name", "slug", "description", "type", "is_active", "status", "state", "administration_completed", "nomination_completed", "start_date", "end_date", "posts_count", "voters_count", "election_committee_members_count", "candidates_count", "pending_candidacies_count", "votes_count", "voting_locked", "voting_starts_at", "voting_ends_at", "results_locked", "voter_source_strategy", "id", "updated_at", "created_at") values (?, dolor, praesentium-error-reprehenderit-architecto-iure-et-inventore, Dolorem voluptate corporis dolorem possimus rerum., demo, 1, active, draft, 0, 0, 2026-05-31 08:57:45, 2026-06-07 08:57:45, 0, 0, 0, 0, 0, 0, 0, ?, ?, 0, full_membership, a1e8ed59-cb81-49e9-81a7-970810211a83, 2026-05-31 08:57:45, 2026-05-31 08:57:45))[39;22m

  at [32mvendor\laravel\framework\src\Illuminate\Database\Connection.php[39m:[32m825[39m
    821▕                     $this->getName(), $query, $this->prepareBindings($bindings), $e
    822▕                 );
    823▕             }
    824▕ 
  ➜ 825▕             throw new QueryException(
    826▕                 $this->getName(), $query, $this->prepareBindings($bindings), $e
    827▕             );
    828▕         }
    829▕     }

  [33m1   [39m[39;1mvendor\laravel\framework\src\Illuminate\Database\Connection.php[39;22m:[39;1m825[39;22m

  [33m2   [39m[39;1mvendor\laravel\framework\src\Illuminate\Database\Connection.php[39;22m:[39;1m571[39;22m
  [90m    NunoMaduro\Collision\Exceptions\TestException::("SQLSTATE[23502]: Not null violation: 7 FEHLER:  NULL-Wert in Spalte »organisation_id« von Relation »elections« verletzt Not-Null-Constraint
DETAIL:  Fehlgeschlagene Zeile enthält (a1e8ed59-cb81-49e9-81a7-970810211a83, null, dolor, praesentium-error-reprehenderit-architecto-iure-et-inventore, Dolorem voluptate corporis dolorem possimus rerum., demo, active, 2026-05-31 08:57:45, 2026-06-07 08:57:45, t, null, 2026-05-31 08:57:45, 2026-05-31 08:57:45, null, f, f, 4, null, f, No vote / Abstain, maximum, null, null, 0, null, null, null, block, strict, none, null, null, null, f, null, null, null, f, null, null, null, t, 7, null, f, null, null, f, null, 0, 0, 0, 0, 0, 0, draft, null, null, null, null, null, null, null, null, 0, null, null, null, null, null, null, null, null, null, null, full_membership, ip_count, none, 6, single_code, f, null, null, null, D.2.5, null).")[39m

  [31m────────────────────────────────────────────────────────────────────────────────────────────────────────────────────[39m  
  [41;1m FAILED [49;22m [1mTests\Feature\RealElection\RoutingTest[22m [90m>[39m demo slug routes correct                          [41;1m QueryException [49;22m  
[39;1m  SQLSTATE[23502]: Not null violation: 7 FEHLER:  NULL-Wert in Spalte »organisation_id« von Relation »elections« verletzt Not-Null-Constraint
DETAIL:  Fehlgeschlagene Zeile enthält (a1e8ed5a-0d26-434e-a31f-fddcac21dfef, null, facere, modi-iure-maxime-voluptatem-est-autem-officiis, Voluptatem inventore asperiores consectetur ab quo nihil., demo, active, 2026-05-31 08:57:45, 2026-06-07 08:57:45, t, null, 2026-05-31 08:57:45, 2026-05-31 08:57:45, null, f, f, 4, null, f, No vote / Abstain, maximum, null, null, 0, null, null, null, block, strict, none, null, null, null, f, null, null, null, f, null, null, null, t, 7, null, f, null, null, f, null, 0, 0, 0, 0, 0, 0, draft, null, null, null, null, null, null, null, null, 0, null, null, null, null, null, null, null, null, null, null, full_membership, ip_count, none, 6, single_code, f, null, null, null, D.2.5, null). (Connection: pgsql, SQL: insert into "elections" ("organisation_id", "name", "slug", "description", "type", "is_active", "status", "state", "administration_completed", "nomination_completed", "start_date", "end_date", "posts_count", "voters_count", "election_committee_members_count", "candidates_count", "pending_candidacies_count", "votes_count", "voting_locked", "voting_starts_at", "voting_ends_at", "results_locked", "voter_source_strategy", "id", "updated_at", "created_at") values (?, facere, modi-iure-maxime-voluptatem-est-autem-officiis, Voluptatem inventore asperiores consectetur ab quo nihil., demo, 1, active, draft, 0, 0, 2026-05-31 08:57:45, 2026-06-07 08:57:45, 0, 0, 0, 0, 0, 0, 0, ?, ?, 0, full_membership, a1e8ed5a-0d26-434e-a31f-fddcac21dfef, 2026-05-31 08:57:45, 2026-05-31 08:57:45))[39;22m

  at [32mvendor\laravel\framework\src\Illuminate\Database\Connection.php[39m:[32m825[39m
    821▕                     $this->getName(), $query, $this->prepareBindings($bindings), $e
    822▕                 );
    823▕             }
    824▕ 
  ➜ 825▕             throw new QueryException(
    826▕                 $this->getName(), $query, $this->prepareBindings($bindings), $e
    827▕             );
    828▕         }
    829▕     }

  [33m1   [39m[39;1mvendor\laravel\framework\src\Illuminate\Database\Connection.php[39;22m:[39;1m825[39;22m

  [33m2   [39m[39;1mvendor\laravel\framework\src\Illuminate\Database\Connection.php[39;22m:[39;1m571[39;22m
  [90m    NunoMaduro\Collision\Exceptions\TestException::("SQLSTATE[23502]: Not null violation: 7 FEHLER:  NULL-Wert in Spalte »organisation_id« von Relation »elections« verletzt Not-Null-Constraint
DETAIL:  Fehlgeschlagene Zeile enthält (a1e8ed5a-0d26-434e-a31f-fddcac21dfef, null, facere, modi-iure-maxime-voluptatem-est-autem-officiis, Voluptatem inventore asperiores consectetur ab quo nihil., demo, active, 2026-05-31 08:57:45, 2026-06-07 08:57:45, t, null, 2026-05-31 08:57:45, 2026-05-31 08:57:45, null, f, f, 4, null, f, No vote / Abstain, maximum, null, null, 0, null, null, null, block, strict, none, null, null, null, f, null, null, null, f, null, null, null, t, 7, null, f, null, null, f, null, 0, 0, 0, 0, 0, 0, draft, null, null, null, null, null, null, null, null, 0, null, null, null, null, null, null, null, null, null, null, full_membership, ip_count, none, 6, single_code, f, null, null, null, D.2.5, null).")[39m

  [31m────────────────────────────────────────────────────────────────────────────────────────────────────────────────────[39m  
  [41;1m FAILED [49;22m [1mTests\Feature\RealElection\RoutingTest[22m [90m>[39m vote controller exists and complete               [41;1m QueryException [49;22m  
[39;1m  SQLSTATE[23502]: Not null violation: 7 FEHLER:  NULL-Wert in Spalte »organisation_id« von Relation »elections« verletzt Not-Null-Constraint
DETAIL:  Fehlgeschlagene Zeile enthält (a1e8ed5a-77a5-4543-bd89-30c805e2b499, null, explicabo, enim-impedit-non-qui-ad, At veritatis sunt sit ducimus voluptatibus et voluptatem., demo, active, 2026-05-31 08:57:46, 2026-06-07 08:57:46, t, null, 2026-05-31 08:57:46, 2026-05-31 08:57:46, null, f, f, 4, null, f, No vote / Abstain, maximum, null, null, 0, null, null, null, block, strict, none, null, null, null, f, null, null, null, f, null, null, null, t, 7, null, f, null, null, f, null, 0, 0, 0, 0, 0, 0, draft, null, null, null, null, null, null, null, null, 0, null, null, null, null, null, null, null, null, null, null, full_membership, ip_count, none, 6, single_code, f, null, null, null, D.2.5, null). (Connection: pgsql, SQL: insert into "elections" ("organisation_id", "name", "slug", "description", "type", "is_active", "status", "state", "administration_completed", "nomination_completed", "start_date", "end_date", "posts_count", "voters_count", "election_committee_members_count", "candidates_count", "pending_candidacies_count", "votes_count", "voting_locked", "voting_starts_at", "voting_ends_at", "results_locked", "voter_source_strategy", "id", "updated_at", "created_at") values (?, explicabo, enim-impedit-non-qui-ad, At veritatis sunt sit ducimus voluptatibus et voluptatem., demo, 1, active, draft, 0, 0, 2026-05-31 08:57:46, 2026-06-07 08:57:46, 0, 0, 0, 0, 0, 0, 0, ?, ?, 0, full_membership, a1e8ed5a-77a5-4543-bd89-30c805e2b499, 2026-05-31 08:57:46, 2026-05-31 08:57:46))[39;22m

  at [32mvendor\laravel\framework\src\Illuminate\Database\Connection.php[39m:[32m825[39m
    821▕                     $this->getName(), $query, $this->prepareBindings($bindings), $e
    822▕                 );
    823▕             }
    824▕ 
  ➜ 825▕             throw new QueryException(
    826▕                 $this->getName(), $query, $this->prepareBindings($bindings), $e
    827▕             );
    828▕         }
    829▕     }

  [33m1   [39m[39;1mvendor\laravel\framework\src\Illuminate\Database\Connection.php[39;22m:[39;1m825[39;22m

  [33m2   [39m[39;1mvendor\laravel\framework\src\Illuminate\Database\Connection.php[39;22m:[39;1m571[39;22m
  [90m    NunoMaduro\Collision\Exceptions\TestException::("SQLSTATE[23502]: Not null violation: 7 FEHLER:  NULL-Wert in Spalte »organisation_id« von Relation »elections« verletzt Not-Null-Constraint
DETAIL:  Fehlgeschlagene Zeile enthält (a1e8ed5a-77a5-4543-bd89-30c805e2b499, null, explicabo, enim-impedit-non-qui-ad, At veritatis sunt sit ducimus voluptatibus et voluptatem., demo, active, 2026-05-31 08:57:46, 2026-06-07 08:57:46, t, null, 2026-05-31 08:57:46, 2026-05-31 08:57:46, null, f, f, 4, null, f, No vote / Abstain, maximum, null, null, 0, null, null, null, block, strict, none, null, null, null, f, null, null, null, f, null, null, null, t, 7, null, f, null, null, f, null, 0, 0, 0, 0, 0, 0, draft, null, null, null, null, null, null, null, null, 0, null, null, null, null, null, null, null, null, null, null, full_membership, ip_count, none, 6, single_code, f, null, null, null, D.2.5, null).")[39m

  [31m────────────────────────────────────────────────────────────────────────────────────────────────────────────────────[39m  
  [41;1m FAILED [49;22m [1mTests\Feature\RealElection\RoutingTest[22m [90m>[39m demo vote controller exists and complete          [41;1m QueryException [49;22m  
[39;1m  SQLSTATE[23502]: Not null violation: 7 FEHLER:  NULL-Wert in Spalte »organisation_id« von Relation »elections« verletzt Not-Null-Constraint
DETAIL:  Fehlgeschlagene Zeile enthält (a1e8ed5a-c580-49e3-8d8c-f1c4eb90b2a3, null, iure, ipsa-facere-et-nam-maiores-soluta-quibusdam-inventore-recusandae, Corporis rem qui enim non corrupti et et., demo, active, 2026-05-31 08:57:46, 2026-06-07 08:57:46, t, null, 2026-05-31 08:57:46, 2026-05-31 08:57:46, null, f, f, 4, null, f, No vote / Abstain, maximum, null, null, 0, null, null, null, block, strict, none, null, null, null, f, null, null, null, f, null, null, null, t, 7, null, f, null, null, f, null, 0, 0, 0, 0, 0, 0, draft, null, null, null, null, null, null, null, null, 0, null, null, null, null, null, null, null, null, null, null, full_membership, ip_count, none, 6, single_code, f, null, null, null, D.2.5, null). (Connection: pgsql, SQL: insert into "elections" ("organisation_id", "name", "slug", "description", "type", "is_active", "status", "state", "administration_completed", "nomination_completed", "start_date", "end_date", "posts_count", "voters_count", "election_committee_members_count", "candidates_count", "pending_candidacies_count", "votes_count", "voting_locked", "voting_starts_at", "voting_ends_at", "results_locked", "voter_source_strategy", "id", "updated_at", "created_at") values (?, iure, ipsa-facere-et-nam-maiores-soluta-quibusdam-inventore-recusandae, Corporis rem qui enim non corrupti et et., demo, 1, active, draft, 0, 0, 2026-05-31 08:57:46, 2026-06-07 08:57:46, 0, 0, 0, 0, 0, 0, 0, ?, ?, 0, full_membership, a1e8ed5a-c580-49e3-8d8c-f1c4eb90b2a3, 2026-05-31 08:57:46, 2026-05-31 08:57:46))[39;22m

  at [32mvendor\laravel\framework\src\Illuminate\Database\Connection.php[39m:[32m825[39m
    821▕                     $this->getName(), $query, $this->prepareBindings($bindings), $e
    822▕                 );
    823▕             }
    824▕ 
  ➜ 825▕             throw new QueryException(
    826▕                 $this->getName(), $query, $this->prepareBindings($bindings), $e
    827▕             );
    828▕         }
    829▕     }

  [33m1   [39m[39;1mvendor\laravel\framework\src\Illuminate\Database\Connection.php[39;22m:[39;1m825[39;22m

  [33m2   [39m[39;1mvendor\laravel\framework\src\Illuminate\Database\Connection.php[39;22m:[39;1m571[39;22m
  [90m    NunoMaduro\Collision\Exceptions\TestException::("SQLSTATE[23502]: Not null violation: 7 FEHLER:  NULL-Wert in Spalte »organisation_id« von Relation »elections« verletzt Not-Null-Constraint
DETAIL:  Fehlgeschlagene Zeile enthält (a1e8ed5a-c580-49e3-8d8c-f1c4eb90b2a3, null, iure, ipsa-facere-et-nam-maiores-soluta-quibusdam-inventore-recusandae, Corporis rem qui enim non corrupti et et., demo, active, 2026-05-31 08:57:46, 2026-06-07 08:57:46, t, null, 2026-05-31 08:57:46, 2026-05-31 08:57:46, null, f, f, 4, null, f, No vote / Abstain, maximum, null, null, 0, null, null, null, block, strict, none, null, null, null, f, null, null, null, f, null, null, null, t, 7, null, f, null, null, f, null, 0, 0, 0, 0, 0, 0, draft, null, null, null, null, null, null, null, null, 0, null, null, null, null, null, null, null, null, null, null, full_membership, ip_count, none, 6, single_code, f, null, null, null, D.2.5, null).")[39m

  [31m────────────────────────────────────────────────────────────────────────────────────────────────────────────────────[39m  
  [41;1m FAILED [49;22m [1mTests\Feature\RealElection\RoutingTest[22m [90m>[39m routes mapped to correct controllers              [41;1m QueryException [49;22m  
[39;1m  SQLSTATE[23502]: Not null violation: 7 FEHLER:  NULL-Wert in Spalte »organisation_id« von Relation »elections« verletzt Not-Null-Constraint
DETAIL:  Fehlgeschlagene Zeile enthält (a1e8ed5a-fc6e-4ae3-bc34-7b567de8ba39, null, soluta, ducimus-quo-est-sunt-quibusdam-similique, Et alias sed dolorem et iusto quis expedita molestiae., demo, active, 2026-05-31 08:57:46, 2026-06-07 08:57:46, t, null, 2026-05-31 08:57:46, 2026-05-31 08:57:46, null, f, f, 4, null, f, No vote / Abstain, maximum, null, null, 0, null, null, null, block, strict, none, null, null, null, f, null, null, null, f, null, null, null, t, 7, null, f, null, null, f, null, 0, 0, 0, 0, 0, 0, draft, null, null, null, null, null, null, null, null, 0, null, null, null, null, null, null, null, null, null, null, full_membership, ip_count, none, 6, single_code, f, null, null, null, D.2.5, null). (Connection: pgsql, SQL: insert into "elections" ("organisation_id", "name", "slug", "description", "type", "is_active", "status", "state", "administration_completed", "nomination_completed", "start_date", "end_date", "posts_count", "voters_count", "election_committee_members_count", "candidates_count", "pending_candidacies_count", "votes_count", "voting_locked", "voting_starts_at", "voting_ends_at", "results_locked", "voter_source_strategy", "id", "updated_at", "created_at") values (?, soluta, ducimus-quo-est-sunt-quibusdam-similique, Et alias sed dolorem et iusto quis expedita molestiae., demo, 1, active, draft, 0, 0, 2026-05-31 08:57:46, 2026-06-07 08:57:46, 0, 0, 0, 0, 0, 0, 0, ?, ?, 0, full_membership, a1e8ed5a-fc6e-4ae3-bc34-7b567de8ba39, 2026-05-31 08:57:46, 2026-05-31 08:57:46))[39;22m

  at [32mvendor\laravel\framework\src\Illuminate\Database\Connection.php[39m:[32m825[39m
    821▕                     $this->getName(), $query, $this->prepareBindings($bindings), $e
    822▕                 );
    823▕             }
    824▕ 
  ➜ 825▕             throw new QueryException(
    826▕                 $this->getName(), $query, $this->prepareBindings($bindings), $e
    827▕             );
    828▕         }
    829▕     }

  [33m1   [39m[39;1mvendor\laravel\framework\src\Illuminate\Database\Connection.php[39;22m:[39;1m825[39;22m

  [33m2   [39m[39;1mvendor\laravel\framework\src\Illuminate\Database\Connection.php[39;22m:[39;1m571[39;22m
  [90m    NunoMaduro\Collision\Exceptions\TestException::("SQLSTATE[23502]: Not null violation: 7 FEHLER:  NULL-Wert in Spalte »organisation_id« von Relation »elections« verletzt Not-Null-Constraint
DETAIL:  Fehlgeschlagene Zeile enthält (a1e8ed5a-fc6e-4ae3-bc34-7b567de8ba39, null, soluta, ducimus-quo-est-sunt-quibusdam-similique, Et alias sed dolorem et iusto quis expedita molestiae., demo, active, 2026-05-31 08:57:46, 2026-06-07 08:57:46, t, null, 2026-05-31 08:57:46, 2026-05-31 08:57:46, null, f, f, 4, null, f, No vote / Abstain, maximum, null, null, 0, null, null, null, block, strict, none, null, null, null, f, null, null, null, f, null, null, null, t, 7, null, f, null, null, f, null, 0, 0, 0, 0, 0, 0, draft, null, null, null, null, null, null, null, null, 0, null, null, null, null, null, null, null, null, null, null, full_membership, ip_count, none, 6, single_code, f, null, null, null, D.2.5, null).")[39m

  [31m────────────────────────────────────────────────────────────────────────────────────────────────────────────────────[39m  
  [41;1m FAILED [49;22m [1mTests\Feature\RealElection\RoutingTest[22m [90m>[39m election type determines route choice             [41;1m QueryException [49;22m  
[39;1m  SQLSTATE[23502]: Not null violation: 7 FEHLER:  NULL-Wert in Spalte »organisation_id« von Relation »elections« verletzt Not-Null-Constraint
DETAIL:  Fehlgeschlagene Zeile enthält (a1e8ed5b-372c-4087-98af-58770d81c39d, null, asperiores, velit-atque-temporibus-dolorem-iusto, Atque culpa doloremque eos ea., demo, active, 2026-05-31 08:57:46, 2026-06-07 08:57:46, t, null, 2026-05-31 08:57:46, 2026-05-31 08:57:46, null, f, f, 4, null, f, No vote / Abstain, maximum, null, null, 0, null, null, null, block, strict, none, null, null, null, f, null, null, null, f, null, null, null, t, 7, null, f, null, null, f, null, 0, 0, 0, 0, 0, 0, draft, null, null, null, null, null, null, null, null, 0, null, null, null, null, null, null, null, null, null, null, full_membership, ip_count, none, 6, single_code, f, null, null, null, D.2.5, null). (Connection: pgsql, SQL: insert into "elections" ("organisation_id", "name", "slug", "description", "type", "is_active", "status", "state", "administration_completed", "nomination_completed", "start_date", "end_date", "posts_count", "voters_count", "election_committee_members_count", "candidates_count", "pending_candidacies_count", "votes_count", "voting_locked", "voting_starts_at", "voting_ends_at", "results_locked", "voter_source_strategy", "id", "updated_at", "created_at") values (?, asperiores, velit-atque-temporibus-dolorem-iusto, Atque culpa doloremque eos ea., demo, 1, active, draft, 0, 0, 2026-05-31 08:57:46, 2026-06-07 08:57:46, 0, 0, 0, 0, 0, 0, 0, ?, ?, 0, full_membership, a1e8ed5b-372c-4087-98af-58770d81c39d, 2026-05-31 08:57:46, 2026-05-31 08:57:46))[39;22m

  at [32mvendor\laravel\framework\src\Illuminate\Database\Connection.php[39m:[32m825[39m
    821▕                     $this->getName(), $query, $this->prepareBindings($bindings), $e
    822▕                 );
    823▕             }
    824▕ 
  ➜ 825▕             throw new QueryException(
    826▕                 $this->getName(), $query, $this->prepareBindings($bindings), $e
    827▕             );
    828▕         }
    829▕     }

  [33m1   [39m[39;1mvendor\laravel\framework\src\Illuminate\Database\Connection.php[39;22m:[39;1m825[39;22m

  [33m2   [39m[39;1mvendor\laravel\framework\src\Illuminate\Database\Connection.php[39;22m:[39;1m571[39;22m
  [90m    NunoMaduro\Collision\Exceptions\TestException::("SQLSTATE[23502]: Not null violation: 7 FEHLER:  NULL-Wert in Spalte »organisation_id« von Relation »elections« verletzt Not-Null-Constraint
DETAIL:  Fehlgeschlagene Zeile enthält (a1e8ed5b-372c-4087-98af-58770d81c39d, null, asperiores, velit-atque-temporibus-dolorem-iusto, Atque culpa doloremque eos ea., demo, active, 2026-05-31 08:57:46, 2026-06-07 08:57:46, t, null, 2026-05-31 08:57:46, 2026-05-31 08:57:46, null, f, f, 4, null, f, No vote / Abstain, maximum, null, null, 0, null, null, null, block, strict, none, null, null, null, f, null, null, null, f, null, null, null, t, 7, null, f, null, null, f, null, 0, 0, 0, 0, 0, 0, draft, null, null, null, null, null, null, null, null, 0, null, null, null, null, null, null, null, null, null, null, full_membership, ip_count, none, 6, single_code, f, null, null, null, D.2.5, null).")[39m

  [31m────────────────────────────────────────────────────────────────────────────────────────────────────────────────────[39m  
  [41;1m FAILED [49;22m [1mTests\Feature\RealElection\RoutingTest[22m [90m>[39m vote controller can identify election type        [41;1m QueryException [49;22m  
[39;1m  SQLSTATE[23502]: Not null violation: 7 FEHLER:  NULL-Wert in Spalte »organisation_id« von Relation »elections« verletzt Not-Null-Constraint
DETAIL:  Fehlgeschlagene Zeile enthält (a1e8ed5b-75c2-453b-b82d-fbcc6a0dc8a7, null, quo, aliquid-ut-earum-officiis-aspernatur-non, Quidem et qui possimus veritatis recusandae., demo, active, 2026-05-31 08:57:46, 2026-06-07 08:57:46, t, null, 2026-05-31 08:57:46, 2026-05-31 08:57:46, null, f, f, 4, null, f, No vote / Abstain, maximum, null, null, 0, null, null, null, block, strict, none, null, null, null, f, null, null, null, f, null, null, null, t, 7, null, f, null, null, f, null, 0, 0, 0, 0, 0, 0, draft, null, null, null, null, null, null, null, null, 0, null, null, null, null, null, null, null, null, null, null, full_membership, ip_count, none, 6, single_code, f, null, null, null, D.2.5, null). (Connection: pgsql, SQL: insert into "elections" ("organisation_id", "name", "slug", "description", "type", "is_active", "status", "state", "administration_completed", "nomination_completed", "start_date", "end_date", "posts_count", "voters_count", "election_committee_members_count", "candidates_count", "pending_candidacies_count", "votes_count", "voting_locked", "voting_starts_at", "voting_ends_at", "results_locked", "voter_source_strategy", "id", "updated_at", "created_at") values (?, quo, aliquid-ut-earum-officiis-aspernatur-non, Quidem et qui possimus veritatis recusandae., demo, 1, active, draft, 0, 0, 2026-05-31 08:57:46, 2026-06-07 08:57:46, 0, 0, 0, 0, 0, 0, 0, ?, ?, 0, full_membership, a1e8ed5b-75c2-453b-b82d-fbcc6a0dc8a7, 2026-05-31 08:57:46, 2026-05-31 08:57:46))[39;22m

  at [32mvendor\laravel\framework\src\Illuminate\Database\Connection.php[39m:[32m825[39m
    821▕                     $this->getName(), $query, $this->prepareBindings($bindings), $e
    822▕                 );
    823▕             }
    824▕ 
  ➜ 825▕             throw new QueryException(
    826▕                 $this->getName(), $query, $this->prepareBindings($bindings), $e
    827▕             );
    828▕         }
    829▕     }

  [33m1   [39m[39;1mvendor\laravel\framework\src\Illuminate\Database\Connection.php[39;22m:[39;1m825[39;22m

  [33m2   [39m[39;1mvendor\laravel\framework\src\Illuminate\Database\Connection.php[39;22m:[39;1m571[39;22m
  [90m    NunoMaduro\Collision\Exceptions\TestException::("SQLSTATE[23502]: Not null violation: 7 FEHLER:  NULL-Wert in Spalte »organisation_id« von Relation »elections« verletzt Not-Null-Constraint
DETAIL:  Fehlgeschlagene Zeile enthält (a1e8ed5b-75c2-453b-b82d-fbcc6a0dc8a7, null, quo, aliquid-ut-earum-officiis-aspernatur-non, Quidem et qui possimus veritatis recusandae., demo, active, 2026-05-31 08:57:46, 2026-06-07 08:57:46, t, null, 2026-05-31 08:57:46, 2026-05-31 08:57:46, null, f, f, 4, null, f, No vote / Abstain, maximum, null, null, 0, null, null, null, block, strict, none, null, null, null, f, null, null, null, f, null, null, null, t, 7, null, f, null, null, f, null, 0, 0, 0, 0, 0, 0, draft, null, null, null, null, null, null, null, null, 0, null, null, null, null, null, null, null, null, null, null, full_membership, ip_count, none, 6, single_code, f, null, null, null, D.2.5, null).")[39m

  [31m────────────────────────────────────────────────────────────────────────────────────────────────────────────────────[39m  
  [41;1m FAILED [49;22m [1mTests\Feature\RealElection\RoutingTest[22m [90m>[39m comprehensive routing system                      [41;1m QueryException [49;22m  
[39;1m  SQLSTATE[23502]: Not null violation: 7 FEHLER:  NULL-Wert in Spalte »organisation_id« von Relation »elections« verletzt Not-Null-Constraint
DETAIL:  Fehlgeschlagene Zeile enthält (a1e8ed5b-b440-4ba2-97ae-7287858df4b3, null, quia, repellendus-nihil-necessitatibus-vel-vero, Sunt a quia aut qui voluptatem neque suscipit., demo, active, 2026-05-31 08:57:46, 2026-06-07 08:57:46, t, null, 2026-05-31 08:57:46, 2026-05-31 08:57:46, null, f, f, 4, null, f, No vote / Abstain, maximum, null, null, 0, null, null, null, block, strict, none, null, null, null, f, null, null, null, f, null, null, null, t, 7, null, f, null, null, f, null, 0, 0, 0, 0, 0, 0, draft, null, null, null, null, null, null, null, null, 0, null, null, null, null, null, null, null, null, null, null, full_membership, ip_count, none, 6, single_code, f, null, null, null, D.2.5, null). (Connection: pgsql, SQL: insert into "elections" ("organisation_id", "name", "slug", "description", "type", "is_active", "status", "state", "administration_completed", "nomination_completed", "start_date", "end_date", "posts_count", "voters_count", "election_committee_members_count", "candidates_count", "pending_candidacies_count", "votes_count", "voting_locked", "voting_starts_at", "voting_ends_at", "results_locked", "voter_source_strategy", "id", "updated_at", "created_at") values (?, quia, repellendus-nihil-necessitatibus-vel-vero, Sunt a quia aut qui voluptatem neque suscipit., demo, 1, active, draft, 0, 0, 2026-05-31 08:57:46, 2026-06-07 08:57:46, 0, 0, 0, 0, 0, 0, 0, ?, ?, 0, full_membership, a1e8ed5b-b440-4ba2-97ae-7287858df4b3, 2026-05-31 08:57:46, 2026-05-31 08:57:46))[39;22m

  at [32mvendor\laravel\framework\src\Illuminate\Database\Connection.php[39m:[32m825[39m
    821▕                     $this->getName(), $query, $this->prepareBindings($bindings), $e
    822▕                 );
    823▕             }
    824▕ 
  ➜ 825▕             throw new QueryException(
    826▕                 $this->getName(), $query, $this->prepareBindings($bindings), $e
    827▕             );
    828▕         }
    829▕     }

  [33m1   [39m[39;1mvendor\laravel\framework\src\Illuminate\Database\Connection.php[39;22m:[39;1m825[39;22m

  [33m2   [39m[39;1mvendor\laravel\framework\src\Illuminate\Database\Connection.php[39;22m:[39;1m571[39;22m
  [90m    NunoMaduro\Collision\Exceptions\TestException::("SQLSTATE[23502]: Not null violation: 7 FEHLER:  NULL-Wert in Spalte »organisation_id« von Relation »elections« verletzt Not-Null-Constraint
DETAIL:  Fehlgeschlagene Zeile enthält (a1e8ed5b-b440-4ba2-97ae-7287858df4b3, null, quia, repellendus-nihil-necessitatibus-vel-vero, Sunt a quia aut qui voluptatem neque suscipit., demo, active, 2026-05-31 08:57:46, 2026-06-07 08:57:46, t, null, 2026-05-31 08:57:46, 2026-05-31 08:57:46, null, f, f, 4, null, f, No vote / Abstain, maximum, null, null, 0, null, null, null, block, strict, none, null, null, null, f, null, null, null, f, null, null, null, t, 7, null, f, null, null, f, null, 0, 0, 0, 0, 0, 0, draft, null, null, null, null, null, null, null, null, 0, null, null, null, null, null, null, null, null, null, null, full_membership, ip_count, none, 6, single_code, f, null, null, null, D.2.5, null).")[39m

  [31m────────────────────────────────────────────────────────────────────────────────────────────────────────────────────[39m  
  [41;1m FAILED [49;22m [1mTests\Feature\RealVoteEnforcementTest[22m [90m>[39m database constraint prevents vote without organis… [41;1m QueryException [49;22m  
[39;1m  SQLSTATE[42704]: Undefined object: 7 FEHLER:  unbekannter Konfigurationsparameter »foreign_key_checks« (Connection: pgsql, SQL: SET FOREIGN_KEY_CHECKS=0)[39;22m

  at [32mvendor\laravel\framework\src\Illuminate\Database\Connection.php[39m:[32m825[39m
    821▕                     $this->getName(), $query, $this->prepareBindings($bindings), $e
    822▕                 );
    823▕             }
    824▕ 
  ➜ 825▕             throw new QueryException(
    826▕                 $this->getName(), $query, $this->prepareBindings($bindings), $e
    827▕             );
    828▕         }
    829▕     }

  [33m1   [39m[39;1mvendor\laravel\framework\src\Illuminate\Database\Connection.php[39;22m:[39;1m825[39;22m

  [33m2   [39m[39;1mvendor\laravel\framework\src\Illuminate\Database\Connection.php[39;22m:[39;1m571[39;22m
  [90m    NunoMaduro\Collision\Exceptions\TestException::("SQLSTATE[42704]: Undefined object: 7 FEHLER:  unbekannter Konfigurationsparameter »foreign_key_checks«")[39m

  [31m────────────────────────────────────────────────────────────────────────────────────────────────────────────────────[39m  
  [41;1m FAILED [49;22m [1mTests\Feature\RealVoteEnforcementTest[22m [90m>[39m database constraint prevents result without organ… [41;1m QueryException [49;22m  
[39;1m  SQLSTATE[42704]: Undefined object: 7 FEHLER:  unbekannter Konfigurationsparameter »foreign_key_checks« (Connection: pgsql, SQL: SET FOREIGN_KEY_CHECKS=0)[39;22m

  at [32mvendor\laravel\framework\src\Illuminate\Database\Connection.php[39m:[32m825[39m
    821▕                     $this->getName(), $query, $this->prepareBindings($bindings), $e
    822▕                 );
    823▕             }
    824▕ 
  ➜ 825▕             throw new QueryException(
    826▕                 $this->getName(), $query, $this->prepareBindings($bindings), $e
    827▕             );
    828▕         }
    829▕     }

  [33m1   [39m[39;1mvendor\laravel\framework\src\Illuminate\Database\Connection.php[39;22m:[39;1m825[39;22m

  [33m2   [39m[39;1mvendor\laravel\framework\src\Illuminate\Database\Connection.php[39;22m:[39;1m571[39;22m
  [90m    NunoMaduro\Collision\Exceptions\TestException::("SQLSTATE[42704]: Undefined object: 7 FEHLER:  unbekannter Konfigurationsparameter »foreign_key_checks«")[39m

  [31m────────────────────────────────────────────────────────────────────────────────────────────────────────────────────[39m  
  [41;1m FAILED [49;22m [1mTests\Feature\RealVoteEnforcementTest[22m [90m>[39m composite fk prevents vote with mismatched electi… [41;1m QueryException [49;22m  
[39;1m  SQLSTATE[42704]: Undefined object: 7 FEHLER:  unbekannter Konfigurationsparameter »foreign_key_checks« (Connection: pgsql, SQL: SET FOREIGN_KEY_CHECKS=0)[39;22m

  at [32mvendor\laravel\framework\src\Illuminate\Database\Connection.php[39m:[32m825[39m
    821▕                     $this->getName(), $query, $this->prepareBindings($bindings), $e
    822▕                 );
    823▕             }
    824▕ 
  ➜ 825▕             throw new QueryException(
    826▕                 $this->getName(), $query, $this->prepareBindings($bindings), $e
    827▕             );
    828▕         }
    829▕     }

  [33m1   [39m[39;1mvendor\laravel\framework\src\Illuminate\Database\Connection.php[39;22m:[39;1m825[39;22m

  [33m2   [39m[39;1mvendor\laravel\framework\src\Illuminate\Database\Connection.php[39;22m:[39;1m571[39;22m
  [90m    NunoMaduro\Collision\Exceptions\TestException::("SQLSTATE[42704]: Undefined object: 7 FEHLER:  unbekannter Konfigurationsparameter »foreign_key_checks«")[39m

  [31m────────────────────────────────────────────────────────────────────────────────────────────────────────────────────[39m  
  [41;1m FAILED [49;22m [1mTests\Feature\RealVoteEnforcementTest[22m [90m>[39m composite fk prevents result with mismatched vote… [41;1m QueryException [49;22m  
[39;1m  SQLSTATE[42704]: Undefined object: 7 FEHLER:  unbekannter Konfigurationsparameter »foreign_key_checks« (Connection: pgsql, SQL: SET FOREIGN_KEY_CHECKS=0)[39;22m

  at [32mvendor\laravel\framework\src\Illuminate\Database\Connection.php[39m:[32m825[39m
    821▕                     $this->getName(), $query, $this->prepareBindings($bindings), $e
    822▕                 );
    823▕             }
    824▕ 
  ➜ 825▕             throw new QueryException(
    826▕                 $this->getName(), $query, $this->prepareBindings($bindings), $e
    827▕             );
    828▕         }
    829▕     }

  [33m1   [39m[39;1mvendor\laravel\framework\src\Illuminate\Database\Connection.php[39;22m:[39;1m825[39;22m

  [33m2   [39m[39;1mvendor\laravel\framework\src\Illuminate\Database\Connection.php[39;22m:[39;1m571[39;22m
  [90m    NunoMaduro\Collision\Exceptions\TestException::("SQLSTATE[42704]: Undefined object: 7 FEHLER:  unbekannter Konfigurationsparameter »foreign_key_checks«")[39m

  [31m────────────────────────────────────────────────────────────────────────────────────────────────────────────────────[39m  
  [41;1m FAILED [49;22m [1mTests\Feature\RealVoteEnforcementTest[22m [90m>[39m invalid real vote exception includes context       [41;1m QueryException [49;22m  
[39;1m  SQLSTATE[42704]: Undefined object: 7 FEHLER:  unbekannter Konfigurationsparameter »foreign_key_checks« (Connection: pgsql, SQL: SET FOREIGN_KEY_CHECKS=0)[39;22m

  at [32mvendor\laravel\framework\src\Illuminate\Database\Connection.php[39m:[32m825[39m
    821▕                     $this->getName(), $query, $this->prepareBindings($bindings), $e
    822▕                 );
    823▕             }
    824▕ 
  ➜ 825▕             throw new QueryException(
    826▕                 $this->getName(), $query, $this->prepareBindings($bindings), $e
    827▕             );
    828▕         }
    829▕     }

  [33m1   [39m[39;1mvendor\laravel\framework\src\Illuminate\Database\Connection.php[39;22m:[39;1m825[39;22m

  [33m2   [39m[39;1mvendor\laravel\framework\src\Illuminate\Database\Connection.php[39;22m:[39;1m571[39;22m
  [90m    NunoMaduro\Collision\Exceptions\TestException::("SQLSTATE[42704]: Undefined object: 7 FEHLER:  unbekannter Konfigurationsparameter »foreign_key_checks«")[39m

  [31m────────────────────────────────────────────────────────────────────────────────────────────────────────────────────[39m  
  [41;1m FAILED [49;22m [1mTests\Feature\RealVoteEnforcementTest[22m [90m>[39m organisation mismatch exception includes context   [41;1m QueryException [49;22m  
[39;1m  SQLSTATE[42704]: Undefined object: 7 FEHLER:  unbekannter Konfigurationsparameter »foreign_key_checks« (Connection: pgsql, SQL: SET FOREIGN_KEY_CHECKS=0)[39;22m

  at [32mvendor\laravel\framework\src\Illuminate\Database\Connection.php[39m:[32m825[39m
    821▕                     $this->getName(), $query, $this->prepareBindings($bindings), $e
    822▕                 );
    823▕             }
    824▕ 
  ➜ 825▕             throw new QueryException(
    826▕                 $this->getName(), $query, $this->prepareBindings($bindings), $e
    827▕             );
    828▕         }
    829▕     }

  [33m1   [39m[39;1mvendor\laravel\framework\src\Illuminate\Database\Connection.php[39;22m:[39;1m825[39;22m

  [33m2   [39m[39;1mvendor\laravel\framework\src\Illuminate\Database\Connection.php[39;22m:[39;1m571[39;22m
  [90m    NunoMaduro\Collision\Exceptions\TestException::("SQLSTATE[42704]: Undefined object: 7 FEHLER:  unbekannter Konfigurationsparameter »foreign_key_checks«")[39m

  [31m────────────────────────────────────────────────────────────────────────────────────────────────────────────────────[39m  
  [41;1m FAILED [49;22m [1mTests\Feature\RealVoteEnforcementTest[22m [90m>[39m model validation throws exception with proper mes… [41;1m QueryException [49;22m  
[39;1m  SQLSTATE[42704]: Undefined object: 7 FEHLER:  unbekannter Konfigurationsparameter »foreign_key_checks« (Connection: pgsql, SQL: SET FOREIGN_KEY_CHECKS=0)[39;22m

  at [32mvendor\laravel\framework\src\Illuminate\Database\Connection.php[39m:[32m825[39m
    821▕                     $this->getName(), $query, $this->prepareBindings($bindings), $e
    822▕                 );
    823▕             }
    824▕ 
  ➜ 825▕             throw new QueryException(
    826▕                 $this->getName(), $query, $this->prepareBindings($bindings), $e
    827▕             );
    828▕         }
    829▕     }

  [33m1   [39m[39;1mvendor\laravel\framework\src\Illuminate\Database\Connection.php[39;22m:[39;1m825[39;22m

  [33m2   [39m[39;1mvendor\laravel\framework\src\Illuminate\Database\Connection.php[39;22m:[39;1m571[39;22m
  [90m    NunoMaduro\Collision\Exceptions\TestException::("SQLSTATE[42704]: Undefined object: 7 FEHLER:  unbekannter Konfigurationsparameter »foreign_key_checks«")[39m

  [31m────────────────────────────────────────────────────────────────────────────────────────────────────────────────────[39m  
  [41;1m FAILED [49;22m [1mTests\Feature\RealVoteEnforcementTest[22m [90m>[39m successful validation completes without exception  [41;1m QueryException [49;22m  
[39;1m  SQLSTATE[42704]: Undefined object: 7 FEHLER:  unbekannter Konfigurationsparameter »foreign_key_checks« (Connection: pgsql, SQL: SET FOREIGN_KEY_CHECKS=0)[39;22m

  at [32mvendor\laravel\framework\src\Illuminate\Database\Connection.php[39m:[32m825[39m
    821▕                     $this->getName(), $query, $this->prepareBindings($bindings), $e
    822▕                 );
    823▕             }
    824▕ 
  ➜ 825▕             throw new QueryException(
    826▕                 $this->getName(), $query, $this->prepareBindings($bindings), $e
    827▕             );
    828▕         }
    829▕     }

  [33m1   [39m[39;1mvendor\laravel\framework\src\Illuminate\Database\Connection.php[39;22m:[39;1m825[39;22m

  [33m2   [39m[39;1mvendor\laravel\framework\src\Illuminate\Database\Connection.php[39;22m:[39;1m571[39;22m
  [90m    NunoMaduro\Collision\Exceptions\TestException::("SQLSTATE[42704]: Undefined object: 7 FEHLER:  unbekannter Konfigurationsparameter »foreign_key_checks«")[39m

  [31m────────────────────────────────────────────────────────────────────────────────────────────────────────────────────[39m  
  [41;1m FAILED [49;22m [1mTests\Feature\RealVoteEnforcementTest[22m [90m>[39m multi organisation isolation                       [41;1m QueryException [49;22m  
[39;1m  SQLSTATE[42704]: Undefined object: 7 FEHLER:  unbekannter Konfigurationsparameter »foreign_key_checks« (Connection: pgsql, SQL: SET FOREIGN_KEY_CHECKS=0)[39;22m

  at [32mvendor\laravel\framework\src\Illuminate\Database\Connection.php[39m:[32m825[39m
    821▕                     $this->getName(), $query, $this->prepareBindings($bindings), $e
    822▕                 );
    823▕             }
    824▕ 
  ➜ 825▕             throw new QueryException(
    826▕                 $this->getName(), $query, $this->prepareBindings($bindings), $e
    827▕             );
    828▕         }
    829▕     }

  [33m1   [39m[39;1mvendor\laravel\framework\src\Illuminate\Database\Connection.php[39;22m:[39;1m825[39;22m

  [33m2   [39m[39;1mvendor\laravel\framework\src\Illuminate\Database\Connection.php[39;22m:[39;1m571[39;22m
  [90m    NunoMaduro\Collision\Exceptions\TestException::("SQLSTATE[42704]: Undefined object: 7 FEHLER:  unbekannter Konfigurationsparameter »foreign_key_checks«")[39m

  [31m────────────────────────────────────────────────────────────────────────────────────────────────────────────────────[39m  
  [41;1m FAILED [49;22m [1mTests\Feature\RealVoteEnforcementTest[22m [90m>[39m result organisation isolation                      [41;1m QueryException [49;22m  
[39;1m  SQLSTATE[42704]: Undefined object: 7 FEHLER:  unbekannter Konfigurationsparameter »foreign_key_checks« (Connection: pgsql, SQL: SET FOREIGN_KEY_CHECKS=0)[39;22m

  at [32mvendor\laravel\framework\src\Illuminate\Database\Connection.php[39m:[32m825[39m
    821▕                     $this->getName(), $query, $this->prepareBindings($bindings), $e
    822▕                 );
    823▕             }
    824▕ 
  ➜ 825▕             throw new QueryException(
    826▕                 $this->getName(), $query, $this->prepareBindings($bindings), $e
    827▕             );
    828▕         }
    829▕     }

  [33m1   [39m[39;1mvendor\laravel\framework\src\Illuminate\Database\Connection.php[39;22m:[39;1m825[39;22m

  [33m2   [39m[39;1mvendor\laravel\framework\src\Illuminate\Database\Connection.php[39;22m:[39;1m571[39;22m
  [90m    NunoMaduro\Collision\Exceptions\TestException::("SQLSTATE[42704]: Undefined object: 7 FEHLER:  unbekannter Konfigurationsparameter »foreign_key_checks«")[39m

  [31m────────────────────────────────────────────────────────────────────────────────────────────────────────────────────[39m  
  [41;1m FAILED [49;22m [1mTests\Feature\RealVoteEnforcementTest[22m [90m>[39m cannot create real vote for demo election          [41;1m QueryException [49;22m  
[39;1m  SQLSTATE[42704]: Undefined object: 7 FEHLER:  unbekannter Konfigurationsparameter »foreign_key_checks« (Connection: pgsql, SQL: SET FOREIGN_KEY_CHECKS=0)[39;22m

  at [32mvendor\laravel\framework\src\Illuminate\Database\Connection.php[39m:[32m825[39m
    821▕                     $this->getName(), $query, $this->prepareBindings($bindings), $e
    822▕                 );
    823▕             }
    824▕ 
  ➜ 825▕             throw new QueryException(
    826▕                 $this->getName(), $query, $this->prepareBindings($bindings), $e
    827▕             );
    828▕         }
    829▕     }

  [33m1   [39m[39;1mvendor\laravel\framework\src\Illuminate\Database\Connection.php[39;22m:[39;1m825[39;22m

  [33m2   [39m[39;1mvendor\laravel\framework\src\Illuminate\Database\Connection.php[39;22m:[39;1m571[39;22m
  [90m    NunoMaduro\Collision\Exceptions\TestException::("SQLSTATE[42704]: Undefined object: 7 FEHLER:  unbekannter Konfigurationsparameter »foreign_key_checks«")[39m

  [31m────────────────────────────────────────────────────────────────────────────────────────────────────────────────────[39m  
  [41;1m FAILED [49;22m [1mTests\Feature\RealVoteEnforcementTest[22m [90m>[39m validation works with large organisation ids       [41;1m QueryException [49;22m  
[39;1m  SQLSTATE[42704]: Undefined object: 7 FEHLER:  unbekannter Konfigurationsparameter »foreign_key_checks« (Connection: pgsql, SQL: SET FOREIGN_KEY_CHECKS=0)[39;22m

  at [32mvendor\laravel\framework\src\Illuminate\Database\Connection.php[39m:[32m825[39m
    821▕                     $this->getName(), $query, $this->prepareBindings($bindings), $e
    822▕                 );
    823▕             }
    824▕ 
  ➜ 825▕             throw new QueryException(
    826▕                 $this->getName(), $query, $this->prepareBindings($bindings), $e
    827▕             );
    828▕         }
    829▕     }

  [33m1   [39m[39;1mvendor\laravel\framework\src\Illuminate\Database\Connection.php[39;22m:[39;1m825[39;22m

  [33m2   [39m[39;1mvendor\laravel\framework\src\Illuminate\Database\Connection.php[39;22m:[39;1m571[39;22m
  [90m    NunoMaduro\Collision\Exceptions\TestException::("SQLSTATE[42704]: Undefined object: 7 FEHLER:  unbekannter Konfigurationsparameter »foreign_key_checks«")[39m

  [31m────────────────────────────────────────────────────────────────────────────────────────────────────────────────────[39m  
  [41;1m FAILED [49;22m [1mTests\Feature\RealVoteEnforcementTest[22m [90m>[39m cascade delete removes results with vote           [41;1m QueryException [49;22m  
[39;1m  SQLSTATE[42704]: Undefined object: 7 FEHLER:  unbekannter Konfigurationsparameter »foreign_key_checks« (Connection: pgsql, SQL: SET FOREIGN_KEY_CHECKS=0)[39;22m

  at [32mvendor\laravel\framework\src\Illuminate\Database\Connection.php[39m:[32m825[39m
    821▕                     $this->getName(), $query, $this->prepareBindings($bindings), $e
    822▕                 );
    823▕             }
    824▕ 
  ➜ 825▕             throw new QueryException(
    826▕                 $this->getName(), $query, $this->prepareBindings($bindings), $e
    827▕             );
    828▕         }
    829▕     }

  [33m1   [39m[39;1mvendor\laravel\framework\src\Illuminate\Database\Connection.php[39;22m:[39;1m825[39;22m

  [33m2   [39m[39;1mvendor\laravel\framework\src\Illuminate\Database\Connection.php[39;22m:[39;1m571[39;22m
  [90m    NunoMaduro\Collision\Exceptions\TestException::("SQLSTATE[42704]: Undefined object: 7 FEHLER:  unbekannter Konfigurationsparameter »foreign_key_checks«")[39m

  [31m────────────────────────────────────────────────────────────────────────────────────────────────────────────────────[39m  
  [41;1m FAILED [49;22m [1mTests\Feature\RealVoteEnforcementTest[22m [90m>[39m controller prevents cross organisation voting      [41;1m QueryException [49;22m  
[39;1m  SQLSTATE[42704]: Undefined object: 7 FEHLER:  unbekannter Konfigurationsparameter »foreign_key_checks« (Connection: pgsql, SQL: SET FOREIGN_KEY_CHECKS=0)[39;22m

  at [32mvendor\laravel\framework\src\Illuminate\Database\Connection.php[39m:[32m825[39m
    821▕                     $this->getName(), $query, $this->prepareBindings($bindings), $e
    822▕                 );
    823▕             }
    824▕ 
  ➜ 825▕             throw new QueryException(
    826▕                 $this->getName(), $query, $this->prepareBindings($bindings), $e
    827▕             );
    828▕         }
    829▕     }

  [33m1   [39m[39;1mvendor\laravel\framework\src\Illuminate\Database\Connection.php[39;22m:[39;1m825[39;22m

  [33m2   [39m[39;1mvendor\laravel\framework\src\Illuminate\Database\Connection.php[39;22m:[39;1m571[39;22m
  [90m    NunoMaduro\Collision\Exceptions\TestException::("SQLSTATE[42704]: Undefined object: 7 FEHLER:  unbekannter Konfigurationsparameter »foreign_key_checks«")[39m

  [31m────────────────────────────────────────────────────────────────────────────────────────────────────────────────────[39m  
  [41;1m FAILED [49;22m [1mTests\Feature\RealVoteEnforcementTest[22m [90m>[39m complete voting flow passes all layers             [41;1m QueryException [49;22m  
[39;1m  SQLSTATE[42704]: Undefined object: 7 FEHLER:  unbekannter Konfigurationsparameter »foreign_key_checks« (Connection: pgsql, SQL: SET FOREIGN_KEY_CHECKS=0)[39;22m

  at [32mvendor\laravel\framework\src\Illuminate\Database\Connection.php[39m:[32m825[39m
    821▕                     $this->getName(), $query, $this->prepareBindings($bindings), $e
    822▕                 );
    823▕             }
    824▕ 
  ➜ 825▕             throw new QueryException(
    826▕                 $this->getName(), $query, $this->prepareBindings($bindings), $e
    827▕             );
    828▕         }
    829▕     }

  [33m1   [39m[39;1mvendor\laravel\framework\src\Illuminate\Database\Connection.php[39;22m:[39;1m825[39;22m

  [33m2   [39m[39;1mvendor\laravel\framework\src\Illuminate\Database\Connection.php[39;22m:[39;1m571[39;22m
  [90m    NunoMaduro\Collision\Exceptions\TestException::("SQLSTATE[42704]: Undefined object: 7 FEHLER:  unbekannter Konfigurationsparameter »foreign_key_checks«")[39m

  [31m────────────────────────────────────────────────────────────────────────────────────────────────────────────────────[39m  
  [41;1m FAILED [49;22m [1mTests\Feature\RealVoteEnforcementTest[22m [90m>[39m controller validation faster than model validatio… [41;1m QueryException [49;22m  
[39;1m  SQLSTATE[42704]: Undefined object: 7 FEHLER:  unbekannter Konfigurationsparameter »foreign_key_checks« (Connection: pgsql, SQL: SET FOREIGN_KEY_CHECKS=0)[39;22m

  at [32mvendor\laravel\framework\src\Illuminate\Database\Connection.php[39m:[32m825[39m
    821▕                     $this->getName(), $query, $this->prepareBindings($bindings), $e
    822▕                 );
    823▕             }
    824▕ 
  ➜ 825▕             throw new QueryException(
    826▕                 $this->getName(), $query, $this->prepareBindings($bindings), $e
    827▕             );
    828▕         }
    829▕     }

  [33m1   [39m[39;1mvendor\laravel\framework\src\Illuminate\Database\Connection.php[39;22m:[39;1m825[39;22m

  [33m2   [39m[39;1mvendor\laravel\framework\src\Illuminate\Database\Connection.php[39;22m:[39;1m571[39;22m
  [90m    NunoMaduro\Collision\Exceptions\TestException::("SQLSTATE[42704]: Undefined object: 7 FEHLER:  unbekannter Konfigurationsparameter »foreign_key_checks«")[39m

  [31m────────────────────────────────────────────────────────────────────────────────────────────────────────────────────[39m  
  [41;1m FAILED [49;22m [1mTests\Feature\RealVoteEnforcementTest[22m [90m>[39m explicit organisation id prevents trait bypass     [41;1m QueryException [49;22m  
[39;1m  SQLSTATE[42704]: Undefined object: 7 FEHLER:  unbekannter Konfigurationsparameter »foreign_key_checks« (Connection: pgsql, SQL: SET FOREIGN_KEY_CHECKS=0)[39;22m

  at [32mvendor\laravel\framework\src\Illuminate\Database\Connection.php[39m:[32m825[39m
    821▕                     $this->getName(), $query, $this->prepareBindings($bindings), $e
    822▕                 );
    823▕             }
    824▕ 
  ➜ 825▕             throw new QueryException(
    826▕                 $this->getName(), $query, $this->prepareBindings($bindings), $e
    827▕             );
    828▕         }
    829▕     }

  [33m1   [39m[39;1mvendor\laravel\framework\src\Illuminate\Database\Connection.php[39;22m:[39;1m825[39;22m

  [33m2   [39m[39;1mvendor\laravel\framework\src\Illuminate\Database\Connection.php[39;22m:[39;1m571[39;22m
  [90m    NunoMaduro\Collision\Exceptions\TestException::("SQLSTATE[42704]: Undefined object: 7 FEHLER:  unbekannter Konfigurationsparameter »foreign_key_checks«")[39m

  [31m────────────────────────────────────────────────────────────────────────────────────────────────────────────────────[39m  
  [41;1m FAILED [49;22m [1mTests\Feature\RealVoteEnforcementTest[22m [90m>[39m audit trail complete for vote lifecycle            [41;1m QueryException [49;22m  
[39;1m  SQLSTATE[42704]: Undefined object: 7 FEHLER:  unbekannter Konfigurationsparameter »foreign_key_checks« (Connection: pgsql, SQL: SET FOREIGN_KEY_CHECKS=0)[39;22m

  at [32mvendor\laravel\framework\src\Illuminate\Database\Connection.php[39m:[32m825[39m
    821▕                     $this->getName(), $query, $this->prepareBindings($bindings), $e
    822▕                 );
    823▕             }
    824▕ 
  ➜ 825▕             throw new QueryException(
    826▕                 $this->getName(), $query, $this->prepareBindings($bindings), $e
    827▕             );
    828▕         }
    829▕     }

  [33m1   [39m[39;1mvendor\laravel\framework\src\Illuminate\Database\Connection.php[39;22m:[39;1m825[39;22m

  [33m2   [39m[39;1mvendor\laravel\framework\src\Illuminate\Database\Connection.php[39;22m:[39;1m571[39;22m
  [90m    NunoMaduro\Collision\Exceptions\TestException::("SQLSTATE[42704]: Undefined object: 7 FEHLER:  unbekannter Konfigurationsparameter »foreign_key_checks«")[39m

  [31m────────────────────────────────────────────────────────────────────────────────────────────────────────────────────[39m  
  [41;1m FAILED [49;22m [1mTests\Feature\RealVoteEnforcementTest[22m [90m>[39m middleware blocks before controller                [41;1m QueryException [49;22m  
[39;1m  SQLSTATE[42704]: Undefined object: 7 FEHLER:  unbekannter Konfigurationsparameter »foreign_key_checks« (Connection: pgsql, SQL: SET FOREIGN_KEY_CHECKS=0)[39;22m

  at [32mvendor\laravel\framework\src\Illuminate\Database\Connection.php[39m:[32m825[39m
    821▕                     $this->getName(), $query, $this->prepareBindings($bindings), $e
    822▕                 );
    823▕             }
    824▕ 
  ➜ 825▕             throw new QueryException(
    826▕                 $this->getName(), $query, $this->prepareBindings($bindings), $e
    827▕             );
    828▕         }
    829▕     }

  [33m1   [39m[39;1mvendor\laravel\framework\src\Illuminate\Database\Connection.php[39;22m:[39;1m825[39;22m

  [33m2   [39m[39;1mvendor\laravel\framework\src\Illuminate\Database\Connection.php[39;22m:[39;1m571[39;22m
  [90m    NunoMaduro\Collision\Exceptions\TestException::("SQLSTATE[42704]: Undefined object: 7 FEHLER:  unbekannter Konfigurationsparameter »foreign_key_checks«")[39m

  [31m────────────────────────────────────────────────────────────────────────────────────────────────────────────────────[39m  
  [41;1m FAILED [49;22m [1mTests\Feature\RealVoteEnforcementTest[22m [90m>[39m four layer protection working together             [41;1m QueryException [49;22m  
[39;1m  SQLSTATE[42704]: Undefined object: 7 FEHLER:  unbekannter Konfigurationsparameter »foreign_key_checks« (Connection: pgsql, SQL: SET FOREIGN_KEY_CHECKS=0)[39;22m

  at [32mvendor\laravel\framework\src\Illuminate\Database\Connection.php[39m:[32m825[39m
    821▕                     $this->getName(), $query, $this->prepareBindings($bindings), $e
    822▕                 );
    823▕             }
    824▕ 
  ➜ 825▕             throw new QueryException(
    826▕                 $this->getName(), $query, $this->prepareBindings($bindings), $e
    827▕             );
    828▕         }
    829▕     }

  [33m1   [39m[39;1mvendor\laravel\framework\src\Illuminate\Database\Connection.php[39;22m:[39;1m825[39;22m

  [33m2   [39m[39;1mvendor\laravel\framework\src\Illuminate\Database\Connection.php[39;22m:[39;1m571[39;22m
  [90m    NunoMaduro\Collision\Exceptions\TestException::("SQLSTATE[42704]: Undefined object: 7 FEHLER:  unbekannter Konfigurationsparameter »foreign_key_checks«")[39m

  [31m────────────────────────────────────────────────────────────────────────────────────────────────────────────────────[39m  
  [41;1m FAILED [49;22m [1mTests\Feature\RealVoteEnforcementTest[22m [90m>[39m demo election full workflow unaffected             [41;1m QueryException [49;22m  
[39;1m  SQLSTATE[42704]: Undefined object: 7 FEHLER:  unbekannter Konfigurationsparameter »foreign_key_checks« (Connection: pgsql, SQL: SET FOREIGN_KEY_CHECKS=0)[39;22m

  at [32mvendor\laravel\framework\src\Illuminate\Database\Connection.php[39m:[32m825[39m
    821▕                     $this->getName(), $query, $this->prepareBindings($bindings), $e
    822▕                 );
    823▕             }
    824▕ 
  ➜ 825▕             throw new QueryException(
    826▕                 $this->getName(), $query, $this->prepareBindings($bindings), $e
    827▕             );
    828▕         }
    829▕     }

  [33m1   [39m[39;1mvendor\laravel\framework\src\Illuminate\Database\Connection.php[39;22m:[39;1m825[39;22m

  [33m2   [39m[39;1mvendor\laravel\framework\src\Illuminate\Database\Connection.php[39;22m:[39;1m571[39;22m
  [90m    NunoMaduro\Collision\Exceptions\TestException::("SQLSTATE[42704]: Undefined object: 7 FEHLER:  unbekannter Konfigurationsparameter »foreign_key_checks«")[39m

  [31m────────────────────────────────────────────────────────────────────────────────────────────────────────────────────[39m  
  [41;1m FAILED [49;22m [1mTests\Feature\RealVoteEnforcementTest[22m [90m>[39m middleware order matters                           [41;1m QueryException [49;22m  
[39;1m  SQLSTATE[42704]: Undefined object: 7 FEHLER:  unbekannter Konfigurationsparameter »foreign_key_checks« (Connection: pgsql, SQL: SET FOREIGN_KEY_CHECKS=0)[39;22m

  at [32mvendor\laravel\framework\src\Illuminate\Database\Connection.php[39m:[32m825[39m
    821▕                     $this->getName(), $query, $this->prepareBindings($bindings), $e
    822▕                 );
    823▕             }
    824▕ 
  ➜ 825▕             throw new QueryException(
    826▕                 $this->getName(), $query, $this->prepareBindings($bindings), $e
    827▕             );
    828▕         }
    829▕     }

  [33m1   [39m[39;1mvendor\laravel\framework\src\Illuminate\Database\Connection.php[39;22m:[39;1m825[39;22m

  [33m2   [39m[39;1mvendor\laravel\framework\src\Illuminate\Database\Connection.php[39;22m:[39;1m571[39;22m
  [90m    NunoMaduro\Collision\Exceptions\TestException::("SQLSTATE[42704]: Undefined object: 7 FEHLER:  unbekannter Konfigurationsparameter »foreign_key_checks«")[39m

  [31m────────────────────────────────────────────────────────────────────────────────────────────────────────────────────[39m  
  [41;1m FAILED [49;22m [1mTests\Feature\RealVoteEnforcementTest[22m [90m>[39m complete audit trail all layers                    [41;1m QueryException [49;22m  
[39;1m  SQLSTATE[42704]: Undefined object: 7 FEHLER:  unbekannter Konfigurationsparameter »foreign_key_checks« (Connection: pgsql, SQL: SET FOREIGN_KEY_CHECKS=0)[39;22m

  at [32mvendor\laravel\framework\src\Illuminate\Database\Connection.php[39m:[32m825[39m
    821▕                     $this->getName(), $query, $this->prepareBindings($bindings), $e
    822▕                 );
    823▕             }
    824▕ 
  ➜ 825▕             throw new QueryException(
    826▕                 $this->getName(), $query, $this->prepareBindings($bindings), $e
    827▕             );
    828▕         }
    829▕     }

  [33m1   [39m[39;1mvendor\laravel\framework\src\Illuminate\Database\Connection.php[39;22m:[39;1m825[39;22m

  [33m2   [39m[39;1mvendor\laravel\framework\src\Illuminate\Database\Connection.php[39;22m:[39;1m571[39;22m
  [90m    NunoMaduro\Collision\Exceptions\TestException::("SQLSTATE[42704]: Undefined object: 7 FEHLER:  unbekannter Konfigurationsparameter »foreign_key_checks«")[39m

  [31m────────────────────────────────────────────────────────────────────────────────────────────────────────────────────[39m  
  [41;1m FAILED [49;22m [1mTests\Feature\RealVoteVerificationTest[22m [90m>[39m real vote with no vote true saves… [41;1m OrganisationMismatchException [49;22m  
[39;1m  Vote organisation_id () does not match election organisation_id (2fb5b0dd-4f0b-4c9e-ae2c-a27050ef1560)[39;22m

  at [32mapp\Models\BaseVote.php[39m:[32m193[39m
    189▕                         'timestamp' => now(),
    190▕                         'ip' => request()->ip(),
    191▕                     ]);
    192▕ 
  ➜ 193▕                     throw new \App\Exceptions\OrganisationMismatchException(
    194▕                         "Vote organisation_id ({$vote->organisation_id}) does not match election organisation_id ({$election->organisation_id})",
    195▕                         [
    196▕                             'vote_organisation_id' => $vote->organisation_id,
    197▕                             'election_organisation_id' => $election->organisation_id,

  [33m1   [39m[39;1mapp\Models\BaseVote.php[39;22m:[39;1m193[39;22m
  [33m2   [39m[39;1mvendor\laravel\framework\src\Illuminate\Events\Dispatcher.php[39;22m:[39;1m459[39;22m

  [31m────────────────────────────────────────────────────────────────────────────────────────────────────────────────────[39m  
  [41;1m FAILED [49;22m [1mTests\Feature\RealVoteVerificationTest[22m [90m>[39m save vote method saves real vote with no vot… [41;1m ArgumentCountError [49;22m  
[39;1m  Too few arguments to function App\Http\Controllers\VoteController::__construct(), 0 passed in C:\Users\nabra\OneDrive\Desktop\roshyara\xamp\nrna\nrna-eu\tests\Feature\RealVoteVerificationTest.php on line 75 and exactly 2 expected[39;22m

  at [32mapp\Http\Controllers\VoteController.php[39m:[32m58[39m
     54▕ 
     55▕     /**
     56▕      * Constructor - Initialize voting process state
     57▕      */
  ➜  58▕     public function __construct(
     59▕         private TrustPolicyEvaluator $trustEvaluator,
     60▕         private ConstitutionalLegitimacyDecision $legitimacyDecision,
     61▕     )
     62▕     {

  [33m1   [39m[39;1mapp\Http\Controllers\VoteController.php[39;22m:[39;1m58[39;22m
  [33m2   [39m[39;1mtests\Feature\RealVoteVerificationTest.php[39;22m:[39;1m75[39;22m

  [31m────────────────────────────────────────────────────────────────────────────────────────────────────────────────────[39m  
  [41;1m FAILED [49;22m [1mTests\Feature\RealVoteVerificationTest[22m [90m>[39m real vote does not store verification code    [41;1m ArgumentCountError [49;22m  
[39;1m  Too few arguments to function App\Http\Controllers\VoteController::__construct(), 0 passed in C:\Users\nabra\OneDrive\Desktop\roshyara\xamp\nrna\nrna-eu\tests\Feature\RealVoteVerificationTest.php on line 104 and exactly 2 expected[39;22m

  at [32mapp\Http\Controllers\VoteController.php[39m:[32m58[39m
     54▕ 
     55▕     /**
     56▕      * Constructor - Initialize voting process state
     57▕      */
  ➜  58▕     public function __construct(
     59▕         private TrustPolicyEvaluator $trustEvaluator,
     60▕         private ConstitutionalLegitimacyDecision $legitimacyDecision,
     61▕     )
     62▕     {

  [33m1   [39m[39;1mapp\Http\Controllers\VoteController.php[39;22m:[39;1m58[39;22m
  [33m2   [39m[39;1mtests\Feature\RealVoteVerificationTest.php[39;22m:[39;1m104[39;22m

  [31m────────────────────────────────────────────────────────────────────────────────────────────────────────────────────[39m  
  [41;1m FAILED [49;22m [1mTests\Feature\RealVoteVerificationTest[22m [90m>[39m real and demo votes use same save vote metho… [41;1m ArgumentCountError [49;22m  
[39;1m  Too few arguments to function App\Http\Controllers\VoteController::__construct(), 0 passed in C:\Users\nabra\OneDrive\Desktop\roshyara\xamp\nrna\nrna-eu\tests\Feature\RealVoteVerificationTest.php on line 132 and exactly 2 expected[39;22m

  at [32mapp\Http\Controllers\VoteController.php[39m:[32m58[39m
     54▕ 
     55▕     /**
     56▕      * Constructor - Initialize voting process state
     57▕      */
  ➜  58▕     public function __construct(
     59▕         private TrustPolicyEvaluator $trustEvaluator,
     60▕         private ConstitutionalLegitimacyDecision $legitimacyDecision,
     61▕     )
     62▕     {

  [33m1   [39m[39;1mapp\Http\Controllers\VoteController.php[39;22m:[39;1m58[39;22m
  [33m2   [39m[39;1mtests\Feature\RealVoteVerificationTest.php[39;22m:[39;1m132[39;22m

  [31m────────────────────────────────────────────────────────────────────────────────────────────────────────────────────[39m  
  [41;1m FAILED [49;22m [1mTests\Feature\RealVoteVerificationTest[22m [90m>[39m real vote can query by no vote st… [41;1m OrganisationMismatchException [49;22m  
[39;1m  Vote organisation_id () does not match election organisation_id (2fb5b0dd-4f0b-4c9e-ae2c-a27050ef1560)[39;22m

  at [32mapp\Models\BaseVote.php[39m:[32m193[39m
    189▕                         'timestamp' => now(),
    190▕                         'ip' => request()->ip(),
    191▕                     ]);
    192▕ 
  ➜ 193▕                     throw new \App\Exceptions\OrganisationMismatchException(
    194▕                         "Vote organisation_id ({$vote->organisation_id}) does not match election organisation_id ({$election->organisation_id})",
    195▕                         [
    196▕                             'vote_organisation_id' => $vote->organisation_id,
    197▕                             'election_organisation_id' => $election->organisation_id,

  [33m1   [39m[39;1mapp\Models\BaseVote.php[39;22m:[39;1m193[39;22m
  [33m2   [39m[39;1mvendor\laravel\framework\src\Illuminate\Events\Dispatcher.php[39;22m:[39;1m459[39;22m

  [31m────────────────────────────────────────────────────────────────────────────────────────────────────────────────────[39m  
  [41;1m FAILED [49;22m [1mTests\Feature\RealVoteVerificationTest[22m [90m>[39m votes table schema does not have…  [41;1m OrganisationMismatchException [49;22m  
[39;1m  Vote organisation_id () does not match election organisation_id (2fb5b0dd-4f0b-4c9e-ae2c-a27050ef1560)[39;22m

  at [32mapp\Models\BaseVote.php[39m:[32m193[39m
    189▕                         'timestamp' => now(),
    190▕                         'ip' => request()->ip(),
    191▕                     ]);
    192▕ 
  ➜ 193▕                     throw new \App\Exceptions\OrganisationMismatchException(
    194▕                         "Vote organisation_id ({$vote->organisation_id}) does not match election organisation_id ({$election->organisation_id})",
    195▕                         [
    196▕                             'vote_organisation_id' => $vote->organisation_id,
    197▕                             'election_organisation_id' => $election->organisation_id,

  [33m1   [39m[39;1mapp\Models\BaseVote.php[39;22m:[39;1m193[39;22m
  [33m2   [39m[39;1mvendor\laravel\framework\src\Illuminate\Events\Dispatcher.php[39;22m:[39;1m459[39;22m

  [31m────────────────────────────────────────────────────────────────────────────────────────────────────────────────────[39m  
  [41;1m FAILED [49;22m [1mTests\Feature\RealVoteVerificationTest[22m [90m>[39m real vote with false no vote save… [41;1m OrganisationMismatchException [49;22m  
[39;1m  Vote organisation_id () does not match election organisation_id (2fb5b0dd-4f0b-4c9e-ae2c-a27050ef1560)[39;22m

  at [32mapp\Models\BaseVote.php[39m:[32m193[39m
    189▕                         'timestamp' => now(),
    190▕                         'ip' => request()->ip(),
    191▕                     ]);
    192▕ 
  ➜ 193▕                     throw new \App\Exceptions\OrganisationMismatchException(
    194▕                         "Vote organisation_id ({$vote->organisation_id}) does not match election organisation_id ({$election->organisation_id})",
    195▕                         [
    196▕                             'vote_organisation_id' => $vote->organisation_id,
    197▕                             'election_organisation_id' => $election->organisation_id,

  [33m1   [39m[39;1mapp\Models\BaseVote.php[39;22m:[39;1m193[39;22m
  [33m2   [39m[39;1mvendor\laravel\framework\src\Illuminate\Events\Dispatcher.php[39;22m:[39;1m459[39;22m

  [31m────────────────────────────────────────────────────────────────────────────────────────────────────────────────────[39m  
  [41;1m FAILED [49;22m [1mTests\Feature\RealWorldVotingFlowTest[22m [90m>[39m complete voting flow from dashboard uses slug bas… [41;1m QueryException [49;22m  
[39;1m  SQLSTATE[42703]: Undefined column: 7 FEHLER:  Spalte »is_voter« von Relation »users« existiert nicht
LINE 1: ...egion", "organisation_id", "is_committee_member", "is_voter"...
                                                             ^ (Connection: pgsql, SQL: insert into "users" ("name", "email", "email_verified_at", "password", "remember_token", "region", "organisation_id", "is_committee_member", "is_voter", "can_vote", "has_voted", "id", "updated_at", "created_at") values (Arnulfo Brekke, jordi.bogan@example.net, 2026-05-31 08:57:53, $2y$10$92IXUNpkjO0rOQ5byMi.Ye4oKoEa3Ro9llC/.og/at2.uheWG/igi, IovJWjvkeq, Wisconsin, 2fb5b0dd-4f0b-4c9e-ae2c-a27050ef1560, 0, 1, 1, 0, a1e8ed65-2000-4591-be7e-18490dd8806c, 2026-05-31 08:57:53, 2026-05-31 08:57:53))[39;22m

  at [32mvendor\laravel\framework\src\Illuminate\Database\Connection.php[39m:[32m825[39m
    821▕                     $this->getName(), $query, $this->prepareBindings($bindings), $e
    822▕                 );
    823▕             }
    824▕ 
  ➜ 825▕             throw new QueryException(
    826▕                 $this->getName(), $query, $this->prepareBindings($bindings), $e
    827▕             );
    828▕         }
    829▕     }

  [33m1   [39m[39;1mvendor\laravel\framework\src\Illuminate\Database\Connection.php[39;22m:[39;1m825[39;22m

  [33m2   [39m[39;1mvendor\laravel\framework\src\Illuminate\Database\Connection.php[39;22m:[39;1m571[39;22m
  [90m    NunoMaduro\Collision\Exceptions\TestException::("SQLSTATE[42703]: Undefined column: 7 FEHLER:  Spalte »is_voter« von Relation »users« existiert nicht
LINE 1: ...egion", "organisation_id", "is_committee_member", "is_voter"...
                                                             ^")[39m

  [31m────────────────────────────────────────────────────────────────────────────────────────────────────────────────────[39m  
  [41;1m FAILED [49;22m [1mTests\Feature\RealWorldVotingFlowTest[22m [90m>[39m manual test of code submission behavior            [41;1m QueryException [49;22m  
[39;1m  SQLSTATE[42703]: Undefined column: 7 FEHLER:  Spalte »is_voter« von Relation »users« existiert nicht
LINE 1: ...egion", "organisation_id", "is_committee_member", "is_voter"...
                                                             ^ (Connection: pgsql, SQL: insert into "users" ("name", "email", "email_verified_at", "password", "remember_token", "region", "organisation_id", "is_committee_member", "is_voter", "can_vote", "has_voted", "id", "updated_at", "created_at") values (Lois Homenick, mherzog@example.org, 2026-05-31 08:57:53, $2y$10$92IXUNpkjO0rOQ5byMi.Ye4oKoEa3Ro9llC/.og/at2.uheWG/igi, G9FvZJNjMA, Ohio, 2fb5b0dd-4f0b-4c9e-ae2c-a27050ef1560, 0, 1, 1, 0, a1e8ed65-6545-4743-b74f-34ec64886b3a, 2026-05-31 08:57:53, 2026-05-31 08:57:53))[39;22m

  at [32mvendor\laravel\framework\src\Illuminate\Database\Connection.php[39m:[32m825[39m
    821▕                     $this->getName(), $query, $this->prepareBindings($bindings), $e
    822▕                 );
    823▕             }
    824▕ 
  ➜ 825▕             throw new QueryException(
    826▕                 $this->getName(), $query, $this->prepareBindings($bindings), $e
    827▕             );
    828▕         }
    829▕     }

  [33m1   [39m[39;1mvendor\laravel\framework\src\Illuminate\Database\Connection.php[39;22m:[39;1m825[39;22m

  [33m2   [39m[39;1mvendor\laravel\framework\src\Illuminate\Database\Connection.php[39;22m:[39;1m571[39;22m
  [90m    NunoMaduro\Collision\Exceptions\TestException::("SQLSTATE[42703]: Undefined column: 7 FEHLER:  Spalte »is_voter« von Relation »users« existiert nicht
LINE 1: ...egion", "organisation_id", "is_committee_member", "is_voter"...
                                                             ^")[39m

  [31m────────────────────────────────────────────────────────────────────────────────────────────────────────────────────[39m  
  [41;1m FAILED [49;22m [1mTests\Feature\RegionalCandidatesDisplayTest[22m [90m>[39m demo voting system integration               [41;1m QueryException [49;22m  
[39;1m  SQLSTATE[23502]: Not null violation: 7 FEHLER:  NULL-Wert in Spalte »id« von Relation »user_organisation_roles« verletzt Not-Null-Constraint
DETAIL:  Fehlgeschlagene Zeile enthält (null, a1e8ed67-5479-45bd-b830-8e0dd7283059, a1e8ed67-4729-4bed-b155-ef54091d481f, member, null, 2026-05-31 08:57:54, 2026-05-31 08:57:54). (Connection: pgsql, SQL: insert into "user_organisation_roles" ("created_at", "organisation_id", "updated_at", "user_id") values (2026-05-31 08:57:54, a1e8ed67-4729-4bed-b155-ef54091d481f, 2026-05-31 08:57:54, a1e8ed67-5479-45bd-b830-8e0dd7283059))[39;22m

  at [32mvendor\laravel\framework\src\Illuminate\Database\Connection.php[39m:[32m825[39m
    821▕                     $this->getName(), $query, $this->prepareBindings($bindings), $e
    822▕                 );
    823▕             }
    824▕ 
  ➜ 825▕             throw new QueryException(
    826▕                 $this->getName(), $query, $this->prepareBindings($bindings), $e
    827▕             );
    828▕         }
    829▕     }

  [33m1   [39m[39;1mvendor\laravel\framework\src\Illuminate\Database\Connection.php[39;22m:[39;1m825[39;22m

  [33m2   [39m[39;1mvendor\laravel\framework\src\Illuminate\Database\Connection.php[39;22m:[39;1m571[39;22m
  [90m    NunoMaduro\Collision\Exceptions\TestException::("SQLSTATE[23502]: Not null violation: 7 FEHLER:  NULL-Wert in Spalte »id« von Relation »user_organisation_roles« verletzt Not-Null-Constraint
DETAIL:  Fehlgeschlagene Zeile enthält (null, a1e8ed67-5479-45bd-b830-8e0dd7283059, a1e8ed67-4729-4bed-b155-ef54091d481f, member, null, 2026-05-31 08:57:54, 2026-05-31 08:57:54).")[39m

  [31m────────────────────────────────────────────────────────────────────────────────────────────────────────────────────[39m  
  [41;1m FAILED [49;22m [1mTests\Feature\RegistrationTest[22m [90m>[39m new users can register                                                      
[39;1m  The user is not authenticated
Failed asserting that false is true.[39;22m

  at [32mtests\Feature\RegistrationTest.php[39m:[32m32[39m
     28▕             'password_confirmation' => 'Password123!',
     29▕             'terms' => 'on',
     30▕         ]);
     31▕ 
  ➜  32▕         $this->assertAuthenticated();
     33▕         // Registered users redirect to dashboard (role-based via DashboardResolver)
     34▕         $response->assertRedirect();
     35▕     }
     36▕ }

  [31m────────────────────────────────────────────────────────────────────────────────────────────────────────────────────[39m  
  [41;1m FAILED [49;22m [1mTests\Feature\ResultCalculationTest[22m [90m>[39m results table has candidate id not candidacy id                        
[39;1m  results table should have candidate_id column
Failed asserting that an array contains 'candidate_id'.[39;22m

  at [32mtests\Feature\ResultCalculationTest.php[39m:[32m25[39m
     21▕     {
     22▕         $columns = \DB::getSchemaBuilder()->getColumnListing('results');
     23▕ 
     24▕         // ✅ Assert candidate_id exists
  ➜  25▕         $this->assertContains('candidate_id', $columns, 'results table should have candidate_id column');
     26▕ 
     27▕         // ✅ Assert candidacy_id does NOT exist
     28▕         $this->assertNotContains('candidacy_id', $columns, 'results table should NOT have candidacy_id column');
     29▕     }

  [33m1   [39m[39;1mtests\Feature\ResultCalculationTest.php[39;22m:[39;1m25[39;22m

  [31m────────────────────────────────────────────────────────────────────────────────────────────────────────────────────[39m  
  [41;1m FAILED [49;22m [1mTests\Feature\ResultCalculationTest[22m [90m>[39m results table has vote hash column                                     
[39;1m  results table should have vote_hash for verification
Failed asserting that an array contains 'vote_hash'.[39;22m

  at [32mtests\Feature\ResultCalculationTest.php[39m:[32m37[39m
     33▕     {
     34▕         $columns = \DB::getSchemaBuilder()->getColumnListing('results');
     35▕ 
     36▕         // ✅ Assert vote_hash exists for verification
  ➜  37▕         $this->assertContains('vote_hash', $columns, 'results table should have vote_hash for verification');
     38▕     }
     39▕ 
     40▕     /** @test */
     41▕     public function demo_results_table_uses_candidate_id()

  [33m1   [39m[39;1mtests\Feature\ResultCalculationTest.php[39;22m:[39;1m37[39;22m

  [31m────────────────────────────────────────────────────────────────────────────────────────────────────────────────────[39m  
  [41;1m FAILED [49;22m [1mTests\Feature\ResultCalculationTest[22m [90m>[39m demo results table uses candidate id                                   
[39;1m  demo_results table should have candidate_id column
Failed asserting that an array contains 'candidate_id'.[39;22m

  at [32mtests\Feature\ResultCalculationTest.php[39m:[32m46[39m
     42▕     {
     43▕         $columns = \DB::getSchemaBuilder()->getColumnListing('demo_results');
     44▕ 
     45▕         // ✅ Assert candidate_id exists
  ➜  46▕         $this->assertContains('candidate_id', $columns, 'demo_results table should have candidate_id column');
     47▕ 
     48▕         // ✅ Assert candidacy_id does NOT exist
     49▕         $this->assertNotContains('candidacy_id', $columns, 'demo_results table should NOT have candidacy_id column');
     50▕

  [33m1   [39m[39;1mtests\Feature\ResultCalculationTest.php[39;22m:[39;1m46[39;22m

  [31m────────────────────────────────────────────────────────────────────────────────────────────────────────────────────[39m  
  [41;1m FAILED [49;22m [1mTests\Feature\ResultCalculationTest[22m [90m>[39m base result model has for candidate scope                              
[39;1m  Result model should have forCandidate() scope method
Failed asserting that false is true.[39;22m

  at [32mtests\Feature\ResultCalculationTest.php[39m:[32m67[39m
     63▕     /** @test */
     64▕     public function base_result_model_has_for_candidate_scope()
     65▕     {
     66▕         // ✅ Assert forCandidate scope exists (NOT forCandidacy)
  ➜  67▕         $this->assertTrue(
     68▕             method_exists(Result::class, 'scopeForCandidate'),
     69▕             'Result model should have forCandidate() scope method'
     70▕         );
     71▕     }

  [33m1   [39m[39;1mtests\Feature\ResultCalculationTest.php[39;22m:[39;1m67[39;22m

  [31m────────────────────────────────────────────────────────────────────────────────────────────────────────────────────[39m  
  [41;1m FAILED [49;22m [1mTests\Feature\ResultCalculationTest[22m [90m>[39m base result model has top candidates method                            
[39;1m  Result model should have topCandidatesForPost() method
Failed asserting that false is true.[39;22m

  at [32mtests\Feature\ResultCalculationTest.php[39m:[32m78[39m
     74▕     public function base_result_model_has_top_candidates_method()
     75▕     {
     76▕         // ✅ Assert topCandidatesForPost method exists
     77▕         $result = new Result();
  ➜  78▕         $this->assertTrue(
     79▕             method_exists($result, 'topCandidatesForPost'),
     80▕             'Result model should have topCandidatesForPost() method'
     81▕         );
     82▕     }

  [33m1   [39m[39;1mtests\Feature\ResultCalculationTest.php[39;22m:[39;1m78[39;22m

  [31m────────────────────────────────────────────────────────────────────────────────────────────────────────────────────[39m  
  [41;1m FAILED [49;22m [1mTests\Feature\ResultCalculationTest[22m [90m>[39m result model has count for candidate method                            
[39;1m  Result model should have countForCandidate() static method
Failed asserting that false is true.[39;22m

  at [32mtests\Feature\ResultCalculationTest.php[39m:[32m88[39m
     84▕     /** @test */
     85▕     public function result_model_has_count_for_candidate_method()
     86▕     {
     87▕         // ✅ Assert countForCandidate static method exists
  ➜  88▕         $this->assertTrue(
     89▕             method_exists(Result::class, 'countForCandidate'),
     90▕             'Result model should have countForCandidate() static method'
     91▕         );
     92▕     }

  [33m1   [39m[39;1mtests\Feature\ResultCalculationTest.php[39;22m:[39;1m88[39;22m

  [31m────────────────────────────────────────────────────────────────────────────────────────────────────────────────────[39m  
  [41;1m FAILED [49;22m [1mTests\Feature\ResultCalculationTest[22m [90m>[39m results table has required audit columns                               
[39;1m  results should have vote_count for aggregation
Failed asserting that an array contains 'vote_count'.[39;22m

  at [32mtests\Feature\ResultCalculationTest.php[39m:[32m103[39m
     99▕         // ✅ Assert audit columns exist
    100▕         $this->assertContains('election_id', $columns, 'results should have election_id for audit');
    101▕         $this->assertContains('post_id', $columns, 'results should have post_id');
    102▕         $this->assertContains('vote_id', $columns, 'results should have vote_id');
  ➜ 103▕         $this->assertContains('vote_count', $columns, 'results should have vote_count for aggregation');
    104▕         $this->assertContains('vote_hash', $columns, 'results should have vote_hash for verification');
    105▕     }
    106▕ 
    107▕     /** @test */

  [33m1   [39m[39;1mtests\Feature\ResultCalculationTest.php[39;22m:[39;1m103[39;22m

  [31m────────────────────────────────────────────────────────────────────────────────────────────────────────────────────[39m  
  [41;1m FAILED [49;22m [1mTests\Feature\ResultCalculationTest[22m [90m>[39m result fillable includes candidate id                                  
[39;1m  candidate_id should be mass-assignable
Failed asserting that an array contains 'candidate_id'.[39;22m

  at [32mtests\Feature\ResultCalculationTest.php[39m:[32m114[39m
    110▕         // ✅ Assert candidate_id is mass-assignable
    111▕         $result = new Result();
    112▕         $fillable = $result->getFillable();
    113▕ 
  ➜ 114▕         $this->assertContains('candidate_id', $fillable, 'candidate_id should be mass-assignable');
    115▕     }
    116▕ 
    117▕     /** @test */
    118▕     public function result_fillable_includes_vote_hash()

  [33m1   [39m[39;1mtests\Feature\ResultCalculationTest.php[39;22m:[39;1m114[39;22m

  [31m────────────────────────────────────────────────────────────────────────────────────────────────────────────────────[39m  
  [41;1m FAILED [49;22m [1mTests\Feature\ResultCalculationTest[22m [90m>[39m result fillable includes vote hash                                     
[39;1m  vote_hash should be mass-assignable
Failed asserting that an array contains 'vote_hash'.[39;22m

  at [32mtests\Feature\ResultCalculationTest.php[39m:[32m124[39m
    120▕         // ✅ Assert vote_hash is mass-assignable
    121▕         $result = new Result();
    122▕         $fillable = $result->getFillable();
    123▕ 
  ➜ 124▕         $this->assertContains('vote_hash', $fillable, 'vote_hash should be mass-assignable');
    125▕     }
    126▕ 
    127▕     /** @test */
    128▕     public function result_fillable_excludes_candidacy_id()

  [33m1   [39m[39;1mtests\Feature\ResultCalculationTest.php[39;22m:[39;1m124[39;22m

  [31m────────────────────────────────────────────────────────────────────────────────────────────────────────────────────[39m  
  [41;1m FAILED [49;22m [1mTests\Feature\ResultCalculationTest[22m [90m>[39m result fillable excludes candidacy id                                  
[39;1m  candidacy_id should NOT be mass-assignable (use candidate_id)
Failed asserting that an array does not contain 'candidacy_id'.[39;22m

  at [32mtests\Feature\ResultCalculationTest.php[39m:[32m134[39m
    130▕         // ✅ Assert candidacy_id is NOT in fillable (use candidate_id instead)
    131▕         $result = new Result();
    132▕         $fillable = $result->getFillable();
    133▕ 
  ➜ 134▕         $this->assertNotContains('candidacy_id', $fillable, 'candidacy_id should NOT be mass-assignable (use candidate_id)');
    135▕     }
    136▕ 
    137▕     /** @test */
    138▕     public function demo_result_fillable_includes_candidate_id()

  [33m1   [39m[39;1mtests\Feature\ResultCalculationTest.php[39;22m:[39;1m134[39;22m

  [31m────────────────────────────────────────────────────────────────────────────────────────────────────────────────────[39m  
  [41;1m FAILED [49;22m [1mTests\Feature\ResultCalculationTest[22m [90m>[39m demo result fillable includes candidate id                             
[39;1m  DemoResult should have candidate_id mass-assignable
Failed asserting that an array contains 'candidate_id'.[39;22m

  at [32mtests\Feature\ResultCalculationTest.php[39m:[32m144[39m
    140▕         // ✅ Assert DemoResult also uses candidate_id
    141▕         $demoResult = new \App\Models\DemoResult();
    142▕         $fillable = $demoResult->getFillable();
    143▕ 
  ➜ 144▕         $this->assertContains('candidate_id', $fillable, 'DemoResult should have candidate_id mass-assignable');
    145▕     }
    146▕ 
    147▕     /** @test */
    148▕     public function result_model_has_for_post_scope()

  [33m1   [39m[39;1mtests\Feature\ResultCalculationTest.php[39;22m:[39;1m144[39;22m

  [31m────────────────────────────────────────────────────────────────────────────────────────────────────────────────────[39m  
  [41;1m FAILED [49;22m [1mTests\Feature\RouteBindingTest[22m [90m>[39m real slug has required properties                                           
[39;1m  Failed asserting that null is not null.[39;22m

  at [32mtests\Feature\RouteBindingTest.php[39m:[32m155[39m
    151▕     public function real_slug_has_required_properties()
    152▕     {
    153▕         $slug = VoterSlug::where('slug', $this->realSlug->slug)->first();
    154▕ 
  ➜ 155▕         $this->assertNotNull($slug);
    156▕         $this->assertEquals($this->realSlug->id, $slug->id);
    157▕         $this->assertNotNull($slug->user_id);
    158▕         $this->assertNotNull($slug->election_id);
    159▕     }

  [33m1   [39m[39;1mtests\Feature\RouteBindingTest.php[39;22m:[39;1m155[39;22m

  [31m────────────────────────────────────────────────────────────────────────────────────────────────────────────────────[39m  
  [41;1m FAILED [49;22m [1mTests\Feature\RouteBindingTest[22m [90m>[39m demo slug has platform organisation                                         
[39;1m  Failed asserting that null is not null.[39;22m

  at [32mtests\Feature\RouteBindingTest.php[39m:[32m171[39m
    167▕     public function demo_slug_has_platform_organisation()
    168▕     {
    169▕         $slug = DemoVoterSlug::where('slug', $this->demoSlug->slug)->first();
    170▕ 
  ➜ 171▕         $this->assertNotNull($slug);
    172▕         // Demo slug should have null or platform organisation_id
    173▕         $this->assertTrue(
    174▕             $slug->organisation_id === null || $slug->organisation_id === 1,
    175▕             'Demo slug should have null or platform organisation_id'

  [33m1   [39m[39;1mtests\Feature\RouteBindingTest.php[39;22m:[39;1m171[39;22m

  [31m────────────────────────────────────────────────────────────────────────────────────────────────────────────────────[39m  
  [41;1m FAILED [49;22m [1mTests\Feature\RouteBindingTest[22m [90m>[39m slug lookup is case sensitive                                               
[39;1m  Failed asserting that null is not null.[39;22m

  at [32mtests\Feature\RouteBindingTest.php[39m:[32m215[39m
    211▕     {
    212▕         $lowercase = VoterSlug::where('slug', strtolower($this->realSlug->slug))->first();
    213▕ 
    214▕         if (strtolower($this->realSlug->slug) === $this->realSlug->slug) {
  ➜ 215▕             $this->assertNotNull($lowercase);
    216▕         }
    217▕     }
    218▕ 
    219▕     /**

  [33m1   [39m[39;1mtests\Feature\RouteBindingTest.php[39;22m:[39;1m215[39;22m

  [31m────────────────────────────────────────────────────────────────────────────────────────────────────────────────────[39m  
  [41;1m FAILED [49;22m [1mTests\Feature\RouteBindingTest[22m [90m>[39m multiple slugs for different users a… [41;1m UniqueConstraintViolationException [49;22m  
[39;1m  SQLSTATE[23505]: Unique violation: 7 FEHLER:  doppelter Schlüsselwert verletzt Unique-Constraint »voter_slugs_election_id_user_id_unique«
DETAIL:  Schlüssel »(election_id, user_id)=(a1e8ed71-8d45-40fe-a42d-50f964ab1aea, a1e8ed71-7cdc-489e-a4ee-a556d0bd3b4a)« existiert bereits. (Connection: pgsql, SQL: insert into "voter_slugs" ("user_id", "slug", "election_id", "organisation_id", "expires_at", "is_active", "status", "id", "can_vote_now", "updated_at", "created_at") values (a1e8ed71-7cdc-489e-a4ee-a556d0bd3b4a, slug-set-1-6a1bf81950037, a1e8ed71-8d45-40fe-a42d-50f964ab1aea, 2fb5b0dd-4f0b-4c9e-ae2c-a27050ef1560, 2026-05-31 09:58:01, 1, active, a1e8ed71-a5bd-4d5b-b2dd-85cd46d44877, 1, 2026-05-31 08:58:01, 2026-05-31 08:58:01))[39;22m

  at [32mvendor\laravel\framework\src\Illuminate\Database\Connection.php[39m:[32m820[39m
    816▕         // message to include the bindings with SQL, which will make this exception a
    817▕         // lot more helpful to the developer instead of just the database's errors.
    818▕         catch (Exception $e) {
    819▕             if ($this->isUniqueConstraintError($e)) {
  ➜ 820▕                 throw new UniqueConstraintViolationException(
    821▕                     $this->getName(), $query, $this->prepareBindings($bindings), $e
    822▕                 );
    823▕             }
    824▕

  [33m1   [39m[39;1mvendor\laravel\framework\src\Illuminate\Database\Connection.php[39;22m:[39;1m820[39;22m

  [33m2   [39m[39;1mvendor\laravel\framework\src\Illuminate\Database\Connection.php[39;22m:[39;1m571[39;22m
  [90m    NunoMaduro\Collision\Exceptions\TestException::("SQLSTATE[23505]: Unique violation: 7 FEHLER:  doppelter Schlüsselwert verletzt Unique-Constraint »voter_slugs_election_id_user_id_unique«
DETAIL:  Schlüssel »(election_id, user_id)=(a1e8ed71-8d45-40fe-a42d-50f964ab1aea, a1e8ed71-7cdc-489e-a4ee-a556d0bd3b4a)« existiert bereits.")[39m

  [31m────────────────────────────────────────────────────────────────────────────────────────────────────────────────────[39m  
  [41;1m FAILED [49;22m [1mTests\Feature\RouteBindingTest[22m [90m>[39m inactive slug is still findable       [41;1m UniqueConstraintViolationException [49;22m  
[39;1m  SQLSTATE[23505]: Unique violation: 7 FEHLER:  doppelter Schlüsselwert verletzt Unique-Constraint »voter_slugs_election_id_user_id_unique«
DETAIL:  Schlüssel »(election_id, user_id)=(a1e8ed72-1c2e-4dbd-b217-fc8d308b0394, a1e8ed72-0ad3-4ea1-b4d5-c5935e94d092)« existiert bereits. (Connection: pgsql, SQL: insert into "voter_slugs" ("user_id", "slug", "election_id", "organisation_id", "expires_at", "is_active", "status", "id", "can_vote_now", "updated_at", "created_at") values (a1e8ed72-0ad3-4ea1-b4d5-c5935e94d092, inactive-slug-6a1bf8199e35a, a1e8ed72-1c2e-4dbd-b217-fc8d308b0394, 2fb5b0dd-4f0b-4c9e-ae2c-a27050ef1560, 2026-05-31 09:58:01, 0, active, a1e8ed72-22de-4d65-ad74-b54ac2f304ca, 1, 2026-05-31 08:58:01, 2026-05-31 08:58:01))[39;22m

  at [32mvendor\laravel\framework\src\Illuminate\Database\Connection.php[39m:[32m820[39m
    816▕         // message to include the bindings with SQL, which will make this exception a
    817▕         // lot more helpful to the developer instead of just the database's errors.
    818▕         catch (Exception $e) {
    819▕             if ($this->isUniqueConstraintError($e)) {
  ➜ 820▕                 throw new UniqueConstraintViolationException(
    821▕                     $this->getName(), $query, $this->prepareBindings($bindings), $e
    822▕                 );
    823▕             }
    824▕

  [33m1   [39m[39;1mvendor\laravel\framework\src\Illuminate\Database\Connection.php[39;22m:[39;1m820[39;22m

  [33m2   [39m[39;1mvendor\laravel\framework\src\Illuminate\Database\Connection.php[39;22m:[39;1m571[39;22m
  [90m    NunoMaduro\Collision\Exceptions\TestException::("SQLSTATE[23505]: Unique violation: 7 FEHLER:  doppelter Schlüsselwert verletzt Unique-Constraint »voter_slugs_election_id_user_id_unique«
DETAIL:  Schlüssel »(election_id, user_id)=(a1e8ed72-1c2e-4dbd-b217-fc8d308b0394, a1e8ed72-0ad3-4ea1-b4d5-c5935e94d092)« existiert bereits.")[39m

  [31m────────────────────────────────────────────────────────────────────────────────────────────────────────────────────[39m  
  [41;1m FAILED [49;22m [1mTests\Feature\RouteBindingTest[22m [90m>[39m slug lookup returns single result                                           
[39;1m  Slug should be unique or only one should exist
Failed asserting that actual size 0 matches expected size 1.[39;22m

  at [32mtests\Feature\RouteBindingTest.php[39m:[32m335[39m
    331▕     public function slug_lookup_returns_single_result()
    332▕     {
    333▕         $slugs = VoterSlug::where('slug', $this->realSlug->slug)->get();
    334▕ 
  ➜ 335▕         $this->assertCount(1, $slugs, 'Slug should be unique or only one should exist');
    336▕     }
    337▕ 
    338▕     /**
    339▕      * TEST 16: Slug column has database index (MySQL)

  [33m1   [39m[39;1mtests\Feature\RouteBindingTest.php[39;22m:[39;1m335[39;22m

  [31m────────────────────────────────────────────────────────────────────────────────────────────────────────────────────[39m  
  [41;1m FAILED [49;22m [1mTests\Feature\Routes\VoterSlugRouteBindingTest[22m [90m>[39m voter routes exist                                          
[39;1m  Voter slug routes should exist
Failed asserting that an array is not empty.[39;22m

  at [32mtests\Feature\Routes\VoterSlugRouteBindingTest.php[39m:[32m29[39m
     25▕             return strpos($uri, '/v/') === 0;
     26▕         });
     27▕ 
     28▕         // Should have voter slug routes
  ➜  29▕         $this->assertNotEmpty($voterRoutes, 'Voter slug routes should exist');
     30▕     }
     31▕ 
     32▕     /**
     33▕      * Test demo election voter flow route exists.

  [33m1   [39m[39;1mtests\Feature\Routes\VoterSlugRouteBindingTest.php[39;22m:[39;1m29[39;22m

  [31m────────────────────────────────────────────────────────────────────────────────────────────────────────────────────[39m  
  [41;1m FAILED [49;22m [1mTests\Feature\Routes\VoterSlugRouteBindingTest[22m [90m>[39m demo election voter flow routes exist                       
[39;1m  Demo voter routes should exist
Failed asserting that an array is not empty.[39;22m

  at [32mtests\Feature\Routes\VoterSlugRouteBindingTest.php[39m:[32m45[39m
     41▕             return strpos($uri, '/demo/') === 0 || strpos($uri, '/v/') === 0;
     42▕         });
     43▕ 
     44▕         // Should have some demo voter routes
  ➜  45▕         $this->assertNotEmpty($demoVoterRoutes, 'Demo voter routes should exist');
     46▕     }
     47▕ 
     48▕     /**
     49▕      * Test that invalid route returns 404.

  [33m1   [39m[39;1mtests\Feature\Routes\VoterSlugRouteBindingTest.php[39;22m:[39;1m45[39;22m

  [31m────────────────────────────────────────────────────────────────────────────────────────────────────────────────────[39m  
  [41;1m FAILED [49;22m [1mTests\Feature\Security\VoterControllerPenetrationTest[22m [90m>[39m it prevents sql injection… [41;1m BadMethodCallException [49;22m  
[39;1m  Call to undefined method Illuminate\Database\Eloquent\Relations\HasMany::attach()[39;22m

  at [32mvendor\laravel\framework\src\Illuminate\Support\Traits\ForwardsCalls.php[39m:[32m67[39m
     63▕      * @throws \BadMethodCallException
     64▕      */
     65▕     protected static function throwBadMethodCallException($method)
     66▕     {
  ➜  67▕         throw new BadMethodCallException(sprintf(
     68▕             'Call to undefined method %s::%s()', static::class, $method
     69▕         ));
     70▕     }
     71▕ }

  [33m1   [39m[39;1mvendor\laravel\framework\src\Illuminate\Support\Traits\ForwardsCalls.php[39;22m:[39;1m67[39;22m
  [33m2   [39m[39;1mvendor\laravel\framework\src\Illuminate\Support\Traits\ForwardsCalls.php[39;22m:[39;1m36[39;22m

  [31m────────────────────────────────────────────────────────────────────────────────────────────────────────────────────[39m  
  [41;1m FAILED [49;22m [1mTests\Feature\Security\VoterControllerPenetrationTest[22m [90m>[39m it prevents sql injection… [41;1m BadMethodCallException [49;22m  
[39;1m  Call to undefined method Illuminate\Database\Eloquent\Relations\HasMany::attach()[39;22m

  at [32mvendor\laravel\framework\src\Illuminate\Support\Traits\ForwardsCalls.php[39m:[32m67[39m
     63▕      * @throws \BadMethodCallException
     64▕      */
     65▕     protected static function throwBadMethodCallException($method)
     66▕     {
  ➜  67▕         throw new BadMethodCallException(sprintf(
     68▕             'Call to undefined method %s::%s()', static::class, $method
     69▕         ));
     70▕     }
     71▕ }

  [33m1   [39m[39;1mvendor\laravel\framework\src\Illuminate\Support\Traits\ForwardsCalls.php[39;22m:[39;1m67[39;22m
  [33m2   [39m[39;1mvendor\laravel\framework\src\Illuminate\Support\Traits\ForwardsCalls.php[39;22m:[39;1m36[39;22m

  [31m────────────────────────────────────────────────────────────────────────────────────────────────────────────────────[39m  
  [41;1m FAILED [49;22m [1mTests\Feature\Security\VoterControllerPenetrationTest[22m [90m>[39m it prevents xss in search… [41;1m BadMethodCallException [49;22m  
[39;1m  Call to undefined method Illuminate\Database\Eloquent\Relations\HasMany::attach()[39;22m

  at [32mvendor\laravel\framework\src\Illuminate\Support\Traits\ForwardsCalls.php[39m:[32m67[39m
     63▕      * @throws \BadMethodCallException
     64▕      */
     65▕     protected static function throwBadMethodCallException($method)
     66▕     {
  ➜  67▕         throw new BadMethodCallException(sprintf(
     68▕             'Call to undefined method %s::%s()', static::class, $method
     69▕         ));
     70▕     }
     71▕ }

  [33m1   [39m[39;1mvendor\laravel\framework\src\Illuminate\Support\Traits\ForwardsCalls.php[39;22m:[39;1m67[39;22m
  [33m2   [39m[39;1mvendor\laravel\framework\src\Illuminate\Support\Traits\ForwardsCalls.php[39;22m:[39;1m36[39;22m

  [31m────────────────────────────────────────────────────────────────────────────────────────────────────────────────────[39m  
  [41;1m FAILED [49;22m [1mTests\Feature\Security\VoterControllerPenetrationTest[22m [90m>[39m it requires valid csrf to… [41;1m BadMethodCallException [49;22m  
[39;1m  Call to undefined method Illuminate\Database\Eloquent\Relations\HasMany::attach()[39;22m

  at [32mvendor\laravel\framework\src\Illuminate\Support\Traits\ForwardsCalls.php[39m:[32m67[39m
     63▕      * @throws \BadMethodCallException
     64▕      */
     65▕     protected static function throwBadMethodCallException($method)
     66▕     {
  ➜  67▕         throw new BadMethodCallException(sprintf(
     68▕             'Call to undefined method %s::%s()', static::class, $method
     69▕         ));
     70▕     }
     71▕ }

  [33m1   [39m[39;1mvendor\laravel\framework\src\Illuminate\Support\Traits\ForwardsCalls.php[39;22m:[39;1m67[39;22m
  [33m2   [39m[39;1mvendor\laravel\framework\src\Illuminate\Support\Traits\ForwardsCalls.php[39;22m:[39;1m36[39;22m

  [31m────────────────────────────────────────────────────────────────────────────────────────────────────────────────────[39m  
  [41;1m FAILED [49;22m [1mTests\Feature\Security\VoterControllerPenetrationTest[22m [90m>[39m it prevents authorization… [41;1m BadMethodCallException [49;22m  
[39;1m  Call to undefined method Illuminate\Database\Eloquent\Relations\HasMany::attach()[39;22m

  at [32mvendor\laravel\framework\src\Illuminate\Support\Traits\ForwardsCalls.php[39m:[32m67[39m
     63▕      * @throws \BadMethodCallException
     64▕      */
     65▕     protected static function throwBadMethodCallException($method)
     66▕     {
  ➜  67▕         throw new BadMethodCallException(sprintf(
     68▕             'Call to undefined method %s::%s()', static::class, $method
     69▕         ));
     70▕     }
     71▕ }

  [33m1   [39m[39;1mvendor\laravel\framework\src\Illuminate\Support\Traits\ForwardsCalls.php[39;22m:[39;1m67[39;22m
  [33m2   [39m[39;1mvendor\laravel\framework\src\Illuminate\Support\Traits\ForwardsCalls.php[39;22m:[39;1m36[39;22m

  [31m────────────────────────────────────────────────────────────────────────────────────────────────────────────────────[39m  
  [41;1m FAILED [49;22m [1mTests\Feature\Security\VoterControllerPenetrationTest[22m [90m>[39m it prevents privilege esc… [41;1m BadMethodCallException [49;22m  
[39;1m  Call to undefined method Illuminate\Database\Eloquent\Relations\HasMany::attach()[39;22m

  at [32mvendor\laravel\framework\src\Illuminate\Support\Traits\ForwardsCalls.php[39m:[32m67[39m
     63▕      * @throws \BadMethodCallException
     64▕      */
     65▕     protected static function throwBadMethodCallException($method)
     66▕     {
  ➜  67▕         throw new BadMethodCallException(sprintf(
     68▕             'Call to undefined method %s::%s()', static::class, $method
     69▕         ));
     70▕     }
     71▕ }

  [33m1   [39m[39;1mvendor\laravel\framework\src\Illuminate\Support\Traits\ForwardsCalls.php[39;22m:[39;1m67[39;22m
  [33m2   [39m[39;1mvendor\laravel\framework\src\Illuminate\Support\Traits\ForwardsCalls.php[39;22m:[39;1m36[39;22m

  [31m────────────────────────────────────────────────────────────────────────────────────────────────────────────────────[39m  
  [41;1m FAILED [49;22m [1mTests\Feature\Security\VoterControllerPenetrationTest[22m [90m>[39m it prevents mass assignme… [41;1m BadMethodCallException [49;22m  
[39;1m  Call to undefined method Illuminate\Database\Eloquent\Relations\HasMany::attach()[39;22m

  at [32mvendor\laravel\framework\src\Illuminate\Support\Traits\ForwardsCalls.php[39m:[32m67[39m
     63▕      * @throws \BadMethodCallException
     64▕      */
     65▕     protected static function throwBadMethodCallException($method)
     66▕     {
  ➜  67▕         throw new BadMethodCallException(sprintf(
     68▕             'Call to undefined method %s::%s()', static::class, $method
     69▕         ));
     70▕     }
     71▕ }

  [33m1   [39m[39;1mvendor\laravel\framework\src\Illuminate\Support\Traits\ForwardsCalls.php[39;22m:[39;1m67[39;22m
  [33m2   [39m[39;1mvendor\laravel\framework\src\Illuminate\Support\Traits\ForwardsCalls.php[39;22m:[39;1m36[39;22m

  [31m────────────────────────────────────────────────────────────────────────────────────────────────────────────────────[39m  
  [41;1m FAILED [49;22m [1mTests\Feature\Security\VoterControllerPenetrationTest[22m [90m>[39m it prevents insecure dire… [41;1m BadMethodCallException [49;22m  
[39;1m  Call to undefined method Illuminate\Database\Eloquent\Relations\HasMany::attach()[39;22m

  at [32mvendor\laravel\framework\src\Illuminate\Support\Traits\ForwardsCalls.php[39m:[32m67[39m
     63▕      * @throws \BadMethodCallException
     64▕      */
     65▕     protected static function throwBadMethodCallException($method)
     66▕     {
  ➜  67▕         throw new BadMethodCallException(sprintf(
     68▕             'Call to undefined method %s::%s()', static::class, $method
     69▕         ));
     70▕     }
     71▕ }

  [33m1   [39m[39;1mvendor\laravel\framework\src\Illuminate\Support\Traits\ForwardsCalls.php[39;22m:[39;1m67[39;22m
  [33m2   [39m[39;1mvendor\laravel\framework\src\Illuminate\Support\Traits\ForwardsCalls.php[39;22m:[39;1m36[39;22m

  [31m────────────────────────────────────────────────────────────────────────────────────────────────────────────────────[39m  
  [41;1m FAILED [49;22m [1mTests\Feature\Security\VoterControllerPenetrationTest[22m [90m>[39m it validates organization… [41;1m BadMethodCallException [49;22m  
[39;1m  Call to undefined method Illuminate\Database\Eloquent\Relations\HasMany::attach()[39;22m

  at [32mvendor\laravel\framework\src\Illuminate\Support\Traits\ForwardsCalls.php[39m:[32m67[39m
     63▕      * @throws \BadMethodCallException
     64▕      */
     65▕     protected static function throwBadMethodCallException($method)
     66▕     {
  ➜  67▕         throw new BadMethodCallException(sprintf(
     68▕             'Call to undefined method %s::%s()', static::class, $method
     69▕         ));
     70▕     }
     71▕ }

  [33m1   [39m[39;1mvendor\laravel\framework\src\Illuminate\Support\Traits\ForwardsCalls.php[39;22m:[39;1m67[39;22m
  [33m2   [39m[39;1mvendor\laravel\framework\src\Illuminate\Support\Traits\ForwardsCalls.php[39;22m:[39;1m36[39;22m

  [31m────────────────────────────────────────────────────────────────────────────────────────────────────────────────────[39m  
  [41;1m FAILED [49;22m [1mTests\Feature\Security\VoterControllerPenetrationTest[22m [90m>[39m it prevents command injec… [41;1m BadMethodCallException [49;22m  
[39;1m  Call to undefined method Illuminate\Database\Eloquent\Relations\HasMany::attach()[39;22m

  at [32mvendor\laravel\framework\src\Illuminate\Support\Traits\ForwardsCalls.php[39m:[32m67[39m
     63▕      * @throws \BadMethodCallException
     64▕      */
     65▕     protected static function throwBadMethodCallException($method)
     66▕     {
  ➜  67▕         throw new BadMethodCallException(sprintf(
     68▕             'Call to undefined method %s::%s()', static::class, $method
     69▕         ));
     70▕     }
     71▕ }

  [33m1   [39m[39;1mvendor\laravel\framework\src\Illuminate\Support\Traits\ForwardsCalls.php[39;22m:[39;1m67[39;22m
  [33m2   [39m[39;1mvendor\laravel\framework\src\Illuminate\Support\Traits\ForwardsCalls.php[39;22m:[39;1m36[39;22m

  [31m────────────────────────────────────────────────────────────────────────────────────────────────────────────────────[39m  
  [41;1m FAILED [49;22m [1mTests\Feature\Security\VoterControllerPenetrationTest[22m [90m>[39m it prevents path traversa… [41;1m BadMethodCallException [49;22m  
[39;1m  Call to undefined method Illuminate\Database\Eloquent\Relations\HasMany::attach()[39;22m

  at [32mvendor\laravel\framework\src\Illuminate\Support\Traits\ForwardsCalls.php[39m:[32m67[39m
     63▕      * @throws \BadMethodCallException
     64▕      */
     65▕     protected static function throwBadMethodCallException($method)
     66▕     {
  ➜  67▕         throw new BadMethodCallException(sprintf(
     68▕             'Call to undefined method %s::%s()', static::class, $method
     69▕         ));
     70▕     }
     71▕ }

  [33m1   [39m[39;1mvendor\laravel\framework\src\Illuminate\Support\Traits\ForwardsCalls.php[39;22m:[39;1m67[39;22m
  [33m2   [39m[39;1mvendor\laravel\framework\src\Illuminate\Support\Traits\ForwardsCalls.php[39;22m:[39;1m36[39;22m

  [31m────────────────────────────────────────────────────────────────────────────────────────────────────────────────────[39m  
  [41;1m FAILED [49;22m [1mTests\Feature\Security\VoterControllerPenetrationTest[22m [90m>[39m it prevents authenticatio… [41;1m BadMethodCallException [49;22m  
[39;1m  Call to undefined method Illuminate\Database\Eloquent\Relations\HasMany::attach()[39;22m

  at [32mvendor\laravel\framework\src\Illuminate\Support\Traits\ForwardsCalls.php[39m:[32m67[39m
     63▕      * @throws \BadMethodCallException
     64▕      */
     65▕     protected static function throwBadMethodCallException($method)
     66▕     {
  ➜  67▕         throw new BadMethodCallException(sprintf(
     68▕             'Call to undefined method %s::%s()', static::class, $method
     69▕         ));
     70▕     }
     71▕ }

  [33m1   [39m[39;1mvendor\laravel\framework\src\Illuminate\Support\Traits\ForwardsCalls.php[39;22m:[39;1m67[39;22m
  [33m2   [39m[39;1mvendor\laravel\framework\src\Illuminate\Support\Traits\ForwardsCalls.php[39;22m:[39;1m36[39;22m

  [31m────────────────────────────────────────────────────────────────────────────────────────────────────────────────────[39m  
  [41;1m FAILED [49;22m [1mTests\Feature\Security\VoterControllerPenetrationTest[22m [90m>[39m it prevents session fixat… [41;1m BadMethodCallException [49;22m  
[39;1m  Call to undefined method Illuminate\Database\Eloquent\Relations\HasMany::attach()[39;22m

  at [32mvendor\laravel\framework\src\Illuminate\Support\Traits\ForwardsCalls.php[39m:[32m67[39m
     63▕      * @throws \BadMethodCallException
     64▕      */
     65▕     protected static function throwBadMethodCallException($method)
     66▕     {
  ➜  67▕         throw new BadMethodCallException(sprintf(
     68▕             'Call to undefined method %s::%s()', static::class, $method
     69▕         ));
     70▕     }
     71▕ }

  [33m1   [39m[39;1mvendor\laravel\framework\src\Illuminate\Support\Traits\ForwardsCalls.php[39;22m:[39;1m67[39;22m
  [33m2   [39m[39;1mvendor\laravel\framework\src\Illuminate\Support\Traits\ForwardsCalls.php[39;22m:[39;1m36[39;22m

  [31m────────────────────────────────────────────────────────────────────────────────────────────────────────────────────[39m  
  [41;1m FAILED [49;22m [1mTests\Feature\Security\VoterControllerPenetrationTest[22m [90m>[39m it handles business logic… [41;1m BadMethodCallException [49;22m  
[39;1m  Call to undefined method Illuminate\Database\Eloquent\Relations\HasMany::attach()[39;22m

  at [32mvendor\laravel\framework\src\Illuminate\Support\Traits\ForwardsCalls.php[39m:[32m67[39m
     63▕      * @throws \BadMethodCallException
     64▕      */
     65▕     protected static function throwBadMethodCallException($method)
     66▕     {
  ➜  67▕         throw new BadMethodCallException(sprintf(
     68▕             'Call to undefined method %s::%s()', static::class, $method
     69▕         ));
     70▕     }
     71▕ }

  [33m1   [39m[39;1mvendor\laravel\framework\src\Illuminate\Support\Traits\ForwardsCalls.php[39;22m:[39;1m67[39;22m
  [33m2   [39m[39;1mvendor\laravel\framework\src\Illuminate\Support\Traits\ForwardsCalls.php[39;22m:[39;1m36[39;22m

  [31m────────────────────────────────────────────────────────────────────────────────────────────────────────────────────[39m  
  [41;1m FAILED [49;22m [1mTests\Feature\Security\VoterControllerPenetrationTest[22m [90m>[39m it sanitizes user input    [41;1m BadMethodCallException [49;22m  
[39;1m  Call to undefined method Illuminate\Database\Eloquent\Relations\HasMany::attach()[39;22m

  at [32mvendor\laravel\framework\src\Illuminate\Support\Traits\ForwardsCalls.php[39m:[32m67[39m
     63▕      * @throws \BadMethodCallException
     64▕      */
     65▕     protected static function throwBadMethodCallException($method)
     66▕     {
  ➜  67▕         throw new BadMethodCallException(sprintf(
     68▕             'Call to undefined method %s::%s()', static::class, $method
     69▕         ));
     70▕     }
     71▕ }

  [33m1   [39m[39;1mvendor\laravel\framework\src\Illuminate\Support\Traits\ForwardsCalls.php[39;22m:[39;1m67[39;22m
  [33m2   [39m[39;1mvendor\laravel\framework\src\Illuminate\Support\Traits\ForwardsCalls.php[39;22m:[39;1m36[39;22m

  [31m────────────────────────────────────────────────────────────────────────────────────────────────────────────────────[39m  
  [41;1m FAILED [49;22m [1mTests\Feature\Security\VoterControllerPenetrationTest[22m [90m>[39m it prevents type juggling… [41;1m BadMethodCallException [49;22m  
[39;1m  Call to undefined method Illuminate\Database\Eloquent\Relations\HasMany::attach()[39;22m

  at [32mvendor\laravel\framework\src\Illuminate\Support\Traits\ForwardsCalls.php[39m:[32m67[39m
     63▕      * @throws \BadMethodCallException
     64▕      */
     65▕     protected static function throwBadMethodCallException($method)
     66▕     {
  ➜  67▕         throw new BadMethodCallException(sprintf(
     68▕             'Call to undefined method %s::%s()', static::class, $method
     69▕         ));
     70▕     }
     71▕ }

  [33m1   [39m[39;1mvendor\laravel\framework\src\Illuminate\Support\Traits\ForwardsCalls.php[39;22m:[39;1m67[39;22m
  [33m2   [39m[39;1mvendor\laravel\framework\src\Illuminate\Support\Traits\ForwardsCalls.php[39;22m:[39;1m36[39;22m

  [31m────────────────────────────────────────────────────────────────────────────────────────────────────────────────────[39m  
  [41;1m FAILED [49;22m [1mTests\Feature\Security\VoterControllerPenetrationTest[22m [90m>[39m it validates http method   [41;1m BadMethodCallException [49;22m  
[39;1m  Call to undefined method Illuminate\Database\Eloquent\Relations\HasMany::attach()[39;22m

  at [32mvendor\laravel\framework\src\Illuminate\Support\Traits\ForwardsCalls.php[39m:[32m67[39m
     63▕      * @throws \BadMethodCallException
     64▕      */
     65▕     protected static function throwBadMethodCallException($method)
     66▕     {
  ➜  67▕         throw new BadMethodCallException(sprintf(
     68▕             'Call to undefined method %s::%s()', static::class, $method
     69▕         ));
     70▕     }
     71▕ }

  [33m1   [39m[39;1mvendor\laravel\framework\src\Illuminate\Support\Traits\ForwardsCalls.php[39;22m:[39;1m67[39;22m
  [33m2   [39m[39;1mvendor\laravel\framework\src\Illuminate\Support\Traits\ForwardsCalls.php[39;22m:[39;1m36[39;22m

  [31m────────────────────────────────────────────────────────────────────────────────────────────────────────────────────[39m  
  [41;1m FAILED [49;22m [1mTests\Feature\Security\VoterControllerPenetrationTest[22m [90m>[39m it prevents open redirect… [41;1m BadMethodCallException [49;22m  
[39;1m  Call to undefined method Illuminate\Database\Eloquent\Relations\HasMany::attach()[39;22m

  at [32mvendor\laravel\framework\src\Illuminate\Support\Traits\ForwardsCalls.php[39m:[32m67[39m
     63▕      * @throws \BadMethodCallException
     64▕      */
     65▕     protected static function throwBadMethodCallException($method)
     66▕     {
  ➜  67▕         throw new BadMethodCallException(sprintf(
     68▕             'Call to undefined method %s::%s()', static::class, $method
     69▕         ));
     70▕     }
     71▕ }

  [33m1   [39m[39;1mvendor\laravel\framework\src\Illuminate\Support\Traits\ForwardsCalls.php[39;22m:[39;1m67[39;22m
  [33m2   [39m[39;1mvendor\laravel\framework\src\Illuminate\Support\Traits\ForwardsCalls.php[39;22m:[39;1m36[39;22m

  [31m────────────────────────────────────────────────────────────────────────────────────────────────────────────────────[39m  
  [41;1m FAILED [49;22m [1mTests\Feature\Security\VoterControllerPenetrationTest[22m [90m>[39m it should rate limit sens… [41;1m BadMethodCallException [49;22m  
[39;1m  Call to undefined method Illuminate\Database\Eloquent\Relations\HasMany::attach()[39;22m

  at [32mvendor\laravel\framework\src\Illuminate\Support\Traits\ForwardsCalls.php[39m:[32m67[39m
     63▕      * @throws \BadMethodCallException
     64▕      */
     65▕     protected static function throwBadMethodCallException($method)
     66▕     {
  ➜  67▕         throw new BadMethodCallException(sprintf(
     68▕             'Call to undefined method %s::%s()', static::class, $method
     69▕         ));
     70▕     }
     71▕ }

  [33m1   [39m[39;1mvendor\laravel\framework\src\Illuminate\Support\Traits\ForwardsCalls.php[39;22m:[39;1m67[39;22m
  [33m2   [39m[39;1mvendor\laravel\framework\src\Illuminate\Support\Traits\ForwardsCalls.php[39;22m:[39;1m36[39;22m

  [31m────────────────────────────────────────────────────────────────────────────────────────────────────────────────────[39m  
  [41;1m FAILED [49;22m [1mTests\Feature\Security\VoterControllerPenetrationTest[22m [90m>[39m it does not expose sensit… [41;1m BadMethodCallException [49;22m  
[39;1m  Call to undefined method Illuminate\Database\Eloquent\Relations\HasMany::attach()[39;22m

  at [32mvendor\laravel\framework\src\Illuminate\Support\Traits\ForwardsCalls.php[39m:[32m67[39m
     63▕      * @throws \BadMethodCallException
     64▕      */
     65▕     protected static function throwBadMethodCallException($method)
     66▕     {
  ➜  67▕         throw new BadMethodCallException(sprintf(
     68▕             'Call to undefined method %s::%s()', static::class, $method
     69▕         ));
     70▕     }
     71▕ }

  [33m1   [39m[39;1mvendor\laravel\framework\src\Illuminate\Support\Traits\ForwardsCalls.php[39;22m:[39;1m67[39;22m
  [33m2   [39m[39;1mvendor\laravel\framework\src\Illuminate\Support\Traits\ForwardsCalls.php[39;22m:[39;1m36[39;22m

  [31m────────────────────────────────────────────────────────────────────────────────────────────────────────────────────[39m  
  [41;1m FAILED [49;22m [1mTests\Feature\Security\VoterControllerPenetrationTest[22m [90m>[39m it should include securit… [41;1m BadMethodCallException [49;22m  
[39;1m  Call to undefined method Illuminate\Database\Eloquent\Relations\HasMany::attach()[39;22m

  at [32mvendor\laravel\framework\src\Illuminate\Support\Traits\ForwardsCalls.php[39m:[32m67[39m
     63▕      * @throws \BadMethodCallException
     64▕      */
     65▕     protected static function throwBadMethodCallException($method)
     66▕     {
  ➜  67▕         throw new BadMethodCallException(sprintf(
     68▕             'Call to undefined method %s::%s()', static::class, $method
     69▕         ));
     70▕     }
     71▕ }

  [33m1   [39m[39;1mvendor\laravel\framework\src\Illuminate\Support\Traits\ForwardsCalls.php[39;22m:[39;1m67[39;22m
  [33m2   [39m[39;1mvendor\laravel\framework\src\Illuminate\Support\Traits\ForwardsCalls.php[39;22m:[39;1m36[39;22m

  [31m────────────────────────────────────────────────────────────────────────────────────────────────────────────────────[39m  
  [41;1m FAILED [49;22m [1mTests\Feature\Security\VoterControllerPenetrationTest[22m [90m>[39m it handles concurrent mod… [41;1m BadMethodCallException [49;22m  
[39;1m  Call to undefined method Illuminate\Database\Eloquent\Relations\HasMany::attach()[39;22m

  at [32mvendor\laravel\framework\src\Illuminate\Support\Traits\ForwardsCalls.php[39m:[32m67[39m
     63▕      * @throws \BadMethodCallException
     64▕      */
     65▕     protected static function throwBadMethodCallException($method)
     66▕     {
  ➜  67▕         throw new BadMethodCallException(sprintf(
     68▕             'Call to undefined method %s::%s()', static::class, $method
     69▕         ));
     70▕     }
     71▕ }

  [33m1   [39m[39;1mvendor\laravel\framework\src\Illuminate\Support\Traits\ForwardsCalls.php[39;22m:[39;1m67[39;22m
  [33m2   [39m[39;1mvendor\laravel\framework\src\Illuminate\Support\Traits\ForwardsCalls.php[39;22m:[39;1m36[39;22m

  [31m────────────────────────────────────────────────────────────────────────────────────────────────────────────────────[39m  
  [41;1m FAILED [49;22m [1mTests\Feature\Security\VoterControllerPenetrationTest[22m [90m>[39m it limits bulk operation…  [41;1m BadMethodCallException [49;22m  
[39;1m  Call to undefined method Illuminate\Database\Eloquent\Relations\HasMany::attach()[39;22m

  at [32mvendor\laravel\framework\src\Illuminate\Support\Traits\ForwardsCalls.php[39m:[32m67[39m
     63▕      * @throws \BadMethodCallException
     64▕      */
     65▕     protected static function throwBadMethodCallException($method)
     66▕     {
  ➜  67▕         throw new BadMethodCallException(sprintf(
     68▕             'Call to undefined method %s::%s()', static::class, $method
     69▕         ));
     70▕     }
     71▕ }

  [33m1   [39m[39;1mvendor\laravel\framework\src\Illuminate\Support\Traits\ForwardsCalls.php[39;22m:[39;1m67[39;22m
  [33m2   [39m[39;1mvendor\laravel\framework\src\Illuminate\Support\Traits\ForwardsCalls.php[39;22m:[39;1m36[39;22m

  [31m────────────────────────────────────────────────────────────────────────────────────────────────────────────────────[39m  
  [41;1m FAILED [49;22m [1mTests\Feature\Seeders\DemoCandidacySeederTest[22m [90m>[39m demo candidacy seeder creates candidates   [41;1m QueryException [49;22m  
[39;1m  SQLSTATE[42703]: Undefined column: 7 FEHLER:  Spalte »post_id« existiert nicht
LINE 1: select * from "posts" where ("post_id" = $1) and "posts"."de...
                                     ^ (Connection: pgsql, SQL: select * from "posts" where ("post_id" = president-a1e8ed7d-1b85-4f5d-b033-55af260cf62e) and "posts"."deleted_at" is null and "posts"."organisation_id" is null limit 1)[39;22m

  at [32mvendor\laravel\framework\src\Illuminate\Database\Connection.php[39m:[32m825[39m
    821▕                     $this->getName(), $query, $this->prepareBindings($bindings), $e
    822▕                 );
    823▕             }
    824▕ 
  ➜ 825▕             throw new QueryException(
    826▕                 $this->getName(), $query, $this->prepareBindings($bindings), $e
    827▕             );
    828▕         }
    829▕     }

  [33m1   [39m[39;1mvendor\laravel\framework\src\Illuminate\Database\Connection.php[39;22m:[39;1m825[39;22m

  [33m2   [39m[39;1mvendor\laravel\framework\src\Illuminate\Database\Connection.php[39;22m:[39;1m412[39;22m
  [90m    NunoMaduro\Collision\Exceptions\TestException::("SQLSTATE[42703]: Undefined column: 7 FEHLER:  Spalte »post_id« existiert nicht
LINE 1: select * from "posts" where ("post_id" = $1) and "posts"."de...
                                     ^")[39m

  [31m────────────────────────────────────────────────────────────────────────────────────────────────────────────────────[39m  
  [41;1m FAILED [49;22m [1mTests\Feature\Seeders\DemoCandidacySeederTest[22m [90m>[39m demo candidacy seeder is idempotent        [41;1m QueryException [49;22m  
[39;1m  SQLSTATE[42703]: Undefined column: 7 FEHLER:  Spalte »post_id« existiert nicht
LINE 1: select * from "posts" where ("post_id" = $1) and "posts"."de...
                                     ^ (Connection: pgsql, SQL: select * from "posts" where ("post_id" = president-a1e8ed7d-74bc-426c-ab32-e53b49612a95) and "posts"."deleted_at" is null and "posts"."organisation_id" is null limit 1)[39;22m

  at [32mvendor\laravel\framework\src\Illuminate\Database\Connection.php[39m:[32m825[39m
    821▕                     $this->getName(), $query, $this->prepareBindings($bindings), $e
    822▕                 );
    823▕             }
    824▕ 
  ➜ 825▕             throw new QueryException(
    826▕                 $this->getName(), $query, $this->prepareBindings($bindings), $e
    827▕             );
    828▕         }
    829▕     }

  [33m1   [39m[39;1mvendor\laravel\framework\src\Illuminate\Database\Connection.php[39;22m:[39;1m825[39;22m

  [33m2   [39m[39;1mvendor\laravel\framework\src\Illuminate\Database\Connection.php[39;22m:[39;1m412[39;22m
  [90m    NunoMaduro\Collision\Exceptions\TestException::("SQLSTATE[42703]: Undefined column: 7 FEHLER:  Spalte »post_id« existiert nicht
LINE 1: select * from "posts" where ("post_id" = $1) and "posts"."de...
                                     ^")[39m

  [31m────────────────────────────────────────────────────────────────────────────────────────────────────────────────────[39m  
  [41;1m FAILED [49;22m [1mTests\Feature\Seeders\DemoCandidacySeederTest[22m [90m>[39m demo candidacy seeder skips posts with ex… [41;1m QueryException [49;22m  
[39;1m  SQLSTATE[42703]: Undefined column: 7 FEHLER:  Spalte »post_id« existiert nicht
LINE 1: select * from "posts" where ("post_id" = $1) and "posts"."de...
                                     ^ (Connection: pgsql, SQL: select * from "posts" where ("post_id" = president-a1e8ed7d-bd71-4ec8-b197-c3df04cc8880) and "posts"."deleted_at" is null and "posts"."organisation_id" is null limit 1)[39;22m

  at [32mvendor\laravel\framework\src\Illuminate\Database\Connection.php[39m:[32m825[39m
    821▕                     $this->getName(), $query, $this->prepareBindings($bindings), $e
    822▕                 );
    823▕             }
    824▕ 
  ➜ 825▕             throw new QueryException(
    826▕                 $this->getName(), $query, $this->prepareBindings($bindings), $e
    827▕             );
    828▕         }
    829▕     }

  [33m1   [39m[39;1mvendor\laravel\framework\src\Illuminate\Database\Connection.php[39;22m:[39;1m825[39;22m

  [33m2   [39m[39;1mvendor\laravel\framework\src\Illuminate\Database\Connection.php[39;22m:[39;1m412[39;22m
  [90m    NunoMaduro\Collision\Exceptions\TestException::("SQLSTATE[42703]: Undefined column: 7 FEHLER:  Spalte »post_id« existiert nicht
LINE 1: select * from "posts" where ("post_id" = $1) and "posts"."de...
                                     ^")[39m

  [31m────────────────────────────────────────────────────────────────────────────────────────────────────────────────────[39m  
  [41;1m FAILED [49;22m [1mTests\Feature\Seeders\DemoCandidacySeederTest[22m [90m>[39m demo candidacy seeder uses correct electi… [41;1m QueryException [49;22m  
[39;1m  SQLSTATE[42703]: Undefined column: 7 FEHLER:  Spalte »post_id« existiert nicht
LINE 1: select * from "posts" where ("post_id" = $1) and "posts"."de...
                                     ^ (Connection: pgsql, SQL: select * from "posts" where ("post_id" = president-a1e8ed7d-fca1-4b4f-95d2-ee50704a107d) and "posts"."deleted_at" is null and "posts"."organisation_id" is null limit 1)[39;22m

  at [32mvendor\laravel\framework\src\Illuminate\Database\Connection.php[39m:[32m825[39m
    821▕                     $this->getName(), $query, $this->prepareBindings($bindings), $e
    822▕                 );
    823▕             }
    824▕ 
  ➜ 825▕             throw new QueryException(
    826▕                 $this->getName(), $query, $this->prepareBindings($bindings), $e
    827▕             );
    828▕         }
    829▕     }

  [33m1   [39m[39;1mvendor\laravel\framework\src\Illuminate\Database\Connection.php[39;22m:[39;1m825[39;22m

  [33m2   [39m[39;1mvendor\laravel\framework\src\Illuminate\Database\Connection.php[39;22m:[39;1m412[39;22m
  [90m    NunoMaduro\Collision\Exceptions\TestException::("SQLSTATE[42703]: Undefined column: 7 FEHLER:  Spalte »post_id« existiert nicht
LINE 1: select * from "posts" where ("post_id" = $1) and "posts"."de...
                                     ^")[39m

  [31m────────────────────────────────────────────────────────────────────────────────────────────────────────────────────[39m  
  [41;1m FAILED [49;22m [1mTests\Feature\Seeders\DemoElectionSeederTest[22m [90m>[39m demo election seeder creates posts          [41;1m QueryException [49;22m  
[39;1m  SQLSTATE[42703]: Undefined column: 7 FEHLER:  Spalte »post_id« existiert nicht
LINE 1: select * from "posts" where ("post_id" = $1) and "posts"."de...
                                     ^ (Connection: pgsql, SQL: select * from "posts" where ("post_id" = president-a1e8ed7e-47f7-4ff1-a48c-0c85837d6bd5) and "posts"."deleted_at" is null and "posts"."organisation_id" is null limit 1)[39;22m

  at [32mvendor\laravel\framework\src\Illuminate\Database\Connection.php[39m:[32m825[39m
    821▕                     $this->getName(), $query, $this->prepareBindings($bindings), $e
    822▕                 );
    823▕             }
    824▕ 
  ➜ 825▕             throw new QueryException(
    826▕                 $this->getName(), $query, $this->prepareBindings($bindings), $e
    827▕             );
    828▕         }
    829▕     }

  [33m1   [39m[39;1mvendor\laravel\framework\src\Illuminate\Database\Connection.php[39;22m:[39;1m825[39;22m

  [33m2   [39m[39;1mvendor\laravel\framework\src\Illuminate\Database\Connection.php[39;22m:[39;1m412[39;22m
  [90m    NunoMaduro\Collision\Exceptions\TestException::("SQLSTATE[42703]: Undefined column: 7 FEHLER:  Spalte »post_id« existiert nicht
LINE 1: select * from "posts" where ("post_id" = $1) and "posts"."de...
                                     ^")[39m

  [31m────────────────────────────────────────────────────────────────────────────────────────────────────────────────────[39m  
  [41;1m FAILED [49;22m [1mTests\Feature\Seeders\DemoElectionSeederTest[22m [90m>[39m demo election seeder creates idempotent po… [41;1m QueryException [49;22m  
[39;1m  SQLSTATE[42703]: Undefined column: 7 FEHLER:  Spalte »post_id« existiert nicht
LINE 1: select * from "posts" where ("post_id" = $1) and "posts"."de...
                                     ^ (Connection: pgsql, SQL: select * from "posts" where ("post_id" = president-a1e8ed7e-8ac4-4f4b-b275-a6f5efac9a3c) and "posts"."deleted_at" is null and "posts"."organisation_id" is null limit 1)[39;22m

  at [32mvendor\laravel\framework\src\Illuminate\Database\Connection.php[39m:[32m825[39m
    821▕                     $this->getName(), $query, $this->prepareBindings($bindings), $e
    822▕                 );
    823▕             }
    824▕ 
  ➜ 825▕             throw new QueryException(
    826▕                 $this->getName(), $query, $this->prepareBindings($bindings), $e
    827▕             );
    828▕         }
    829▕     }

  [33m1   [39m[39;1mvendor\laravel\framework\src\Illuminate\Database\Connection.php[39;22m:[39;1m825[39;22m

  [33m2   [39m[39;1mvendor\laravel\framework\src\Illuminate\Database\Connection.php[39;22m:[39;1m412[39;22m
  [90m    NunoMaduro\Collision\Exceptions\TestException::("SQLSTATE[42703]: Undefined column: 7 FEHLER:  Spalte »post_id« existiert nicht
LINE 1: select * from "posts" where ("post_id" = $1) and "posts"."de...
                                     ^")[39m

  [31m────────────────────────────────────────────────────────────────────────────────────────────────────────────────────[39m  
  [41;1m FAILED [49;22m [1mTests\Feature\Seeders\DemoElectionSeederTest[22m [90m>[39m demo election seeder does not create candi… [41;1m QueryException [49;22m  
[39;1m  SQLSTATE[42703]: Undefined column: 7 FEHLER:  Spalte »post_id« existiert nicht
LINE 1: select * from "posts" where ("post_id" = $1) and "posts"."de...
                                     ^ (Connection: pgsql, SQL: select * from "posts" where ("post_id" = president-a1e8ed7e-d674-410a-9e63-c0962377d484) and "posts"."deleted_at" is null and "posts"."organisation_id" is null limit 1)[39;22m

  at [32mvendor\laravel\framework\src\Illuminate\Database\Connection.php[39m:[32m825[39m
    821▕                     $this->getName(), $query, $this->prepareBindings($bindings), $e
    822▕                 );
    823▕             }
    824▕ 
  ➜ 825▕             throw new QueryException(
    826▕                 $this->getName(), $query, $this->prepareBindings($bindings), $e
    827▕             );
    828▕         }
    829▕     }

  [33m1   [39m[39;1mvendor\laravel\framework\src\Illuminate\Database\Connection.php[39;22m:[39;1m825[39;22m

  [33m2   [39m[39;1mvendor\laravel\framework\src\Illuminate\Database\Connection.php[39;22m:[39;1m412[39;22m
  [90m    NunoMaduro\Collision\Exceptions\TestException::("SQLSTATE[42703]: Undefined column: 7 FEHLER:  Spalte »post_id« existiert nicht
LINE 1: select * from "posts" where ("post_id" = $1) and "posts"."de...
                                     ^")[39m

  [31m────────────────────────────────────────────────────────────────────────────────────────────────────────────────────[39m  
  [41;1m FAILED [49;22m [1mTests\Feature\Seeders\OrganisationSeederTest[22m [90m>[39m organisation seeder creates platform organisation             
[39;1m  Failed asserting that two strings are equal.
--- Expected
+++ Actual
@@ @@
-'PublicDigit'
+'Public Digit'[39;22m

  at [32mtests\Feature\Seeders\OrganisationSeederTest.php[39m:[32m26[39m
     22▕             ->where('is_default', true)
     23▕             ->first();
     24▕ 
     25▕         $this->assertNotNull($platform);
  ➜  26▕         $this->assertEquals('PublicDigit', $platform->name);
     27▕         $this->assertEquals('publicdigit', $platform->slug);
     28▕     }
     29▕ 
     30▕     /** @test */

  [33m1   [39m[39;1mtests\Feature\Seeders\OrganisationSeederTest.php[39;22m:[39;1m26[39;22m

  [31m────────────────────────────────────────────────────────────────────────────────────────────────────────────────────[39m  
  [41;1m FAILED [49;22m [1mTests\Feature\Seeders\PlatformAdminSeederTest[22m [90m>[39m platform admin seeder fails without platform org             
[39;1m  Failed asserting that exception of type "Illuminate\Database\Eloquent\ModelNotFoundException" is thrown.[39;22m

  [31m────────────────────────────────────────────────────────────────────────────────────────────────────────────────────[39m  
  [41;1m FAILED [49;22m [1mTests\Feature\Services\DashboardResolverElectionPriorityTest[22m [90m>[39m user who already voted counts zero            
[39;1m  Failed asserting that 1 matches expected 0.[39;22m

  at [32mtests\Feature\Services\DashboardResolverElectionPriorityTest.php[39m:[32m128[39m
    124▕         $this->attachToOrg($user, $org);
    125▕         $election = $this->makeActiveElection($org);
    126▕         $this->markUserAsVoted($user, $election);
    127▕ 
  ➜ 128▕         $this->assertEquals(0, $user->countActiveElections());
    129▕     }
    130▕ 
    131▕     /**
    132▕      * @test

  [33m1   [39m[39;1mtests\Feature\Services\DashboardResolverElectionPriorityTest.php[39;22m:[39;1m128[39;22m

  [31m────────────────────────────────────────────────────────────────────────────────────────────────────────────────────[39m  
  [41;1m FAILED [49;22m [1mTests\Feature\Services\DashboardResolverElectionPriorityTest[22m [90m>[39m future active election is counted             
[39;1m  Failed asserting that 0 matches expected 1.[39;22m

  at [32mtests\Feature\Services\DashboardResolverElectionPriorityTest.php[39m:[32m154[39m
    150▕             'end_date'        => now()->addDays(10),
    151▕         ]);
    152▕ 
    153▕         // Counted because status=active — date range is irrelevant for routing decisions
  ➜ 154▕         $this->assertEquals(1, $user->countActiveElections());
    155▕     }
    156▕ 
    157▕     /**
    158▕      * @test

  [33m1   [39m[39;1mtests\Feature\Services\DashboardResolverElectionPriorityTest.php[39;22m:[39;1m154[39;22m

  [31m────────────────────────────────────────────────────────────────────────────────────────────────────────────────────[39m  
  [41;1m FAILED [49;22m [1mTests\Feature\Services\DemoElectionAutoCreationTest[22m [90m>[39m auto creates org specific demo when… [41;1m QueryException [49;22m  
[39;1m  SQLSTATE[25P02]: In failed sql transaction: 7 FEHLER:  aktuelle Transaktion wurde abgebrochen, Befehle werden bis zum Ende der Transaktion ignoriert (Connection: pgsql, SQL: select * from "elections" where "type" = demo and "organisation_id" is null order by "created_at" desc)[39;22m

  at [32mvendor\laravel\framework\src\Illuminate\Database\Connection.php[39m:[32m825[39m
    821▕                     $this->getName(), $query, $this->prepareBindings($bindings), $e
    822▕                 );
    823▕             }
    824▕ 
  ➜ 825▕             throw new QueryException(
    826▕                 $this->getName(), $query, $this->prepareBindings($bindings), $e
    827▕             );
    828▕         }
    829▕     }

  [33m1   [39m[39;1mvendor\laravel\framework\src\Illuminate\Database\Connection.php[39;22m:[39;1m825[39;22m

  [33m2   [39m[39;1mvendor\laravel\framework\src\Illuminate\Database\Connection.php[39;22m:[39;1m412[39;22m
  [90m    NunoMaduro\Collision\Exceptions\TestException::("SQLSTATE[25P02]: In failed sql transaction: 7 FEHLER:  aktuelle Transaktion wurde abgebrochen, Befehle werden bis zum Ende der Transaktion ignoriert")[39m

  [31m────────────────────────────────────────────────────────────────────────────────────────────────────────────────────[39m  
  [41;1m FAILED [49;22m [1mTests\Feature\Services\DemoElectionAutoCreationTest[22m [90m>[39m uses existing org demo when already… [41;1m QueryException [49;22m  
[39;1m  SQLSTATE[25P02]: In failed sql transaction: 7 FEHLER:  aktuelle Transaktion wurde abgebrochen, Befehle werden bis zum Ende der Transaktion ignoriert (Connection: pgsql, SQL: select * from "elections" where "type" = demo and "organisation_id" is null order by "created_at" desc)[39;22m

  at [32mvendor\laravel\framework\src\Illuminate\Database\Connection.php[39m:[32m825[39m
    821▕                     $this->getName(), $query, $this->prepareBindings($bindings), $e
    822▕                 );
    823▕             }
    824▕ 
  ➜ 825▕             throw new QueryException(
    826▕                 $this->getName(), $query, $this->prepareBindings($bindings), $e
    827▕             );
    828▕         }
    829▕     }

  [33m1   [39m[39;1mvendor\laravel\framework\src\Illuminate\Database\Connection.php[39;22m:[39;1m825[39;22m

  [33m2   [39m[39;1mvendor\laravel\framework\src\Illuminate\Database\Connection.php[39;22m:[39;1m412[39;22m
  [90m    NunoMaduro\Collision\Exceptions\TestException::("SQLSTATE[25P02]: In failed sql transaction: 7 FEHLER:  aktuelle Transaktion wurde abgebrochen, Befehle werden bis zum Ende der Transaktion ignoriert")[39m

  [31m────────────────────────────────────────────────────────────────────────────────────────────────────────────────────[39m  
  [41;1m FAILED [49;22m [1mTests\Feature\Services\DemoElectionAutoCreationTest[22m [90m>[39m organisation id propagated to all d… [41;1m QueryException [49;22m  
[39;1m  SQLSTATE[25P02]: In failed sql transaction: 7 FEHLER:  aktuelle Transaktion wurde abgebrochen, Befehle werden bis zum Ende der Transaktion ignoriert (Connection: pgsql, SQL: select * from "elections" where "type" = demo and "organisation_id" is null order by "created_at" desc)[39;22m

  at [32mvendor\laravel\framework\src\Illuminate\Database\Connection.php[39m:[32m825[39m
    821▕                     $this->getName(), $query, $this->prepareBindings($bindings), $e
    822▕                 );
    823▕             }
    824▕ 
  ➜ 825▕             throw new QueryException(
    826▕                 $this->getName(), $query, $this->prepareBindings($bindings), $e
    827▕             );
    828▕         }
    829▕     }

  [33m1   [39m[39;1mvendor\laravel\framework\src\Illuminate\Database\Connection.php[39;22m:[39;1m825[39;22m

  [33m2   [39m[39;1mvendor\laravel\framework\src\Illuminate\Database\Connection.php[39;22m:[39;1m412[39;22m
  [90m    NunoMaduro\Collision\Exceptions\TestException::("SQLSTATE[25P02]: In failed sql transaction: 7 FEHLER:  aktuelle Transaktion wurde abgebrochen, Befehle werden bis zum Ende der Transaktion ignoriert")[39m

  [31m────────────────────────────────────────────────────────────────────────────────────────────────────────────────────[39m  
  [41;1m FAILED [49;22m [1mTests\Feature\Services\VoterSlugServiceTest[22m [90m>[39m generates slug with correct org specific el… [41;1m QueryException [49;22m  
[39;1m  SQLSTATE[22P02]: Invalid text representation: 7 FEHLER:  ungültige Eingabesyntax für Typ uuid: »5«
CONTEXT:  unbenanntes Portal Parameter $7 = '...' (Connection: pgsql, SQL: insert into "users" ("name", "email", "email_verified_at", "password", "remember_token", "region", "organisation_id", "is_committee_member", "id", "updated_at", "created_at") values (Bradly Wisozk, nelle.hills@example.org, 2026-05-31 08:58:15, $2y$10$92IXUNpkjO0rOQ5byMi.Ye4oKoEa3Ro9llC/.og/at2.uheWG/igi, yE1JiHlgLj, New Jersey, 5, 0, a1e8ed86-a806-495d-91e3-45539a553f41, 2026-05-31 08:58:15, 2026-05-31 08:58:15))[39;22m

  at [32mvendor\laravel\framework\src\Illuminate\Database\Connection.php[39m:[32m825[39m
    821▕                     $this->getName(), $query, $this->prepareBindings($bindings), $e
    822▕                 );
    823▕             }
    824▕ 
  ➜ 825▕             throw new QueryException(
    826▕                 $this->getName(), $query, $this->prepareBindings($bindings), $e
    827▕             );
    828▕         }
    829▕     }

  [33m1   [39m[39;1mvendor\laravel\framework\src\Illuminate\Database\Connection.php[39;22m:[39;1m825[39;22m

  [33m2   [39m[39;1mvendor\laravel\framework\src\Illuminate\Database\Connection.php[39;22m:[39;1m571[39;22m
  [90m    NunoMaduro\Collision\Exceptions\TestException::("SQLSTATE[22P02]: Invalid text representation: 7 FEHLER:  ungültige Eingabesyntax für Typ uuid: »5«
CONTEXT:  unbenanntes Portal Parameter $7 = '...'")[39m

  [31m────────────────────────────────────────────────────────────────────────────────────────────────────────────────────[39m  
  [41;1m FAILED [49;22m [1mTests\Feature\Services\VoterSlugServiceTest[22m [90m>[39m generates slug falls back to platform demo…  [41;1m QueryException [49;22m  
[39;1m  SQLSTATE[22P02]: Invalid text representation: 7 FEHLER:  ungültige Eingabesyntax für Typ uuid: »5«
CONTEXT:  unbenanntes Portal Parameter $7 = '...' (Connection: pgsql, SQL: insert into "users" ("name", "email", "email_verified_at", "password", "remember_token", "region", "organisation_id", "is_committee_member", "id", "updated_at", "created_at") values (Maximo Schuppe, koelpin.verdie@example.net, 2026-05-31 08:58:15, $2y$10$92IXUNpkjO0rOQ5byMi.Ye4oKoEa3Ro9llC/.og/at2.uheWG/igi, vZFeaZEHgP, Hawaii, 5, 0, a1e8ed87-0f4a-4db8-b4f0-56d8f6628a91, 2026-05-31 08:58:15, 2026-05-31 08:58:15))[39;22m

  at [32mvendor\laravel\framework\src\Illuminate\Database\Connection.php[39m:[32m825[39m
    821▕                     $this->getName(), $query, $this->prepareBindings($bindings), $e
    822▕                 );
    823▕             }
    824▕ 
  ➜ 825▕             throw new QueryException(
    826▕                 $this->getName(), $query, $this->prepareBindings($bindings), $e
    827▕             );
    828▕         }
    829▕     }

  [33m1   [39m[39;1mvendor\laravel\framework\src\Illuminate\Database\Connection.php[39;22m:[39;1m825[39;22m

  [33m2   [39m[39;1mvendor\laravel\framework\src\Illuminate\Database\Connection.php[39;22m:[39;1m571[39;22m
  [90m    NunoMaduro\Collision\Exceptions\TestException::("SQLSTATE[22P02]: Invalid text representation: 7 FEHLER:  ungültige Eingabesyntax für Typ uuid: »5«
CONTEXT:  unbenanntes Portal Parameter $7 = '...'")[39m

  [31m────────────────────────────────────────────────────────────────────────────────────────────────────────────────────[39m  
  [41;1m FAILED [49;22m [1mTests\Feature\Services\VoterSlugServiceTest[22m [90m>[39m generates slug for default user with platfo… [41;1m QueryException [49;22m  
[39;1m  SQLSTATE[23502]: Not null violation: 7 FEHLER:  NULL-Wert in Spalte »organisation_id« von Relation »users« verletzt Not-Null-Constraint
DETAIL:  Fehlgeschlagene Zeile enthält (a1e8ed87-71f5-4bba-b285-1f476ad58fb4, null, Hazle Lueilwitz, Mississippi, lubowitz.loma@example.net, 2026-05-31 08:58:15, $2y$10$92IXUNpkjO0rOQ5byMi.Ye4oKoEa3Ro9llC/.og/at2.uheWG/igi, uJpu0EKXbm, 2026-05-31 08:58:15, 2026-05-31 08:58:15, null, null, null, null, null, null, null, null, null, null, null, null, null, null, null, null, null, anonymous, null, null, f, null, f, null). (Connection: pgsql, SQL: insert into "users" ("name", "email", "email_verified_at", "password", "remember_token", "region", "organisation_id", "is_committee_member", "id", "updated_at", "created_at") values (Hazle Lueilwitz, lubowitz.loma@example.net, 2026-05-31 08:58:15, $2y$10$92IXUNpkjO0rOQ5byMi.Ye4oKoEa3Ro9llC/.og/at2.uheWG/igi, uJpu0EKXbm, Mississippi, ?, 0, a1e8ed87-71f5-4bba-b285-1f476ad58fb4, 2026-05-31 08:58:15, 2026-05-31 08:58:15))[39;22m

  at [32mvendor\laravel\framework\src\Illuminate\Database\Connection.php[39m:[32m825[39m
    821▕                     $this->getName(), $query, $this->prepareBindings($bindings), $e
    822▕                 );
    823▕             }
    824▕ 
  ➜ 825▕             throw new QueryException(
    826▕                 $this->getName(), $query, $this->prepareBindings($bindings), $e
    827▕             );
    828▕         }
    829▕     }

  [33m1   [39m[39;1mvendor\laravel\framework\src\Illuminate\Database\Connection.php[39;22m:[39;1m825[39;22m

  [33m2   [39m[39;1mvendor\laravel\framework\src\Illuminate\Database\Connection.php[39;22m:[39;1m571[39;22m
  [90m    NunoMaduro\Collision\Exceptions\TestException::("SQLSTATE[23502]: Not null violation: 7 FEHLER:  NULL-Wert in Spalte »organisation_id« von Relation »users« verletzt Not-Null-Constraint
DETAIL:  Fehlgeschlagene Zeile enthält (a1e8ed87-71f5-4bba-b285-1f476ad58fb4, null, Hazle Lueilwitz, Mississippi, lubowitz.loma@example.net, 2026-05-31 08:58:15, $2y$10$92IXUNpkjO0rOQ5byMi.Ye4oKoEa3Ro9llC/.og/at2.uheWG/igi, uJpu0EKXbm, 2026-05-31 08:58:15, 2026-05-31 08:58:15, null, null, null, null, null, null, null, null, null, null, null, null, null, null, null, null, null, anonymous, null, null, f, null, f, null).")[39m

  [31m────────────────────────────────────────────────────────────────────────────────────────────────────────────────────[39m  
  [41;1m FAILED [49;22m [1mTests\Feature\Services\VoterSlugServiceTest[22m [90m>[39m throws exception when no demo election exis… [41;1m QueryException [49;22m  
[39;1m  SQLSTATE[22P02]: Invalid text representation: 7 FEHLER:  ungültige Eingabesyntax für Typ uuid: »5«
CONTEXT:  unbenanntes Portal Parameter $7 = '...' (Connection: pgsql, SQL: insert into "users" ("name", "email", "email_verified_at", "password", "remember_token", "region", "organisation_id", "is_committee_member", "id", "updated_at", "created_at") values (Ernestine Beier, mleuschke@example.net, 2026-05-31 08:58:15, $2y$10$92IXUNpkjO0rOQ5byMi.Ye4oKoEa3Ro9llC/.og/at2.uheWG/igi, vVH7cZFJow, Washington, 5, 0, a1e8ed87-b6ca-4231-871b-7a97d8bae539, 2026-05-31 08:58:15, 2026-05-31 08:58:15))[39;22m

  at [32mvendor\laravel\framework\src\Illuminate\Database\Connection.php[39m:[32m825[39m
    821▕                     $this->getName(), $query, $this->prepareBindings($bindings), $e
    822▕                 );
    823▕             }
    824▕ 
  ➜ 825▕             throw new QueryException(
    826▕                 $this->getName(), $query, $this->prepareBindings($bindings), $e
    827▕             );
    828▕         }
    829▕     }

  [33m1   [39m[39;1mvendor\laravel\framework\src\Illuminate\Database\Connection.php[39;22m:[39;1m825[39;22m

  [33m2   [39m[39;1mvendor\laravel\framework\src\Illuminate\Database\Connection.php[39;22m:[39;1m571[39;22m
  [90m    NunoMaduro\Collision\Exceptions\TestException::("SQLSTATE[22P02]: Invalid text representation: 7 FEHLER:  ungültige Eingabesyntax für Typ uuid: »5«
CONTEXT:  unbenanntes Portal Parameter $7 = '...'")[39m

  [31m────────────────────────────────────────────────────────────────────────────────────────────────────────────────────[39m  
  [41;1m FAILED [49;22m [1mTests\Feature\Services\VoterSlugServiceTest[22m [90m>[39m generates slug with explicit election id     [41;1m QueryException [49;22m  
[39;1m  SQLSTATE[22P02]: Invalid text representation: 7 FEHLER:  ungültige Eingabesyntax für Typ uuid: »5«
CONTEXT:  unbenanntes Portal Parameter $7 = '...' (Connection: pgsql, SQL: insert into "users" ("name", "email", "email_verified_at", "password", "remember_token", "region", "organisation_id", "is_committee_member", "id", "updated_at", "created_at") values (Laila Huels, effie.jones@example.net, 2026-05-31 08:58:15, $2y$10$92IXUNpkjO0rOQ5byMi.Ye4oKoEa3Ro9llC/.og/at2.uheWG/igi, zSkXH2vvTh, Delaware, 5, 0, a1e8ed87-f9ae-4deb-9d38-e32c8ec1b64a, 2026-05-31 08:58:15, 2026-05-31 08:58:15))[39;22m

  at [32mvendor\laravel\framework\src\Illuminate\Database\Connection.php[39m:[32m825[39m
    821▕                     $this->getName(), $query, $this->prepareBindings($bindings), $e
    822▕                 );
    823▕             }
    824▕ 
  ➜ 825▕             throw new QueryException(
    826▕                 $this->getName(), $query, $this->prepareBindings($bindings), $e
    827▕             );
    828▕         }
    829▕     }

  [33m1   [39m[39;1mvendor\laravel\framework\src\Illuminate\Database\Connection.php[39;22m:[39;1m825[39;22m

  [33m2   [39m[39;1mvendor\laravel\framework\src\Illuminate\Database\Connection.php[39;22m:[39;1m571[39;22m
  [90m    NunoMaduro\Collision\Exceptions\TestException::("SQLSTATE[22P02]: Invalid text representation: 7 FEHLER:  ungültige Eingabesyntax für Typ uuid: »5«
CONTEXT:  unbenanntes Portal Parameter $7 = '...'")[39m

  [31m────────────────────────────────────────────────────────────────────────────────────────────────────────────────────[39m  
  [41;1m FAILED [49;22m [1mTests\Feature\Services\VoterSlugServiceTest[22m [90m>[39m generates slug with session election id      [41;1m QueryException [49;22m  
[39;1m  SQLSTATE[22P02]: Invalid text representation: 7 FEHLER:  ungültige Eingabesyntax für Typ uuid: »5«
CONTEXT:  unbenanntes Portal Parameter $7 = '...' (Connection: pgsql, SQL: insert into "users" ("name", "email", "email_verified_at", "password", "remember_token", "region", "organisation_id", "is_committee_member", "id", "updated_at", "created_at") values (Mauricio Runolfsdottir, carole86@example.net, 2026-05-31 08:58:16, $2y$10$92IXUNpkjO0rOQ5byMi.Ye4oKoEa3Ro9llC/.og/at2.uheWG/igi, l7q47D8tls, Oklahoma, 5, 0, a1e8ed88-70f8-41ae-b13d-a7914d709cdf, 2026-05-31 08:58:16, 2026-05-31 08:58:16))[39;22m

  at [32mvendor\laravel\framework\src\Illuminate\Database\Connection.php[39m:[32m825[39m
    821▕                     $this->getName(), $query, $this->prepareBindings($bindings), $e
    822▕                 );
    823▕             }
    824▕ 
  ➜ 825▕             throw new QueryException(
    826▕                 $this->getName(), $query, $this->prepareBindings($bindings), $e
    827▕             );
    828▕         }
    829▕     }

  [33m1   [39m[39;1mvendor\laravel\framework\src\Illuminate\Database\Connection.php[39;22m:[39;1m825[39;22m

  [33m2   [39m[39;1mvendor\laravel\framework\src\Illuminate\Database\Connection.php[39;22m:[39;1m571[39;22m
  [90m    NunoMaduro\Collision\Exceptions\TestException::("SQLSTATE[22P02]: Invalid text representation: 7 FEHLER:  ungültige Eingabesyntax für Typ uuid: »5«
CONTEXT:  unbenanntes Portal Parameter $7 = '...'")[39m

  [31m────────────────────────────────────────────────────────────────────────────────────────────────────────────────────[39m  
  [41;1m FAILED [49;22m [1mTests\Feature\Services\VoterSlugServiceTest[22m [90m>[39m generates unique slugs on multiple calls     [41;1m QueryException [49;22m  
[39;1m  SQLSTATE[22P02]: Invalid text representation: 7 FEHLER:  ungültige Eingabesyntax für Typ uuid: »5«
CONTEXT:  unbenanntes Portal Parameter $7 = '...' (Connection: pgsql, SQL: insert into "users" ("name", "email", "email_verified_at", "password", "remember_token", "region", "organisation_id", "is_committee_member", "id", "updated_at", "created_at") values (Miss Alejandra O'Keefe DDS, boyer.roberto@example.com, 2026-05-31 08:58:16, $2y$10$92IXUNpkjO0rOQ5byMi.Ye4oKoEa3Ro9llC/.og/at2.uheWG/igi, GEKbhKb9Tj, Oklahoma, 5, 0, a1e8ed88-b4ad-4b85-97de-f628fcf84316, 2026-05-31 08:58:16, 2026-05-31 08:58:16))[39;22m

  at [32mvendor\laravel\framework\src\Illuminate\Database\Connection.php[39m:[32m825[39m
    821▕                     $this->getName(), $query, $this->prepareBindings($bindings), $e
    822▕                 );
    823▕             }
    824▕ 
  ➜ 825▕             throw new QueryException(
    826▕                 $this->getName(), $query, $this->prepareBindings($bindings), $e
    827▕             );
    828▕         }
    829▕     }

  [33m1   [39m[39;1mvendor\laravel\framework\src\Illuminate\Database\Connection.php[39;22m:[39;1m825[39;22m

  [33m2   [39m[39;1mvendor\laravel\framework\src\Illuminate\Database\Connection.php[39;22m:[39;1m571[39;22m
  [90m    NunoMaduro\Collision\Exceptions\TestException::("SQLSTATE[22P02]: Invalid text representation: 7 FEHLER:  ungültige Eingabesyntax für Typ uuid: »5«
CONTEXT:  unbenanntes Portal Parameter $7 = '...'")[39m

  [31m────────────────────────────────────────────────────────────────────────────────────────────────────────────────────[39m  
  [41;1m FAILED [49;22m [1mTests\Feature\Services\VoterSlugServiceTest[22m [90m>[39m generates new slug different from previous   [41;1m QueryException [49;22m  
[39;1m  SQLSTATE[22P02]: Invalid text representation: 7 FEHLER:  ungültige Eingabesyntax für Typ uuid: »5«
CONTEXT:  unbenanntes Portal Parameter $7 = '...' (Connection: pgsql, SQL: insert into "users" ("name", "email", "email_verified_at", "password", "remember_token", "region", "organisation_id", "is_committee_member", "id", "updated_at", "created_at") values (Mohammad O'Conner, jcremin@example.net, 2026-05-31 08:58:16, $2y$10$92IXUNpkjO0rOQ5byMi.Ye4oKoEa3Ro9llC/.og/at2.uheWG/igi, 42aQlxWFOC, California, 5, 0, a1e8ed88-f29f-4a15-b8df-a983e4256d1a, 2026-05-31 08:58:16, 2026-05-31 08:58:16))[39;22m

  at [32mvendor\laravel\framework\src\Illuminate\Database\Connection.php[39m:[32m825[39m
    821▕                     $this->getName(), $query, $this->prepareBindings($bindings), $e
    822▕                 );
    823▕             }
    824▕ 
  ➜ 825▕             throw new QueryException(
    826▕                 $this->getName(), $query, $this->prepareBindings($bindings), $e
    827▕             );
    828▕         }
    829▕     }

  [33m1   [39m[39;1mvendor\laravel\framework\src\Illuminate\Database\Connection.php[39;22m:[39;1m825[39;22m

  [33m2   [39m[39;1mvendor\laravel\framework\src\Illuminate\Database\Connection.php[39;22m:[39;1m571[39;22m
  [90m    NunoMaduro\Collision\Exceptions\TestException::("SQLSTATE[22P02]: Invalid text representation: 7 FEHLER:  ungültige Eingabesyntax für Typ uuid: »5«
CONTEXT:  unbenanntes Portal Parameter $7 = '...'")[39m

  [31m────────────────────────────────────────────────────────────────────────────────────────────────────────────────────[39m  
  [41;1m FAILED [49;22m [1mTests\Feature\Services\VoterSlugServiceTest[22m [90m>[39m slug expiry set to thirty minutes            [41;1m QueryException [49;22m  
[39;1m  SQLSTATE[22P02]: Invalid text representation: 7 FEHLER:  ungültige Eingabesyntax für Typ uuid: »5«
CONTEXT:  unbenanntes Portal Parameter $7 = '...' (Connection: pgsql, SQL: insert into "users" ("name", "email", "email_verified_at", "password", "remember_token", "region", "organisation_id", "is_committee_member", "id", "updated_at", "created_at") values (Newell Shanahan Sr., arielle.thompson@example.net, 2026-05-31 08:58:16, $2y$10$92IXUNpkjO0rOQ5byMi.Ye4oKoEa3Ro9llC/.og/at2.uheWG/igi, OMyojLs0RH, Kentucky, 5, 0, a1e8ed89-653e-486f-8076-787aa46d1a2c, 2026-05-31 08:58:16, 2026-05-31 08:58:16))[39;22m

  at [32mvendor\laravel\framework\src\Illuminate\Database\Connection.php[39m:[32m825[39m
    821▕                     $this->getName(), $query, $this->prepareBindings($bindings), $e
    822▕                 );
    823▕             }
    824▕ 
  ➜ 825▕             throw new QueryException(
    826▕                 $this->getName(), $query, $this->prepareBindings($bindings), $e
    827▕             );
    828▕         }
    829▕     }

  [33m1   [39m[39;1mvendor\laravel\framework\src\Illuminate\Database\Connection.php[39;22m:[39;1m825[39;22m

  [33m2   [39m[39;1mvendor\laravel\framework\src\Illuminate\Database\Connection.php[39;22m:[39;1m571[39;22m
  [90m    NunoMaduro\Collision\Exceptions\TestException::("SQLSTATE[22P02]: Invalid text representation: 7 FEHLER:  ungültige Eingabesyntax für Typ uuid: »5«
CONTEXT:  unbenanntes Portal Parameter $7 = '...'")[39m

  [31m────────────────────────────────────────────────────────────────────────────────────────────────────────────────────[39m  
  [41;1m FAILED [49;22m [1mTests\Feature\Services\VoterSlugServiceTest[22m [90m>[39m retrieves active slug for user               [41;1m QueryException [49;22m  
[39;1m  SQLSTATE[22P02]: Invalid text representation: 7 FEHLER:  ungültige Eingabesyntax für Typ uuid: »5«
CONTEXT:  unbenanntes Portal Parameter $7 = '...' (Connection: pgsql, SQL: insert into "users" ("name", "email", "email_verified_at", "password", "remember_token", "region", "organisation_id", "is_committee_member", "id", "updated_at", "created_at") values (Dr. Amelia Marks, broob@example.org, 2026-05-31 08:58:17, $2y$10$92IXUNpkjO0rOQ5byMi.Ye4oKoEa3Ro9llC/.og/at2.uheWG/igi, 4rcqEWgAfC, Utah, 5, 0, a1e8ed89-a4df-4083-8d64-88415647add5, 2026-05-31 08:58:17, 2026-05-31 08:58:17))[39;22m

  at [32mvendor\laravel\framework\src\Illuminate\Database\Connection.php[39m:[32m825[39m
    821▕                     $this->getName(), $query, $this->prepareBindings($bindings), $e
    822▕                 );
    823▕             }
    824▕ 
  ➜ 825▕             throw new QueryException(
    826▕                 $this->getName(), $query, $this->prepareBindings($bindings), $e
    827▕             );
    828▕         }
    829▕     }

  [33m1   [39m[39;1mvendor\laravel\framework\src\Illuminate\Database\Connection.php[39;22m:[39;1m825[39;22m

  [33m2   [39m[39;1mvendor\laravel\framework\src\Illuminate\Database\Connection.php[39;22m:[39;1m571[39;22m
  [90m    NunoMaduro\Collision\Exceptions\TestException::("SQLSTATE[22P02]: Invalid text representation: 7 FEHLER:  ungültige Eingabesyntax für Typ uuid: »5«
CONTEXT:  unbenanntes Portal Parameter $7 = '...'")[39m

  [31m────────────────────────────────────────────────────────────────────────────────────────────────────────────────────[39m  
  [41;1m FAILED [49;22m [1mTests\Feature\Services\VoterSlugServiceTest[22m [90m>[39m returns null when user has no active slug    [41;1m QueryException [49;22m  
[39;1m  SQLSTATE[22P02]: Invalid text representation: 7 FEHLER:  ungültige Eingabesyntax für Typ uuid: »5«
CONTEXT:  unbenanntes Portal Parameter $7 = '...' (Connection: pgsql, SQL: insert into "users" ("name", "email", "email_verified_at", "password", "remember_token", "region", "organisation_id", "is_committee_member", "id", "updated_at", "created_at") values (Nayeli Torphy, heidenreich.willard@example.org, 2026-05-31 08:58:17, $2y$10$92IXUNpkjO0rOQ5byMi.Ye4oKoEa3Ro9llC/.og/at2.uheWG/igi, SjJQmWNfJX, Louisiana, 5, 0, a1e8ed89-fa9e-4c22-af8c-e6ca9e2efc16, 2026-05-31 08:58:17, 2026-05-31 08:58:17))[39;22m

  at [32mvendor\laravel\framework\src\Illuminate\Database\Connection.php[39m:[32m825[39m
    821▕                     $this->getName(), $query, $this->prepareBindings($bindings), $e
    822▕                 );
    823▕             }
    824▕ 
  ➜ 825▕             throw new QueryException(
    826▕                 $this->getName(), $query, $this->prepareBindings($bindings), $e
    827▕             );
    828▕         }
    829▕     }

  [33m1   [39m[39;1mvendor\laravel\framework\src\Illuminate\Database\Connection.php[39;22m:[39;1m825[39;22m

  [33m2   [39m[39;1mvendor\laravel\framework\src\Illuminate\Database\Connection.php[39;22m:[39;1m571[39;22m
  [90m    NunoMaduro\Collision\Exceptions\TestException::("SQLSTATE[22P02]: Invalid text representation: 7 FEHLER:  ungültige Eingabesyntax für Typ uuid: »5«
CONTEXT:  unbenanntes Portal Parameter $7 = '...'")[39m

  [31m────────────────────────────────────────────────────────────────────────────────────────────────────────────────────[39m  
  [41;1m FAILED [49;22m [1mTests\Feature\Services\VoterSlugServiceTest[22m [90m>[39m does not return expired slug                 [41;1m QueryException [49;22m  
[39;1m  SQLSTATE[22P02]: Invalid text representation: 7 FEHLER:  ungültige Eingabesyntax für Typ uuid: »5«
CONTEXT:  unbenanntes Portal Parameter $7 = '...' (Connection: pgsql, SQL: insert into "users" ("name", "email", "email_verified_at", "password", "remember_token", "region", "organisation_id", "is_committee_member", "id", "updated_at", "created_at") values (Darian Farrell, laurianne41@example.org, 2026-05-31 08:58:17, $2y$10$92IXUNpkjO0rOQ5byMi.Ye4oKoEa3Ro9llC/.og/at2.uheWG/igi, 4BscDnRh1b, New York, 5, 0, a1e8ed8a-6753-4217-91e1-ffdd0231f182, 2026-05-31 08:58:17, 2026-05-31 08:58:17))[39;22m

  at [32mvendor\laravel\framework\src\Illuminate\Database\Connection.php[39m:[32m825[39m
    821▕                     $this->getName(), $query, $this->prepareBindings($bindings), $e
    822▕                 );
    823▕             }
    824▕ 
  ➜ 825▕             throw new QueryException(
    826▕                 $this->getName(), $query, $this->prepareBindings($bindings), $e
    827▕             );
    828▕         }
    829▕     }

  [33m1   [39m[39;1mvendor\laravel\framework\src\Illuminate\Database\Connection.php[39;22m:[39;1m825[39;22m

  [33m2   [39m[39;1mvendor\laravel\framework\src\Illuminate\Database\Connection.php[39;22m:[39;1m571[39;22m
  [90m    NunoMaduro\Collision\Exceptions\TestException::("SQLSTATE[22P02]: Invalid text representation: 7 FEHLER:  ungültige Eingabesyntax für Typ uuid: »5«
CONTEXT:  unbenanntes Portal Parameter $7 = '...'")[39m

  [31m────────────────────────────────────────────────────────────────────────────────────────────────────────────────────[39m  
  [41;1m FAILED [49;22m [1mTests\Feature\Services\VoterSlugServiceTest[22m [90m>[39m does not return inactive slug                [41;1m QueryException [49;22m  
[39;1m  SQLSTATE[22P02]: Invalid text representation: 7 FEHLER:  ungültige Eingabesyntax für Typ uuid: »5«
CONTEXT:  unbenanntes Portal Parameter $7 = '...' (Connection: pgsql, SQL: insert into "users" ("name", "email", "email_verified_at", "password", "remember_token", "region", "organisation_id", "is_committee_member", "id", "updated_at", "created_at") values (Lysanne Fay, lauryn.jerde@example.com, 2026-05-31 08:58:17, $2y$10$92IXUNpkjO0rOQ5byMi.Ye4oKoEa3Ro9llC/.og/at2.uheWG/igi, a04Guk9ibg, Iowa, 5, 0, a1e8ed8a-a0cc-47c2-bc98-8ebe5544d9af, 2026-05-31 08:58:17, 2026-05-31 08:58:17))[39;22m

  at [32mvendor\laravel\framework\src\Illuminate\Database\Connection.php[39m:[32m825[39m
    821▕                     $this->getName(), $query, $this->prepareBindings($bindings), $e
    822▕                 );
    823▕             }
    824▕ 
  ➜ 825▕             throw new QueryException(
    826▕                 $this->getName(), $query, $this->prepareBindings($bindings), $e
    827▕             );
    828▕         }
    829▕     }

  [33m1   [39m[39;1mvendor\laravel\framework\src\Illuminate\Database\Connection.php[39;22m:[39;1m825[39;22m

  [33m2   [39m[39;1mvendor\laravel\framework\src\Illuminate\Database\Connection.php[39;22m:[39;1m571[39;22m
  [90m    NunoMaduro\Collision\Exceptions\TestException::("SQLSTATE[22P02]: Invalid text representation: 7 FEHLER:  ungültige Eingabesyntax für Typ uuid: »5«
CONTEXT:  unbenanntes Portal Parameter $7 = '...'")[39m

  [31m────────────────────────────────────────────────────────────────────────────────────────────────────────────────────[39m  
  [41;1m FAILED [49;22m [1mTests\Feature\Services\VoterSlugServiceTest[22m [90m>[39m revokes specific slug                        [41;1m QueryException [49;22m  
[39;1m  SQLSTATE[22P02]: Invalid text representation: 7 FEHLER:  ungültige Eingabesyntax für Typ uuid: »5«
CONTEXT:  unbenanntes Portal Parameter $7 = '...' (Connection: pgsql, SQL: insert into "users" ("name", "email", "email_verified_at", "password", "remember_token", "region", "organisation_id", "is_committee_member", "id", "updated_at", "created_at") values (Garland Mertz PhD, sking@example.net, 2026-05-31 08:58:17, $2y$10$92IXUNpkjO0rOQ5byMi.Ye4oKoEa3Ro9llC/.og/at2.uheWG/igi, 9KYkWS7AtV, Pennsylvania, 5, 0, a1e8ed8b-037c-41ba-b030-31cb79cd5e73, 2026-05-31 08:58:17, 2026-05-31 08:58:17))[39;22m

  at [32mvendor\laravel\framework\src\Illuminate\Database\Connection.php[39m:[32m825[39m
    821▕                     $this->getName(), $query, $this->prepareBindings($bindings), $e
    822▕                 );
    823▕             }
    824▕ 
  ➜ 825▕             throw new QueryException(
    826▕                 $this->getName(), $query, $this->prepareBindings($bindings), $e
    827▕             );
    828▕         }
    829▕     }

  [33m1   [39m[39;1mvendor\laravel\framework\src\Illuminate\Database\Connection.php[39;22m:[39;1m825[39;22m

  [33m2   [39m[39;1mvendor\laravel\framework\src\Illuminate\Database\Connection.php[39;22m:[39;1m571[39;22m
  [90m    NunoMaduro\Collision\Exceptions\TestException::("SQLSTATE[22P02]: Invalid text representation: 7 FEHLER:  ungültige Eingabesyntax für Typ uuid: »5«
CONTEXT:  unbenanntes Portal Parameter $7 = '...'")[39m

  [31m────────────────────────────────────────────────────────────────────────────────────────────────────────────────────[39m  
  [41;1m FAILED [49;22m [1mTests\Feature\Services\VoterSlugServiceTest[22m [90m>[39m revoke all slugs method is callable          [41;1m QueryException [49;22m  
[39;1m  SQLSTATE[22P02]: Invalid text representation: 7 FEHLER:  ungültige Eingabesyntax für Typ uuid: »5«
CONTEXT:  unbenanntes Portal Parameter $7 = '...' (Connection: pgsql, SQL: insert into "users" ("name", "email", "email_verified_at", "password", "remember_token", "region", "organisation_id", "is_committee_member", "id", "updated_at", "created_at") values (Josianne Lueilwitz PhD, qmayert@example.com, 2026-05-31 08:58:18, $2y$10$92IXUNpkjO0rOQ5byMi.Ye4oKoEa3Ro9llC/.og/at2.uheWG/igi, 6CjaZVbMCC, Michigan, 5, 0, a1e8ed8b-68b0-4b35-9534-cac76f002ba5, 2026-05-31 08:58:18, 2026-05-31 08:58:18))[39;22m

  at [32mvendor\laravel\framework\src\Illuminate\Database\Connection.php[39m:[32m825[39m
    821▕                     $this->getName(), $query, $this->prepareBindings($bindings), $e
    822▕                 );
    823▕             }
    824▕ 
  ➜ 825▕             throw new QueryException(
    826▕                 $this->getName(), $query, $this->prepareBindings($bindings), $e
    827▕             );
    828▕         }
    829▕     }

  [33m1   [39m[39;1mvendor\laravel\framework\src\Illuminate\Database\Connection.php[39;22m:[39;1m825[39;22m

  [33m2   [39m[39;1mvendor\laravel\framework\src\Illuminate\Database\Connection.php[39;22m:[39;1m571[39;22m
  [90m    NunoMaduro\Collision\Exceptions\TestException::("SQLSTATE[22P02]: Invalid text representation: 7 FEHLER:  ungültige Eingabesyntax für Typ uuid: »5«
CONTEXT:  unbenanntes Portal Parameter $7 = '...'")[39m

  [31m────────────────────────────────────────────────────────────────────────────────────────────────────────────────────[39m  
  [41;1m FAILED [49;22m [1mTests\Feature\Services\VoterSlugServiceTest[22m [90m>[39m extend slug expiry method is callable        [41;1m QueryException [49;22m  
[39;1m  SQLSTATE[22P02]: Invalid text representation: 7 FEHLER:  ungültige Eingabesyntax für Typ uuid: »5«
CONTEXT:  unbenanntes Portal Parameter $7 = '...' (Connection: pgsql, SQL: insert into "users" ("name", "email", "email_verified_at", "password", "remember_token", "region", "organisation_id", "is_committee_member", "id", "updated_at", "created_at") values (Alvis Turner, jordy51@example.com, 2026-05-31 08:58:18, $2y$10$92IXUNpkjO0rOQ5byMi.Ye4oKoEa3Ro9llC/.og/at2.uheWG/igi, mxFEjkqCt8, New Hampshire, 5, 0, a1e8ed8b-aa0b-4a18-95a2-1053ded0198a, 2026-05-31 08:58:18, 2026-05-31 08:58:18))[39;22m

  at [32mvendor\laravel\framework\src\Illuminate\Database\Connection.php[39m:[32m825[39m
    821▕                     $this->getName(), $query, $this->prepareBindings($bindings), $e
    822▕                 );
    823▕             }
    824▕ 
  ➜ 825▕             throw new QueryException(
    826▕                 $this->getName(), $query, $this->prepareBindings($bindings), $e
    827▕             );
    828▕         }
    829▕     }

  [33m1   [39m[39;1mvendor\laravel\framework\src\Illuminate\Database\Connection.php[39;22m:[39;1m825[39;22m

  [33m2   [39m[39;1mvendor\laravel\framework\src\Illuminate\Database\Connection.php[39;22m:[39;1m571[39;22m
  [90m    NunoMaduro\Collision\Exceptions\TestException::("SQLSTATE[22P02]: Invalid text representation: 7 FEHLER:  ungültige Eingabesyntax für Typ uuid: »5«
CONTEXT:  unbenanntes Portal Parameter $7 = '...'")[39m

  [31m────────────────────────────────────────────────────────────────────────────────────────────────────────────────────[39m  
  [41;1m FAILED [49;22m [1mTests\Feature\Services\VoterSlugServiceTest[22m [90m>[39m cannot extend inactive slug                  [41;1m QueryException [49;22m  
[39;1m  SQLSTATE[22P02]: Invalid text representation: 7 FEHLER:  ungültige Eingabesyntax für Typ uuid: »5«
CONTEXT:  unbenanntes Portal Parameter $7 = '...' (Connection: pgsql, SQL: insert into "users" ("name", "email", "email_verified_at", "password", "remember_token", "region", "organisation_id", "is_committee_member", "id", "updated_at", "created_at") values (Karina Schuster DDS, jamey.flatley@example.net, 2026-05-31 08:58:18, $2y$10$92IXUNpkjO0rOQ5byMi.Ye4oKoEa3Ro9llC/.og/at2.uheWG/igi, NCQC7X3AaY, Arkansas, 5, 0, a1e8ed8b-e638-4cbc-94ec-25a17da5b702, 2026-05-31 08:58:18, 2026-05-31 08:58:18))[39;22m

  at [32mvendor\laravel\framework\src\Illuminate\Database\Connection.php[39m:[32m825[39m
    821▕                     $this->getName(), $query, $this->prepareBindings($bindings), $e
    822▕                 );
    823▕             }
    824▕ 
  ➜ 825▕             throw new QueryException(
    826▕                 $this->getName(), $query, $this->prepareBindings($bindings), $e
    827▕             );
    828▕         }
    829▕     }

  [33m1   [39m[39;1mvendor\laravel\framework\src\Illuminate\Database\Connection.php[39;22m:[39;1m825[39;22m

  [33m2   [39m[39;1mvendor\laravel\framework\src\Illuminate\Database\Connection.php[39;22m:[39;1m571[39;22m
  [90m    NunoMaduro\Collision\Exceptions\TestException::("SQLSTATE[22P02]: Invalid text representation: 7 FEHLER:  ungültige Eingabesyntax für Typ uuid: »5«
CONTEXT:  unbenanntes Portal Parameter $7 = '...'")[39m

  [31m────────────────────────────────────────────────────────────────────────────────────────────────────────────────────[39m  
  [41;1m FAILED [49;22m [1mTests\Feature\Services\VoterSlugServiceTest[22m [90m>[39m cleanup expired slugs method is callable     [41;1m QueryException [49;22m  
[39;1m  SQLSTATE[22P02]: Invalid text representation: 7 FEHLER:  ungültige Eingabesyntax für Typ uuid: »5«
CONTEXT:  unbenanntes Portal Parameter $7 = '...' (Connection: pgsql, SQL: insert into "users" ("name", "email", "email_verified_at", "password", "remember_token", "region", "organisation_id", "is_committee_member", "id", "updated_at", "created_at") values (Marcelino Kub II, odell14@example.org, 2026-05-31 08:58:18, $2y$10$92IXUNpkjO0rOQ5byMi.Ye4oKoEa3Ro9llC/.og/at2.uheWG/igi, DqsopSf99t, North Carolina, 5, 0, a1e8ed8c-208d-429e-88c7-7716be8775e9, 2026-05-31 08:58:18, 2026-05-31 08:58:18))[39;22m

  at [32mvendor\laravel\framework\src\Illuminate\Database\Connection.php[39m:[32m825[39m
    821▕                     $this->getName(), $query, $this->prepareBindings($bindings), $e
    822▕                 );
    823▕             }
    824▕ 
  ➜ 825▕             throw new QueryException(
    826▕                 $this->getName(), $query, $this->prepareBindings($bindings), $e
    827▕             );
    828▕         }
    829▕     }

  [33m1   [39m[39;1mvendor\laravel\framework\src\Illuminate\Database\Connection.php[39;22m:[39;1m825[39;22m

  [33m2   [39m[39;1mvendor\laravel\framework\src\Illuminate\Database\Connection.php[39;22m:[39;1m571[39;22m
  [90m    NunoMaduro\Collision\Exceptions\TestException::("SQLSTATE[22P02]: Invalid text representation: 7 FEHLER:  ungültige Eingabesyntax für Typ uuid: »5«
CONTEXT:  unbenanntes Portal Parameter $7 = '...'")[39m

  [31m────────────────────────────────────────────────────────────────────────────────────────────────────────────────────[39m  
  [41;1m FAILED [49;22m [1mTests\Feature\Services\VoterSlugServiceTest[22m [90m>[39m creates slug when none exists                [41;1m QueryException [49;22m  
[39;1m  SQLSTATE[22P02]: Invalid text representation: 7 FEHLER:  ungültige Eingabesyntax für Typ uuid: »5«
CONTEXT:  unbenanntes Portal Parameter $7 = '...' (Connection: pgsql, SQL: insert into "users" ("name", "email", "email_verified_at", "password", "remember_token", "region", "organisation_id", "is_committee_member", "id", "updated_at", "created_at") values (Myrtice Boyer, lexi38@example.org, 2026-05-31 08:58:18, $2y$10$92IXUNpkjO0rOQ5byMi.Ye4oKoEa3Ro9llC/.og/at2.uheWG/igi, BvD4cxwiBC, Oklahoma, 5, 0, a1e8ed8c-87d7-4b4e-9ef4-6acc4e1f41da, 2026-05-31 08:58:18, 2026-05-31 08:58:18))[39;22m

  at [32mvendor\laravel\framework\src\Illuminate\Database\Connection.php[39m:[32m825[39m
    821▕                     $this->getName(), $query, $this->prepareBindings($bindings), $e
    822▕                 );
    823▕             }
    824▕ 
  ➜ 825▕             throw new QueryException(
    826▕                 $this->getName(), $query, $this->prepareBindings($bindings), $e
    827▕             );
    828▕         }
    829▕     }

  [33m1   [39m[39;1mvendor\laravel\framework\src\Illuminate\Database\Connection.php[39;22m:[39;1m825[39;22m

  [33m2   [39m[39;1mvendor\laravel\framework\src\Illuminate\Database\Connection.php[39;22m:[39;1m571[39;22m
  [90m    NunoMaduro\Collision\Exceptions\TestException::("SQLSTATE[22P02]: Invalid text representation: 7 FEHLER:  ungültige Eingabesyntax für Typ uuid: »5«
CONTEXT:  unbenanntes Portal Parameter $7 = '...'")[39m

  [31m────────────────────────────────────────────────────────────────────────────────────────────────────────────────────[39m  
  [41;1m FAILED [49;22m [1mTests\Feature\Services\VoterSlugServiceTest[22m [90m>[39m get or create returns active slug            [41;1m QueryException [49;22m  
[39;1m  SQLSTATE[22P02]: Invalid text representation: 7 FEHLER:  ungültige Eingabesyntax für Typ uuid: »5«
CONTEXT:  unbenanntes Portal Parameter $7 = '...' (Connection: pgsql, SQL: insert into "users" ("name", "email", "email_verified_at", "password", "remember_token", "region", "organisation_id", "is_committee_member", "id", "updated_at", "created_at") values (Angus Nolan, kerluke.edd@example.net, 2026-05-31 08:58:19, $2y$10$92IXUNpkjO0rOQ5byMi.Ye4oKoEa3Ro9llC/.og/at2.uheWG/igi, t9NhHEu0ZF, Nebraska, 5, 0, a1e8ed8c-f55e-4b11-b26d-219a4238c126, 2026-05-31 08:58:19, 2026-05-31 08:58:19))[39;22m

  at [32mvendor\laravel\framework\src\Illuminate\Database\Connection.php[39m:[32m825[39m
    821▕                     $this->getName(), $query, $this->prepareBindings($bindings), $e
    822▕                 );
    823▕             }
    824▕ 
  ➜ 825▕             throw new QueryException(
    826▕                 $this->getName(), $query, $this->prepareBindings($bindings), $e
    827▕             );
    828▕         }
    829▕     }

  [33m1   [39m[39;1mvendor\laravel\framework\src\Illuminate\Database\Connection.php[39;22m:[39;1m825[39;22m

  [33m2   [39m[39;1mvendor\laravel\framework\src\Illuminate\Database\Connection.php[39;22m:[39;1m571[39;22m
  [90m    NunoMaduro\Collision\Exceptions\TestException::("SQLSTATE[22P02]: Invalid text representation: 7 FEHLER:  ungültige Eingabesyntax für Typ uuid: »5«
CONTEXT:  unbenanntes Portal Parameter $7 = '...'")[39m

  [31m────────────────────────────────────────────────────────────────────────────────────────────────────────────────────[39m  
  [41;1m FAILED [49;22m [1mTests\Feature\Services\VoterSlugServiceTest[22m [90m>[39m creates new slug when existing expired       [41;1m QueryException [49;22m  
[39;1m  SQLSTATE[22P02]: Invalid text representation: 7 FEHLER:  ungültige Eingabesyntax für Typ uuid: »5«
CONTEXT:  unbenanntes Portal Parameter $7 = '...' (Connection: pgsql, SQL: insert into "users" ("name", "email", "email_verified_at", "password", "remember_token", "region", "organisation_id", "is_committee_member", "id", "updated_at", "created_at") values (Jimmie Macejkovic, schaden.crystal@example.org, 2026-05-31 08:58:19, $2y$10$92IXUNpkjO0rOQ5byMi.Ye4oKoEa3Ro9llC/.og/at2.uheWG/igi, Xaqb21GHw6, Massachusetts, 5, 0, a1e8ed8d-3b8d-4d81-a5c9-e6686e9e9986, 2026-05-31 08:58:19, 2026-05-31 08:58:19))[39;22m

  at [32mvendor\laravel\framework\src\Illuminate\Database\Connection.php[39m:[32m825[39m
    821▕                     $this->getName(), $query, $this->prepareBindings($bindings), $e
    822▕                 );
    823▕             }
    824▕ 
  ➜ 825▕             throw new QueryException(
    826▕                 $this->getName(), $query, $this->prepareBindings($bindings), $e
    827▕             );
    828▕         }
    829▕     }

  [33m1   [39m[39;1mvendor\laravel\framework\src\Illuminate\Database\Connection.php[39;22m:[39;1m825[39;22m

  [33m2   [39m[39;1mvendor\laravel\framework\src\Illuminate\Database\Connection.php[39;22m:[39;1m571[39;22m
  [90m    NunoMaduro\Collision\Exceptions\TestException::("SQLSTATE[22P02]: Invalid text representation: 7 FEHLER:  ungültige Eingabesyntax für Typ uuid: »5«
CONTEXT:  unbenanntes Portal Parameter $7 = '...'")[39m

  [31m────────────────────────────────────────────────────────────────────────────────────────────────────────────────────[39m  
  [41;1m FAILED [49;22m [1mTests\Feature\Services\VoterSlugServiceTest[22m [90m>[39m validates slug for user                      [41;1m QueryException [49;22m  
[39;1m  SQLSTATE[22P02]: Invalid text representation: 7 FEHLER:  ungültige Eingabesyntax für Typ uuid: »5«
CONTEXT:  unbenanntes Portal Parameter $7 = '...' (Connection: pgsql, SQL: insert into "users" ("name", "email", "email_verified_at", "password", "remember_token", "region", "organisation_id", "is_committee_member", "id", "updated_at", "created_at") values (Garfield Steuber, makenna.sawayn@example.net, 2026-05-31 08:58:19, $2y$10$92IXUNpkjO0rOQ5byMi.Ye4oKoEa3Ro9llC/.og/at2.uheWG/igi, opO8bqMLYL, Kansas, 5, 0, a1e8ed8d-754e-4b0f-bf96-a14897ad801d, 2026-05-31 08:58:19, 2026-05-31 08:58:19))[39;22m

  at [32mvendor\laravel\framework\src\Illuminate\Database\Connection.php[39m:[32m825[39m
    821▕                     $this->getName(), $query, $this->prepareBindings($bindings), $e
    822▕                 );
    823▕             }
    824▕ 
  ➜ 825▕             throw new QueryException(
    826▕                 $this->getName(), $query, $this->prepareBindings($bindings), $e
    827▕             );
    828▕         }
    829▕     }

  [33m1   [39m[39;1mvendor\laravel\framework\src\Illuminate\Database\Connection.php[39;22m:[39;1m825[39;22m

  [33m2   [39m[39;1mvendor\laravel\framework\src\Illuminate\Database\Connection.php[39;22m:[39;1m571[39;22m
  [90m    NunoMaduro\Collision\Exceptions\TestException::("SQLSTATE[22P02]: Invalid text representation: 7 FEHLER:  ungültige Eingabesyntax für Typ uuid: »5«
CONTEXT:  unbenanntes Portal Parameter $7 = '...'")[39m

  [31m────────────────────────────────────────────────────────────────────────────────────────────────────────────────────[39m  
  [41;1m FAILED [49;22m [1mTests\Feature\Services\VoterSlugServiceTest[22m [90m>[39m returns null when slug belongs to different… [41;1m QueryException [49;22m  
[39;1m  SQLSTATE[22P02]: Invalid text representation: 7 FEHLER:  ungültige Eingabesyntax für Typ uuid: »5«
CONTEXT:  unbenanntes Portal Parameter $7 = '...' (Connection: pgsql, SQL: insert into "users" ("name", "email", "email_verified_at", "password", "remember_token", "region", "organisation_id", "is_committee_member", "id", "updated_at", "created_at") values (Elmore Hilpert, bheaney@example.org, 2026-05-31 08:58:19, $2y$10$92IXUNpkjO0rOQ5byMi.Ye4oKoEa3Ro9llC/.og/at2.uheWG/igi, c6fJUValHO, Alabama, 5, 0, a1e8ed8d-b160-4975-8ced-09e49421eaed, 2026-05-31 08:58:19, 2026-05-31 08:58:19))[39;22m

  at [32mvendor\laravel\framework\src\Illuminate\Database\Connection.php[39m:[32m825[39m
    821▕                     $this->getName(), $query, $this->prepareBindings($bindings), $e
    822▕                 );
    823▕             }
    824▕ 
  ➜ 825▕             throw new QueryException(
    826▕                 $this->getName(), $query, $this->prepareBindings($bindings), $e
    827▕             );
    828▕         }
    829▕     }

  [33m1   [39m[39;1mvendor\laravel\framework\src\Illuminate\Database\Connection.php[39;22m:[39;1m825[39;22m

  [33m2   [39m[39;1mvendor\laravel\framework\src\Illuminate\Database\Connection.php[39;22m:[39;1m571[39;22m
  [90m    NunoMaduro\Collision\Exceptions\TestException::("SQLSTATE[22P02]: Invalid text representation: 7 FEHLER:  ungültige Eingabesyntax für Typ uuid: »5«
CONTEXT:  unbenanntes Portal Parameter $7 = '...'")[39m

  [31m────────────────────────────────────────────────────────────────────────────────────────────────────────────────────[39m  
  [41;1m FAILED [49;22m [1mTests\Feature\Services\VoterSlugServiceTest[22m [90m>[39m returns null for inactive slug validation    [41;1m QueryException [49;22m  
[39;1m  SQLSTATE[22P02]: Invalid text representation: 7 FEHLER:  ungültige Eingabesyntax für Typ uuid: »5«
CONTEXT:  unbenanntes Portal Parameter $7 = '...' (Connection: pgsql, SQL: insert into "users" ("name", "email", "email_verified_at", "password", "remember_token", "region", "organisation_id", "is_committee_member", "id", "updated_at", "created_at") values (Rene Ruecker, elenor90@example.org, 2026-05-31 08:58:19, $2y$10$92IXUNpkjO0rOQ5byMi.Ye4oKoEa3Ro9llC/.og/at2.uheWG/igi, 8GQTGQESzR, Indiana, 5, 0, a1e8ed8d-ee62-47fa-bd3d-ee0755df2d38, 2026-05-31 08:58:19, 2026-05-31 08:58:19))[39;22m

  at [32mvendor\laravel\framework\src\Illuminate\Database\Connection.php[39m:[32m825[39m
    821▕                     $this->getName(), $query, $this->prepareBindings($bindings), $e
    822▕                 );
    823▕             }
    824▕ 
  ➜ 825▕             throw new QueryException(
    826▕                 $this->getName(), $query, $this->prepareBindings($bindings), $e
    827▕             );
    828▕         }
    829▕     }

  [33m1   [39m[39;1mvendor\laravel\framework\src\Illuminate\Database\Connection.php[39;22m:[39;1m825[39;22m

  [33m2   [39m[39;1mvendor\laravel\framework\src\Illuminate\Database\Connection.php[39;22m:[39;1m571[39;22m
  [90m    NunoMaduro\Collision\Exceptions\TestException::("SQLSTATE[22P02]: Invalid text representation: 7 FEHLER:  ungültige Eingabesyntax für Typ uuid: »5«
CONTEXT:  unbenanntes Portal Parameter $7 = '...'")[39m

  [31m────────────────────────────────────────────────────────────────────────────────────────────────────────────────────[39m  
  [41;1m FAILED [49;22m [1mTests\Feature\Services\VoterSlugServiceTest[22m [90m>[39m returns null for expired slug validation     [41;1m QueryException [49;22m  
[39;1m  SQLSTATE[22P02]: Invalid text representation: 7 FEHLER:  ungültige Eingabesyntax für Typ uuid: »5«
CONTEXT:  unbenanntes Portal Parameter $7 = '...' (Connection: pgsql, SQL: insert into "users" ("name", "email", "email_verified_at", "password", "remember_token", "region", "organisation_id", "is_committee_member", "id", "updated_at", "created_at") values (Dr. Myriam Dietrich I, damon20@example.org, 2026-05-31 08:58:20, $2y$10$92IXUNpkjO0rOQ5byMi.Ye4oKoEa3Ro9llC/.og/at2.uheWG/igi, zVkRYVKKGn, Maine, 5, 0, a1e8ed8e-2aae-4a42-8442-8877e1b2c5b6, 2026-05-31 08:58:20, 2026-05-31 08:58:20))[39;22m

  at [32mvendor\laravel\framework\src\Illuminate\Database\Connection.php[39m:[32m825[39m
    821▕                     $this->getName(), $query, $this->prepareBindings($bindings), $e
    822▕                 );
    823▕             }
    824▕ 
  ➜ 825▕             throw new QueryException(
    826▕                 $this->getName(), $query, $this->prepareBindings($bindings), $e
    827▕             );
    828▕         }
    829▕     }

  [33m1   [39m[39;1mvendor\laravel\framework\src\Illuminate\Database\Connection.php[39;22m:[39;1m825[39;22m

  [33m2   [39m[39;1mvendor\laravel\framework\src\Illuminate\Database\Connection.php[39;22m:[39;1m571[39;22m
  [90m    NunoMaduro\Collision\Exceptions\TestException::("SQLSTATE[22P02]: Invalid text representation: 7 FEHLER:  ungültige Eingabesyntax für Typ uuid: »5«
CONTEXT:  unbenanntes Portal Parameter $7 = '...'")[39m

  [31m────────────────────────────────────────────────────────────────────────────────────────────────────────────────────[39m  
  [41;1m FAILED [49;22m [1mTests\Feature\Services\VoterSlugServiceTest[22m [90m>[39m builds voting link correctly                 [41;1m QueryException [49;22m  
[39;1m  SQLSTATE[22P02]: Invalid text representation: 7 FEHLER:  ungültige Eingabesyntax für Typ uuid: »5«
CONTEXT:  unbenanntes Portal Parameter $7 = '...' (Connection: pgsql, SQL: insert into "users" ("name", "email", "email_verified_at", "password", "remember_token", "region", "organisation_id", "is_committee_member", "id", "updated_at", "created_at") values (Kariane Ziemann, jmiller@example.com, 2026-05-31 08:58:20, $2y$10$92IXUNpkjO0rOQ5byMi.Ye4oKoEa3Ro9llC/.og/at2.uheWG/igi, TAzF2N9uRg, Florida, 5, 0, a1e8ed8e-6b01-4191-b7d7-489f8cc2e939, 2026-05-31 08:58:20, 2026-05-31 08:58:20))[39;22m

  at [32mvendor\laravel\framework\src\Illuminate\Database\Connection.php[39m:[32m825[39m
    821▕                     $this->getName(), $query, $this->prepareBindings($bindings), $e
    822▕                 );
    823▕             }
    824▕ 
  ➜ 825▕             throw new QueryException(
    826▕                 $this->getName(), $query, $this->prepareBindings($bindings), $e
    827▕             );
    828▕         }
    829▕     }

  [33m1   [39m[39;1mvendor\laravel\framework\src\Illuminate\Database\Connection.php[39;22m:[39;1m825[39;22m

  [33m2   [39m[39;1mvendor\laravel\framework\src\Illuminate\Database\Connection.php[39;22m:[39;1m571[39;22m
  [90m    NunoMaduro\Collision\Exceptions\TestException::("SQLSTATE[22P02]: Invalid text representation: 7 FEHLER:  ungültige Eingabesyntax für Typ uuid: »5«
CONTEXT:  unbenanntes Portal Parameter $7 = '...'")[39m

  [31m────────────────────────────────────────────────────────────────────────────────────────────────────────────────────[39m  
  [41;1m FAILED [49;22m [1mTests\Feature\Services\VoterSlugServiceTest[22m [90m>[39m c r i t i c a l slug has correct election a… [41;1m QueryException [49;22m  
[39;1m  SQLSTATE[22P02]: Invalid text representation: 7 FEHLER:  ungültige Eingabesyntax für Typ uuid: »5«
CONTEXT:  unbenanntes Portal Parameter $7 = '...' (Connection: pgsql, SQL: insert into "users" ("name", "email", "email_verified_at", "password", "remember_token", "region", "organisation_id", "is_committee_member", "id", "updated_at", "created_at") values (Hellen Durgan, eino.green@example.net, 2026-05-31 08:58:20, $2y$10$92IXUNpkjO0rOQ5byMi.Ye4oKoEa3Ro9llC/.og/at2.uheWG/igi, fVnXlm86jo, Mississippi, 5, 0, a1e8ed8e-a88b-460d-933b-ee949b1feba6, 2026-05-31 08:58:20, 2026-05-31 08:58:20))[39;22m

  at [32mvendor\laravel\framework\src\Illuminate\Database\Connection.php[39m:[32m825[39m
    821▕                     $this->getName(), $query, $this->prepareBindings($bindings), $e
    822▕                 );
    823▕             }
    824▕ 
  ➜ 825▕             throw new QueryException(
    826▕                 $this->getName(), $query, $this->prepareBindings($bindings), $e
    827▕             );
    828▕         }
    829▕     }

  [33m1   [39m[39;1mvendor\laravel\framework\src\Illuminate\Database\Connection.php[39;22m:[39;1m825[39;22m

  [33m2   [39m[39;1mvendor\laravel\framework\src\Illuminate\Database\Connection.php[39;22m:[39;1m571[39;22m
  [90m    NunoMaduro\Collision\Exceptions\TestException::("SQLSTATE[22P02]: Invalid text representation: 7 FEHLER:  ungültige Eingabesyntax für Typ uuid: »5«
CONTEXT:  unbenanntes Portal Parameter $7 = '...'")[39m

  [31m────────────────────────────────────────────────────────────────────────────────────────────────────────────────────[39m  
  [41;1m FAILED [49;22m [1mTests\Feature\Services\VoterSlugServiceTest[22m [90m>[39m c r i t i c a l organisation id is saved fr… [41;1m QueryException [49;22m  
[39;1m  SQLSTATE[22P02]: Invalid text representation: 7 FEHLER:  ungültige Eingabesyntax für Typ uuid: »8«
CONTEXT:  unbenanntes Portal Parameter $7 = '...' (Connection: pgsql, SQL: insert into "users" ("name", "email", "email_verified_at", "password", "remember_token", "region", "organisation_id", "is_committee_member", "id", "updated_at", "created_at") values (Dr. Savannah Lang, pinkie.hagenes@example.com, 2026-05-31 08:58:20, $2y$10$92IXUNpkjO0rOQ5byMi.Ye4oKoEa3Ro9llC/.og/at2.uheWG/igi, dlqfOndNba, New Jersey, 8, 0, a1e8ed8e-e2b0-4089-8e0d-587258c85d26, 2026-05-31 08:58:20, 2026-05-31 08:58:20))[39;22m

  at [32mvendor\laravel\framework\src\Illuminate\Database\Connection.php[39m:[32m825[39m
    821▕                     $this->getName(), $query, $this->prepareBindings($bindings), $e
    822▕                 );
    823▕             }
    824▕ 
  ➜ 825▕             throw new QueryException(
    826▕                 $this->getName(), $query, $this->prepareBindings($bindings), $e
    827▕             );
    828▕         }
    829▕     }

  [33m1   [39m[39;1mvendor\laravel\framework\src\Illuminate\Database\Connection.php[39;22m:[39;1m825[39;22m

  [33m2   [39m[39;1mvendor\laravel\framework\src\Illuminate\Database\Connection.php[39;22m:[39;1m571[39;22m
  [90m    NunoMaduro\Collision\Exceptions\TestException::("SQLSTATE[22P02]: Invalid text representation: 7 FEHLER:  ungültige Eingabesyntax für Typ uuid: »8«
CONTEXT:  unbenanntes Portal Parameter $7 = '...'")[39m

  [31m────────────────────────────────────────────────────────────────────────────────────────────────────────────────────[39m  
  [41;1m FAILED [49;22m [1mTests\Feature\Services\VoterSlugServiceTest[22m [90m>[39m c r i t i c a l correct election per organi… [41;1m QueryException [49;22m  
[39;1m  SQLSTATE[22P02]: Invalid text representation: 7 FEHLER:  ungültige Eingabesyntax für Typ uuid: »10«
CONTEXT:  unbenanntes Portal Parameter $7 = '...' (Connection: pgsql, SQL: insert into "users" ("name", "email", "email_verified_at", "password", "remember_token", "region", "organisation_id", "is_committee_member", "id", "updated_at", "created_at") values (Mrs. Maxie Miller, oliver31@example.com, 2026-05-31 08:58:20, $2y$10$92IXUNpkjO0rOQ5byMi.Ye4oKoEa3Ro9llC/.og/at2.uheWG/igi, w4tA9CV7TP, Vermont, 10, 0, a1e8ed8f-2089-4b2c-8bb6-7dd17171bcb4, 2026-05-31 08:58:20, 2026-05-31 08:58:20))[39;22m

  at [32mvendor\laravel\framework\src\Illuminate\Database\Connection.php[39m:[32m825[39m
    821▕                     $this->getName(), $query, $this->prepareBindings($bindings), $e
    822▕                 );
    823▕             }
    824▕ 
  ➜ 825▕             throw new QueryException(
    826▕                 $this->getName(), $query, $this->prepareBindings($bindings), $e
    827▕             );
    828▕         }
    829▕     }

  [33m1   [39m[39;1mvendor\laravel\framework\src\Illuminate\Database\Connection.php[39;22m:[39;1m825[39;22m

  [33m2   [39m[39;1mvendor\laravel\framework\src\Illuminate\Database\Connection.php[39;22m:[39;1m571[39;22m
  [90m    NunoMaduro\Collision\Exceptions\TestException::("SQLSTATE[22P02]: Invalid text representation: 7 FEHLER:  ungültige Eingabesyntax für Typ uuid: »10«
CONTEXT:  unbenanntes Portal Parameter $7 = '...'")[39m

  [31m────────────────────────────────────────────────────────────────────────────────────────────────────────────────────[39m  
  [41;1m FAILED [49;22m [1mTests\Feature\SingleElectionLoginFlowTest[22m [90m>[39m scenario 1 admin login redirects to admin das… [41;1m QueryException [49;22m  
[39;1m  SQLSTATE[23502]: Not null violation: 7 FEHLER:  NULL-Wert in Spalte »organisation_id« von Relation »elections« verletzt Not-Null-Constraint
DETAIL:  Fehlgeschlagene Zeile enthält (a1e8ed8f-69c7-4f41-ba90-e7475122eca9, null, Demo Election, demo-election, Test election, demo, planned, 2026-05-30 08:58:20, 2026-08-31 08:58:20, t, null, 2026-05-31 08:58:20, 2026-05-31 08:58:20, null, f, f, 4, null, f, No vote / Abstain, maximum, null, null, 0, null, null, null, block, strict, none, null, null, null, f, null, null, null, f, null, null, null, t, 7, null, f, null, null, f, null, 0, 0, 0, 0, 0, 0, draft, null, null, null, null, null, null, null, null, 0, null, null, null, null, null, null, null, null, null, null, null, ip_count, none, 6, single_code, f, null, null, null, D.2.5, null). (Connection: pgsql, SQL: insert into "elections" ("name", "slug", "type", "description", "is_active", "start_date", "end_date", "id", "organisation_id", "updated_at", "created_at") values (Demo Election, demo-election, demo, Test election, 1, 2026-05-30 08:58:20, 2026-08-31 08:58:20, a1e8ed8f-69c7-4f41-ba90-e7475122eca9, ?, 2026-05-31 08:58:20, 2026-05-31 08:58:20))[39;22m

  at [32mvendor\laravel\framework\src\Illuminate\Database\Connection.php[39m:[32m825[39m
    821▕                     $this->getName(), $query, $this->prepareBindings($bindings), $e
    822▕                 );
    823▕             }
    824▕ 
  ➜ 825▕             throw new QueryException(
    826▕                 $this->getName(), $query, $this->prepareBindings($bindings), $e
    827▕             );
    828▕         }
    829▕     }

  [33m1   [39m[39;1mvendor\laravel\framework\src\Illuminate\Database\Connection.php[39;22m:[39;1m825[39;22m

  [33m2   [39m[39;1mvendor\laravel\framework\src\Illuminate\Database\Connection.php[39;22m:[39;1m571[39;22m
  [90m    NunoMaduro\Collision\Exceptions\TestException::("SQLSTATE[23502]: Not null violation: 7 FEHLER:  NULL-Wert in Spalte »organisation_id« von Relation »elections« verletzt Not-Null-Constraint
DETAIL:  Fehlgeschlagene Zeile enthält (a1e8ed8f-69c7-4f41-ba90-e7475122eca9, null, Demo Election, demo-election, Test election, demo, planned, 2026-05-30 08:58:20, 2026-08-31 08:58:20, t, null, 2026-05-31 08:58:20, 2026-05-31 08:58:20, null, f, f, 4, null, f, No vote / Abstain, maximum, null, null, 0, null, null, null, block, strict, none, null, null, null, f, null, null, null, f, null, null, null, t, 7, null, f, null, null, f, null, 0, 0, 0, 0, 0, 0, draft, null, null, null, null, null, null, null, null, 0, null, null, null, null, null, null, null, null, null, null, null, ip_count, none, 6, single_code, f, null, null, null, D.2.5, null).")[39m

  [31m────────────────────────────────────────────────────────────────────────────────────────────────────────────────────[39m  
  [41;1m FAILED [49;22m [1mTests\Feature\SingleElectionLoginFlowTest[22m [90m>[39m scenario 2 eligible voter on election day red… [41;1m QueryException [49;22m  
[39;1m  SQLSTATE[23502]: Not null violation: 7 FEHLER:  NULL-Wert in Spalte »organisation_id« von Relation »elections« verletzt Not-Null-Constraint
DETAIL:  Fehlgeschlagene Zeile enthält (a1e8ed8f-9cc2-4bd8-a08e-67c0624fe32f, null, Demo Election, demo-election, Test election, demo, planned, 2026-05-30 08:58:20, 2026-08-31 08:58:20, t, null, 2026-05-31 08:58:20, 2026-05-31 08:58:20, null, f, f, 4, null, f, No vote / Abstain, maximum, null, null, 0, null, null, null, block, strict, none, null, null, null, f, null, null, null, f, null, null, null, t, 7, null, f, null, null, f, null, 0, 0, 0, 0, 0, 0, draft, null, null, null, null, null, null, null, null, 0, null, null, null, null, null, null, null, null, null, null, null, ip_count, none, 6, single_code, f, null, null, null, D.2.5, null). (Connection: pgsql, SQL: insert into "elections" ("name", "slug", "type", "description", "is_active", "start_date", "end_date", "id", "organisation_id", "updated_at", "created_at") values (Demo Election, demo-election, demo, Test election, 1, 2026-05-30 08:58:20, 2026-08-31 08:58:20, a1e8ed8f-9cc2-4bd8-a08e-67c0624fe32f, ?, 2026-05-31 08:58:20, 2026-05-31 08:58:20))[39;22m

  at [32mvendor\laravel\framework\src\Illuminate\Database\Connection.php[39m:[32m825[39m
    821▕                     $this->getName(), $query, $this->prepareBindings($bindings), $e
    822▕                 );
    823▕             }
    824▕ 
  ➜ 825▕             throw new QueryException(
    826▕                 $this->getName(), $query, $this->prepareBindings($bindings), $e
    827▕             );
    828▕         }
    829▕     }

  [33m1   [39m[39;1mvendor\laravel\framework\src\Illuminate\Database\Connection.php[39;22m:[39;1m825[39;22m

  [33m2   [39m[39;1mvendor\laravel\framework\src\Illuminate\Database\Connection.php[39;22m:[39;1m571[39;22m
  [90m    NunoMaduro\Collision\Exceptions\TestException::("SQLSTATE[23502]: Not null violation: 7 FEHLER:  NULL-Wert in Spalte »organisation_id« von Relation »elections« verletzt Not-Null-Constraint
DETAIL:  Fehlgeschlagene Zeile enthält (a1e8ed8f-9cc2-4bd8-a08e-67c0624fe32f, null, Demo Election, demo-election, Test election, demo, planned, 2026-05-30 08:58:20, 2026-08-31 08:58:20, t, null, 2026-05-31 08:58:20, 2026-05-31 08:58:20, null, f, f, 4, null, f, No vote / Abstain, maximum, null, null, 0, null, null, null, block, strict, none, null, null, null, f, null, null, null, f, null, null, null, t, 7, null, f, null, null, f, null, 0, 0, 0, 0, 0, 0, draft, null, null, null, null, null, null, null, null, 0, null, null, null, null, null, null, null, null, null, null, null, ip_count, none, 6, single_code, f, null, null, null, D.2.5, null).")[39m

  [31m────────────────────────────────────────────────────────────────────────────────────────────────────────────────────[39m  
  [41;1m FAILED [49;22m [1mTests\Feature\SingleElectionLoginFlowTest[22m [90m>[39m scenario 3 ineligible voter redirects to dash… [41;1m QueryException [49;22m  
[39;1m  SQLSTATE[23502]: Not null violation: 7 FEHLER:  NULL-Wert in Spalte »organisation_id« von Relation »elections« verletzt Not-Null-Constraint
DETAIL:  Fehlgeschlagene Zeile enthält (a1e8ed8f-d308-4cde-b15a-225c8f2fe6d0, null, Demo Election, demo-election, Test election, demo, planned, 2026-05-30 08:58:21, 2026-08-31 08:58:21, t, null, 2026-05-31 08:58:21, 2026-05-31 08:58:21, null, f, f, 4, null, f, No vote / Abstain, maximum, null, null, 0, null, null, null, block, strict, none, null, null, null, f, null, null, null, f, null, null, null, t, 7, null, f, null, null, f, null, 0, 0, 0, 0, 0, 0, draft, null, null, null, null, null, null, null, null, 0, null, null, null, null, null, null, null, null, null, null, null, ip_count, none, 6, single_code, f, null, null, null, D.2.5, null). (Connection: pgsql, SQL: insert into "elections" ("name", "slug", "type", "description", "is_active", "start_date", "end_date", "id", "organisation_id", "updated_at", "created_at") values (Demo Election, demo-election, demo, Test election, 1, 2026-05-30 08:58:21, 2026-08-31 08:58:21, a1e8ed8f-d308-4cde-b15a-225c8f2fe6d0, ?, 2026-05-31 08:58:21, 2026-05-31 08:58:21))[39;22m

  at [32mvendor\laravel\framework\src\Illuminate\Database\Connection.php[39m:[32m825[39m
    821▕                     $this->getName(), $query, $this->prepareBindings($bindings), $e
    822▕                 );
    823▕             }
    824▕ 
  ➜ 825▕             throw new QueryException(
    826▕                 $this->getName(), $query, $this->prepareBindings($bindings), $e
    827▕             );
    828▕         }
    829▕     }

  [33m1   [39m[39;1mvendor\laravel\framework\src\Illuminate\Database\Connection.php[39;22m:[39;1m825[39;22m

  [33m2   [39m[39;1mvendor\laravel\framework\src\Illuminate\Database\Connection.php[39;22m:[39;1m571[39;22m
  [90m    NunoMaduro\Collision\Exceptions\TestException::("SQLSTATE[23502]: Not null violation: 7 FEHLER:  NULL-Wert in Spalte »organisation_id« von Relation »elections« verletzt Not-Null-Constraint
DETAIL:  Fehlgeschlagene Zeile enthält (a1e8ed8f-d308-4cde-b15a-225c8f2fe6d0, null, Demo Election, demo-election, Test election, demo, planned, 2026-05-30 08:58:21, 2026-08-31 08:58:21, t, null, 2026-05-31 08:58:21, 2026-05-31 08:58:21, null, f, f, 4, null, f, No vote / Abstain, maximum, null, null, 0, null, null, null, block, strict, none, null, null, null, f, null, null, null, f, null, null, null, t, 7, null, f, null, null, f, null, 0, 0, 0, 0, 0, 0, draft, null, null, null, null, null, null, null, null, 0, null, null, null, null, null, null, null, null, null, null, null, ip_count, none, 6, single_code, f, null, null, null, D.2.5, null).")[39m

  [31m────────────────────────────────────────────────────────────────────────────────────────────────────────────────────[39m  
  [41;1m FAILED [49;22m [1mTests\Feature\SingleElectionLoginFlowTest[22m [90m>[39m scenario 4 demo election access                [41;1m QueryException [49;22m  
[39;1m  SQLSTATE[23502]: Not null violation: 7 FEHLER:  NULL-Wert in Spalte »organisation_id« von Relation »elections« verletzt Not-Null-Constraint
DETAIL:  Fehlgeschlagene Zeile enthält (a1e8ed90-0e3e-44ba-b0b8-c4936b684f46, null, Demo Election, demo-election, Test election, demo, planned, 2026-05-30 08:58:21, 2026-08-31 08:58:21, t, null, 2026-05-31 08:58:21, 2026-05-31 08:58:21, null, f, f, 4, null, f, No vote / Abstain, maximum, null, null, 0, null, null, null, block, strict, none, null, null, null, f, null, null, null, f, null, null, null, t, 7, null, f, null, null, f, null, 0, 0, 0, 0, 0, 0, draft, null, null, null, null, null, null, null, null, 0, null, null, null, null, null, null, null, null, null, null, null, ip_count, none, 6, single_code, f, null, null, null, D.2.5, null). (Connection: pgsql, SQL: insert into "elections" ("name", "slug", "type", "description", "is_active", "start_date", "end_date", "id", "organisation_id", "updated_at", "created_at") values (Demo Election, demo-election, demo, Test election, 1, 2026-05-30 08:58:21, 2026-08-31 08:58:21, a1e8ed90-0e3e-44ba-b0b8-c4936b684f46, ?, 2026-05-31 08:58:21, 2026-05-31 08:58:21))[39;22m

  at [32mvendor\laravel\framework\src\Illuminate\Database\Connection.php[39m:[32m825[39m
    821▕                     $this->getName(), $query, $this->prepareBindings($bindings), $e
    822▕                 );
    823▕             }
    824▕ 
  ➜ 825▕             throw new QueryException(
    826▕                 $this->getName(), $query, $this->prepareBindings($bindings), $e
    827▕             );
    828▕         }
    829▕     }

  [33m1   [39m[39;1mvendor\laravel\framework\src\Illuminate\Database\Connection.php[39;22m:[39;1m825[39;22m

  [33m2   [39m[39;1mvendor\laravel\framework\src\Illuminate\Database\Connection.php[39;22m:[39;1m571[39;22m
  [90m    NunoMaduro\Collision\Exceptions\TestException::("SQLSTATE[23502]: Not null violation: 7 FEHLER:  NULL-Wert in Spalte »organisation_id« von Relation »elections« verletzt Not-Null-Constraint
DETAIL:  Fehlgeschlagene Zeile enthält (a1e8ed90-0e3e-44ba-b0b8-c4936b684f46, null, Demo Election, demo-election, Test election, demo, planned, 2026-05-30 08:58:21, 2026-08-31 08:58:21, t, null, 2026-05-31 08:58:21, 2026-05-31 08:58:21, null, f, f, 4, null, f, No vote / Abstain, maximum, null, null, 0, null, null, null, block, strict, none, null, null, null, f, null, null, null, f, null, null, null, t, 7, null, f, null, null, f, null, 0, 0, 0, 0, 0, 0, draft, null, null, null, null, null, null, null, null, 0, null, null, null, null, null, null, null, null, null, null, null, ip_count, none, 6, single_code, f, null, null, null, D.2.5, null).")[39m

  [31m────────────────────────────────────────────────────────────────────────────────────────────────────────────────────[39m  
  [41;1m FAILED [49;22m [1mTests\Feature\SingleElectionLoginFlowTest[22m [90m>[39m elections are configured correctly             [41;1m QueryException [49;22m  
[39;1m  SQLSTATE[23502]: Not null violation: 7 FEHLER:  NULL-Wert in Spalte »organisation_id« von Relation »elections« verletzt Not-Null-Constraint
DETAIL:  Fehlgeschlagene Zeile enthält (a1e8ed90-4cee-4d7d-841d-7565cbbd5a4b, null, Demo Election, demo-election, Test election, demo, planned, 2026-05-30 08:58:21, 2026-08-31 08:58:21, t, null, 2026-05-31 08:58:21, 2026-05-31 08:58:21, null, f, f, 4, null, f, No vote / Abstain, maximum, null, null, 0, null, null, null, block, strict, none, null, null, null, f, null, null, null, f, null, null, null, t, 7, null, f, null, null, f, null, 0, 0, 0, 0, 0, 0, draft, null, null, null, null, null, null, null, null, 0, null, null, null, null, null, null, null, null, null, null, null, ip_count, none, 6, single_code, f, null, null, null, D.2.5, null). (Connection: pgsql, SQL: insert into "elections" ("name", "slug", "type", "description", "is_active", "start_date", "end_date", "id", "organisation_id", "updated_at", "created_at") values (Demo Election, demo-election, demo, Test election, 1, 2026-05-30 08:58:21, 2026-08-31 08:58:21, a1e8ed90-4cee-4d7d-841d-7565cbbd5a4b, ?, 2026-05-31 08:58:21, 2026-05-31 08:58:21))[39;22m

  at [32mvendor\laravel\framework\src\Illuminate\Database\Connection.php[39m:[32m825[39m
    821▕                     $this->getName(), $query, $this->prepareBindings($bindings), $e
    822▕                 );
    823▕             }
    824▕ 
  ➜ 825▕             throw new QueryException(
    826▕                 $this->getName(), $query, $this->prepareBindings($bindings), $e
    827▕             );
    828▕         }
    829▕     }

  [33m1   [39m[39;1mvendor\laravel\framework\src\Illuminate\Database\Connection.php[39;22m:[39;1m825[39;22m

  [33m2   [39m[39;1mvendor\laravel\framework\src\Illuminate\Database\Connection.php[39;22m:[39;1m571[39;22m
  [90m    NunoMaduro\Collision\Exceptions\TestException::("SQLSTATE[23502]: Not null violation: 7 FEHLER:  NULL-Wert in Spalte »organisation_id« von Relation »elections« verletzt Not-Null-Constraint
DETAIL:  Fehlgeschlagene Zeile enthält (a1e8ed90-4cee-4d7d-841d-7565cbbd5a4b, null, Demo Election, demo-election, Test election, demo, planned, 2026-05-30 08:58:21, 2026-08-31 08:58:21, t, null, 2026-05-31 08:58:21, 2026-05-31 08:58:21, null, f, f, 4, null, f, No vote / Abstain, maximum, null, null, 0, null, null, null, block, strict, none, null, null, null, f, null, null, null, f, null, null, null, t, 7, null, f, null, null, f, null, 0, 0, 0, 0, 0, 0, draft, null, null, null, null, null, null, null, null, 0, null, null, null, null, null, null, null, null, null, null, null, ip_count, none, 6, single_code, f, null, null, null, D.2.5, null).")[39m

  [31m────────────────────────────────────────────────────────────────────────────────────────────────────────────────────[39m  
  [41;1m FAILED [49;22m [1mTests\Feature\SingleElectionLoginFlowTest[22m [90m>[39m test users are configured correctly            [41;1m QueryException [49;22m  
[39;1m  SQLSTATE[23502]: Not null violation: 7 FEHLER:  NULL-Wert in Spalte »organisation_id« von Relation »elections« verletzt Not-Null-Constraint
DETAIL:  Fehlgeschlagene Zeile enthält (a1e8ed90-8e0a-4485-b984-aa08bc59676b, null, Demo Election, demo-election, Test election, demo, planned, 2026-05-30 08:58:21, 2026-08-31 08:58:21, t, null, 2026-05-31 08:58:21, 2026-05-31 08:58:21, null, f, f, 4, null, f, No vote / Abstain, maximum, null, null, 0, null, null, null, block, strict, none, null, null, null, f, null, null, null, f, null, null, null, t, 7, null, f, null, null, f, null, 0, 0, 0, 0, 0, 0, draft, null, null, null, null, null, null, null, null, 0, null, null, null, null, null, null, null, null, null, null, null, ip_count, none, 6, single_code, f, null, null, null, D.2.5, null). (Connection: pgsql, SQL: insert into "elections" ("name", "slug", "type", "description", "is_active", "start_date", "end_date", "id", "organisation_id", "updated_at", "created_at") values (Demo Election, demo-election, demo, Test election, 1, 2026-05-30 08:58:21, 2026-08-31 08:58:21, a1e8ed90-8e0a-4485-b984-aa08bc59676b, ?, 2026-05-31 08:58:21, 2026-05-31 08:58:21))[39;22m

  at [32mvendor\laravel\framework\src\Illuminate\Database\Connection.php[39m:[32m825[39m
    821▕                     $this->getName(), $query, $this->prepareBindings($bindings), $e
    822▕                 );
    823▕             }
    824▕ 
  ➜ 825▕             throw new QueryException(
    826▕                 $this->getName(), $query, $this->prepareBindings($bindings), $e
    827▕             );
    828▕         }
    829▕     }

  [33m1   [39m[39;1mvendor\laravel\framework\src\Illuminate\Database\Connection.php[39;22m:[39;1m825[39;22m

  [33m2   [39m[39;1mvendor\laravel\framework\src\Illuminate\Database\Connection.php[39;22m:[39;1m571[39;22m
  [90m    NunoMaduro\Collision\Exceptions\TestException::("SQLSTATE[23502]: Not null violation: 7 FEHLER:  NULL-Wert in Spalte »organisation_id« von Relation »elections« verletzt Not-Null-Constraint
DETAIL:  Fehlgeschlagene Zeile enthält (a1e8ed90-8e0a-4485-b984-aa08bc59676b, null, Demo Election, demo-election, Test election, demo, planned, 2026-05-30 08:58:21, 2026-08-31 08:58:21, t, null, 2026-05-31 08:58:21, 2026-05-31 08:58:21, null, f, f, 4, null, f, No vote / Abstain, maximum, null, null, 0, null, null, null, block, strict, none, null, null, null, f, null, null, null, f, null, null, null, t, 7, null, f, null, null, f, null, 0, 0, 0, 0, 0, 0, draft, null, null, null, null, null, null, null, null, 0, null, null, null, null, null, null, null, null, null, null, null, ip_count, none, 6, single_code, f, null, null, null, D.2.5, null).")[39m

  [31m────────────────────────────────────────────────────────────────────────────────────────────────────────────────────[39m  
  [41;1m FAILED [49;22m [1mTests\Feature\SingleElectionLoginFlowTest[22m [90m>[39m eligible voter can initiate voting flow        [41;1m QueryException [49;22m  
[39;1m  SQLSTATE[23502]: Not null violation: 7 FEHLER:  NULL-Wert in Spalte »organisation_id« von Relation »elections« verletzt Not-Null-Constraint
DETAIL:  Fehlgeschlagene Zeile enthält (a1e8ed90-c3ac-459d-bce4-818c6c7bc103, null, Demo Election, demo-election, Test election, demo, planned, 2026-05-30 08:58:21, 2026-08-31 08:58:21, t, null, 2026-05-31 08:58:21, 2026-05-31 08:58:21, null, f, f, 4, null, f, No vote / Abstain, maximum, null, null, 0, null, null, null, block, strict, none, null, null, null, f, null, null, null, f, null, null, null, t, 7, null, f, null, null, f, null, 0, 0, 0, 0, 0, 0, draft, null, null, null, null, null, null, null, null, 0, null, null, null, null, null, null, null, null, null, null, null, ip_count, none, 6, single_code, f, null, null, null, D.2.5, null). (Connection: pgsql, SQL: insert into "elections" ("name", "slug", "type", "description", "is_active", "start_date", "end_date", "id", "organisation_id", "updated_at", "created_at") values (Demo Election, demo-election, demo, Test election, 1, 2026-05-30 08:58:21, 2026-08-31 08:58:21, a1e8ed90-c3ac-459d-bce4-818c6c7bc103, ?, 2026-05-31 08:58:21, 2026-05-31 08:58:21))[39;22m

  at [32mvendor\laravel\framework\src\Illuminate\Database\Connection.php[39m:[32m825[39m
    821▕                     $this->getName(), $query, $this->prepareBindings($bindings), $e
    822▕                 );
    823▕             }
    824▕ 
  ➜ 825▕             throw new QueryException(
    826▕                 $this->getName(), $query, $this->prepareBindings($bindings), $e
    827▕             );
    828▕         }
    829▕     }

  [33m1   [39m[39;1mvendor\laravel\framework\src\Illuminate\Database\Connection.php[39;22m:[39;1m825[39;22m

  [33m2   [39m[39;1mvendor\laravel\framework\src\Illuminate\Database\Connection.php[39;22m:[39;1m571[39;22m
  [90m    NunoMaduro\Collision\Exceptions\TestException::("SQLSTATE[23502]: Not null violation: 7 FEHLER:  NULL-Wert in Spalte »organisation_id« von Relation »elections« verletzt Not-Null-Constraint
DETAIL:  Fehlgeschlagene Zeile enthält (a1e8ed90-c3ac-459d-bce4-818c6c7bc103, null, Demo Election, demo-election, Test election, demo, planned, 2026-05-30 08:58:21, 2026-08-31 08:58:21, t, null, 2026-05-31 08:58:21, 2026-05-31 08:58:21, null, f, f, 4, null, f, No vote / Abstain, maximum, null, null, 0, null, null, null, block, strict, none, null, null, null, f, null, null, null, f, null, null, null, t, 7, null, f, null, null, f, null, 0, 0, 0, 0, 0, 0, draft, null, null, null, null, null, null, null, null, 0, null, null, null, null, null, null, null, null, null, null, null, ip_count, none, 6, single_code, f, null, null, null, D.2.5, null).")[39m

  [31m────────────────────────────────────────────────────────────────────────────────────────────────────────────────────[39m  
  [41;1m FAILED [49;22m [1mTests\Feature\SingleElectionLoginFlowTest[22m [90m>[39m demo election accessible to any user           [41;1m QueryException [49;22m  
[39;1m  SQLSTATE[23502]: Not null violation: 7 FEHLER:  NULL-Wert in Spalte »organisation_id« von Relation »elections« verletzt Not-Null-Constraint
DETAIL:  Fehlgeschlagene Zeile enthält (a1e8ed90-fbe7-45ce-b7af-3ffbcf96bae3, null, Demo Election, demo-election, Test election, demo, planned, 2026-05-30 08:58:21, 2026-08-31 08:58:21, t, null, 2026-05-31 08:58:21, 2026-05-31 08:58:21, null, f, f, 4, null, f, No vote / Abstain, maximum, null, null, 0, null, null, null, block, strict, none, null, null, null, f, null, null, null, f, null, null, null, t, 7, null, f, null, null, f, null, 0, 0, 0, 0, 0, 0, draft, null, null, null, null, null, null, null, null, 0, null, null, null, null, null, null, null, null, null, null, null, ip_count, none, 6, single_code, f, null, null, null, D.2.5, null). (Connection: pgsql, SQL: insert into "elections" ("name", "slug", "type", "description", "is_active", "start_date", "end_date", "id", "organisation_id", "updated_at", "created_at") values (Demo Election, demo-election, demo, Test election, 1, 2026-05-30 08:58:21, 2026-08-31 08:58:21, a1e8ed90-fbe7-45ce-b7af-3ffbcf96bae3, ?, 2026-05-31 08:58:21, 2026-05-31 08:58:21))[39;22m

  at [32mvendor\laravel\framework\src\Illuminate\Database\Connection.php[39m:[32m825[39m
    821▕                     $this->getName(), $query, $this->prepareBindings($bindings), $e
    822▕                 );
    823▕             }
    824▕ 
  ➜ 825▕             throw new QueryException(
    826▕                 $this->getName(), $query, $this->prepareBindings($bindings), $e
    827▕             );
    828▕         }
    829▕     }

  [33m1   [39m[39;1mvendor\laravel\framework\src\Illuminate\Database\Connection.php[39;22m:[39;1m825[39;22m

  [33m2   [39m[39;1mvendor\laravel\framework\src\Illuminate\Database\Connection.php[39;22m:[39;1m571[39;22m
  [90m    NunoMaduro\Collision\Exceptions\TestException::("SQLSTATE[23502]: Not null violation: 7 FEHLER:  NULL-Wert in Spalte »organisation_id« von Relation »elections« verletzt Not-Null-Constraint
DETAIL:  Fehlgeschlagene Zeile enthält (a1e8ed90-fbe7-45ce-b7af-3ffbcf96bae3, null, Demo Election, demo-election, Test election, demo, planned, 2026-05-30 08:58:21, 2026-08-31 08:58:21, t, null, 2026-05-31 08:58:21, 2026-05-31 08:58:21, null, f, f, 4, null, f, No vote / Abstain, maximum, null, null, 0, null, null, null, block, strict, none, null, null, null, f, null, null, null, f, null, null, null, t, 7, null, f, null, null, f, null, 0, 0, 0, 0, 0, 0, draft, null, null, null, null, null, null, null, null, 0, null, null, null, null, null, null, null, null, null, null, null, ip_count, none, 6, single_code, f, null, null, null, D.2.5, null).")[39m

  [31m────────────────────────────────────────────────────────────────────────────────────────────────────────────────────[39m  
  [41;1m FAILED [49;22m [1mTests\Feature\TenantIsolationComprehensiveTest[22m [90m>[39m user cannot access other organisation el… [41;1m QueryException [49;22m  
[39;1m  SQLSTATE[23514]: Check violation: 7 FEHLER:  neue Zeile für Relation »organisations« verletzt Check-Constraint »organisations_type_check«
DETAIL:  Fehlgeschlagene Zeile enthält (a1e8ed91-354d-4c73-82ed-c47043bdc1bf, Organisation 1, org-1, organisation, f, null, null, null, null, null, 2026-05-31 08:58:22, 2026-05-31 08:58:22, null, null, t, null, flat, null, null, null, null, null, pending_setup, null, null, UTC). (Connection: pgsql, SQL: insert into "organisations" ("name", "slug", "type", "id", "updated_at", "created_at") values (Organisation 1, org-1, organisation, a1e8ed91-354d-4c73-82ed-c47043bdc1bf, 2026-05-31 08:58:22, 2026-05-31 08:58:22))[39;22m

  at [32mvendor\laravel\framework\src\Illuminate\Database\Connection.php[39m:[32m825[39m
    821▕                     $this->getName(), $query, $this->prepareBindings($bindings), $e
    822▕                 );
    823▕             }
    824▕ 
  ➜ 825▕             throw new QueryException(
    826▕                 $this->getName(), $query, $this->prepareBindings($bindings), $e
    827▕             );
    828▕         }
    829▕     }

  [33m1   [39m[39;1mvendor\laravel\framework\src\Illuminate\Database\Connection.php[39;22m:[39;1m825[39;22m

  [33m2   [39m[39;1mvendor\laravel\framework\src\Illuminate\Database\Connection.php[39;22m:[39;1m571[39;22m
  [90m    NunoMaduro\Collision\Exceptions\TestException::("SQLSTATE[23514]: Check violation: 7 FEHLER:  neue Zeile für Relation »organisations« verletzt Check-Constraint »organisations_type_check«
DETAIL:  Fehlgeschlagene Zeile enthält (a1e8ed91-354d-4c73-82ed-c47043bdc1bf, Organisation 1, org-1, organisation, f, null, null, null, null, null, 2026-05-31 08:58:22, 2026-05-31 08:58:22, null, null, t, null, flat, null, null, null, null, null, pending_setup, null, null, UTC).")[39m

  [31m────────────────────────────────────────────────────────────────────────────────────────────────────────────────────[39m  
  [41;1m FAILED [49;22m [1mTests\Feature\TenantIsolationComprehensiveTest[22m [90m>[39m organisation election scoping is enforce… [41;1m QueryException [49;22m  
[39;1m  SQLSTATE[23514]: Check violation: 7 FEHLER:  neue Zeile für Relation »organisations« verletzt Check-Constraint »organisations_type_check«
DETAIL:  Fehlgeschlagene Zeile enthält (a1e8ed91-719a-43db-bf04-d5d2f95edaf9, Organisation 1, org-1, organisation, f, null, null, null, null, null, 2026-05-31 08:58:22, 2026-05-31 08:58:22, null, null, t, null, flat, null, null, null, null, null, pending_setup, null, null, UTC). (Connection: pgsql, SQL: insert into "organisations" ("name", "slug", "type", "id", "updated_at", "created_at") values (Organisation 1, org-1, organisation, a1e8ed91-719a-43db-bf04-d5d2f95edaf9, 2026-05-31 08:58:22, 2026-05-31 08:58:22))[39;22m

  at [32mvendor\laravel\framework\src\Illuminate\Database\Connection.php[39m:[32m825[39m
    821▕                     $this->getName(), $query, $this->prepareBindings($bindings), $e
    822▕                 );
    823▕             }
    824▕ 
  ➜ 825▕             throw new QueryException(
    826▕                 $this->getName(), $query, $this->prepareBindings($bindings), $e
    827▕             );
    828▕         }
    829▕     }

  [33m1   [39m[39;1mvendor\laravel\framework\src\Illuminate\Database\Connection.php[39;22m:[39;1m825[39;22m

  [33m2   [39m[39;1mvendor\laravel\framework\src\Illuminate\Database\Connection.php[39;22m:[39;1m571[39;22m
  [90m    NunoMaduro\Collision\Exceptions\TestException::("SQLSTATE[23514]: Check violation: 7 FEHLER:  neue Zeile für Relation »organisations« verletzt Check-Constraint »organisations_type_check«
DETAIL:  Fehlgeschlagene Zeile enthält (a1e8ed91-719a-43db-bf04-d5d2f95edaf9, Organisation 1, org-1, organisation, f, null, null, null, null, null, 2026-05-31 08:58:22, 2026-05-31 08:58:22, null, null, t, null, flat, null, null, null, null, null, pending_setup, null, null, UTC).")[39m

  [31m────────────────────────────────────────────────────────────────────────────────────────────────────────────────────[39m  
  [41;1m FAILED [49;22m [1mTests\Feature\TenantIsolationComprehensiveTest[22m [90m>[39m votes are scoped to organisation          [41;1m QueryException [49;22m  
[39;1m  SQLSTATE[23514]: Check violation: 7 FEHLER:  neue Zeile für Relation »organisations« verletzt Check-Constraint »organisations_type_check«
DETAIL:  Fehlgeschlagene Zeile enthält (a1e8ed91-a92e-431d-9132-326cd29be31f, Organisation 1, org-1, organisation, f, null, null, null, null, null, 2026-05-31 08:58:22, 2026-05-31 08:58:22, null, null, t, null, flat, null, null, null, null, null, pending_setup, null, null, UTC). (Connection: pgsql, SQL: insert into "organisations" ("name", "slug", "type", "id", "updated_at", "created_at") values (Organisation 1, org-1, organisation, a1e8ed91-a92e-431d-9132-326cd29be31f, 2026-05-31 08:58:22, 2026-05-31 08:58:22))[39;22m

  at [32mvendor\laravel\framework\src\Illuminate\Database\Connection.php[39m:[32m825[39m
    821▕                     $this->getName(), $query, $this->prepareBindings($bindings), $e
    822▕                 );
    823▕             }
    824▕ 
  ➜ 825▕             throw new QueryException(
    826▕                 $this->getName(), $query, $this->prepareBindings($bindings), $e
    827▕             );
    828▕         }
    829▕     }

  [33m1   [39m[39;1mvendor\laravel\framework\src\Illuminate\Database\Connection.php[39;22m:[39;1m825[39;22m

  [33m2   [39m[39;1mvendor\laravel\framework\src\Illuminate\Database\Connection.php[39;22m:[39;1m571[39;22m
  [90m    NunoMaduro\Collision\Exceptions\TestException::("SQLSTATE[23514]: Check violation: 7 FEHLER:  neue Zeile für Relation »organisations« verletzt Check-Constraint »organisations_type_check«
DETAIL:  Fehlgeschlagene Zeile enthält (a1e8ed91-a92e-431d-9132-326cd29be31f, Organisation 1, org-1, organisation, f, null, null, null, null, null, 2026-05-31 08:58:22, 2026-05-31 08:58:22, null, null, t, null, flat, null, null, null, null, null, pending_setup, null, null, UTC).")[39m

  [31m────────────────────────────────────────────────────────────────────────────────────────────────────────────────────[39m  
  [41;1m FAILED [49;22m [1mTests\Feature\TenantIsolationComprehensiveTest[22m [90m>[39m codes are scoped to user organisation     [41;1m QueryException [49;22m  
[39;1m  SQLSTATE[23514]: Check violation: 7 FEHLER:  neue Zeile für Relation »organisations« verletzt Check-Constraint »organisations_type_check«
DETAIL:  Fehlgeschlagene Zeile enthält (a1e8ed91-e18c-49dd-ac0e-049a0dbe26f1, Organisation 1, org-1, organisation, f, null, null, null, null, null, 2026-05-31 08:58:22, 2026-05-31 08:58:22, null, null, t, null, flat, null, null, null, null, null, pending_setup, null, null, UTC). (Connection: pgsql, SQL: insert into "organisations" ("name", "slug", "type", "id", "updated_at", "created_at") values (Organisation 1, org-1, organisation, a1e8ed91-e18c-49dd-ac0e-049a0dbe26f1, 2026-05-31 08:58:22, 2026-05-31 08:58:22))[39;22m

  at [32mvendor\laravel\framework\src\Illuminate\Database\Connection.php[39m:[32m825[39m
    821▕                     $this->getName(), $query, $this->prepareBindings($bindings), $e
    822▕                 );
    823▕             }
    824▕ 
  ➜ 825▕             throw new QueryException(
    826▕                 $this->getName(), $query, $this->prepareBindings($bindings), $e
    827▕             );
    828▕         }
    829▕     }

  [33m1   [39m[39;1mvendor\laravel\framework\src\Illuminate\Database\Connection.php[39;22m:[39;1m825[39;22m

  [33m2   [39m[39;1mvendor\laravel\framework\src\Illuminate\Database\Connection.php[39;22m:[39;1m571[39;22m
  [90m    NunoMaduro\Collision\Exceptions\TestException::("SQLSTATE[23514]: Check violation: 7 FEHLER:  neue Zeile für Relation »organisations« verletzt Check-Constraint »organisations_type_check«
DETAIL:  Fehlgeschlagene Zeile enthält (a1e8ed91-e18c-49dd-ac0e-049a0dbe26f1, Organisation 1, org-1, organisation, f, null, null, null, null, null, 2026-05-31 08:58:22, 2026-05-31 08:58:22, null, null, t, null, flat, null, null, null, null, null, pending_setup, null, null, UTC).")[39m

  [31m────────────────────────────────────────────────────────────────────────────────────────────────────────────────────[39m  
  [41;1m FAILED [49;22m [1mTests\Feature\TenantIsolationComprehensiveTest[22m [90m>[39m database level constraints enforce organ… [41;1m QueryException [49;22m  
[39;1m  SQLSTATE[23514]: Check violation: 7 FEHLER:  neue Zeile für Relation »organisations« verletzt Check-Constraint »organisations_type_check«
DETAIL:  Fehlgeschlagene Zeile enthält (a1e8ed92-494c-4f21-b3d7-b2fac94b5147, Organisation 1, org-1, organisation, f, null, null, null, null, null, 2026-05-31 08:58:22, 2026-05-31 08:58:22, null, null, t, null, flat, null, null, null, null, null, pending_setup, null, null, UTC). (Connection: pgsql, SQL: insert into "organisations" ("name", "slug", "type", "id", "updated_at", "created_at") values (Organisation 1, org-1, organisation, a1e8ed92-494c-4f21-b3d7-b2fac94b5147, 2026-05-31 08:58:22, 2026-05-31 08:58:22))[39;22m

  at [32mvendor\laravel\framework\src\Illuminate\Database\Connection.php[39m:[32m825[39m
    821▕                     $this->getName(), $query, $this->prepareBindings($bindings), $e
    822▕                 );
    823▕             }
    824▕ 
  ➜ 825▕             throw new QueryException(
    826▕                 $this->getName(), $query, $this->prepareBindings($bindings), $e
    827▕             );
    828▕         }
    829▕     }

  [33m1   [39m[39;1mvendor\laravel\framework\src\Illuminate\Database\Connection.php[39;22m:[39;1m825[39;22m

  [33m2   [39m[39;1mvendor\laravel\framework\src\Illuminate\Database\Connection.php[39;22m:[39;1m571[39;22m
  [90m    NunoMaduro\Collision\Exceptions\TestException::("SQLSTATE[23514]: Check violation: 7 FEHLER:  neue Zeile für Relation »organisations« verletzt Check-Constraint »organisations_type_check«
DETAIL:  Fehlgeschlagene Zeile enthält (a1e8ed92-494c-4f21-b3d7-b2fac94b5147, Organisation 1, org-1, organisation, f, null, null, null, null, null, 2026-05-31 08:58:22, 2026-05-31 08:58:22, null, null, t, null, flat, null, null, null, null, null, pending_setup, null, null, UTC).")[39m

  [31m────────────────────────────────────────────────────────────────────────────────────────────────────────────────────[39m  
  [41;1m FAILED [49;22m [1mTests\Feature\TenantIsolationComprehensiveTest[22m [90m>[39m session context enforces tenant scoping   [41;1m QueryException [49;22m  
[39;1m  SQLSTATE[23514]: Check violation: 7 FEHLER:  neue Zeile für Relation »organisations« verletzt Check-Constraint »organisations_type_check«
DETAIL:  Fehlgeschlagene Zeile enthält (a1e8ed92-7d93-4fd9-ac73-8dfc369a1e6d, Organisation 1, org-1, organisation, f, null, null, null, null, null, 2026-05-31 08:58:22, 2026-05-31 08:58:22, null, null, t, null, flat, null, null, null, null, null, pending_setup, null, null, UTC). (Connection: pgsql, SQL: insert into "organisations" ("name", "slug", "type", "id", "updated_at", "created_at") values (Organisation 1, org-1, organisation, a1e8ed92-7d93-4fd9-ac73-8dfc369a1e6d, 2026-05-31 08:58:22, 2026-05-31 08:58:22))[39;22m

  at [32mvendor\laravel\framework\src\Illuminate\Database\Connection.php[39m:[32m825[39m
    821▕                     $this->getName(), $query, $this->prepareBindings($bindings), $e
    822▕                 );
    823▕             }
    824▕ 
  ➜ 825▕             throw new QueryException(
    826▕                 $this->getName(), $query, $this->prepareBindings($bindings), $e
    827▕             );
    828▕         }
    829▕     }

  [33m1   [39m[39;1mvendor\laravel\framework\src\Illuminate\Database\Connection.php[39;22m:[39;1m825[39;22m

  [33m2   [39m[39;1mvendor\laravel\framework\src\Illuminate\Database\Connection.php[39;22m:[39;1m571[39;22m
  [90m    NunoMaduro\Collision\Exceptions\TestException::("SQLSTATE[23514]: Check violation: 7 FEHLER:  neue Zeile für Relation »organisations« verletzt Check-Constraint »organisations_type_check«
DETAIL:  Fehlgeschlagene Zeile enthält (a1e8ed92-7d93-4fd9-ac73-8dfc369a1e6d, Organisation 1, org-1, organisation, f, null, null, null, null, null, 2026-05-31 08:58:22, 2026-05-31 08:58:22, null, null, t, null, flat, null, null, null, null, null, pending_setup, null, null, UTC).")[39m

  [31m────────────────────────────────────────────────────────────────────────────────────────────────────────────────────[39m  
  [41;1m FAILED [49;22m [1mTests\Feature\TenantIsolationComprehensiveTest[22m [90m>[39m user cannot switch to other organisation  [41;1m QueryException [49;22m  
[39;1m  SQLSTATE[23514]: Check violation: 7 FEHLER:  neue Zeile für Relation »organisations« verletzt Check-Constraint »organisations_type_check«
DETAIL:  Fehlgeschlagene Zeile enthält (a1e8ed92-beb4-4f1f-9b0e-3005547a9043, Organisation 1, org-1, organisation, f, null, null, null, null, null, 2026-05-31 08:58:23, 2026-05-31 08:58:23, null, null, t, null, flat, null, null, null, null, null, pending_setup, null, null, UTC). (Connection: pgsql, SQL: insert into "organisations" ("name", "slug", "type", "id", "updated_at", "created_at") values (Organisation 1, org-1, organisation, a1e8ed92-beb4-4f1f-9b0e-3005547a9043, 2026-05-31 08:58:23, 2026-05-31 08:58:23))[39;22m

  at [32mvendor\laravel\framework\src\Illuminate\Database\Connection.php[39m:[32m825[39m
    821▕                     $this->getName(), $query, $this->prepareBindings($bindings), $e
    822▕                 );
    823▕             }
    824▕ 
  ➜ 825▕             throw new QueryException(
    826▕                 $this->getName(), $query, $this->prepareBindings($bindings), $e
    827▕             );
    828▕         }
    829▕     }

  [33m1   [39m[39;1mvendor\laravel\framework\src\Illuminate\Database\Connection.php[39;22m:[39;1m825[39;22m

  [33m2   [39m[39;1mvendor\laravel\framework\src\Illuminate\Database\Connection.php[39;22m:[39;1m571[39;22m
  [90m    NunoMaduro\Collision\Exceptions\TestException::("SQLSTATE[23514]: Check violation: 7 FEHLER:  neue Zeile für Relation »organisations« verletzt Check-Constraint »organisations_type_check«
DETAIL:  Fehlgeschlagene Zeile enthält (a1e8ed92-beb4-4f1f-9b0e-3005547a9043, Organisation 1, org-1, organisation, f, null, null, null, null, null, 2026-05-31 08:58:23, 2026-05-31 08:58:23, null, null, t, null, flat, null, null, null, null, null, pending_setup, null, null, UTC).")[39m

  [31m────────────────────────────────────────────────────────────────────────────────────────────────────────────────────[39m  
  [41;1m FAILED [49;22m [1mTests\Feature\TenantIsolationComprehensiveTest[22m [90m>[39m organisation users are isolated           [41;1m QueryException [49;22m  
[39;1m  SQLSTATE[23514]: Check violation: 7 FEHLER:  neue Zeile für Relation »organisations« verletzt Check-Constraint »organisations_type_check«
DETAIL:  Fehlgeschlagene Zeile enthält (a1e8ed92-efad-430d-b0a7-c32c0906aae8, Organisation 1, org-1, organisation, f, null, null, null, null, null, 2026-05-31 08:58:23, 2026-05-31 08:58:23, null, null, t, null, flat, null, null, null, null, null, pending_setup, null, null, UTC). (Connection: pgsql, SQL: insert into "organisations" ("name", "slug", "type", "id", "updated_at", "created_at") values (Organisation 1, org-1, organisation, a1e8ed92-efad-430d-b0a7-c32c0906aae8, 2026-05-31 08:58:23, 2026-05-31 08:58:23))[39;22m

  at [32mvendor\laravel\framework\src\Illuminate\Database\Connection.php[39m:[32m825[39m
    821▕                     $this->getName(), $query, $this->prepareBindings($bindings), $e
    822▕                 );
    823▕             }
    824▕ 
  ➜ 825▕             throw new QueryException(
    826▕                 $this->getName(), $query, $this->prepareBindings($bindings), $e
    827▕             );
    828▕         }
    829▕     }

  [33m1   [39m[39;1mvendor\laravel\framework\src\Illuminate\Database\Connection.php[39;22m:[39;1m825[39;22m

  [33m2   [39m[39;1mvendor\laravel\framework\src\Illuminate\Database\Connection.php[39;22m:[39;1m571[39;22m
  [90m    NunoMaduro\Collision\Exceptions\TestException::("SQLSTATE[23514]: Check violation: 7 FEHLER:  neue Zeile für Relation »organisations« verletzt Check-Constraint »organisations_type_check«
DETAIL:  Fehlgeschlagene Zeile enthält (a1e8ed92-efad-430d-b0a7-c32c0906aae8, Organisation 1, org-1, organisation, f, null, null, null, null, null, 2026-05-31 08:58:23, 2026-05-31 08:58:23, null, null, t, null, flat, null, null, null, null, null, pending_setup, null, null, UTC).")[39m

  [31m────────────────────────────────────────────────────────────────────────────────────────────────────────────────────[39m  
  [41;1m FAILED [49;22m [1mTests\Feature\TenantIsolationComprehensiveTest[22m [90m>[39m cross organisation query attempt fails s… [41;1m QueryException [49;22m  
[39;1m  SQLSTATE[23514]: Check violation: 7 FEHLER:  neue Zeile für Relation »organisations« verletzt Check-Constraint »organisations_type_check«
DETAIL:  Fehlgeschlagene Zeile enthält (a1e8ed93-26c2-4cfc-8b75-a41cdd52a538, Organisation 1, org-1, organisation, f, null, null, null, null, null, 2026-05-31 08:58:23, 2026-05-31 08:58:23, null, null, t, null, flat, null, null, null, null, null, pending_setup, null, null, UTC). (Connection: pgsql, SQL: insert into "organisations" ("name", "slug", "type", "id", "updated_at", "created_at") values (Organisation 1, org-1, organisation, a1e8ed93-26c2-4cfc-8b75-a41cdd52a538, 2026-05-31 08:58:23, 2026-05-31 08:58:23))[39;22m

  at [32mvendor\laravel\framework\src\Illuminate\Database\Connection.php[39m:[32m825[39m
    821▕                     $this->getName(), $query, $this->prepareBindings($bindings), $e
    822▕                 );
    823▕             }
    824▕ 
  ➜ 825▕             throw new QueryException(
    826▕                 $this->getName(), $query, $this->prepareBindings($bindings), $e
    827▕             );
    828▕         }
    829▕     }

  [33m1   [39m[39;1mvendor\laravel\framework\src\Illuminate\Database\Connection.php[39;22m:[39;1m825[39;22m

  [33m2   [39m[39;1mvendor\laravel\framework\src\Illuminate\Database\Connection.php[39;22m:[39;1m571[39;22m
  [90m    NunoMaduro\Collision\Exceptions\TestException::("SQLSTATE[23514]: Check violation: 7 FEHLER:  neue Zeile für Relation »organisations« verletzt Check-Constraint »organisations_type_check«
DETAIL:  Fehlgeschlagene Zeile enthält (a1e8ed93-26c2-4cfc-8b75-a41cdd52a538, Organisation 1, org-1, organisation, f, null, null, null, null, null, 2026-05-31 08:58:23, 2026-05-31 08:58:23, null, null, t, null, flat, null, null, null, null, null, pending_setup, null, null, UTC).")[39m

  [31m────────────────────────────────────────────────────────────────────────────────────────────────────────────────────[39m  
  [41;1m FAILED [49;22m [1mTests\Feature\TenantIsolationComprehensiveTest[22m [90m>[39m organisation data completely separate     [41;1m QueryException [49;22m  
[39;1m  SQLSTATE[23514]: Check violation: 7 FEHLER:  neue Zeile für Relation »organisations« verletzt Check-Constraint »organisations_type_check«
DETAIL:  Fehlgeschlagene Zeile enthält (a1e8ed93-5d9b-48d6-aabf-d3b9b81c699c, Organisation 1, org-1, organisation, f, null, null, null, null, null, 2026-05-31 08:58:23, 2026-05-31 08:58:23, null, null, t, null, flat, null, null, null, null, null, pending_setup, null, null, UTC). (Connection: pgsql, SQL: insert into "organisations" ("name", "slug", "type", "id", "updated_at", "created_at") values (Organisation 1, org-1, organisation, a1e8ed93-5d9b-48d6-aabf-d3b9b81c699c, 2026-05-31 08:58:23, 2026-05-31 08:58:23))[39;22m

  at [32mvendor\laravel\framework\src\Illuminate\Database\Connection.php[39m:[32m825[39m
    821▕                     $this->getName(), $query, $this->prepareBindings($bindings), $e
    822▕                 );
    823▕             }
    824▕ 
  ➜ 825▕             throw new QueryException(
    826▕                 $this->getName(), $query, $this->prepareBindings($bindings), $e
    827▕             );
    828▕         }
    829▕     }

  [33m1   [39m[39;1mvendor\laravel\framework\src\Illuminate\Database\Connection.php[39;22m:[39;1m825[39;22m

  [33m2   [39m[39;1mvendor\laravel\framework\src\Illuminate\Database\Connection.php[39;22m:[39;1m571[39;22m
  [90m    NunoMaduro\Collision\Exceptions\TestException::("SQLSTATE[23514]: Check violation: 7 FEHLER:  neue Zeile für Relation »organisations« verletzt Check-Constraint »organisations_type_check«
DETAIL:  Fehlgeschlagene Zeile enthält (a1e8ed93-5d9b-48d6-aabf-d3b9b81c699c, Organisation 1, org-1, organisation, f, null, null, null, null, null, 2026-05-31 08:58:23, 2026-05-31 08:58:23, null, null, t, null, flat, null, null, null, null, null, pending_setup, null, null, UTC).")[39m

  [31m────────────────────────────────────────────────────────────────────────────────────────────────────────────────────[39m  
  [41;1m FAILED [49;22m [1mTests\Feature\TenantIsolationComprehensiveTest[22m [90m>[39m platform organisation special case        [41;1m QueryException [49;22m  
[39;1m  SQLSTATE[23514]: Check violation: 7 FEHLER:  neue Zeile für Relation »organisations« verletzt Check-Constraint »organisations_type_check«
DETAIL:  Fehlgeschlagene Zeile enthält (a1e8ed93-937b-4508-90dd-6ef3fd4d891b, Organisation 1, org-1, organisation, f, null, null, null, null, null, 2026-05-31 08:58:23, 2026-05-31 08:58:23, null, null, t, null, flat, null, null, null, null, null, pending_setup, null, null, UTC). (Connection: pgsql, SQL: insert into "organisations" ("name", "slug", "type", "id", "updated_at", "created_at") values (Organisation 1, org-1, organisation, a1e8ed93-937b-4508-90dd-6ef3fd4d891b, 2026-05-31 08:58:23, 2026-05-31 08:58:23))[39;22m

  at [32mvendor\laravel\framework\src\Illuminate\Database\Connection.php[39m:[32m825[39m
    821▕                     $this->getName(), $query, $this->prepareBindings($bindings), $e
    822▕                 );
    823▕             }
    824▕ 
  ➜ 825▕             throw new QueryException(
    826▕                 $this->getName(), $query, $this->prepareBindings($bindings), $e
    827▕             );
    828▕         }
    829▕     }

  [33m1   [39m[39;1mvendor\laravel\framework\src\Illuminate\Database\Connection.php[39;22m:[39;1m825[39;22m

  [33m2   [39m[39;1mvendor\laravel\framework\src\Illuminate\Database\Connection.php[39;22m:[39;1m571[39;22m
  [90m    NunoMaduro\Collision\Exceptions\TestException::("SQLSTATE[23514]: Check violation: 7 FEHLER:  neue Zeile für Relation »organisations« verletzt Check-Constraint »organisations_type_check«
DETAIL:  Fehlgeschlagene Zeile enthält (a1e8ed93-937b-4508-90dd-6ef3fd4d891b, Organisation 1, org-1, organisation, f, null, null, null, null, null, 2026-05-31 08:58:23, 2026-05-31 08:58:23, null, null, t, null, flat, null, null, null, null, null, pending_setup, null, null, UTC).")[39m

  [31m────────────────────────────────────────────────────────────────────────────────────────────────────────────────────[39m  
  [41;1m FAILED [49;22m [1mTests\Feature\TenantIsolationTest[22m [90m>[39m user from org1 cannot see org2 users                   [41;1m QueryException [49;22m  
[39;1m  SQLSTATE[42704]: Undefined object: 7 FEHLER:  unbekannter Konfigurationsparameter »foreign_key_checks« (Connection: pgsql, SQL: SET FOREIGN_KEY_CHECKS=0)[39;22m

  at [32mvendor\laravel\framework\src\Illuminate\Database\Connection.php[39m:[32m825[39m
    821▕                     $this->getName(), $query, $this->prepareBindings($bindings), $e
    822▕                 );
    823▕             }
    824▕ 
  ➜ 825▕             throw new QueryException(
    826▕                 $this->getName(), $query, $this->prepareBindings($bindings), $e
    827▕             );
    828▕         }
    829▕     }

  [33m1   [39m[39;1mvendor\laravel\framework\src\Illuminate\Database\Connection.php[39;22m:[39;1m825[39;22m

  [33m2   [39m[39;1mvendor\laravel\framework\src\Illuminate\Database\Connection.php[39;22m:[39;1m571[39;22m
  [90m    NunoMaduro\Collision\Exceptions\TestException::("SQLSTATE[42704]: Undefined object: 7 FEHLER:  unbekannter Konfigurationsparameter »foreign_key_checks«")[39m

  [31m────────────────────────────────────────────────────────────────────────────────────────────────────────────────────[39m  
  [41;1m FAILED [49;22m [1mTests\Feature\TenantIsolationTest[22m [90m>[39m user from org2 cannot see org1 users                   [41;1m QueryException [49;22m  
[39;1m  SQLSTATE[42704]: Undefined object: 7 FEHLER:  unbekannter Konfigurationsparameter »foreign_key_checks« (Connection: pgsql, SQL: SET FOREIGN_KEY_CHECKS=0)[39;22m

  at [32mvendor\laravel\framework\src\Illuminate\Database\Connection.php[39m:[32m825[39m
    821▕                     $this->getName(), $query, $this->prepareBindings($bindings), $e
    822▕                 );
    823▕             }
    824▕ 
  ➜ 825▕             throw new QueryException(
    826▕                 $this->getName(), $query, $this->prepareBindings($bindings), $e
    827▕             );
    828▕         }
    829▕     }

  [33m1   [39m[39;1mvendor\laravel\framework\src\Illuminate\Database\Connection.php[39;22m:[39;1m825[39;22m

  [33m2   [39m[39;1mvendor\laravel\framework\src\Illuminate\Database\Connection.php[39;22m:[39;1m571[39;22m
  [90m    NunoMaduro\Collision\Exceptions\TestException::("SQLSTATE[42704]: Undefined object: 7 FEHLER:  unbekannter Konfigurationsparameter »foreign_key_checks«")[39m

  [31m────────────────────────────────────────────────────────────────────────────────────────────────────────────────────[39m  
  [41;1m FAILED [49;22m [1mTests\Feature\TenantIsolationTest[22m [90m>[39m default user cannot see organization users             [41;1m QueryException [49;22m  
[39;1m  SQLSTATE[42704]: Undefined object: 7 FEHLER:  unbekannter Konfigurationsparameter »foreign_key_checks« (Connection: pgsql, SQL: SET FOREIGN_KEY_CHECKS=0)[39;22m

  at [32mvendor\laravel\framework\src\Illuminate\Database\Connection.php[39m:[32m825[39m
    821▕                     $this->getName(), $query, $this->prepareBindings($bindings), $e
    822▕                 );
    823▕             }
    824▕ 
  ➜ 825▕             throw new QueryException(
    826▕                 $this->getName(), $query, $this->prepareBindings($bindings), $e
    827▕             );
    828▕         }
    829▕     }

  [33m1   [39m[39;1mvendor\laravel\framework\src\Illuminate\Database\Connection.php[39;22m:[39;1m825[39;22m

  [33m2   [39m[39;1mvendor\laravel\framework\src\Illuminate\Database\Connection.php[39;22m:[39;1m571[39;22m
  [90m    NunoMaduro\Collision\Exceptions\TestException::("SQLSTATE[42704]: Undefined object: 7 FEHLER:  unbekannter Konfigurationsparameter »foreign_key_checks«")[39m

  [31m────────────────────────────────────────────────────────────────────────────────────────────────────────────────────[39m  
  [41;1m FAILED [49;22m [1mTests\Feature\TenantIsolationTest[22m [90m>[39m user cannot access another org user by id              [41;1m QueryException [49;22m  
[39;1m  SQLSTATE[42704]: Undefined object: 7 FEHLER:  unbekannter Konfigurationsparameter »foreign_key_checks« (Connection: pgsql, SQL: SET FOREIGN_KEY_CHECKS=0)[39;22m

  at [32mvendor\laravel\framework\src\Illuminate\Database\Connection.php[39m:[32m825[39m
    821▕                     $this->getName(), $query, $this->prepareBindings($bindings), $e
    822▕                 );
    823▕             }
    824▕ 
  ➜ 825▕             throw new QueryException(
    826▕                 $this->getName(), $query, $this->prepareBindings($bindings), $e
    827▕             );
    828▕         }
    829▕     }

  [33m1   [39m[39;1mvendor\laravel\framework\src\Illuminate\Database\Connection.php[39;22m:[39;1m825[39;22m

  [33m2   [39m[39;1mvendor\laravel\framework\src\Illuminate\Database\Connection.php[39;22m:[39;1m571[39;22m
  [90m    NunoMaduro\Collision\Exceptions\TestException::("SQLSTATE[42704]: Undefined object: 7 FEHLER:  unbekannter Konfigurationsparameter »foreign_key_checks«")[39m

  [31m────────────────────────────────────────────────────────────────────────────────────────────────────────────────────[39m  
  [41;1m FAILED [49;22m [1mTests\Feature\TenantIsolationTest[22m [90m>[39m user can access own user record by id                  [41;1m QueryException [49;22m  
[39;1m  SQLSTATE[42704]: Undefined object: 7 FEHLER:  unbekannter Konfigurationsparameter »foreign_key_checks« (Connection: pgsql, SQL: SET FOREIGN_KEY_CHECKS=0)[39;22m

  at [32mvendor\laravel\framework\src\Illuminate\Database\Connection.php[39m:[32m825[39m
    821▕                     $this->getName(), $query, $this->prepareBindings($bindings), $e
    822▕                 );
    823▕             }
    824▕ 
  ➜ 825▕             throw new QueryException(
    826▕                 $this->getName(), $query, $this->prepareBindings($bindings), $e
    827▕             );
    828▕         }
    829▕     }

  [33m1   [39m[39;1mvendor\laravel\framework\src\Illuminate\Database\Connection.php[39;22m:[39;1m825[39;22m

  [33m2   [39m[39;1mvendor\laravel\framework\src\Illuminate\Database\Connection.php[39;22m:[39;1m571[39;22m
  [90m    NunoMaduro\Collision\Exceptions\TestException::("SQLSTATE[42704]: Undefined object: 7 FEHLER:  unbekannter Konfigurationsparameter »foreign_key_checks«")[39m

  [31m────────────────────────────────────────────────────────────────────────────────────────────────────────────────────[39m  
  [41;1m FAILED [49;22m [1mTests\Feature\TenantIsolationTest[22m [90m>[39m new record gets organisation id automatically org1     [41;1m QueryException [49;22m  
[39;1m  SQLSTATE[42704]: Undefined object: 7 FEHLER:  unbekannter Konfigurationsparameter »foreign_key_checks« (Connection: pgsql, SQL: SET FOREIGN_KEY_CHECKS=0)[39;22m

  at [32mvendor\laravel\framework\src\Illuminate\Database\Connection.php[39m:[32m825[39m
    821▕                     $this->getName(), $query, $this->prepareBindings($bindings), $e
    822▕                 );
    823▕             }
    824▕ 
  ➜ 825▕             throw new QueryException(
    826▕                 $this->getName(), $query, $this->prepareBindings($bindings), $e
    827▕             );
    828▕         }
    829▕     }

  [33m1   [39m[39;1mvendor\laravel\framework\src\Illuminate\Database\Connection.php[39;22m:[39;1m825[39;22m

  [33m2   [39m[39;1mvendor\laravel\framework\src\Illuminate\Database\Connection.php[39;22m:[39;1m571[39;22m
  [90m    NunoMaduro\Collision\Exceptions\TestException::("SQLSTATE[42704]: Undefined object: 7 FEHLER:  unbekannter Konfigurationsparameter »foreign_key_checks«")[39m

  [31m────────────────────────────────────────────────────────────────────────────────────────────────────────────────────[39m  
  [41;1m FAILED [49;22m [1mTests\Feature\TenantIsolationTest[22m [90m>[39m new record gets organisation id automatically org2     [41;1m QueryException [49;22m  
[39;1m  SQLSTATE[42704]: Undefined object: 7 FEHLER:  unbekannter Konfigurationsparameter »foreign_key_checks« (Connection: pgsql, SQL: SET FOREIGN_KEY_CHECKS=0)[39;22m

  at [32mvendor\laravel\framework\src\Illuminate\Database\Connection.php[39m:[32m825[39m
    821▕                     $this->getName(), $query, $this->prepareBindings($bindings), $e
    822▕                 );
    823▕             }
    824▕ 
  ➜ 825▕             throw new QueryException(
    826▕                 $this->getName(), $query, $this->prepareBindings($bindings), $e
    827▕             );
    828▕         }
    829▕     }

  [33m1   [39m[39;1mvendor\laravel\framework\src\Illuminate\Database\Connection.php[39;22m:[39;1m825[39;22m

  [33m2   [39m[39;1mvendor\laravel\framework\src\Illuminate\Database\Connection.php[39;22m:[39;1m571[39;22m
  [90m    NunoMaduro\Collision\Exceptions\TestException::("SQLSTATE[42704]: Undefined object: 7 FEHLER:  unbekannter Konfigurationsparameter »foreign_key_checks«")[39m

  [31m────────────────────────────────────────────────────────────────────────────────────────────────────────────────────[39m  
  [41;1m FAILED [49;22m [1mTests\Feature\TenantIsolationTest[22m [90m>[39m new record gets null organisation id for default user  [41;1m QueryException [49;22m  
[39;1m  SQLSTATE[42704]: Undefined object: 7 FEHLER:  unbekannter Konfigurationsparameter »foreign_key_checks« (Connection: pgsql, SQL: SET FOREIGN_KEY_CHECKS=0)[39;22m

  at [32mvendor\laravel\framework\src\Illuminate\Database\Connection.php[39m:[32m825[39m
    821▕                     $this->getName(), $query, $this->prepareBindings($bindings), $e
    822▕                 );
    823▕             }
    824▕ 
  ➜ 825▕             throw new QueryException(
    826▕                 $this->getName(), $query, $this->prepareBindings($bindings), $e
    827▕             );
    828▕         }
    829▕     }

  [33m1   [39m[39;1mvendor\laravel\framework\src\Illuminate\Database\Connection.php[39;22m:[39;1m825[39;22m

  [33m2   [39m[39;1mvendor\laravel\framework\src\Illuminate\Database\Connection.php[39;22m:[39;1m571[39;22m
  [90m    NunoMaduro\Collision\Exceptions\TestException::("SQLSTATE[42704]: Undefined object: 7 FEHLER:  unbekannter Konfigurationsparameter »foreign_key_checks«")[39m

  [31m────────────────────────────────────────────────────────────────────────────────────────────────────────────────────[39m  
  [41;1m FAILED [49;22m [1mTests\Feature\TenantIsolationTest[22m [90m>[39m user cannot override organisation id                   [41;1m QueryException [49;22m  
[39;1m  SQLSTATE[42704]: Undefined object: 7 FEHLER:  unbekannter Konfigurationsparameter »foreign_key_checks« (Connection: pgsql, SQL: SET FOREIGN_KEY_CHECKS=0)[39;22m

  at [32mvendor\laravel\framework\src\Illuminate\Database\Connection.php[39m:[32m825[39m
    821▕                     $this->getName(), $query, $this->prepareBindings($bindings), $e
    822▕                 );
    823▕             }
    824▕ 
  ➜ 825▕             throw new QueryException(
    826▕                 $this->getName(), $query, $this->prepareBindings($bindings), $e
    827▕             );
    828▕         }
    829▕     }

  [33m1   [39m[39;1mvendor\laravel\framework\src\Illuminate\Database\Connection.php[39;22m:[39;1m825[39;22m

  [33m2   [39m[39;1mvendor\laravel\framework\src\Illuminate\Database\Connection.php[39;22m:[39;1m571[39;22m
  [90m    NunoMaduro\Collision\Exceptions\TestException::("SQLSTATE[42704]: Undefined object: 7 FEHLER:  unbekannter Konfigurationsparameter »foreign_key_checks«")[39m

  [31m────────────────────────────────────────────────────────────────────────────────────────────────────────────────────[39m  
  [41;1m FAILED [49;22m [1mTests\Feature\TenantIsolationTest[22m [90m>[39m tenant context set in session on login                 [41;1m QueryException [49;22m  
[39;1m  SQLSTATE[42704]: Undefined object: 7 FEHLER:  unbekannter Konfigurationsparameter »foreign_key_checks« (Connection: pgsql, SQL: SET FOREIGN_KEY_CHECKS=0)[39;22m

  at [32mvendor\laravel\framework\src\Illuminate\Database\Connection.php[39m:[32m825[39m
    821▕                     $this->getName(), $query, $this->prepareBindings($bindings), $e
    822▕                 );
    823▕             }
    824▕ 
  ➜ 825▕             throw new QueryException(
    826▕                 $this->getName(), $query, $this->prepareBindings($bindings), $e
    827▕             );
    828▕         }
    829▕     }

  [33m1   [39m[39;1mvendor\laravel\framework\src\Illuminate\Database\Connection.php[39;22m:[39;1m825[39;22m

  [33m2   [39m[39;1mvendor\laravel\framework\src\Illuminate\Database\Connection.php[39;22m:[39;1m571[39;22m
  [90m    NunoMaduro\Collision\Exceptions\TestException::("SQLSTATE[42704]: Undefined object: 7 FEHLER:  unbekannter Konfigurationsparameter »foreign_key_checks«")[39m

  [31m────────────────────────────────────────────────────────────────────────────────────────────────────────────────────[39m  
  [41;1m FAILED [49;22m [1mTests\Feature\TenantIsolationTest[22m [90m>[39m tenant context null for default users                  [41;1m QueryException [49;22m  
[39;1m  SQLSTATE[42704]: Undefined object: 7 FEHLER:  unbekannter Konfigurationsparameter »foreign_key_checks« (Connection: pgsql, SQL: SET FOREIGN_KEY_CHECKS=0)[39;22m

  at [32mvendor\laravel\framework\src\Illuminate\Database\Connection.php[39m:[32m825[39m
    821▕                     $this->getName(), $query, $this->prepareBindings($bindings), $e
    822▕                 );
    823▕             }
    824▕ 
  ➜ 825▕             throw new QueryException(
    826▕                 $this->getName(), $query, $this->prepareBindings($bindings), $e
    827▕             );
    828▕         }
    829▕     }

  [33m1   [39m[39;1mvendor\laravel\framework\src\Illuminate\Database\Connection.php[39;22m:[39;1m825[39;22m

  [33m2   [39m[39;1mvendor\laravel\framework\src\Illuminate\Database\Connection.php[39;22m:[39;1m571[39;22m
  [90m    NunoMaduro\Collision\Exceptions\TestException::("SQLSTATE[42704]: Undefined object: 7 FEHLER:  unbekannter Konfigurationsparameter »foreign_key_checks«")[39m

  [31m────────────────────────────────────────────────────────────────────────────────────────────────────────────────────[39m  
  [41;1m FAILED [49;22m [1mTests\Feature\TenantIsolationTest[22m [90m>[39m logs go to separate files per organisation             [41;1m QueryException [49;22m  
[39;1m  SQLSTATE[42704]: Undefined object: 7 FEHLER:  unbekannter Konfigurationsparameter »foreign_key_checks« (Connection: pgsql, SQL: SET FOREIGN_KEY_CHECKS=0)[39;22m

  at [32mvendor\laravel\framework\src\Illuminate\Database\Connection.php[39m:[32m825[39m
    821▕                     $this->getName(), $query, $this->prepareBindings($bindings), $e
    822▕                 );
    823▕             }
    824▕ 
  ➜ 825▕             throw new QueryException(
    826▕                 $this->getName(), $query, $this->prepareBindings($bindings), $e
    827▕             );
    828▕         }
    829▕     }

  [33m1   [39m[39;1mvendor\laravel\framework\src\Illuminate\Database\Connection.php[39;22m:[39;1m825[39;22m

  [33m2   [39m[39;1mvendor\laravel\framework\src\Illuminate\Database\Connection.php[39;22m:[39;1m571[39;22m
  [90m    NunoMaduro\Collision\Exceptions\TestException::("SQLSTATE[42704]: Undefined object: 7 FEHLER:  unbekannter Konfigurationsparameter »foreign_key_checks«")[39m

  [31m────────────────────────────────────────────────────────────────────────────────────────────────────────────────────[39m  
  [41;1m FAILED [49;22m [1mTests\Feature\TenantIsolationTest[22m [90m>[39m different orgs have separate log files                 [41;1m QueryException [49;22m  
[39;1m  SQLSTATE[42704]: Undefined object: 7 FEHLER:  unbekannter Konfigurationsparameter »foreign_key_checks« (Connection: pgsql, SQL: SET FOREIGN_KEY_CHECKS=0)[39;22m

  at [32mvendor\laravel\framework\src\Illuminate\Database\Connection.php[39m:[32m825[39m
    821▕                     $this->getName(), $query, $this->prepareBindings($bindings), $e
    822▕                 );
    823▕             }
    824▕ 
  ➜ 825▕             throw new QueryException(
    826▕                 $this->getName(), $query, $this->prepareBindings($bindings), $e
    827▕             );
    828▕         }
    829▕     }

  [33m1   [39m[39;1mvendor\laravel\framework\src\Illuminate\Database\Connection.php[39;22m:[39;1m825[39;22m

  [33m2   [39m[39;1mvendor\laravel\framework\src\Illuminate\Database\Connection.php[39;22m:[39;1m571[39;22m
  [90m    NunoMaduro\Collision\Exceptions\TestException::("SQLSTATE[42704]: Undefined object: 7 FEHLER:  unbekannter Konfigurationsparameter »foreign_key_checks«")[39m

  [31m────────────────────────────────────────────────────────────────────────────────────────────────────────────────────[39m  
  [41;1m FAILED [49;22m [1mTests\Feature\TenantIsolationTest[22m [90m>[39m log entry includes user id and org id                  [41;1m QueryException [49;22m  
[39;1m  SQLSTATE[42704]: Undefined object: 7 FEHLER:  unbekannter Konfigurationsparameter »foreign_key_checks« (Connection: pgsql, SQL: SET FOREIGN_KEY_CHECKS=0)[39;22m

  at [32mvendor\laravel\framework\src\Illuminate\Database\Connection.php[39m:[32m825[39m
    821▕                     $this->getName(), $query, $this->prepareBindings($bindings), $e
    822▕                 );
    823▕             }
    824▕ 
  ➜ 825▕             throw new QueryException(
    826▕                 $this->getName(), $query, $this->prepareBindings($bindings), $e
    827▕             );
    828▕         }
    829▕     }

  [33m1   [39m[39;1mvendor\laravel\framework\src\Illuminate\Database\Connection.php[39;22m:[39;1m825[39;22m

  [33m2   [39m[39;1mvendor\laravel\framework\src\Illuminate\Database\Connection.php[39;22m:[39;1m571[39;22m
  [90m    NunoMaduro\Collision\Exceptions\TestException::("SQLSTATE[42704]: Undefined object: 7 FEHLER:  unbekannter Konfigurationsparameter »foreign_key_checks«")[39m

  [31m────────────────────────────────────────────────────────────────────────────────────────────────────────────────────[39m  
  [41;1m FAILED [49;22m [1mTests\Feature\TenantIsolationTest[22m [90m>[39m default users log to default log file                  [41;1m QueryException [49;22m  
[39;1m  SQLSTATE[42704]: Undefined object: 7 FEHLER:  unbekannter Konfigurationsparameter »foreign_key_checks« (Connection: pgsql, SQL: SET FOREIGN_KEY_CHECKS=0)[39;22m

  at [32mvendor\laravel\framework\src\Illuminate\Database\Connection.php[39m:[32m825[39m
    821▕                     $this->getName(), $query, $this->prepareBindings($bindings), $e
    822▕                 );
    823▕             }
    824▕ 
  ➜ 825▕             throw new QueryException(
    826▕                 $this->getName(), $query, $this->prepareBindings($bindings), $e
    827▕             );
    828▕         }
    829▕     }

  [33m1   [39m[39;1mvendor\laravel\framework\src\Illuminate\Database\Connection.php[39;22m:[39;1m825[39;22m

  [33m2   [39m[39;1mvendor\laravel\framework\src\Illuminate\Database\Connection.php[39;22m:[39;1m571[39;22m
  [90m    NunoMaduro\Collision\Exceptions\TestException::("SQLSTATE[42704]: Undefined object: 7 FEHLER:  unbekannter Konfigurationsparameter »foreign_key_checks«")[39m

  [31m────────────────────────────────────────────────────────────────────────────────────────────────────────────────────[39m  
  [41;1m FAILED [49;22m [1mTests\Feature\TenantIsolationTest[22m [90m>[39m global scope applies to all queries                    [41;1m QueryException [49;22m  
[39;1m  SQLSTATE[42704]: Undefined object: 7 FEHLER:  unbekannter Konfigurationsparameter »foreign_key_checks« (Connection: pgsql, SQL: SET FOREIGN_KEY_CHECKS=0)[39;22m

  at [32mvendor\laravel\framework\src\Illuminate\Database\Connection.php[39m:[32m825[39m
    821▕                     $this->getName(), $query, $this->prepareBindings($bindings), $e
    822▕                 );
    823▕             }
    824▕ 
  ➜ 825▕             throw new QueryException(
    826▕                 $this->getName(), $query, $this->prepareBindings($bindings), $e
    827▕             );
    828▕         }
    829▕     }

  [33m1   [39m[39;1mvendor\laravel\framework\src\Illuminate\Database\Connection.php[39;22m:[39;1m825[39;22m

  [33m2   [39m[39;1mvendor\laravel\framework\src\Illuminate\Database\Connection.php[39;22m:[39;1m571[39;22m
  [90m    NunoMaduro\Collision\Exceptions\TestException::("SQLSTATE[42704]: Undefined object: 7 FEHLER:  unbekannter Konfigurationsparameter »foreign_key_checks«")[39m

  [31m────────────────────────────────────────────────────────────────────────────────────────────────────────────────────[39m  
  [41;1m FAILED [49;22m [1mTests\Feature\TenantIsolationTest[22m [90m>[39m global scope applies to find queries                   [41;1m QueryException [49;22m  
[39;1m  SQLSTATE[42704]: Undefined object: 7 FEHLER:  unbekannter Konfigurationsparameter »foreign_key_checks« (Connection: pgsql, SQL: SET FOREIGN_KEY_CHECKS=0)[39;22m

  at [32mvendor\laravel\framework\src\Illuminate\Database\Connection.php[39m:[32m825[39m
    821▕                     $this->getName(), $query, $this->prepareBindings($bindings), $e
    822▕                 );
    823▕             }
    824▕ 
  ➜ 825▕             throw new QueryException(
    826▕                 $this->getName(), $query, $this->prepareBindings($bindings), $e
    827▕             );
    828▕         }
    829▕     }

  [33m1   [39m[39;1mvendor\laravel\framework\src\Illuminate\Database\Connection.php[39;22m:[39;1m825[39;22m

  [33m2   [39m[39;1mvendor\laravel\framework\src\Illuminate\Database\Connection.php[39;22m:[39;1m571[39;22m
  [90m    NunoMaduro\Collision\Exceptions\TestException::("SQLSTATE[42704]: Undefined object: 7 FEHLER:  unbekannter Konfigurationsparameter »foreign_key_checks«")[39m

  [31m────────────────────────────────────────────────────────────────────────────────────────────────────────────────────[39m  
  [41;1m FAILED [49;22m [1mTests\Feature\TenantIsolationTest[22m [90m>[39m global scope can be bypassed with without global scop… [41;1m QueryException [49;22m  
[39;1m  SQLSTATE[42704]: Undefined object: 7 FEHLER:  unbekannter Konfigurationsparameter »foreign_key_checks« (Connection: pgsql, SQL: SET FOREIGN_KEY_CHECKS=0)[39;22m

  at [32mvendor\laravel\framework\src\Illuminate\Database\Connection.php[39m:[32m825[39m
    821▕                     $this->getName(), $query, $this->prepareBindings($bindings), $e
    822▕                 );
    823▕             }
    824▕ 
  ➜ 825▕             throw new QueryException(
    826▕                 $this->getName(), $query, $this->prepareBindings($bindings), $e
    827▕             );
    828▕         }
    829▕     }

  [33m1   [39m[39;1mvendor\laravel\framework\src\Illuminate\Database\Connection.php[39;22m:[39;1m825[39;22m

  [33m2   [39m[39;1mvendor\laravel\framework\src\Illuminate\Database\Connection.php[39;22m:[39;1m571[39;22m
  [90m    NunoMaduro\Collision\Exceptions\TestException::("SQLSTATE[42704]: Undefined object: 7 FEHLER:  unbekannter Konfigurationsparameter »foreign_key_checks«")[39m

  [31m────────────────────────────────────────────────────────────────────────────────────────────────────────────────────[39m  
  [41;1m FAILED [49;22m [1mTests\Feature\TenantIsolationTest[22m [90m>[39m unauthenticated user cannot query                      [41;1m QueryException [49;22m  
[39;1m  SQLSTATE[42704]: Undefined object: 7 FEHLER:  unbekannter Konfigurationsparameter »foreign_key_checks« (Connection: pgsql, SQL: SET FOREIGN_KEY_CHECKS=0)[39;22m

  at [32mvendor\laravel\framework\src\Illuminate\Database\Connection.php[39m:[32m825[39m
    821▕                     $this->getName(), $query, $this->prepareBindings($bindings), $e
    822▕                 );
    823▕             }
    824▕ 
  ➜ 825▕             throw new QueryException(
    826▕                 $this->getName(), $query, $this->prepareBindings($bindings), $e
    827▕             );
    828▕         }
    829▕     }

  [33m1   [39m[39;1mvendor\laravel\framework\src\Illuminate\Database\Connection.php[39;22m:[39;1m825[39;22m

  [33m2   [39m[39;1mvendor\laravel\framework\src\Illuminate\Database\Connection.php[39;22m:[39;1m571[39;22m
  [90m    NunoMaduro\Collision\Exceptions\TestException::("SQLSTATE[42704]: Undefined object: 7 FEHLER:  unbekannter Konfigurationsparameter »foreign_key_checks«")[39m

  [31m────────────────────────────────────────────────────────────────────────────────────────────────────────────────────[39m  
  [41;1m FAILED [49;22m [1mTests\Feature\TenantIsolationTest[22m [90m>[39m session context empty when unauthenticated             [41;1m QueryException [49;22m  
[39;1m  SQLSTATE[42704]: Undefined object: 7 FEHLER:  unbekannter Konfigurationsparameter »foreign_key_checks« (Connection: pgsql, SQL: SET FOREIGN_KEY_CHECKS=0)[39;22m

  at [32mvendor\laravel\framework\src\Illuminate\Database\Connection.php[39m:[32m825[39m
    821▕                     $this->getName(), $query, $this->prepareBindings($bindings), $e
    822▕                 );
    823▕             }
    824▕ 
  ➜ 825▕             throw new QueryException(
    826▕                 $this->getName(), $query, $this->prepareBindings($bindings), $e
    827▕             );
    828▕         }
    829▕     }

  [33m1   [39m[39;1mvendor\laravel\framework\src\Illuminate\Database\Connection.php[39;22m:[39;1m825[39;22m

  [33m2   [39m[39;1mvendor\laravel\framework\src\Illuminate\Database\Connection.php[39;22m:[39;1m571[39;22m
  [90m    NunoMaduro\Collision\Exceptions\TestException::("SQLSTATE[42704]: Undefined object: 7 FEHLER:  unbekannter Konfigurationsparameter »foreign_key_checks«")[39m

  [31m────────────────────────────────────────────────────────────────────────────────────────────────────────────────────[39m  
  [41;1m FAILED [49;22m [1mTests\Feature\TenantIsolationTest[22m [90m>[39m null organisation id is valid                          [41;1m QueryException [49;22m  
[39;1m  SQLSTATE[42704]: Undefined object: 7 FEHLER:  unbekannter Konfigurationsparameter »foreign_key_checks« (Connection: pgsql, SQL: SET FOREIGN_KEY_CHECKS=0)[39;22m

  at [32mvendor\laravel\framework\src\Illuminate\Database\Connection.php[39m:[32m825[39m
    821▕                     $this->getName(), $query, $this->prepareBindings($bindings), $e
    822▕                 );
    823▕             }
    824▕ 
  ➜ 825▕             throw new QueryException(
    826▕                 $this->getName(), $query, $this->prepareBindings($bindings), $e
    827▕             );
    828▕         }
    829▕     }

  [33m1   [39m[39;1mvendor\laravel\framework\src\Illuminate\Database\Connection.php[39;22m:[39;1m825[39;22m

  [33m2   [39m[39;1mvendor\laravel\framework\src\Illuminate\Database\Connection.php[39;22m:[39;1m571[39;22m
  [90m    NunoMaduro\Collision\Exceptions\TestException::("SQLSTATE[42704]: Undefined object: 7 FEHLER:  unbekannter Konfigurationsparameter »foreign_key_checks«")[39m

  [31m────────────────────────────────────────────────────────────────────────────────────────────────────────────────────[39m  
  [41;1m FAILED [49;22m [1mTests\Feature\TenantIsolationTest[22m [90m>[39m count respects global scope                            [41;1m QueryException [49;22m  
[39;1m  SQLSTATE[42704]: Undefined object: 7 FEHLER:  unbekannter Konfigurationsparameter »foreign_key_checks« (Connection: pgsql, SQL: SET FOREIGN_KEY_CHECKS=0)[39;22m

  at [32mvendor\laravel\framework\src\Illuminate\Database\Connection.php[39m:[32m825[39m
    821▕                     $this->getName(), $query, $this->prepareBindings($bindings), $e
    822▕                 );
    823▕             }
    824▕ 
  ➜ 825▕             throw new QueryException(
    826▕                 $this->getName(), $query, $this->prepareBindings($bindings), $e
    827▕             );
    828▕         }
    829▕     }

  [33m1   [39m[39;1mvendor\laravel\framework\src\Illuminate\Database\Connection.php[39;22m:[39;1m825[39;22m

  [33m2   [39m[39;1mvendor\laravel\framework\src\Illuminate\Database\Connection.php[39;22m:[39;1m571[39;22m
  [90m    NunoMaduro\Collision\Exceptions\TestException::("SQLSTATE[42704]: Undefined object: 7 FEHLER:  unbekannter Konfigurationsparameter »foreign_key_checks«")[39m

  [31m────────────────────────────────────────────────────────────────────────────────────────────────────────────────────[39m  
  [41;1m FAILED [49;22m [1mTests\Feature\TenantIsolationTest[22m [90m>[39m exists respects global scope                           [41;1m QueryException [49;22m  
[39;1m  SQLSTATE[42704]: Undefined object: 7 FEHLER:  unbekannter Konfigurationsparameter »foreign_key_checks« (Connection: pgsql, SQL: SET FOREIGN_KEY_CHECKS=0)[39;22m

  at [32mvendor\laravel\framework\src\Illuminate\Database\Connection.php[39m:[32m825[39m
    821▕                     $this->getName(), $query, $this->prepareBindings($bindings), $e
    822▕                 );
    823▕             }
    824▕ 
  ➜ 825▕             throw new QueryException(
    826▕                 $this->getName(), $query, $this->prepareBindings($bindings), $e
    827▕             );
    828▕         }
    829▕     }

  [33m1   [39m[39;1mvendor\laravel\framework\src\Illuminate\Database\Connection.php[39;22m:[39;1m825[39;22m

  [33m2   [39m[39;1mvendor\laravel\framework\src\Illuminate\Database\Connection.php[39;22m:[39;1m571[39;22m
  [90m    NunoMaduro\Collision\Exceptions\TestException::("SQLSTATE[42704]: Undefined object: 7 FEHLER:  unbekannter Konfigurationsparameter »foreign_key_checks«")[39m

  [31m────────────────────────────────────────────────────────────────────────────────────────────────────────────────────[39m  
  [41;1m FAILED [49;22m [1mTests\Feature\TenantIsolationTest[22m [90m>[39m posts are scoped by organisation                       [41;1m QueryException [49;22m  
[39;1m  SQLSTATE[42704]: Undefined object: 7 FEHLER:  unbekannter Konfigurationsparameter »foreign_key_checks« (Connection: pgsql, SQL: SET FOREIGN_KEY_CHECKS=0)[39;22m

  at [32mvendor\laravel\framework\src\Illuminate\Database\Connection.php[39m:[32m825[39m
    821▕                     $this->getName(), $query, $this->prepareBindings($bindings), $e
    822▕                 );
    823▕             }
    824▕ 
  ➜ 825▕             throw new QueryException(
    826▕                 $this->getName(), $query, $this->prepareBindings($bindings), $e
    827▕             );
    828▕         }
    829▕     }

  [33m1   [39m[39;1mvendor\laravel\framework\src\Illuminate\Database\Connection.php[39;22m:[39;1m825[39;22m

  [33m2   [39m[39;1mvendor\laravel\framework\src\Illuminate\Database\Connection.php[39;22m:[39;1m571[39;22m
  [90m    NunoMaduro\Collision\Exceptions\TestException::("SQLSTATE[42704]: Undefined object: 7 FEHLER:  unbekannter Konfigurationsparameter »foreign_key_checks«")[39m

  [31m────────────────────────────────────────────────────────────────────────────────────────────────────────────────────[39m  
  [41;1m FAILED [49;22m [1mTests\Feature\TenantIsolationTest[22m [90m>[39m new post auto fills organisation id                    [41;1m QueryException [49;22m  
[39;1m  SQLSTATE[42704]: Undefined object: 7 FEHLER:  unbekannter Konfigurationsparameter »foreign_key_checks« (Connection: pgsql, SQL: SET FOREIGN_KEY_CHECKS=0)[39;22m

  at [32mvendor\laravel\framework\src\Illuminate\Database\Connection.php[39m:[32m825[39m
    821▕                     $this->getName(), $query, $this->prepareBindings($bindings), $e
    822▕                 );
    823▕             }
    824▕ 
  ➜ 825▕             throw new QueryException(
    826▕                 $this->getName(), $query, $this->prepareBindings($bindings), $e
    827▕             );
    828▕         }
    829▕     }

  [33m1   [39m[39;1mvendor\laravel\framework\src\Illuminate\Database\Connection.php[39;22m:[39;1m825[39;22m

  [33m2   [39m[39;1mvendor\laravel\framework\src\Illuminate\Database\Connection.php[39;22m:[39;1m571[39;22m
  [90m    NunoMaduro\Collision\Exceptions\TestException::("SQLSTATE[42704]: Undefined object: 7 FEHLER:  unbekannter Konfigurationsparameter »foreign_key_checks«")[39m

  [31m────────────────────────────────────────────────────────────────────────────────────────────────────────────────────[39m  
  [41;1m FAILED [49;22m [1mTests\Feature\TenantIsolationTest[22m [90m>[39m candidacies are scoped by organisation                 [41;1m QueryException [49;22m  
[39;1m  SQLSTATE[42704]: Undefined object: 7 FEHLER:  unbekannter Konfigurationsparameter »foreign_key_checks« (Connection: pgsql, SQL: SET FOREIGN_KEY_CHECKS=0)[39;22m

  at [32mvendor\laravel\framework\src\Illuminate\Database\Connection.php[39m:[32m825[39m
    821▕                     $this->getName(), $query, $this->prepareBindings($bindings), $e
    822▕                 );
    823▕             }
    824▕ 
  ➜ 825▕             throw new QueryException(
    826▕                 $this->getName(), $query, $this->prepareBindings($bindings), $e
    827▕             );
    828▕         }
    829▕     }

  [33m1   [39m[39;1mvendor\laravel\framework\src\Illuminate\Database\Connection.php[39;22m:[39;1m825[39;22m

  [33m2   [39m[39;1mvendor\laravel\framework\src\Illuminate\Database\Connection.php[39;22m:[39;1m571[39;22m
  [90m    NunoMaduro\Collision\Exceptions\TestException::("SQLSTATE[42704]: Undefined object: 7 FEHLER:  unbekannter Konfigurationsparameter »foreign_key_checks«")[39m

  [31m────────────────────────────────────────────────────────────────────────────────────────────────────────────────────[39m  
  [41;1m FAILED [49;22m [1mTests\Feature\TenantIsolationTest[22m [90m>[39m codes are scoped by organisation                       [41;1m QueryException [49;22m  
[39;1m  SQLSTATE[42704]: Undefined object: 7 FEHLER:  unbekannter Konfigurationsparameter »foreign_key_checks« (Connection: pgsql, SQL: SET FOREIGN_KEY_CHECKS=0)[39;22m

  at [32mvendor\laravel\framework\src\Illuminate\Database\Connection.php[39m:[32m825[39m
    821▕                     $this->getName(), $query, $this->prepareBindings($bindings), $e
    822▕                 );
    823▕             }
    824▕ 
  ➜ 825▕             throw new QueryException(
    826▕                 $this->getName(), $query, $this->prepareBindings($bindings), $e
    827▕             );
    828▕         }
    829▕     }

  [33m1   [39m[39;1mvendor\laravel\framework\src\Illuminate\Database\Connection.php[39;22m:[39;1m825[39;22m

  [33m2   [39m[39;1mvendor\laravel\framework\src\Illuminate\Database\Connection.php[39;22m:[39;1m571[39;22m
  [90m    NunoMaduro\Collision\Exceptions\TestException::("SQLSTATE[42704]: Undefined object: 7 FEHLER:  unbekannter Konfigurationsparameter »foreign_key_checks«")[39m

  [31m────────────────────────────────────────────────────────────────────────────────────────────────────────────────────[39m  
  [41;1m FAILED [49;22m [1mTests\Feature\TenantIsolationTest[22m [90m>[39m new code auto fills organisation id                    [41;1m QueryException [49;22m  
[39;1m  SQLSTATE[42704]: Undefined object: 7 FEHLER:  unbekannter Konfigurationsparameter »foreign_key_checks« (Connection: pgsql, SQL: SET FOREIGN_KEY_CHECKS=0)[39;22m

  at [32mvendor\laravel\framework\src\Illuminate\Database\Connection.php[39m:[32m825[39m
    821▕                     $this->getName(), $query, $this->prepareBindings($bindings), $e
    822▕                 );
    823▕             }
    824▕ 
  ➜ 825▕             throw new QueryException(
    826▕                 $this->getName(), $query, $this->prepareBindings($bindings), $e
    827▕             );
    828▕         }
    829▕     }

  [33m1   [39m[39;1mvendor\laravel\framework\src\Illuminate\Database\Connection.php[39;22m:[39;1m825[39;22m

  [33m2   [39m[39;1mvendor\laravel\framework\src\Illuminate\Database\Connection.php[39;22m:[39;1m571[39;22m
  [90m    NunoMaduro\Collision\Exceptions\TestException::("SQLSTATE[42704]: Undefined object: 7 FEHLER:  unbekannter Konfigurationsparameter »foreign_key_checks«")[39m

  [31m────────────────────────────────────────────────────────────────────────────────────────────────────────────────────[39m  
  [41;1m FAILED [49;22m [1mTests\Feature\TenantIsolationTest[22m [90m>[39m votes are scoped by organisation                       [41;1m QueryException [49;22m  
[39;1m  SQLSTATE[42704]: Undefined object: 7 FEHLER:  unbekannter Konfigurationsparameter »foreign_key_checks« (Connection: pgsql, SQL: SET FOREIGN_KEY_CHECKS=0)[39;22m

  at [32mvendor\laravel\framework\src\Illuminate\Database\Connection.php[39m:[32m825[39m
    821▕                     $this->getName(), $query, $this->prepareBindings($bindings), $e
    822▕                 );
    823▕             }
    824▕ 
  ➜ 825▕             throw new QueryException(
    826▕                 $this->getName(), $query, $this->prepareBindings($bindings), $e
    827▕             );
    828▕         }
    829▕     }

  [33m1   [39m[39;1mvendor\laravel\framework\src\Illuminate\Database\Connection.php[39;22m:[39;1m825[39;22m

  [33m2   [39m[39;1mvendor\laravel\framework\src\Illuminate\Database\Connection.php[39;22m:[39;1m571[39;22m
  [90m    NunoMaduro\Collision\Exceptions\TestException::("SQLSTATE[42704]: Undefined object: 7 FEHLER:  unbekannter Konfigurationsparameter »foreign_key_checks«")[39m

  [31m────────────────────────────────────────────────────────────────────────────────────────────────────────────────────[39m  
  [41;1m FAILED [49;22m [1mTests\Feature\TenantIsolationTest[22m [90m>[39m vote counts respect tenant isolation                   [41;1m QueryException [49;22m  
[39;1m  SQLSTATE[42704]: Undefined object: 7 FEHLER:  unbekannter Konfigurationsparameter »foreign_key_checks« (Connection: pgsql, SQL: SET FOREIGN_KEY_CHECKS=0)[39;22m

  at [32mvendor\laravel\framework\src\Illuminate\Database\Connection.php[39m:[32m825[39m
    821▕                     $this->getName(), $query, $this->prepareBindings($bindings), $e
    822▕                 );
    823▕             }
    824▕ 
  ➜ 825▕             throw new QueryException(
    826▕                 $this->getName(), $query, $this->prepareBindings($bindings), $e
    827▕             );
    828▕         }
    829▕     }

  [33m1   [39m[39;1mvendor\laravel\framework\src\Illuminate\Database\Connection.php[39;22m:[39;1m825[39;22m

  [33m2   [39m[39;1mvendor\laravel\framework\src\Illuminate\Database\Connection.php[39;22m:[39;1m571[39;22m
  [90m    NunoMaduro\Collision\Exceptions\TestException::("SQLSTATE[42704]: Undefined object: 7 FEHLER:  unbekannter Konfigurationsparameter »foreign_key_checks«")[39m

  [31m────────────────────────────────────────────────────────────────────────────────────────────────────────────────────[39m  
  [41;1m FAILED [49;22m [1mTests\Feature\TenantIsolationTest[22m [90m>[39m new vote auto fills organisation id                    [41;1m QueryException [49;22m  
[39;1m  SQLSTATE[42704]: Undefined object: 7 FEHLER:  unbekannter Konfigurationsparameter »foreign_key_checks« (Connection: pgsql, SQL: SET FOREIGN_KEY_CHECKS=0)[39;22m

  at [32mvendor\laravel\framework\src\Illuminate\Database\Connection.php[39m:[32m825[39m
    821▕                     $this->getName(), $query, $this->prepareBindings($bindings), $e
    822▕                 );
    823▕             }
    824▕ 
  ➜ 825▕             throw new QueryException(
    826▕                 $this->getName(), $query, $this->prepareBindings($bindings), $e
    827▕             );
    828▕         }
    829▕     }

  [33m1   [39m[39;1mvendor\laravel\framework\src\Illuminate\Database\Connection.php[39;22m:[39;1m825[39;22m

  [33m2   [39m[39;1mvendor\laravel\framework\src\Illuminate\Database\Connection.php[39;22m:[39;1m571[39;22m
  [90m    NunoMaduro\Collision\Exceptions\TestException::("SQLSTATE[42704]: Undefined object: 7 FEHLER:  unbekannter Konfigurationsparameter »foreign_key_checks«")[39m

  [31m────────────────────────────────────────────────────────────────────────────────────────────────────────────────────[39m  
  [41;1m FAILED [49;22m [1mTests\Feature\TenantIsolationTest[22m [90m>[39m results are scoped by organisation                     [41;1m QueryException [49;22m  
[39;1m  SQLSTATE[42704]: Undefined object: 7 FEHLER:  unbekannter Konfigurationsparameter »foreign_key_checks« (Connection: pgsql, SQL: SET FOREIGN_KEY_CHECKS=0)[39;22m

  at [32mvendor\laravel\framework\src\Illuminate\Database\Connection.php[39m:[32m825[39m
    821▕                     $this->getName(), $query, $this->prepareBindings($bindings), $e
    822▕                 );
    823▕             }
    824▕ 
  ➜ 825▕             throw new QueryException(
    826▕                 $this->getName(), $query, $this->prepareBindings($bindings), $e
    827▕             );
    828▕         }
    829▕     }

  [33m1   [39m[39;1mvendor\laravel\framework\src\Illuminate\Database\Connection.php[39;22m:[39;1m825[39;22m

  [33m2   [39m[39;1mvendor\laravel\framework\src\Illuminate\Database\Connection.php[39;22m:[39;1m571[39;22m
  [90m    NunoMaduro\Collision\Exceptions\TestException::("SQLSTATE[42704]: Undefined object: 7 FEHLER:  unbekannter Konfigurationsparameter »foreign_key_checks«")[39m

  [31m────────────────────────────────────────────────────────────────────────────────────────────────────────────────────[39m  
  [41;1m FAILED [49;22m [1mTests\Feature\TenantIsolationTest[22m [90m>[39m new result auto fills organisation id                  [41;1m QueryException [49;22m  
[39;1m  SQLSTATE[42704]: Undefined object: 7 FEHLER:  unbekannter Konfigurationsparameter »foreign_key_checks« (Connection: pgsql, SQL: SET FOREIGN_KEY_CHECKS=0)[39;22m

  at [32mvendor\laravel\framework\src\Illuminate\Database\Connection.php[39m:[32m825[39m
    821▕                     $this->getName(), $query, $this->prepareBindings($bindings), $e
    822▕                 );
    823▕             }
    824▕ 
  ➜ 825▕             throw new QueryException(
    826▕                 $this->getName(), $query, $this->prepareBindings($bindings), $e
    827▕             );
    828▕         }
    829▕     }

  [33m1   [39m[39;1mvendor\laravel\framework\src\Illuminate\Database\Connection.php[39;22m:[39;1m825[39;22m

  [33m2   [39m[39;1mvendor\laravel\framework\src\Illuminate\Database\Connection.php[39;22m:[39;1m571[39;22m
  [90m    NunoMaduro\Collision\Exceptions\TestException::("SQLSTATE[42704]: Undefined object: 7 FEHLER:  unbekannter Konfigurationsparameter »foreign_key_checks«")[39m

  [31m────────────────────────────────────────────────────────────────────────────────────────────────────────────────────[39m  
  [41;1m FAILED [49;22m [1mTests\Feature\UuidMultiTenancyTest[22m [90m>[39m organisation get default platform                                       
[39;1m  Failed asserting that two strings are equal.
--- Expected
+++ Actual
@@ @@
-'a1e8eda8-3853-4013-9512-4b57e01ca6d9'
+'2fb5b0dd-4f0b-4c9e-ae2c-a27050ef1560'[39;22m

  at [32mtests\Feature\UuidMultiTenancyTest.php[39m:[32m91[39m
     87▕ 
     88▕         $foundOrg = Organisation::getDefaultPlatform();
     89▕ 
     90▕         $this->assertNotNull($foundOrg);
  ➜  91▕         $this->assertEquals($platformOrg->id, $foundOrg->id);
     92▕         $this->assertTrue($foundOrg->isPlatform());
     93▕         $this->assertTrue($foundOrg->is_default);
     94▕     }
     95▕

  [33m1   [39m[39;1mtests\Feature\UuidMultiTenancyTest.php[39;22m:[39;1m91[39;22m

  [31m────────────────────────────────────────────────────────────────────────────────────────────────────────────────────[39m  
  [41;1m FAILED [49;22m [1mTests\Feature\UuidMultiTenancyTest[22m [90m>[39m user belongs to multiple organisations                                  
[39;1m  Failed asserting that actual size 3 matches expected size 2.[39;22m

  at [32mtests\Feature\UuidMultiTenancyTest.php[39m:[32m134[39m
    130▕         ]);
    131▕ 
    132▕         $organisations = $user->organisations()->pluck('id');
    133▕ 
  ➜ 134▕         $this->assertCount(2, $organisations);
    135▕         $this->assertContains($org1->id, $organisations);
    136▕         $this->assertContains($org2->id, $organisations);
    137▕     }
    138▕

  [33m1   [39m[39;1mtests\Feature\UuidMultiTenancyTest.php[39;22m:[39;1m134[39;22m

  [31m────────────────────────────────────────────────────────────────────────────────────────────────────────────────────[39m  
  [41;1m FAILED [49;22m [1mTests\Feature\UuidMultiTenancyTest[22m [90m>[39m election scope for organisation                                         
[39;1m  Failed asserting that actual size 0 matches expected size 2.[39;22m

  at [32mtests\Feature\UuidMultiTenancyTest.php[39m:[32m258[39m
    254▕ 
    255▕         $org1Elections = Election::forOrganisation($org1->id)->get();
    256▕         $org2Elections = Election::forOrganisation($org2->id)->get();
    257▕ 
  ➜ 258▕         $this->assertCount(2, $org1Elections);
    259▕         $this->assertCount(1, $org2Elections);
    260▕     }
    261▕ 
    262▕     // ==================== TENANT CONTEXT SERVICE TESTS ====================

  [33m1   [39m[39;1mtests\Feature\UuidMultiTenancyTest.php[39;22m:[39;1m258[39;22m

  [31m────────────────────────────────────────────────────────────────────────────────────────────────────────────────────[39m  
  [41;1m FAILED [49;22m [1mTests\Feature\UuidMultiTenancyTest[22m [90m>[39m tenant context service manages context                         [41;1m Error [49;22m  
[39;1m  Call to undefined method App\Services\TenantContext::setContext()[39;22m

  at [32mtests\Feature\UuidMultiTenancyTest.php[39m:[32m280[39m
    276▕             'role' => 'member',
    277▕         ]);
    278▕ 
    279▕         $tenantContext = app(\App\Services\TenantContext::class);
  ➜ 280▕         $tenantContext->setContext($user, $org);
    281▕ 
    282▕         $this->assertEquals($org->id, $tenantContext->getCurrentOrganisationId());
    283▕         $this->assertEquals($org->id, $tenantContext->getCurrentOrganisation()->id);
    284▕     }

  [33m1   [39m[39;1mtests\Feature\UuidMultiTenancyTest.php[39;22m:[39;1m280[39;22m

  [31m────────────────────────────────────────────────────────────────────────────────────────────────────────────────────[39m  
  [41;1m FAILED [49;22m [1mTests\Feature\UuidMultiTenancyTest[22m [90m>[39m tenant context validates membership                            [41;1m Error [49;22m  
[39;1m  Call to undefined method App\Services\TenantContext::setContext()[39;22m

  at [32mtests\Feature\UuidMultiTenancyTest.php[39m:[32m305[39m
    301▕ 
    302▕         $tenantContext = app(\App\Services\TenantContext::class);
    303▕ 
    304▕         // Should succeed
  ➜ 305▕         $tenantContext->setContext($user, $org1);
    306▕         $this->assertEquals($org1->id, $tenantContext->getCurrentOrganisationId());
    307▕ 
    308▕         // Should fail - user doesn't belong to org2
    309▕         $this->expectException(\RuntimeException::class);

  [33m1   [39m[39;1mtests\Feature\UuidMultiTenancyTest.php[39;22m:[39;1m305[39;22m

  [31m────────────────────────────────────────────────────────────────────────────────────────────────────────────────────[39m  
  [41;1m FAILED [49;22m [1mTests\Feature\UuidMultiTenancyTest[22m [90m>[39m tenant context persists to session                             [41;1m Error [49;22m  
[39;1m  Call to undefined method App\Services\TenantContext::setContext()[39;22m

  at [32mtests\Feature\UuidMultiTenancyTest.php[39m:[32m329[39m
    325▕             'role' => 'member',
    326▕         ]);
    327▕ 
    328▕         $tenantContext = app(\App\Services\TenantContext::class);
  ➜ 329▕         $tenantContext->setContext($user, $org);
    330▕ 
    331▕         $this->assertEquals($org->id, session('current_organisation_id'));
    332▕     }
    333▕

  [33m1   [39m[39;1mtests\Feature\UuidMultiTenancyTest.php[39;22m:[39;1m329[39;22m

  [31m────────────────────────────────────────────────────────────────────────────────────────────────────────────────────[39m  
  [41;1m FAILED [49;22m [1mTests\Feature\UuidMultiTenancyTest[22m [90m>[39m tenant context resolves from session                           [41;1m Error [49;22m  
[39;1m  Call to undefined method App\Services\TenantContext::getCurrentOrganisation()[39;22m

  at [32mtests\Feature\UuidMultiTenancyTest.php[39m:[32m344[39m
    340▕         $org = Organisation::factory()->create();
    341▕         session(['current_organisation_id' => $org->id]);
    342▕ 
    343▕         $tenantContext = app(\App\Services\TenantContext::class);
  ➜ 344▕         $currentOrg = $tenantContext->getCurrentOrganisation();
    345▕ 
    346▕         $this->assertEquals($org->id, $currentOrg->id);
    347▕     }
    348▕

  [33m1   [39m[39;1mtests\Feature\UuidMultiTenancyTest.php[39;22m:[39;1m344[39;22m

  [31m────────────────────────────────────────────────────────────────────────────────────────────────────────────────────[39m  
  [41;1m FAILED [49;22m [1mTests\Feature\UuidMultiTenancyTest[22m [90m>[39m tenant context organisation type checks                        [41;1m Error [49;22m  
[39;1m  Call to undefined method App\Services\TenantContext::setContext()[39;22m

  at [32mtests\Feature\UuidMultiTenancyTest.php[39m:[32m372[39m
    368▕         ]);
    369▕ 
    370▕         $tenantContext = app(\App\Services\TenantContext::class);
    371▕ 
  ➜ 372▕         $tenantContext->setContext($user, $platformOrg);
    373▕         $this->assertTrue($tenantContext->isPlatformContext());
    374▕         $this->assertFalse($tenantContext->isTenantContext());
    375▕ 
    376▕         $tenantContext->setContext($user, $tenantOrg);

  [33m1   [39m[39;1mtests\Feature\UuidMultiTenancyTest.php[39;22m:[39;1m372[39;22m

  [31m────────────────────────────────────────────────────────────────────────────────────────────────────────────────────[39m  
  [41;1m FAILED [49;22m [1mTests\Feature\VoteAnonymityTest[22m [90m>[39m votes table has no user id column                        [41;1m QueryException [49;22m  
[39;1m  SQLSTATE[23514]: Check violation: 7 FEHLER:  neue Zeile für Relation »organisations« verletzt Check-Constraint »organisations_type_check«
DETAIL:  Fehlgeschlagene Zeile enthält (a1e8edac-a22c-4f05-8ddd-1fce741d4428, Test Org, test-org, organisation, f, null, null, null, null, null, 2026-05-31 08:58:39, 2026-05-31 08:58:39, null, null, t, null, flat, null, null, null, null, null, pending_setup, null, null, UTC). (Connection: pgsql, SQL: insert into "organisations" ("name", "slug", "type", "id", "updated_at", "created_at") values (Test Org, test-org, organisation, a1e8edac-a22c-4f05-8ddd-1fce741d4428, 2026-05-31 08:58:39, 2026-05-31 08:58:39))[39;22m

  at [32mvendor\laravel\framework\src\Illuminate\Database\Connection.php[39m:[32m825[39m
    821▕                     $this->getName(), $query, $this->prepareBindings($bindings), $e
    822▕                 );
    823▕             }
    824▕ 
  ➜ 825▕             throw new QueryException(
    826▕                 $this->getName(), $query, $this->prepareBindings($bindings), $e
    827▕             );
    828▕         }
    829▕     }

  [33m1   [39m[39;1mvendor\laravel\framework\src\Illuminate\Database\Connection.php[39;22m:[39;1m825[39;22m

  [33m2   [39m[39;1mvendor\laravel\framework\src\Illuminate\Database\Connection.php[39;22m:[39;1m571[39;22m
  [90m    NunoMaduro\Collision\Exceptions\TestException::("SQLSTATE[23514]: Check violation: 7 FEHLER:  neue Zeile für Relation »organisations« verletzt Check-Constraint »organisations_type_check«
DETAIL:  Fehlgeschlagene Zeile enthält (a1e8edac-a22c-4f05-8ddd-1fce741d4428, Test Org, test-org, organisation, f, null, null, null, null, null, 2026-05-31 08:58:39, 2026-05-31 08:58:39, null, null, t, null, flat, null, null, null, null, null, pending_setup, null, null, UTC).")[39m

  [31m────────────────────────────────────────────────────────────────────────────────────────────────────────────────────[39m  
  [41;1m FAILED [49;22m [1mTests\Feature\VoteAnonymityTest[22m [90m>[39m vote cannot be linked to user                            [41;1m QueryException [49;22m  
[39;1m  SQLSTATE[23514]: Check violation: 7 FEHLER:  neue Zeile für Relation »organisations« verletzt Check-Constraint »organisations_type_check«
DETAIL:  Fehlgeschlagene Zeile enthält (a1e8edad-0291-496e-865b-2142fdf3347a, Test Org, test-org, organisation, f, null, null, null, null, null, 2026-05-31 08:58:40, 2026-05-31 08:58:40, null, null, t, null, flat, null, null, null, null, null, pending_setup, null, null, UTC). (Connection: pgsql, SQL: insert into "organisations" ("name", "slug", "type", "id", "updated_at", "created_at") values (Test Org, test-org, organisation, a1e8edad-0291-496e-865b-2142fdf3347a, 2026-05-31 08:58:40, 2026-05-31 08:58:40))[39;22m

  at [32mvendor\laravel\framework\src\Illuminate\Database\Connection.php[39m:[32m825[39m
    821▕                     $this->getName(), $query, $this->prepareBindings($bindings), $e
    822▕                 );
    823▕             }
    824▕ 
  ➜ 825▕             throw new QueryException(
    826▕                 $this->getName(), $query, $this->prepareBindings($bindings), $e
    827▕             );
    828▕         }
    829▕     }

  [33m1   [39m[39;1mvendor\laravel\framework\src\Illuminate\Database\Connection.php[39;22m:[39;1m825[39;22m

  [33m2   [39m[39;1mvendor\laravel\framework\src\Illuminate\Database\Connection.php[39;22m:[39;1m571[39;22m
  [90m    NunoMaduro\Collision\Exceptions\TestException::("SQLSTATE[23514]: Check violation: 7 FEHLER:  neue Zeile für Relation »organisations« verletzt Check-Constraint »organisations_type_check«
DETAIL:  Fehlgeschlagene Zeile enthält (a1e8edad-0291-496e-865b-2142fdf3347a, Test Org, test-org, organisation, f, null, null, null, null, null, 2026-05-31 08:58:40, 2026-05-31 08:58:40, null, null, t, null, flat, null, null, null, null, null, pending_setup, null, null, UTC).")[39m

  [31m────────────────────────────────────────────────────────────────────────────────────────────────────────────────────[39m  
  [41;1m FAILED [49;22m [1mTests\Feature\VoteAnonymityTest[22m [90m>[39m vote hash provides cryptographic proof without user ide… [41;1m QueryException [49;22m  
[39;1m  SQLSTATE[23514]: Check violation: 7 FEHLER:  neue Zeile für Relation »organisations« verletzt Check-Constraint »organisations_type_check«
DETAIL:  Fehlgeschlagene Zeile enthält (a1e8edad-6423-4a7a-8943-d458ecc51548, Test Org, test-org, organisation, f, null, null, null, null, null, 2026-05-31 08:58:40, 2026-05-31 08:58:40, null, null, t, null, flat, null, null, null, null, null, pending_setup, null, null, UTC). (Connection: pgsql, SQL: insert into "organisations" ("name", "slug", "type", "id", "updated_at", "created_at") values (Test Org, test-org, organisation, a1e8edad-6423-4a7a-8943-d458ecc51548, 2026-05-31 08:58:40, 2026-05-31 08:58:40))[39;22m

  at [32mvendor\laravel\framework\src\Illuminate\Database\Connection.php[39m:[32m825[39m
    821▕                     $this->getName(), $query, $this->prepareBindings($bindings), $e
    822▕                 );
    823▕             }
    824▕ 
  ➜ 825▕             throw new QueryException(
    826▕                 $this->getName(), $query, $this->prepareBindings($bindings), $e
    827▕             );
    828▕         }
    829▕     }

  [33m1   [39m[39;1mvendor\laravel\framework\src\Illuminate\Database\Connection.php[39;22m:[39;1m825[39;22m

  [33m2   [39m[39;1mvendor\laravel\framework\src\Illuminate\Database\Connection.php[39;22m:[39;1m571[39;22m
  [90m    NunoMaduro\Collision\Exceptions\TestException::("SQLSTATE[23514]: Check violation: 7 FEHLER:  neue Zeile für Relation »organisations« verletzt Check-Constraint »organisations_type_check«
DETAIL:  Fehlgeschlagene Zeile enthält (a1e8edad-6423-4a7a-8943-d458ecc51548, Test Org, test-org, organisation, f, null, null, null, null, null, 2026-05-31 08:58:40, 2026-05-31 08:58:40, null, null, t, null, flat, null, null, null, null, null, pending_setup, null, null, UTC).")[39m

  [31m────────────────────────────────────────────────────────────────────────────────────────────────────────────────────[39m  
  [41;1m FAILED [49;22m [1mTests\Feature\VoteAnonymityTest[22m [90m>[39m code model links user to voting permission not vote con… [41;1m QueryException [49;22m  
[39;1m  SQLSTATE[23514]: Check violation: 7 FEHLER:  neue Zeile für Relation »organisations« verletzt Check-Constraint »organisations_type_check«
DETAIL:  Fehlgeschlagene Zeile enthält (a1e8edad-9b90-4ab8-b562-f233e30cc6a4, Test Org, test-org, organisation, f, null, null, null, null, null, 2026-05-31 08:58:40, 2026-05-31 08:58:40, null, null, t, null, flat, null, null, null, null, null, pending_setup, null, null, UTC). (Connection: pgsql, SQL: insert into "organisations" ("name", "slug", "type", "id", "updated_at", "created_at") values (Test Org, test-org, organisation, a1e8edad-9b90-4ab8-b562-f233e30cc6a4, 2026-05-31 08:58:40, 2026-05-31 08:58:40))[39;22m

  at [32mvendor\laravel\framework\src\Illuminate\Database\Connection.php[39m:[32m825[39m
    821▕                     $this->getName(), $query, $this->prepareBindings($bindings), $e
    822▕                 );
    823▕             }
    824▕ 
  ➜ 825▕             throw new QueryException(
    826▕                 $this->getName(), $query, $this->prepareBindings($bindings), $e
    827▕             );
    828▕         }
    829▕     }

  [33m1   [39m[39;1mvendor\laravel\framework\src\Illuminate\Database\Connection.php[39;22m:[39;1m825[39;22m

  [33m2   [39m[39;1mvendor\laravel\framework\src\Illuminate\Database\Connection.php[39;22m:[39;1m571[39;22m
  [90m    NunoMaduro\Collision\Exceptions\TestException::("SQLSTATE[23514]: Check violation: 7 FEHLER:  neue Zeile für Relation »organisations« verletzt Check-Constraint »organisations_type_check«
DETAIL:  Fehlgeschlagene Zeile enthält (a1e8edad-9b90-4ab8-b562-f233e30cc6a4, Test Org, test-org, organisation, f, null, null, null, null, null, 2026-05-31 08:58:40, 2026-05-31 08:58:40, null, null, t, null, flat, null, null, null, null, null, pending_setup, null, null, UTC).")[39m

  [31m────────────────────────────────────────────────────────────────────────────────────────────────────────────────────[39m  
  [41;1m FAILED [49;22m [1mTests\Feature\VoteAnonymityTest[22m [90m>[39m multiple votes cannot be attributed to same user         [41;1m QueryException [49;22m  
[39;1m  SQLSTATE[23514]: Check violation: 7 FEHLER:  neue Zeile für Relation »organisations« verletzt Check-Constraint »organisations_type_check«
DETAIL:  Fehlgeschlagene Zeile enthält (a1e8edad-d86f-4642-8bbd-acff7db7035e, Test Org, test-org, organisation, f, null, null, null, null, null, 2026-05-31 08:58:40, 2026-05-31 08:58:40, null, null, t, null, flat, null, null, null, null, null, pending_setup, null, null, UTC). (Connection: pgsql, SQL: insert into "organisations" ("name", "slug", "type", "id", "updated_at", "created_at") values (Test Org, test-org, organisation, a1e8edad-d86f-4642-8bbd-acff7db7035e, 2026-05-31 08:58:40, 2026-05-31 08:58:40))[39;22m

  at [32mvendor\laravel\framework\src\Illuminate\Database\Connection.php[39m:[32m825[39m
    821▕                     $this->getName(), $query, $this->prepareBindings($bindings), $e
    822▕                 );
    823▕             }
    824▕ 
  ➜ 825▕             throw new QueryException(
    826▕                 $this->getName(), $query, $this->prepareBindings($bindings), $e
    827▕             );
    828▕         }
    829▕     }

  [33m1   [39m[39;1mvendor\laravel\framework\src\Illuminate\Database\Connection.php[39;22m:[39;1m825[39;22m

  [33m2   [39m[39;1mvendor\laravel\framework\src\Illuminate\Database\Connection.php[39;22m:[39;1m571[39;22m
  [90m    NunoMaduro\Collision\Exceptions\TestException::("SQLSTATE[23514]: Check violation: 7 FEHLER:  neue Zeile für Relation »organisations« verletzt Check-Constraint »organisations_type_check«
DETAIL:  Fehlgeschlagene Zeile enthält (a1e8edad-d86f-4642-8bbd-acff7db7035e, Test Org, test-org, organisation, f, null, null, null, null, null, 2026-05-31 08:58:40, 2026-05-31 08:58:40, null, null, t, null, flat, null, null, null, null, null, pending_setup, null, null, UTC).")[39m

  [31m────────────────────────────────────────────────────────────────────────────────────────────────────────────────────[39m  
  [41;1m FAILED [49;22m [1mTests\Feature\VoteAnonymityTest[22m [90m>[39m election results have no user identity                   [41;1m QueryException [49;22m  
[39;1m  SQLSTATE[23514]: Check violation: 7 FEHLER:  neue Zeile für Relation »organisations« verletzt Check-Constraint »organisations_type_check«
DETAIL:  Fehlgeschlagene Zeile enthält (a1e8edae-1637-4538-8fb5-38cb0785700e, Test Org, test-org, organisation, f, null, null, null, null, null, 2026-05-31 08:58:40, 2026-05-31 08:58:40, null, null, t, null, flat, null, null, null, null, null, pending_setup, null, null, UTC). (Connection: pgsql, SQL: insert into "organisations" ("name", "slug", "type", "id", "updated_at", "created_at") values (Test Org, test-org, organisation, a1e8edae-1637-4538-8fb5-38cb0785700e, 2026-05-31 08:58:40, 2026-05-31 08:58:40))[39;22m

  at [32mvendor\laravel\framework\src\Illuminate\Database\Connection.php[39m:[32m825[39m
    821▕                     $this->getName(), $query, $this->prepareBindings($bindings), $e
    822▕                 );
    823▕             }
    824▕ 
  ➜ 825▕             throw new QueryException(
    826▕                 $this->getName(), $query, $this->prepareBindings($bindings), $e
    827▕             );
    828▕         }
    829▕     }

  [33m1   [39m[39;1mvendor\laravel\framework\src\Illuminate\Database\Connection.php[39;22m:[39;1m825[39;22m

  [33m2   [39m[39;1mvendor\laravel\framework\src\Illuminate\Database\Connection.php[39;22m:[39;1m571[39;22m
  [90m    NunoMaduro\Collision\Exceptions\TestException::("SQLSTATE[23514]: Check violation: 7 FEHLER:  neue Zeile für Relation »organisations« verletzt Check-Constraint »organisations_type_check«
DETAIL:  Fehlgeschlagene Zeile enthält (a1e8edae-1637-4538-8fb5-38cb0785700e, Test Org, test-org, organisation, f, null, null, null, null, null, 2026-05-31 08:58:40, 2026-05-31 08:58:40, null, null, t, null, flat, null, null, null, null, null, pending_setup, null, null, UTC).")[39m

  [31m────────────────────────────────────────────────────────────────────────────────────────────────────────────────────[39m  
  [41;1m FAILED [49;22m [1mTests\Feature\VoteAnonymityTest[22m [90m>[39m voter cannot coerce vote because vote is not traceable   [41;1m QueryException [49;22m  
[39;1m  SQLSTATE[23514]: Check violation: 7 FEHLER:  neue Zeile für Relation »organisations« verletzt Check-Constraint »organisations_type_check«
DETAIL:  Fehlgeschlagene Zeile enthält (a1e8edae-4941-4489-9010-c71f7f2fc875, Test Org, test-org, organisation, f, null, null, null, null, null, 2026-05-31 08:58:41, 2026-05-31 08:58:41, null, null, t, null, flat, null, null, null, null, null, pending_setup, null, null, UTC). (Connection: pgsql, SQL: insert into "organisations" ("name", "slug", "type", "id", "updated_at", "created_at") values (Test Org, test-org, organisation, a1e8edae-4941-4489-9010-c71f7f2fc875, 2026-05-31 08:58:41, 2026-05-31 08:58:41))[39;22m

  at [32mvendor\laravel\framework\src\Illuminate\Database\Connection.php[39m:[32m825[39m
    821▕                     $this->getName(), $query, $this->prepareBindings($bindings), $e
    822▕                 );
    823▕             }
    824▕ 
  ➜ 825▕             throw new QueryException(
    826▕                 $this->getName(), $query, $this->prepareBindings($bindings), $e
    827▕             );
    828▕         }
    829▕     }

  [33m1   [39m[39;1mvendor\laravel\framework\src\Illuminate\Database\Connection.php[39;22m:[39;1m825[39;22m

  [33m2   [39m[39;1mvendor\laravel\framework\src\Illuminate\Database\Connection.php[39;22m:[39;1m571[39;22m
  [90m    NunoMaduro\Collision\Exceptions\TestException::("SQLSTATE[23514]: Check violation: 7 FEHLER:  neue Zeile für Relation »organisations« verletzt Check-Constraint »organisations_type_check«
DETAIL:  Fehlgeschlagene Zeile enthält (a1e8edae-4941-4489-9010-c71f7f2fc875, Test Org, test-org, organisation, f, null, null, null, null, null, 2026-05-31 08:58:41, 2026-05-31 08:58:41, null, null, t, null, flat, null, null, null, null, null, pending_setup, null, null, UTC).")[39m

  [31m────────────────────────────────────────────────────────────────────────────────────────────────────────────────────[39m  
  [41;1m FAILED [49;22m [1mTests\Feature\VoteAnonymityTest[22m [90m>[39m vote data schema enforces anonymity                      [41;1m QueryException [49;22m  
[39;1m  SQLSTATE[23514]: Check violation: 7 FEHLER:  neue Zeile für Relation »organisations« verletzt Check-Constraint »organisations_type_check«
DETAIL:  Fehlgeschlagene Zeile enthält (a1e8edae-7e3a-4666-b734-a7c89c9d6e16, Test Org, test-org, organisation, f, null, null, null, null, null, 2026-05-31 08:58:41, 2026-05-31 08:58:41, null, null, t, null, flat, null, null, null, null, null, pending_setup, null, null, UTC). (Connection: pgsql, SQL: insert into "organisations" ("name", "slug", "type", "id", "updated_at", "created_at") values (Test Org, test-org, organisation, a1e8edae-7e3a-4666-b734-a7c89c9d6e16, 2026-05-31 08:58:41, 2026-05-31 08:58:41))[39;22m

  at [32mvendor\laravel\framework\src\Illuminate\Database\Connection.php[39m:[32m825[39m
    821▕                     $this->getName(), $query, $this->prepareBindings($bindings), $e
    822▕                 );
    823▕             }
    824▕ 
  ➜ 825▕             throw new QueryException(
    826▕                 $this->getName(), $query, $this->prepareBindings($bindings), $e
    827▕             );
    828▕         }
    829▕     }

  [33m1   [39m[39;1mvendor\laravel\framework\src\Illuminate\Database\Connection.php[39;22m:[39;1m825[39;22m

  [33m2   [39m[39;1mvendor\laravel\framework\src\Illuminate\Database\Connection.php[39;22m:[39;1m571[39;22m
  [90m    NunoMaduro\Collision\Exceptions\TestException::("SQLSTATE[23514]: Check violation: 7 FEHLER:  neue Zeile für Relation »organisations« verletzt Check-Constraint »organisations_type_check«
DETAIL:  Fehlgeschlagene Zeile enthält (a1e8edae-7e3a-4666-b734-a7c89c9d6e16, Test Org, test-org, organisation, f, null, null, null, null, null, 2026-05-31 08:58:41, 2026-05-31 08:58:41, null, null, t, null, flat, null, null, null, null, null, pending_setup, null, null, UTC).")[39m

  [31m────────────────────────────────────────────────────────────────────────────────────────────────────────────────────[39m  
  [41;1m FAILED [49;22m [1mTests\Feature\VoteBugFixIntegrationTest[22m [90m>[39m it sanitizes buggy vote data on submission       [41;1m QueryException [49;22m  
[39;1m  SQLSTATE[23502]: Not null violation: 7 FEHLER:  NULL-Wert in Spalte »organisation_id« von Relation »codes« verletzt Not-Null-Constraint
DETAIL:  Fehlgeschlagene Zeile enthält (a1e8edae-c629-478b-b036-a98c78554892, null, null, a1e8edae-c1f6-4886-a42a-3a26efd414fb, $2y$04$bxOg3/cYptfwmutxQ.zS/u9/fA5KZhuV0zWA5AMIk3UUP/CJkNGUi, null, t, f, 2026-05-31 08:58:41, null, t, f, null, null, null, 2026-05-31 08:58:41, 2026-05-31 08:58:41, null, null, null, null, null, null, null, null, t, null, null, null, f, t, f, f, null, f, null, null, 15, null). (Connection: pgsql, SQL: insert into "codes" ("user_id", "code1", "has_code1_sent", "can_vote_now", "has_voted", "voting_time_in_minutes", "code1_used_at", "id", "organisation_id", "updated_at", "created_at") values (a1e8edae-c1f6-4886-a42a-3a26efd414fb, $2y$04$bxOg3/cYptfwmutxQ.zS/u9/fA5KZhuV0zWA5AMIk3UUP/CJkNGUi, 1, 1, 0, 15, 2026-05-31 08:58:41, a1e8edae-c629-478b-b036-a98c78554892, ?, 2026-05-31 08:58:41, 2026-05-31 08:58:41))[39;22m

  at [32mvendor\laravel\framework\src\Illuminate\Database\Connection.php[39m:[32m825[39m
    821▕                     $this->getName(), $query, $this->prepareBindings($bindings), $e
    822▕                 );
    823▕             }
    824▕ 
  ➜ 825▕             throw new QueryException(
    826▕                 $this->getName(), $query, $this->prepareBindings($bindings), $e
    827▕             );
    828▕         }
    829▕     }

  [33m1   [39m[39;1mvendor\laravel\framework\src\Illuminate\Database\Connection.php[39;22m:[39;1m825[39;22m

  [33m2   [39m[39;1mvendor\laravel\framework\src\Illuminate\Database\Connection.php[39;22m:[39;1m571[39;22m
  [90m    NunoMaduro\Collision\Exceptions\TestException::("SQLSTATE[23502]: Not null violation: 7 FEHLER:  NULL-Wert in Spalte »organisation_id« von Relation »codes« verletzt Not-Null-Constraint
DETAIL:  Fehlgeschlagene Zeile enthält (a1e8edae-c629-478b-b036-a98c78554892, null, null, a1e8edae-c1f6-4886-a42a-3a26efd414fb, $2y$04$bxOg3/cYptfwmutxQ.zS/u9/fA5KZhuV0zWA5AMIk3UUP/CJkNGUi, null, t, f, 2026-05-31 08:58:41, null, t, f, null, null, null, 2026-05-31 08:58:41, 2026-05-31 08:58:41, null, null, null, null, null, null, null, null, t, null, null, null, f, t, f, f, null, f, null, null, 15, null).")[39m

  [31m────────────────────────────────────────────────────────────────────────────────────────────────────────────────────[39m  
  [41;1m FAILED [49;22m [1mTests\Feature\VoteBugFixIntegrationTest[22m [90m>[39m it saves corrected vote to database              [41;1m QueryException [49;22m  
[39;1m  SQLSTATE[23502]: Not null violation: 7 FEHLER:  NULL-Wert in Spalte »organisation_id« von Relation »codes« verletzt Not-Null-Constraint
DETAIL:  Fehlgeschlagene Zeile enthält (a1e8edaf-3987-450b-99e3-9c8cc4e62118, null, null, a1e8edaf-35a1-4d3b-a829-2686247ee7f9, $2y$04$KQ1KLkCMm6O91ftbrSgenudnySk16XMD75tvmaIUkXSs5r9IFvQ56, null, t, f, 2026-05-31 08:58:41, null, t, f, null, null, null, 2026-05-31 08:58:41, 2026-05-31 08:58:41, null, null, null, null, null, null, null, null, t, null, null, null, f, t, f, f, null, f, null, null, 15, null). (Connection: pgsql, SQL: insert into "codes" ("user_id", "code1", "has_code1_sent", "can_vote_now", "has_voted", "voting_time_in_minutes", "code1_used_at", "id", "organisation_id", "updated_at", "created_at") values (a1e8edaf-35a1-4d3b-a829-2686247ee7f9, $2y$04$KQ1KLkCMm6O91ftbrSgenudnySk16XMD75tvmaIUkXSs5r9IFvQ56, 1, 1, 0, 15, 2026-05-31 08:58:41, a1e8edaf-3987-450b-99e3-9c8cc4e62118, ?, 2026-05-31 08:58:41, 2026-05-31 08:58:41))[39;22m

  at [32mvendor\laravel\framework\src\Illuminate\Database\Connection.php[39m:[32m825[39m
    821▕                     $this->getName(), $query, $this->prepareBindings($bindings), $e
    822▕                 );
    823▕             }
    824▕ 
  ➜ 825▕             throw new QueryException(
    826▕                 $this->getName(), $query, $this->prepareBindings($bindings), $e
    827▕             );
    828▕         }
    829▕     }

  [33m1   [39m[39;1mvendor\laravel\framework\src\Illuminate\Database\Connection.php[39;22m:[39;1m825[39;22m

  [33m2   [39m[39;1mvendor\laravel\framework\src\Illuminate\Database\Connection.php[39;22m:[39;1m571[39;22m
  [90m    NunoMaduro\Collision\Exceptions\TestException::("SQLSTATE[23502]: Not null violation: 7 FEHLER:  NULL-Wert in Spalte »organisation_id« von Relation »codes« verletzt Not-Null-Constraint
DETAIL:  Fehlgeschlagene Zeile enthält (a1e8edaf-3987-450b-99e3-9c8cc4e62118, null, null, a1e8edaf-35a1-4d3b-a829-2686247ee7f9, $2y$04$KQ1KLkCMm6O91ftbrSgenudnySk16XMD75tvmaIUkXSs5r9IFvQ56, null, t, f, 2026-05-31 08:58:41, null, t, f, null, null, null, 2026-05-31 08:58:41, 2026-05-31 08:58:41, null, null, null, null, null, null, null, null, t, null, null, null, f, t, f, f, null, f, null, null, 15, null).")[39m

  [31m────────────────────────────────────────────────────────────────────────────────────────────────────────────────────[39m  
  [41;1m FAILED [49;22m [1mTests\Feature\VoteBugFixIntegrationTest[22m [90m>[39m it preserves valid vote data                     [41;1m QueryException [49;22m  
[39;1m  SQLSTATE[23502]: Not null violation: 7 FEHLER:  NULL-Wert in Spalte »organisation_id« von Relation »codes« verletzt Not-Null-Constraint
DETAIL:  Fehlgeschlagene Zeile enthält (a1e8edaf-8d04-455c-9b61-41bb0d749ab7, null, null, a1e8edaf-8872-4209-a922-26bc0deb43de, $2y$04$WiBS.gLNkr2YjE4tfiUWVefgkw319YIwFJwVvF95lZqn38JHq3xLm, null, t, f, 2026-05-31 08:58:41, null, t, f, null, null, null, 2026-05-31 08:58:41, 2026-05-31 08:58:41, null, null, null, null, null, null, null, null, t, null, null, null, f, t, f, f, null, f, null, null, 15, null). (Connection: pgsql, SQL: insert into "codes" ("user_id", "code1", "has_code1_sent", "can_vote_now", "has_voted", "voting_time_in_minutes", "code1_used_at", "id", "organisation_id", "updated_at", "created_at") values (a1e8edaf-8872-4209-a922-26bc0deb43de, $2y$04$WiBS.gLNkr2YjE4tfiUWVefgkw319YIwFJwVvF95lZqn38JHq3xLm, 1, 1, 0, 15, 2026-05-31 08:58:41, a1e8edaf-8d04-455c-9b61-41bb0d749ab7, ?, 2026-05-31 08:58:41, 2026-05-31 08:58:41))[39;22m

  at [32mvendor\laravel\framework\src\Illuminate\Database\Connection.php[39m:[32m825[39m
    821▕                     $this->getName(), $query, $this->prepareBindings($bindings), $e
    822▕                 );
    823▕             }
    824▕ 
  ➜ 825▕             throw new QueryException(
    826▕                 $this->getName(), $query, $this->prepareBindings($bindings), $e
    827▕             );
    828▕         }
    829▕     }

  [33m1   [39m[39;1mvendor\laravel\framework\src\Illuminate\Database\Connection.php[39;22m:[39;1m825[39;22m

  [33m2   [39m[39;1mvendor\laravel\framework\src\Illuminate\Database\Connection.php[39;22m:[39;1m571[39;22m
  [90m    NunoMaduro\Collision\Exceptions\TestException::("SQLSTATE[23502]: Not null violation: 7 FEHLER:  NULL-Wert in Spalte »organisation_id« von Relation »codes« verletzt Not-Null-Constraint
DETAIL:  Fehlgeschlagene Zeile enthält (a1e8edaf-8d04-455c-9b61-41bb0d749ab7, null, null, a1e8edaf-8872-4209-a922-26bc0deb43de, $2y$04$WiBS.gLNkr2YjE4tfiUWVefgkw319YIwFJwVvF95lZqn38JHq3xLm, null, t, f, 2026-05-31 08:58:41, null, t, f, null, null, null, 2026-05-31 08:58:41, 2026-05-31 08:58:41, null, null, null, null, null, null, null, null, t, null, null, null, f, t, f, f, null, f, null, null, 15, null).")[39m

  [31m────────────────────────────────────────────────────────────────────────────────────────────────────────────────────[39m  
  [41;1m FAILED [49;22m [1mTests\Feature\VoteBugFixIntegrationTest[22m [90m>[39m it preserves valid skip data                     [41;1m QueryException [49;22m  
[39;1m  SQLSTATE[23502]: Not null violation: 7 FEHLER:  NULL-Wert in Spalte »organisation_id« von Relation »codes« verletzt Not-Null-Constraint
DETAIL:  Fehlgeschlagene Zeile enthält (a1e8edaf-d947-448d-b7c4-f8d9e9fab455, null, null, a1e8edaf-d59a-428b-b76c-e19dad05b268, $2y$04$zz5wtlllfwXKr9c1UPdf5uP4nXXoeJldFV2.q9RtZqy9Z2sOK1Y4W, null, t, f, 2026-05-31 08:58:42, null, t, f, null, null, null, 2026-05-31 08:58:42, 2026-05-31 08:58:42, null, null, null, null, null, null, null, null, t, null, null, null, f, t, f, f, null, f, null, null, 15, null). (Connection: pgsql, SQL: insert into "codes" ("user_id", "code1", "has_code1_sent", "can_vote_now", "has_voted", "voting_time_in_minutes", "code1_used_at", "id", "organisation_id", "updated_at", "created_at") values (a1e8edaf-d59a-428b-b76c-e19dad05b268, $2y$04$zz5wtlllfwXKr9c1UPdf5uP4nXXoeJldFV2.q9RtZqy9Z2sOK1Y4W, 1, 1, 0, 15, 2026-05-31 08:58:42, a1e8edaf-d947-448d-b7c4-f8d9e9fab455, ?, 2026-05-31 08:58:42, 2026-05-31 08:58:42))[39;22m

  at [32mvendor\laravel\framework\src\Illuminate\Database\Connection.php[39m:[32m825[39m
    821▕                     $this->getName(), $query, $this->prepareBindings($bindings), $e
    822▕                 );
    823▕             }
    824▕ 
  ➜ 825▕             throw new QueryException(
    826▕                 $this->getName(), $query, $this->prepareBindings($bindings), $e
    827▕             );
    828▕         }
    829▕     }

  [33m1   [39m[39;1mvendor\laravel\framework\src\Illuminate\Database\Connection.php[39;22m:[39;1m825[39;22m

  [33m2   [39m[39;1mvendor\laravel\framework\src\Illuminate\Database\Connection.php[39;22m:[39;1m571[39;22m
  [90m    NunoMaduro\Collision\Exceptions\TestException::("SQLSTATE[23502]: Not null violation: 7 FEHLER:  NULL-Wert in Spalte »organisation_id« von Relation »codes« verletzt Not-Null-Constraint
DETAIL:  Fehlgeschlagene Zeile enthält (a1e8edaf-d947-448d-b7c4-f8d9e9fab455, null, null, a1e8edaf-d59a-428b-b76c-e19dad05b268, $2y$04$zz5wtlllfwXKr9c1UPdf5uP4nXXoeJldFV2.q9RtZqy9Z2sOK1Y4W, null, t, f, 2026-05-31 08:58:42, null, t, f, null, null, null, 2026-05-31 08:58:42, 2026-05-31 08:58:42, null, null, null, null, null, null, null, null, t, null, null, null, f, t, f, f, null, f, null, null, 15, null).")[39m

  [31m────────────────────────────────────────────────────────────────────────────────────────────────────────────────────[39m  
  [41;1m FAILED [49;22m [1mTests\Feature\VoteBugFixIntegrationTest[22m [90m>[39m it sanitizes only buggy selections in mixed dat… [41;1m QueryException [49;22m  
[39;1m  SQLSTATE[23502]: Not null violation: 7 FEHLER:  NULL-Wert in Spalte »organisation_id« von Relation »codes« verletzt Not-Null-Constraint
DETAIL:  Fehlgeschlagene Zeile enthält (a1e8edb0-193d-4d31-8173-1c3b9629baa9, null, null, a1e8edb0-1538-4ded-84ec-67cf69f80ad4, $2y$04$VxxW3iB/RmPWslRvgVF7Y.pZTsK31hgjDqgttAn0iuPDEhtDJnfSG, null, t, f, 2026-05-31 08:58:42, null, t, f, null, null, null, 2026-05-31 08:58:42, 2026-05-31 08:58:42, null, null, null, null, null, null, null, null, t, null, null, null, f, t, f, f, null, f, null, null, 15, null). (Connection: pgsql, SQL: insert into "codes" ("user_id", "code1", "has_code1_sent", "can_vote_now", "has_voted", "voting_time_in_minutes", "code1_used_at", "id", "organisation_id", "updated_at", "created_at") values (a1e8edb0-1538-4ded-84ec-67cf69f80ad4, $2y$04$VxxW3iB/RmPWslRvgVF7Y.pZTsK31hgjDqgttAn0iuPDEhtDJnfSG, 1, 1, 0, 15, 2026-05-31 08:58:42, a1e8edb0-193d-4d31-8173-1c3b9629baa9, ?, 2026-05-31 08:58:42, 2026-05-31 08:58:42))[39;22m

  at [32mvendor\laravel\framework\src\Illuminate\Database\Connection.php[39m:[32m825[39m
    821▕                     $this->getName(), $query, $this->prepareBindings($bindings), $e
    822▕                 );
    823▕             }
    824▕ 
  ➜ 825▕             throw new QueryException(
    826▕                 $this->getName(), $query, $this->prepareBindings($bindings), $e
    827▕             );
    828▕         }
    829▕     }

  [33m1   [39m[39;1mvendor\laravel\framework\src\Illuminate\Database\Connection.php[39;22m:[39;1m825[39;22m

  [33m2   [39m[39;1mvendor\laravel\framework\src\Illuminate\Database\Connection.php[39;22m:[39;1m571[39;22m
  [90m    NunoMaduro\Collision\Exceptions\TestException::("SQLSTATE[23502]: Not null violation: 7 FEHLER:  NULL-Wert in Spalte »organisation_id« von Relation »codes« verletzt Not-Null-Constraint
DETAIL:  Fehlgeschlagene Zeile enthält (a1e8edb0-193d-4d31-8173-1c3b9629baa9, null, null, a1e8edb0-1538-4ded-84ec-67cf69f80ad4, $2y$04$VxxW3iB/RmPWslRvgVF7Y.pZTsK31hgjDqgttAn0iuPDEhtDJnfSG, null, t, f, 2026-05-31 08:58:42, null, t, f, null, null, null, 2026-05-31 08:58:42, 2026-05-31 08:58:42, null, null, null, null, null, null, null, null, t, null, null, null, f, t, f, f, null, f, null, null, 15, null).")[39m

  [31m────────────────────────────────────────────────────────────────────────────────────────────────────────────────────[39m  
  [41;1m FAILED [49;22m [1mTests\Feature\VoteBugFixIntegrationTest[22m [90m>[39m it logs warning when fixing inconsistent data    [41;1m QueryException [49;22m  
[39;1m  SQLSTATE[23502]: Not null violation: 7 FEHLER:  NULL-Wert in Spalte »organisation_id« von Relation »codes« verletzt Not-Null-Constraint
DETAIL:  Fehlgeschlagene Zeile enthält (a1e8edb0-5705-4100-b5d8-081a955f0a07, null, null, a1e8edb0-53b3-4735-ae2c-0eb781b28901, $2y$04$6SRCNVeCw/dhLIMYefJqze7i8wce/ZDnfzjZczGZ5F5IaDITmOhrS, null, t, f, 2026-05-31 08:58:42, null, t, f, null, null, null, 2026-05-31 08:58:42, 2026-05-31 08:58:42, null, null, null, null, null, null, null, null, t, null, null, null, f, t, f, f, null, f, null, null, 15, null). (Connection: pgsql, SQL: insert into "codes" ("user_id", "code1", "has_code1_sent", "can_vote_now", "has_voted", "voting_time_in_minutes", "code1_used_at", "id", "organisation_id", "updated_at", "created_at") values (a1e8edb0-53b3-4735-ae2c-0eb781b28901, $2y$04$6SRCNVeCw/dhLIMYefJqze7i8wce/ZDnfzjZczGZ5F5IaDITmOhrS, 1, 1, 0, 15, 2026-05-31 08:58:42, a1e8edb0-5705-4100-b5d8-081a955f0a07, ?, 2026-05-31 08:58:42, 2026-05-31 08:58:42))[39;22m

  at [32mvendor\laravel\framework\src\Illuminate\Database\Connection.php[39m:[32m825[39m
    821▕                     $this->getName(), $query, $this->prepareBindings($bindings), $e
    822▕                 );
    823▕             }
    824▕ 
  ➜ 825▕             throw new QueryException(
    826▕                 $this->getName(), $query, $this->prepareBindings($bindings), $e
    827▕             );
    828▕         }
    829▕     }

  [33m1   [39m[39;1mvendor\laravel\framework\src\Illuminate\Database\Connection.php[39;22m:[39;1m825[39;22m

  [33m2   [39m[39;1mvendor\laravel\framework\src\Illuminate\Database\Connection.php[39;22m:[39;1m571[39;22m
  [90m    NunoMaduro\Collision\Exceptions\TestException::("SQLSTATE[23502]: Not null violation: 7 FEHLER:  NULL-Wert in Spalte »organisation_id« von Relation »codes« verletzt Not-Null-Constraint
DETAIL:  Fehlgeschlagene Zeile enthält (a1e8edb0-5705-4100-b5d8-081a955f0a07, null, null, a1e8edb0-53b3-4735-ae2c-0eb781b28901, $2y$04$6SRCNVeCw/dhLIMYefJqze7i8wce/ZDnfzjZczGZ5F5IaDITmOhrS, null, t, f, 2026-05-31 08:58:42, null, t, f, null, null, null, 2026-05-31 08:58:42, 2026-05-31 08:58:42, null, null, null, null, null, null, null, null, t, null, null, null, f, t, f, f, null, f, null, null, 15, null).")[39m

  [31m────────────────────────────────────────────────────────────────────────────────────────────────────────────────────[39m  
  [41;1m FAILED [49;22m [1mTests\Feature\VoteBugFixIntegrationTest[22m [90m>[39m it requires authentication for vote submission   [41;1m QueryException [49;22m  
[39;1m  SQLSTATE[23502]: Not null violation: 7 FEHLER:  NULL-Wert in Spalte »organisation_id« von Relation »codes« verletzt Not-Null-Constraint
DETAIL:  Fehlgeschlagene Zeile enthält (a1e8edb0-9df4-4068-baf7-92fae082a215, null, null, a1e8edb0-9a68-4970-a87f-aaf9a798ca95, $2y$04$zNCPDB8wOCtNDFLZ1nkzzePdDwaNhECFToAaYMoTgNsUOOW0DuOaW, null, t, f, 2026-05-31 08:58:42, null, t, f, null, null, null, 2026-05-31 08:58:42, 2026-05-31 08:58:42, null, null, null, null, null, null, null, null, t, null, null, null, f, t, f, f, null, f, null, null, 15, null). (Connection: pgsql, SQL: insert into "codes" ("user_id", "code1", "has_code1_sent", "can_vote_now", "has_voted", "voting_time_in_minutes", "code1_used_at", "id", "organisation_id", "updated_at", "created_at") values (a1e8edb0-9a68-4970-a87f-aaf9a798ca95, $2y$04$zNCPDB8wOCtNDFLZ1nkzzePdDwaNhECFToAaYMoTgNsUOOW0DuOaW, 1, 1, 0, 15, 2026-05-31 08:58:42, a1e8edb0-9df4-4068-baf7-92fae082a215, ?, 2026-05-31 08:58:42, 2026-05-31 08:58:42))[39;22m

  at [32mvendor\laravel\framework\src\Illuminate\Database\Connection.php[39m:[32m825[39m
    821▕                     $this->getName(), $query, $this->prepareBindings($bindings), $e
    822▕                 );
    823▕             }
    824▕ 
  ➜ 825▕             throw new QueryException(
    826▕                 $this->getName(), $query, $this->prepareBindings($bindings), $e
    827▕             );
    828▕         }
    829▕     }

  [33m1   [39m[39;1mvendor\laravel\framework\src\Illuminate\Database\Connection.php[39;22m:[39;1m825[39;22m

  [33m2   [39m[39;1mvendor\laravel\framework\src\Illuminate\Database\Connection.php[39;22m:[39;1m571[39;22m
  [90m    NunoMaduro\Collision\Exceptions\TestException::("SQLSTATE[23502]: Not null violation: 7 FEHLER:  NULL-Wert in Spalte »organisation_id« von Relation »codes« verletzt Not-Null-Constraint
DETAIL:  Fehlgeschlagene Zeile enthält (a1e8edb0-9df4-4068-baf7-92fae082a215, null, null, a1e8edb0-9a68-4970-a87f-aaf9a798ca95, $2y$04$zNCPDB8wOCtNDFLZ1nkzzePdDwaNhECFToAaYMoTgNsUOOW0DuOaW, null, t, f, 2026-05-31 08:58:42, null, t, f, null, null, null, 2026-05-31 08:58:42, 2026-05-31 08:58:42, null, null, null, null, null, null, null, null, t, null, null, null, f, t, f, f, null, f, null, null, 15, null).")[39m

  [31m────────────────────────────────────────────────────────────────────────────────────────────────────────────────────[39m  
  [41;1m FAILED [49;22m [1mTests\Feature\VoteBugFixIntegrationTest[22m [90m>[39m it requires agreement checkbox                   [41;1m QueryException [49;22m  
[39;1m  SQLSTATE[23502]: Not null violation: 7 FEHLER:  NULL-Wert in Spalte »organisation_id« von Relation »codes« verletzt Not-Null-Constraint
DETAIL:  Fehlgeschlagene Zeile enthält (a1e8edb1-0930-4bd8-9547-d6832be4da6d, null, null, a1e8edb1-0524-443c-a5fd-cda2cc0236c5, $2y$04$ehoIKL7DyOdS9Xn7fz3lhO6.4iLPlvQ/moeViZ2pgSiw7CbqQVEya, null, t, f, 2026-05-31 08:58:42, null, t, f, null, null, null, 2026-05-31 08:58:42, 2026-05-31 08:58:42, null, null, null, null, null, null, null, null, t, null, null, null, f, t, f, f, null, f, null, null, 15, null). (Connection: pgsql, SQL: insert into "codes" ("user_id", "code1", "has_code1_sent", "can_vote_now", "has_voted", "voting_time_in_minutes", "code1_used_at", "id", "organisation_id", "updated_at", "created_at") values (a1e8edb1-0524-443c-a5fd-cda2cc0236c5, $2y$04$ehoIKL7DyOdS9Xn7fz3lhO6.4iLPlvQ/moeViZ2pgSiw7CbqQVEya, 1, 1, 0, 15, 2026-05-31 08:58:42, a1e8edb1-0930-4bd8-9547-d6832be4da6d, ?, 2026-05-31 08:58:42, 2026-05-31 08:58:42))[39;22m

  at [32mvendor\laravel\framework\src\Illuminate\Database\Connection.php[39m:[32m825[39m
    821▕                     $this->getName(), $query, $this->prepareBindings($bindings), $e
    822▕                 );
    823▕             }
    824▕ 
  ➜ 825▕             throw new QueryException(
    826▕                 $this->getName(), $query, $this->prepareBindings($bindings), $e
    827▕             );
    828▕         }
    829▕     }

  [33m1   [39m[39;1mvendor\laravel\framework\src\Illuminate\Database\Connection.php[39;22m:[39;1m825[39;22m

  [33m2   [39m[39;1mvendor\laravel\framework\src\Illuminate\Database\Connection.php[39;22m:[39;1m571[39;22m
  [90m    NunoMaduro\Collision\Exceptions\TestException::("SQLSTATE[23502]: Not null violation: 7 FEHLER:  NULL-Wert in Spalte »organisation_id« von Relation »codes« verletzt Not-Null-Constraint
DETAIL:  Fehlgeschlagene Zeile enthält (a1e8edb1-0930-4bd8-9547-d6832be4da6d, null, null, a1e8edb1-0524-443c-a5fd-cda2cc0236c5, $2y$04$ehoIKL7DyOdS9Xn7fz3lhO6.4iLPlvQ/moeViZ2pgSiw7CbqQVEya, null, t, f, 2026-05-31 08:58:42, null, t, f, null, null, null, 2026-05-31 08:58:42, 2026-05-31 08:58:42, null, null, null, null, null, null, null, null, t, null, null, null, f, t, f, f, null, f, null, null, 15, null).")[39m

  [31m────────────────────────────────────────────────────────────────────────────────────────────────────────────────────[39m  
  [41;1m FAILED [49;22m [1mTests\Feature\VoteBugFixIntegrationTest[22m [90m>[39m it fixes all positions with bug pattern          [41;1m QueryException [49;22m  
[39;1m  SQLSTATE[23502]: Not null violation: 7 FEHLER:  NULL-Wert in Spalte »organisation_id« von Relation »codes« verletzt Not-Null-Constraint
DETAIL:  Fehlgeschlagene Zeile enthält (a1e8edb1-521a-4d9f-a31a-ba34ed794a34, null, null, a1e8edb1-4d3f-41ea-837c-f858e5636768, $2y$04$cS8FJQq.n0Ls3u53NmryP.kFy212Roa5TdV7L/znxwLuth8Fv.n/., null, t, f, 2026-05-31 08:58:43, null, t, f, null, null, null, 2026-05-31 08:58:43, 2026-05-31 08:58:43, null, null, null, null, null, null, null, null, t, null, null, null, f, t, f, f, null, f, null, null, 15, null). (Connection: pgsql, SQL: insert into "codes" ("user_id", "code1", "has_code1_sent", "can_vote_now", "has_voted", "voting_time_in_minutes", "code1_used_at", "id", "organisation_id", "updated_at", "created_at") values (a1e8edb1-4d3f-41ea-837c-f858e5636768, $2y$04$cS8FJQq.n0Ls3u53NmryP.kFy212Roa5TdV7L/znxwLuth8Fv.n/., 1, 1, 0, 15, 2026-05-31 08:58:43, a1e8edb1-521a-4d9f-a31a-ba34ed794a34, ?, 2026-05-31 08:58:43, 2026-05-31 08:58:43))[39;22m

  at [32mvendor\laravel\framework\src\Illuminate\Database\Connection.php[39m:[32m825[39m
    821▕                     $this->getName(), $query, $this->prepareBindings($bindings), $e
    822▕                 );
    823▕             }
    824▕ 
  ➜ 825▕             throw new QueryException(
    826▕                 $this->getName(), $query, $this->prepareBindings($bindings), $e
    827▕             );
    828▕         }
    829▕     }

  [33m1   [39m[39;1mvendor\laravel\framework\src\Illuminate\Database\Connection.php[39;22m:[39;1m825[39;22m

  [33m2   [39m[39;1mvendor\laravel\framework\src\Illuminate\Database\Connection.php[39;22m:[39;1m571[39;22m
  [90m    NunoMaduro\Collision\Exceptions\TestException::("SQLSTATE[23502]: Not null violation: 7 FEHLER:  NULL-Wert in Spalte »organisation_id« von Relation »codes« verletzt Not-Null-Constraint
DETAIL:  Fehlgeschlagene Zeile enthält (a1e8edb1-521a-4d9f-a31a-ba34ed794a34, null, null, a1e8edb1-4d3f-41ea-837c-f858e5636768, $2y$04$cS8FJQq.n0Ls3u53NmryP.kFy212Roa5TdV7L/znxwLuth8Fv.n/., null, t, f, 2026-05-31 08:58:43, null, t, f, null, null, null, 2026-05-31 08:58:43, 2026-05-31 08:58:43, null, null, null, null, null, null, null, null, t, null, null, null, f, t, f, f, null, f, null, null, 15, null).")[39m

  [31m────────────────────────────────────────────────────────────────────────────────────────────────────────────────────[39m  
  [41;1m FAILED [49;22m [1mTests\Feature\VoteControllerTest[22m [90m>[39m real election blocks create page f… [41;1m UniqueConstraintViolationException [49;22m  
[39;1m  SQLSTATE[23505]: Unique violation: 7 FEHLER:  doppelter Schlüsselwert verletzt Unique-Constraint »user_organisation_roles_user_id_organisation_id_unique«
DETAIL:  Schlüssel »(user_id, organisation_id)=(a1e8edbe-420f-4b0d-aaff-4204f1dde779, a1e8edbe-2ec8-41a3-b3fb-0b950a91c941)« existiert bereits. (Connection: pgsql, SQL: insert into "user_organisation_roles" ("created_at", "id", "organisation_id", "role", "updated_at", "user_id") values (2026-05-31 08:58:51, 7cd224fc-79f2-4040-9e89-8a4f51d60523, a1e8edbe-2ec8-41a3-b3fb-0b950a91c941, voter, 2026-05-31 08:58:51, a1e8edbe-420f-4b0d-aaff-4204f1dde779))[39;22m

  at [32mvendor\laravel\framework\src\Illuminate\Database\Connection.php[39m:[32m820[39m
    816▕         // message to include the bindings with SQL, which will make this exception a
    817▕         // lot more helpful to the developer instead of just the database's errors.
    818▕         catch (Exception $e) {
    819▕             if ($this->isUniqueConstraintError($e)) {
  ➜ 820▕                 throw new UniqueConstraintViolationException(
    821▕                     $this->getName(), $query, $this->prepareBindings($bindings), $e
    822▕                 );
    823▕             }
    824▕

  [33m1   [39m[39;1mvendor\laravel\framework\src\Illuminate\Database\Connection.php[39;22m:[39;1m820[39;22m

  [33m2   [39m[39;1mvendor\laravel\framework\src\Illuminate\Database\Connection.php[39;22m:[39;1m571[39;22m
  [90m    NunoMaduro\Collision\Exceptions\TestException::("SQLSTATE[23505]: Unique violation: 7 FEHLER:  doppelter Schlüsselwert verletzt Unique-Constraint »user_organisation_roles_user_id_organisation_id_unique«
DETAIL:  Schlüssel »(user_id, organisation_id)=(a1e8edbe-420f-4b0d-aaff-4204f1dde779, a1e8edbe-2ec8-41a3-b3fb-0b950a91c941)« existiert bereits.")[39m

  [31m────────────────────────────────────────────────────────────────────────────────────────────────────────────────────[39m  
  [41;1m FAILED [49;22m [1mTests\Feature\VoteControllerTest[22m [90m>[39m real election blocks first submiss… [41;1m UniqueConstraintViolationException [49;22m  
[39;1m  SQLSTATE[23505]: Unique violation: 7 FEHLER:  doppelter Schlüsselwert verletzt Unique-Constraint »user_organisation_roles_user_id_organisation_id_unique«
DETAIL:  Schlüssel »(user_id, organisation_id)=(a1e8edbe-f90c-46a1-9cdf-9a6b9c718840, a1e8edbe-e859-42d1-8e52-f3e745f6a73d)« existiert bereits. (Connection: pgsql, SQL: insert into "user_organisation_roles" ("created_at", "id", "organisation_id", "role", "updated_at", "user_id") values (2026-05-31 08:58:52, 04f3bf79-d0fc-4f5a-a39c-3e58d787a82d, a1e8edbe-e859-42d1-8e52-f3e745f6a73d, voter, 2026-05-31 08:58:52, a1e8edbe-f90c-46a1-9cdf-9a6b9c718840))[39;22m

  at [32mvendor\laravel\framework\src\Illuminate\Database\Connection.php[39m:[32m820[39m
    816▕         // message to include the bindings with SQL, which will make this exception a
    817▕         // lot more helpful to the developer instead of just the database's errors.
    818▕         catch (Exception $e) {
    819▕             if ($this->isUniqueConstraintError($e)) {
  ➜ 820▕                 throw new UniqueConstraintViolationException(
    821▕                     $this->getName(), $query, $this->prepareBindings($bindings), $e
    822▕                 );
    823▕             }
    824▕

  [33m1   [39m[39;1mvendor\laravel\framework\src\Illuminate\Database\Connection.php[39;22m:[39;1m820[39;22m

  [33m2   [39m[39;1mvendor\laravel\framework\src\Illuminate\Database\Connection.php[39;22m:[39;1m571[39;22m
  [90m    NunoMaduro\Collision\Exceptions\TestException::("SQLSTATE[23505]: Unique violation: 7 FEHLER:  doppelter Schlüsselwert verletzt Unique-Constraint »user_organisation_roles_user_id_organisation_id_unique«
DETAIL:  Schlüssel »(user_id, organisation_id)=(a1e8edbe-f90c-46a1-9cdf-9a6b9c718840, a1e8edbe-e859-42d1-8e52-f3e745f6a73d)« existiert bereits.")[39m

  [31m────────────────────────────────────────────────────────────────────────────────────────────────────────────────────[39m  
  [41;1m FAILED [49;22m [1mTests\Feature\VoteControllerTest[22m [90m>[39m real election fetches code by elec… [41;1m UniqueConstraintViolationException [49;22m  
[39;1m  SQLSTATE[23505]: Unique violation: 7 FEHLER:  doppelter Schlüsselwert verletzt Unique-Constraint »user_organisation_roles_user_id_organisation_id_unique«
DETAIL:  Schlüssel »(user_id, organisation_id)=(a1e8edbf-6374-4cde-a4e9-c03ac026e3c6, a1e8edbf-5996-483c-9aea-e231ff97d4b0)« existiert bereits. (Connection: pgsql, SQL: insert into "user_organisation_roles" ("created_at", "id", "organisation_id", "role", "updated_at", "user_id") values (2026-05-31 08:58:52, 47c39bbe-8f9f-41a5-9c9f-351469d4be72, a1e8edbf-5996-483c-9aea-e231ff97d4b0, voter, 2026-05-31 08:58:52, a1e8edbf-6374-4cde-a4e9-c03ac026e3c6))[39;22m

  at [32mvendor\laravel\framework\src\Illuminate\Database\Connection.php[39m:[32m820[39m
    816▕         // message to include the bindings with SQL, which will make this exception a
    817▕         // lot more helpful to the developer instead of just the database's errors.
    818▕         catch (Exception $e) {
    819▕             if ($this->isUniqueConstraintError($e)) {
  ➜ 820▕                 throw new UniqueConstraintViolationException(
    821▕                     $this->getName(), $query, $this->prepareBindings($bindings), $e
    822▕                 );
    823▕             }
    824▕

  [33m1   [39m[39;1mvendor\laravel\framework\src\Illuminate\Database\Connection.php[39;22m:[39;1m820[39;22m

  [33m2   [39m[39;1mvendor\laravel\framework\src\Illuminate\Database\Connection.php[39;22m:[39;1m571[39;22m
  [90m    NunoMaduro\Collision\Exceptions\TestException::("SQLSTATE[23505]: Unique violation: 7 FEHLER:  doppelter Schlüsselwert verletzt Unique-Constraint »user_organisation_roles_user_id_organisation_id_unique«
DETAIL:  Schlüssel »(user_id, organisation_id)=(a1e8edbf-6374-4cde-a4e9-c03ac026e3c6, a1e8edbf-5996-483c-9aea-e231ff97d4b0)« existiert bereits.")[39m

  [31m────────────────────────────────────────────────────────────────────────────────────────────────────────────────────[39m  
  [41;1m FAILED [49;22m [1mTests\Feature\VoteControllerTest[22m [90m>[39m vote pre check handles simple mode… [41;1m UniqueConstraintViolationException [49;22m  
[39;1m  SQLSTATE[23505]: Unique violation: 7 FEHLER:  doppelter Schlüsselwert verletzt Unique-Constraint »user_organisation_roles_user_id_organisation_id_unique«
DETAIL:  Schlüssel »(user_id, organisation_id)=(a1e8edbf-d23c-4a66-b682-afa2d574ef31, a1e8edbf-c355-4044-9bf2-c6d0dda0a92e)« existiert bereits. (Connection: pgsql, SQL: insert into "user_organisation_roles" ("created_at", "id", "organisation_id", "role", "updated_at", "user_id") values (2026-05-31 08:58:52, 876b8062-ac7e-449a-aa45-62d0ac2c35c7, a1e8edbf-c355-4044-9bf2-c6d0dda0a92e, voter, 2026-05-31 08:58:52, a1e8edbf-d23c-4a66-b682-afa2d574ef31))[39;22m

  at [32mvendor\laravel\framework\src\Illuminate\Database\Connection.php[39m:[32m820[39m
    816▕         // message to include the bindings with SQL, which will make this exception a
    817▕         // lot more helpful to the developer instead of just the database's errors.
    818▕         catch (Exception $e) {
    819▕             if ($this->isUniqueConstraintError($e)) {
  ➜ 820▕                 throw new UniqueConstraintViolationException(
    821▕                     $this->getName(), $query, $this->prepareBindings($bindings), $e
    822▕                 );
    823▕             }
    824▕

  [33m1   [39m[39;1mvendor\laravel\framework\src\Illuminate\Database\Connection.php[39;22m:[39;1m820[39;22m

  [33m2   [39m[39;1mvendor\laravel\framework\src\Illuminate\Database\Connection.php[39;22m:[39;1m571[39;22m
  [90m    NunoMaduro\Collision\Exceptions\TestException::("SQLSTATE[23505]: Unique violation: 7 FEHLER:  doppelter Schlüsselwert verletzt Unique-Constraint »user_organisation_roles_user_id_organisation_id_unique«
DETAIL:  Schlüssel »(user_id, organisation_id)=(a1e8edbf-d23c-4a66-b682-afa2d574ef31, a1e8edbf-c355-4044-9bf2-c6d0dda0a92e)« existiert bereits.")[39m

  [31m────────────────────────────────────────────────────────────────────────────────────────────────────────────────────[39m  
  [41;1m FAILED [49;22m [1mTests\Feature\VoteControllerTest[22m [90m>[39m vote pre check handles strict mode… [41;1m UniqueConstraintViolationException [49;22m  
[39;1m  SQLSTATE[23505]: Unique violation: 7 FEHLER:  doppelter Schlüsselwert verletzt Unique-Constraint »user_organisation_roles_user_id_organisation_id_unique«
DETAIL:  Schlüssel »(user_id, organisation_id)=(a1e8edc0-31c9-49a4-957e-924022c518bd, a1e8edc0-267e-4b8e-9d48-f364758ada88)« existiert bereits. (Connection: pgsql, SQL: insert into "user_organisation_roles" ("created_at", "id", "organisation_id", "role", "updated_at", "user_id") values (2026-05-31 08:58:52, 16e4e4bb-b5f7-499d-a169-bb88256c7759, a1e8edc0-267e-4b8e-9d48-f364758ada88, voter, 2026-05-31 08:58:52, a1e8edc0-31c9-49a4-957e-924022c518bd))[39;22m

  at [32mvendor\laravel\framework\src\Illuminate\Database\Connection.php[39m:[32m820[39m
    816▕         // message to include the bindings with SQL, which will make this exception a
    817▕         // lot more helpful to the developer instead of just the database's errors.
    818▕         catch (Exception $e) {
    819▕             if ($this->isUniqueConstraintError($e)) {
  ➜ 820▕                 throw new UniqueConstraintViolationException(
    821▕                     $this->getName(), $query, $this->prepareBindings($bindings), $e
    822▕                 );
    823▕             }
    824▕

  [33m1   [39m[39;1mvendor\laravel\framework\src\Illuminate\Database\Connection.php[39;22m:[39;1m820[39;22m

  [33m2   [39m[39;1mvendor\laravel\framework\src\Illuminate\Database\Connection.php[39;22m:[39;1m571[39;22m
  [90m    NunoMaduro\Collision\Exceptions\TestException::("SQLSTATE[23505]: Unique violation: 7 FEHLER:  doppelter Schlüsselwert verletzt Unique-Constraint »user_organisation_roles_user_id_organisation_id_unique«
DETAIL:  Schlüssel »(user_id, organisation_id)=(a1e8edc0-31c9-49a4-957e-924022c518bd, a1e8edc0-267e-4b8e-9d48-f364758ada88)« existiert bereits.")[39m

  [31m────────────────────────────────────────────────────────────────────────────────────────────────────────────────────[39m  
  [41;1m FAILED [49;22m [1mTests\Feature\VoteControllerTest[22m [90m>[39m second code check strict mode requ… [41;1m UniqueConstraintViolationException [49;22m  
[39;1m  SQLSTATE[23505]: Unique violation: 7 FEHLER:  doppelter Schlüsselwert verletzt Unique-Constraint »user_organisation_roles_user_id_organisation_id_unique«
DETAIL:  Schlüssel »(user_id, organisation_id)=(a1e8edc0-9a3f-4528-ae6c-7b4ea8986cfa, a1e8edc0-9022-4c9f-8728-2c54540b0d35)« existiert bereits. (Connection: pgsql, SQL: insert into "user_organisation_roles" ("created_at", "id", "organisation_id", "role", "updated_at", "user_id") values (2026-05-31 08:58:53, 34936570-da37-47b5-a260-33997451699c, a1e8edc0-9022-4c9f-8728-2c54540b0d35, voter, 2026-05-31 08:58:53, a1e8edc0-9a3f-4528-ae6c-7b4ea8986cfa))[39;22m

  at [32mvendor\laravel\framework\src\Illuminate\Database\Connection.php[39m:[32m820[39m
    816▕         // message to include the bindings with SQL, which will make this exception a
    817▕         // lot more helpful to the developer instead of just the database's errors.
    818▕         catch (Exception $e) {
    819▕             if ($this->isUniqueConstraintError($e)) {
  ➜ 820▕                 throw new UniqueConstraintViolationException(
    821▕                     $this->getName(), $query, $this->prepareBindings($bindings), $e
    822▕                 );
    823▕             }
    824▕

  [33m1   [39m[39;1mvendor\laravel\framework\src\Illuminate\Database\Connection.php[39;22m:[39;1m820[39;22m

  [33m2   [39m[39;1mvendor\laravel\framework\src\Illuminate\Database\Connection.php[39;22m:[39;1m571[39;22m
  [90m    NunoMaduro\Collision\Exceptions\TestException::("SQLSTATE[23505]: Unique violation: 7 FEHLER:  doppelter Schlüsselwert verletzt Unique-Constraint »user_organisation_roles_user_id_organisation_id_unique«
DETAIL:  Schlüssel »(user_id, organisation_id)=(a1e8edc0-9a3f-4528-ae6c-7b4ea8986cfa, a1e8edc0-9022-4c9f-8728-2c54540b0d35)« existiert bereits.")[39m

  [31m────────────────────────────────────────────────────────────────────────────────────────────────────────────────────[39m  
  [41;1m FAILED [49;22m [1mTests\Feature\VoteControllerTest[22m [90m>[39m verify first submission routes to…  [41;1m UniqueConstraintViolationException [49;22m  
[39;1m  SQLSTATE[23505]: Unique violation: 7 FEHLER:  doppelter Schlüsselwert verletzt Unique-Constraint »user_organisation_roles_user_id_organisation_id_unique«
DETAIL:  Schlüssel »(user_id, organisation_id)=(a1e8edc0-f8dc-43ec-bec5-5d1086994588, a1e8edc0-ec76-4742-aca2-6cc7f2bfeac2)« existiert bereits. (Connection: pgsql, SQL: insert into "user_organisation_roles" ("created_at", "id", "organisation_id", "role", "updated_at", "user_id") values (2026-05-31 08:58:53, d25e304b-f2f5-4c6b-94af-3f279f56b840, a1e8edc0-ec76-4742-aca2-6cc7f2bfeac2, voter, 2026-05-31 08:58:53, a1e8edc0-f8dc-43ec-bec5-5d1086994588))[39;22m

  at [32mvendor\laravel\framework\src\Illuminate\Database\Connection.php[39m:[32m820[39m
    816▕         // message to include the bindings with SQL, which will make this exception a
    817▕         // lot more helpful to the developer instead of just the database's errors.
    818▕         catch (Exception $e) {
    819▕             if ($this->isUniqueConstraintError($e)) {
  ➜ 820▕                 throw new UniqueConstraintViolationException(
    821▕                     $this->getName(), $query, $this->prepareBindings($bindings), $e
    822▕                 );
    823▕             }
    824▕

  [33m1   [39m[39;1mvendor\laravel\framework\src\Illuminate\Database\Connection.php[39;22m:[39;1m820[39;22m

  [33m2   [39m[39;1mvendor\laravel\framework\src\Illuminate\Database\Connection.php[39;22m:[39;1m571[39;22m
  [90m    NunoMaduro\Collision\Exceptions\TestException::("SQLSTATE[23505]: Unique violation: 7 FEHLER:  doppelter Schlüsselwert verletzt Unique-Constraint »user_organisation_roles_user_id_organisation_id_unique«
DETAIL:  Schlüssel »(user_id, organisation_id)=(a1e8edc0-f8dc-43ec-bec5-5d1086994588, a1e8edc0-ec76-4742-aca2-6cc7f2bfeac2)« existiert bereits.")[39m

  [31m────────────────────────────────────────────────────────────────────────────────────────────────────────────────────[39m  
  [41;1m FAILED [49;22m [1mTests\Feature\VoteControllerTest[22m [90m>[39m save vote generates verifiable rec… [41;1m UniqueConstraintViolationException [49;22m  
[39;1m  SQLSTATE[23505]: Unique violation: 7 FEHLER:  doppelter Schlüsselwert verletzt Unique-Constraint »user_organisation_roles_user_id_organisation_id_unique«
DETAIL:  Schlüssel »(user_id, organisation_id)=(a1e8edc1-4f85-4379-bb4d-c9f2f6704376, a1e8edc1-470e-4a36-9a7e-c4f1c864ee30)« existiert bereits. (Connection: pgsql, SQL: insert into "user_organisation_roles" ("created_at", "id", "organisation_id", "role", "updated_at", "user_id") values (2026-05-31 08:58:53, 6e7955dd-6a28-4c17-92c6-3a7d2a980df0, a1e8edc1-470e-4a36-9a7e-c4f1c864ee30, voter, 2026-05-31 08:58:53, a1e8edc1-4f85-4379-bb4d-c9f2f6704376))[39;22m

  at [32mvendor\laravel\framework\src\Illuminate\Database\Connection.php[39m:[32m820[39m
    816▕         // message to include the bindings with SQL, which will make this exception a
    817▕         // lot more helpful to the developer instead of just the database's errors.
    818▕         catch (Exception $e) {
    819▕             if ($this->isUniqueConstraintError($e)) {
  ➜ 820▕                 throw new UniqueConstraintViolationException(
    821▕                     $this->getName(), $query, $this->prepareBindings($bindings), $e
    822▕                 );
    823▕             }
    824▕

  [33m1   [39m[39;1mvendor\laravel\framework\src\Illuminate\Database\Connection.php[39;22m:[39;1m820[39;22m

  [33m2   [39m[39;1mvendor\laravel\framework\src\Illuminate\Database\Connection.php[39;22m:[39;1m571[39;22m
  [90m    NunoMaduro\Collision\Exceptions\TestException::("SQLSTATE[23505]: Unique violation: 7 FEHLER:  doppelter Schlüsselwert verletzt Unique-Constraint »user_organisation_roles_user_id_organisation_id_unique«
DETAIL:  Schlüssel »(user_id, organisation_id)=(a1e8edc1-4f85-4379-bb4d-c9f2f6704376, a1e8edc1-470e-4a36-9a7e-c4f1c864ee30)« existiert bereits.")[39m

  [31m────────────────────────────────────────────────────────────────────────────────────────────────────────────────────[39m  
  [41;1m FAILED [49;22m [1mTests\Feature\VoteControllerTest[22m [90m>[39m vote post check ip rate limiting i… [41;1m UniqueConstraintViolationException [49;22m  
[39;1m  SQLSTATE[23505]: Unique violation: 7 FEHLER:  doppelter Schlüsselwert verletzt Unique-Constraint »user_organisation_roles_user_id_organisation_id_unique«
DETAIL:  Schlüssel »(user_id, organisation_id)=(a1e8edc1-9e81-46ce-9c71-ad27cdf8603e, a1e8edc1-948b-4f81-a3c2-afbe4d40e94f)« existiert bereits. (Connection: pgsql, SQL: insert into "user_organisation_roles" ("created_at", "id", "organisation_id", "role", "updated_at", "user_id") values (2026-05-31 08:58:53, 2e50eec5-0ef3-4eed-8327-c2eebe2021dc, a1e8edc1-948b-4f81-a3c2-afbe4d40e94f, voter, 2026-05-31 08:58:53, a1e8edc1-9e81-46ce-9c71-ad27cdf8603e))[39;22m

  at [32mvendor\laravel\framework\src\Illuminate\Database\Connection.php[39m:[32m820[39m
    816▕         // message to include the bindings with SQL, which will make this exception a
    817▕         // lot more helpful to the developer instead of just the database's errors.
    818▕         catch (Exception $e) {
    819▕             if ($this->isUniqueConstraintError($e)) {
  ➜ 820▕                 throw new UniqueConstraintViolationException(
    821▕                     $this->getName(), $query, $this->prepareBindings($bindings), $e
    822▕                 );
    823▕             }
    824▕

  [33m1   [39m[39;1mvendor\laravel\framework\src\Illuminate\Database\Connection.php[39;22m:[39;1m820[39;22m

  [33m2   [39m[39;1mvendor\laravel\framework\src\Illuminate\Database\Connection.php[39;22m:[39;1m571[39;22m
  [90m    NunoMaduro\Collision\Exceptions\TestException::("SQLSTATE[23505]: Unique violation: 7 FEHLER:  doppelter Schlüsselwert verletzt Unique-Constraint »user_organisation_roles_user_id_organisation_id_unique«
DETAIL:  Schlüssel »(user_id, organisation_id)=(a1e8edc1-9e81-46ce-9c71-ad27cdf8603e, a1e8edc1-948b-4f81-a3c2-afbe4d40e94f)« existiert bereits.")[39m

  [31m────────────────────────────────────────────────────────────────────────────────────────────────────────────────────[39m  
  [41;1m FAILED [49;22m [1mTests\Feature\VoteControllerTest[22m [90m>[39m get election throws on organisatio… [41;1m UniqueConstraintViolationException [49;22m  
[39;1m  SQLSTATE[23505]: Unique violation: 7 FEHLER:  doppelter Schlüsselwert verletzt Unique-Constraint »user_organisation_roles_user_id_organisation_id_unique«
DETAIL:  Schlüssel »(user_id, organisation_id)=(a1e8edc2-01d4-4a01-87db-8a362ec2e3fd, a1e8edc1-f891-4a5c-ad2c-2f8d22acc1e7)« existiert bereits. (Connection: pgsql, SQL: insert into "user_organisation_roles" ("created_at", "id", "organisation_id", "role", "updated_at", "user_id") values (2026-05-31 08:58:54, 9c094538-70d1-4376-95b1-3b69b3726247, a1e8edc1-f891-4a5c-ad2c-2f8d22acc1e7, voter, 2026-05-31 08:58:54, a1e8edc2-01d4-4a01-87db-8a362ec2e3fd))[39;22m

  at [32mvendor\laravel\framework\src\Illuminate\Database\Connection.php[39m:[32m820[39m
    816▕         // message to include the bindings with SQL, which will make this exception a
    817▕         // lot more helpful to the developer instead of just the database's errors.
    818▕         catch (Exception $e) {
    819▕             if ($this->isUniqueConstraintError($e)) {
  ➜ 820▕                 throw new UniqueConstraintViolationException(
    821▕                     $this->getName(), $query, $this->prepareBindings($bindings), $e
    822▕                 );
    823▕             }
    824▕

  [33m1   [39m[39;1mvendor\laravel\framework\src\Illuminate\Database\Connection.php[39;22m:[39;1m820[39;22m

  [33m2   [39m[39;1mvendor\laravel\framework\src\Illuminate\Database\Connection.php[39;22m:[39;1m571[39;22m
  [90m    NunoMaduro\Collision\Exceptions\TestException::("SQLSTATE[23505]: Unique violation: 7 FEHLER:  doppelter Schlüsselwert verletzt Unique-Constraint »user_organisation_roles_user_id_organisation_id_unique«
DETAIL:  Schlüssel »(user_id, organisation_id)=(a1e8edc2-01d4-4a01-87db-8a362ec2e3fd, a1e8edc1-f891-4a5c-ad2c-2f8d22acc1e7)« existiert bereits.")[39m

  [31m────────────────────────────────────────────────────────────────────────────────────────────────────────────────────[39m  
  [41;1m FAILED [49;22m [1mTests\Feature\VoteControllerTest[22m [90m>[39m create exposes election settings i… [41;1m UniqueConstraintViolationException [49;22m  
[39;1m  SQLSTATE[23505]: Unique violation: 7 FEHLER:  doppelter Schlüsselwert verletzt Unique-Constraint »user_organisation_roles_user_id_organisation_id_unique«
DETAIL:  Schlüssel »(user_id, organisation_id)=(a1e8edc2-7ee4-4a53-b5d4-498285700194, a1e8edc2-76df-40d4-b2b2-6142e0b32893)« existiert bereits. (Connection: pgsql, SQL: insert into "user_organisation_roles" ("created_at", "id", "organisation_id", "role", "updated_at", "user_id") values (2026-05-31 08:58:54, 4417b9d5-d8fb-4e67-9a64-c177be50dcce, a1e8edc2-76df-40d4-b2b2-6142e0b32893, voter, 2026-05-31 08:58:54, a1e8edc2-7ee4-4a53-b5d4-498285700194))[39;22m

  at [32mvendor\laravel\framework\src\Illuminate\Database\Connection.php[39m:[32m820[39m
    816▕         // message to include the bindings with SQL, which will make this exception a
    817▕         // lot more helpful to the developer instead of just the database's errors.
    818▕         catch (Exception $e) {
    819▕             if ($this->isUniqueConstraintError($e)) {
  ➜ 820▕                 throw new UniqueConstraintViolationException(
    821▕                     $this->getName(), $query, $this->prepareBindings($bindings), $e
    822▕                 );
    823▕             }
    824▕

  [33m1   [39m[39;1mvendor\laravel\framework\src\Illuminate\Database\Connection.php[39;22m:[39;1m820[39;22m

  [33m2   [39m[39;1mvendor\laravel\framework\src\Illuminate\Database\Connection.php[39;22m:[39;1m571[39;22m
  [90m    NunoMaduro\Collision\Exceptions\TestException::("SQLSTATE[23505]: Unique violation: 7 FEHLER:  doppelter Schlüsselwert verletzt Unique-Constraint »user_organisation_roles_user_id_organisation_id_unique«
DETAIL:  Schlüssel »(user_id, organisation_id)=(a1e8edc2-7ee4-4a53-b5d4-498285700194, a1e8edc2-76df-40d4-b2b2-6142e0b32893)« existiert bereits.")[39m

  [31m────────────────────────────────────────────────────────────────────────────────────────────────────────────────────[39m  
  [41;1m FAILED [49;22m [1mTests\Feature\VoteControllerTest[22m [90m>[39m first submission rejects no vote w… [41;1m UniqueConstraintViolationException [49;22m  
[39;1m  SQLSTATE[23505]: Unique violation: 7 FEHLER:  doppelter Schlüsselwert verletzt Unique-Constraint »user_organisation_roles_user_id_organisation_id_unique«
DETAIL:  Schlüssel »(user_id, organisation_id)=(a1e8edc2-cef8-4263-b70b-5a93b9a3d526, a1e8edc2-c61f-4d17-a080-a313f1e0cd80)« existiert bereits. (Connection: pgsql, SQL: insert into "user_organisation_roles" ("created_at", "id", "organisation_id", "role", "updated_at", "user_id") values (2026-05-31 08:58:54, b2f6d7e2-28bf-4e55-b526-2c6bd7758b06, a1e8edc2-c61f-4d17-a080-a313f1e0cd80, voter, 2026-05-31 08:58:54, a1e8edc2-cef8-4263-b70b-5a93b9a3d526))[39;22m

  at [32mvendor\laravel\framework\src\Illuminate\Database\Connection.php[39m:[32m820[39m
    816▕         // message to include the bindings with SQL, which will make this exception a
    817▕         // lot more helpful to the developer instead of just the database's errors.
    818▕         catch (Exception $e) {
    819▕             if ($this->isUniqueConstraintError($e)) {
  ➜ 820▕                 throw new UniqueConstraintViolationException(
    821▕                     $this->getName(), $query, $this->prepareBindings($bindings), $e
    822▕                 );
    823▕             }
    824▕

  [33m1   [39m[39;1mvendor\laravel\framework\src\Illuminate\Database\Connection.php[39;22m:[39;1m820[39;22m

  [33m2   [39m[39;1mvendor\laravel\framework\src\Illuminate\Database\Connection.php[39;22m:[39;1m571[39;22m
  [90m    NunoMaduro\Collision\Exceptions\TestException::("SQLSTATE[23505]: Unique violation: 7 FEHLER:  doppelter Schlüsselwert verletzt Unique-Constraint »user_organisation_roles_user_id_organisation_id_unique«
DETAIL:  Schlüssel »(user_id, organisation_id)=(a1e8edc2-cef8-4263-b70b-5a93b9a3d526, a1e8edc2-c61f-4d17-a080-a313f1e0cd80)« existiert bereits.")[39m

  [31m────────────────────────────────────────────────────────────────────────────────────────────────────────────────────[39m  
  [41;1m FAILED [49;22m [1mTests\Feature\VoteControllerTest[22m [90m>[39m first submission enforces exact co… [41;1m UniqueConstraintViolationException [49;22m  
[39;1m  SQLSTATE[23505]: Unique violation: 7 FEHLER:  doppelter Schlüsselwert verletzt Unique-Constraint »user_organisation_roles_user_id_organisation_id_unique«
DETAIL:  Schlüssel »(user_id, organisation_id)=(a1e8edc3-147c-4b51-967f-182d0ec975bc, a1e8edc3-0d86-47e8-8d12-3eb1e6d209f9)« existiert bereits. (Connection: pgsql, SQL: insert into "user_organisation_roles" ("created_at", "id", "organisation_id", "role", "updated_at", "user_id") values (2026-05-31 08:58:54, 7e3fa39e-15f3-40e2-8091-416ce3c350f0, a1e8edc3-0d86-47e8-8d12-3eb1e6d209f9, voter, 2026-05-31 08:58:54, a1e8edc3-147c-4b51-967f-182d0ec975bc))[39;22m

  at [32mvendor\laravel\framework\src\Illuminate\Database\Connection.php[39m:[32m820[39m
    816▕         // message to include the bindings with SQL, which will make this exception a
    817▕         // lot more helpful to the developer instead of just the database's errors.
    818▕         catch (Exception $e) {
    819▕             if ($this->isUniqueConstraintError($e)) {
  ➜ 820▕                 throw new UniqueConstraintViolationException(
    821▕                     $this->getName(), $query, $this->prepareBindings($bindings), $e
    822▕                 );
    823▕             }
    824▕

  [33m1   [39m[39;1mvendor\laravel\framework\src\Illuminate\Database\Connection.php[39;22m:[39;1m820[39;22m

  [33m2   [39m[39;1mvendor\laravel\framework\src\Illuminate\Database\Connection.php[39;22m:[39;1m571[39;22m
  [90m    NunoMaduro\Collision\Exceptions\TestException::("SQLSTATE[23505]: Unique violation: 7 FEHLER:  doppelter Schlüsselwert verletzt Unique-Constraint »user_organisation_roles_user_id_organisation_id_unique«
DETAIL:  Schlüssel »(user_id, organisation_id)=(a1e8edc3-147c-4b51-967f-182d0ec975bc, a1e8edc3-0d86-47e8-8d12-3eb1e6d209f9)« existiert bereits.")[39m

  [31m────────────────────────────────────────────────────────────────────────────────────────────────────────────────────[39m  
  [41;1m FAILED [49;22m [1mTests\Feature\VoteCountingAndNoVotesFeatureTest[22m [90m>[39m results endpoint with 100 diverse votes  [41;1m QueryException [49;22m  
[39;1m  SQLSTATE[23502]: Not null violation: 7 FEHLER:  NULL-Wert in Spalte »organisation_id« von Relation »posts« verletzt Not-Null-Constraint
DETAIL:  Fehlgeschlagene Zeile enthält (a1e8edc3-6418-41b6-a19d-d9837f53ec6e, null, null, President, अध्यक्ष, t, National, 1, null, 2026-05-31 08:58:54, 2026-05-31 08:58:54, null). (Connection: pgsql, SQL: insert into "posts" ("name", "nepali_name", "state_name", "required_number", "id", "organisation_id", "updated_at", "created_at") values (President, अध्यक्ष, National, 1, a1e8edc3-6418-41b6-a19d-d9837f53ec6e, ?, 2026-05-31 08:58:54, 2026-05-31 08:58:54))[39;22m

  at [32mvendor\laravel\framework\src\Illuminate\Database\Connection.php[39m:[32m825[39m
    821▕                     $this->getName(), $query, $this->prepareBindings($bindings), $e
    822▕                 );
    823▕             }
    824▕ 
  ➜ 825▕             throw new QueryException(
    826▕                 $this->getName(), $query, $this->prepareBindings($bindings), $e
    827▕             );
    828▕         }
    829▕     }

  [33m1   [39m[39;1mvendor\laravel\framework\src\Illuminate\Database\Connection.php[39;22m:[39;1m825[39;22m

  [33m2   [39m[39;1mvendor\laravel\framework\src\Illuminate\Database\Connection.php[39;22m:[39;1m571[39;22m
  [90m    NunoMaduro\Collision\Exceptions\TestException::("SQLSTATE[23502]: Not null violation: 7 FEHLER:  NULL-Wert in Spalte »organisation_id« von Relation »posts« verletzt Not-Null-Constraint
DETAIL:  Fehlgeschlagene Zeile enthält (a1e8edc3-6418-41b6-a19d-d9837f53ec6e, null, null, President, अध्यक्ष, t, National, 1, null, 2026-05-31 08:58:54, 2026-05-31 08:58:54, null).")[39m

  [31m────────────────────────────────────────────────────────────────────────────────────────────────────────────────────[39m  
  [41;1m FAILED [49;22m [1mTests\Feature\VoteCountingAndNoVotesFeatureTest[22m [90m>[39m pdf generation includes no votes         [41;1m QueryException [49;22m  
[39;1m  SQLSTATE[23502]: Not null violation: 7 FEHLER:  NULL-Wert in Spalte »organisation_id« von Relation »posts« verletzt Not-Null-Constraint
DETAIL:  Fehlgeschlagene Zeile enthält (a1e8edc3-ae60-4764-975b-1fcf9d551872, null, null, President, अध्यक्ष, t, National, 1, null, 2026-05-31 08:58:55, 2026-05-31 08:58:55, null). (Connection: pgsql, SQL: insert into "posts" ("name", "nepali_name", "state_name", "required_number", "id", "organisation_id", "updated_at", "created_at") values (President, अध्यक्ष, National, 1, a1e8edc3-ae60-4764-975b-1fcf9d551872, ?, 2026-05-31 08:58:55, 2026-05-31 08:58:55))[39;22m

  at [32mvendor\laravel\framework\src\Illuminate\Database\Connection.php[39m:[32m825[39m
    821▕                     $this->getName(), $query, $this->prepareBindings($bindings), $e
    822▕                 );
    823▕             }
    824▕ 
  ➜ 825▕             throw new QueryException(
    826▕                 $this->getName(), $query, $this->prepareBindings($bindings), $e
    827▕             );
    828▕         }
    829▕     }

  [33m1   [39m[39;1mvendor\laravel\framework\src\Illuminate\Database\Connection.php[39;22m:[39;1m825[39;22m

  [33m2   [39m[39;1mvendor\laravel\framework\src\Illuminate\Database\Connection.php[39;22m:[39;1m571[39;22m
  [90m    NunoMaduro\Collision\Exceptions\TestException::("SQLSTATE[23502]: Not null violation: 7 FEHLER:  NULL-Wert in Spalte »organisation_id« von Relation »posts« verletzt Not-Null-Constraint
DETAIL:  Fehlgeschlagene Zeile enthält (a1e8edc3-ae60-4764-975b-1fcf9d551872, null, null, President, अध्यक्ष, t, National, 1, null, 2026-05-31 08:58:55, 2026-05-31 08:58:55, null).")[39m

  [31m────────────────────────────────────────────────────────────────────────────────────────────────────────────────────[39m  
  [41;1m FAILED [49;22m [1mTests\Feature\VoteCountingAndNoVotesFeatureTest[22m [90m>[39m verification endpoint handles no votes   [41;1m QueryException [49;22m  
[39;1m  SQLSTATE[23502]: Not null violation: 7 FEHLER:  NULL-Wert in Spalte »organisation_id« von Relation »posts« verletzt Not-Null-Constraint
DETAIL:  Fehlgeschlagene Zeile enthält (a1e8edc3-ef2d-48b3-929b-13dedddb379f, null, null, President, अध्यक्ष, t, National, 1, null, 2026-05-31 08:58:55, 2026-05-31 08:58:55, null). (Connection: pgsql, SQL: insert into "posts" ("name", "nepali_name", "state_name", "required_number", "id", "organisation_id", "updated_at", "created_at") values (President, अध्यक्ष, National, 1, a1e8edc3-ef2d-48b3-929b-13dedddb379f, ?, 2026-05-31 08:58:55, 2026-05-31 08:58:55))[39;22m

  at [32mvendor\laravel\framework\src\Illuminate\Database\Connection.php[39m:[32m825[39m
    821▕                     $this->getName(), $query, $this->prepareBindings($bindings), $e
    822▕                 );
    823▕             }
    824▕ 
  ➜ 825▕             throw new QueryException(
    826▕                 $this->getName(), $query, $this->prepareBindings($bindings), $e
    827▕             );
    828▕         }
    829▕     }

  [33m1   [39m[39;1mvendor\laravel\framework\src\Illuminate\Database\Connection.php[39;22m:[39;1m825[39;22m

  [33m2   [39m[39;1mvendor\laravel\framework\src\Illuminate\Database\Connection.php[39;22m:[39;1m571[39;22m
  [90m    NunoMaduro\Collision\Exceptions\TestException::("SQLSTATE[23502]: Not null violation: 7 FEHLER:  NULL-Wert in Spalte »organisation_id« von Relation »posts« verletzt Not-Null-Constraint
DETAIL:  Fehlgeschlagene Zeile enthält (a1e8edc3-ef2d-48b3-929b-13dedddb379f, null, null, President, अध्यक्ष, t, National, 1, null, 2026-05-31 08:58:55, 2026-05-31 08:58:55, null).")[39m

  [31m────────────────────────────────────────────────────────────────────────────────────────────────────────────────────[39m  
  [41;1m FAILED [49;22m [1mTests\Feature\VoteCountingAndNoVotesFeatureTest[22m [90m>[39m api response structure includes no vote… [41;1m QueryException [49;22m  
[39;1m  SQLSTATE[23502]: Not null violation: 7 FEHLER:  NULL-Wert in Spalte »organisation_id« von Relation »posts« verletzt Not-Null-Constraint
DETAIL:  Fehlgeschlagene Zeile enthält (a1e8edc4-280e-429a-b00c-ff027f8cb497, null, null, President, अध्यक्ष, t, National, 1, null, 2026-05-31 08:58:55, 2026-05-31 08:58:55, null). (Connection: pgsql, SQL: insert into "posts" ("name", "nepali_name", "state_name", "required_number", "id", "organisation_id", "updated_at", "created_at") values (President, अध्यक्ष, National, 1, a1e8edc4-280e-429a-b00c-ff027f8cb497, ?, 2026-05-31 08:58:55, 2026-05-31 08:58:55))[39;22m

  at [32mvendor\laravel\framework\src\Illuminate\Database\Connection.php[39m:[32m825[39m
    821▕                     $this->getName(), $query, $this->prepareBindings($bindings), $e
    822▕                 );
    823▕             }
    824▕ 
  ➜ 825▕             throw new QueryException(
    826▕                 $this->getName(), $query, $this->prepareBindings($bindings), $e
    827▕             );
    828▕         }
    829▕     }

  [33m1   [39m[39;1mvendor\laravel\framework\src\Illuminate\Database\Connection.php[39;22m:[39;1m825[39;22m

  [33m2   [39m[39;1mvendor\laravel\framework\src\Illuminate\Database\Connection.php[39;22m:[39;1m571[39;22m
  [90m    NunoMaduro\Collision\Exceptions\TestException::("SQLSTATE[23502]: Not null violation: 7 FEHLER:  NULL-Wert in Spalte »organisation_id« von Relation »posts« verletzt Not-Null-Constraint
DETAIL:  Fehlgeschlagene Zeile enthält (a1e8edc4-280e-429a-b00c-ff027f8cb497, null, null, President, अध्यक्ष, t, National, 1, null, 2026-05-31 08:58:55, 2026-05-31 08:58:55, null).")[39m

  [31m────────────────────────────────────────────────────────────────────────────────────────────────────────────────────[39m  
  [41;1m FAILED [49;22m [1mTests\Feature\VoteCountingAndNoVotesFeatureTest[22m [90m>[39m only no votes scenario                   [41;1m QueryException [49;22m  
[39;1m  SQLSTATE[23502]: Not null violation: 7 FEHLER:  NULL-Wert in Spalte »organisation_id« von Relation »posts« verletzt Not-Null-Constraint
DETAIL:  Fehlgeschlagene Zeile enthält (a1e8edc4-6343-4c3e-a730-5cf1e764c64c, null, null, President, अध्यक्ष, t, National, 1, null, 2026-05-31 08:58:55, 2026-05-31 08:58:55, null). (Connection: pgsql, SQL: insert into "posts" ("name", "nepali_name", "state_name", "required_number", "id", "organisation_id", "updated_at", "created_at") values (President, अध्यक्ष, National, 1, a1e8edc4-6343-4c3e-a730-5cf1e764c64c, ?, 2026-05-31 08:58:55, 2026-05-31 08:58:55))[39;22m

  at [32mvendor\laravel\framework\src\Illuminate\Database\Connection.php[39m:[32m825[39m
    821▕                     $this->getName(), $query, $this->prepareBindings($bindings), $e
    822▕                 );
    823▕             }
    824▕ 
  ➜ 825▕             throw new QueryException(
    826▕                 $this->getName(), $query, $this->prepareBindings($bindings), $e
    827▕             );
    828▕         }
    829▕     }

  [33m1   [39m[39;1mvendor\laravel\framework\src\Illuminate\Database\Connection.php[39;22m:[39;1m825[39;22m

  [33m2   [39m[39;1mvendor\laravel\framework\src\Illuminate\Database\Connection.php[39;22m:[39;1m571[39;22m
  [90m    NunoMaduro\Collision\Exceptions\TestException::("SQLSTATE[23502]: Not null violation: 7 FEHLER:  NULL-Wert in Spalte »organisation_id« von Relation »posts« verletzt Not-Null-Constraint
DETAIL:  Fehlgeschlagene Zeile enthält (a1e8edc4-6343-4c3e-a730-5cf1e764c64c, null, null, President, अध्यक्ष, t, National, 1, null, 2026-05-31 08:58:55, 2026-05-31 08:58:55, null).")[39m

  [31m────────────────────────────────────────────────────────────────────────────────────────────────────────────────────[39m  
  [41;1m FAILED [49;22m [1mTests\Feature\VoteReceiptVerificationTest[22m [90m>[39m receipt codes page is accessible after results published         
[39;1m  Expected response status code [200] but received 403.
Failed asserting that 403 is identical to 200.[39;22m

  at [32mtests\Feature\VoteReceiptVerificationTest.php[39m:[32m88[39m
     84▕             'organisation' => $this->organisation->slug,
     85▕             'election' => $this->election->slug,
     86▕         ]));
     87▕ 
  ➜  88▕         $response->assertStatus(200);
     89▕         $response->assertInertia(fn($page) => $page->component('Election/ReceiptCodes'));
     90▕     }
     91▕ 
     92▕     /** @test */

  [31m────────────────────────────────────────────────────────────────────────────────────────────────────────────────────[39m  
  [41;1m FAILED [49;22m [1mTests\Feature\VoteReceiptVerificationTest[22m [90m>[39m receipt codes are displayed in randomiz… [41;1m AssertionFailedError [49;22m  
[39;1m  Not a valid Inertia response.[39;22m

  at [32mvendor\inertiajs\inertia-laravel\src\Testing\AssertableInertia.php[39m:[32m42[39m
     38▕             PHPUnit::assertArrayHasKey('version', $page);
     39▕             PHPUnit::assertArrayHasKey('encryptHistory', $page);
     40▕             PHPUnit::assertArrayHasKey('clearHistory', $page);
     41▕         } catch (AssertionFailedError $e) {
  ➜  42▕             PHPUnit::fail('Not a valid Inertia response.');
     43▕         }
     44▕ 
     45▕         $instance = static::fromArray($page['props']);
     46▕         $instance->component = $page['component'];

  [33m1   [39m[39;1mvendor\inertiajs\inertia-laravel\src\Testing\AssertableInertia.php[39;22m:[39;1m42[39;22m
  [33m2   [39m[39;1mvendor\inertiajs\inertia-laravel\src\Testing\TestResponseMacros.php[39;22m:[39;1m12[39;22m

  [31m────────────────────────────────────────────────────────────────────────────────────────────────────────────────────[39m  
  [41;1m FAILED [49;22m [1mTests\Feature\VoteReceiptVerificationTest[22m [90m>[39m reverified status shows green tickmark…  [41;1m AssertionFailedError [49;22m  
[39;1m  Not a valid Inertia response.[39;22m

  at [32mvendor\inertiajs\inertia-laravel\src\Testing\AssertableInertia.php[39m:[32m42[39m
     38▕             PHPUnit::assertArrayHasKey('version', $page);
     39▕             PHPUnit::assertArrayHasKey('encryptHistory', $page);
     40▕             PHPUnit::assertArrayHasKey('clearHistory', $page);
     41▕         } catch (AssertionFailedError $e) {
  ➜  42▕             PHPUnit::fail('Not a valid Inertia response.');
     43▕         }
     44▕ 
     45▕         $instance = static::fromArray($page['props']);
     46▕         $instance->component = $page['component'];

  [33m1   [39m[39;1mvendor\inertiajs\inertia-laravel\src\Testing\AssertableInertia.php[39;22m:[39;1m42[39;22m
  [33m2   [39m[39;1mvendor\inertiajs\inertia-laravel\src\Testing\TestResponseMacros.php[39;22m:[39;1m12[39;22m

  [31m────────────────────────────────────────────────────────────────────────────────────────────────────────────────────[39m  
  [41;1m FAILED [49;22m [1mTests\Feature\VoteReceiptVerificationTest[22m [90m>[39m receipt codes show reverified statistic… [41;1m AssertionFailedError [49;22m  
[39;1m  Not a valid Inertia response.[39;22m

  at [32mvendor\inertiajs\inertia-laravel\src\Testing\AssertableInertia.php[39m:[32m42[39m
     38▕             PHPUnit::assertArrayHasKey('version', $page);
     39▕             PHPUnit::assertArrayHasKey('encryptHistory', $page);
     40▕             PHPUnit::assertArrayHasKey('clearHistory', $page);
     41▕         } catch (AssertionFailedError $e) {
  ➜  42▕             PHPUnit::fail('Not a valid Inertia response.');
     43▕         }
     44▕ 
     45▕         $instance = static::fromArray($page['props']);
     46▕         $instance->component = $page['component'];

  [33m1   [39m[39;1mvendor\inertiajs\inertia-laravel\src\Testing\AssertableInertia.php[39;22m:[39;1m42[39;22m
  [33m2   [39m[39;1mvendor\inertiajs\inertia-laravel\src\Testing\TestResponseMacros.php[39;22m:[39;1m12[39;22m

  [31m────────────────────────────────────────────────────────────────────────────────────────────────────────────────────[39m  
  [41;1m FAILED [49;22m [1mTests\Feature\VoteStorageTest[22m [90m>[39m vote table has no vote posts not no vote option                              
[39;1m  votes table should NOT have no_vote_option column (boolean)
Failed asserting that an array does not contain 'no_vote_option'.[39;22m

  at [32mtests\Feature\VoteStorageTest.php[39m:[32m49[39m
     45▕         // ✅ Assert no_vote_posts exists
     46▕         $this->assertContains('no_vote_posts', $columns, 'votes table should have no_vote_posts column (JSON array)');
     47▕ 
     48▕         // ✅ Assert no_vote_option does NOT exist
  ➜  49▕         $this->assertNotContains('no_vote_option', $columns, 'votes table should NOT have no_vote_option column (boolean)');
     50▕     }
     51▕ 
     52▕     /** @test */
     53▕     public function vote_model_casts_no_vote_posts_as_array()

  [33m1   [39m[39;1mtests\Feature\VoteStorageTest.php[39;22m:[39;1m49[39;22m

  [31m────────────────────────────────────────────────────────────────────────────────────────────────────────────────────[39m  
  [41;1m FAILED [49;22m [1mTests\Feature\VoteStorageTest[22m [90m>[39m vote hash is hidden from api responses                                       
[39;1m  vote_hash should be hidden from API responses
Failed asserting that an array contains 'vote_hash'.[39;22m

  at [32mtests\Feature\VoteStorageTest.php[39m:[32m69[39m
     65▕         // ✅ Assert vote_hash is in hidden array (won't be exposed in API)
     66▕         $vote = new Vote();
     67▕         $hidden = $vote->getHidden();
     68▕ 
  ➜  69▕         $this->assertContains('vote_hash', $hidden, 'vote_hash should be hidden from API responses');
     70▕     }
     71▕ 
     72▕     /** @test */
     73▕     public function demo_vote_table_uses_vote_hash()

  [33m1   [39m[39;1mtests\Feature\VoteStorageTest.php[39;22m:[39;1m69[39;22m

  [31m────────────────────────────────────────────────────────────────────────────────────────────────────────────────────[39m  
  [41;1m FAILED [49;22m [1mTests\Feature\VoteStorageTest[22m [90m>[39m demo vote table uses vote hash                                               
[39;1m  demo_votes table should NOT have voting_code column
Failed asserting that an array does not contain 'voting_code'.[39;22m

  at [32mtests\Feature\VoteStorageTest.php[39m:[32m81[39m
     77▕         // ✅ Assert vote_hash exists
     78▕         $this->assertContains('vote_hash', $columns, 'demo_votes table should have vote_hash column');
     79▕ 
     80▕         // ✅ Assert NO voting_code
  ➜  81▕         $this->assertNotContains('voting_code', $columns, 'demo_votes table should NOT have voting_code column');
     82▕ 
     83▕         // ✅ Assert NO user_id
     84▕         $this->assertNotContains('user_id', $columns, 'demo_votes table should NOT have user_id column');
     85▕     }

  [33m1   [39m[39;1mtests\Feature\VoteStorageTest.php[39;22m:[39;1m81[39;22m

  [31m────────────────────────────────────────────────────────────────────────────────────────────────────────────────────[39m  
  [41;1m FAILED [49;22m [1mTests\Feature\VoteSubmissionRedirectTest[22m [90m>[39m first submission redirects to verify not code create              
[39;1m  Failed asserting that two strings are equal.
--- Expected
+++ Actual
@@ @@
-'http://localhost/v/test-voter-slug/vote/verify'
+'http://localhost/dashboard'[39;22m

  at [32mtests\Feature\VoteSubmissionRedirectTest.php[39m:[32m112[39m
    108▕             ]
    109▕         );
    110▕ 
    111▕         // Use assertRedirectToRoute which properly handles slug-based routes
  ➜ 112▕         $response->assertRedirectToRoute('slug.vote.verify', ['vslug' => $this->voterSlug->slug]);
    113▕     }
    114▕ 
    115▕     public function test_vote_submitted_flag_persisted_after_first_submission(): void
    116▕     {

  [31m────────────────────────────────────────────────────────────────────────────────────────────────────────────────────[39m  
  [41;1m FAILED [49;22m [1mTests\Feature\VoteSubmissionRedirectTest[22m [90m>[39m vote submitted flag persisted after first submission              
[39;1m  vote_submitted should be true after first_submission
Failed asserting that false is true.[39;22m

  at [32mtests\Feature\VoteSubmissionRedirectTest.php[39m:[32m139[39m
    135▕         );
    136▕ 
    137▕         $updatedCode = Code::withoutGlobalScopes()->find($this->code->id);
    138▕ 
  ➜ 139▕         $this->assertTrue($updatedCode->vote_submitted, 'vote_submitted should be true after first_submission');
    140▕         $this->assertNotNull($updatedCode->vote_submitted_at, 'vote_submitted_at should be set');
    141▕     }
    142▕ 
    143▕     public function test_vote_pre_check_allows_submitted_votes(): void

  [33m1   [39m[39;1mtests\Feature\VoteSubmissionRedirectTest.php[39;22m:[39;1m139[39;22m

  [31m────────────────────────────────────────────────────────────────────────────────────────────────────────────────────[39m  
  [41;1m FAILED [49;22m [1mTests\Feature\VoteSubmissionRedirectTest[22m [90m>[39m vote pre check allows submitted votes       [41;1m ArgumentCountError [49;22m  
[39;1m  Too few arguments to function App\Http\Controllers\VoteController::__construct(), 0 passed in C:\Users\nabra\OneDrive\Desktop\roshyara\xamp\nrna\nrna-eu\tests\Feature\VoteSubmissionRedirectTest.php on line 150 and exactly 2 expected[39;22m

  at [32mapp\Http\Controllers\VoteController.php[39m:[32m58[39m
     54▕ 
     55▕     /**
     56▕      * Constructor - Initialize voting process state
     57▕      */
  ➜  58▕     public function __construct(
     59▕         private TrustPolicyEvaluator $trustEvaluator,
     60▕         private ConstitutionalLegitimacyDecision $legitimacyDecision,
     61▕     )
     62▕     {

  [33m1   [39m[39;1mapp\Http\Controllers\VoteController.php[39;22m:[39;1m58[39;22m
  [33m2   [39m[39;1mtests\Feature\VoteSubmissionRedirectTest.php[39;22m:[39;1m150[39;22m

  [31m────────────────────────────────────────────────────────────────────────────────────────────────────────────────────[39m  
  [41;1m FAILED [49;22m [1mTests\Feature\VoteSubmissionWorkflowTest[22m [90m>[39m user can access code create page                [41;1m QueryException [49;22m  
[39;1m  SQLSTATE[42703]: Undefined column: 7 FEHLER:  Spalte »is_voter« von Relation »users« existiert nicht
LINE 1: ...egion", "organisation_id", "is_committee_member", "is_voter"...
                                                             ^ (Connection: pgsql, SQL: insert into "users" ("name", "email", "email_verified_at", "password", "remember_token", "region", "organisation_id", "is_committee_member", "is_voter", "can_vote", "has_voted", "id", "updated_at", "created_at") values (Nayeli Olson, khickle@example.com, 2026-05-31 08:59:21, $2y$10$92IXUNpkjO0rOQ5byMi.Ye4oKoEa3Ro9llC/.og/at2.uheWG/igi, QgqtYng50c, Alabama, 2fb5b0dd-4f0b-4c9e-ae2c-a27050ef1560, 0, 1, 1, 0, a1e8edeb-eff3-4e49-a463-786fc5085e13, 2026-05-31 08:59:21, 2026-05-31 08:59:21))[39;22m

  at [32mvendor\laravel\framework\src\Illuminate\Database\Connection.php[39m:[32m825[39m
    821▕                     $this->getName(), $query, $this->prepareBindings($bindings), $e
    822▕                 );
    823▕             }
    824▕ 
  ➜ 825▕             throw new QueryException(
    826▕                 $this->getName(), $query, $this->prepareBindings($bindings), $e
    827▕             );
    828▕         }
    829▕     }

  [33m1   [39m[39;1mvendor\laravel\framework\src\Illuminate\Database\Connection.php[39;22m:[39;1m825[39;22m

  [33m2   [39m[39;1mvendor\laravel\framework\src\Illuminate\Database\Connection.php[39;22m:[39;1m571[39;22m
  [90m    NunoMaduro\Collision\Exceptions\TestException::("SQLSTATE[42703]: Undefined column: 7 FEHLER:  Spalte »is_voter« von Relation »users« existiert nicht
LINE 1: ...egion", "organisation_id", "is_committee_member", "is_voter"...
                                                             ^")[39m

  [31m────────────────────────────────────────────────────────────────────────────────────────────────────────────────────[39m  
  [41;1m FAILED [49;22m [1mTests\Feature\VoteSubmissionWorkflowTest[22m [90m>[39m unauthenticated user redirected from code crea… [41;1m QueryException [49;22m  
[39;1m  SQLSTATE[42703]: Undefined column: 7 FEHLER:  Spalte »is_voter« von Relation »users« existiert nicht
LINE 1: ...egion", "organisation_id", "is_committee_member", "is_voter"...
                                                             ^ (Connection: pgsql, SQL: insert into "users" ("name", "email", "email_verified_at", "password", "remember_token", "region", "organisation_id", "is_committee_member", "is_voter", "can_vote", "has_voted", "id", "updated_at", "created_at") values (Javonte Hand, trey.cremin@example.org, 2026-05-31 08:59:22, $2y$10$92IXUNpkjO0rOQ5byMi.Ye4oKoEa3Ro9llC/.og/at2.uheWG/igi, gXOm7y6SOL, Kentucky, 2fb5b0dd-4f0b-4c9e-ae2c-a27050ef1560, 0, 1, 1, 0, a1e8edec-f24b-470f-ac86-8be0822f0369, 2026-05-31 08:59:22, 2026-05-31 08:59:22))[39;22m

  at [32mvendor\laravel\framework\src\Illuminate\Database\Connection.php[39m:[32m825[39m
    821▕                     $this->getName(), $query, $this->prepareBindings($bindings), $e
    822▕                 );
    823▕             }
    824▕ 
  ➜ 825▕             throw new QueryException(
    826▕                 $this->getName(), $query, $this->prepareBindings($bindings), $e
    827▕             );
    828▕         }
    829▕     }

  [33m1   [39m[39;1mvendor\laravel\framework\src\Illuminate\Database\Connection.php[39;22m:[39;1m825[39;22m

  [33m2   [39m[39;1mvendor\laravel\framework\src\Illuminate\Database\Connection.php[39;22m:[39;1m571[39;22m
  [90m    NunoMaduro\Collision\Exceptions\TestException::("SQLSTATE[42703]: Undefined column: 7 FEHLER:  Spalte »is_voter« von Relation »users« existiert nicht
LINE 1: ...egion", "organisation_id", "is_committee_member", "is_voter"...
                                                             ^")[39m

  [31m────────────────────────────────────────────────────────────────────────────────────────────────────────────────────[39m  
  [41;1m FAILED [49;22m [1mTests\Feature\VoteSubmissionWorkflowTest[22m [90m>[39m non voter cannot access code create page        [41;1m QueryException [49;22m  
[39;1m  SQLSTATE[42703]: Undefined column: 7 FEHLER:  Spalte »is_voter« von Relation »users« existiert nicht
LINE 1: ...egion", "organisation_id", "is_committee_member", "is_voter"...
                                                             ^ (Connection: pgsql, SQL: insert into "users" ("name", "email", "email_verified_at", "password", "remember_token", "region", "organisation_id", "is_committee_member", "is_voter", "can_vote", "has_voted", "id", "updated_at", "created_at") values (Jaylan Terry, jerad.beahan@example.net, 2026-05-31 08:59:22, $2y$10$92IXUNpkjO0rOQ5byMi.Ye4oKoEa3Ro9llC/.og/at2.uheWG/igi, HYQNjXmn5l, Alabama, 2fb5b0dd-4f0b-4c9e-ae2c-a27050ef1560, 0, 1, 1, 0, a1e8eded-cdbe-4f5f-bf28-14187c270233, 2026-05-31 08:59:22, 2026-05-31 08:59:22))[39;22m

  at [32mvendor\laravel\framework\src\Illuminate\Database\Connection.php[39m:[32m825[39m
    821▕                     $this->getName(), $query, $this->prepareBindings($bindings), $e
    822▕                 );
    823▕             }
    824▕ 
  ➜ 825▕             throw new QueryException(
    826▕                 $this->getName(), $query, $this->prepareBindings($bindings), $e
    827▕             );
    828▕         }
    829▕     }

  [33m1   [39m[39;1mvendor\laravel\framework\src\Illuminate\Database\Connection.php[39;22m:[39;1m825[39;22m

  [33m2   [39m[39;1mvendor\laravel\framework\src\Illuminate\Database\Connection.php[39;22m:[39;1m571[39;22m
  [90m    NunoMaduro\Collision\Exceptions\TestException::("SQLSTATE[42703]: Undefined column: 7 FEHLER:  Spalte »is_voter« von Relation »users« existiert nicht
LINE 1: ...egion", "organisation_id", "is_committee_member", "is_voter"...
                                                             ^")[39m

  [31m────────────────────────────────────────────────────────────────────────────────────────────────────────────────────[39m  
  [41;1m FAILED [49;22m [1mTests\Feature\VoteSubmissionWorkflowTest[22m [90m>[39m code create requires active election            [41;1m QueryException [49;22m  
[39;1m  SQLSTATE[42703]: Undefined column: 7 FEHLER:  Spalte »is_voter« von Relation »users« existiert nicht
LINE 1: ...egion", "organisation_id", "is_committee_member", "is_voter"...
                                                             ^ (Connection: pgsql, SQL: insert into "users" ("name", "email", "email_verified_at", "password", "remember_token", "region", "organisation_id", "is_committee_member", "is_voter", "can_vote", "has_voted", "id", "updated_at", "created_at") values (Milan Shanahan, chesley.homenick@example.org, 2026-05-31 08:59:23, $2y$10$92IXUNpkjO0rOQ5byMi.Ye4oKoEa3Ro9llC/.og/at2.uheWG/igi, ApjYH51yhk, South Carolina, 2fb5b0dd-4f0b-4c9e-ae2c-a27050ef1560, 0, 1, 1, 0, a1e8edee-9cea-40d3-bda1-dd801c14aee4, 2026-05-31 08:59:23, 2026-05-31 08:59:23))[39;22m

  at [32mvendor\laravel\framework\src\Illuminate\Database\Connection.php[39m:[32m825[39m
    821▕                     $this->getName(), $query, $this->prepareBindings($bindings), $e
    822▕                 );
    823▕             }
    824▕ 
  ➜ 825▕             throw new QueryException(
    826▕                 $this->getName(), $query, $this->prepareBindings($bindings), $e
    827▕             );
    828▕         }
    829▕     }

  [33m1   [39m[39;1mvendor\laravel\framework\src\Illuminate\Database\Connection.php[39;22m:[39;1m825[39;22m

  [33m2   [39m[39;1mvendor\laravel\framework\src\Illuminate\Database\Connection.php[39;22m:[39;1m571[39;22m
  [90m    NunoMaduro\Collision\Exceptions\TestException::("SQLSTATE[42703]: Undefined column: 7 FEHLER:  Spalte »is_voter« von Relation »users« existiert nicht
LINE 1: ...egion", "organisation_id", "is_committee_member", "is_voter"...
                                                             ^")[39m

  [31m────────────────────────────────────────────────────────────────────────────────────────────────────────────────────[39m  
  [41;1m FAILED [49;22m [1mTests\Feature\VoteSubmissionWorkflowTest[22m [90m>[39m user can submit code1 and agree to terms        [41;1m QueryException [49;22m  
[39;1m  SQLSTATE[42703]: Undefined column: 7 FEHLER:  Spalte »is_voter« von Relation »users« existiert nicht
LINE 1: ...egion", "organisation_id", "is_committee_member", "is_voter"...
                                                             ^ (Connection: pgsql, SQL: insert into "users" ("name", "email", "email_verified_at", "password", "remember_token", "region", "organisation_id", "is_committee_member", "is_voter", "can_vote", "has_voted", "id", "updated_at", "created_at") values (Ms. Lea Hills, gianni77@example.net, 2026-05-31 08:59:23, $2y$10$92IXUNpkjO0rOQ5byMi.Ye4oKoEa3Ro9llC/.og/at2.uheWG/igi, B6lK5UPWFX, Delaware, 2fb5b0dd-4f0b-4c9e-ae2c-a27050ef1560, 0, 1, 1, 0, a1e8edef-a140-41c1-8e16-abd4fcef20e0, 2026-05-31 08:59:23, 2026-05-31 08:59:23))[39;22m

  at [32mvendor\laravel\framework\src\Illuminate\Database\Connection.php[39m:[32m825[39m
    821▕                     $this->getName(), $query, $this->prepareBindings($bindings), $e
    822▕                 );
    823▕             }
    824▕ 
  ➜ 825▕             throw new QueryException(
    826▕                 $this->getName(), $query, $this->prepareBindings($bindings), $e
    827▕             );
    828▕         }
    829▕     }

  [33m1   [39m[39;1mvendor\laravel\framework\src\Illuminate\Database\Connection.php[39;22m:[39;1m825[39;22m

  [33m2   [39m[39;1mvendor\laravel\framework\src\Illuminate\Database\Connection.php[39;22m:[39;1m571[39;22m
  [90m    NunoMaduro\Collision\Exceptions\TestException::("SQLSTATE[42703]: Undefined column: 7 FEHLER:  Spalte »is_voter« von Relation »users« existiert nicht
LINE 1: ...egion", "organisation_id", "is_committee_member", "is_voter"...
                                                             ^")[39m

  [31m────────────────────────────────────────────────────────────────────────────────────────────────────────────────────[39m  
  [41;1m FAILED [49;22m [1mTests\Feature\VoteSubmissionWorkflowTest[22m [90m>[39m code1 submission fails with incorrect code      [41;1m QueryException [49;22m  
[39;1m  SQLSTATE[42703]: Undefined column: 7 FEHLER:  Spalte »is_voter« von Relation »users« existiert nicht
LINE 1: ...egion", "organisation_id", "is_committee_member", "is_voter"...
                                                             ^ (Connection: pgsql, SQL: insert into "users" ("name", "email", "email_verified_at", "password", "remember_token", "region", "organisation_id", "is_committee_member", "is_voter", "can_vote", "has_voted", "id", "updated_at", "created_at") values (Emmanuel Effertz DVM, kurtis.schmeler@example.org, 2026-05-31 08:59:24, $2y$10$92IXUNpkjO0rOQ5byMi.Ye4oKoEa3Ro9llC/.og/at2.uheWG/igi, zrzFwNoagX, Ohio, 2fb5b0dd-4f0b-4c9e-ae2c-a27050ef1560, 0, 1, 1, 0, a1e8edf0-90fd-4f61-b69c-6283bdb604be, 2026-05-31 08:59:24, 2026-05-31 08:59:24))[39;22m

  at [32mvendor\laravel\framework\src\Illuminate\Database\Connection.php[39m:[32m825[39m
    821▕                     $this->getName(), $query, $this->prepareBindings($bindings), $e
    822▕                 );
    823▕             }
    824▕ 
  ➜ 825▕             throw new QueryException(
    826▕                 $this->getName(), $query, $this->prepareBindings($bindings), $e
    827▕             );
    828▕         }
    829▕     }

  [33m1   [39m[39;1mvendor\laravel\framework\src\Illuminate\Database\Connection.php[39;22m:[39;1m825[39;22m

  [33m2   [39m[39;1mvendor\laravel\framework\src\Illuminate\Database\Connection.php[39;22m:[39;1m571[39;22m
  [90m    NunoMaduro\Collision\Exceptions\TestException::("SQLSTATE[42703]: Undefined column: 7 FEHLER:  Spalte »is_voter« von Relation »users« existiert nicht
LINE 1: ...egion", "organisation_id", "is_committee_member", "is_voter"...
                                                             ^")[39m

  [31m────────────────────────────────────────────────────────────────────────────────────────────────────────────────────[39m  
  [41;1m FAILED [49;22m [1mTests\Feature\VoteSubmissionWorkflowTest[22m [90m>[39m code1 submission fails without agreement        [41;1m QueryException [49;22m  
[39;1m  SQLSTATE[42703]: Undefined column: 7 FEHLER:  Spalte »is_voter« von Relation »users« existiert nicht
LINE 1: ...egion", "organisation_id", "is_committee_member", "is_voter"...
                                                             ^ (Connection: pgsql, SQL: insert into "users" ("name", "email", "email_verified_at", "password", "remember_token", "region", "organisation_id", "is_committee_member", "is_voter", "can_vote", "has_voted", "id", "updated_at", "created_at") values (Madie Mann, emelie.ortiz@example.net, 2026-05-31 08:59:25, $2y$10$92IXUNpkjO0rOQ5byMi.Ye4oKoEa3Ro9llC/.og/at2.uheWG/igi, qlO4qGKY1N, District of Columbia, 2fb5b0dd-4f0b-4c9e-ae2c-a27050ef1560, 0, 1, 1, 0, a1e8edf1-734c-43af-92a6-c2e5e1de08c7, 2026-05-31 08:59:25, 2026-05-31 08:59:25))[39;22m

  at [32mvendor\laravel\framework\src\Illuminate\Database\Connection.php[39m:[32m825[39m
    821▕                     $this->getName(), $query, $this->prepareBindings($bindings), $e
    822▕                 );
    823▕             }
    824▕ 
  ➜ 825▕             throw new QueryException(
    826▕                 $this->getName(), $query, $this->prepareBindings($bindings), $e
    827▕             );
    828▕         }
    829▕     }

  [33m1   [39m[39;1mvendor\laravel\framework\src\Illuminate\Database\Connection.php[39;22m:[39;1m825[39;22m

  [33m2   [39m[39;1mvendor\laravel\framework\src\Illuminate\Database\Connection.php[39;22m:[39;1m571[39;22m
  [90m    NunoMaduro\Collision\Exceptions\TestException::("SQLSTATE[42703]: Undefined column: 7 FEHLER:  Spalte »is_voter« von Relation »users« existiert nicht
LINE 1: ...egion", "organisation_id", "is_committee_member", "is_voter"...
                                                             ^")[39m

  [31m────────────────────────────────────────────────────────────────────────────────────────────────────────────────────[39m  
  [41;1m FAILED [49;22m [1mTests\Feature\VoteSubmissionWorkflowTest[22m [90m>[39m code1 can only be used once                     [41;1m QueryException [49;22m  
[39;1m  SQLSTATE[42703]: Undefined column: 7 FEHLER:  Spalte »is_voter« von Relation »users« existiert nicht
LINE 1: ...egion", "organisation_id", "is_committee_member", "is_voter"...
                                                             ^ (Connection: pgsql, SQL: insert into "users" ("name", "email", "email_verified_at", "password", "remember_token", "region", "organisation_id", "is_committee_member", "is_voter", "can_vote", "has_voted", "id", "updated_at", "created_at") values (Blaise Feil Jr., kamron73@example.com, 2026-05-31 08:59:25, $2y$10$92IXUNpkjO0rOQ5byMi.Ye4oKoEa3Ro9llC/.og/at2.uheWG/igi, PzN5v1Rlau, New York, 2fb5b0dd-4f0b-4c9e-ae2c-a27050ef1560, 0, 1, 1, 0, a1e8edf2-51ea-40a5-894f-d2a6be267b1c, 2026-05-31 08:59:25, 2026-05-31 08:59:25))[39;22m

  at [32mvendor\laravel\framework\src\Illuminate\Database\Connection.php[39m:[32m825[39m
    821▕                     $this->getName(), $query, $this->prepareBindings($bindings), $e
    822▕                 );
    823▕             }
    824▕ 
  ➜ 825▕             throw new QueryException(
    826▕                 $this->getName(), $query, $this->prepareBindings($bindings), $e
    827▕             );
    828▕         }
    829▕     }

  [33m1   [39m[39;1mvendor\laravel\framework\src\Illuminate\Database\Connection.php[39;22m:[39;1m825[39;22m

  [33m2   [39m[39;1mvendor\laravel\framework\src\Illuminate\Database\Connection.php[39;22m:[39;1m571[39;22m
  [90m    NunoMaduro\Collision\Exceptions\TestException::("SQLSTATE[42703]: Undefined column: 7 FEHLER:  Spalte »is_voter« von Relation »users« existiert nicht
LINE 1: ...egion", "organisation_id", "is_committee_member", "is_voter"...
                                                             ^")[39m

  [31m────────────────────────────────────────────────────────────────────────────────────────────────────────────────────[39m  
  [41;1m FAILED [49;22m [1mTests\Feature\VoteSubmissionWorkflowTest[22m [90m>[39m no vote option validation                       [41;1m QueryException [49;22m  
[39;1m  SQLSTATE[42703]: Undefined column: 7 FEHLER:  Spalte »is_voter« von Relation »users« existiert nicht
LINE 1: ...egion", "organisation_id", "is_committee_member", "is_voter"...
                                                             ^ (Connection: pgsql, SQL: insert into "users" ("name", "email", "email_verified_at", "password", "remember_token", "region", "organisation_id", "is_committee_member", "is_voter", "can_vote", "has_voted", "id", "updated_at", "created_at") values (Natalia Wisoky, murphy.prohaska@example.net, 2026-05-31 08:59:26, $2y$10$92IXUNpkjO0rOQ5byMi.Ye4oKoEa3Ro9llC/.og/at2.uheWG/igi, TZDWoPUVYv, North Carolina, 2fb5b0dd-4f0b-4c9e-ae2c-a27050ef1560, 0, 1, 1, 0, a1e8edf3-10d2-4c06-835a-913de1a9cb94, 2026-05-31 08:59:26, 2026-05-31 08:59:26))[39;22m

  at [32mvendor\laravel\framework\src\Illuminate\Database\Connection.php[39m:[32m825[39m
    821▕                     $this->getName(), $query, $this->prepareBindings($bindings), $e
    822▕                 );
    823▕             }
    824▕ 
  ➜ 825▕             throw new QueryException(
    826▕                 $this->getName(), $query, $this->prepareBindings($bindings), $e
    827▕             );
    828▕         }
    829▕     }

  [33m1   [39m[39;1mvendor\laravel\framework\src\Illuminate\Database\Connection.php[39;22m:[39;1m825[39;22m

  [33m2   [39m[39;1mvendor\laravel\framework\src\Illuminate\Database\Connection.php[39;22m:[39;1m571[39;22m
  [90m    NunoMaduro\Collision\Exceptions\TestException::("SQLSTATE[42703]: Undefined column: 7 FEHLER:  Spalte »is_voter« von Relation »users« existiert nicht
LINE 1: ...egion", "organisation_id", "is_committee_member", "is_voter"...
                                                             ^")[39m

  [31m────────────────────────────────────────────────────────────────────────────────────────────────────────────────────[39m  
  [41;1m FAILED [49;22m [1mTests\Feature\VoteSubmissionWorkflowTest[22m [90m>[39m candidate selection validation                  [41;1m QueryException [49;22m  
[39;1m  SQLSTATE[42703]: Undefined column: 7 FEHLER:  Spalte »is_voter« von Relation »users« existiert nicht
LINE 1: ...egion", "organisation_id", "is_committee_member", "is_voter"...
                                                             ^ (Connection: pgsql, SQL: insert into "users" ("name", "email", "email_verified_at", "password", "remember_token", "region", "organisation_id", "is_committee_member", "is_voter", "can_vote", "has_voted", "id", "updated_at", "created_at") values (Halie Gibson Sr., kirlin.noemie@example.com, 2026-05-31 08:59:26, $2y$10$92IXUNpkjO0rOQ5byMi.Ye4oKoEa3Ro9llC/.og/at2.uheWG/igi, CqRsTy3Gnt, Alaska, 2fb5b0dd-4f0b-4c9e-ae2c-a27050ef1560, 0, 1, 1, 0, a1e8edf3-feac-40d6-a218-a197bbf3b130, 2026-05-31 08:59:26, 2026-05-31 08:59:26))[39;22m

  at [32mvendor\laravel\framework\src\Illuminate\Database\Connection.php[39m:[32m825[39m
    821▕                     $this->getName(), $query, $this->prepareBindings($bindings), $e
    822▕                 );
    823▕             }
    824▕ 
  ➜ 825▕             throw new QueryException(
    826▕                 $this->getName(), $query, $this->prepareBindings($bindings), $e
    827▕             );
    828▕         }
    829▕     }

  [33m1   [39m[39;1mvendor\laravel\framework\src\Illuminate\Database\Connection.php[39;22m:[39;1m825[39;22m

  [33m2   [39m[39;1mvendor\laravel\framework\src\Illuminate\Database\Connection.php[39;22m:[39;1m571[39;22m
  [90m    NunoMaduro\Collision\Exceptions\TestException::("SQLSTATE[42703]: Undefined column: 7 FEHLER:  Spalte »is_voter« von Relation »users« existiert nicht
LINE 1: ...egion", "organisation_id", "is_committee_member", "is_voter"...
                                                             ^")[39m

  [31m────────────────────────────────────────────────────────────────────────────────────────────────────────────────────[39m  
  [41;1m FAILED [49;22m [1mTests\Feature\VoteSubmissionWorkflowTest[22m [90m>[39m multiple vote prevention real elections         [41;1m QueryException [49;22m  
[39;1m  SQLSTATE[42703]: Undefined column: 7 FEHLER:  Spalte »is_voter« von Relation »users« existiert nicht
LINE 1: ...egion", "organisation_id", "is_committee_member", "is_voter"...
                                                             ^ (Connection: pgsql, SQL: insert into "users" ("name", "email", "email_verified_at", "password", "remember_token", "region", "organisation_id", "is_committee_member", "is_voter", "can_vote", "has_voted", "id", "updated_at", "created_at") values (Clay Reinger, mustafa.ruecker@example.net, 2026-05-31 08:59:27, $2y$10$92IXUNpkjO0rOQ5byMi.Ye4oKoEa3Ro9llC/.og/at2.uheWG/igi, iNoshod707, Idaho, 2fb5b0dd-4f0b-4c9e-ae2c-a27050ef1560, 0, 1, 1, 0, a1e8edf4-ec86-42c1-9291-7b24f256fa0d, 2026-05-31 08:59:27, 2026-05-31 08:59:27))[39;22m

  at [32mvendor\laravel\framework\src\Illuminate\Database\Connection.php[39m:[32m825[39m
    821▕                     $this->getName(), $query, $this->prepareBindings($bindings), $e
    822▕                 );
    823▕             }
    824▕ 
  ➜ 825▕             throw new QueryException(
    826▕                 $this->getName(), $query, $this->prepareBindings($bindings), $e
    827▕             );
    828▕         }
    829▕     }

  [33m1   [39m[39;1mvendor\laravel\framework\src\Illuminate\Database\Connection.php[39;22m:[39;1m825[39;22m

  [33m2   [39m[39;1mvendor\laravel\framework\src\Illuminate\Database\Connection.php[39;22m:[39;1m571[39;22m
  [90m    NunoMaduro\Collision\Exceptions\TestException::("SQLSTATE[42703]: Undefined column: 7 FEHLER:  Spalte »is_voter« von Relation »users« existiert nicht
LINE 1: ...egion", "organisation_id", "is_committee_member", "is_voter"...
                                                             ^")[39m

  [31m────────────────────────────────────────────────────────────────────────────────────────────────────────────────────[39m  
  [41;1m FAILED [49;22m [1mTests\Feature\VoteSubmissionWorkflowTest[22m [90m>[39m vote completeness validation                    [41;1m QueryException [49;22m  
[39;1m  SQLSTATE[42703]: Undefined column: 7 FEHLER:  Spalte »is_voter« von Relation »users« existiert nicht
LINE 1: ...egion", "organisation_id", "is_committee_member", "is_voter"...
                                                             ^ (Connection: pgsql, SQL: insert into "users" ("name", "email", "email_verified_at", "password", "remember_token", "region", "organisation_id", "is_committee_member", "is_voter", "can_vote", "has_voted", "id", "updated_at", "created_at") values (Tiffany Jacobs, luigi13@example.org, 2026-05-31 08:59:27, $2y$10$92IXUNpkjO0rOQ5byMi.Ye4oKoEa3Ro9llC/.og/at2.uheWG/igi, suAdk1S3il, Wyoming, 2fb5b0dd-4f0b-4c9e-ae2c-a27050ef1560, 0, 1, 1, 0, a1e8edf5-8f99-4a50-82f7-ff2a28d5de12, 2026-05-31 08:59:27, 2026-05-31 08:59:27))[39;22m

  at [32mvendor\laravel\framework\src\Illuminate\Database\Connection.php[39m:[32m825[39m
    821▕                     $this->getName(), $query, $this->prepareBindings($bindings), $e
    822▕                 );
    823▕             }
    824▕ 
  ➜ 825▕             throw new QueryException(
    826▕                 $this->getName(), $query, $this->prepareBindings($bindings), $e
    827▕             );
    828▕         }
    829▕     }

  [33m1   [39m[39;1mvendor\laravel\framework\src\Illuminate\Database\Connection.php[39;22m:[39;1m825[39;22m

  [33m2   [39m[39;1mvendor\laravel\framework\src\Illuminate\Database\Connection.php[39;22m:[39;1m571[39;22m
  [90m    NunoMaduro\Collision\Exceptions\TestException::("SQLSTATE[42703]: Undefined column: 7 FEHLER:  Spalte »is_voter« von Relation »users« existiert nicht
LINE 1: ...egion", "organisation_id", "is_committee_member", "is_voter"...
                                                             ^")[39m

  [31m────────────────────────────────────────────────────────────────────────────────────────────────────────────────────[39m  
  [41;1m FAILED [49;22m [1mTests\Feature\VoteSubmissionWorkflowTest[22m [90m>[39m invalid candidacy detection                     [41;1m QueryException [49;22m  
[39;1m  SQLSTATE[42703]: Undefined column: 7 FEHLER:  Spalte »is_voter« von Relation »users« existiert nicht
LINE 1: ...egion", "organisation_id", "is_committee_member", "is_voter"...
                                                             ^ (Connection: pgsql, SQL: insert into "users" ("name", "email", "email_verified_at", "password", "remember_token", "region", "organisation_id", "is_committee_member", "is_voter", "can_vote", "has_voted", "id", "updated_at", "created_at") values (Prof. Leonor Bins DDS, fisher.mazie@example.org, 2026-05-31 08:59:28, $2y$10$92IXUNpkjO0rOQ5byMi.Ye4oKoEa3Ro9llC/.og/at2.uheWG/igi, q0ocXJXyHm, Ohio, 2fb5b0dd-4f0b-4c9e-ae2c-a27050ef1560, 0, 1, 1, 0, a1e8edf6-079f-4aff-98d4-00d40ddb2796, 2026-05-31 08:59:28, 2026-05-31 08:59:28))[39;22m

  at [32mvendor\laravel\framework\src\Illuminate\Database\Connection.php[39m:[32m825[39m
    821▕                     $this->getName(), $query, $this->prepareBindings($bindings), $e
    822▕                 );
    823▕             }
    824▕ 
  ➜ 825▕             throw new QueryException(
    826▕                 $this->getName(), $query, $this->prepareBindings($bindings), $e
    827▕             );
    828▕         }
    829▕     }

  [33m1   [39m[39;1mvendor\laravel\framework\src\Illuminate\Database\Connection.php[39;22m:[39;1m825[39;22m

  [33m2   [39m[39;1mvendor\laravel\framework\src\Illuminate\Database\Connection.php[39;22m:[39;1m571[39;22m
  [90m    NunoMaduro\Collision\Exceptions\TestException::("SQLSTATE[42703]: Undefined column: 7 FEHLER:  Spalte »is_voter« von Relation »users« existiert nicht
LINE 1: ...egion", "organisation_id", "is_committee_member", "is_voter"...
                                                             ^")[39m

  [31m────────────────────────────────────────────────────────────────────────────────────────────────────────────────────[39m  
  [41;1m FAILED [49;22m [1mTests\Feature\VoteSubmissionWorkflowTest[22m [90m>[39m election status validation                      [41;1m QueryException [49;22m  
[39;1m  SQLSTATE[42703]: Undefined column: 7 FEHLER:  Spalte »is_voter« von Relation »users« existiert nicht
LINE 1: ...egion", "organisation_id", "is_committee_member", "is_voter"...
                                                             ^ (Connection: pgsql, SQL: insert into "users" ("name", "email", "email_verified_at", "password", "remember_token", "region", "organisation_id", "is_committee_member", "is_voter", "can_vote", "has_voted", "id", "updated_at", "created_at") values (Sherman Bode IV, claudia69@example.com, 2026-05-31 08:59:28, $2y$10$92IXUNpkjO0rOQ5byMi.Ye4oKoEa3Ro9llC/.og/at2.uheWG/igi, wKxi3rdIP2, Iowa, 2fb5b0dd-4f0b-4c9e-ae2c-a27050ef1560, 0, 1, 1, 0, a1e8edf6-8558-4f08-987c-b27d166d4fe1, 2026-05-31 08:59:28, 2026-05-31 08:59:28))[39;22m

  at [32mvendor\laravel\framework\src\Illuminate\Database\Connection.php[39m:[32m825[39m
    821▕                     $this->getName(), $query, $this->prepareBindings($bindings), $e
    822▕                 );
    823▕             }
    824▕ 
  ➜ 825▕             throw new QueryException(
    826▕                 $this->getName(), $query, $this->prepareBindings($bindings), $e
    827▕             );
    828▕         }
    829▕     }

  [33m1   [39m[39;1mvendor\laravel\framework\src\Illuminate\Database\Connection.php[39;22m:[39;1m825[39;22m

  [33m2   [39m[39;1mvendor\laravel\framework\src\Illuminate\Database\Connection.php[39;22m:[39;1m571[39;22m
  [90m    NunoMaduro\Collision\Exceptions\TestException::("SQLSTATE[42703]: Undefined column: 7 FEHLER:  Spalte »is_voter« von Relation »users« existiert nicht
LINE 1: ...egion", "organisation_id", "is_committee_member", "is_voter"...
                                                             ^")[39m

  [31m────────────────────────────────────────────────────────────────────────────────────────────────────────────────────[39m  
  [41;1m FAILED [49;22m [1mTests\Feature\VoteSubmissionWorkflowTest[22m [90m>[39m voter eligibility verification                  [41;1m QueryException [49;22m  
[39;1m  SQLSTATE[42703]: Undefined column: 7 FEHLER:  Spalte »is_voter« von Relation »users« existiert nicht
LINE 1: ...egion", "organisation_id", "is_committee_member", "is_voter"...
                                                             ^ (Connection: pgsql, SQL: insert into "users" ("name", "email", "email_verified_at", "password", "remember_token", "region", "organisation_id", "is_committee_member", "is_voter", "can_vote", "has_voted", "id", "updated_at", "created_at") values (Mrs. Maurine Senger MD, dejon.dare@example.com, 2026-05-31 08:59:28, $2y$10$92IXUNpkjO0rOQ5byMi.Ye4oKoEa3Ro9llC/.og/at2.uheWG/igi, sYUSe2lDhX, Virginia, 2fb5b0dd-4f0b-4c9e-ae2c-a27050ef1560, 0, 1, 1, 0, a1e8edf6-ee86-4b0a-8785-2b486499eb1a, 2026-05-31 08:59:28, 2026-05-31 08:59:28))[39;22m

  at [32mvendor\laravel\framework\src\Illuminate\Database\Connection.php[39m:[32m825[39m
    821▕                     $this->getName(), $query, $this->prepareBindings($bindings), $e
    822▕                 );
    823▕             }
    824▕ 
  ➜ 825▕             throw new QueryException(
    826▕                 $this->getName(), $query, $this->prepareBindings($bindings), $e
    827▕             );
    828▕         }
    829▕     }

  [33m1   [39m[39;1mvendor\laravel\framework\src\Illuminate\Database\Connection.php[39;22m:[39;1m825[39;22m

  [33m2   [39m[39;1mvendor\laravel\framework\src\Illuminate\Database\Connection.php[39;22m:[39;1m571[39;22m
  [90m    NunoMaduro\Collision\Exceptions\TestException::("SQLSTATE[42703]: Undefined column: 7 FEHLER:  Spalte »is_voter« von Relation »users« existiert nicht
LINE 1: ...egion", "organisation_id", "is_committee_member", "is_voter"...
                                                             ^")[39m

  [31m────────────────────────────────────────────────────────────────────────────────────────────────────────────────────[39m  
  [41;1m FAILED [49;22m [1mTests\Feature\VoteSubmissionWorkflowTest[22m [90m>[39m vote data structure validation                  [41;1m QueryException [49;22m  
[39;1m  SQLSTATE[42703]: Undefined column: 7 FEHLER:  Spalte »is_voter« von Relation »users« existiert nicht
LINE 1: ...egion", "organisation_id", "is_committee_member", "is_voter"...
                                                             ^ (Connection: pgsql, SQL: insert into "users" ("name", "email", "email_verified_at", "password", "remember_token", "region", "organisation_id", "is_committee_member", "is_voter", "can_vote", "has_voted", "id", "updated_at", "created_at") values (Jess Kshlerin, pryan@example.com, 2026-05-31 08:59:28, $2y$10$92IXUNpkjO0rOQ5byMi.Ye4oKoEa3Ro9llC/.og/at2.uheWG/igi, sAaUS9hhGu, Arkansas, 2fb5b0dd-4f0b-4c9e-ae2c-a27050ef1560, 0, 1, 1, 0, a1e8edf7-5232-48dd-9018-be4ea2bfada7, 2026-05-31 08:59:28, 2026-05-31 08:59:28))[39;22m

  at [32mvendor\laravel\framework\src\Illuminate\Database\Connection.php[39m:[32m825[39m
    821▕                     $this->getName(), $query, $this->prepareBindings($bindings), $e
    822▕                 );
    823▕             }
    824▕ 
  ➜ 825▕             throw new QueryException(
    826▕                 $this->getName(), $query, $this->prepareBindings($bindings), $e
    827▕             );
    828▕         }
    829▕     }

  [33m1   [39m[39;1mvendor\laravel\framework\src\Illuminate\Database\Connection.php[39;22m:[39;1m825[39;22m

  [33m2   [39m[39;1mvendor\laravel\framework\src\Illuminate\Database\Connection.php[39;22m:[39;1m571[39;22m
  [90m    NunoMaduro\Collision\Exceptions\TestException::("SQLSTATE[42703]: Undefined column: 7 FEHLER:  Spalte »is_voter« von Relation »users« existiert nicht
LINE 1: ...egion", "organisation_id", "is_committee_member", "is_voter"...
                                                             ^")[39m

  [31m────────────────────────────────────────────────────────────────────────────────────────────────────────────────────[39m  
  [41;1m FAILED [49;22m [1mTests\Feature\VoteSubmissionWorkflowTest[22m [90m>[39m user can access vote create page after code1    [41;1m QueryException [49;22m  
[39;1m  SQLSTATE[42703]: Undefined column: 7 FEHLER:  Spalte »is_voter« von Relation »users« existiert nicht
LINE 1: ...egion", "organisation_id", "is_committee_member", "is_voter"...
                                                             ^ (Connection: pgsql, SQL: insert into "users" ("name", "email", "email_verified_at", "password", "remember_token", "region", "organisation_id", "is_committee_member", "is_voter", "can_vote", "has_voted", "id", "updated_at", "created_at") values (Miss Jannie Homenick IV, godfrey.langworth@example.com, 2026-05-31 08:59:29, $2y$10$92IXUNpkjO0rOQ5byMi.Ye4oKoEa3Ro9llC/.og/at2.uheWG/igi, TYcFn2rjgd, Ohio, 2fb5b0dd-4f0b-4c9e-ae2c-a27050ef1560, 0, 1, 1, 0, a1e8edf7-edcb-41b0-9fff-18b4dc247c4f, 2026-05-31 08:59:29, 2026-05-31 08:59:29))[39;22m

  at [32mvendor\laravel\framework\src\Illuminate\Database\Connection.php[39m:[32m825[39m
    821▕                     $this->getName(), $query, $this->prepareBindings($bindings), $e
    822▕                 );
    823▕             }
    824▕ 
  ➜ 825▕             throw new QueryException(
    826▕                 $this->getName(), $query, $this->prepareBindings($bindings), $e
    827▕             );
    828▕         }
    829▕     }

  [33m1   [39m[39;1mvendor\laravel\framework\src\Illuminate\Database\Connection.php[39;22m:[39;1m825[39;22m

  [33m2   [39m[39;1mvendor\laravel\framework\src\Illuminate\Database\Connection.php[39;22m:[39;1m571[39;22m
  [90m    NunoMaduro\Collision\Exceptions\TestException::("SQLSTATE[42703]: Undefined column: 7 FEHLER:  Spalte »is_voter« von Relation »users« existiert nicht
LINE 1: ...egion", "organisation_id", "is_committee_member", "is_voter"...
                                                             ^")[39m

  [31m────────────────────────────────────────────────────────────────────────────────────────────────────────────────────[39m  
  [41;1m FAILED [49;22m [1mTests\Feature\VoteSubmissionWorkflowTest[22m [90m>[39m user cannot access vote create without code1    [41;1m QueryException [49;22m  
[39;1m  SQLSTATE[42703]: Undefined column: 7 FEHLER:  Spalte »is_voter« von Relation »users« existiert nicht
LINE 1: ...egion", "organisation_id", "is_committee_member", "is_voter"...
                                                             ^ (Connection: pgsql, SQL: insert into "users" ("name", "email", "email_verified_at", "password", "remember_token", "region", "organisation_id", "is_committee_member", "is_voter", "can_vote", "has_voted", "id", "updated_at", "created_at") values (Trever Ziemann, loren.gusikowski@example.net, 2026-05-31 08:59:29, $2y$10$92IXUNpkjO0rOQ5byMi.Ye4oKoEa3Ro9llC/.og/at2.uheWG/igi, fWLhJPOlRf, Hawaii, 2fb5b0dd-4f0b-4c9e-ae2c-a27050ef1560, 0, 1, 1, 0, a1e8edf8-638c-4173-912f-01e1a92f5034, 2026-05-31 08:59:29, 2026-05-31 08:59:29))[39;22m

  at [32mvendor\laravel\framework\src\Illuminate\Database\Connection.php[39m:[32m825[39m
    821▕                     $this->getName(), $query, $this->prepareBindings($bindings), $e
    822▕                 );
    823▕             }
    824▕ 
  ➜ 825▕             throw new QueryException(
    826▕                 $this->getName(), $query, $this->prepareBindings($bindings), $e
    827▕             );
    828▕         }
    829▕     }

  [33m1   [39m[39;1mvendor\laravel\framework\src\Illuminate\Database\Connection.php[39;22m:[39;1m825[39;22m

  [33m2   [39m[39;1mvendor\laravel\framework\src\Illuminate\Database\Connection.php[39;22m:[39;1m571[39;22m
  [90m    NunoMaduro\Collision\Exceptions\TestException::("SQLSTATE[42703]: Undefined column: 7 FEHLER:  Spalte »is_voter« von Relation »users« existiert nicht
LINE 1: ...egion", "organisation_id", "is_committee_member", "is_voter"...
                                                             ^")[39m

  [31m────────────────────────────────────────────────────────────────────────────────────────────────────────────────────[39m  
  [41;1m FAILED [49;22m [1mTests\Feature\VoteSubmissionWorkflowTest[22m [90m>[39m vote create page displays all posts and candid… [41;1m QueryException [49;22m  
[39;1m  SQLSTATE[42703]: Undefined column: 7 FEHLER:  Spalte »is_voter« von Relation »users« existiert nicht
LINE 1: ...egion", "organisation_id", "is_committee_member", "is_voter"...
                                                             ^ (Connection: pgsql, SQL: insert into "users" ("name", "email", "email_verified_at", "password", "remember_token", "region", "organisation_id", "is_committee_member", "is_voter", "can_vote", "has_voted", "id", "updated_at", "created_at") values (Otha Shanahan, dexter84@example.org, 2026-05-31 08:59:29, $2y$10$92IXUNpkjO0rOQ5byMi.Ye4oKoEa3Ro9llC/.og/at2.uheWG/igi, pPTPdHfNcm, Alabama, 2fb5b0dd-4f0b-4c9e-ae2c-a27050ef1560, 0, 1, 1, 0, a1e8edf8-fb94-4a5b-8b4e-83e0ab623748, 2026-05-31 08:59:30, 2026-05-31 08:59:30))[39;22m

  at [32mvendor\laravel\framework\src\Illuminate\Database\Connection.php[39m:[32m825[39m
    821▕                     $this->getName(), $query, $this->prepareBindings($bindings), $e
    822▕                 );
    823▕             }
    824▕ 
  ➜ 825▕             throw new QueryException(
    826▕                 $this->getName(), $query, $this->prepareBindings($bindings), $e
    827▕             );
    828▕         }
    829▕     }

  [33m1   [39m[39;1mvendor\laravel\framework\src\Illuminate\Database\Connection.php[39;22m:[39;1m825[39;22m

  [33m2   [39m[39;1mvendor\laravel\framework\src\Illuminate\Database\Connection.php[39;22m:[39;1m571[39;22m
  [90m    NunoMaduro\Collision\Exceptions\TestException::("SQLSTATE[42703]: Undefined column: 7 FEHLER:  Spalte »is_voter« von Relation »users« existiert nicht
LINE 1: ...egion", "organisation_id", "is_committee_member", "is_voter"...
                                                             ^")[39m

  [31m────────────────────────────────────────────────────────────────────────────────────────────────────────────────────[39m  
  [41;1m FAILED [49;22m [1mTests\Feature\VoteSubmissionWorkflowTest[22m [90m>[39m candidates displayed in position order          [41;1m QueryException [49;22m  
[39;1m  SQLSTATE[42703]: Undefined column: 7 FEHLER:  Spalte »is_voter« von Relation »users« existiert nicht
LINE 1: ...egion", "organisation_id", "is_committee_member", "is_voter"...
                                                             ^ (Connection: pgsql, SQL: insert into "users" ("name", "email", "email_verified_at", "password", "remember_token", "region", "organisation_id", "is_committee_member", "is_voter", "can_vote", "has_voted", "id", "updated_at", "created_at") values (Dr. Alfonzo Okuneva, hudson.raphael@example.net, 2026-05-31 08:59:30, $2y$10$92IXUNpkjO0rOQ5byMi.Ye4oKoEa3Ro9llC/.og/at2.uheWG/igi, IwbuEq2hSo, Utah, 2fb5b0dd-4f0b-4c9e-ae2c-a27050ef1560, 0, 1, 1, 0, a1e8edf9-6605-418e-a0b5-e129808775ec, 2026-05-31 08:59:30, 2026-05-31 08:59:30))[39;22m

  at [32mvendor\laravel\framework\src\Illuminate\Database\Connection.php[39m:[32m825[39m
    821▕                     $this->getName(), $query, $this->prepareBindings($bindings), $e
    822▕                 );
    823▕             }
    824▕ 
  ➜ 825▕             throw new QueryException(
    826▕                 $this->getName(), $query, $this->prepareBindings($bindings), $e
    827▕             );
    828▕         }
    829▕     }

  [33m1   [39m[39;1mvendor\laravel\framework\src\Illuminate\Database\Connection.php[39;22m:[39;1m825[39;22m

  [33m2   [39m[39;1mvendor\laravel\framework\src\Illuminate\Database\Connection.php[39;22m:[39;1m571[39;22m
  [90m    NunoMaduro\Collision\Exceptions\TestException::("SQLSTATE[42703]: Undefined column: 7 FEHLER:  Spalte »is_voter« von Relation »users« existiert nicht
LINE 1: ...egion", "organisation_id", "is_committee_member", "is_voter"...
                                                             ^")[39m

  [31m────────────────────────────────────────────────────────────────────────────────────────────────────────────────────[39m  
  [41;1m FAILED [49;22m [1mTests\Feature\VoteSubmissionWorkflowTest[22m [90m>[39m user can select candidate for each post         [41;1m QueryException [49;22m  
[39;1m  SQLSTATE[42703]: Undefined column: 7 FEHLER:  Spalte »is_voter« von Relation »users« existiert nicht
LINE 1: ...egion", "organisation_id", "is_committee_member", "is_voter"...
                                                             ^ (Connection: pgsql, SQL: insert into "users" ("name", "email", "email_verified_at", "password", "remember_token", "region", "organisation_id", "is_committee_member", "is_voter", "can_vote", "has_voted", "id", "updated_at", "created_at") values (Alfreda Kris, alexane.streich@example.org, 2026-05-31 08:59:30, $2y$10$92IXUNpkjO0rOQ5byMi.Ye4oKoEa3Ro9llC/.og/at2.uheWG/igi, JYGvt3oX3P, Georgia, 2fb5b0dd-4f0b-4c9e-ae2c-a27050ef1560, 0, 1, 1, 0, a1e8edf9-d27c-4de3-83d4-dc9f708d6f9b, 2026-05-31 08:59:30, 2026-05-31 08:59:30))[39;22m

  at [32mvendor\laravel\framework\src\Illuminate\Database\Connection.php[39m:[32m825[39m
    821▕                     $this->getName(), $query, $this->prepareBindings($bindings), $e
    822▕                 );
    823▕             }
    824▕ 
  ➜ 825▕             throw new QueryException(
    826▕                 $this->getName(), $query, $this->prepareBindings($bindings), $e
    827▕             );
    828▕         }
    829▕     }

  [33m1   [39m[39;1mvendor\laravel\framework\src\Illuminate\Database\Connection.php[39;22m:[39;1m825[39;22m

  [33m2   [39m[39;1mvendor\laravel\framework\src\Illuminate\Database\Connection.php[39;22m:[39;1m571[39;22m
  [90m    NunoMaduro\Collision\Exceptions\TestException::("SQLSTATE[42703]: Undefined column: 7 FEHLER:  Spalte »is_voter« von Relation »users« existiert nicht
LINE 1: ...egion", "organisation_id", "is_committee_member", "is_voter"...
                                                             ^")[39m

  [31m────────────────────────────────────────────────────────────────────────────────────────────────────────────────────[39m  
  [41;1m FAILED [49;22m [1mTests\Feature\VoteSubmissionWorkflowTest[22m [90m>[39m user cannot skip required post                  [41;1m QueryException [49;22m  
[39;1m  SQLSTATE[42703]: Undefined column: 7 FEHLER:  Spalte »is_voter« von Relation »users« existiert nicht
LINE 1: ...egion", "organisation_id", "is_committee_member", "is_voter"...
                                                             ^ (Connection: pgsql, SQL: insert into "users" ("name", "email", "email_verified_at", "password", "remember_token", "region", "organisation_id", "is_committee_member", "is_voter", "can_vote", "has_voted", "id", "updated_at", "created_at") values (Devon Mills, tre.rice@example.org, 2026-05-31 08:59:30, $2y$10$92IXUNpkjO0rOQ5byMi.Ye4oKoEa3Ro9llC/.og/at2.uheWG/igi, IxcxwDrTkK, District of Columbia, 2fb5b0dd-4f0b-4c9e-ae2c-a27050ef1560, 0, 1, 1, 0, a1e8edfa-457b-4a37-b4db-172f73e7ab6b, 2026-05-31 08:59:30, 2026-05-31 08:59:30))[39;22m

  at [32mvendor\laravel\framework\src\Illuminate\Database\Connection.php[39m:[32m825[39m
    821▕                     $this->getName(), $query, $this->prepareBindings($bindings), $e
    822▕                 );
    823▕             }
    824▕ 
  ➜ 825▕             throw new QueryException(
    826▕                 $this->getName(), $query, $this->prepareBindings($bindings), $e
    827▕             );
    828▕         }
    829▕     }

  [33m1   [39m[39;1mvendor\laravel\framework\src\Illuminate\Database\Connection.php[39;22m:[39;1m825[39;22m

  [33m2   [39m[39;1mvendor\laravel\framework\src\Illuminate\Database\Connection.php[39;22m:[39;1m571[39;22m
  [90m    NunoMaduro\Collision\Exceptions\TestException::("SQLSTATE[42703]: Undefined column: 7 FEHLER:  Spalte »is_voter« von Relation »users« existiert nicht
LINE 1: ...egion", "organisation_id", "is_committee_member", "is_voter"...
                                                             ^")[39m

  [31m────────────────────────────────────────────────────────────────────────────────────────────────────────────────────[39m  
  [41;1m FAILED [49;22m [1mTests\Feature\VoteSubmissionWorkflowTest[22m [90m>[39m user can change candidate selection             [41;1m QueryException [49;22m  
[39;1m  SQLSTATE[42703]: Undefined column: 7 FEHLER:  Spalte »is_voter« von Relation »users« existiert nicht
LINE 1: ...egion", "organisation_id", "is_committee_member", "is_voter"...
                                                             ^ (Connection: pgsql, SQL: insert into "users" ("name", "email", "email_verified_at", "password", "remember_token", "region", "organisation_id", "is_committee_member", "is_voter", "can_vote", "has_voted", "id", "updated_at", "created_at") values (Madeline Brown, batz.skyla@example.org, 2026-05-31 08:59:31, $2y$10$92IXUNpkjO0rOQ5byMi.Ye4oKoEa3Ro9llC/.og/at2.uheWG/igi, 3WDEK5P5gM, Oregon, 2fb5b0dd-4f0b-4c9e-ae2c-a27050ef1560, 0, 1, 1, 0, a1e8edfa-aa12-48cb-82f1-386c36e0f43a, 2026-05-31 08:59:31, 2026-05-31 08:59:31))[39;22m

  at [32mvendor\laravel\framework\src\Illuminate\Database\Connection.php[39m:[32m825[39m
    821▕                     $this->getName(), $query, $this->prepareBindings($bindings), $e
    822▕                 );
    823▕             }
    824▕ 
  ➜ 825▕             throw new QueryException(
    826▕                 $this->getName(), $query, $this->prepareBindings($bindings), $e
    827▕             );
    828▕         }
    829▕     }

  [33m1   [39m[39;1mvendor\laravel\framework\src\Illuminate\Database\Connection.php[39;22m:[39;1m825[39;22m

  [33m2   [39m[39;1mvendor\laravel\framework\src\Illuminate\Database\Connection.php[39;22m:[39;1m571[39;22m
  [90m    NunoMaduro\Collision\Exceptions\TestException::("SQLSTATE[42703]: Undefined column: 7 FEHLER:  Spalte »is_voter« von Relation »users« existiert nicht
LINE 1: ...egion", "organisation_id", "is_committee_member", "is_voter"...
                                                             ^")[39m

  [31m────────────────────────────────────────────────────────────────────────────────────────────────────────────────────[39m  
  [41;1m FAILED [49;22m [1mTests\Feature\VoteSubmissionWorkflowTest[22m [90m>[39m user can review selections before submission    [41;1m QueryException [49;22m  
[39;1m  SQLSTATE[42703]: Undefined column: 7 FEHLER:  Spalte »is_voter« von Relation »users« existiert nicht
LINE 1: ...egion", "organisation_id", "is_committee_member", "is_voter"...
                                                             ^ (Connection: pgsql, SQL: insert into "users" ("name", "email", "email_verified_at", "password", "remember_token", "region", "organisation_id", "is_committee_member", "is_voter", "can_vote", "has_voted", "id", "updated_at", "created_at") values (Americo Bins, zbarrows@example.com, 2026-05-31 08:59:31, $2y$10$92IXUNpkjO0rOQ5byMi.Ye4oKoEa3Ro9llC/.og/at2.uheWG/igi, 3TK5Vjy4gk, South Dakota, 2fb5b0dd-4f0b-4c9e-ae2c-a27050ef1560, 0, 1, 1, 0, a1e8edfb-0ebd-4ac2-885c-e5391a8b22fc, 2026-05-31 08:59:31, 2026-05-31 08:59:31))[39;22m

  at [32mvendor\laravel\framework\src\Illuminate\Database\Connection.php[39m:[32m825[39m
    821▕                     $this->getName(), $query, $this->prepareBindings($bindings), $e
    822▕                 );
    823▕             }
    824▕ 
  ➜ 825▕             throw new QueryException(
    826▕                 $this->getName(), $query, $this->prepareBindings($bindings), $e
    827▕             );
    828▕         }
    829▕     }

  [33m1   [39m[39;1mvendor\laravel\framework\src\Illuminate\Database\Connection.php[39;22m:[39;1m825[39;22m

  [33m2   [39m[39;1mvendor\laravel\framework\src\Illuminate\Database\Connection.php[39;22m:[39;1m571[39;22m
  [90m    NunoMaduro\Collision\Exceptions\TestException::("SQLSTATE[42703]: Undefined column: 7 FEHLER:  Spalte »is_voter« von Relation »users« existiert nicht
LINE 1: ...egion", "organisation_id", "is_committee_member", "is_voter"...
                                                             ^")[39m

  [31m────────────────────────────────────────────────────────────────────────────────────────────────────────────────────[39m  
  [41;1m FAILED [49;22m [1mTests\Feature\VoteSubmissionWorkflowTest[22m [90m>[39m review page displays candidate details          [41;1m QueryException [49;22m  
[39;1m  SQLSTATE[42703]: Undefined column: 7 FEHLER:  Spalte »is_voter« von Relation »users« existiert nicht
LINE 1: ...egion", "organisation_id", "is_committee_member", "is_voter"...
                                                             ^ (Connection: pgsql, SQL: insert into "users" ("name", "email", "email_verified_at", "password", "remember_token", "region", "organisation_id", "is_committee_member", "is_voter", "can_vote", "has_voted", "id", "updated_at", "created_at") values (Theodora Walsh IV, maximus.welch@example.com, 2026-05-31 08:59:31, $2y$10$92IXUNpkjO0rOQ5byMi.Ye4oKoEa3Ro9llC/.og/at2.uheWG/igi, WqLQcJEDxN, Minnesota, 2fb5b0dd-4f0b-4c9e-ae2c-a27050ef1560, 0, 1, 1, 0, a1e8edfb-6fd3-4a45-88b6-71d1aff55ff6, 2026-05-31 08:59:31, 2026-05-31 08:59:31))[39;22m

  at [32mvendor\laravel\framework\src\Illuminate\Database\Connection.php[39m:[32m825[39m
    821▕                     $this->getName(), $query, $this->prepareBindings($bindings), $e
    822▕                 );
    823▕             }
    824▕ 
  ➜ 825▕             throw new QueryException(
    826▕                 $this->getName(), $query, $this->prepareBindings($bindings), $e
    827▕             );
    828▕         }
    829▕     }

  [33m1   [39m[39;1mvendor\laravel\framework\src\Illuminate\Database\Connection.php[39;22m:[39;1m825[39;22m

  [33m2   [39m[39;1mvendor\laravel\framework\src\Illuminate\Database\Connection.php[39;22m:[39;1m571[39;22m
  [90m    NunoMaduro\Collision\Exceptions\TestException::("SQLSTATE[42703]: Undefined column: 7 FEHLER:  Spalte »is_voter« von Relation »users« existiert nicht
LINE 1: ...egion", "organisation_id", "is_committee_member", "is_voter"...
                                                             ^")[39m

  [31m────────────────────────────────────────────────────────────────────────────────────────────────────────────────────[39m  
  [41;1m FAILED [49;22m [1mTests\Feature\VoteSubmissionWorkflowTest[22m [90m>[39m user can submit complete vote                   [41;1m QueryException [49;22m  
[39;1m  SQLSTATE[42703]: Undefined column: 7 FEHLER:  Spalte »is_voter« von Relation »users« existiert nicht
LINE 1: ...egion", "organisation_id", "is_committee_member", "is_voter"...
                                                             ^ (Connection: pgsql, SQL: insert into "users" ("name", "email", "email_verified_at", "password", "remember_token", "region", "organisation_id", "is_committee_member", "is_voter", "can_vote", "has_voted", "id", "updated_at", "created_at") values (Jamal Ortiz, johns.graham@example.com, 2026-05-31 08:59:31, $2y$10$92IXUNpkjO0rOQ5byMi.Ye4oKoEa3Ro9llC/.og/at2.uheWG/igi, BLnRo0GcyN, Arizona, 2fb5b0dd-4f0b-4c9e-ae2c-a27050ef1560, 0, 1, 1, 0, a1e8edfb-cca9-466d-809a-f0d29f8cda83, 2026-05-31 08:59:31, 2026-05-31 08:59:31))[39;22m

  at [32mvendor\laravel\framework\src\Illuminate\Database\Connection.php[39m:[32m825[39m
    821▕                     $this->getName(), $query, $this->prepareBindings($bindings), $e
    822▕                 );
    823▕             }
    824▕ 
  ➜ 825▕             throw new QueryException(
    826▕                 $this->getName(), $query, $this->prepareBindings($bindings), $e
    827▕             );
    828▕         }
    829▕     }

  [33m1   [39m[39;1mvendor\laravel\framework\src\Illuminate\Database\Connection.php[39;22m:[39;1m825[39;22m

  [33m2   [39m[39;1mvendor\laravel\framework\src\Illuminate\Database\Connection.php[39;22m:[39;1m571[39;22m
  [90m    NunoMaduro\Collision\Exceptions\TestException::("SQLSTATE[42703]: Undefined column: 7 FEHLER:  Spalte »is_voter« von Relation »users« existiert nicht
LINE 1: ...egion", "organisation_id", "is_committee_member", "is_voter"...
                                                             ^")[39m

  [31m────────────────────────────────────────────────────────────────────────────────────────────────────────────────────[39m  
  [41;1m FAILED [49;22m [1mTests\Feature\VoteSubmissionWorkflowTest[22m [90m>[39m vote submission fails with incomplete selectio… [41;1m QueryException [49;22m  
[39;1m  SQLSTATE[42703]: Undefined column: 7 FEHLER:  Spalte »is_voter« von Relation »users« existiert nicht
LINE 1: ...egion", "organisation_id", "is_committee_member", "is_voter"...
                                                             ^ (Connection: pgsql, SQL: insert into "users" ("name", "email", "email_verified_at", "password", "remember_token", "region", "organisation_id", "is_committee_member", "is_voter", "can_vote", "has_voted", "id", "updated_at", "created_at") values (Lupe Abshire, farrell.george@example.org, 2026-05-31 08:59:32, $2y$10$92IXUNpkjO0rOQ5byMi.Ye4oKoEa3Ro9llC/.og/at2.uheWG/igi, j9VZnQcYYP, New Jersey, 2fb5b0dd-4f0b-4c9e-ae2c-a27050ef1560, 0, 1, 1, 0, a1e8edfc-30a9-4cfd-b74a-e67d5fb38817, 2026-05-31 08:59:32, 2026-05-31 08:59:32))[39;22m

  at [32mvendor\laravel\framework\src\Illuminate\Database\Connection.php[39m:[32m825[39m
    821▕                     $this->getName(), $query, $this->prepareBindings($bindings), $e
    822▕                 );
    823▕             }
    824▕ 
  ➜ 825▕             throw new QueryException(
    826▕                 $this->getName(), $query, $this->prepareBindings($bindings), $e
    827▕             );
    828▕         }
    829▕     }

  [33m1   [39m[39;1mvendor\laravel\framework\src\Illuminate\Database\Connection.php[39;22m:[39;1m825[39;22m

  [33m2   [39m[39;1mvendor\laravel\framework\src\Illuminate\Database\Connection.php[39;22m:[39;1m571[39;22m
  [90m    NunoMaduro\Collision\Exceptions\TestException::("SQLSTATE[42703]: Undefined column: 7 FEHLER:  Spalte »is_voter« von Relation »users« existiert nicht
LINE 1: ...egion", "organisation_id", "is_committee_member", "is_voter"...
                                                             ^")[39m

  [31m────────────────────────────────────────────────────────────────────────────────────────────────────────────────────[39m  
  [41;1m FAILED [49;22m [1mTests\Feature\VoteSubmissionWorkflowTest[22m [90m>[39m vote submission fails if session expired        [41;1m QueryException [49;22m  
[39;1m  SQLSTATE[42703]: Undefined column: 7 FEHLER:  Spalte »is_voter« von Relation »users« existiert nicht
LINE 1: ...egion", "organisation_id", "is_committee_member", "is_voter"...
                                                             ^ (Connection: pgsql, SQL: insert into "users" ("name", "email", "email_verified_at", "password", "remember_token", "region", "organisation_id", "is_committee_member", "is_voter", "can_vote", "has_voted", "id", "updated_at", "created_at") values (Jammie Bode, cartwright.lora@example.org, 2026-05-31 08:59:32, $2y$10$92IXUNpkjO0rOQ5byMi.Ye4oKoEa3Ro9llC/.og/at2.uheWG/igi, W1tfZuQQW3, Michigan, 2fb5b0dd-4f0b-4c9e-ae2c-a27050ef1560, 0, 1, 1, 0, a1e8edfc-b494-47bc-804d-db82ba2b300a, 2026-05-31 08:59:32, 2026-05-31 08:59:32))[39;22m

  at [32mvendor\laravel\framework\src\Illuminate\Database\Connection.php[39m:[32m825[39m
    821▕                     $this->getName(), $query, $this->prepareBindings($bindings), $e
    822▕                 );
    823▕             }
    824▕ 
  ➜ 825▕             throw new QueryException(
    826▕                 $this->getName(), $query, $this->prepareBindings($bindings), $e
    827▕             );
    828▕         }
    829▕     }

  [33m1   [39m[39;1mvendor\laravel\framework\src\Illuminate\Database\Connection.php[39;22m:[39;1m825[39;22m

  [33m2   [39m[39;1mvendor\laravel\framework\src\Illuminate\Database\Connection.php[39;22m:[39;1m571[39;22m
  [90m    NunoMaduro\Collision\Exceptions\TestException::("SQLSTATE[42703]: Undefined column: 7 FEHLER:  Spalte »is_voter« von Relation »users« existiert nicht
LINE 1: ...egion", "organisation_id", "is_committee_member", "is_voter"...
                                                             ^")[39m

  [31m────────────────────────────────────────────────────────────────────────────────────────────────────────────────────[39m  
  [41;1m FAILED [49;22m [1mTests\Feature\VoteSubmissionWorkflowTest[22m [90m>[39m user receives verification code after submissi… [41;1m QueryException [49;22m  
[39;1m  SQLSTATE[42703]: Undefined column: 7 FEHLER:  Spalte »is_voter« von Relation »users« existiert nicht
LINE 1: ...egion", "organisation_id", "is_committee_member", "is_voter"...
                                                             ^ (Connection: pgsql, SQL: insert into "users" ("name", "email", "email_verified_at", "password", "remember_token", "region", "organisation_id", "is_committee_member", "is_voter", "can_vote", "has_voted", "id", "updated_at", "created_at") values (Buford Frami, hertha.macejkovic@example.com, 2026-05-31 08:59:32, $2y$10$92IXUNpkjO0rOQ5byMi.Ye4oKoEa3Ro9llC/.og/at2.uheWG/igi, mh3EVngRTK, Arizona, 2fb5b0dd-4f0b-4c9e-ae2c-a27050ef1560, 0, 1, 1, 0, a1e8edfd-0fab-4a72-933a-9649e2d50f66, 2026-05-31 08:59:32, 2026-05-31 08:59:32))[39;22m

  at [32mvendor\laravel\framework\src\Illuminate\Database\Connection.php[39m:[32m825[39m
    821▕                     $this->getName(), $query, $this->prepareBindings($bindings), $e
    822▕                 );
    823▕             }
    824▕ 
  ➜ 825▕             throw new QueryException(
    826▕                 $this->getName(), $query, $this->prepareBindings($bindings), $e
    827▕             );
    828▕         }
    829▕     }

  [33m1   [39m[39;1mvendor\laravel\framework\src\Illuminate\Database\Connection.php[39;22m:[39;1m825[39;22m

  [33m2   [39m[39;1mvendor\laravel\framework\src\Illuminate\Database\Connection.php[39;22m:[39;1m571[39;22m
  [90m    NunoMaduro\Collision\Exceptions\TestException::("SQLSTATE[42703]: Undefined column: 7 FEHLER:  Spalte »is_voter« von Relation »users« existiert nicht
LINE 1: ...egion", "organisation_id", "is_committee_member", "is_voter"...
                                                             ^")[39m

  [31m────────────────────────────────────────────────────────────────────────────────────────────────────────────────────[39m  
  [41;1m FAILED [49;22m [1mTests\Feature\VoteSubmissionWorkflowTest[22m [90m>[39m verification code is unique per user            [41;1m QueryException [49;22m  
[39;1m  SQLSTATE[42703]: Undefined column: 7 FEHLER:  Spalte »is_voter« von Relation »users« existiert nicht
LINE 1: ...egion", "organisation_id", "is_committee_member", "is_voter"...
                                                             ^ (Connection: pgsql, SQL: insert into "users" ("name", "email", "email_verified_at", "password", "remember_token", "region", "organisation_id", "is_committee_member", "is_voter", "can_vote", "has_voted", "id", "updated_at", "created_at") values (Andrew Torp, brown.kirk@example.org, 2026-05-31 08:59:32, $2y$10$92IXUNpkjO0rOQ5byMi.Ye4oKoEa3Ro9llC/.og/at2.uheWG/igi, ghiDWegeyq, Utah, 2fb5b0dd-4f0b-4c9e-ae2c-a27050ef1560, 0, 1, 1, 0, a1e8edfd-64ab-41d5-96a8-5c86535169eb, 2026-05-31 08:59:32, 2026-05-31 08:59:32))[39;22m

  at [32mvendor\laravel\framework\src\Illuminate\Database\Connection.php[39m:[32m825[39m
    821▕                     $this->getName(), $query, $this->prepareBindings($bindings), $e
    822▕                 );
    823▕             }
    824▕ 
  ➜ 825▕             throw new QueryException(
    826▕                 $this->getName(), $query, $this->prepareBindings($bindings), $e
    827▕             );
    828▕         }
    829▕     }

  [33m1   [39m[39;1mvendor\laravel\framework\src\Illuminate\Database\Connection.php[39;22m:[39;1m825[39;22m

  [33m2   [39m[39;1mvendor\laravel\framework\src\Illuminate\Database\Connection.php[39;22m:[39;1m571[39;22m
  [90m    NunoMaduro\Collision\Exceptions\TestException::("SQLSTATE[42703]: Undefined column: 7 FEHLER:  Spalte »is_voter« von Relation »users« existiert nicht
LINE 1: ...egion", "organisation_id", "is_committee_member", "is_voter"...
                                                             ^")[39m

  [31m────────────────────────────────────────────────────────────────────────────────────────────────────────────────────[39m  
  [41;1m FAILED [49;22m [1mTests\Feature\VoteSubmissionWorkflowTest[22m [90m>[39m user can enter correct verification code        [41;1m QueryException [49;22m  
[39;1m  SQLSTATE[42703]: Undefined column: 7 FEHLER:  Spalte »is_voter« von Relation »users« existiert nicht
LINE 1: ...egion", "organisation_id", "is_committee_member", "is_voter"...
                                                             ^ (Connection: pgsql, SQL: insert into "users" ("name", "email", "email_verified_at", "password", "remember_token", "region", "organisation_id", "is_committee_member", "is_voter", "can_vote", "has_voted", "id", "updated_at", "created_at") values (Trystan Sauer I, uhermiston@example.com, 2026-05-31 08:59:33, $2y$10$92IXUNpkjO0rOQ5byMi.Ye4oKoEa3Ro9llC/.og/at2.uheWG/igi, 2Kftato9ZY, Arizona, 2fb5b0dd-4f0b-4c9e-ae2c-a27050ef1560, 0, 1, 1, 0, a1e8edfd-bfed-4375-b2ef-f947f2d797b6, 2026-05-31 08:59:33, 2026-05-31 08:59:33))[39;22m

  at [32mvendor\laravel\framework\src\Illuminate\Database\Connection.php[39m:[32m825[39m
    821▕                     $this->getName(), $query, $this->prepareBindings($bindings), $e
    822▕                 );
    823▕             }
    824▕ 
  ➜ 825▕             throw new QueryException(
    826▕                 $this->getName(), $query, $this->prepareBindings($bindings), $e
    827▕             );
    828▕         }
    829▕     }

  [33m1   [39m[39;1mvendor\laravel\framework\src\Illuminate\Database\Connection.php[39;22m:[39;1m825[39;22m

  [33m2   [39m[39;1mvendor\laravel\framework\src\Illuminate\Database\Connection.php[39;22m:[39;1m571[39;22m
  [90m    NunoMaduro\Collision\Exceptions\TestException::("SQLSTATE[42703]: Undefined column: 7 FEHLER:  Spalte »is_voter« von Relation »users« existiert nicht
LINE 1: ...egion", "organisation_id", "is_committee_member", "is_voter"...
                                                             ^")[39m

  [31m────────────────────────────────────────────────────────────────────────────────────────────────────────────────────[39m  
  [41;1m FAILED [49;22m [1mTests\Feature\VoteSubmissionWorkflowTest[22m [90m>[39m verification fails with incorrect code          [41;1m QueryException [49;22m  
[39;1m  SQLSTATE[42703]: Undefined column: 7 FEHLER:  Spalte »is_voter« von Relation »users« existiert nicht
LINE 1: ...egion", "organisation_id", "is_committee_member", "is_voter"...
                                                             ^ (Connection: pgsql, SQL: insert into "users" ("name", "email", "email_verified_at", "password", "remember_token", "region", "organisation_id", "is_committee_member", "is_voter", "can_vote", "has_voted", "id", "updated_at", "created_at") values (Miss River Conroy IV, hector.gibson@example.com, 2026-05-31 08:59:33, $2y$10$92IXUNpkjO0rOQ5byMi.Ye4oKoEa3Ro9llC/.og/at2.uheWG/igi, Kn04m9dlRF, New York, 2fb5b0dd-4f0b-4c9e-ae2c-a27050ef1560, 0, 1, 1, 0, a1e8edfe-418e-4a6a-91b1-c4b0e2eedb56, 2026-05-31 08:59:33, 2026-05-31 08:59:33))[39;22m

  at [32mvendor\laravel\framework\src\Illuminate\Database\Connection.php[39m:[32m825[39m
    821▕                     $this->getName(), $query, $this->prepareBindings($bindings), $e
    822▕                 );
    823▕             }
    824▕ 
  ➜ 825▕             throw new QueryException(
    826▕                 $this->getName(), $query, $this->prepareBindings($bindings), $e
    827▕             );
    828▕         }
    829▕     }

  [33m1   [39m[39;1mvendor\laravel\framework\src\Illuminate\Database\Connection.php[39;22m:[39;1m825[39;22m

  [33m2   [39m[39;1mvendor\laravel\framework\src\Illuminate\Database\Connection.php[39;22m:[39;1m571[39;22m
  [90m    NunoMaduro\Collision\Exceptions\TestException::("SQLSTATE[42703]: Undefined column: 7 FEHLER:  Spalte »is_voter« von Relation »users« existiert nicht
LINE 1: ...egion", "organisation_id", "is_committee_member", "is_voter"...
                                                             ^")[39m

  [31m────────────────────────────────────────────────────────────────────────────────────────────────────────────────────[39m  
  [41;1m FAILED [49;22m [1mTests\Feature\VoteSubmissionWorkflowTest[22m [90m>[39m code2 validation is strict                      [41;1m QueryException [49;22m  
[39;1m  SQLSTATE[42703]: Undefined column: 7 FEHLER:  Spalte »is_voter« von Relation »users« existiert nicht
LINE 1: ...egion", "organisation_id", "is_committee_member", "is_voter"...
                                                             ^ (Connection: pgsql, SQL: insert into "users" ("name", "email", "email_verified_at", "password", "remember_token", "region", "organisation_id", "is_committee_member", "is_voter", "can_vote", "has_voted", "id", "updated_at", "created_at") values (Kathlyn Von, richie62@example.org, 2026-05-31 08:59:33, $2y$10$92IXUNpkjO0rOQ5byMi.Ye4oKoEa3Ro9llC/.og/at2.uheWG/igi, Vw1ixGvPqz, Oklahoma, 2fb5b0dd-4f0b-4c9e-ae2c-a27050ef1560, 0, 1, 1, 0, a1e8edfe-b5c7-46e4-8788-c9e8d781c118, 2026-05-31 08:59:33, 2026-05-31 08:59:33))[39;22m

  at [32mvendor\laravel\framework\src\Illuminate\Database\Connection.php[39m:[32m825[39m
    821▕                     $this->getName(), $query, $this->prepareBindings($bindings), $e
    822▕                 );
    823▕             }
    824▕ 
  ➜ 825▕             throw new QueryException(
    826▕                 $this->getName(), $query, $this->prepareBindings($bindings), $e
    827▕             );
    828▕         }
    829▕     }

  [33m1   [39m[39;1mvendor\laravel\framework\src\Illuminate\Database\Connection.php[39;22m:[39;1m825[39;22m

  [33m2   [39m[39;1mvendor\laravel\framework\src\Illuminate\Database\Connection.php[39;22m:[39;1m571[39;22m
  [90m    NunoMaduro\Collision\Exceptions\TestException::("SQLSTATE[42703]: Undefined column: 7 FEHLER:  Spalte »is_voter« von Relation »users« existiert nicht
LINE 1: ...egion", "organisation_id", "is_committee_member", "is_voter"...
                                                             ^")[39m

  [31m────────────────────────────────────────────────────────────────────────────────────────────────────────────────────[39m  
  [41;1m FAILED [49;22m [1mTests\Feature\VoteSubmissionWorkflowTest[22m [90m>[39m vote recorded in votes table for real election  [41;1m QueryException [49;22m  
[39;1m  SQLSTATE[42703]: Undefined column: 7 FEHLER:  Spalte »is_voter« von Relation »users« existiert nicht
LINE 1: ...egion", "organisation_id", "is_committee_member", "is_voter"...
                                                             ^ (Connection: pgsql, SQL: insert into "users" ("name", "email", "email_verified_at", "password", "remember_token", "region", "organisation_id", "is_committee_member", "is_voter", "can_vote", "has_voted", "id", "updated_at", "created_at") values (Ms. Nedra Morissette, jaylan.bernier@example.com, 2026-05-31 08:59:34, $2y$10$92IXUNpkjO0rOQ5byMi.Ye4oKoEa3Ro9llC/.og/at2.uheWG/igi, Xd1wdHRiNX, Colorado, 2fb5b0dd-4f0b-4c9e-ae2c-a27050ef1560, 0, 1, 1, 0, a1e8edff-26ca-447a-96c0-399c5129dd77, 2026-05-31 08:59:34, 2026-05-31 08:59:34))[39;22m

  at [32mvendor\laravel\framework\src\Illuminate\Database\Connection.php[39m:[32m825[39m
    821▕                     $this->getName(), $query, $this->prepareBindings($bindings), $e
    822▕                 );
    823▕             }
    824▕ 
  ➜ 825▕             throw new QueryException(
    826▕                 $this->getName(), $query, $this->prepareBindings($bindings), $e
    827▕             );
    828▕         }
    829▕     }

  [33m1   [39m[39;1mvendor\laravel\framework\src\Illuminate\Database\Connection.php[39;22m:[39;1m825[39;22m

  [33m2   [39m[39;1mvendor\laravel\framework\src\Illuminate\Database\Connection.php[39;22m:[39;1m571[39;22m
  [90m    NunoMaduro\Collision\Exceptions\TestException::("SQLSTATE[42703]: Undefined column: 7 FEHLER:  Spalte »is_voter« von Relation »users« existiert nicht
LINE 1: ...egion", "organisation_id", "is_committee_member", "is_voter"...
                                                             ^")[39m

  [31m────────────────────────────────────────────────────────────────────────────────────────────────────────────────────[39m  
  [41;1m FAILED [49;22m [1mTests\Feature\VoteSubmissionWorkflowTest[22m [90m>[39m vote record includes required metadata          [41;1m QueryException [49;22m  
[39;1m  SQLSTATE[42703]: Undefined column: 7 FEHLER:  Spalte »is_voter« von Relation »users« existiert nicht
LINE 1: ...egion", "organisation_id", "is_committee_member", "is_voter"...
                                                             ^ (Connection: pgsql, SQL: insert into "users" ("name", "email", "email_verified_at", "password", "remember_token", "region", "organisation_id", "is_committee_member", "is_voter", "can_vote", "has_voted", "id", "updated_at", "created_at") values (Karli Johns DVM, heidenreich.harrison@example.org, 2026-05-31 08:59:34, $2y$10$92IXUNpkjO0rOQ5byMi.Ye4oKoEa3Ro9llC/.og/at2.uheWG/igi, 4TLCHDE3up, Utah, 2fb5b0dd-4f0b-4c9e-ae2c-a27050ef1560, 0, 1, 1, 0, a1e8edff-a8c0-422d-aa93-63c40b1214f2, 2026-05-31 08:59:34, 2026-05-31 08:59:34))[39;22m

  at [32mvendor\laravel\framework\src\Illuminate\Database\Connection.php[39m:[32m825[39m
    821▕                     $this->getName(), $query, $this->prepareBindings($bindings), $e
    822▕                 );
    823▕             }
    824▕ 
  ➜ 825▕             throw new QueryException(
    826▕                 $this->getName(), $query, $this->prepareBindings($bindings), $e
    827▕             );
    828▕         }
    829▕     }

  [33m1   [39m[39;1mvendor\laravel\framework\src\Illuminate\Database\Connection.php[39;22m:[39;1m825[39;22m

  [33m2   [39m[39;1mvendor\laravel\framework\src\Illuminate\Database\Connection.php[39;22m:[39;1m571[39;22m
  [90m    NunoMaduro\Collision\Exceptions\TestException::("SQLSTATE[42703]: Undefined column: 7 FEHLER:  Spalte »is_voter« von Relation »users« existiert nicht
LINE 1: ...egion", "organisation_id", "is_committee_member", "is_voter"...
                                                             ^")[39m

  [31m────────────────────────────────────────────────────────────────────────────────────────────────────────────────────[39m  
  [41;1m FAILED [49;22m [1mTests\Feature\VoteSubmissionWorkflowTest[22m [90m>[39m code marked as voted after verification         [41;1m QueryException [49;22m  
[39;1m  SQLSTATE[42703]: Undefined column: 7 FEHLER:  Spalte »is_voter« von Relation »users« existiert nicht
LINE 1: ...egion", "organisation_id", "is_committee_member", "is_voter"...
                                                             ^ (Connection: pgsql, SQL: insert into "users" ("name", "email", "email_verified_at", "password", "remember_token", "region", "organisation_id", "is_committee_member", "is_voter", "can_vote", "has_voted", "id", "updated_at", "created_at") values (Kody Rippin, stiedemann.bertram@example.com, 2026-05-31 08:59:34, $2y$10$92IXUNpkjO0rOQ5byMi.Ye4oKoEa3Ro9llC/.og/at2.uheWG/igi, 43v4P28WFu, Minnesota, 2fb5b0dd-4f0b-4c9e-ae2c-a27050ef1560, 0, 1, 1, 0, a1e8edff-f405-4c1a-8e0c-66e10057134e, 2026-05-31 08:59:34, 2026-05-31 08:59:34))[39;22m

  at [32mvendor\laravel\framework\src\Illuminate\Database\Connection.php[39m:[32m825[39m
    821▕                     $this->getName(), $query, $this->prepareBindings($bindings), $e
    822▕                 );
    823▕             }
    824▕ 
  ➜ 825▕             throw new QueryException(
    826▕                 $this->getName(), $query, $this->prepareBindings($bindings), $e
    827▕             );
    828▕         }
    829▕     }

  [33m1   [39m[39;1mvendor\laravel\framework\src\Illuminate\Database\Connection.php[39;22m:[39;1m825[39;22m

  [33m2   [39m[39;1mvendor\laravel\framework\src\Illuminate\Database\Connection.php[39;22m:[39;1m571[39;22m
  [90m    NunoMaduro\Collision\Exceptions\TestException::("SQLSTATE[42703]: Undefined column: 7 FEHLER:  Spalte »is_voter« von Relation »users« existiert nicht
LINE 1: ...egion", "organisation_id", "is_committee_member", "is_voter"...
                                                             ^")[39m

  [31m────────────────────────────────────────────────────────────────────────────────────────────────────────────────────[39m  
  [41;1m FAILED [49;22m [1mTests\Feature\VoteSubmissionWorkflowTest[22m [90m>[39m user marked as voted after verification         [41;1m QueryException [49;22m  
[39;1m  SQLSTATE[42703]: Undefined column: 7 FEHLER:  Spalte »is_voter« von Relation »users« existiert nicht
LINE 1: ...egion", "organisation_id", "is_committee_member", "is_voter"...
                                                             ^ (Connection: pgsql, SQL: insert into "users" ("name", "email", "email_verified_at", "password", "remember_token", "region", "organisation_id", "is_committee_member", "is_voter", "can_vote", "has_voted", "id", "updated_at", "created_at") values (Eli Lakin, kacie20@example.net, 2026-05-31 08:59:34, $2y$10$92IXUNpkjO0rOQ5byMi.Ye4oKoEa3Ro9llC/.og/at2.uheWG/igi, UVHagkBN9I, North Carolina, 2fb5b0dd-4f0b-4c9e-ae2c-a27050ef1560, 0, 1, 1, 0, a1e8ee00-4888-486c-9f9c-935a81a3d178, 2026-05-31 08:59:34, 2026-05-31 08:59:34))[39;22m

  at [32mvendor\laravel\framework\src\Illuminate\Database\Connection.php[39m:[32m825[39m
    821▕                     $this->getName(), $query, $this->prepareBindings($bindings), $e
    822▕                 );
    823▕             }
    824▕ 
  ➜ 825▕             throw new QueryException(
    826▕                 $this->getName(), $query, $this->prepareBindings($bindings), $e
    827▕             );
    828▕         }
    829▕     }

  [33m1   [39m[39;1mvendor\laravel\framework\src\Illuminate\Database\Connection.php[39;22m:[39;1m825[39;22m

  [33m2   [39m[39;1mvendor\laravel\framework\src\Illuminate\Database\Connection.php[39;22m:[39;1m571[39;22m
  [90m    NunoMaduro\Collision\Exceptions\TestException::("SQLSTATE[42703]: Undefined column: 7 FEHLER:  Spalte »is_voter« von Relation »users« existiert nicht
LINE 1: ...egion", "organisation_id", "is_committee_member", "is_voter"...
                                                             ^")[39m

  [31m────────────────────────────────────────────────────────────────────────────────────────────────────────────────────[39m  
  [41;1m FAILED [49;22m [1mTests\Feature\VoteSubmissionWorkflowTest[22m [90m>[39m user redirected to dashboard on revote attempt  [41;1m QueryException [49;22m  
[39;1m  SQLSTATE[42703]: Undefined column: 7 FEHLER:  Spalte »is_voter« von Relation »users« existiert nicht
LINE 1: ...egion", "organisation_id", "is_committee_member", "is_voter"...
                                                             ^ (Connection: pgsql, SQL: insert into "users" ("name", "email", "email_verified_at", "password", "remember_token", "region", "organisation_id", "is_committee_member", "is_voter", "can_vote", "has_voted", "id", "updated_at", "created_at") values (Dr. Jody Bahringer, steve.cummerata@example.com, 2026-05-31 08:59:35, $2y$10$92IXUNpkjO0rOQ5byMi.Ye4oKoEa3Ro9llC/.og/at2.uheWG/igi, SbKs0cPfS0, South Dakota, 2fb5b0dd-4f0b-4c9e-ae2c-a27050ef1560, 0, 1, 1, 0, a1e8ee00-befe-43f0-9203-aa71ac5c3b5a, 2026-05-31 08:59:35, 2026-05-31 08:59:35))[39;22m

  at [32mvendor\laravel\framework\src\Illuminate\Database\Connection.php[39m:[32m825[39m
    821▕                     $this->getName(), $query, $this->prepareBindings($bindings), $e
    822▕                 );
    823▕             }
    824▕ 
  ➜ 825▕             throw new QueryException(
    826▕                 $this->getName(), $query, $this->prepareBindings($bindings), $e
    827▕             );
    828▕         }
    829▕     }

  [33m1   [39m[39;1mvendor\laravel\framework\src\Illuminate\Database\Connection.php[39;22m:[39;1m825[39;22m

  [33m2   [39m[39;1mvendor\laravel\framework\src\Illuminate\Database\Connection.php[39;22m:[39;1m571[39;22m
  [90m    NunoMaduro\Collision\Exceptions\TestException::("SQLSTATE[42703]: Undefined column: 7 FEHLER:  Spalte »is_voter« von Relation »users« existiert nicht
LINE 1: ...egion", "organisation_id", "is_committee_member", "is_voter"...
                                                             ^")[39m

  [31m────────────────────────────────────────────────────────────────────────────────────────────────────────────────────[39m  
  [41;1m FAILED [49;22m [1mTests\Feature\VoteSubmissionWorkflowTest[22m [90m>[39m revoting attempt shows error message            [41;1m QueryException [49;22m  
[39;1m  SQLSTATE[42703]: Undefined column: 7 FEHLER:  Spalte »is_voter« von Relation »users« existiert nicht
LINE 1: ...egion", "organisation_id", "is_committee_member", "is_voter"...
                                                             ^ (Connection: pgsql, SQL: insert into "users" ("name", "email", "email_verified_at", "password", "remember_token", "region", "organisation_id", "is_committee_member", "is_voter", "can_vote", "has_voted", "id", "updated_at", "created_at") values (Prof. Cleve Durgan I, ostrosin@example.com, 2026-05-31 08:59:35, $2y$10$92IXUNpkjO0rOQ5byMi.Ye4oKoEa3Ro9llC/.og/at2.uheWG/igi, KW9Sifzs1Z, Illinois, 2fb5b0dd-4f0b-4c9e-ae2c-a27050ef1560, 0, 1, 1, 0, a1e8ee01-096b-484f-8f6d-2d0988038303, 2026-05-31 08:59:35, 2026-05-31 08:59:35))[39;22m

  at [32mvendor\laravel\framework\src\Illuminate\Database\Connection.php[39m:[32m825[39m
    821▕                     $this->getName(), $query, $this->prepareBindings($bindings), $e
    822▕                 );
    823▕             }
    824▕ 
  ➜ 825▕             throw new QueryException(
    826▕                 $this->getName(), $query, $this->prepareBindings($bindings), $e
    827▕             );
    828▕         }
    829▕     }

  [33m1   [39m[39;1mvendor\laravel\framework\src\Illuminate\Database\Connection.php[39;22m:[39;1m825[39;22m

  [33m2   [39m[39;1mvendor\laravel\framework\src\Illuminate\Database\Connection.php[39;22m:[39;1m571[39;22m
  [90m    NunoMaduro\Collision\Exceptions\TestException::("SQLSTATE[42703]: Undefined column: 7 FEHLER:  Spalte »is_voter« von Relation »users« existiert nicht
LINE 1: ...egion", "organisation_id", "is_committee_member", "is_voter"...
                                                             ^")[39m

  [31m────────────────────────────────────────────────────────────────────────────────────────────────────────────────────[39m  
  [41;1m FAILED [49;22m [1mTests\Feature\VoteSubmissionWorkflowTest[22m [90m>[39m revote blocked at vote store endpoint           [41;1m QueryException [49;22m  
[39;1m  SQLSTATE[42703]: Undefined column: 7 FEHLER:  Spalte »is_voter« von Relation »users« existiert nicht
LINE 1: ...egion", "organisation_id", "is_committee_member", "is_voter"...
                                                             ^ (Connection: pgsql, SQL: insert into "users" ("name", "email", "email_verified_at", "password", "remember_token", "region", "organisation_id", "is_committee_member", "is_voter", "can_vote", "has_voted", "id", "updated_at", "created_at") values (Mr. Ulices Rolfson, wilton.johns@example.com, 2026-05-31 08:59:35, $2y$10$92IXUNpkjO0rOQ5byMi.Ye4oKoEa3Ro9llC/.og/at2.uheWG/igi, 0b844KKS4n, Louisiana, 2fb5b0dd-4f0b-4c9e-ae2c-a27050ef1560, 0, 1, 1, 0, a1e8ee01-59a0-4a8a-941d-2826d2375132, 2026-05-31 08:59:35, 2026-05-31 08:59:35))[39;22m

  at [32mvendor\laravel\framework\src\Illuminate\Database\Connection.php[39m:[32m825[39m
    821▕                     $this->getName(), $query, $this->prepareBindings($bindings), $e
    822▕                 );
    823▕             }
    824▕ 
  ➜ 825▕             throw new QueryException(
    826▕                 $this->getName(), $query, $this->prepareBindings($bindings), $e
    827▕             );
    828▕         }
    829▕     }

  [33m1   [39m[39;1mvendor\laravel\framework\src\Illuminate\Database\Connection.php[39;22m:[39;1m825[39;22m

  [33m2   [39m[39;1mvendor\laravel\framework\src\Illuminate\Database\Connection.php[39;22m:[39;1m571[39;22m
  [90m    NunoMaduro\Collision\Exceptions\TestException::("SQLSTATE[42703]: Undefined column: 7 FEHLER:  Spalte »is_voter« von Relation »users« existiert nicht
LINE 1: ...egion", "organisation_id", "is_committee_member", "is_voter"...
                                                             ^")[39m

  [31m────────────────────────────────────────────────────────────────────────────────────────────────────────────────────[39m  
  [41;1m FAILED [49;22m [1mTests\Feature\VoteSubmissionWorkflowTest[22m [90m>[39m revote blocked with correct code                [41;1m QueryException [49;22m  
[39;1m  SQLSTATE[42703]: Undefined column: 7 FEHLER:  Spalte »is_voter« von Relation »users« existiert nicht
LINE 1: ...egion", "organisation_id", "is_committee_member", "is_voter"...
                                                             ^ (Connection: pgsql, SQL: insert into "users" ("name", "email", "email_verified_at", "password", "remember_token", "region", "organisation_id", "is_committee_member", "is_voter", "can_vote", "has_voted", "id", "updated_at", "created_at") values (Philip Funk, loyce.lang@example.com, 2026-05-31 08:59:35, $2y$10$92IXUNpkjO0rOQ5byMi.Ye4oKoEa3Ro9llC/.og/at2.uheWG/igi, kfaCb5g2uy, North Carolina, 2fb5b0dd-4f0b-4c9e-ae2c-a27050ef1560, 0, 1, 1, 0, a1e8ee01-a50a-4b37-81ed-f310d418a2f4, 2026-05-31 08:59:35, 2026-05-31 08:59:35))[39;22m

  at [32mvendor\laravel\framework\src\Illuminate\Database\Connection.php[39m:[32m825[39m
    821▕                     $this->getName(), $query, $this->prepareBindings($bindings), $e
    822▕                 );
    823▕             }
    824▕ 
  ➜ 825▕             throw new QueryException(
    826▕                 $this->getName(), $query, $this->prepareBindings($bindings), $e
    827▕             );
    828▕         }
    829▕     }

  [33m1   [39m[39;1mvendor\laravel\framework\src\Illuminate\Database\Connection.php[39;22m:[39;1m825[39;22m

  [33m2   [39m[39;1mvendor\laravel\framework\src\Illuminate\Database\Connection.php[39;22m:[39;1m571[39;22m
  [90m    NunoMaduro\Collision\Exceptions\TestException::("SQLSTATE[42703]: Undefined column: 7 FEHLER:  Spalte »is_voter« von Relation »users« existiert nicht
LINE 1: ...egion", "organisation_id", "is_committee_member", "is_voter"...
                                                             ^")[39m

  [31m────────────────────────────────────────────────────────────────────────────────────────────────────────────────────[39m  
  [41;1m FAILED [49;22m [1mTests\Feature\VoteSubmissionWorkflowTest[22m [90m>[39m no new vote on revote attempt                   [41;1m QueryException [49;22m  
[39;1m  SQLSTATE[42703]: Undefined column: 7 FEHLER:  Spalte »is_voter« von Relation »users« existiert nicht
LINE 1: ...egion", "organisation_id", "is_committee_member", "is_voter"...
                                                             ^ (Connection: pgsql, SQL: insert into "users" ("name", "email", "email_verified_at", "password", "remember_token", "region", "organisation_id", "is_committee_member", "is_voter", "can_vote", "has_voted", "id", "updated_at", "created_at") values (Emilio Rau, mcronin@example.net, 2026-05-31 08:59:35, $2y$10$92IXUNpkjO0rOQ5byMi.Ye4oKoEa3Ro9llC/.og/at2.uheWG/igi, 6SEJfOSuld, Louisiana, 2fb5b0dd-4f0b-4c9e-ae2c-a27050ef1560, 0, 1, 1, 0, a1e8ee02-0272-42fa-b9af-eed2d5499c4e, 2026-05-31 08:59:35, 2026-05-31 08:59:35))[39;22m

  at [32mvendor\laravel\framework\src\Illuminate\Database\Connection.php[39m:[32m825[39m
    821▕                     $this->getName(), $query, $this->prepareBindings($bindings), $e
    822▕                 );
    823▕             }
    824▕ 
  ➜ 825▕             throw new QueryException(
    826▕                 $this->getName(), $query, $this->prepareBindings($bindings), $e
    827▕             );
    828▕         }
    829▕     }

  [33m1   [39m[39;1mvendor\laravel\framework\src\Illuminate\Database\Connection.php[39;22m:[39;1m825[39;22m

  [33m2   [39m[39;1mvendor\laravel\framework\src\Illuminate\Database\Connection.php[39;22m:[39;1m571[39;22m
  [90m    NunoMaduro\Collision\Exceptions\TestException::("SQLSTATE[42703]: Undefined column: 7 FEHLER:  Spalte »is_voter« von Relation »users« existiert nicht
LINE 1: ...egion", "organisation_id", "is_committee_member", "is_voter"...
                                                             ^")[39m

  [31m────────────────────────────────────────────────────────────────────────────────────────────────────────────────────[39m  
  [41;1m FAILED [49;22m [1mTests\Feature\VoteSubmissionWorkflowTest[22m [90m>[39m transaction rolled back on revote attempt       [41;1m QueryException [49;22m  
[39;1m  SQLSTATE[42703]: Undefined column: 7 FEHLER:  Spalte »is_voter« von Relation »users« existiert nicht
LINE 1: ...egion", "organisation_id", "is_committee_member", "is_voter"...
                                                             ^ (Connection: pgsql, SQL: insert into "users" ("name", "email", "email_verified_at", "password", "remember_token", "region", "organisation_id", "is_committee_member", "is_voter", "can_vote", "has_voted", "id", "updated_at", "created_at") values (Maryjane Volkman, jerrold03@example.org, 2026-05-31 08:59:36, $2y$10$92IXUNpkjO0rOQ5byMi.Ye4oKoEa3Ro9llC/.og/at2.uheWG/igi, Ps8hnchBst, Minnesota, 2fb5b0dd-4f0b-4c9e-ae2c-a27050ef1560, 0, 1, 1, 0, a1e8ee02-5fe2-4733-b156-adf48f487d93, 2026-05-31 08:59:36, 2026-05-31 08:59:36))[39;22m

  at [32mvendor\laravel\framework\src\Illuminate\Database\Connection.php[39m:[32m825[39m
    821▕                     $this->getName(), $query, $this->prepareBindings($bindings), $e
    822▕                 );
    823▕             }
    824▕ 
  ➜ 825▕             throw new QueryException(
    826▕                 $this->getName(), $query, $this->prepareBindings($bindings), $e
    827▕             );
    828▕         }
    829▕     }

  [33m1   [39m[39;1mvendor\laravel\framework\src\Illuminate\Database\Connection.php[39;22m:[39;1m825[39;22m

  [33m2   [39m[39;1mvendor\laravel\framework\src\Illuminate\Database\Connection.php[39;22m:[39;1m571[39;22m
  [90m    NunoMaduro\Collision\Exceptions\TestException::("SQLSTATE[42703]: Undefined column: 7 FEHLER:  Spalte »is_voter« von Relation »users« existiert nicht
LINE 1: ...egion", "organisation_id", "is_committee_member", "is_voter"...
                                                             ^")[39m

  [31m────────────────────────────────────────────────────────────────────────────────────────────────────────────────────[39m  
  [41;1m FAILED [49;22m [1mTests\Feature\VoteVerificationTest[22m [90m>[39m can find vote by extracted id                              [41;1m TypeError [49;22m  
[39;1m  Cannot assign null to property Tests\Feature\VoteVerificationTest::$vote of type App\Models\DemoVote[39;22m

  at [32mtests\Feature\VoteVerificationTest.php[39m:[32m71[39m
     67▕         // 7️⃣ Vollständigen Code erstellen (privateKey_voteId)
     68▕         $this->fullCode = $this->privateKey . '_' . $this->vote->id;
     69▕ 
     70▕         // Reload to ensure database persistence
  ➜  71▕         $this->vote = DemoVote::find($this->vote->id);
     72▕     }
     73▕ 
     74▕     /**
     75▕      * ✅ TEST 1: Kann einen Vote mit dem vollständigen Code finden

  [33m1   [39m[39;1mtests\Feature\VoteVerificationTest.php[39;22m:[39;1m71[39;22m

  [31m────────────────────────────────────────────────────────────────────────────────────────────────────────────────────[39m  
  [41;1m FAILED [49;22m [1mTests\Feature\VoteVerificationTest[22m [90m>[39m can verify private key matches receipt hash                [41;1m TypeError [49;22m  
[39;1m  Cannot assign null to property Tests\Feature\VoteVerificationTest::$vote of type App\Models\DemoVote[39;22m

  at [32mtests\Feature\VoteVerificationTest.php[39m:[32m71[39m
     67▕         // 7️⃣ Vollständigen Code erstellen (privateKey_voteId)
     68▕         $this->fullCode = $this->privateKey . '_' . $this->vote->id;
     69▕ 
     70▕         // Reload to ensure database persistence
  ➜  71▕         $this->vote = DemoVote::find($this->vote->id);
     72▕     }
     73▕ 
     74▕     /**
     75▕      * ✅ TEST 1: Kann einen Vote mit dem vollständigen Code finden

  [33m1   [39m[39;1mtests\Feature\VoteVerificationTest.php[39;22m:[39;1m71[39;22m

  [31m────────────────────────────────────────────────────────────────────────────────────────────────────────────────────[39m  
  [41;1m FAILED [49;22m [1mTests\Feature\VoteVerificationTest[22m [90m>[39m complete verification flow                                 [41;1m TypeError [49;22m  
[39;1m  Cannot assign null to property Tests\Feature\VoteVerificationTest::$vote of type App\Models\DemoVote[39;22m

  at [32mtests\Feature\VoteVerificationTest.php[39m:[32m71[39m
     67▕         // 7️⃣ Vollständigen Code erstellen (privateKey_voteId)
     68▕         $this->fullCode = $this->privateKey . '_' . $this->vote->id;
     69▕ 
     70▕         // Reload to ensure database persistence
  ➜  71▕         $this->vote = DemoVote::find($this->vote->id);
     72▕     }
     73▕ 
     74▕     /**
     75▕      * ✅ TEST 1: Kann einen Vote mit dem vollständigen Code finden

  [33m1   [39m[39;1mtests\Feature\VoteVerificationTest.php[39;22m:[39;1m71[39;22m

  [31m────────────────────────────────────────────────────────────────────────────────────────────────────────────────────[39m  
  [41;1m FAILED [49;22m [1mTests\Feature\VoteVerificationTest[22m [90m>[39m rejects invalid code                                       [41;1m TypeError [49;22m  
[39;1m  Cannot assign null to property Tests\Feature\VoteVerificationTest::$vote of type App\Models\DemoVote[39;22m

  at [32mtests\Feature\VoteVerificationTest.php[39m:[32m71[39m
     67▕         // 7️⃣ Vollständigen Code erstellen (privateKey_voteId)
     68▕         $this->fullCode = $this->privateKey . '_' . $this->vote->id;
     69▕ 
     70▕         // Reload to ensure database persistence
  ➜  71▕         $this->vote = DemoVote::find($this->vote->id);
     72▕     }
     73▕ 
     74▕     /**
     75▕      * ✅ TEST 1: Kann einen Vote mit dem vollständigen Code finden

  [33m1   [39m[39;1mtests\Feature\VoteVerificationTest.php[39;22m:[39;1m71[39;22m

  [31m────────────────────────────────────────────────────────────────────────────────────────────────────────────────────[39m  
  [41;1m FAILED [49;22m [1mTests\Feature\VoteVerificationTest[22m [90m>[39m rejects nonexistent vote id                                [41;1m TypeError [49;22m  
[39;1m  Cannot assign null to property Tests\Feature\VoteVerificationTest::$vote of type App\Models\DemoVote[39;22m

  at [32mtests\Feature\VoteVerificationTest.php[39m:[32m71[39m
     67▕         // 7️⃣ Vollständigen Code erstellen (privateKey_voteId)
     68▕         $this->fullCode = $this->privateKey . '_' . $this->vote->id;
     69▕ 
     70▕         // Reload to ensure database persistence
  ➜  71▕         $this->vote = DemoVote::find($this->vote->id);
     72▕     }
     73▕ 
     74▕     /**
     75▕      * ✅ TEST 1: Kann einen Vote mit dem vollständigen Code finden

  [33m1   [39m[39;1mtests\Feature\VoteVerificationTest.php[39;22m:[39;1m71[39;22m

  [31m────────────────────────────────────────────────────────────────────────────────────────────────────────────────────[39m  
  [41;1m FAILED [49;22m [1mTests\Feature\VoteVerificationTest[22m [90m>[39m controller verification method                             [41;1m TypeError [49;22m  
[39;1m  Cannot assign null to property Tests\Feature\VoteVerificationTest::$vote of type App\Models\DemoVote[39;22m

  at [32mtests\Feature\VoteVerificationTest.php[39m:[32m71[39m
     67▕         // 7️⃣ Vollständigen Code erstellen (privateKey_voteId)
     68▕         $this->fullCode = $this->privateKey . '_' . $this->vote->id;
     69▕ 
     70▕         // Reload to ensure database persistence
  ➜  71▕         $this->vote = DemoVote::find($this->vote->id);
     72▕     }
     73▕ 
     74▕     /**
     75▕      * ✅ TEST 1: Kann einen Vote mit dem vollständigen Code finden

  [33m1   [39m[39;1mtests\Feature\VoteVerificationTest.php[39;22m:[39;1m71[39;22m

  [31m────────────────────────────────────────────────────────────────────────────────────────────────────────────────────[39m  
  [41;1m FAILED [49;22m [1mTests\Feature\VoteVerificationTest[22m [90m>[39m candidate data saved and retrieved                         [41;1m TypeError [49;22m  
[39;1m  Cannot assign null to property Tests\Feature\VoteVerificationTest::$vote of type App\Models\DemoVote[39;22m

  at [32mtests\Feature\VoteVerificationTest.php[39m:[32m71[39m
     67▕         // 7️⃣ Vollständigen Code erstellen (privateKey_voteId)
     68▕         $this->fullCode = $this->privateKey . '_' . $this->vote->id;
     69▕ 
     70▕         // Reload to ensure database persistence
  ➜  71▕         $this->vote = DemoVote::find($this->vote->id);
     72▕     }
     73▕ 
     74▕     /**
     75▕      * ✅ TEST 1: Kann einen Vote mit dem vollständigen Code finden

  [33m1   [39m[39;1mtests\Feature\VoteVerificationTest.php[39;22m:[39;1m71[39;22m

  [31m────────────────────────────────────────────────────────────────────────────────────────────────────────────────────[39m  
  [41;1m FAILED [49;22m [1mTests\Feature\VoteVerificationTest[22m [90m>[39m receipt hash persists through saves                        [41;1m TypeError [49;22m  
[39;1m  Cannot assign null to property Tests\Feature\VoteVerificationTest::$vote of type App\Models\DemoVote[39;22m

  at [32mtests\Feature\VoteVerificationTest.php[39m:[32m71[39m
     67▕         // 7️⃣ Vollständigen Code erstellen (privateKey_voteId)
     68▕         $this->fullCode = $this->privateKey . '_' . $this->vote->id;
     69▕ 
     70▕         // Reload to ensure database persistence
  ➜  71▕         $this->vote = DemoVote::find($this->vote->id);
     72▕     }
     73▕ 
     74▕     /**
     75▕      * ✅ TEST 1: Kann einen Vote mit dem vollständigen Code finden

  [33m1   [39m[39;1mtests\Feature\VoteVerificationTest.php[39;22m:[39;1m71[39;22m

  [31m────────────────────────────────────────────────────────────────────────────────────────────────────────────────────[39m  
  [41;1m FAILED [49;22m [1mTests\Feature\VoteVerifyTest[22m [90m>[39m verify to show renders inertia page fo… [41;1m UniqueConstraintViolationException [49;22m  
[39;1m  SQLSTATE[23505]: Unique violation: 7 FEHLER:  doppelter Schlüsselwert verletzt Unique-Constraint »user_organisation_roles_user_id_organisation_id_unique«
DETAIL:  Schlüssel »(user_id, organisation_id)=(a1e8ee05-9a86-45f6-a3a5-7c9e8fd7fa9f, a1e8ee05-915d-46f8-9d3b-12f29a0b269f)« existiert bereits. (Connection: pgsql, SQL: insert into "user_organisation_roles" ("created_at", "id", "organisation_id", "role", "updated_at", "user_id") values (2026-05-31 08:59:38, 63edaa2c-6920-4cf1-9dcc-c6da995d6c45, a1e8ee05-915d-46f8-9d3b-12f29a0b269f, voter, 2026-05-31 08:59:38, a1e8ee05-9a86-45f6-a3a5-7c9e8fd7fa9f))[39;22m

  at [32mvendor\laravel\framework\src\Illuminate\Database\Connection.php[39m:[32m820[39m
    816▕         // message to include the bindings with SQL, which will make this exception a
    817▕         // lot more helpful to the developer instead of just the database's errors.
    818▕         catch (Exception $e) {
    819▕             if ($this->isUniqueConstraintError($e)) {
  ➜ 820▕                 throw new UniqueConstraintViolationException(
    821▕                     $this->getName(), $query, $this->prepareBindings($bindings), $e
    822▕                 );
    823▕             }
    824▕

  [33m1   [39m[39;1mvendor\laravel\framework\src\Illuminate\Database\Connection.php[39;22m:[39;1m820[39;22m

  [33m2   [39m[39;1mvendor\laravel\framework\src\Illuminate\Database\Connection.php[39;22m:[39;1m571[39;22m
  [90m    NunoMaduro\Collision\Exceptions\TestException::("SQLSTATE[23505]: Unique violation: 7 FEHLER:  doppelter Schlüsselwert verletzt Unique-Constraint »user_organisation_roles_user_id_organisation_id_unique«
DETAIL:  Schlüssel »(user_id, organisation_id)=(a1e8ee05-9a86-45f6-a3a5-7c9e8fd7fa9f, a1e8ee05-915d-46f8-9d3b-12f29a0b269f)« existiert bereits.")[39m

  [31m────────────────────────────────────────────────────────────────────────────────────────────────────────────────────[39m  
  [41;1m FAILED [49;22m [1mTests\Feature\VoteVerifyTest[22m [90m>[39m verify to show redirects guest to logi… [41;1m UniqueConstraintViolationException [49;22m  
[39;1m  SQLSTATE[23505]: Unique violation: 7 FEHLER:  doppelter Schlüsselwert verletzt Unique-Constraint »user_organisation_roles_user_id_organisation_id_unique«
DETAIL:  Schlüssel »(user_id, organisation_id)=(a1e8ee05-f1e4-4d51-aa79-1c616e791af7, a1e8ee05-e8e8-4379-8fc5-bef5dd751d47)« existiert bereits. (Connection: pgsql, SQL: insert into "user_organisation_roles" ("created_at", "id", "organisation_id", "role", "updated_at", "user_id") values (2026-05-31 08:59:38, 116f83e7-6f31-42ef-9563-e2224f21a4b7, a1e8ee05-e8e8-4379-8fc5-bef5dd751d47, voter, 2026-05-31 08:59:38, a1e8ee05-f1e4-4d51-aa79-1c616e791af7))[39;22m

  at [32mvendor\laravel\framework\src\Illuminate\Database\Connection.php[39m:[32m820[39m
    816▕         // message to include the bindings with SQL, which will make this exception a
    817▕         // lot more helpful to the developer instead of just the database's errors.
    818▕         catch (Exception $e) {
    819▕             if ($this->isUniqueConstraintError($e)) {
  ➜ 820▕                 throw new UniqueConstraintViolationException(
    821▕                     $this->getName(), $query, $this->prepareBindings($bindings), $e
    822▕                 );
    823▕             }
    824▕

  [33m1   [39m[39;1mvendor\laravel\framework\src\Illuminate\Database\Connection.php[39;22m:[39;1m820[39;22m

  [33m2   [39m[39;1mvendor\laravel\framework\src\Illuminate\Database\Connection.php[39;22m:[39;1m571[39;22m
  [90m    NunoMaduro\Collision\Exceptions\TestException::("SQLSTATE[23505]: Unique violation: 7 FEHLER:  doppelter Schlüsselwert verletzt Unique-Constraint »user_organisation_roles_user_id_organisation_id_unique«
DETAIL:  Schlüssel »(user_id, organisation_id)=(a1e8ee05-f1e4-4d51-aa79-1c616e791af7, a1e8ee05-e8e8-4379-8fc5-bef5dd751d47)« existiert bereits.")[39m

  [31m────────────────────────────────────────────────────────────────────────────────────────────────────────────────────[39m  
  [41;1m FAILED [49;22m [1mTests\Feature\VoteVerifyTest[22m [90m>[39m submit code with valid code shows vote… [41;1m UniqueConstraintViolationException [49;22m  
[39;1m  SQLSTATE[23505]: Unique violation: 7 FEHLER:  doppelter Schlüsselwert verletzt Unique-Constraint »user_organisation_roles_user_id_organisation_id_unique«
DETAIL:  Schlüssel »(user_id, organisation_id)=(a1e8ee06-42ff-41bd-bcdd-35ac2f9e560e, a1e8ee06-3ac0-42a1-8d58-146702acc6fc)« existiert bereits. (Connection: pgsql, SQL: insert into "user_organisation_roles" ("created_at", "id", "organisation_id", "role", "updated_at", "user_id") values (2026-05-31 08:59:38, 7aa5ef09-a649-4dbe-99dd-b34d5edb8ad0, a1e8ee06-3ac0-42a1-8d58-146702acc6fc, voter, 2026-05-31 08:59:38, a1e8ee06-42ff-41bd-bcdd-35ac2f9e560e))[39;22m

  at [32mvendor\laravel\framework\src\Illuminate\Database\Connection.php[39m:[32m820[39m
    816▕         // message to include the bindings with SQL, which will make this exception a
    817▕         // lot more helpful to the developer instead of just the database's errors.
    818▕         catch (Exception $e) {
    819▕             if ($this->isUniqueConstraintError($e)) {
  ➜ 820▕                 throw new UniqueConstraintViolationException(
    821▕                     $this->getName(), $query, $this->prepareBindings($bindings), $e
    822▕                 );
    823▕             }
    824▕

  [33m1   [39m[39;1mvendor\laravel\framework\src\Illuminate\Database\Connection.php[39;22m:[39;1m820[39;22m

  [33m2   [39m[39;1mvendor\laravel\framework\src\Illuminate\Database\Connection.php[39;22m:[39;1m571[39;22m
  [90m    NunoMaduro\Collision\Exceptions\TestException::("SQLSTATE[23505]: Unique violation: 7 FEHLER:  doppelter Schlüsselwert verletzt Unique-Constraint »user_organisation_roles_user_id_organisation_id_unique«
DETAIL:  Schlüssel »(user_id, organisation_id)=(a1e8ee06-42ff-41bd-bcdd-35ac2f9e560e, a1e8ee06-3ac0-42a1-8d58-146702acc6fc)« existiert bereits.")[39m

  [31m────────────────────────────────────────────────────────────────────────────────────────────────────────────────────[39m  
  [41;1m FAILED [49;22m [1mTests\Feature\VoteVerifyTest[22m [90m>[39m submit code requires voting code field  [41;1m UniqueConstraintViolationException [49;22m  
[39;1m  SQLSTATE[23505]: Unique violation: 7 FEHLER:  doppelter Schlüsselwert verletzt Unique-Constraint »user_organisation_roles_user_id_organisation_id_unique«
DETAIL:  Schlüssel »(user_id, organisation_id)=(a1e8ee06-9a5b-4cd1-82e5-4815a98c155a, a1e8ee06-920f-47f1-8204-b7204f9b3670)« existiert bereits. (Connection: pgsql, SQL: insert into "user_organisation_roles" ("created_at", "id", "organisation_id", "role", "updated_at", "user_id") values (2026-05-31 08:59:38, a9cab741-78ec-481d-88f9-7ff342c0d89c, a1e8ee06-920f-47f1-8204-b7204f9b3670, voter, 2026-05-31 08:59:38, a1e8ee06-9a5b-4cd1-82e5-4815a98c155a))[39;22m

  at [32mvendor\laravel\framework\src\Illuminate\Database\Connection.php[39m:[32m820[39m
    816▕         // message to include the bindings with SQL, which will make this exception a
    817▕         // lot more helpful to the developer instead of just the database's errors.
    818▕         catch (Exception $e) {
    819▕             if ($this->isUniqueConstraintError($e)) {
  ➜ 820▕                 throw new UniqueConstraintViolationException(
    821▕                     $this->getName(), $query, $this->prepareBindings($bindings), $e
    822▕                 );
    823▕             }
    824▕

  [33m1   [39m[39;1mvendor\laravel\framework\src\Illuminate\Database\Connection.php[39;22m:[39;1m820[39;22m

  [33m2   [39m[39;1mvendor\laravel\framework\src\Illuminate\Database\Connection.php[39;22m:[39;1m571[39;22m
  [90m    NunoMaduro\Collision\Exceptions\TestException::("SQLSTATE[23505]: Unique violation: 7 FEHLER:  doppelter Schlüsselwert verletzt Unique-Constraint »user_organisation_roles_user_id_organisation_id_unique«
DETAIL:  Schlüssel »(user_id, organisation_id)=(a1e8ee06-9a5b-4cd1-82e5-4815a98c155a, a1e8ee06-920f-47f1-8204-b7204f9b3670)« existiert bereits.")[39m

  [31m────────────────────────────────────────────────────────────────────────────────────────────────────────────────────[39m  
  [41;1m FAILED [49;22m [1mTests\Feature\VoteVerifyTest[22m [90m>[39m submit code rejects code without under… [41;1m UniqueConstraintViolationException [49;22m  
[39;1m  SQLSTATE[23505]: Unique violation: 7 FEHLER:  doppelter Schlüsselwert verletzt Unique-Constraint »user_organisation_roles_user_id_organisation_id_unique«
DETAIL:  Schlüssel »(user_id, organisation_id)=(a1e8ee06-e6eb-456e-9e3b-7040f5133776, a1e8ee06-ddcd-4343-b754-40da8c8e536a)« existiert bereits. (Connection: pgsql, SQL: insert into "user_organisation_roles" ("created_at", "id", "organisation_id", "role", "updated_at", "user_id") values (2026-05-31 08:59:39, aba689a5-5d9f-49d3-a7f6-1e40675d8f9a, a1e8ee06-ddcd-4343-b754-40da8c8e536a, voter, 2026-05-31 08:59:39, a1e8ee06-e6eb-456e-9e3b-7040f5133776))[39;22m

  at [32mvendor\laravel\framework\src\Illuminate\Database\Connection.php[39m:[32m820[39m
    816▕         // message to include the bindings with SQL, which will make this exception a
    817▕         // lot more helpful to the developer instead of just the database's errors.
    818▕         catch (Exception $e) {
    819▕             if ($this->isUniqueConstraintError($e)) {
  ➜ 820▕                 throw new UniqueConstraintViolationException(
    821▕                     $this->getName(), $query, $this->prepareBindings($bindings), $e
    822▕                 );
    823▕             }
    824▕

  [33m1   [39m[39;1mvendor\laravel\framework\src\Illuminate\Database\Connection.php[39;22m:[39;1m820[39;22m

  [33m2   [39m[39;1mvendor\laravel\framework\src\Illuminate\Database\Connection.php[39;22m:[39;1m571[39;22m
  [90m    NunoMaduro\Collision\Exceptions\TestException::("SQLSTATE[23505]: Unique violation: 7 FEHLER:  doppelter Schlüsselwert verletzt Unique-Constraint »user_organisation_roles_user_id_organisation_id_unique«
DETAIL:  Schlüssel »(user_id, organisation_id)=(a1e8ee06-e6eb-456e-9e3b-7040f5133776, a1e8ee06-ddcd-4343-b754-40da8c8e536a)« existiert bereits.")[39m

  [31m────────────────────────────────────────────────────────────────────────────────────────────────────────────────────[39m  
  [41;1m FAILED [49;22m [1mTests\Feature\VoteVerifyTest[22m [90m>[39m submit code rejects code with invalid…  [41;1m UniqueConstraintViolationException [49;22m  
[39;1m  SQLSTATE[23505]: Unique violation: 7 FEHLER:  doppelter Schlüsselwert verletzt Unique-Constraint »user_organisation_roles_user_id_organisation_id_unique«
DETAIL:  Schlüssel »(user_id, organisation_id)=(a1e8ee07-3ae3-4b1d-a9d6-718156d9824e, a1e8ee07-3177-4697-b5de-38fc906408bc)« existiert bereits. (Connection: pgsql, SQL: insert into "user_organisation_roles" ("created_at", "id", "organisation_id", "role", "updated_at", "user_id") values (2026-05-31 08:59:39, 33d72c79-6f89-4659-8adc-fa9ece5c62c7, a1e8ee07-3177-4697-b5de-38fc906408bc, voter, 2026-05-31 08:59:39, a1e8ee07-3ae3-4b1d-a9d6-718156d9824e))[39;22m

  at [32mvendor\laravel\framework\src\Illuminate\Database\Connection.php[39m:[32m820[39m
    816▕         // message to include the bindings with SQL, which will make this exception a
    817▕         // lot more helpful to the developer instead of just the database's errors.
    818▕         catch (Exception $e) {
    819▕             if ($this->isUniqueConstraintError($e)) {
  ➜ 820▕                 throw new UniqueConstraintViolationException(
    821▕                     $this->getName(), $query, $this->prepareBindings($bindings), $e
    822▕                 );
    823▕             }
    824▕

  [33m1   [39m[39;1mvendor\laravel\framework\src\Illuminate\Database\Connection.php[39;22m:[39;1m820[39;22m

  [33m2   [39m[39;1mvendor\laravel\framework\src\Illuminate\Database\Connection.php[39;22m:[39;1m571[39;22m
  [90m    NunoMaduro\Collision\Exceptions\TestException::("SQLSTATE[23505]: Unique violation: 7 FEHLER:  doppelter Schlüsselwert verletzt Unique-Constraint »user_organisation_roles_user_id_organisation_id_unique«
DETAIL:  Schlüssel »(user_id, organisation_id)=(a1e8ee07-3ae3-4b1d-a9d6-718156d9824e, a1e8ee07-3177-4697-b5de-38fc906408bc)« existiert bereits.")[39m

  [31m────────────────────────────────────────────────────────────────────────────────────────────────────────────────────[39m  
  [41;1m FAILED [49;22m [1mTests\Feature\VoteVerifyTest[22m [90m>[39m submit code rejects tampered private k… [41;1m UniqueConstraintViolationException [49;22m  
[39;1m  SQLSTATE[23505]: Unique violation: 7 FEHLER:  doppelter Schlüsselwert verletzt Unique-Constraint »user_organisation_roles_user_id_organisation_id_unique«
DETAIL:  Schlüssel »(user_id, organisation_id)=(a1e8ee07-8f28-4777-a447-08c403b2d5ad, a1e8ee07-86e5-4e9d-b0ef-f5552c32e070)« existiert bereits. (Connection: pgsql, SQL: insert into "user_organisation_roles" ("created_at", "id", "organisation_id", "role", "updated_at", "user_id") values (2026-05-31 08:59:39, 9e8b08f9-d822-4527-922c-9dfa1ba83245, a1e8ee07-86e5-4e9d-b0ef-f5552c32e070, voter, 2026-05-31 08:59:39, a1e8ee07-8f28-4777-a447-08c403b2d5ad))[39;22m

  at [32mvendor\laravel\framework\src\Illuminate\Database\Connection.php[39m:[32m820[39m
    816▕         // message to include the bindings with SQL, which will make this exception a
    817▕         // lot more helpful to the developer instead of just the database's errors.
    818▕         catch (Exception $e) {
    819▕             if ($this->isUniqueConstraintError($e)) {
  ➜ 820▕                 throw new UniqueConstraintViolationException(
    821▕                     $this->getName(), $query, $this->prepareBindings($bindings), $e
    822▕                 );
    823▕             }
    824▕

  [33m1   [39m[39;1mvendor\laravel\framework\src\Illuminate\Database\Connection.php[39;22m:[39;1m820[39;22m

  [33m2   [39m[39;1mvendor\laravel\framework\src\Illuminate\Database\Connection.php[39;22m:[39;1m571[39;22m
  [90m    NunoMaduro\Collision\Exceptions\TestException::("SQLSTATE[23505]: Unique violation: 7 FEHLER:  doppelter Schlüsselwert verletzt Unique-Constraint »user_organisation_roles_user_id_organisation_id_unique«
DETAIL:  Schlüssel »(user_id, organisation_id)=(a1e8ee07-8f28-4777-a447-08c403b2d5ad, a1e8ee07-86e5-4e9d-b0ef-f5552c32e070)« existiert bereits.")[39m

  [31m────────────────────────────────────────────────────────────────────────────────────────────────────────────────────[39m  
  [41;1m FAILED [49;22m [1mTests\Feature\VoteVerifyTest[22m [90m>[39m submit code rejects nonexistent vote i… [41;1m UniqueConstraintViolationException [49;22m  
[39;1m  SQLSTATE[23505]: Unique violation: 7 FEHLER:  doppelter Schlüsselwert verletzt Unique-Constraint »user_organisation_roles_user_id_organisation_id_unique«
DETAIL:  Schlüssel »(user_id, organisation_id)=(a1e8ee08-0504-443a-9444-26bb2ee107d9, a1e8ee07-fb86-4d24-9c80-0c2b5637cf3f)« existiert bereits. (Connection: pgsql, SQL: insert into "user_organisation_roles" ("created_at", "id", "organisation_id", "role", "updated_at", "user_id") values (2026-05-31 08:59:39, 2e32e7b8-055f-4761-ab42-74d3af5f5a94, a1e8ee07-fb86-4d24-9c80-0c2b5637cf3f, voter, 2026-05-31 08:59:39, a1e8ee08-0504-443a-9444-26bb2ee107d9))[39;22m

  at [32mvendor\laravel\framework\src\Illuminate\Database\Connection.php[39m:[32m820[39m
    816▕         // message to include the bindings with SQL, which will make this exception a
    817▕         // lot more helpful to the developer instead of just the database's errors.
    818▕         catch (Exception $e) {
    819▕             if ($this->isUniqueConstraintError($e)) {
  ➜ 820▕                 throw new UniqueConstraintViolationException(
    821▕                     $this->getName(), $query, $this->prepareBindings($bindings), $e
    822▕                 );
    823▕             }
    824▕

  [33m1   [39m[39;1mvendor\laravel\framework\src\Illuminate\Database\Connection.php[39;22m:[39;1m820[39;22m

  [33m2   [39m[39;1mvendor\laravel\framework\src\Illuminate\Database\Connection.php[39;22m:[39;1m571[39;22m
  [90m    NunoMaduro\Collision\Exceptions\TestException::("SQLSTATE[23505]: Unique violation: 7 FEHLER:  doppelter Schlüsselwert verletzt Unique-Constraint »user_organisation_roles_user_id_organisation_id_unique«
DETAIL:  Schlüssel »(user_id, organisation_id)=(a1e8ee08-0504-443a-9444-26bb2ee107d9, a1e8ee07-fb86-4d24-9c80-0c2b5637cf3f)« existiert bereits.")[39m

  [31m────────────────────────────────────────────────────────────────────────────────────────────────────────────────────[39m  
  [41;1m FAILED [49;22m [1mTests\Feature\VoteVerifyTest[22m [90m>[39m extract vote data parses valid verific… [41;1m UniqueConstraintViolationException [49;22m  
[39;1m  SQLSTATE[23505]: Unique violation: 7 FEHLER:  doppelter Schlüsselwert verletzt Unique-Constraint »user_organisation_roles_user_id_organisation_id_unique«
DETAIL:  Schlüssel »(user_id, organisation_id)=(a1e8ee08-5467-45cf-8d37-63c9ec04488e, a1e8ee08-4bf3-47e3-9991-b1b85d913260)« existiert bereits. (Connection: pgsql, SQL: insert into "user_organisation_roles" ("created_at", "id", "organisation_id", "role", "updated_at", "user_id") values (2026-05-31 08:59:40, 69df4f5e-eaab-4ecf-83ae-9bfc28283433, a1e8ee08-4bf3-47e3-9991-b1b85d913260, voter, 2026-05-31 08:59:40, a1e8ee08-5467-45cf-8d37-63c9ec04488e))[39;22m

  at [32mvendor\laravel\framework\src\Illuminate\Database\Connection.php[39m:[32m820[39m
    816▕         // message to include the bindings with SQL, which will make this exception a
    817▕         // lot more helpful to the developer instead of just the database's errors.
    818▕         catch (Exception $e) {
    819▕             if ($this->isUniqueConstraintError($e)) {
  ➜ 820▕                 throw new UniqueConstraintViolationException(
    821▕                     $this->getName(), $query, $this->prepareBindings($bindings), $e
    822▕                 );
    823▕             }
    824▕

  [33m1   [39m[39;1mvendor\laravel\framework\src\Illuminate\Database\Connection.php[39;22m:[39;1m820[39;22m

  [33m2   [39m[39;1mvendor\laravel\framework\src\Illuminate\Database\Connection.php[39;22m:[39;1m571[39;22m
  [90m    NunoMaduro\Collision\Exceptions\TestException::("SQLSTATE[23505]: Unique violation: 7 FEHLER:  doppelter Schlüsselwert verletzt Unique-Constraint »user_organisation_roles_user_id_organisation_id_unique«
DETAIL:  Schlüssel »(user_id, organisation_id)=(a1e8ee08-5467-45cf-8d37-63c9ec04488e, a1e8ee08-4bf3-47e3-9991-b1b85d913260)« existiert bereits.")[39m

  [31m────────────────────────────────────────────────────────────────────────────────────────────────────────────────────[39m  
  [41;1m FAILED [49;22m [1mTests\Feature\VoteVerifyTest[22m [90m>[39m extract vote data fails without unders… [41;1m UniqueConstraintViolationException [49;22m  
[39;1m  SQLSTATE[23505]: Unique violation: 7 FEHLER:  doppelter Schlüsselwert verletzt Unique-Constraint »user_organisation_roles_user_id_organisation_id_unique«
DETAIL:  Schlüssel »(user_id, organisation_id)=(a1e8ee08-9bb9-4989-b410-4ad7a06e58f5, a1e8ee08-93be-40a7-8fd1-50e06668f364)« existiert bereits. (Connection: pgsql, SQL: insert into "user_organisation_roles" ("created_at", "id", "organisation_id", "role", "updated_at", "user_id") values (2026-05-31 08:59:40, 7c2dfc1a-8b59-43a1-9e37-09b0e3db5e33, a1e8ee08-93be-40a7-8fd1-50e06668f364, voter, 2026-05-31 08:59:40, a1e8ee08-9bb9-4989-b410-4ad7a06e58f5))[39;22m

  at [32mvendor\laravel\framework\src\Illuminate\Database\Connection.php[39m:[32m820[39m
    816▕         // message to include the bindings with SQL, which will make this exception a
    817▕         // lot more helpful to the developer instead of just the database's errors.
    818▕         catch (Exception $e) {
    819▕             if ($this->isUniqueConstraintError($e)) {
  ➜ 820▕                 throw new UniqueConstraintViolationException(
    821▕                     $this->getName(), $query, $this->prepareBindings($bindings), $e
    822▕                 );
    823▕             }
    824▕

  [33m1   [39m[39;1mvendor\laravel\framework\src\Illuminate\Database\Connection.php[39;22m:[39;1m820[39;22m

  [33m2   [39m[39;1mvendor\laravel\framework\src\Illuminate\Database\Connection.php[39;22m:[39;1m571[39;22m
  [90m    NunoMaduro\Collision\Exceptions\TestException::("SQLSTATE[23505]: Unique violation: 7 FEHLER:  doppelter Schlüsselwert verletzt Unique-Constraint »user_organisation_roles_user_id_organisation_id_unique«
DETAIL:  Schlüssel »(user_id, organisation_id)=(a1e8ee08-9bb9-4989-b410-4ad7a06e58f5, a1e8ee08-93be-40a7-8fd1-50e06668f364)« existiert bereits.")[39m

  [31m────────────────────────────────────────────────────────────────────────────────────────────────────────────────────[39m  
  [41;1m FAILED [49;22m [1mTests\Feature\VoteVerifyTest[22m [90m>[39m extract vote data fails when uuid part… [41;1m UniqueConstraintViolationException [49;22m  
[39;1m  SQLSTATE[23505]: Unique violation: 7 FEHLER:  doppelter Schlüsselwert verletzt Unique-Constraint »user_organisation_roles_user_id_organisation_id_unique«
DETAIL:  Schlüssel »(user_id, organisation_id)=(a1e8ee08-e19d-49d4-a6ed-7494fa0b9006, a1e8ee08-d986-4c29-81e1-3357b3280cdf)« existiert bereits. (Connection: pgsql, SQL: insert into "user_organisation_roles" ("created_at", "id", "organisation_id", "role", "updated_at", "user_id") values (2026-05-31 08:59:40, b982947a-788c-498f-a193-e2ab9f49d99c, a1e8ee08-d986-4c29-81e1-3357b3280cdf, voter, 2026-05-31 08:59:40, a1e8ee08-e19d-49d4-a6ed-7494fa0b9006))[39;22m

  at [32mvendor\laravel\framework\src\Illuminate\Database\Connection.php[39m:[32m820[39m
    816▕         // message to include the bindings with SQL, which will make this exception a
    817▕         // lot more helpful to the developer instead of just the database's errors.
    818▕         catch (Exception $e) {
    819▕             if ($this->isUniqueConstraintError($e)) {
  ➜ 820▕                 throw new UniqueConstraintViolationException(
    821▕                     $this->getName(), $query, $this->prepareBindings($bindings), $e
    822▕                 );
    823▕             }
    824▕

  [33m1   [39m[39;1mvendor\laravel\framework\src\Illuminate\Database\Connection.php[39;22m:[39;1m820[39;22m

  [33m2   [39m[39;1mvendor\laravel\framework\src\Illuminate\Database\Connection.php[39;22m:[39;1m571[39;22m
  [90m    NunoMaduro\Collision\Exceptions\TestException::("SQLSTATE[23505]: Unique violation: 7 FEHLER:  doppelter Schlüsselwert verletzt Unique-Constraint »user_organisation_roles_user_id_organisation_id_unique«
DETAIL:  Schlüssel »(user_id, organisation_id)=(a1e8ee08-e19d-49d4-a6ed-7494fa0b9006, a1e8ee08-d986-4c29-81e1-3357b3280cdf)« existiert bereits.")[39m

  [31m────────────────────────────────────────────────────────────────────────────────────────────────────────────────────[39m  
  [41;1m FAILED [49;22m [1mTests\Feature\VoteVerifyTest[22m [90m>[39m retrieve vote record returns vote for…  [41;1m UniqueConstraintViolationException [49;22m  
[39;1m  SQLSTATE[23505]: Unique violation: 7 FEHLER:  doppelter Schlüsselwert verletzt Unique-Constraint »user_organisation_roles_user_id_organisation_id_unique«
DETAIL:  Schlüssel »(user_id, organisation_id)=(a1e8ee09-38a9-4887-aa6c-ac72c2f394e2, a1e8ee09-2acd-43da-b27f-19c141a26db6)« existiert bereits. (Connection: pgsql, SQL: insert into "user_organisation_roles" ("created_at", "id", "organisation_id", "role", "updated_at", "user_id") values (2026-05-31 08:59:40, 941941dd-23b5-40d2-9ac7-959000ff9458, a1e8ee09-2acd-43da-b27f-19c141a26db6, voter, 2026-05-31 08:59:40, a1e8ee09-38a9-4887-aa6c-ac72c2f394e2))[39;22m

  at [32mvendor\laravel\framework\src\Illuminate\Database\Connection.php[39m:[32m820[39m
    816▕         // message to include the bindings with SQL, which will make this exception a
    817▕         // lot more helpful to the developer instead of just the database's errors.
    818▕         catch (Exception $e) {
    819▕             if ($this->isUniqueConstraintError($e)) {
  ➜ 820▕                 throw new UniqueConstraintViolationException(
    821▕                     $this->getName(), $query, $this->prepareBindings($bindings), $e
    822▕                 );
    823▕             }
    824▕

  [33m1   [39m[39;1mvendor\laravel\framework\src\Illuminate\Database\Connection.php[39;22m:[39;1m820[39;22m

  [33m2   [39m[39;1mvendor\laravel\framework\src\Illuminate\Database\Connection.php[39;22m:[39;1m571[39;22m
  [90m    NunoMaduro\Collision\Exceptions\TestException::("SQLSTATE[23505]: Unique violation: 7 FEHLER:  doppelter Schlüsselwert verletzt Unique-Constraint »user_organisation_roles_user_id_organisation_id_unique«
DETAIL:  Schlüssel »(user_id, organisation_id)=(a1e8ee09-38a9-4887-aa6c-ac72c2f394e2, a1e8ee09-2acd-43da-b27f-19c141a26db6)« existiert bereits.")[39m

  [31m────────────────────────────────────────────────────────────────────────────────────────────────────────────────────[39m  
  [41;1m FAILED [49;22m [1mTests\Feature\VoteVerifyTest[22m [90m>[39m retrieve vote record fails for wrong p… [41;1m UniqueConstraintViolationException [49;22m  
[39;1m  SQLSTATE[23505]: Unique violation: 7 FEHLER:  doppelter Schlüsselwert verletzt Unique-Constraint »user_organisation_roles_user_id_organisation_id_unique«
DETAIL:  Schlüssel »(user_id, organisation_id)=(a1e8ee09-8edc-4591-b5ad-fcb16384984a, a1e8ee09-868a-4caf-aac7-bc62cebda936)« existiert bereits. (Connection: pgsql, SQL: insert into "user_organisation_roles" ("created_at", "id", "organisation_id", "role", "updated_at", "user_id") values (2026-05-31 08:59:40, 81852a9e-5e11-4400-a58b-acf87d135191, a1e8ee09-868a-4caf-aac7-bc62cebda936, voter, 2026-05-31 08:59:40, a1e8ee09-8edc-4591-b5ad-fcb16384984a))[39;22m

  at [32mvendor\laravel\framework\src\Illuminate\Database\Connection.php[39m:[32m820[39m
    816▕         // message to include the bindings with SQL, which will make this exception a
    817▕         // lot more helpful to the developer instead of just the database's errors.
    818▕         catch (Exception $e) {
    819▕             if ($this->isUniqueConstraintError($e)) {
  ➜ 820▕                 throw new UniqueConstraintViolationException(
    821▕                     $this->getName(), $query, $this->prepareBindings($bindings), $e
    822▕                 );
    823▕             }
    824▕

  [33m1   [39m[39;1mvendor\laravel\framework\src\Illuminate\Database\Connection.php[39;22m:[39;1m820[39;22m

  [33m2   [39m[39;1mvendor\laravel\framework\src\Illuminate\Database\Connection.php[39;22m:[39;1m571[39;22m
  [90m    NunoMaduro\Collision\Exceptions\TestException::("SQLSTATE[23505]: Unique violation: 7 FEHLER:  doppelter Schlüsselwert verletzt Unique-Constraint »user_organisation_roles_user_id_organisation_id_unique«
DETAIL:  Schlüssel »(user_id, organisation_id)=(a1e8ee09-8edc-4591-b5ad-fcb16384984a, a1e8ee09-868a-4caf-aac7-bc62cebda936)« existiert bereits.")[39m

  [31m────────────────────────────────────────────────────────────────────────────────────────────────────────────────────[39m  
  [41;1m FAILED [49;22m [1mTests\Feature\VoteVerifyTest[22m [90m>[39m retrieve vote record fails for nonexis… [41;1m UniqueConstraintViolationException [49;22m  
[39;1m  SQLSTATE[23505]: Unique violation: 7 FEHLER:  doppelter Schlüsselwert verletzt Unique-Constraint »user_organisation_roles_user_id_organisation_id_unique«
DETAIL:  Schlüssel »(user_id, organisation_id)=(a1e8ee09-e524-4f08-bccc-db1c4fa4a004, a1e8ee09-dcb5-4096-ae98-581b875608c9)« existiert bereits. (Connection: pgsql, SQL: insert into "user_organisation_roles" ("created_at", "id", "organisation_id", "role", "updated_at", "user_id") values (2026-05-31 08:59:41, 83e8bf54-a665-4aac-8c04-ab5d590c19b6, a1e8ee09-dcb5-4096-ae98-581b875608c9, voter, 2026-05-31 08:59:41, a1e8ee09-e524-4f08-bccc-db1c4fa4a004))[39;22m

  at [32mvendor\laravel\framework\src\Illuminate\Database\Connection.php[39m:[32m820[39m
    816▕         // message to include the bindings with SQL, which will make this exception a
    817▕         // lot more helpful to the developer instead of just the database's errors.
    818▕         catch (Exception $e) {
    819▕             if ($this->isUniqueConstraintError($e)) {
  ➜ 820▕                 throw new UniqueConstraintViolationException(
    821▕                     $this->getName(), $query, $this->prepareBindings($bindings), $e
    822▕                 );
    823▕             }
    824▕

  [33m1   [39m[39;1mvendor\laravel\framework\src\Illuminate\Database\Connection.php[39;22m:[39;1m820[39;22m

  [33m2   [39m[39;1mvendor\laravel\framework\src\Illuminate\Database\Connection.php[39;22m:[39;1m571[39;22m
  [90m    NunoMaduro\Collision\Exceptions\TestException::("SQLSTATE[23505]: Unique violation: 7 FEHLER:  doppelter Schlüsselwert verletzt Unique-Constraint »user_organisation_roles_user_id_organisation_id_unique«
DETAIL:  Schlüssel »(user_id, organisation_id)=(a1e8ee09-e524-4f08-bccc-db1c4fa4a004, a1e8ee09-dcb5-4096-ae98-581b875608c9)« existiert bereits.")[39m

  [31m────────────────────────────────────────────────────────────────────────────────────────────────────────────────────[39m  
  [41;1m FAILED [49;22m [1mTests\Feature\VoteVerifyTest[22m [90m>[39m vote record has no user id              [41;1m UniqueConstraintViolationException [49;22m  
[39;1m  SQLSTATE[23505]: Unique violation: 7 FEHLER:  doppelter Schlüsselwert verletzt Unique-Constraint »user_organisation_roles_user_id_organisation_id_unique«
DETAIL:  Schlüssel »(user_id, organisation_id)=(a1e8ee0a-5ccb-4fef-8635-d844cbd8cb38, a1e8ee0a-53a2-4931-8dd8-3e1accd1a138)« existiert bereits. (Connection: pgsql, SQL: insert into "user_organisation_roles" ("created_at", "id", "organisation_id", "role", "updated_at", "user_id") values (2026-05-31 08:59:41, 2e9d00bf-ba2e-4433-888b-bbcc787438f3, a1e8ee0a-53a2-4931-8dd8-3e1accd1a138, voter, 2026-05-31 08:59:41, a1e8ee0a-5ccb-4fef-8635-d844cbd8cb38))[39;22m

  at [32mvendor\laravel\framework\src\Illuminate\Database\Connection.php[39m:[32m820[39m
    816▕         // message to include the bindings with SQL, which will make this exception a
    817▕         // lot more helpful to the developer instead of just the database's errors.
    818▕         catch (Exception $e) {
    819▕             if ($this->isUniqueConstraintError($e)) {
  ➜ 820▕                 throw new UniqueConstraintViolationException(
    821▕                     $this->getName(), $query, $this->prepareBindings($bindings), $e
    822▕                 );
    823▕             }
    824▕

  [33m1   [39m[39;1mvendor\laravel\framework\src\Illuminate\Database\Connection.php[39;22m:[39;1m820[39;22m

  [33m2   [39m[39;1mvendor\laravel\framework\src\Illuminate\Database\Connection.php[39;22m:[39;1m571[39;22m
  [90m    NunoMaduro\Collision\Exceptions\TestException::("SQLSTATE[23505]: Unique violation: 7 FEHLER:  doppelter Schlüsselwert verletzt Unique-Constraint »user_organisation_roles_user_id_organisation_id_unique«
DETAIL:  Schlüssel »(user_id, organisation_id)=(a1e8ee0a-5ccb-4fef-8635-d844cbd8cb38, a1e8ee0a-53a2-4931-8dd8-3e1accd1a138)« existiert bereits.")[39m

  [31m────────────────────────────────────────────────────────────────────────────────────────────────────────────────────[39m  
  [41;1m FAILED [49;22m [1mTests\Feature\Vote\VoteControllerConstitutionalTest[22m [90m>[39m create uses election lifecycle not raw is active fi…   
[39;1m  Expected response status code [200] but received 500.
Failed asserting that 500 is identical to 200.

The following exception occurred during the last request:

Symfony\Component\Routing\Exception\RouteNotFoundException: Route [vote.direct] not defined. in C:\Users\nabra\OneDrive\Desktop\roshyara\xamp\nrna\nrna-eu\vendor\laravel\framework\src\Illuminate\Routing\UrlGenerator.php:517
Stack trace:
#0 C:\Users\nabra\OneDrive\Desktop\roshyara\xamp\nrna\nrna-eu\vendor\laravel\framework\src\Illuminate\Routing\Redirector.php(154): Illuminate\Routing\UrlGenerator->route('vote.direct', Array)
#1 C:\Users\nabra\OneDrive\Desktop\roshyara\xamp\nrna\nrna-eu\routes\election\electionRoutes.php(152): Illuminate\Routing\Redirector->route('vote.direct')
#2 C:\Users\nabra\OneDrive\Desktop\roshyara\xamp\nrna\nrna-eu\vendor\laravel\framework\src\Illuminate\Routing\CallableDispatcher.php(40): Illuminate\Routing\RouteFileRegistrar->{closure}()
#3 C:\Users\nabra\OneDrive\Desktop\roshyara\xamp\nrna\nrna-eu\vendor\laravel\framework\src\Illuminate\Routing\Route.php(244): Illuminate\Routing\CallableDispatcher->dispatch(Object(Illuminate\Routing\Route), Object(Closure))
#4 C:\Users\nabra\OneDrive\Desktop\roshyara\xamp\nrna\nrna-eu\vendor\laravel\framework\src\Illuminate\Routing\Route.php(215): Illuminate\Routing\Route->runCallable()
#5 C:\Users\nabra\OneDrive\Desktop\roshyara\xamp\nrna\nrna-eu\vendor\laravel\framework\src\Illuminate\Routing\Router.php(808): Illuminate\Routing\Route->run()
#6 C:\Users\nabra\OneDrive\Desktop\roshyara\xamp\nrna\nrna-eu\vendor\laravel\framework\src\Illuminate\Pipeline\Pipeline.php(170): Illuminate\Routing\Router->Illuminate\Routing\{closure}(Object(Illuminate\Http\Request))
#7 C:\Users\nabra\OneDrive\Desktop\roshyara\xamp\nrna\nrna-eu\app\Http\Middleware\EnsureElectionVoter.php(33): Illuminate\Pipeline\Pipeline->Illuminate\Pipeline\{closure}(Object(Illuminate\Http\Request))
#8 C:\Users\nabra\OneDrive\Desktop\roshyara\xamp\nrna\nrna-eu\vendor\laravel\framework\src\Illuminate\Pipeline\Pipeline.php(209): App\Http\Middleware\EnsureElectionVoter->handle(Object(Illuminate\Http\Request), Object(Closure))
#9 C:\Users\nabra\OneDrive\Desktop\roshyara\xamp\nrna\nrna-eu\app\Http\Middleware\ElectionMiddleware.php(162): Illuminate\Pipeline\Pipeline->Illuminate\Pipeline\{closure}(Object(Illuminate\Http\Request))
#10 C:\Users\nabra\OneDrive\Desktop\roshyara\xamp\nrna\nrna-eu\vendor\laravel\framework\src\Illuminate\Pipeline\Pipeline.php(209): App\Http\Middleware\ElectionMiddleware->handle(Object(Illuminate\Http\Request), Object(Closure))
#11 C:\Users\nabra\OneDrive\Desktop\roshyara\xamp\nrna\nrna-eu\vendor\laravel\framework\src\Illuminate\Auth\Middleware\Authenticate.php(64): Illuminate\Pipeline\Pipeline->Illuminate\Pipeline\{closure}(Object(Illuminate\Http\Request))
#12 C:\Users\nabra\OneDrive\Desktop\roshyara\xamp\nrna\nrna-eu\vendor\laravel\framework\src\Illuminate\Pipeline\Pipeline.php(209): Illuminate\Auth\Middleware\Authenticate->handle(Object(Illuminate\Http\Request), Object(Closure))
#13 C:\Users\nabra\OneDrive\Desktop\roshyara\xamp\nrna\nrna-eu\vendor\laravel\framework\src\Illuminate\Auth\Middleware\EnsureEmailIsVerified.php(41): Illuminate\Pipeline\Pipeline->Illuminate\Pipeline\{closure}(Object(Illuminate\Http\Request))
#14 C:\Users\nabra\OneDrive\Desktop\roshyara\xamp\nrna\nrna-eu\vendor\laravel\framework\src\Illuminate\Pipeline\Pipeline.php(209): Illuminate\Auth\Middleware\EnsureEmailIsVerified->handle(Object(Illuminate\Http\Request), Object(Closure))
#15 C:\Users\nabra\OneDrive\Desktop\roshyara\xamp\nrna\nrna-eu\vendor\laravel\framework\src\Illuminate\Auth\Middleware\Authenticate.php(64): Illuminate\Pipeline\Pipeline->Illuminate\Pipeline\{closure}(Object(Illuminate\Http\Request))
#16 C:\Users\nabra\OneDrive\Desktop\roshyara\xamp\nrna\nrna-eu\vendor\laravel\framework\src\Illuminate\Pipeline\Pipeline.php(209): Illuminate\Auth\Middleware\Authenticate->handle(Object(Illuminate\Http\Request), Object(Closure), 'sanctum')
#17 C:\Users\nabra\OneDrive\Desktop\roshyara\xamp\nrna\nrna-eu\vendor\inertiajs\inertia-laravel\src\Middleware.php(86): Illuminate\Pipeline\Pipeline->Illuminate\Pipeline\{closure}(Object(Illuminate\Http\Request))
#18 C:\Users\nabra\OneDrive\Desktop\roshyara\xamp\nrna\nrna-eu\vendor\laravel\framework\src\Illuminate\Pipeline\Pipeline.php(209): Inertia\Middleware->handle(Object(Illuminate\Http\Request), Object(Closure))
#19 C:\Users\nabra\OneDrive\Desktop\roshyara\xamp\nrna\nrna-eu\app\Http\Middleware\InjectPageMeta.php(65): Illuminate\Pipeline\Pipeline->Illuminate\Pipeline\{closure}(Object(Illuminate\Http\Request))
#20 C:\Users\nabra\OneDrive\Desktop\roshyara\xamp\nrna\nrna-eu\vendor\laravel\framework\src\Illuminate\Pipeline\Pipeline.php(209): App\Http\Middleware\InjectPageMeta->handle(Object(Illuminate\Http\Request), Object(Closure))
#21 C:\Users\nabra\OneDrive\Desktop\roshyara\xamp\nrna\nrna-eu\app\Http\Middleware\SetLocale.php(59): Illuminate\Pipeline\Pipeline->Illuminate\Pipeline\{closure}(Object(Illuminate\Http\Request))
#22 C:\Users\nabra\OneDrive\Desktop\roshyara\xamp\nrna\nrna-eu\vendor\laravel\framework\src\Illuminate\Pipeline\Pipeline.php(209): App\Http\Middleware\SetLocale->handle(Object(Illuminate\Http\Request), Object(Closure))
#23 C:\Users\nabra\OneDrive\Desktop\roshyara\xamp\nrna\nrna-eu\app\Http\Middleware\PreloadAssets.php(12): Illuminate\Pipeline\Pipeline->Illuminate\Pipeline\{closure}(Object(Illuminate\Http\Request))
#24 C:\Users\nabra\OneDrive\Desktop\roshyara\xamp\nrna\nrna-eu\vendor\laravel\framework\src\Illuminate\Pipeline\Pipeline.php(209): App\Http\Middleware\PreloadAssets->handle(Object(Illuminate\Http\Request), Object(Closure))
#25 C:\Users\nabra\OneDrive\Desktop\roshyara\xamp\nrna\nrna-eu\vendor\laravel\framework\src\Illuminate\Routing\Middleware\SubstituteBindings.php(51): Illuminate\Pipeline\Pipeline->Illuminate\Pipeline\{closure}(Object(Illuminate\Http\Request))
#26 C:\Users\nabra\OneDrive\Desktop\roshyara\xamp\nrna\nrna-eu\vendor\laravel\framework\src\Illuminate\Pipeline\Pipeline.php(209): Illuminate\Routing\Middleware\SubstituteBindings->handle(Object(Illuminate\Http\Request), Object(Closure))
#27 C:\Users\nabra\OneDrive\Desktop\roshyara\xamp\nrna\nrna-eu\vendor\laravel\framework\src\Illuminate\Foundation\Http\Middleware\VerifyCsrfToken.php(88): Illuminate\Pipeline\Pipeline->Illuminate\Pipeline\{closure}(Object(Illuminate\Http\Request))
#28 C:\Users\nabra\OneDrive\Desktop\roshyara\xamp\nrna\nrna-eu\vendor\laravel\framework\src\Illuminate\Pipeline\Pipeline.php(209): Illuminate\Foundation\Http\Middleware\VerifyCsrfToken->handle(Object(Illuminate\Http\Request), Object(Closure))
#29 C:\Users\nabra\OneDrive\Desktop\roshyara\xamp\nrna\nrna-eu\vendor\laravel\framework\src\Illuminate\View\Middleware\ShareErrorsFromSession.php(49): Illuminate\Pipeline\Pipeline->Illuminate\Pipeline\{closure}(Object(Illuminate\Http\Request))
#30 C:\Users\nabra\OneDrive\Desktop\roshyara\xamp\nrna\nrna-eu\vendor\laravel\framework\src\Illuminate\Pipeline\Pipeline.php(209): Illuminate\View\Middleware\ShareErrorsFromSession->handle(Object(Illuminate\Http\Request), Object(Closure))
#31 C:\Users\nabra\OneDrive\Desktop\roshyara\xamp\nrna\nrna-eu\vendor\laravel\framework\src\Illuminate\Session\Middleware\StartSession.php(121): Illuminate\Pipeline\Pipeline->Illuminate\Pipeline\{closure}(Object(Illuminate\Http\Request))
#32 C:\Users\nabra\OneDrive\Desktop\roshyara\xamp\nrna\nrna-eu\vendor\laravel\framework\src\Illuminate\Session\Middleware\StartSession.php(64): Illuminate\Session\Middleware\StartSession->handleStatefulRequest(Object(Illuminate\Http\Request), Object(Illuminate\Session\Store), Object(Closure))
#33 C:\Users\nabra\OneDrive\Desktop\roshyara\xamp\nrna\nrna-eu\vendor\laravel\framework\src\Illuminate\Pipeline\Pipeline.php(209): Illuminate\Session\Middleware\StartSession->handle(Object(Illuminate\Http\Request), Object(Closure))
#34 C:\Users\nabra\OneDrive\Desktop\roshyara\xamp\nrna\nrna-eu\vendor\laravel\framework\src\Illuminate\Cookie\Middleware\AddQueuedCookiesToResponse.php(37): Illuminate\Pipeline\Pipeline->Illuminate\Pipeline\{closure}(Object(Illuminate\Http\Request))
#35 C:\Users\nabra\OneDrive\Desktop\roshyara\xamp\nrna\nrna-eu\vendor\laravel\framework\src\Illuminate\Pipeline\Pipeline.php(209): Illuminate\Cookie\Middleware\AddQueuedCookiesToResponse->handle(Object(Illuminate\Http\Request), Object(Closure))
#36 C:\Users\nabra\OneDrive\Desktop\roshyara\xamp\nrna\nrna-eu\vendor\laravel\framework\src\Illuminate\Cookie\Middleware\EncryptCookies.php(75): Illuminate\Pipeline\Pipeline->Illuminate\Pipeline\{closure}(Object(Illuminate\Http\Request))
#37 C:\Users\nabra\OneDrive\Desktop\roshyara\xamp\nrna\nrna-eu\vendor\laravel\framework\src\Illuminate\Pipeline\Pipeline.php(209): Illuminate\Cookie\Middleware\EncryptCookies->handle(Object(Illuminate\Http\Request), Object(Closure))
#38 C:\Users\nabra\OneDrive\Desktop\roshyara\xamp\nrna\nrna-eu\vendor\laravel\framework\src\Illuminate\Pipeline\Pipeline.php(127): Illuminate\Pipeline\Pipeline->Illuminate\Pipeline\{closure}(Object(Illuminate\Http\Request))
#39 C:\Users\nabra\OneDrive\Desktop\roshyara\xamp\nrna\nrna-eu\vendor\laravel\framework\src\Illuminate\Routing\Router.php(807): Illuminate\Pipeline\Pipeline->then(Object(Closure))
#40 C:\Users\nabra\OneDrive\Desktop\roshyara\xamp\nrna\nrna-eu\vendor\laravel\framework\src\Illuminate\Routing\Router.php(786): Illuminate\Routing\Router->runRouteWithinStack(Object(Illuminate\Routing\Route), Object(Illuminate\Http\Request))
#41 C:\Users\nabra\OneDrive\Desktop\roshyara\xamp\nrna\nrna-eu\vendor\laravel\framework\src\Illuminate\Routing\Router.php(750): Illuminate\Routing\Router->runRoute(Object(Illuminate\Http\Request), Object(Illuminate\Routing\Route))
#42 C:\Users\nabra\OneDrive\Desktop\roshyara\xamp\nrna\nrna-eu\vendor\laravel\framework\src\Illuminate\Routing\Router.php(739): Illuminate\Routing\Router->dispatchToRoute(Object(Illuminate\Http\Request))
#43 C:\Users\nabra\OneDrive\Desktop\roshyara\xamp\nrna\nrna-eu\vendor\laravel\framework\src\Illuminate\Foundation\Http\Kernel.php(201): Illuminate\Routing\Router->dispatch(Object(Illuminate\Http\Request))
#44 C:\Users\nabra\OneDrive\Desktop\roshyara\xamp\nrna\nrna-eu\vendor\laravel\framework\src\Illuminate\Pipeline\Pipeline.php(170): Illuminate\Foundation\Http\Kernel->Illuminate\Foundation\Http\{closure}(Object(Illuminate\Http\Request))
#45 C:\Users\nabra\OneDrive\Desktop\roshyara\xamp\nrna\nrna-eu\app\Http\Middleware\TrackPerformance.php(28): Illuminate\Pipeline\Pipeline->Illuminate\Pipeline\{closure}(Object(Illuminate\Http\Request))
#46 C:\Users\nabra\OneDrive\Desktop\roshyara\xamp\nrna\nrna-eu\vendor\laravel\framework\src\Illuminate\Pipeline\Pipeline.php(209): App\Http\Middleware\TrackPerformance->handle(Object(Illuminate\Http\Request), Object(Closure))
#47 C:\Users\nabra\OneDrive\Desktop\roshyara\xamp\nrna\nrna-eu\vendor\laravel\framework\src\Illuminate\Foundation\Http\Middleware\TransformsRequest.php(21): Illuminate\Pipeline\Pipeline->Illuminate\Pipeline\{closure}(Object(Illuminate\Http\Request))
#48 C:\Users\nabra\OneDrive\Desktop\roshyara\xamp\nrna\nrna-eu\vendor\laravel\framework\src\Illuminate\Foundation\Http\Middleware\ConvertEmptyStringsToNull.php(31): Illuminate\Foundation\Http\Middleware\TransformsRequest->handle(Object(Illuminate\Http\Request), Object(Closure))
#49 C:\Users\nabra\OneDrive\Desktop\roshyara\xamp\nrna\nrna-eu\vendor\laravel\framework\src\Illuminate\Pipeline\Pipeline.php(209): Illuminate\Foundation\Http\Middleware\ConvertEmptyStringsToNull->handle(Object(Illuminate\Http\Request), Object(Closure))
#50 C:\Users\nabra\OneDrive\Desktop\roshyara\xamp\nrna\nrna-eu\vendor\laravel\framework\src\Illuminate\Foundation\Http\Middleware\TransformsRequest.php(21): Illuminate\Pipeline\Pipeline->Illuminate\Pipeline\{closure}(Object(Illuminate\Http\Request))
#51 C:\Users\nabra\OneDrive\Desktop\roshyara\xamp\nrna\nrna-eu\vendor\laravel\framework\src\Illuminate\Foundation\Http\Middleware\TrimStrings.php(51): Illuminate\Foundation\Http\Middleware\TransformsRequest->handle(Object(Illuminate\Http\Request), Object(Closure))
#52 C:\Users\nabra\OneDrive\Desktop\roshyara\xamp\nrna\nrna-eu\vendor\laravel\framework\src\Illuminate\Pipeline\Pipeline.php(209): Illuminate\Foundation\Http\Middleware\TrimStrings->handle(Object(Illuminate\Http\Request), Object(Closure))
#53 C:\Users\nabra\OneDrive\Desktop\roshyara\xamp\nrna\nrna-eu\vendor\laravel\framework\src\Illuminate\Http\Middleware\ValidatePostSize.php(27): Illuminate\Pipeline\Pipeline->Illuminate\Pipeline\{closure}(Object(Illuminate\Http\Request))
#54 C:\Users\nabra\OneDrive\Desktop\roshyara\xamp\nrna\nrna-eu\vendor\laravel\framework\src\Illuminate\Pipeline\Pipeline.php(209): Illuminate\Http\Middleware\ValidatePostSize->handle(Object(Illuminate\Http\Request), Object(Closure))
#55 C:\Users\nabra\OneDrive\Desktop\roshyara\xamp\nrna\nrna-eu\vendor\laravel\framework\src\Illuminate\Foundation\Http\Middleware\PreventRequestsDuringMaintenance.php(110): Illuminate\Pipeline\Pipeline->Illuminate\Pipeline\{closure}(Object(Illuminate\Http\Request))
#56 C:\Users\nabra\OneDrive\Desktop\roshyara\xamp\nrna\nrna-eu\vendor\laravel\framework\src\Illuminate\Pipeline\Pipeline.php(209): Illuminate\Foundation\Http\Middleware\PreventRequestsDuringMaintenance->handle(Object(Illuminate\Http\Request), Object(Closure))
#57 C:\Users\nabra\OneDrive\Desktop\roshyara\xamp\nrna\nrna-eu\vendor\laravel\framework\src\Illuminate\Http\Middleware\HandleCors.php(49): Illuminate\Pipeline\Pipeline->Illuminate\Pipeline\{closure}(Object(Illuminate\Http\Request))
#58 C:\Users\nabra\OneDrive\Desktop\roshyara\xamp\nrna\nrna-eu\vendor\laravel\framework\src\Illuminate\Pipeline\Pipeline.php(209): Illuminate\Http\Middleware\HandleCors->handle(Object(Illuminate\Http\Request), Object(Closure))
#59 C:\Users\nabra\OneDrive\Desktop\roshyara\xamp\nrna\nrna-eu\vendor\laravel\framework\src\Illuminate\Http\Middleware\TrustProxies.php(58): Illuminate\Pipeline\Pipeline->Illuminate\Pipeline\{closure}(Object(Illuminate\Http\Request))
#60 C:\Users\nabra\OneDrive\Desktop\roshyara\xamp\nrna\nrna-eu\vendor\laravel\framework\src\Illuminate\Pipeline\Pipeline.php(209): Illuminate\Http\Middleware\TrustProxies->handle(Object(Illuminate\Http\Request), Object(Closure))
#61 C:\Users\nabra\OneDrive\Desktop\roshyara\xamp\nrna\nrna-eu\vendor\laravel\framework\src\Illuminate\Foundation\Http\Middleware\InvokeDeferredCallbacks.php(22): Illuminate\Pipeline\Pipeline->Illuminate\Pipeline\{closure}(Object(Illuminate\Http\Request))
#62 C:\Users\nabra\OneDrive\Desktop\roshyara\xamp\nrna\nrna-eu\vendor\laravel\framework\src\Illuminate\Pipeline\Pipeline.php(209): Illuminate\Foundation\Http\Middleware\InvokeDeferredCallbacks->handle(Object(Illuminate\Http\Request), Object(Closure))
#63 C:\Users\nabra\OneDrive\Desktop\roshyara\xamp\nrna\nrna-eu\vendor\laravel\framework\src\Illuminate\Pipeline\Pipeline.php(127): Illuminate\Pipeline\Pipeline->Illuminate\Pipeline\{closure}(Object(Illuminate\Http\Request))
#64 C:\Users\nabra\OneDrive\Desktop\roshyara\xamp\nrna\nrna-eu\vendor\laravel\framework\src\Illuminate\Foundation\Http\Kernel.php(176): Illuminate\Pipeline\Pipeline->then(Object(Closure))
#65 C:\Users\nabra\OneDrive\Desktop\roshyara\xamp\nrna\nrna-eu\vendor\laravel\framework\src\Illuminate\Foundation\Http\Kernel.php(145): Illuminate\Foundation\Http\Kernel->sendRequestThroughRouter(Object(Illuminate\Http\Request))
#66 C:\Users\nabra\OneDrive\Desktop\roshyara\xamp\nrna\nrna-eu\vendor\laravel\framework\src\Illuminate\Foundation\Testing\Concerns\MakesHttpRequests.php(607): Illuminate\Foundation\Http\Kernel->handle(Object(Illuminate\Http\Request))
#67 C:\Users\nabra\OneDrive\Desktop\roshyara\xamp\nrna\nrna-eu\vendor\laravel\framework\src\Illuminate\Foundation\Testing\Concerns\MakesHttpRequests.php(368): Illuminate\Foundation\Testing\TestCase->call('GET', 'http://localhos...', Array, Array, Array, Array)
#68 C:\Users\nabra\OneDrive\Desktop\roshyara\xamp\nrna\nrna-eu\tests\Feature\Vote\VoteControllerConstitutionalTest.php(66): Illuminate\Foundation\Testing\TestCase->get('http://localhos...')
#69 C:\Users\nabra\OneDrive\Desktop\roshyara\xamp\nrna\nrna-eu\vendor\phpunit\phpunit\src\Framework\TestCase.php(1235): Tests\Feature\Vote\VoteControllerConstitutionalTest->test_create_uses_election_lifecycle_not_raw_is_active_field()
#70 C:\Users\nabra\OneDrive\Desktop\roshyara\xamp\nrna\nrna-eu\vendor\phpunit\phpunit\src\Framework\TestCase.php(514): PHPUnit\Framework\TestCase->runTest()
#71 C:\Users\nabra\OneDrive\Desktop\roshyara\xamp\nrna\nrna-eu\vendor\phpunit\phpunit\src\Framework\TestRunner\TestRunner.php(87): PHPUnit\Framework\TestCase->runBare()
#72 C:\Users\nabra\OneDrive\Desktop\roshyara\xamp\nrna\nrna-eu\vendor\phpunit\phpunit\src\Framework\TestCase.php(361): PHPUnit\Framework\TestRunner->run(Object(Tests\Feature\Vote\VoteControllerConstitutionalTest))
#73 C:\Users\nabra\OneDrive\Desktop\roshyara\xamp\nrna\nrna-eu\vendor\phpunit\phpunit\src\Framework\TestSuite.php(369): PHPUnit\Framework\TestCase->run()
#74 C:\Users\nabra\OneDrive\Desktop\roshyara\xamp\nrna\nrna-eu\vendor\phpunit\phpunit\src\Framework\TestSuite.php(369): PHPUnit\Framework\TestSuite->run()
#75 C:\Users\nabra\OneDrive\Desktop\roshyara\xamp\nrna\nrna-eu\vendor\phpunit\phpunit\src\Framework\TestSuite.php(369): PHPUnit\Framework\TestSuite->run()
#76 C:\Users\nabra\OneDrive\Desktop\roshyara\xamp\nrna\nrna-eu\vendor\phpunit\phpunit\src\TextUI\TestRunner.php(64): PHPUnit\Framework\TestSuite->run()
#77 C:\Users\nabra\OneDrive\Desktop\roshyara\xamp\nrna\nrna-eu\vendor\phpunit\phpunit\src\TextUI\Application.php(210): PHPUnit\TextUI\TestRunner->run(Object(PHPUnit\TextUI\Configuration\Configuration), Object(PHPUnit\Runner\ResultCache\DefaultResultCache), Object(PHPUnit\Framework\TestSuite))
#78 C:\Users\nabra\OneDrive\Desktop\roshyara\xamp\nrna\nrna-eu\vendor\phpunit\phpunit\phpunit(104): PHPUnit\TextUI\Application->run(Array)
#79 {main}

----------------------------------------------------------------------------------

Route [vote.direct] not defined.[39;22m

  at [32mtests\Feature\Vote\VoteControllerConstitutionalTest.php[39m:[32m69[39m
     65▕         // Act: Access create page
     66▕         $response = $this->actingAs($user)->get(route('vote.create'));
     67▕ 
     68▕         // Assert: Response shows the SSOT value (true), not DB value (false)
  ➜  69▕         $response->assertStatus(200);
     70▕         $response->assertHasInertiaProps(['election']);
     71▕ 
     72▕         $election_prop = $response->props()['election'];
     73▕         $this->assertIsArray($election_prop);

  [31m────────────────────────────────────────────────────────────────────────────────────────────────────────────────────[39m  
  [41;1m FAILED [49;22m [1mTests\Feature\Vote\VoteControllerConstitutionalTest[22m [90m>[39m verify to show uses election lifecycle not raw is a…   
[39;1m  Expected response status code [200] but received 405.
Failed asserting that 405 is identical to 200.[39;22m

  at [32mtests\Feature\Vote\VoteControllerConstitutionalTest.php[39m:[32m132[39m
    128▕                 'voting_code' => 'test_code',
    129▕             ]);
    130▕ 
    131▕         // Assert: Uses SSOT value
  ➜ 132▕         $response->assertStatus(200);
    133▕         $response->assertHasInertiaProps(['election']);
    134▕ 
    135▕         $election_prop = $response->props()['election'];
    136▕         $this->assertTrue($election_prop['is_active'],

  [31m────────────────────────────────────────────────────────────────────────────────────────────────────────────────────[39m  
  [41;1m FAILED [49;22m [1mTests\Feature\VoterDashboardIntegrationTest[22m [90m>[39m voter can start voting from dashboard        [41;1m QueryException [49;22m  
[39;1m  SQLSTATE[42703]: Undefined column: 7 FEHLER:  Spalte »is_voter« von Relation »users« existiert nicht
LINE 1: ...egion", "organisation_id", "is_committee_member", "is_voter"...
                                                             ^ (Connection: pgsql, SQL: insert into "users" ("name", "email", "email_verified_at", "password", "remember_token", "region", "organisation_id", "is_committee_member", "is_voter", "can_vote", "has_voted", "id", "updated_at", "created_at") values (Sallie Daugherty, willie80@example.net, 2026-05-31 08:59:43, $2y$10$92IXUNpkjO0rOQ5byMi.Ye4oKoEa3Ro9llC/.og/at2.uheWG/igi, 2yA7x9b7Rx, Wyoming, 2fb5b0dd-4f0b-4c9e-ae2c-a27050ef1560, 0, 1, 1, 0, a1e8ee0d-4c48-4bec-8bc4-f288117b396b, 2026-05-31 08:59:43, 2026-05-31 08:59:43))[39;22m

  at [32mvendor\laravel\framework\src\Illuminate\Database\Connection.php[39m:[32m825[39m
    821▕                     $this->getName(), $query, $this->prepareBindings($bindings), $e
    822▕                 );
    823▕             }
    824▕ 
  ➜ 825▕             throw new QueryException(
    826▕                 $this->getName(), $query, $this->prepareBindings($bindings), $e
    827▕             );
    828▕         }
    829▕     }

  [33m1   [39m[39;1mvendor\laravel\framework\src\Illuminate\Database\Connection.php[39;22m:[39;1m825[39;22m

  [33m2   [39m[39;1mvendor\laravel\framework\src\Illuminate\Database\Connection.php[39;22m:[39;1m571[39;22m
  [90m    NunoMaduro\Collision\Exceptions\TestException::("SQLSTATE[42703]: Undefined column: 7 FEHLER:  Spalte »is_voter« von Relation »users« existiert nicht
LINE 1: ...egion", "organisation_id", "is_committee_member", "is_voter"...
                                                             ^")[39m

  [31m────────────────────────────────────────────────────────────────────────────────────────────────────────────────────[39m  
  [41;1m FAILED [49;22m [1mTests\Feature\VoterDashboardIntegrationTest[22m [90m>[39m voter with existing slug redirects to curre… [41;1m QueryException [49;22m  
[39;1m  SQLSTATE[42703]: Undefined column: 7 FEHLER:  Spalte »is_voter« von Relation »users« existiert nicht
LINE 1: ...egion", "organisation_id", "is_committee_member", "is_voter"...
                                                             ^ (Connection: pgsql, SQL: insert into "users" ("name", "email", "email_verified_at", "password", "remember_token", "region", "organisation_id", "is_committee_member", "is_voter", "can_vote", "has_voted", "id", "updated_at", "created_at") values (Ellsworth Dietrich, nmarks@example.net, 2026-05-31 08:59:43, $2y$10$92IXUNpkjO0rOQ5byMi.Ye4oKoEa3Ro9llC/.og/at2.uheWG/igi, FLiahwVamZ, Montana, 2fb5b0dd-4f0b-4c9e-ae2c-a27050ef1560, 0, 1, 1, 0, a1e8ee0d-d38d-4472-8509-8402bf33efbc, 2026-05-31 08:59:43, 2026-05-31 08:59:43))[39;22m

  at [32mvendor\laravel\framework\src\Illuminate\Database\Connection.php[39m:[32m825[39m
    821▕                     $this->getName(), $query, $this->prepareBindings($bindings), $e
    822▕                 );
    823▕             }
    824▕ 
  ➜ 825▕             throw new QueryException(
    826▕                 $this->getName(), $query, $this->prepareBindings($bindings), $e
    827▕             );
    828▕         }
    829▕     }

  [33m1   [39m[39;1mvendor\laravel\framework\src\Illuminate\Database\Connection.php[39;22m:[39;1m825[39;22m

  [33m2   [39m[39;1mvendor\laravel\framework\src\Illuminate\Database\Connection.php[39;22m:[39;1m571[39;22m
  [90m    NunoMaduro\Collision\Exceptions\TestException::("SQLSTATE[42703]: Undefined column: 7 FEHLER:  Spalte »is_voter« von Relation »users« existiert nicht
LINE 1: ...egion", "organisation_id", "is_committee_member", "is_voter"...
                                                             ^")[39m

  [31m────────────────────────────────────────────────────────────────────────────────────────────────────────────────────[39m  
  [41;1m FAILED [49;22m [1mTests\Feature\VoterDashboardIntegrationTest[22m [90m>[39m ineligible voter cannot start voting         [41;1m QueryException [49;22m  
[39;1m  SQLSTATE[42703]: Undefined column: 7 FEHLER:  Spalte »is_voter« von Relation »users« existiert nicht
LINE 1: ...egion", "organisation_id", "is_committee_member", "is_voter"...
                                                             ^ (Connection: pgsql, SQL: insert into "users" ("name", "email", "email_verified_at", "password", "remember_token", "region", "organisation_id", "is_committee_member", "is_voter", "can_vote", "has_voted", "id", "updated_at", "created_at") values (Claire Kohler, boyd.bailey@example.org, 2026-05-31 08:59:43, $2y$10$92IXUNpkjO0rOQ5byMi.Ye4oKoEa3Ro9llC/.og/at2.uheWG/igi, 9sX2lUZZEz, Connecticut, 2fb5b0dd-4f0b-4c9e-ae2c-a27050ef1560, 0, 1, 0, 0, a1e8ee0e-50a9-41cc-83f4-92739b718f2b, 2026-05-31 08:59:44, 2026-05-31 08:59:44))[39;22m

  at [32mvendor\laravel\framework\src\Illuminate\Database\Connection.php[39m:[32m825[39m
    821▕                     $this->getName(), $query, $this->prepareBindings($bindings), $e
    822▕                 );
    823▕             }
    824▕ 
  ➜ 825▕             throw new QueryException(
    826▕                 $this->getName(), $query, $this->prepareBindings($bindings), $e
    827▕             );
    828▕         }
    829▕     }

  [33m1   [39m[39;1mvendor\laravel\framework\src\Illuminate\Database\Connection.php[39;22m:[39;1m825[39;22m

  [33m2   [39m[39;1mvendor\laravel\framework\src\Illuminate\Database\Connection.php[39;22m:[39;1m571[39;22m
  [90m    NunoMaduro\Collision\Exceptions\TestException::("SQLSTATE[42703]: Undefined column: 7 FEHLER:  Spalte »is_voter« von Relation »users« existiert nicht
LINE 1: ...egion", "organisation_id", "is_committee_member", "is_voter"...
                                                             ^")[39m

  [31m────────────────────────────────────────────────────────────────────────────────────────────────────────────────────[39m  
  [41;1m FAILED [49;22m [1mTests\Feature\VoterDashboardIntegrationTest[22m [90m>[39m voter who has already voted cannot start ne… [41;1m QueryException [49;22m  
[39;1m  SQLSTATE[42703]: Undefined column: 7 FEHLER:  Spalte »is_voter« von Relation »users« existiert nicht
LINE 1: ...egion", "organisation_id", "is_committee_member", "is_voter"...
                                                             ^ (Connection: pgsql, SQL: insert into "users" ("name", "email", "email_verified_at", "password", "remember_token", "region", "organisation_id", "is_committee_member", "is_voter", "can_vote", "has_voted", "id", "updated_at", "created_at") values (Ari McGlynn, melvin.murray@example.com, 2026-05-31 08:59:44, $2y$10$92IXUNpkjO0rOQ5byMi.Ye4oKoEa3Ro9llC/.og/at2.uheWG/igi, Bn70cab6ne, Missouri, 2fb5b0dd-4f0b-4c9e-ae2c-a27050ef1560, 0, 1, 1, 1, a1e8ee0e-cefa-40c4-b65e-659e929d4213, 2026-05-31 08:59:44, 2026-05-31 08:59:44))[39;22m

  at [32mvendor\laravel\framework\src\Illuminate\Database\Connection.php[39m:[32m825[39m
    821▕                     $this->getName(), $query, $this->prepareBindings($bindings), $e
    822▕                 );
    823▕             }
    824▕ 
  ➜ 825▕             throw new QueryException(
    826▕                 $this->getName(), $query, $this->prepareBindings($bindings), $e
    827▕             );
    828▕         }
    829▕     }

  [33m1   [39m[39;1mvendor\laravel\framework\src\Illuminate\Database\Connection.php[39;22m:[39;1m825[39;22m

  [33m2   [39m[39;1mvendor\laravel\framework\src\Illuminate\Database\Connection.php[39;22m:[39;1m571[39;22m
  [90m    NunoMaduro\Collision\Exceptions\TestException::("SQLSTATE[42703]: Undefined column: 7 FEHLER:  Spalte »is_voter« von Relation »users« existiert nicht
LINE 1: ...egion", "organisation_id", "is_committee_member", "is_voter"...
                                                             ^")[39m

  [31m────────────────────────────────────────────────────────────────────────────────────────────────────────────────────[39m  
  [41;1m FAILED [49;22m [1mTests\Feature\VoterRecoveryTest[22m [90m>[39m election committee can allow voter to revote after prob… [41;1m QueryException [49;22m  
[39;1m  SQLSTATE[42703]: Undefined column: 7 FEHLER:  Spalte »is_voter« von Relation »users« existiert nicht
LINE 1: ...egion", "organisation_id", "is_committee_member", "is_voter"...
                                                             ^ (Connection: pgsql, SQL: insert into "users" ("name", "email", "email_verified_at", "password", "remember_token", "region", "organisation_id", "is_committee_member", "is_voter", "can_vote", "has_voted", "id", "updated_at", "created_at") values (Mrs. Maci Wiegand DDS, steve.ward@example.net, 2026-05-31 08:59:44, $2y$10$92IXUNpkjO0rOQ5byMi.Ye4oKoEa3Ro9llC/.og/at2.uheWG/igi, KETM8R02By, Arizona, 2fb5b0dd-4f0b-4c9e-ae2c-a27050ef1560, 0, 1, 1, 0, a1e8ee0f-5807-455d-84b3-577fb8bd5d29, 2026-05-31 08:59:44, 2026-05-31 08:59:44))[39;22m

  at [32mvendor\laravel\framework\src\Illuminate\Database\Connection.php[39m:[32m825[39m
    821▕                     $this->getName(), $query, $this->prepareBindings($bindings), $e
    822▕                 );
    823▕             }
    824▕ 
  ➜ 825▕             throw new QueryException(
    826▕                 $this->getName(), $query, $this->prepareBindings($bindings), $e
    827▕             );
    828▕         }
    829▕     }

  [33m1   [39m[39;1mvendor\laravel\framework\src\Illuminate\Database\Connection.php[39;22m:[39;1m825[39;22m

  [33m2   [39m[39;1mvendor\laravel\framework\src\Illuminate\Database\Connection.php[39;22m:[39;1m571[39;22m
  [90m    NunoMaduro\Collision\Exceptions\TestException::("SQLSTATE[42703]: Undefined column: 7 FEHLER:  Spalte »is_voter« von Relation »users« existiert nicht
LINE 1: ...egion", "organisation_id", "is_committee_member", "is_voter"...
                                                             ^")[39m

  [31m────────────────────────────────────────────────────────────────────────────────────────────────────────────────────[39m  
  [41;1m FAILED [49;22m [1mTests\Feature\VoterRecoveryTest[22m [90m>[39m recovery service maintains full audit trail              [41;1m QueryException [49;22m  
[39;1m  SQLSTATE[42703]: Undefined column: 7 FEHLER:  Spalte »is_voter« von Relation »users« existiert nicht
LINE 1: ...egion", "organisation_id", "is_committee_member", "is_voter"...
                                                             ^ (Connection: pgsql, SQL: insert into "users" ("name", "email", "email_verified_at", "password", "remember_token", "region", "organisation_id", "is_committee_member", "is_voter", "can_vote", "id", "updated_at", "created_at") values (Dr. Abigail Champlin DDS, hauck.mabelle@example.net, 2026-05-31 08:59:44, $2y$10$92IXUNpkjO0rOQ5byMi.Ye4oKoEa3Ro9llC/.og/at2.uheWG/igi, VNJZAanE7q, North Dakota, 2fb5b0dd-4f0b-4c9e-ae2c-a27050ef1560, 0, 1, 1, a1e8ee0f-d397-4566-9695-f3ee18a3eb87, 2026-05-31 08:59:44, 2026-05-31 08:59:44))[39;22m

  at [32mvendor\laravel\framework\src\Illuminate\Database\Connection.php[39m:[32m825[39m
    821▕                     $this->getName(), $query, $this->prepareBindings($bindings), $e
    822▕                 );
    823▕             }
    824▕ 
  ➜ 825▕             throw new QueryException(
    826▕                 $this->getName(), $query, $this->prepareBindings($bindings), $e
    827▕             );
    828▕         }
    829▕     }

  [33m1   [39m[39;1mvendor\laravel\framework\src\Illuminate\Database\Connection.php[39;22m:[39;1m825[39;22m

  [33m2   [39m[39;1mvendor\laravel\framework\src\Illuminate\Database\Connection.php[39;22m:[39;1m571[39;22m
  [90m    NunoMaduro\Collision\Exceptions\TestException::("SQLSTATE[42703]: Undefined column: 7 FEHLER:  Spalte »is_voter« von Relation »users« existiert nicht
LINE 1: ...egion", "organisation_id", "is_committee_member", "is_voter"...
                                                             ^")[39m

  [31m────────────────────────────────────────────────────────────────────────────────────────────────────────────────────[39m  
  [41;1m FAILED [49;22m [1mTests\Feature\VoterRecoveryTest[22m [90m>[39m recovery service prevents abuse with rate limiting       [41;1m QueryException [49;22m  
[39;1m  SQLSTATE[42703]: Undefined column: 7 FEHLER:  Spalte »is_voter« von Relation »users« existiert nicht
LINE 1: ...egion", "organisation_id", "is_committee_member", "is_voter"...
                                                             ^ (Connection: pgsql, SQL: insert into "users" ("name", "email", "email_verified_at", "password", "remember_token", "region", "organisation_id", "is_committee_member", "is_voter", "can_vote", "id", "updated_at", "created_at") values (Christopher Tillman, bprohaska@example.com, 2026-05-31 08:59:45, $2y$10$92IXUNpkjO0rOQ5byMi.Ye4oKoEa3Ro9llC/.og/at2.uheWG/igi, 1ypMwSQWP6, Colorado, 2fb5b0dd-4f0b-4c9e-ae2c-a27050ef1560, 0, 1, 1, a1e8ee10-1b3d-4306-a48f-cd9942908899, 2026-05-31 08:59:45, 2026-05-31 08:59:45))[39;22m

  at [32mvendor\laravel\framework\src\Illuminate\Database\Connection.php[39m:[32m825[39m
    821▕                     $this->getName(), $query, $this->prepareBindings($bindings), $e
    822▕                 );
    823▕             }
    824▕ 
  ➜ 825▕             throw new QueryException(
    826▕                 $this->getName(), $query, $this->prepareBindings($bindings), $e
    827▕             );
    828▕         }
    829▕     }

  [33m1   [39m[39;1mvendor\laravel\framework\src\Illuminate\Database\Connection.php[39;22m:[39;1m825[39;22m

  [33m2   [39m[39;1mvendor\laravel\framework\src\Illuminate\Database\Connection.php[39;22m:[39;1m571[39;22m
  [90m    NunoMaduro\Collision\Exceptions\TestException::("SQLSTATE[42703]: Undefined column: 7 FEHLER:  Spalte »is_voter« von Relation »users« existiert nicht
LINE 1: ...egion", "organisation_id", "is_committee_member", "is_voter"...
                                                             ^")[39m

  [31m────────────────────────────────────────────────────────────────────────────────────────────────────────────────────[39m  
  [41;1m FAILED [49;22m [1mTests\Feature\VoterRecoveryTest[22m [90m>[39m committee can identify users needing recovery            [41;1m QueryException [49;22m  
[39;1m  SQLSTATE[42703]: Undefined column: 7 FEHLER:  Spalte »is_voter« von Relation »users« existiert nicht
LINE 1: ...egion", "organisation_id", "is_committee_member", "is_voter"...
                                                             ^ (Connection: pgsql, SQL: insert into "users" ("name", "email", "email_verified_at", "password", "remember_token", "region", "organisation_id", "is_committee_member", "is_voter", "can_vote", "has_voted", "id", "updated_at", "created_at") values (Ms. Nicolette Stracke, hirthe.mohammad@example.com, 2026-05-31 08:59:45, $2y$10$92IXUNpkjO0rOQ5byMi.Ye4oKoEa3Ro9llC/.og/at2.uheWG/igi, CfKnkXjI4j, Utah, 2fb5b0dd-4f0b-4c9e-ae2c-a27050ef1560, 0, 1, 1, 0, a1e8ee10-619f-4976-a153-2c3fb2c99fea, 2026-05-31 08:59:45, 2026-05-31 08:59:45))[39;22m

  at [32mvendor\laravel\framework\src\Illuminate\Database\Connection.php[39m:[32m825[39m
    821▕                     $this->getName(), $query, $this->prepareBindings($bindings), $e
    822▕                 );
    823▕             }
    824▕ 
  ➜ 825▕             throw new QueryException(
    826▕                 $this->getName(), $query, $this->prepareBindings($bindings), $e
    827▕             );
    828▕         }
    829▕     }

  [33m1   [39m[39;1mvendor\laravel\framework\src\Illuminate\Database\Connection.php[39;22m:[39;1m825[39;22m

  [33m2   [39m[39;1mvendor\laravel\framework\src\Illuminate\Database\Connection.php[39;22m:[39;1m571[39;22m
  [90m    NunoMaduro\Collision\Exceptions\TestException::("SQLSTATE[42703]: Undefined column: 7 FEHLER:  Spalte »is_voter« von Relation »users« existiert nicht
LINE 1: ...egion", "organisation_id", "is_committee_member", "is_voter"...
                                                             ^")[39m

  [31m────────────────────────────────────────────────────────────────────────────────────────────────────────────────────[39m  
  [41;1m FAILED [49;22m [1mTests\Feature\VoterSlugControllerTest[22m [90m>[39m user can start voting                              [41;1m QueryException [49;22m  
[39;1m  SQLSTATE[42703]: Undefined column: 7 FEHLER:  Spalte »can_vote« von Relation »users« existiert nicht
LINE 1: ...egion", "organisation_id", "is_committee_member", "can_vote"...
                                                             ^ (Connection: pgsql, SQL: insert into "users" ("name", "email", "email_verified_at", "password", "remember_token", "region", "organisation_id", "is_committee_member", "can_vote", "id", "updated_at", "created_at") values (Mr. Kadin O'Reilly II, voter@example.com, 2026-05-31 08:59:45, $2y$10$92IXUNpkjO0rOQ5byMi.Ye4oKoEa3Ro9llC/.og/at2.uheWG/igi, XvYgbEloxY, Wyoming, 0, 0, 1, a1e8ee10-ad26-40cf-b4a0-9f8660b1f1b9, 2026-05-31 08:59:45, 2026-05-31 08:59:45))[39;22m

  at [32mvendor\laravel\framework\src\Illuminate\Database\Connection.php[39m:[32m825[39m
    821▕                     $this->getName(), $query, $this->prepareBindings($bindings), $e
    822▕                 );
    823▕             }
    824▕ 
  ➜ 825▕             throw new QueryException(
    826▕                 $this->getName(), $query, $this->prepareBindings($bindings), $e
    827▕             );
    828▕         }
    829▕     }

  [33m1   [39m[39;1mvendor\laravel\framework\src\Illuminate\Database\Connection.php[39;22m:[39;1m825[39;22m

  [33m2   [39m[39;1mvendor\laravel\framework\src\Illuminate\Database\Connection.php[39;22m:[39;1m571[39;22m
  [90m    NunoMaduro\Collision\Exceptions\TestException::("SQLSTATE[42703]: Undefined column: 7 FEHLER:  Spalte »can_vote« von Relation »users« existiert nicht
LINE 1: ...egion", "organisation_id", "is_committee_member", "can_vote"...
                                                             ^")[39m

  [31m────────────────────────────────────────────────────────────────────────────────────────────────────────────────────[39m  
  [41;1m FAILED [49;22m [1mTests\Feature\VoterSlugControllerTest[22m [90m>[39m voter slug references correct election             [41;1m QueryException [49;22m  
[39;1m  SQLSTATE[42703]: Undefined column: 7 FEHLER:  Spalte »can_vote« von Relation »users« existiert nicht
LINE 1: ...egion", "organisation_id", "is_committee_member", "can_vote"...
                                                             ^ (Connection: pgsql, SQL: insert into "users" ("name", "email", "email_verified_at", "password", "remember_token", "region", "organisation_id", "is_committee_member", "can_vote", "id", "updated_at", "created_at") values (Kevon Kub, voter@example.com, 2026-05-31 08:59:45, $2y$10$92IXUNpkjO0rOQ5byMi.Ye4oKoEa3Ro9llC/.og/at2.uheWG/igi, Tdegv2XXp7, District of Columbia, 0, 0, 1, a1e8ee10-fe78-4178-8ca2-96a469e6022e, 2026-05-31 08:59:45, 2026-05-31 08:59:45))[39;22m

  at [32mvendor\laravel\framework\src\Illuminate\Database\Connection.php[39m:[32m825[39m
    821▕                     $this->getName(), $query, $this->prepareBindings($bindings), $e
    822▕                 );
    823▕             }
    824▕ 
  ➜ 825▕             throw new QueryException(
    826▕                 $this->getName(), $query, $this->prepareBindings($bindings), $e
    827▕             );
    828▕         }
    829▕     }

  [33m1   [39m[39;1mvendor\laravel\framework\src\Illuminate\Database\Connection.php[39;22m:[39;1m825[39;22m

  [33m2   [39m[39;1mvendor\laravel\framework\src\Illuminate\Database\Connection.php[39;22m:[39;1m571[39;22m
  [90m    NunoMaduro\Collision\Exceptions\TestException::("SQLSTATE[42703]: Undefined column: 7 FEHLER:  Spalte »can_vote« von Relation »users« existiert nicht
LINE 1: ...egion", "organisation_id", "is_committee_member", "can_vote"...
                                                             ^")[39m

  [31m────────────────────────────────────────────────────────────────────────────────────────────────────────────────────[39m  
  [41;1m FAILED [49;22m [1mTests\Feature\VoterSlugControllerTest[22m [90m>[39m voter slug organisation matches user               [41;1m QueryException [49;22m  
[39;1m  SQLSTATE[42703]: Undefined column: 7 FEHLER:  Spalte »can_vote« von Relation »users« existiert nicht
LINE 1: ...egion", "organisation_id", "is_committee_member", "can_vote"...
                                                             ^ (Connection: pgsql, SQL: insert into "users" ("name", "email", "email_verified_at", "password", "remember_token", "region", "organisation_id", "is_committee_member", "can_vote", "id", "updated_at", "created_at") values (Kirstin Herman, voter@example.com, 2026-05-31 08:59:46, $2y$10$92IXUNpkjO0rOQ5byMi.Ye4oKoEa3Ro9llC/.og/at2.uheWG/igi, G5upUXEg9k, Georgia, 0, 0, 1, a1e8ee11-6d3e-4dd0-b82c-d53be83f24f7, 2026-05-31 08:59:46, 2026-05-31 08:59:46))[39;22m

  at [32mvendor\laravel\framework\src\Illuminate\Database\Connection.php[39m:[32m825[39m
    821▕                     $this->getName(), $query, $this->prepareBindings($bindings), $e
    822▕                 );
    823▕             }
    824▕ 
  ➜ 825▕             throw new QueryException(
    826▕                 $this->getName(), $query, $this->prepareBindings($bindings), $e
    827▕             );
    828▕         }
    829▕     }

  [33m1   [39m[39;1mvendor\laravel\framework\src\Illuminate\Database\Connection.php[39;22m:[39;1m825[39;22m

  [33m2   [39m[39;1mvendor\laravel\framework\src\Illuminate\Database\Connection.php[39;22m:[39;1m571[39;22m
  [90m    NunoMaduro\Collision\Exceptions\TestException::("SQLSTATE[42703]: Undefined column: 7 FEHLER:  Spalte »can_vote« von Relation »users« existiert nicht
LINE 1: ...egion", "organisation_id", "is_committee_member", "can_vote"...
                                                             ^")[39m

  [31m────────────────────────────────────────────────────────────────────────────────────────────────────────────────────[39m  
  [41;1m FAILED [49;22m [1mTests\Feature\VoterSlugControllerTest[22m [90m>[39m voter slug has expiration                          [41;1m QueryException [49;22m  
[39;1m  SQLSTATE[42703]: Undefined column: 7 FEHLER:  Spalte »can_vote« von Relation »users« existiert nicht
LINE 1: ...egion", "organisation_id", "is_committee_member", "can_vote"...
                                                             ^ (Connection: pgsql, SQL: insert into "users" ("name", "email", "email_verified_at", "password", "remember_token", "region", "organisation_id", "is_committee_member", "can_vote", "id", "updated_at", "created_at") values (Miss Lysanne Carroll, voter@example.com, 2026-05-31 08:59:46, $2y$10$92IXUNpkjO0rOQ5byMi.Ye4oKoEa3Ro9llC/.og/at2.uheWG/igi, aiQBihslWB, Delaware, 0, 0, 1, a1e8ee11-b469-4228-8ebf-6d2541b9585f, 2026-05-31 08:59:46, 2026-05-31 08:59:46))[39;22m

  at [32mvendor\laravel\framework\src\Illuminate\Database\Connection.php[39m:[32m825[39m
    821▕                     $this->getName(), $query, $this->prepareBindings($bindings), $e
    822▕                 );
    823▕             }
    824▕ 
  ➜ 825▕             throw new QueryException(
    826▕                 $this->getName(), $query, $this->prepareBindings($bindings), $e
    827▕             );
    828▕         }
    829▕     }

  [33m1   [39m[39;1mvendor\laravel\framework\src\Illuminate\Database\Connection.php[39;22m:[39;1m825[39;22m

  [33m2   [39m[39;1mvendor\laravel\framework\src\Illuminate\Database\Connection.php[39;22m:[39;1m571[39;22m
  [90m    NunoMaduro\Collision\Exceptions\TestException::("SQLSTATE[42703]: Undefined column: 7 FEHLER:  Spalte »can_vote« von Relation »users« existiert nicht
LINE 1: ...egion", "organisation_id", "is_committee_member", "can_vote"...
                                                             ^")[39m

  [31m────────────────────────────────────────────────────────────────────────────────────────────────────────────────────[39m  
  [41;1m FAILED [49;22m [1mTests\Feature\VoterSlugControllerTest[22m [90m>[39m voter slug election id relationship                [41;1m QueryException [49;22m  
[39;1m  SQLSTATE[42703]: Undefined column: 7 FEHLER:  Spalte »can_vote« von Relation »users« existiert nicht
LINE 1: ...egion", "organisation_id", "is_committee_member", "can_vote"...
                                                             ^ (Connection: pgsql, SQL: insert into "users" ("name", "email", "email_verified_at", "password", "remember_token", "region", "organisation_id", "is_committee_member", "can_vote", "id", "updated_at", "created_at") values (Prof. Reggie Muller, voter@example.com, 2026-05-31 08:59:46, $2y$10$92IXUNpkjO0rOQ5byMi.Ye4oKoEa3Ro9llC/.og/at2.uheWG/igi, h7F1ZPINkH, Indiana, 0, 0, 1, a1e8ee11-fbfc-4f36-906a-2bd7911893ac, 2026-05-31 08:59:46, 2026-05-31 08:59:46))[39;22m

  at [32mvendor\laravel\framework\src\Illuminate\Database\Connection.php[39m:[32m825[39m
    821▕                     $this->getName(), $query, $this->prepareBindings($bindings), $e
    822▕                 );
    823▕             }
    824▕ 
  ➜ 825▕             throw new QueryException(
    826▕                 $this->getName(), $query, $this->prepareBindings($bindings), $e
    827▕             );
    828▕         }
    829▕     }

  [33m1   [39m[39;1mvendor\laravel\framework\src\Illuminate\Database\Connection.php[39;22m:[39;1m825[39;22m

  [33m2   [39m[39;1mvendor\laravel\framework\src\Illuminate\Database\Connection.php[39;22m:[39;1m571[39;22m
  [90m    NunoMaduro\Collision\Exceptions\TestException::("SQLSTATE[42703]: Undefined column: 7 FEHLER:  Spalte »can_vote« von Relation »users« existiert nicht
LINE 1: ...egion", "organisation_id", "is_committee_member", "can_vote"...
                                                             ^")[39m

  [31m────────────────────────────────────────────────────────────────────────────────────────────────────────────────────[39m  
  [41;1m FAILED [49;22m [1mTests\Feature\VoterSlugControllerTest[22m [90m>[39m voter slug can be unique per election              [41;1m QueryException [49;22m  
[39;1m  SQLSTATE[42703]: Undefined column: 7 FEHLER:  Spalte »can_vote« von Relation »users« existiert nicht
LINE 1: ...egion", "organisation_id", "is_committee_member", "can_vote"...
                                                             ^ (Connection: pgsql, SQL: insert into "users" ("name", "email", "email_verified_at", "password", "remember_token", "region", "organisation_id", "is_committee_member", "can_vote", "id", "updated_at", "created_at") values (Leo Mosciski PhD, voter@example.com, 2026-05-31 08:59:46, $2y$10$92IXUNpkjO0rOQ5byMi.Ye4oKoEa3Ro9llC/.og/at2.uheWG/igi, wYt9QVhotA, Tennessee, 0, 0, 1, a1e8ee12-6a1d-4b5d-8dd5-bf72e9d3732b, 2026-05-31 08:59:46, 2026-05-31 08:59:46))[39;22m

  at [32mvendor\laravel\framework\src\Illuminate\Database\Connection.php[39m:[32m825[39m
    821▕                     $this->getName(), $query, $this->prepareBindings($bindings), $e
    822▕                 );
    823▕             }
    824▕ 
  ➜ 825▕             throw new QueryException(
    826▕                 $this->getName(), $query, $this->prepareBindings($bindings), $e
    827▕             );
    828▕         }
    829▕     }

  [33m1   [39m[39;1mvendor\laravel\framework\src\Illuminate\Database\Connection.php[39;22m:[39;1m825[39;22m

  [33m2   [39m[39;1mvendor\laravel\framework\src\Illuminate\Database\Connection.php[39;22m:[39;1m571[39;22m
  [90m    NunoMaduro\Collision\Exceptions\TestException::("SQLSTATE[42703]: Undefined column: 7 FEHLER:  Spalte »can_vote« von Relation »users« existiert nicht
LINE 1: ...egion", "organisation_id", "is_committee_member", "can_vote"...
                                                             ^")[39m

  [31m────────────────────────────────────────────────────────────────────────────────────────────────────────────────────[39m  
  [41;1m FAILED [49;22m [1mTests\Feature\VoterSlugControllerTest[22m [90m>[39m voter slug tracks current step                     [41;1m QueryException [49;22m  
[39;1m  SQLSTATE[42703]: Undefined column: 7 FEHLER:  Spalte »can_vote« von Relation »users« existiert nicht
LINE 1: ...egion", "organisation_id", "is_committee_member", "can_vote"...
                                                             ^ (Connection: pgsql, SQL: insert into "users" ("name", "email", "email_verified_at", "password", "remember_token", "region", "organisation_id", "is_committee_member", "can_vote", "id", "updated_at", "created_at") values (Luna Fay, voter@example.com, 2026-05-31 08:59:46, $2y$10$92IXUNpkjO0rOQ5byMi.Ye4oKoEa3Ro9llC/.og/at2.uheWG/igi, GxtVYuIpZN, North Dakota, 0, 0, 1, a1e8ee12-b22a-4380-971b-2c4d698c3152, 2026-05-31 08:59:46, 2026-05-31 08:59:46))[39;22m

  at [32mvendor\laravel\framework\src\Illuminate\Database\Connection.php[39m:[32m825[39m
    821▕                     $this->getName(), $query, $this->prepareBindings($bindings), $e
    822▕                 );
    823▕             }
    824▕ 
  ➜ 825▕             throw new QueryException(
    826▕                 $this->getName(), $query, $this->prepareBindings($bindings), $e
    827▕             );
    828▕         }
    829▕     }

  [33m1   [39m[39;1mvendor\laravel\framework\src\Illuminate\Database\Connection.php[39;22m:[39;1m825[39;22m

  [33m2   [39m[39;1mvendor\laravel\framework\src\Illuminate\Database\Connection.php[39;22m:[39;1m571[39;22m
  [90m    NunoMaduro\Collision\Exceptions\TestException::("SQLSTATE[42703]: Undefined column: 7 FEHLER:  Spalte »can_vote« von Relation »users« existiert nicht
LINE 1: ...egion", "organisation_id", "is_committee_member", "can_vote"...
                                                             ^")[39m

  [31m────────────────────────────────────────────────────────────────────────────────────────────────────────────────────[39m  
  [41;1m FAILED [49;22m [1mTests\Feature\VoterSlugControllerTest[22m [90m>[39m user can have multiple slugs for different electi… [41;1m QueryException [49;22m  
[39;1m  SQLSTATE[42703]: Undefined column: 7 FEHLER:  Spalte »can_vote« von Relation »users« existiert nicht
LINE 1: ...egion", "organisation_id", "is_committee_member", "can_vote"...
                                                             ^ (Connection: pgsql, SQL: insert into "users" ("name", "email", "email_verified_at", "password", "remember_token", "region", "organisation_id", "is_committee_member", "can_vote", "id", "updated_at", "created_at") values (Wanda Wyman DVM, voter@example.com, 2026-05-31 08:59:47, $2y$10$92IXUNpkjO0rOQ5byMi.Ye4oKoEa3Ro9llC/.og/at2.uheWG/igi, GJ2oLGY0Pi, Connecticut, 0, 0, 1, a1e8ee12-f25e-4180-bcea-4a688f8e0c64, 2026-05-31 08:59:47, 2026-05-31 08:59:47))[39;22m

  at [32mvendor\laravel\framework\src\Illuminate\Database\Connection.php[39m:[32m825[39m
    821▕                     $this->getName(), $query, $this->prepareBindings($bindings), $e
    822▕                 );
    823▕             }
    824▕ 
  ➜ 825▕             throw new QueryException(
    826▕                 $this->getName(), $query, $this->prepareBindings($bindings), $e
    827▕             );
    828▕         }
    829▕     }

  [33m1   [39m[39;1mvendor\laravel\framework\src\Illuminate\Database\Connection.php[39;22m:[39;1m825[39;22m

  [33m2   [39m[39;1mvendor\laravel\framework\src\Illuminate\Database\Connection.php[39;22m:[39;1m571[39;22m
  [90m    NunoMaduro\Collision\Exceptions\TestException::("SQLSTATE[42703]: Undefined column: 7 FEHLER:  Spalte »can_vote« von Relation »users« existiert nicht
LINE 1: ...egion", "organisation_id", "is_committee_member", "can_vote"...
                                                             ^")[39m

  [31m────────────────────────────────────────────────────────────────────────────────────────────────────────────────────[39m  
  [41;1m FAILED [49;22m [1mTests\Feature\VoterSlugControllerTest[22m [90m>[39m voter slug can be deactivated                      [41;1m QueryException [49;22m  
[39;1m  SQLSTATE[42703]: Undefined column: 7 FEHLER:  Spalte »can_vote« von Relation »users« existiert nicht
LINE 1: ...egion", "organisation_id", "is_committee_member", "can_vote"...
                                                             ^ (Connection: pgsql, SQL: insert into "users" ("name", "email", "email_verified_at", "password", "remember_token", "region", "organisation_id", "is_committee_member", "can_vote", "id", "updated_at", "created_at") values (Miller Satterfield, voter@example.com, 2026-05-31 08:59:47, $2y$10$92IXUNpkjO0rOQ5byMi.Ye4oKoEa3Ro9llC/.og/at2.uheWG/igi, kFOEf6SUxg, Colorado, 0, 0, 1, a1e8ee13-3312-477b-af3d-c7e594eabdf0, 2026-05-31 08:59:47, 2026-05-31 08:59:47))[39;22m

  at [32mvendor\laravel\framework\src\Illuminate\Database\Connection.php[39m:[32m825[39m
    821▕                     $this->getName(), $query, $this->prepareBindings($bindings), $e
    822▕                 );
    823▕             }
    824▕ 
  ➜ 825▕             throw new QueryException(
    826▕                 $this->getName(), $query, $this->prepareBindings($bindings), $e
    827▕             );
    828▕         }
    829▕     }

  [33m1   [39m[39;1mvendor\laravel\framework\src\Illuminate\Database\Connection.php[39;22m:[39;1m825[39;22m

  [33m2   [39m[39;1mvendor\laravel\framework\src\Illuminate\Database\Connection.php[39;22m:[39;1m571[39;22m
  [90m    NunoMaduro\Collision\Exceptions\TestException::("SQLSTATE[42703]: Undefined column: 7 FEHLER:  Spalte »can_vote« von Relation »users« existiert nicht
LINE 1: ...egion", "organisation_id", "is_committee_member", "can_vote"...
                                                             ^")[39m

  [31m────────────────────────────────────────────────────────────────────────────────────────────────────────────────────[39m  
  [41;1m FAILED [49;22m [1mTests\Feature\VoterSlugControllerTest[22m [90m>[39m voter slug election relationship                   [41;1m QueryException [49;22m  
[39;1m  SQLSTATE[42703]: Undefined column: 7 FEHLER:  Spalte »can_vote« von Relation »users« existiert nicht
LINE 1: ...egion", "organisation_id", "is_committee_member", "can_vote"...
                                                             ^ (Connection: pgsql, SQL: insert into "users" ("name", "email", "email_verified_at", "password", "remember_token", "region", "organisation_id", "is_committee_member", "can_vote", "id", "updated_at", "created_at") values (Andre Yost, voter@example.com, 2026-05-31 08:59:47, $2y$10$92IXUNpkjO0rOQ5byMi.Ye4oKoEa3Ro9llC/.og/at2.uheWG/igi, iACxY2h0Yn, Virginia, 0, 0, 1, a1e8ee13-7853-434a-88f6-6a4fdc95de3f, 2026-05-31 08:59:47, 2026-05-31 08:59:47))[39;22m

  at [32mvendor\laravel\framework\src\Illuminate\Database\Connection.php[39m:[32m825[39m
    821▕                     $this->getName(), $query, $this->prepareBindings($bindings), $e
    822▕                 );
    823▕             }
    824▕ 
  ➜ 825▕             throw new QueryException(
    826▕                 $this->getName(), $query, $this->prepareBindings($bindings), $e
    827▕             );
    828▕         }
    829▕     }

  [33m1   [39m[39;1mvendor\laravel\framework\src\Illuminate\Database\Connection.php[39;22m:[39;1m825[39;22m

  [33m2   [39m[39;1mvendor\laravel\framework\src\Illuminate\Database\Connection.php[39;22m:[39;1m571[39;22m
  [90m    NunoMaduro\Collision\Exceptions\TestException::("SQLSTATE[42703]: Undefined column: 7 FEHLER:  Spalte »can_vote« von Relation »users« existiert nicht
LINE 1: ...egion", "organisation_id", "is_committee_member", "can_vote"...
                                                             ^")[39m

  [31m────────────────────────────────────────────────────────────────────────────────────────────────────────────────────[39m  
  [41;1m FAILED [49;22m [1mTests\Feature\VoterSlugFeatureTest[22m [90m>[39m user can generate voting slug                         [41;1m QueryException [49;22m  
[39;1m  SQLSTATE[42703]: Undefined column: 7 FEHLER:  Spalte »is_voter« von Relation »users« existiert nicht
LINE 1: ...egion", "organisation_id", "is_committee_member", "is_voter"...
                                                             ^ (Connection: pgsql, SQL: insert into "users" ("name", "email", "email_verified_at", "password", "remember_token", "region", "organisation_id", "is_committee_member", "is_voter", "can_vote", "id", "updated_at", "created_at") values (Test User, test@example.com, 2026-05-31 08:59:47, $2y$10$92IXUNpkjO0rOQ5byMi.Ye4oKoEa3Ro9llC/.og/at2.uheWG/igi, jCM2DQcsc2, Maryland, 2fb5b0dd-4f0b-4c9e-ae2c-a27050ef1560, 0, 1, 1, a1e8ee13-dbb9-4079-aea5-4d925f86278a, 2026-05-31 08:59:47, 2026-05-31 08:59:47))[39;22m

  at [32mvendor\laravel\framework\src\Illuminate\Database\Connection.php[39m:[32m825[39m
    821▕                     $this->getName(), $query, $this->prepareBindings($bindings), $e
    822▕                 );
    823▕             }
    824▕ 
  ➜ 825▕             throw new QueryException(
    826▕                 $this->getName(), $query, $this->prepareBindings($bindings), $e
    827▕             );
    828▕         }
    829▕     }

  [33m1   [39m[39;1mvendor\laravel\framework\src\Illuminate\Database\Connection.php[39;22m:[39;1m825[39;22m

  [33m2   [39m[39;1mvendor\laravel\framework\src\Illuminate\Database\Connection.php[39;22m:[39;1m571[39;22m
  [90m    NunoMaduro\Collision\Exceptions\TestException::("SQLSTATE[42703]: Undefined column: 7 FEHLER:  Spalte »is_voter« von Relation »users« existiert nicht
LINE 1: ...egion", "organisation_id", "is_committee_member", "is_voter"...
                                                             ^")[39m

  [31m────────────────────────────────────────────────────────────────────────────────────────────────────────────────────[39m  
  [41;1m FAILED [49;22m [1mTests\Feature\VoterSlugFeatureTest[22m [90m>[39m valid slug allows access to protected route           [41;1m QueryException [49;22m  
[39;1m  SQLSTATE[42703]: Undefined column: 7 FEHLER:  Spalte »is_voter« von Relation »users« existiert nicht
LINE 1: ...egion", "organisation_id", "is_committee_member", "is_voter"...
                                                             ^ (Connection: pgsql, SQL: insert into "users" ("name", "email", "email_verified_at", "password", "remember_token", "region", "organisation_id", "is_committee_member", "is_voter", "can_vote", "id", "updated_at", "created_at") values (Test User, test2@example.com, 2026-05-31 08:59:47, $2y$10$92IXUNpkjO0rOQ5byMi.Ye4oKoEa3Ro9llC/.og/at2.uheWG/igi, yTkRnZA8wX, Wyoming, 2fb5b0dd-4f0b-4c9e-ae2c-a27050ef1560, 0, 1, 1, a1e8ee14-3094-4e24-9b77-41e35fa1552b, 2026-05-31 08:59:47, 2026-05-31 08:59:47))[39;22m

  at [32mvendor\laravel\framework\src\Illuminate\Database\Connection.php[39m:[32m825[39m
    821▕                     $this->getName(), $query, $this->prepareBindings($bindings), $e
    822▕                 );
    823▕             }
    824▕ 
  ➜ 825▕             throw new QueryException(
    826▕                 $this->getName(), $query, $this->prepareBindings($bindings), $e
    827▕             );
    828▕         }
    829▕     }

  [33m1   [39m[39;1mvendor\laravel\framework\src\Illuminate\Database\Connection.php[39;22m:[39;1m825[39;22m

  [33m2   [39m[39;1mvendor\laravel\framework\src\Illuminate\Database\Connection.php[39;22m:[39;1m571[39;22m
  [90m    NunoMaduro\Collision\Exceptions\TestException::("SQLSTATE[42703]: Undefined column: 7 FEHLER:  Spalte »is_voter« von Relation »users« existiert nicht
LINE 1: ...egion", "organisation_id", "is_committee_member", "is_voter"...
                                                             ^")[39m

  [31m────────────────────────────────────────────────────────────────────────────────────────────────────────────────────[39m  
  [41;1m FAILED [49;22m [1mTests\Feature\VoterSlugFeatureTest[22m [90m>[39m invalid slug returns 403                                                
[39;1m  Expected response status code [403] but received 404.
Failed asserting that 404 is identical to 403.[39;22m

  at [32mtests\Feature\VoterSlugFeatureTest.php[39m:[32m76[39m
     72▕     public function invalid_slug_returns_403()
     73▕     {
     74▕         $response = $this->get("/v/invalid-slug/test");
     75▕ 
  ➜  76▕         $response->assertStatus(403);
     77▕     }
     78▕ 
     79▕     /** @test */
     80▕     public function expired_slug_returns_403()

  [31m────────────────────────────────────────────────────────────────────────────────────────────────────────────────────[39m  
  [41;1m FAILED [49;22m [1mTests\Feature\VoterSlugFeatureTest[22m [90m>[39m expired slug returns 403                              [41;1m QueryException [49;22m  
[39;1m  SQLSTATE[23502]: Not null violation: 7 FEHLER:  NULL-Wert in Spalte »organisation_id« von Relation »voter_slugs« verletzt Not-Null-Constraint
DETAIL:  Fehlgeschlagene Zeile enthält (a1e8ee14-f0e5-48a4-9022-51ec94330d30, null, null, a1e8ee14-ed35-431b-b2fb-e581dcee47f9, expired-slug, 1, null, 2026-05-31 08:59:48, 2026-05-31 08:59:48, null, null, 2026-05-31 08:49:48, t, f, t, null, null, null, null, null, null, null, null, null, null, 30, active, null). (Connection: pgsql, SQL: insert into "voter_slugs" ("user_id", "slug", "expires_at", "is_active", "id", "organisation_id", "status", "can_vote_now", "updated_at", "created_at") values (a1e8ee14-ed35-431b-b2fb-e581dcee47f9, expired-slug, 2026-05-31 08:49:48, 1, a1e8ee14-f0e5-48a4-9022-51ec94330d30, ?, active, 1, 2026-05-31 08:59:48, 2026-05-31 08:59:48))[39;22m

  at [32mvendor\laravel\framework\src\Illuminate\Database\Connection.php[39m:[32m825[39m
    821▕                     $this->getName(), $query, $this->prepareBindings($bindings), $e
    822▕                 );
    823▕             }
    824▕ 
  ➜ 825▕             throw new QueryException(
    826▕                 $this->getName(), $query, $this->prepareBindings($bindings), $e
    827▕             );
    828▕         }
    829▕     }

  [33m1   [39m[39;1mvendor\laravel\framework\src\Illuminate\Database\Connection.php[39;22m:[39;1m825[39;22m

  [33m2   [39m[39;1mvendor\laravel\framework\src\Illuminate\Database\Connection.php[39;22m:[39;1m571[39;22m
  [90m    NunoMaduro\Collision\Exceptions\TestException::("SQLSTATE[23502]: Not null violation: 7 FEHLER:  NULL-Wert in Spalte »organisation_id« von Relation »voter_slugs« verletzt Not-Null-Constraint
DETAIL:  Fehlgeschlagene Zeile enthält (a1e8ee14-f0e5-48a4-9022-51ec94330d30, null, null, a1e8ee14-ed35-431b-b2fb-e581dcee47f9, expired-slug, 1, null, 2026-05-31 08:59:48, 2026-05-31 08:59:48, null, null, 2026-05-31 08:49:48, t, f, t, null, null, null, null, null, null, null, null, null, null, 30, active, null).")[39m

  [31m────────────────────────────────────────────────────────────────────────────────────────────────────────────────────[39m  
  [41;1m FAILED [49;22m [1mTests\Feature\VoterSlugFeatureTest[22m [90m>[39m inactive slug returns 403                             [41;1m QueryException [49;22m  
[39;1m  SQLSTATE[23502]: Not null violation: 7 FEHLER:  NULL-Wert in Spalte »organisation_id« von Relation »voter_slugs« verletzt Not-Null-Constraint
DETAIL:  Fehlgeschlagene Zeile enthält (a1e8ee15-6ceb-4428-bbc4-51946ef1c7e0, null, null, a1e8ee15-6995-4042-be7b-f0114d366edb, inactive-slug, 1, null, 2026-05-31 08:59:48, 2026-05-31 08:59:48, null, null, 2026-05-31 09:29:48, f, f, t, null, null, null, null, null, null, null, null, null, null, 30, active, null). (Connection: pgsql, SQL: insert into "voter_slugs" ("user_id", "slug", "expires_at", "is_active", "id", "organisation_id", "status", "can_vote_now", "updated_at", "created_at") values (a1e8ee15-6995-4042-be7b-f0114d366edb, inactive-slug, 2026-05-31 09:29:48, 0, a1e8ee15-6ceb-4428-bbc4-51946ef1c7e0, ?, active, 1, 2026-05-31 08:59:48, 2026-05-31 08:59:48))[39;22m

  at [32mvendor\laravel\framework\src\Illuminate\Database\Connection.php[39m:[32m825[39m
    821▕                     $this->getName(), $query, $this->prepareBindings($bindings), $e
    822▕                 );
    823▕             }
    824▕ 
  ➜ 825▕             throw new QueryException(
    826▕                 $this->getName(), $query, $this->prepareBindings($bindings), $e
    827▕             );
    828▕         }
    829▕     }

  [33m1   [39m[39;1mvendor\laravel\framework\src\Illuminate\Database\Connection.php[39;22m:[39;1m825[39;22m

  [33m2   [39m[39;1mvendor\laravel\framework\src\Illuminate\Database\Connection.php[39;22m:[39;1m571[39;22m
  [90m    NunoMaduro\Collision\Exceptions\TestException::("SQLSTATE[23502]: Not null violation: 7 FEHLER:  NULL-Wert in Spalte »organisation_id« von Relation »voter_slugs« verletzt Not-Null-Constraint
DETAIL:  Fehlgeschlagene Zeile enthält (a1e8ee15-6ceb-4428-bbc4-51946ef1c7e0, null, null, a1e8ee15-6995-4042-be7b-f0114d366edb, inactive-slug, 1, null, 2026-05-31 08:59:48, 2026-05-31 08:59:48, null, null, 2026-05-31 09:29:48, f, f, t, null, null, null, null, null, null, null, null, null, null, 30, active, null).")[39m

  [31m────────────────────────────────────────────────────────────────────────────────────────────────────────────────────[39m  
  [41;1m FAILED [49;22m [1mTests\Feature\VoterSlugFeatureTest[22m [90m>[39m generating new slug revokes previous active slug… [41;1m ArgumentCountError [49;22m  
[39;1m  Too few arguments to function App\Services\VoterSlugService::__construct(), 0 passed in C:\Users\nabra\OneDrive\Desktop\roshyara\xamp\nrna\nrna-eu\tests\Feature\VoterSlugFeatureTest.php on line 126 and exactly 1 expected[39;22m

  at [32mapp\Services\VoterSlugService.php[39m:[32m19[39m
     15▕ class VoterSlugService
     16▕ {
     17▕     protected DemoElectionResolver $electionResolver;
     18▕ 
  ➜  19▕     public function __construct(DemoElectionResolver $electionResolver)
     20▕     {
     21▕         $this->electionResolver = $electionResolver;
     22▕     }
     23▕

  [33m1   [39m[39;1mapp\Services\VoterSlugService.php[39;22m:[39;1m19[39;22m
  [33m2   [39m[39;1mtests\Feature\VoterSlugFeatureTest.php[39;22m:[39;1m126[39;22m

  [31m────────────────────────────────────────────────────────────────────────────────────────────────────────────────────[39m  
  [41;1m FAILED [49;22m [1mTests\Feature\VoterSlugFeatureTest[22m [90m>[39m middleware makes voter available in request       [41;1m ArgumentCountError [49;22m  
[39;1m  Too few arguments to function App\Services\VoterSlugService::__construct(), 0 passed in C:\Users\nabra\OneDrive\Desktop\roshyara\xamp\nrna\nrna-eu\tests\Feature\VoterSlugFeatureTest.php on line 146 and exactly 1 expected[39;22m

  at [32mapp\Services\VoterSlugService.php[39m:[32m19[39m
     15▕ class VoterSlugService
     16▕ {
     17▕     protected DemoElectionResolver $electionResolver;
     18▕ 
  ➜  19▕     public function __construct(DemoElectionResolver $electionResolver)
     20▕     {
     21▕         $this->electionResolver = $electionResolver;
     22▕     }
     23▕

  [33m1   [39m[39;1mapp\Services\VoterSlugService.php[39;22m:[39;1m19[39;22m
  [33m2   [39m[39;1mtests\Feature\VoterSlugFeatureTest.php[39;22m:[39;1m146[39;22m

  [31m────────────────────────────────────────────────────────────────────────────────────────────────────────────────────[39m  
  [41;1m FAILED [49;22m [1mTests\Feature\VoterStepWorkflowTest[22m [90m>[39m voter slug has default step 1                        [41;1m QueryException [49;22m  
[39;1m  SQLSTATE[42703]: Undefined column: 7 FEHLER:  Spalte »is_voter« von Relation »users« existiert nicht
LINE 1: ...egion", "organisation_id", "is_committee_member", "is_voter"...
                                                             ^ (Connection: pgsql, SQL: insert into "users" ("name", "email", "email_verified_at", "password", "remember_token", "region", "organisation_id", "is_committee_member", "is_voter", "can_vote", "id", "updated_at", "created_at") values (Nia Kihn, thurman17@example.org, 2026-05-31 08:59:49, $2y$10$92IXUNpkjO0rOQ5byMi.Ye4oKoEa3Ro9llC/.og/at2.uheWG/igi, NeaF6lNmo0, Texas, 2fb5b0dd-4f0b-4c9e-ae2c-a27050ef1560, 0, 1, 1, a1e8ee16-f014-45bd-9b25-613543a48d78, 2026-05-31 08:59:49, 2026-05-31 08:59:49))[39;22m

  at [32mvendor\laravel\framework\src\Illuminate\Database\Connection.php[39m:[32m825[39m
    821▕                     $this->getName(), $query, $this->prepareBindings($bindings), $e
    822▕                 );
    823▕             }
    824▕ 
  ➜ 825▕             throw new QueryException(
    826▕                 $this->getName(), $query, $this->prepareBindings($bindings), $e
    827▕             );
    828▕         }
    829▕     }

  [33m1   [39m[39;1mvendor\laravel\framework\src\Illuminate\Database\Connection.php[39;22m:[39;1m825[39;22m

  [33m2   [39m[39;1mvendor\laravel\framework\src\Illuminate\Database\Connection.php[39;22m:[39;1m571[39;22m
  [90m    NunoMaduro\Collision\Exceptions\TestException::("SQLSTATE[42703]: Undefined column: 7 FEHLER:  Spalte »is_voter« von Relation »users« existiert nicht
LINE 1: ...egion", "organisation_id", "is_committee_member", "is_voter"...
                                                             ^")[39m

  [31m────────────────────────────────────────────────────────────────────────────────────────────────────────────────────[39m  
  [41;1m FAILED [49;22m [1mTests\Feature\VoterStepWorkflowTest[22m [90m>[39m voter can access current step route                  [41;1m QueryException [49;22m  
[39;1m  SQLSTATE[42703]: Undefined column: 7 FEHLER:  Spalte »is_voter« von Relation »users« existiert nicht
LINE 1: ...egion", "organisation_id", "is_committee_member", "is_voter"...
                                                             ^ (Connection: pgsql, SQL: insert into "users" ("name", "email", "email_verified_at", "password", "remember_token", "region", "organisation_id", "is_committee_member", "is_voter", "can_vote", "id", "updated_at", "created_at") values (Emilie Schmitt, heloise27@example.org, 2026-05-31 08:59:49, $2y$10$92IXUNpkjO0rOQ5byMi.Ye4oKoEa3Ro9llC/.og/at2.uheWG/igi, GmMMJvsri9, North Dakota, 2fb5b0dd-4f0b-4c9e-ae2c-a27050ef1560, 0, 1, 1, a1e8ee17-3ca6-471a-95ab-3aa5f9aaf1b1, 2026-05-31 08:59:49, 2026-05-31 08:59:49))[39;22m

  at [32mvendor\laravel\framework\src\Illuminate\Database\Connection.php[39m:[32m825[39m
    821▕                     $this->getName(), $query, $this->prepareBindings($bindings), $e
    822▕                 );
    823▕             }
    824▕ 
  ➜ 825▕             throw new QueryException(
    826▕                 $this->getName(), $query, $this->prepareBindings($bindings), $e
    827▕             );
    828▕         }
    829▕     }

  [33m1   [39m[39;1mvendor\laravel\framework\src\Illuminate\Database\Connection.php[39;22m:[39;1m825[39;22m

  [33m2   [39m[39;1mvendor\laravel\framework\src\Illuminate\Database\Connection.php[39;22m:[39;1m571[39;22m
  [90m    NunoMaduro\Collision\Exceptions\TestException::("SQLSTATE[42703]: Undefined column: 7 FEHLER:  Spalte »is_voter« von Relation »users« existiert nicht
LINE 1: ...egion", "organisation_id", "is_committee_member", "is_voter"...
                                                             ^")[39m

  [31m────────────────────────────────────────────────────────────────────────────────────────────────────────────────────[39m  
  [41;1m FAILED [49;22m [1mTests\Feature\VoterStepWorkflowTest[22m [90m>[39m voter cannot access future step route                [41;1m QueryException [49;22m  
[39;1m  SQLSTATE[42703]: Undefined column: 7 FEHLER:  Spalte »is_voter« von Relation »users« existiert nicht
LINE 1: ...egion", "organisation_id", "is_committee_member", "is_voter"...
                                                             ^ (Connection: pgsql, SQL: insert into "users" ("name", "email", "email_verified_at", "password", "remember_token", "region", "organisation_id", "is_committee_member", "is_voter", "can_vote", "id", "updated_at", "created_at") values (Maverick Green, kraig91@example.org, 2026-05-31 08:59:50, $2y$10$92IXUNpkjO0rOQ5byMi.Ye4oKoEa3Ro9llC/.og/at2.uheWG/igi, RMBYjv6HEn, Indiana, 2fb5b0dd-4f0b-4c9e-ae2c-a27050ef1560, 0, 1, 1, a1e8ee17-9311-454e-ae73-387fc0898355, 2026-05-31 08:59:50, 2026-05-31 08:59:50))[39;22m

  at [32mvendor\laravel\framework\src\Illuminate\Database\Connection.php[39m:[32m825[39m
    821▕                     $this->getName(), $query, $this->prepareBindings($bindings), $e
    822▕                 );
    823▕             }
    824▕ 
  ➜ 825▕             throw new QueryException(
    826▕                 $this->getName(), $query, $this->prepareBindings($bindings), $e
    827▕             );
    828▕         }
    829▕     }

  [33m1   [39m[39;1mvendor\laravel\framework\src\Illuminate\Database\Connection.php[39;22m:[39;1m825[39;22m

  [33m2   [39m[39;1mvendor\laravel\framework\src\Illuminate\Database\Connection.php[39;22m:[39;1m571[39;22m
  [90m    NunoMaduro\Collision\Exceptions\TestException::("SQLSTATE[42703]: Undefined column: 7 FEHLER:  Spalte »is_voter« von Relation »users« existiert nicht
LINE 1: ...egion", "organisation_id", "is_committee_member", "is_voter"...
                                                             ^")[39m

  [31m────────────────────────────────────────────────────────────────────────────────────────────────────────────────────[39m  
  [41;1m FAILED [49;22m [1mTests\Feature\VoterStepWorkflowTest[22m [90m>[39m voter can access previous step route                 [41;1m QueryException [49;22m  
[39;1m  SQLSTATE[42703]: Undefined column: 7 FEHLER:  Spalte »is_voter« von Relation »users« existiert nicht
LINE 1: ...egion", "organisation_id", "is_committee_member", "is_voter"...
                                                             ^ (Connection: pgsql, SQL: insert into "users" ("name", "email", "email_verified_at", "password", "remember_token", "region", "organisation_id", "is_committee_member", "is_voter", "can_vote", "id", "updated_at", "created_at") values (Mr. Tavares Volkman, karen50@example.org, 2026-05-31 08:59:50, $2y$10$92IXUNpkjO0rOQ5byMi.Ye4oKoEa3Ro9llC/.og/at2.uheWG/igi, 69ORUYFNEr, South Dakota, 2fb5b0dd-4f0b-4c9e-ae2c-a27050ef1560, 0, 1, 1, a1e8ee17-e5bc-4f53-8eb8-31998e6229a5, 2026-05-31 08:59:50, 2026-05-31 08:59:50))[39;22m

  at [32mvendor\laravel\framework\src\Illuminate\Database\Connection.php[39m:[32m825[39m
    821▕                     $this->getName(), $query, $this->prepareBindings($bindings), $e
    822▕                 );
    823▕             }
    824▕ 
  ➜ 825▕             throw new QueryException(
    826▕                 $this->getName(), $query, $this->prepareBindings($bindings), $e
    827▕             );
    828▕         }
    829▕     }

  [33m1   [39m[39;1mvendor\laravel\framework\src\Illuminate\Database\Connection.php[39;22m:[39;1m825[39;22m

  [33m2   [39m[39;1mvendor\laravel\framework\src\Illuminate\Database\Connection.php[39;22m:[39;1m571[39;22m
  [90m    NunoMaduro\Collision\Exceptions\TestException::("SQLSTATE[42703]: Undefined column: 7 FEHLER:  Spalte »is_voter« von Relation »users« existiert nicht
LINE 1: ...egion", "organisation_id", "is_committee_member", "is_voter"...
                                                             ^")[39m

  [31m────────────────────────────────────────────────────────────────────────────────────────────────────────────────────[39m  
  [41;1m FAILED [49;22m [1mTests\Feature\VoterStepWorkflowTest[22m [90m>[39m step progression works correctly                     [41;1m QueryException [49;22m  
[39;1m  SQLSTATE[42703]: Undefined column: 7 FEHLER:  Spalte »is_voter« von Relation »users« existiert nicht
LINE 1: ...egion", "organisation_id", "is_committee_member", "is_voter"...
                                                             ^ (Connection: pgsql, SQL: insert into "users" ("name", "email", "email_verified_at", "password", "remember_token", "region", "organisation_id", "is_committee_member", "is_voter", "can_vote", "id", "updated_at", "created_at") values (Alisha Romaguera, schroeder.murl@example.net, 2026-05-31 08:59:50, $2y$10$92IXUNpkjO0rOQ5byMi.Ye4oKoEa3Ro9llC/.og/at2.uheWG/igi, rgrsAPP4FD, Vermont, 2fb5b0dd-4f0b-4c9e-ae2c-a27050ef1560, 0, 1, 1, a1e8ee18-3501-48c4-ab06-6e2ef54dab2f, 2026-05-31 08:59:50, 2026-05-31 08:59:50))[39;22m

  at [32mvendor\laravel\framework\src\Illuminate\Database\Connection.php[39m:[32m825[39m
    821▕                     $this->getName(), $query, $this->prepareBindings($bindings), $e
    822▕                 );
    823▕             }
    824▕ 
  ➜ 825▕             throw new QueryException(
    826▕                 $this->getName(), $query, $this->prepareBindings($bindings), $e
    827▕             );
    828▕         }
    829▕     }

  [33m1   [39m[39;1mvendor\laravel\framework\src\Illuminate\Database\Connection.php[39;22m:[39;1m825[39;22m

  [33m2   [39m[39;1mvendor\laravel\framework\src\Illuminate\Database\Connection.php[39;22m:[39;1m571[39;22m
  [90m    NunoMaduro\Collision\Exceptions\TestException::("SQLSTATE[42703]: Undefined column: 7 FEHLER:  Spalte »is_voter« von Relation »users« existiert nicht
LINE 1: ...egion", "organisation_id", "is_committee_member", "is_voter"...
                                                             ^")[39m

  [31m────────────────────────────────────────────────────────────────────────────────────────────────────────────────────[39m  
  [41;1m FAILED [49;22m [1mTests\Feature\VoterStepWorkflowTest[22m [90m>[39m step meta can store additional data                  [41;1m QueryException [49;22m  
[39;1m  SQLSTATE[42703]: Undefined column: 7 FEHLER:  Spalte »is_voter« von Relation »users« existiert nicht
LINE 1: ...egion", "organisation_id", "is_committee_member", "is_voter"...
                                                             ^ (Connection: pgsql, SQL: insert into "users" ("name", "email", "email_verified_at", "password", "remember_token", "region", "organisation_id", "is_committee_member", "is_voter", "can_vote", "id", "updated_at", "created_at") values (Leonel Beahan PhD, rosalia.bayer@example.com, 2026-05-31 08:59:50, $2y$10$92IXUNpkjO0rOQ5byMi.Ye4oKoEa3Ro9llC/.og/at2.uheWG/igi, 5geSPxfnTK, Alabama, 2fb5b0dd-4f0b-4c9e-ae2c-a27050ef1560, 0, 1, 1, a1e8ee18-afdc-4ce8-af22-03e00e6d11a8, 2026-05-31 08:59:50, 2026-05-31 08:59:50))[39;22m

  at [32mvendor\laravel\framework\src\Illuminate\Database\Connection.php[39m:[32m825[39m
    821▕                     $this->getName(), $query, $this->prepareBindings($bindings), $e
    822▕                 );
    823▕             }
    824▕ 
  ➜ 825▕             throw new QueryException(
    826▕                 $this->getName(), $query, $this->prepareBindings($bindings), $e
    827▕             );
    828▕         }
    829▕     }

  [33m1   [39m[39;1mvendor\laravel\framework\src\Illuminate\Database\Connection.php[39;22m:[39;1m825[39;22m

  [33m2   [39m[39;1mvendor\laravel\framework\src\Illuminate\Database\Connection.php[39;22m:[39;1m571[39;22m
  [90m    NunoMaduro\Collision\Exceptions\TestException::("SQLSTATE[42703]: Undefined column: 7 FEHLER:  Spalte »is_voter« von Relation »users« existiert nicht
LINE 1: ...egion", "organisation_id", "is_committee_member", "is_voter"...
                                                             ^")[39m

  [31m────────────────────────────────────────────────────────────────────────────────────────────────────────────────────[39m  
  [41;1m FAILED [49;22m [1mTests\Feature\VoterStepWorkflowTest[22m [90m>[39m election steps config is accessible                                    
[39;1m  Failed asserting that two strings are equal.
--- Expected
+++ Actual
@@ @@
-'voter.code.create'
+'slug.code.create'[39;22m

  at [32mtests\Feature\VoterStepWorkflowTest.php[39m:[32m133[39m
    129▕     {
    130▕         $steps = config('election_steps');
    131▕ 
    132▕         $this->assertIsArray($steps);
  ➜ 133▕         $this->assertEquals('voter.code.create', $steps[1]);
    134▕         $this->assertEquals('voter.vote.submit', $steps[5]);
    135▕     }
    136▕ }
    137▕

  [33m1   [39m[39;1mtests\Feature\VoterStepWorkflowTest.php[39;22m:[39;1m133[39;22m

  [31m────────────────────────────────────────────────────────────────────────────────────────────────────────────────────[39m  
  [41;1m FAILED [49;22m [1mTests\Feature\VoterWorkflowIntegrationTest[22m [90m>[39m complete voter workflow with step enforcemen… [41;1m QueryException [49;22m  
[39;1m  SQLSTATE[42703]: Undefined column: 7 FEHLER:  Spalte »is_voter« von Relation »users« existiert nicht
LINE 1: ...egion", "organisation_id", "is_committee_member", "is_voter"...
                                                             ^ (Connection: pgsql, SQL: insert into "users" ("name", "email", "email_verified_at", "password", "remember_token", "region", "organisation_id", "is_committee_member", "is_voter", "can_vote", "id", "updated_at", "created_at") values (Tre Weissnat, hortense.spinka@example.net, 2026-05-31 08:59:51, $2y$10$92IXUNpkjO0rOQ5byMi.Ye4oKoEa3Ro9llC/.og/at2.uheWG/igi, Rt3MhQ8UVy, Idaho, 2fb5b0dd-4f0b-4c9e-ae2c-a27050ef1560, 0, 1, 1, a1e8ee19-7805-475c-9457-2f91be2e495b, 2026-05-31 08:59:51, 2026-05-31 08:59:51))[39;22m

  at [32mvendor\laravel\framework\src\Illuminate\Database\Connection.php[39m:[32m825[39m
    821▕                     $this->getName(), $query, $this->prepareBindings($bindings), $e
    822▕                 );
    823▕             }
    824▕ 
  ➜ 825▕             throw new QueryException(
    826▕                 $this->getName(), $query, $this->prepareBindings($bindings), $e
    827▕             );
    828▕         }
    829▕     }

  [33m1   [39m[39;1mvendor\laravel\framework\src\Illuminate\Database\Connection.php[39;22m:[39;1m825[39;22m

  [33m2   [39m[39;1mvendor\laravel\framework\src\Illuminate\Database\Connection.php[39;22m:[39;1m571[39;22m
  [90m    NunoMaduro\Collision\Exceptions\TestException::("SQLSTATE[42703]: Undefined column: 7 FEHLER:  Spalte »is_voter« von Relation »users« existiert nicht
LINE 1: ...egion", "organisation_id", "is_committee_member", "is_voter"...
                                                             ^")[39m

  [31m────────────────────────────────────────────────────────────────────────────────────────────────────────────────────[39m  
  [41;1m FAILED [49;22m [1mTests\Feature\VoterWorkflowIntegrationTest[22m [90m>[39m voter can navigate backwards                  [41;1m QueryException [49;22m  
[39;1m  SQLSTATE[42703]: Undefined column: 7 FEHLER:  Spalte »is_voter« von Relation »users« existiert nicht
LINE 1: ...egion", "organisation_id", "is_committee_member", "is_voter"...
                                                             ^ (Connection: pgsql, SQL: insert into "users" ("name", "email", "email_verified_at", "password", "remember_token", "region", "organisation_id", "is_committee_member", "is_voter", "can_vote", "id", "updated_at", "created_at") values (Golden Champlin, fredrick.feil@example.net, 2026-05-31 08:59:51, $2y$10$92IXUNpkjO0rOQ5byMi.Ye4oKoEa3Ro9llC/.og/at2.uheWG/igi, aAkksvZiQ2, West Virginia, 2fb5b0dd-4f0b-4c9e-ae2c-a27050ef1560, 0, 1, 1, a1e8ee19-c6fe-48d3-a212-ccd982aea6b9, 2026-05-31 08:59:51, 2026-05-31 08:59:51))[39;22m

  at [32mvendor\laravel\framework\src\Illuminate\Database\Connection.php[39m:[32m825[39m
    821▕                     $this->getName(), $query, $this->prepareBindings($bindings), $e
    822▕                 );
    823▕             }
    824▕ 
  ➜ 825▕             throw new QueryException(
    826▕                 $this->getName(), $query, $this->prepareBindings($bindings), $e
    827▕             );
    828▕         }
    829▕     }

  [33m1   [39m[39;1mvendor\laravel\framework\src\Illuminate\Database\Connection.php[39;22m:[39;1m825[39;22m

  [33m2   [39m[39;1mvendor\laravel\framework\src\Illuminate\Database\Connection.php[39;22m:[39;1m571[39;22m
  [90m    NunoMaduro\Collision\Exceptions\TestException::("SQLSTATE[42703]: Undefined column: 7 FEHLER:  Spalte »is_voter« von Relation »users« existiert nicht
LINE 1: ...egion", "organisation_id", "is_committee_member", "is_voter"...
                                                             ^")[39m

  [31m────────────────────────────────────────────────────────────────────────────────────────────────────────────────────[39m  
  [41;1m FAILED [49;22m [1mTests\Feature\VoterWorkflowIntegrationTest[22m [90m>[39m expired slug blocks access                    [41;1m QueryException [49;22m  
[39;1m  SQLSTATE[42703]: Undefined column: 7 FEHLER:  Spalte »is_voter« von Relation »users« existiert nicht
LINE 1: ...egion", "organisation_id", "is_committee_member", "is_voter"...
                                                             ^ (Connection: pgsql, SQL: insert into "users" ("name", "email", "email_verified_at", "password", "remember_token", "region", "organisation_id", "is_committee_member", "is_voter", "can_vote", "id", "updated_at", "created_at") values (Margret Greenfelder DVM, godfrey92@example.net, 2026-05-31 08:59:51, $2y$10$92IXUNpkjO0rOQ5byMi.Ye4oKoEa3Ro9llC/.og/at2.uheWG/igi, e6Lzu852g7, New Jersey, 2fb5b0dd-4f0b-4c9e-ae2c-a27050ef1560, 0, 1, 1, a1e8ee1a-22cb-4844-bf68-ab927da15047, 2026-05-31 08:59:51, 2026-05-31 08:59:51))[39;22m

  at [32mvendor\laravel\framework\src\Illuminate\Database\Connection.php[39m:[32m825[39m
    821▕                     $this->getName(), $query, $this->prepareBindings($bindings), $e
    822▕                 );
    823▕             }
    824▕ 
  ➜ 825▕             throw new QueryException(
    826▕                 $this->getName(), $query, $this->prepareBindings($bindings), $e
    827▕             );
    828▕         }
    829▕     }

  [33m1   [39m[39;1mvendor\laravel\framework\src\Illuminate\Database\Connection.php[39;22m:[39;1m825[39;22m

  [33m2   [39m[39;1mvendor\laravel\framework\src\Illuminate\Database\Connection.php[39;22m:[39;1m571[39;22m
  [90m    NunoMaduro\Collision\Exceptions\TestException::("SQLSTATE[42703]: Undefined column: 7 FEHLER:  Spalte »is_voter« von Relation »users« existiert nicht
LINE 1: ...egion", "organisation_id", "is_committee_member", "is_voter"...
                                                             ^")[39m

  [31m────────────────────────────────────────────────────────────────────────────────────────────────────────────────────[39m  
  [41;1m FAILED [49;22m [1mTests\Feature\VoterWorkflowIntegrationTest[22m [90m>[39m inactive slug blocks access                   [41;1m QueryException [49;22m  
[39;1m  SQLSTATE[42703]: Undefined column: 7 FEHLER:  Spalte »is_voter« von Relation »users« existiert nicht
LINE 1: ...egion", "organisation_id", "is_committee_member", "is_voter"...
                                                             ^ (Connection: pgsql, SQL: insert into "users" ("name", "email", "email_verified_at", "password", "remember_token", "region", "organisation_id", "is_committee_member", "is_voter", "can_vote", "id", "updated_at", "created_at") values (Ramon Zboncak, xwiza@example.net, 2026-05-31 08:59:51, $2y$10$92IXUNpkjO0rOQ5byMi.Ye4oKoEa3Ro9llC/.og/at2.uheWG/igi, SF37RoSfKr, New Mexico, 2fb5b0dd-4f0b-4c9e-ae2c-a27050ef1560, 0, 1, 1, a1e8ee1a-6962-449e-99fe-c9c6fda853ee, 2026-05-31 08:59:51, 2026-05-31 08:59:51))[39;22m

  at [32mvendor\laravel\framework\src\Illuminate\Database\Connection.php[39m:[32m825[39m
    821▕                     $this->getName(), $query, $this->prepareBindings($bindings), $e
    822▕                 );
    823▕             }
    824▕ 
  ➜ 825▕             throw new QueryException(
    826▕                 $this->getName(), $query, $this->prepareBindings($bindings), $e
    827▕             );
    828▕         }
    829▕     }

  [33m1   [39m[39;1mvendor\laravel\framework\src\Illuminate\Database\Connection.php[39;22m:[39;1m825[39;22m

  [33m2   [39m[39;1mvendor\laravel\framework\src\Illuminate\Database\Connection.php[39;22m:[39;1m571[39;22m
  [90m    NunoMaduro\Collision\Exceptions\TestException::("SQLSTATE[42703]: Undefined column: 7 FEHLER:  Spalte »is_voter« von Relation »users« existiert nicht
LINE 1: ...egion", "organisation_id", "is_committee_member", "is_voter"...
                                                             ^")[39m

  [31m────────────────────────────────────────────────────────────────────────────────────────────────────────────────────[39m  
  [41;1m FAILED [49;22m [1mTests\Feature\VoterWorkflowIntegrationTest[22m [90m>[39m non step routes pass through middleware       [41;1m QueryException [49;22m  
[39;1m  SQLSTATE[42703]: Undefined column: 7 FEHLER:  Spalte »is_voter« von Relation »users« existiert nicht
LINE 1: ...egion", "organisation_id", "is_committee_member", "is_voter"...
                                                             ^ (Connection: pgsql, SQL: insert into "users" ("name", "email", "email_verified_at", "password", "remember_token", "region", "organisation_id", "is_committee_member", "is_voter", "can_vote", "id", "updated_at", "created_at") values (Mr. Linwood Herzog, retta77@example.org, 2026-05-31 08:59:52, $2y$10$92IXUNpkjO0rOQ5byMi.Ye4oKoEa3Ro9llC/.og/at2.uheWG/igi, mJGXiFEP4x, Massachusetts, 2fb5b0dd-4f0b-4c9e-ae2c-a27050ef1560, 0, 1, 1, a1e8ee1a-b3e5-4eb9-bfe5-95cbc29f9635, 2026-05-31 08:59:52, 2026-05-31 08:59:52))[39;22m

  at [32mvendor\laravel\framework\src\Illuminate\Database\Connection.php[39m:[32m825[39m
    821▕                     $this->getName(), $query, $this->prepareBindings($bindings), $e
    822▕                 );
    823▕             }
    824▕ 
  ➜ 825▕             throw new QueryException(
    826▕                 $this->getName(), $query, $this->prepareBindings($bindings), $e
    827▕             );
    828▕         }
    829▕     }

  [33m1   [39m[39;1mvendor\laravel\framework\src\Illuminate\Database\Connection.php[39;22m:[39;1m825[39;22m

  [33m2   [39m[39;1mvendor\laravel\framework\src\Illuminate\Database\Connection.php[39;22m:[39;1m571[39;22m
  [90m    NunoMaduro\Collision\Exceptions\TestException::("SQLSTATE[42703]: Undefined column: 7 FEHLER:  Spalte »is_voter« von Relation »users« existiert nicht
LINE 1: ...egion", "organisation_id", "is_committee_member", "is_voter"...
                                                             ^")[39m

  [31m────────────────────────────────────────────────────────────────────────────────────────────────────────────────────[39m  
  [41;1m FAILED [49;22m [1mTests\Feature\VoterWorkflowIntegrationTest[22m [90m>[39m step meta persists throughout workflow        [41;1m QueryException [49;22m  
[39;1m  SQLSTATE[42703]: Undefined column: 7 FEHLER:  Spalte »is_voter« von Relation »users« existiert nicht
LINE 1: ...egion", "organisation_id", "is_committee_member", "is_voter"...
                                                             ^ (Connection: pgsql, SQL: insert into "users" ("name", "email", "email_verified_at", "password", "remember_token", "region", "organisation_id", "is_committee_member", "is_voter", "can_vote", "id", "updated_at", "created_at") values (Heidi Dooley, schimmel.claire@example.com, 2026-05-31 08:59:52, $2y$10$92IXUNpkjO0rOQ5byMi.Ye4oKoEa3Ro9llC/.og/at2.uheWG/igi, zfDG8dRkOP, Arkansas, 2fb5b0dd-4f0b-4c9e-ae2c-a27050ef1560, 0, 1, 1, a1e8ee1b-2520-4b7a-b830-241ece26e3b5, 2026-05-31 08:59:52, 2026-05-31 08:59:52))[39;22m

  at [32mvendor\laravel\framework\src\Illuminate\Database\Connection.php[39m:[32m825[39m
    821▕                     $this->getName(), $query, $this->prepareBindings($bindings), $e
    822▕                 );
    823▕             }
    824▕ 
  ➜ 825▕             throw new QueryException(
    826▕                 $this->getName(), $query, $this->prepareBindings($bindings), $e
    827▕             );
    828▕         }
    829▕     }

  [33m1   [39m[39;1mvendor\laravel\framework\src\Illuminate\Database\Connection.php[39;22m:[39;1m825[39;22m

  [33m2   [39m[39;1mvendor\laravel\framework\src\Illuminate\Database\Connection.php[39;22m:[39;1m571[39;22m
  [90m    NunoMaduro\Collision\Exceptions\TestException::("SQLSTATE[42703]: Undefined column: 7 FEHLER:  Spalte »is_voter« von Relation »users« existiert nicht
LINE 1: ...egion", "organisation_id", "is_committee_member", "is_voter"...
                                                             ^")[39m

  [31m────────────────────────────────────────────────────────────────────────────────────────────────────────────────────[39m  
  [41;1m FAILED [49;22m [1mTests\Feature\Voter\VoterImportElectionOnlyTest[22m [90m>[39m preview shows new for unknown email in election only mo…   
[39;1m  Failed asserting that null is identical to 2.[39;22m

  at [32mtests\Feature\Voter\VoterImportElectionOnlyTest.php[39m:[32m108[39m
    104▕             ]), [
    105▕                 'file' => $file,
    106▕             ])
    107▕             ->assertOk()
  ➜ 108▕             ->assertJsonPath('stats.new', 2)
    109▕             ->assertJsonPath('stats.invalid', 0);
    110▕     }
    111▕ 
    112▕     /** @test */

  [31m────────────────────────────────────────────────────────────────────────────────────────────────────────────────────[39m  
  [41;1m FAILED [49;22m [1mTests\Feature\Voter\VoterImportElectionOnlyTest[22m [90m>[39m preview shows existing for known email                     
[39;1m  Failed asserting that null is identical to 1.[39;22m

  at [32mtests\Feature\Voter\VoterImportElectionOnlyTest.php[39m:[32m133[39m
    129▕             ]), [
    130▕                 'file' => $file,
    131▕             ])
    132▕             ->assertOk()
  ➜ 133▕             ->assertJsonPath('stats.existing', 1)
    134▕             ->assertJsonPath('stats.new', 1);
    135▕     }
    136▕ 
    137▕     /** @test */

  [31m────────────────────────────────────────────────────────────────────────────────────────────────────────────────────[39m  
  [41;1m FAILED [49;22m [1mTests\Feature\Voter\VoterImportElectionOnlyTest[22m [90m>[39m import creates user for unknown email                      
[39;1m  Failed asserting that a row in the table [users] matches the attributes {
    "email": "niraj.new@example.com"
}.

Found: [
    {
        "email": "jschaefer@example.com"
    },
    {
        "email": "garfield.stokes@example.net"
    },
    {
        "email": "rico.bechtelar@example.com"
    }
] and 72 others.[39;22m

  at [32mtests\Feature\Voter\VoterImportElectionOnlyTest.php[39m:[32m156[39m
    152▕                 'confirmed' => true,
    153▕             ])
    154▕             ->assertOk();
    155▕ 
  ➜ 156▕         $this->assertDatabaseHas('users', ['email' => 'niraj.new@example.com']);
    157▕     }
    158▕ 
    159▕     /** @test */
    160▕     public function test_import_links_user_to_organisation()

  [31m────────────────────────────────────────────────────────────────────────────────────────────────────────────────────[39m  
  [41;1m FAILED [49;22m [1mTests\Feature\Voter\VoterImportElectionOnlyTest[22m [90m>[39m import links user to organisation        [41;1m ErrorException [49;22m  
[39;1m  Attempt to read property "id" on null[39;22m

  at [32mtests\Feature\Voter\VoterImportElectionOnlyTest.php[39m:[32m181[39m
    177▕ 
    178▕         $user = User::where('email', 'john.import@example.com')->first();
    179▕         $this->assertDatabaseHas('organisation_users', [
    180▕             'organisation_id' => $this->organisation->id,
  ➜ 181▕             'user_id' => $user->id,
    182▕         ]);
    183▕     }
    184▕ 
    185▕     /** @test */

  [31m────────────────────────────────────────────────────────────────────────────────────────────────────────────────────[39m  
  [41;1m FAILED [49;22m [1mTests\Feature\Voter\VoterImportElectionOnlyTest[22m [90m>[39m import assigns user as voter to electio… [41;1m ErrorException [49;22m  
[39;1m  Attempt to read property "id" on null[39;22m

  at [32mtests\Feature\Voter\VoterImportElectionOnlyTest.php[39m:[32m207[39m
    203▕ 
    204▕         $user = User::where('email', 'voter.test@example.com')->first();
    205▕         $this->assertDatabaseHas('election_memberships', [
    206▕             'election_id' => $this->election->id,
  ➜ 207▕             'user_id' => $user->id,
    208▕             'role' => 'voter',
    209▕             'status' => 'active',
    210▕         ]);
    211▕     }

  [31m────────────────────────────────────────────────────────────────────────────────────────────────────────────────────[39m  
  [41;1m FAILED [49;22m [1mTests\Feature\Voter\VoterImportElectionOnlyTest[22m [90m>[39m import creates voter invitation          [41;1m ErrorException [49;22m  
[39;1m  Attempt to read property "id" on null[39;22m

  at [32mtests\Feature\Voter\VoterImportElectionOnlyTest.php[39m:[32m235[39m
    231▕ 
    232▕         $user = User::where('email', 'invite.user@example.com')->first();
    233▕         $this->assertDatabaseHas('voter_invitations', [
    234▕             'election_id' => $this->election->id,
  ➜ 235▕             'user_id' => $user->id,
    236▕             'email_status' => 'pending',
    237▕         ]);
    238▕     }
    239▕

  [31m────────────────────────────────────────────────────────────────────────────────────────────────────────────────────[39m  
  [41;1m FAILED [49;22m [1mTests\Feature\Voter\VoterImportElectionOnlyTest[22m [90m>[39m import dispatches send invitation job                      
[39;1m  The expected [App\Jobs\SendVoterInvitation] job was not dispatched.
Failed asserting that false is true.[39;22m

  at [32mvendor\laravel\framework\src\Illuminate\Support\Testing\Fakes\BusFake.php[39m:[32m128[39m
    124▕         if (is_numeric($callback)) {
    125▕             return $this->assertDispatchedTimes($command, $callback);
    126▕         }
    127▕ 
  ➜ 128▕         PHPUnit::assertTrue(
    129▕             $this->dispatched($command, $callback)->count() > 0 ||
    130▕             $this->dispatchedAfterResponse($command, $callback)->count() > 0 ||
    131▕             $this->dispatchedSync($command, $callback)->count() > 0,
    132▕             "The expected [{$command}] job was not dispatched."

  [33m1   [39m[39;1mvendor\laravel\framework\src\Illuminate\Support\Testing\Fakes\BusFake.php[39;22m:[39;1m128[39;22m
  [33m2   [39m[39;1mvendor\laravel\framework\src\Illuminate\Support\Facades\Facade.php[39;22m:[39;1m361[39;22m

  [31m────────────────────────────────────────────────────────────────────────────────────────────────────────────────────[39m  
  [41;1m FAILED [49;22m [1mTests\Feature\Voter\VoterImportElectionOnlyTest[22m [90m>[39m import does not duplicate invitation on reimport           
[39;1m  Failed asserting that 0 matches expected 1.[39;22m

  at [32mtests\Feature\Voter\VoterImportElectionOnlyTest.php[39m:[32m297[39m
    293▕             ])
    294▕             ->assertOk();
    295▕ 
    296▕         // Should have only 1 invitation record
  ➜ 297▕         $this->assertEquals(1, VoterInvitation::count());
    298▕     }
    299▕ 
    300▕     /** @test */
    301▕     public function test_invitation_token_shows_set_password_page()

  [33m1   [39m[39;1mtests\Feature\Voter\VoterImportElectionOnlyTest.php[39;22m:[39;1m297[39;22m

  [31m────────────────────────────────────────────────────────────────────────────────────────────────────────────────────[39m  
  [41;1m FAILED [49;22m [1mTests\Feature\Voter\VoterImportElectionOnlyTest[22m [90m>[39m rate limiting blocks after 10 attempts                     
[39;1m  Expected response status code [429] but received 302.
Failed asserting that 302 is identical to 429.[39;22m

  at [32mtests\Feature\Voter\VoterImportElectionOnlyTest.php[39m:[32m396[39m
    392▕         $this->postJson(route('invitation.store-password', ['token' => $invitation->token]), [
    393▕             'password' => 'AnotherPassword',
    394▕             'password_confirmation' => 'AnotherPassword',
    395▕         ])
  ➜ 396▕         ->assertStatus(429); // Too Many Requests
    397▕     }
    398▕ 
    399▕     /** @test */
    400▕     public function test_transaction_rolls_back_on_election_membership_failure()

  [31m────────────────────────────────────────────────────────────────────────────────────────────────────────────────────[39m  
  [41;1m FAILED [49;22m [1mTests\Feature\Voter\VoterImportElectionOnlyTest[22m [90m>[39m transaction rolls back on election membership failure      
[39;1m  Failed asserting that null is not null.[39;22m

  at [32mtests\Feature\Voter\VoterImportElectionOnlyTest.php[39m:[32m421[39m
    417▕             ->assertOk();
    418▕ 
    419▕         // User should be created and added to election
    420▕         $user = User::where('email', 'transaction.test@example.com')->first();
  ➜ 421▕         $this->assertNotNull($user);
    422▕         $this->assertDatabaseHas('election_memberships', [
    423▕             'election_id' => $this->election->id,
    424▕             'user_id' => $user->id,
    425▕         ]);

  [33m1   [39m[39;1mtests\Feature\Voter\VoterImportElectionOnlyTest.php[39;22m:[39;1m421[39;22m

  [31m────────────────────────────────────────────────────────────────────────────────────────────────────────────────────[39m  
  [41;1m FAILED [49;22m [1mTests\Feature\Voting\VoterAuditTrailTest[22m [90m>[39m per voter audit file is created                                   
[39;1m  Per-voter file should exist
Failed asserting that file "C:\Users\nabra\OneDrive\Desktop\roshyara\xamp\nrna\nrna-eu\storage\logs/audit\aliquid-voluptas-aliquid-est-voluptate-eligendi_20260531_0849/voters/John_Doe.jsonl" exists.[39;22m

  at [32mtests\Feature\Voting\VoterAuditTrailTest.php[39m:[32m64[39m
     60▕         $folders = File::directories($this->auditBasePath);
     61▕         $this->assertNotEmpty($folders, 'Audit folder should be created');
     62▕ 
     63▕         $voterFile = $folders[0] . '/voters/John_Doe.jsonl';
  ➜  64▕         $this->assertFileExists($voterFile, 'Per-voter file should exist');
     65▕ 
     66▕         $content = File::get($voterFile);
     67▕         $lines = array_filter(explode("\n", $content));
     68▕         $this->assertCount(1, $lines, 'Should have one log entry');

  [33m1   [39m[39;1mtests\Feature\Voting\VoterAuditTrailTest.php[39;22m:[39;1m64[39;22m

  [31m────────────────────────────────────────────────────────────────────────────────────────────────────────────────────[39m  
  [41;1m FAILED [49;22m [1mTests\Feature\Voting\VotingEngineIntegrationTest[22m [90m>[39m has voted prevents double voting        [41;1m ErrorException [49;22m  
[39;1m  Attempt to read property "has_voted" on null[39;22m

  at [32mtests\Feature\Voting\VotingEngineIntegrationTest.php[39m:[32m97[39m
     93▕         $membership = ElectionMembership::where('user_id', $this->voter->id)
     94▕             ->where('election_id', $this->election->id)
     95▕             ->first();
     96▕ 
  ➜  97▕         $this->assertFalse($membership->has_voted);
     98▕ 
     99▕         $membership->markAsVoted();
    100▕ 
    101▕         $this->assertTrue($membership->fresh()->has_voted);

  [31m────────────────────────────────────────────────────────────────────────────────────────────────────────────────────[39m  
  [41;1m FAILED [49;22m [1mTests\Feature\Voting\VotingEngineIntegrationTest[22m [90m>[39m membership status tracks voter state    [41;1m ErrorException [49;22m  
[39;1m  Attempt to read property "status" on null[39;22m

  at [32mtests\Feature\Voting\VotingEngineIntegrationTest.php[39m:[32m152[39m
    148▕         $membership = ElectionMembership::where('user_id', $this->voter->id)
    149▕             ->where('election_id', $this->election->id)
    150▕             ->first();
    151▕ 
  ➜ 152▕         $this->assertEquals('active', $membership->status);
    153▕         $this->assertEquals('voter', $membership->role);
    154▕         $this->assertFalse($membership->has_voted);
    155▕     }
    156▕


  [90mTests:[39m    [33;1m3 deprecated[39;22m[90m,[39m[39m [39m[31;1m1943 failed[39;22m[90m,[39m[39m [39m[33;1m1 warning[39;22m[90m,[39m[39m [39m[33;1m7 risky[39;22m[90m,[39m[39m [39m[33;1m15 incomplete[39;22m[90m,[39m[39m [39m[33;1m31 skipped[39;22m[90m,[39m[39m [39m[32;1m3744 passed[39;22m[90m (10893 assertions)[39m
  [90mDuration:[39m [39m1294.79s[39m

